82.73.175.110 - - [31/Oct/2017:02:41:27 -0700] "GET / HTTP/1.1" 200 11061 "https://www.google.nl/" "Mozilla/5.0 (Macintosh; Intel Mac OS X 10_12_6) AppleWebKit/537.36 (KHTML, like Gecko) Chrome/61.0.3163.100 Safari/537.36" 
82.73.175.110 - - [31/Oct/2017:02:41:27 -0700] "GET /twitter-icon.png HTTP/1.1" 200 27787 "http://www.secrepo.com/" "Mozilla/5.0 (Macintosh; Intel Mac OS X 10_12_6) AppleWebKit/537.36 (KHTML, like Gecko) Chrome/61.0.3163.100 Safari/537.36" 
82.73.175.110 - - [31/Oct/2017:02:41:27 -0700] "GET /GitHub-Mark.png HTTP/1.1" 200 7428 "http://www.secrepo.com/" "Mozilla/5.0 (Macintosh; Intel Mac OS X 10_12_6) AppleWebKit/537.36 (KHTML, like Gecko) Chrome/61.0.3163.100 Safari/537.36" 
82.73.175.110 - - [31/Oct/2017:02:41:27 -0700] "GET /bootstrap/img/favicon.ico HTTP/1.1" 200 589 "http://www.secrepo.com/" "Mozilla/5.0 (Macintosh; Intel Mac OS X 10_12_6) AppleWebKit/537.36 (KHTML, like Gecko) Chrome/61.0.3163.100 Safari/537.36" 
91.214.5.128 - - [31/Oct/2017:02:41:52 -0700] "GET / HTTP/1.1" 200 11061 "-" "Mozilla/5.0 (Windows NT 6.1; WOW64; Trident/7.0; rv:11.0) like Gecko" 
91.214.5.128 - - [31/Oct/2017:02:41:52 -0700] "GET /twitter-icon.png HTTP/1.1" 200 27787 "http://www.secrepo.com/" "Mozilla/5.0 (Windows NT 6.1; WOW64; Trident/7.0; rv:11.0) like Gecko" 
91.214.5.128 - - [31/Oct/2017:02:41:52 -0700] "GET /GitHub-Mark.png HTTP/1.1" 200 7428 "http://www.secrepo.com/" "Mozilla/5.0 (Windows NT 6.1; WOW64; Trident/7.0; rv:11.0) like Gecko" 
91.214.5.128 - - [31/Oct/2017:02:41:53 -0700] "GET /bootstrap/img/favicon.ico HTTP/1.1" 200 589 "-" "Mozilla/5.0 (Windows NT 6.1; Win64; x64; Trident/7.0; rv:11.0) like Gecko" 
179.99.230.216 - - [31/Oct/2017:02:43:53 -0700] "GET /wp-login.php HTTP/1.1" 301 522 "-" "Mozilla/5.0 (Windows NT 6.1; WOW64; rv:40.0) Gecko/20100101 Firefox/40.1" 
179.99.230.216 - - [31/Oct/2017:02:43:54 -0700] "GET /wp-login.php HTTP/1.1" 404 295 "-" "Mozilla/5.0 (Windows NT 6.1; WOW64; rv:40.0) Gecko/20100101 Firefox/40.1" 
179.99.230.216 - - [31/Oct/2017:02:43:59 -0700] "GET /wp-login.php HTTP/1.1" 301 522 "-" "Mozilla/5.0 (Windows NT 6.1; WOW64; rv:40.0) Gecko/20100101 Firefox/40.1" 
179.99.230.216 - - [31/Oct/2017:02:44:00 -0700] "GET /wp-login.php HTTP/1.1" 404 295 "-" "Mozilla/5.0 (Windows NT 6.1; WOW64; rv:40.0) Gecko/20100101 Firefox/40.1" 
179.99.230.216 - - [31/Oct/2017:02:44:05 -0700] "GET / HTTP/1.1" 301 498 "-" "Mozilla/5.0 (Windows NT 6.1; WOW64; rv:40.0) Gecko/20100101 Firefox/40.1" 
179.99.230.216 - - [31/Oct/2017:02:44:05 -0700] "GET / HTTP/1.1" 200 37415 "-" "Mozilla/5.0 (Windows NT 6.1; WOW64; rv:40.0) Gecko/20100101 Firefox/40.1" 
42.98.183.17 - - [31/Oct/2017:02:44:09 -0700] "GET /wp-login.php HTTP/1.1" 404 295 "-" "Mozilla/5.0 (Windows NT 6.1; WOW64; rv:40.0) Gecko/20100101 Firefox/40.1" 
42.98.183.17 - - [31/Oct/2017:02:44:14 -0700] "GET /wp-login.php HTTP/1.1" 404 295 "-" "Mozilla/5.0 (Windows NT 6.1; WOW64; rv:40.0) Gecko/20100101 Firefox/40.1" 
196.43.135.108 - - [31/Oct/2017:02:44:15 -0700] "GET /maccdc2012/ftp.log.gz HTTP/1.1" 200 46400 "http://www.secrepo.com/" "Mozilla/5.0 (Windows NT 10.0; Win64; x64) AppleWebKit/537.36 (KHTML, like Gecko) Chrome/61.0.3163.100 Safari/537.36" 
196.43.135.108 - - [31/Oct/2017:02:44:18 -0700] "GET /maccdc2012/ftp.log.gz HTTP/1.1" 200 128116 "http://www.secrepo.com/" "Mozilla/5.0 (Windows NT 10.0; Win64; x64) AppleWebKit/537.36 (KHTML, like Gecko) Chrome/61.0.3163.100 Safari/537.36" 
42.98.183.17 - - [31/Oct/2017:02:44:20 -0700] "GET / HTTP/1.1" 200 37415 "-" "Mozilla/5.0 (Windows NT 6.1; WOW64; rv:40.0) Gecko/20100101 Firefox/40.1" 
196.43.135.108 - - [31/Oct/2017:02:44:48 -0700] "GET /pe_static/zeus.zip HTTP/1.1" 200 46720 "http://www.secrepo.com/" "Mozilla/5.0 (Windows NT 10.0; Win64; x64) AppleWebKit/537.36 (KHTML, like Gecko) Chrome/61.0.3163.100 Safari/537.36" 
129.221.224.80 - - [31/Oct/2017:02:47:58 -0700] "GET /self.logs/ HTTP/1.1" 200 6352 "http://enigmater.blogspot.in/2017/03/intrusion-detection-based-on-supervised.html" "Mozilla/5.0 (Windows NT 6.3; Win64; x64) AppleWebKit/537.36 (KHTML, like Gecko) Chrome/61.0.3163.100 Safari/537.36" 
129.221.224.80 - - [31/Oct/2017:02:47:59 -0700] "GET /favicon.ico HTTP/1.1" 200 267 "http://www.secrepo.com/self.logs/" "Mozilla/5.0 (Windows NT 6.3; Win64; x64) AppleWebKit/537.36 (KHTML, like Gecko) Chrome/61.0.3163.100 Safari/537.36" 
129.221.224.80 - - [31/Oct/2017:02:48:02 -0700] "GET /self.logs/access.log.2017-01-02.gz HTTP/1.1" 200 26823 "http://www.secrepo.com/self.logs/" "Mozilla/5.0 (Windows NT 6.3; Win64; x64) AppleWebKit/537.36 (KHTML, like Gecko) Chrome/61.0.3163.100 Safari/537.36" 
50.19.154.226 - - [31/Oct/2017:02:48:04 -0700] "GET / HTTP/1.1" 301 442 "-" "Mozilla/5.0 (Windows NT 6.1) AppleWebKit/537.2 (KHTML, like Gecko) Chrome/22.0.1216.0 Safari/537.2" 
196.43.135.108 - - [31/Oct/2017:02:44:59 -0700] "GET /pe_static/zeus.zip HTTP/1.1" 206 1652720 "http://www.secrepo.com/" "Mozilla/5.0 (Windows NT 10.0; Win64; x64) AppleWebKit/537.36 (KHTML, like Gecko) Chrome/61.0.3163.100 Safari/537.36" 
196.43.135.108 - - [31/Oct/2017:02:44:51 -0700] "GET /pe_static/zeus.zip HTTP/1.1" 206 1689220 "http://www.secrepo.com/" "Mozilla/5.0 (Windows NT 10.0; Win64; x64) AppleWebKit/537.36 (KHTML, like Gecko) Chrome/61.0.3163.100 Safari/537.36" 
50.19.154.226 - - [31/Oct/2017:02:49:16 -0700] "GET / HTTP/1.1" 200 37359 "-" "Mozilla/5.0 (Windows NT 6.1) AppleWebKit/537.2 (KHTML, like Gecko) Chrome/22.0.1216.0 Safari/537.2" 
150.70.173.21 - - [31/Oct/2017:02:50:14 -0700] "GET / HTTP/1.1" 301 442 "-" "Mozilla/5.0 (Windows NT 6.1) AppleWebKit/537.2 (KHTML, like Gecko) Chrome/22.0.1216.0 Safari/537.2" 
196.43.135.108 - - [31/Oct/2017:02:44:57 -0700] "GET /pe_static/zeus.zip HTTP/1.1" 206 3277700 "http://www.secrepo.com/" "Mozilla/5.0 (Windows NT 10.0; Win64; x64) AppleWebKit/537.36 (KHTML, like Gecko) Chrome/61.0.3163.100 Safari/537.36" 
150.70.173.21 - - [31/Oct/2017:02:51:12 -0700] "GET / HTTP/1.1" 200 37359 "-" "Mozilla/5.0 (Windows NT 6.1) AppleWebKit/537.2 (KHTML, like Gecko) Chrome/22.0.1216.0 Safari/537.2" 
196.43.135.108 - - [31/Oct/2017:02:44:58 -0700] "GET /pe_static/zeus.zip HTTP/1.1" 206 3274780 "http://www.secrepo.com/" "Mozilla/5.0 (Windows NT 10.0; Win64; x64) AppleWebKit/537.36 (KHTML, like Gecko) Chrome/61.0.3163.100 Safari/537.36" 
196.43.135.108 - - [31/Oct/2017:02:44:55 -0700] "GET /pe_static/zeus.zip HTTP/1.1" 206 3933240 "http://www.secrepo.com/" "Mozilla/5.0 (Windows NT 10.0; Win64; x64) AppleWebKit/537.36 (KHTML, like Gecko) Chrome/61.0.3163.100 Safari/537.36" 
196.43.135.108 - - [31/Oct/2017:02:48:08 -0700] "GET /pe_static/zeus.zip HTTP/1.1" 206 3035340 "http://www.secrepo.com/" "Mozilla/5.0 (Windows NT 10.0; Win64; x64) AppleWebKit/537.36 (KHTML, like Gecko) Chrome/61.0.3163.100 Safari/537.36" 
196.43.135.108 - - [31/Oct/2017:02:44:59 -0700] "GET /pe_static/zeus.zip HTTP/1.1" 206 3263100 "http://www.secrepo.com/" "Mozilla/5.0 (Windows NT 10.0; Win64; x64) AppleWebKit/537.36 (KHTML, like Gecko) Chrome/61.0.3163.100 Safari/537.36" 
196.43.135.108 - - [31/Oct/2017:02:51:12 -0700] "GET /pe_static/zeus.zip HTTP/1.1" 206 1141720 "http://www.secrepo.com/" "Mozilla/5.0 (Windows NT 10.0; Win64; x64) AppleWebKit/537.36 (KHTML, like Gecko) Chrome/61.0.3163.100 Safari/537.36" 
196.43.135.108 - - [31/Oct/2017:02:51:12 -0700] "GET /pe_static/zeus.zip HTTP/1.1" 206 1154860 "http://www.secrepo.com/" "Mozilla/5.0 (Windows NT 10.0; Win64; x64) AppleWebKit/537.36 (KHTML, like Gecko) Chrome/61.0.3163.100 Safari/537.36" 
196.43.135.108 - - [31/Oct/2017:02:53:50 -0700] "GET /pe_static/zeus.zip HTTP/1.1" 206 646780 "http://www.secrepo.com/" "Mozilla/5.0 (Windows NT 10.0; Win64; x64) AppleWebKit/537.36 (KHTML, like Gecko) Chrome/61.0.3163.100 Safari/537.36" 
196.43.135.108 - - [31/Oct/2017:02:54:48 -0700] "GET /pe_static/zeus.zip HTTP/1.1" 206 508080 "http://www.secrepo.com/" "Mozilla/5.0 (Windows NT 10.0; Win64; x64) AppleWebKit/537.36 (KHTML, like Gecko) Chrome/61.0.3163.100 Safari/537.36" 
196.43.135.108 - - [31/Oct/2017:02:48:07 -0700] "GET /pe_static/zeus.zip HTTP/1.1" 206 3324420 "http://www.secrepo.com/" "Mozilla/5.0 (Windows NT 10.0; Win64; x64) AppleWebKit/537.36 (KHTML, like Gecko) Chrome/61.0.3163.100 Safari/537.36" 
196.43.135.108 - - [31/Oct/2017:02:54:13 -0700] "GET /pe_static/zeus.zip HTTP/1.1" 206 843880 "http://www.secrepo.com/" "Mozilla/5.0 (Windows NT 10.0; Win64; x64) AppleWebKit/537.36 (KHTML, like Gecko) Chrome/61.0.3163.100 Safari/537.36" 
196.43.135.108 - - [31/Oct/2017:02:56:01 -0700] "GET /pe_static/zeus.zip HTTP/1.1" 206 148920 "http://www.secrepo.com/" "Mozilla/5.0 (Windows NT 10.0; Win64; x64) AppleWebKit/537.36 (KHTML, like Gecko) Chrome/61.0.3163.100 Safari/537.36" 
196.43.135.108 - - [31/Oct/2017:02:53:58 -0700] "GET /pe_static/zeus.zip HTTP/1.1" 206 925313 "http://www.secrepo.com/" "Mozilla/5.0 (Windows NT 10.0; Win64; x64) AppleWebKit/537.36 (KHTML, like Gecko) Chrome/61.0.3163.100 Safari/537.36" 
196.43.135.108 - - [31/Oct/2017:02:53:41 -0700] "GET /pe_static/zeus.zip HTTP/1.1" 206 1220560 "http://www.secrepo.com/" "Mozilla/5.0 (Windows NT 10.0; Win64; x64) AppleWebKit/537.36 (KHTML, like Gecko) Chrome/61.0.3163.100 Safari/537.36" 
196.43.135.108 - - [31/Oct/2017:02:56:04 -0700] "GET /pe_static/zeus.zip HTTP/1.1" 206 146000 "http://www.secrepo.com/" "Mozilla/5.0 (Windows NT 10.0; Win64; x64) AppleWebKit/537.36 (KHTML, like Gecko) Chrome/61.0.3163.100 Safari/537.36" 
196.43.135.108 - - [31/Oct/2017:02:56:06 -0700] "GET /pe_static/zeus.zip HTTP/1.1" 206 137240 "http://www.secrepo.com/" "Mozilla/5.0 (Windows NT 10.0; Win64; x64) AppleWebKit/537.36 (KHTML, like Gecko) Chrome/61.0.3163.100 Safari/537.36" 
196.43.135.108 - - [31/Oct/2017:02:44:56 -0700] "GET /pe_static/zeus.zip HTTP/1.1" 206 5461860 "http://www.secrepo.com/" "Mozilla/5.0 (Windows NT 10.0; Win64; x64) AppleWebKit/537.36 (KHTML, like Gecko) Chrome/61.0.3163.100 Safari/537.36" 
196.43.135.108 - - [31/Oct/2017:02:44:54 -0700] "GET /pe_static/zeus.zip HTTP/1.1" 206 5070580 "http://www.secrepo.com/" "Mozilla/5.0 (Windows NT 10.0; Win64; x64) AppleWebKit/537.36 (KHTML, like Gecko) Chrome/61.0.3163.100 Safari/537.36" 
196.43.135.108 - - [31/Oct/2017:02:44:55 -0700] "GET /pe_static/zeus.zip HTTP/1.1" 206 5625380 "http://www.secrepo.com/" "Mozilla/5.0 (Windows NT 10.0; Win64; x64) AppleWebKit/537.36 (KHTML, like Gecko) Chrome/61.0.3163.100 Safari/537.36" 
196.43.135.108 - - [31/Oct/2017:02:45:00 -0700] "GET /pe_static/zeus.zip HTTP/1.1" 206 5301260 "http://www.secrepo.com/" "Mozilla/5.0 (Windows NT 10.0; Win64; x64) AppleWebKit/537.36 (KHTML, like Gecko) Chrome/61.0.3163.100 Safari/537.36" 
196.43.135.108 - - [31/Oct/2017:02:53:52 -0700] "GET /pe_static/zeus.zip HTTP/1.1" 206 544580 "http://www.secrepo.com/" "Mozilla/5.0 (Windows NT 10.0; Win64; x64) AppleWebKit/537.36 (KHTML, like Gecko) Chrome/61.0.3163.100 Safari/537.36" 
196.43.135.108 - - [31/Oct/2017:02:55:36 -0700] "GET /pe_static/zeus.zip HTTP/1.1" 206 318280 "http://www.secrepo.com/" "Mozilla/5.0 (Windows NT 10.0; Win64; x64) AppleWebKit/537.36 (KHTML, like Gecko) Chrome/61.0.3163.100 Safari/537.36" 
50.19.154.226 - - [31/Oct/2017:02:57:59 -0700] "GET / HTTP/1.1" 301 442 "-" "Mozilla/5.0 (Windows NT 6.1) AppleWebKit/537.2 (KHTML, like Gecko) Chrome/22.0.1216.0 Safari/537.2" 
50.19.154.226 - - [31/Oct/2017:02:59:11 -0700] "GET / HTTP/1.1" 200 37359 "-" "Mozilla/5.0 (Windows NT 6.1) AppleWebKit/537.2 (KHTML, like Gecko) Chrome/22.0.1216.0 Safari/537.2" 
114.249.224.198 - - [31/Oct/2017:03:01:22 -0700] "GET / HTTP/1.1" 200 11061 "http://www.covert.io/data-links/" "Mozilla/5.0 (Windows NT 10.0; Win64; x64) AppleWebKit/537.36 (KHTML, like Gecko) Chrome/62.0.3202.75 Safari/537.36" 
114.249.224.198 - - [31/Oct/2017:03:01:23 -0700] "GET /GitHub-Mark.png HTTP/1.1" 200 7428 "http://www.secrepo.com/" "Mozilla/5.0 (Windows NT 10.0; Win64; x64) AppleWebKit/537.36 (KHTML, like Gecko) Chrome/62.0.3202.75 Safari/537.36" 
114.249.224.198 - - [31/Oct/2017:03:01:23 -0700] "GET /twitter-icon.png HTTP/1.1" 200 27787 "http://www.secrepo.com/" "Mozilla/5.0 (Windows NT 10.0; Win64; x64) AppleWebKit/537.36 (KHTML, like Gecko) Chrome/62.0.3202.75 Safari/537.36" 
112.5.248.241 - - [31/Oct/2017:03:01:25 -0700] "GET / HTTP/1.1" 200 11061 "https://www.foxweber.com" "Mozilla/5.0 (iPhone; CPU iPhone OS 10_2_1 like Mac OS X) AppleWebKit/602.4.6 (KHTML, like Gecko) Version/10.0 Mobile/14D27 Safari/602.1" 
114.249.224.198 - - [31/Oct/2017:03:02:24 -0700] "GET /maccdc2012/conn.log.gz HTTP/1.1" 200 885295 "http://www.secrepo.com/" "Mozilla/5.0 (Windows NT 10.0; Win64; x64) AppleWebKit/537.36 (KHTML, like Gecko) Chrome/62.0.3202.75 Safari/537.36" 
114.249.224.198 - - [31/Oct/2017:03:02:31 -0700] "GET /bootstrap/img/favicon.ico HTTP/1.1" 200 590 "http://www.secrepo.com/" "Mozilla/5.0 (Windows NT 10.0; Win64; x64) AppleWebKit/537.36 (KHTML, like Gecko) Chrome/62.0.3202.75 Safari/537.36" 
150.70.173.21 - - [31/Oct/2017:03:03:05 -0700] "GET / HTTP/1.1" 200 37359 "-" "Mozilla/5.0 (Windows NT 6.1) AppleWebKit/537.2 (KHTML, like Gecko) Chrome/22.0.1216.0 Safari/537.2" 
42.98.183.17 - - [31/Oct/2017:03:03:05 -0700] "GET /wp-login.php HTTP/1.1" 301 522 "-" "Mozilla/5.0 (Windows NT 6.1; WOW64; rv:40.0) Gecko/20100101 Firefox/40.1" 
42.98.183.17 - - [31/Oct/2017:03:03:06 -0700] "GET /wp-login.php HTTP/1.1" 404 295 "-" "Mozilla/5.0 (Windows NT 6.1; WOW64; rv:40.0) Gecko/20100101 Firefox/40.1" 
42.98.183.17 - - [31/Oct/2017:03:03:11 -0700] "GET /wp-login.php HTTP/1.1" 301 522 "-" "Mozilla/5.0 (Windows NT 6.1; WOW64; rv:40.0) Gecko/20100101 Firefox/40.1" 
42.98.183.17 - - [31/Oct/2017:03:03:12 -0700] "GET /wp-login.php HTTP/1.1" 404 295 "-" "Mozilla/5.0 (Windows NT 6.1; WOW64; rv:40.0) Gecko/20100101 Firefox/40.1" 
42.98.183.17 - - [31/Oct/2017:03:03:17 -0700] "GET / HTTP/1.1" 301 498 "-" "Mozilla/5.0 (Windows NT 6.1; WOW64; rv:40.0) Gecko/20100101 Firefox/40.1" 
42.98.183.17 - - [31/Oct/2017:03:03:18 -0700] "GET / HTTP/1.1" 200 37415 "-" "Mozilla/5.0 (Windows NT 6.1; WOW64; rv:40.0) Gecko/20100101 Firefox/40.1" 
50.19.154.226 - - [31/Oct/2017:03:05:36 -0700] "GET / HTTP/1.1" 200 37359 "-" "Mozilla/5.0 (Windows NT 6.1) AppleWebKit/537.2 (KHTML, like Gecko) Chrome/22.0.1216.0 Safari/537.2" 
42.98.205.15 - - [31/Oct/2017:03:05:57 -0700] "GET / HTTP/1.1" 200 11061 "-" "Mozilla/5.0 (X11; Linux x86_64; rv:56.0) Gecko/20100101 Firefox/56.0" 
42.98.205.15 - - [31/Oct/2017:03:05:58 -0700] "GET /twitter-icon.png HTTP/1.1" 200 27787 "http://www.secrepo.com/" "Mozilla/5.0 (X11; Linux x86_64; rv:56.0) Gecko/20100101 Firefox/56.0" 
42.98.205.15 - - [31/Oct/2017:03:05:58 -0700] "GET /GitHub-Mark.png HTTP/1.1" 200 7428 "http://www.secrepo.com/" "Mozilla/5.0 (X11; Linux x86_64; rv:56.0) Gecko/20100101 Firefox/56.0" 
42.98.205.15 - - [31/Oct/2017:03:05:58 -0700] "GET /bootstrap/img/favicon.ico HTTP/1.1" 200 590 "-" "Mozilla/5.0 (X11; Linux x86_64; rv:56.0) Gecko/20100101 Firefox/56.0" 
88.250.95.207 - - [31/Oct/2017:03:07:22 -0700] "GET /wp-login.php HTTP/1.1" 404 295 "-" "Mozilla/5.0 (Windows NT 6.1; WOW64; rv:40.0) Gecko/20100101 Firefox/40.1" 
88.250.95.207 - - [31/Oct/2017:03:07:27 -0700] "GET /wp-login.php HTTP/1.1" 404 295 "-" "Mozilla/5.0 (Windows NT 6.1; WOW64; rv:40.0) Gecko/20100101 Firefox/40.1" 
88.250.95.207 - - [31/Oct/2017:03:07:33 -0700] "GET / HTTP/1.1" 200 37415 "-" "Mozilla/5.0 (Windows NT 6.1; WOW64; rv:40.0) Gecko/20100101 Firefox/40.1" 
180.76.15.160 - - [31/Oct/2017:03:07:39 -0700] "GET /self.logs/?C=M;O=A HTTP/1.1" 200 6581 "-" "Mozilla/5.0 (compatible; Baiduspider/2.0; +http://www.baidu.com/search/spider.html)" 
46.185.71.34 - - [31/Oct/2017:03:13:33 -0700] "GET / HTTP/1.1" 200 37359 "http://etur.ru/articles/1922" "Mozilla/4.0 (compatible; MSIE 6.0; Windows NT 5.1; Maxthon; .NET CLR 1.1.4322)" 
46.185.71.34 - - [31/Oct/2017:03:13:34 -0700] "GET / HTTP/1.1" 200 37359 "http://etur.ru/articles/1922" "Mozilla/4.0 (compatible; MSIE 6.0; Windows NT 5.1; Maxthon; .NET CLR 1.1.4322)" 
46.185.71.34 - - [31/Oct/2017:03:13:34 -0700] "GET / HTTP/1.1" 200 37359 "http://etur.ru/articles/1922" "Mozilla/4.0 (compatible; MSIE 6.0; Windows NT 5.1; Maxthon; .NET CLR 1.1.4322)" 
150.70.173.21 - - [31/Oct/2017:03:14:11 -0700] "GET / HTTP/1.1" 200 37359 "-" "Mozilla/5.0 (Windows NT 6.1) AppleWebKit/537.2 (KHTML, like Gecko) Chrome/22.0.1216.0 Safari/537.2" 
50.19.154.226 - - [31/Oct/2017:03:15:01 -0700] "GET / HTTP/1.1" 200 37359 "-" "Mozilla/5.0 (Windows NT 6.1) AppleWebKit/537.2 (KHTML, like Gecko) Chrome/22.0.1216.0 Safari/537.2" 
150.70.173.21 - - [31/Oct/2017:03:24:00 -0700] "GET / HTTP/1.1" 200 37359 "-" "Mozilla/5.0 (Windows NT 6.1) AppleWebKit/537.2 (KHTML, like Gecko) Chrome/22.0.1216.0 Safari/537.2" 
50.19.154.226 - - [31/Oct/2017:03:25:36 -0700] "GET / HTTP/1.1" 200 37359 "-" "Mozilla/5.0 (Windows NT 6.1) AppleWebKit/537.2 (KHTML, like Gecko) Chrome/22.0.1216.0 Safari/537.2" 
66.249.93.93 - - [31/Oct/2017:03:26:01 -0700] "GET / HTTP/1.1" 200 11061 "-" "Mozilla/5.0 (X11; Linux x86_64) AppleWebKit/537.36 (KHTML, like Gecko) Chrome/49.0.2623.75 Safari/537.36 Google Favicon" 
66.249.93.95 - - [31/Oct/2017:03:26:01 -0700] "GET /bootstrap/img/favicon.ico HTTP/1.1" 200 590 "-" "Mozilla/5.0 (X11; Linux x86_64) AppleWebKit/537.36 (KHTML, like Gecko) Chrome/49.0.2623.75 Safari/537.36 Google Favicon" 
103.221.70.88 - - [31/Oct/2017:03:48:44 -0700] "GET /wp-login.php HTTP/1.1" 404 295 "-" "Mozilla/5.0 (Windows NT 6.1; WOW64; rv:40.0) Gecko/20100101 Firefox/40.1" 
103.221.70.88 - - [31/Oct/2017:03:48:49 -0700] "GET /wp-login.php HTTP/1.1" 404 295 "-" "Mozilla/5.0 (Windows NT 6.1; WOW64; rv:40.0) Gecko/20100101 Firefox/40.1" 
103.221.70.88 - - [31/Oct/2017:03:48:55 -0700] "GET / HTTP/1.1" 200 37415 "-" "Mozilla/5.0 (Windows NT 6.1; WOW64; rv:40.0) Gecko/20100101 Firefox/40.1" 
103.221.70.88 - - [31/Oct/2017:03:49:02 -0700] "GET /wp-login.php HTTP/1.1" 301 522 "-" "Mozilla/5.0 (Windows NT 6.1; WOW64; rv:40.0) Gecko/20100101 Firefox/40.1" 
103.221.70.88 - - [31/Oct/2017:03:49:03 -0700] "GET /wp-login.php HTTP/1.1" 404 295 "-" "Mozilla/5.0 (Windows NT 6.1; WOW64; rv:40.0) Gecko/20100101 Firefox/40.1" 
174.53.192.254 - - [31/Oct/2017:03:49:04 -0700] "GET / HTTP/1.1" 200 11061 "-" "Mozilla/5.0 (Macintosh; Intel Mac OS X 10_12_6) AppleWebKit/604.1.38 (KHTML, like Gecko)" 
174.53.192.254 - - [31/Oct/2017:03:49:04 -0700] "GET /apple-touch-icon-precomposed.png HTTP/1.1" 404 340 "-" "Safari/12604.1.38.1.7 CFNetwork/811.5.4 Darwin/16.7.0 (x86_64)" 
174.53.192.254 - - [31/Oct/2017:03:49:04 -0700] "GET /apple-touch-icon.png HTTP/1.1" 404 339 "-" "Safari/12604.1.38.1.7 CFNetwork/811.5.4 Darwin/16.7.0 (x86_64)" 
174.53.192.254 - - [31/Oct/2017:03:49:04 -0700] "GET /bootstrap/img/favicon.ico HTTP/1.1" 200 589 "-" "Safari/12604.1.38.1.7 CFNetwork/811.5.4 Darwin/16.7.0 (x86_64)" 
174.53.192.254 - - [31/Oct/2017:03:49:04 -0700] "GET / HTTP/1.1" 200 11060 "-" "Mozilla/5.0 (iPhone; CPU iPhone OS 10_3 like Mac OS X) AppleWebKit/603.1.30 (KHTML, like Gecko) Version/10.3 Mobile/14E277 Safari/603.1.30" 
174.53.192.254 - - [31/Oct/2017:03:49:04 -0700] "GET /apple-touch-icon-precomposed.png HTTP/1.1" 404 339 "-" "Safari/12604.1.38.1.7 CFNetwork/811.5.4 Darwin/16.7.0 (x86_64)" 
174.53.192.254 - - [31/Oct/2017:03:49:04 -0700] "GET /apple-touch-icon.png HTTP/1.1" 404 339 "-" "Safari/12604.1.38.1.7 CFNetwork/811.5.4 Darwin/16.7.0 (x86_64)" 
174.53.192.254 - - [31/Oct/2017:03:49:04 -0700] "GET /bootstrap/img/favicon.ico HTTP/1.1" 200 589 "-" "Safari/12604.1.38.1.7 CFNetwork/811.5.4 Darwin/16.7.0 (x86_64)" 
103.221.70.88 - - [31/Oct/2017:03:49:08 -0700] "GET /wp-login.php HTTP/1.1" 301 522 "-" "Mozilla/5.0 (Windows NT 6.1; WOW64; rv:40.0) Gecko/20100101 Firefox/40.1" 
103.221.70.88 - - [31/Oct/2017:03:49:08 -0700] "GET /wp-login.php HTTP/1.1" 404 295 "-" "Mozilla/5.0 (Windows NT 6.1; WOW64; rv:40.0) Gecko/20100101 Firefox/40.1" 
103.221.70.88 - - [31/Oct/2017:03:49:14 -0700] "GET / HTTP/1.1" 301 498 "-" "Mozilla/5.0 (Windows NT 6.1; WOW64; rv:40.0) Gecko/20100101 Firefox/40.1" 
103.221.70.88 - - [31/Oct/2017:03:49:14 -0700] "GET / HTTP/1.1" 200 37415 "-" "Mozilla/5.0 (Windows NT 6.1; WOW64; rv:40.0) Gecko/20100101 Firefox/40.1" 
115.248.201.137 - - [31/Oct/2017:03:50:48 -0700] "GET /wp-login.php HTTP/1.1" 404 295 "-" "Mozilla/5.0 (Windows NT 6.1; WOW64; rv:40.0) Gecko/20100101 Firefox/40.1" 
115.248.201.137 - - [31/Oct/2017:03:50:53 -0700] "GET /wp-login.php HTTP/1.1" 404 295 "-" "Mozilla/5.0 (Windows NT 6.1; WOW64; rv:40.0) Gecko/20100101 Firefox/40.1" 
115.248.201.137 - - [31/Oct/2017:03:50:59 -0700] "GET / HTTP/1.1" 200 37415 "-" "Mozilla/5.0 (Windows NT 6.1; WOW64; rv:40.0) Gecko/20100101 Firefox/40.1" 
66.249.64.157 - - [31/Oct/2017:03:51:49 -0700] "GET / HTTP/1.1" 200 11061 "-" "Mozilla/5.0 (Linux; Android 6.0.1; Nexus 5X Build/MMB29P) AppleWebKit/537.36 (KHTML, like Gecko) Chrome/41.0.2272.96 Mobile Safari/537.36 (compatible; Googlebot/2.1; +http://www.google.com/bot.html)" 
82.155.175.163 - - [31/Oct/2017:03:52:37 -0700] "GET /wp-login.php HTTP/1.1" 404 295 "-" "Mozilla/5.0 (Windows NT 6.1; WOW64; rv:40.0) Gecko/20100101 Firefox/40.1" 
82.155.175.163 - - [31/Oct/2017:03:52:43 -0700] "GET /wp-login.php HTTP/1.1" 404 295 "-" "Mozilla/5.0 (Windows NT 6.1; WOW64; rv:40.0) Gecko/20100101 Firefox/40.1" 
82.155.175.163 - - [31/Oct/2017:03:52:48 -0700] "GET / HTTP/1.1" 200 37415 "-" "Mozilla/5.0 (Windows NT 6.1; WOW64; rv:40.0) Gecko/20100101 Firefox/40.1" 
66.249.64.129 - - [31/Oct/2017:03:57:58 -0700] "GET / HTTP/1.1" 200 11061 "-" "Mozilla/5.0 (compatible; Googlebot/2.1; +http://www.google.com/bot.html)" 
200.143.198.187 - - [31/Oct/2017:04:02:24 -0700] "GET / HTTP/1.1" 200 11061 "https://www.researchgate.net/" "Mozilla/5.0 (X11; Linux x86_64) AppleWebKit/537.36 (KHTML, like Gecko) Chrome/62.0.3202.75 Safari/537.36" 
200.143.198.187 - - [31/Oct/2017:04:02:25 -0700] "GET /GitHub-Mark.png HTTP/1.1" 200 7428 "http://www.secrepo.com/" "Mozilla/5.0 (X11; Linux x86_64) AppleWebKit/537.36 (KHTML, like Gecko) Chrome/62.0.3202.75 Safari/537.36" 
200.143.198.187 - - [31/Oct/2017:04:02:25 -0700] "GET /twitter-icon.png HTTP/1.1" 200 27787 "http://www.secrepo.com/" "Mozilla/5.0 (X11; Linux x86_64) AppleWebKit/537.36 (KHTML, like Gecko) Chrome/62.0.3202.75 Safari/537.36" 
200.143.198.187 - - [31/Oct/2017:04:02:26 -0700] "GET /bootstrap/img/favicon.ico HTTP/1.1" 200 589 "http://www.secrepo.com/" "Mozilla/5.0 (X11; Linux x86_64) AppleWebKit/537.36 (KHTML, like Gecko) Chrome/62.0.3202.75 Safari/537.36" 
188.242.195.244 - - [31/Oct/2017:04:06:28 -0700] "GET / HTTP/1.1" 200 11061 "https://www.researchgate.net/" "Mozilla/5.0 (X11; Linux x86_64) AppleWebKit/537.36 (KHTML, like Gecko) Chrome/60.0.3112.105 Safari/537.36 Vivaldi/1.92.917.43" 
188.242.195.244 - - [31/Oct/2017:04:06:29 -0700] "GET /twitter-icon.png HTTP/1.1" 200 27787 "http://www.secrepo.com/" "Mozilla/5.0 (X11; Linux x86_64) AppleWebKit/537.36 (KHTML, like Gecko) Chrome/60.0.3112.105 Safari/537.36 Vivaldi/1.92.917.43" 
188.242.195.244 - - [31/Oct/2017:04:06:29 -0700] "GET /GitHub-Mark.png HTTP/1.1" 200 7428 "http://www.secrepo.com/" "Mozilla/5.0 (X11; Linux x86_64) AppleWebKit/537.36 (KHTML, like Gecko) Chrome/60.0.3112.105 Safari/537.36 Vivaldi/1.92.917.43" 
188.242.195.244 - - [31/Oct/2017:04:06:29 -0700] "GET /bootstrap/img/favicon.ico HTTP/1.1" 200 589 "http://www.secrepo.com/" "Mozilla/5.0 (X11; Linux x86_64) AppleWebKit/537.36 (KHTML, like Gecko) Chrome/60.0.3112.105 Safari/537.36 Vivaldi/1.92.917.43" 
120.221.0.34 - - [31/Oct/2017:04:12:23 -0700] "GET /honeypot/Honeypot%20-%20Howto.pdf HTTP/1.1" 304 131 "-" "Mozilla/5.0 Gecko/20100115 Firefox/3.6" 
200.143.198.187 - - [31/Oct/2017:04:04:39 -0700] "GET /maccdc2012/conn.log.gz HTTP/1.1" 200 69963643 "-" "Mozilla/5.0 (X11; Linux x86_64) AppleWebKit/537.36 (KHTML, like Gecko) Chrome/62.0.3202.75 Safari/537.36" 
85.115.52.201 - - [31/Oct/2017:04:14:48 -0700] "GET / HTTP/1.1" 200 11005 "-" "Mozilla/5.0 (Windows NT 10.0; WOW64; Trident/7.0; rv:11.0) like Gecko" 
85.115.52.201 - - [31/Oct/2017:04:14:49 -0700] "GET /GitHub-Mark.png HTTP/1.1" 200 7372 "http://www.secrepo.com/" "Mozilla/5.0 (Windows NT 10.0; WOW64; Trident/7.0; rv:11.0) like Gecko" 
85.115.52.201 - - [31/Oct/2017:04:14:49 -0700] "GET /twitter-icon.png HTTP/1.1" 200 27732 "http://www.secrepo.com/" "Mozilla/5.0 (Windows NT 10.0; WOW64; Trident/7.0; rv:11.0) like Gecko" 
85.115.52.201 - - [31/Oct/2017:04:14:50 -0700] "GET /bootstrap/img/favicon.ico HTTP/1.1" 200 534 "-" "Mozilla/5.0 (Windows NT 10.0; Win64; x64; Trident/7.0; rv:11.0) like Gecko" 
85.115.52.201 - - [31/Oct/2017:04:16:32 -0700] "GET /favicon.ico HTTP/1.1" 200 212 "-" "Mozilla/5.0 (Windows NT 10.0; Win64; x64; Trident/7.0; rv:11.0) like Gecko" 
85.115.52.201 - - [31/Oct/2017:04:16:32 -0700] "GET /maccdc2012/dns.log.gz HTTP/1.1" 200 6629364 "http://www.secrepo.com/" "Mozilla/5.0 (Windows NT 10.0; WOW64; Trident/7.0; rv:11.0) like Gecko" 
85.115.52.201 - - [31/Oct/2017:04:18:49 -0700] "GET /scada/scada_logs.zip HTTP/1.1" 200 364845 "http://www.secrepo.com/" "Mozilla/5.0 (Windows NT 10.0; WOW64; Trident/7.0; rv:11.0) like Gecko" 
85.115.52.201 - - [31/Oct/2017:04:18:50 -0700] "GET /favicon.ico HTTP/1.1" 200 212 "-" "Mozilla/5.0 (Windows NT 10.0; Win64; x64; Trident/7.0; rv:11.0) like Gecko" 
120.221.1.28 - - [31/Oct/2017:04:18:54 -0700] "GET /maccdc2012/files.log.gz HTTP/1.1" 304 155 "-" "Mozilla/5.0 Gecko/20100115 Firefox/3.6" 
115.248.201.137 - - [31/Oct/2017:04:19:52 -0700] "GET /wp-login.php HTTP/1.1" 301 522 "-" "Mozilla/5.0 (Windows NT 6.1; WOW64; rv:40.0) Gecko/20100101 Firefox/40.1" 
115.248.201.137 - - [31/Oct/2017:04:19:53 -0700] "GET /wp-login.php HTTP/1.1" 404 295 "-" "Mozilla/5.0 (Windows NT 6.1; WOW64; rv:40.0) Gecko/20100101 Firefox/40.1" 
115.248.201.137 - - [31/Oct/2017:04:19:59 -0700] "GET /wp-login.php HTTP/1.1" 301 522 "-" "Mozilla/5.0 (Windows NT 6.1; WOW64; rv:40.0) Gecko/20100101 Firefox/40.1" 
115.248.201.137 - - [31/Oct/2017:04:19:59 -0700] "GET /wp-login.php HTTP/1.1" 404 295 "-" "Mozilla/5.0 (Windows NT 6.1; WOW64; rv:40.0) Gecko/20100101 Firefox/40.1" 
115.248.201.137 - - [31/Oct/2017:04:20:05 -0700] "GET / HTTP/1.1" 301 498 "-" "Mozilla/5.0 (Windows NT 6.1; WOW64; rv:40.0) Gecko/20100101 Firefox/40.1" 
115.248.201.137 - - [31/Oct/2017:04:20:06 -0700] "GET / HTTP/1.1" 200 37415 "-" "Mozilla/5.0 (Windows NT 6.1; WOW64; rv:40.0) Gecko/20100101 Firefox/40.1" 
85.115.52.201 - - [31/Oct/2017:04:20:41 -0700] "GET /maccdc2012/dns.log.gz HTTP/1.1" 200 6629364 "http://www.secrepo.com/" "Mozilla/5.0 (Windows NT 10.0; WOW64; Trident/7.0; rv:11.0) like Gecko" 
180.76.15.149 - - [31/Oct/2017:04:25:52 -0700] "GET /honeypot/Honeypot%20-%20Howto.pdf HTTP/1.1" 200 938780 "-" "Mozilla/5.0 (compatible; Baiduspider/2.0; +http://www.baidu.com/search/spider.html)" 
1.26.200.220 - - [31/Oct/2017:04:34:02 -0700] "GET /favicon.ico HTTP/1.1" 200 268 "-" "Mozilla/5.0 (Windows NT 6.1; WOW64) AppleWebKit/537.36 (KHTML, like Gecko) Chrome/55.0.2883.87 Safari/537.36" 
164.132.161.77 - - [31/Oct/2017:04:51:27 -0700] "GET /self.logs/access.log.2017-10-14.gz HTTP/1.1" 200 16970 "-" "Mozilla/5.0 (compatible; AhrefsBot/5.2; +http://ahrefs.com/robot/)" 
91.214.5.128 - - [31/Oct/2017:04:52:52 -0700] "GET / HTTP/1.1" 200 11061 "-" "Mozilla/5.0 (Windows NT 6.1; WOW64; Trident/7.0; rv:11.0) like Gecko" 
91.214.5.128 - - [31/Oct/2017:04:52:53 -0700] "GET /twitter-icon.png HTTP/1.1" 200 27787 "http://www.secrepo.com/" "Mozilla/5.0 (Windows NT 6.1; WOW64; Trident/7.0; rv:11.0) like Gecko" 
91.214.5.128 - - [31/Oct/2017:04:52:53 -0700] "GET /GitHub-Mark.png HTTP/1.1" 200 7428 "http://www.secrepo.com/" "Mozilla/5.0 (Windows NT 6.1; WOW64; Trident/7.0; rv:11.0) like Gecko" 
91.214.5.128 - - [31/Oct/2017:04:52:54 -0700] "GET /bootstrap/img/favicon.ico HTTP/1.1" 200 589 "-" "Mozilla/5.0 (Windows NT 6.1; Win64; x64; Trident/7.0; rv:11.0) like Gecko" 
49.38.0.97 - - [31/Oct/2017:04:54:57 -0700] "GET / HTTP/1.1" 200 11061 "-" "Mozilla/5.0 (Windows NT 6.1; Win64; x64) AppleWebKit/537.36 (KHTML, like Gecko) Chrome/61.0.3163.100 Safari/537.36" 
49.38.0.97 - - [31/Oct/2017:04:54:59 -0700] "GET /GitHub-Mark.png HTTP/1.1" 200 7428 "http://www.secrepo.com/" "Mozilla/5.0 (Windows NT 6.1; Win64; x64) AppleWebKit/537.36 (KHTML, like Gecko) Chrome/61.0.3163.100 Safari/537.36" 
49.38.0.97 - - [31/Oct/2017:04:54:59 -0700] "GET /twitter-icon.png HTTP/1.1" 200 27787 "http://www.secrepo.com/" "Mozilla/5.0 (Windows NT 6.1; Win64; x64) AppleWebKit/537.36 (KHTML, like Gecko) Chrome/61.0.3163.100 Safari/537.36" 
49.38.0.97 - - [31/Oct/2017:04:55:01 -0700] "GET /bootstrap/img/favicon.ico HTTP/1.1" 200 590 "http://www.secrepo.com/" "Mozilla/5.0 (Windows NT 6.1; Win64; x64) AppleWebKit/537.36 (KHTML, like Gecko) Chrome/61.0.3163.100 Safari/537.36" 
51.255.65.78 - - [31/Oct/2017:04:55:19 -0700] "GET /self.logs/error.log.2015-05-26.gz HTTP/1.1" 404 284 "-" "Mozilla/5.0 (compatible; AhrefsBot/5.2; +http://ahrefs.com/robot/)" 
35.196.54.199 - - [31/Oct/2017:04:58:19 -0700] "GET /honeypot/BSidesDFW%2520-%25202014.ipynb'A=0 HTTP/1.1" 404 340 "http://www.secrepo.com/honeypot/BSidesDFW%2520-%25202014.ipynb'A=0" "Mozilla/5.0 (Windows; U; Windows NT 5.1; pt-PT; rv:1.9.1.2) Gecko/20090729 Firefox/3.5.2 (.NET CLR 3.5.30729)" 
35.196.54.199 - - [31/Oct/2017:04:58:19 -0700] "GET /honeypot/BSidesDFW%2520-%25202014.ipynb'A=0 HTTP/1.1" 404 284 "http://www.secrepo.com/honeypot/BSidesDFW%2520-%25202014.ipynb'A=0" "Mozilla/5.0 (Windows; U; Windows NT 5.1; pt-PT; rv:1.9.1.2) Gecko/20090729 Firefox/3.5.2 (.NET CLR 3.5.30729)" 
35.196.54.199 - - [31/Oct/2017:04:58:20 -0700] "GET /honeypot/BSidesDFW%2520-%25202014.ipynb'A=0 HTTP/1.1" 404 284 "http://www.secrepo.com/honeypot/BSidesDFW%2520-%25202014.ipynb'A=0" "Mozilla/5.0 (Windows; U; Windows NT 5.1; pt-PT; rv:1.9.1.2) Gecko/20090729 Firefox/3.5.2 (.NET CLR 3.5.30729)" 
35.196.54.199 - - [31/Oct/2017:04:58:20 -0700] "GET /honeypot/BSidesDFW%2520-%25202014.ipynb'A=0 HTTP/1.1" 404 284 "http://www.secrepo.com/honeypot/BSidesDFW%2520-%25202014.ipynb'A=0" "Mozilla/5.0 (Windows; U; Windows NT 5.1; pt-PT; rv:1.9.1.2) Gecko/20090729 Firefox/3.5.2 (.NET CLR 3.5.30729)" 
35.196.54.199 - - [31/Oct/2017:04:58:20 -0700] "GET /honeypot/BSidesDFW%2520-%25202014.ipynb'A=0 HTTP/1.1" 404 284 "http://www.secrepo.com/honeypot/BSidesDFW%2520-%25202014.ipynb'A=0" "Mozilla/5.0 (Windows; U; Windows NT 5.1; pt-PT; rv:1.9.1.2) Gecko/20090729 Firefox/3.5.2 (.NET CLR 3.5.30729)" 
35.196.54.199 - - [31/Oct/2017:04:58:20 -0700] "GET /honeypot/BSidesDFW%2520-%25202014.ipynb'A=0 HTTP/1.1" 404 284 "http://www.secrepo.com/honeypot/BSidesDFW%2520-%25202014.ipynb'A=0" "Mozilla/5.0 (Windows; U; Windows NT 5.1; pt-PT; rv:1.9.1.2) Gecko/20090729 Firefox/3.5.2 (.NET CLR 3.5.30729)" 
157.55.39.185 - - [31/Oct/2017:05:00:50 -0700] "GET /self.logs/access.log.2016-05-17.gz HTTP/1.1" 404 340 "-" "Mozilla/5.0 (compatible; bingbot/2.0; +http://www.bing.com/bingbot.htm)" 
131.218.128.72 - - [31/Oct/2017:05:01:08 -0700] "GET / HTTP/1.1" 304 189 "-" "Mozilla/5.0 (X11; Linux x86_64; rv:52.0) Gecko/20100101 Firefox/52.0" 
82.155.175.163 - - [31/Oct/2017:05:01:57 -0700] "GET /wp-login.php HTTP/1.1" 301 522 "-" "Mozilla/5.0 (Windows NT 6.1; WOW64; rv:40.0) Gecko/20100101 Firefox/40.1" 
82.155.175.163 - - [31/Oct/2017:05:01:57 -0700] "GET /wp-login.php HTTP/1.1" 404 295 "-" "Mozilla/5.0 (Windows NT 6.1; WOW64; rv:40.0) Gecko/20100101 Firefox/40.1" 
131.218.128.72 - - [31/Oct/2017:05:02:01 -0700] "GET /twitter-icon.png HTTP/1.1" 304 166 "http://www.secrepo.com/" "Mozilla/5.0 (X11; Linux x86_64; rv:52.0) Gecko/20100101 Firefox/52.0" 
131.218.128.72 - - [31/Oct/2017:05:02:02 -0700] "GET /GitHub-Mark.png HTTP/1.1" 304 165 "http://www.secrepo.com/" "Mozilla/5.0 (X11; Linux x86_64; rv:52.0) Gecko/20100101 Firefox/52.0" 
82.155.175.163 - - [31/Oct/2017:05:02:02 -0700] "GET /wp-login.php HTTP/1.1" 301 522 "-" "Mozilla/5.0 (Windows NT 6.1; WOW64; rv:40.0) Gecko/20100101 Firefox/40.1" 
82.155.175.163 - - [31/Oct/2017:05:02:03 -0700] "GET /wp-login.php HTTP/1.1" 404 295 "-" "Mozilla/5.0 (Windows NT 6.1; WOW64; rv:40.0) Gecko/20100101 Firefox/40.1" 
82.155.175.163 - - [31/Oct/2017:05:02:08 -0700] "GET / HTTP/1.1" 301 498 "-" "Mozilla/5.0 (Windows NT 6.1; WOW64; rv:40.0) Gecko/20100101 Firefox/40.1" 
82.155.175.163 - - [31/Oct/2017:05:02:08 -0700] "GET / HTTP/1.1" 200 37415 "-" "Mozilla/5.0 (Windows NT 6.1; WOW64; rv:40.0) Gecko/20100101 Firefox/40.1" 
150.70.173.13 - - [31/Oct/2017:05:03:20 -0700] "GET / HTTP/1.1" 200 37359 "-" "Mozilla/4.0 (compatible; MSIE 8.0; Windows NT 5.1; Trident/4.0)" 
131.218.128.72 - - [31/Oct/2017:05:04:00 -0700] "GET /bootstrap/img/favicon.ico HTTP/1.1" 304 165 "-" "Mozilla/5.0 (X11; Linux x86_64; rv:52.0) Gecko/20100101 Firefox/52.0" 
91.214.5.128 - - [31/Oct/2017:05:07:36 -0700] "GET /twitter-icon.png HTTP/1.1" 200 27788 "http://www.secrepo.com/" "Mozilla/5.0 (Windows NT 6.1; Win64; x64; Trident/7.0; rv:11.0) like Gecko" 
143.117.17.186 - - [31/Oct/2017:05:07:36 -0700] "GET / HTTP/1.1" 200 11061 "https://www.google.co.uk/" "Mozilla/5.0 (Windows NT 6.1; Win64; x64) AppleWebKit/537.36 (KHTML, like Gecko) Chrome/62.0.3202.75 Safari/537.36" 
143.117.17.186 - - [31/Oct/2017:05:07:36 -0700] "GET /twitter-icon.png HTTP/1.1" 200 27787 "http://www.secrepo.com/" "Mozilla/5.0 (Windows NT 6.1; Win64; x64) AppleWebKit/537.36 (KHTML, like Gecko) Chrome/62.0.3202.75 Safari/537.36" 
143.117.17.186 - - [31/Oct/2017:05:07:36 -0700] "GET /GitHub-Mark.png HTTP/1.1" 200 7428 "http://www.secrepo.com/" "Mozilla/5.0 (Windows NT 6.1; Win64; x64) AppleWebKit/537.36 (KHTML, like Gecko) Chrome/62.0.3202.75 Safari/537.36" 
143.117.17.186 - - [31/Oct/2017:05:07:37 -0700] "GET /bootstrap/img/favicon.ico HTTP/1.1" 200 589 "http://www.secrepo.com/" "Mozilla/5.0 (Windows NT 6.1; Win64; x64) AppleWebKit/537.36 (KHTML, like Gecko) Chrome/62.0.3202.75 Safari/537.36" 
89.165.131.174 - - [31/Oct/2017:05:09:01 -0700] "GET /wp-login.php HTTP/1.1" 404 295 "-" "Mozilla/5.0 (Windows NT 6.1; WOW64; rv:40.0) Gecko/20100101 Firefox/40.1" 
89.165.131.174 - - [31/Oct/2017:05:09:07 -0700] "GET /wp-login.php HTTP/1.1" 404 295 "-" "Mozilla/5.0 (Windows NT 6.1; WOW64; rv:40.0) Gecko/20100101 Firefox/40.1" 
89.165.131.174 - - [31/Oct/2017:05:09:12 -0700] "GET / HTTP/1.1" 200 37415 "-" "Mozilla/5.0 (Windows NT 6.1; WOW64; rv:40.0) Gecko/20100101 Firefox/40.1" 
89.165.131.174 - - [31/Oct/2017:05:09:22 -0700] "GET /wp-login.php HTTP/1.1" 301 522 "-" "Mozilla/5.0 (Windows NT 6.1; WOW64; rv:40.0) Gecko/20100101 Firefox/40.1" 
89.165.131.174 - - [31/Oct/2017:05:09:22 -0700] "GET /wp-login.php HTTP/1.1" 404 295 "-" "Mozilla/5.0 (Windows NT 6.1; WOW64; rv:40.0) Gecko/20100101 Firefox/40.1" 
89.165.131.174 - - [31/Oct/2017:05:09:27 -0700] "GET /wp-login.php HTTP/1.1" 301 522 "-" "Mozilla/5.0 (Windows NT 6.1; WOW64; rv:40.0) Gecko/20100101 Firefox/40.1" 
89.165.131.174 - - [31/Oct/2017:05:09:28 -0700] "GET /wp-login.php HTTP/1.1" 404 295 "-" "Mozilla/5.0 (Windows NT 6.1; WOW64; rv:40.0) Gecko/20100101 Firefox/40.1" 
89.165.131.174 - - [31/Oct/2017:05:09:33 -0700] "GET / HTTP/1.1" 301 498 "-" "Mozilla/5.0 (Windows NT 6.1; WOW64; rv:40.0) Gecko/20100101 Firefox/40.1" 
89.165.131.174 - - [31/Oct/2017:05:09:33 -0700] "GET / HTTP/1.1" 200 37415 "-" "Mozilla/5.0 (Windows NT 6.1; WOW64; rv:40.0) Gecko/20100101 Firefox/40.1" 
213.87.129.245 - - [31/Oct/2017:05:09:49 -0700] "GET / HTTP/1.1" 301 483 "-" "Mozilla/5.0 (Windows NT 10.0; Win64; x64) AppleWebKit/537.36 (KHTML, like Gecko) Chrome/61.0.3163.100 Safari/537.36" 
213.87.129.245 - - [31/Oct/2017:05:09:49 -0700] "GET / HTTP/1.1" 200 11061 "-" "Mozilla/5.0 (Windows NT 10.0; Win64; x64) AppleWebKit/537.36 (KHTML, like Gecko) Chrome/61.0.3163.100 Safari/537.36" 
213.87.129.245 - - [31/Oct/2017:05:09:50 -0700] "GET /GitHub-Mark.png HTTP/1.1" 200 7428 "http://www.secrepo.com/" "Mozilla/5.0 (Windows NT 10.0; Win64; x64) AppleWebKit/537.36 (KHTML, like Gecko) Chrome/61.0.3163.100 Safari/537.36" 
213.87.129.245 - - [31/Oct/2017:05:09:50 -0700] "GET /twitter-icon.png HTTP/1.1" 200 27787 "http://www.secrepo.com/" "Mozilla/5.0 (Windows NT 10.0; Win64; x64) AppleWebKit/537.36 (KHTML, like Gecko) Chrome/61.0.3163.100 Safari/537.36" 
213.87.129.245 - - [31/Oct/2017:05:09:58 -0700] "GET /bootstrap/img/favicon.ico HTTP/1.1" 200 590 "http://www.secrepo.com/" "Mozilla/5.0 (Windows NT 10.0; Win64; x64) AppleWebKit/537.36 (KHTML, like Gecko) Chrome/61.0.3163.100 Safari/537.36" 
137.74.207.119 - - [31/Oct/2017:05:13:16 -0700] "GET /self.logs/error.log.2015-04-02.gz HTTP/1.1" 404 284 "-" "Mozilla/5.0 (compatible; AhrefsBot/5.2; +http://ahrefs.com/robot/)" 
192.80.55.242 - - [31/Oct/2017:05:14:03 -0700] "GET / HTTP/1.1" 200 11061 "https://www.google.com/" "Mozilla/5.0 (Windows NT 10.0; Win64; x64) AppleWebKit/537.36 (KHTML, like Gecko) Chrome/61.0.3163.100 Safari/537.36" 
192.80.55.242 - - [31/Oct/2017:05:14:03 -0700] "GET /twitter-icon.png HTTP/1.1" 200 27787 "http://www.secrepo.com/" "Mozilla/5.0 (Windows NT 10.0; Win64; x64) AppleWebKit/537.36 (KHTML, like Gecko) Chrome/61.0.3163.100 Safari/537.36" 
192.80.55.242 - - [31/Oct/2017:05:14:03 -0700] "GET /GitHub-Mark.png HTTP/1.1" 200 7428 "http://www.secrepo.com/" "Mozilla/5.0 (Windows NT 10.0; Win64; x64) AppleWebKit/537.36 (KHTML, like Gecko) Chrome/61.0.3163.100 Safari/537.36" 
192.80.55.242 - - [31/Oct/2017:05:14:04 -0700] "GET /bootstrap/img/favicon.ico HTTP/1.1" 200 589 "http://www.secrepo.com/" "Mozilla/5.0 (Windows NT 10.0; Win64; x64) AppleWebKit/537.36 (KHTML, like Gecko) Chrome/61.0.3163.100 Safari/537.36" 
92.209.95.178 - - [31/Oct/2017:05:15:39 -0700] "GET /wp-login.php HTTP/1.1" 404 295 "-" "Mozilla/5.0 (Windows NT 6.1; WOW64; rv:40.0) Gecko/20100101 Firefox/40.1" 
92.209.95.178 - - [31/Oct/2017:05:15:44 -0700] "GET /wp-login.php HTTP/1.1" 404 295 "-" "Mozilla/5.0 (Windows NT 6.1; WOW64; rv:40.0) Gecko/20100101 Firefox/40.1" 
92.209.95.178 - - [31/Oct/2017:05:15:50 -0700] "GET / HTTP/1.1" 200 37415 "-" "Mozilla/5.0 (Windows NT 6.1; WOW64; rv:40.0) Gecko/20100101 Firefox/40.1" 
50.19.154.226 - - [31/Oct/2017:05:17:10 -0700] "GET / HTTP/1.1" 200 37359 "-" "Mozilla/5.0 (Windows NT 6.1) AppleWebKit/537.2 (KHTML, like Gecko) Chrome/22.0.1216.0 Safari/537.2" 
92.241.43.122 - - [31/Oct/2017:05:18:41 -0700] "GET / HTTP/1.1" 200 11061 "-" "Mozilla/5.0 (Windows NT 6.1; Win64; x64; rv:56.0) Gecko/20100101 Firefox/56.0" 
92.241.43.122 - - [31/Oct/2017:05:18:42 -0700] "GET /twitter-icon.png HTTP/1.1" 200 27787 "http://www.secrepo.com/" "Mozilla/5.0 (Windows NT 6.1; Win64; x64; rv:56.0) Gecko/20100101 Firefox/56.0" 
92.241.43.122 - - [31/Oct/2017:05:18:42 -0700] "GET /GitHub-Mark.png HTTP/1.1" 200 7428 "http://www.secrepo.com/" "Mozilla/5.0 (Windows NT 6.1; Win64; x64; rv:56.0) Gecko/20100101 Firefox/56.0" 
92.241.43.122 - - [31/Oct/2017:05:18:43 -0700] "GET /bootstrap/img/favicon.ico HTTP/1.1" 200 589 "-" "Mozilla/5.0 (Windows NT 6.1; Win64; x64; rv:56.0) Gecko/20100101 Firefox/56.0" 
92.241.43.122 - - [31/Oct/2017:05:19:02 -0700] "GET /maccdc2012/dns.log.gz HTTP/1.1" 200 1764257 "http://www.secrepo.com/" "Mozilla/5.0 (Windows NT 6.1; Win64; x64; rv:56.0) Gecko/20100101 Firefox/56.0" 
92.241.43.122 - - [31/Oct/2017:05:19:09 -0700] "GET /maccdc2012/dns.log.gz HTTP/1.1" 200 6629420 "http://www.secrepo.com/" "Mozilla/5.0 (Windows NT 6.1; Win64; x64; rv:56.0) Gecko/20100101 Firefox/56.0" 
100.43.85.128 - - [31/Oct/2017:05:20:33 -0700] "GET /robots.txt HTTP/1.1" 200 289 "-" "Mozilla/5.0 (compatible; YandexBot/3.0; +http://yandex.com/bots)" 
100.43.85.128 - - [31/Oct/2017:05:20:37 -0700] "GET /bootstrap/img/favicon.ico HTTP/1.1" 200 590 "-" "Mozilla/5.0 (compatible; YandexBot/3.0; +http://yandex.com/bots)" 
157.55.39.49 - - [31/Oct/2017:05:22:50 -0700] "GET /self.logs/access.log.2017-07-20.gz HTTP/1.1" 200 20032 "-" "Mozilla/5.0 (compatible; bingbot/2.0; +http://www.bing.com/bingbot.htm)" 
77.54.169.218 - - [31/Oct/2017:05:22:50 -0700] "GET / HTTP/1.1" 200 11061 "-" "Mozilla/5.0 (Linux; Android 5.1.1; 6044D Build/LMY47V) AppleWebKit/537.36 (KHTML, like Gecko) Chrome/61.0.3163.98 Mobile Safari/537.36" 
77.54.169.218 - - [31/Oct/2017:05:22:51 -0700] "GET /twitter-icon.png HTTP/1.1" 200 27787 "http://www.secrepo.com/" "Mozilla/5.0 (Linux; Android 5.1.1; 6044D Build/LMY47V) AppleWebKit/537.36 (KHTML, like Gecko) Chrome/61.0.3163.98 Mobile Safari/537.36" 
77.54.169.218 - - [31/Oct/2017:05:22:51 -0700] "GET /GitHub-Mark.png HTTP/1.1" 200 7428 "http://www.secrepo.com/" "Mozilla/5.0 (Linux; Android 5.1.1; 6044D Build/LMY47V) AppleWebKit/537.36 (KHTML, like Gecko) Chrome/61.0.3163.98 Mobile Safari/537.36" 
77.54.169.218 - - [31/Oct/2017:05:22:53 -0700] "GET /bootstrap/img/favicon.ico HTTP/1.1" 200 589 "http://www.secrepo.com/" "Mozilla/5.0 (Linux; Android 5.1.1; 6044D Build/LMY47V) AppleWebKit/537.36 (KHTML, like Gecko) Chrome/61.0.3163.98 Mobile Safari/537.36" 
129.122.148.33 - - [31/Oct/2017:05:25:13 -0700] "GET /wp-login.php HTTP/1.1" 404 295 "-" "Mozilla/5.0 (Windows NT 6.1; WOW64; rv:40.0) Gecko/20100101 Firefox/40.1" 
129.122.148.33 - - [31/Oct/2017:05:25:18 -0700] "GET /wp-login.php HTTP/1.1" 404 295 "-" "Mozilla/5.0 (Windows NT 6.1; WOW64; rv:40.0) Gecko/20100101 Firefox/40.1" 
129.122.148.33 - - [31/Oct/2017:05:25:24 -0700] "GET / HTTP/1.1" 200 37415 "-" "Mozilla/5.0 (Windows NT 6.1; WOW64; rv:40.0) Gecko/20100101 Firefox/40.1" 
137.222.182.115 - - [31/Oct/2017:05:26:31 -0700] "GET / HTTP/1.1" 200 11061 "-" "Mozilla/5.0 (Macintosh; Intel Mac OS X 10_11_6) AppleWebKit/603.1.30 (KHTML, like Gecko) Version/10.1 Safari/603.1.30" 
137.222.182.115 - - [31/Oct/2017:05:26:31 -0700] "GET /twitter-icon.png HTTP/1.1" 200 27787 "http://www.secrepo.com/" "Mozilla/5.0 (Macintosh; Intel Mac OS X 10_11_6) AppleWebKit/603.1.30 (KHTML, like Gecko) Version/10.1 Safari/603.1.30" 
137.222.182.115 - - [31/Oct/2017:05:26:32 -0700] "GET /GitHub-Mark.png HTTP/1.1" 200 7428 "http://www.secrepo.com/" "Mozilla/5.0 (Macintosh; Intel Mac OS X 10_11_6) AppleWebKit/603.1.30 (KHTML, like Gecko) Version/10.1 Safari/603.1.30" 
137.222.182.115 - - [31/Oct/2017:05:26:34 -0700] "GET /bootstrap/img/favicon.ico HTTP/1.1" 200 590 "http://www.secrepo.com/" "Mozilla/5.0 (Macintosh; Intel Mac OS X 10_11_6) AppleWebKit/603.1.30 (KHTML, like Gecko) Version/10.1 Safari/603.1.30" 
64.102.249.9 - - [31/Oct/2017:05:32:30 -0700] "GET /bootstrap/img/favicon.ico HTTP/1.1" 200 590 "-" "Mozilla/5.0 (Macintosh; Intel Mac OS X 10.12; rv:56.0) Gecko/20100101 Firefox/56.0" 
174.204.12.178 - - [31/Oct/2017:05:35:54 -0700] "GET / HTTP/1.1" 200 11061 "-" "Mozilla/5.0 (iPhone; CPU iPhone OS 11_0_3 like Mac OS X) AppleWebKit/604.1.38 (KHTML, like Gecko) Version/11.0 Mobile/15A432 Safari/604.1" 
174.204.12.178 - - [31/Oct/2017:05:35:54 -0700] "GET /twitter-icon.png HTTP/1.1" 200 27787 "http://www.secrepo.com/" "Mozilla/5.0 (iPhone; CPU iPhone OS 11_0_3 like Mac OS X) AppleWebKit/604.1.38 (KHTML, like Gecko) Version/11.0 Mobile/15A432 Safari/604.1" 
174.204.12.178 - - [31/Oct/2017:05:35:54 -0700] "GET /GitHub-Mark.png HTTP/1.1" 200 7428 "http://www.secrepo.com/" "Mozilla/5.0 (iPhone; CPU iPhone OS 11_0_3 like Mac OS X) AppleWebKit/604.1.38 (KHTML, like Gecko) Version/11.0 Mobile/15A432 Safari/604.1" 
174.204.12.178 - - [31/Oct/2017:05:36:01 -0700] "GET /pe_static/zeus.zip HTTP/1.1" 200 51367111 "http://www.secrepo.com/" "Mozilla/5.0 (iPhone; CPU iPhone OS 11_0_3 like Mac OS X) AppleWebKit/604.1.38 (KHTML, like Gecko) Version/11.0 Mobile/15A432 Safari/604.1" 
50.19.154.226 - - [31/Oct/2017:05:36:29 -0700] "GET / HTTP/1.1" 200 37359 "-" "Mozilla/5.0 (Windows NT 6.1) AppleWebKit/537.2 (KHTML, like Gecko) Chrome/22.0.1216.0 Safari/537.2" 
174.204.12.178 - - [31/Oct/2017:05:38:33 -0700] "GET /pe_static/zeus.zip HTTP/1.1" 200 51367111 "-" "Mozilla/5.0 (iPhone; CPU iPhone OS 11_0_3 like Mac OS X) AppleWebKit/604.1.38 (KHTML, like Gecko) Version/11.0 Mobile/15A432 Safari/604.1" 
64.233.172.160 - - [31/Oct/2017:05:39:05 -0700] "GET / HTTP/1.1" 200 11061 "-" "Mozilla/5.0 (X11; Linux x86_64) AppleWebKit/537.36 (KHTML, like Gecko) Chrome/49.0.2623.75 Safari/537.36 Google Favicon" 
64.233.172.189 - - [31/Oct/2017:05:39:05 -0700] "GET /bootstrap/img/favicon.ico HTTP/1.1" 200 590 "-" "Mozilla/5.0 (X11; Linux x86_64) AppleWebKit/537.36 (KHTML, like Gecko) Chrome/49.0.2623.75 Safari/537.36 Google Favicon" 
174.204.12.178 - - [31/Oct/2017:05:38:55 -0700] "GET /pe_static/zeus.zip HTTP/1.1" 200 23448556 "-" "Mozilla/5.0 (iPhone; CPU iPhone OS 11_0_3 like Mac OS X) AppleWebKit/604.1.38 (KHTML, like Gecko) Version/11.0 Mobile/15A432 Safari/604.1" 
180.213.250.114 - - [31/Oct/2017:05:39:40 -0700] "GET / HTTP/1.1" 200 11061 "-" "Mozilla/5.0 (Windows NT 5.1) AppleWebKit/535.1 (KHTML, like Gecko) Chrome/14.0.815.0 Safari/535.1" 
157.55.39.49 - - [31/Oct/2017:05:42:53 -0700] "GET /self.logs/error.log.2017-09-10.gz HTTP/1.1" 200 851 "-" "Mozilla/5.0 (compatible; bingbot/2.0; +http://www.bing.com/bingbot.htm)" 
50.19.154.226 - - [31/Oct/2017:05:46:36 -0700] "GET / HTTP/1.1" 200 37359 "-" "Mozilla/5.0 (Windows NT 6.1) AppleWebKit/537.2 (KHTML, like Gecko) Chrome/22.0.1216.0 Safari/537.2" 
82.81.209.110 - - [31/Oct/2017:05:46:57 -0700] "GET /wp-login.php HTTP/1.1" 404 295 "-" "Mozilla/5.0 (Windows NT 6.1; WOW64; rv:40.0) Gecko/20100101 Firefox/40.1" 
82.81.209.110 - - [31/Oct/2017:05:47:02 -0700] "GET /wp-login.php HTTP/1.1" 404 295 "-" "Mozilla/5.0 (Windows NT 6.1; WOW64; rv:40.0) Gecko/20100101 Firefox/40.1" 
82.81.209.110 - - [31/Oct/2017:05:47:08 -0700] "GET / HTTP/1.1" 200 37415 "-" "Mozilla/5.0 (Windows NT 6.1; WOW64; rv:40.0) Gecko/20100101 Firefox/40.1" 
174.204.12.178 - - [31/Oct/2017:05:59:21 -0700] "GET /pe_static/apt1.zip HTTP/1.1" 200 1983328 "http://www.secrepo.com/" "Mozilla/5.0 (iPhone; CPU iPhone OS 11_0_3 like Mac OS X) AppleWebKit/604.1.38 (KHTML, like Gecko) Version/11.0 Mobile/15A432 Safari/604.1" 
129.122.148.33 - - [31/Oct/2017:06:03:44 -0700] "GET /wp-login.php HTTP/1.1" 301 522 "-" "Mozilla/5.0 (Windows NT 6.1; WOW64; rv:40.0) Gecko/20100101 Firefox/40.1" 
129.122.148.33 - - [31/Oct/2017:06:03:45 -0700] "GET /wp-login.php HTTP/1.1" 404 295 "-" "Mozilla/5.0 (Windows NT 6.1; WOW64; rv:40.0) Gecko/20100101 Firefox/40.1" 
129.122.148.33 - - [31/Oct/2017:06:03:50 -0700] "GET /wp-login.php HTTP/1.1" 301 522 "-" "Mozilla/5.0 (Windows NT 6.1; WOW64; rv:40.0) Gecko/20100101 Firefox/40.1" 
129.122.148.33 - - [31/Oct/2017:06:03:51 -0700] "GET /wp-login.php HTTP/1.1" 404 295 "-" "Mozilla/5.0 (Windows NT 6.1; WOW64; rv:40.0) Gecko/20100101 Firefox/40.1" 
129.122.148.33 - - [31/Oct/2017:06:03:56 -0700] "GET / HTTP/1.1" 301 498 "-" "Mozilla/5.0 (Windows NT 6.1; WOW64; rv:40.0) Gecko/20100101 Firefox/40.1" 
129.122.148.33 - - [31/Oct/2017:06:03:57 -0700] "GET / HTTP/1.1" 200 37415 "-" "Mozilla/5.0 (Windows NT 6.1; WOW64; rv:40.0) Gecko/20100101 Firefox/40.1" 
174.204.12.178 - - [31/Oct/2017:06:04:21 -0700] "GET /pe_static/apt1.zip HTTP/1.1" 200 1983328 "http://www.secrepo.com/" "Mozilla/5.0 (Windows NT 10.0; Win64; x64) AppleWebKit/537.36 (KHTML, like Gecko) Chrome/61.0.3163.100 Safari/537.36" 
174.204.12.178 - - [31/Oct/2017:06:04:29 -0700] "GET /pe_static/op-cleaver.zip HTTP/1.1" 200 710065 "http://www.secrepo.com/" "Mozilla/5.0 (Windows NT 10.0; Win64; x64) AppleWebKit/537.36 (KHTML, like Gecko) Chrome/61.0.3163.100 Safari/537.36" 
174.204.12.178 - - [31/Oct/2017:06:05:45 -0700] "GET /pe_static/op-cleaver.zip HTTP/1.1" 200 710065 "http://www.secrepo.com/" "Mozilla/5.0 (Windows NT 10.0; Win64; x64) AppleWebKit/537.36 (KHTML, like Gecko) Chrome/61.0.3163.100 Safari/537.36" 
174.204.12.178 - - [31/Oct/2017:06:05:50 -0700] "GET /pe_static/apt1.zip HTTP/1.1" 200 1983328 "http://www.secrepo.com/" "Mozilla/5.0 (Windows NT 10.0; Win64; x64) AppleWebKit/537.36 (KHTML, like Gecko) Chrome/61.0.3163.100 Safari/537.36" 
171.76.78.223 - - [31/Oct/2017:06:07:36 -0700] "GET /wp-login.php HTTP/1.1" 404 295 "-" "Mozilla/5.0 (Windows NT 6.1; WOW64; rv:40.0) Gecko/20100101 Firefox/40.1" 
171.76.78.223 - - [31/Oct/2017:06:07:41 -0700] "GET /wp-login.php HTTP/1.1" 404 295 "-" "Mozilla/5.0 (Windows NT 6.1; WOW64; rv:40.0) Gecko/20100101 Firefox/40.1" 
171.76.78.223 - - [31/Oct/2017:06:07:47 -0700] "GET / HTTP/1.1" 200 37415 "-" "Mozilla/5.0 (Windows NT 6.1; WOW64; rv:40.0) Gecko/20100101 Firefox/40.1" 
51.255.65.22 - - [31/Oct/2017:06:10:37 -0700] "GET /self.logs/access.log.2017-02-22.gz HTTP/1.1" 200 24298 "-" "Mozilla/5.0 (compatible; AhrefsBot/5.2; +http://ahrefs.com/robot/)" 
164.132.161.66 - - [31/Oct/2017:06:12:17 -0700] "GET /self.logs/error.log.2015-02-17.gz HTTP/1.1" 404 284 "-" "Mozilla/5.0 (compatible; AhrefsBot/5.2; +http://ahrefs.com/robot/)" 
164.132.161.46 - - [31/Oct/2017:06:21:23 -0700] "GET /self.logs/error.log.2017-05-21.gz HTTP/1.1" 200 814 "-" "Mozilla/5.0 (compatible; AhrefsBot/5.2; +http://ahrefs.com/robot/)" 
96.248.17.19 - - [31/Oct/2017:06:23:26 -0700] "GET / HTTP/1.1" 301 483 "-" "Mozilla/5.0 (Windows NT 10.0; Win64; x64) AppleWebKit/537.36 (KHTML, like Gecko) Chrome/61.0.3163.100 Safari/537.36" 
96.248.17.19 - - [31/Oct/2017:06:23:26 -0700] "GET / HTTP/1.1" 200 11061 "-" "Mozilla/5.0 (Windows NT 10.0; Win64; x64) AppleWebKit/537.36 (KHTML, like Gecko) Chrome/61.0.3163.100 Safari/537.36" 
96.248.17.19 - - [31/Oct/2017:06:23:26 -0700] "GET /GitHub-Mark.png HTTP/1.1" 200 7428 "http://www.secrepo.com/" "Mozilla/5.0 (Windows NT 10.0; Win64; x64) AppleWebKit/537.36 (KHTML, like Gecko) Chrome/61.0.3163.100 Safari/537.36" 
96.248.17.19 - - [31/Oct/2017:06:23:26 -0700] "GET /twitter-icon.png HTTP/1.1" 200 27787 "http://www.secrepo.com/" "Mozilla/5.0 (Windows NT 10.0; Win64; x64) AppleWebKit/537.36 (KHTML, like Gecko) Chrome/61.0.3163.100 Safari/537.36" 
96.248.17.19 - - [31/Oct/2017:06:23:27 -0700] "GET /bootstrap/img/favicon.ico HTTP/1.1" 200 589 "http://www.secrepo.com/" "Mozilla/5.0 (Windows NT 10.0; Win64; x64) AppleWebKit/537.36 (KHTML, like Gecko) Chrome/61.0.3163.100 Safari/537.36" 
69.63.188.218 - - [31/Oct/2017:06:25:35 -0700] "GET /twitter-icon.png HTTP/1.1" 200 27788 "-" "facebookexternalhit/1.1 (+http://www.facebook.com/externalhit_uatext.php)" 
