197.52.157.32 - - [20/Sep/2017:04:32:06 -0700] "GET /wp-login.php HTTP/1.1" 404 295 "-" "Mozilla/5.0 (Windows NT 6.1; WOW64; rv:40.0) Gecko/20100101 Firefox/40.1" 
132.147.76.140 - - [20/Sep/2017:04:32:08 -0700] "GET /self.logs/access.log.2017-04-27.gz HTTP/1.1" 200 13855 "http://www.secrepo.com/self.logs/" "Wget/1.19.1 (cygwin)" 
197.52.157.32 - - [20/Sep/2017:04:32:12 -0700] "GET / HTTP/1.1" 200 36860 "-" "Mozilla/5.0 (Windows NT 6.1; WOW64; rv:40.0) Gecko/20100101 Firefox/40.1" 
132.147.76.140 - - [20/Sep/2017:04:32:18 -0700] "GET /self.logs/access.log.2017-04-28.gz HTTP/1.1" 200 14258 "http://www.secrepo.com/self.logs/" "Wget/1.19.1 (cygwin)" 
132.147.76.140 - - [20/Sep/2017:04:32:27 -0700] "GET /self.logs/access.log.2017-04-29.gz HTTP/1.1" 200 10202 "http://www.secrepo.com/self.logs/" "Wget/1.19.1 (cygwin)" 
132.147.76.140 - - [20/Sep/2017:04:32:37 -0700] "GET /self.logs/access.log.2017-04-30.gz HTTP/1.1" 200 11870 "http://www.secrepo.com/self.logs/" "Wget/1.19.1 (cygwin)" 
132.147.76.140 - - [20/Sep/2017:04:32:46 -0700] "GET /self.logs/access.log.2017-05-01.gz HTTP/1.1" 200 14242 "http://www.secrepo.com/self.logs/" "Wget/1.19.1 (cygwin)" 
132.147.76.140 - - [20/Sep/2017:04:32:56 -0700] "GET /self.logs/access.log.2017-05-02.gz HTTP/1.1" 200 17819 "http://www.secrepo.com/self.logs/" "Wget/1.19.1 (cygwin)" 
103.199.232.134 - - [20/Sep/2017:04:32:59 -0700] "GET /wp-login.php HTTP/1.1" 404 295 "-" "Mozilla/5.0 (Windows NT 6.1; WOW64; rv:40.0) Gecko/20100101 Firefox/40.1" 
103.199.232.134 - - [20/Sep/2017:04:33:05 -0700] "GET /wp-login.php HTTP/1.1" 404 295 "-" "Mozilla/5.0 (Windows NT 6.1; WOW64; rv:40.0) Gecko/20100101 Firefox/40.1" 
132.147.76.140 - - [20/Sep/2017:04:33:06 -0700] "GET /self.logs/access.log.2017-05-03.gz HTTP/1.1" 200 28945 "http://www.secrepo.com/self.logs/" "Wget/1.19.1 (cygwin)" 
103.199.232.134 - - [20/Sep/2017:04:33:11 -0700] "GET / HTTP/1.1" 200 36860 "-" "Mozilla/5.0 (Windows NT 6.1; WOW64; rv:40.0) Gecko/20100101 Firefox/40.1" 
132.147.76.140 - - [20/Sep/2017:04:33:15 -0700] "GET /self.logs/access.log.2017-05-04.gz HTTP/1.1" 200 29978 "http://www.secrepo.com/self.logs/" "Wget/1.19.1 (cygwin)" 
132.147.76.140 - - [20/Sep/2017:04:33:25 -0700] "GET /self.logs/access.log.2017-05-05.gz HTTP/1.1" 200 14572 "http://www.secrepo.com/self.logs/" "Wget/1.19.1 (cygwin)" 
132.147.76.140 - - [20/Sep/2017:04:33:35 -0700] "GET /self.logs/access.log.2017-05-06.gz HTTP/1.1" 200 21526 "http://www.secrepo.com/self.logs/" "Wget/1.19.1 (cygwin)" 
132.147.76.140 - - [20/Sep/2017:04:33:44 -0700] "GET /self.logs/access.log.2017-05-07.gz HTTP/1.1" 200 16600 "http://www.secrepo.com/self.logs/" "Wget/1.19.1 (cygwin)" 
132.147.76.140 - - [20/Sep/2017:04:33:54 -0700] "GET /self.logs/access.log.2017-05-08.gz HTTP/1.1" 200 18424 "http://www.secrepo.com/self.logs/" "Wget/1.19.1 (cygwin)" 
132.147.76.140 - - [20/Sep/2017:04:34:04 -0700] "GET /self.logs/access.log.2017-05-09.gz HTTP/1.1" 200 19672 "http://www.secrepo.com/self.logs/" "Wget/1.19.1 (cygwin)" 
132.147.76.140 - - [20/Sep/2017:04:34:14 -0700] "GET /self.logs/access.log.2017-05-10.gz HTTP/1.1" 200 16032 "http://www.secrepo.com/self.logs/" "Wget/1.19.1 (cygwin)" 
132.147.76.140 - - [20/Sep/2017:04:34:23 -0700] "GET /self.logs/access.log.2017-05-11.gz HTTP/1.1" 200 15047 "http://www.secrepo.com/self.logs/" "Wget/1.19.1 (cygwin)" 
132.147.76.140 - - [20/Sep/2017:04:34:33 -0700] "GET /self.logs/access.log.2017-05-12.gz HTTP/1.1" 200 56835 "http://www.secrepo.com/self.logs/" "Wget/1.19.1 (cygwin)" 
132.147.76.140 - - [20/Sep/2017:04:34:43 -0700] "GET /self.logs/access.log.2017-05-13.gz HTTP/1.1" 200 14798 "http://www.secrepo.com/self.logs/" "Wget/1.19.1 (cygwin)" 
117.135.212.21 - - [20/Sep/2017:04:34:40 -0700] "GET /tg/a.zip HTTP/1.1" 200 640800 "-" "Mozilla/5.0 (compatible; MSIE 6.0; Windows NT 5.0)" 
132.147.76.140 - - [20/Sep/2017:04:34:53 -0700] "GET /self.logs/access.log.2017-05-14.gz HTTP/1.1" 200 35914 "http://www.secrepo.com/self.logs/" "Wget/1.19.1 (cygwin)" 
117.135.212.21 - - [20/Sep/2017:04:34:40 -0700] "GET /tg/a.zip HTTP/1.1" 200 681120 "-" "Mozilla/5.0 (compatible; MSIE 6.0; Windows NT 5.0)" 
117.135.212.21 - - [20/Sep/2017:04:34:40 -0700] "GET /tg/a.zip HTTP/1.1" 200 1905120 "-" "Mozilla/5.0 (compatible; MSIE 6.0; Windows NT 5.0)" 
117.135.212.21 - - [20/Sep/2017:04:34:40 -0700] "GET /tg/a.zip HTTP/1.1" 200 465120 "-" "Mozilla/5.0 (compatible; MSIE 6.0; Windows NT 5.0)" 
132.147.76.140 - - [20/Sep/2017:04:35:03 -0700] "GET /self.logs/access.log.2017-05-15.gz HTTP/1.1" 200 39658 "http://www.secrepo.com/self.logs/" "Wget/1.19.1 (cygwin)" 
132.147.76.140 - - [20/Sep/2017:04:35:13 -0700] "GET /self.logs/access.log.2017-05-16.gz HTTP/1.1" 200 26334 "http://www.secrepo.com/self.logs/" "Wget/1.19.1 (cygwin)" 
132.147.76.140 - - [20/Sep/2017:04:35:23 -0700] "GET /self.logs/access.log.2017-05-17.gz HTTP/1.1" 200 30217 "http://www.secrepo.com/self.logs/" "Wget/1.19.1 (cygwin)" 
132.147.76.140 - - [20/Sep/2017:04:35:32 -0700] "GET /self.logs/access.log.2017-05-18.gz HTTP/1.1" 200 25753 "http://www.secrepo.com/self.logs/" "Wget/1.19.1 (cygwin)" 
132.147.76.140 - - [20/Sep/2017:04:35:42 -0700] "GET /self.logs/access.log.2017-05-19.gz HTTP/1.1" 200 14838 "http://www.secrepo.com/self.logs/" "Wget/1.19.1 (cygwin)" 
132.147.76.140 - - [20/Sep/2017:04:35:52 -0700] "GET /self.logs/access.log.2017-05-20.gz HTTP/1.1" 200 21589 "http://www.secrepo.com/self.logs/" "Wget/1.19.1 (cygwin)" 
132.147.76.140 - - [20/Sep/2017:04:36:02 -0700] "GET /self.logs/access.log.2017-05-21.gz HTTP/1.1" 200 20130 "http://www.secrepo.com/self.logs/" "Wget/1.19.1 (cygwin)" 
132.147.76.140 - - [20/Sep/2017:04:36:11 -0700] "GET /self.logs/access.log.2017-05-22.gz HTTP/1.1" 200 18336 "http://www.secrepo.com/self.logs/" "Wget/1.19.1 (cygwin)" 
132.147.76.140 - - [20/Sep/2017:04:36:21 -0700] "GET /self.logs/access.log.2017-05-23.gz HTTP/1.1" 200 19566 "http://www.secrepo.com/self.logs/" "Wget/1.19.1 (cygwin)" 
132.147.76.140 - - [20/Sep/2017:04:36:31 -0700] "GET /self.logs/access.log.2017-05-24.gz HTTP/1.1" 200 56415 "http://www.secrepo.com/self.logs/" "Wget/1.19.1 (cygwin)" 
132.147.76.140 - - [20/Sep/2017:04:36:41 -0700] "GET /self.logs/access.log.2017-05-25.gz HTTP/1.1" 200 36248 "http://www.secrepo.com/self.logs/" "Wget/1.19.1 (cygwin)" 
132.147.76.140 - - [20/Sep/2017:04:36:51 -0700] "GET /self.logs/access.log.2017-05-26.gz HTTP/1.1" 200 15559 "http://www.secrepo.com/self.logs/" "Wget/1.19.1 (cygwin)" 
132.147.76.140 - - [20/Sep/2017:04:37:01 -0700] "GET /self.logs/access.log.2017-05-27.gz HTTP/1.1" 200 11883 "http://www.secrepo.com/self.logs/" "Wget/1.19.1 (cygwin)" 
132.147.76.140 - - [20/Sep/2017:04:37:10 -0700] "GET /self.logs/access.log.2017-05-28.gz HTTP/1.1" 200 21016 "http://www.secrepo.com/self.logs/" "Wget/1.19.1 (cygwin)" 
41.226.17.182 - - [20/Sep/2017:04:37:12 -0700] "GET / HTTP/1.1" 200 10915 "-" "Mozilla/5.0 (Windows NT 10.0; Win64; x64) AppleWebKit/537.36 (KHTML, like Gecko) Chrome/60.0.3112.113 Safari/537.36" 
41.226.17.182 - - [20/Sep/2017:04:37:14 -0700] "GET /twitter-icon.png HTTP/1.1" 200 27787 "http://www.secrepo.com/" "Mozilla/5.0 (Windows NT 10.0; Win64; x64) AppleWebKit/537.36 (KHTML, like Gecko) Chrome/60.0.3112.113 Safari/537.36" 
41.226.17.182 - - [20/Sep/2017:04:37:14 -0700] "GET /GitHub-Mark.png HTTP/1.1" 200 7428 "http://www.secrepo.com/" "Mozilla/5.0 (Windows NT 10.0; Win64; x64) AppleWebKit/537.36 (KHTML, like Gecko) Chrome/60.0.3112.113 Safari/537.36" 
41.226.17.182 - - [20/Sep/2017:04:37:14 -0700] "GET /bootstrap/img/favicon.ico HTTP/1.1" 200 589 "http://www.secrepo.com/" "Mozilla/5.0 (Windows NT 10.0; Win64; x64) AppleWebKit/537.36 (KHTML, like Gecko) Chrome/60.0.3112.113 Safari/537.36" 
132.147.76.140 - - [20/Sep/2017:04:37:20 -0700] "GET /self.logs/access.log.2017-05-29.gz HTTP/1.1" 200 43646 "http://www.secrepo.com/self.logs/" "Wget/1.19.1 (cygwin)" 
132.147.76.140 - - [20/Sep/2017:04:37:30 -0700] "GET /self.logs/access.log.2017-05-30.gz HTTP/1.1" 200 19578 "http://www.secrepo.com/self.logs/" "Wget/1.19.1 (cygwin)" 
132.147.76.140 - - [20/Sep/2017:04:37:40 -0700] "GET /self.logs/access.log.2017-05-31.gz HTTP/1.1" 200 18642 "http://www.secrepo.com/self.logs/" "Wget/1.19.1 (cygwin)" 
132.147.76.140 - - [20/Sep/2017:04:37:50 -0700] "GET /self.logs/access.log.2017-06-01.gz HTTP/1.1" 200 19690 "http://www.secrepo.com/self.logs/" "Wget/1.19.1 (cygwin)" 
132.147.76.140 - - [20/Sep/2017:04:37:59 -0700] "GET /self.logs/access.log.2017-06-02.gz HTTP/1.1" 200 16721 "http://www.secrepo.com/self.logs/" "Wget/1.19.1 (cygwin)" 
132.147.76.140 - - [20/Sep/2017:04:38:09 -0700] "GET /self.logs/access.log.2017-06-03.gz HTTP/1.1" 200 12817 "http://www.secrepo.com/self.logs/" "Wget/1.19.1 (cygwin)" 
132.147.76.140 - - [20/Sep/2017:04:38:19 -0700] "GET /self.logs/access.log.2017-06-04.gz HTTP/1.1" 200 24979 "http://www.secrepo.com/self.logs/" "Wget/1.19.1 (cygwin)" 
132.147.76.140 - - [20/Sep/2017:04:38:28 -0700] "GET /self.logs/access.log.2017-06-05.gz HTTP/1.1" 200 25316 "http://www.secrepo.com/self.logs/" "Wget/1.19.1 (cygwin)" 
132.147.76.140 - - [20/Sep/2017:04:38:38 -0700] "GET /self.logs/access.log.2017-06-06.gz HTTP/1.1" 200 31606 "http://www.secrepo.com/self.logs/" "Wget/1.19.1 (cygwin)" 
132.147.76.140 - - [20/Sep/2017:04:38:48 -0700] "GET /self.logs/access.log.2017-06-07.gz HTTP/1.1" 200 20359 "http://www.secrepo.com/self.logs/" "Wget/1.19.1 (cygwin)" 
132.147.76.140 - - [20/Sep/2017:04:38:58 -0700] "GET /self.logs/access.log.2017-06-08.gz HTTP/1.1" 200 19699 "http://www.secrepo.com/self.logs/" "Wget/1.19.1 (cygwin)" 
132.147.76.140 - - [20/Sep/2017:04:39:07 -0700] "GET /self.logs/access.log.2017-06-09.gz HTTP/1.1" 200 26434 "http://www.secrepo.com/self.logs/" "Wget/1.19.1 (cygwin)" 
132.147.76.140 - - [20/Sep/2017:04:39:17 -0700] "GET /self.logs/access.log.2017-06-10.gz HTTP/1.1" 200 19373 "http://www.secrepo.com/self.logs/" "Wget/1.19.1 (cygwin)" 
132.147.76.140 - - [20/Sep/2017:04:39:27 -0700] "GET /self.logs/access.log.2017-06-11.gz HTTP/1.1" 200 20225 "http://www.secrepo.com/self.logs/" "Wget/1.19.1 (cygwin)" 
132.147.76.140 - - [20/Sep/2017:04:39:37 -0700] "GET /self.logs/access.log.2017-06-12.gz HTTP/1.1" 200 23451 "http://www.secrepo.com/self.logs/" "Wget/1.19.1 (cygwin)" 
132.147.76.140 - - [20/Sep/2017:04:39:46 -0700] "GET /self.logs/access.log.2017-06-13.gz HTTP/1.1" 200 20769 "http://www.secrepo.com/self.logs/" "Wget/1.19.1 (cygwin)" 
132.147.76.140 - - [20/Sep/2017:04:39:56 -0700] "GET /self.logs/access.log.2017-06-14.gz HTTP/1.1" 200 37336 "http://www.secrepo.com/self.logs/" "Wget/1.19.1 (cygwin)" 
145.224.144.45 - - [20/Sep/2017:04:39:57 -0700] "GET / HTTP/1.1" 200 10915 "-" "Mozilla/5.0 (Macintosh; Intel Mac OS X 10_12_6) AppleWebKit/603.3.8 (KHTML, like Gecko) Version/10.1.2 Safari/603.3.8" 
145.224.144.45 - - [20/Sep/2017:04:39:57 -0700] "GET /twitter-icon.png HTTP/1.1" 200 27787 "http://www.secrepo.com/" "Mozilla/5.0 (Macintosh; Intel Mac OS X 10_12_6) AppleWebKit/603.3.8 (KHTML, like Gecko) Version/10.1.2 Safari/603.3.8" 
145.224.144.45 - - [20/Sep/2017:04:39:57 -0700] "GET /GitHub-Mark.png HTTP/1.1" 200 7428 "http://www.secrepo.com/" "Mozilla/5.0 (Macintosh; Intel Mac OS X 10_12_6) AppleWebKit/603.3.8 (KHTML, like Gecko) Version/10.1.2 Safari/603.3.8" 
145.224.144.45 - - [20/Sep/2017:04:39:58 -0700] "GET /bootstrap/img/favicon.ico HTTP/1.1" 200 590 "http://www.secrepo.com/" "Mozilla/5.0 (Macintosh; Intel Mac OS X 10_12_6) AppleWebKit/603.3.8 (KHTML, like Gecko) Version/10.1.2 Safari/603.3.8" 
132.147.76.140 - - [20/Sep/2017:04:40:06 -0700] "GET /self.logs/access.log.2017-06-15.gz HTTP/1.1" 200 32722 "http://www.secrepo.com/self.logs/" "Wget/1.19.1 (cygwin)" 
132.147.76.140 - - [20/Sep/2017:04:40:16 -0700] "GET /self.logs/access.log.2017-06-16.gz HTTP/1.1" 200 15839 "http://www.secrepo.com/self.logs/" "Wget/1.19.1 (cygwin)" 
132.147.76.140 - - [20/Sep/2017:04:40:26 -0700] "GET /self.logs/access.log.2017-06-17.gz HTTP/1.1" 200 36046 "http://www.secrepo.com/self.logs/" "Wget/1.19.1 (cygwin)" 
132.147.76.140 - - [20/Sep/2017:04:40:36 -0700] "GET /self.logs/access.log.2017-06-18.gz HTTP/1.1" 200 17120 "http://www.secrepo.com/self.logs/" "Wget/1.19.1 (cygwin)" 
132.147.76.140 - - [20/Sep/2017:04:40:45 -0700] "GET /self.logs/access.log.2017-06-19.gz HTTP/1.1" 200 27704 "http://www.secrepo.com/self.logs/" "Wget/1.19.1 (cygwin)" 
132.147.76.140 - - [20/Sep/2017:04:40:55 -0700] "GET /self.logs/access.log.2017-06-20.gz HTTP/1.1" 200 26718 "http://www.secrepo.com/self.logs/" "Wget/1.19.1 (cygwin)" 
132.147.76.140 - - [20/Sep/2017:04:41:05 -0700] "GET /self.logs/access.log.2017-06-21.gz HTTP/1.1" 200 25097 "http://www.secrepo.com/self.logs/" "Wget/1.19.1 (cygwin)" 
40.77.167.145 - - [20/Sep/2017:04:40:54 -0700] "GET /maccdc2012/http.log.gz HTTP/1.1" 200 10941758 "-" "Mozilla/5.0 (compatible; bingbot/2.0; +http://www.bing.com/bingbot.htm)" 
132.147.76.140 - - [20/Sep/2017:04:41:15 -0700] "GET /self.logs/access.log.2017-06-22.gz HTTP/1.1" 200 29048 "http://www.secrepo.com/self.logs/" "Wget/1.19.1 (cygwin)" 
132.147.76.140 - - [20/Sep/2017:04:41:24 -0700] "GET /self.logs/access.log.2017-06-23.gz HTTP/1.1" 200 100457 "http://www.secrepo.com/self.logs/" "Wget/1.19.1 (cygwin)" 
40.77.167.95 - - [20/Sep/2017:04:41:32 -0700] "GET /robots.txt HTTP/1.1" 200 334 "-" "Mozilla/5.0 (compatible; bingbot/2.0; +http://www.bing.com/bingbot.htm)" 
132.147.76.140 - - [20/Sep/2017:04:41:35 -0700] "GET /self.logs/access.log.2017-06-24.gz HTTP/1.1" 200 32944 "http://www.secrepo.com/self.logs/" "Wget/1.19.1 (cygwin)" 
132.147.76.140 - - [20/Sep/2017:04:41:45 -0700] "GET /self.logs/access.log.2017-06-25.gz HTTP/1.1" 200 16397 "http://www.secrepo.com/self.logs/" "Wget/1.19.1 (cygwin)" 
132.147.76.140 - - [20/Sep/2017:04:41:54 -0700] "GET /self.logs/access.log.2017-06-26.gz HTTP/1.1" 200 47582 "http://www.secrepo.com/self.logs/" "Wget/1.19.1 (cygwin)" 
132.147.76.140 - - [20/Sep/2017:04:42:04 -0700] "GET /self.logs/access.log.2017-06-27.gz HTTP/1.1" 200 17852 "http://www.secrepo.com/self.logs/" "Wget/1.19.1 (cygwin)" 
132.147.76.140 - - [20/Sep/2017:04:42:14 -0700] "GET /self.logs/access.log.2017-06-28.gz HTTP/1.1" 200 31224 "http://www.secrepo.com/self.logs/" "Wget/1.19.1 (cygwin)" 
132.147.76.140 - - [20/Sep/2017:04:42:24 -0700] "GET /self.logs/access.log.2017-06-29.gz HTTP/1.1" 200 15361 "http://www.secrepo.com/self.logs/" "Wget/1.19.1 (cygwin)" 
132.147.76.140 - - [20/Sep/2017:04:42:34 -0700] "GET /self.logs/access.log.2017-06-30.gz HTTP/1.1" 200 51584 "http://www.secrepo.com/self.logs/" "Wget/1.19.1 (cygwin)" 
132.147.76.140 - - [20/Sep/2017:04:42:44 -0700] "GET /self.logs/access.log.2017-07-01.gz HTTP/1.1" 200 12576 "http://www.secrepo.com/self.logs/" "Wget/1.19.1 (cygwin)" 
132.147.76.140 - - [20/Sep/2017:04:42:53 -0700] "GET /self.logs/access.log.2017-07-02.gz HTTP/1.1" 200 16609 "http://www.secrepo.com/self.logs/" "Wget/1.19.1 (cygwin)" 
132.147.76.140 - - [20/Sep/2017:04:43:03 -0700] "GET /self.logs/access.log.2017-07-03.gz HTTP/1.1" 200 20041 "http://www.secrepo.com/self.logs/" "Wget/1.19.1 (cygwin)" 
42.120.74.203 - - [20/Sep/2017:04:43:09 -0700] "GET / HTTP/1.1" 200 10915 "-" "Mozilla/5.0 (Macintosh; Intel Mac OS X 10_12_6) AppleWebKit/603.3.8 (KHTML, like Gecko) Version/10.1.2 Safari/603.3.8" 
42.120.74.203 - - [20/Sep/2017:04:43:10 -0700] "GET /twitter-icon.png HTTP/1.1" 200 27787 "http://www.secrepo.com/" "Mozilla/5.0 (Macintosh; Intel Mac OS X 10_12_6) AppleWebKit/603.3.8 (KHTML, like Gecko) Version/10.1.2 Safari/603.3.8" 
42.120.74.203 - - [20/Sep/2017:04:43:10 -0700] "GET /GitHub-Mark.png HTTP/1.1" 200 7428 "http://www.secrepo.com/" "Mozilla/5.0 (Macintosh; Intel Mac OS X 10_12_6) AppleWebKit/603.3.8 (KHTML, like Gecko) Version/10.1.2 Safari/603.3.8" 
132.147.76.140 - - [20/Sep/2017:04:43:13 -0700] "GET /self.logs/access.log.2017-07-04.gz HTTP/1.1" 200 20104 "http://www.secrepo.com/self.logs/" "Wget/1.19.1 (cygwin)" 
132.147.76.140 - - [20/Sep/2017:04:43:22 -0700] "GET /self.logs/access.log.2017-07-05.gz HTTP/1.1" 200 22740 "http://www.secrepo.com/self.logs/" "Wget/1.19.1 (cygwin)" 
132.147.76.140 - - [20/Sep/2017:04:43:32 -0700] "GET /self.logs/access.log.2017-07-06.gz HTTP/1.1" 200 42039 "http://www.secrepo.com/self.logs/" "Wget/1.19.1 (cygwin)" 
132.147.76.140 - - [20/Sep/2017:04:43:42 -0700] "GET /self.logs/access.log.2017-07-07.gz HTTP/1.1" 200 20594 "http://www.secrepo.com/self.logs/" "Wget/1.19.1 (cygwin)" 
132.147.76.140 - - [20/Sep/2017:04:43:52 -0700] "GET /self.logs/access.log.2017-07-08.gz HTTP/1.1" 200 12933 "http://www.secrepo.com/self.logs/" "Wget/1.19.1 (cygwin)" 
132.147.76.140 - - [20/Sep/2017:04:44:01 -0700] "GET /self.logs/access.log.2017-07-09.gz HTTP/1.1" 200 31485 "http://www.secrepo.com/self.logs/" "Wget/1.19.1 (cygwin)" 
132.147.76.140 - - [20/Sep/2017:04:44:11 -0700] "GET /self.logs/access.log.2017-07-10.gz HTTP/1.1" 200 16828 "http://www.secrepo.com/self.logs/" "Wget/1.19.1 (cygwin)" 
132.147.76.140 - - [20/Sep/2017:04:44:21 -0700] "GET /self.logs/access.log.2017-07-11.gz HTTP/1.1" 200 14039 "http://www.secrepo.com/self.logs/" "Wget/1.19.1 (cygwin)" 
132.147.76.140 - - [20/Sep/2017:04:44:30 -0700] "GET /self.logs/access.log.2017-07-12.gz HTTP/1.1" 200 39183 "http://www.secrepo.com/self.logs/" "Wget/1.19.1 (cygwin)" 
132.147.76.140 - - [20/Sep/2017:04:44:40 -0700] "GET /self.logs/access.log.2017-07-13.gz HTTP/1.1" 200 23082 "http://www.secrepo.com/self.logs/" "Wget/1.19.1 (cygwin)" 
132.147.76.140 - - [20/Sep/2017:04:44:50 -0700] "GET /self.logs/access.log.2017-07-14.gz HTTP/1.1" 200 21346 "http://www.secrepo.com/self.logs/" "Wget/1.19.1 (cygwin)" 
132.147.76.140 - - [20/Sep/2017:04:45:00 -0700] "GET /self.logs/access.log.2017-07-15.gz HTTP/1.1" 200 28319 "http://www.secrepo.com/self.logs/" "Wget/1.19.1 (cygwin)" 
132.147.76.140 - - [20/Sep/2017:04:45:10 -0700] "GET /self.logs/access.log.2017-07-16.gz HTTP/1.1" 200 16763 "http://www.secrepo.com/self.logs/" "Wget/1.19.1 (cygwin)" 
132.147.76.140 - - [20/Sep/2017:04:45:19 -0700] "GET /self.logs/access.log.2017-07-17.gz HTTP/1.1" 200 78944 "http://www.secrepo.com/self.logs/" "Wget/1.19.1 (cygwin)" 
132.147.76.140 - - [20/Sep/2017:04:45:29 -0700] "GET /self.logs/access.log.2017-07-18.gz HTTP/1.1" 200 20334 "http://www.secrepo.com/self.logs/" "Wget/1.19.1 (cygwin)" 
132.147.76.140 - - [20/Sep/2017:04:45:39 -0700] "GET /self.logs/access.log.2017-07-19.gz HTTP/1.1" 200 22506 "http://www.secrepo.com/self.logs/" "Wget/1.19.1 (cygwin)" 
132.147.76.140 - - [20/Sep/2017:04:45:49 -0700] "GET /self.logs/access.log.2017-07-20.gz HTTP/1.1" 200 19940 "http://www.secrepo.com/self.logs/" "Wget/1.19.1 (cygwin)" 
132.147.76.140 - - [20/Sep/2017:04:45:59 -0700] "GET /self.logs/access.log.2017-07-21.gz HTTP/1.1" 200 36071 "http://www.secrepo.com/self.logs/" "Wget/1.19.1 (cygwin)" 
132.147.76.140 - - [20/Sep/2017:04:46:09 -0700] "GET /self.logs/access.log.2017-07-22.gz HTTP/1.1" 200 16352 "http://www.secrepo.com/self.logs/" "Wget/1.19.1 (cygwin)" 
132.147.76.140 - - [20/Sep/2017:04:46:18 -0700] "GET /self.logs/access.log.2017-07-23.gz HTTP/1.1" 200 35644 "http://www.secrepo.com/self.logs/" "Wget/1.19.1 (cygwin)" 
132.147.76.140 - - [20/Sep/2017:04:46:28 -0700] "GET /self.logs/access.log.2017-07-24.gz HTTP/1.1" 200 35694 "http://www.secrepo.com/self.logs/" "Wget/1.19.1 (cygwin)" 
132.147.76.140 - - [20/Sep/2017:04:46:38 -0700] "GET /self.logs/access.log.2017-07-25.gz HTTP/1.1" 200 28565 "http://www.secrepo.com/self.logs/" "Wget/1.19.1 (cygwin)" 
132.147.76.140 - - [20/Sep/2017:04:46:50 -0700] "GET /self.logs/access.log.2017-07-26.gz HTTP/1.1" 200 17711 "http://www.secrepo.com/self.logs/" "Wget/1.19.1 (cygwin)" 
132.147.76.140 - - [20/Sep/2017:04:46:59 -0700] "GET /self.logs/access.log.2017-07-27.gz HTTP/1.1" 200 21374 "http://www.secrepo.com/self.logs/" "Wget/1.19.1 (cygwin)" 
132.147.76.140 - - [20/Sep/2017:04:47:09 -0700] "GET /self.logs/access.log.2017-07-28.gz HTTP/1.1" 200 14180 "http://www.secrepo.com/self.logs/" "Wget/1.19.1 (cygwin)" 
132.147.76.140 - - [20/Sep/2017:04:47:19 -0700] "GET /self.logs/access.log.2017-07-29.gz HTTP/1.1" 200 13179 "http://www.secrepo.com/self.logs/" "Wget/1.19.1 (cygwin)" 
132.147.76.140 - - [20/Sep/2017:04:47:28 -0700] "GET /self.logs/access.log.2017-07-30.gz HTTP/1.1" 200 15804 "http://www.secrepo.com/self.logs/" "Wget/1.19.1 (cygwin)" 
132.147.76.140 - - [20/Sep/2017:04:47:38 -0700] "GET /self.logs/access.log.2017-07-31.gz HTTP/1.1" 200 52629 "http://www.secrepo.com/self.logs/" "Wget/1.19.1 (cygwin)" 
132.147.76.140 - - [20/Sep/2017:04:47:48 -0700] "GET /self.logs/access.log.2017-08-01.gz HTTP/1.1" 200 30078 "http://www.secrepo.com/self.logs/" "Wget/1.19.1 (cygwin)" 
132.147.76.140 - - [20/Sep/2017:04:47:58 -0700] "GET /self.logs/access.log.2017-08-02.gz HTTP/1.1" 200 17805 "http://www.secrepo.com/self.logs/" "Wget/1.19.1 (cygwin)" 
132.147.76.140 - - [20/Sep/2017:04:48:08 -0700] "GET /self.logs/access.log.2017-08-03.gz HTTP/1.1" 200 20464 "http://www.secrepo.com/self.logs/" "Wget/1.19.1 (cygwin)" 
132.147.76.140 - - [20/Sep/2017:04:48:17 -0700] "GET /self.logs/access.log.2017-08-04.gz HTTP/1.1" 200 16244 "http://www.secrepo.com/self.logs/" "Wget/1.19.1 (cygwin)" 
141.255.89.15 - - [20/Sep/2017:04:48:25 -0700] "GET /wp-login.php HTTP/1.1" 301 522 "-" "Mozilla/5.0 (Windows NT 6.1; WOW64; rv:40.0) Gecko/20100101 Firefox/40.1" 
141.255.89.15 - - [20/Sep/2017:04:48:26 -0700] "GET /wp-login.php HTTP/1.1" 404 295 "-" "Mozilla/5.0 (Windows NT 6.1; WOW64; rv:40.0) Gecko/20100101 Firefox/40.1" 
132.147.76.140 - - [20/Sep/2017:04:48:27 -0700] "GET /self.logs/access.log.2017-08-05.gz HTTP/1.1" 200 31732 "http://www.secrepo.com/self.logs/" "Wget/1.19.1 (cygwin)" 
141.255.89.15 - - [20/Sep/2017:04:48:31 -0700] "GET /wp-login.php HTTP/1.1" 301 522 "-" "Mozilla/5.0 (Windows NT 6.1; WOW64; rv:40.0) Gecko/20100101 Firefox/40.1" 
141.255.89.15 - - [20/Sep/2017:04:48:32 -0700] "GET /wp-login.php HTTP/1.1" 404 295 "-" "Mozilla/5.0 (Windows NT 6.1; WOW64; rv:40.0) Gecko/20100101 Firefox/40.1" 
141.255.89.15 - - [20/Sep/2017:04:48:37 -0700] "GET / HTTP/1.1" 301 498 "-" "Mozilla/5.0 (Windows NT 6.1; WOW64; rv:40.0) Gecko/20100101 Firefox/40.1" 
132.147.76.140 - - [20/Sep/2017:04:48:37 -0700] "GET /self.logs/access.log.2017-08-06.gz HTTP/1.1" 200 53955 "http://www.secrepo.com/self.logs/" "Wget/1.19.1 (cygwin)" 
141.255.89.15 - - [20/Sep/2017:04:48:37 -0700] "GET / HTTP/1.1" 200 36860 "-" "Mozilla/5.0 (Windows NT 6.1; WOW64; rv:40.0) Gecko/20100101 Firefox/40.1" 
132.147.76.140 - - [20/Sep/2017:04:48:47 -0700] "GET /self.logs/access.log.2017-08-07.gz HTTP/1.1" 200 38415 "http://www.secrepo.com/self.logs/" "Wget/1.19.1 (cygwin)" 
132.147.76.140 - - [20/Sep/2017:04:48:57 -0700] "GET /self.logs/access.log.2017-08-08.gz HTTP/1.1" 200 23964 "http://www.secrepo.com/self.logs/" "Wget/1.19.1 (cygwin)" 
132.147.76.140 - - [20/Sep/2017:04:49:07 -0700] "GET /self.logs/access.log.2017-08-09.gz HTTP/1.1" 200 26558 "http://www.secrepo.com/self.logs/" "Wget/1.19.1 (cygwin)" 
132.147.76.140 - - [20/Sep/2017:04:49:16 -0700] "GET /self.logs/access.log.2017-08-10.gz HTTP/1.1" 200 18039 "http://www.secrepo.com/self.logs/" "Wget/1.19.1 (cygwin)" 
132.147.76.140 - - [20/Sep/2017:04:49:26 -0700] "GET /self.logs/access.log.2017-08-11.gz HTTP/1.1" 200 18358 "http://www.secrepo.com/self.logs/" "Wget/1.19.1 (cygwin)" 
132.147.76.140 - - [20/Sep/2017:04:49:36 -0700] "GET /self.logs/access.log.2017-08-12.gz HTTP/1.1" 200 16662 "http://www.secrepo.com/self.logs/" "Wget/1.19.1 (cygwin)" 
132.147.76.140 - - [20/Sep/2017:04:49:45 -0700] "GET /self.logs/access.log.2017-08-13.gz HTTP/1.1" 200 17802 "http://www.secrepo.com/self.logs/" "Wget/1.19.1 (cygwin)" 
132.147.76.140 - - [20/Sep/2017:04:49:55 -0700] "GET /self.logs/access.log.2017-08-14.gz HTTP/1.1" 200 19588 "http://www.secrepo.com/self.logs/" "Wget/1.19.1 (cygwin)" 
132.147.76.140 - - [20/Sep/2017:04:50:05 -0700] "GET /self.logs/access.log.2017-08-15.gz HTTP/1.1" 200 57580 "http://www.secrepo.com/self.logs/" "Wget/1.19.1 (cygwin)" 
132.147.76.140 - - [20/Sep/2017:04:50:15 -0700] "GET /self.logs/access.log.2017-08-16.gz HTTP/1.1" 200 21364 "http://www.secrepo.com/self.logs/" "Wget/1.19.1 (cygwin)" 
132.147.76.140 - - [20/Sep/2017:04:50:25 -0700] "GET /self.logs/access.log.2017-08-17.gz HTTP/1.1" 200 21261 "http://www.secrepo.com/self.logs/" "Wget/1.19.1 (cygwin)" 
132.147.76.140 - - [20/Sep/2017:04:50:35 -0700] "GET /self.logs/access.log.2017-08-18.gz HTTP/1.1" 200 15360 "http://www.secrepo.com/self.logs/" "Wget/1.19.1 (cygwin)" 
132.147.76.140 - - [20/Sep/2017:04:50:46 -0700] "GET /self.logs/access.log.2017-08-19.gz HTTP/1.1" 200 15993 "http://www.secrepo.com/self.logs/" "Wget/1.19.1 (cygwin)" 
132.147.76.140 - - [20/Sep/2017:04:50:56 -0700] "GET /self.logs/access.log.2017-08-20.gz HTTP/1.1" 200 17282 "http://www.secrepo.com/self.logs/" "Wget/1.19.1 (cygwin)" 
79.54.227.64 - - [20/Sep/2017:04:51:01 -0700] "GET / HTTP/1.1" 200 10915 "-" "Mozilla/5.0 (Macintosh; Intel Mac OS X 10_12_6) AppleWebKit/604.1.38 (KHTML, like Gecko)" 
79.54.227.64 - - [20/Sep/2017:04:51:02 -0700] "GET /apple-touch-icon-precomposed.png HTTP/1.1" 404 340 "-" "Safari/12604.1.38.1.7 CFNetwork/811.5.4 Darwin/16.7.0 (x86_64)" 
79.54.227.64 - - [20/Sep/2017:04:51:02 -0700] "GET /apple-touch-icon.png HTTP/1.1" 404 339 "-" "Safari/12604.1.38.1.7 CFNetwork/811.5.4 Darwin/16.7.0 (x86_64)" 
79.54.227.64 - - [20/Sep/2017:04:51:02 -0700] "GET /bootstrap/img/favicon.ico HTTP/1.1" 200 589 "-" "Safari/12604.1.38.1.7 CFNetwork/811.5.4 Darwin/16.7.0 (x86_64)" 
79.54.227.64 - - [20/Sep/2017:04:51:02 -0700] "GET / HTTP/1.1" 200 10914 "-" "Mozilla/5.0 (iPhone; CPU iPhone OS 10_3 like Mac OS X) AppleWebKit/603.1.30 (KHTML, like Gecko) Version/10.3 Mobile/14E277 Safari/603.1.30" 
79.54.227.64 - - [20/Sep/2017:04:51:02 -0700] "GET /apple-touch-icon-precomposed.png HTTP/1.1" 404 339 "-" "Safari/12604.1.38.1.7 CFNetwork/811.5.4 Darwin/16.7.0 (x86_64)" 
79.54.227.64 - - [20/Sep/2017:04:51:02 -0700] "GET /apple-touch-icon.png HTTP/1.1" 404 339 "-" "Safari/12604.1.38.1.7 CFNetwork/811.5.4 Darwin/16.7.0 (x86_64)" 
79.54.227.64 - - [20/Sep/2017:04:51:02 -0700] "GET /bootstrap/img/favicon.ico HTTP/1.1" 200 589 "-" "Safari/12604.1.38.1.7 CFNetwork/811.5.4 Darwin/16.7.0 (x86_64)" 
132.147.76.140 - - [20/Sep/2017:04:51:06 -0700] "GET /self.logs/access.log.2017-08-21.gz HTTP/1.1" 200 40484 "http://www.secrepo.com/self.logs/" "Wget/1.19.1 (cygwin)" 
132.147.76.140 - - [20/Sep/2017:04:51:16 -0700] "GET /self.logs/access.log.2017-08-22.gz HTTP/1.1" 200 23336 "http://www.secrepo.com/self.logs/" "Wget/1.19.1 (cygwin)" 
132.147.76.140 - - [20/Sep/2017:04:51:25 -0700] "GET /self.logs/access.log.2017-08-23.gz HTTP/1.1" 200 21097 "http://www.secrepo.com/self.logs/" "Wget/1.19.1 (cygwin)" 
132.147.76.140 - - [20/Sep/2017:04:51:35 -0700] "GET /self.logs/access.log.2017-08-24.gz HTTP/1.1" 200 22447 "http://www.secrepo.com/self.logs/" "Wget/1.19.1 (cygwin)" 
132.147.76.140 - - [20/Sep/2017:04:51:45 -0700] "GET /self.logs/access.log.2017-08-25.gz HTTP/1.1" 200 17960 "http://www.secrepo.com/self.logs/" "Wget/1.19.1 (cygwin)" 
64.102.249.7 - - [20/Sep/2017:04:51:48 -0700] "GET /bootstrap/img/favicon.ico HTTP/1.1" 200 590 "-" "Mozilla/5.0 (Macintosh; Intel Mac OS X 10.12; rv:55.0) Gecko/20100101 Firefox/55.0" 
132.147.76.140 - - [20/Sep/2017:04:51:55 -0700] "GET /self.logs/access.log.2017-08-26.gz HTTP/1.1" 200 16538 "http://www.secrepo.com/self.logs/" "Wget/1.19.1 (cygwin)" 
132.147.76.140 - - [20/Sep/2017:04:52:04 -0700] "GET /self.logs/access.log.2017-08-27.gz HTTP/1.1" 200 19928 "http://www.secrepo.com/self.logs/" "Wget/1.19.1 (cygwin)" 
197.52.157.32 - - [20/Sep/2017:04:52:12 -0700] "GET /wp-login.php HTTP/1.1" 301 522 "-" "Mozilla/5.0 (Windows NT 6.1; WOW64; rv:40.0) Gecko/20100101 Firefox/40.1" 
197.52.157.32 - - [20/Sep/2017:04:52:12 -0700] "GET /wp-login.php HTTP/1.1" 404 295 "-" "Mozilla/5.0 (Windows NT 6.1; WOW64; rv:40.0) Gecko/20100101 Firefox/40.1" 
132.147.76.140 - - [20/Sep/2017:04:52:15 -0700] "GET /self.logs/access.log.2017-08-28.gz HTTP/1.1" 200 23237 "http://www.secrepo.com/self.logs/" "Wget/1.19.1 (cygwin)" 
197.52.157.32 - - [20/Sep/2017:04:52:18 -0700] "GET /wp-login.php HTTP/1.1" 301 522 "-" "Mozilla/5.0 (Windows NT 6.1; WOW64; rv:40.0) Gecko/20100101 Firefox/40.1" 
197.52.157.32 - - [20/Sep/2017:04:52:18 -0700] "GET /wp-login.php HTTP/1.1" 404 295 "-" "Mozilla/5.0 (Windows NT 6.1; WOW64; rv:40.0) Gecko/20100101 Firefox/40.1" 
197.52.157.32 - - [20/Sep/2017:04:52:24 -0700] "GET / HTTP/1.1" 301 498 "-" "Mozilla/5.0 (Windows NT 6.1; WOW64; rv:40.0) Gecko/20100101 Firefox/40.1" 
197.52.157.32 - - [20/Sep/2017:04:52:24 -0700] "GET / HTTP/1.1" 200 36860 "-" "Mozilla/5.0 (Windows NT 6.1; WOW64; rv:40.0) Gecko/20100101 Firefox/40.1" 
132.147.76.140 - - [20/Sep/2017:04:52:25 -0700] "GET /self.logs/access.log.2017-08-29.gz HTTP/1.1" 200 24864 "http://www.secrepo.com/self.logs/" "Wget/1.19.1 (cygwin)" 
132.147.76.140 - - [20/Sep/2017:04:52:34 -0700] "GET /self.logs/access.log.2017-08-30.gz HTTP/1.1" 200 29531 "http://www.secrepo.com/self.logs/" "Wget/1.19.1 (cygwin)" 
132.147.76.140 - - [20/Sep/2017:04:52:44 -0700] "GET /self.logs/access.log.2017-08-31.gz HTTP/1.1" 200 23542 "http://www.secrepo.com/self.logs/" "Wget/1.19.1 (cygwin)" 
132.147.76.140 - - [20/Sep/2017:04:52:54 -0700] "GET /self.logs/access.log.2017-09-01.gz HTTP/1.1" 200 22664 "http://www.secrepo.com/self.logs/" "Wget/1.19.1 (cygwin)" 
132.147.76.140 - - [20/Sep/2017:04:53:04 -0700] "GET /self.logs/access.log.2017-09-02.gz HTTP/1.1" 200 16345 "http://www.secrepo.com/self.logs/" "Wget/1.19.1 (cygwin)" 
132.147.76.140 - - [20/Sep/2017:04:53:13 -0700] "GET /self.logs/access.log.2017-09-03.gz HTTP/1.1" 200 19771 "http://www.secrepo.com/self.logs/" "Wget/1.19.1 (cygwin)" 
132.147.76.140 - - [20/Sep/2017:04:53:23 -0700] "GET /self.logs/access.log.2017-09-04.gz HTTP/1.1" 200 20885 "http://www.secrepo.com/self.logs/" "Wget/1.19.1 (cygwin)" 
132.147.76.140 - - [20/Sep/2017:04:53:33 -0700] "GET /self.logs/access.log.2017-09-05.gz HTTP/1.1" 200 21508 "http://www.secrepo.com/self.logs/" "Wget/1.19.1 (cygwin)" 
132.147.76.140 - - [20/Sep/2017:04:53:42 -0700] "GET /self.logs/access.log.2017-09-06.gz HTTP/1.1" 200 25741 "http://www.secrepo.com/self.logs/" "Wget/1.19.1 (cygwin)" 
132.147.76.140 - - [20/Sep/2017:04:53:52 -0700] "GET /self.logs/access.log.2017-09-07.gz HTTP/1.1" 200 24623 "http://www.secrepo.com/self.logs/" "Wget/1.19.1 (cygwin)" 
132.147.76.140 - - [20/Sep/2017:04:54:02 -0700] "GET /self.logs/access.log.2017-09-08.gz HTTP/1.1" 200 24214 "http://www.secrepo.com/self.logs/" "Wget/1.19.1 (cygwin)" 
132.147.76.140 - - [20/Sep/2017:04:54:12 -0700] "GET /self.logs/access.log.2017-09-09.gz HTTP/1.1" 200 15196 "http://www.secrepo.com/self.logs/" "Wget/1.19.1 (cygwin)" 
132.147.76.140 - - [20/Sep/2017:04:54:21 -0700] "GET /self.logs/access.log.2017-09-10.gz HTTP/1.1" 200 21766 "http://www.secrepo.com/self.logs/" "Wget/1.19.1 (cygwin)" 
203.7.171.100 - - [20/Sep/2017:04:54:29 -0700] "GET /twitter-icon.png HTTP/1.1" 200 27788 "-" "Mozilla/5.0 (Windows NT 10.0; Win64; x64) AppleWebKit/537.36 (KHTML, like Gecko) Chrome/60.0.3112.113 Safari/537.36" 
123.231.236.254 - - [20/Sep/2017:04:54:29 -0700] "GET /GitHub-Mark.png HTTP/1.1" 200 7428 "-" "Mozilla/5.0 (Windows NT 10.0; Win64; x64) AppleWebKit/537.36 (KHTML, like Gecko) Chrome/60.0.3112.113 Safari/537.36" 
132.147.76.140 - - [20/Sep/2017:04:54:31 -0700] "GET /self.logs/access.log.2017-09-11.gz HTTP/1.1" 200 34363 "http://www.secrepo.com/self.logs/" "Wget/1.19.1 (cygwin)" 
132.147.76.140 - - [20/Sep/2017:04:54:41 -0700] "GET /self.logs/access.log.2017-09-12.gz HTTP/1.1" 200 21408 "http://www.secrepo.com/self.logs/" "Wget/1.19.1 (cygwin)" 
132.147.76.140 - - [20/Sep/2017:04:54:51 -0700] "GET /self.logs/access.log.2017-09-13.gz HTTP/1.1" 200 32783 "http://www.secrepo.com/self.logs/" "Wget/1.19.1 (cygwin)" 
132.147.76.140 - - [20/Sep/2017:04:55:00 -0700] "GET /self.logs/access.log.2017-09-14.gz HTTP/1.1" 200 24731 "http://www.secrepo.com/self.logs/" "Wget/1.19.1 (cygwin)" 
132.147.76.140 - - [20/Sep/2017:04:55:10 -0700] "GET /self.logs/access.log.2017-09-15.gz HTTP/1.1" 200 18692 "http://www.secrepo.com/self.logs/" "Wget/1.19.1 (cygwin)" 
132.147.76.140 - - [20/Sep/2017:04:55:20 -0700] "GET /self.logs/access.log.2017-09-16.gz HTTP/1.1" 200 35552 "http://www.secrepo.com/self.logs/" "Wget/1.19.1 (cygwin)" 
132.147.76.140 - - [20/Sep/2017:04:55:30 -0700] "GET /self.logs/error.log.2017-01-01.gz HTTP/1.1" 200 996 "http://www.secrepo.com/self.logs/" "Wget/1.19.1 (cygwin)" 
132.147.76.140 - - [20/Sep/2017:04:55:39 -0700] "GET /self.logs/error.log.2017-01-02.gz HTTP/1.1" 200 2605 "http://www.secrepo.com/self.logs/" "Wget/1.19.1 (cygwin)" 
115.66.161.107 - - [20/Sep/2017:04:55:44 -0700] "GET /self.logs/ HTTP/1.1" 200 5602 "-" "Mozilla/5.0 (Windows NT 10.0; Win64; x64) AppleWebKit/537.36 (KHTML, like Gecko) Chrome/60.0.3112.113 Safari/537.36" 
115.66.161.107 - - [20/Sep/2017:04:55:45 -0700] "GET /favicon.ico HTTP/1.1" 200 267 "http://www.secrepo.com/self.logs/" "Mozilla/5.0 (Windows NT 10.0; Win64; x64) AppleWebKit/537.36 (KHTML, like Gecko) Chrome/60.0.3112.113 Safari/537.36" 
132.147.76.140 - - [20/Sep/2017:04:55:49 -0700] "GET /self.logs/error.log.2017-01-03.gz HTTP/1.1" 200 4406 "http://www.secrepo.com/self.logs/" "Wget/1.19.1 (cygwin)" 
115.66.161.107 - - [20/Sep/2017:04:55:56 -0700] "GET /self.logs/access.log.2017-01-01.gz HTTP/1.1" 200 17655 "http://www.secrepo.com/self.logs/" "Mozilla/5.0 (Windows NT 10.0; Win64; x64) AppleWebKit/537.36 (KHTML, like Gecko) Chrome/60.0.3112.113 Safari/537.36" 
132.147.76.140 - - [20/Sep/2017:04:55:58 -0700] "GET /self.logs/error.log.2017-01-04.gz HTTP/1.1" 200 4093 "http://www.secrepo.com/self.logs/" "Wget/1.19.1 (cygwin)" 
132.147.76.140 - - [20/Sep/2017:04:56:08 -0700] "GET /self.logs/error.log.2017-01-05.gz HTTP/1.1" 200 5022 "http://www.secrepo.com/self.logs/" "Wget/1.19.1 (cygwin)" 
132.147.76.140 - - [20/Sep/2017:04:56:17 -0700] "GET /self.logs/error.log.2017-01-06.gz HTTP/1.1" 200 2338 "http://www.secrepo.com/self.logs/" "Wget/1.19.1 (cygwin)" 
132.147.76.140 - - [20/Sep/2017:04:56:27 -0700] "GET /self.logs/error.log.2017-01-07.gz HTTP/1.1" 200 800 "http://www.secrepo.com/self.logs/" "Wget/1.19.1 (cygwin)" 
132.147.76.140 - - [20/Sep/2017:04:56:36 -0700] "GET /self.logs/error.log.2017-01-08.gz HTTP/1.1" 200 1060 "http://www.secrepo.com/self.logs/" "Wget/1.19.1 (cygwin)" 
132.147.76.140 - - [20/Sep/2017:04:56:46 -0700] "GET /self.logs/error.log.2017-01-09.gz HTTP/1.1" 200 851 "http://www.secrepo.com/self.logs/" "Wget/1.19.1 (cygwin)" 
132.147.76.140 - - [20/Sep/2017:04:56:55 -0700] "GET /self.logs/error.log.2017-01-10.gz HTTP/1.1" 200 2588 "http://www.secrepo.com/self.logs/" "Wget/1.19.1 (cygwin)" 
132.147.76.140 - - [20/Sep/2017:04:57:05 -0700] "GET /self.logs/error.log.2017-01-11.gz HTTP/1.1" 200 3447 "http://www.secrepo.com/self.logs/" "Wget/1.19.1 (cygwin)" 
132.147.76.140 - - [20/Sep/2017:04:57:15 -0700] "GET /self.logs/error.log.2017-01-12.gz HTTP/1.1" 200 2286 "http://www.secrepo.com/self.logs/" "Wget/1.19.1 (cygwin)" 
132.147.76.140 - - [20/Sep/2017:04:57:24 -0700] "GET /self.logs/error.log.2017-01-13.gz HTTP/1.1" 200 1146 "http://www.secrepo.com/self.logs/" "Wget/1.19.1 (cygwin)" 
132.147.76.140 - - [20/Sep/2017:04:57:34 -0700] "GET /self.logs/error.log.2017-01-14.gz HTTP/1.1" 200 767 "http://www.secrepo.com/self.logs/" "Wget/1.19.1 (cygwin)" 
115.66.161.107 - - [20/Sep/2017:04:57:41 -0700] "GET / HTTP/1.1" 200 10915 "-" "Mozilla/5.0 (Windows NT 10.0; Win64; x64) AppleWebKit/537.36 (KHTML, like Gecko) Chrome/60.0.3112.113 Safari/537.36" 
115.66.161.107 - - [20/Sep/2017:04:57:42 -0700] "GET /twitter-icon.png HTTP/1.1" 200 27787 "http://www.secrepo.com/" "Mozilla/5.0 (Windows NT 10.0; Win64; x64) AppleWebKit/537.36 (KHTML, like Gecko) Chrome/60.0.3112.113 Safari/537.36" 
115.66.161.107 - - [20/Sep/2017:04:57:42 -0700] "GET /GitHub-Mark.png HTTP/1.1" 200 7428 "http://www.secrepo.com/" "Mozilla/5.0 (Windows NT 10.0; Win64; x64) AppleWebKit/537.36 (KHTML, like Gecko) Chrome/60.0.3112.113 Safari/537.36" 
115.66.161.107 - - [20/Sep/2017:04:57:42 -0700] "GET /bootstrap/img/favicon.ico HTTP/1.1" 200 589 "http://www.secrepo.com/" "Mozilla/5.0 (Windows NT 10.0; Win64; x64) AppleWebKit/537.36 (KHTML, like Gecko) Chrome/60.0.3112.113 Safari/537.36" 
132.147.76.140 - - [20/Sep/2017:04:57:43 -0700] "GET /self.logs/error.log.2017-01-15.gz HTTP/1.1" 200 769 "http://www.secrepo.com/self.logs/" "Wget/1.19.1 (cygwin)" 
132.147.76.140 - - [20/Sep/2017:04:57:53 -0700] "GET /self.logs/error.log.2017-01-16.gz HTTP/1.1" 200 956 "http://www.secrepo.com/self.logs/" "Wget/1.19.1 (cygwin)" 
132.147.76.140 - - [20/Sep/2017:04:58:02 -0700] "GET /self.logs/error.log.2017-01-17.gz HTTP/1.1" 200 861 "http://www.secrepo.com/self.logs/" "Wget/1.19.1 (cygwin)" 
132.147.76.140 - - [20/Sep/2017:04:58:12 -0700] "GET /self.logs/error.log.2017-01-18.gz HTTP/1.1" 200 643 "http://www.secrepo.com/self.logs/" "Wget/1.19.1 (cygwin)" 
132.147.76.140 - - [20/Sep/2017:04:58:22 -0700] "GET /self.logs/error.log.2017-01-19.gz HTTP/1.1" 200 828 "http://www.secrepo.com/self.logs/" "Wget/1.19.1 (cygwin)" 
132.147.76.140 - - [20/Sep/2017:04:58:31 -0700] "GET /self.logs/error.log.2017-01-20.gz HTTP/1.1" 200 782 "http://www.secrepo.com/self.logs/" "Wget/1.19.1 (cygwin)" 
132.147.76.140 - - [20/Sep/2017:04:58:41 -0700] "GET /self.logs/error.log.2017-01-21.gz HTTP/1.1" 200 922 "http://www.secrepo.com/self.logs/" "Wget/1.19.1 (cygwin)" 
132.147.76.140 - - [20/Sep/2017:04:58:50 -0700] "GET /self.logs/error.log.2017-01-22.gz HTTP/1.1" 200 703 "http://www.secrepo.com/self.logs/" "Wget/1.19.1 (cygwin)" 
115.66.161.107 - - [20/Sep/2017:04:58:22 -0700] "GET /maccdc2012/http.log.gz HTTP/1.1" 200 53695054 "-" "Mozilla/5.0 (Windows NT 10.0; Win64; x64) AppleWebKit/537.36 (KHTML, like Gecko) Chrome/60.0.3112.113 Safari/537.36" 
132.147.76.140 - - [20/Sep/2017:04:58:59 -0700] "GET /self.logs/error.log.2017-01-23.gz HTTP/1.1" 200 977 "http://www.secrepo.com/self.logs/" "Wget/1.19.1 (cygwin)" 
132.147.76.140 - - [20/Sep/2017:04:59:09 -0700] "GET /self.logs/error.log.2017-01-24.gz HTTP/1.1" 200 1192 "http://www.secrepo.com/self.logs/" "Wget/1.19.1 (cygwin)" 
132.147.76.140 - - [20/Sep/2017:04:59:18 -0700] "GET /self.logs/error.log.2017-01-25.gz HTTP/1.1" 200 1311 "http://www.secrepo.com/self.logs/" "Wget/1.19.1 (cygwin)" 
132.147.76.140 - - [20/Sep/2017:04:59:28 -0700] "GET /self.logs/error.log.2017-01-26.gz HTTP/1.1" 200 1294 "http://www.secrepo.com/self.logs/" "Wget/1.19.1 (cygwin)" 
40.77.167.145 - - [20/Sep/2017:04:59:37 -0700] "GET /self.logs/error.log.2016-04-28.gz HTTP/1.1" 404 340 "-" "Mozilla/5.0 (compatible; bingbot/2.0; +http://www.bing.com/bingbot.htm)" 
115.186.162.161 - - [20/Sep/2017:04:59:37 -0700] "GET /wp-login.php HTTP/1.1" 404 295 "-" "Mozilla/5.0 (Windows NT 6.1; WOW64; rv:40.0) Gecko/20100101 Firefox/40.1" 
132.147.76.140 - - [20/Sep/2017:04:59:37 -0700] "GET /self.logs/error.log.2017-01-27.gz HTTP/1.1" 200 1661 "http://www.secrepo.com/self.logs/" "Wget/1.19.1 (cygwin)" 
115.186.162.161 - - [20/Sep/2017:04:59:43 -0700] "GET /wp-login.php HTTP/1.1" 404 295 "-" "Mozilla/5.0 (Windows NT 6.1; WOW64; rv:40.0) Gecko/20100101 Firefox/40.1" 
132.147.76.140 - - [20/Sep/2017:04:59:47 -0700] "GET /self.logs/error.log.2017-01-28.gz HTTP/1.1" 200 1390 "http://www.secrepo.com/self.logs/" "Wget/1.19.1 (cygwin)" 
115.186.162.161 - - [20/Sep/2017:04:59:49 -0700] "GET / HTTP/1.1" 200 36860 "-" "Mozilla/5.0 (Windows NT 6.1; WOW64; rv:40.0) Gecko/20100101 Firefox/40.1" 
115.66.161.107 - - [20/Sep/2017:04:59:51 -0700] "GET /maccdc2012/ssh.log.gz HTTP/1.1" 200 182517 "-" "Mozilla/5.0 (Windows NT 10.0; Win64; x64) AppleWebKit/537.36 (KHTML, like Gecko) Chrome/60.0.3112.113 Safari/537.36" 
132.147.76.140 - - [20/Sep/2017:04:59:56 -0700] "GET /self.logs/error.log.2017-01-29.gz HTTP/1.1" 200 907 "http://www.secrepo.com/self.logs/" "Wget/1.19.1 (cygwin)" 
132.147.76.140 - - [20/Sep/2017:05:00:06 -0700] "GET /self.logs/error.log.2017-01-30.gz HTTP/1.1" 200 1872 "http://www.secrepo.com/self.logs/" "Wget/1.19.1 (cygwin)" 
132.147.76.140 - - [20/Sep/2017:05:00:16 -0700] "GET /self.logs/error.log.2017-01-31.gz HTTP/1.1" 200 2026 "http://www.secrepo.com/self.logs/" "Wget/1.19.1 (cygwin)" 
132.147.76.140 - - [20/Sep/2017:05:00:25 -0700] "GET /self.logs/error.log.2017-02-01.gz HTTP/1.1" 200 819 "http://www.secrepo.com/self.logs/" "Wget/1.19.1 (cygwin)" 
132.147.76.140 - - [20/Sep/2017:05:00:35 -0700] "GET /self.logs/error.log.2017-02-02.gz HTTP/1.1" 200 847 "http://www.secrepo.com/self.logs/" "Wget/1.19.1 (cygwin)" 
132.147.76.140 - - [20/Sep/2017:05:00:44 -0700] "GET /self.logs/error.log.2017-02-03.gz HTTP/1.1" 200 731 "http://www.secrepo.com/self.logs/" "Wget/1.19.1 (cygwin)" 
132.147.76.140 - - [20/Sep/2017:05:00:54 -0700] "GET /self.logs/error.log.2017-02-04.gz HTTP/1.1" 200 893 "http://www.secrepo.com/self.logs/" "Wget/1.19.1 (cygwin)" 
79.36.63.92 - - [20/Sep/2017:05:00:59 -0700] "GET /wp-login.php HTTP/1.1" 404 295 "-" "Mozilla/5.0 (Windows NT 6.1; WOW64; rv:40.0) Gecko/20100101 Firefox/40.1" 
132.147.76.140 - - [20/Sep/2017:05:01:03 -0700] "GET /self.logs/error.log.2017-02-05.gz HTTP/1.1" 200 1281 "http://www.secrepo.com/self.logs/" "Wget/1.19.1 (cygwin)" 
79.36.63.92 - - [20/Sep/2017:05:01:04 -0700] "GET /wp-login.php HTTP/1.1" 404 295 "-" "Mozilla/5.0 (Windows NT 6.1; WOW64; rv:40.0) Gecko/20100101 Firefox/40.1" 
79.36.63.92 - - [20/Sep/2017:05:01:10 -0700] "GET / HTTP/1.1" 200 36860 "-" "Mozilla/5.0 (Windows NT 6.1; WOW64; rv:40.0) Gecko/20100101 Firefox/40.1" 
132.147.76.140 - - [20/Sep/2017:05:01:13 -0700] "GET /self.logs/error.log.2017-02-06.gz HTTP/1.1" 200 1253 "http://www.secrepo.com/self.logs/" "Wget/1.19.1 (cygwin)" 
132.147.76.140 - - [20/Sep/2017:05:01:22 -0700] "GET /self.logs/error.log.2017-02-07.gz HTTP/1.1" 200 1286 "http://www.secrepo.com/self.logs/" "Wget/1.19.1 (cygwin)" 
132.147.76.140 - - [20/Sep/2017:05:01:32 -0700] "GET /self.logs/error.log.2017-02-08.gz HTTP/1.1" 200 2033 "http://www.secrepo.com/self.logs/" "Wget/1.19.1 (cygwin)" 
132.147.76.140 - - [20/Sep/2017:05:01:41 -0700] "GET /self.logs/error.log.2017-02-09.gz HTTP/1.1" 200 1095 "http://www.secrepo.com/self.logs/" "Wget/1.19.1 (cygwin)" 
132.147.76.140 - - [20/Sep/2017:05:01:51 -0700] "GET /self.logs/error.log.2017-02-10.gz HTTP/1.1" 200 1123 "http://www.secrepo.com/self.logs/" "Wget/1.19.1 (cygwin)" 
132.147.76.140 - - [20/Sep/2017:05:02:00 -0700] "GET /self.logs/error.log.2017-02-11.gz HTTP/1.1" 200 860 "http://www.secrepo.com/self.logs/" "Wget/1.19.1 (cygwin)" 
132.147.76.140 - - [20/Sep/2017:05:02:10 -0700] "GET /self.logs/error.log.2017-02-12.gz HTTP/1.1" 200 1113 "http://www.secrepo.com/self.logs/" "Wget/1.19.1 (cygwin)" 
132.147.76.140 - - [20/Sep/2017:05:02:19 -0700] "GET /self.logs/error.log.2017-02-13.gz HTTP/1.1" 200 1022 "http://www.secrepo.com/self.logs/" "Wget/1.19.1 (cygwin)" 
132.147.76.140 - - [20/Sep/2017:05:02:29 -0700] "GET /self.logs/error.log.2017-02-14.gz HTTP/1.1" 200 1613 "http://www.secrepo.com/self.logs/" "Wget/1.19.1 (cygwin)" 
132.147.76.140 - - [20/Sep/2017:05:02:38 -0700] "GET /self.logs/error.log.2017-02-15.gz HTTP/1.1" 200 776 "http://www.secrepo.com/self.logs/" "Wget/1.19.1 (cygwin)" 
132.147.76.140 - - [20/Sep/2017:05:02:48 -0700] "GET /self.logs/error.log.2017-02-16.gz HTTP/1.1" 200 1012 "http://www.secrepo.com/self.logs/" "Wget/1.19.1 (cygwin)" 
132.147.76.140 - - [20/Sep/2017:05:02:57 -0700] "GET /self.logs/error.log.2017-02-17.gz HTTP/1.1" 200 808 "http://www.secrepo.com/self.logs/" "Wget/1.19.1 (cygwin)" 
132.147.76.140 - - [20/Sep/2017:05:03:07 -0700] "GET /self.logs/error.log.2017-02-18.gz HTTP/1.1" 200 823 "http://www.secrepo.com/self.logs/" "Wget/1.19.1 (cygwin)" 
132.147.76.140 - - [20/Sep/2017:05:03:16 -0700] "GET /self.logs/error.log.2017-02-19.gz HTTP/1.1" 200 675 "http://www.secrepo.com/self.logs/" "Wget/1.19.1 (cygwin)" 
132.147.76.140 - - [20/Sep/2017:05:03:26 -0700] "GET /self.logs/error.log.2017-02-20.gz HTTP/1.1" 200 967 "http://www.secrepo.com/self.logs/" "Wget/1.19.1 (cygwin)" 
132.147.76.140 - - [20/Sep/2017:05:03:35 -0700] "GET /self.logs/error.log.2017-02-21.gz HTTP/1.1" 200 889 "http://www.secrepo.com/self.logs/" "Wget/1.19.1 (cygwin)" 
132.147.76.140 - - [20/Sep/2017:05:03:45 -0700] "GET /self.logs/error.log.2017-02-22.gz HTTP/1.1" 200 915 "http://www.secrepo.com/self.logs/" "Wget/1.19.1 (cygwin)" 
132.147.76.140 - - [20/Sep/2017:05:03:54 -0700] "GET /self.logs/error.log.2017-02-23.gz HTTP/1.1" 200 950 "http://www.secrepo.com/self.logs/" "Wget/1.19.1 (cygwin)" 
132.147.76.140 - - [20/Sep/2017:05:04:04 -0700] "GET /self.logs/error.log.2017-02-24.gz HTTP/1.1" 200 871 "http://www.secrepo.com/self.logs/" "Wget/1.19.1 (cygwin)" 
132.147.76.140 - - [20/Sep/2017:05:04:13 -0700] "GET /self.logs/error.log.2017-02-25.gz HTTP/1.1" 200 906 "http://www.secrepo.com/self.logs/" "Wget/1.19.1 (cygwin)" 
132.147.76.140 - - [20/Sep/2017:05:04:23 -0700] "GET /self.logs/error.log.2017-02-26.gz HTTP/1.1" 200 1442 "http://www.secrepo.com/self.logs/" "Wget/1.19.1 (cygwin)" 
132.147.76.140 - - [20/Sep/2017:05:04:32 -0700] "GET /self.logs/error.log.2017-02-27.gz HTTP/1.1" 200 992 "http://www.secrepo.com/self.logs/" "Wget/1.19.1 (cygwin)" 
132.147.76.140 - - [20/Sep/2017:05:04:42 -0700] "GET /self.logs/error.log.2017-02-28.gz HTTP/1.1" 200 806 "http://www.secrepo.com/self.logs/" "Wget/1.19.1 (cygwin)" 
132.147.76.140 - - [20/Sep/2017:05:04:51 -0700] "GET /self.logs/error.log.2017-03-01.gz HTTP/1.1" 200 998 "http://www.secrepo.com/self.logs/" "Wget/1.19.1 (cygwin)" 
115.66.161.107 - - [20/Sep/2017:05:04:58 -0700] "GET /self.logs/ HTTP/1.1" 200 5620 "-" "Mozilla/5.0 (Windows NT 10.0; Win64; x64) AppleWebKit/537.36 (KHTML, like Gecko) Chrome/60.0.3112.113 Safari/537.36" 
132.147.76.140 - - [20/Sep/2017:05:05:01 -0700] "GET /self.logs/error.log.2017-03-02.gz HTTP/1.1" 200 961 "http://www.secrepo.com/self.logs/" "Wget/1.19.1 (cygwin)" 
132.147.76.140 - - [20/Sep/2017:05:05:10 -0700] "GET /self.logs/error.log.2017-03-03.gz HTTP/1.1" 200 949 "http://www.secrepo.com/self.logs/" "Wget/1.19.1 (cygwin)" 
115.66.161.107 - - [20/Sep/2017:05:05:13 -0700] "GET /self.logs/ HTTP/1.1" 200 5620 "-" "Mozilla/5.0 (Windows NT 10.0; Win64; x64) AppleWebKit/537.36 (KHTML, like Gecko) Chrome/60.0.3112.113 Safari/537.36" 
132.147.76.140 - - [20/Sep/2017:05:05:20 -0700] "GET /self.logs/error.log.2017-03-04.gz HTTP/1.1" 200 1210 "http://www.secrepo.com/self.logs/" "Wget/1.19.1 (cygwin)" 
132.147.76.140 - - [20/Sep/2017:05:05:29 -0700] "GET /self.logs/error.log.2017-03-05.gz HTTP/1.1" 200 773 "http://www.secrepo.com/self.logs/" "Wget/1.19.1 (cygwin)" 
115.66.161.107 - - [20/Sep/2017:05:05:35 -0700] "GET /self.logs/2016/ HTTP/1.1" 200 7741 "http://www.secrepo.com/self.logs/" "Mozilla/5.0 (Windows NT 10.0; Win64; x64) AppleWebKit/537.36 (KHTML, like Gecko) Chrome/60.0.3112.113 Safari/537.36" 
132.147.76.140 - - [20/Sep/2017:05:05:39 -0700] "GET /self.logs/error.log.2017-03-06.gz HTTP/1.1" 200 822 "http://www.secrepo.com/self.logs/" "Wget/1.19.1 (cygwin)" 
132.147.76.140 - - [20/Sep/2017:05:05:48 -0700] "GET /self.logs/error.log.2017-03-07.gz HTTP/1.1" 200 907 "http://www.secrepo.com/self.logs/" "Wget/1.19.1 (cygwin)" 
132.147.76.140 - - [20/Sep/2017:05:05:58 -0700] "GET /self.logs/error.log.2017-03-08.gz HTTP/1.1" 200 1746 "http://www.secrepo.com/self.logs/" "Wget/1.19.1 (cygwin)" 
132.147.76.140 - - [20/Sep/2017:05:06:08 -0700] "GET /self.logs/error.log.2017-03-09.gz HTTP/1.1" 200 1256 "http://www.secrepo.com/self.logs/" "Wget/1.19.1 (cygwin)" 
132.147.76.140 - - [20/Sep/2017:05:06:17 -0700] "GET /self.logs/error.log.2017-03-10.gz HTTP/1.1" 200 873 "http://www.secrepo.com/self.logs/" "Wget/1.19.1 (cygwin)" 
132.147.76.140 - - [20/Sep/2017:05:06:27 -0700] "GET /self.logs/error.log.2017-03-11.gz HTTP/1.1" 200 683 "http://www.secrepo.com/self.logs/" "Wget/1.19.1 (cygwin)" 
132.147.76.140 - - [20/Sep/2017:05:06:36 -0700] "GET /self.logs/error.log.2017-03-13.gz HTTP/1.1" 200 1157 "http://www.secrepo.com/self.logs/" "Wget/1.19.1 (cygwin)" 
132.147.76.140 - - [20/Sep/2017:05:06:46 -0700] "GET /self.logs/error.log.2017-03-14.gz HTTP/1.1" 200 1116 "http://www.secrepo.com/self.logs/" "Wget/1.19.1 (cygwin)" 
132.147.76.140 - - [20/Sep/2017:05:06:55 -0700] "GET /self.logs/error.log.2017-03-15.gz HTTP/1.1" 200 897 "http://www.secrepo.com/self.logs/" "Wget/1.19.1 (cygwin)" 
132.147.76.140 - - [20/Sep/2017:05:07:05 -0700] "GET /self.logs/error.log.2017-03-16.gz HTTP/1.1" 200 1057 "http://www.secrepo.com/self.logs/" "Wget/1.19.1 (cygwin)" 
132.147.76.140 - - [20/Sep/2017:05:07:14 -0700] "GET /self.logs/error.log.2017-03-17.gz HTTP/1.1" 200 1004 "http://www.secrepo.com/self.logs/" "Wget/1.19.1 (cygwin)" 
132.147.76.140 - - [20/Sep/2017:05:07:24 -0700] "GET /self.logs/error.log.2017-03-18.gz HTTP/1.1" 200 1049 "http://www.secrepo.com/self.logs/" "Wget/1.19.1 (cygwin)" 
132.147.76.140 - - [20/Sep/2017:05:07:33 -0700] "GET /self.logs/error.log.2017-03-19.gz HTTP/1.1" 200 929 "http://www.secrepo.com/self.logs/" "Wget/1.19.1 (cygwin)" 
132.147.76.140 - - [20/Sep/2017:05:07:43 -0700] "GET /self.logs/error.log.2017-03-20.gz HTTP/1.1" 200 727 "http://www.secrepo.com/self.logs/" "Wget/1.19.1 (cygwin)" 
132.147.76.140 - - [20/Sep/2017:05:07:52 -0700] "GET /self.logs/error.log.2017-03-21.gz HTTP/1.1" 200 1018 "http://www.secrepo.com/self.logs/" "Wget/1.19.1 (cygwin)" 
132.147.76.140 - - [20/Sep/2017:05:08:02 -0700] "GET /self.logs/error.log.2017-03-22.gz HTTP/1.1" 200 759 "http://www.secrepo.com/self.logs/" "Wget/1.19.1 (cygwin)" 
132.147.76.140 - - [20/Sep/2017:05:08:11 -0700] "GET /self.logs/error.log.2017-03-23.gz HTTP/1.1" 200 790 "http://www.secrepo.com/self.logs/" "Wget/1.19.1 (cygwin)" 
51.255.71.125 - - [20/Sep/2017:05:08:12 -0700] "GET /self.logs/access.log.2015-03-21.gz HTTP/1.1" 404 284 "-" "Mozilla/5.0 (compatible; AhrefsBot/5.2; +http://ahrefs.com/robot/)" 
