50.118.172.90 - - [25/Nov/2017:08:32:02 -0800] "GET /twitter-icon.png HTTP/1.1" 200 27751 "http://www.secrepo.com/" "Mozilla/5.0 (Macintosh; Intel Mac OS X 10_12_6) AppleWebKit/537.36 (KHTML, like Gecko) Chrome/62.0.3202.94 Safari/537.36" 
50.118.172.90 - - [25/Nov/2017:08:32:02 -0800] "GET /GitHub-Mark.png HTTP/1.1" 200 7391 "http://www.secrepo.com/" "Mozilla/5.0 (Macintosh; Intel Mac OS X 10_12_6) AppleWebKit/537.36 (KHTML, like Gecko) Chrome/62.0.3202.94 Safari/537.36" 
50.118.172.90 - - [25/Nov/2017:08:32:05 -0800] "GET /bootstrap/img/favicon.ico HTTP/1.1" 200 553 "http://www.secrepo.com/" "Mozilla/5.0 (Macintosh; Intel Mac OS X 10_12_6) AppleWebKit/537.36 (KHTML, like Gecko) Chrome/62.0.3202.94 Safari/537.36" 
219.92.215.208 - - [25/Nov/2017:08:33:44 -0800] "GET /wp-login.php HTTP/1.1" 404 295 "-" "Mozilla/5.0 (Windows NT 6.1; WOW64; rv:40.0) Gecko/20100101 Firefox/40.1" 
219.92.215.208 - - [25/Nov/2017:08:33:49 -0800] "GET /wp-login.php HTTP/1.1" 404 295 "-" "Mozilla/5.0 (Windows NT 6.1; WOW64; rv:40.0) Gecko/20100101 Firefox/40.1" 
219.92.215.208 - - [25/Nov/2017:08:33:55 -0800] "GET / HTTP/1.1" 200 37415 "-" "Mozilla/5.0 (Windows NT 6.1; WOW64; rv:40.0) Gecko/20100101 Firefox/40.1" 
40.77.167.40 - - [25/Nov/2017:08:34:50 -0800] "GET /self.logs/access.log.2017-04-06.gz HTTP/1.1" 301 546 "-" "Mozilla/5.0 (compatible; bingbot/2.0; +http://www.bing.com/bingbot.htm)" 
167.56.152.150 - - [25/Nov/2017:08:35:43 -0800] "GET /wp-login.php HTTP/1.1" 404 295 "-" "Mozilla/5.0 (Windows NT 6.1; WOW64; rv:40.0) Gecko/20100101 Firefox/40.1" 
167.56.152.150 - - [25/Nov/2017:08:35:48 -0800] "GET /wp-login.php HTTP/1.1" 404 295 "-" "Mozilla/5.0 (Windows NT 6.1; WOW64; rv:40.0) Gecko/20100101 Firefox/40.1" 
167.56.152.150 - - [25/Nov/2017:08:35:53 -0800] "GET / HTTP/1.1" 200 37415 "-" "Mozilla/5.0 (Windows NT 6.1; WOW64; rv:40.0) Gecko/20100101 Firefox/40.1" 
41.144.174.181 - - [25/Nov/2017:08:45:38 -0800] "GET /wp-login.php HTTP/1.1" 404 295 "-" "Mozilla/5.0 (Windows NT 6.1; WOW64; rv:40.0) Gecko/20100101 Firefox/40.1" 
41.144.174.181 - - [25/Nov/2017:08:45:43 -0800] "GET /wp-login.php HTTP/1.1" 404 295 "-" "Mozilla/5.0 (Windows NT 6.1; WOW64; rv:40.0) Gecko/20100101 Firefox/40.1" 
41.144.174.181 - - [25/Nov/2017:08:45:49 -0800] "GET / HTTP/1.1" 200 37415 "-" "Mozilla/5.0 (Windows NT 6.1; WOW64; rv:40.0) Gecko/20100101 Firefox/40.1" 
217.182.132.84 - - [25/Nov/2017:08:53:07 -0800] "GET /self.logs/access.log.2015-06-23.gz HTTP/1.1" 404 284 "-" "Mozilla/5.0 (compatible; AhrefsBot/5.2; +http://ahrefs.com/robot/)" 
60.243.24.124 - - [25/Nov/2017:08:56:00 -0800] "GET /wp-login.php HTTP/1.1" 404 295 "-" "Mozilla/5.0 (Windows NT 6.1; WOW64; rv:40.0) Gecko/20100101 Firefox/40.1" 
60.243.24.124 - - [25/Nov/2017:08:56:06 -0800] "GET /wp-login.php HTTP/1.1" 404 295 "-" "Mozilla/5.0 (Windows NT 6.1; WOW64; rv:40.0) Gecko/20100101 Firefox/40.1" 
60.243.24.124 - - [25/Nov/2017:08:56:11 -0800] "GET / HTTP/1.1" 200 37415 "-" "Mozilla/5.0 (Windows NT 6.1; WOW64; rv:40.0) Gecko/20100101 Firefox/40.1" 
91.122.159.141 - - [25/Nov/2017:09:03:17 -0800] "GET /GitHub-Mark.png HTTP/1.1" 200 7428 "-" "Mozilla/5.0 (Windows NT 6.1; Win64; x64; rv:57.0) Gecko/20100101 Firefox/57.0" 
217.182.132.68 - - [25/Nov/2017:09:04:20 -0800] "GET /self.logs/error.log.2017-03-14.gz HTTP/1.1" 200 1107 "-" "Mozilla/5.0 (compatible; AhrefsBot/5.2; +http://ahrefs.com/robot/)" 
205.178.124.210 - - [25/Nov/2017:09:07:19 -0800] "GET /twitter-icon.png HTTP/1.1" 200 27788 "-" "Instapaper/7.5.1.3 CFNetwork/889.9 Darwin/17.2.0" 
205.178.124.210 - - [25/Nov/2017:09:07:19 -0800] "GET /GitHub-Mark.png HTTP/1.1" 200 7427 "-" "Instapaper/7.5.1.3 CFNetwork/889.9 Darwin/17.2.0" 
100.43.85.128 - - [25/Nov/2017:09:08:27 -0800] "GET /robots.txt HTTP/1.1" 200 289 "-" "Mozilla/5.0 (compatible; YandexBot/3.0; +http://yandex.com/bots)" 
100.43.85.128 - - [25/Nov/2017:09:08:31 -0800] "GET /self.logs/?C=S;O=A HTTP/1.1" 200 7458 "-" "Mozilla/5.0 (compatible; YandexBot/3.0; +http://yandex.com/bots)" 
185.94.189.190 - - [25/Nov/2017:09:11:11 -0800] "GET / HTTP/1.1" 200 11061 "-" "Mozilla/5.0 (iPhone; CPU iPhone OS 11_1_2 like Mac OS X) AppleWebKit/604.3.5 (KHTML, like Gecko) Version/11.0 Mobile/15B202 Safari/604.1" 
185.94.189.190 - - [25/Nov/2017:09:11:11 -0800] "GET /twitter-icon.png HTTP/1.1" 200 27787 "http://www.secrepo.com/" "Mozilla/5.0 (iPhone; CPU iPhone OS 11_1_2 like Mac OS X) AppleWebKit/604.3.5 (KHTML, like Gecko) Version/11.0 Mobile/15B202 Safari/604.1" 
185.94.189.190 - - [25/Nov/2017:09:11:12 -0800] "GET /GitHub-Mark.png HTTP/1.1" 200 7428 "http://www.secrepo.com/" "Mozilla/5.0 (iPhone; CPU iPhone OS 11_1_2 like Mac OS X) AppleWebKit/604.3.5 (KHTML, like Gecko) Version/11.0 Mobile/15B202 Safari/604.1" 
54.188.42.161 - - [25/Nov/2017:09:11:29 -0800] "GET / HTTP/1.1" 200 11005 "-" "Mozilla/5.0 (Macintosh; Intel Mac OS X 10_7_3) AppleWebKit/534.55.3 (KHTML, like Gecko) Version/5.1.3 Safari/534.53.10" 
217.182.132.60 - - [25/Nov/2017:09:11:51 -0800] "GET /self.logs/access.log.2017-11-09.gz HTTP/1.1" 200 28088 "-" "Mozilla/5.0 (compatible; AhrefsBot/5.2; +http://ahrefs.com/robot/)" 
120.221.0.34 - - [25/Nov/2017:09:25:31 -0800] "GET /honeypot/Honeypot%20-%20Howto.pdf HTTP/1.1" 304 131 "-" "Mozilla/5.0 Gecko/20100115 Firefox/3.6" 
123.125.67.160 - - [25/Nov/2017:09:27:31 -0800] "GET /robots.txt HTTP/1.1" 200 297 "-" "Mozilla/5.0 (compatible; Baiduspider/2.0; +http://www.baidu.com/search/spider.html)" 
109.24.176.179 - - [25/Nov/2017:09:30:16 -0800] "GET /maccdc2012/maccdc2012_fast_alert.7z HTTP/1.1" 200 9478149 "-" "Mozilla/5.0 (Macintosh; Intel Mac OS X 10_13_1) AppleWebKit/537.36 (KHTML, like Gecko) Chrome/62.0.3202.94 Safari/537.36" 
184.54.48.154 - - [25/Nov/2017:09:36:34 -0800] "GET / HTTP/1.1" 200 11061 "https://www.google.com/" "Mozilla/5.0 (X11; Linux x86_64) AppleWebKit/537.36 (KHTML, like Gecko) Chrome/62.0.3202.94 Safari/537.36" 
184.54.48.154 - - [25/Nov/2017:09:36:34 -0800] "GET /twitter-icon.png HTTP/1.1" 200 27787 "http://www.secrepo.com/" "Mozilla/5.0 (X11; Linux x86_64) AppleWebKit/537.36 (KHTML, like Gecko) Chrome/62.0.3202.94 Safari/537.36" 
184.54.48.154 - - [25/Nov/2017:09:36:34 -0800] "GET /GitHub-Mark.png HTTP/1.1" 200 7428 "http://www.secrepo.com/" "Mozilla/5.0 (X11; Linux x86_64) AppleWebKit/537.36 (KHTML, like Gecko) Chrome/62.0.3202.94 Safari/537.36" 
184.54.48.154 - - [25/Nov/2017:09:36:35 -0800] "GET /bootstrap/img/favicon.ico HTTP/1.1" 200 589 "http://www.secrepo.com/" "Mozilla/5.0 (X11; Linux x86_64) AppleWebKit/537.36 (KHTML, like Gecko) Chrome/62.0.3202.94 Safari/537.36" 
41.230.235.220 - - [25/Nov/2017:09:37:38 -0800] "GET /wp-login.php HTTP/1.1" 404 295 "-" "Mozilla/5.0 (Windows NT 6.1; WOW64; rv:40.0) Gecko/20100101 Firefox/40.1" 
41.230.235.220 - - [25/Nov/2017:09:37:43 -0800] "GET /wp-login.php HTTP/1.1" 404 295 "-" "Mozilla/5.0 (Windows NT 6.1; WOW64; rv:40.0) Gecko/20100101 Firefox/40.1" 
41.230.235.220 - - [25/Nov/2017:09:37:48 -0800] "GET / HTTP/1.1" 200 37415 "-" "Mozilla/5.0 (Windows NT 6.1; WOW64; rv:40.0) Gecko/20100101 Firefox/40.1" 
184.54.48.154 - - [25/Nov/2017:09:38:22 -0800] "GET /self.logs/ HTTP/1.1" 200 6817 "http://www.secrepo.com/" "Mozilla/5.0 (X11; Linux x86_64) AppleWebKit/537.36 (KHTML, like Gecko) Chrome/62.0.3202.94 Safari/537.36" 
184.54.48.154 - - [25/Nov/2017:09:38:23 -0800] "GET /favicon.ico HTTP/1.1" 200 267 "http://www.secrepo.com/self.logs/" "Mozilla/5.0 (X11; Linux x86_64) AppleWebKit/537.36 (KHTML, like Gecko) Chrome/62.0.3202.94 Safari/537.36" 
164.132.161.65 - - [25/Nov/2017:09:38:50 -0800] "GET /self.logs/access.log.2015-11-06.gz HTTP/1.1" 404 284 "-" "Mozilla/5.0 (compatible; AhrefsBot/5.2; +http://ahrefs.com/robot/)" 
207.46.13.159 - - [25/Nov/2017:09:39:37 -0800] "GET /self.logs/error.log.2017-03-24.gz HTTP/1.1" 301 545 "-" "Mozilla/5.0 (compatible; bingbot/2.0; +http://www.bing.com/bingbot.htm)" 
164.132.161.89 - - [25/Nov/2017:09:45:48 -0800] "GET /self.logs/access.log.2015-03-31.gz HTTP/1.1" 404 284 "-" "Mozilla/5.0 (compatible; AhrefsBot/5.2; +http://ahrefs.com/robot/)" 
43.250.81.50 - - [25/Nov/2017:09:46:37 -0800] "GET /wp-login.php HTTP/1.1" 404 295 "-" "Mozilla/5.0 (Windows NT 6.1; WOW64; rv:40.0) Gecko/20100101 Firefox/40.1" 
43.250.81.50 - - [25/Nov/2017:09:46:43 -0800] "GET /wp-login.php HTTP/1.1" 404 295 "-" "Mozilla/5.0 (Windows NT 6.1; WOW64; rv:40.0) Gecko/20100101 Firefox/40.1" 
43.250.81.50 - - [25/Nov/2017:09:46:50 -0800] "GET / HTTP/1.1" 200 37415 "-" "Mozilla/5.0 (Windows NT 6.1; WOW64; rv:40.0) Gecko/20100101 Firefox/40.1" 
111.104.210.219 - - [25/Nov/2017:09:47:06 -0800] "GET /wp-login.php HTTP/1.1" 404 295 "-" "Mozilla/5.0 (Windows NT 6.1; WOW64; rv:40.0) Gecko/20100101 Firefox/40.1" 
111.104.210.219 - - [25/Nov/2017:09:47:11 -0800] "GET /wp-login.php HTTP/1.1" 404 295 "-" "Mozilla/5.0 (Windows NT 6.1; WOW64; rv:40.0) Gecko/20100101 Firefox/40.1" 
111.104.210.219 - - [25/Nov/2017:09:47:17 -0800] "GET / HTTP/1.1" 200 37415 "-" "Mozilla/5.0 (Windows NT 6.1; WOW64; rv:40.0) Gecko/20100101 Firefox/40.1" 
217.182.132.154 - - [25/Nov/2017:09:50:31 -0800] "GET /self.logs/access.log.2017-01-16.gz HTTP/1.1" 200 42802 "-" "Mozilla/5.0 (compatible; AhrefsBot/5.2; +http://ahrefs.com/robot/)" 
217.182.132.97 - - [25/Nov/2017:09:50:31 -0800] "GET /self.logs/2016/access.log.2016-08-25.gz HTTP/1.1" 200 6200 "-" "Mozilla/5.0 (compatible; AhrefsBot/5.2; +http://ahrefs.com/robot/)" 
51.255.65.35 - - [25/Nov/2017:09:56:40 -0800] "GET /self.logs/error.log.2017-09-09.gz HTTP/1.1" 200 911 "-" "Mozilla/5.0 (compatible; AhrefsBot/5.2; +http://ahrefs.com/robot/)" 
66.249.64.157 - - [25/Nov/2017:09:56:55 -0800] "GET / HTTP/1.1" 200 11061 "-" "Mozilla/5.0 (Linux; Android 6.0.1; Nexus 5X Build/MMB29P) AppleWebKit/537.36 (KHTML, like Gecko) Chrome/41.0.2272.96 Mobile Safari/537.36 (compatible; Googlebot/2.1; +http://www.google.com/bot.html)" 
66.249.64.24 - - [25/Nov/2017:10:03:35 -0800] "GET / HTTP/1.1" 301 483 "-" "Mozilla/5.0 (Linux; Android 6.0.1; Nexus 5X Build/MMB29P) AppleWebKit/537.36 (KHTML, like Gecko) Chrome/41.0.2272.96 Mobile Safari/537.36 (compatible; Googlebot/2.1; +http://www.google.com/bot.html)" 
103.253.171.154 - - [25/Nov/2017:10:04:59 -0800] "GET / HTTP/1.1" 301 483 "-" "Mozilla/5.0 (X11; Ubuntu; Linux x86_64; rv:51.0) Gecko/20100101 Firefox/51.0" 
103.253.171.154 - - [25/Nov/2017:10:05:01 -0800] "GET / HTTP/1.1" 200 11061 "-" "Mozilla/5.0 (X11; Ubuntu; Linux x86_64; rv:51.0) Gecko/20100101 Firefox/51.0" 
103.253.171.154 - - [25/Nov/2017:10:05:02 -0800] "GET /twitter-icon.png HTTP/1.1" 200 27787 "http://www.secrepo.com/" "Mozilla/5.0 (X11; Ubuntu; Linux x86_64; rv:51.0) Gecko/20100101 Firefox/51.0" 
103.253.171.154 - - [25/Nov/2017:10:05:02 -0800] "GET /GitHub-Mark.png HTTP/1.1" 200 7428 "http://www.secrepo.com/" "Mozilla/5.0 (X11; Ubuntu; Linux x86_64; rv:51.0) Gecko/20100101 Firefox/51.0" 
103.253.171.154 - - [25/Nov/2017:10:05:09 -0800] "GET /bootstrap/img/favicon.ico HTTP/1.1" 200 590 "-" "Mozilla/5.0 (X11; Ubuntu; Linux x86_64; rv:51.0) Gecko/20100101 Firefox/51.0" 
41.230.235.220 - - [25/Nov/2017:10:07:26 -0800] "GET /wp-login.php HTTP/1.1" 301 522 "-" "Mozilla/5.0 (Windows NT 6.1; WOW64; rv:40.0) Gecko/20100101 Firefox/40.1" 
41.230.235.220 - - [25/Nov/2017:10:07:27 -0800] "GET /wp-login.php HTTP/1.1" 404 295 "-" "Mozilla/5.0 (Windows NT 6.1; WOW64; rv:40.0) Gecko/20100101 Firefox/40.1" 
41.230.235.220 - - [25/Nov/2017:10:07:33 -0800] "GET /wp-login.php HTTP/1.1" 301 522 "-" "Mozilla/5.0 (Windows NT 6.1; WOW64; rv:40.0) Gecko/20100101 Firefox/40.1" 
41.230.235.220 - - [25/Nov/2017:10:07:33 -0800] "GET /wp-login.php HTTP/1.1" 404 295 "-" "Mozilla/5.0 (Windows NT 6.1; WOW64; rv:40.0) Gecko/20100101 Firefox/40.1" 
41.230.235.220 - - [25/Nov/2017:10:07:39 -0800] "GET / HTTP/1.1" 301 498 "-" "Mozilla/5.0 (Windows NT 6.1; WOW64; rv:40.0) Gecko/20100101 Firefox/40.1" 
41.230.235.220 - - [25/Nov/2017:10:07:39 -0800] "GET / HTTP/1.1" 200 37415 "-" "Mozilla/5.0 (Windows NT 6.1; WOW64; rv:40.0) Gecko/20100101 Firefox/40.1" 
111.223.158.166 - - [25/Nov/2017:10:08:17 -0800] "GET / HTTP/1.1" 200 11061 "https://www.google.com/" "Mozilla/5.0 (Windows NT 10.0; Win64; x64; rv:57.0) Gecko/20100101 Firefox/57.0" 
111.223.158.166 - - [25/Nov/2017:10:08:18 -0800] "GET /bootstrap/img/favicon.ico HTTP/1.1" 200 589 "-" "Mozilla/5.0 (Windows NT 10.0; Win64; x64; rv:57.0) Gecko/20100101 Firefox/57.0" 
111.223.158.166 - - [25/Nov/2017:10:08:18 -0800] "GET /GitHub-Mark.png HTTP/1.1" 200 7428 "http://www.secrepo.com/" "Mozilla/5.0 (Windows NT 10.0; Win64; x64; rv:57.0) Gecko/20100101 Firefox/57.0" 
111.223.158.166 - - [25/Nov/2017:10:08:18 -0800] "GET /twitter-icon.png HTTP/1.1" 200 27787 "http://www.secrepo.com/" "Mozilla/5.0 (Windows NT 10.0; Win64; x64; rv:57.0) Gecko/20100101 Firefox/57.0" 
83.6.149.101 - - [25/Nov/2017:10:08:27 -0800] "GET / HTTP/1.1" 200 11061 "-" "Mozilla/5.0 (Windows NT 10.0; Win64; x64; rv:57.0) Gecko/20100101 Firefox/57.0" 
83.6.149.101 - - [25/Nov/2017:10:08:27 -0800] "GET /twitter-icon.png HTTP/1.1" 200 27787 "http://www.secrepo.com/" "Mozilla/5.0 (Windows NT 10.0; Win64; x64; rv:57.0) Gecko/20100101 Firefox/57.0" 
83.6.149.101 - - [25/Nov/2017:10:08:27 -0800] "GET /GitHub-Mark.png HTTP/1.1" 200 7428 "http://www.secrepo.com/" "Mozilla/5.0 (Windows NT 10.0; Win64; x64; rv:57.0) Gecko/20100101 Firefox/57.0" 
83.6.149.101 - - [25/Nov/2017:10:08:27 -0800] "GET /bootstrap/img/favicon.ico HTTP/1.1" 200 589 "-" "Mozilla/5.0 (Windows NT 10.0; Win64; x64; rv:57.0) Gecko/20100101 Firefox/57.0" 
197.252.11.143 - - [25/Nov/2017:10:08:56 -0800] "GET / HTTP/1.1" 200 11061 "https://www.google.com/" "Mozilla/5.0 (Windows NT 6.3; WOW64) AppleWebKit/537.36 (KHTML, like Gecko) Chrome/43.0.2357.124 Safari/537.36" 
217.182.132.33 - - [25/Nov/2017:10:09:05 -0800] "GET /self.logs/access.log.2016-10-01.gz HTTP/1.1" 404 284 "-" "Mozilla/5.0 (compatible; AhrefsBot/5.2; +http://ahrefs.com/robot/)" 
197.252.11.143 - - [25/Nov/2017:10:09:11 -0800] "GET /twitter-icon.png HTTP/1.1" 200 27788 "http://www.secrepo.com/" "Mozilla/5.0 (Windows NT 6.3; WOW64) AppleWebKit/537.36 (KHTML, like Gecko) Chrome/43.0.2357.124 Safari/537.36" 
197.252.11.143 - - [25/Nov/2017:10:09:12 -0800] "GET /GitHub-Mark.png HTTP/1.1" 200 7428 "http://www.secrepo.com/" "Mozilla/5.0 (Windows NT 6.3; WOW64) AppleWebKit/537.36 (KHTML, like Gecko) Chrome/43.0.2357.124 Safari/537.36" 
66.133.74.151 - - [25/Nov/2017:10:09:30 -0800] "GET / HTTP/1.1" 200 11061 "-" "Mozilla/5.0 (X11; Linux x86_64; rv:57.0) Gecko/20100101 Firefox/57.0" 
66.133.74.151 - - [25/Nov/2017:10:09:31 -0800] "GET /twitter-icon.png HTTP/1.1" 200 27787 "http://www.secrepo.com/" "Mozilla/5.0 (X11; Linux x86_64; rv:57.0) Gecko/20100101 Firefox/57.0" 
66.133.74.151 - - [25/Nov/2017:10:09:31 -0800] "GET /GitHub-Mark.png HTTP/1.1" 200 7428 "http://www.secrepo.com/" "Mozilla/5.0 (X11; Linux x86_64; rv:57.0) Gecko/20100101 Firefox/57.0" 
197.252.11.143 - - [25/Nov/2017:10:09:48 -0800] "GET /bootstrap/img/favicon.ico HTTP/1.1" 200 590 "-" "Mozilla/4.0 (compatible; MSIE 7.0; Windows NT 6.3; WOW64; Trident/7.0; .NET4.0E; .NET4.0C; InfoPath.3; BIDUBrowser 2.x)" 
111.223.158.166 - - [25/Nov/2017:10:12:19 -0800] "GET /maccdc2012/ssh.log.gz HTTP/1.1" 200 182517 "http://www.secrepo.com/" "Mozilla/5.0 (Windows NT 10.0; Win64; x64; rv:57.0) Gecko/20100101 Firefox/57.0" 
151.230.134.32 - - [25/Nov/2017:10:13:12 -0800] "GET / HTTP/1.1" 200 11061 "-" "Mozilla/5.0 (Macintosh; Intel Mac OS X 10_12_6) AppleWebKit/604.3.5 (KHTML, like Gecko) Version/11.0.1 Safari/604.3.5" 
207.46.13.159 - - [25/Nov/2017:10:13:39 -0800] "GET /self.logs/error.log.2017-11-03.gz HTTP/1.1" 200 1963 "-" "Mozilla/5.0 (compatible; bingbot/2.0; +http://www.bing.com/bingbot.htm)" 
151.80.39.150 - - [25/Nov/2017:10:21:05 -0800] "GET /robots.txt HTTP/1.1" 200 304 "-" "Mozilla/5.0 (compatible; AhrefsBot/5.2; +http://ahrefs.com/robot/)" 
217.182.132.92 - - [25/Nov/2017:10:21:06 -0800] "GET /self.logs/error.log.2017-02-17.gz HTTP/1.1" 200 799 "-" "Mozilla/5.0 (compatible; AhrefsBot/5.2; +http://ahrefs.com/robot/)" 
99.243.23.14 - - [25/Nov/2017:10:22:45 -0800] "GET / HTTP/1.1" 200 11061 "-" "Mozilla/5.0 (Linux; Android 8.0.0; Pixel 2 Build/OPD1.170816.025) AppleWebKit/537.36 (KHTML, like Gecko) Chrome/62.0.3202.84 Mobile Safari/537.36" 
99.243.23.14 - - [25/Nov/2017:10:22:45 -0800] "GET /twitter-icon.png HTTP/1.1" 200 27787 "http://www.secrepo.com/" "Mozilla/5.0 (Linux; Android 8.0.0; Pixel 2 Build/OPD1.170816.025) AppleWebKit/537.36 (KHTML, like Gecko) Chrome/62.0.3202.84 Mobile Safari/537.36" 
99.243.23.14 - - [25/Nov/2017:10:22:45 -0800] "GET /GitHub-Mark.png HTTP/1.1" 200 7428 "http://www.secrepo.com/" "Mozilla/5.0 (Linux; Android 8.0.0; Pixel 2 Build/OPD1.170816.025) AppleWebKit/537.36 (KHTML, like Gecko) Chrome/62.0.3202.84 Mobile Safari/537.36" 
99.243.23.14 - - [25/Nov/2017:10:22:46 -0800] "GET /bootstrap/img/favicon.ico HTTP/1.1" 200 589 "http://www.secrepo.com/" "Mozilla/5.0 (Linux; Android 8.0.0; Pixel 2 Build/OPD1.170816.025) AppleWebKit/537.36 (KHTML, like Gecko) Chrome/62.0.3202.84 Mobile Safari/537.36" 
66.249.64.157 - - [25/Nov/2017:10:24:31 -0800] "GET / HTTP/1.1" 200 11061 "-" "Mozilla/5.0 (compatible; Googlebot/2.1; +http://www.google.com/bot.html)" 
109.67.12.18 - - [25/Nov/2017:10:26:02 -0800] "GET /wp-login.php HTTP/1.1" 301 522 "-" "Mozilla/5.0 (Windows NT 6.1; WOW64; rv:40.0) Gecko/20100101 Firefox/40.1" 
109.67.12.18 - - [25/Nov/2017:10:26:03 -0800] "GET /wp-login.php HTTP/1.1" 404 295 "-" "Mozilla/5.0 (Windows NT 6.1; WOW64; rv:40.0) Gecko/20100101 Firefox/40.1" 
109.67.12.18 - - [25/Nov/2017:10:26:08 -0800] "GET /wp-login.php HTTP/1.1" 301 522 "-" "Mozilla/5.0 (Windows NT 6.1; WOW64; rv:40.0) Gecko/20100101 Firefox/40.1" 
109.67.12.18 - - [25/Nov/2017:10:26:09 -0800] "GET /wp-login.php HTTP/1.1" 404 295 "-" "Mozilla/5.0 (Windows NT 6.1; WOW64; rv:40.0) Gecko/20100101 Firefox/40.1" 
109.67.12.18 - - [25/Nov/2017:10:26:14 -0800] "GET / HTTP/1.1" 301 498 "-" "Mozilla/5.0 (Windows NT 6.1; WOW64; rv:40.0) Gecko/20100101 Firefox/40.1" 
109.67.12.18 - - [25/Nov/2017:10:26:14 -0800] "GET / HTTP/1.1" 200 37415 "-" "Mozilla/5.0 (Windows NT 6.1; WOW64; rv:40.0) Gecko/20100101 Firefox/40.1" 
66.133.74.151 - - [25/Nov/2017:10:34:37 -0800] "GET / HTTP/1.1" 200 11061 "-" "Mozilla/5.0 (X11; Linux x86_64; rv:57.0) Gecko/20100101 Firefox/57.0" 
66.133.74.151 - - [25/Nov/2017:10:34:38 -0800] "GET /twitter-icon.png HTTP/1.1" 200 27787 "http://www.secrepo.com/" "Mozilla/5.0 (X11; Linux x86_64; rv:57.0) Gecko/20100101 Firefox/57.0" 
66.133.74.151 - - [25/Nov/2017:10:34:38 -0800] "GET /GitHub-Mark.png HTTP/1.1" 200 7428 "http://www.secrepo.com/" "Mozilla/5.0 (X11; Linux x86_64; rv:57.0) Gecko/20100101 Firefox/57.0" 
217.182.132.16 - - [25/Nov/2017:10:34:58 -0800] "GET /self.logs/error.log.2016-09-06.gz HTTP/1.1" 404 284 "-" "Mozilla/5.0 (compatible; AhrefsBot/5.2; +http://ahrefs.com/robot/)" 
86.42.243.150 - - [25/Nov/2017:10:37:34 -0800] "GET /wp-login.php HTTP/1.1" 404 295 "-" "Mozilla/5.0 (Windows NT 6.1; WOW64; rv:40.0) Gecko/20100101 Firefox/40.1" 
86.42.243.150 - - [25/Nov/2017:10:37:40 -0800] "GET /wp-login.php HTTP/1.1" 404 295 "-" "Mozilla/5.0 (Windows NT 6.1; WOW64; rv:40.0) Gecko/20100101 Firefox/40.1" 
86.42.243.150 - - [25/Nov/2017:10:37:45 -0800] "GET / HTTP/1.1" 200 37415 "-" "Mozilla/5.0 (Windows NT 6.1; WOW64; rv:40.0) Gecko/20100101 Firefox/40.1" 
36.57.177.225 - - [25/Nov/2017:10:40:32 -0800] "GET /honeypot/bsidesdfw HTTP/1.0" 404 284 "http://www.secrepo.com/honeypot/bsidesdfw" "Mozilla/4.0 (compatible; MSIE 6.0; Windows NT 5.1; SV1; .NET CLR 2.0.50727)" 
191.209.109.60 - - [25/Nov/2017:10:41:57 -0800] "GET /wp-login.php HTTP/1.1" 404 295 "-" "Mozilla/5.0 (Windows NT 6.1; WOW64; rv:40.0) Gecko/20100101 Firefox/40.1" 
191.209.109.60 - - [25/Nov/2017:10:42:02 -0800] "GET /wp-login.php HTTP/1.1" 404 295 "-" "Mozilla/5.0 (Windows NT 6.1; WOW64; rv:40.0) Gecko/20100101 Firefox/40.1" 
191.209.109.60 - - [25/Nov/2017:10:42:08 -0800] "GET / HTTP/1.1" 200 37415 "-" "Mozilla/5.0 (Windows NT 6.1; WOW64; rv:40.0) Gecko/20100101 Firefox/40.1" 
164.132.161.3 - - [25/Nov/2017:10:45:32 -0800] "GET /self.logs/access.log.2015-07-10.gz HTTP/1.1" 404 284 "-" "Mozilla/5.0 (compatible; AhrefsBot/5.2; +http://ahrefs.com/robot/)" 
43.250.81.50 - - [25/Nov/2017:10:48:19 -0800] "GET /wp-login.php HTTP/1.1" 301 522 "-" "Mozilla/5.0 (Windows NT 6.1; WOW64; rv:40.0) Gecko/20100101 Firefox/40.1" 
43.250.81.50 - - [25/Nov/2017:10:48:19 -0800] "GET /wp-login.php HTTP/1.1" 404 295 "-" "Mozilla/5.0 (Windows NT 6.1; WOW64; rv:40.0) Gecko/20100101 Firefox/40.1" 
43.250.81.50 - - [25/Nov/2017:10:48:25 -0800] "GET /wp-login.php HTTP/1.1" 301 522 "-" "Mozilla/5.0 (Windows NT 6.1; WOW64; rv:40.0) Gecko/20100101 Firefox/40.1" 
43.250.81.50 - - [25/Nov/2017:10:48:25 -0800] "GET /wp-login.php HTTP/1.1" 404 295 "-" "Mozilla/5.0 (Windows NT 6.1; WOW64; rv:40.0) Gecko/20100101 Firefox/40.1" 
43.250.81.50 - - [25/Nov/2017:10:48:31 -0800] "GET / HTTP/1.1" 301 498 "-" "Mozilla/5.0 (Windows NT 6.1; WOW64; rv:40.0) Gecko/20100101 Firefox/40.1" 
43.250.81.50 - - [25/Nov/2017:10:48:33 -0800] "GET / HTTP/1.1" 200 37415 "-" "Mozilla/5.0 (Windows NT 6.1; WOW64; rv:40.0) Gecko/20100101 Firefox/40.1" 
80.25.208.222 - - [25/Nov/2017:10:52:15 -0800] "GET / HTTP/1.1" 200 11061 "-" "Mozilla/5.0 (Macintosh; Intel Mac OS X 10.12; rv:57.0) Gecko/20100101 Firefox/57.0" 
80.25.208.222 - - [25/Nov/2017:10:52:17 -0800] "GET /twitter-icon.png HTTP/1.1" 200 27787 "http://www.secrepo.com/" "Mozilla/5.0 (Macintosh; Intel Mac OS X 10.12; rv:57.0) Gecko/20100101 Firefox/57.0" 
80.25.208.222 - - [25/Nov/2017:10:52:17 -0800] "GET /GitHub-Mark.png HTTP/1.1" 200 7428 "http://www.secrepo.com/" "Mozilla/5.0 (Macintosh; Intel Mac OS X 10.12; rv:57.0) Gecko/20100101 Firefox/57.0" 
66.249.93.64 - - [25/Nov/2017:10:53:08 -0800] "GET / HTTP/1.1" 200 11061 "https://translate.googleusercontent.com/translate_p?hl=de&prev=search&sl=en&u=http://www.secrepo.com/&depth=1&rurl=translate.google.ch&sp=nmt4&usg=ALkJrhgAAAAAWhm9P4R91KmNSqhBqHl7_Db5HKcbgQIM" "Mozilla/5.0 (Macintosh; Intel Mac OS X 10_12_6) AppleWebKit/604.3.5 (KHTML, like Gecko) Version/11.0.1 Safari/604.3.5,gzip(gfe)" 
178.197.232.58 - - [25/Nov/2017:10:53:11 -0800] "GET / HTTP/1.1" 200 11061 "https://www.google.ch/" "Mozilla/5.0 (Macintosh; Intel Mac OS X 10_12_6) AppleWebKit/604.3.5 (KHTML, like Gecko) Version/11.0.1 Safari/604.3.5" 
178.197.232.58 - - [25/Nov/2017:10:53:11 -0800] "GET /GitHub-Mark.png HTTP/1.1" 200 7427 "http://www.secrepo.com/" "Mozilla/5.0 (Macintosh; Intel Mac OS X 10_12_6) AppleWebKit/604.3.5 (KHTML, like Gecko) Version/11.0.1 Safari/604.3.5" 
80.25.208.222 - - [25/Nov/2017:10:54:15 -0800] "GET / HTTP/1.1" 200 11061 "-" "Mozilla/5.0 (Macintosh; Intel Mac OS X 10.12; rv:57.0) Gecko/20100101 Firefox/57.0" 
80.25.208.222 - - [25/Nov/2017:10:54:16 -0800] "GET /twitter-icon.png HTTP/1.1" 200 27787 "http://www.secrepo.com/" "Mozilla/5.0 (Macintosh; Intel Mac OS X 10.12; rv:57.0) Gecko/20100101 Firefox/57.0" 
80.25.208.222 - - [25/Nov/2017:10:54:16 -0800] "GET /GitHub-Mark.png HTTP/1.1" 200 7428 "http://www.secrepo.com/" "Mozilla/5.0 (Macintosh; Intel Mac OS X 10.12; rv:57.0) Gecko/20100101 Firefox/57.0" 
51.255.65.48 - - [25/Nov/2017:10:56:25 -0800] "GET /self.logs/access.log.2017-06-08.gz HTTP/1.1" 200 19722 "-" "Mozilla/5.0 (compatible; AhrefsBot/5.2; +http://ahrefs.com/robot/)" 
137.74.207.119 - - [25/Nov/2017:10:57:07 -0800] "GET /self.logs/2015/error.log.2015-05-24.gz HTTP/1.1" 200 631 "-" "Mozilla/5.0 (compatible; AhrefsBot/5.2; +http://ahrefs.com/robot/)" 
120.221.1.28 - - [25/Nov/2017:10:57:11 -0800] "GET /maccdc2012/files.log.gz HTTP/1.1" 304 155 "-" "Mozilla/5.0 Gecko/20100115 Firefox/3.6" 
86.127.47.5 - - [25/Nov/2017:10:57:20 -0800] "GET / HTTP/1.1" 200 11061 "https://www.google.ro/" "Mozilla/5.0 (Windows NT 10.0; Win64; x64) AppleWebKit/537.36 (KHTML, like Gecko) Chrome/62.0.3202.94 Safari/537.36" 
86.127.47.5 - - [25/Nov/2017:10:57:21 -0800] "GET /twitter-icon.png HTTP/1.1" 200 27787 "http://www.secrepo.com/" "Mozilla/5.0 (Windows NT 10.0; Win64; x64) AppleWebKit/537.36 (KHTML, like Gecko) Chrome/62.0.3202.94 Safari/537.36" 
86.127.47.5 - - [25/Nov/2017:10:57:21 -0800] "GET /GitHub-Mark.png HTTP/1.1" 200 7428 "http://www.secrepo.com/" "Mozilla/5.0 (Windows NT 10.0; Win64; x64) AppleWebKit/537.36 (KHTML, like Gecko) Chrome/62.0.3202.94 Safari/537.36" 
86.127.47.5 - - [25/Nov/2017:10:57:23 -0800] "GET /bootstrap/img/favicon.ico HTTP/1.1" 200 589 "http://www.secrepo.com/" "Mozilla/5.0 (Windows NT 10.0; Win64; x64) AppleWebKit/537.36 (KHTML, like Gecko) Chrome/62.0.3202.94 Safari/537.36" 
207.46.13.159 - - [25/Nov/2017:11:03:56 -0800] "GET /squid/access.log.gz HTTP/1.1" 200 10912622 "-" "Mozilla/5.0 (compatible; bingbot/2.0; +http://www.bing.com/bingbot.htm)" 
184.54.48.154 - - [25/Nov/2017:11:05:07 -0800] "GET /self.logs/ HTTP/1.1" 200 6817 "http://www.secrepo.com/" "Mozilla/5.0 (X11; Linux x86_64) AppleWebKit/537.36 (KHTML, like Gecko) Chrome/62.0.3202.94 Safari/537.36" 
197.237.129.153 - - [25/Nov/2017:11:06:05 -0800] "GET /wp-login.php HTTP/1.1" 404 295 "-" "Mozilla/5.0 (Windows NT 6.1; WOW64; rv:40.0) Gecko/20100101 Firefox/40.1" 
197.237.129.153 - - [25/Nov/2017:11:06:11 -0800] "GET /wp-login.php HTTP/1.1" 404 295 "-" "Mozilla/5.0 (Windows NT 6.1; WOW64; rv:40.0) Gecko/20100101 Firefox/40.1" 
197.237.129.153 - - [25/Nov/2017:11:06:17 -0800] "GET / HTTP/1.1" 200 37415 "-" "Mozilla/5.0 (Windows NT 6.1; WOW64; rv:40.0) Gecko/20100101 Firefox/40.1" 
40.77.167.7 - - [25/Nov/2017:11:07:22 -0800] "GET /self.logs/access.log.2017-09-15.gz HTTP/1.1" 200 18779 "-" "Mozilla/5.0 (compatible; bingbot/2.0; +http://www.bing.com/bingbot.htm)" 
208.85.216.111 - - [25/Nov/2017:11:07:59 -0800] "GET / HTTP/1.1" 301 483 "-" "Mozilla/5.0 (Macintosh; Intel Mac OS X 10.12; rv:58.0) Gecko/20100101 Firefox/58.0" 
208.85.216.111 - - [25/Nov/2017:11:07:59 -0800] "GET / HTTP/1.1" 200 11061 "-" "Mozilla/5.0 (Macintosh; Intel Mac OS X 10.12; rv:58.0) Gecko/20100101 Firefox/58.0" 
208.85.216.111 - - [25/Nov/2017:11:08:00 -0800] "GET /twitter-icon.png HTTP/1.1" 200 27787 "http://www.secrepo.com/" "Mozilla/5.0 (Macintosh; Intel Mac OS X 10.12; rv:58.0) Gecko/20100101 Firefox/58.0" 
208.85.216.111 - - [25/Nov/2017:11:08:00 -0800] "GET /GitHub-Mark.png HTTP/1.1" 200 7428 "http://www.secrepo.com/" "Mozilla/5.0 (Macintosh; Intel Mac OS X 10.12; rv:58.0) Gecko/20100101 Firefox/58.0" 
208.85.216.111 - - [25/Nov/2017:11:08:00 -0800] "GET /bootstrap/img/favicon.ico HTTP/1.1" 200 589 "-" "Mozilla/5.0 (Macintosh; Intel Mac OS X 10.12; rv:58.0) Gecko/20100101 Firefox/58.0" 
86.42.243.150 - - [25/Nov/2017:11:08:36 -0800] "GET /wp-login.php HTTP/1.1" 301 522 "-" "Mozilla/5.0 (Windows NT 6.1; WOW64; rv:40.0) Gecko/20100101 Firefox/40.1" 
86.42.243.150 - - [25/Nov/2017:11:08:37 -0800] "GET /wp-login.php HTTP/1.1" 404 295 "-" "Mozilla/5.0 (Windows NT 6.1; WOW64; rv:40.0) Gecko/20100101 Firefox/40.1" 
86.42.243.150 - - [25/Nov/2017:11:08:42 -0800] "GET /wp-login.php HTTP/1.1" 301 522 "-" "Mozilla/5.0 (Windows NT 6.1; WOW64; rv:40.0) Gecko/20100101 Firefox/40.1" 
86.42.243.150 - - [25/Nov/2017:11:08:43 -0800] "GET /wp-login.php HTTP/1.1" 404 295 "-" "Mozilla/5.0 (Windows NT 6.1; WOW64; rv:40.0) Gecko/20100101 Firefox/40.1" 
86.42.243.150 - - [25/Nov/2017:11:08:48 -0800] "GET / HTTP/1.1" 301 498 "-" "Mozilla/5.0 (Windows NT 6.1; WOW64; rv:40.0) Gecko/20100101 Firefox/40.1" 
86.42.243.150 - - [25/Nov/2017:11:08:48 -0800] "GET / HTTP/1.1" 200 37415 "-" "Mozilla/5.0 (Windows NT 6.1; WOW64; rv:40.0) Gecko/20100101 Firefox/40.1" 
184.54.48.154 - - [25/Nov/2017:11:09:52 -0800] "GET /misc/zeus_dga_domains.txt.zip HTTP/1.1" 200 594360 "-" "Wget/1.19.2 (linux-gnu)" 
102.181.194.40 - - [25/Nov/2017:11:15:25 -0800] "GET /tg/tg_snort_fast.7z HTTP/1.1" 304 131 "-" "Mozilla/5.0 Gecko/20100115 Firefox/3.6" 
88.230.7.143 - - [25/Nov/2017:11:16:49 -0800] "GET / HTTP/1.1" 200 11061 "https://www.google.com.tr/" "Mozilla/5.0 (Windows NT 10.0; Win64; x64) AppleWebKit/537.36 (KHTML, like Gecko) Chrome/62.0.3202.94 Safari/537.36" 
88.230.7.143 - - [25/Nov/2017:11:16:49 -0800] "GET /GitHub-Mark.png HTTP/1.1" 200 7428 "http://www.secrepo.com/" "Mozilla/5.0 (Windows NT 10.0; Win64; x64) AppleWebKit/537.36 (KHTML, like Gecko) Chrome/62.0.3202.94 Safari/537.36" 
88.230.7.143 - - [25/Nov/2017:11:16:49 -0800] "GET /twitter-icon.png HTTP/1.1" 200 27787 "http://www.secrepo.com/" "Mozilla/5.0 (Windows NT 10.0; Win64; x64) AppleWebKit/537.36 (KHTML, like Gecko) Chrome/62.0.3202.94 Safari/537.36" 
88.230.7.143 - - [25/Nov/2017:11:16:51 -0800] "GET /bootstrap/img/favicon.ico HTTP/1.1" 200 589 "http://www.secrepo.com/" "Mozilla/5.0 (Windows NT 10.0; Win64; x64) AppleWebKit/537.36 (KHTML, like Gecko) Chrome/62.0.3202.94 Safari/537.36" 
178.197.232.58 - - [25/Nov/2017:11:17:14 -0800] "GET / HTTP/1.1" 200 11061 "https://www.google.fr/" "Mozilla/5.0 (Macintosh; Intel Mac OS X 10_12_6) AppleWebKit/604.3.5 (KHTML, like Gecko) Version/11.0.1 Safari/604.3.5" 
178.197.232.58 - - [25/Nov/2017:11:18:17 -0800] "GET /auth.log/auth.log.gz HTTP/1.1" 200 554524 "http://www.secrepo.com/" "Mozilla/5.0 (Macintosh; Intel Mac OS X 10_12_6) AppleWebKit/604.3.5 (KHTML, like Gecko) Version/11.0.1 Safari/604.3.5" 
86.127.47.5 - - [25/Nov/2017:10:57:31 -0800] "GET /maccdc2012/conn.log.gz HTTP/1.1" 200 551041635 "-" "Mozilla/5.0 (Windows NT 10.0; Win64; x64) AppleWebKit/537.36 (KHTML, like Gecko) Chrome/62.0.3202.94 Safari/537.36" 
162.210.196.98 - - [25/Nov/2017:11:20:42 -0800] "GET /robots.txt HTTP/1.1" 200 289 "-" "Mozilla/5.0 (compatible; MJ12bot/v1.4.8; http://mj12bot.com/)" 
162.210.196.98 - - [25/Nov/2017:11:20:43 -0800] "GET / HTTP/1.1" 200 37359 "-" "Mozilla/5.0 (compatible; MJ12bot/v1.4.8; http://mj12bot.com/)" 
178.197.232.58 - - [25/Nov/2017:11:23:40 -0800] "GET /maccdc2012/http.log.gz HTTP/1.1" 200 54258816 "http://www.secrepo.com/" "Mozilla/5.0 (Macintosh; Intel Mac OS X 10_12_6) AppleWebKit/604.3.5 (KHTML, like Gecko) Version/11.0.1 Safari/604.3.5" 
178.197.232.58 - - [25/Nov/2017:11:23:06 -0800] "GET /Security-Data-Analysis/Lab_1/conn.log.zip HTTP/1.1" 200 32036548 "http://www.secrepo.com/" "Mozilla/5.0 (Macintosh; Intel Mac OS X 10_12_6) AppleWebKit/604.3.5 (KHTML, like Gecko) Version/11.0.1 Safari/604.3.5" 
178.197.232.58 - - [25/Nov/2017:11:17:56 -0800] "GET /Security-Data-Analysis/Lab_1/conn.log.zip HTTP/1.1" 200 311702504 "http://www.secrepo.com/" "Mozilla/5.0 (Macintosh; Intel Mac OS X 10_12_6) AppleWebKit/604.3.5 (KHTML, like Gecko) Version/11.0.1 Safari/604.3.5" 
164.132.161.61 - - [25/Nov/2017:11:25:40 -0800] "GET /self.logs/access.log.2015-05-14.gz HTTP/1.1" 404 284 "-" "Mozilla/5.0 (compatible; AhrefsBot/5.2; +http://ahrefs.com/robot/)" 
52.27.2.86 - - [25/Nov/2017:11:26:39 -0800] "GET / HTTP/1.1" 200 37359 "-" "Mozilla/4.0 (compatible; MSIE 8.0; Windows NT 5.1; Trident/4.0)" 
150.70.184.34 - - [25/Nov/2017:11:28:16 -0800] "GET / HTTP/1.1" 200 37415 "-" "Java/1.6.0_41" 
217.182.132.15 - - [25/Nov/2017:11:30:34 -0800] "GET /self.logs/access.log.2016-06-29.gz HTTP/1.1" 404 284 "-" "Mozilla/5.0 (compatible; AhrefsBot/5.2; +http://ahrefs.com/robot/)" 
37.228.246.95 - - [25/Nov/2017:11:35:35 -0800] "GET / HTTP/1.1" 200 11061 "-" "Mozilla/5.0 (Macintosh; Intel Mac OS X 10_12_6) AppleWebKit/537.36 (KHTML, like Gecko) Chrome/62.0.3202.94 Safari/537.36" 
37.228.246.95 - - [25/Nov/2017:11:35:35 -0800] "GET /twitter-icon.png HTTP/1.1" 200 27787 "http://www.secrepo.com/" "Mozilla/5.0 (Macintosh; Intel Mac OS X 10_12_6) AppleWebKit/537.36 (KHTML, like Gecko) Chrome/62.0.3202.94 Safari/537.36" 
37.228.246.95 - - [25/Nov/2017:11:35:35 -0800] "GET /GitHub-Mark.png HTTP/1.1" 200 7428 "http://www.secrepo.com/" "Mozilla/5.0 (Macintosh; Intel Mac OS X 10_12_6) AppleWebKit/537.36 (KHTML, like Gecko) Chrome/62.0.3202.94 Safari/537.36" 
37.228.246.95 - - [25/Nov/2017:11:35:36 -0800] "GET /bootstrap/img/favicon.ico HTTP/1.1" 200 589 "http://www.secrepo.com/" "Mozilla/5.0 (Macintosh; Intel Mac OS X 10_12_6) AppleWebKit/537.36 (KHTML, like Gecko) Chrome/62.0.3202.94 Safari/537.36" 
37.228.246.95 - - [25/Nov/2017:11:36:06 -0800] "GET /maccdc2012/maccdc2012_fast_alert.7z HTTP/1.1" 200 9478149 "http://www.secrepo.com/" "Mozilla/5.0 (Macintosh; Intel Mac OS X 10_12_6) AppleWebKit/537.36 (KHTML, like Gecko) Chrome/62.0.3202.94 Safari/537.36" 
37.228.246.95 - - [25/Nov/2017:11:36:13 -0800] "GET /maccdc2012/weird.log.gz HTTP/1.1" 200 1242776 "-" "Mozilla/5.0 (Macintosh; Intel Mac OS X 10_12_6) AppleWebKit/537.36 (KHTML, like Gecko) Chrome/62.0.3202.94 Safari/537.36" 
86.135.80.24 - - [25/Nov/2017:11:37:07 -0800] "GET /honeypot/honeypot.json.zip HTTP/1.1" 200 23085976 "-" "Mozilla/5.0 (Windows NT 10.0; Win64; x64) AppleWebKit/537.36 (KHTML, like Gecko) Chrome/62.0.3202.94 Safari/537.36" 
40.77.167.7 - - [25/Nov/2017:11:37:13 -0800] "GET /self.logs/error.log.2017-09-30.gz HTTP/1.1" 200 2073 "-" "Mozilla/5.0 (compatible; bingbot/2.0; +http://www.bing.com/bingbot.htm)" 
86.135.80.24 - - [25/Nov/2017:11:37:18 -0800] "GET / HTTP/1.1" 301 483 "-" "Mozilla/5.0 (Windows NT 10.0; Win64; x64) AppleWebKit/537.36 (KHTML, like Gecko) Chrome/62.0.3202.94 Safari/537.36" 
86.135.80.24 - - [25/Nov/2017:11:37:18 -0800] "GET / HTTP/1.1" 200 11061 "-" "Mozilla/5.0 (Windows NT 10.0; Win64; x64) AppleWebKit/537.36 (KHTML, like Gecko) Chrome/62.0.3202.94 Safari/537.36" 
86.135.80.24 - - [25/Nov/2017:11:37:18 -0800] "GET /twitter-icon.png HTTP/1.1" 200 27787 "http://www.secrepo.com/" "Mozilla/5.0 (Windows NT 10.0; Win64; x64) AppleWebKit/537.36 (KHTML, like Gecko) Chrome/62.0.3202.94 Safari/537.36" 
86.135.80.24 - - [25/Nov/2017:11:37:18 -0800] "GET /GitHub-Mark.png HTTP/1.1" 200 7428 "http://www.secrepo.com/" "Mozilla/5.0 (Windows NT 10.0; Win64; x64) AppleWebKit/537.36 (KHTML, like Gecko) Chrome/62.0.3202.94 Safari/537.36" 
86.135.80.24 - - [25/Nov/2017:11:37:26 -0800] "GET /bootstrap/img/favicon.ico HTTP/1.1" 200 590 "http://www.secrepo.com/" "Mozilla/5.0 (Windows NT 10.0; Win64; x64) AppleWebKit/537.36 (KHTML, like Gecko) Chrome/62.0.3202.94 Safari/537.36" 
188.47.60.70 - - [25/Nov/2017:11:43:41 -0800] "GET / HTTP/1.1" 200 11061 "-" "Mozilla/5.0 (Windows NT 10.0; Win64; x64) AppleWebKit/537.36 (KHTML, like Gecko) Chrome/62.0.3202.94 Safari/537.36" 
188.47.60.70 - - [25/Nov/2017:11:43:42 -0800] "GET /twitter-icon.png HTTP/1.1" 200 27787 "http://www.secrepo.com/" "Mozilla/5.0 (Windows NT 10.0; Win64; x64) AppleWebKit/537.36 (KHTML, like Gecko) Chrome/62.0.3202.94 Safari/537.36" 
188.47.60.70 - - [25/Nov/2017:11:43:44 -0800] "GET /GitHub-Mark.png HTTP/1.1" 200 7428 "http://www.secrepo.com/" "Mozilla/5.0 (Windows NT 10.0; Win64; x64) AppleWebKit/537.36 (KHTML, like Gecko) Chrome/62.0.3202.94 Safari/537.36" 
188.47.60.70 - - [25/Nov/2017:11:43:45 -0800] "GET /bootstrap/img/favicon.ico HTTP/1.1" 200 589 "http://www.secrepo.com/" "Mozilla/5.0 (Windows NT 10.0; Win64; x64) AppleWebKit/537.36 (KHTML, like Gecko) Chrome/62.0.3202.94 Safari/537.36" 
184.54.48.154 - - [25/Nov/2017:11:10:28 -0800] "GET /maccdc2012/conn.log.gz HTTP/1.1" 200 551041635 "-" "Wget/1.19.2 (linux-gnu)" 
184.54.48.154 - - [25/Nov/2017:11:46:19 -0800] "GET /maccdc2012/dhcp.log.gz HTTP/1.1" 200 45019 "-" "Wget/1.19.2 (linux-gnu)" 
188.47.60.70 - - [25/Nov/2017:11:48:40 -0800] "GET / HTTP/1.1" 200 11061 "-" "Mozilla/5.0 (Linux; Android 6.0.1; SM-A700F Build/MMB29K) AppleWebKit/537.36 (KHTML, like Gecko) Chrome/62.0.3202.84 Mobile Safari/537.36" 
188.47.60.70 - - [25/Nov/2017:11:48:41 -0800] "GET /twitter-icon.png HTTP/1.1" 200 27787 "http://www.secrepo.com/" "Mozilla/5.0 (Linux; Android 6.0.1; SM-A700F Build/MMB29K) AppleWebKit/537.36 (KHTML, like Gecko) Chrome/62.0.3202.84 Mobile Safari/537.36" 
188.47.60.70 - - [25/Nov/2017:11:48:41 -0800] "GET /GitHub-Mark.png HTTP/1.1" 200 7428 "http://www.secrepo.com/" "Mozilla/5.0 (Linux; Android 6.0.1; SM-A700F Build/MMB29K) AppleWebKit/537.36 (KHTML, like Gecko) Chrome/62.0.3202.84 Mobile Safari/537.36" 
188.47.60.70 - - [25/Nov/2017:11:48:42 -0800] "GET /bootstrap/img/favicon.ico HTTP/1.1" 200 589 "http://www.secrepo.com/" "Mozilla/5.0 (Linux; Android 6.0.1; SM-A700F Build/MMB29K) AppleWebKit/537.36 (KHTML, like Gecko) Chrome/62.0.3202.84 Mobile Safari/537.36" 
184.54.48.154 - - [25/Nov/2017:11:46:23 -0800] "GET /maccdc2012/dns.log.gz HTTP/1.1" 200 6629420 "-" "Wget/1.19.2 (linux-gnu)" 
137.74.207.120 - - [25/Nov/2017:11:51:34 -0800] "GET /self.logs/access.log.2015-06-27.gz HTTP/1.1" 404 284 "-" "Mozilla/5.0 (compatible; AhrefsBot/5.2; +http://ahrefs.com/robot/)" 
66.102.9.157 - - [25/Nov/2017:11:53:45 -0800] "GET / HTTP/1.1" 200 11061 "-" "Mozilla/5.0 (X11; Linux x86_64) AppleWebKit/537.36 (KHTML, like Gecko) Chrome/49.0.2623.75 Safari/537.36 Google Favicon" 
66.102.9.1 - - [25/Nov/2017:11:53:46 -0800] "GET /bootstrap/img/favicon.ico HTTP/1.1" 200 590 "-" "Mozilla/5.0 (X11; Linux x86_64) AppleWebKit/537.36 (KHTML, like Gecko) Chrome/49.0.2623.75 Safari/537.36 Google Favicon" 
66.249.64.129 - - [25/Nov/2017:11:56:55 -0800] "GET / HTTP/1.1" 200 11061 "-" "Mozilla/5.0 (Linux; Android 6.0.1; Nexus 5X Build/MMB29P) AppleWebKit/537.36 (KHTML, like Gecko) Chrome/41.0.2272.96 Mobile Safari/537.36 (compatible; Googlebot/2.1; +http://www.google.com/bot.html)" 
176.31.231.10 - - [25/Nov/2017:11:57:44 -0800] "GET /self.logs/error.log.2017-05-29.gz HTTP/1.1" 200 1366 "-" "Mozilla/5.0 (compatible; AhrefsBot/5.2; +http://ahrefs.com/robot/)" 
71.83.193.22 - - [25/Nov/2017:11:58:22 -0800] "GET / HTTP/1.1" 200 11061 "-" "Mozilla/5.0 (X11; Linux x86_64; rv:57.0) Gecko/20100101 Firefox/57.0" 
66.133.74.151 - - [25/Nov/2017:11:58:24 -0800] "GET /twitter-icon.png HTTP/1.1" 200 27788 "http://www.secrepo.com/" "Mozilla/5.0 (X11; Linux x86_64; rv:57.0) Gecko/20100101 Firefox/57.0" 
66.133.74.151 - - [25/Nov/2017:11:58:24 -0800] "GET /GitHub-Mark.png HTTP/1.1" 200 7428 "http://www.secrepo.com/" "Mozilla/5.0 (X11; Linux x86_64; rv:57.0) Gecko/20100101 Firefox/57.0" 
217.182.132.190 - - [25/Nov/2017:12:09:44 -0800] "GET /self.logs/error.log.2017-02-21.gz HTTP/1.1" 200 880 "-" "Mozilla/5.0 (compatible; AhrefsBot/5.2; +http://ahrefs.com/robot/)" 
107.172.231.77 - - [25/Nov/2017:12:09:22 -0800] "GET /honeypot/BSidesDFW%20-%202014.ipynb HTTP/1.0" 200 930799 "http://www.secrepo.com/" "Mozilla/5.0 (Windows NT 10.0; Win64; x64) AppleWebKit/537.36 (KHTML, like Gecko) Chrome/59.0.3071.104 Safari/537.36" 
51.255.65.53 - - [25/Nov/2017:12:10:19 -0800] "GET /self.logs/error.log.2016-06-29.gz HTTP/1.1" 404 284 "-" "Mozilla/5.0 (compatible; AhrefsBot/5.2; +http://ahrefs.com/robot/)" 
102.181.194.40 - - [25/Nov/2017:12:10:21 -0800] "GET /maccdc2012/dns.log.gz HTTP/1.1" 304 154 "-" "Mozilla/5.0 Gecko/20100115 Firefox/3.6" 
184.54.48.154 - - [25/Nov/2017:11:51:23 -0800] "GET /maccdc2012/files.log.gz HTTP/1.1" 200 51408672 "-" "Wget/1.19.2 (linux-gnu)" 
184.54.48.154 - - [25/Nov/2017:12:12:04 -0800] "GET /maccdc2012/ftp.log.gz HTTP/1.1" 200 128116 "-" "Wget/1.19.2 (linux-gnu)" 
184.54.48.154 - - [25/Nov/2017:12:12:12 -0800] "GET /maccdc2012/http.log.gz HTTP/1.1" 200 54258816 "-" "Wget/1.19.2 (linux-gnu)" 
184.54.48.154 - - [25/Nov/2017:12:13:19 -0800] "GET /maccdc2012/notice.log.gz HTTP/1.1" 200 20779 "-" "Wget/1.19.2 (linux-gnu)" 
184.54.48.154 - - [25/Nov/2017:12:13:20 -0800] "GET /maccdc2012/signatures.log.gz HTTP/1.1" 200 604 "-" "Wget/1.19.2 (linux-gnu)" 
40.77.167.40 - - [25/Nov/2017:12:13:21 -0800] "GET /self.logs/access.log.2017-04-06.gz HTTP/1.1" 301 546 "-" "Mozilla/5.0 (compatible; bingbot/2.0; +http://www.bing.com/bingbot.htm)" 
184.54.48.154 - - [25/Nov/2017:12:13:21 -0800] "GET /maccdc2012/smtp.log.gz HTTP/1.1" 200 6907 "-" "Wget/1.19.2 (linux-gnu)" 
184.54.48.154 - - [25/Nov/2017:12:13:22 -0800] "GET /maccdc2012/ssh.log.gz HTTP/1.1" 200 182516 "-" "Wget/1.19.2 (linux-gnu)" 
184.54.48.154 - - [25/Nov/2017:12:13:29 -0800] "GET /maccdc2012/ssl.log.gz HTTP/1.1" 200 1313675 "-" "Wget/1.19.2 (linux-gnu)" 
184.54.48.154 - - [25/Nov/2017:12:13:48 -0800] "GET /maccdc2012/tunnel.log.gz HTTP/1.1" 200 5228 "-" "Wget/1.19.2 (linux-gnu)" 
184.54.48.154 - - [25/Nov/2017:12:13:49 -0800] "GET /maccdc2012/weird.log.gz HTTP/1.1" 200 1242776 "-" "Wget/1.19.2 (linux-gnu)" 
184.54.48.154 - - [25/Nov/2017:12:14:00 -0800] "GET /maccdc2012/maccdc2012_fast_alert.7z HTTP/1.1" 200 9478149 "-" "Wget/1.19.2 (linux-gnu)" 
54.219.178.100 - - [25/Nov/2017:12:14:56 -0800] "GET / HTTP/1.1" 200 11005 "-" "Mozilla/5.0 (Macintosh; Intel Mac OS X 10_12_6) AppleWebKit/537.36 (KHTML, like Gecko) Chrome/61.0.3163.100 Safari/537.36" 
184.54.48.154 - - [25/Nov/2017:12:14:40 -0800] "GET /maccdc2012/maccdc2012_full_alert.7z HTTP/1.1" 200 24978942 "-" "Wget/1.19.2 (linux-gnu)" 
184.54.48.154 - - [25/Nov/2017:12:15:39 -0800] "GET /tg/a.zip HTTP/1.1" 200 66189337 "-" "Wget/1.19.2 (linux-gnu)" 
46.119.120.50 - - [25/Nov/2017:12:17:54 -0800] "GET / HTTP/1.1" 200 37359 "https://bestcoin.cc/" "Mozilla/4.0 (compatible; MSIE 6.0; Windows NT 5.1; SV1; YPC 3.0.2; .NET CLR 1.1.4322; yplus 4.4.02b)" 
46.119.120.50 - - [25/Nov/2017:12:17:55 -0800] "GET / HTTP/1.1" 200 37359 "https://bestcoin.cc/" "Mozilla/4.0 (compatible; MSIE 6.0; Windows NT 5.1; SV1; YPC 3.0.2; .NET CLR 1.1.4322; yplus 4.4.02b)" 
46.119.120.50 - - [25/Nov/2017:12:17:56 -0800] "GET / HTTP/1.1" 200 37359 "https://bestcoin.cc/" "Mozilla/4.0 (compatible; MSIE 6.0; Windows NT 5.1; SV1; YPC 3.0.2; .NET CLR 1.1.4322; yplus 4.4.02b)" 
184.54.48.154 - - [25/Nov/2017:12:17:12 -0800] "GET /tg/b.zip HTTP/1.1" 200 42298164 "-" "Wget/1.19.2 (linux-gnu)" 
66.249.64.23 - - [25/Nov/2017:12:20:19 -0800] "GET / HTTP/1.1" 301 483 "-" "Mozilla/5.0 (Linux; Android 6.0.1; Nexus 5X Build/MMB29P) AppleWebKit/537.36 (KHTML, like Gecko) Chrome/41.0.2272.96 Mobile Safari/537.36 (compatible; Googlebot/2.1; +http://www.google.com/bot.html)" 
66.249.64.129 - - [25/Nov/2017:12:20:20 -0800] "GET / HTTP/1.1" 200 11061 "-" "Mozilla/5.0 (Linux; Android 6.0.1; Nexus 5X Build/MMB29P) AppleWebKit/537.36 (KHTML, like Gecko) Chrome/41.0.2272.96 Mobile Safari/537.36 (compatible; Googlebot/2.1; +http://www.google.com/bot.html)" 
184.54.48.154 - - [25/Nov/2017:12:18:28 -0800] "GET /tg/c.zip HTTP/1.1" 200 63359118 "-" "Wget/1.19.2 (linux-gnu)" 
184.54.48.154 - - [25/Nov/2017:12:20:42 -0800] "GET /tg/tg_snort_fast.7z HTTP/1.1" 200 4274093 "-" "Wget/1.19.2 (linux-gnu)" 
184.54.48.154 - - [25/Nov/2017:12:21:15 -0800] "GET /tg/tg_snort_full.7z HTTP/1.1" 200 8847793 "-" "Wget/1.19.2 (linux-gnu)" 
40.77.167.7 - - [25/Nov/2017:12:23:39 -0800] "GET /honeypot/BSidesDFW%20-%202014.ipynb HTTP/1.1" 200 930836 "-" "Mozilla/5.0 (iPhone; CPU iPhone OS 7_0 like Mac OS X) AppleWebKit/537.51.1 (KHTML, like Gecko) Version/7.0 Mobile/11A465 Safari/9537.53 (compatible; bingbot/2.0; +http://www.bing.com/bingbot.htm)" 
120.221.0.34 - - [25/Nov/2017:12:25:33 -0800] "GET /honeypot/Honeypot%20-%20Howto.pdf HTTP/1.1" 304 131 "-" "Mozilla/5.0 Gecko/20100115 Firefox/3.6" 
184.54.48.154 - - [25/Nov/2017:12:21:29 -0800] "GET /Security-Data-Analysis/Lab_1/conn.log.zip HTTP/1.1" 200 549098528 "-" "Wget/1.19.2 (linux-gnu)" 
164.132.161.21 - - [25/Nov/2017:12:37:55 -0800] "GET /self.logs/error.log.2016-01-25.gz HTTP/1.1" 404 284 "-" "Mozilla/5.0 (compatible; AhrefsBot/5.2; +http://ahrefs.com/robot/)" 
164.132.161.43 - - [25/Nov/2017:12:40:28 -0800] "GET /self.logs/error.log.2017-09-25.gz HTTP/1.1" 200 1773 "-" "Mozilla/5.0 (compatible; AhrefsBot/5.2; +http://ahrefs.com/robot/)" 
201.16.197.16 - - [25/Nov/2017:12:40:33 -0800] "GET /honeypot/Honeypot%20-%20Howto.pdf HTTP/1.1" 200 1279418 "http://www.secrepo.com/" "Mozilla/5.0 (Windows NT 6.1) AppleWebKit/537.36 (KHTML, like Gecko) Chrome/59.0.3071.115 Safari/537.36" 
42.236.46.105 - - [25/Nov/2017:12:41:31 -0800] "GET / HTTP/1.1" 301 483 "http://secrepo.com/" "Mozilla/5.0 (Windows NT 6.1; WOW64) AppleWebKit/537.36 (KHTML, like Gecko) Chrome/50.0.2661.102 Safari/537.36; 360Spider" 
42.236.46.105 - - [25/Nov/2017:12:41:32 -0800] "GET / HTTP/1.1" 200 11060 "http://www.secrepo.com/" "Mozilla/5.0 (Windows NT 6.1; WOW64) AppleWebKit/537.36 (KHTML, like Gecko) Chrome/50.0.2661.102 Safari/537.36; 360Spider" 
42.236.46.105 - - [25/Nov/2017:12:41:43 -0800] "GET / HTTP/1.1" 200 11061 "http://www.secrepo.com/" "Mozilla/5.0 (Windows NT 6.1; WOW64) AppleWebKit/537.36 (KHTML, like Gecko) Chrome/50.0.2661.102 Safari/537.36; 360Spider" 
139.196.4.84 - - [25/Nov/2017:12:40:32 -0800] "GET /honeypot/Honeypot%20-%20Howto.pdf HTTP/1.1" 200 588380 "http://www.secrepo.com/" "Mozilla/5.0 (Windows NT 6.1) AppleWebKit/537.36 (KHTML, like Gecko) Chrome/59.0.3071.115 Safari/537.36" 
52.168.161.70 - - [25/Nov/2017:12:45:21 -0800] "HEAD / HTTP/1.1" 200 282 "https://www.google.com/" "Mozilla/5.0 (compatible; epicbot; +http://www.epictions.com/epicbot)" 
52.168.161.70 - - [25/Nov/2017:12:45:23 -0800] "HEAD / HTTP/1.1" 200 282 "https://www.google.com/" "Mozilla/5.0 (compatible; epicbot; +http://www.epictions.com/epicbot)" 
52.168.161.70 - - [25/Nov/2017:12:45:23 -0800] "HEAD / HTTP/1.1" 200 282 "https://www.google.com/" "Mozilla/5.0 (compatible; epicbot; +http://www.epictions.com/epicbot)" 
136.62.53.119 - - [25/Nov/2017:12:47:23 -0800] "GET / HTTP/1.1" 200 11061 "-" "Mozilla/5.0 (iPhone; CPU iPhone OS 11_1_2 like Mac OS X) AppleWebKit/604.3.5 (KHTML, like Gecko) Version/11.0 Mobile/15B202 Safari/604.1" 
136.62.53.119 - - [25/Nov/2017:12:47:23 -0800] "GET /twitter-icon.png HTTP/1.1" 200 27787 "http://www.secrepo.com/" "Mozilla/5.0 (iPhone; CPU iPhone OS 11_1_2 like Mac OS X) AppleWebKit/604.3.5 (KHTML, like Gecko) Version/11.0 Mobile/15B202 Safari/604.1" 
136.62.53.119 - - [25/Nov/2017:12:47:23 -0800] "GET /GitHub-Mark.png HTTP/1.1" 200 7428 "http://www.secrepo.com/" "Mozilla/5.0 (iPhone; CPU iPhone OS 11_1_2 like Mac OS X) AppleWebKit/604.3.5 (KHTML, like Gecko) Version/11.0 Mobile/15B202 Safari/604.1" 
136.62.53.119 - - [25/Nov/2017:12:47:25 -0800] "GET / HTTP/1.1" 200 11061 "-" "Mozilla/5.0 (iPhone; CPU iPhone OS 11_1_2 like Mac OS X) AppleWebKit/604.3.5 (KHTML, like Gecko) Version/11.0 Mobile/15B202 Safari/604.1" 
117.218.115.209 - - [25/Nov/2017:12:48:06 -0800] "GET /wp-login.php HTTP/1.1" 404 295 "-" "Mozilla/5.0 (Windows NT 6.1; WOW64; rv:40.0) Gecko/20100101 Firefox/40.1" 
117.218.115.209 - - [25/Nov/2017:12:48:12 -0800] "GET /wp-login.php HTTP/1.1" 404 295 "-" "Mozilla/5.0 (Windows NT 6.1; WOW64; rv:40.0) Gecko/20100101 Firefox/40.1" 
117.218.115.209 - - [25/Nov/2017:12:48:18 -0800] "GET / HTTP/1.1" 200 37415 "-" "Mozilla/5.0 (Windows NT 6.1; WOW64; rv:40.0) Gecko/20100101 Firefox/40.1" 
52.27.2.86 - - [25/Nov/2017:12:51:27 -0800] "GET / HTTP/1.1" 200 37359 "-" "Mozilla/4.0 (compatible; MSIE 8.0; Windows NT 5.1; Trident/4.0)" 
89.147.68.203 - - [25/Nov/2017:12:52:11 -0800] "GET /wp-login.php HTTP/1.1" 404 295 "-" "Mozilla/5.0 (Windows NT 6.1; WOW64; rv:40.0) Gecko/20100101 Firefox/40.1" 
150.70.184.34 - - [25/Nov/2017:12:52:12 -0800] "GET / HTTP/1.1" 200 37415 "-" "Java/1.6.0_41" 
89.147.68.203 - - [25/Nov/2017:12:52:16 -0800] "GET /wp-login.php HTTP/1.1" 404 295 "-" "Mozilla/5.0 (Windows NT 6.1; WOW64; rv:40.0) Gecko/20100101 Firefox/40.1" 
89.147.68.203 - - [25/Nov/2017:12:52:21 -0800] "GET / HTTP/1.1" 200 37415 "-" "Mozilla/5.0 (Windows NT 6.1; WOW64; rv:40.0) Gecko/20100101 Firefox/40.1" 
89.147.68.203 - - [25/Nov/2017:12:52:26 -0800] "GET /wp-login.php HTTP/1.1" 301 522 "-" "Mozilla/5.0 (Windows NT 6.1; WOW64; rv:40.0) Gecko/20100101 Firefox/40.1" 
89.147.68.203 - - [25/Nov/2017:12:52:26 -0800] "GET /wp-login.php HTTP/1.1" 404 295 "-" "Mozilla/5.0 (Windows NT 6.1; WOW64; rv:40.0) Gecko/20100101 Firefox/40.1" 
89.147.68.203 - - [25/Nov/2017:12:52:32 -0800] "GET /wp-login.php HTTP/1.1" 301 522 "-" "Mozilla/5.0 (Windows NT 6.1; WOW64; rv:40.0) Gecko/20100101 Firefox/40.1" 
89.147.68.203 - - [25/Nov/2017:12:52:32 -0800] "GET /wp-login.php HTTP/1.1" 404 295 "-" "Mozilla/5.0 (Windows NT 6.1; WOW64; rv:40.0) Gecko/20100101 Firefox/40.1" 
89.147.68.203 - - [25/Nov/2017:12:52:37 -0800] "GET / HTTP/1.1" 301 498 "-" "Mozilla/5.0 (Windows NT 6.1; WOW64; rv:40.0) Gecko/20100101 Firefox/40.1" 
89.147.68.203 - - [25/Nov/2017:12:52:38 -0800] "GET / HTTP/1.1" 200 37415 "-" "Mozilla/5.0 (Windows NT 6.1; WOW64; rv:40.0) Gecko/20100101 Firefox/40.1" 
51.255.65.51 - - [25/Nov/2017:12:55:32 -0800] "GET /self.logs/access.log.2016-07-02.gz HTTP/1.1" 404 284 "-" "Mozilla/5.0 (compatible; AhrefsBot/5.2; +http://ahrefs.com/robot/)" 
191.209.109.60 - - [25/Nov/2017:13:04:39 -0800] "GET /wp-login.php HTTP/1.1" 301 522 "-" "Mozilla/5.0 (Windows NT 6.1; WOW64; rv:40.0) Gecko/20100101 Firefox/40.1" 
191.209.109.60 - - [25/Nov/2017:13:04:41 -0800] "GET /wp-login.php HTTP/1.1" 404 295 "-" "Mozilla/5.0 (Windows NT 6.1; WOW64; rv:40.0) Gecko/20100101 Firefox/40.1" 
191.209.109.60 - - [25/Nov/2017:13:04:46 -0800] "GET /wp-login.php HTTP/1.1" 301 522 "-" "Mozilla/5.0 (Windows NT 6.1; WOW64; rv:40.0) Gecko/20100101 Firefox/40.1" 
191.209.109.60 - - [25/Nov/2017:13:04:46 -0800] "GET /wp-login.php HTTP/1.1" 404 295 "-" "Mozilla/5.0 (Windows NT 6.1; WOW64; rv:40.0) Gecko/20100101 Firefox/40.1" 
191.209.109.60 - - [25/Nov/2017:13:04:52 -0800] "GET / HTTP/1.1" 301 498 "-" "Mozilla/5.0 (Windows NT 6.1; WOW64; rv:40.0) Gecko/20100101 Firefox/40.1" 
191.209.109.60 - - [25/Nov/2017:13:04:52 -0800] "GET / HTTP/1.1" 200 37415 "-" "Mozilla/5.0 (Windows NT 6.1; WOW64; rv:40.0) Gecko/20100101 Firefox/40.1" 
217.182.132.53 - - [25/Nov/2017:13:17:30 -0800] "GET /self.logs/error.log.2016-02-10.gz HTTP/1.1" 404 284 "-" "Mozilla/5.0 (compatible; AhrefsBot/5.2; +http://ahrefs.com/robot/)" 
93.40.124.206 - - [25/Nov/2017:13:21:30 -0800] "GET / HTTP/1.1" 200 11061 "-" "Mozilla/5.0 (iPhone; CPU iPhone OS 10_3_3 like Mac OS X) AppleWebKit/603.3.8 (KHTML, like Gecko) Version/10.0 Mobile/14G60 Safari/602.1" 
93.40.124.206 - - [25/Nov/2017:13:21:31 -0800] "GET /twitter-icon.png HTTP/1.1" 200 27787 "http://www.secrepo.com/" "Mozilla/5.0 (iPhone; CPU iPhone OS 10_3_3 like Mac OS X) AppleWebKit/603.3.8 (KHTML, like Gecko) Version/10.0 Mobile/14G60 Safari/602.1" 
