172.96.218.51 - - [20/Dec/2017:01:56:39 -0800] "GET / HTTP/1.1" 301 446 "http://www.freebuf.com/articles/network/131279.html" "Mozilla/5.0 (Windows NT 10.0; Win64; x64) AppleWebKit/537.36 (KHTML, like Gecko) Chrome/62.0.3202.94 Safari/537.36" 
172.96.218.51 - - [20/Dec/2017:01:56:42 -0800] "GET / HTTP/1.1" 200 11024 "http://www.freebuf.com/articles/network/131279.html" "Mozilla/5.0 (Windows NT 10.0; Win64; x64) AppleWebKit/537.36 (KHTML, like Gecko) Chrome/62.0.3202.94 Safari/537.36" 
172.96.218.51 - - [20/Dec/2017:01:56:44 -0800] "GET /GitHub-Mark.png HTTP/1.1" 200 7391 "http://www.secrepo.com/" "Mozilla/5.0 (Windows NT 10.0; Win64; x64) AppleWebKit/537.36 (KHTML, like Gecko) Chrome/62.0.3202.94 Safari/537.36" 
172.96.218.51 - - [20/Dec/2017:01:56:44 -0800] "GET /twitter-icon.png HTTP/1.1" 200 27751 "http://www.secrepo.com/" "Mozilla/5.0 (Windows NT 10.0; Win64; x64) AppleWebKit/537.36 (KHTML, like Gecko) Chrome/62.0.3202.94 Safari/537.36" 
66.249.64.159 - - [20/Dec/2017:01:56:44 -0800] "GET / HTTP/1.1" 200 11061 "-" "Mozilla/5.0 (Linux; Android 6.0.1; Nexus 5X Build/MMB29P) AppleWebKit/537.36 (KHTML, like Gecko) Chrome/41.0.2272.96 Mobile Safari/537.36 (compatible; Googlebot/2.1; +http://www.google.com/bot.html)" 
172.96.218.51 - - [20/Dec/2017:01:56:46 -0800] "GET /bootstrap/img/favicon.ico HTTP/1.1" 200 553 "http://www.secrepo.com/" "Mozilla/5.0 (Windows NT 10.0; Win64; x64) AppleWebKit/537.36 (KHTML, like Gecko) Chrome/62.0.3202.94 Safari/537.36" 
120.221.0.34 - - [20/Dec/2017:02:00:11 -0800] "GET /honeypot/Honeypot%20-%20Howto.pdf HTTP/1.1" 304 131 "-" "Mozilla/5.0 Gecko/20100115 Firefox/3.6" 
194.206.52.40 - - [20/Dec/2017:02:03:15 -0800] "GET / HTTP/1.1" 200 11061 "https://www.google.fr/" "Mozilla/5.0 (Windows NT 10.0; Win64; x64; rv:57.0) Gecko/20100101 Firefox/57.0" 
194.206.52.40 - - [20/Dec/2017:02:03:15 -0800] "GET /twitter-icon.png HTTP/1.1" 200 27787 "http://www.secrepo.com/" "Mozilla/5.0 (Windows NT 10.0; Win64; x64; rv:57.0) Gecko/20100101 Firefox/57.0" 
194.206.52.40 - - [20/Dec/2017:02:03:15 -0800] "GET /GitHub-Mark.png HTTP/1.1" 200 7428 "http://www.secrepo.com/" "Mozilla/5.0 (Windows NT 10.0; Win64; x64; rv:57.0) Gecko/20100101 Firefox/57.0" 
194.206.52.40 - - [20/Dec/2017:02:03:15 -0800] "GET /bootstrap/img/favicon.ico HTTP/1.1" 200 589 "-" "Mozilla/5.0 (Windows NT 10.0; Win64; x64; rv:57.0) Gecko/20100101 Firefox/57.0" 
162.210.196.97 - - [20/Dec/2017:02:03:44 -0800] "GET /robots.txt HTTP/1.1" 200 289 "-" "Mozilla/5.0 (compatible; MJ12bot/v1.4.8; http://mj12bot.com/)" 
162.210.196.97 - - [20/Dec/2017:02:03:48 -0800] "GET / HTTP/1.1" 200 37359 "-" "Mozilla/5.0 (compatible; MJ12bot/v1.4.8; http://mj12bot.com/)" 
120.221.1.28 - - [20/Dec/2017:02:04:24 -0800] "GET /maccdc2012/files.log.gz HTTP/1.1" 304 155 "-" "Mozilla/5.0 Gecko/20100115 Firefox/3.6" 
209.15.209.89 - - [20/Dec/2017:02:04:44 -0800] "HEAD / HTTP/1.1" 301 190 "-" "-" 
209.15.209.89 - - [20/Dec/2017:02:04:44 -0800] "HEAD / HTTP/1.1" 200 239 "-" "-" 
81.17.25.8 - - [20/Dec/2017:02:04:45 -0800] "GET / HTTP/1.1" 301 483 "https://www.researchgate.net/" "Mozilla/5.0 (X11; Linux x86_64; rv:57.0) Gecko/20100101 Firefox/57.0" 
81.17.25.8 - - [20/Dec/2017:02:04:46 -0800] "GET / HTTP/1.1" 200 11061 "https://www.researchgate.net/" "Mozilla/5.0 (X11; Linux x86_64; rv:57.0) Gecko/20100101 Firefox/57.0" 
81.17.25.8 - - [20/Dec/2017:02:04:46 -0800] "GET /bootstrap/img/favicon.ico HTTP/1.1" 200 589 "-" "Mozilla/5.0 (X11; Linux x86_64; rv:57.0) Gecko/20100101 Firefox/57.0" 
81.17.25.8 - - [20/Dec/2017:02:04:47 -0800] "GET /twitter-icon.png HTTP/1.1" 200 27787 "http://www.secrepo.com/" "Mozilla/5.0 (X11; Linux x86_64; rv:57.0) Gecko/20100101 Firefox/57.0" 
81.17.25.8 - - [20/Dec/2017:02:04:47 -0800] "GET /GitHub-Mark.png HTTP/1.1" 200 7428 "http://www.secrepo.com/" "Mozilla/5.0 (X11; Linux x86_64; rv:57.0) Gecko/20100101 Firefox/57.0" 
34.228.82.52 - - [20/Dec/2017:02:04:54 -0800] "GET /self.logs/ HTTP/1.1" 301 499 "-" "Mozilla/5.0 (Windows NT 6.1) AppleWebKit/537.36 (KHTML, like Gecko) Chrome/41.0.2228.0 Safari/537.36" 
34.228.82.52 - - [20/Dec/2017:02:04:54 -0800] "GET /self.logs/ HTTP/1.1" 200 7237 "-" "Mozilla/5.0 (Windows NT 6.1) AppleWebKit/537.36 (KHTML, like Gecko) Chrome/41.0.2228.0 Safari/537.36" 
213.149.61.208 - - [20/Dec/2017:02:05:36 -0800] "GET /self.logs/ HTTP/1.1" 200 7237 "http://enigmater.blogspot.hr/2017/03/intrusion-detection-based-on-supervised.html" "Mozilla/5.0 (Windows NT 6.3; Win64; x64) AppleWebKit/537.36 (KHTML, like Gecko) Chrome/63.0.3239.84 Safari/537.36" 
213.149.61.208 - - [20/Dec/2017:02:05:43 -0800] "GET /favicon.ico HTTP/1.1" 200 268 "http://www.secrepo.com/self.logs/" "Mozilla/5.0 (Windows NT 6.3; Win64; x64) AppleWebKit/537.36 (KHTML, like Gecko) Chrome/63.0.3239.84 Safari/537.36" 
213.149.61.208 - - [20/Dec/2017:02:05:56 -0800] "GET /self.logs/access.log.2017-01-01.gz HTTP/1.1" 200 17655 "http://www.secrepo.com/self.logs/" "Mozilla/5.0 (Windows NT 6.3; Win64; x64) AppleWebKit/537.36 (KHTML, like Gecko) Chrome/63.0.3239.84 Safari/537.36" 
52.47.113.80 - - [20/Dec/2017:02:05:33 -0800] "GET /maccdc2012/conn.log.gz HTTP/1.1" 200 549157643 "-" "Wget/1.17.1 (linux-gnu)" 
194.206.52.40 - - [20/Dec/2017:02:05:05 -0800] "GET /maccdc2012/conn.log.gz HTTP/1.1" 200 551041635 "http://www.secrepo.com/" "Mozilla/5.0 (Windows NT 10.0; Win64; x64; rv:57.0) Gecko/20100101 Firefox/57.0" 
194.206.52.40 - - [20/Dec/2017:02:07:09 -0800] "GET / HTTP/1.1" 200 11061 "-" "Mozilla/5.0 (Windows NT 10.0; Win64; x64) AppleWebKit/537.36 (KHTML, like Gecko) Chrome/63.0.3239.84 Safari/537.36" 
194.206.52.40 - - [20/Dec/2017:02:07:09 -0800] "GET /twitter-icon.png HTTP/1.1" 200 27787 "http://www.secrepo.com/" "Mozilla/5.0 (Windows NT 10.0; Win64; x64) AppleWebKit/537.36 (KHTML, like Gecko) Chrome/63.0.3239.84 Safari/537.36" 
194.206.52.40 - - [20/Dec/2017:02:07:09 -0800] "GET /GitHub-Mark.png HTTP/1.1" 200 7428 "http://www.secrepo.com/" "Mozilla/5.0 (Windows NT 10.0; Win64; x64) AppleWebKit/537.36 (KHTML, like Gecko) Chrome/63.0.3239.84 Safari/537.36" 
194.206.52.40 - - [20/Dec/2017:02:07:09 -0800] "GET /bootstrap/img/favicon.ico HTTP/1.1" 200 589 "http://www.secrepo.com/" "Mozilla/5.0 (Windows NT 10.0; Win64; x64) AppleWebKit/537.36 (KHTML, like Gecko) Chrome/63.0.3239.84 Safari/537.36" 
194.206.52.40 - - [20/Dec/2017:02:07:58 -0800] "GET /self.logs/ HTTP/1.1" 200 7237 "http://www.secrepo.com/" "Mozilla/5.0 (Windows NT 10.0; Win64; x64; rv:57.0) Gecko/20100101 Firefox/57.0" 
194.206.52.40 - - [20/Dec/2017:02:07:58 -0800] "GET /favicon.ico HTTP/1.1" 200 267 "-" "Mozilla/5.0 (Windows NT 10.0; Win64; x64; rv:57.0) Gecko/20100101 Firefox/57.0" 
194.206.52.40 - - [20/Dec/2017:02:08:02 -0800] "GET /self.logs/access.log.2017-01-01.gz HTTP/1.1" 200 17655 "http://www.secrepo.com/self.logs/" "Mozilla/5.0 (Windows NT 10.0; Win64; x64; rv:57.0) Gecko/20100101 Firefox/57.0" 
194.206.52.40 - - [20/Dec/2017:02:08:24 -0800] "GET /auth.log/auth.log.gz HTTP/1.1" 200 554524 "http://www.secrepo.com/" "Mozilla/5.0 (Windows NT 10.0; Win64; x64; rv:57.0) Gecko/20100101 Firefox/57.0" 
52.47.113.80 - - [20/Dec/2017:02:08:35 -0800] "GET /auth.log/auth.log.gz HTTP/1.1" 200 615569 "-" "Wget/1.17.1 (linux-gnu)" 
194.206.52.40 - - [20/Dec/2017:02:10:07 -0800] "GET / HTTP/1.1" 200 11061 "-" "Mozilla/5.0 (Windows NT 10.0; Win64; x64) AppleWebKit/537.36 (KHTML, like Gecko) Chrome/63.0.3239.84 Safari/537.36" 
194.206.52.40 - - [20/Dec/2017:02:10:08 -0800] "GET /twitter-icon.png HTTP/1.1" 200 27787 "http://www.secrepo.com/" "Mozilla/5.0 (Windows NT 10.0; Win64; x64) AppleWebKit/537.36 (KHTML, like Gecko) Chrome/63.0.3239.84 Safari/537.36" 
194.206.52.40 - - [20/Dec/2017:02:10:08 -0800] "GET /GitHub-Mark.png HTTP/1.1" 200 7428 "http://www.secrepo.com/" "Mozilla/5.0 (Windows NT 10.0; Win64; x64) AppleWebKit/537.36 (KHTML, like Gecko) Chrome/63.0.3239.84 Safari/537.36" 
194.206.52.40 - - [20/Dec/2017:02:10:08 -0800] "GET /bootstrap/img/favicon.ico HTTP/1.1" 200 589 "http://www.secrepo.com/" "Mozilla/5.0 (Windows NT 10.0; Win64; x64) AppleWebKit/537.36 (KHTML, like Gecko) Chrome/63.0.3239.84 Safari/537.36" 
34.241.252.57 - - [20/Dec/2017:02:10:35 -0800] "GET /robots.txt HTTP/1.1" 200 334 "-" "Barkrowler/0.7 (+http://www.exensa.com/crawl)" 
34.241.252.57 - - [20/Dec/2017:02:10:36 -0800] "GET /data HTTP/1.1" 404 339 "-" "Barkrowler/0.7 (+http://www.exensa.com/crawl)" 
34.241.252.57 - - [20/Dec/2017:02:10:57 -0800] "GET /maccdc2012/maccdc2012_fast_alert.7z HTTP/1.1" 200 2327240 "-" "Barkrowler/0.7 (+http://www.exensa.com/crawl)" 
34.241.252.57 - - [20/Dec/2017:02:11:01 -0800] "GET /maccdc2012/maccdc2012_full_alert.7z HTTP/1.1" 200 2388560 "-" "Barkrowler/0.7 (+http://www.exensa.com/crawl)" 
34.241.252.57 - - [20/Dec/2017:02:11:05 -0800] "GET /tg/tg_snort_fast.7z HTTP/1.1" 200 2988620 "-" "Barkrowler/0.7 (+http://www.exensa.com/crawl)" 
34.241.252.57 - - [20/Dec/2017:02:11:30 -0800] "GET /tg/tg_snort_full.7z HTTP/1.1" 200 2479080 "-" "Barkrowler/0.7 (+http://www.exensa.com/crawl)" 
34.241.252.57 - - [20/Dec/2017:02:11:33 -0800] "GET /self.logs/ HTTP/1.1" 200 7237 "-" "Barkrowler/0.7 (+http://www.exensa.com/crawl)" 
34.241.252.57 - - [20/Dec/2017:02:11:34 -0800] "GET /honeypot/BSidesDFW%20-%202014.ipynb HTTP/1.1" 200 930835 "-" "Barkrowler/0.7 (+http://www.exensa.com/crawl)" 
194.206.52.40 - - [20/Dec/2017:02:10:46 -0800] "GET /maccdc2012/conn.log.gz HTTP/1.1" 200 551041635 "-" "Mozilla/5.0 (Windows NT 10.0; Win64; x64) AppleWebKit/537.36 (KHTML, like Gecko) Chrome/63.0.3239.84 Safari/537.36" 
66.249.64.159 - - [20/Dec/2017:02:16:30 -0800] "GET /bootstrap/img/favicon.ico HTTP/1.1" 304 165 "-" "Googlebot-Image/1.0" 
216.244.66.227 - - [20/Dec/2017:02:20:17 -0800] "GET /robots.txt HTTP/1.1" 200 233 "-" "Mozilla/5.0 (compatible; DotBot/1.1; http://www.opensiteexplorer.org/dotbot, help@moz.com)" 
139.194.165.23 - - [20/Dec/2017:02:20:39 -0800] "GET / HTTP/1.1" 200 11061 "https://www.google.com/" "Mozilla/5.0 (X11; Ubuntu; Linux x86_64; rv:54.0) Gecko/20100101 Firefox/54.0" 
139.194.165.23 - - [20/Dec/2017:02:20:40 -0800] "GET /bootstrap/img/favicon.ico HTTP/1.1" 200 589 "-" "Mozilla/5.0 (X11; Ubuntu; Linux x86_64; rv:54.0) Gecko/20100101 Firefox/54.0" 
139.194.165.23 - - [20/Dec/2017:02:20:40 -0800] "GET /twitter-icon.png HTTP/1.1" 200 27787 "http://www.secrepo.com/" "Mozilla/5.0 (X11; Ubuntu; Linux x86_64; rv:54.0) Gecko/20100101 Firefox/54.0" 
139.194.165.23 - - [20/Dec/2017:02:20:41 -0800] "GET /GitHub-Mark.png HTTP/1.1" 200 7428 "http://www.secrepo.com/" "Mozilla/5.0 (X11; Ubuntu; Linux x86_64; rv:54.0) Gecko/20100101 Firefox/54.0" 
52.50.157.191 - - [20/Dec/2017:02:21:12 -0800] "GET /robots.txt HTTP/1.1" 200 334 "-" "Barkrowler/0.7 (+http://www.exensa.com/crawl)" 
52.50.157.191 - - [20/Dec/2017:02:21:13 -0800] "GET / HTTP/1.1" 200 11060 "-" "Barkrowler/0.7 (+http://www.exensa.com/crawl)" 
72.163.217.103 - - [20/Dec/2017:02:29:08 -0800] "GET / HTTP/1.1" 200 11061 "-" "Mozilla/5.0 (Windows NT 10.0; Win64; x64) AppleWebKit/537.36 (KHTML, like Gecko) Chrome/63.0.3239.84 Safari/537.36" 
72.163.217.103 - - [20/Dec/2017:02:29:09 -0800] "GET /twitter-icon.png HTTP/1.1" 200 27787 "http://www.secrepo.com/" "Mozilla/5.0 (Windows NT 10.0; Win64; x64) AppleWebKit/537.36 (KHTML, like Gecko) Chrome/63.0.3239.84 Safari/537.36" 
72.163.217.103 - - [20/Dec/2017:02:29:09 -0800] "GET /GitHub-Mark.png HTTP/1.1" 200 7428 "http://www.secrepo.com/" "Mozilla/5.0 (Windows NT 10.0; Win64; x64) AppleWebKit/537.36 (KHTML, like Gecko) Chrome/63.0.3239.84 Safari/537.36" 
72.163.217.103 - - [20/Dec/2017:02:29:11 -0800] "GET /bootstrap/img/favicon.ico HTTP/1.1" 200 589 "http://www.secrepo.com/" "Mozilla/5.0 (Windows NT 10.0; Win64; x64) AppleWebKit/537.36 (KHTML, like Gecko) Chrome/63.0.3239.84 Safari/537.36" 
93.41.81.30 - - [20/Dec/2017:02:29:51 -0800] "GET / HTTP/1.1" 200 11061 "-" "Mozilla/5.0 (iPhone; CPU iPhone OS 11_2_1 like Mac OS X) AppleWebKit/604.4.7 (KHTML, like Gecko) Version/11.0 Mobile/15C153 Safari/604.1" 
93.41.81.30 - - [20/Dec/2017:02:29:51 -0800] "GET /apple-touch-icon-120x120-precomposed.png HTTP/1.1" 404 340 "-" "MobileSafari/604.1 CFNetwork/893.14.2 Darwin/17.3.0" 
93.41.81.30 - - [20/Dec/2017:02:29:51 -0800] "GET /apple-touch-icon-120x120.png HTTP/1.1" 404 339 "-" "MobileSafari/604.1 CFNetwork/893.14.2 Darwin/17.3.0" 
93.41.81.30 - - [20/Dec/2017:02:29:52 -0800] "GET /apple-touch-icon-precomposed.png HTTP/1.1" 404 339 "-" "MobileSafari/604.1 CFNetwork/893.14.2 Darwin/17.3.0" 
93.41.81.30 - - [20/Dec/2017:02:29:52 -0800] "GET /apple-touch-icon.png HTTP/1.1" 404 339 "-" "MobileSafari/604.1 CFNetwork/893.14.2 Darwin/17.3.0" 
93.41.81.30 - - [20/Dec/2017:02:29:52 -0800] "GET /bootstrap/img/favicon.ico HTTP/1.1" 200 589 "-" "MobileSafari/604.1 CFNetwork/893.14.2 Darwin/17.3.0" 
93.41.81.30 - - [20/Dec/2017:02:29:52 -0800] "GET / HTTP/1.1" 200 11061 "-" "Mozilla/5.0 (Macintosh; Intel Mac OS X 10_11_1) AppleWebKit/601.2.4 (KHTML, like Gecko) Version/9.0.1 Safari/601.2.4 facebookexternalhit/1.1 Facebot Twitterbot/1.0" 
93.41.81.30 - - [20/Dec/2017:02:29:52 -0800] "GET /apple-touch-icon-precomposed.png HTTP/1.1" 404 339 "-" "Mozilla/5.0 (Macintosh; Intel Mac OS X 10_11_1) AppleWebKit/601.2.4 (KHTML, like Gecko) Version/9.0.1 Safari/601.2.4 facebookexternalhit/1.1 Facebot Twitterbot/1.0" 
93.41.81.30 - - [20/Dec/2017:02:29:52 -0800] "GET /apple-touch-icon.png HTTP/1.1" 404 339 "-" "Mozilla/5.0 (Macintosh; Intel Mac OS X 10_11_1) AppleWebKit/601.2.4 (KHTML, like Gecko) Version/9.0.1 Safari/601.2.4 facebookexternalhit/1.1 Facebot Twitterbot/1.0" 
93.41.81.30 - - [20/Dec/2017:02:29:53 -0800] "GET /bootstrap/img/favicon.ico HTTP/1.1" 200 589 "-" "Mozilla/5.0 (Macintosh; Intel Mac OS X 10_11_1) AppleWebKit/601.2.4 (KHTML, like Gecko) Version/9.0.1 Safari/601.2.4 facebookexternalhit/1.1 Facebot Twitterbot/1.0" 
93.41.81.30 - - [20/Dec/2017:02:30:25 -0800] "GET / HTTP/1.1" 200 11061 "-" "Mozilla/5.0 (Macintosh; Intel Mac OS X 10_11_1) AppleWebKit/601.2.4 (KHTML, like Gecko) Version/9.0.1 Safari/601.2.4 facebookexternalhit/1.1 Facebot Twitterbot/1.0" 
93.41.81.30 - - [20/Dec/2017:02:30:25 -0800] "GET /apple-touch-icon-precomposed.png HTTP/1.1" 404 339 "-" "Mozilla/5.0 (Macintosh; Intel Mac OS X 10_11_1) AppleWebKit/601.2.4 (KHTML, like Gecko) Version/9.0.1 Safari/601.2.4 facebookexternalhit/1.1 Facebot Twitterbot/1.0" 
93.41.81.30 - - [20/Dec/2017:02:30:25 -0800] "GET /apple-touch-icon.png HTTP/1.1" 404 339 "-" "Mozilla/5.0 (Macintosh; Intel Mac OS X 10_11_1) AppleWebKit/601.2.4 (KHTML, like Gecko) Version/9.0.1 Safari/601.2.4 facebookexternalhit/1.1 Facebot Twitterbot/1.0" 
93.41.81.30 - - [20/Dec/2017:02:30:26 -0800] "GET /bootstrap/img/favicon.ico HTTP/1.1" 200 589 "-" "Mozilla/5.0 (Macintosh; Intel Mac OS X 10_11_1) AppleWebKit/601.2.4 (KHTML, like Gecko) Version/9.0.1 Safari/601.2.4 facebookexternalhit/1.1 Facebot Twitterbot/1.0" 
52.47.113.80 - - [20/Dec/2017:02:33:48 -0800] "GET /maccdc2012/conn.log.gz HTTP/1.1" 200 549157643 "-" "Wget/1.17.1 (linux-gnu)" 
157.55.39.101 - - [20/Dec/2017:02:34:28 -0800] "GET /self.logs/access.log.2017-06-14.gz HTTP/1.1" 200 37215 "-" "Mozilla/5.0 (compatible; bingbot/2.0; +http://www.bing.com/bingbot.htm)" 
203.106.58.138 - - [20/Dec/2017:02:39:09 -0800] "GET / HTTP/1.1" 200 11061 "-" "Mozilla/5.0 (X11; Ubuntu; Linux x86_64; rv:55.0) Gecko/20100101 Firefox/55.0" 
203.106.58.138 - - [20/Dec/2017:02:39:10 -0800] "GET /GitHub-Mark.png HTTP/1.1" 200 7428 "http://www.secrepo.com/" "Mozilla/5.0 (X11; Ubuntu; Linux x86_64; rv:55.0) Gecko/20100101 Firefox/55.0" 
203.106.58.138 - - [20/Dec/2017:02:39:10 -0800] "GET /twitter-icon.png HTTP/1.1" 200 27787 "http://www.secrepo.com/" "Mozilla/5.0 (X11; Ubuntu; Linux x86_64; rv:55.0) Gecko/20100101 Firefox/55.0" 
51.255.65.94 - - [20/Dec/2017:02:43:19 -0800] "GET /self.logs/2015/access.log.2015-07-23.gz HTTP/1.1" 200 4012 "-" "Mozilla/5.0 (compatible; AhrefsBot/5.2; +http://ahrefs.com/robot/)" 
139.194.165.23 - - [20/Dec/2017:02:44:38 -0800] "GET /maccdc2012/conn.log.gz HTTP/1.1" 200 1370623 "http://www.secrepo.com/" "Mozilla/5.0 (X11; Ubuntu; Linux x86_64; rv:54.0) Gecko/20100101 Firefox/54.0" 
124.107.208.191 - - [20/Dec/2017:02:46:32 -0800] "GET /wp-login.php HTTP/1.1" 404 295 "-" "Mozilla/5.0 (Windows NT 6.1; WOW64; rv:40.0) Gecko/20100101 Firefox/40.1" 
124.107.208.191 - - [20/Dec/2017:02:46:38 -0800] "GET /wp-login.php HTTP/1.1" 404 295 "-" "Mozilla/5.0 (Windows NT 6.1; WOW64; rv:40.0) Gecko/20100101 Firefox/40.1" 
124.107.208.191 - - [20/Dec/2017:02:46:43 -0800] "GET / HTTP/1.1" 200 37415 "-" "Mozilla/5.0 (Windows NT 6.1; WOW64; rv:40.0) Gecko/20100101 Firefox/40.1" 
66.249.64.129 - - [20/Dec/2017:02:46:52 -0800] "GET /favicon.ico HTTP/1.1" 200 268 "-" "Googlebot-Image/1.0" 
177.185.183.242 - - [20/Dec/2017:02:49:55 -0800] "GET /wp-login.php HTTP/1.1" 404 295 "-" "Mozilla/5.0 (Windows NT 6.1; WOW64; rv:40.0) Gecko/20100101 Firefox/40.1" 
177.185.183.242 - - [20/Dec/2017:02:50:00 -0800] "GET /wp-login.php HTTP/1.1" 404 295 "-" "Mozilla/5.0 (Windows NT 6.1; WOW64; rv:40.0) Gecko/20100101 Firefox/40.1" 
177.185.183.242 - - [20/Dec/2017:02:50:05 -0800] "GET / HTTP/1.1" 200 37415 "-" "Mozilla/5.0 (Windows NT 6.1; WOW64; rv:40.0) Gecko/20100101 Firefox/40.1" 
54.234.174.215 - - [20/Dec/2017:02:53:54 -0800] "GET / HTTP/1.1" 200 11005 "-" "Mozilla/5.0 (compatible; Googlebot/2.1; startmebot/1.0; +https://start.me/bot)" 
151.80.31.152 - - [20/Dec/2017:02:56:51 -0800] "GET /self.logs/error.log.2015-02-18.gz HTTP/1.1" 404 284 "-" "Mozilla/5.0 (compatible; AhrefsBot/5.2; +http://ahrefs.com/robot/)" 
77.75.76.164 - - [20/Dec/2017:02:57:36 -0800] "GET /robots.txt HTTP/1.1" 200 334 "-" "Mozilla/5.0 (compatible; SeznamBot/3.2; +http://napoveda.seznam.cz/en/seznambot-intro/)" 
77.75.76.164 - - [20/Dec/2017:02:57:37 -0800] "GET /tg/tg_snort_fast.7z HTTP/1.1" 200 4274093 "-" "Mozilla/5.0 (compatible; SeznamBot/3.2; +http://napoveda.seznam.cz/en/seznambot-intro/)" 
51.255.65.17 - - [20/Dec/2017:03:00:26 -0800] "GET /self.logs/2015/error.log.2015-04-12.gz HTTP/1.1" 200 886 "-" "Mozilla/5.0 (compatible; AhrefsBot/5.2; +http://ahrefs.com/robot/)" 
177.185.183.242 - - [20/Dec/2017:03:05:44 -0800] "GET /wp-login.php HTTP/1.1" 301 522 "-" "Mozilla/5.0 (Windows NT 6.1; WOW64; rv:40.0) Gecko/20100101 Firefox/40.1" 
177.185.183.242 - - [20/Dec/2017:03:05:45 -0800] "GET /wp-login.php HTTP/1.1" 404 295 "-" "Mozilla/5.0 (Windows NT 6.1; WOW64; rv:40.0) Gecko/20100101 Firefox/40.1" 
177.185.183.242 - - [20/Dec/2017:03:05:50 -0800] "GET /wp-login.php HTTP/1.1" 301 522 "-" "Mozilla/5.0 (Windows NT 6.1; WOW64; rv:40.0) Gecko/20100101 Firefox/40.1" 
177.185.183.242 - - [20/Dec/2017:03:05:51 -0800] "GET /wp-login.php HTTP/1.1" 404 295 "-" "Mozilla/5.0 (Windows NT 6.1; WOW64; rv:40.0) Gecko/20100101 Firefox/40.1" 
177.185.183.242 - - [20/Dec/2017:03:05:56 -0800] "GET / HTTP/1.1" 301 498 "-" "Mozilla/5.0 (Windows NT 6.1; WOW64; rv:40.0) Gecko/20100101 Firefox/40.1" 
177.185.183.242 - - [20/Dec/2017:03:05:56 -0800] "GET / HTTP/1.1" 200 37415 "-" "Mozilla/5.0 (Windows NT 6.1; WOW64; rv:40.0) Gecko/20100101 Firefox/40.1" 
216.244.66.227 - - [20/Dec/2017:03:07:14 -0800] "GET /robots.txt HTTP/1.1" 200 233 "-" "Mozilla/5.0 (compatible; DotBot/1.1; http://www.opensiteexplorer.org/dotbot, help@moz.com)" 
164.132.161.58 - - [20/Dec/2017:03:09:36 -0800] "GET /self.logs/2015/error.log.2015-05-06.gz HTTP/1.1" 200 2100 "-" "Mozilla/5.0 (compatible; AhrefsBot/5.2; +http://ahrefs.com/robot/)" 
194.206.52.40 - - [20/Dec/2017:03:11:15 -0800] "GET / HTTP/1.1" 200 11061 "-" "Mozilla/5.0 (Windows NT 10.0; WOW64; rv:56.0) Gecko/20100101 Firefox/56.0" 
194.206.52.40 - - [20/Dec/2017:03:11:15 -0800] "GET /bootstrap/img/favicon.ico HTTP/1.1" 200 589 "-" "Mozilla/5.0 (Windows NT 10.0; WOW64; rv:56.0) Gecko/20100101 Firefox/56.0" 
194.206.52.40 - - [20/Dec/2017:03:11:15 -0800] "GET /GitHub-Mark.png HTTP/1.1" 200 7428 "http://www.secrepo.com/" "Mozilla/5.0 (Windows NT 10.0; WOW64; rv:56.0) Gecko/20100101 Firefox/56.0" 
194.206.52.40 - - [20/Dec/2017:03:11:15 -0800] "GET /twitter-icon.png HTTP/1.1" 200 27788 "http://www.secrepo.com/" "Mozilla/5.0 (Windows NT 10.0; WOW64; rv:56.0) Gecko/20100101 Firefox/56.0" 
151.80.31.154 - - [20/Dec/2017:03:12:13 -0800] "GET /self.logs/error.log.2015-02-07.gz HTTP/1.1" 404 284 "-" "Mozilla/5.0 (compatible; AhrefsBot/5.2; +http://ahrefs.com/robot/)" 
200.217.66.42 - - [20/Dec/2017:03:12:55 -0800] "GET /wp-login.php HTTP/1.1" 404 295 "-" "Mozilla/5.0 (Windows NT 6.1; WOW64; rv:40.0) Gecko/20100101 Firefox/40.1" 
200.217.66.42 - - [20/Dec/2017:03:13:00 -0800] "GET /wp-login.php HTTP/1.1" 404 295 "-" "Mozilla/5.0 (Windows NT 6.1; WOW64; rv:40.0) Gecko/20100101 Firefox/40.1" 
200.217.66.42 - - [20/Dec/2017:03:13:06 -0800] "GET / HTTP/1.1" 200 37415 "-" "Mozilla/5.0 (Windows NT 6.1; WOW64; rv:40.0) Gecko/20100101 Firefox/40.1" 
139.194.165.23 - - [20/Dec/2017:03:10:10 -0800] "GET /maccdc2012/http.log.gz HTTP/1.1" 200 54258816 "http://www.secrepo.com/" "Mozilla/5.0 (X11; Ubuntu; Linux x86_64; rv:54.0) Gecko/20100101 Firefox/54.0" 
157.55.39.235 - - [20/Dec/2017:03:17:26 -0800] "GET /self.logs/error.log.2017-08-06.gz HTTP/1.1" 301 545 "-" "Mozilla/5.0 (compatible; bingbot/2.0; +http://www.bing.com/bingbot.htm)" 
27.255.50.196 - - [20/Dec/2017:03:17:35 -0800] "GET /wp-login.php HTTP/1.1" 404 295 "-" "Mozilla/5.0 (Windows NT 6.1; WOW64; rv:40.0) Gecko/20100101 Firefox/40.1" 
27.255.50.196 - - [20/Dec/2017:03:17:40 -0800] "GET /wp-login.php HTTP/1.1" 404 295 "-" "Mozilla/5.0 (Windows NT 6.1; WOW64; rv:40.0) Gecko/20100101 Firefox/40.1" 
27.255.50.196 - - [20/Dec/2017:03:17:46 -0800] "GET / HTTP/1.1" 200 37415 "-" "Mozilla/5.0 (Windows NT 6.1; WOW64; rv:40.0) Gecko/20100101 Firefox/40.1" 
178.208.12.12 - - [20/Dec/2017:03:19:45 -0800] "GET / HTTP/1.1" 301 483 "-" "Mozilla/5.0 (Macintosh; Intel Mac OS X 10_5_8) AppleWebKit/534.24 (KHTML, like Gecko) Chrome/11.0.696.68 Safari/534.24" 
178.208.12.15 - - [20/Dec/2017:03:19:45 -0800] "GET / HTTP/1.1" 200 11061 "-" "Mozilla/5.0 (Macintosh; Intel Mac OS X 10_5_8) AppleWebKit/534.24 (KHTML, like Gecko) Chrome/11.0.696.68 Safari/534.24" 
139.194.165.23 - - [20/Dec/2017:02:47:50 -0800] "GET /maccdc2012/conn.log.gz HTTP/1.1" 200 171707363 "http://www.secrepo.com/" "Mozilla/5.0 (X11; Ubuntu; Linux x86_64; rv:54.0) Gecko/20100101 Firefox/54.0" 
198.100.149.189 - - [20/Dec/2017:03:23:23 -0800] "GET /up.php HTTP/1.0" 301 510 "-" "Mozilla/5.0 (Windows NT 6.1; Win64; x64) AppleWebKit/537.36 (KHTML, like Gecko) Chrome/62.0.3202.94 Safari/537.36" 
198.100.149.189 - - [20/Dec/2017:03:23:24 -0800] "GET /up.php HTTP/1.0" 404 295 "-" "Mozilla/5.0 (Windows NT 6.1; Win64; x64) AppleWebKit/537.36 (KHTML, like Gecko) Chrome/62.0.3202.94 Safari/537.36" 
198.100.149.189 - - [20/Dec/2017:03:23:24 -0800] "GET /up.php HTTP/1.0" 301 510 "-" "Mozilla/5.0 (Windows NT 6.1; Win64; x64) AppleWebKit/537.36 (KHTML, like Gecko) Chrome/62.0.3202.94 Safari/537.36" 
198.100.149.189 - - [20/Dec/2017:03:23:24 -0800] "GET /up.php HTTP/1.0" 404 295 "-" "Mozilla/5.0 (Windows NT 6.1; Win64; x64) AppleWebKit/537.36 (KHTML, like Gecko) Chrome/62.0.3202.94 Safari/537.36" 
123.125.143.11 - - [20/Dec/2017:03:25:30 -0800] "GET / HTTP/1.1" 200 11061 "http://www.baidu.com/s?wd=YU77" "Mozilla/5.0 (Windows NT 6.1; WOW64; rv:43.0) Gecko/20100101 Firefox/43.0" 
122.172.46.103 - - [20/Dec/2017:03:28:20 -0800] "GET /wp-login.php HTTP/1.1" 404 295 "-" "Mozilla/5.0 (Windows NT 6.1; WOW64; rv:40.0) Gecko/20100101 Firefox/40.1" 
122.172.46.103 - - [20/Dec/2017:03:28:25 -0800] "GET /wp-login.php HTTP/1.1" 404 295 "-" "Mozilla/5.0 (Windows NT 6.1; WOW64; rv:40.0) Gecko/20100101 Firefox/40.1" 
122.172.46.103 - - [20/Dec/2017:03:28:31 -0800] "GET / HTTP/1.1" 200 37415 "-" "Mozilla/5.0 (Windows NT 6.1; WOW64; rv:40.0) Gecko/20100101 Firefox/40.1" 
66.249.64.129 - - [20/Dec/2017:03:32:39 -0800] "GET /bootstrap/img/favicon.ico HTTP/1.1" 304 165 "-" "Googlebot-Image/1.0" 
216.244.66.227 - - [20/Dec/2017:03:34:03 -0800] "GET /robots.txt HTTP/1.1" 200 233 "-" "Mozilla/5.0 (compatible; DotBot/1.1; http://www.opensiteexplorer.org/dotbot, help@moz.com)" 
157.55.39.101 - - [20/Dec/2017:03:36:22 -0800] "GET /self.logs/access.log.2016-06-15.gz HTTP/1.1" 404 340 "-" "Mozilla/5.0 (compatible; bingbot/2.0; +http://www.bing.com/bingbot.htm)" 
202.120.224.91 - - [20/Dec/2017:03:36:25 -0800] "GET /maccdc2012/http.log.gz HTTP/1.1" 200 736092 "-" "Mozilla/5.0 (Macintosh; Intel Mac OS X 10_13_2) AppleWebKit/537.36 (KHTML, like Gecko) Chrome/63.0.3239.84 Safari/537.36" 
122.172.46.103 - - [20/Dec/2017:03:36:29 -0800] "GET /wp-login.php HTTP/1.1" 301 522 "-" "Mozilla/5.0 (Windows NT 6.1; WOW64; rv:40.0) Gecko/20100101 Firefox/40.1" 
122.172.46.103 - - [20/Dec/2017:03:36:30 -0800] "GET /wp-login.php HTTP/1.1" 404 295 "-" "Mozilla/5.0 (Windows NT 6.1; WOW64; rv:40.0) Gecko/20100101 Firefox/40.1" 
122.172.46.103 - - [20/Dec/2017:03:36:35 -0800] "GET /wp-login.php HTTP/1.1" 301 522 "-" "Mozilla/5.0 (Windows NT 6.1; WOW64; rv:40.0) Gecko/20100101 Firefox/40.1" 
122.172.46.103 - - [20/Dec/2017:03:36:36 -0800] "GET /wp-login.php HTTP/1.1" 404 295 "-" "Mozilla/5.0 (Windows NT 6.1; WOW64; rv:40.0) Gecko/20100101 Firefox/40.1" 
122.172.46.103 - - [20/Dec/2017:03:36:41 -0800] "GET / HTTP/1.1" 301 498 "-" "Mozilla/5.0 (Windows NT 6.1; WOW64; rv:40.0) Gecko/20100101 Firefox/40.1" 
122.172.46.103 - - [20/Dec/2017:03:36:42 -0800] "GET / HTTP/1.1" 200 37415 "-" "Mozilla/5.0 (Windows NT 6.1; WOW64; rv:40.0) Gecko/20100101 Firefox/40.1" 
198.100.149.189 - - [20/Dec/2017:03:40:16 -0800] "GET /up.php HTTP/1.0" 404 295 "-" "Mozilla/5.0 (Windows NT 6.1; Win64; x64) AppleWebKit/537.36 (KHTML, like Gecko) Chrome/62.0.3202.94 Safari/537.36" 
198.100.149.189 - - [20/Dec/2017:03:40:16 -0800] "GET /up.php HTTP/1.0" 404 295 "-" "Mozilla/5.0 (Windows NT 6.1; Win64; x64) AppleWebKit/537.36 (KHTML, like Gecko) Chrome/62.0.3202.94 Safari/537.36" 
66.102.6.129 - - [20/Dec/2017:03:44:01 -0800] "GET / HTTP/1.1" 200 11061 "-" "Mozilla/5.0 (X11; Linux x86_64) AppleWebKit/537.36 (KHTML, like Gecko) Chrome/49.0.2623.75 Safari/537.36 Google Favicon" 
66.102.6.159 - - [20/Dec/2017:03:44:01 -0800] "GET /bootstrap/img/favicon.ico HTTP/1.1" 200 590 "-" "Mozilla/5.0 (X11; Linux x86_64) AppleWebKit/537.36 (KHTML, like Gecko) Chrome/49.0.2623.75 Safari/537.36 Google Favicon" 
202.46.129.190 - - [20/Dec/2017:03:46:49 -0800] "GET / HTTP/1.1" 200 11061 "https://www.google.co.id/" "Mozilla/5.0 (X11; Linux x86_64) AppleWebKit/537.36 (KHTML, like Gecko) Chrome/63.0.3239.108 Safari/537.36" 
202.46.129.190 - - [20/Dec/2017:03:46:49 -0800] "GET /GitHub-Mark.png HTTP/1.1" 200 7428 "http://www.secrepo.com/" "Mozilla/5.0 (X11; Linux x86_64) AppleWebKit/537.36 (KHTML, like Gecko) Chrome/63.0.3239.108 Safari/537.36" 
202.46.129.190 - - [20/Dec/2017:03:46:49 -0800] "GET /twitter-icon.png HTTP/1.1" 200 27787 "http://www.secrepo.com/" "Mozilla/5.0 (X11; Linux x86_64) AppleWebKit/537.36 (KHTML, like Gecko) Chrome/63.0.3239.108 Safari/537.36" 
202.46.129.190 - - [20/Dec/2017:03:46:53 -0800] "GET /bootstrap/img/favicon.ico HTTP/1.1" 200 590 "http://www.secrepo.com/" "Mozilla/5.0 (X11; Linux x86_64) AppleWebKit/537.36 (KHTML, like Gecko) Chrome/63.0.3239.108 Safari/537.36" 
192.165.48.56 - - [20/Dec/2017:03:47:03 -0800] "GET /robots.txt HTTP/1.1" 200 304 "-" "Mozilla/5.0 (Windows NT 5.1; rv:6.0) Gecko/20100101 Firefox/10.0.2" 
192.71.54.19 - - [20/Dec/2017:03:47:59 -0800] "GET / HTTP/1.1" 200 11005 "-" "Mozilla/5.0 (compatible; Googlebot/2.1; +http://www.google.com/bot.html)" 
207.46.13.176 - - [20/Dec/2017:03:49:29 -0800] "GET /self.logs/error.log.2017-11-06.gz HTTP/1.1" 200 2387 "-" "Mozilla/5.0 (compatible; bingbot/2.0; +http://www.bing.com/bingbot.htm)" 
202.46.129.190 - - [20/Dec/2017:03:49:40 -0800] "GET /bootstrap/img/favicon.ico HTTP/1.1" 200 590 "http://www.secrepo.com/" "Mozilla/5.0 (Windows NT 10.0; Win64; x64) AppleWebKit/537.36 (KHTML, like Gecko) Chrome/63.0.3239.84 Safari/537.36" 
192.71.18.212 - - [20/Dec/2017:03:49:52 -0800] "GET / HTTP/1.1" 200 11005 "-" "Mozilla/5.0 (Windows NT 5.1; rv:6.0) Gecko/20100101 Firefox/10.0.2" 
107.191.39.40 - - [20/Dec/2017:03:50:42 -0800] "HEAD / HTTP/1.1" 200 284 "https://securityonline.info" "Mozilla/5.0 (compatible; MSIE 9.0; Windows NT 6.1; WOW64; Trident/5.0)" 
217.182.132.27 - - [20/Dec/2017:03:51:54 -0800] "GET /self.logs/error.log.2017-12-02.gz HTTP/1.1" 200 1783 "-" "Mozilla/5.0 (compatible; AhrefsBot/5.2; +http://ahrefs.com/robot/)" 
40.77.167.16 - - [20/Dec/2017:03:55:15 -0800] "GET /self.logs/access.log.2017-10-03.gz HTTP/1.1" 200 31426 "-" "Mozilla/5.0 (compatible; bingbot/2.0; +http://www.bing.com/bingbot.htm)" 
192.71.86.146 - - [20/Dec/2017:03:55:16 -0800] "GET /robots.txt HTTP/1.1" 200 304 "-" "Mozilla/5.0 (Windows NT 5.1; rv:6.0) Gecko/20100101 Firefox/10.0.2" 
193.182.112.192 - - [20/Dec/2017:03:57:12 -0800] "GET /robots.txt HTTP/1.1" 200 304 "-" "Mozilla/5.0 (Windows NT 5.1; rv:6.0) Gecko/20100101 Firefox/10.0.2" 
1.192.225.144 - - [20/Dec/2017:03:57:46 -0800] "GET / HTTP/1.1" 200 11061 "-" "Mozilla/5.0 (Windows NT 6.2; WOW64) AppleWebKit/537.36 (KHTML, like Gecko) Chrome/53.0.2785.104 Safari/537.36 Core/1.53.3427.400 QQBrowser/9.6.12201.400" 
1.192.225.144 - - [20/Dec/2017:03:57:47 -0800] "GET /GitHub-Mark.png HTTP/1.1" 200 7428 "http://www.secrepo.com/" "Mozilla/5.0 (Windows NT 6.2; WOW64) AppleWebKit/537.36 (KHTML, like Gecko) Chrome/53.0.2785.104 Safari/537.36 Core/1.53.3427.400 QQBrowser/9.6.12201.400" 
1.192.225.144 - - [20/Dec/2017:03:57:47 -0800] "GET /twitter-icon.png HTTP/1.1" 200 27787 "http://www.secrepo.com/" "Mozilla/5.0 (Windows NT 6.2; WOW64) AppleWebKit/537.36 (KHTML, like Gecko) Chrome/53.0.2785.104 Safari/537.36 Core/1.53.3427.400 QQBrowser/9.6.12201.400" 
1.192.225.144 - - [20/Dec/2017:03:57:49 -0800] "GET /bootstrap/img/favicon.ico HTTP/1.1" 200 590 "http://www.secrepo.com/" "Mozilla/5.0 (Windows NT 6.2; WOW64) AppleWebKit/537.36 (KHTML, like Gecko) Chrome/53.0.2785.104 Safari/537.36 Core/1.53.3427.400 QQBrowser/9.6.12201.400" 
66.249.64.159 - - [20/Dec/2017:03:58:07 -0800] "GET /favicon.ico HTTP/1.1" 304 163 "-" "Googlebot-Image/1.0" 
1.192.225.144 - - [20/Dec/2017:03:59:16 -0800] "GET /pe_static/apt1.zip HTTP/1.1" 200 1983328 "-" "Mozilla/5.0 (Windows NT 6.2; WOW64) AppleWebKit/537.36 (KHTML, like Gecko) Chrome/53.0.2785.104 Safari/537.36 Core/1.53.3427.400 QQBrowser/9.6.12201.400" 
1.192.225.144 - - [20/Dec/2017:03:59:19 -0800] "GET /pe_static/apt1.zip HTTP/1.1" 200 78840 "-" "Core/1.53.3427.400 QQBrowser/9.6.12201.400" 
182.140.168.104 - - [20/Dec/2017:03:59:17 -0800] "GET /pe_static/apt1.zip HTTP/1.1" 200 1983272 "http://202.196.128.59/sakai-login-tool/container" "Mozilla/5.0 (Linux; U; Android 4.4.2; zh-cn; GT-I9500 Build/KOT49H) AppleWebKit/537.36 (KHTML, like Gecko)Version/4.0 MQQBrowser/5.0 Mobile Safari/537.36" 
110.36.225.242 - - [20/Dec/2017:04:00:01 -0800] "GET /wp-login.php HTTP/1.1" 404 295 "-" "Mozilla/5.0 (Windows NT 6.1; WOW64; rv:40.0) Gecko/20100101 Firefox/40.1" 
110.36.225.242 - - [20/Dec/2017:04:00:06 -0800] "GET /wp-login.php HTTP/1.1" 404 295 "-" "Mozilla/5.0 (Windows NT 6.1; WOW64; rv:40.0) Gecko/20100101 Firefox/40.1" 
110.36.225.242 - - [20/Dec/2017:04:00:12 -0800] "GET / HTTP/1.1" 200 37415 "-" "Mozilla/5.0 (Windows NT 6.1; WOW64; rv:40.0) Gecko/20100101 Firefox/40.1" 
120.204.17.73 - - [20/Dec/2017:04:00:16 -0800] "GET /pe_static/apt1.zip HTTP/1.1" 200 348940 "-" "Mozilla/5.0 (Windows NT 6.1; WOW64; rv:50.0) Gecko/20100101 Firefox/50.0" 
216.244.66.227 - - [20/Dec/2017:04:00:46 -0800] "GET /robots.txt HTTP/1.1" 200 233 "-" "Mozilla/5.0 (compatible; DotBot/1.1; http://www.opensiteexplorer.org/dotbot, help@moz.com)" 
123.30.175.227 - - [20/Dec/2017:04:04:12 -0800] "GET /robots.txt HTTP/1.1" 200 297 "-" "Mozilla/5.0 (compatible; coccocbot-web/1.0; +http://help.coccoc.com/searchengine)" 
123.30.175.228 - - [20/Dec/2017:04:04:14 -0800] "GET /honeypot/Honeypot%20-%20Howto%20-%20BSides%20Austin.pdf HTTP/1.1" 304 131 "-" "Mozilla/5.0 (compatible; coccocbot-web/1.0; +http://help.coccoc.com/searchengine)" 
216.244.66.250 - - [20/Dec/2017:04:07:57 -0800] "GET /robots.txt HTTP/1.1" 200 233 "-" "Mozilla/5.0 (compatible; DotBot/1.1; http://www.opensiteexplorer.org/dotbot, help@moz.com)" 
112.96.164.56 - - [20/Dec/2017:04:09:10 -0800] "GET / HTTP/1.1" 200 11061 "-" "Mozilla/5.0 (Windows NT 6.1; Win64; x64; rv:57.0) Gecko/20100101 Firefox/57.0" 
112.96.164.56 - - [20/Dec/2017:04:09:12 -0800] "GET /twitter-icon.png HTTP/1.1" 200 27787 "http://www.secrepo.com/" "Mozilla/5.0 (Windows NT 6.1; Win64; x64; rv:57.0) Gecko/20100101 Firefox/57.0" 
112.96.164.56 - - [20/Dec/2017:04:09:12 -0800] "GET /bootstrap/img/favicon.ico HTTP/1.1" 200 590 "-" "Mozilla/5.0 (Windows NT 6.1; Win64; x64; rv:57.0) Gecko/20100101 Firefox/57.0" 
112.96.164.56 - - [20/Dec/2017:04:10:05 -0800] "GET /GitHub-Mark.png HTTP/1.1" 200 7428 "http://www.secrepo.com/" "Mozilla/5.0 (Windows NT 6.1; Win64; x64; rv:57.0) Gecko/20100101 Firefox/57.0" 
112.96.164.56 - - [20/Dec/2017:04:10:43 -0800] "GET / HTTP/1.1" 200 11061 "-" "Mozilla/5.0 (Windows NT 6.1; Win64; x64; rv:57.0) Gecko/20100101 Firefox/57.0" 
112.96.164.56 - - [20/Dec/2017:04:10:46 -0800] "GET /twitter-icon.png HTTP/1.1" 200 27788 "http://www.secrepo.com/" "Mozilla/5.0 (Windows NT 6.1; Win64; x64; rv:57.0) Gecko/20100101 Firefox/57.0" 
112.96.164.56 - - [20/Dec/2017:04:10:48 -0800] "GET /GitHub-Mark.png HTTP/1.1" 200 7428 "http://www.secrepo.com/" "Mozilla/5.0 (Windows NT 6.1; Win64; x64; rv:57.0) Gecko/20100101 Firefox/57.0" 
112.96.164.56 - - [20/Dec/2017:04:11:08 -0800] "GET /self.logs/ HTTP/1.1" 200 7237 "http://www.secrepo.com/" "Mozilla/5.0 (Windows NT 6.1; Win64; x64; rv:57.0) Gecko/20100101 Firefox/57.0" 
112.96.164.56 - - [20/Dec/2017:04:11:10 -0800] "GET /favicon.ico HTTP/1.1" 200 267 "-" "Mozilla/5.0 (Windows NT 6.1; Win64; x64; rv:57.0) Gecko/20100101 Firefox/57.0" 
112.96.164.56 - - [20/Dec/2017:04:11:16 -0800] "GET /self.logs/access.log.2017-01-01.gz HTTP/1.1" 200 17655 "http://www.secrepo.com/self.logs/" "Mozilla/5.0 (Windows NT 6.1; Win64; x64; rv:57.0) Gecko/20100101 Firefox/57.0" 
139.194.165.23 - - [20/Dec/2017:03:20:15 -0800] "GET /maccdc2012/conn.log.gz HTTP/1.1" 200 551041635 "http://www.secrepo.com/" "Mozilla/5.0 (X11; Ubuntu; Linux x86_64; rv:54.0) Gecko/20100101 Firefox/54.0" 
217.182.132.15 - - [20/Dec/2017:04:18:26 -0800] "GET /self.logs/error.log.2016-10-17.gz HTTP/1.1" 404 284 "-" "Mozilla/5.0 (compatible; AhrefsBot/5.2; +http://ahrefs.com/robot/)" 
51.255.71.120 - - [20/Dec/2017:04:19:00 -0800] "GET /self.logs/2015/error.log.2015-05-01.gz HTTP/1.1" 200 881 "-" "Mozilla/5.0 (compatible; AhrefsBot/5.2; +http://ahrefs.com/robot/)" 
217.182.132.53 - - [20/Dec/2017:04:20:06 -0800] "GET /self.logs/2016/error.log.2016-02-08.gz HTTP/1.1" 200 657 "-" "Mozilla/5.0 (compatible; AhrefsBot/5.2; +http://ahrefs.com/robot/)" 
216.244.66.227 - - [20/Dec/2017:04:27:00 -0800] "GET /robots.txt HTTP/1.1" 200 233 "-" "Mozilla/5.0 (compatible; DotBot/1.1; http://www.opensiteexplorer.org/dotbot, help@moz.com)" 
102.181.194.40 - - [20/Dec/2017:04:27:47 -0800] "GET /maccdc2012/dns.log.gz HTTP/1.1" 304 154 "-" "Mozilla/5.0 Gecko/20100115 Firefox/3.6" 
36.82.97.30 - - [20/Dec/2017:04:31:12 -0800] "GET / HTTP/1.1" 200 11061 "https://www.google.co.id/" "Mozilla/5.0 (X11; Ubuntu; Linux i686; rv:56.0) Gecko/20100101 Firefox/56.0" 
36.82.97.30 - - [20/Dec/2017:04:31:13 -0800] "GET /twitter-icon.png HTTP/1.1" 200 27787 "http://www.secrepo.com/" "Mozilla/5.0 (X11; Ubuntu; Linux i686; rv:56.0) Gecko/20100101 Firefox/56.0" 
36.82.97.30 - - [20/Dec/2017:04:31:46 -0800] "GET / HTTP/1.1" 304 189 "https://www.google.co.id/" "Mozilla/5.0 (X11; Ubuntu; Linux i686; rv:56.0) Gecko/20100101 Firefox/56.0" 
36.82.97.30 - - [20/Dec/2017:04:31:46 -0800] "GET /GitHub-Mark.png HTTP/1.1" 200 7428 "http://www.secrepo.com/" "Mozilla/5.0 (X11; Ubuntu; Linux i686; rv:56.0) Gecko/20100101 Firefox/56.0" 
36.82.97.30 - - [20/Dec/2017:04:31:47 -0800] "GET /twitter-icon.png HTTP/1.1" 304 165 "http://www.secrepo.com/" "Mozilla/5.0 (X11; Ubuntu; Linux i686; rv:56.0) Gecko/20100101 Firefox/56.0" 
36.82.97.30 - - [20/Dec/2017:04:31:47 -0800] "GET /bootstrap/img/favicon.ico HTTP/1.1" 200 589 "-" "Mozilla/5.0 (X11; Ubuntu; Linux i686; rv:56.0) Gecko/20100101 Firefox/56.0" 
216.244.66.250 - - [20/Dec/2017:04:32:28 -0800] "GET /robots.txt HTTP/1.1" 200 233 "-" "Mozilla/5.0 (compatible; DotBot/1.1; http://www.opensiteexplorer.org/dotbot, help@moz.com)" 
36.82.97.30 - - [20/Dec/2017:04:32:42 -0800] "GET /maccdc2012/maccdc2012_fast_alert.7z HTTP/1.1" 200 344160 "http://www.secrepo.com/" "Mozilla/5.0 (X11; Ubuntu; Linux i686; rv:56.0) Gecko/20100101 Firefox/56.0" 
36.82.97.30 - - [20/Dec/2017:04:32:51 -0800] "GET /tg/tg_snort_fast.7z HTTP/1.1" 200 344160 "http://www.secrepo.com/" "Mozilla/5.0 (X11; Ubuntu; Linux i686; rv:56.0) Gecko/20100101 Firefox/56.0" 
164.132.161.24 - - [20/Dec/2017:04:34:38 -0800] "GET /self.logs/2015/error.log.2015-12-22.gz HTTP/1.1" 200 721 "-" "Mozilla/5.0 (compatible; AhrefsBot/5.2; +http://ahrefs.com/robot/)" 
77.75.78.164 - - [20/Dec/2017:04:34:42 -0800] "GET /robots.txt HTTP/1.1" 200 334 "-" "Mozilla/5.0 (compatible; SeznamBot/3.2; +http://napoveda.seznam.cz/en/seznambot-intro/)" 
77.75.78.164 - - [20/Dec/2017:04:34:43 -0800] "GET /honeypot/BSidesDFW%20-%202014.ipynb HTTP/1.1" 304 167 "-" "Mozilla/5.0 (compatible; SeznamBot/3.2; +http://napoveda.seznam.cz/en/seznambot-intro/)" 
77.75.78.164 - - [20/Dec/2017:04:34:44 -0800] "GET /maccdc2012/weird.log.gz HTTP/1.1" 200 1242776 "-" "Mozilla/5.0 (compatible; SeznamBot/3.2; +http://napoveda.seznam.cz/en/seznambot-intro/)" 
36.82.97.30 - - [20/Dec/2017:04:36:03 -0800] "GET /maccdc2012/notice.log.gz HTTP/1.1" 200 20779 "http://www.secrepo.com/" "Mozilla/5.0 (X11; Ubuntu; Linux i686; rv:56.0) Gecko/20100101 Firefox/56.0" 
36.82.97.30 - - [20/Dec/2017:04:33:06 -0800] "GET /pe_static/zeus.zip HTTP/1.1" 200 4164480 "http://www.secrepo.com/" "Mozilla/5.0 (X11; Ubuntu; Linux i686; rv:56.0) Gecko/20100101 Firefox/56.0" 
72.163.217.103 - - [20/Dec/2017:04:37:31 -0800] "GET / HTTP/1.1" 304 189 "-" "Mozilla/5.0 (Windows NT 6.1; Win64; x64) AppleWebKit/537.36 (KHTML, like Gecko) Chrome/63.0.3239.84 Safari/537.36" 
72.163.217.103 - - [20/Dec/2017:04:37:32 -0800] "GET /GitHub-Mark.png HTTP/1.1" 304 166 "http://www.secrepo.com/" "Mozilla/5.0 (Windows NT 6.1; Win64; x64) AppleWebKit/537.36 (KHTML, like Gecko) Chrome/63.0.3239.84 Safari/537.36" 
72.163.217.103 - - [20/Dec/2017:04:37:32 -0800] "GET /twitter-icon.png HTTP/1.1" 304 166 "http://www.secrepo.com/" "Mozilla/5.0 (Windows NT 6.1; Win64; x64) AppleWebKit/537.36 (KHTML, like Gecko) Chrome/63.0.3239.84 Safari/537.36" 
72.163.217.103 - - [20/Dec/2017:04:37:34 -0800] "GET /bootstrap/img/favicon.ico HTTP/1.1" 304 165 "http://www.secrepo.com/" "Mozilla/5.0 (Windows NT 6.1; Win64; x64) AppleWebKit/537.36 (KHTML, like Gecko) Chrome/63.0.3239.84 Safari/537.36" 
36.82.97.30 - - [20/Dec/2017:04:36:19 -0800] "GET /pe_static/apt1.zip HTTP/1.1" 200 279360 "http://www.secrepo.com/" "Mozilla/5.0 (X11; Ubuntu; Linux i686; rv:56.0) Gecko/20100101 Firefox/56.0" 
164.132.164.180 - - [20/Dec/2017:04:38:07 -0800] "GET /self.logs/2016/access.log.2016-08-21.gz HTTP/1.1" 200 7775 "-" "Mozilla/5.0 (compatible; AhrefsBot/5.2; +http://ahrefs.com/robot/)" 
36.82.97.30 - - [20/Dec/2017:04:36:43 -0800] "GET /pe_static/apt1.zip HTTP/1.1" 206 372960 "http://www.secrepo.com/" "Mozilla/5.0 (X11; Ubuntu; Linux i686; rv:56.0) Gecko/20100101 Firefox/56.0" 
217.182.132.177 - - [20/Dec/2017:04:40:17 -0800] "GET /self.logs/2016/error.log.2016-12-08.gz HTTP/1.1" 200 954 "-" "Mozilla/5.0 (compatible; AhrefsBot/5.2; +http://ahrefs.com/robot/)" 
182.75.130.66 - - [20/Dec/2017:04:44:01 -0800] "GET / HTTP/1.1" 200 11061 "https://www.google.co.in/" "Mozilla/5.0 (Windows NT 10.0; Win64; x64) AppleWebKit/537.36 (KHTML, like Gecko) Chrome/63.0.3239.84 Safari/537.36" 
182.75.130.66 - - [20/Dec/2017:04:44:02 -0800] "GET /twitter-icon.png HTTP/1.1" 200 27787 "http://www.secrepo.com/" "Mozilla/5.0 (Windows NT 10.0; Win64; x64) AppleWebKit/537.36 (KHTML, like Gecko) Chrome/63.0.3239.84 Safari/537.36" 
182.75.130.66 - - [20/Dec/2017:04:44:02 -0800] "GET /GitHub-Mark.png HTTP/1.1" 200 7428 "http://www.secrepo.com/" "Mozilla/5.0 (Windows NT 10.0; Win64; x64) AppleWebKit/537.36 (KHTML, like Gecko) Chrome/63.0.3239.84 Safari/537.36" 
182.75.130.66 - - [20/Dec/2017:04:44:03 -0800] "GET /bootstrap/img/favicon.ico HTTP/1.1" 200 589 "http://www.secrepo.com/" "Mozilla/5.0 (Windows NT 10.0; Win64; x64) AppleWebKit/537.36 (KHTML, like Gecko) Chrome/63.0.3239.84 Safari/537.36" 
36.82.97.30 - - [20/Dec/2017:04:50:40 -0800] "GET /pe_static/apt1.zip HTTP/1.1" 206 1786778 "http://www.secrepo.com/" "Mozilla/5.0 (X11; Ubuntu; Linux i686; rv:56.0) Gecko/20100101 Firefox/56.0" 
216.244.66.227 - - [20/Dec/2017:04:52:32 -0800] "GET /robots.txt HTTP/1.1" 200 233 "-" "Mozilla/5.0 (compatible; DotBot/1.1; http://www.opensiteexplorer.org/dotbot, help@moz.com)" 
120.221.0.34 - - [20/Dec/2017:05:00:13 -0800] "GET /honeypot/Honeypot%20-%20Howto.pdf HTTP/1.1" 304 131 "-" "Mozilla/5.0 Gecko/20100115 Firefox/3.6" 
40.77.167.16 - - [20/Dec/2017:05:00:36 -0800] "GET /self.logs/error.log.2017-09-12.gz HTTP/1.1" 200 1492 "-" "Mozilla/5.0 (compatible; bingbot/2.0; +http://www.bing.com/bingbot.htm)" 
120.221.1.28 - - [20/Dec/2017:05:04:26 -0800] "GET /maccdc2012/files.log.gz HTTP/1.1" 304 155 "-" "Mozilla/5.0 Gecko/20100115 Firefox/3.6" 
51.255.65.72 - - [20/Dec/2017:05:06:32 -0800] "GET /self.logs/access.log.2017-11-26.gz HTTP/1.1" 200 21632 "-" "Mozilla/5.0 (compatible; AhrefsBot/5.2; +http://ahrefs.com/robot/)" 
114.125.76.126 - - [20/Dec/2017:05:08:30 -0800] "GET / HTTP/1.1" 200 11061 "-" "Mozilla/5.0 (Windows NT 10.0; Win64; x64) AppleWebKit/537.36 (KHTML, like Gecko) Chrome/63.0.3239.84 Safari/537.36" 
114.125.76.126 - - [20/Dec/2017:05:08:31 -0800] "GET /twitter-icon.png HTTP/1.1" 200 27787 "http://www.secrepo.com/" "Mozilla/5.0 (Windows NT 10.0; Win64; x64) AppleWebKit/537.36 (KHTML, like Gecko) Chrome/63.0.3239.84 Safari/537.36" 
114.125.76.126 - - [20/Dec/2017:05:08:31 -0800] "GET /GitHub-Mark.png HTTP/1.1" 200 7428 "http://www.secrepo.com/" "Mozilla/5.0 (Windows NT 10.0; Win64; x64) AppleWebKit/537.36 (KHTML, like Gecko) Chrome/63.0.3239.84 Safari/537.36" 
114.125.76.126 - - [20/Dec/2017:05:08:33 -0800] "GET /bootstrap/img/favicon.ico HTTP/1.1" 200 589 "http://www.secrepo.com/" "Mozilla/5.0 (Windows NT 10.0; Win64; x64) AppleWebKit/537.36 (KHTML, like Gecko) Chrome/63.0.3239.84 Safari/537.36" 
36.82.97.30 - - [20/Dec/2017:05:09:12 -0800] "GET / HTTP/1.1" 200 11061 "https://www.google.co.id/" "Mozilla/5.0 (Windows NT 6.3; Win64; x64) AppleWebKit/537.36 (KHTML, like Gecko) Chrome/63.0.3239.84 Safari/537.36" 
36.82.97.30 - - [20/Dec/2017:05:09:12 -0800] "GET /twitter-icon.png HTTP/1.1" 200 27787 "http://www.secrepo.com/" "Mozilla/5.0 (Windows NT 6.3; Win64; x64) AppleWebKit/537.36 (KHTML, like Gecko) Chrome/63.0.3239.84 Safari/537.36" 
36.82.97.30 - - [20/Dec/2017:05:09:12 -0800] "GET /GitHub-Mark.png HTTP/1.1" 200 7428 "http://www.secrepo.com/" "Mozilla/5.0 (Windows NT 6.3; Win64; x64) AppleWebKit/537.36 (KHTML, like Gecko) Chrome/63.0.3239.84 Safari/537.36" 
36.82.97.30 - - [20/Dec/2017:05:09:17 -0800] "GET /bootstrap/img/favicon.ico HTTP/1.1" 200 590 "http://www.secrepo.com/" "Mozilla/5.0 (Windows NT 6.3; Win64; x64) AppleWebKit/537.36 (KHTML, like Gecko) Chrome/63.0.3239.84 Safari/537.36" 
217.182.132.172 - - [20/Dec/2017:05:10:37 -0800] "GET /self.logs/2016/error.log.2016-04-25.gz HTTP/1.1" 200 1201 "-" "Mozilla/5.0 (compatible; AhrefsBot/5.2; +http://ahrefs.com/robot/)" 
111.197.254.178 - - [20/Dec/2017:05:11:20 -0800] "GET / HTTP/1.1" 200 11061 "-" "Mozilla/5.0 (Windows NT 6.1; WOW64) AppleWebKit/537.36 (KHTML, like Gecko) Chrome/63.0.3239.84 Safari/537.36" 
111.197.254.178 - - [20/Dec/2017:05:11:20 -0800] "GET /twitter-icon.png HTTP/1.1" 200 27787 "http://www.secrepo.com/" "Mozilla/5.0 (Windows NT 6.1; WOW64) AppleWebKit/537.36 (KHTML, like Gecko) Chrome/63.0.3239.84 Safari/537.36" 
111.197.254.178 - - [20/Dec/2017:05:11:20 -0800] "GET /GitHub-Mark.png HTTP/1.1" 200 7428 "http://www.secrepo.com/" "Mozilla/5.0 (Windows NT 6.1; WOW64) AppleWebKit/537.36 (KHTML, like Gecko) Chrome/63.0.3239.84 Safari/537.36" 
194.14.85.54 - - [20/Dec/2017:05:12:29 -0800] "GET / HTTP/1.1" 200 11005 "-" "Mozilla/5.0 (compatible; Googlebot/2.1; +http://www.google.com/bot.html)" 
194.14.85.54 - - [20/Dec/2017:05:12:30 -0800] "GET /robots.txt HTTP/1.1" 200 304 "-" "Mozilla/5.0 (Windows NT 5.1; rv:6.0) Gecko/20100101 Firefox/10.0.2" 
58.247.212.140 - - [20/Dec/2017:05:12:33 -0800] "GET /maccdc2012/http.log.gz HTTP/1.1" 200 365930 "-" "Mozilla/5.0 (Windows NT 6.1; WOW64) AppleWebKit/537.36 (KHTML, like Gecko) Chrome/45.0.2454.101 Safari/537.36" 
111.197.254.178 - - [20/Dec/2017:05:11:33 -0800] "GET /maccdc2012/http.log.gz HTTP/1.1" 200 54258816 "-" "Mozilla/5.0 (Windows NT 6.1; WOW64) AppleWebKit/537.36 (KHTML, like Gecko) Chrome/63.0.3239.84 Safari/537.36" 
36.82.97.30 - - [20/Dec/2017:05:11:10 -0800] "GET /misc/zeus_dga_domains.txt.zip HTTP/1.1" 200 71805 "http://www.secrepo.com/" "Mozilla/5.0 (X11; Ubuntu; Linux i686; rv:56.0) Gecko/20100101 Firefox/56.0" 
157.55.39.235 - - [20/Dec/2017:05:13:32 -0800] "GET /self.logs/access.log.2017-10-08.gz HTTP/1.1" 200 34515 "-" "Mozilla/5.0 (compatible; bingbot/2.0; +http://www.bing.com/bingbot.htm)" 
85.101.3.200 - - [20/Dec/2017:05:13:37 -0800] "GET /wp-login.php HTTP/1.1" 404 295 "-" "Mozilla/5.0 (Windows NT 6.1; WOW64; rv:40.0) Gecko/20100101 Firefox/40.1" 
200.129.163.72 - - [20/Dec/2017:05:13:41 -0800] "GET / HTTP/1.1" 200 11061 "https://www.google.com.br/" "Mozilla/5.0 (X11; Linux x86_64) AppleWebKit/537.36 (KHTML, like Gecko) Chrome/59.0.3071.115 Safari/537.36" 
200.129.163.72 - - [20/Dec/2017:05:13:42 -0800] "GET /twitter-icon.png HTTP/1.1" 200 27787 "http://www.secrepo.com/" "Mozilla/5.0 (X11; Linux x86_64) AppleWebKit/537.36 (KHTML, like Gecko) Chrome/59.0.3071.115 Safari/537.36" 
200.129.163.72 - - [20/Dec/2017:05:13:42 -0800] "GET /GitHub-Mark.png HTTP/1.1" 200 7428 "http://www.secrepo.com/" "Mozilla/5.0 (X11; Linux x86_64) AppleWebKit/537.36 (KHTML, like Gecko) Chrome/59.0.3071.115 Safari/537.36" 
85.101.3.200 - - [20/Dec/2017:05:13:42 -0800] "GET /wp-login.php HTTP/1.1" 404 295 "-" "Mozilla/5.0 (Windows NT 6.1; WOW64; rv:40.0) Gecko/20100101 Firefox/40.1" 
200.129.163.72 - - [20/Dec/2017:05:13:45 -0800] "GET /bootstrap/img/favicon.ico HTTP/1.1" 200 590 "http://www.secrepo.com/" "Mozilla/5.0 (X11; Linux x86_64) AppleWebKit/537.36 (KHTML, like Gecko) Chrome/59.0.3071.115 Safari/537.36" 
85.101.3.200 - - [20/Dec/2017:05:13:48 -0800] "GET / HTTP/1.1" 200 37415 "-" "Mozilla/5.0 (Windows NT 6.1; WOW64; rv:40.0) Gecko/20100101 Firefox/40.1" 
192.71.18.212 - - [20/Dec/2017:05:14:01 -0800] "GET / HTTP/1.1" 200 11005 "-" "Mozilla/5.0 (Windows NT 5.1; rv:6.0) Gecko/20100101 Firefox/10.0.2" 
66.249.64.159 - - [20/Dec/2017:05:14:29 -0800] "GET /bootstrap/img/favicon.ico HTTP/1.1" 304 165 "-" "Googlebot-Image/1.0" 
151.252.29.132 - - [20/Dec/2017:05:14:29 -0800] "GET /robots.txt HTTP/1.1" 200 304 "-" "Mozilla/5.0 (Windows NT 5.1; rv:6.0) Gecko/20100101 Firefox/10.0.2" 
193.183.187.230 - - [20/Dec/2017:05:15:11 -0800] "GET /robots.txt HTTP/1.1" 200 304 "-" "Mozilla/5.0 (Windows NT 5.1; rv:6.0) Gecko/20100101 Firefox/10.0.2" 
112.96.164.56 - - [20/Dec/2017:05:15:21 -0800] "GET /auth.log/auth.log.gz HTTP/1.1" 200 554524 "http://www.secrepo.com/" "Mozilla/5.0 (Windows NT 6.1; Win64; x64; rv:57.0) Gecko/20100101 Firefox/57.0" 
194.206.52.40 - - [20/Dec/2017:05:15:40 -0800] "GET / HTTP/1.1" 301 483 "-" "Mozilla/5.0 (Windows NT 10.0; Win64; x64; rv:57.0) Gecko/20100101 Firefox/57.0" 
112.96.164.56 - - [20/Dec/2017:05:15:48 -0800] "GET /maccdc2012/dhcp.log.gz HTTP/1.1" 200 45019 "http://www.secrepo.com/" "Mozilla/5.0 (Windows NT 6.1; Win64; x64; rv:57.0) Gecko/20100101 Firefox/57.0" 
52.47.113.80 - - [20/Dec/2017:05:15:59 -0800] "GET /maccdc2012/dhcp.log.gz HTTP/1.1" 200 44867 "-" "Wget/1.17.1 (linux-gnu)" 
112.96.164.56 - - [20/Dec/2017:05:16:09 -0800] "GET /maccdc2012/smtp.log.gz HTTP/1.1" 200 6908 "http://www.secrepo.com/" "Mozilla/5.0 (Windows NT 6.1; Win64; x64; rv:57.0) Gecko/20100101 Firefox/57.0" 
194.206.52.40 - - [20/Dec/2017:05:16:31 -0800] "GET /maccdc2012/ssh.log.gz HTTP/1.1" 200 182517 "http://www.secrepo.com/" "Mozilla/5.0 (Windows NT 10.0; Win64; x64; rv:57.0) Gecko/20100101 Firefox/57.0" 
52.47.113.80 - - [20/Dec/2017:05:16:40 -0800] "GET /maccdc2012/ssh.log.gz HTTP/1.1" 200 182457 "-" "Wget/1.17.1 (linux-gnu)" 
216.244.66.227 - - [20/Dec/2017:05:16:50 -0800] "GET /robots.txt HTTP/1.1" 200 233 "-" "Mozilla/5.0 (compatible; DotBot/1.1; http://www.opensiteexplorer.org/dotbot, help@moz.com)" 
217.182.132.175 - - [20/Dec/2017:05:17:09 -0800] "GET /self.logs/2015/access.log.2015-10-11.gz HTTP/1.1" 200 4330 "-" "Mozilla/5.0 (compatible; AhrefsBot/5.2; +http://ahrefs.com/robot/)" 
66.102.6.129 - - [20/Dec/2017:05:18:34 -0800] "GET / HTTP/1.1" 200 37415 "https://www.google.com/" "Mozilla/5.0 (Windows NT 6.1; Win64; x64) AppleWebKit/537.36 (KHTML, like Gecko) Chrome/62.0.3202.94 Safari/537.36" 
66.102.6.159 - - [20/Dec/2017:05:18:34 -0800] "GET /twitter-icon.png HTTP/1.1" 200 27788 "http://www.secrepo.com/" "Mozilla/5.0 (Windows NT 6.1; Win64; x64) AppleWebKit/537.36 (KHTML, like Gecko) Chrome/62.0.3202.94 Safari/537.36" 
66.102.6.159 - - [20/Dec/2017:05:18:34 -0800] "GET /GitHub-Mark.png HTTP/1.1" 200 7428 "http://www.secrepo.com/" "Mozilla/5.0 (Windows NT 6.1; Win64; x64) AppleWebKit/537.36 (KHTML, like Gecko) Chrome/62.0.3202.94 Safari/537.36" 
66.102.6.129 - - [20/Dec/2017:05:18:35 -0800] "GET /tg/a.zip HTTP/1.1" 200 66189336 "http://www.secrepo.com/" "Mozilla/5.0 (Windows NT 6.1; Win64; x64) AppleWebKit/537.36 (KHTML, like Gecko) Chrome/62.0.3202.94 Safari/537.36" 
