60.50.199.244 - - [08/Oct/2017:05:52:16 -0700] "GET /wp-login.php HTTP/1.1" 404 295 "-" "Mozilla/5.0 (Windows NT 6.1; WOW64; rv:40.0) Gecko/20100101 Firefox/40.1" 
60.50.199.244 - - [08/Oct/2017:05:52:22 -0700] "GET / HTTP/1.1" 301 498 "-" "Mozilla/5.0 (Windows NT 6.1; WOW64; rv:40.0) Gecko/20100101 Firefox/40.1" 
60.50.199.244 - - [08/Oct/2017:05:52:26 -0700] "GET / HTTP/1.1" 200 36860 "-" "Mozilla/5.0 (Windows NT 6.1; WOW64; rv:40.0) Gecko/20100101 Firefox/40.1" 
66.249.64.23 - - [08/Oct/2017:05:59:17 -0700] "GET / HTTP/1.1" 301 483 "-" "Mozilla/5.0 (Linux; Android 6.0.1; Nexus 5X Build/MMB29P) AppleWebKit/537.36 (KHTML, like Gecko) Chrome/41.0.2272.96 Mobile Safari/537.36 (compatible; Googlebot/2.1; +http://www.google.com/bot.html)" 
66.249.64.129 - - [08/Oct/2017:05:59:18 -0700] "GET / HTTP/1.1" 200 10913 "-" "Mozilla/5.0 (Linux; Android 6.0.1; Nexus 5X Build/MMB29P) AppleWebKit/537.36 (KHTML, like Gecko) Chrome/41.0.2272.96 Mobile Safari/537.36 (compatible; Googlebot/2.1; +http://www.google.com/bot.html)" 
45.100.21.178 - - [08/Oct/2017:06:00:07 -0700] "GET /wp-login.php HTTP/1.1" 404 295 "-" "Mozilla/5.0 (Windows NT 6.1; WOW64; rv:40.0) Gecko/20100101 Firefox/40.1" 
45.100.21.178 - - [08/Oct/2017:06:00:13 -0700] "GET /wp-login.php HTTP/1.1" 404 295 "-" "Mozilla/5.0 (Windows NT 6.1; WOW64; rv:40.0) Gecko/20100101 Firefox/40.1" 
45.100.21.178 - - [08/Oct/2017:06:00:18 -0700] "GET / HTTP/1.1" 200 36860 "-" "Mozilla/5.0 (Windows NT 6.1; WOW64; rv:40.0) Gecko/20100101 Firefox/40.1" 
175.143.175.102 - - [08/Oct/2017:06:07:27 -0700] "GET /wp-login.php HTTP/1.1" 404 295 "-" "Mozilla/5.0 (Windows NT 6.1; WOW64; rv:40.0) Gecko/20100101 Firefox/40.1" 
175.143.175.102 - - [08/Oct/2017:06:07:32 -0700] "GET /wp-login.php HTTP/1.1" 404 295 "-" "Mozilla/5.0 (Windows NT 6.1; WOW64; rv:40.0) Gecko/20100101 Firefox/40.1" 
175.143.175.102 - - [08/Oct/2017:06:07:38 -0700] "GET / HTTP/1.1" 200 36860 "-" "Mozilla/5.0 (Windows NT 6.1; WOW64; rv:40.0) Gecko/20100101 Firefox/40.1" 
216.244.66.198 - - [08/Oct/2017:06:14:37 -0700] "GET /robots.txt HTTP/1.1" 200 233 "-" "Mozilla/5.0 (compatible; DotBot/1.1; http://www.opensiteexplorer.org/dotbot, help@moz.com)" 
46.174.26.57 - - [08/Oct/2017:06:15:00 -0700] "GET /wp-login.php HTTP/1.1" 404 295 "-" "Mozilla/5.0 (Windows NT 6.1; WOW64; rv:40.0) Gecko/20100101 Firefox/40.1" 
46.174.26.57 - - [08/Oct/2017:06:15:05 -0700] "GET /wp-login.php HTTP/1.1" 404 295 "-" "Mozilla/5.0 (Windows NT 6.1; WOW64; rv:40.0) Gecko/20100101 Firefox/40.1" 
46.174.26.57 - - [08/Oct/2017:06:15:11 -0700] "GET / HTTP/1.1" 200 36860 "-" "Mozilla/5.0 (Windows NT 6.1; WOW64; rv:40.0) Gecko/20100101 Firefox/40.1" 
120.221.0.34 - - [08/Oct/2017:06:29:48 -0700] "GET /honeypot/Honeypot%20-%20Howto.pdf HTTP/1.1" 304 131 "-" "Mozilla/5.0 Gecko/20100115 Firefox/3.6" 
157.55.39.152 - - [08/Oct/2017:06:36:00 -0700] "GET /self.logs/error.log.2016-01-10.gz HTTP/1.1" 404 340 "-" "Mozilla/5.0 (compatible; bingbot/2.0; +http://www.bing.com/bingbot.htm)" 
185.6.247.97 - - [08/Oct/2017:06:37:06 -0700] "GET /GitHub-Mark.png HTTP/1.1" 200 7428 "-" "Mozilla/5.0 (Macintosh; Intel Mac OS X 10_12_6) AppleWebKit/604.1.38 (KHTML, like Gecko) Version/11.0 Safari/604.1.38" 
185.6.247.97 - - [08/Oct/2017:06:37:06 -0700] "GET /twitter-icon.png HTTP/1.1" 200 27788 "-" "Mozilla/5.0 (Macintosh; Intel Mac OS X 10_12_6) AppleWebKit/604.1.38 (KHTML, like Gecko) Version/11.0 Safari/604.1.38" 
208.54.40.242 - - [08/Oct/2017:06:38:16 -0700] "GET / HTTP/1.1" 200 10913 "-" "Mozilla/5.0 (Macintosh; Intel Mac OS X 10_12_6) AppleWebKit/537.36 (KHTML, like Gecko) Chrome/61.0.3163.100 Safari/537.36" 
208.54.40.242 - - [08/Oct/2017:06:38:16 -0700] "GET /twitter-icon.png HTTP/1.1" 200 27787 "http://www.secrepo.com/" "Mozilla/5.0 (Macintosh; Intel Mac OS X 10_12_6) AppleWebKit/537.36 (KHTML, like Gecko) Chrome/61.0.3163.100 Safari/537.36" 
208.54.40.242 - - [08/Oct/2017:06:38:16 -0700] "GET /GitHub-Mark.png HTTP/1.1" 200 7428 "http://www.secrepo.com/" "Mozilla/5.0 (Macintosh; Intel Mac OS X 10_12_6) AppleWebKit/537.36 (KHTML, like Gecko) Chrome/61.0.3163.100 Safari/537.36" 
208.54.40.242 - - [08/Oct/2017:06:38:17 -0700] "GET /bootstrap/img/favicon.ico HTTP/1.1" 200 589 "http://www.secrepo.com/" "Mozilla/5.0 (Macintosh; Intel Mac OS X 10_12_6) AppleWebKit/537.36 (KHTML, like Gecko) Chrome/61.0.3163.100 Safari/537.36" 
157.55.39.152 - - [08/Oct/2017:06:39:27 -0700] "GET /self.logs/error.log.2015-04-08.gz HTTP/1.1" 404 340 "-" "Mozilla/5.0 (compatible; bingbot/2.0; +http://www.bing.com/bingbot.htm)" 
175.136.51.5 - - [08/Oct/2017:06:48:36 -0700] "GET /wp-login.php HTTP/1.1" 404 295 "-" "Mozilla/5.0 (Windows NT 6.1; WOW64; rv:40.0) Gecko/20100101 Firefox/40.1" 
216.244.66.227 - - [08/Oct/2017:06:48:37 -0700] "GET /robots.txt HTTP/1.1" 200 233 "-" "Mozilla/5.0 (compatible; DotBot/1.1; http://www.opensiteexplorer.org/dotbot, help@moz.com)" 
175.136.51.5 - - [08/Oct/2017:06:48:42 -0700] "GET /wp-login.php HTTP/1.1" 404 295 "-" "Mozilla/5.0 (Windows NT 6.1; WOW64; rv:40.0) Gecko/20100101 Firefox/40.1" 
175.136.51.5 - - [08/Oct/2017:06:48:47 -0700] "GET / HTTP/1.1" 200 36860 "-" "Mozilla/5.0 (Windows NT 6.1; WOW64; rv:40.0) Gecko/20100101 Firefox/40.1" 
157.55.39.224 - - [08/Oct/2017:06:50:04 -0700] "GET /self.logs/error.log.2017-01-04.gz HTTP/1.1" 200 4033 "-" "Mozilla/5.0 (compatible; bingbot/2.0; +http://www.bing.com/bingbot.htm)" 
216.244.66.227 - - [08/Oct/2017:06:55:09 -0700] "GET /self.logs/2015/access.log.2015-10-11.gz HTTP/1.1" 200 4278 "-" "Mozilla/5.0 (compatible; DotBot/1.1; http://www.opensiteexplorer.org/dotbot, help@moz.com)" 
216.244.66.227 - - [08/Oct/2017:06:55:11 -0700] "GET /self.logs/2015/error.log.2015-05-26.gz HTTP/1.1" 200 679 "-" "Mozilla/5.0 (compatible; DotBot/1.1; http://www.opensiteexplorer.org/dotbot, help@moz.com)" 
216.244.66.227 - - [08/Oct/2017:06:55:12 -0700] "GET /self.logs/2016/access.log.2016-01-24.gz HTTP/1.1" 200 6156 "-" "Mozilla/5.0 (compatible; DotBot/1.1; http://www.opensiteexplorer.org/dotbot, help@moz.com)" 
216.244.66.227 - - [08/Oct/2017:06:55:13 -0700] "GET /self.logs/2016/access.log.2016-03-11.gz HTTP/1.1" 200 23228 "-" "Mozilla/5.0 (compatible; DotBot/1.1; http://www.opensiteexplorer.org/dotbot, help@moz.com)" 
216.244.66.227 - - [08/Oct/2017:06:55:14 -0700] "GET /self.logs/2016/access.log.2016-03-21.gz HTTP/1.1" 200 6504 "-" "Mozilla/5.0 (compatible; DotBot/1.1; http://www.opensiteexplorer.org/dotbot, help@moz.com)" 
216.244.66.227 - - [08/Oct/2017:06:55:16 -0700] "GET /self.logs/2016/access.log.2016-06-13.gz HTTP/1.1" 200 20814 "-" "Mozilla/5.0 (compatible; DotBot/1.1; http://www.opensiteexplorer.org/dotbot, help@moz.com)" 
216.244.66.227 - - [08/Oct/2017:06:55:17 -0700] "GET /self.logs/2016/access.log.2016-06-30.gz HTTP/1.1" 200 9112 "-" "Mozilla/5.0 (compatible; DotBot/1.1; http://www.opensiteexplorer.org/dotbot, help@moz.com)" 
216.244.66.227 - - [08/Oct/2017:06:55:18 -0700] "GET /self.logs/2016/error.log.2016-01-05.gz HTTP/1.1" 200 495 "-" "Mozilla/5.0 (compatible; DotBot/1.1; http://www.opensiteexplorer.org/dotbot, help@moz.com)" 
216.244.66.227 - - [08/Oct/2017:06:55:19 -0700] "GET /self.logs/2016/error.log.2016-07-27.gz HTTP/1.1" 200 871 "-" "Mozilla/5.0 (compatible; DotBot/1.1; http://www.opensiteexplorer.org/dotbot, help@moz.com)" 
216.244.66.227 - - [08/Oct/2017:06:55:21 -0700] "GET /self.logs/2016/error.log.2016-09-16.gz HTTP/1.1" 200 1494 "-" "Mozilla/5.0 (compatible; DotBot/1.1; http://www.opensiteexplorer.org/dotbot, help@moz.com)" 
216.244.66.227 - - [08/Oct/2017:06:55:22 -0700] "GET /self.logs/2016/error.log.2016-09-22.gz HTTP/1.1" 200 544 "-" "Mozilla/5.0 (compatible; DotBot/1.1; http://www.opensiteexplorer.org/dotbot, help@moz.com)" 
66.102.6.129 - - [08/Oct/2017:07:00:23 -0700] "GET / HTTP/1.1" 200 10913 "-" "Mozilla/5.0 (X11; Linux x86_64) AppleWebKit/537.36 (KHTML, like Gecko) Chrome/49.0.2623.75 Safari/537.36 Google Favicon" 
66.102.6.129 - - [08/Oct/2017:07:00:23 -0700] "GET /bootstrap/img/favicon.ico HTTP/1.1" 200 589 "-" "Mozilla/5.0 (X11; Linux x86_64) AppleWebKit/537.36 (KHTML, like Gecko) Chrome/49.0.2623.75 Safari/537.36 Google Favicon" 
116.68.100.64 - - [08/Oct/2017:07:09:54 -0700] "GET /wp-login.php HTTP/1.1" 404 295 "-" "Mozilla/5.0 (Windows NT 6.1; WOW64; rv:40.0) Gecko/20100101 Firefox/40.1" 
116.68.100.64 - - [08/Oct/2017:07:10:00 -0700] "GET /wp-login.php HTTP/1.1" 404 295 "-" "Mozilla/5.0 (Windows NT 6.1; WOW64; rv:40.0) Gecko/20100101 Firefox/40.1" 
116.68.100.64 - - [08/Oct/2017:07:10:06 -0700] "GET / HTTP/1.1" 200 36860 "-" "Mozilla/5.0 (Windows NT 6.1; WOW64; rv:40.0) Gecko/20100101 Firefox/40.1" 
120.221.1.28 - - [08/Oct/2017:07:11:54 -0700] "GET /maccdc2012/files.log.gz HTTP/1.1" 304 155 "-" "Mozilla/5.0 Gecko/20100115 Firefox/3.6" 
138.197.111.63 - - [08/Oct/2017:07:15:08 -0700] "GET / HTTP/1.1" 200 10913 "-" "Mozilla/5.0 (Macintosh; Intel Mac OS X 10_10_5) AppleWebKit/602.4.8 (KHTML, like Gecko) Version/10.0.3 Safari/602.4.8" 
162.210.196.129 - - [08/Oct/2017:07:15:32 -0700] "GET /robots.txt HTTP/1.1" 200 289 "-" "Mozilla/5.0 (compatible; MJ12bot/v1.4.8; http://mj12bot.com/)" 
162.210.196.129 - - [08/Oct/2017:07:15:33 -0700] "GET / HTTP/1.1" 200 36804 "-" "Mozilla/5.0 (compatible; MJ12bot/v1.4.8; http://mj12bot.com/)" 
157.55.39.152 - - [08/Oct/2017:07:16:49 -0700] "GET /self.logs/error.log.2015-05-25.gz HTTP/1.1" 404 340 "-" "Mozilla/5.0 (compatible; bingbot/2.0; +http://www.bing.com/bingbot.htm)" 
216.244.66.227 - - [08/Oct/2017:07:18:54 -0700] "GET /robots.txt HTTP/1.1" 200 233 "-" "Mozilla/5.0 (compatible; DotBot/1.1; http://www.opensiteexplorer.org/dotbot, help@moz.com)" 
60.225.156.250 - - [08/Oct/2017:07:21:44 -0700] "GET /wp-login.php HTTP/1.1" 404 295 "-" "Mozilla/5.0 (Windows NT 6.1; WOW64; rv:40.0) Gecko/20100101 Firefox/40.1" 
60.225.156.250 - - [08/Oct/2017:07:21:49 -0700] "GET /wp-login.php HTTP/1.1" 404 295 "-" "Mozilla/5.0 (Windows NT 6.1; WOW64; rv:40.0) Gecko/20100101 Firefox/40.1" 
60.225.156.250 - - [08/Oct/2017:07:21:55 -0700] "GET / HTTP/1.1" 200 36860 "-" "Mozilla/5.0 (Windows NT 6.1; WOW64; rv:40.0) Gecko/20100101 Firefox/40.1" 
216.244.66.227 - - [08/Oct/2017:07:26:29 -0700] "GET /self.logs/2015/access.log.2015-04-18.gz HTTP/1.1" 200 5613 "-" "Mozilla/5.0 (compatible; DotBot/1.1; http://www.opensiteexplorer.org/dotbot, help@moz.com)" 
216.244.66.227 - - [08/Oct/2017:07:26:30 -0700] "GET /self.logs/2015/access.log.2015-07-29.gz HTTP/1.1" 200 4950 "-" "Mozilla/5.0 (compatible; DotBot/1.1; http://www.opensiteexplorer.org/dotbot, help@moz.com)" 
216.244.66.227 - - [08/Oct/2017:07:26:31 -0700] "GET /self.logs/2015/access.log.2015-08-12.gz HTTP/1.1" 200 6094 "-" "Mozilla/5.0 (compatible; DotBot/1.1; http://www.opensiteexplorer.org/dotbot, help@moz.com)" 
216.244.66.227 - - [08/Oct/2017:07:26:32 -0700] "GET /self.logs/2015/access.log.2015-08-25.gz HTTP/1.1" 200 6397 "-" "Mozilla/5.0 (compatible; DotBot/1.1; http://www.opensiteexplorer.org/dotbot, help@moz.com)" 
216.244.66.227 - - [08/Oct/2017:07:26:33 -0700] "GET /self.logs/2015/access.log.2015-11-15.gz HTTP/1.1" 200 5482 "-" "Mozilla/5.0 (compatible; DotBot/1.1; http://www.opensiteexplorer.org/dotbot, help@moz.com)" 
216.244.66.227 - - [08/Oct/2017:07:26:34 -0700] "GET /self.logs/2015/error.log.2015-02-16.gz HTTP/1.1" 200 7335 "-" "Mozilla/5.0 (compatible; DotBot/1.1; http://www.opensiteexplorer.org/dotbot, help@moz.com)" 
216.244.66.227 - - [08/Oct/2017:07:26:34 -0700] "GET /self.logs/2015/error.log.2015-05-29.gz HTTP/1.1" 200 651 "-" "Mozilla/5.0 (compatible; DotBot/1.1; http://www.opensiteexplorer.org/dotbot, help@moz.com)" 
216.244.66.227 - - [08/Oct/2017:07:26:36 -0700] "GET /self.logs/2015/error.log.2015-07-11.gz HTTP/1.1" 200 848 "-" "Mozilla/5.0 (compatible; DotBot/1.1; http://www.opensiteexplorer.org/dotbot, help@moz.com)" 
216.244.66.227 - - [08/Oct/2017:07:26:37 -0700] "GET /self.logs/2015/error.log.2015-07-14.gz HTTP/1.1" 200 549 "-" "Mozilla/5.0 (compatible; DotBot/1.1; http://www.opensiteexplorer.org/dotbot, help@moz.com)" 
216.244.66.227 - - [08/Oct/2017:07:26:38 -0700] "GET /self.logs/2015/error.log.2015-07-29.gz HTTP/1.1" 200 639 "-" "Mozilla/5.0 (compatible; DotBot/1.1; http://www.opensiteexplorer.org/dotbot, help@moz.com)" 
216.244.66.227 - - [08/Oct/2017:07:26:39 -0700] "GET /self.logs/2015/error.log.2015-12-07.gz HTTP/1.1" 200 480 "-" "Mozilla/5.0 (compatible; DotBot/1.1; http://www.opensiteexplorer.org/dotbot, help@moz.com)" 
216.244.66.227 - - [08/Oct/2017:07:26:40 -0700] "GET /self.logs/2016/access.log.2016-01-14.gz HTTP/1.1" 200 7751 "-" "Mozilla/5.0 (compatible; DotBot/1.1; http://www.opensiteexplorer.org/dotbot, help@moz.com)" 
216.244.66.227 - - [08/Oct/2017:07:26:40 -0700] "GET /self.logs/2016/access.log.2016-01-19.gz HTTP/1.1" 200 6588 "-" "Mozilla/5.0 (compatible; DotBot/1.1; http://www.opensiteexplorer.org/dotbot, help@moz.com)" 
216.244.66.227 - - [08/Oct/2017:07:26:41 -0700] "GET /self.logs/2016/access.log.2016-09-14.gz HTTP/1.1" 200 8502 "-" "Mozilla/5.0 (compatible; DotBot/1.1; http://www.opensiteexplorer.org/dotbot, help@moz.com)" 
216.244.66.227 - - [08/Oct/2017:07:26:42 -0700] "GET /self.logs/2016/access.log.2016-10-31.gz HTTP/1.1" 200 10678 "-" "Mozilla/5.0 (compatible; DotBot/1.1; http://www.opensiteexplorer.org/dotbot, help@moz.com)" 
216.244.66.227 - - [08/Oct/2017:07:26:43 -0700] "GET /self.logs/2016/access.log.2016-11-03.gz HTTP/1.1" 200 15844 "-" "Mozilla/5.0 (compatible; DotBot/1.1; http://www.opensiteexplorer.org/dotbot, help@moz.com)" 
216.244.66.227 - - [08/Oct/2017:07:26:44 -0700] "GET /self.logs/2016/access.log.2016-12-04.gz HTTP/1.1" 200 27361 "-" "Mozilla/5.0 (compatible; DotBot/1.1; http://www.opensiteexplorer.org/dotbot, help@moz.com)" 
216.244.66.227 - - [08/Oct/2017:07:26:45 -0700] "GET /self.logs/2016/error.log.2016-02-18.gz HTTP/1.1" 200 926 "-" "Mozilla/5.0 (compatible; DotBot/1.1; http://www.opensiteexplorer.org/dotbot, help@moz.com)" 
216.244.66.227 - - [08/Oct/2017:07:26:46 -0700] "GET /self.logs/2016/error.log.2016-03-22.gz HTTP/1.1" 200 604 "-" "Mozilla/5.0 (compatible; DotBot/1.1; http://www.opensiteexplorer.org/dotbot, help@moz.com)" 
216.244.66.227 - - [08/Oct/2017:07:26:47 -0700] "GET /self.logs/2016/error.log.2016-04-13.gz HTTP/1.1" 200 474 "-" "Mozilla/5.0 (compatible; DotBot/1.1; http://www.opensiteexplorer.org/dotbot, help@moz.com)" 
216.244.66.227 - - [08/Oct/2017:07:26:48 -0700] "GET /self.logs/2016/error.log.2016-05-24.gz HTTP/1.1" 200 682 "-" "Mozilla/5.0 (compatible; DotBot/1.1; http://www.opensiteexplorer.org/dotbot, help@moz.com)" 
216.244.66.227 - - [08/Oct/2017:07:26:48 -0700] "GET /self.logs/2016/error.log.2016-10-16.gz HTTP/1.1" 200 1657 "-" "Mozilla/5.0 (compatible; DotBot/1.1; http://www.opensiteexplorer.org/dotbot, help@moz.com)" 
216.244.66.227 - - [08/Oct/2017:07:26:49 -0700] "GET /self.logs/2016/error.log.2016-12-23.gz HTTP/1.1" 200 870 "-" "Mozilla/5.0 (compatible; DotBot/1.1; http://www.opensiteexplorer.org/dotbot, help@moz.com)" 
157.55.39.224 - - [08/Oct/2017:07:27:58 -0700] "GET /self.logs/error.log.2016-04-17.gz HTTP/1.1" 404 340 "-" "Mozilla/5.0 (compatible; bingbot/2.0; +http://www.bing.com/bingbot.htm)" 
219.250.227.221 - - [08/Oct/2017:07:31:11 -0700] "GET /wp-login.php HTTP/1.1" 404 295 "-" "Mozilla/5.0 (Windows NT 6.1; WOW64; rv:40.0) Gecko/20100101 Firefox/40.1" 
219.250.227.221 - - [08/Oct/2017:07:31:17 -0700] "GET /wp-login.php HTTP/1.1" 404 295 "-" "Mozilla/5.0 (Windows NT 6.1; WOW64; rv:40.0) Gecko/20100101 Firefox/40.1" 
216.244.66.198 - - [08/Oct/2017:07:31:20 -0700] "GET / HTTP/1.1" 200 36804 "-" "Mozilla/5.0 (compatible; DotBot/1.1; http://www.opensiteexplorer.org/dotbot, help@moz.com)" 
219.250.227.221 - - [08/Oct/2017:07:31:23 -0700] "GET / HTTP/1.1" 200 36860 "-" "Mozilla/5.0 (Windows NT 6.1; WOW64; rv:40.0) Gecko/20100101 Firefox/40.1" 
219.250.227.221 - - [08/Oct/2017:07:33:48 -0700] "GET /wp-login.php HTTP/1.1" 301 522 "-" "Mozilla/5.0 (Windows NT 6.1; WOW64; rv:40.0) Gecko/20100101 Firefox/40.1" 
219.250.227.221 - - [08/Oct/2017:07:33:48 -0700] "GET /wp-login.php HTTP/1.1" 404 295 "-" "Mozilla/5.0 (Windows NT 6.1; WOW64; rv:40.0) Gecko/20100101 Firefox/40.1" 
219.250.227.221 - - [08/Oct/2017:07:33:54 -0700] "GET /wp-login.php HTTP/1.1" 301 522 "-" "Mozilla/5.0 (Windows NT 6.1; WOW64; rv:40.0) Gecko/20100101 Firefox/40.1" 
219.250.227.221 - - [08/Oct/2017:07:33:55 -0700] "GET /wp-login.php HTTP/1.1" 404 295 "-" "Mozilla/5.0 (Windows NT 6.1; WOW64; rv:40.0) Gecko/20100101 Firefox/40.1" 
219.250.227.221 - - [08/Oct/2017:07:34:00 -0700] "GET / HTTP/1.1" 301 498 "-" "Mozilla/5.0 (Windows NT 6.1; WOW64; rv:40.0) Gecko/20100101 Firefox/40.1" 
219.250.227.221 - - [08/Oct/2017:07:34:01 -0700] "GET / HTTP/1.1" 200 36860 "-" "Mozilla/5.0 (Windows NT 6.1; WOW64; rv:40.0) Gecko/20100101 Firefox/40.1" 
119.131.106.220 - - [08/Oct/2017:07:35:52 -0700] "GET /favicon.ico HTTP/1.1" 200 212 "-" "Mozilla/4.0 (compatible; MSIE 7.0; Windows NT 5.1; Trident/4.0; .NET CLR 2.0.50727; 360space)" 
85.105.128.231 - - [08/Oct/2017:07:47:34 -0700] "GET / HTTP/1.1" 200 10913 "-" "Mozilla/5.0 (Windows NT 6.1; WOW64) AppleWebKit/537.36 (KHTML, like Gecko) Chrome/61.0.3163.100 Safari/537.36" 
85.105.128.231 - - [08/Oct/2017:07:47:38 -0700] "GET /twitter-icon.png HTTP/1.1" 200 27788 "http://www.secrepo.com/" "Mozilla/5.0 (Windows NT 6.1; WOW64) AppleWebKit/537.36 (KHTML, like Gecko) Chrome/61.0.3163.100 Safari/537.36" 
85.105.128.231 - - [08/Oct/2017:07:47:39 -0700] "GET /GitHub-Mark.png HTTP/1.1" 200 7428 "http://www.secrepo.com/" "Mozilla/5.0 (Windows NT 6.1; WOW64) AppleWebKit/537.36 (KHTML, like Gecko) Chrome/61.0.3163.100 Safari/537.36" 
85.105.128.231 - - [08/Oct/2017:07:47:49 -0700] "GET /bootstrap/img/favicon.ico HTTP/1.1" 200 590 "http://www.secrepo.com/" "Mozilla/5.0 (Windows NT 6.1; WOW64) AppleWebKit/537.36 (KHTML, like Gecko) Chrome/61.0.3163.100 Safari/537.36" 
1.186.37.106 - - [08/Oct/2017:07:48:10 -0700] "GET / HTTP/1.1" 200 10913 "-" "Mozilla/5.0 (Windows NT 6.3; Win64; x64) AppleWebKit/537.36 (KHTML, like Gecko) Chrome/61.0.3163.100 Safari/537.36" 
1.186.37.106 - - [08/Oct/2017:07:48:11 -0700] "GET /twitter-icon.png HTTP/1.1" 200 27787 "http://www.secrepo.com/" "Mozilla/5.0 (Windows NT 6.3; Win64; x64) AppleWebKit/537.36 (KHTML, like Gecko) Chrome/61.0.3163.100 Safari/537.36" 
1.186.37.106 - - [08/Oct/2017:07:48:11 -0700] "GET /GitHub-Mark.png HTTP/1.1" 200 7428 "http://www.secrepo.com/" "Mozilla/5.0 (Windows NT 6.3; Win64; x64) AppleWebKit/537.36 (KHTML, like Gecko) Chrome/61.0.3163.100 Safari/537.36" 
1.186.37.106 - - [08/Oct/2017:07:48:11 -0700] "GET /bootstrap/img/favicon.ico HTTP/1.1" 200 589 "http://www.secrepo.com/" "Mozilla/5.0 (Windows NT 6.3; Win64; x64) AppleWebKit/537.36 (KHTML, like Gecko) Chrome/61.0.3163.100 Safari/537.36" 
46.174.26.57 - - [08/Oct/2017:07:50:24 -0700] "GET /wp-login.php HTTP/1.1" 301 522 "-" "Mozilla/5.0 (Windows NT 6.1; WOW64; rv:40.0) Gecko/20100101 Firefox/40.1" 
46.174.26.57 - - [08/Oct/2017:07:50:25 -0700] "GET /wp-login.php HTTP/1.1" 404 295 "-" "Mozilla/5.0 (Windows NT 6.1; WOW64; rv:40.0) Gecko/20100101 Firefox/40.1" 
46.174.26.57 - - [08/Oct/2017:07:50:30 -0700] "GET /wp-login.php HTTP/1.1" 301 522 "-" "Mozilla/5.0 (Windows NT 6.1; WOW64; rv:40.0) Gecko/20100101 Firefox/40.1" 
46.174.26.57 - - [08/Oct/2017:07:50:30 -0700] "GET /wp-login.php HTTP/1.1" 404 295 "-" "Mozilla/5.0 (Windows NT 6.1; WOW64; rv:40.0) Gecko/20100101 Firefox/40.1" 
46.174.26.57 - - [08/Oct/2017:07:50:35 -0700] "GET / HTTP/1.1" 301 498 "-" "Mozilla/5.0 (Windows NT 6.1; WOW64; rv:40.0) Gecko/20100101 Firefox/40.1" 
46.174.26.57 - - [08/Oct/2017:07:50:36 -0700] "GET / HTTP/1.1" 200 36860 "-" "Mozilla/5.0 (Windows NT 6.1; WOW64; rv:40.0) Gecko/20100101 Firefox/40.1" 
216.244.66.227 - - [08/Oct/2017:07:54:52 -0700] "GET /robots.txt HTTP/1.1" 200 233 "-" "Mozilla/5.0 (compatible; DotBot/1.1; http://www.opensiteexplorer.org/dotbot, help@moz.com)" 
139.214.251.65 - - [08/Oct/2017:07:58:03 -0700] "GET / HTTP/1.1" 200 10913 "-" "Mozilla/5.0 (Linux; Android 6.0; vivo Y67L Build/MRA58K; wv) AppleWebKit/537.36 (KHTML, like Gecko) Version/4.0 Chrome/51.0.2704.81 Mobile Safari/537.36Mobilelibrary_1_6.2.8_android_phone_34196" 
139.214.251.65 - - [08/Oct/2017:07:58:04 -0700] "GET /twitter-icon.png HTTP/1.1" 200 27787 "http://www.secrepo.com/" "Mozilla/5.0 (Linux; Android 6.0; vivo Y67L Build/MRA58K; wv) AppleWebKit/537.36 (KHTML, like Gecko) Version/4.0 Chrome/51.0.2704.81 Mobile Safari/537.36Mobilelibrary_1_6.2.8_android_phone_34196" 
139.214.251.65 - - [08/Oct/2017:07:58:04 -0700] "GET /GitHub-Mark.png HTTP/1.1" 200 7428 "http://www.secrepo.com/" "Mozilla/5.0 (Linux; Android 6.0; vivo Y67L Build/MRA58K; wv) AppleWebKit/537.36 (KHTML, like Gecko) Version/4.0 Chrome/51.0.2704.81 Mobile Safari/537.36Mobilelibrary_1_6.2.8_android_phone_34196" 
182.48.88.33 - - [08/Oct/2017:08:04:02 -0700] "GET /wp-login.php HTTP/1.1" 404 295 "-" "Mozilla/5.0 (Windows NT 6.1; WOW64; rv:40.0) Gecko/20100101 Firefox/40.1" 
182.48.88.33 - - [08/Oct/2017:08:04:08 -0700] "GET /wp-login.php HTTP/1.1" 404 295 "-" "Mozilla/5.0 (Windows NT 6.1; WOW64; rv:40.0) Gecko/20100101 Firefox/40.1" 
182.48.88.33 - - [08/Oct/2017:08:04:13 -0700] "GET / HTTP/1.1" 200 36860 "-" "Mozilla/5.0 (Windows NT 6.1; WOW64; rv:40.0) Gecko/20100101 Firefox/40.1" 
216.244.66.227 - - [08/Oct/2017:08:06:54 -0700] "GET /self.logs/access.log.2017-01-12.gz HTTP/1.1" 200 86408 "-" "Mozilla/5.0 (compatible; DotBot/1.1; http://www.opensiteexplorer.org/dotbot, help@moz.com)" 
216.244.66.227 - - [08/Oct/2017:08:06:57 -0700] "GET /self.logs/access.log.2017-04-16.gz HTTP/1.1" 200 15197 "-" "Mozilla/5.0 (compatible; DotBot/1.1; http://www.opensiteexplorer.org/dotbot, help@moz.com)" 
216.244.66.227 - - [08/Oct/2017:08:07:00 -0700] "GET /self.logs/error.log.2017-01-28.gz HTTP/1.1" 200 1334 "-" "Mozilla/5.0 (compatible; DotBot/1.1; http://www.opensiteexplorer.org/dotbot, help@moz.com)" 
182.65.72.219 - - [08/Oct/2017:08:08:10 -0700] "GET /wp-login.php HTTP/1.1" 404 295 "-" "Mozilla/5.0 (Windows NT 6.1; WOW64; rv:40.0) Gecko/20100101 Firefox/40.1" 
182.65.72.219 - - [08/Oct/2017:08:08:16 -0700] "GET /wp-login.php HTTP/1.1" 404 295 "-" "Mozilla/5.0 (Windows NT 6.1; WOW64; rv:40.0) Gecko/20100101 Firefox/40.1" 
182.65.72.219 - - [08/Oct/2017:08:08:23 -0700] "GET / HTTP/1.1" 200 36860 "-" "Mozilla/5.0 (Windows NT 6.1; WOW64; rv:40.0) Gecko/20100101 Firefox/40.1" 
66.249.64.24 - - [08/Oct/2017:08:13:00 -0700] "GET / HTTP/1.1" 301 483 "-" "Mozilla/5.0 (Linux; Android 6.0.1; Nexus 5X Build/MMB29P) AppleWebKit/537.36 (KHTML, like Gecko) Chrome/41.0.2272.96 Mobile Safari/537.36 (compatible; Googlebot/2.1; +http://www.google.com/bot.html)" 
66.249.64.129 - - [08/Oct/2017:08:13:01 -0700] "GET / HTTP/1.1" 200 10913 "-" "Mozilla/5.0 (Linux; Android 6.0.1; Nexus 5X Build/MMB29P) AppleWebKit/537.36 (KHTML, like Gecko) Chrome/41.0.2272.96 Mobile Safari/537.36 (compatible; Googlebot/2.1; +http://www.google.com/bot.html)" 
95.169.192.169 - - [08/Oct/2017:08:13:27 -0700] "GET /wp-login.php HTTP/1.1" 404 295 "-" "Mozilla/5.0 (Windows NT 6.1; WOW64; rv:40.0) Gecko/20100101 Firefox/40.1" 
95.169.192.169 - - [08/Oct/2017:08:13:32 -0700] "GET /wp-login.php HTTP/1.1" 404 295 "-" "Mozilla/5.0 (Windows NT 6.1; WOW64; rv:40.0) Gecko/20100101 Firefox/40.1" 
95.169.192.169 - - [08/Oct/2017:08:13:37 -0700] "GET / HTTP/1.1" 200 36860 "-" "Mozilla/5.0 (Windows NT 6.1; WOW64; rv:40.0) Gecko/20100101 Firefox/40.1" 
2.110.70.150 - - [08/Oct/2017:08:17:17 -0700] "GET / HTTP/1.1" 200 10913 "-" "Mozilla/5.0 (Macintosh; Intel Mac OS X 10_12_6) AppleWebKit/604.1.38 (KHTML, like Gecko)" 
2.110.70.150 - - [08/Oct/2017:08:17:17 -0700] "GET /apple-touch-icon-precomposed.png HTTP/1.1" 404 340 "-" "Safari/12604.1.38.1.7 CFNetwork/811.5.4 Darwin/16.7.0 (x86_64)" 
2.110.70.150 - - [08/Oct/2017:08:17:17 -0700] "GET /apple-touch-icon.png HTTP/1.1" 404 339 "-" "Safari/12604.1.38.1.7 CFNetwork/811.5.4 Darwin/16.7.0 (x86_64)" 
2.110.70.150 - - [08/Oct/2017:08:17:17 -0700] "GET /bootstrap/img/favicon.ico HTTP/1.1" 200 589 "-" "Safari/12604.1.38.1.7 CFNetwork/811.5.4 Darwin/16.7.0 (x86_64)" 
2.110.70.150 - - [08/Oct/2017:08:17:17 -0700] "GET / HTTP/1.1" 200 10912 "-" "Mozilla/5.0 (iPhone; CPU iPhone OS 10_3 like Mac OS X) AppleWebKit/603.1.30 (KHTML, like Gecko) Version/10.3 Mobile/14E277 Safari/603.1.30" 
2.110.70.150 - - [08/Oct/2017:08:17:17 -0700] "GET /apple-touch-icon-precomposed.png HTTP/1.1" 404 339 "-" "Safari/12604.1.38.1.7 CFNetwork/811.5.4 Darwin/16.7.0 (x86_64)" 
2.110.70.150 - - [08/Oct/2017:08:17:17 -0700] "GET /apple-touch-icon.png HTTP/1.1" 404 339 "-" "Safari/12604.1.38.1.7 CFNetwork/811.5.4 Darwin/16.7.0 (x86_64)" 
2.110.70.150 - - [08/Oct/2017:08:17:18 -0700] "GET /bootstrap/img/favicon.ico HTTP/1.1" 200 589 "-" "Safari/12604.1.38.1.7 CFNetwork/811.5.4 Darwin/16.7.0 (x86_64)" 
182.48.88.33 - - [08/Oct/2017:08:21:13 -0700] "GET /wp-login.php HTTP/1.1" 301 522 "-" "Mozilla/5.0 (Windows NT 6.1; WOW64; rv:40.0) Gecko/20100101 Firefox/40.1" 
182.48.88.33 - - [08/Oct/2017:08:21:14 -0700] "GET /wp-login.php HTTP/1.1" 404 295 "-" "Mozilla/5.0 (Windows NT 6.1; WOW64; rv:40.0) Gecko/20100101 Firefox/40.1" 
182.48.88.33 - - [08/Oct/2017:08:21:19 -0700] "GET /wp-login.php HTTP/1.1" 301 522 "-" "Mozilla/5.0 (Windows NT 6.1; WOW64; rv:40.0) Gecko/20100101 Firefox/40.1" 
182.48.88.33 - - [08/Oct/2017:08:21:20 -0700] "GET /wp-login.php HTTP/1.1" 404 295 "-" "Mozilla/5.0 (Windows NT 6.1; WOW64; rv:40.0) Gecko/20100101 Firefox/40.1" 
182.48.88.33 - - [08/Oct/2017:08:21:29 -0700] "GET / HTTP/1.1" 301 498 "-" "Mozilla/5.0 (Windows NT 6.1; WOW64; rv:40.0) Gecko/20100101 Firefox/40.1" 
182.48.88.33 - - [08/Oct/2017:08:21:29 -0700] "GET / HTTP/1.1" 200 36860 "-" "Mozilla/5.0 (Windows NT 6.1; WOW64; rv:40.0) Gecko/20100101 Firefox/40.1" 
95.34.120.245 - - [08/Oct/2017:08:26:04 -0700] "GET /wp-login.php HTTP/1.1" 404 295 "-" "Mozilla/5.0 (Windows NT 6.1; WOW64; rv:40.0) Gecko/20100101 Firefox/40.1" 
95.34.120.245 - - [08/Oct/2017:08:26:09 -0700] "GET /wp-login.php HTTP/1.1" 404 295 "-" "Mozilla/5.0 (Windows NT 6.1; WOW64; rv:40.0) Gecko/20100101 Firefox/40.1" 
95.34.120.245 - - [08/Oct/2017:08:26:15 -0700] "GET / HTTP/1.1" 200 36860 "-" "Mozilla/5.0 (Windows NT 6.1; WOW64; rv:40.0) Gecko/20100101 Firefox/40.1" 
116.206.138.203 - - [08/Oct/2017:08:30:10 -0700] "GET /wp-login.php HTTP/1.1" 404 295 "-" "Mozilla/5.0 (Windows NT 6.1; WOW64; rv:40.0) Gecko/20100101 Firefox/40.1" 
116.206.138.203 - - [08/Oct/2017:08:30:15 -0700] "GET /wp-login.php HTTP/1.1" 404 295 "-" "Mozilla/5.0 (Windows NT 6.1; WOW64; rv:40.0) Gecko/20100101 Firefox/40.1" 
116.206.138.203 - - [08/Oct/2017:08:30:21 -0700] "GET / HTTP/1.1" 200 36860 "-" "Mozilla/5.0 (Windows NT 6.1; WOW64; rv:40.0) Gecko/20100101 Firefox/40.1" 
104.239.135.78 - - [08/Oct/2017:08:34:23 -0700] "GET /robots.txt HTTP/1.1" 301 446 "-" "Tornado-Async-Client" 
104.239.135.78 - - [08/Oct/2017:08:34:23 -0700] "GET /robots.txt HTTP/1.1" 304 130 "-" "Tornado-Async-Client" 
104.239.135.78 - - [08/Oct/2017:08:34:23 -0700] "GET /honeypot/BSidesDFW%20-%202014.ipynb HTTP/1.1" 301 484 "-" "Tornado-Async-Client" 
104.239.135.78 - - [08/Oct/2017:08:34:23 -0700] "GET /honeypot/BSidesDFW%20-%202014.ipynb HTTP/1.1" 200 930780 "-" "Tornado-Async-Client" 
157.55.39.207 - - [08/Oct/2017:08:34:46 -0700] "GET /self.logs/access.log.2016-08-02.gz HTTP/1.1" 404 340 "-" "Mozilla/5.0 (compatible; bingbot/2.0; +http://www.bing.com/bingbot.htm)" 
39.46.124.14 - - [08/Oct/2017:08:35:31 -0700] "GET /wp-login.php HTTP/1.1" 404 295 "-" "Mozilla/5.0 (Windows NT 6.1; WOW64; rv:40.0) Gecko/20100101 Firefox/40.1" 
39.46.124.14 - - [08/Oct/2017:08:35:36 -0700] "GET /wp-login.php HTTP/1.1" 404 295 "-" "Mozilla/5.0 (Windows NT 6.1; WOW64; rv:40.0) Gecko/20100101 Firefox/40.1" 
39.46.124.14 - - [08/Oct/2017:08:35:42 -0700] "GET / HTTP/1.1" 200 36860 "-" "Mozilla/5.0 (Windows NT 6.1; WOW64; rv:40.0) Gecko/20100101 Firefox/40.1" 
157.55.39.207 - - [08/Oct/2017:08:44:08 -0700] "GET /self.logs/error.log.2017-01-26.gz HTTP/1.1" 200 1341 "-" "Mozilla/5.0 (compatible; bingbot/2.0; +http://www.bing.com/bingbot.htm)" 
78.195.147.233 - - [08/Oct/2017:08:44:48 -0700] "GET /wp-login.php HTTP/1.1" 404 295 "-" "Mozilla/5.0 (Windows NT 6.1; WOW64; rv:40.0) Gecko/20100101 Firefox/40.1" 
78.195.147.233 - - [08/Oct/2017:08:44:53 -0700] "GET /wp-login.php HTTP/1.1" 404 295 "-" "Mozilla/5.0 (Windows NT 6.1; WOW64; rv:40.0) Gecko/20100101 Firefox/40.1" 
78.195.147.233 - - [08/Oct/2017:08:44:58 -0700] "GET / HTTP/1.1" 200 36860 "-" "Mozilla/5.0 (Windows NT 6.1; WOW64; rv:40.0) Gecko/20100101 Firefox/40.1" 
78.209.61.82 - - [08/Oct/2017:08:45:34 -0700] "GET / HTTP/1.1" 200 10913 "https://www.google.fr/" "Mozilla/5.0 (Windows NT 6.1; WOW64; rv:56.0) Gecko/20100101 Firefox/56.0" 
78.209.61.82 - - [08/Oct/2017:08:45:34 -0700] "GET /GitHub-Mark.png HTTP/1.1" 200 7427 "http://www.secrepo.com/" "Mozilla/5.0 (Windows NT 6.1; WOW64; rv:56.0) Gecko/20100101 Firefox/56.0" 
78.209.61.82 - - [08/Oct/2017:08:45:34 -0700] "GET /bootstrap/img/favicon.ico HTTP/1.1" 200 589 "-" "Mozilla/5.0 (Windows NT 6.1; WOW64; rv:56.0) Gecko/20100101 Firefox/56.0" 
50.112.194.65 - - [08/Oct/2017:08:45:44 -0700] "GET / HTTP/1.1" 200 36804 "-" "Mozilla/4.0 (compatible; MSIE 8.0; Windows NT 5.1; Trident/4.0)" 
216.244.66.250 - - [08/Oct/2017:08:52:14 -0700] "GET /robots.txt HTTP/1.1" 200 233 "-" "Mozilla/5.0 (compatible; DotBot/1.1; http://www.opensiteexplorer.org/dotbot, help@moz.com)" 
157.55.39.224 - - [08/Oct/2017:08:54:48 -0700] "GET /self.logs/error.log.2015-03-01.gz HTTP/1.1" 404 340 "-" "Mozilla/5.0 (compatible; bingbot/2.0; +http://www.bing.com/bingbot.htm)" 
216.244.66.227 - - [08/Oct/2017:09:03:34 -0700] "GET /robots.txt HTTP/1.1" 200 233 "-" "Mozilla/5.0 (compatible; DotBot/1.1; http://www.opensiteexplorer.org/dotbot, help@moz.com)" 
188.69.196.25 - - [08/Oct/2017:09:10:24 -0700] "GET /wp-login.php HTTP/1.1" 404 295 "-" "Mozilla/5.0 (Windows NT 6.1; WOW64; rv:40.0) Gecko/20100101 Firefox/40.1" 
78.195.147.233 - - [08/Oct/2017:09:10:25 -0700] "GET /wp-login.php HTTP/1.1" 301 522 "-" "Mozilla/5.0 (Windows NT 6.1; WOW64; rv:40.0) Gecko/20100101 Firefox/40.1" 
78.195.147.233 - - [08/Oct/2017:09:10:26 -0700] "GET /wp-login.php HTTP/1.1" 404 295 "-" "Mozilla/5.0 (Windows NT 6.1; WOW64; rv:40.0) Gecko/20100101 Firefox/40.1" 
188.69.196.25 - - [08/Oct/2017:09:10:30 -0700] "GET /wp-login.php HTTP/1.1" 404 295 "-" "Mozilla/5.0 (Windows NT 6.1; WOW64; rv:40.0) Gecko/20100101 Firefox/40.1" 
78.195.147.233 - - [08/Oct/2017:09:10:31 -0700] "GET /wp-login.php HTTP/1.1" 301 522 "-" "Mozilla/5.0 (Windows NT 6.1; WOW64; rv:40.0) Gecko/20100101 Firefox/40.1" 
78.195.147.233 - - [08/Oct/2017:09:10:31 -0700] "GET /wp-login.php HTTP/1.1" 404 295 "-" "Mozilla/5.0 (Windows NT 6.1; WOW64; rv:40.0) Gecko/20100101 Firefox/40.1" 
188.69.196.25 - - [08/Oct/2017:09:10:35 -0700] "GET / HTTP/1.1" 200 36860 "-" "Mozilla/5.0 (Windows NT 6.1; WOW64; rv:40.0) Gecko/20100101 Firefox/40.1" 
78.195.147.233 - - [08/Oct/2017:09:10:37 -0700] "GET / HTTP/1.1" 301 498 "-" "Mozilla/5.0 (Windows NT 6.1; WOW64; rv:40.0) Gecko/20100101 Firefox/40.1" 
78.195.147.233 - - [08/Oct/2017:09:10:37 -0700] "GET / HTTP/1.1" 200 36860 "-" "Mozilla/5.0 (Windows NT 6.1; WOW64; rv:40.0) Gecko/20100101 Firefox/40.1" 
216.244.66.227 - - [08/Oct/2017:09:13:34 -0700] "GET /self.logs/2015/access.log.2015-02-05.gz HTTP/1.1" 200 3446 "-" "Mozilla/5.0 (compatible; DotBot/1.1; http://www.opensiteexplorer.org/dotbot, help@moz.com)" 
216.244.66.227 - - [08/Oct/2017:09:13:37 -0700] "GET /self.logs/2015/access.log.2015-07-01.gz HTTP/1.1" 200 5530 "-" "Mozilla/5.0 (compatible; DotBot/1.1; http://www.opensiteexplorer.org/dotbot, help@moz.com)" 
216.244.66.227 - - [08/Oct/2017:09:13:38 -0700] "GET /self.logs/2015/access.log.2015-07-28.gz HTTP/1.1" 200 3608 "-" "Mozilla/5.0 (compatible; DotBot/1.1; http://www.opensiteexplorer.org/dotbot, help@moz.com)" 
216.244.66.227 - - [08/Oct/2017:09:13:39 -0700] "GET /self.logs/2015/access.log.2015-11-14.gz HTTP/1.1" 200 5229 "-" "Mozilla/5.0 (compatible; DotBot/1.1; http://www.opensiteexplorer.org/dotbot, help@moz.com)" 
216.244.66.227 - - [08/Oct/2017:09:13:40 -0700] "GET /self.logs/2015/error.log.2015-03-30.gz HTTP/1.1" 200 3184 "-" "Mozilla/5.0 (compatible; DotBot/1.1; http://www.opensiteexplorer.org/dotbot, help@moz.com)" 
216.244.66.227 - - [08/Oct/2017:09:13:41 -0700] "GET /self.logs/2015/error.log.2015-04-12.gz HTTP/1.1" 200 839 "-" "Mozilla/5.0 (compatible; DotBot/1.1; http://www.opensiteexplorer.org/dotbot, help@moz.com)" 
216.244.66.227 - - [08/Oct/2017:09:13:42 -0700] "GET /self.logs/2015/error.log.2015-05-14.gz HTTP/1.1" 200 960 "-" "Mozilla/5.0 (compatible; DotBot/1.1; http://www.opensiteexplorer.org/dotbot, help@moz.com)" 
216.244.66.227 - - [08/Oct/2017:09:13:44 -0700] "GET /self.logs/2016/access.log.2016-11-27.gz HTTP/1.1" 200 18552 "-" "Mozilla/5.0 (compatible; DotBot/1.1; http://www.opensiteexplorer.org/dotbot, help@moz.com)" 
216.244.66.227 - - [08/Oct/2017:09:13:45 -0700] "GET /self.logs/2016/access.log.2016-12-16.gz HTTP/1.1" 200 7707 "-" "Mozilla/5.0 (compatible; DotBot/1.1; http://www.opensiteexplorer.org/dotbot, help@moz.com)" 
216.244.66.227 - - [08/Oct/2017:09:13:46 -0700] "GET /self.logs/2016/error.log.2016-04-10.gz HTTP/1.1" 200 639 "-" "Mozilla/5.0 (compatible; DotBot/1.1; http://www.opensiteexplorer.org/dotbot, help@moz.com)" 
216.244.66.227 - - [08/Oct/2017:09:13:47 -0700] "GET /self.logs/2016/error.log.2016-09-21.gz HTTP/1.1" 200 790 "-" "Mozilla/5.0 (compatible; DotBot/1.1; http://www.opensiteexplorer.org/dotbot, help@moz.com)" 
216.244.66.227 - - [08/Oct/2017:09:13:48 -0700] "GET /self.logs/2016/error.log.2016-12-11.gz HTTP/1.1" 200 814 "-" "Mozilla/5.0 (compatible; DotBot/1.1; http://www.opensiteexplorer.org/dotbot, help@moz.com)" 
42.60.80.217 - - [08/Oct/2017:09:15:02 -0700] "GET /GitHub-Mark.png HTTP/1.1" 200 7428 "-" "Mozilla/5.0 (Windows NT 10.0; Win64; x64) AppleWebKit/537.36 (KHTML, like Gecko) Chrome/61.0.3163.100 Safari/537.36" 
42.60.80.217 - - [08/Oct/2017:09:15:02 -0700] "GET /twitter-icon.png HTTP/1.1" 200 27788 "-" "Mozilla/5.0 (Windows NT 10.0; Win64; x64) AppleWebKit/537.36 (KHTML, like Gecko) Chrome/61.0.3163.100 Safari/537.36" 
157.55.39.152 - - [08/Oct/2017:09:15:25 -0700] "GET /honeypot/Honeypot%20-%20Howto.pdf HTTP/1.1" 200 1279418 "-" "Mozilla/5.0 (compatible; bingbot/2.0; +http://www.bing.com/bingbot.htm)" 
123.125.71.98 - - [08/Oct/2017:09:17:19 -0700] "GET /pe_static/apt1.zip HTTP/1.1" 200 1983291 "-" "Mozilla/5.0 (compatible; Baiduspider/2.0; +http://www.baidu.com/search/spider.html)" 
173.252.123.145 - - [08/Oct/2017:09:24:50 -0700] "GET /twitter-icon.png HTTP/1.1" 200 27788 "-" "facebookexternalhit/1.1 (+http://www.facebook.com/externalhit_uatext.php)" 
141.8.144.110 - - [08/Oct/2017:09:26:00 -0700] "GET /robots.txt HTTP/1.1" 200 289 "-" "Mozilla/5.0 (compatible; YandexBot/3.0; +http://yandex.com/bots)" 
5.255.250.94 - - [08/Oct/2017:09:26:00 -0700] "GET /robots.txt HTTP/1.1" 301 518 "-" "Mozilla/5.0 (compatible; YandexBot/3.0; +http://yandex.com/bots)" 
141.8.144.110 - - [08/Oct/2017:09:26:04 -0700] "GET / HTTP/1.1" 200 10913 "-" "Mozilla/5.0 (compatible; YandexBot/3.0; +http://yandex.com/bots)" 
5.255.250.94 - - [08/Oct/2017:09:26:04 -0700] "GET / HTTP/1.1" 301 483 "-" "Mozilla/5.0 (compatible; YandexBot/3.0; +http://yandex.com/bots)" 
50.19.154.226 - - [08/Oct/2017:09:27:13 -0700] "GET / HTTP/1.1" 200 36804 "-" "Mozilla/5.0 (Windows NT 6.1) AppleWebKit/537.2 (KHTML, like Gecko) Chrome/22.0.1216.0 Safari/537.2" 
89.166.73.3 - - [08/Oct/2017:09:28:35 -0700] "GET /wp-login.php HTTP/1.1" 404 295 "-" "Mozilla/5.0 (Windows NT 6.1; WOW64; rv:40.0) Gecko/20100101 Firefox/40.1" 
89.166.73.3 - - [08/Oct/2017:09:28:41 -0700] "GET /wp-login.php HTTP/1.1" 404 295 "-" "Mozilla/5.0 (Windows NT 6.1; WOW64; rv:40.0) Gecko/20100101 Firefox/40.1" 
89.166.73.3 - - [08/Oct/2017:09:28:46 -0700] "GET / HTTP/1.1" 200 36860 "-" "Mozilla/5.0 (Windows NT 6.1; WOW64; rv:40.0) Gecko/20100101 Firefox/40.1" 
157.55.39.207 - - [08/Oct/2017:09:29:38 -0700] "GET /self.logs/access.log.2015-12-02.gz HTTP/1.1" 404 340 "-" "Mozilla/5.0 (compatible; bingbot/2.0; +http://www.bing.com/bingbot.htm)" 
120.221.0.34 - - [08/Oct/2017:09:29:52 -0700] "GET /honeypot/Honeypot%20-%20Howto.pdf HTTP/1.1" 304 131 "-" "Mozilla/5.0 Gecko/20100115 Firefox/3.6" 
123.125.67.162 - - [08/Oct/2017:09:32:54 -0700] "GET /robots.txt HTTP/1.1" 200 297 "-" "Mozilla/5.0 (Windows NT 10.0; WOW64) AppleWebKit/537.36 (KHTML, like Gecko) Chrome/45.0.2454.93 Safari/537.36" 
52.21.132.65 - - [08/Oct/2017:09:34:58 -0700] "GET /robots.txt HTTP/1.0" 200 252 "-" "Mozilla/5.0 (X11; Linux x86_64) AppleWebKit/537.36 (KHTML, like Gecko) Chrome/49.0.2623.87 Safari/537.36" 
52.21.132.65 - - [08/Oct/2017:09:34:58 -0700] "GET / HTTP/1.1" 200 10913 "-" "SimpleCrawler/0.1" 
39.46.124.14 - - [08/Oct/2017:09:36:15 -0700] "GET /wp-login.php HTTP/1.1" 301 522 "-" "Mozilla/5.0 (Windows NT 6.1; WOW64; rv:40.0) Gecko/20100101 Firefox/40.1" 
39.46.124.14 - - [08/Oct/2017:09:36:15 -0700] "GET /wp-login.php HTTP/1.1" 404 295 "-" "Mozilla/5.0 (Windows NT 6.1; WOW64; rv:40.0) Gecko/20100101 Firefox/40.1" 
39.46.124.14 - - [08/Oct/2017:09:36:21 -0700] "GET /wp-login.php HTTP/1.1" 301 522 "-" "Mozilla/5.0 (Windows NT 6.1; WOW64; rv:40.0) Gecko/20100101 Firefox/40.1" 
39.46.124.14 - - [08/Oct/2017:09:36:21 -0700] "GET /wp-login.php HTTP/1.1" 404 295 "-" "Mozilla/5.0 (Windows NT 6.1; WOW64; rv:40.0) Gecko/20100101 Firefox/40.1" 
39.46.124.14 - - [08/Oct/2017:09:36:27 -0700] "GET / HTTP/1.1" 301 498 "-" "Mozilla/5.0 (Windows NT 6.1; WOW64; rv:40.0) Gecko/20100101 Firefox/40.1" 
39.46.124.14 - - [08/Oct/2017:09:36:28 -0700] "GET / HTTP/1.1" 200 36860 "-" "Mozilla/5.0 (Windows NT 6.1; WOW64; rv:40.0) Gecko/20100101 Firefox/40.1" 
2.152.195.43 - - [08/Oct/2017:09:38:49 -0700] "GET / HTTP/1.1" 200 10913 "https://www.reddit.com/r/datasets/comments/3tbxap/cyber_security_datasets/" "Mozilla/5.0 (Windows NT 10.0; Win64; x64) AppleWebKit/537.36 (KHTML, like Gecko) Chrome/61.0.3163.100 Safari/537.36" 
2.152.195.43 - - [08/Oct/2017:09:38:49 -0700] "GET /twitter-icon.png HTTP/1.1" 200 27787 "http://www.secrepo.com/" "Mozilla/5.0 (Windows NT 10.0; Win64; x64) AppleWebKit/537.36 (KHTML, like Gecko) Chrome/61.0.3163.100 Safari/537.36" 
2.152.195.43 - - [08/Oct/2017:09:38:49 -0700] "GET /GitHub-Mark.png HTTP/1.1" 200 7428 "http://www.secrepo.com/" "Mozilla/5.0 (Windows NT 10.0; Win64; x64) AppleWebKit/537.36 (KHTML, like Gecko) Chrome/61.0.3163.100 Safari/537.36" 
2.152.195.43 - - [08/Oct/2017:09:38:49 -0700] "GET /bootstrap/img/favicon.ico HTTP/1.1" 200 589 "http://www.secrepo.com/" "Mozilla/5.0 (Windows NT 10.0; Win64; x64) AppleWebKit/537.36 (KHTML, like Gecko) Chrome/61.0.3163.100 Safari/537.36" 
172.56.39.56 - - [08/Oct/2017:09:39:30 -0700] "GET / HTTP/1.1" 200 10913 "-" "Mozilla/5.0 (Linux; Android 6.0.1; Moto G Play Build/MPIS24.241-2.35-1-13) AppleWebKit/537.36 (KHTML, like Gecko) Chrome/61.0.3163.98 Mobile Safari/537.36" 
172.56.39.56 - - [08/Oct/2017:09:39:31 -0700] "GET /twitter-icon.png HTTP/1.1" 200 27787 "http://www.secrepo.com/" "Mozilla/5.0 (Linux; Android 6.0.1; Moto G Play Build/MPIS24.241-2.35-1-13) AppleWebKit/537.36 (KHTML, like Gecko) Chrome/61.0.3163.98 Mobile Safari/537.36" 
172.56.39.56 - - [08/Oct/2017:09:39:31 -0700] "GET /GitHub-Mark.png HTTP/1.1" 200 7428 "http://www.secrepo.com/" "Mozilla/5.0 (Linux; Android 6.0.1; Moto G Play Build/MPIS24.241-2.35-1-13) AppleWebKit/537.36 (KHTML, like Gecko) Chrome/61.0.3163.98 Mobile Safari/537.36" 
172.56.39.56 - - [08/Oct/2017:09:39:32 -0700] "GET /bootstrap/img/favicon.ico HTTP/1.1" 200 589 "http://www.secrepo.com/" "Mozilla/5.0 (Linux; Android 6.0.1; Moto G Play Build/MPIS24.241-2.35-1-13) AppleWebKit/537.36 (KHTML, like Gecko) Chrome/61.0.3163.98 Mobile Safari/537.36" 
82.72.247.154 - - [08/Oct/2017:09:45:35 -0700] "GET /wp-login.php HTTP/1.1" 404 295 "-" "Mozilla/5.0 (Windows NT 6.1; WOW64; rv:40.0) Gecko/20100101 Firefox/40.1" 
216.244.66.227 - - [08/Oct/2017:09:45:39 -0700] "GET /robots.txt HTTP/1.1" 200 233 "-" "Mozilla/5.0 (compatible; DotBot/1.1; http://www.opensiteexplorer.org/dotbot, help@moz.com)" 
82.72.247.154 - - [08/Oct/2017:09:45:41 -0700] "GET /wp-login.php HTTP/1.1" 404 295 "-" "Mozilla/5.0 (Windows NT 6.1; WOW64; rv:40.0) Gecko/20100101 Firefox/40.1" 
82.72.247.154 - - [08/Oct/2017:09:45:46 -0700] "GET / HTTP/1.1" 200 36860 "-" "Mozilla/5.0 (Windows NT 6.1; WOW64; rv:40.0) Gecko/20100101 Firefox/40.1" 
123.125.71.76 - - [08/Oct/2017:09:50:39 -0700] "GET / HTTP/1.1" 200 10876 "-" "Mozilla/5.0 (compatible; Baiduspider/2.0; +http://www.baidu.com/search/spider.html)" 
122.164.208.125 - - [08/Oct/2017:09:51:06 -0700] "GET / HTTP/1.1" 200 10913 "-" "Mozilla/5.0 (Windows NT 6.3; Win64; x64) AppleWebKit/537.36 (KHTML, like Gecko) Chrome/61.0.3163.100 Safari/537.36" 
122.164.208.125 - - [08/Oct/2017:09:51:11 -0700] "GET /GitHub-Mark.png HTTP/1.1" 200 7428 "http://www.secrepo.com/" "Mozilla/5.0 (Windows NT 6.3; Win64; x64) AppleWebKit/537.36 (KHTML, like Gecko) Chrome/61.0.3163.100 Safari/537.36" 
122.164.208.125 - - [08/Oct/2017:09:51:11 -0700] "GET /twitter-icon.png HTTP/1.1" 200 27788 "http://www.secrepo.com/" "Mozilla/5.0 (Windows NT 6.3; Win64; x64) AppleWebKit/537.36 (KHTML, like Gecko) Chrome/61.0.3163.100 Safari/537.36" 
122.164.208.125 - - [08/Oct/2017:09:51:28 -0700] "GET /bootstrap/img/favicon.ico HTTP/1.1" 200 590 "http://www.secrepo.com/" "Mozilla/5.0 (Windows NT 6.3; Win64; x64) AppleWebKit/537.36 (KHTML, like Gecko) Chrome/61.0.3163.100 Safari/537.36" 
196.3.50.254 - - [08/Oct/2017:09:52:08 -0700] "GET / HTTP/1.1" 304 189 "-" "Mozilla/4.0 (compatible;)" 
98.242.66.169 - - [08/Oct/2017:09:52:46 -0700] "GET / HTTP/1.1" 200 10913 "-" "Mozilla/5.0 (Macintosh; Intel Mac OS X 10_12_6) AppleWebKit/603.3.8 (KHTML, like Gecko)" 
98.242.66.169 - - [08/Oct/2017:09:52:47 -0700] "GET /apple-touch-icon-precomposed.png HTTP/1.1" 404 340 "-" "Safari/12603.3.8 CFNetwork/811.5.4 Darwin/16.7.0 (x86_64)" 
98.242.66.169 - - [08/Oct/2017:09:52:47 -0700] "GET /apple-touch-icon.png HTTP/1.1" 404 339 "-" "Safari/12603.3.8 CFNetwork/811.5.4 Darwin/16.7.0 (x86_64)" 
98.242.66.169 - - [08/Oct/2017:09:52:47 -0700] "GET /bootstrap/img/favicon.ico HTTP/1.1" 200 589 "-" "Safari/12603.3.8 CFNetwork/811.5.4 Darwin/16.7.0 (x86_64)" 
98.242.66.169 - - [08/Oct/2017:09:52:47 -0700] "GET / HTTP/1.1" 200 10912 "-" "Mozilla/5.0 (iPhone; CPU iPhone OS 10_0 like Mac OS X) AppleWebKit/602.1.38 (KHTML, like Gecko) Version/10.0 Mobile/14A300 Safari/602.1" 
98.242.66.169 - - [08/Oct/2017:09:52:47 -0700] "GET /apple-touch-icon-precomposed.png HTTP/1.1" 404 339 "-" "Safari/12603.3.8 CFNetwork/811.5.4 Darwin/16.7.0 (x86_64)" 
98.242.66.169 - - [08/Oct/2017:09:52:47 -0700] "GET /apple-touch-icon.png HTTP/1.1" 404 339 "-" "Safari/12603.3.8 CFNetwork/811.5.4 Darwin/16.7.0 (x86_64)" 
182.77.33.35 - - [08/Oct/2017:09:53:36 -0700] "GET / HTTP/1.1" 301 483 "-" "Mozilla/5.0 (X11; Linux x86_64) AppleWebKit/537.36 (KHTML, like Gecko) Ubuntu Chromium/61.0.3163.79 Chrome/61.0.3163.79 Safari/537.36" 
182.77.33.35 - - [08/Oct/2017:09:53:36 -0700] "GET /robots.txt HTTP/1.1" 301 502 "-" "Mozilla/5.0 (X11; Linux x86_64) AppleWebKit/537.36 (KHTML, like Gecko) Ubuntu Chromium/61.0.3163.79 Chrome/61.0.3163.79 Safari/537.36" 
159.203.42.143 - - [08/Oct/2017:09:53:37 -0700] "GET /robots.txt HTTP/1.0" 301 481 "66.33.221.139" "Mozilla/5.0 (Windows NT 6.1; WOW64; rv:33.0) Gecko/20100101 Firefox/33.0" 
182.77.33.35 - - [08/Oct/2017:09:53:37 -0700] "GET / HTTP/1.1" 200 10913 "-" "Mozilla/5.0 (X11; Linux x86_64) AppleWebKit/537.36 (KHTML, like Gecko) Ubuntu Chromium/61.0.3163.79 Chrome/61.0.3163.79 Safari/537.36" 
182.77.33.35 - - [08/Oct/2017:09:53:37 -0700] "GET /robots.txt HTTP/1.1" 200 334 "-" "Mozilla/5.0 (X11; Linux x86_64) AppleWebKit/537.36 (KHTML, like Gecko) Ubuntu Chromium/61.0.3163.79 Chrome/61.0.3163.79 Safari/537.36" 
182.77.33.35 - - [08/Oct/2017:09:53:38 -0700] "GET /twitter-icon.png HTTP/1.1" 200 27787 "http://www.secrepo.com/" "Mozilla/5.0 (X11; Linux x86_64) AppleWebKit/537.36 (KHTML, like Gecko) Ubuntu Chromium/61.0.3163.79 Chrome/61.0.3163.79 Safari/537.36" 
182.77.33.35 - - [08/Oct/2017:09:53:38 -0700] "GET /GitHub-Mark.png HTTP/1.1" 200 7428 "http://www.secrepo.com/" "Mozilla/5.0 (X11; Linux x86_64) AppleWebKit/537.36 (KHTML, like Gecko) Ubuntu Chromium/61.0.3163.79 Chrome/61.0.3163.79 Safari/537.36" 
159.203.196.79 - - [08/Oct/2017:09:53:38 -0700] "GET /robots.txt HTTP/1.0" 200 252 "66.33.221.139" "Mozilla/5.0 (Windows NT 6.1; WOW64; rv:33.0) Gecko/20100101 Firefox/33.0" 
182.77.33.35 - - [08/Oct/2017:09:53:39 -0700] "GET /bootstrap/img/favicon.ico HTTP/1.1" 200 589 "http://www.secrepo.com/" "Mozilla/5.0 (X11; Linux x86_64) AppleWebKit/537.36 (KHTML, like Gecko) Ubuntu Chromium/61.0.3163.79 Chrome/61.0.3163.79 Safari/537.36" 
65.132.59.34 - - [08/Oct/2017:09:54:33 -0700] "GET /robots.txt HTTP/1.1" 200 289 "-" "G-i-g-a-b-o-t" 
65.132.59.34 - - [08/Oct/2017:09:54:33 -0700] "GET / HTTP/1.1" 200 36860 "-" "G-i-g-a-b-o-t" 
216.244.66.227 - - [08/Oct/2017:09:55:38 -0700] "GET /self.logs/2015/access.log.2015-04-27.gz HTTP/1.1" 200 7214 "-" "Mozilla/5.0 (compatible; DotBot/1.1; http://www.opensiteexplorer.org/dotbot, help@moz.com)" 
216.244.66.227 - - [08/Oct/2017:09:55:39 -0700] "GET /self.logs/2015/access.log.2015-10-07.gz HTTP/1.1" 200 6919 "-" "Mozilla/5.0 (compatible; DotBot/1.1; http://www.opensiteexplorer.org/dotbot, help@moz.com)" 
216.244.66.227 - - [08/Oct/2017:09:55:41 -0700] "GET /self.logs/2015/error.log.2015-04-20.gz HTTP/1.1" 200 861 "-" "Mozilla/5.0 (compatible; DotBot/1.1; http://www.opensiteexplorer.org/dotbot, help@moz.com)" 
216.244.66.227 - - [08/Oct/2017:09:55:42 -0700] "GET /self.logs/2015/error.log.2015-05-01.gz HTTP/1.1" 200 834 "-" "Mozilla/5.0 (compatible; DotBot/1.1; http://www.opensiteexplorer.org/dotbot, help@moz.com)" 
216.244.66.227 - - [08/Oct/2017:09:55:43 -0700] "GET /self.logs/2015/error.log.2015-03-16.gz HTTP/1.1" 200 841 "-" "Mozilla/5.0 (compatible; DotBot/1.1; http://www.opensiteexplorer.org/dotbot, help@moz.com)" 
216.244.66.227 - - [08/Oct/2017:09:55:43 -0700] "GET /self.logs/2015/error.log.2015-11-07.gz HTTP/1.1" 200 723 "-" "Mozilla/5.0 (compatible; DotBot/1.1; http://www.opensiteexplorer.org/dotbot, help@moz.com)" 
216.244.66.227 - - [08/Oct/2017:09:55:44 -0700] "GET /self.logs/2015/error.log.2015-11-15.gz HTTP/1.1" 200 517 "-" "Mozilla/5.0 (compatible; DotBot/1.1; http://www.opensiteexplorer.org/dotbot, help@moz.com)" 
216.244.66.227 - - [08/Oct/2017:09:55:45 -0700] "GET /self.logs/2015/error.log.2015-11-16.gz HTTP/1.1" 200 532 "-" "Mozilla/5.0 (compatible; DotBot/1.1; http://www.opensiteexplorer.org/dotbot, help@moz.com)" 
216.244.66.227 - - [08/Oct/2017:09:55:46 -0700] "GET /self.logs/2015/error.log.2015-12-04.gz HTTP/1.1" 200 580 "-" "Mozilla/5.0 (compatible; DotBot/1.1; http://www.opensiteexplorer.org/dotbot, help@moz.com)" 
216.244.66.227 - - [08/Oct/2017:09:56:17 -0700] "GET /self.logs/2016/access.log.2016-10-02.gz HTTP/1.1" 200 9302 "-" "Mozilla/5.0 (compatible; DotBot/1.1; http://www.opensiteexplorer.org/dotbot, help@moz.com)" 
216.244.66.227 - - [08/Oct/2017:09:56:18 -0700] "GET /self.logs/2016/access.log.2016-10-05.gz HTTP/1.1" 200 6220 "-" "Mozilla/5.0 (compatible; DotBot/1.1; http://www.opensiteexplorer.org/dotbot, help@moz.com)" 
216.244.66.227 - - [08/Oct/2017:09:56:19 -0700] "GET /self.logs/2016/access.log.2016-11-25.gz HTTP/1.1" 200 16653 "-" "Mozilla/5.0 (compatible; DotBot/1.1; http://www.opensiteexplorer.org/dotbot, help@moz.com)" 
216.244.66.227 - - [08/Oct/2017:09:56:20 -0700] "GET /self.logs/2016/error.log.2016-05-20.gz HTTP/1.1" 200 789 "-" "Mozilla/5.0 (compatible; DotBot/1.1; http://www.opensiteexplorer.org/dotbot, help@moz.com)" 
216.244.66.227 - - [08/Oct/2017:09:56:21 -0700] "GET /self.logs/2016/error.log.2016-10-20.gz HTTP/1.1" 200 594 "-" "Mozilla/5.0 (compatible; DotBot/1.1; http://www.opensiteexplorer.org/dotbot, help@moz.com)" 
216.244.66.227 - - [08/Oct/2017:09:56:22 -0700] "GET /self.logs/2016/error.log.2016-12-01.gz HTTP/1.1" 200 677 "-" "Mozilla/5.0 (compatible; DotBot/1.1; http://www.opensiteexplorer.org/dotbot, help@moz.com)" 
89.166.73.3 - - [08/Oct/2017:09:57:48 -0700] "GET /wp-login.php HTTP/1.1" 301 522 "-" "Mozilla/5.0 (Windows NT 6.1; WOW64; rv:40.0) Gecko/20100101 Firefox/40.1" 
89.166.73.3 - - [08/Oct/2017:09:57:48 -0700] "GET /wp-login.php HTTP/1.1" 404 295 "-" "Mozilla/5.0 (Windows NT 6.1; WOW64; rv:40.0) Gecko/20100101 Firefox/40.1" 
89.166.73.3 - - [08/Oct/2017:09:57:54 -0700] "GET /wp-login.php HTTP/1.1" 301 522 "-" "Mozilla/5.0 (Windows NT 6.1; WOW64; rv:40.0) Gecko/20100101 Firefox/40.1" 
89.166.73.3 - - [08/Oct/2017:09:57:54 -0700] "GET /wp-login.php HTTP/1.1" 404 295 "-" "Mozilla/5.0 (Windows NT 6.1; WOW64; rv:40.0) Gecko/20100101 Firefox/40.1" 
89.166.73.3 - - [08/Oct/2017:09:57:59 -0700] "GET / HTTP/1.1" 301 498 "-" "Mozilla/5.0 (Windows NT 6.1; WOW64; rv:40.0) Gecko/20100101 Firefox/40.1" 
89.166.73.3 - - [08/Oct/2017:09:58:00 -0700] "GET / HTTP/1.1" 200 36860 "-" "Mozilla/5.0 (Windows NT 6.1; WOW64; rv:40.0) Gecko/20100101 Firefox/40.1" 
157.55.39.157 - - [08/Oct/2017:10:02:21 -0700] "GET /self.logs/error.log.2015-11-30.gz HTTP/1.1" 404 340 "-" "Mozilla/5.0 (compatible; bingbot/2.0; +http://www.bing.com/bingbot.htm)" 
157.55.39.207 - - [08/Oct/2017:10:02:56 -0700] "GET /self.logs/access.log.2016-06-17.gz HTTP/1.1" 404 340 "-" "Mozilla/5.0 (compatible; bingbot/2.0; +http://www.bing.com/bingbot.htm)" 
84.127.214.3 - - [08/Oct/2017:10:05:25 -0700] "GET /wp-login.php HTTP/1.1" 404 295 "-" "Mozilla/5.0 (Windows NT 6.1; WOW64; rv:40.0) Gecko/20100101 Firefox/40.1" 
84.127.214.3 - - [08/Oct/2017:10:05:30 -0700] "GET /wp-login.php HTTP/1.1" 404 295 "-" "Mozilla/5.0 (Windows NT 6.1; WOW64; rv:40.0) Gecko/20100101 Firefox/40.1" 
84.127.214.3 - - [08/Oct/2017:10:05:35 -0700] "GET / HTTP/1.1" 200 36860 "-" "Mozilla/5.0 (Windows NT 6.1; WOW64; rv:40.0) Gecko/20100101 Firefox/40.1" 
