126.62.88.138 - - [03/Dec/2017:09:14:33 -0800] "GET /wp-login.php HTTP/1.1" 404 295 "-" "Mozilla/5.0 (Windows NT 6.1; WOW64; rv:40.0) Gecko/20100101 Firefox/40.1" 
126.62.88.138 - - [03/Dec/2017:09:14:34 -0800] "GET / HTTP/1.1" 301 497 "-" "Mozilla/5.0 (Windows NT 6.1; WOW64; rv:40.0) Gecko/20100101 Firefox/40.1" 
126.62.88.138 - - [03/Dec/2017:09:14:35 -0800] "GET / HTTP/1.1" 200 37415 "-" "Mozilla/5.0 (Windows NT 6.1; WOW64; rv:40.0) Gecko/20100101 Firefox/40.1" 
40.77.167.76 - - [03/Dec/2017:09:15:03 -0800] "GET /self.logs/access.log.2017-10-12.gz HTTP/1.1" 200 29881 "-" "Mozilla/5.0 (compatible; bingbot/2.0; +http://www.bing.com/bingbot.htm)" 
87.17.48.22 - - [03/Dec/2017:09:21:23 -0800] "GET /wp-login.php HTTP/1.1" 301 522 "-" "Mozilla/5.0 (Windows NT 6.1; WOW64; rv:40.0) Gecko/20100101 Firefox/40.1" 
87.17.48.22 - - [03/Dec/2017:09:21:24 -0800] "GET /wp-login.php HTTP/1.1" 404 295 "-" "Mozilla/5.0 (Windows NT 6.1; WOW64; rv:40.0) Gecko/20100101 Firefox/40.1" 
87.17.48.22 - - [03/Dec/2017:09:21:29 -0800] "GET /wp-login.php HTTP/1.1" 301 522 "-" "Mozilla/5.0 (Windows NT 6.1; WOW64; rv:40.0) Gecko/20100101 Firefox/40.1" 
87.17.48.22 - - [03/Dec/2017:09:21:29 -0800] "GET /wp-login.php HTTP/1.1" 404 295 "-" "Mozilla/5.0 (Windows NT 6.1; WOW64; rv:40.0) Gecko/20100101 Firefox/40.1" 
87.17.48.22 - - [03/Dec/2017:09:21:34 -0800] "GET / HTTP/1.1" 301 498 "-" "Mozilla/5.0 (Windows NT 6.1; WOW64; rv:40.0) Gecko/20100101 Firefox/40.1" 
87.17.48.22 - - [03/Dec/2017:09:21:35 -0800] "GET / HTTP/1.1" 200 37415 "-" "Mozilla/5.0 (Windows NT 6.1; WOW64; rv:40.0) Gecko/20100101 Firefox/40.1" 
51.255.65.52 - - [03/Dec/2017:09:24:09 -0800] "GET /self.logs/access.log.2017-04-14.gz HTTP/1.1" 200 34962 "-" "Mozilla/5.0 (compatible; AhrefsBot/5.2; +http://ahrefs.com/robot/)" 
216.244.66.250 - - [03/Dec/2017:09:27:56 -0800] "GET /self.logs/2016/?C=N;O=A HTTP/1.1" 200 70678 "-" "Mozilla/5.0 (compatible; DotBot/1.1; http://www.opensiteexplorer.org/dotbot, help@moz.com)" 
78.226.197.216 - - [03/Dec/2017:09:28:52 -0800] "GET / HTTP/1.1" 200 11061 "-" "Mozilla/5.0 (X11; Linux x86_64) AppleWebKit/537.36 (KHTML, like Gecko) Chrome/60.0.3112.113 Safari/537.36" 
78.226.197.216 - - [03/Dec/2017:09:28:52 -0800] "GET /twitter-icon.png HTTP/1.1" 200 27787 "http://www.secrepo.com/" "Mozilla/5.0 (X11; Linux x86_64) AppleWebKit/537.36 (KHTML, like Gecko) Chrome/60.0.3112.113 Safari/537.36" 
78.226.197.216 - - [03/Dec/2017:09:28:53 -0800] "GET /GitHub-Mark.png HTTP/1.1" 200 7428 "http://www.secrepo.com/" "Mozilla/5.0 (X11; Linux x86_64) AppleWebKit/537.36 (KHTML, like Gecko) Chrome/60.0.3112.113 Safari/537.36" 
78.226.197.216 - - [03/Dec/2017:09:28:53 -0800] "GET /bootstrap/img/favicon.ico HTTP/1.1" 200 589 "http://www.secrepo.com/" "Mozilla/5.0 (X11; Linux x86_64) AppleWebKit/537.36 (KHTML, like Gecko) Chrome/60.0.3112.113 Safari/537.36" 
51.255.71.111 - - [03/Dec/2017:09:29:40 -0800] "GET /self.logs/error.log.2015-07-03.gz HTTP/1.1" 404 284 "-" "Mozilla/5.0 (compatible; AhrefsBot/5.2; +http://ahrefs.com/robot/)" 
164.132.161.92 - - [03/Dec/2017:09:32:28 -0800] "GET /self.logs/2016/error.log.2016-03-07.gz HTTP/1.1" 200 708 "-" "Mozilla/5.0 (compatible; AhrefsBot/5.2; +http://ahrefs.com/robot/)" 
123.125.67.162 - - [03/Dec/2017:09:35:56 -0800] "GET /robots.txt HTTP/1.1" 200 297 "-" "Mozilla/5.0 (compatible; Baiduspider/2.0; +http://www.baidu.com/search/spider.html)" 
78.226.197.216 - - [03/Dec/2017:09:33:38 -0800] "GET /squid/access.log.gz HTTP/1.1" 200 23177322 "-" "Mozilla/5.0 (X11; Linux x86_64) AppleWebKit/537.36 (KHTML, like Gecko) Chrome/60.0.3112.113 Safari/537.36" 
78.226.197.216 - - [03/Dec/2017:09:28:59 -0800] "GET /maccdc2012/http.log.gz HTTP/1.1" 200 54258816 "-" "Mozilla/5.0 (X11; Linux x86_64) AppleWebKit/537.36 (KHTML, like Gecko) Chrome/60.0.3112.113 Safari/537.36" 
156.217.74.226 - - [03/Dec/2017:09:37:58 -0800] "GET /wp-login.php HTTP/1.1" 404 295 "-" "Mozilla/5.0 (Windows NT 6.1; WOW64; rv:40.0) Gecko/20100101 Firefox/40.1" 
156.217.74.226 - - [03/Dec/2017:09:38:03 -0800] "GET /wp-login.php HTTP/1.1" 404 295 "-" "Mozilla/5.0 (Windows NT 6.1; WOW64; rv:40.0) Gecko/20100101 Firefox/40.1" 
156.217.74.226 - - [03/Dec/2017:09:38:09 -0800] "GET / HTTP/1.1" 200 37415 "-" "Mozilla/5.0 (Windows NT 6.1; WOW64; rv:40.0) Gecko/20100101 Firefox/40.1" 
193.25.7.16 - - [03/Dec/2017:09:45:25 -0800] "GET / HTTP/1.1" 200 11061 "-" "Mozilla/5.0 (X11; Linux x86_64) AppleWebKit/537.36 (KHTML, like Gecko) Chrome/62.0.3202.94 Safari/537.36" 
193.25.7.16 - - [03/Dec/2017:09:45:26 -0800] "GET /twitter-icon.png HTTP/1.1" 200 27787 "http://www.secrepo.com/" "Mozilla/5.0 (X11; Linux x86_64) AppleWebKit/537.36 (KHTML, like Gecko) Chrome/62.0.3202.94 Safari/537.36" 
193.25.7.16 - - [03/Dec/2017:09:45:26 -0800] "GET /GitHub-Mark.png HTTP/1.1" 200 7428 "http://www.secrepo.com/" "Mozilla/5.0 (X11; Linux x86_64) AppleWebKit/537.36 (KHTML, like Gecko) Chrome/62.0.3202.94 Safari/537.36" 
193.25.7.16 - - [03/Dec/2017:09:45:26 -0800] "GET /bootstrap/img/favicon.ico HTTP/1.1" 200 589 "http://www.secrepo.com/" "Mozilla/5.0 (X11; Linux x86_64) AppleWebKit/537.36 (KHTML, like Gecko) Chrome/62.0.3202.94 Safari/537.36" 
102.181.194.40 - - [03/Dec/2017:09:51:06 -0800] "GET /tg/tg_snort_fast.7z HTTP/1.1" 304 131 "-" "Mozilla/5.0 Gecko/20100115 Firefox/3.6" 
212.118.14.70 - - [03/Dec/2017:10:01:20 -0800] "GET / HTTP/1.1" 200 11061 "-" "Mozilla/5.0 (Windows NT 10.0; Win64; x64) AppleWebKit/537.36 (KHTML, like Gecko) Chrome/62.0.3202.94 Safari/537.36" 
212.118.14.70 - - [03/Dec/2017:10:01:20 -0800] "GET /twitter-icon.png HTTP/1.1" 200 27787 "http://www.secrepo.com/" "Mozilla/5.0 (Windows NT 10.0; Win64; x64) AppleWebKit/537.36 (KHTML, like Gecko) Chrome/62.0.3202.94 Safari/537.36" 
212.118.14.70 - - [03/Dec/2017:10:01:20 -0800] "GET /GitHub-Mark.png HTTP/1.1" 200 7428 "http://www.secrepo.com/" "Mozilla/5.0 (Windows NT 10.0; Win64; x64) AppleWebKit/537.36 (KHTML, like Gecko) Chrome/62.0.3202.94 Safari/537.36" 
213.230.79.138 - - [03/Dec/2017:10:05:51 -0800] "GET /wp-login.php HTTP/1.1" 301 522 "-" "Mozilla/5.0 (Windows NT 6.1; WOW64; rv:40.0) Gecko/20100101 Firefox/40.1" 
213.230.79.138 - - [03/Dec/2017:10:05:55 -0800] "GET /wp-login.php HTTP/1.1" 404 295 "-" "Mozilla/5.0 (Windows NT 6.1; WOW64; rv:40.0) Gecko/20100101 Firefox/40.1" 
213.230.79.138 - - [03/Dec/2017:10:06:00 -0800] "GET /wp-login.php HTTP/1.1" 301 522 "-" "Mozilla/5.0 (Windows NT 6.1; WOW64; rv:40.0) Gecko/20100101 Firefox/40.1" 
213.230.79.138 - - [03/Dec/2017:10:06:01 -0800] "GET /wp-login.php HTTP/1.1" 404 295 "-" "Mozilla/5.0 (Windows NT 6.1; WOW64; rv:40.0) Gecko/20100101 Firefox/40.1" 
213.230.79.138 - - [03/Dec/2017:10:06:07 -0800] "GET / HTTP/1.1" 301 498 "-" "Mozilla/5.0 (Windows NT 6.1; WOW64; rv:40.0) Gecko/20100101 Firefox/40.1" 
213.230.79.138 - - [03/Dec/2017:10:06:08 -0800] "GET / HTTP/1.1" 200 37415 "-" "Mozilla/5.0 (Windows NT 6.1; WOW64; rv:40.0) Gecko/20100101 Firefox/40.1" 
102.181.194.40 - - [03/Dec/2017:10:15:56 -0800] "GET /maccdc2012/dns.log.gz HTTP/1.1" 304 154 "-" "Mozilla/5.0 Gecko/20100115 Firefox/3.6" 
202.173.127.191 - - [03/Dec/2017:10:18:58 -0800] "GET /wp-login.php HTTP/1.1" 404 295 "-" "Mozilla/5.0 (Windows NT 6.1; WOW64; rv:40.0) Gecko/20100101 Firefox/40.1" 
202.173.127.191 - - [03/Dec/2017:10:19:03 -0800] "GET /wp-login.php HTTP/1.1" 404 295 "-" "Mozilla/5.0 (Windows NT 6.1; WOW64; rv:40.0) Gecko/20100101 Firefox/40.1" 
202.173.127.191 - - [03/Dec/2017:10:19:09 -0800] "GET / HTTP/1.1" 200 37415 "-" "Mozilla/5.0 (Windows NT 6.1; WOW64; rv:40.0) Gecko/20100101 Firefox/40.1" 
212.118.14.70 - - [03/Dec/2017:10:20:33 -0800] "GET /maccdc2012/http.log.gz HTTP/1.1" 200 54258816 "-" "Mozilla/5.0 (Windows NT 10.0; Win64; x64) AppleWebKit/537.36 (KHTML, like Gecko) Chrome/62.0.3202.94 Safari/537.36" 
212.118.14.70 - - [03/Dec/2017:10:20:25 -0800] "GET /maccdc2012/files.log.gz HTTP/1.1" 200 51408672 "-" "Mozilla/5.0 (Windows NT 10.0; Win64; x64) AppleWebKit/537.36 (KHTML, like Gecko) Chrome/62.0.3202.94 Safari/537.36" 
190.45.124.125 - - [03/Dec/2017:10:23:26 -0800] "GET / HTTP/1.1" 200 11061 "-" "Mozilla/5.0 (Windows NT 10.0; Win64; x64) AppleWebKit/537.36 (KHTML, like Gecko) Chrome/62.0.3202.94 Safari/537.36" 
190.45.124.125 - - [03/Dec/2017:10:23:27 -0800] "GET /twitter-icon.png HTTP/1.1" 200 27787 "http://www.secrepo.com/" "Mozilla/5.0 (Windows NT 10.0; Win64; x64) AppleWebKit/537.36 (KHTML, like Gecko) Chrome/62.0.3202.94 Safari/537.36" 
190.45.124.125 - - [03/Dec/2017:10:23:27 -0800] "GET /GitHub-Mark.png HTTP/1.1" 200 7428 "http://www.secrepo.com/" "Mozilla/5.0 (Windows NT 10.0; Win64; x64) AppleWebKit/537.36 (KHTML, like Gecko) Chrome/62.0.3202.94 Safari/537.36" 
190.45.124.125 - - [03/Dec/2017:10:23:28 -0800] "GET /bootstrap/img/favicon.ico HTTP/1.1" 200 589 "http://www.secrepo.com/" "Mozilla/5.0 (Windows NT 10.0; Win64; x64) AppleWebKit/537.36 (KHTML, like Gecko) Chrome/62.0.3202.94 Safari/537.36" 
2.203.49.158 - - [03/Dec/2017:10:34:52 -0800] "GET / HTTP/1.1" 200 11061 "-" "Mozilla/5.0 (X11; Linux x86_64) AppleWebKit/537.36 (KHTML, like Gecko) Chrome/62.0.3202.94 Safari/537.36" 
2.203.49.158 - - [03/Dec/2017:10:34:55 -0800] "GET /twitter-icon.png HTTP/1.1" 200 27788 "http://www.secrepo.com/" "Mozilla/5.0 (X11; Linux x86_64) AppleWebKit/537.36 (KHTML, like Gecko) Chrome/62.0.3202.94 Safari/537.36" 
2.203.49.158 - - [03/Dec/2017:10:34:55 -0800] "GET /GitHub-Mark.png HTTP/1.1" 200 7428 "http://www.secrepo.com/" "Mozilla/5.0 (X11; Linux x86_64) AppleWebKit/537.36 (KHTML, like Gecko) Chrome/62.0.3202.94 Safari/537.36" 
89.217.149.158 - - [03/Dec/2017:10:47:23 -0800] "GET / HTTP/1.1" 200 11061 "-" "Mozilla/5.0 (X11; Ubuntu; Linux x86_64; rv:57.0) Gecko/20100101 Firefox/57.0" 
89.217.149.158 - - [03/Dec/2017:10:47:24 -0800] "GET /twitter-icon.png HTTP/1.1" 200 27787 "http://www.secrepo.com/" "Mozilla/5.0 (X11; Ubuntu; Linux x86_64; rv:57.0) Gecko/20100101 Firefox/57.0" 
89.217.149.158 - - [03/Dec/2017:10:47:24 -0800] "GET /GitHub-Mark.png HTTP/1.1" 200 7428 "http://www.secrepo.com/" "Mozilla/5.0 (X11; Ubuntu; Linux x86_64; rv:57.0) Gecko/20100101 Firefox/57.0" 
89.217.149.158 - - [03/Dec/2017:10:47:26 -0800] "GET /bootstrap/img/favicon.ico HTTP/1.1" 200 589 "-" "Mozilla/5.0 (X11; Ubuntu; Linux x86_64; rv:57.0) Gecko/20100101 Firefox/57.0" 
89.217.149.158 - - [03/Dec/2017:10:47:26 -0800] "GET /bootstrap/img/favicon.ico HTTP/1.1" 200 589 "-" "Mozilla/5.0 (X11; Ubuntu; Linux x86_64; rv:57.0) Gecko/20100101 Firefox/57.0" 
66.249.93.64 - - [03/Dec/2017:10:49:57 -0800] "GET / HTTP/1.1" 200 11061 "-" "Mozilla/5.0 (X11; Linux x86_64) AppleWebKit/537.36 (KHTML, like Gecko) Chrome/49.0.2623.75 Safari/537.36 Google Favicon" 
66.249.93.64 - - [03/Dec/2017:10:49:57 -0800] "GET /bootstrap/img/favicon.ico HTTP/1.1" 200 589 "-" "Mozilla/5.0 (X11; Linux x86_64) AppleWebKit/537.36 (KHTML, like Gecko) Chrome/49.0.2623.75 Safari/537.36 Google Favicon" 
64.102.249.9 - - [03/Dec/2017:10:50:17 -0800] "GET /bootstrap/img/favicon.ico HTTP/1.1" 200 590 "-" "Mozilla/5.0 (Macintosh; Intel Mac OS X 10.12; rv:57.0) Gecko/20100101 Firefox/57.0" 
66.102.9.128 - - [03/Dec/2017:10:56:33 -0800] "GET / HTTP/1.1" 200 11061 "-" "Mozilla/5.0 (X11; Linux x86_64) AppleWebKit/537.36 (KHTML, like Gecko) Chrome/49.0.2623.75 Safari/537.36 Google Favicon" 
66.102.9.157 - - [03/Dec/2017:10:56:33 -0800] "GET /bootstrap/img/favicon.ico HTTP/1.1" 200 590 "-" "Mozilla/5.0 (X11; Linux x86_64) AppleWebKit/537.36 (KHTML, like Gecko) Chrome/49.0.2623.75 Safari/537.36 Google Favicon" 
120.221.0.34 - - [03/Dec/2017:10:57:54 -0800] "GET /honeypot/Honeypot%20-%20Howto.pdf HTTP/1.1" 304 131 "-" "Mozilla/5.0 Gecko/20100115 Firefox/3.6" 
120.221.1.28 - - [03/Dec/2017:10:59:21 -0800] "GET /maccdc2012/files.log.gz HTTP/1.1" 304 155 "-" "Mozilla/5.0 Gecko/20100115 Firefox/3.6" 
212.91.29.5 - - [03/Dec/2017:11:01:49 -0800] "GET /wp-login.php HTTP/1.1" 404 295 "-" "Mozilla/5.0 (Windows NT 6.1; WOW64; rv:40.0) Gecko/20100101 Firefox/40.1" 
212.91.29.5 - - [03/Dec/2017:11:01:54 -0800] "GET /wp-login.php HTTP/1.1" 404 295 "-" "Mozilla/5.0 (Windows NT 6.1; WOW64; rv:40.0) Gecko/20100101 Firefox/40.1" 
212.91.29.5 - - [03/Dec/2017:11:01:59 -0800] "GET / HTTP/1.1" 200 37415 "-" "Mozilla/5.0 (Windows NT 6.1; WOW64; rv:40.0) Gecko/20100101 Firefox/40.1" 
216.244.66.198 - - [03/Dec/2017:11:09:23 -0800] "GET /robots.txt HTTP/1.1" 200 233 "-" "Mozilla/5.0 (compatible; DotBot/1.1; http://www.opensiteexplorer.org/dotbot, help@moz.com)" 
66.249.64.25 - - [03/Dec/2017:11:11:22 -0800] "GET /robots.txt HTTP/1.1" 301 502 "-" "Mozilla/5.0 (compatible; Googlebot/2.1; +http://www.google.com/bot.html)" 
66.249.64.157 - - [03/Dec/2017:11:11:22 -0800] "GET /robots.txt HTTP/1.1" 200 334 "-" "Mozilla/5.0 (compatible; Googlebot/2.1; +http://www.google.com/bot.html)" 
66.249.64.25 - - [03/Dec/2017:11:11:22 -0800] "GET / HTTP/1.1" 301 482 "-" "Mozilla/5.0 (compatible; Googlebot/2.1; +http://www.google.com/bot.html)" 
66.249.64.157 - - [03/Dec/2017:11:11:23 -0800] "GET / HTTP/1.1" 200 11061 "-" "Mozilla/5.0 (compatible; Googlebot/2.1; +http://www.google.com/bot.html)" 
51.255.71.120 - - [03/Dec/2017:11:15:30 -0800] "GET /self.logs/access.log.2017-01-03.gz HTTP/1.1" 200 40889 "-" "Mozilla/5.0 (compatible; AhrefsBot/5.2; +http://ahrefs.com/robot/)" 
78.130.87.126 - - [03/Dec/2017:11:16:42 -0800] "GET /wp-login.php HTTP/1.1" 404 295 "-" "Mozilla/5.0 (Windows NT 6.1; WOW64; rv:40.0) Gecko/20100101 Firefox/40.1" 
78.130.87.126 - - [03/Dec/2017:11:16:47 -0800] "GET /wp-login.php HTTP/1.1" 404 295 "-" "Mozilla/5.0 (Windows NT 6.1; WOW64; rv:40.0) Gecko/20100101 Firefox/40.1" 
78.130.87.126 - - [03/Dec/2017:11:16:52 -0800] "GET / HTTP/1.1" 200 37415 "-" "Mozilla/5.0 (Windows NT 6.1; WOW64; rv:40.0) Gecko/20100101 Firefox/40.1" 
207.46.13.171 - - [03/Dec/2017:11:21:39 -0800] "GET /self.logs/access.log.2017-06-26.gz HTTP/1.1" 200 46927 "-" "Mozilla/5.0 (compatible; bingbot/2.0; +http://www.bing.com/bingbot.htm)" 
66.249.64.157 - - [03/Dec/2017:11:32:02 -0800] "GET /bootstrap/img/favicon.ico HTTP/1.1" 304 165 "-" "Googlebot-Image/1.0" 
66.249.64.159 - - [03/Dec/2017:11:32:28 -0800] "GET /favicon.ico HTTP/1.1" 304 163 "-" "Googlebot-Image/1.0" 
123.56.253.72 - - [03/Dec/2017:11:34:11 -0800] "GET / HTTP/1.1" 200 11061 "-" "Apache-HttpClient/4.5.2 (Java/1.8.0_65)" 
78.130.87.126 - - [03/Dec/2017:11:43:57 -0800] "GET /wp-login.php HTTP/1.1" 301 522 "-" "Mozilla/5.0 (Windows NT 6.1; WOW64; rv:40.0) Gecko/20100101 Firefox/40.1" 
78.130.87.126 - - [03/Dec/2017:11:43:58 -0800] "GET /wp-login.php HTTP/1.1" 404 295 "-" "Mozilla/5.0 (Windows NT 6.1; WOW64; rv:40.0) Gecko/20100101 Firefox/40.1" 
78.130.87.126 - - [03/Dec/2017:11:44:03 -0800] "GET /wp-login.php HTTP/1.1" 301 522 "-" "Mozilla/5.0 (Windows NT 6.1; WOW64; rv:40.0) Gecko/20100101 Firefox/40.1" 
78.130.87.126 - - [03/Dec/2017:11:44:04 -0800] "GET /wp-login.php HTTP/1.1" 404 295 "-" "Mozilla/5.0 (Windows NT 6.1; WOW64; rv:40.0) Gecko/20100101 Firefox/40.1" 
78.130.87.126 - - [03/Dec/2017:11:44:09 -0800] "GET / HTTP/1.1" 301 498 "-" "Mozilla/5.0 (Windows NT 6.1; WOW64; rv:40.0) Gecko/20100101 Firefox/40.1" 
78.130.87.126 - - [03/Dec/2017:11:44:10 -0800] "GET / HTTP/1.1" 200 37415 "-" "Mozilla/5.0 (Windows NT 6.1; WOW64; rv:40.0) Gecko/20100101 Firefox/40.1" 
157.55.39.61 - - [03/Dec/2017:11:45:50 -0800] "GET /self.logs/access.log.2017-04-08.gz HTTP/1.1" 301 546 "-" "Mozilla/5.0 (compatible; bingbot/2.0; +http://www.bing.com/bingbot.htm)" 
174.53.192.254 - - [03/Dec/2017:11:46:57 -0800] "GET / HTTP/1.1" 200 11061 "-" "Mozilla/5.0 (Macintosh; Intel Mac OS X 10_13_1) AppleWebKit/604.3.5 (KHTML, like Gecko)" 
174.53.192.254 - - [03/Dec/2017:11:46:57 -0800] "GET /apple-touch-icon-precomposed.png HTTP/1.1" 404 340 "-" "Safari/13604.3.5 CFNetwork/889.9 Darwin/17.2.0 (x86_64)" 
174.53.192.254 - - [03/Dec/2017:11:46:57 -0800] "GET /apple-touch-icon.png HTTP/1.1" 404 339 "-" "Safari/13604.3.5 CFNetwork/889.9 Darwin/17.2.0 (x86_64)" 
174.53.192.254 - - [03/Dec/2017:11:46:57 -0800] "GET /bootstrap/img/favicon.ico HTTP/1.1" 200 589 "-" "Safari/13604.3.5 CFNetwork/889.9 Darwin/17.2.0 (x86_64)" 
174.53.192.254 - - [03/Dec/2017:11:46:57 -0800] "GET / HTTP/1.1" 200 11060 "-" "Mozilla/5.0 (iPhone; CPU iPhone OS 10_3 like Mac OS X) AppleWebKit/603.1.30 (KHTML, like Gecko) Version/10.3 Mobile/14E277 Safari/603.1.30" 
174.53.192.254 - - [03/Dec/2017:11:46:57 -0800] "GET /apple-touch-icon-precomposed.png HTTP/1.1" 404 339 "-" "Safari/13604.3.5 CFNetwork/889.9 Darwin/17.2.0 (x86_64)" 
174.53.192.254 - - [03/Dec/2017:11:46:57 -0800] "GET /apple-touch-icon.png HTTP/1.1" 404 339 "-" "Safari/13604.3.5 CFNetwork/889.9 Darwin/17.2.0 (x86_64)" 
174.53.192.254 - - [03/Dec/2017:11:46:58 -0800] "GET /bootstrap/img/favicon.ico HTTP/1.1" 200 589 "-" "Safari/13604.3.5 CFNetwork/889.9 Darwin/17.2.0 (x86_64)" 
51.255.65.23 - - [03/Dec/2017:11:48:05 -0800] "GET /self.logs/2015/access.log.2015-08-31.gz HTTP/1.1" 200 5570 "-" "Mozilla/5.0 (compatible; AhrefsBot/5.2; +http://ahrefs.com/robot/)" 
209.180.224.17 - - [03/Dec/2017:11:49:43 -0800] "GET /wp-login.php HTTP/1.1" 404 295 "-" "Mozilla/5.0 (Windows NT 6.1; WOW64; rv:40.0) Gecko/20100101 Firefox/40.1" 
209.180.224.17 - - [03/Dec/2017:11:49:48 -0800] "GET /wp-login.php HTTP/1.1" 404 295 "-" "Mozilla/5.0 (Windows NT 6.1; WOW64; rv:40.0) Gecko/20100101 Firefox/40.1" 
209.180.224.17 - - [03/Dec/2017:11:49:54 -0800] "GET / HTTP/1.1" 200 37415 "-" "Mozilla/5.0 (Windows NT 6.1; WOW64; rv:40.0) Gecko/20100101 Firefox/40.1" 
66.249.64.129 - - [03/Dec/2017:12:02:06 -0800] "GET / HTTP/1.1" 200 11061 "-" "Mozilla/5.0 (Linux; Android 6.0.1; Nexus 5X Build/MMB29P) AppleWebKit/537.36 (KHTML, like Gecko) Chrome/41.0.2272.96 Mobile Safari/537.36 (compatible; Googlebot/2.1; +http://www.google.com/bot.html)" 
76.116.189.17 - - [03/Dec/2017:12:06:01 -0800] "GET / HTTP/1.1" 200 11061 "-" "Mozilla/5.0 (Macintosh; Intel Mac OS X 10_13_1) AppleWebKit/537.36 (KHTML, like Gecko) Chrome/62.0.3202.94 Safari/537.36" 
76.116.189.17 - - [03/Dec/2017:12:06:01 -0800] "GET /twitter-icon.png HTTP/1.1" 200 27787 "http://www.secrepo.com/" "Mozilla/5.0 (Macintosh; Intel Mac OS X 10_13_1) AppleWebKit/537.36 (KHTML, like Gecko) Chrome/62.0.3202.94 Safari/537.36" 
76.116.189.17 - - [03/Dec/2017:12:06:01 -0800] "GET /GitHub-Mark.png HTTP/1.1" 200 7428 "http://www.secrepo.com/" "Mozilla/5.0 (Macintosh; Intel Mac OS X 10_13_1) AppleWebKit/537.36 (KHTML, like Gecko) Chrome/62.0.3202.94 Safari/537.36" 
76.116.189.17 - - [03/Dec/2017:12:06:02 -0800] "GET /bootstrap/img/favicon.ico HTTP/1.1" 200 589 "http://www.secrepo.com/" "Mozilla/5.0 (Macintosh; Intel Mac OS X 10_13_1) AppleWebKit/537.36 (KHTML, like Gecko) Chrome/62.0.3202.94 Safari/537.36" 
217.69.133.191 - - [03/Dec/2017:12:10:50 -0800] "GET /robots.txt HTTP/1.0" 200 252 "-" "Mozilla/5.0 (compatible; Linux x86_64; Mail.RU_Bot/2.0; +http://go.mail.ru/help/robots)" 
217.69.133.252 - - [03/Dec/2017:12:11:00 -0800] "GET /self.logs/2016/ HTTP/1.1" 200 7704 "-" "Mozilla/5.0 (compatible; Linux x86_64; Mail.RU_Bot/2.0; +http://go.mail.ru/help/robots)" 
89.216.141.27 - - [03/Dec/2017:12:11:36 -0800] "GET / HTTP/1.1" 200 11061 "-" "Mozilla/5.0 (Windows NT 10.0; Win64; x64) AppleWebKit/537.36 (KHTML, like Gecko) Chrome/62.0.3202.94 Safari/537.36" 
89.216.141.27 - - [03/Dec/2017:12:11:36 -0800] "GET /twitter-icon.png HTTP/1.1" 200 27787 "http://www.secrepo.com/" "Mozilla/5.0 (Windows NT 10.0; Win64; x64) AppleWebKit/537.36 (KHTML, like Gecko) Chrome/62.0.3202.94 Safari/537.36" 
89.216.141.27 - - [03/Dec/2017:12:11:36 -0800] "GET /GitHub-Mark.png HTTP/1.1" 200 7428 "http://www.secrepo.com/" "Mozilla/5.0 (Windows NT 10.0; Win64; x64) AppleWebKit/537.36 (KHTML, like Gecko) Chrome/62.0.3202.94 Safari/537.36" 
2.203.49.158 - - [03/Dec/2017:12:18:12 -0800] "GET / HTTP/1.1" 200 11061 "-" "Mozilla/5.0 (X11; Linux x86_64) AppleWebKit/537.36 (KHTML, like Gecko) Chrome/62.0.3202.94 Safari/537.36" 
2.203.49.158 - - [03/Dec/2017:12:18:15 -0800] "GET /twitter-icon.png HTTP/1.1" 200 27788 "http://www.secrepo.com/" "Mozilla/5.0 (X11; Linux x86_64) AppleWebKit/537.36 (KHTML, like Gecko) Chrome/62.0.3202.94 Safari/537.36" 
2.203.49.158 - - [03/Dec/2017:12:18:15 -0800] "GET /GitHub-Mark.png HTTP/1.1" 200 7428 "http://www.secrepo.com/" "Mozilla/5.0 (X11; Linux x86_64) AppleWebKit/537.36 (KHTML, like Gecko) Chrome/62.0.3202.94 Safari/537.36" 
209.180.224.17 - - [03/Dec/2017:12:19:55 -0800] "GET /wp-login.php HTTP/1.1" 301 522 "-" "Mozilla/5.0 (Windows NT 6.1; WOW64; rv:40.0) Gecko/20100101 Firefox/40.1" 
209.180.224.17 - - [03/Dec/2017:12:19:55 -0800] "GET /wp-login.php HTTP/1.1" 404 295 "-" "Mozilla/5.0 (Windows NT 6.1; WOW64; rv:40.0) Gecko/20100101 Firefox/40.1" 
209.180.224.17 - - [03/Dec/2017:12:20:01 -0800] "GET /wp-login.php HTTP/1.1" 301 522 "-" "Mozilla/5.0 (Windows NT 6.1; WOW64; rv:40.0) Gecko/20100101 Firefox/40.1" 
209.180.224.17 - - [03/Dec/2017:12:20:01 -0800] "GET /wp-login.php HTTP/1.1" 404 295 "-" "Mozilla/5.0 (Windows NT 6.1; WOW64; rv:40.0) Gecko/20100101 Firefox/40.1" 
209.180.224.17 - - [03/Dec/2017:12:20:06 -0800] "GET / HTTP/1.1" 301 498 "-" "Mozilla/5.0 (Windows NT 6.1; WOW64; rv:40.0) Gecko/20100101 Firefox/40.1" 
209.180.224.17 - - [03/Dec/2017:12:20:06 -0800] "GET / HTTP/1.1" 200 37415 "-" "Mozilla/5.0 (Windows NT 6.1; WOW64; rv:40.0) Gecko/20100101 Firefox/40.1" 
207.46.13.171 - - [03/Dec/2017:12:23:37 -0800] "GET /honeypot/Honeypot%20-%20Howto.pdf HTTP/1.1" 200 1279418 "-" "Mozilla/5.0 (compatible; bingbot/2.0; +http://www.bing.com/bingbot.htm)" 
146.96.252.3 - - [03/Dec/2017:12:29:03 -0800] "GET / HTTP/1.1" 200 11061 "https://www.google.com/" "Mozilla/5.0 (Macintosh; Intel Mac OS X 10_12_6) AppleWebKit/604.3.5 (KHTML, like Gecko) Version/11.0.1 Safari/604.3.5" 
146.96.252.3 - - [03/Dec/2017:12:29:08 -0800] "GET /GitHub-Mark.png HTTP/1.1" 200 7428 "http://www.secrepo.com/" "Mozilla/5.0 (Macintosh; Intel Mac OS X 10_12_6) AppleWebKit/604.3.5 (KHTML, like Gecko) Version/11.0.1 Safari/604.3.5" 
146.96.252.3 - - [03/Dec/2017:12:29:08 -0800] "GET /twitter-icon.png HTTP/1.1" 200 27788 "http://www.secrepo.com/" "Mozilla/5.0 (Macintosh; Intel Mac OS X 10_12_6) AppleWebKit/604.3.5 (KHTML, like Gecko) Version/11.0.1 Safari/604.3.5" 
146.96.252.3 - - [03/Dec/2017:12:29:10 -0800] "GET /bootstrap/img/favicon.ico HTTP/1.1" 200 590 "http://www.secrepo.com/" "Mozilla/5.0 (Macintosh; Intel Mac OS X 10_12_6) AppleWebKit/604.3.5 (KHTML, like Gecko) Version/11.0.1 Safari/604.3.5" 
216.244.66.198 - - [03/Dec/2017:12:29:11 -0800] "GET / HTTP/1.1" 200 37359 "-" "Mozilla/5.0 (compatible; DotBot/1.1; http://www.opensiteexplorer.org/dotbot, help@moz.com)" 
66.249.64.159 - - [03/Dec/2017:12:29:35 -0800] "GET /bootstrap/img/favicon.ico HTTP/1.1" 304 165 "-" "Googlebot-Image/1.0" 
54.210.118.121 - - [03/Dec/2017:12:34:48 -0800] "GET / HTTP/1.1" 200 11061 "-" "Mozilla/5.0 (Unknown; Linux x86_64) AppleWebKit/534.34 (KHTML, like Gecko) PhantomJS/1.9.8 Safari/534.34" 
54.210.118.121 - - [03/Dec/2017:12:34:49 -0800] "GET /GitHub-Mark.png HTTP/1.1" 200 7428 "-" "-" 
54.210.118.121 - - [03/Dec/2017:12:34:49 -0800] "GET /twitter-icon.png HTTP/1.1" 200 27788 "-" "-" 
217.182.132.29 - - [03/Dec/2017:12:35:03 -0800] "GET /self.logs/error.log.2015-03-31.gz HTTP/1.1" 404 284 "-" "Mozilla/5.0 (compatible; AhrefsBot/5.2; +http://ahrefs.com/robot/)" 
31.223.211.37 - - [03/Dec/2017:12:35:08 -0800] "GET /wp-login.php HTTP/1.1" 404 295 "-" "Mozilla/5.0 (Windows NT 6.1; WOW64; rv:40.0) Gecko/20100101 Firefox/40.1" 
31.223.211.37 - - [03/Dec/2017:12:35:13 -0800] "GET /wp-login.php HTTP/1.1" 404 295 "-" "Mozilla/5.0 (Windows NT 6.1; WOW64; rv:40.0) Gecko/20100101 Firefox/40.1" 
31.223.211.37 - - [03/Dec/2017:12:35:19 -0800] "GET / HTTP/1.1" 200 37415 "-" "Mozilla/5.0 (Windows NT 6.1; WOW64; rv:40.0) Gecko/20100101 Firefox/40.1" 
217.182.132.147 - - [03/Dec/2017:12:38:13 -0800] "GET /self.logs/error.log.2016-03-21.gz HTTP/1.1" 404 284 "-" "Mozilla/5.0 (compatible; AhrefsBot/5.2; +http://ahrefs.com/robot/)" 
217.182.132.53 - - [03/Dec/2017:12:39:40 -0800] "GET /self.logs/access.log.2015-11-03.gz HTTP/1.1" 404 284 "-" "Mozilla/5.0 (compatible; AhrefsBot/5.2; +http://ahrefs.com/robot/)" 
75.111.208.152 - - [03/Dec/2017:12:41:57 -0800] "GET / HTTP/1.1" 200 11061 "-" "Mozilla/5.0 (Windows NT 10.0; Win64; x64; rv:57.0) Gecko/20100101 Firefox/57.0" 
75.111.208.152 - - [03/Dec/2017:12:41:57 -0800] "GET /GitHub-Mark.png HTTP/1.1" 200 7428 "http://www.secrepo.com/" "Mozilla/5.0 (Windows NT 10.0; Win64; x64; rv:57.0) Gecko/20100101 Firefox/57.0" 
75.111.208.152 - - [03/Dec/2017:12:41:57 -0800] "GET /twitter-icon.png HTTP/1.1" 200 27787 "http://www.secrepo.com/" "Mozilla/5.0 (Windows NT 10.0; Win64; x64; rv:57.0) Gecko/20100101 Firefox/57.0" 
75.111.208.152 - - [03/Dec/2017:12:41:58 -0800] "GET /bootstrap/img/favicon.ico HTTP/1.1" 200 589 "-" "Mozilla/5.0 (Windows NT 10.0; Win64; x64; rv:57.0) Gecko/20100101 Firefox/57.0" 
64.102.249.9 - - [03/Dec/2017:12:58:04 -0800] "GET /bootstrap/img/favicon.ico HTTP/1.1" 304 165 "-" "Mozilla/5.0 (Macintosh; Intel Mac OS X 10.12; rv:57.0) Gecko/20100101 Firefox/57.0" 
216.244.66.227 - - [03/Dec/2017:12:59:34 -0800] "GET /robots.txt HTTP/1.1" 200 233 "-" "Mozilla/5.0 (compatible; DotBot/1.1; http://www.opensiteexplorer.org/dotbot, help@moz.com)" 
212.180.227.138 - - [03/Dec/2017:13:00:59 -0800] "GET / HTTP/1.1" 200 11061 "-" "Mozilla/5.0 (Windows NT 10.0; Win64; x64) AppleWebKit/537.36 (KHTML, like Gecko) Chrome/62.0.3202.94 Safari/537.36" 
212.180.227.138 - - [03/Dec/2017:13:01:03 -0800] "GET /twitter-icon.png HTTP/1.1" 200 27788 "http://www.secrepo.com/" "Mozilla/5.0 (Windows NT 10.0; Win64; x64) AppleWebKit/537.36 (KHTML, like Gecko) Chrome/62.0.3202.94 Safari/537.36" 
212.180.227.138 - - [03/Dec/2017:13:01:03 -0800] "GET /GitHub-Mark.png HTTP/1.1" 200 7428 "http://www.secrepo.com/" "Mozilla/5.0 (Windows NT 10.0; Win64; x64) AppleWebKit/537.36 (KHTML, like Gecko) Chrome/62.0.3202.94 Safari/537.36" 
216.244.66.227 - - [03/Dec/2017:13:01:20 -0800] "GET /self.logs/error.log.2017-11-22.gz HTTP/1.1" 200 2375 "-" "Mozilla/5.0 (compatible; DotBot/1.1; http://www.opensiteexplorer.org/dotbot, help@moz.com)" 
104.239.135.78 - - [03/Dec/2017:13:09:14 -0800] "GET /robots.txt HTTP/1.1" 301 446 "-" "Tornado-Async-Client" 
104.239.135.78 - - [03/Dec/2017:13:09:15 -0800] "GET /robots.txt HTTP/1.1" 304 130 "-" "Tornado-Async-Client" 
104.239.135.78 - - [03/Dec/2017:13:09:15 -0800] "GET /honeypot/BSidesDFW%20-%202014.ipynb HTTP/1.1" 301 484 "-" "Tornado-Async-Client" 
104.239.135.78 - - [03/Dec/2017:13:09:15 -0800] "GET /honeypot/BSidesDFW%20-%202014.ipynb HTTP/1.1" 200 930780 "-" "Tornado-Async-Client" 
139.59.25.153 - - [03/Dec/2017:13:09:48 -0800] "POST /blog/xmlrpc.php HTTP/1.1" 301 528 "-" "Mozilla/5.0 (Macintosh; U; Intel Mac OS X 10.6; fr; rv:1.9.2.8) Gecko/20100722 Firefox/3.6.8" 
139.59.25.153 - - [03/Dec/2017:13:09:48 -0800] "POST /xmlrpc.php HTTP/1.1" 301 518 "-" "Mozilla/5.0 (Macintosh; U; Intel Mac OS X 10.6; fr; rv:1.9.2.8) Gecko/20100722 Firefox/3.6.8" 
176.195.87.229 - - [03/Dec/2017:13:17:27 -0800] "GET / HTTP/1.1" 200 11061 "https://www.google.ru/" "Mozilla/5.0 (Windows NT 10.0; Win64; x64) AppleWebKit/537.36 (KHTML, like Gecko) Chrome/62.0.3202.94 Safari/537.36" 
176.195.87.229 - - [03/Dec/2017:13:17:30 -0800] "GET /twitter-icon.png HTTP/1.1" 200 27788 "http://www.secrepo.com/" "Mozilla/5.0 (Windows NT 10.0; Win64; x64) AppleWebKit/537.36 (KHTML, like Gecko) Chrome/62.0.3202.94 Safari/537.36" 
176.195.87.229 - - [03/Dec/2017:13:17:30 -0800] "GET /GitHub-Mark.png HTTP/1.1" 200 7428 "http://www.secrepo.com/" "Mozilla/5.0 (Windows NT 10.0; Win64; x64) AppleWebKit/537.36 (KHTML, like Gecko) Chrome/62.0.3202.94 Safari/537.36" 
176.195.87.229 - - [03/Dec/2017:13:17:31 -0800] "GET /bootstrap/img/favicon.ico HTTP/1.1" 200 589 "http://www.secrepo.com/" "Mozilla/5.0 (Windows NT 10.0; Win64; x64) AppleWebKit/537.36 (KHTML, like Gecko) Chrome/62.0.3202.94 Safari/537.36" 
31.223.211.37 - - [03/Dec/2017:13:17:54 -0800] "GET /wp-login.php HTTP/1.1" 301 522 "-" "Mozilla/5.0 (Windows NT 6.1; WOW64; rv:40.0) Gecko/20100101 Firefox/40.1" 
31.223.211.37 - - [03/Dec/2017:13:17:55 -0800] "GET /wp-login.php HTTP/1.1" 404 295 "-" "Mozilla/5.0 (Windows NT 6.1; WOW64; rv:40.0) Gecko/20100101 Firefox/40.1" 
31.223.211.37 - - [03/Dec/2017:13:18:00 -0800] "GET /wp-login.php HTTP/1.1" 301 522 "-" "Mozilla/5.0 (Windows NT 6.1; WOW64; rv:40.0) Gecko/20100101 Firefox/40.1" 
31.223.211.37 - - [03/Dec/2017:13:18:00 -0800] "GET /wp-login.php HTTP/1.1" 404 295 "-" "Mozilla/5.0 (Windows NT 6.1; WOW64; rv:40.0) Gecko/20100101 Firefox/40.1" 
176.195.87.229 - - [03/Dec/2017:13:18:01 -0800] "GET /auth.log/auth.log.gz HTTP/1.1" 200 246420 "-" "Mozilla/5.0 (Windows NT 10.0; Win64; x64) AppleWebKit/537.36 (KHTML, like Gecko) Chrome/62.0.3202.94 Safari/537.36" 
31.223.211.37 - - [03/Dec/2017:13:18:06 -0800] "GET / HTTP/1.1" 301 498 "-" "Mozilla/5.0 (Windows NT 6.1; WOW64; rv:40.0) Gecko/20100101 Firefox/40.1" 
31.223.211.37 - - [03/Dec/2017:13:18:06 -0800] "GET / HTTP/1.1" 200 37415 "-" "Mozilla/5.0 (Windows NT 6.1; WOW64; rv:40.0) Gecko/20100101 Firefox/40.1" 
78.45.136.82 - - [03/Dec/2017:13:18:11 -0800] "GET / HTTP/1.1" 301 483 "-" "Mozilla/5.0 (Windows NT 10.0; Win64; x64) AppleWebKit/537.36 (KHTML, like Gecko) Chrome/62.0.3202.94 Safari/537.36" 
78.45.136.82 - - [03/Dec/2017:13:18:11 -0800] "GET / HTTP/1.1" 200 11061 "-" "Mozilla/5.0 (Windows NT 10.0; Win64; x64) AppleWebKit/537.36 (KHTML, like Gecko) Chrome/62.0.3202.94 Safari/537.36" 
78.45.136.82 - - [03/Dec/2017:13:18:12 -0800] "GET /robots.txt HTTP/1.1" 301 502 "-" "Mozilla/5.0 (Windows NT 10.0; Win64; x64) AppleWebKit/537.36 (KHTML, like Gecko) Chrome/62.0.3202.94 Safari/537.36" 
78.45.136.82 - - [03/Dec/2017:13:18:12 -0800] "GET /GitHub-Mark.png HTTP/1.1" 200 7428 "http://www.secrepo.com/" "Mozilla/5.0 (Windows NT 10.0; Win64; x64) AppleWebKit/537.36 (KHTML, like Gecko) Chrome/62.0.3202.94 Safari/537.36" 
78.45.136.82 - - [03/Dec/2017:13:18:12 -0800] "GET /twitter-icon.png HTTP/1.1" 200 27787 "http://www.secrepo.com/" "Mozilla/5.0 (Windows NT 10.0; Win64; x64) AppleWebKit/537.36 (KHTML, like Gecko) Chrome/62.0.3202.94 Safari/537.36" 
78.45.136.82 - - [03/Dec/2017:13:18:12 -0800] "GET /robots.txt HTTP/1.1" 200 334 "-" "Mozilla/5.0 (Windows NT 10.0; Win64; x64) AppleWebKit/537.36 (KHTML, like Gecko) Chrome/62.0.3202.94 Safari/537.36" 
78.45.136.82 - - [03/Dec/2017:13:18:13 -0800] "GET /bootstrap/img/favicon.ico HTTP/1.1" 200 589 "http://www.secrepo.com/" "Mozilla/5.0 (Windows NT 10.0; Win64; x64) AppleWebKit/537.36 (KHTML, like Gecko) Chrome/62.0.3202.94 Safari/537.36" 
46.188.123.217 - - [03/Dec/2017:13:18:45 -0800] "GET / HTTP/1.1" 200 11061 "-" "Mozilla/5.0 (Windows NT 10.0; Win64; x64) AppleWebKit/537.36 (KHTML, like Gecko) Chrome/62.0.3202.94 Safari/537.36" 
46.188.123.217 - - [03/Dec/2017:13:18:45 -0800] "GET /twitter-icon.png HTTP/1.1" 200 27787 "http://www.secrepo.com/" "Mozilla/5.0 (Windows NT 10.0; Win64; x64) AppleWebKit/537.36 (KHTML, like Gecko) Chrome/62.0.3202.94 Safari/537.36" 
46.188.123.217 - - [03/Dec/2017:13:18:45 -0800] "GET /GitHub-Mark.png HTTP/1.1" 200 7428 "http://www.secrepo.com/" "Mozilla/5.0 (Windows NT 10.0; Win64; x64) AppleWebKit/537.36 (KHTML, like Gecko) Chrome/62.0.3202.94 Safari/537.36" 
46.188.123.217 - - [03/Dec/2017:13:18:45 -0800] "GET /bootstrap/img/favicon.ico HTTP/1.1" 200 589 "http://www.secrepo.com/" "Mozilla/5.0 (Windows NT 10.0; Win64; x64) AppleWebKit/537.36 (KHTML, like Gecko) Chrome/62.0.3202.94 Safari/537.36" 
71.196.173.156 - - [03/Dec/2017:13:20:38 -0800] "GET / HTTP/1.1" 301 483 "-" "Mozilla/5.0 (Windows NT 10.0; Win64; x64) AppleWebKit/537.36 (KHTML, like Gecko) Chrome/62.0.3202.94 Safari/537.36" 
71.196.173.156 - - [03/Dec/2017:13:20:38 -0800] "GET / HTTP/1.1" 200 11061 "-" "Mozilla/5.0 (Windows NT 10.0; Win64; x64) AppleWebKit/537.36 (KHTML, like Gecko) Chrome/62.0.3202.94 Safari/537.36" 
71.196.173.156 - - [03/Dec/2017:13:20:38 -0800] "GET /GitHub-Mark.png HTTP/1.1" 200 7428 "http://www.secrepo.com/" "Mozilla/5.0 (Windows NT 10.0; Win64; x64) AppleWebKit/537.36 (KHTML, like Gecko) Chrome/62.0.3202.94 Safari/537.36" 
71.196.173.156 - - [03/Dec/2017:13:20:38 -0800] "GET /twitter-icon.png HTTP/1.1" 200 27787 "http://www.secrepo.com/" "Mozilla/5.0 (Windows NT 10.0; Win64; x64) AppleWebKit/537.36 (KHTML, like Gecko) Chrome/62.0.3202.94 Safari/537.36" 
71.196.173.156 - - [03/Dec/2017:13:20:39 -0800] "GET /bootstrap/img/favicon.ico HTTP/1.1" 200 589 "http://www.secrepo.com/" "Mozilla/5.0 (Windows NT 10.0; Win64; x64) AppleWebKit/537.36 (KHTML, like Gecko) Chrome/62.0.3202.94 Safari/537.36" 
95.28.50.34 - - [03/Dec/2017:13:23:22 -0800] "GET / HTTP/1.1" 200 11061 "-" "Mozilla/5.0 (iPhone; CPU iPhone OS 11_1_2 like Mac OS X) AppleWebKit/604.3.5 (KHTML, like Gecko) Version/11.0 Mobile/15B202 Safari/604.1" 
95.28.50.34 - - [03/Dec/2017:13:23:22 -0800] "GET /GitHub-Mark.png HTTP/1.1" 200 7427 "http://www.secrepo.com/" "Mozilla/5.0 (iPhone; CPU iPhone OS 11_1_2 like Mac OS X) AppleWebKit/604.3.5 (KHTML, like Gecko) Version/11.0 Mobile/15B202 Safari/604.1" 
95.28.50.34 - - [03/Dec/2017:13:23:22 -0800] "GET /twitter-icon.png HTTP/1.1" 200 27788 "http://www.secrepo.com/" "Mozilla/5.0 (iPhone; CPU iPhone OS 11_1_2 like Mac OS X) AppleWebKit/604.3.5 (KHTML, like Gecko) Version/11.0 Mobile/15B202 Safari/604.1" 
207.46.13.171 - - [03/Dec/2017:13:24:08 -0800] "GET /self.logs/access.log.2015-01-17.gz HTTP/1.1" 404 340 "-" "Mozilla/5.0 (iPhone; CPU iPhone OS 7_0 like Mac OS X) AppleWebKit/537.51.1 (KHTML, like Gecko) Version/7.0 Mobile/11A465 Safari/9537.53 (compatible; bingbot/2.0; +http://www.bing.com/bingbot.htm)" 
151.80.39.150 - - [03/Dec/2017:13:25:03 -0800] "GET /robots.txt HTTP/1.1" 200 304 "-" "Mozilla/5.0 (compatible; AhrefsBot/5.2; +http://ahrefs.com/robot/)" 
164.132.162.160 - - [03/Dec/2017:13:25:03 -0800] "GET /self.logs/error.log.2015-04-05.gz HTTP/1.1" 404 284 "-" "Mozilla/5.0 (compatible; AhrefsBot/5.2; +http://ahrefs.com/robot/)" 
176.195.87.229 - - [03/Dec/2017:13:24:59 -0800] "GET /auth.log/auth.log.gz HTTP/1.1" 200 554524 "-" "Mozilla/5.0 (Windows NT 10.0; Win64; x64) AppleWebKit/537.36 (KHTML, like Gecko) Chrome/62.0.3202.94 Safari/537.36" 
217.182.132.72 - - [03/Dec/2017:13:25:17 -0800] "GET /self.logs/error.log.2017-04-11.gz HTTP/1.1" 200 683 "-" "Mozilla/5.0 (compatible; AhrefsBot/5.2; +http://ahrefs.com/robot/)" 
66.249.83.84 - - [03/Dec/2017:13:31:49 -0800] "GET / HTTP/1.1" 200 11061 "-" "Mozilla/5.0 (X11; Linux x86_64) AppleWebKit/537.36 (KHTML, like Gecko) Chrome/49.0.2623.75 Safari/537.36 Google Favicon" 
66.249.83.84 - - [03/Dec/2017:13:31:49 -0800] "GET /bootstrap/img/favicon.ico HTTP/1.1" 200 589 "-" "Mozilla/5.0 (X11; Linux x86_64) AppleWebKit/537.36 (KHTML, like Gecko) Chrome/49.0.2623.75 Safari/537.36 Google Favicon" 
187.190.165.93 - - [03/Dec/2017:13:35:31 -0800] "GET / HTTP/1.1" 200 11061 "https://www.google.com.mx/" "Mozilla/5.0 (Macintosh; Intel Mac OS X 10.10; rv:57.0) Gecko/20100101 Firefox/57.0" 
187.190.165.93 - - [03/Dec/2017:13:35:31 -0800] "GET /twitter-icon.png HTTP/1.1" 200 27787 "http://www.secrepo.com/" "Mozilla/5.0 (Macintosh; Intel Mac OS X 10.10; rv:57.0) Gecko/20100101 Firefox/57.0" 
187.190.165.93 - - [03/Dec/2017:13:35:31 -0800] "GET /bootstrap/img/favicon.ico HTTP/1.1" 200 590 "-" "Mozilla/5.0 (Macintosh; Intel Mac OS X 10.10; rv:57.0) Gecko/20100101 Firefox/57.0" 
187.190.165.93 - - [03/Dec/2017:13:35:31 -0800] "GET /GitHub-Mark.png HTTP/1.1" 200 7427 "http://www.secrepo.com/" "Mozilla/5.0 (Macintosh; Intel Mac OS X 10.10; rv:57.0) Gecko/20100101 Firefox/57.0" 
217.182.132.30 - - [03/Dec/2017:13:36:05 -0800] "GET /self.logs/error.log.2017-08-15.gz HTTP/1.1" 200 930 "-" "Mozilla/5.0 (compatible; AhrefsBot/5.2; +http://ahrefs.com/robot/)" 
173.219.79.146 - - [03/Dec/2017:13:45:40 -0800] "GET / HTTP/1.1" 200 11061 "http://vizsec.org/data/" "Mozilla/5.0 (Windows NT 10.0; Win64; x64) AppleWebKit/537.36 (KHTML, like Gecko) Chrome/62.0.3202.94 Safari/537.36" 
173.219.79.146 - - [03/Dec/2017:13:45:41 -0800] "GET /twitter-icon.png HTTP/1.1" 200 27787 "http://www.secrepo.com/" "Mozilla/5.0 (Windows NT 10.0; Win64; x64) AppleWebKit/537.36 (KHTML, like Gecko) Chrome/62.0.3202.94 Safari/537.36" 
173.219.79.146 - - [03/Dec/2017:13:45:41 -0800] "GET /GitHub-Mark.png HTTP/1.1" 200 7428 "http://www.secrepo.com/" "Mozilla/5.0 (Windows NT 10.0; Win64; x64) AppleWebKit/537.36 (KHTML, like Gecko) Chrome/62.0.3202.94 Safari/537.36" 
173.219.79.146 - - [03/Dec/2017:13:45:41 -0800] "GET /bootstrap/img/favicon.ico HTTP/1.1" 200 589 "http://www.secrepo.com/" "Mozilla/5.0 (Windows NT 10.0; Win64; x64) AppleWebKit/537.36 (KHTML, like Gecko) Chrome/62.0.3202.94 Safari/537.36" 
68.180.228.98 - - [03/Dec/2017:13:45:44 -0800] "GET /robots.txt HTTP/1.1" 200 233 "-" "Mozilla/5.0 (compatible; Yahoo! Slurp; http://help.yahoo.com/help/us/ysearch/slurp)" 
68.180.228.98 - - [03/Dec/2017:13:45:45 -0800] "GET /maccdc2012/smtp.log.gz HTTP/1.1" 200 6852 "-" "Mozilla/5.0 (compatible; Yahoo! Slurp; http://help.yahoo.com/help/us/ysearch/slurp)" 
119.17.53.108 - - [03/Dec/2017:13:49:40 -0800] "GET / HTTP/1.1" 200 11061 "https://www.google.com.au/" "Mozilla/5.0 (Windows NT 10.0; Win64; x64) AppleWebKit/537.36 (KHTML, like Gecko) Chrome/62.0.3202.94 Safari/537.36" 
119.17.53.108 - - [03/Dec/2017:13:49:41 -0800] "GET /twitter-icon.png HTTP/1.1" 200 27787 "http://www.secrepo.com/" "Mozilla/5.0 (Windows NT 10.0; Win64; x64) AppleWebKit/537.36 (KHTML, like Gecko) Chrome/62.0.3202.94 Safari/537.36" 
119.17.53.177 - - [03/Dec/2017:13:49:41 -0800] "GET /GitHub-Mark.png HTTP/1.1" 200 7428 "http://www.secrepo.com/" "Mozilla/5.0 (Windows NT 10.0; Win64; x64) AppleWebKit/537.36 (KHTML, like Gecko) Chrome/62.0.3202.94 Safari/537.36" 
119.17.53.108 - - [03/Dec/2017:13:49:43 -0800] "GET /bootstrap/img/favicon.ico HTTP/1.1" 200 590 "http://www.secrepo.com/" "Mozilla/5.0 (Windows NT 10.0; Win64; x64) AppleWebKit/537.36 (KHTML, like Gecko) Chrome/62.0.3202.94 Safari/537.36" 
173.219.79.146 - - [03/Dec/2017:13:50:30 -0800] "GET /tg/a.zip HTTP/1.1" 200 66189337 "-" "Mozilla/5.0 (Windows NT 10.0; Win64; x64) AppleWebKit/537.36 (KHTML, like Gecko) Chrome/62.0.3202.94 Safari/537.36" 
66.249.64.129 - - [03/Dec/2017:13:51:12 -0800] "GET /favicon.ico HTTP/1.1" 200 268 "-" "Googlebot-Image/1.0" 
119.17.53.108 - - [03/Dec/2017:13:51:11 -0800] "GET /pe_static/zeus.zip HTTP/1.1" 200 51367111 "-" "Mozilla/5.0 (Windows NT 10.0; Win64; x64) AppleWebKit/537.36 (KHTML, like Gecko) Chrome/62.0.3202.94 Safari/537.36" 
216.15.40.223 - - [03/Dec/2017:13:54:06 -0800] "GET / HTTP/1.1" 200 11061 "https://www.google.com/" "Mozilla/5.0 (Windows NT 10.0; Win64; x64) AppleWebKit/537.36 (KHTML, like Gecko) Chrome/62.0.3202.94 Safari/537.36" 
216.15.40.223 - - [03/Dec/2017:13:54:06 -0800] "GET /twitter-icon.png HTTP/1.1" 200 27787 "http://www.secrepo.com/" "Mozilla/5.0 (Windows NT 10.0; Win64; x64) AppleWebKit/537.36 (KHTML, like Gecko) Chrome/62.0.3202.94 Safari/537.36" 
216.15.40.223 - - [03/Dec/2017:13:54:06 -0800] "GET /GitHub-Mark.png HTTP/1.1" 200 7428 "http://www.secrepo.com/" "Mozilla/5.0 (Windows NT 10.0; Win64; x64) AppleWebKit/537.36 (KHTML, like Gecko) Chrome/62.0.3202.94 Safari/537.36" 
216.15.40.223 - - [03/Dec/2017:13:54:07 -0800] "GET /bootstrap/img/favicon.ico HTTP/1.1" 200 589 "http://www.secrepo.com/" "Mozilla/5.0 (Windows NT 10.0; Win64; x64) AppleWebKit/537.36 (KHTML, like Gecko) Chrome/62.0.3202.94 Safari/537.36" 
128.69.234.200 - - [03/Dec/2017:13:54:42 -0800] "GET / HTTP/1.1" 200 11024 "http://yandex.ru/clck/jsredir?from=yandex.ru%3Bsearch%3Bweb%3B%3B&text=&etext=1624.vPJJknFK8q6GBocvGahWPMcTynAqNc9bq7lfuMYdbeSx1WSTavgF2aFs0ubOxzqE.aed563b4803262620cddc5fd5404410d58e41ad3&uuid=&state=_BLhILn4SxNIvvL0W45KSic66uCIg23qh8iRG98qeIXmeppkgUc0YLeQVNu7TCjFWhspMNrg36Y&data=UlNrNmk5WktYejR0eWJFYk1LdmtxdFVvX2JPZzkyaEU2WFNsdVNGUmVZbU91UHlqSWwyc094M2stSG5XRWFxYTBzc09KaFFGSDdfQjNhVmxTUXN6amFUc0tUcnkyRGxsZnRpQmFENkN2RHc&b64e=2&sign=8cf3862ba4e1b44e2e85dea7dad4534a&keyno=0&cst=AiuY0DBWFJ7IXge4WdYJQXbYQp9t5VF66oy70nbhvd0e5ap-FFC57k5MeTq6HXlADNfLdaCUqCblDN6PrmQKRD0cDgN8hUXjcPPIAz3vysDFeG85MLQRkPjN41BkVh1xGtMqyXuWsANKhAGFjaItGDTa3YNPkh6W&ref=orjY4mGPRjk5boDnW0uvlrrd71vZw9kp5uQozpMtKCW8s5kfnNkNj8zahsjrXv7eY7tNx-wLgVur6M6JcQJMjIW0sB9a6kKlD-UJPzAuTD600Jt6S5Oh9w&l10n=ru&cts=1512337513320&mc=7.32382946621" "Mozilla/5.0 (compatible; MSIE 10.0; Windows NT 6.2; Trident/6.0; MATMJS)" 
157.55.39.61 - - [03/Dec/2017:13:56:26 -0800] "GET /self.logs/error.log.2017-02-27.gz HTTP/1.1" 301 544 "-" "Mozilla/5.0 (compatible; bingbot/2.0; +http://www.bing.com/bingbot.htm)" 
51.255.65.26 - - [03/Dec/2017:13:56:31 -0800] "GET /self.logs/error.log.2016-11-16.gz HTTP/1.1" 404 284 "-" "Mozilla/5.0 (compatible; AhrefsBot/5.2; +http://ahrefs.com/robot/)" 
120.221.0.34 - - [03/Dec/2017:13:57:56 -0800] "GET /honeypot/Honeypot%20-%20Howto.pdf HTTP/1.1" 304 131 "-" "Mozilla/5.0 Gecko/20100115 Firefox/3.6" 
186.81.113.13 - - [03/Dec/2017:13:58:11 -0800] "GET /wp-login.php HTTP/1.1" 404 295 "-" "Mozilla/5.0 (Windows NT 6.1; WOW64; rv:40.0) Gecko/20100101 Firefox/40.1" 
186.81.113.13 - - [03/Dec/2017:13:58:17 -0800] "GET /wp-login.php HTTP/1.1" 404 295 "-" "Mozilla/5.0 (Windows NT 6.1; WOW64; rv:40.0) Gecko/20100101 Firefox/40.1" 
186.81.113.13 - - [03/Dec/2017:13:58:22 -0800] "GET / HTTP/1.1" 200 37415 "-" "Mozilla/5.0 (Windows NT 6.1; WOW64; rv:40.0) Gecko/20100101 Firefox/40.1" 
120.221.1.28 - - [03/Dec/2017:13:59:23 -0800] "GET /maccdc2012/files.log.gz HTTP/1.1" 304 155 "-" "Mozilla/5.0 Gecko/20100115 Firefox/3.6" 
151.80.39.157 - - [03/Dec/2017:14:05:30 -0800] "GET /robots.txt HTTP/1.1" 301 446 "-" "Mozilla/5.0 (compatible; AhrefsBot/5.2; +http://ahrefs.com/robot/)" 
151.80.39.157 - - [03/Dec/2017:14:05:31 -0800] "GET /robots.txt HTTP/1.1" 200 304 "-" "Mozilla/5.0 (compatible; AhrefsBot/5.2; +http://ahrefs.com/robot/)" 
216.244.66.198 - - [03/Dec/2017:14:06:58 -0800] "GET /robots.txt HTTP/1.1" 200 233 "-" "Mozilla/5.0 (compatible; DotBot/1.1; http://www.opensiteexplorer.org/dotbot, help@moz.com)" 
77.75.78.160 - - [03/Dec/2017:14:09:28 -0800] "GET /robots.txt HTTP/1.1" 200 334 "-" "Mozilla/5.0 (compatible; SeznamBot/3.2; +http://napoveda.seznam.cz/en/seznambot-intro/)" 
77.75.78.160 - - [03/Dec/2017:14:09:29 -0800] "GET /self.logs/ HTTP/1.1" 200 6947 "-" "Mozilla/5.0 (compatible; SeznamBot/3.2; +http://napoveda.seznam.cz/en/seznambot-intro/)" 
216.244.66.250 - - [03/Dec/2017:14:10:30 -0800] "GET /robots.txt HTTP/1.1" 200 233 "-" "Mozilla/5.0 (compatible; DotBot/1.1; http://www.opensiteexplorer.org/dotbot, help@moz.com)" 
52.168.161.70 - - [03/Dec/2017:14:17:43 -0800] "HEAD / HTTP/1.1" 200 282 "https://www.google.com/" "Mozilla/5.0 (compatible; epicbot; +http://www.epictions.com/epicbot)" 
52.168.161.70 - - [03/Dec/2017:14:17:45 -0800] "HEAD / HTTP/1.1" 200 282 "https://www.google.com/" "Mozilla/5.0 (compatible; epicbot; +http://www.epictions.com/epicbot)" 
52.168.161.70 - - [03/Dec/2017:14:17:45 -0800] "HEAD / HTTP/1.1" 200 282 "https://www.google.com/" "Mozilla/5.0 (compatible; epicbot; +http://www.epictions.com/epicbot)" 
202.58.240.18 - - [03/Dec/2017:14:24:09 -0800] "GET /bootstrap/img/favicon.ico HTTP/1.1" 304 165 "-" "Mozilla/5.0 (Macintosh; Intel Mac OS X 10.12; rv:57.0) Gecko/20100101 Firefox/57.0" 
173.252.90.83 - - [03/Dec/2017:14:26:41 -0800] "GET /twitter-icon.png HTTP/1.1" 200 27788 "-" "facebookexternalhit/1.1 (+http://www.facebook.com/externalhit_uatext.php)" 
110.38.255.110 - - [03/Dec/2017:14:26:43 -0800] "GET /wp-login.php HTTP/1.1" 404 295 "-" "Mozilla/5.0 (Windows NT 6.1; WOW64; rv:40.0) Gecko/20100101 Firefox/40.1" 
110.38.255.110 - - [03/Dec/2017:14:26:48 -0800] "GET /wp-login.php HTTP/1.1" 404 295 "-" "Mozilla/5.0 (Windows NT 6.1; WOW64; rv:40.0) Gecko/20100101 Firefox/40.1" 
110.38.255.110 - - [03/Dec/2017:14:26:54 -0800] "GET / HTTP/1.1" 200 37415 "-" "Mozilla/5.0 (Windows NT 6.1; WOW64; rv:40.0) Gecko/20100101 Firefox/40.1" 
195.50.26.176 - - [03/Dec/2017:14:27:58 -0800] "GET / HTTP/1.1" 200 11061 "-" "Mozilla/5.0 (Windows NT 6.3; Win64; x64) AppleWebKit/537.36 (KHTML, like Gecko) Chrome/62.0.3202.94 Safari/537.36" 
195.50.26.176 - - [03/Dec/2017:14:27:59 -0800] "GET /twitter-icon.png HTTP/1.1" 200 27787 "http://www.secrepo.com/" "Mozilla/5.0 (Windows NT 6.3; Win64; x64) AppleWebKit/537.36 (KHTML, like Gecko) Chrome/62.0.3202.94 Safari/537.36" 
195.50.26.176 - - [03/Dec/2017:14:27:59 -0800] "GET /GitHub-Mark.png HTTP/1.1" 200 7428 "http://www.secrepo.com/" "Mozilla/5.0 (Windows NT 6.3; Win64; x64) AppleWebKit/537.36 (KHTML, like Gecko) Chrome/62.0.3202.94 Safari/537.36" 
195.50.26.176 - - [03/Dec/2017:14:27:59 -0800] "GET /bootstrap/img/favicon.ico HTTP/1.1" 200 589 "http://www.secrepo.com/" "Mozilla/5.0 (Windows NT 6.3; Win64; x64) AppleWebKit/537.36 (KHTML, like Gecko) Chrome/62.0.3202.94 Safari/537.36" 
164.132.162.157 - - [03/Dec/2017:14:28:16 -0800] "GET /self.logs/error.log.2016-04-03.gz HTTP/1.1" 404 284 "-" "Mozilla/5.0 (compatible; AhrefsBot/5.2; +http://ahrefs.com/robot/)" 
216.15.40.223 - - [03/Dec/2017:14:30:54 -0800] "GET /maccdc2012/conn.log.gz HTTP/1.1" 200 29743511 "-" "Mozilla/5.0 (Windows NT 10.0; Win64; x64) AppleWebKit/537.36 (KHTML, like Gecko) Chrome/62.0.3202.94 Safari/537.36" 
216.15.40.223 - - [03/Dec/2017:14:31:34 -0800] "GET /pe_static/zeus.zip HTTP/1.1" 200 51367111 "-" "Mozilla/5.0 (Windows NT 10.0; Win64; x64) AppleWebKit/537.36 (KHTML, like Gecko) Chrome/62.0.3202.94 Safari/537.36" 
195.50.26.176 - - [03/Dec/2017:14:33:31 -0800] "GET /pe_static/zeus.zip HTTP/1.1" 200 373460 "-" "Mozilla/5.0 (Windows NT 6.3; Win64; x64) AppleWebKit/537.36 (KHTML, like Gecko) Chrome/62.0.3202.94 Safari/537.36" 
195.50.26.176 - - [03/Dec/2017:14:33:03 -0800] "GET /maccdc2012/conn.log.gz HTTP/1.1" 200 551041635 "-" "Mozilla/5.0 (Windows NT 6.3; Win64; x64) AppleWebKit/537.36 (KHTML, like Gecko) Chrome/62.0.3202.94 Safari/537.36" 
2.203.49.158 - - [03/Dec/2017:14:44:18 -0800] "GET / HTTP/1.1" 200 11061 "-" "Mozilla/5.0 (X11; Linux x86_64) AppleWebKit/537.36 (KHTML, like Gecko) Chrome/62.0.3202.94 Safari/537.36" 
157.55.39.61 - - [03/Dec/2017:14:44:21 -0800] "GET / HTTP/1.1" 200 11061 "-" "Mozilla/5.0 (compatible; bingbot/2.0; +http://www.bing.com/bingbot.htm)" 
2.203.49.158 - - [03/Dec/2017:14:44:23 -0800] "GET /twitter-icon.png HTTP/1.1" 200 27788 "http://www.secrepo.com/" "Mozilla/5.0 (X11; Linux x86_64) AppleWebKit/537.36 (KHTML, like Gecko) Chrome/62.0.3202.94 Safari/537.36" 
2.203.49.158 - - [03/Dec/2017:14:44:23 -0800] "GET /GitHub-Mark.png HTTP/1.1" 200 7428 "http://www.secrepo.com/" "Mozilla/5.0 (X11; Linux x86_64) AppleWebKit/537.36 (KHTML, like Gecko) Chrome/62.0.3202.94 Safari/537.36" 
36.57.180.244 - - [03/Dec/2017:14:44:46 -0800] "GET /honeypot/Honeypot%20-%20Howto.pdf HTTP/1.1" 200 606240 "-" "Mozilla/5.0 (Windows NT 6.1; Trident/7.0; rv:11.0) like Gecko" 
36.57.180.244 - - [03/Dec/2017:14:44:48 -0800] "POST /honeypot/Honeypot%20-%20Howto.pdf/trackback/ HTTP/1.1" 404 303 "http://www.secrepo.com/honeypot/Honeypot - Howto.pdf" "Mozilla/5.0 (Windows NT 6.1; Trident/7.0; rv:11.0) like Gecko" 
93.84.58.255 - - [03/Dec/2017:14:45:31 -0800] "GET / HTTP/1.1" 200 11061 "-" "Mozilla/5.0 (Windows NT 10.0; Win64; x64) AppleWebKit/537.36 (KHTML, like Gecko) Chrome/62.0.3202.94 Safari/537.36" 
93.84.58.255 - - [03/Dec/2017:14:45:32 -0800] "GET /twitter-icon.png HTTP/1.1" 200 27787 "http://www.secrepo.com/" "Mozilla/5.0 (Windows NT 10.0; Win64; x64) AppleWebKit/537.36 (KHTML, like Gecko) Chrome/62.0.3202.94 Safari/537.36" 
93.84.58.255 - - [03/Dec/2017:14:45:32 -0800] "GET /GitHub-Mark.png HTTP/1.1" 200 7428 "http://www.secrepo.com/" "Mozilla/5.0 (Windows NT 10.0; Win64; x64) AppleWebKit/537.36 (KHTML, like Gecko) Chrome/62.0.3202.94 Safari/537.36" 
93.84.58.255 - - [03/Dec/2017:14:45:32 -0800] "GET /bootstrap/img/favicon.ico HTTP/1.1" 200 589 "http://www.secrepo.com/" "Mozilla/5.0 (Windows NT 10.0; Win64; x64) AppleWebKit/537.36 (KHTML, like Gecko) Chrome/62.0.3202.94 Safari/537.36" 
187.190.165.93 - - [03/Dec/2017:14:45:46 -0800] "GET / HTTP/1.1" 200 11061 "https://www.google.com.mx/" "Mozilla/5.0 (Macintosh; Intel Mac OS X 10_10_5) AppleWebKit/537.36 (KHTML, like Gecko) Chrome/62.0.3202.94 Safari/537.36" 
187.190.165.93 - - [03/Dec/2017:14:45:47 -0800] "GET /twitter-icon.png HTTP/1.1" 200 27787 "http://www.secrepo.com/" "Mozilla/5.0 (Macintosh; Intel Mac OS X 10_10_5) AppleWebKit/537.36 (KHTML, like Gecko) Chrome/62.0.3202.94 Safari/537.36" 
187.190.165.93 - - [03/Dec/2017:14:45:47 -0800] "GET /GitHub-Mark.png HTTP/1.1" 200 7428 "http://www.secrepo.com/" "Mozilla/5.0 (Macintosh; Intel Mac OS X 10_10_5) AppleWebKit/537.36 (KHTML, like Gecko) Chrome/62.0.3202.94 Safari/537.36" 
187.190.165.93 - - [03/Dec/2017:14:45:47 -0800] "GET /bootstrap/img/favicon.ico HTTP/1.1" 200 589 "http://www.secrepo.com/" "Mozilla/5.0 (Macintosh; Intel Mac OS X 10_10_5) AppleWebKit/537.36 (KHTML, like Gecko) Chrome/62.0.3202.94 Safari/537.36" 
93.84.58.255 - - [03/Dec/2017:14:45:42 -0800] "GET /pe_static/zeus.zip HTTP/1.1" 200 5324484 "-" "Mozilla/5.0 (Windows NT 10.0; Win64; x64) AppleWebKit/537.36 (KHTML, like Gecko) Chrome/62.0.3202.94 Safari/537.36" 
216.15.40.223 - - [03/Dec/2017:14:46:01 -0800] "GET /tg/a.zip HTTP/1.1" 200 66189337 "-" "Mozilla/5.0 (Windows NT 10.0; Win64; x64) AppleWebKit/537.36 (KHTML, like Gecko) Chrome/62.0.3202.94 Safari/537.36" 
216.15.40.223 - - [03/Dec/2017:14:46:02 -0800] "GET /tg/b.zip HTTP/1.1" 200 42298164 "-" "Mozilla/5.0 (Windows NT 10.0; Win64; x64) AppleWebKit/537.36 (KHTML, like Gecko) Chrome/62.0.3202.94 Safari/537.36" 
216.15.40.223 - - [03/Dec/2017:14:46:03 -0800] "GET /tg/c.zip HTTP/1.1" 200 63359118 "-" "Mozilla/5.0 (Windows NT 10.0; Win64; x64) AppleWebKit/537.36 (KHTML, like Gecko) Chrome/62.0.3202.94 Safari/537.36" 
134.190.185.120 - - [03/Dec/2017:14:53:59 -0800] "GET / HTTP/1.1" 200 11061 "-" "Mozilla/5.0 (iPhone; CPU iPhone OS 11_1_2 like Mac OS X) AppleWebKit/604.3.5 (KHTML, like Gecko) Version/11.0 Mobile/15B202 Safari/604.1" 
