216.244.66.227 - - [31/Dec/2017:08:09:24 -0800] "GET /self.logs/error.log.2016-10-09.gz HTTP/1.1" 404 239 "-" "Mozilla/5.0 (compatible; DotBot/1.1; http://www.opensiteexplorer.org/dotbot, help@moz.com)" 
216.244.66.227 - - [31/Dec/2017:08:09:24 -0800] "GET /self.logs/error.log.2016-08-26.gz HTTP/1.1" 404 239 "-" "Mozilla/5.0 (compatible; DotBot/1.1; http://www.opensiteexplorer.org/dotbot, help@moz.com)" 
216.244.66.227 - - [31/Dec/2017:08:09:26 -0800] "GET /self.logs/error.log.2016-10-18.gz HTTP/1.1" 404 239 "-" "Mozilla/5.0 (compatible; DotBot/1.1; http://www.opensiteexplorer.org/dotbot, help@moz.com)" 
216.244.66.227 - - [31/Dec/2017:08:09:26 -0800] "GET /self.logs/error.log.2017-01-09.gz HTTP/1.1" 200 795 "-" "Mozilla/5.0 (compatible; DotBot/1.1; http://www.opensiteexplorer.org/dotbot, help@moz.com)" 
216.244.66.227 - - [31/Dec/2017:08:09:27 -0800] "GET /self.logs/error.log.2017-03-03.gz HTTP/1.1" 200 893 "-" "Mozilla/5.0 (compatible; DotBot/1.1; http://www.opensiteexplorer.org/dotbot, help@moz.com)" 
216.244.66.227 - - [31/Dec/2017:08:09:29 -0800] "GET /self.logs/error.log.2017-10-03.gz HTTP/1.1" 200 2742 "-" "Mozilla/5.0 (compatible; DotBot/1.1; http://www.opensiteexplorer.org/dotbot, help@moz.com)" 
54.36.148.165 - - [31/Dec/2017:08:14:48 -0800] "GET /self.logs/2016/access.log.2016-11-19.gz HTTP/1.1" 200 9036 "-" "Mozilla/5.0 (compatible; AhrefsBot/5.2; +http://ahrefs.com/robot/)" 
54.36.149.103 - - [31/Dec/2017:08:16:52 -0800] "GET /self.logs/error.log.2016-03-14.gz HTTP/1.1" 404 284 "-" "Mozilla/5.0 (compatible; AhrefsBot/5.2; +http://ahrefs.com/robot/)" 
54.36.148.29 - - [31/Dec/2017:08:17:26 -0800] "GET /self.logs/access.log.2015-02-03.gz HTTP/1.1" 404 284 "-" "Mozilla/5.0 (compatible; AhrefsBot/5.2; +http://ahrefs.com/robot/)" 
133.236.88.239 - - [31/Dec/2017:08:19:33 -0800] "GET /wp-login.php HTTP/1.1" 404 295 "-" "Mozilla/5.0 (Windows NT 6.1; WOW64; rv:40.0) Gecko/20100101 Firefox/40.1" 
133.236.88.239 - - [31/Dec/2017:08:19:38 -0800] "GET /wp-login.php HTTP/1.1" 404 295 "-" "Mozilla/5.0 (Windows NT 6.1; WOW64; rv:40.0) Gecko/20100101 Firefox/40.1" 
133.236.88.239 - - [31/Dec/2017:08:19:44 -0800] "GET / HTTP/1.1" 200 37415 "-" "Mozilla/5.0 (Windows NT 6.1; WOW64; rv:40.0) Gecko/20100101 Firefox/40.1" 
216.244.66.227 - - [31/Dec/2017:08:21:04 -0800] "GET /robots.txt HTTP/1.1" 200 233 "-" "Mozilla/5.0 (compatible; DotBot/1.1; http://www.opensiteexplorer.org/dotbot, help@moz.com)" 
197.245.109.165 - - [31/Dec/2017:08:23:41 -0800] "GET /wp-login.php HTTP/1.1" 404 295 "-" "Mozilla/5.0 (Windows NT 6.1; WOW64; rv:40.0) Gecko/20100101 Firefox/40.1" 
197.245.109.165 - - [31/Dec/2017:08:23:47 -0800] "GET /wp-login.php HTTP/1.1" 404 295 "-" "Mozilla/5.0 (Windows NT 6.1; WOW64; rv:40.0) Gecko/20100101 Firefox/40.1" 
197.245.109.165 - - [31/Dec/2017:08:23:52 -0800] "GET / HTTP/1.1" 200 37415 "-" "Mozilla/5.0 (Windows NT 6.1; WOW64; rv:40.0) Gecko/20100101 Firefox/40.1" 
66.249.93.93 - - [31/Dec/2017:08:25:56 -0800] "GET / HTTP/1.1" 200 11061 "-" "Mozilla/5.0 (X11; Linux x86_64) AppleWebKit/537.36 (KHTML, like Gecko) Chrome/49.0.2623.75 Safari/537.36 Google Favicon" 
66.249.93.95 - - [31/Dec/2017:08:25:56 -0800] "GET /bootstrap/img/favicon.ico HTTP/1.1" 200 590 "-" "Mozilla/5.0 (X11; Linux x86_64) AppleWebKit/537.36 (KHTML, like Gecko) Chrome/49.0.2623.75 Safari/537.36 Google Favicon" 
40.77.167.191 - - [31/Dec/2017:08:28:55 -0800] "GET /self.logs/access.log.2017-03-15.gz HTTP/1.1" 200 15786 "-" "Mozilla/5.0 (compatible; bingbot/2.0; +http://www.bing.com/bingbot.htm)" 
66.249.64.157 - - [31/Dec/2017:08:40:27 -0800] "GET / HTTP/1.1" 200 11061 "-" "Mozilla/5.0 (Linux; Android 6.0.1; Nexus 5X Build/MMB29P) AppleWebKit/537.36 (KHTML, like Gecko) Chrome/41.0.2272.96 Mobile Safari/537.36 (compatible; Googlebot/2.1; +http://www.google.com/bot.html)" 
90.177.235.169 - - [31/Dec/2017:08:48:41 -0800] "GET /GitHub-Mark.png HTTP/1.1" 200 7428 "-" "Mozilla/5.0 (Windows NT 10.0; Win64; x64) AppleWebKit/537.36 (KHTML, like Gecko) Chrome/63.0.3239.84 Safari/537.36" 
90.177.235.169 - - [31/Dec/2017:08:48:41 -0800] "GET /twitter-icon.png HTTP/1.1" 200 27788 "-" "Mozilla/5.0 (Windows NT 10.0; Win64; x64) AppleWebKit/537.36 (KHTML, like Gecko) Chrome/63.0.3239.84 Safari/537.36" 
199.30.24.231 - - [31/Dec/2017:08:48:53 -0800] "GET /maccdc2012/dns.log.gz HTTP/1.1" 200 5147500 "-" "Mozilla/5.0 (iPhone; CPU iPhone OS 7_0 like Mac OS X) AppleWebKit/537.51.1 (KHTML, like Gecko) Version/7.0 Mobile/11A465 Safari/9537.53 BingPreview/1.0b" 
133.236.88.239 - - [31/Dec/2017:08:49:05 -0800] "GET /wp-login.php HTTP/1.1" 301 522 "-" "Mozilla/5.0 (Windows NT 6.1; WOW64; rv:40.0) Gecko/20100101 Firefox/40.1" 
133.236.88.239 - - [31/Dec/2017:08:49:06 -0800] "GET /wp-login.php HTTP/1.1" 404 295 "-" "Mozilla/5.0 (Windows NT 6.1; WOW64; rv:40.0) Gecko/20100101 Firefox/40.1" 
133.236.88.239 - - [31/Dec/2017:08:49:11 -0800] "GET /wp-login.php HTTP/1.1" 301 522 "-" "Mozilla/5.0 (Windows NT 6.1; WOW64; rv:40.0) Gecko/20100101 Firefox/40.1" 
133.236.88.239 - - [31/Dec/2017:08:49:11 -0800] "GET /wp-login.php HTTP/1.1" 404 295 "-" "Mozilla/5.0 (Windows NT 6.1; WOW64; rv:40.0) Gecko/20100101 Firefox/40.1" 
180.190.183.49 - - [31/Dec/2017:08:49:14 -0800] "GET /wp-login.php HTTP/1.1" 404 295 "-" "Mozilla/5.0 (Windows NT 6.1; WOW64; rv:40.0) Gecko/20100101 Firefox/40.1" 
133.236.88.239 - - [31/Dec/2017:08:49:17 -0800] "GET / HTTP/1.1" 301 498 "-" "Mozilla/5.0 (Windows NT 6.1; WOW64; rv:40.0) Gecko/20100101 Firefox/40.1" 
133.236.88.239 - - [31/Dec/2017:08:49:17 -0800] "GET / HTTP/1.1" 200 37415 "-" "Mozilla/5.0 (Windows NT 6.1; WOW64; rv:40.0) Gecko/20100101 Firefox/40.1" 
180.190.183.49 - - [31/Dec/2017:08:49:20 -0800] "GET /wp-login.php HTTP/1.1" 404 295 "-" "Mozilla/5.0 (Windows NT 6.1; WOW64; rv:40.0) Gecko/20100101 Firefox/40.1" 
180.190.183.49 - - [31/Dec/2017:08:49:25 -0800] "GET / HTTP/1.1" 200 37415 "-" "Mozilla/5.0 (Windows NT 6.1; WOW64; rv:40.0) Gecko/20100101 Firefox/40.1" 
180.190.183.49 - - [31/Dec/2017:08:52:10 -0800] "GET /wp-login.php HTTP/1.1" 301 522 "-" "Mozilla/5.0 (Windows NT 6.1; WOW64; rv:40.0) Gecko/20100101 Firefox/40.1" 
180.190.183.49 - - [31/Dec/2017:08:52:11 -0800] "GET /wp-login.php HTTP/1.1" 404 295 "-" "Mozilla/5.0 (Windows NT 6.1; WOW64; rv:40.0) Gecko/20100101 Firefox/40.1" 
180.190.183.49 - - [31/Dec/2017:08:52:16 -0800] "GET /wp-login.php HTTP/1.1" 301 522 "-" "Mozilla/5.0 (Windows NT 6.1; WOW64; rv:40.0) Gecko/20100101 Firefox/40.1" 
180.190.183.49 - - [31/Dec/2017:08:52:17 -0800] "GET /wp-login.php HTTP/1.1" 404 295 "-" "Mozilla/5.0 (Windows NT 6.1; WOW64; rv:40.0) Gecko/20100101 Firefox/40.1" 
54.36.149.22 - - [31/Dec/2017:08:52:18 -0800] "GET /self.logs/access.log.2017-06-08.gz HTTP/1.1" 200 19722 "-" "Mozilla/5.0 (compatible; AhrefsBot/5.2; +http://ahrefs.com/robot/)" 
180.190.183.49 - - [31/Dec/2017:08:52:22 -0800] "GET / HTTP/1.1" 301 498 "-" "Mozilla/5.0 (Windows NT 6.1; WOW64; rv:40.0) Gecko/20100101 Firefox/40.1" 
180.190.183.49 - - [31/Dec/2017:08:52:23 -0800] "GET / HTTP/1.1" 200 37415 "-" "Mozilla/5.0 (Windows NT 6.1; WOW64; rv:40.0) Gecko/20100101 Firefox/40.1" 
216.244.66.227 - - [31/Dec/2017:08:53:15 -0800] "GET /robots.txt HTTP/1.1" 200 233 "-" "Mozilla/5.0 (compatible; DotBot/1.1; http://www.opensiteexplorer.org/dotbot, help@moz.com)" 
54.36.148.230 - - [31/Dec/2017:08:56:45 -0800] "GET /self.logs/error.log.2017-01-17.gz HTTP/1.1" 200 852 "-" "Mozilla/5.0 (compatible; AhrefsBot/5.2; +http://ahrefs.com/robot/)" 
209.95.51.181 - - [31/Dec/2017:08:53:32 -0800] "GET /maccdc2012/http.log.gz HTTP/1.1" 200 54258816 "-" "Mozilla/5.0 (Windows NT 10.0; Win64; x64) AppleWebKit/537.36 (KHTML, like Gecko) Chrome/63.0.3239.84 Safari/537.36" 
197.245.109.165 - - [31/Dec/2017:09:05:05 -0800] "GET /wp-login.php HTTP/1.1" 301 522 "-" "Mozilla/5.0 (Windows NT 6.1; WOW64; rv:40.0) Gecko/20100101 Firefox/40.1" 
197.245.109.165 - - [31/Dec/2017:09:05:06 -0800] "GET /wp-login.php HTTP/1.1" 404 295 "-" "Mozilla/5.0 (Windows NT 6.1; WOW64; rv:40.0) Gecko/20100101 Firefox/40.1" 
197.245.109.165 - - [31/Dec/2017:09:05:11 -0800] "GET /wp-login.php HTTP/1.1" 301 522 "-" "Mozilla/5.0 (Windows NT 6.1; WOW64; rv:40.0) Gecko/20100101 Firefox/40.1" 
197.245.109.165 - - [31/Dec/2017:09:05:12 -0800] "GET /wp-login.php HTTP/1.1" 404 295 "-" "Mozilla/5.0 (Windows NT 6.1; WOW64; rv:40.0) Gecko/20100101 Firefox/40.1" 
197.245.109.165 - - [31/Dec/2017:09:05:17 -0800] "GET / HTTP/1.1" 301 498 "-" "Mozilla/5.0 (Windows NT 6.1; WOW64; rv:40.0) Gecko/20100101 Firefox/40.1" 
197.245.109.165 - - [31/Dec/2017:09:05:18 -0800] "GET / HTTP/1.1" 200 37415 "-" "Mozilla/5.0 (Windows NT 6.1; WOW64; rv:40.0) Gecko/20100101 Firefox/40.1" 
169.0.39.26 - - [31/Dec/2017:09:03:37 -0800] "GET /honeypot/Honeypot%20-%20Howto.pdf HTTP/1.1" 200 264960 "http://www.secrepo.com/" "Mozilla/5.0 (Windows NT 6.1; WOW64; rv:53.0) Gecko/20100101 Firefox/53.0" 
77.75.78.161 - - [31/Dec/2017:09:10:08 -0800] "GET /robots.txt HTTP/1.1" 200 334 "-" "Mozilla/5.0 (compatible; SeznamBot/3.2; +http://napoveda.seznam.cz/en/seznambot-intro/)" 
77.75.78.161 - - [31/Dec/2017:09:10:09 -0800] "GET /misc/zeus_dga_domains.txt.zip HTTP/1.1" 200 594360 "-" "Mozilla/5.0 (compatible; SeznamBot/3.2; +http://napoveda.seznam.cz/en/seznambot-intro/)" 
82.244.149.134 - - [31/Dec/2017:09:16:30 -0800] "GET /favicon.ico HTTP/1.1" 200 268 "-" "Java/1.8.0_92" 
82.244.149.134 - - [31/Dec/2017:09:16:30 -0800] "GET /favicon.ico HTTP/1.1" 200 268 "-" "Java/1.8.0_92" 
82.244.149.134 - - [31/Dec/2017:09:16:30 -0800] "GET /favicon.ico HTTP/1.1" 200 268 "-" "Java/1.8.0_92" 
82.244.149.134 - - [31/Dec/2017:09:16:31 -0800] "GET /favicon.ico HTTP/1.1" 200 268 "-" "Java/1.8.0_92" 
82.244.149.134 - - [31/Dec/2017:09:16:31 -0800] "GET /favicon.ico HTTP/1.1" 200 267 "-" "Java/1.8.0_92" 
82.244.149.134 - - [31/Dec/2017:09:16:31 -0800] "GET /favicon.ico HTTP/1.1" 200 267 "-" "Java/1.8.0_92" 
82.244.149.134 - - [31/Dec/2017:09:16:37 -0800] "GET /favicon.ico HTTP/1.1" 200 268 "-" "Java/1.8.0_92" 
82.244.149.134 - - [31/Dec/2017:09:16:38 -0800] "GET /favicon.ico HTTP/1.1" 200 268 "-" "Java/1.8.0_92" 
82.244.149.134 - - [31/Dec/2017:09:16:38 -0800] "GET /favicon.ico HTTP/1.1" 200 268 "-" "Java/1.8.0_92" 
82.244.149.134 - - [31/Dec/2017:09:16:38 -0800] "GET /favicon.ico HTTP/1.1" 200 268 "-" "Java/1.8.0_92" 
54.36.148.53 - - [31/Dec/2017:09:19:34 -0800] "GET /self.logs/error.log.2015-03-14.gz HTTP/1.1" 404 284 "-" "Mozilla/5.0 (compatible; AhrefsBot/5.2; +http://ahrefs.com/robot/)" 
82.244.149.134 - - [31/Dec/2017:09:20:42 -0800] "GET /favicon.ico HTTP/1.1" 200 268 "-" "Java/1.8.0_92" 
82.244.149.134 - - [31/Dec/2017:09:20:43 -0800] "GET /favicon.ico HTTP/1.1" 200 267 "-" "Java/1.8.0_92" 
82.244.149.134 - - [31/Dec/2017:09:20:45 -0800] "GET /favicon.ico HTTP/1.1" 200 268 "-" "Java/1.8.0_92" 
82.244.149.134 - - [31/Dec/2017:09:20:45 -0800] "GET /favicon.ico HTTP/1.1" 200 268 "-" "Java/1.8.0_92" 
216.244.66.227 - - [31/Dec/2017:09:23:12 -0800] "GET /robots.txt HTTP/1.1" 200 233 "-" "Mozilla/5.0 (compatible; DotBot/1.1; http://www.opensiteexplorer.org/dotbot, help@moz.com)" 
58.69.77.130 - - [31/Dec/2017:09:28:26 -0800] "GET /wp-login.php HTTP/1.1" 404 295 "-" "Mozilla/5.0 (Windows NT 6.1; WOW64; rv:40.0) Gecko/20100101 Firefox/40.1" 
58.69.77.130 - - [31/Dec/2017:09:28:32 -0800] "GET /wp-login.php HTTP/1.1" 404 295 "-" "Mozilla/5.0 (Windows NT 6.1; WOW64; rv:40.0) Gecko/20100101 Firefox/40.1" 
58.69.77.130 - - [31/Dec/2017:09:28:37 -0800] "GET / HTTP/1.1" 200 37415 "-" "Mozilla/5.0 (Windows NT 6.1; WOW64; rv:40.0) Gecko/20100101 Firefox/40.1" 
105.111.76.127 - - [31/Dec/2017:09:32:39 -0800] "GET /wp-login.php HTTP/1.1" 404 295 "-" "Mozilla/5.0 (Windows NT 6.1; WOW64; rv:40.0) Gecko/20100101 Firefox/40.1" 
105.111.76.127 - - [31/Dec/2017:09:32:45 -0800] "GET /wp-login.php HTTP/1.1" 404 295 "-" "Mozilla/5.0 (Windows NT 6.1; WOW64; rv:40.0) Gecko/20100101 Firefox/40.1" 
105.111.76.127 - - [31/Dec/2017:09:32:50 -0800] "GET / HTTP/1.1" 200 37415 "-" "Mozilla/5.0 (Windows NT 6.1; WOW64; rv:40.0) Gecko/20100101 Firefox/40.1" 
41.226.81.94 - - [31/Dec/2017:09:33:16 -0800] "GET / HTTP/1.1" 200 37415 "-" "Mozilla/5.0 (Windows NT 6.1; WOW64; rv:40.0) Gecko/20100101 Firefox/40.1" 
66.249.64.159 - - [31/Dec/2017:09:33:31 -0800] "GET /favicon.ico HTTP/1.1" 200 268 "-" "Googlebot-Image/1.0" 
2.51.183.169 - - [31/Dec/2017:09:44:31 -0800] "GET / HTTP/1.1" 200 11061 "-" "Mozilla/5.0 (Windows NT 10.0; Win64; x64) AppleWebKit/537.36 (KHTML, like Gecko) Chrome/58.0.3029.110 Safari/537.36 Edge/16.16299" 
2.51.183.169 - - [31/Dec/2017:09:44:31 -0800] "GET /twitter-icon.png HTTP/1.1" 200 27787 "http://www.secrepo.com/" "Mozilla/5.0 (Windows NT 10.0; Win64; x64) AppleWebKit/537.36 (KHTML, like Gecko) Chrome/58.0.3029.110 Safari/537.36 Edge/16.16299" 
2.51.183.169 - - [31/Dec/2017:09:44:31 -0800] "GET /GitHub-Mark.png HTTP/1.1" 200 7428 "http://www.secrepo.com/" "Mozilla/5.0 (Windows NT 10.0; Win64; x64) AppleWebKit/537.36 (KHTML, like Gecko) Chrome/58.0.3029.110 Safari/537.36 Edge/16.16299" 
2.51.183.169 - - [31/Dec/2017:09:44:32 -0800] "GET /bootstrap/img/favicon.ico HTTP/1.1" 200 590 "-" "Mozilla/5.0 (Windows NT 10.0; Win64; x64) AppleWebKit/537.36 (KHTML, like Gecko) Chrome/58.0.3029.110 Safari/537.36 Edge/16.16299" 
123.125.67.225 - - [31/Dec/2017:09:44:32 -0800] "GET /robots.txt HTTP/1.1" 200 297 "-" "Mozilla/5.0 (Windows NT 10.0; WOW64) AppleWebKit/537.36 (KHTML, like Gecko) Chrome/45.0.2454.93 Safari/537.36" 
96.233.74.107 - - [31/Dec/2017:09:46:55 -0800] "GET / HTTP/1.1" 200 11061 "-" "Mozilla/5.0 (iPhone; CPU iPhone OS 11_1_2 like Mac OS X) AppleWebKit/602.1.50 (KHTML, like Gecko) CriOS/56.0.2924.79 Mobile/15B202 Safari/602.1" 
96.233.74.107 - - [31/Dec/2017:09:46:55 -0800] "GET /twitter-icon.png HTTP/1.1" 200 27787 "http://www.secrepo.com/" "Mozilla/5.0 (iPhone; CPU iPhone OS 11_1_2 like Mac OS X) AppleWebKit/602.1.50 (KHTML, like Gecko) CriOS/56.0.2924.79 Mobile/15B202 Safari/602.1" 
157.55.39.21 - - [31/Dec/2017:09:53:18 -0800] "GET /robots.txt HTTP/1.1" 301 502 "-" "Mozilla/5.0 (compatible; bingbot/2.0; +http://www.bing.com/bingbot.htm)" 
157.55.39.21 - - [31/Dec/2017:09:53:19 -0800] "GET /robots.txt HTTP/1.1" 200 334 "-" "Mozilla/5.0 (compatible; bingbot/2.0; +http://www.bing.com/bingbot.htm)" 
216.244.66.227 - - [31/Dec/2017:09:55:21 -0800] "GET /robots.txt HTTP/1.1" 200 233 "-" "Mozilla/5.0 (compatible; DotBot/1.1; http://www.opensiteexplorer.org/dotbot, help@moz.com)" 
207.46.13.173 - - [31/Dec/2017:09:57:35 -0800] "GET /honeypot/honeypot%20-%20howto%20-%20bsides%20austin.pdf HTTP/1.1" 301 558 "-" "Mozilla/5.0 (iPhone; CPU iPhone OS 7_0 like Mac OS X) AppleWebKit/537.51.1 (KHTML, like Gecko) Version/7.0 Mobile/11A465 Safari/9537.53 (compatible; bingbot/2.0; +http://www.bing.com/bingbot.htm)" 
102.181.194.40 - - [31/Dec/2017:09:59:53 -0800] "GET /tg/tg_snort_fast.7z HTTP/1.1" 304 131 "-" "Mozilla/5.0 Gecko/20100115 Firefox/3.6" 
207.46.13.12 - - [31/Dec/2017:10:01:43 -0800] "GET /self.logs/access.log.2017-01-13.gz HTTP/1.1" 200 16676 "-" "Mozilla/5.0 (compatible; bingbot/2.0; +http://www.bing.com/bingbot.htm)" 
54.36.148.29 - - [31/Dec/2017:10:02:56 -0800] "GET /self.logs/access.log.2015-04-02.gz HTTP/1.1" 404 284 "-" "Mozilla/5.0 (compatible; AhrefsBot/5.2; +http://ahrefs.com/robot/)" 
207.46.13.173 - - [31/Dec/2017:10:14:21 -0800] "GET /honeypot/honeypot%20-%20howto%20-%20bsides%20austin.pdf HTTP/1.1" 404 340 "-" "Mozilla/5.0 (iPhone; CPU iPhone OS 7_0 like Mac OS X) AppleWebKit/537.51.1 (KHTML, like Gecko) Version/7.0 Mobile/11A465 Safari/9537.53 (compatible; bingbot/2.0; +http://www.bing.com/bingbot.htm)" 
60.52.18.30 - - [31/Dec/2017:10:17:14 -0800] "GET /wp-login.php HTTP/1.1" 404 295 "-" "Mozilla/5.0 (Windows NT 6.1; WOW64; rv:40.0) Gecko/20100101 Firefox/40.1" 
60.52.18.30 - - [31/Dec/2017:10:17:19 -0800] "GET /wp-login.php HTTP/1.1" 404 295 "-" "Mozilla/5.0 (Windows NT 6.1; WOW64; rv:40.0) Gecko/20100101 Firefox/40.1" 
60.52.18.30 - - [31/Dec/2017:10:17:25 -0800] "GET / HTTP/1.1" 200 37415 "-" "Mozilla/5.0 (Windows NT 6.1; WOW64; rv:40.0) Gecko/20100101 Firefox/40.1" 
216.244.66.227 - - [31/Dec/2017:10:28:54 -0800] "GET /robots.txt HTTP/1.1" 200 233 "-" "Mozilla/5.0 (compatible; DotBot/1.1; http://www.opensiteexplorer.org/dotbot, help@moz.com)" 
54.36.149.74 - - [31/Dec/2017:10:36:10 -0800] "GET /self.logs/access.log.2017-03-28.gz HTTP/1.1" 200 15444 "-" "Mozilla/5.0 (compatible; AhrefsBot/5.2; +http://ahrefs.com/robot/)" 
121.121.56.37 - - [31/Dec/2017:10:40:01 -0800] "GET /wp-login.php HTTP/1.1" 404 295 "-" "Mozilla/5.0 (Windows NT 6.1; WOW64; rv:40.0) Gecko/20100101 Firefox/40.1" 
121.121.56.37 - - [31/Dec/2017:10:40:07 -0800] "GET /wp-login.php HTTP/1.1" 404 295 "-" "Mozilla/5.0 (Windows NT 6.1; WOW64; rv:40.0) Gecko/20100101 Firefox/40.1" 
121.121.56.37 - - [31/Dec/2017:10:40:12 -0800] "GET / HTTP/1.1" 200 37415 "-" "Mozilla/5.0 (Windows NT 6.1; WOW64; rv:40.0) Gecko/20100101 Firefox/40.1" 
58.69.77.130 - - [31/Dec/2017:10:41:31 -0800] "GET /wp-login.php HTTP/1.1" 301 522 "-" "Mozilla/5.0 (Windows NT 6.1; WOW64; rv:40.0) Gecko/20100101 Firefox/40.1" 
58.69.77.130 - - [31/Dec/2017:10:41:31 -0800] "GET /wp-login.php HTTP/1.1" 404 295 "-" "Mozilla/5.0 (Windows NT 6.1; WOW64; rv:40.0) Gecko/20100101 Firefox/40.1" 
58.69.77.130 - - [31/Dec/2017:10:41:37 -0800] "GET /wp-login.php HTTP/1.1" 301 522 "-" "Mozilla/5.0 (Windows NT 6.1; WOW64; rv:40.0) Gecko/20100101 Firefox/40.1" 
58.69.77.130 - - [31/Dec/2017:10:41:37 -0800] "GET /wp-login.php HTTP/1.1" 404 295 "-" "Mozilla/5.0 (Windows NT 6.1; WOW64; rv:40.0) Gecko/20100101 Firefox/40.1" 
58.69.77.130 - - [31/Dec/2017:10:41:43 -0800] "GET / HTTP/1.1" 301 498 "-" "Mozilla/5.0 (Windows NT 6.1; WOW64; rv:40.0) Gecko/20100101 Firefox/40.1" 
58.69.77.130 - - [31/Dec/2017:10:41:43 -0800] "GET / HTTP/1.1" 200 37415 "-" "Mozilla/5.0 (Windows NT 6.1; WOW64; rv:40.0) Gecko/20100101 Firefox/40.1" 
207.46.13.33 - - [31/Dec/2017:10:42:09 -0800] "GET /self.logs/access.log.2017-04-13.gz HTTP/1.1" 200 23163 "-" "Mozilla/5.0 (compatible; bingbot/2.0; +http://www.bing.com/bingbot.htm)" 
86.120.239.143 - - [31/Dec/2017:10:44:46 -0800] "GET /wp-login.php HTTP/1.1" 404 295 "-" "Mozilla/5.0 (Windows NT 6.1; WOW64; rv:40.0) Gecko/20100101 Firefox/40.1" 
86.120.239.143 - - [31/Dec/2017:10:44:52 -0800] "GET /wp-login.php HTTP/1.1" 404 295 "-" "Mozilla/5.0 (Windows NT 6.1; WOW64; rv:40.0) Gecko/20100101 Firefox/40.1" 
86.120.239.143 - - [31/Dec/2017:10:44:57 -0800] "GET / HTTP/1.1" 200 37415 "-" "Mozilla/5.0 (Windows NT 6.1; WOW64; rv:40.0) Gecko/20100101 Firefox/40.1" 
54.36.149.50 - - [31/Dec/2017:10:54:51 -0800] "GET /self.logs/access.log.2016-05-04.gz HTTP/1.1" 404 284 "-" "Mozilla/5.0 (compatible; AhrefsBot/5.2; +http://ahrefs.com/robot/)" 
86.120.239.143 - - [31/Dec/2017:11:00:10 -0800] "GET /wp-login.php HTTP/1.1" 301 522 "-" "Mozilla/5.0 (Windows NT 6.1; WOW64; rv:40.0) Gecko/20100101 Firefox/40.1" 
86.120.239.143 - - [31/Dec/2017:11:00:10 -0800] "GET /wp-login.php HTTP/1.1" 404 295 "-" "Mozilla/5.0 (Windows NT 6.1; WOW64; rv:40.0) Gecko/20100101 Firefox/40.1" 
86.120.239.143 - - [31/Dec/2017:11:00:16 -0800] "GET /wp-login.php HTTP/1.1" 301 522 "-" "Mozilla/5.0 (Windows NT 6.1; WOW64; rv:40.0) Gecko/20100101 Firefox/40.1" 
86.120.239.143 - - [31/Dec/2017:11:00:16 -0800] "GET /wp-login.php HTTP/1.1" 404 295 "-" "Mozilla/5.0 (Windows NT 6.1; WOW64; rv:40.0) Gecko/20100101 Firefox/40.1" 
86.120.239.143 - - [31/Dec/2017:11:00:21 -0800] "GET / HTTP/1.1" 301 498 "-" "Mozilla/5.0 (Windows NT 6.1; WOW64; rv:40.0) Gecko/20100101 Firefox/40.1" 
86.120.239.143 - - [31/Dec/2017:11:00:22 -0800] "GET / HTTP/1.1" 200 37415 "-" "Mozilla/5.0 (Windows NT 6.1; WOW64; rv:40.0) Gecko/20100101 Firefox/40.1" 
216.244.66.227 - - [31/Dec/2017:11:00:39 -0800] "GET /robots.txt HTTP/1.1" 200 233 "-" "Mozilla/5.0 (compatible; DotBot/1.1; http://www.opensiteexplorer.org/dotbot, help@moz.com)" 
120.221.0.34 - - [31/Dec/2017:11:02:34 -0800] "GET /honeypot/Honeypot%20-%20Howto.pdf HTTP/1.1" 304 131 "-" "Mozilla/5.0 Gecko/20100115 Firefox/3.6" 
66.249.64.157 - - [31/Dec/2017:11:05:49 -0800] "GET /bootstrap/img/favicon.ico HTTP/1.1" 304 165 "-" "Googlebot-Image/1.0" 
120.221.1.28 - - [31/Dec/2017:11:07:38 -0800] "GET /maccdc2012/files.log.gz HTTP/1.1" 304 155 "-" "Mozilla/5.0 Gecko/20100115 Firefox/3.6" 
176.116.6.24 - - [31/Dec/2017:11:10:40 -0800] "GET / HTTP/1.1" 301 483 "-" "Mozilla/5.0 (Macintosh; Intel Mac OS X 10_12_5) AppleWebKit/537.36 (KHTML, like Gecko) Chrome/58.0.3029.110 Safari/537.36" 
176.116.6.24 - - [31/Dec/2017:11:10:40 -0800] "GET / HTTP/1.1" 200 11061 "-" "Mozilla/5.0 (Macintosh; Intel Mac OS X 10_12_5) AppleWebKit/537.36 (KHTML, like Gecko) Chrome/58.0.3029.110 Safari/537.36" 
77.75.77.54 - - [31/Dec/2017:11:12:43 -0800] "GET /robots.txt HTTP/1.1" 200 334 "-" "Mozilla/5.0 (compatible; SeznamBot/3.2; +http://napoveda.seznam.cz/en/seznambot-intro/)" 
77.75.77.54 - - [31/Dec/2017:11:12:45 -0800] "GET /pe_static/op-cleaver.zip HTTP/1.1" 200 710065 "-" "Mozilla/5.0 (compatible; SeznamBot/3.2; +http://napoveda.seznam.cz/en/seznambot-intro/)" 
80.39.136.120 - - [31/Dec/2017:11:12:53 -0800] "GET /wp-login.php HTTP/1.1" 404 295 "-" "Mozilla/5.0 (Windows NT 6.1; WOW64; rv:40.0) Gecko/20100101 Firefox/40.1" 
80.39.136.120 - - [31/Dec/2017:11:12:59 -0800] "GET /wp-login.php HTTP/1.1" 404 295 "-" "Mozilla/5.0 (Windows NT 6.1; WOW64; rv:40.0) Gecko/20100101 Firefox/40.1" 
80.39.136.120 - - [31/Dec/2017:11:13:04 -0800] "GET / HTTP/1.1" 200 37415 "-" "Mozilla/5.0 (Windows NT 6.1; WOW64; rv:40.0) Gecko/20100101 Firefox/40.1" 
80.39.136.120 - - [31/Dec/2017:11:13:28 -0800] "GET /wp-login.php HTTP/1.1" 301 522 "-" "Mozilla/5.0 (Windows NT 6.1; WOW64; rv:40.0) Gecko/20100101 Firefox/40.1" 
80.39.136.120 - - [31/Dec/2017:11:13:28 -0800] "GET /wp-login.php HTTP/1.1" 404 295 "-" "Mozilla/5.0 (Windows NT 6.1; WOW64; rv:40.0) Gecko/20100101 Firefox/40.1" 
80.39.136.120 - - [31/Dec/2017:11:13:34 -0800] "GET /wp-login.php HTTP/1.1" 301 522 "-" "Mozilla/5.0 (Windows NT 6.1; WOW64; rv:40.0) Gecko/20100101 Firefox/40.1" 
80.39.136.120 - - [31/Dec/2017:11:13:34 -0800] "GET /wp-login.php HTTP/1.1" 404 295 "-" "Mozilla/5.0 (Windows NT 6.1; WOW64; rv:40.0) Gecko/20100101 Firefox/40.1" 
80.39.136.120 - - [31/Dec/2017:11:13:39 -0800] "GET / HTTP/1.1" 301 498 "-" "Mozilla/5.0 (Windows NT 6.1; WOW64; rv:40.0) Gecko/20100101 Firefox/40.1" 
80.39.136.120 - - [31/Dec/2017:11:13:40 -0800] "GET / HTTP/1.1" 200 37415 "-" "Mozilla/5.0 (Windows NT 6.1; WOW64; rv:40.0) Gecko/20100101 Firefox/40.1" 
54.36.149.92 - - [31/Dec/2017:11:14:11 -0800] "GET /self.logs/2015/error.log.2015-12-18.gz HTTP/1.1" 200 502 "-" "Mozilla/5.0 (compatible; AhrefsBot/5.2; +http://ahrefs.com/robot/)" 
68.61.235.135 - - [31/Dec/2017:11:17:21 -0800] "GET /wp-login.php HTTP/1.1" 404 295 "-" "Mozilla/5.0 (Windows NT 6.1; WOW64; rv:40.0) Gecko/20100101 Firefox/40.1" 
68.61.235.135 - - [31/Dec/2017:11:17:26 -0800] "GET /wp-login.php HTTP/1.1" 404 295 "-" "Mozilla/5.0 (Windows NT 6.1; WOW64; rv:40.0) Gecko/20100101 Firefox/40.1" 
68.61.235.135 - - [31/Dec/2017:11:17:31 -0800] "GET / HTTP/1.1" 200 37415 "-" "Mozilla/5.0 (Windows NT 6.1; WOW64; rv:40.0) Gecko/20100101 Firefox/40.1" 
54.36.148.124 - - [31/Dec/2017:11:18:14 -0800] "GET /self.logs/2016/error.log.2016-07-31.gz HTTP/1.1" 200 1057 "-" "Mozilla/5.0 (compatible; AhrefsBot/5.2; +http://ahrefs.com/robot/)" 
121.121.56.37 - - [31/Dec/2017:11:18:55 -0800] "GET /wp-login.php HTTP/1.1" 301 522 "-" "Mozilla/5.0 (Windows NT 6.1; WOW64; rv:40.0) Gecko/20100101 Firefox/40.1" 
121.121.56.37 - - [31/Dec/2017:11:18:55 -0800] "GET /wp-login.php HTTP/1.1" 404 295 "-" "Mozilla/5.0 (Windows NT 6.1; WOW64; rv:40.0) Gecko/20100101 Firefox/40.1" 
121.121.56.37 - - [31/Dec/2017:11:19:01 -0800] "GET /wp-login.php HTTP/1.1" 301 522 "-" "Mozilla/5.0 (Windows NT 6.1; WOW64; rv:40.0) Gecko/20100101 Firefox/40.1" 
121.121.56.37 - - [31/Dec/2017:11:19:01 -0800] "GET /wp-login.php HTTP/1.1" 404 295 "-" "Mozilla/5.0 (Windows NT 6.1; WOW64; rv:40.0) Gecko/20100101 Firefox/40.1" 
121.121.56.37 - - [31/Dec/2017:11:19:07 -0800] "GET / HTTP/1.1" 301 498 "-" "Mozilla/5.0 (Windows NT 6.1; WOW64; rv:40.0) Gecko/20100101 Firefox/40.1" 
121.121.56.37 - - [31/Dec/2017:11:19:07 -0800] "GET / HTTP/1.1" 200 37415 "-" "Mozilla/5.0 (Windows NT 6.1; WOW64; rv:40.0) Gecko/20100101 Firefox/40.1" 
74.115.214.147 - - [31/Dec/2017:11:19:09 -0800] "HEAD / HTTP/1.1" 200 284 "http://uptime-eu.net/www.secrepo.com" "Mozilla/5.0 (compatible; Uptimebot/1.0; +http://www.uptime.com/uptimebot)" 
5.189.135.164 - - [31/Dec/2017:11:19:40 -0800] "GET / HTTP/1.1" 301 498 "-" "Seamonkey/2.9 (Arch Linux 2.1; ca;)" 
68.61.235.135 - - [31/Dec/2017:11:21:34 -0800] "GET /wp-login.php HTTP/1.1" 301 522 "-" "Mozilla/5.0 (Windows NT 6.1; WOW64; rv:40.0) Gecko/20100101 Firefox/40.1" 
68.61.235.135 - - [31/Dec/2017:11:21:34 -0800] "GET /wp-login.php HTTP/1.1" 404 295 "-" "Mozilla/5.0 (Windows NT 6.1; WOW64; rv:40.0) Gecko/20100101 Firefox/40.1" 
68.61.235.135 - - [31/Dec/2017:11:21:39 -0800] "GET /wp-login.php HTTP/1.1" 301 522 "-" "Mozilla/5.0 (Windows NT 6.1; WOW64; rv:40.0) Gecko/20100101 Firefox/40.1" 
68.61.235.135 - - [31/Dec/2017:11:21:39 -0800] "GET /wp-login.php HTTP/1.1" 404 295 "-" "Mozilla/5.0 (Windows NT 6.1; WOW64; rv:40.0) Gecko/20100101 Firefox/40.1" 
68.61.235.135 - - [31/Dec/2017:11:21:44 -0800] "GET / HTTP/1.1" 301 498 "-" "Mozilla/5.0 (Windows NT 6.1; WOW64; rv:40.0) Gecko/20100101 Firefox/40.1" 
68.61.235.135 - - [31/Dec/2017:11:21:44 -0800] "GET / HTTP/1.1" 200 37415 "-" "Mozilla/5.0 (Windows NT 6.1; WOW64; rv:40.0) Gecko/20100101 Firefox/40.1" 
162.210.196.100 - - [31/Dec/2017:11:22:18 -0800] "GET /robots.txt HTTP/1.1" 200 289 "-" "Mozilla/5.0 (compatible; MJ12bot/v1.4.8; http://mj12bot.com/)" 
162.210.196.100 - - [31/Dec/2017:11:22:19 -0800] "GET / HTTP/1.1" 200 37359 "-" "Mozilla/5.0 (compatible; MJ12bot/v1.4.8; http://mj12bot.com/)" 
54.36.149.98 - - [31/Dec/2017:11:23:21 -0800] "GET /self.logs/2016/error.log.2016-11-30.gz HTTP/1.1" 200 881 "-" "Mozilla/5.0 (compatible; AhrefsBot/5.2; +http://ahrefs.com/robot/)" 
54.36.148.90 - - [31/Dec/2017:11:23:57 -0800] "GET /self.logs/2015/error.log.2015-11-11.gz HTTP/1.1" 200 562 "-" "Mozilla/5.0 (compatible; AhrefsBot/5.2; +http://ahrefs.com/robot/)" 
54.36.148.49 - - [31/Dec/2017:11:29:56 -0800] "GET /self.logs/error.log.2017-06-14.gz HTTP/1.1" 200 926 "-" "Mozilla/5.0 (compatible; AhrefsBot/5.2; +http://ahrefs.com/robot/)" 
31.24.33.250 - - [31/Dec/2017:11:31:50 -0800] "GET /wp-admin/ HTTP/1.1" 301 479 "-" "-" 
216.244.66.227 - - [31/Dec/2017:11:32:51 -0800] "GET /robots.txt HTTP/1.1" 200 233 "-" "Mozilla/5.0 (compatible; DotBot/1.1; http://www.opensiteexplorer.org/dotbot, help@moz.com)" 
54.36.149.75 - - [31/Dec/2017:11:34:12 -0800] "GET /self.logs/2015/access.log.2015-04-28.gz HTTP/1.1" 200 9475 "-" "Mozilla/5.0 (compatible; AhrefsBot/5.2; +http://ahrefs.com/robot/)" 
174.53.192.254 - - [31/Dec/2017:11:35:24 -0800] "GET / HTTP/1.1" 200 11061 "-" "Mozilla/5.0 (Macintosh; Intel Mac OS X 10_13_1) AppleWebKit/604.3.5 (KHTML, like Gecko)" 
174.53.192.254 - - [31/Dec/2017:11:35:24 -0800] "GET /apple-touch-icon-precomposed.png HTTP/1.1" 404 340 "-" "Safari/13604.3.5 CFNetwork/889.9 Darwin/17.2.0 (x86_64)" 
174.53.192.254 - - [31/Dec/2017:11:35:24 -0800] "GET /apple-touch-icon.png HTTP/1.1" 404 339 "-" "Safari/13604.3.5 CFNetwork/889.9 Darwin/17.2.0 (x86_64)" 
174.53.192.254 - - [31/Dec/2017:11:35:25 -0800] "GET /bootstrap/img/favicon.ico HTTP/1.1" 200 589 "-" "Safari/13604.3.5 CFNetwork/889.9 Darwin/17.2.0 (x86_64)" 
174.53.192.254 - - [31/Dec/2017:11:35:25 -0800] "GET / HTTP/1.1" 200 11060 "-" "Mozilla/5.0 (iPhone; CPU iPhone OS 10_3 like Mac OS X) AppleWebKit/603.1.30 (KHTML, like Gecko) Version/10.3 Mobile/14E277 Safari/603.1.30" 
174.53.192.254 - - [31/Dec/2017:11:35:25 -0800] "GET /apple-touch-icon-precomposed.png HTTP/1.1" 404 339 "-" "Safari/13604.3.5 CFNetwork/889.9 Darwin/17.2.0 (x86_64)" 
174.53.192.254 - - [31/Dec/2017:11:35:25 -0800] "GET /apple-touch-icon.png HTTP/1.1" 404 339 "-" "Safari/13604.3.5 CFNetwork/889.9 Darwin/17.2.0 (x86_64)" 
174.53.192.254 - - [31/Dec/2017:11:35:25 -0800] "GET /bootstrap/img/favicon.ico HTTP/1.1" 200 589 "-" "Safari/13604.3.5 CFNetwork/889.9 Darwin/17.2.0 (x86_64)" 
14.215.176.12 - - [31/Dec/2017:11:42:11 -0800] "GET / HTTP/1.1" 200 11061 "http://www.baidu.com/s?wd=BPE" "Mozilla/5.0 (Windows NT 6.1; WOW64; rv:43.0) Gecko/20100101 Firefox/43.0" 
54.36.148.52 - - [31/Dec/2017:11:43:00 -0800] "GET /self.logs/access.log.2016-09-17.gz HTTP/1.1" 404 284 "-" "Mozilla/5.0 (compatible; AhrefsBot/5.2; +http://ahrefs.com/robot/)" 
54.70.40.11 - - [31/Dec/2017:11:43:18 -0800] "GET /robots.txt HTTP/1.1" 200 304 "-" "Mozilla/5.0 (compatible) SemanticScholarBot (+https://www.semanticscholar.org/crawler)" 
54.70.40.11 - - [31/Dec/2017:11:43:19 -0800] "GET / HTTP/1.1" 200 11005 "-" "Mozilla/5.0 (compatible) SemanticScholarBot (+https://www.semanticscholar.org/crawler)" 
74.208.180.149 - - [31/Dec/2017:11:52:23 -0800] "GET /wordpress/wp-admin/ HTTP/1.1" 301 499 "-" "-" 
23.253.92.35 - - [31/Dec/2017:11:55:37 -0800] "GET /robots.txt HTTP/1.1" 301 446 "-" "Tornado-Async-Client" 
23.253.92.35 - - [31/Dec/2017:11:55:37 -0800] "GET /robots.txt HTTP/1.1" 304 130 "-" "Tornado-Async-Client" 
23.253.92.35 - - [31/Dec/2017:11:55:37 -0800] "GET /honeypot/BSidesDFW%20-%202014.ipynb HTTP/1.1" 301 484 "-" "Tornado-Async-Client" 
23.253.92.35 - - [31/Dec/2017:11:55:37 -0800] "GET /honeypot/BSidesDFW%20-%202014.ipynb HTTP/1.1" 200 930780 "-" "Tornado-Async-Client" 
120.61.14.28 - - [31/Dec/2017:12:02:17 -0800] "GET /self.logs/ HTTP/1.1" 200 7393 "-" "Mozilla/5.0 (X11; Ubuntu; Linux x86_64; rv:57.0) Gecko/20100101 Firefox/57.0" 
120.61.14.28 - - [31/Dec/2017:12:02:20 -0800] "GET /favicon.ico HTTP/1.1" 200 267 "-" "Mozilla/5.0 (X11; Ubuntu; Linux x86_64; rv:57.0) Gecko/20100101 Firefox/57.0" 
210.209.123.81 - - [31/Dec/2017:12:02:31 -0800] "GET /blog/wp-admin/ HTTP/1.1" 301 489 "-" "-" 
216.244.66.227 - - [31/Dec/2017:12:04:29 -0800] "GET /robots.txt HTTP/1.1" 200 233 "-" "Mozilla/5.0 (compatible; DotBot/1.1; http://www.opensiteexplorer.org/dotbot, help@moz.com)" 
120.61.14.28 - - [31/Dec/2017:12:05:04 -0800] "GET /self.logs/ HTTP/1.1" 200 7393 "-" "Mozilla/5.0 (X11; Ubuntu; Linux x86_64; rv:57.0) Gecko/20100101 Firefox/57.0" 
120.61.14.28 - - [31/Dec/2017:12:08:36 -0800] "GET /self.logs/access.log.2017-01-01.gz HTTP/1.1" 200 17655 "http://www.secrepo.com/self.logs/" "Mozilla/5.0 (X11; Ubuntu; Linux x86_64; rv:57.0) Gecko/20100101 Firefox/57.0" 
120.61.14.28 - - [31/Dec/2017:12:08:45 -0800] "GET /self.logs/2016/ HTTP/1.1" 200 7741 "http://www.secrepo.com/self.logs/" "Mozilla/5.0 (X11; Ubuntu; Linux x86_64; rv:57.0) Gecko/20100101 Firefox/57.0" 
207.46.13.14 - - [31/Dec/2017:12:08:52 -0800] "GET /self.logs/error.log.2017-06-14.gz HTTP/1.1" 200 982 "-" "Mozilla/5.0 (compatible; bingbot/2.0; +http://www.bing.com/bingbot.htm)" 
91.121.93.7 - - [31/Dec/2017:12:12:32 -0800] "GET /wp/wp-admin/ HTTP/1.1" 301 485 "-" "-" 
190.100.54.186 - - [31/Dec/2017:12:14:08 -0800] "GET /honeypot/Honeypot%20-%20Howto.pdf HTTP/1.1" 200 1279418 "http://www.secrepo.com/" "Mozilla/5.0 (Windows NT 6.3; WOW64; Trident/7.0; rv:11.0) like Gecko" 
54.36.149.80 - - [31/Dec/2017:12:19:59 -0800] "GET /self.logs/access.log.2016-12-16.gz HTTP/1.1" 404 284 "-" "Mozilla/5.0 (compatible; AhrefsBot/5.2; +http://ahrefs.com/robot/)" 
60.52.18.30 - - [31/Dec/2017:12:21:36 -0800] "GET /wp-login.php HTTP/1.1" 301 522 "-" "Mozilla/5.0 (Windows NT 6.1; WOW64; rv:40.0) Gecko/20100101 Firefox/40.1" 
60.52.18.30 - - [31/Dec/2017:12:21:37 -0800] "GET /wp-login.php HTTP/1.1" 404 295 "-" "Mozilla/5.0 (Windows NT 6.1; WOW64; rv:40.0) Gecko/20100101 Firefox/40.1" 
60.52.18.30 - - [31/Dec/2017:12:21:43 -0800] "GET /wp-login.php HTTP/1.1" 301 522 "-" "Mozilla/5.0 (Windows NT 6.1; WOW64; rv:40.0) Gecko/20100101 Firefox/40.1" 
60.52.18.30 - - [31/Dec/2017:12:21:43 -0800] "GET /wp-login.php HTTP/1.1" 404 295 "-" "Mozilla/5.0 (Windows NT 6.1; WOW64; rv:40.0) Gecko/20100101 Firefox/40.1" 
60.52.18.30 - - [31/Dec/2017:12:21:49 -0800] "GET / HTTP/1.1" 301 498 "-" "Mozilla/5.0 (Windows NT 6.1; WOW64; rv:40.0) Gecko/20100101 Firefox/40.1" 
60.52.18.30 - - [31/Dec/2017:12:21:50 -0800] "GET / HTTP/1.1" 200 37415 "-" "Mozilla/5.0 (Windows NT 6.1; WOW64; rv:40.0) Gecko/20100101 Firefox/40.1" 
23.238.18.159 - - [31/Dec/2017:12:22:40 -0800] "GET /old/wp-admin/ HTTP/1.1" 301 487 "-" "-" 
216.244.66.227 - - [31/Dec/2017:12:31:37 -0800] "GET /robots.txt HTTP/1.1" 200 233 "-" "Mozilla/5.0 (compatible; DotBot/1.1; http://www.opensiteexplorer.org/dotbot, help@moz.com)" 
119.153.245.74 - - [31/Dec/2017:12:41:56 -0800] "GET /wp-login.php HTTP/1.1" 404 295 "-" "Mozilla/5.0 (Windows NT 6.1; WOW64; rv:40.0) Gecko/20100101 Firefox/40.1" 
119.153.245.74 - - [31/Dec/2017:12:42:02 -0800] "GET /wp-login.php HTTP/1.1" 404 295 "-" "Mozilla/5.0 (Windows NT 6.1; WOW64; rv:40.0) Gecko/20100101 Firefox/40.1" 
119.153.245.74 - - [31/Dec/2017:12:42:08 -0800] "GET / HTTP/1.1" 200 37415 "-" "Mozilla/5.0 (Windows NT 6.1; WOW64; rv:40.0) Gecko/20100101 Firefox/40.1" 
207.46.13.33 - - [31/Dec/2017:12:45:42 -0800] "GET /honeypot/Honeypot%20-%20Howto%20-%20BSides%20Austin.pdf HTTP/1.1" 200 2928460 "-" "Mozilla/5.0 (iPhone; CPU iPhone OS 7_0 like Mac OS X) AppleWebKit/537.51.1 (KHTML, like Gecko) Version/7.0 Mobile/11A465 Safari/9537.53 (compatible; bingbot/2.0; +http://www.bing.com/bingbot.htm)" 
66.249.64.129 - - [31/Dec/2017:12:47:20 -0800] "GET /favicon.ico HTTP/1.1" 304 163 "-" "Googlebot-Image/1.0" 
69.181.122.30 - - [31/Dec/2017:12:50:33 -0800] "GET /bootstrap/img/favicon.ico HTTP/1.1" 200 590 "-" "Mozilla/5.0 (Macintosh; Intel Mac OS X 10.13; rv:59.0) Gecko/20100101 Firefox/59.0" 
54.36.149.37 - - [31/Dec/2017:12:51:35 -0800] "GET /self.logs/2015/error.log.2015-08-20.gz HTTP/1.1" 200 898 "-" "Mozilla/5.0 (compatible; AhrefsBot/5.2; +http://ahrefs.com/robot/)" 
216.244.66.227 - - [31/Dec/2017:12:56:52 -0800] "GET /robots.txt HTTP/1.1" 200 233 "-" "Mozilla/5.0 (compatible; DotBot/1.1; http://www.opensiteexplorer.org/dotbot, help@moz.com)" 
42.236.10.74 - - [31/Dec/2017:12:58:10 -0800] "GET / HTTP/1.1" 301 483 "http://secrepo.com/" "Mozilla/5.0 (Windows NT 6.1; WOW64) AppleWebKit/537.36 (KHTML, like Gecko) Chrome/50.0.2661.102 Safari/537.36; 360Spider" 
42.236.48.121 - - [31/Dec/2017:12:58:10 -0800] "GET /self.logs/ HTTP/1.1" 200 7393 "http://www.secrepo.com/self.logs/" "Mozilla/5.0 (Windows NT 6.1; WOW64) AppleWebKit/537.36 (KHTML, like Gecko) Chrome/50.0.2661.102 Safari/537.36; 360Spider" 
42.236.10.82 - - [31/Dec/2017:12:58:10 -0800] "GET / HTTP/1.1" 200 11061 "http://www.secrepo.com/" "Mozilla/5.0 (Windows NT 6.1; WOW64) AppleWebKit/537.36 (KHTML, like Gecko) Chrome/50.0.2661.102 Safari/537.36; 360Spider" 
42.236.10.81 - - [31/Dec/2017:12:58:11 -0800] "GET / HTTP/1.1" 200 11061 "http://www.secrepo.com/" "Mozilla/5.0 (Windows NT 6.1; WOW64) AppleWebKit/537.36 (KHTML, like Gecko) Chrome/50.0.2661.102 Safari/537.36; 360Spider" 
42.236.39.162 - - [31/Dec/2017:12:58:10 -0800] "GET /maccdc2012/files.log.gz HTTP/1.1" 200 2049522 "http://www.secrepo.com/maccdc2012/files.log.gz" "Mozilla/5.0 (Windows NT 6.1; WOW64) AppleWebKit/537.36 (KHTML, like Gecko) Chrome/50.0.2661.102 Safari/537.36; 360Spider" 
142.234.115.154 - - [31/Dec/2017:13:17:58 -0800] "HEAD / HTTP/1.1" 200 284 "http://uptime-us.net/www.secrepo.com" "Mozilla/5.0 (compatible; Uptimebot/1.0; +http://www.uptime.com/uptimebot)" 
216.244.66.227 - - [31/Dec/2017:13:22:59 -0800] "GET /robots.txt HTTP/1.1" 200 233 "-" "Mozilla/5.0 (compatible; DotBot/1.1; http://www.opensiteexplorer.org/dotbot, help@moz.com)" 
54.36.148.116 - - [31/Dec/2017:13:24:56 -0800] "GET /self.logs/2015/access.log.2015-11-06.gz HTTP/1.1" 200 8600 "-" "Mozilla/5.0 (compatible; AhrefsBot/5.2; +http://ahrefs.com/robot/)" 
103.217.234.248 - - [31/Dec/2017:13:37:32 -0800] "GET /wp-login.php HTTP/1.1" 404 295 "-" "Mozilla/5.0 (Windows NT 6.1; WOW64; rv:40.0) Gecko/20100101 Firefox/40.1" 
103.217.234.248 - - [31/Dec/2017:13:37:38 -0800] "GET /wp-login.php HTTP/1.1" 404 295 "-" "Mozilla/5.0 (Windows NT 6.1; WOW64; rv:40.0) Gecko/20100101 Firefox/40.1" 
103.217.234.248 - - [31/Dec/2017:13:37:44 -0800] "GET / HTTP/1.1" 200 37415 "-" "Mozilla/5.0 (Windows NT 6.1; WOW64; rv:40.0) Gecko/20100101 Firefox/40.1" 
66.249.64.129 - - [31/Dec/2017:13:38:20 -0800] "GET /bootstrap/img/favicon.ico HTTP/1.1" 304 165 "-" "Googlebot-Image/1.0" 
52.168.161.70 - - [31/Dec/2017:13:39:24 -0800] "HEAD / HTTP/1.1" 200 282 "https://www.google.com/" "Mozilla/5.0 (compatible; epicbot; +http://www.epictions.com/epicbot)" 
52.168.161.70 - - [31/Dec/2017:13:39:26 -0800] "HEAD / HTTP/1.1" 200 282 "https://www.google.com/" "Mozilla/5.0 (compatible; epicbot; +http://www.epictions.com/epicbot)" 
52.168.161.70 - - [31/Dec/2017:13:39:26 -0800] "HEAD / HTTP/1.1" 200 282 "https://www.google.com/" "Mozilla/5.0 (compatible; epicbot; +http://www.epictions.com/epicbot)" 
103.217.234.248 - - [31/Dec/2017:13:39:52 -0800] "GET /wp-login.php HTTP/1.1" 301 522 "-" "Mozilla/5.0 (Windows NT 6.1; WOW64; rv:40.0) Gecko/20100101 Firefox/40.1" 
103.217.234.248 - - [31/Dec/2017:13:39:53 -0800] "GET /wp-login.php HTTP/1.1" 404 295 "-" "Mozilla/5.0 (Windows NT 6.1; WOW64; rv:40.0) Gecko/20100101 Firefox/40.1" 
103.217.234.248 - - [31/Dec/2017:13:39:58 -0800] "GET /wp-login.php HTTP/1.1" 301 522 "-" "Mozilla/5.0 (Windows NT 6.1; WOW64; rv:40.0) Gecko/20100101 Firefox/40.1" 
103.217.234.248 - - [31/Dec/2017:13:39:59 -0800] "GET /wp-login.php HTTP/1.1" 404 295 "-" "Mozilla/5.0 (Windows NT 6.1; WOW64; rv:40.0) Gecko/20100101 Firefox/40.1" 
103.217.234.248 - - [31/Dec/2017:13:40:05 -0800] "GET / HTTP/1.1" 301 498 "-" "Mozilla/5.0 (Windows NT 6.1; WOW64; rv:40.0) Gecko/20100101 Firefox/40.1" 
103.217.234.248 - - [31/Dec/2017:13:40:05 -0800] "GET / HTTP/1.1" 200 37415 "-" "Mozilla/5.0 (Windows NT 6.1; WOW64; rv:40.0) Gecko/20100101 Firefox/40.1" 
216.244.66.227 - - [31/Dec/2017:13:50:47 -0800] "GET /robots.txt HTTP/1.1" 200 233 "-" "Mozilla/5.0 (compatible; DotBot/1.1; http://www.opensiteexplorer.org/dotbot, help@moz.com)" 
120.221.0.34 - - [31/Dec/2017:14:02:36 -0800] "GET /honeypot/Honeypot%20-%20Howto.pdf HTTP/1.1" 304 131 "-" "Mozilla/5.0 Gecko/20100115 Firefox/3.6" 
120.221.1.28 - - [31/Dec/2017:14:07:39 -0800] "GET /maccdc2012/files.log.gz HTTP/1.1" 304 155 "-" "Mozilla/5.0 Gecko/20100115 Firefox/3.6" 
99.22.55.65 - - [31/Dec/2017:14:08:19 -0800] "GET / HTTP/1.1" 200 11061 "-" "Mozilla/5.0 (iPad; CPU OS 7_0_3 like Mac OS X) AppleWebKit/537.51.1 (KHTML, like Gecko) Version/7.0 Mobile/11B511 Safari/9537.53" 
99.22.55.65 - - [31/Dec/2017:14:08:19 -0800] "GET /twitter-icon.png HTTP/1.1" 200 27787 "http://www.secrepo.com/" "Mozilla/5.0 (iPad; CPU OS 7_0_3 like Mac OS X) AppleWebKit/537.51.1 (KHTML, like Gecko) Version/7.0 Mobile/11B511 Safari/9537.53" 
99.22.55.65 - - [31/Dec/2017:14:08:19 -0800] "GET /GitHub-Mark.png HTTP/1.1" 200 7428 "http://www.secrepo.com/" "Mozilla/5.0 (iPad; CPU OS 7_0_3 like Mac OS X) AppleWebKit/537.51.1 (KHTML, like Gecko) Version/7.0 Mobile/11B511 Safari/9537.53" 
216.244.66.227 - - [31/Dec/2017:14:24:59 -0800] "GET /robots.txt HTTP/1.1" 200 233 "-" "Mozilla/5.0 (compatible; DotBot/1.1; http://www.opensiteexplorer.org/dotbot, help@moz.com)" 
66.102.6.158 - - [31/Dec/2017:14:31:59 -0800] "GET / HTTP/1.1" 200 11061 "-" "Mozilla/5.0 (X11; Linux x86_64) AppleWebKit/537.36 (KHTML, like Gecko) Chrome/49.0.2623.75 Safari/537.36 Google Favicon" 
66.102.6.129 - - [31/Dec/2017:14:31:59 -0800] "GET /bootstrap/img/favicon.ico HTTP/1.1" 200 590 "-" "Mozilla/5.0 (X11; Linux x86_64) AppleWebKit/537.36 (KHTML, like Gecko) Chrome/49.0.2623.75 Safari/537.36 Google Favicon" 
209.15.209.89 - - [31/Dec/2017:14:40:12 -0800] "HEAD / HTTP/1.1" 200 239 "-" "-" 
41.105.7.185 - - [31/Dec/2017:14:40:13 -0800] "GET / HTTP/1.1" 200 11061 "https://www.researchgate.net/" "Mozilla/5.0 (Windows NT 6.1; rv:57.0) Gecko/20100101 Firefox/57.0" 
41.105.7.185 - - [31/Dec/2017:14:40:14 -0800] "GET /bootstrap/img/favicon.ico HTTP/1.1" 200 589 "-" "Mozilla/5.0 (Windows NT 6.1; rv:57.0) Gecko/20100101 Firefox/57.0" 
41.105.7.185 - - [31/Dec/2017:14:40:14 -0800] "GET /GitHub-Mark.png HTTP/1.1" 200 7428 "http://www.secrepo.com/" "Mozilla/5.0 (Windows NT 6.1; rv:57.0) Gecko/20100101 Firefox/57.0" 
41.105.7.185 - - [31/Dec/2017:14:40:14 -0800] "GET /twitter-icon.png HTTP/1.1" 200 27788 "http://www.secrepo.com/" "Mozilla/5.0 (Windows NT 6.1; rv:57.0) Gecko/20100101 Firefox/57.0" 
24.21.69.159 - - [31/Dec/2017:14:40:58 -0800] "GET / HTTP/1.1" 200 11061 "-" "Mozilla/5.0 (X11; Ubuntu; Linux x86_64; rv:54.0) Gecko/20100101 Firefox/54.0" 
24.21.69.159 - - [31/Dec/2017:14:40:59 -0800] "GET /bootstrap/img/favicon.ico HTTP/1.1" 200 589 "-" "Mozilla/5.0 (X11; Ubuntu; Linux x86_64; rv:54.0) Gecko/20100101 Firefox/54.0" 
24.21.69.159 - - [31/Dec/2017:14:40:59 -0800] "GET /twitter-icon.png HTTP/1.1" 200 27787 "http://www.secrepo.com/" "Mozilla/5.0 (X11; Ubuntu; Linux x86_64; rv:54.0) Gecko/20100101 Firefox/54.0" 
24.21.69.159 - - [31/Dec/2017:14:40:59 -0800] "GET /GitHub-Mark.png HTTP/1.1" 200 7428 "http://www.secrepo.com/" "Mozilla/5.0 (X11; Ubuntu; Linux x86_64; rv:54.0) Gecko/20100101 Firefox/54.0" 
24.21.69.159 - - [31/Dec/2017:14:41:28 -0800] "GET /maccdc2012/dhcp.log.gz HTTP/1.1" 200 45019 "http://www.secrepo.com/" "Mozilla/5.0 (X11; Ubuntu; Linux x86_64; rv:54.0) Gecko/20100101 Firefox/54.0" 
24.21.69.159 - - [31/Dec/2017:14:41:31 -0800] "GET /maccdc2012/dns.log.gz HTTP/1.1" 200 6629420 "http://www.secrepo.com/" "Mozilla/5.0 (X11; Ubuntu; Linux x86_64; rv:54.0) Gecko/20100101 Firefox/54.0" 
24.21.69.159 - - [31/Dec/2017:14:41:37 -0800] "GET /maccdc2012/ftp.log.gz HTTP/1.1" 200 128115 "http://www.secrepo.com/" "Mozilla/5.0 (X11; Ubuntu; Linux x86_64; rv:54.0) Gecko/20100101 Firefox/54.0" 
24.21.69.159 - - [31/Dec/2017:14:41:43 -0800] "GET /maccdc2012/notice.log.gz HTTP/1.1" 200 20779 "http://www.secrepo.com/" "Mozilla/5.0 (X11; Ubuntu; Linux x86_64; rv:54.0) Gecko/20100101 Firefox/54.0" 
24.21.69.159 - - [31/Dec/2017:14:41:46 -0800] "GET /maccdc2012/signatures.log.gz HTTP/1.1" 200 605 "http://www.secrepo.com/" "Mozilla/5.0 (X11; Ubuntu; Linux x86_64; rv:54.0) Gecko/20100101 Firefox/54.0" 
24.21.69.159 - - [31/Dec/2017:14:41:49 -0800] "GET /maccdc2012/smtp.log.gz HTTP/1.1" 200 6908 "http://www.secrepo.com/" "Mozilla/5.0 (X11; Ubuntu; Linux x86_64; rv:54.0) Gecko/20100101 Firefox/54.0" 
24.21.69.159 - - [31/Dec/2017:14:41:40 -0800] "GET /maccdc2012/http.log.gz HTTP/1.1" 200 54258816 "http://www.secrepo.com/" "Mozilla/5.0 (X11; Ubuntu; Linux x86_64; rv:54.0) Gecko/20100101 Firefox/54.0" 
24.21.69.159 - - [31/Dec/2017:14:41:52 -0800] "GET /maccdc2012/ssh.log.gz HTTP/1.1" 200 182517 "http://www.secrepo.com/" "Mozilla/5.0 (X11; Ubuntu; Linux x86_64; rv:54.0) Gecko/20100101 Firefox/54.0" 
24.21.69.159 - - [31/Dec/2017:14:41:34 -0800] "GET /maccdc2012/files.log.gz HTTP/1.1" 200 51408672 "http://www.secrepo.com/" "Mozilla/5.0 (X11; Ubuntu; Linux x86_64; rv:54.0) Gecko/20100101 Firefox/54.0" 
24.21.69.159 - - [31/Dec/2017:14:41:56 -0800] "GET /maccdc2012/ssl.log.gz HTTP/1.1" 200 1313675 "http://www.secrepo.com/" "Mozilla/5.0 (X11; Ubuntu; Linux x86_64; rv:54.0) Gecko/20100101 Firefox/54.0" 
24.21.69.159 - - [31/Dec/2017:14:42:00 -0800] "GET /maccdc2012/tunnel.log.gz HTTP/1.1" 200 5228 "http://www.secrepo.com/" "Mozilla/5.0 (X11; Ubuntu; Linux x86_64; rv:54.0) Gecko/20100101 Firefox/54.0" 
24.21.69.159 - - [31/Dec/2017:14:42:03 -0800] "GET /maccdc2012/weird.log.gz HTTP/1.1" 200 1242777 "http://www.secrepo.com/" "Mozilla/5.0 (X11; Ubuntu; Linux x86_64; rv:54.0) Gecko/20100101 Firefox/54.0" 
24.21.69.159 - - [31/Dec/2017:14:41:23 -0800] "GET /maccdc2012/conn.log.gz HTTP/1.1" 200 551041635 "http://www.secrepo.com/" "Mozilla/5.0 (X11; Ubuntu; Linux x86_64; rv:54.0) Gecko/20100101 Firefox/54.0" 
79.178.21.229 - - [31/Dec/2017:14:48:35 -0800] "GET /bootstrap/img/favicon.ico HTTP/1.1" 304 165 "-" "Mozilla/5.0 (Windows NT 10.0; Win64; x64; rv:57.0) Gecko/20100101 Firefox/57.0" 
52.168.161.70 - - [31/Dec/2017:14:55:02 -0800] "HEAD / HTTP/1.1" 301 253 "https://www.google.com/" "Mozilla/5.0 (compatible; epicbot; +http://www.epictions.com/epicbot)" 
52.168.161.70 - - [31/Dec/2017:14:55:02 -0800] "HEAD / HTTP/1.1" 301 253 "https://www.google.com/" "Mozilla/5.0 (compatible; epicbot; +http://www.epictions.com/epicbot)" 
52.168.161.70 - - [31/Dec/2017:14:55:02 -0800] "HEAD / HTTP/1.1" 301 253 "https://www.google.com/" "Mozilla/5.0 (compatible; epicbot; +http://www.epictions.com/epicbot)" 
52.168.161.70 - - [31/Dec/2017:14:55:02 -0800] "HEAD / HTTP/1.1" 301 253 "https://www.google.com/" "Mozilla/5.0 (compatible; epicbot; +http://www.epictions.com/epicbot)" 
52.168.161.70 - - [31/Dec/2017:14:55:02 -0800] "HEAD / HTTP/1.1" 301 253 "https://www.google.com/" "Mozilla/5.0 (compatible; epicbot; +http://www.epictions.com/epicbot)" 
52.168.161.70 - - [31/Dec/2017:14:55:02 -0800] "HEAD / HTTP/1.1" 301 253 "https://www.google.com/" "Mozilla/5.0 (compatible; epicbot; +http://www.epictions.com/epicbot)" 
52.168.161.70 - - [31/Dec/2017:14:55:02 -0800] "HEAD / HTTP/1.1" 301 253 "https://www.google.com/" "Mozilla/5.0 (compatible; epicbot; +http://www.epictions.com/epicbot)" 
52.168.161.70 - - [31/Dec/2017:14:55:02 -0800] "HEAD / HTTP/1.1" 301 253 "https://www.google.com/" "Mozilla/5.0 (compatible; epicbot; +http://www.epictions.com/epicbot)" 
52.168.161.70 - - [31/Dec/2017:14:55:02 -0800] "HEAD / HTTP/1.1" 301 253 "https://www.google.com/" "Mozilla/5.0 (compatible; epicbot; +http://www.epictions.com/epicbot)" 
52.168.161.70 - - [31/Dec/2017:14:55:02 -0800] "HEAD / HTTP/1.1" 301 253 "https://www.google.com/" "Mozilla/5.0 (compatible; epicbot; +http://www.epictions.com/epicbot)" 
52.168.161.70 - - [31/Dec/2017:14:55:02 -0800] "HEAD / HTTP/1.1" 301 253 "https://www.google.com/" "Mozilla/5.0 (compatible; epicbot; +http://www.epictions.com/epicbot)" 
52.168.161.70 - - [31/Dec/2017:14:55:02 -0800] "HEAD / HTTP/1.1" 301 253 "https://www.google.com/" "Mozilla/5.0 (compatible; epicbot; +http://www.epictions.com/epicbot)" 
52.168.161.70 - - [31/Dec/2017:14:55:02 -0800] "HEAD / HTTP/1.1" 200 282 "https://www.google.com/" "Mozilla/5.0 (compatible; epicbot; +http://www.epictions.com/epicbot)" 
52.168.161.70 - - [31/Dec/2017:14:55:04 -0800] "HEAD / HTTP/1.1" 301 253 "https://www.google.com/" "Mozilla/5.0 (compatible; epicbot; +http://www.epictions.com/epicbot)" 
52.168.161.70 - - [31/Dec/2017:14:55:04 -0800] "HEAD / HTTP/1.1" 301 253 "https://www.google.com/" "Mozilla/5.0 (compatible; epicbot; +http://www.epictions.com/epicbot)" 
52.168.161.70 - - [31/Dec/2017:14:55:04 -0800] "HEAD / HTTP/1.1" 301 253 "https://www.google.com/" "Mozilla/5.0 (compatible; epicbot; +http://www.epictions.com/epicbot)" 
52.168.161.70 - - [31/Dec/2017:14:55:04 -0800] "HEAD / HTTP/1.1" 301 253 "https://www.google.com/" "Mozilla/5.0 (compatible; epicbot; +http://www.epictions.com/epicbot)" 
52.168.161.70 - - [31/Dec/2017:14:55:04 -0800] "HEAD / HTTP/1.1" 301 253 "https://www.google.com/" "Mozilla/5.0 (compatible; epicbot; +http://www.epictions.com/epicbot)" 
52.168.161.70 - - [31/Dec/2017:14:55:04 -0800] "HEAD / HTTP/1.1" 301 253 "https://www.google.com/" "Mozilla/5.0 (compatible; epicbot; +http://www.epictions.com/epicbot)" 
52.168.161.70 - - [31/Dec/2017:14:55:04 -0800] "HEAD / HTTP/1.1" 301 253 "https://www.google.com/" "Mozilla/5.0 (compatible; epicbot; +http://www.epictions.com/epicbot)" 
52.168.161.70 - - [31/Dec/2017:14:55:04 -0800] "HEAD / HTTP/1.1" 301 253 "https://www.google.com/" "Mozilla/5.0 (compatible; epicbot; +http://www.epictions.com/epicbot)" 
52.168.161.70 - - [31/Dec/2017:14:55:04 -0800] "HEAD / HTTP/1.1" 301 253 "https://www.google.com/" "Mozilla/5.0 (compatible; epicbot; +http://www.epictions.com/epicbot)" 
52.168.161.70 - - [31/Dec/2017:14:55:04 -0800] "HEAD / HTTP/1.1" 301 253 "https://www.google.com/" "Mozilla/5.0 (compatible; epicbot; +http://www.epictions.com/epicbot)" 
52.168.161.70 - - [31/Dec/2017:14:55:04 -0800] "HEAD / HTTP/1.1" 301 253 "https://www.google.com/" "Mozilla/5.0 (compatible; epicbot; +http://www.epictions.com/epicbot)" 
52.168.161.70 - - [31/Dec/2017:14:55:04 -0800] "HEAD / HTTP/1.1" 301 253 "https://www.google.com/" "Mozilla/5.0 (compatible; epicbot; +http://www.epictions.com/epicbot)" 
52.168.161.70 - - [31/Dec/2017:14:55:04 -0800] "HEAD / HTTP/1.1" 301 253 "https://www.google.com/" "Mozilla/5.0 (compatible; epicbot; +http://www.epictions.com/epicbot)" 
52.168.161.70 - - [31/Dec/2017:14:55:04 -0800] "HEAD / HTTP/1.1" 301 253 "https://www.google.com/" "Mozilla/5.0 (compatible; epicbot; +http://www.epictions.com/epicbot)" 
52.168.161.70 - - [31/Dec/2017:14:55:04 -0800] "HEAD / HTTP/1.1" 301 253 "https://www.google.com/" "Mozilla/5.0 (compatible; epicbot; +http://www.epictions.com/epicbot)" 
52.168.161.70 - - [31/Dec/2017:14:55:04 -0800] "HEAD / HTTP/1.1" 301 253 "https://www.google.com/" "Mozilla/5.0 (compatible; epicbot; +http://www.epictions.com/epicbot)" 
52.168.161.70 - - [31/Dec/2017:14:55:04 -0800] "HEAD / HTTP/1.1" 301 253 "https://www.google.com/" "Mozilla/5.0 (compatible; epicbot; +http://www.epictions.com/epicbot)" 
52.168.161.70 - - [31/Dec/2017:14:55:04 -0800] "HEAD / HTTP/1.1" 301 253 "https://www.google.com/" "Mozilla/5.0 (compatible; epicbot; +http://www.epictions.com/epicbot)" 
52.168.161.70 - - [31/Dec/2017:14:55:05 -0800] "HEAD / HTTP/1.1" 200 282 "https://www.google.com/" "Mozilla/5.0 (compatible; epicbot; +http://www.epictions.com/epicbot)" 
52.168.161.70 - - [31/Dec/2017:14:55:05 -0800] "HEAD / HTTP/1.1" 200 282 "https://www.google.com/" "Mozilla/5.0 (compatible; epicbot; +http://www.epictions.com/epicbot)" 
52.168.161.70 - - [31/Dec/2017:14:55:05 -0800] "HEAD / HTTP/1.1" 301 253 "https://www.google.com/" "Mozilla/5.0 (compatible; epicbot; +http://www.epictions.com/epicbot)" 
