93.39.185.77 - - [23/Dec/2017:14:34:56 -0800] "GET / HTTP/1.1" 200 37415 "-" "Mozilla/5.0 (Windows NT 6.1; WOW64; rv:40.0) Gecko/20100101 Firefox/40.1" 
54.36.148.140 - - [23/Dec/2017:14:36:13 -0800] "GET /self.logs/2015/access.log.2015-10-18.gz HTTP/1.1" 200 4357 "-" "Mozilla/5.0 (compatible; AhrefsBot/5.2; +http://ahrefs.com/robot/)" 
216.244.66.198 - - [23/Dec/2017:14:38:08 -0800] "GET /robots.txt HTTP/1.1" 200 233 "-" "Mozilla/5.0 (compatible; DotBot/1.1; http://www.opensiteexplorer.org/dotbot, help@moz.com)" 
42.236.99.218 - - [23/Dec/2017:14:39:07 -0800] "GET / HTTP/1.1" 200 11061 "http://www.secrepo.com/" "Mozilla/5.0 (Windows NT 6.1; WOW64) AppleWebKit/537.36 (KHTML, like Gecko) Chrome/50.0.2661.102 Safari/537.36; 360Spider" 
66.249.64.129 - - [23/Dec/2017:14:47:51 -0800] "GET /bootstrap/img/favicon.ico HTTP/1.1" 304 165 "-" "Googlebot-Image/1.0" 
216.244.66.227 - - [23/Dec/2017:14:52:08 -0800] "GET /robots.txt HTTP/1.1" 200 233 "-" "Mozilla/5.0 (compatible; DotBot/1.1; http://www.opensiteexplorer.org/dotbot, help@moz.com)" 
54.36.148.99 - - [23/Dec/2017:14:59:51 -0800] "GET /self.logs/access.log.2015-05-08.gz HTTP/1.1" 404 284 "-" "Mozilla/5.0 (compatible; AhrefsBot/5.2; +http://ahrefs.com/robot/)" 
52.168.161.70 - - [23/Dec/2017:15:05:57 -0800] "HEAD / HTTP/1.1" 301 253 "https://www.google.com/" "Mozilla/5.0 (compatible; epicbot; +http://www.epictions.com/epicbot)" 
52.168.161.70 - - [23/Dec/2017:15:05:57 -0800] "HEAD / HTTP/1.1" 301 253 "https://www.google.com/" "Mozilla/5.0 (compatible; epicbot; +http://www.epictions.com/epicbot)" 
52.168.161.70 - - [23/Dec/2017:15:05:57 -0800] "HEAD / HTTP/1.1" 301 253 "https://www.google.com/" "Mozilla/5.0 (compatible; epicbot; +http://www.epictions.com/epicbot)" 
52.168.161.70 - - [23/Dec/2017:15:05:57 -0800] "HEAD / HTTP/1.1" 301 253 "https://www.google.com/" "Mozilla/5.0 (compatible; epicbot; +http://www.epictions.com/epicbot)" 
52.168.161.70 - - [23/Dec/2017:15:05:57 -0800] "HEAD / HTTP/1.1" 301 253 "https://www.google.com/" "Mozilla/5.0 (compatible; epicbot; +http://www.epictions.com/epicbot)" 
52.168.161.70 - - [23/Dec/2017:15:05:57 -0800] "HEAD / HTTP/1.1" 301 253 "https://www.google.com/" "Mozilla/5.0 (compatible; epicbot; +http://www.epictions.com/epicbot)" 
52.168.161.70 - - [23/Dec/2017:15:05:57 -0800] "HEAD / HTTP/1.1" 301 253 "https://www.google.com/" "Mozilla/5.0 (compatible; epicbot; +http://www.epictions.com/epicbot)" 
52.168.161.70 - - [23/Dec/2017:15:05:57 -0800] "HEAD / HTTP/1.1" 301 253 "https://www.google.com/" "Mozilla/5.0 (compatible; epicbot; +http://www.epictions.com/epicbot)" 
52.168.161.70 - - [23/Dec/2017:15:05:57 -0800] "HEAD / HTTP/1.1" 301 253 "https://www.google.com/" "Mozilla/5.0 (compatible; epicbot; +http://www.epictions.com/epicbot)" 
52.168.161.70 - - [23/Dec/2017:15:05:57 -0800] "HEAD / HTTP/1.1" 301 253 "https://www.google.com/" "Mozilla/5.0 (compatible; epicbot; +http://www.epictions.com/epicbot)" 
52.168.161.70 - - [23/Dec/2017:15:05:57 -0800] "HEAD / HTTP/1.1" 301 253 "https://www.google.com/" "Mozilla/5.0 (compatible; epicbot; +http://www.epictions.com/epicbot)" 
52.168.161.70 - - [23/Dec/2017:15:05:58 -0800] "HEAD / HTTP/1.1" 301 253 "https://www.google.com/" "Mozilla/5.0 (compatible; epicbot; +http://www.epictions.com/epicbot)" 
52.168.161.70 - - [23/Dec/2017:15:05:58 -0800] "HEAD / HTTP/1.1" 200 282 "https://www.google.com/" "Mozilla/5.0 (compatible; epicbot; +http://www.epictions.com/epicbot)" 
52.168.161.70 - - [23/Dec/2017:15:05:59 -0800] "HEAD / HTTP/1.1" 301 253 "https://www.google.com/" "Mozilla/5.0 (compatible; epicbot; +http://www.epictions.com/epicbot)" 
52.168.161.70 - - [23/Dec/2017:15:05:59 -0800] "HEAD / HTTP/1.1" 301 253 "https://www.google.com/" "Mozilla/5.0 (compatible; epicbot; +http://www.epictions.com/epicbot)" 
52.168.161.70 - - [23/Dec/2017:15:05:59 -0800] "HEAD / HTTP/1.1" 301 253 "https://www.google.com/" "Mozilla/5.0 (compatible; epicbot; +http://www.epictions.com/epicbot)" 
52.168.161.70 - - [23/Dec/2017:15:05:59 -0800] "HEAD / HTTP/1.1" 301 253 "https://www.google.com/" "Mozilla/5.0 (compatible; epicbot; +http://www.epictions.com/epicbot)" 
52.168.161.70 - - [23/Dec/2017:15:05:59 -0800] "HEAD / HTTP/1.1" 301 253 "https://www.google.com/" "Mozilla/5.0 (compatible; epicbot; +http://www.epictions.com/epicbot)" 
52.168.161.70 - - [23/Dec/2017:15:05:59 -0800] "HEAD / HTTP/1.1" 301 253 "https://www.google.com/" "Mozilla/5.0 (compatible; epicbot; +http://www.epictions.com/epicbot)" 
52.168.161.70 - - [23/Dec/2017:15:05:59 -0800] "HEAD / HTTP/1.1" 301 253 "https://www.google.com/" "Mozilla/5.0 (compatible; epicbot; +http://www.epictions.com/epicbot)" 
52.168.161.70 - - [23/Dec/2017:15:05:59 -0800] "HEAD / HTTP/1.1" 301 253 "https://www.google.com/" "Mozilla/5.0 (compatible; epicbot; +http://www.epictions.com/epicbot)" 
52.168.161.70 - - [23/Dec/2017:15:05:59 -0800] "HEAD / HTTP/1.1" 301 253 "https://www.google.com/" "Mozilla/5.0 (compatible; epicbot; +http://www.epictions.com/epicbot)" 
52.168.161.70 - - [23/Dec/2017:15:05:59 -0800] "HEAD / HTTP/1.1" 301 253 "https://www.google.com/" "Mozilla/5.0 (compatible; epicbot; +http://www.epictions.com/epicbot)" 
52.168.161.70 - - [23/Dec/2017:15:06:00 -0800] "HEAD / HTTP/1.1" 301 253 "https://www.google.com/" "Mozilla/5.0 (compatible; epicbot; +http://www.epictions.com/epicbot)" 
52.168.161.70 - - [23/Dec/2017:15:06:00 -0800] "HEAD / HTTP/1.1" 301 253 "https://www.google.com/" "Mozilla/5.0 (compatible; epicbot; +http://www.epictions.com/epicbot)" 
52.168.161.70 - - [23/Dec/2017:15:06:00 -0800] "HEAD / HTTP/1.1" 301 253 "https://www.google.com/" "Mozilla/5.0 (compatible; epicbot; +http://www.epictions.com/epicbot)" 
52.168.161.70 - - [23/Dec/2017:15:06:00 -0800] "HEAD / HTTP/1.1" 301 253 "https://www.google.com/" "Mozilla/5.0 (compatible; epicbot; +http://www.epictions.com/epicbot)" 
52.168.161.70 - - [23/Dec/2017:15:06:00 -0800] "HEAD / HTTP/1.1" 301 253 "https://www.google.com/" "Mozilla/5.0 (compatible; epicbot; +http://www.epictions.com/epicbot)" 
52.168.161.70 - - [23/Dec/2017:15:06:00 -0800] "HEAD / HTTP/1.1" 301 253 "https://www.google.com/" "Mozilla/5.0 (compatible; epicbot; +http://www.epictions.com/epicbot)" 
52.168.161.70 - - [23/Dec/2017:15:06:00 -0800] "HEAD / HTTP/1.1" 200 282 "https://www.google.com/" "Mozilla/5.0 (compatible; epicbot; +http://www.epictions.com/epicbot)" 
52.168.161.70 - - [23/Dec/2017:15:06:00 -0800] "HEAD / HTTP/1.1" 301 253 "https://www.google.com/" "Mozilla/5.0 (compatible; epicbot; +http://www.epictions.com/epicbot)" 
52.168.161.70 - - [23/Dec/2017:15:06:00 -0800] "HEAD / HTTP/1.1" 301 253 "https://www.google.com/" "Mozilla/5.0 (compatible; epicbot; +http://www.epictions.com/epicbot)" 
52.168.161.70 - - [23/Dec/2017:15:06:00 -0800] "HEAD / HTTP/1.1" 200 282 "https://www.google.com/" "Mozilla/5.0 (compatible; epicbot; +http://www.epictions.com/epicbot)" 
52.168.161.70 - - [23/Dec/2017:15:06:00 -0800] "HEAD / HTTP/1.1" 301 253 "https://www.google.com/" "Mozilla/5.0 (compatible; epicbot; +http://www.epictions.com/epicbot)" 
52.168.161.70 - - [23/Dec/2017:15:06:00 -0800] "HEAD / HTTP/1.1" 301 253 "https://www.google.com/" "Mozilla/5.0 (compatible; epicbot; +http://www.epictions.com/epicbot)" 
52.168.161.70 - - [23/Dec/2017:15:06:00 -0800] "HEAD / HTTP/1.1" 301 253 "https://www.google.com/" "Mozilla/5.0 (compatible; epicbot; +http://www.epictions.com/epicbot)" 
52.168.161.70 - - [23/Dec/2017:15:06:00 -0800] "HEAD / HTTP/1.1" 301 253 "https://www.google.com/" "Mozilla/5.0 (compatible; epicbot; +http://www.epictions.com/epicbot)" 
54.36.149.5 - - [23/Dec/2017:15:07:20 -0800] "GET /self.logs/2016/access.log.2016-07-09.gz HTTP/1.1" 200 8346 "-" "Mozilla/5.0 (compatible; AhrefsBot/5.2; +http://ahrefs.com/robot/)" 
100.43.85.128 - - [23/Dec/2017:15:08:05 -0800] "GET /robots.txt HTTP/1.1" 200 289 "-" "Mozilla/5.0 (compatible; YandexBot/3.0; +http://yandex.com/bots)" 
100.43.85.128 - - [23/Dec/2017:15:08:09 -0800] "GET /honeypot/Honeypot%20-%20Howto%20-%20BSides%20Austin.pdf HTTP/1.1" 200 2928460 "-" "Mozilla/5.0 (compatible; YandexBot/3.0; +http://yandex.com/bots)" 
54.36.149.22 - - [23/Dec/2017:15:11:06 -0800] "GET /self.logs/2016/error.log.2016-04-11.gz HTTP/1.1" 200 928 "-" "Mozilla/5.0 (compatible; AhrefsBot/5.2; +http://ahrefs.com/robot/)" 
99.240.208.51 - - [23/Dec/2017:15:15:39 -0800] "GET / HTTP/1.1" 200 11061 "-" "Mozilla/5.0 (Windows NT 10.0; Win64; x64; rv:57.0) Gecko/20100101 Firefox/57.0" 
99.240.208.51 - - [23/Dec/2017:15:15:39 -0800] "GET /twitter-icon.png HTTP/1.1" 200 27787 "http://www.secrepo.com/" "Mozilla/5.0 (Windows NT 10.0; Win64; x64; rv:57.0) Gecko/20100101 Firefox/57.0" 
99.240.208.51 - - [23/Dec/2017:15:15:39 -0800] "GET /GitHub-Mark.png HTTP/1.1" 200 7428 "http://www.secrepo.com/" "Mozilla/5.0 (Windows NT 10.0; Win64; x64; rv:57.0) Gecko/20100101 Firefox/57.0" 
216.244.66.227 - - [23/Dec/2017:15:17:45 -0800] "GET /robots.txt HTTP/1.1" 200 233 "-" "Mozilla/5.0 (compatible; DotBot/1.1; http://www.opensiteexplorer.org/dotbot, help@moz.com)" 
54.36.149.52 - - [23/Dec/2017:15:21:02 -0800] "GET /self.logs/2015/error.log.2015-07-10.gz HTTP/1.1" 200 847 "-" "Mozilla/5.0 (compatible; AhrefsBot/5.2; +http://ahrefs.com/robot/)" 
91.200.12.143 - - [23/Dec/2017:15:29:25 -0800] "GET /honeypot/BSidesDFW+-+2014.ipynb HTTP/1.0" 404 284 "http://www.secrepo.com/honeypot/BSidesDFW+-+2014.ipynb" "Mozilla/5.0 (Windows NT 6.1; WOW64) AppleWebKit/537.36 (KHTML, like Gecko) Chrome/56.0.2924.87 Safari/537.36 OPR/43.0.2442.1144" 
91.200.12.143 - - [23/Dec/2017:15:29:27 -0800] "GET / HTTP/1.0" 200 37404 "http://www.secrepo.com/" "Mozilla/5.0 (Windows NT 6.1; WOW64) AppleWebKit/537.36 (KHTML, like Gecko) Chrome/56.0.2924.87 Safari/537.36 OPR/43.0.2442.1144" 
91.200.12.63 - - [23/Dec/2017:15:30:42 -0800] "GET /honeypot/BSidesDFW+-+2014.ipynb HTTP/1.0" 404 284 "http://www.secrepo.com/honeypot/BSidesDFW+-+2014.ipynb" "Mozilla/5.0 (Windows NT 6.2; WOW64) AppleWebKit/537.36 (KHTML, like Gecko) Chrome/56.0.2924.87 YaBrowser/17.3.1.840 Yowser/2.5 Safari/537.36" 
91.200.12.63 - - [23/Dec/2017:15:30:42 -0800] "GET / HTTP/1.0" 200 37404 "http://www.secrepo.com/" "Mozilla/5.0 (Windows NT 6.2; WOW64) AppleWebKit/537.36 (KHTML, like Gecko) Chrome/56.0.2924.87 YaBrowser/17.3.1.840 Yowser/2.5 Safari/537.36" 
54.36.148.30 - - [23/Dec/2017:15:32:25 -0800] "GET /self.logs/2015/error.log.2015-07-16.gz HTTP/1.1" 200 627 "-" "Mozilla/5.0 (compatible; AhrefsBot/5.2; +http://ahrefs.com/robot/)" 
66.220.152.134 - - [23/Dec/2017:15:33:37 -0800] "GET /twitter-icon.png HTTP/1.1" 200 27788 "-" "facebookexternalhit/1.1 (+http://www.facebook.com/externalhit_uatext.php)" 
140.123.214.31 - - [23/Dec/2017:15:36:32 -0800] "GET / HTTP/1.1" 200 11061 "https://l.messenger.com/" "Mozilla/5.0 (Windows NT 10.0; Win64; x64) AppleWebKit/537.36 (KHTML, like Gecko) Chrome/63.0.3239.84 Safari/537.36" 
140.123.214.31 - - [23/Dec/2017:15:36:33 -0800] "GET /twitter-icon.png HTTP/1.1" 200 27787 "http://www.secrepo.com/" "Mozilla/5.0 (Windows NT 10.0; Win64; x64) AppleWebKit/537.36 (KHTML, like Gecko) Chrome/63.0.3239.84 Safari/537.36" 
140.123.214.31 - - [23/Dec/2017:15:36:33 -0800] "GET /GitHub-Mark.png HTTP/1.1" 200 7428 "http://www.secrepo.com/" "Mozilla/5.0 (Windows NT 10.0; Win64; x64) AppleWebKit/537.36 (KHTML, like Gecko) Chrome/63.0.3239.84 Safari/537.36" 
91.200.12.63 - - [23/Dec/2017:15:42:52 -0800] "GET /honeypot/BSidesDFW+-+2014.ipynb HTTP/1.0" 404 284 "http://www.secrepo.com/honeypot/BSidesDFW+-+2014.ipynb" "Mozilla/5.0 (Windows NT 6.3; WOW64; rv:53.0) Gecko/20100101 Firefox/53.0" 
91.200.12.63 - - [23/Dec/2017:15:42:52 -0800] "GET / HTTP/1.0" 200 37404 "http://www.secrepo.com/" "Mozilla/5.0 (Windows NT 6.3; WOW64; rv:53.0) Gecko/20100101 Firefox/53.0" 
216.244.66.227 - - [23/Dec/2017:15:44:08 -0800] "GET /robots.txt HTTP/1.1" 200 233 "-" "Mozilla/5.0 (compatible; DotBot/1.1; http://www.opensiteexplorer.org/dotbot, help@moz.com)" 
54.36.149.74 - - [23/Dec/2017:15:50:49 -0800] "GET /self.logs/2015/access.log.2015-02-02.gz HTTP/1.1" 200 3300 "-" "Mozilla/5.0 (compatible; AhrefsBot/5.2; +http://ahrefs.com/robot/)" 
40.77.167.12 - - [23/Dec/2017:15:52:01 -0800] "GET /self.logs/access.log.2017-01-09.gz HTTP/1.1" 200 24801 "-" "Mozilla/5.0 (compatible; bingbot/2.0; +http://www.bing.com/bingbot.htm)" 
98.210.128.226 - - [23/Dec/2017:15:52:17 -0800] "GET / HTTP/1.1" 301 483 "-" "Mozilla/5.0 (Macintosh; Intel Mac OS X 10_13_2) AppleWebKit/537.36 (KHTML, like Gecko) Chrome/63.0.3239.108 Safari/537.36" 
98.210.128.226 - - [23/Dec/2017:15:52:17 -0800] "GET / HTTP/1.1" 200 11061 "-" "Mozilla/5.0 (Macintosh; Intel Mac OS X 10_13_2) AppleWebKit/537.36 (KHTML, like Gecko) Chrome/63.0.3239.108 Safari/537.36" 
98.210.128.226 - - [23/Dec/2017:15:52:18 -0800] "GET /GitHub-Mark.png HTTP/1.1" 200 7428 "http://www.secrepo.com/" "Mozilla/5.0 (Macintosh; Intel Mac OS X 10_13_2) AppleWebKit/537.36 (KHTML, like Gecko) Chrome/63.0.3239.108 Safari/537.36" 
98.210.128.226 - - [23/Dec/2017:15:52:18 -0800] "GET /twitter-icon.png HTTP/1.1" 200 27787 "http://www.secrepo.com/" "Mozilla/5.0 (Macintosh; Intel Mac OS X 10_13_2) AppleWebKit/537.36 (KHTML, like Gecko) Chrome/63.0.3239.108 Safari/537.36" 
98.210.128.226 - - [23/Dec/2017:15:52:18 -0800] "GET /bootstrap/img/favicon.ico HTTP/1.1" 200 589 "http://www.secrepo.com/" "Mozilla/5.0 (Macintosh; Intel Mac OS X 10_13_2) AppleWebKit/537.36 (KHTML, like Gecko) Chrome/63.0.3239.108 Safari/537.36" 
92.191.96.141 - - [23/Dec/2017:15:53:16 -0800] "GET / HTTP/1.1" 200 11061 "-" "Mozilla/5.0 (Macintosh; Intel Mac OS X 10_11_6) AppleWebKit/602.2.14 (KHTML, like Gecko)" 
92.191.96.141 - - [23/Dec/2017:15:53:19 -0800] "GET /apple-touch-icon-precomposed.png HTTP/1.1" 404 340 "-" "Safari/11602.2.14.0.7 CFNetwork/760.7 Darwin/15.6.0 (x86_64)" 
92.191.96.141 - - [23/Dec/2017:15:53:20 -0800] "GET /apple-touch-icon.png HTTP/1.1" 404 339 "-" "Safari/11602.2.14.0.7 CFNetwork/760.7 Darwin/15.6.0 (x86_64)" 
92.191.96.141 - - [23/Dec/2017:15:53:20 -0800] "GET /bootstrap/img/favicon.ico HTTP/1.1" 200 589 "-" "Safari/11602.2.14.0.7 CFNetwork/760.7 Darwin/15.6.0 (x86_64)" 
92.191.96.141 - - [23/Dec/2017:15:53:20 -0800] "GET /apple-touch-icon-precomposed.png HTTP/1.1" 404 339 "-" "Safari/11602.2.14.0.7 CFNetwork/760.7 Darwin/15.6.0 (x86_64)" 
92.191.96.141 - - [23/Dec/2017:15:53:20 -0800] "GET /apple-touch-icon.png HTTP/1.1" 404 339 "-" "Safari/11602.2.14.0.7 CFNetwork/760.7 Darwin/15.6.0 (x86_64)" 
218.247.253.164 - - [23/Dec/2017:15:57:00 -0800] "GET / HTTP/1.1" 200 11061 "-" "com.zhihu.android/Futureve/5.8.1 Mozilla/5.0 (Linux; Android 6.0; PRO 6s Build/MRA58K; wv) AppleWebKit/537.36 (KHTML, like Gecko) Version/4.0 Chrome/44.0.2403.146 Mobile Safari/537.36" 
218.247.253.164 - - [23/Dec/2017:15:57:01 -0800] "GET /twitter-icon.png HTTP/1.1" 200 27787 "http://www.secrepo.com/" "com.zhihu.android/Futureve/5.8.1 Mozilla/5.0 (Linux; Android 6.0; PRO 6s Build/MRA58K; wv) AppleWebKit/537.36 (KHTML, like Gecko) Version/4.0 Chrome/44.0.2403.146 Mobile Safari/537.36" 
218.247.253.164 - - [23/Dec/2017:15:57:01 -0800] "GET /GitHub-Mark.png HTTP/1.1" 200 7428 "http://www.secrepo.com/" "com.zhihu.android/Futureve/5.8.1 Mozilla/5.0 (Linux; Android 6.0; PRO 6s Build/MRA58K; wv) AppleWebKit/537.36 (KHTML, like Gecko) Version/4.0 Chrome/44.0.2403.146 Mobile Safari/537.36" 
218.247.253.164 - - [23/Dec/2017:15:57:03 -0800] "GET /bootstrap/img/favicon.ico HTTP/1.1" 200 590 "http://www.secrepo.com/" "com.zhihu.android/Futureve/5.8.1 Mozilla/5.0 (Linux; Android 6.0; PRO 6s Build/MRA58K; wv) AppleWebKit/537.36 (KHTML, like Gecko) Version/4.0 Chrome/44.0.2403.146 Mobile Safari/537.36" 
93.39.185.77 - - [23/Dec/2017:15:58:53 -0800] "GET /wp-login.php HTTP/1.1" 301 522 "-" "Mozilla/5.0 (Windows NT 6.1; WOW64; rv:40.0) Gecko/20100101 Firefox/40.1" 
93.39.185.77 - - [23/Dec/2017:15:58:54 -0800] "GET /wp-login.php HTTP/1.1" 404 295 "-" "Mozilla/5.0 (Windows NT 6.1; WOW64; rv:40.0) Gecko/20100101 Firefox/40.1" 
93.39.185.77 - - [23/Dec/2017:15:58:59 -0800] "GET /wp-login.php HTTP/1.1" 301 522 "-" "Mozilla/5.0 (Windows NT 6.1; WOW64; rv:40.0) Gecko/20100101 Firefox/40.1" 
93.39.185.77 - - [23/Dec/2017:15:58:59 -0800] "GET /wp-login.php HTTP/1.1" 404 295 "-" "Mozilla/5.0 (Windows NT 6.1; WOW64; rv:40.0) Gecko/20100101 Firefox/40.1" 
93.39.185.77 - - [23/Dec/2017:15:59:04 -0800] "GET / HTTP/1.1" 301 498 "-" "Mozilla/5.0 (Windows NT 6.1; WOW64; rv:40.0) Gecko/20100101 Firefox/40.1" 
93.39.185.77 - - [23/Dec/2017:15:59:05 -0800] "GET / HTTP/1.1" 200 37415 "-" "Mozilla/5.0 (Windows NT 6.1; WOW64; rv:40.0) Gecko/20100101 Firefox/40.1" 
66.249.64.159 - - [23/Dec/2017:15:59:20 -0800] "GET /favicon.ico HTTP/1.1" 200 268 "-" "Googlebot-Image/1.0" 
54.36.148.194 - - [23/Dec/2017:16:00:24 -0800] "GET /self.logs/access.log.2015-11-23.gz HTTP/1.1" 404 284 "-" "Mozilla/5.0 (compatible; AhrefsBot/5.2; +http://ahrefs.com/robot/)" 
217.69.133.252 - - [23/Dec/2017:16:08:27 -0800] "GET /robots.txt HTTP/1.0" 200 252 "-" "Mozilla/5.0 (compatible; Linux x86_64; Mail.RU_Bot/2.0; +http://go.mail.ru/help/robots)" 
217.69.133.251 - - [23/Dec/2017:16:08:28 -0800] "GET /self.logs/?C=M;O=D HTTP/1.1" 200 7641 "-" "Mozilla/5.0 (compatible; Linux x86_64; Mail.RU_Bot/2.0; +http://go.mail.ru/help/robots)" 
66.249.64.157 - - [23/Dec/2017:16:09:37 -0800] "GET /bootstrap/img/favicon.ico HTTP/1.1" 304 165 "-" "Googlebot-Image/1.0" 
216.244.66.227 - - [23/Dec/2017:16:10:26 -0800] "GET /robots.txt HTTP/1.1" 200 233 "-" "Mozilla/5.0 (compatible; DotBot/1.1; http://www.opensiteexplorer.org/dotbot, help@moz.com)" 
216.244.66.198 - - [23/Dec/2017:16:15:58 -0800] "GET /self.logs/?C=N;O=D HTTP/1.1" 200 68509 "-" "Mozilla/5.0 (compatible; DotBot/1.1; http://www.opensiteexplorer.org/dotbot, help@moz.com)" 
183.192.201.97 - - [23/Dec/2017:16:20:06 -0800] "GET /?utm_source=wechat_session&utm_medium=social HTTP/1.1" 200 11061 "-" "Mozilla/5.0 (iPhone; CPU iPhone OS 10_2_1 like Mac OS X) AppleWebKit/602.4.6 (KHTML, like Gecko) Mobile/14D27 MicroMessenger/6.5.5 NetType/WIFI Language/zh_CN" 
218.247.253.180 - - [23/Dec/2017:16:22:06 -0800] "GET /?utm_source=wechat_session&utm_medium=social HTTP/1.1" 200 11005 "-" "Mozilla/5.0 (Windows NT 6.1; WOW64) AppleWebKit/537.36 (KHTML, like Gecko) Chrome/39.0.2171.95 Safari/537.36 MicroMessenger/6.5.2.501 NetType/WIFI WindowsWechat QBCore/3.43.373.400 QQBrowser/9.0.2524.400" 
218.247.253.180 - - [23/Dec/2017:16:22:07 -0800] "GET /twitter-icon.png HTTP/1.1" 200 27732 "http://www.secrepo.com/?utm_source=wechat_session&utm_medium=social" "Mozilla/5.0 (Windows NT 6.1; WOW64) AppleWebKit/537.36 (KHTML, like Gecko) Chrome/39.0.2171.95 Safari/537.36 MicroMessenger/6.5.2.501 NetType/WIFI WindowsWechat QBCore/3.43.373.400 QQBrowser/9.0.2524.400" 
218.247.253.180 - - [23/Dec/2017:16:22:07 -0800] "GET /GitHub-Mark.png HTTP/1.1" 200 7372 "http://www.secrepo.com/?utm_source=wechat_session&utm_medium=social" "Mozilla/5.0 (Windows NT 6.1; WOW64) AppleWebKit/537.36 (KHTML, like Gecko) Chrome/39.0.2171.95 Safari/537.36 MicroMessenger/6.5.2.501 NetType/WIFI WindowsWechat QBCore/3.43.373.400 QQBrowser/9.0.2524.400" 
218.247.253.180 - - [23/Dec/2017:16:22:20 -0800] "GET /?utm_source=wechat_session&utm_medium=social HTTP/1.1" 200 11005 "-" "Mozilla/5.0 (Windows NT 6.1; Win64; x64) AppleWebKit/537.36 (KHTML, like Gecko) Chrome/51.0.2704.106 Safari/537.36" 
218.247.253.180 - - [23/Dec/2017:16:22:21 -0800] "GET /twitter-icon.png HTTP/1.1" 200 27732 "http://www.secrepo.com/?utm_source=wechat_session&utm_medium=social" "Mozilla/5.0 (Windows NT 6.1; Win64; x64) AppleWebKit/537.36 (KHTML, like Gecko) Chrome/51.0.2704.106 Safari/537.36" 
218.247.253.180 - - [23/Dec/2017:16:22:21 -0800] "GET /GitHub-Mark.png HTTP/1.1" 200 7372 "http://www.secrepo.com/?utm_source=wechat_session&utm_medium=social" "Mozilla/5.0 (Windows NT 6.1; Win64; x64) AppleWebKit/537.36 (KHTML, like Gecko) Chrome/51.0.2704.106 Safari/537.36" 
218.247.253.180 - - [23/Dec/2017:16:22:32 -0800] "GET /bootstrap/img/favicon.ico HTTP/1.1" 200 534 "http://www.secrepo.com/?utm_source=wechat_session&utm_medium=social" "Mozilla/5.0 (Windows NT 6.1; Win64; x64) AppleWebKit/537.36 (KHTML, like Gecko) Chrome/51.0.2704.106 Safari/537.36" 
120.204.17.68 - - [23/Dec/2017:16:23:05 -0800] "GET /?utm_source=wechat_session&utm_medium=social HTTP/1.1" 200 11061 "-" "Mozilla/5.0 (Windows NT 6.1; WOW64) AppleWebKit/537.36 (KHTML, like Gecko) Chrome/39.0.2171.95 Safari/537.36 MicroMessenger/6.5.2.501 NetType/WIFI WindowsWechat QBCore/3.43.27.400 QQBrowser/9.0.2524.400" 
218.247.253.180 - - [23/Dec/2017:16:24:46 -0800] "GET /honeypot/honeypot.json.zip HTTP/1.1" 200 2173500 "-" "Mozilla/5.0 (Windows NT 6.1; Win64; x64) AppleWebKit/537.36 (KHTML, like Gecko) Chrome/51.0.2704.106 Safari/537.36" 
218.247.253.180 - - [23/Dec/2017:16:24:45 -0800] "GET /honeypot/honeypot.json.zip HTTP/1.1" 200 2179020 "-" "Mozilla/5.0 (Windows NT 6.1; Win64; x64) AppleWebKit/537.36 (KHTML, like Gecko) Chrome/51.0.2704.106 Safari/537.36" 
218.247.253.180 - - [23/Dec/2017:16:24:44 -0800] "GET /honeypot/honeypot.json.zip HTTP/1.1" 200 4112400 "-" "Mozilla/5.0 (Windows NT 6.1; Win64; x64) AppleWebKit/537.36 (KHTML, like Gecko) Chrome/51.0.2704.106 Safari/537.36" 
218.247.253.180 - - [23/Dec/2017:16:24:43 -0800] "GET /honeypot/honeypot.json.zip HTTP/1.1" 200 9015524 "-" "Mozilla/5.0 (Windows NT 6.1; Win64; x64) AppleWebKit/537.36 (KHTML, like Gecko) Chrome/51.0.2704.106 Safari/537.36" 
40.77.167.12 - - [23/Dec/2017:16:29:46 -0800] "GET / HTTP/1.1" 200 11061 "-" "Mozilla/5.0 (compatible; bingbot/2.0; +http://www.bing.com/bingbot.htm)" 
51.255.71.128 - - [23/Dec/2017:16:31:07 -0800] "GET /self.logs/2015/error.log.2015-02-16.gz HTTP/1.1" 200 7397 "-" "Mozilla/5.0 (compatible; AhrefsBot/5.2; +http://ahrefs.com/robot/)" 
54.36.149.51 - - [23/Dec/2017:16:33:20 -0800] "GET /self.logs/2016/error.log.2016-01-22 HTTP/1.1" 200 304 "-" "Mozilla/5.0 (compatible; AhrefsBot/5.2; +http://ahrefs.com/robot/)" 
216.244.66.227 - - [23/Dec/2017:16:35:58 -0800] "GET /robots.txt HTTP/1.1" 200 233 "-" "Mozilla/5.0 (compatible; DotBot/1.1; http://www.opensiteexplorer.org/dotbot, help@moz.com)" 
67.248.132.12 - - [23/Dec/2017:16:36:39 -0800] "GET / HTTP/1.1" 304 189 "-" "Mozilla/5.0 (Windows NT 10.0; Win64; x64) AppleWebKit/537.36 (KHTML, like Gecko) Chrome/63.0.3239.84 Safari/537.36" 
67.248.132.12 - - [23/Dec/2017:16:36:39 -0800] "GET /bootstrap/img/favicon.ico HTTP/1.1" 200 589 "http://www.secrepo.com/" "Mozilla/5.0 (Windows NT 10.0; Win64; x64) AppleWebKit/537.36 (KHTML, like Gecko) Chrome/63.0.3239.84 Safari/537.36" 
67.248.132.12 - - [23/Dec/2017:16:38:40 -0800] "GET /maccdc2012/weird.log.gz HTTP/1.1" 200 1242777 "-" "Mozilla/5.0 (Windows NT 10.0; Win64; x64) AppleWebKit/537.36 (KHTML, like Gecko) Chrome/63.0.3239.84 Safari/537.36" 
77.75.76.163 - - [23/Dec/2017:16:39:16 -0800] "GET /robots.txt HTTP/1.1" 200 334 "-" "Mozilla/5.0 (compatible; SeznamBot/3.2; +http://napoveda.seznam.cz/en/seznambot-intro/)" 
77.75.76.163 - - [23/Dec/2017:16:39:17 -0800] "GET /twitter-icon.png HTTP/1.1" 304 166 "-" "Mozilla/5.0 (compatible; SeznamBot/3.2; +http://napoveda.seznam.cz/en/seznambot-intro/)" 
108.59.8.80 - - [23/Dec/2017:16:41:18 -0800] "GET /robots.txt HTTP/1.1" 200 289 "-" "Mozilla/5.0 (compatible; MJ12bot/v1.4.7; http://mj12bot.com/)" 
108.59.8.80 - - [23/Dec/2017:16:41:20 -0800] "GET / HTTP/1.1" 200 37359 "-" "Mozilla/5.0 (compatible; MJ12bot/v1.4.7; http://mj12bot.com/)" 
67.10.153.25 - - [23/Dec/2017:16:42:13 -0800] "GET / HTTP/1.1" 200 11061 "-" "Mozilla/5.0 (Windows NT 10.0; Win64; x64) AppleWebKit/537.36 (KHTML, like Gecko) Chrome/63.0.3239.84 Safari/537.36" 
67.10.153.25 - - [23/Dec/2017:16:43:15 -0800] "GET /twitter-icon.png HTTP/1.1" 200 27788 "http://www.secrepo.com/" "Mozilla/5.0 (Windows NT 10.0; Win64; x64) AppleWebKit/537.36 (KHTML, like Gecko) Chrome/63.0.3239.84 Safari/537.36" 
67.10.153.25 - - [23/Dec/2017:16:43:15 -0800] "GET /GitHub-Mark.png HTTP/1.1" 200 7428 "http://www.secrepo.com/" "Mozilla/5.0 (Windows NT 10.0; Win64; x64) AppleWebKit/537.36 (KHTML, like Gecko) Chrome/63.0.3239.84 Safari/537.36" 
67.10.153.25 - - [23/Dec/2017:16:43:16 -0800] "GET /bootstrap/img/favicon.ico HTTP/1.1" 200 589 "http://www.secrepo.com/" "Mozilla/5.0 (Windows NT 10.0; Win64; x64) AppleWebKit/537.36 (KHTML, like Gecko) Chrome/63.0.3239.84 Safari/537.36" 
67.248.132.12 - - [23/Dec/2017:16:36:56 -0800] "GET /maccdc2012/conn.log.gz HTTP/1.1" 200 551041635 "-" "Mozilla/5.0 (Windows NT 10.0; Win64; x64) AppleWebKit/537.36 (KHTML, like Gecko) Chrome/63.0.3239.84 Safari/537.36" 
157.55.39.101 - - [23/Dec/2017:16:44:58 -0800] "GET /self.logs/error.log.2016-12-28.gz HTTP/1.1" 404 340 "-" "Mozilla/5.0 (compatible; bingbot/2.0; +http://www.bing.com/bingbot.htm)" 
208.180.48.162 - - [23/Dec/2017:16:47:11 -0800] "GET / HTTP/1.1" 301 483 "-" "Mozilla/5.0 (Windows NT 10.0; Win64; x64) AppleWebKit/537.36 (KHTML, like Gecko) Chrome/63.0.3239.84 Safari/537.36" 
208.180.48.162 - - [23/Dec/2017:16:47:12 -0800] "GET / HTTP/1.1" 200 11061 "-" "Mozilla/5.0 (Windows NT 10.0; Win64; x64) AppleWebKit/537.36 (KHTML, like Gecko) Chrome/63.0.3239.84 Safari/537.36" 
208.180.48.162 - - [23/Dec/2017:16:47:12 -0800] "GET /twitter-icon.png HTTP/1.1" 200 27787 "http://www.secrepo.com/" "Mozilla/5.0 (Windows NT 10.0; Win64; x64) AppleWebKit/537.36 (KHTML, like Gecko) Chrome/63.0.3239.84 Safari/537.36" 
208.180.48.162 - - [23/Dec/2017:16:47:12 -0800] "GET /GitHub-Mark.png HTTP/1.1" 200 7428 "http://www.secrepo.com/" "Mozilla/5.0 (Windows NT 10.0; Win64; x64) AppleWebKit/537.36 (KHTML, like Gecko) Chrome/63.0.3239.84 Safari/537.36" 
208.180.48.162 - - [23/Dec/2017:16:47:14 -0800] "GET /bootstrap/img/favicon.ico HTTP/1.1" 200 589 "http://www.secrepo.com/" "Mozilla/5.0 (Windows NT 10.0; Win64; x64) AppleWebKit/537.36 (KHTML, like Gecko) Chrome/63.0.3239.84 Safari/537.36" 
52.168.161.70 - - [23/Dec/2017:16:49:11 -0800] "HEAD / HTTP/1.1" 200 282 "https://www.google.com/" "Mozilla/5.0 (compatible; epicbot; +http://www.epictions.com/epicbot)" 
52.168.161.70 - - [23/Dec/2017:16:49:14 -0800] "HEAD / HTTP/1.1" 200 282 "https://www.google.com/" "Mozilla/5.0 (compatible; epicbot; +http://www.epictions.com/epicbot)" 
52.168.161.70 - - [23/Dec/2017:16:49:14 -0800] "HEAD / HTTP/1.1" 200 282 "https://www.google.com/" "Mozilla/5.0 (compatible; epicbot; +http://www.epictions.com/epicbot)" 
102.181.194.40 - - [23/Dec/2017:16:52:16 -0800] "GET /maccdc2012/dns.log.gz HTTP/1.1" 304 154 "-" "Mozilla/5.0 Gecko/20100115 Firefox/3.6" 
157.55.39.101 - - [23/Dec/2017:16:54:52 -0800] "GET /honeypot/Honeypot%20-%20Howto%20-%20BSides%20Austin.pdf HTTP/1.1" 200 2928460 "-" "Mozilla/5.0 (iPhone; CPU iPhone OS 7_0 like Mac OS X) AppleWebKit/537.51.1 (KHTML, like Gecko) Version/7.0 Mobile/11A465 Safari/9537.53 (compatible; bingbot/2.0; +http://www.bing.com/bingbot.htm)" 
173.252.100.199 - - [23/Dec/2017:17:00:43 -0800] "GET /twitter-icon.png HTTP/1.1" 200 27788 "-" "facebookexternalhit/1.1 (+http://www.facebook.com/externalhit_uatext.php)" 
120.221.0.34 - - [23/Dec/2017:17:00:48 -0800] "GET /honeypot/Honeypot%20-%20Howto.pdf HTTP/1.1" 304 131 "-" "Mozilla/5.0 Gecko/20100115 Firefox/3.6" 
216.244.66.227 - - [23/Dec/2017:17:02:18 -0800] "GET /robots.txt HTTP/1.1" 200 233 "-" "Mozilla/5.0 (compatible; DotBot/1.1; http://www.opensiteexplorer.org/dotbot, help@moz.com)" 
120.221.1.28 - - [23/Dec/2017:17:05:25 -0800] "GET /maccdc2012/files.log.gz HTTP/1.1" 304 155 "-" "Mozilla/5.0 Gecko/20100115 Firefox/3.6" 
113.90.201.7 - - [23/Dec/2017:17:06:15 -0800] "GET /favicon.ico HTTP/1.1" 200 212 "-" "Mozilla/4.0 (compatible; MSIE 7.0; Windows NT 5.1; Trident/4.0; .NET CLR 2.0.50727; 360space)" 
54.36.148.249 - - [23/Dec/2017:17:09:00 -0800] "GET /self.logs/2015/access.log.2015-06-03.gz HTTP/1.1" 200 3344 "-" "Mozilla/5.0 (compatible; AhrefsBot/5.2; +http://ahrefs.com/robot/)" 
54.36.148.77 - - [23/Dec/2017:17:18:04 -0800] "GET /self.logs/2016/access.log.2016-04-10.gz HTTP/1.1" 200 8357 "-" "Mozilla/5.0 (compatible; AhrefsBot/5.2; +http://ahrefs.com/robot/)" 
216.244.66.227 - - [23/Dec/2017:17:28:18 -0800] "GET /robots.txt HTTP/1.1" 200 233 "-" "Mozilla/5.0 (compatible; DotBot/1.1; http://www.opensiteexplorer.org/dotbot, help@moz.com)" 
65.94.227.193 - - [23/Dec/2017:17:36:05 -0800] "GET /wp-login.php HTTP/1.1" 404 295 "-" "Mozilla/5.0 (Windows NT 6.1; WOW64; rv:40.0) Gecko/20100101 Firefox/40.1" 
65.94.227.193 - - [23/Dec/2017:17:36:10 -0800] "GET /wp-login.php HTTP/1.1" 404 295 "-" "Mozilla/5.0 (Windows NT 6.1; WOW64; rv:40.0) Gecko/20100101 Firefox/40.1" 
65.94.227.193 - - [23/Dec/2017:17:36:15 -0800] "GET / HTTP/1.1" 200 37415 "-" "Mozilla/5.0 (Windows NT 6.1; WOW64; rv:40.0) Gecko/20100101 Firefox/40.1" 
69.63.188.212 - - [23/Dec/2017:17:38:32 -0800] "GET /twitter-icon.png HTTP/1.1" 200 27788 "-" "facebookexternalhit/1.1 (+http://www.facebook.com/externalhit_uatext.php)" 
61.224.4.67 - - [23/Dec/2017:17:42:27 -0800] "GET / HTTP/1.1" 200 11061 "https://l.facebook.com/" "Mozilla/5.0 (Windows NT 6.1; Win64; x64) AppleWebKit/537.36 (KHTML, like Gecko) Chrome/63.0.3239.84 Safari/537.36" 
61.224.4.67 - - [23/Dec/2017:17:42:28 -0800] "GET /twitter-icon.png HTTP/1.1" 200 27787 "http://www.secrepo.com/" "Mozilla/5.0 (Windows NT 6.1; Win64; x64) AppleWebKit/537.36 (KHTML, like Gecko) Chrome/63.0.3239.84 Safari/537.36" 
61.224.4.67 - - [23/Dec/2017:17:42:28 -0800] "GET /GitHub-Mark.png HTTP/1.1" 200 7428 "http://www.secrepo.com/" "Mozilla/5.0 (Windows NT 6.1; Win64; x64) AppleWebKit/537.36 (KHTML, like Gecko) Chrome/63.0.3239.84 Safari/537.36" 
216.244.66.227 - - [23/Dec/2017:17:47:09 -0800] "GET /self.logs/access.log.2015-10-31.gz HTTP/1.1" 404 239 "-" "Mozilla/5.0 (compatible; DotBot/1.1; http://www.opensiteexplorer.org/dotbot, help@moz.com)" 
216.244.66.227 - - [23/Dec/2017:17:47:12 -0800] "GET /self.logs/error.log.2015-07-27.gz HTTP/1.1" 404 239 "-" "Mozilla/5.0 (compatible; DotBot/1.1; http://www.opensiteexplorer.org/dotbot, help@moz.com)" 
216.244.66.227 - - [23/Dec/2017:17:47:15 -0800] "GET /self.logs/error.log.2016-01-19.gz HTTP/1.1" 404 239 "-" "Mozilla/5.0 (compatible; DotBot/1.1; http://www.opensiteexplorer.org/dotbot, help@moz.com)" 
216.244.66.227 - - [23/Dec/2017:17:47:19 -0800] "GET /self.logs/error.log.2016-05-23.gz HTTP/1.1" 404 239 "-" "Mozilla/5.0 (compatible; DotBot/1.1; http://www.opensiteexplorer.org/dotbot, help@moz.com)" 
34.227.152.36 - - [23/Dec/2017:17:50:00 -0800] "GET / HTTP/1.1" 200 37415 "-" "Mozilla/5.0 (Windows NT 10.0; WOW64; rv:50.0) Gecko/20100101 Firefox/50.0" 
99.249.72.34 - - [23/Dec/2017:17:51:42 -0800] "GET /wp-login.php HTTP/1.1" 404 295 "-" "Mozilla/5.0 (Windows NT 6.1; WOW64; rv:40.0) Gecko/20100101 Firefox/40.1" 
99.249.72.34 - - [23/Dec/2017:17:51:47 -0800] "GET /wp-login.php HTTP/1.1" 404 295 "-" "Mozilla/5.0 (Windows NT 6.1; WOW64; rv:40.0) Gecko/20100101 Firefox/40.1" 
99.249.72.34 - - [23/Dec/2017:17:51:52 -0800] "GET / HTTP/1.1" 200 37415 "-" "Mozilla/5.0 (Windows NT 6.1; WOW64; rv:40.0) Gecko/20100101 Firefox/40.1" 
157.55.39.78 - - [23/Dec/2017:18:00:46 -0800] "GET /robots.txt HTTP/1.1" 200 334 "-" "Mozilla/5.0 (compatible; bingbot/2.0; +http://www.bing.com/bingbot.htm)" 
42.236.39.143 - - [23/Dec/2017:18:05:43 -0800] "GET /maccdc2012/notice.log.gz HTTP/1.1" 200 20779 "http://www.secrepo.com/maccdc2012/notice.log.gz" "Mozilla/5.0 (Windows NT 6.1; WOW64) AppleWebKit/537.36 (KHTML, like Gecko) Chrome/50.0.2661.102 Safari/537.36; 360Spider" 
180.153.236.19 - - [23/Dec/2017:18:05:43 -0800] "GET / HTTP/1.1" 200 11061 "http://www.secrepo.com/" "Mozilla/5.0 (Windows NT 6.1; WOW64) AppleWebKit/537.36 (KHTML, like Gecko) Chrome/50.2.2661.102 Safari/537.36; 360Spider" 
180.153.236.19 - - [23/Dec/2017:18:05:43 -0800] "GET / HTTP/1.1" 301 483 "http://secrepo.com/" "Mozilla/5.0 (Windows NT 6.1; WOW64) AppleWebKit/537.36 (KHTML, like Gecko) Chrome/50.2.2661.102 Safari/537.36; 360Spider" 
180.153.236.19 - - [23/Dec/2017:18:05:44 -0800] "GET / HTTP/1.1" 200 11061 "http://www.secrepo.com/" "Mozilla/5.0 (Windows NT 6.1; WOW64) AppleWebKit/537.36 (KHTML, like Gecko) Chrome/50.2.2661.102 Safari/537.36; 360Spider" 
42.236.99.194 - - [23/Dec/2017:18:05:44 -0800] "GET / HTTP/1.1" 200 11061 "http://www.secrepo.com/" "Mozilla/5.0 (Linux; U; Android 4.0.2; en-us; Galaxy Nexus Build/ICL53F) AppleWebKit/534.30 (KHTML, like Gecko) Version/4.0 Mobile Safari/534.30" 
66.249.64.157 - - [23/Dec/2017:18:12:09 -0800] "GET /favicon.ico HTTP/1.1" 304 163 "-" "Googlebot-Image/1.0" 
102.181.194.40 - - [23/Dec/2017:18:16:58 -0800] "GET /tg/tg_snort_fast.7z HTTP/1.1" 304 131 "-" "Mozilla/5.0 Gecko/20100115 Firefox/3.6" 
54.36.148.151 - - [23/Dec/2017:18:23:26 -0800] "GET /self.logs/error.log.2017-12-07.gz HTTP/1.1" 200 2915 "-" "Mozilla/5.0 (compatible; AhrefsBot/5.2; +http://ahrefs.com/robot/)" 
216.244.66.227 - - [23/Dec/2017:18:25:02 -0800] "GET /robots.txt HTTP/1.1" 200 233 "-" "Mozilla/5.0 (compatible; DotBot/1.1; http://www.opensiteexplorer.org/dotbot, help@moz.com)" 
52.212.146.96 - - [23/Dec/2017:18:30:01 -0800] "GET /self.logs/access.log.2017-12-17.gz HTTP/1.1" 200 21337 "-" "python-requests/2.12.1" 
52.212.146.96 - - [23/Dec/2017:18:30:01 -0800] "GET /self.logs/access.log.2017-12-18.gz HTTP/1.1" 200 22695 "-" "python-requests/2.12.1" 
52.212.146.96 - - [23/Dec/2017:18:30:02 -0800] "GET /self.logs/access.log.2017-12-19.gz HTTP/1.1" 200 24213 "-" "python-requests/2.12.1" 
52.212.146.96 - - [23/Dec/2017:18:30:02 -0800] "GET /self.logs/access.log.2017-12-20.gz HTTP/1.1" 200 24854 "-" "python-requests/2.12.1" 
52.212.146.96 - - [23/Dec/2017:18:30:02 -0800] "GET /self.logs/access.log.2017-12-21.gz HTTP/1.1" 404 340 "-" "python-requests/2.12.1" 
52.212.146.96 - - [23/Dec/2017:18:30:02 -0800] "GET /self.logs/access.log.2017-12-22.gz HTTP/1.1" 404 340 "-" "python-requests/2.12.1" 
52.212.146.96 - - [23/Dec/2017:18:30:03 -0800] "GET /self.logs/access.log.2017-12-23.gz HTTP/1.1" 404 340 "-" "python-requests/2.12.1" 
46.146.90.20 - - [23/Dec/2017:18:38:13 -0800] "GET / HTTP/1.1" 200 11024 "http://www.secrepo.com/" "Mozilla/5.0 (Windows NT 6.3; WOW64; rv:52.50.13) Gecko/20161729 Firefox/52.50.13" 
66.177.66.59 - - [23/Dec/2017:18:41:34 -0800] "GET /wp-login.php HTTP/1.1" 404 295 "-" "Mozilla/5.0 (Windows NT 6.1; WOW64; rv:40.0) Gecko/20100101 Firefox/40.1" 
66.177.66.59 - - [23/Dec/2017:18:41:39 -0800] "GET /wp-login.php HTTP/1.1" 404 295 "-" "Mozilla/5.0 (Windows NT 6.1; WOW64; rv:40.0) Gecko/20100101 Firefox/40.1" 
66.177.66.59 - - [23/Dec/2017:18:41:44 -0800] "GET / HTTP/1.1" 200 37415 "-" "Mozilla/5.0 (Windows NT 6.1; WOW64; rv:40.0) Gecko/20100101 Firefox/40.1" 
111.88.219.140 - - [23/Dec/2017:18:42:17 -0800] "GET /honeypot/Honeypot%20-%20Howto.pdf HTTP/1.1" 200 1279418 "http://www.secrepo.com/" "Mozilla/5.0 (Windows NT 6.1; Win64; x64) AppleWebKit/537.36 (KHTML, like Gecko) Chrome/59.0.3071.104 Safari/537.36" 
66.177.66.59 - - [23/Dec/2017:18:42:48 -0800] "GET /wp-login.php HTTP/1.1" 301 522 "-" "Mozilla/5.0 (Windows NT 6.1; WOW64; rv:40.0) Gecko/20100101 Firefox/40.1" 
66.177.66.59 - - [23/Dec/2017:18:42:48 -0800] "GET /wp-login.php HTTP/1.1" 404 295 "-" "Mozilla/5.0 (Windows NT 6.1; WOW64; rv:40.0) Gecko/20100101 Firefox/40.1" 
66.177.66.59 - - [23/Dec/2017:18:42:53 -0800] "GET /wp-login.php HTTP/1.1" 301 522 "-" "Mozilla/5.0 (Windows NT 6.1; WOW64; rv:40.0) Gecko/20100101 Firefox/40.1" 
66.177.66.59 - - [23/Dec/2017:18:42:53 -0800] "GET /wp-login.php HTTP/1.1" 404 295 "-" "Mozilla/5.0 (Windows NT 6.1; WOW64; rv:40.0) Gecko/20100101 Firefox/40.1" 
66.177.66.59 - - [23/Dec/2017:18:42:58 -0800] "GET / HTTP/1.1" 301 498 "-" "Mozilla/5.0 (Windows NT 6.1; WOW64; rv:40.0) Gecko/20100101 Firefox/40.1" 
66.177.66.59 - - [23/Dec/2017:18:42:58 -0800] "GET / HTTP/1.1" 200 37415 "-" "Mozilla/5.0 (Windows NT 6.1; WOW64; rv:40.0) Gecko/20100101 Firefox/40.1" 
200.8.154.207 - - [23/Dec/2017:18:48:24 -0800] "GET /wp-login.php HTTP/1.1" 404 295 "-" "Mozilla/5.0 (Windows NT 6.1; WOW64; rv:40.0) Gecko/20100101 Firefox/40.1" 
190.142.103.219 - - [23/Dec/2017:18:49:04 -0800] "GET / HTTP/1.1" 200 37415 "-" "Mozilla/5.0 (Windows NT 6.1; WOW64; rv:40.0) Gecko/20100101 Firefox/40.1" 
216.244.66.227 - - [23/Dec/2017:18:49:13 -0800] "GET /robots.txt HTTP/1.1" 200 233 "-" "Mozilla/5.0 (compatible; DotBot/1.1; http://www.opensiteexplorer.org/dotbot, help@moz.com)" 
190.142.103.219 - - [23/Dec/2017:18:51:05 -0800] "GET /wp-login.php HTTP/1.1" 301 522 "-" "Mozilla/5.0 (Windows NT 6.1; WOW64; rv:40.0) Gecko/20100101 Firefox/40.1" 
190.142.103.219 - - [23/Dec/2017:18:51:08 -0800] "GET /wp-login.php HTTP/1.1" 404 295 "-" "Mozilla/5.0 (Windows NT 6.1; WOW64; rv:40.0) Gecko/20100101 Firefox/40.1" 
190.142.103.219 - - [23/Dec/2017:18:51:17 -0800] "GET /wp-login.php HTTP/1.1" 301 522 "-" "Mozilla/5.0 (Windows NT 6.1; WOW64; rv:40.0) Gecko/20100101 Firefox/40.1" 
186.14.148.7 - - [23/Dec/2017:18:51:19 -0800] "GET /wp-login.php HTTP/1.1" 404 295 "-" "Mozilla/5.0 (Windows NT 6.1; WOW64; rv:40.0) Gecko/20100101 Firefox/40.1" 
200.8.154.207 - - [23/Dec/2017:18:51:39 -0800] "GET / HTTP/1.1" 301 498 "-" "Mozilla/5.0 (Windows NT 6.1; WOW64; rv:40.0) Gecko/20100101 Firefox/40.1" 
190.142.103.219 - - [23/Dec/2017:18:51:43 -0800] "GET / HTTP/1.1" 200 37415 "-" "Mozilla/5.0 (Windows NT 6.1; WOW64; rv:40.0) Gecko/20100101 Firefox/40.1" 
157.55.39.101 - - [23/Dec/2017:18:55:20 -0800] "GET /maccdc2012/dhcp.log.gz HTTP/1.1" 301 524 "-" "Mozilla/5.0 (compatible; bingbot/2.0; +http://www.bing.com/bingbot.htm)" 
216.244.66.227 - - [23/Dec/2017:19:13:51 -0800] "GET /robots.txt HTTP/1.1" 200 233 "-" "Mozilla/5.0 (compatible; DotBot/1.1; http://www.opensiteexplorer.org/dotbot, help@moz.com)" 
217.69.133.250 - - [23/Dec/2017:19:16:54 -0800] "GET /robots.txt HTTP/1.0" 200 252 "-" "Mozilla/5.0 (compatible; Linux x86_64; Mail.RU_Bot/2.0; +http://go.mail.ru/help/robots)" 
217.69.133.248 - - [23/Dec/2017:19:16:55 -0800] "GET /self.logs/error.log.2016-01-22 HTTP/1.1" 404 303 "-" "Mozilla/5.0 (compatible; Linux x86_64; Mail.RU_Bot/2.0; +http://go.mail.ru/help/robots)" 
111.82.113.234 - - [23/Dec/2017:19:21:28 -0800] "GET / HTTP/1.1" 200 11061 "http://m.facebook.com/" "Mozilla/5.0 (Linux; Android 5.0; ASUS_Z00AD Build/LRX21V; wv) AppleWebKit/537.36 (KHTML, like Gecko) Version/4.0 Chrome/63.0.3239.111 Mobile Safari/537.36 [FB_IAB/Orca-Android;FBAV/147.0.0.25.86;]" 
111.82.113.234 - - [23/Dec/2017:19:21:30 -0800] "GET /twitter-icon.png HTTP/1.1" 200 27788 "http://www.secrepo.com/" "Mozilla/5.0 (Linux; Android 5.0; ASUS_Z00AD Build/LRX21V; wv) AppleWebKit/537.36 (KHTML, like Gecko) Version/4.0 Chrome/63.0.3239.111 Mobile Safari/537.36 [FB_IAB/Orca-Android;FBAV/147.0.0.25.86;]" 
111.82.113.234 - - [23/Dec/2017:19:21:30 -0800] "GET /GitHub-Mark.png HTTP/1.1" 200 7428 "http://www.secrepo.com/" "Mozilla/5.0 (Linux; Android 5.0; ASUS_Z00AD Build/LRX21V; wv) AppleWebKit/537.36 (KHTML, like Gecko) Version/4.0 Chrome/63.0.3239.111 Mobile Safari/537.36 [FB_IAB/Orca-Android;FBAV/147.0.0.25.86;]" 
111.82.113.234 - - [23/Dec/2017:19:21:33 -0800] "GET /bootstrap/img/favicon.ico HTTP/1.1" 200 590 "http://www.secrepo.com/" "Mozilla/5.0 (Linux; Android 5.0; ASUS_Z00AD Build/LRX21V; wv) AppleWebKit/537.36 (KHTML, like Gecko) Version/4.0 Chrome/63.0.3239.111 Mobile Safari/537.36 [FB_IAB/Orca-Android;FBAV/147.0.0.25.86;]" 
66.249.64.159 - - [23/Dec/2017:19:28:31 -0800] "GET /favicon.ico HTTP/1.1" 200 268 "-" "Googlebot-Image/1.0" 
54.36.149.69 - - [23/Dec/2017:19:29:19 -0800] "GET /self.logs/2015/access.log.2015-02-18.gz HTTP/1.1" 200 8823 "-" "Mozilla/5.0 (compatible; AhrefsBot/5.2; +http://ahrefs.com/robot/)" 
219.137.53.73 - - [23/Dec/2017:19:31:57 -0800] "GET /favicon.ico HTTP/1.1" 200 268 "-" "Mozilla/5.0 (Windows NT 10.0; WOW64) AppleWebKit/537.36 (KHTML, like Gecko) Chrome/55.0.2883.87 Safari/537.36" 
174.53.192.254 - - [23/Dec/2017:19:40:35 -0800] "GET / HTTP/1.1" 200 11061 "-" "Mozilla/5.0 (Macintosh; Intel Mac OS X 10_13_1) AppleWebKit/604.3.5 (KHTML, like Gecko)" 
174.53.192.254 - - [23/Dec/2017:19:40:35 -0800] "GET /apple-touch-icon-precomposed.png HTTP/1.1" 404 340 "-" "Safari/13604.3.5 CFNetwork/889.9 Darwin/17.2.0 (x86_64)" 
174.53.192.254 - - [23/Dec/2017:19:40:35 -0800] "GET /apple-touch-icon.png HTTP/1.1" 404 339 "-" "Safari/13604.3.5 CFNetwork/889.9 Darwin/17.2.0 (x86_64)" 
174.53.192.254 - - [23/Dec/2017:19:40:36 -0800] "GET /bootstrap/img/favicon.ico HTTP/1.1" 200 589 "-" "Safari/13604.3.5 CFNetwork/889.9 Darwin/17.2.0 (x86_64)" 
174.53.192.254 - - [23/Dec/2017:19:40:36 -0800] "GET / HTTP/1.1" 200 11060 "-" "Mozilla/5.0 (iPhone; CPU iPhone OS 10_3 like Mac OS X) AppleWebKit/603.1.30 (KHTML, like Gecko) Version/10.3 Mobile/14E277 Safari/603.1.30" 
174.53.192.254 - - [23/Dec/2017:19:40:36 -0800] "GET /apple-touch-icon-precomposed.png HTTP/1.1" 404 339 "-" "Safari/13604.3.5 CFNetwork/889.9 Darwin/17.2.0 (x86_64)" 
174.53.192.254 - - [23/Dec/2017:19:40:36 -0800] "GET /apple-touch-icon.png HTTP/1.1" 404 339 "-" "Safari/13604.3.5 CFNetwork/889.9 Darwin/17.2.0 (x86_64)" 
174.53.192.254 - - [23/Dec/2017:19:40:36 -0800] "GET /bootstrap/img/favicon.ico HTTP/1.1" 200 589 "-" "Safari/13604.3.5 CFNetwork/889.9 Darwin/17.2.0 (x86_64)" 
54.36.148.148 - - [23/Dec/2017:19:49:10 -0800] "GET /self.logs/access.log.2017-11-23.gz HTTP/1.1" 200 22388 "-" "Mozilla/5.0 (compatible; AhrefsBot/5.2; +http://ahrefs.com/robot/)" 
106.11.157.16 - - [23/Dec/2017:19:53:41 -0800] "GET / HTTP/1.1" 200 11061 "-" "Mozilla/5.0 (iPhone; U; CPU iPhone OS 4_0 like Mac OS X; en-us) AppleWebKit/532.9 (KHTML, like Gecko) Version/4.0.5 Mobile/8A293 Safari/6531.22.7" 
41.235.108.179 - - [23/Dec/2017:19:57:47 -0800] "GET / HTTP/1.1" 200 11061 "-" "Mozilla/5.0 (Windows NT 10.0; Win64; x64) AppleWebKit/537.36 (KHTML, like Gecko) Chrome/63.0.3239.108 Safari/537.36" 
41.235.108.179 - - [23/Dec/2017:19:57:49 -0800] "GET /twitter-icon.png HTTP/1.1" 200 27787 "http://www.secrepo.com/" "Mozilla/5.0 (Windows NT 10.0; Win64; x64) AppleWebKit/537.36 (KHTML, like Gecko) Chrome/63.0.3239.108 Safari/537.36" 
41.235.108.179 - - [23/Dec/2017:19:57:50 -0800] "GET /GitHub-Mark.png HTTP/1.1" 200 7427 "http://www.secrepo.com/" "Mozilla/5.0 (Windows NT 10.0; Win64; x64) AppleWebKit/537.36 (KHTML, like Gecko) Chrome/63.0.3239.108 Safari/537.36" 
41.235.108.179 - - [23/Dec/2017:19:57:51 -0800] "GET /bootstrap/img/favicon.ico HTTP/1.1" 200 589 "http://www.secrepo.com/" "Mozilla/5.0 (Windows NT 10.0; Win64; x64) AppleWebKit/537.36 (KHTML, like Gecko) Chrome/63.0.3239.108 Safari/537.36" 
120.221.0.34 - - [23/Dec/2017:20:00:47 -0800] "GET /honeypot/Honeypot%20-%20Howto.pdf HTTP/1.1" 304 131 "-" "Mozilla/5.0 Gecko/20100115 Firefox/3.6" 
120.221.1.28 - - [23/Dec/2017:20:05:28 -0800] "GET /maccdc2012/files.log.gz HTTP/1.1" 304 155 "-" "Mozilla/5.0 Gecko/20100115 Firefox/3.6" 
157.55.39.101 - - [23/Dec/2017:20:09:13 -0800] "GET /self.logs/access.log.2017-11-28.gz HTTP/1.1" 200 23803 "-" "Mozilla/5.0 (compatible; bingbot/2.0; +http://www.bing.com/bingbot.htm)" 
216.244.66.227 - - [23/Dec/2017:20:09:21 -0800] "GET /robots.txt HTTP/1.1" 200 233 "-" "Mozilla/5.0 (compatible; DotBot/1.1; http://www.opensiteexplorer.org/dotbot, help@moz.com)" 
174.53.192.254 - - [23/Dec/2017:20:15:52 -0800] "GET / HTTP/1.1" 200 11061 "-" "Mozilla/5.0 (Macintosh; Intel Mac OS X 10_13_1) AppleWebKit/604.3.5 (KHTML, like Gecko)" 
174.53.192.254 - - [23/Dec/2017:20:15:52 -0800] "GET /apple-touch-icon-precomposed.png HTTP/1.1" 404 340 "-" "Safari/13604.3.5 CFNetwork/889.9 Darwin/17.2.0 (x86_64)" 
174.53.192.254 - - [23/Dec/2017:20:15:52 -0800] "GET /apple-touch-icon.png HTTP/1.1" 404 339 "-" "Safari/13604.3.5 CFNetwork/889.9 Darwin/17.2.0 (x86_64)" 
174.53.192.254 - - [23/Dec/2017:20:15:53 -0800] "GET /bootstrap/img/favicon.ico HTTP/1.1" 200 589 "-" "Safari/13604.3.5 CFNetwork/889.9 Darwin/17.2.0 (x86_64)" 
174.53.192.254 - - [23/Dec/2017:20:15:53 -0800] "GET / HTTP/1.1" 200 11060 "-" "Mozilla/5.0 (iPhone; CPU iPhone OS 10_3 like Mac OS X) AppleWebKit/603.1.30 (KHTML, like Gecko) Version/10.3 Mobile/14E277 Safari/603.1.30" 
174.53.192.254 - - [23/Dec/2017:20:15:53 -0800] "GET /apple-touch-icon-precomposed.png HTTP/1.1" 404 339 "-" "Safari/13604.3.5 CFNetwork/889.9 Darwin/17.2.0 (x86_64)" 
174.53.192.254 - - [23/Dec/2017:20:15:53 -0800] "GET /apple-touch-icon.png HTTP/1.1" 404 339 "-" "Safari/13604.3.5 CFNetwork/889.9 Darwin/17.2.0 (x86_64)" 
174.53.192.254 - - [23/Dec/2017:20:15:53 -0800] "GET /bootstrap/img/favicon.ico HTTP/1.1" 200 589 "-" "Safari/13604.3.5 CFNetwork/889.9 Darwin/17.2.0 (x86_64)" 
66.249.80.31 - - [23/Dec/2017:20:25:30 -0800] "GET / HTTP/1.1" 200 11061 "-" "Mozilla/5.0 (X11; Linux x86_64) AppleWebKit/537.36 (KHTML, like Gecko) Chrome/49.0.2623.75 Safari/537.36 Google Favicon" 
66.249.80.1 - - [23/Dec/2017:20:25:30 -0800] "GET /bootstrap/img/favicon.ico HTTP/1.1" 200 590 "-" "Mozilla/5.0 (X11; Linux x86_64) AppleWebKit/537.36 (KHTML, like Gecko) Chrome/49.0.2623.75 Safari/537.36 Google Favicon" 
174.53.192.254 - - [23/Dec/2017:20:30:03 -0800] "GET / HTTP/1.1" 200 11061 "-" "Mozilla/5.0 (Macintosh; Intel Mac OS X 10_13_1) AppleWebKit/604.3.5 (KHTML, like Gecko)" 
174.53.192.254 - - [23/Dec/2017:20:30:03 -0800] "GET /apple-touch-icon-precomposed.png HTTP/1.1" 404 340 "-" "Safari/13604.3.5 CFNetwork/889.9 Darwin/17.2.0 (x86_64)" 
174.53.192.254 - - [23/Dec/2017:20:30:04 -0800] "GET /apple-touch-icon.png HTTP/1.1" 404 339 "-" "Safari/13604.3.5 CFNetwork/889.9 Darwin/17.2.0 (x86_64)" 
174.53.192.254 - - [23/Dec/2017:20:30:04 -0800] "GET /bootstrap/img/favicon.ico HTTP/1.1" 200 589 "-" "Safari/13604.3.5 CFNetwork/889.9 Darwin/17.2.0 (x86_64)" 
174.53.192.254 - - [23/Dec/2017:20:30:04 -0800] "GET / HTTP/1.1" 200 11060 "-" "Mozilla/5.0 (iPhone; CPU iPhone OS 10_3 like Mac OS X) AppleWebKit/603.1.30 (KHTML, like Gecko) Version/10.3 Mobile/14E277 Safari/603.1.30" 
174.53.192.254 - - [23/Dec/2017:20:30:04 -0800] "GET /apple-touch-icon-precomposed.png HTTP/1.1" 404 339 "-" "Safari/13604.3.5 CFNetwork/889.9 Darwin/17.2.0 (x86_64)" 
174.53.192.254 - - [23/Dec/2017:20:30:04 -0800] "GET /apple-touch-icon.png HTTP/1.1" 404 339 "-" "Safari/13604.3.5 CFNetwork/889.9 Darwin/17.2.0 (x86_64)" 
174.53.192.254 - - [23/Dec/2017:20:30:04 -0800] "GET /bootstrap/img/favicon.ico HTTP/1.1" 200 589 "-" "Safari/13604.3.5 CFNetwork/889.9 Darwin/17.2.0 (x86_64)" 
123.30.175.229 - - [23/Dec/2017:20:31:55 -0800] "GET /robots.txt HTTP/1.1" 200 297 "-" "Mozilla/5.0 (compatible; coccocbot-web/1.0; +http://help.coccoc.com/searchengine)" 
123.30.175.224 - - [23/Dec/2017:20:31:57 -0800] "GET /honeypot/Honeypot%20-%20Howto.pdf HTTP/1.1" 304 131 "-" "Mozilla/5.0 (compatible; coccocbot-web/1.0; +http://help.coccoc.com/searchengine)" 
216.244.66.227 - - [23/Dec/2017:20:34:35 -0800] "GET /robots.txt HTTP/1.1" 200 233 "-" "Mozilla/5.0 (compatible; DotBot/1.1; http://www.opensiteexplorer.org/dotbot, help@moz.com)" 
54.36.148.31 - - [23/Dec/2017:20:34:54 -0800] "GET /self.logs/2016/access.log.2016-12-14.gz HTTP/1.1" 200 7143 "-" "Mozilla/5.0 (compatible; AhrefsBot/5.2; +http://ahrefs.com/robot/)" 
54.36.148.126 - - [23/Dec/2017:20:40:22 -0800] "GET /self.logs/2016/access.log.2016-07-29.gz HTTP/1.1" 200 6751 "-" "Mozilla/5.0 (compatible; AhrefsBot/5.2; +http://ahrefs.com/robot/)" 
2.138.56.136 - - [23/Dec/2017:20:43:27 -0800] "GET / HTTP/1.1" 200 37415 "-" "Java/1.8.0_121" 
183.90.37.184 - - [23/Dec/2017:20:49:29 -0800] "GET / HTTP/1.1" 200 11061 "android-app://com.google.android.googlequicksearchbox" "Mozilla/5.0 (Linux; Android 7.0; SM-A720F Build/NRD90M) AppleWebKit/537.36 (KHTML, like Gecko) Chrome/63.0.3239.111 Mobile Safari/537.36" 
183.90.37.184 - - [23/Dec/2017:20:49:30 -0800] "GET /twitter-icon.png HTTP/1.1" 200 27787 "http://www.secrepo.com/" "Mozilla/5.0 (Linux; Android 7.0; SM-A720F Build/NRD90M) AppleWebKit/537.36 (KHTML, like Gecko) Chrome/63.0.3239.111 Mobile Safari/537.36" 
183.90.37.184 - - [23/Dec/2017:20:49:30 -0800] "GET /GitHub-Mark.png HTTP/1.1" 200 7428 "http://www.secrepo.com/" "Mozilla/5.0 (Linux; Android 7.0; SM-A720F Build/NRD90M) AppleWebKit/537.36 (KHTML, like Gecko) Chrome/63.0.3239.111 Mobile Safari/537.36" 
183.90.37.184 - - [23/Dec/2017:20:49:31 -0800] "GET /bootstrap/img/favicon.ico HTTP/1.1" 200 589 "http://www.secrepo.com/" "Mozilla/5.0 (Linux; Android 7.0; SM-A720F Build/NRD90M) AppleWebKit/537.36 (KHTML, like Gecko) Chrome/63.0.3239.111 Mobile Safari/537.36" 
183.90.37.184 - - [23/Dec/2017:20:51:15 -0800] "GET / HTTP/1.1" 200 11061 "-" "WhatsApp/2.17.427 A" 
183.90.37.184 - - [23/Dec/2017:20:51:15 -0800] "GET /bootstrap/img/apple-touch-icon-114x114.png HTTP/1.1" 404 339 "-" "WhatsApp/2.17.427 A" 
1.28.144.11 - - [23/Dec/2017:20:52:16 -0800] "GET /honeypot/Honeypot%20-%20Howto.pdf HTTP/1.0" 200 1279418 "http://www.secrepo.com/" "Mozilla/5.0 (Macintosh; Intel Mac OS X 10_10_5) AppleWebKit/537.36 (KHTML, like Gecko) Chrome/59.0.3071.115 Safari/537.36" 
102.181.194.40 - - [23/Dec/2017:20:56:02 -0800] "GET /maccdc2012/dns.log.gz HTTP/1.1" 304 154 "-" "Mozilla/5.0 Gecko/20100115 Firefox/3.6" 
216.244.66.227 - - [23/Dec/2017:20:59:51 -0800] "GET /robots.txt HTTP/1.1" 200 233 "-" "Mozilla/5.0 (compatible; DotBot/1.1; http://www.opensiteexplorer.org/dotbot, help@moz.com)" 
157.55.39.101 - - [23/Dec/2017:21:01:30 -0800] "GET /self.logs/error.log.2016-06-16.gz HTTP/1.1" 404 340 "-" "Mozilla/5.0 (compatible; bingbot/2.0; +http://www.bing.com/bingbot.htm)" 
162.210.196.98 - - [23/Dec/2017:21:03:23 -0800] "GET /robots.txt HTTP/1.1" 200 289 "-" "Mozilla/5.0 (compatible; MJ12bot/v1.4.8; http://mj12bot.com/)" 
162.210.196.98 - - [23/Dec/2017:21:03:25 -0800] "GET / HTTP/1.1" 200 37359 "-" "Mozilla/5.0 (compatible; MJ12bot/v1.4.8; http://mj12bot.com/)" 
59.189.13.82 - - [23/Dec/2017:21:08:07 -0800] "GET / HTTP/1.1" 200 11061 "-" "Mozilla/5.0 (Macintosh; Intel Mac OS X 10_13_1) AppleWebKit/604.3.5 (KHTML, like Gecko) Version/11.0.1 Safari/604.3.5" 
59.189.13.82 - - [23/Dec/2017:21:08:08 -0800] "GET /twitter-icon.png HTTP/1.1" 200 27787 "http://www.secrepo.com/" "Mozilla/5.0 (Macintosh; Intel Mac OS X 10_13_1) AppleWebKit/604.3.5 (KHTML, like Gecko) Version/11.0.1 Safari/604.3.5" 
