101.226.33.224 - - [20/Dec/2017:23:53:54 -0800] "GET /twitter-icon.png HTTP/1.1" 200 27787 "http://www.secrepo.com/" "Mozilla/5.0 (Linux; U; Android 4.4.4; zh-cn; MX4 Pro Build/KTU84P) AppleWebKit/534.30 (KHTML, like Gecko) Version/4.0 Mobile Safari/534.30" 
101.226.33.224 - - [20/Dec/2017:23:53:55 -0800] "GET /GitHub-Mark.png HTTP/1.1" 200 7428 "http://www.secrepo.com/" "Mozilla/5.0 (Linux; U; Android 4.4.4; zh-cn; MX4 Pro Build/KTU84P) AppleWebKit/534.30 (KHTML, like Gecko) Version/4.0 Mobile Safari/534.30" 
103.47.184.142 - - [20/Dec/2017:23:53:24 -0800] "GET /pe_static/zeus.zip HTTP/1.1" 206 129720 "http://www.secrepo.com/" "Mozilla/5.0 (Windows NT 10.0) AppleWebKit/537.36 (KHTML, like Gecko) Chrome/62.0.3202.89 Safari/537.36 OPR/49.0.2725.47" 
62.89.31.47 - - [20/Dec/2017:23:54:12 -0800] "GET / HTTP/1.1" 200 11061 "https://www.google.ru/" "Mozilla/5.0 (X11; Linux x86_64) AppleWebKit/537.36 (KHTML, like Gecko) Chrome/62.0.3202.89 Safari/537.36" 
62.89.31.47 - - [20/Dec/2017:23:54:12 -0800] "GET /twitter-icon.png HTTP/1.1" 200 27787 "http://www.secrepo.com/" "Mozilla/5.0 (X11; Linux x86_64) AppleWebKit/537.36 (KHTML, like Gecko) Chrome/62.0.3202.89 Safari/537.36" 
62.89.31.47 - - [20/Dec/2017:23:54:13 -0800] "GET /GitHub-Mark.png HTTP/1.1" 200 7428 "http://www.secrepo.com/" "Mozilla/5.0 (X11; Linux x86_64) AppleWebKit/537.36 (KHTML, like Gecko) Chrome/62.0.3202.89 Safari/537.36" 
62.89.31.47 - - [20/Dec/2017:23:54:13 -0800] "GET /bootstrap/img/favicon.ico HTTP/1.1" 200 589 "http://www.secrepo.com/" "Mozilla/5.0 (X11; Linux x86_64) AppleWebKit/537.36 (KHTML, like Gecko) Chrome/62.0.3202.89 Safari/537.36" 
103.47.184.142 - - [20/Dec/2017:23:51:16 -0800] "GET /pe_static/zeus.zip HTTP/1.1" 206 574080 "http://www.secrepo.com/" "Mozilla/5.0 (Windows NT 10.0) AppleWebKit/537.36 (KHTML, like Gecko) Chrome/62.0.3202.89 Safari/537.36 OPR/49.0.2725.47" 
103.47.184.142 - - [20/Dec/2017:23:50:13 -0800] "GET /pe_static/zeus.zip HTTP/1.1" 206 1451760 "http://www.secrepo.com/" "Mozilla/5.0 (Windows NT 10.0) AppleWebKit/537.36 (KHTML, like Gecko) Chrome/62.0.3202.89 Safari/537.36 OPR/49.0.2725.47" 
77.75.78.163 - - [20/Dec/2017:23:54:59 -0800] "GET /robots.txt HTTP/1.1" 200 334 "-" "Mozilla/5.0 (compatible; SeznamBot/3.2; +http://napoveda.seznam.cz/en/seznambot-intro/)" 
77.75.78.163 - - [20/Dec/2017:23:55:02 -0800] "GET /auth.log/auth.log.gz HTTP/1.1" 200 554524 "-" "Mozilla/5.0 (compatible; SeznamBot/3.2; +http://napoveda.seznam.cz/en/seznambot-intro/)" 
103.47.184.142 - - [20/Dec/2017:23:54:10 -0800] "GET /pe_static/zeus.zip HTTP/1.1" 206 77280 "http://www.secrepo.com/" "Mozilla/5.0 (Windows NT 10.0) AppleWebKit/537.36 (KHTML, like Gecko) Chrome/62.0.3202.89 Safari/537.36 OPR/49.0.2725.47" 
103.47.184.142 - - [20/Dec/2017:23:55:10 -0800] "GET /pe_static/zeus.zip HTTP/1.1" 206 77280 "http://www.secrepo.com/" "Mozilla/5.0 (Windows NT 10.0) AppleWebKit/537.36 (KHTML, like Gecko) Chrome/62.0.3202.89 Safari/537.36 OPR/49.0.2725.47" 
103.47.184.142 - - [20/Dec/2017:23:50:13 -0800] "GET /pe_static/zeus.zip HTTP/1.1" 206 1411740 "http://www.secrepo.com/" "Mozilla/5.0 (Windows NT 10.0) AppleWebKit/537.36 (KHTML, like Gecko) Chrome/62.0.3202.89 Safari/537.36 OPR/49.0.2725.47" 
103.47.184.142 - - [20/Dec/2017:23:51:25 -0800] "GET /pe_static/zeus.zip HTTP/1.1" 206 1530420 "http://www.secrepo.com/" "Mozilla/5.0 (Windows NT 10.0) AppleWebKit/537.36 (KHTML, like Gecko) Chrome/62.0.3202.89 Safari/537.36 OPR/49.0.2725.47" 
103.47.184.142 - - [20/Dec/2017:23:50:11 -0800] "GET /pe_static/zeus.zip HTTP/1.1" 206 1741560 "http://www.secrepo.com/" "Mozilla/5.0 (Windows NT 10.0) AppleWebKit/537.36 (KHTML, like Gecko) Chrome/62.0.3202.89 Safari/537.36 OPR/49.0.2725.47" 
103.47.184.142 - - [20/Dec/2017:23:53:22 -0800] "GET /pe_static/zeus.zip HTTP/1.1" 206 438840 "http://www.secrepo.com/" "Mozilla/5.0 (Windows NT 10.0) AppleWebKit/537.36 (KHTML, like Gecko) Chrome/62.0.3202.89 Safari/537.36 OPR/49.0.2725.47" 
103.47.184.142 - - [20/Dec/2017:23:55:43 -0800] "GET /pe_static/zeus.zip HTTP/1.1" 206 77280 "http://www.secrepo.com/" "Mozilla/5.0 (Windows NT 10.0) AppleWebKit/537.36 (KHTML, like Gecko) Chrome/62.0.3202.89 Safari/537.36 OPR/49.0.2725.47" 
103.47.184.142 - - [20/Dec/2017:23:55:51 -0800] "GET /pe_static/zeus.zip HTTP/1.1" 206 143520 "http://www.secrepo.com/" "Mozilla/5.0 (Windows NT 10.0) AppleWebKit/537.36 (KHTML, like Gecko) Chrome/62.0.3202.89 Safari/537.36 OPR/49.0.2725.47" 
103.47.184.142 - - [20/Dec/2017:23:54:38 -0800] "GET /pe_static/zeus.zip HTTP/1.1" 206 178020 "http://www.secrepo.com/" "Mozilla/5.0 (Windows NT 10.0) AppleWebKit/537.36 (KHTML, like Gecko) Chrome/62.0.3202.89 Safari/537.36 OPR/49.0.2725.47" 
103.47.184.142 - - [20/Dec/2017:23:51:14 -0800] "GET /pe_static/zeus.zip HTTP/1.1" 206 1785720 "http://www.secrepo.com/" "Mozilla/5.0 (Windows NT 10.0) AppleWebKit/537.36 (KHTML, like Gecko) Chrome/62.0.3202.89 Safari/537.36 OPR/49.0.2725.47" 
103.47.184.142 - - [20/Dec/2017:23:56:45 -0800] "GET /pe_static/zeus.zip HTTP/1.1" 206 120060 "http://www.secrepo.com/" "Mozilla/5.0 (Windows NT 10.0) AppleWebKit/537.36 (KHTML, like Gecko) Chrome/62.0.3202.89 Safari/537.36 OPR/49.0.2725.47" 
103.47.184.142 - - [20/Dec/2017:23:55:49 -0800] "GET /pe_static/zeus.zip HTTP/1.1" 206 109020 "http://www.secrepo.com/" "Mozilla/5.0 (Windows NT 10.0) AppleWebKit/537.36 (KHTML, like Gecko) Chrome/62.0.3202.89 Safari/537.36 OPR/49.0.2725.47" 
14.139.252.30 - - [20/Dec/2017:23:58:02 -0800] "GET / HTTP/1.1" 200 11061 "https://www.google.co.in/" "Mozilla/5.0 (Windows NT 10.0; Win64; x64) AppleWebKit/537.36 (KHTML, like Gecko) Chrome/63.0.3239.84 Safari/537.36" 
14.139.252.30 - - [20/Dec/2017:23:58:03 -0800] "GET /twitter-icon.png HTTP/1.1" 200 27787 "http://www.secrepo.com/" "Mozilla/5.0 (Windows NT 10.0; Win64; x64) AppleWebKit/537.36 (KHTML, like Gecko) Chrome/63.0.3239.84 Safari/537.36" 
14.139.252.30 - - [20/Dec/2017:23:58:03 -0800] "GET /GitHub-Mark.png HTTP/1.1" 200 7428 "http://www.secrepo.com/" "Mozilla/5.0 (Windows NT 10.0; Win64; x64) AppleWebKit/537.36 (KHTML, like Gecko) Chrome/63.0.3239.84 Safari/537.36" 
103.47.184.142 - - [20/Dec/2017:23:56:33 -0800] "GET /pe_static/zeus.zip HTTP/1.1" 206 179400 "http://www.secrepo.com/" "Mozilla/5.0 (Windows NT 10.0) AppleWebKit/537.36 (KHTML, like Gecko) Chrome/62.0.3202.89 Safari/537.36 OPR/49.0.2725.47" 
103.47.184.142 - - [20/Dec/2017:23:56:43 -0800] "GET /pe_static/zeus.zip HTTP/1.1" 206 117300 "http://www.secrepo.com/" "Mozilla/5.0 (Windows NT 10.0) AppleWebKit/537.36 (KHTML, like Gecko) Chrome/62.0.3202.89 Safari/537.36 OPR/49.0.2725.47" 
103.47.184.142 - - [20/Dec/2017:23:57:25 -0800] "GET /pe_static/zeus.zip HTTP/1.1" 206 77280 "http://www.secrepo.com/" "Mozilla/5.0 (Windows NT 10.0) AppleWebKit/537.36 (KHTML, like Gecko) Chrome/62.0.3202.89 Safari/537.36 OPR/49.0.2725.47" 
103.47.184.142 - - [20/Dec/2017:23:55:51 -0800] "GET /pe_static/zeus.zip HTTP/1.1" 206 282900 "http://www.secrepo.com/" "Mozilla/5.0 (Windows NT 10.0) AppleWebKit/537.36 (KHTML, like Gecko) Chrome/62.0.3202.89 Safari/537.36 OPR/49.0.2725.47" 
103.47.184.142 - - [20/Dec/2017:23:50:10 -0800] "GET /pe_static/zeus.zip HTTP/1.1" 200 2811060 "http://www.secrepo.com/" "Mozilla/5.0 (Windows NT 10.0) AppleWebKit/537.36 (KHTML, like Gecko) Chrome/62.0.3202.89 Safari/537.36 OPR/49.0.2725.47" 
103.47.184.142 - - [20/Dec/2017:23:59:20 -0800] "GET /pe_static/zeus.zip HTTP/1.1" 200 77280 "http://www.secrepo.com/" "Mozilla/5.0 (Windows NT 10.0) AppleWebKit/537.36 (KHTML, like Gecko) Chrome/62.0.3202.89 Safari/537.36 OPR/49.0.2725.47" 
103.47.184.142 - - [20/Dec/2017:23:58:26 -0800] "GET /pe_static/zeus.zip HTTP/1.1" 206 77280 "http://www.secrepo.com/" "Mozilla/5.0 (Windows NT 10.0) AppleWebKit/537.36 (KHTML, like Gecko) Chrome/62.0.3202.89 Safari/537.36 OPR/49.0.2725.47" 
103.47.184.142 - - [20/Dec/2017:23:55:37 -0800] "GET /pe_static/zeus.zip HTTP/1.1" 206 1155060 "http://www.secrepo.com/" "Mozilla/5.0 (Windows NT 10.0) AppleWebKit/537.36 (KHTML, like Gecko) Chrome/62.0.3202.89 Safari/537.36 OPR/49.0.2725.47" 
103.47.184.142 - - [20/Dec/2017:23:53:23 -0800] "GET /pe_static/zeus.zip HTTP/1.1" 206 1494540 "http://www.secrepo.com/" "Mozilla/5.0 (Windows NT 10.0) AppleWebKit/537.36 (KHTML, like Gecko) Chrome/62.0.3202.89 Safari/537.36 OPR/49.0.2725.47" 
103.47.184.142 - - [20/Dec/2017:23:57:27 -0800] "GET /pe_static/zeus.zip HTTP/1.1" 206 459540 "http://www.secrepo.com/" "Mozilla/5.0 (Windows NT 10.0) AppleWebKit/537.36 (KHTML, like Gecko) Chrome/62.0.3202.89 Safari/537.36 OPR/49.0.2725.47" 
103.47.184.142 - - [20/Dec/2017:23:57:48 -0800] "GET /pe_static/zeus.zip HTTP/1.1" 206 336720 "http://www.secrepo.com/" "Mozilla/5.0 (Windows NT 10.0) AppleWebKit/537.36 (KHTML, like Gecko) Chrome/62.0.3202.89 Safari/537.36 OPR/49.0.2725.47" 
103.47.184.142 - - [20/Dec/2017:23:57:26 -0800] "GET /pe_static/zeus.zip HTTP/1.1" 206 528540 "http://www.secrepo.com/" "Mozilla/5.0 (Windows NT 10.0) AppleWebKit/537.36 (KHTML, like Gecko) Chrome/62.0.3202.89 Safari/537.36 OPR/49.0.2725.47" 
103.47.184.142 - - [20/Dec/2017:23:57:43 -0800] "GET /pe_static/zeus.zip HTTP/1.1" 206 655500 "http://www.secrepo.com/" "Mozilla/5.0 (Windows NT 10.0) AppleWebKit/537.36 (KHTML, like Gecko) Chrome/62.0.3202.89 Safari/537.36 OPR/49.0.2725.47" 
103.47.184.142 - - [20/Dec/2017:23:59:20 -0800] "GET /pe_static/zeus.zip HTTP/1.1" 206 117300 "http://www.secrepo.com/" "Mozilla/5.0 (Windows NT 10.0) AppleWebKit/537.36 (KHTML, like Gecko) Chrome/62.0.3202.89 Safari/537.36 OPR/49.0.2725.47" 
223.129.0.228 - - [21/Dec/2017:00:00:57 -0800] "GET / HTTP/1.1" 200 11061 "-" "Mozilla/5.0 (Windows NT 10.0; WOW64) AppleWebKit/537.36 (KHTML, like Gecko) Chrome/49.0.2623.221 Safari/537.36 SE 2.X MetaSr 1.0" 
223.129.0.228 - - [21/Dec/2017:00:00:58 -0800] "GET /twitter-icon.png HTTP/1.1" 200 27787 "http://www.secrepo.com/" "Mozilla/5.0 (Windows NT 10.0; WOW64) AppleWebKit/537.36 (KHTML, like Gecko) Chrome/49.0.2623.221 Safari/537.36 SE 2.X MetaSr 1.0" 
223.129.0.228 - - [21/Dec/2017:00:00:59 -0800] "GET /bootstrap/img/favicon.ico HTTP/1.1" 200 590 "-" "Mozilla/5.0 (Windows NT 10.0; WOW64) AppleWebKit/537.36 (KHTML, like Gecko) Chrome/49.0.2623.221 Safari/537.36 SE 2.X MetaSr 1.0" 
223.129.0.228 - - [21/Dec/2017:00:00:59 -0800] "GET /GitHub-Mark.png HTTP/1.1" 200 7427 "http://www.secrepo.com/" "Mozilla/5.0 (Windows NT 10.0; WOW64) AppleWebKit/537.36 (KHTML, like Gecko) Chrome/49.0.2623.221 Safari/537.36 SE 2.X MetaSr 1.0" 
103.47.184.142 - - [20/Dec/2017:23:59:26 -0800] "GET /pe_static/zeus.zip HTTP/1.1" 206 172500 "http://www.secrepo.com/" "Mozilla/5.0 (Windows NT 10.0) AppleWebKit/537.36 (KHTML, like Gecko) Chrome/62.0.3202.89 Safari/537.36 OPR/49.0.2725.47" 
103.47.184.142 - - [20/Dec/2017:23:59:00 -0800] "GET /pe_static/zeus.zip HTTP/1.1" 206 140760 "http://www.secrepo.com/" "Mozilla/5.0 (Windows NT 10.0) AppleWebKit/537.36 (KHTML, like Gecko) Chrome/62.0.3202.89 Safari/537.36 OPR/49.0.2725.47" 
103.47.184.142 - - [20/Dec/2017:23:59:21 -0800] "GET /pe_static/zeus.zip HTTP/1.1" 206 180780 "http://www.secrepo.com/" "Mozilla/5.0 (Windows NT 10.0) AppleWebKit/537.36 (KHTML, like Gecko) Chrome/62.0.3202.89 Safari/537.36 OPR/49.0.2725.47" 
103.47.184.142 - - [20/Dec/2017:23:59:25 -0800] "GET /pe_static/zeus.zip HTTP/1.1" 206 462300 "http://www.secrepo.com/" "Mozilla/5.0 (Windows NT 10.0) AppleWebKit/537.36 (KHTML, like Gecko) Chrome/62.0.3202.89 Safari/537.36 OPR/49.0.2725.47" 
103.47.184.142 - - [21/Dec/2017:00:00:21 -0800] "GET /pe_static/zeus.zip HTTP/1.1" 206 77280 "http://www.secrepo.com/" "Mozilla/5.0 (Windows NT 10.0) AppleWebKit/537.36 (KHTML, like Gecko) Chrome/62.0.3202.89 Safari/537.36 OPR/49.0.2725.47" 
103.47.184.142 - - [21/Dec/2017:00:00:55 -0800] "GET /pe_static/zeus.zip HTTP/1.1" 206 77280 "http://www.secrepo.com/" "Mozilla/5.0 (Windows NT 10.0) AppleWebKit/537.36 (KHTML, like Gecko) Chrome/62.0.3202.89 Safari/537.36 OPR/49.0.2725.47" 
103.47.184.142 - - [20/Dec/2017:23:59:27 -0800] "GET /pe_static/zeus.zip HTTP/1.1" 206 665160 "http://www.secrepo.com/" "Mozilla/5.0 (Windows NT 10.0) AppleWebKit/537.36 (KHTML, like Gecko) Chrome/62.0.3202.89 Safari/537.36 OPR/49.0.2725.47" 
103.47.184.142 - - [21/Dec/2017:00:01:37 -0800] "GET /pe_static/zeus.zip HTTP/1.1" 206 77280 "http://www.secrepo.com/" "Mozilla/5.0 (Windows NT 10.0) AppleWebKit/537.36 (KHTML, like Gecko) Chrome/62.0.3202.89 Safari/537.36 OPR/49.0.2725.47" 
223.129.0.228 - - [21/Dec/2017:00:02:47 -0800] "GET /maccdc2012/ssh.log.gz HTTP/1.1" 200 182517 "-" "Mozilla/5.0 (Windows NT 10.0; WOW64) AppleWebKit/537.36 (KHTML, like Gecko) Chrome/49.0.2623.221 Safari/537.36 SE 2.X MetaSr 1.0" 
223.129.0.228 - - [21/Dec/2017:00:02:52 -0800] "GET /maccdc2012/ssh.log.gz HTTP/1.1" 200 78520 "-" "Mozilla/5.0 (Windows NT 10.0; WOW64) AppleWebKit/537.36 (KHTML, like Gecko) Chrome/49.0.2623.221 Safari/537.36 SE 2.X MetaSr 1.0" 
103.218.216.100 - - [21/Dec/2017:00:05:08 -0800] "GET / HTTP/1.1" 200 11061 "-" "Mozilla/5.0 (Windows NT 6.1; Win64; x64) AppleWebKit/537.36 (KHTML, like Gecko) Chrome/62.0.3202.94 Safari/537.36" 
103.218.216.100 - - [21/Dec/2017:00:05:12 -0800] "GET /twitter-icon.png HTTP/1.1" 200 27788 "http://www.secrepo.com/" "Mozilla/5.0 (Windows NT 6.1; Win64; x64) AppleWebKit/537.36 (KHTML, like Gecko) Chrome/62.0.3202.94 Safari/537.36" 
103.218.216.100 - - [21/Dec/2017:00:05:12 -0800] "GET /GitHub-Mark.png HTTP/1.1" 200 7428 "http://www.secrepo.com/" "Mozilla/5.0 (Windows NT 6.1; Win64; x64) AppleWebKit/537.36 (KHTML, like Gecko) Chrome/62.0.3202.94 Safari/537.36" 
103.47.184.142 - - [20/Dec/2017:23:59:20 -0800] "GET /pe_static/zeus.zip HTTP/1.1" 206 1712580 "http://www.secrepo.com/" "Mozilla/5.0 (Windows NT 10.0) AppleWebKit/537.36 (KHTML, like Gecko) Chrome/62.0.3202.89 Safari/537.36 OPR/49.0.2725.47" 
103.47.184.142 - - [21/Dec/2017:00:00:45 -0800] "GET /pe_static/zeus.zip HTTP/1.1" 206 1410360 "http://www.secrepo.com/" "Mozilla/5.0 (Windows NT 10.0) AppleWebKit/537.36 (KHTML, like Gecko) Chrome/62.0.3202.89 Safari/537.36 OPR/49.0.2725.47" 
103.218.216.100 - - [21/Dec/2017:00:05:44 -0800] "GET /bootstrap/img/favicon.ico HTTP/1.1" 200 590 "http://www.secrepo.com/" "Mozilla/5.0 (Windows NT 6.1; Win64; x64) AppleWebKit/537.36 (KHTML, like Gecko) Chrome/62.0.3202.94 Safari/537.36" 
103.47.184.142 - - [21/Dec/2017:00:01:32 -0800] "GET /pe_static/zeus.zip HTTP/1.1" 206 1669800 "http://www.secrepo.com/" "Mozilla/5.0 (Windows NT 10.0) AppleWebKit/537.36 (KHTML, like Gecko) Chrome/62.0.3202.89 Safari/537.36 OPR/49.0.2725.47" 
103.47.184.142 - - [21/Dec/2017:00:05:18 -0800] "GET /pe_static/zeus.zip HTTP/1.1" 206 155940 "http://www.secrepo.com/" "Mozilla/5.0 (Windows NT 10.0) AppleWebKit/537.36 (KHTML, like Gecko) Chrome/62.0.3202.89 Safari/537.36 OPR/49.0.2725.47" 
103.47.184.142 - - [21/Dec/2017:00:05:19 -0800] "GET /pe_static/zeus.zip HTTP/1.1" 206 77280 "http://www.secrepo.com/" "Mozilla/5.0 (Windows NT 10.0) AppleWebKit/537.36 (KHTML, like Gecko) Chrome/62.0.3202.89 Safari/537.36 OPR/49.0.2725.47" 
103.47.184.142 - - [20/Dec/2017:23:59:24 -0800] "GET /pe_static/zeus.zip HTTP/1.1" 206 2416380 "http://www.secrepo.com/" "Mozilla/5.0 (Windows NT 10.0) AppleWebKit/537.36 (KHTML, like Gecko) Chrome/62.0.3202.89 Safari/537.36 OPR/49.0.2725.47" 
103.47.184.142 - - [21/Dec/2017:00:06:52 -0800] "GET /pe_static/zeus.zip HTTP/1.1" 206 300840 "http://www.secrepo.com/" "Mozilla/5.0 (Windows NT 10.0) AppleWebKit/537.36 (KHTML, like Gecko) Chrome/62.0.3202.89 Safari/537.36 OPR/49.0.2725.47" 
103.47.184.142 - - [21/Dec/2017:00:07:34 -0800] "GET /pe_static/zeus.zip HTTP/1.1" 206 77280 "http://www.secrepo.com/" "Mozilla/5.0 (Windows NT 10.0) AppleWebKit/537.36 (KHTML, like Gecko) Chrome/62.0.3202.89 Safari/537.36 OPR/49.0.2725.47" 
103.47.184.142 - - [21/Dec/2017:00:06:52 -0800] "GET /pe_static/zeus.zip HTTP/1.1" 206 205620 "http://www.secrepo.com/" "Mozilla/5.0 (Windows NT 10.0) AppleWebKit/537.36 (KHTML, like Gecko) Chrome/62.0.3202.89 Safari/537.36 OPR/49.0.2725.47" 
103.47.184.142 - - [21/Dec/2017:00:05:49 -0800] "GET /pe_static/zeus.zip HTTP/1.1" 206 198720 "http://www.secrepo.com/" "Mozilla/5.0 (Windows NT 10.0) AppleWebKit/537.36 (KHTML, like Gecko) Chrome/62.0.3202.89 Safari/537.36 OPR/49.0.2725.47" 
103.47.184.142 - - [20/Dec/2017:23:57:23 -0800] "GET /pe_static/zeus.zip HTTP/1.1" 206 2884200 "http://www.secrepo.com/" "Mozilla/5.0 (Windows NT 10.0) AppleWebKit/537.36 (KHTML, like Gecko) Chrome/62.0.3202.89 Safari/537.36 OPR/49.0.2725.47" 
103.47.184.142 - - [21/Dec/2017:00:05:50 -0800] "GET /pe_static/zeus.zip HTTP/1.1" 206 173880 "http://www.secrepo.com/" "Mozilla/5.0 (Windows NT 10.0) AppleWebKit/537.36 (KHTML, like Gecko) Chrome/62.0.3202.89 Safari/537.36 OPR/49.0.2725.47" 
103.47.184.142 - - [21/Dec/2017:00:00:13 -0800] "GET /pe_static/zeus.zip HTTP/1.1" 206 2332200 "http://www.secrepo.com/" "Mozilla/5.0 (Windows NT 10.0) AppleWebKit/537.36 (KHTML, like Gecko) Chrome/62.0.3202.89 Safari/537.36 OPR/49.0.2725.47" 
103.47.184.142 - - [21/Dec/2017:00:02:37 -0800] "GET /pe_static/zeus.zip HTTP/1.1" 206 1502820 "http://www.secrepo.com/" "Mozilla/5.0 (Windows NT 10.0) AppleWebKit/537.36 (KHTML, like Gecko) Chrome/62.0.3202.89 Safari/537.36 OPR/49.0.2725.47" 
103.47.184.142 - - [21/Dec/2017:00:05:48 -0800] "GET /pe_static/zeus.zip HTTP/1.1" 206 135240 "http://www.secrepo.com/" "Mozilla/5.0 (Windows NT 10.0) AppleWebKit/537.36 (KHTML, like Gecko) Chrome/62.0.3202.89 Safari/537.36 OPR/49.0.2725.47" 
103.47.184.142 - - [21/Dec/2017:00:02:37 -0800] "GET /pe_static/zeus.zip HTTP/1.1" 206 1334460 "http://www.secrepo.com/" "Mozilla/5.0 (Windows NT 10.0) AppleWebKit/537.36 (KHTML, like Gecko) Chrome/62.0.3202.89 Safari/537.36 OPR/49.0.2725.47" 
103.47.184.142 - - [21/Dec/2017:00:06:53 -0800] "GET /pe_static/zeus.zip HTTP/1.1" 206 205620 "http://www.secrepo.com/" "Mozilla/5.0 (Windows NT 10.0) AppleWebKit/537.36 (KHTML, like Gecko) Chrome/62.0.3202.89 Safari/537.36 OPR/49.0.2725.47" 
103.47.184.142 - - [21/Dec/2017:00:06:51 -0800] "GET /pe_static/zeus.zip HTTP/1.1" 206 440220 "http://www.secrepo.com/" "Mozilla/5.0 (Windows NT 10.0) AppleWebKit/537.36 (KHTML, like Gecko) Chrome/62.0.3202.89 Safari/537.36 OPR/49.0.2725.47" 
103.47.184.142 - - [21/Dec/2017:00:06:53 -0800] "GET /pe_static/zeus.zip HTTP/1.1" 206 255300 "http://www.secrepo.com/" "Mozilla/5.0 (Windows NT 10.0) AppleWebKit/537.36 (KHTML, like Gecko) Chrome/62.0.3202.89 Safari/537.36 OPR/49.0.2725.47" 
103.47.184.142 - - [21/Dec/2017:00:01:39 -0800] "GET /pe_static/zeus.zip HTTP/1.1" 206 1972020 "http://www.secrepo.com/" "Mozilla/5.0 (Windows NT 10.0) AppleWebKit/537.36 (KHTML, like Gecko) Chrome/62.0.3202.89 Safari/537.36 OPR/49.0.2725.47" 
103.47.184.142 - - [21/Dec/2017:00:06:52 -0800] "GET /pe_static/zeus.zip HTTP/1.1" 206 256680 "http://www.secrepo.com/" "Mozilla/5.0 (Windows NT 10.0) AppleWebKit/537.36 (KHTML, like Gecko) Chrome/62.0.3202.89 Safari/537.36 OPR/49.0.2725.47" 
103.47.184.142 - - [21/Dec/2017:00:06:53 -0800] "GET /pe_static/zeus.zip HTTP/1.1" 206 270480 "http://www.secrepo.com/" "Mozilla/5.0 (Windows NT 10.0) AppleWebKit/537.36 (KHTML, like Gecko) Chrome/62.0.3202.89 Safari/537.36 OPR/49.0.2725.47" 
103.47.184.142 - - [21/Dec/2017:00:06:47 -0800] "GET /pe_static/zeus.zip HTTP/1.1" 206 1142640 "http://www.secrepo.com/" "Mozilla/5.0 (Windows NT 10.0) AppleWebKit/537.36 (KHTML, like Gecko) Chrome/62.0.3202.89 Safari/537.36 OPR/49.0.2725.47" 
103.47.184.142 - - [21/Dec/2017:00:07:33 -0800] "GET /pe_static/zeus.zip HTTP/1.1" 206 298080 "http://www.secrepo.com/" "Mozilla/5.0 (Windows NT 10.0) AppleWebKit/537.36 (KHTML, like Gecko) Chrome/62.0.3202.89 Safari/537.36 OPR/49.0.2725.47" 
103.47.184.142 - - [21/Dec/2017:00:07:33 -0800] "GET /pe_static/zeus.zip HTTP/1.1" 206 351900 "http://www.secrepo.com/" "Mozilla/5.0 (Windows NT 10.0) AppleWebKit/537.36 (KHTML, like Gecko) Chrome/62.0.3202.89 Safari/537.36 OPR/49.0.2725.47" 
103.47.184.142 - - [21/Dec/2017:00:07:33 -0800] "GET /pe_static/zeus.zip HTTP/1.1" 206 162840 "http://www.secrepo.com/" "Mozilla/5.0 (Windows NT 10.0) AppleWebKit/537.36 (KHTML, like Gecko) Chrome/62.0.3202.89 Safari/537.36 OPR/49.0.2725.47" 
103.47.184.142 - - [21/Dec/2017:00:07:33 -0800] "GET /pe_static/zeus.zip HTTP/1.1" 206 322920 "http://www.secrepo.com/" "Mozilla/5.0 (Windows NT 10.0) AppleWebKit/537.36 (KHTML, like Gecko) Chrome/62.0.3202.89 Safari/537.36 OPR/49.0.2725.47" 
103.47.184.142 - - [21/Dec/2017:00:08:58 -0800] "GET /pe_static/zeus.zip HTTP/1.1" 206 226320 "http://www.secrepo.com/" "Mozilla/5.0 (Windows NT 10.0) AppleWebKit/537.36 (KHTML, like Gecko) Chrome/62.0.3202.89 Safari/537.36 OPR/49.0.2725.47" 
103.47.184.142 - - [21/Dec/2017:00:09:20 -0800] "GET /pe_static/zeus.zip HTTP/1.1" 206 77280 "http://www.secrepo.com/" "Mozilla/5.0 (Windows NT 10.0) AppleWebKit/537.36 (KHTML, like Gecko) Chrome/62.0.3202.89 Safari/537.36 OPR/49.0.2725.47" 
103.47.184.142 - - [21/Dec/2017:00:07:36 -0800] "GET /pe_static/zeus.zip HTTP/1.1" 206 242880 "http://www.secrepo.com/" "Mozilla/5.0 (Windows NT 10.0) AppleWebKit/537.36 (KHTML, like Gecko) Chrome/62.0.3202.89 Safari/537.36 OPR/49.0.2725.47" 
164.132.161.8 - - [21/Dec/2017:00:10:44 -0800] "GET /self.logs/2015/error.log.2015-12-25.gz HTTP/1.1" 200 560 "-" "Mozilla/5.0 (compatible; AhrefsBot/5.2; +http://ahrefs.com/robot/)" 
103.47.184.142 - - [21/Dec/2017:00:07:33 -0800] "GET /pe_static/zeus.zip HTTP/1.1" 206 1170240 "http://www.secrepo.com/" "Mozilla/5.0 (Windows NT 10.0) AppleWebKit/537.36 (KHTML, like Gecko) Chrome/62.0.3202.89 Safari/537.36 OPR/49.0.2725.47" 
103.47.184.142 - - [21/Dec/2017:00:08:35 -0800] "GET /pe_static/zeus.zip HTTP/1.1" 206 847320 "http://www.secrepo.com/" "Mozilla/5.0 (Windows NT 10.0) AppleWebKit/537.36 (KHTML, like Gecko) Chrome/62.0.3202.89 Safari/537.36 OPR/49.0.2725.47" 
103.47.184.142 - - [21/Dec/2017:00:11:10 -0800] "GET /pe_static/zeus.zip HTTP/1.1" 206 77280 "http://www.secrepo.com/" "Mozilla/5.0 (Windows NT 10.0) AppleWebKit/537.36 (KHTML, like Gecko) Chrome/62.0.3202.89 Safari/537.36 OPR/49.0.2725.47" 
103.47.184.142 - - [21/Dec/2017:00:08:28 -0800] "GET /pe_static/zeus.zip HTTP/1.1" 206 931500 "http://www.secrepo.com/" "Mozilla/5.0 (Windows NT 10.0) AppleWebKit/537.36 (KHTML, like Gecko) Chrome/62.0.3202.89 Safari/537.36 OPR/49.0.2725.47" 
103.47.184.142 - - [21/Dec/2017:00:10:48 -0800] "GET /pe_static/zeus.zip HTTP/1.1" 206 77280 "http://www.secrepo.com/" "Mozilla/5.0 (Windows NT 10.0) AppleWebKit/537.36 (KHTML, like Gecko) Chrome/62.0.3202.89 Safari/537.36 OPR/49.0.2725.47" 
103.47.184.142 - - [21/Dec/2017:00:07:33 -0800] "GET /pe_static/zeus.zip HTTP/1.1" 206 1378620 "http://www.secrepo.com/" "Mozilla/5.0 (Windows NT 10.0) AppleWebKit/537.36 (KHTML, like Gecko) Chrome/62.0.3202.89 Safari/537.36 OPR/49.0.2725.47" 
103.47.184.142 - - [21/Dec/2017:00:09:22 -0800] "GET /pe_static/zeus.zip HTTP/1.1" 206 765900 "http://www.secrepo.com/" "Mozilla/5.0 (Windows NT 10.0) AppleWebKit/537.36 (KHTML, like Gecko) Chrome/62.0.3202.89 Safari/537.36 OPR/49.0.2725.47" 
103.47.184.142 - - [21/Dec/2017:00:07:33 -0800] "GET /pe_static/zeus.zip HTTP/1.1" 206 1715340 "http://www.secrepo.com/" "Mozilla/5.0 (Windows NT 10.0) AppleWebKit/537.36 (KHTML, like Gecko) Chrome/62.0.3202.89 Safari/537.36 OPR/49.0.2725.47" 
103.47.184.142 - - [21/Dec/2017:00:08:38 -0800] "GET /pe_static/zeus.zip HTTP/1.1" 206 1208880 "http://www.secrepo.com/" "Mozilla/5.0 (Windows NT 10.0) AppleWebKit/537.36 (KHTML, like Gecko) Chrome/62.0.3202.89 Safari/537.36 OPR/49.0.2725.47" 
103.47.184.142 - - [21/Dec/2017:00:09:21 -0800] "GET /pe_static/zeus.zip HTTP/1.1" 206 670680 "http://www.secrepo.com/" "Mozilla/5.0 (Windows NT 10.0) AppleWebKit/537.36 (KHTML, like Gecko) Chrome/62.0.3202.89 Safari/537.36 OPR/49.0.2725.47" 
103.47.184.142 - - [21/Dec/2017:00:11:17 -0800] "GET /pe_static/zeus.zip HTTP/1.1" 206 244260 "http://www.secrepo.com/" "Mozilla/5.0 (Windows NT 10.0) AppleWebKit/537.36 (KHTML, like Gecko) Chrome/62.0.3202.89 Safari/537.36 OPR/49.0.2725.47" 
103.47.184.142 - - [21/Dec/2017:00:11:11 -0800] "GET /pe_static/zeus.zip HTTP/1.1" 206 238740 "http://www.secrepo.com/" "Mozilla/5.0 (Windows NT 10.0) AppleWebKit/537.36 (KHTML, like Gecko) Chrome/62.0.3202.89 Safari/537.36 OPR/49.0.2725.47" 
103.47.184.142 - - [21/Dec/2017:00:11:43 -0800] "GET /pe_static/zeus.zip HTTP/1.1" 206 77280 "http://www.secrepo.com/" "Mozilla/5.0 (Windows NT 10.0) AppleWebKit/537.36 (KHTML, like Gecko) Chrome/62.0.3202.89 Safari/537.36 OPR/49.0.2725.47" 
103.47.184.142 - - [21/Dec/2017:00:11:44 -0800] "GET /pe_static/zeus.zip HTTP/1.1" 206 77280 "http://www.secrepo.com/" "Mozilla/5.0 (Windows NT 10.0) AppleWebKit/537.36 (KHTML, like Gecko) Chrome/62.0.3202.89 Safari/537.36 OPR/49.0.2725.47" 
103.47.184.142 - - [21/Dec/2017:00:11:43 -0800] "GET /pe_static/zeus.zip HTTP/1.1" 206 77280 "http://www.secrepo.com/" "Mozilla/5.0 (Windows NT 10.0) AppleWebKit/537.36 (KHTML, like Gecko) Chrome/62.0.3202.89 Safari/537.36 OPR/49.0.2725.47" 
103.47.184.142 - - [21/Dec/2017:00:11:45 -0800] "GET /pe_static/zeus.zip HTTP/1.1" 206 77280 "http://www.secrepo.com/" "Mozilla/5.0 (Windows NT 10.0) AppleWebKit/537.36 (KHTML, like Gecko) Chrome/62.0.3202.89 Safari/537.36 OPR/49.0.2725.47" 
157.55.39.235 - - [21/Dec/2017:00:12:11 -0800] "GET /self.logs/access.log.2016-12-21.gz HTTP/1.1" 404 340 "-" "Mozilla/5.0 (compatible; bingbot/2.0; +http://www.bing.com/bingbot.htm)" 
103.47.184.142 - - [21/Dec/2017:00:12:16 -0800] "GET /pe_static/zeus.zip HTTP/1.1" 206 77280 "http://www.secrepo.com/" "Mozilla/5.0 (Windows NT 10.0) AppleWebKit/537.36 (KHTML, like Gecko) Chrome/62.0.3202.89 Safari/537.36 OPR/49.0.2725.47" 
103.47.184.142 - - [21/Dec/2017:00:12:16 -0800] "GET /pe_static/zeus.zip HTTP/1.1" 206 77280 "http://www.secrepo.com/" "Mozilla/5.0 (Windows NT 10.0) AppleWebKit/537.36 (KHTML, like Gecko) Chrome/62.0.3202.89 Safari/537.36 OPR/49.0.2725.47" 
103.47.184.142 - - [21/Dec/2017:00:12:16 -0800] "GET /pe_static/zeus.zip HTTP/1.1" 206 77280 "http://www.secrepo.com/" "Mozilla/5.0 (Windows NT 10.0) AppleWebKit/537.36 (KHTML, like Gecko) Chrome/62.0.3202.89 Safari/537.36 OPR/49.0.2725.47" 
103.47.184.142 - - [21/Dec/2017:00:12:16 -0800] "GET /pe_static/zeus.zip HTTP/1.1" 206 77280 "http://www.secrepo.com/" "Mozilla/5.0 (Windows NT 10.0) AppleWebKit/537.36 (KHTML, like Gecko) Chrome/62.0.3202.89 Safari/537.36 OPR/49.0.2725.47" 
103.47.184.142 - - [21/Dec/2017:00:12:17 -0800] "GET /pe_static/zeus.zip HTTP/1.1" 206 77280 "http://www.secrepo.com/" "Mozilla/5.0 (Windows NT 10.0) AppleWebKit/537.36 (KHTML, like Gecko) Chrome/62.0.3202.89 Safari/537.36 OPR/49.0.2725.47" 
103.47.184.142 - - [21/Dec/2017:00:12:16 -0800] "GET /pe_static/zeus.zip HTTP/1.1" 206 77280 "http://www.secrepo.com/" "Mozilla/5.0 (Windows NT 10.0) AppleWebKit/537.36 (KHTML, like Gecko) Chrome/62.0.3202.89 Safari/537.36 OPR/49.0.2725.47" 
103.47.184.142 - - [21/Dec/2017:00:12:20 -0800] "GET /pe_static/zeus.zip HTTP/1.1" 206 77280 "http://www.secrepo.com/" "Mozilla/5.0 (Windows NT 10.0) AppleWebKit/537.36 (KHTML, like Gecko) Chrome/62.0.3202.89 Safari/537.36 OPR/49.0.2725.47" 
103.47.184.142 - - [21/Dec/2017:00:11:46 -0800] "GET /pe_static/zeus.zip HTTP/1.1" 206 77280 "http://www.secrepo.com/" "Mozilla/5.0 (Windows NT 10.0) AppleWebKit/537.36 (KHTML, like Gecko) Chrome/62.0.3202.89 Safari/537.36 OPR/49.0.2725.47" 
103.47.184.142 - - [21/Dec/2017:00:12:21 -0800] "GET /pe_static/zeus.zip HTTP/1.1" 206 77280 "http://www.secrepo.com/" "Mozilla/5.0 (Windows NT 10.0) AppleWebKit/537.36 (KHTML, like Gecko) Chrome/62.0.3202.89 Safari/537.36 OPR/49.0.2725.47" 
103.47.184.142 - - [21/Dec/2017:00:12:25 -0800] "GET /pe_static/zeus.zip HTTP/1.1" 206 77280 "http://www.secrepo.com/" "Mozilla/5.0 (Windows NT 10.0) AppleWebKit/537.36 (KHTML, like Gecko) Chrome/62.0.3202.89 Safari/537.36 OPR/49.0.2725.47" 
103.47.184.142 - - [21/Dec/2017:00:11:11 -0800] "GET /pe_static/zeus.zip HTTP/1.1" 206 142140 "http://www.secrepo.com/" "Mozilla/5.0 (Windows NT 10.0) AppleWebKit/537.36 (KHTML, like Gecko) Chrome/62.0.3202.89 Safari/537.36 OPR/49.0.2725.47" 
103.47.184.142 - - [21/Dec/2017:00:11:26 -0800] "GET /pe_static/zeus.zip HTTP/1.1" 206 77280 "http://www.secrepo.com/" "Mozilla/5.0 (Windows NT 10.0) AppleWebKit/537.36 (KHTML, like Gecko) Chrome/62.0.3202.89 Safari/537.36 OPR/49.0.2725.47" 
103.47.184.142 - - [21/Dec/2017:00:11:38 -0800] "GET /pe_static/zeus.zip HTTP/1.1" 206 77280 "http://www.secrepo.com/" "Mozilla/5.0 (Windows NT 10.0) AppleWebKit/537.36 (KHTML, like Gecko) Chrome/62.0.3202.89 Safari/537.36 OPR/49.0.2725.47" 
103.47.184.142 - - [21/Dec/2017:00:11:40 -0800] "GET /pe_static/zeus.zip HTTP/1.1" 206 77280 "http://www.secrepo.com/" "Mozilla/5.0 (Windows NT 10.0) AppleWebKit/537.36 (KHTML, like Gecko) Chrome/62.0.3202.89 Safari/537.36 OPR/49.0.2725.47" 
103.47.184.142 - - [21/Dec/2017:00:11:34 -0800] "GET /pe_static/zeus.zip HTTP/1.1" 206 109020 "http://www.secrepo.com/" "Mozilla/5.0 (Windows NT 10.0) AppleWebKit/537.36 (KHTML, like Gecko) Chrome/62.0.3202.89 Safari/537.36 OPR/49.0.2725.47" 
103.47.184.142 - - [21/Dec/2017:00:11:25 -0800] "GET /pe_static/zeus.zip HTTP/1.1" 206 184920 "http://www.secrepo.com/" "Mozilla/5.0 (Windows NT 10.0) AppleWebKit/537.36 (KHTML, like Gecko) Chrome/62.0.3202.89 Safari/537.36 OPR/49.0.2725.47" 
103.47.184.142 - - [21/Dec/2017:00:07:33 -0800] "GET /pe_static/zeus.zip HTTP/1.1" 206 1453140 "http://www.secrepo.com/" "Mozilla/5.0 (Windows NT 10.0) AppleWebKit/537.36 (KHTML, like Gecko) Chrome/62.0.3202.89 Safari/537.36 OPR/49.0.2725.47" 
202.159.218.126 - - [21/Dec/2017:00:14:35 -0800] "GET /bootstrap/img/favicon.ico HTTP/1.1" 200 590 "http://www.secrepo.com/" "Mozilla/5.0 (Windows NT 10.0; Win64; x64) AppleWebKit/537.36 (KHTML, like Gecko) Chrome/63.0.3239.84 Safari/537.36" 
51.255.71.129 - - [21/Dec/2017:00:17:58 -0800] "GET /self.logs/2015/access.log.2015-02-16.gz HTTP/1.1" 200 20432 "-" "Mozilla/5.0 (compatible; AhrefsBot/5.2; +http://ahrefs.com/robot/)" 
216.244.66.227 - - [21/Dec/2017:00:18:09 -0800] "GET /robots.txt HTTP/1.1" 200 233 "-" "Mozilla/5.0 (compatible; DotBot/1.1; http://www.opensiteexplorer.org/dotbot, help@moz.com)" 
157.55.39.161 - - [21/Dec/2017:00:25:31 -0800] "GET /self.logs/access.log.2017-09-18.gz HTTP/1.1" 200 30079 "-" "Mozilla/5.0 (compatible; bingbot/2.0; +http://www.bing.com/bingbot.htm)" 
123.118.175.241 - - [21/Dec/2017:00:41:03 -0800] "GET / HTTP/1.1" 200 11061 "http://www.test404.com/post-1494.html" "Mozilla/5.0 (X11; Fedora; Linux x86_64; rv:54.0) Gecko/20100101 Firefox/54.0" 
123.118.175.241 - - [21/Dec/2017:00:41:03 -0800] "GET /robots.txt HTTP/1.1" 200 334 "-" "Mozilla/5.0 (X11; Fedora; Linux x86_64; rv:54.0) Gecko/20100101 Firefox/54.0" 
123.118.175.241 - - [21/Dec/2017:00:41:04 -0800] "GET /twitter-icon.png HTTP/1.1" 200 27787 "http://www.secrepo.com/" "Mozilla/5.0 (X11; Fedora; Linux x86_64; rv:54.0) Gecko/20100101 Firefox/54.0" 
123.118.175.241 - - [21/Dec/2017:00:41:04 -0800] "GET /GitHub-Mark.png HTTP/1.1" 200 7428 "http://www.secrepo.com/" "Mozilla/5.0 (X11; Fedora; Linux x86_64; rv:54.0) Gecko/20100101 Firefox/54.0" 
123.118.175.241 - - [21/Dec/2017:00:41:04 -0800] "GET /bootstrap/img/favicon.ico HTTP/1.1" 200 590 "-" "Mozilla/5.0 (X11; Fedora; Linux x86_64; rv:54.0) Gecko/20100101 Firefox/54.0" 
216.244.66.227 - - [21/Dec/2017:00:46:38 -0800] "GET /robots.txt HTTP/1.1" 200 233 "-" "Mozilla/5.0 (compatible; DotBot/1.1; http://www.opensiteexplorer.org/dotbot, help@moz.com)" 
86.124.169.201 - - [21/Dec/2017:01:02:40 -0800] "GET / HTTP/1.1" 200 11061 "-" "Mozilla/5.0 (Windows NT 10.0; Win64; x64) AppleWebKit/537.36 (KHTML, like Gecko) Chrome/63.0.3239.84 Safari/537.36" 
86.124.169.201 - - [21/Dec/2017:01:02:44 -0800] "GET /GitHub-Mark.png HTTP/1.1" 200 7428 "http://www.secrepo.com/" "Mozilla/5.0 (Windows NT 10.0; Win64; x64) AppleWebKit/537.36 (KHTML, like Gecko) Chrome/63.0.3239.84 Safari/537.36" 
86.124.169.201 - - [21/Dec/2017:01:02:44 -0800] "GET /twitter-icon.png HTTP/1.1" 200 27788 "http://www.secrepo.com/" "Mozilla/5.0 (Windows NT 10.0; Win64; x64) AppleWebKit/537.36 (KHTML, like Gecko) Chrome/63.0.3239.84 Safari/537.36" 
106.120.160.109 - - [21/Dec/2017:01:08:38 -0800] "GET / HTTP/1.1" 200 37404 "http://www.secrepo.com/" "Mozilla/4.0 (compatible; MSIE 8.0; Windows NT 6.1; Trident/4.0; SLCC2; .NET CLR 2.0.50727; .NET CLR 3.5.30729; .NET CLR 3.0.30729; Media Center PC 6.0; Tablet PC 2.0)" 
66.249.64.157 - - [21/Dec/2017:01:12:39 -0800] "GET / HTTP/1.1" 200 11061 "-" "Mozilla/5.0 (compatible; Googlebot/2.1; +http://www.google.com/bot.html)" 
61.132.54.2 - - [21/Dec/2017:01:13:32 -0800] "GET /favicon.ico HTTP/1.1" 200 268 "-" "Mozilla/5.0 (Windows NT 6.1; WOW64) AppleWebKit/537.36 (KHTML, like Gecko) Chrome/50.0.2661.102 Safari/537.36" 
216.244.66.227 - - [21/Dec/2017:01:14:46 -0800] "GET /robots.txt HTTP/1.1" 200 233 "-" "Mozilla/5.0 (compatible; DotBot/1.1; http://www.opensiteexplorer.org/dotbot, help@moz.com)" 
207.46.13.176 - - [21/Dec/2017:01:16:28 -0800] "GET /self.logs/access.log.2015-01-20.gz HTTP/1.1" 404 340 "-" "Mozilla/5.0 (compatible; bingbot/2.0; +http://www.bing.com/bingbot.htm)" 
202.113.41.31 - - [21/Dec/2017:01:17:18 -0800] "GET /favicon.ico HTTP/1.1" 200 268 "-" "Mozilla/5.0 (Windows NT 10.0; WOW64) AppleWebKit/537.36 (KHTML, like Gecko) Chrome/49.0.2623.221 Safari/537.36 SE 2.X MetaSr 1.0" 
216.244.66.198 - - [21/Dec/2017:01:19:54 -0800] "GET /robots.txt HTTP/1.1" 200 233 "-" "Mozilla/5.0 (compatible; DotBot/1.1; http://www.opensiteexplorer.org/dotbot, help@moz.com)" 
74.88.6.240 - - [21/Dec/2017:01:23:20 -0800] "GET /wp-login.php HTTP/1.1" 301 522 "-" "Mozilla/5.0 (Windows NT 6.1; WOW64; rv:40.0) Gecko/20100101 Firefox/40.1" 
74.88.6.240 - - [21/Dec/2017:01:23:20 -0800] "GET /wp-login.php HTTP/1.1" 404 295 "-" "Mozilla/5.0 (Windows NT 6.1; WOW64; rv:40.0) Gecko/20100101 Firefox/40.1" 
74.88.6.240 - - [21/Dec/2017:01:23:25 -0800] "GET /wp-login.php HTTP/1.1" 301 522 "-" "Mozilla/5.0 (Windows NT 6.1; WOW64; rv:40.0) Gecko/20100101 Firefox/40.1" 
74.88.6.240 - - [21/Dec/2017:01:23:25 -0800] "GET /wp-login.php HTTP/1.1" 404 295 "-" "Mozilla/5.0 (Windows NT 6.1; WOW64; rv:40.0) Gecko/20100101 Firefox/40.1" 
74.88.6.240 - - [21/Dec/2017:01:23:30 -0800] "GET / HTTP/1.1" 301 498 "-" "Mozilla/5.0 (Windows NT 6.1; WOW64; rv:40.0) Gecko/20100101 Firefox/40.1" 
74.88.6.240 - - [21/Dec/2017:01:23:31 -0800] "GET / HTTP/1.1" 200 37415 "-" "Mozilla/5.0 (Windows NT 6.1; WOW64; rv:40.0) Gecko/20100101 Firefox/40.1" 
212.51.141.183 - - [21/Dec/2017:01:23:43 -0800] "GET /bootstrap/img/favicon.ico HTTP/1.1" 200 590 "-" "Mozilla/5.0 (X11; Ubuntu; Linux x86_64; rv:57.0) Gecko/20100101 Firefox/57.0" 
210.6.40.252 - - [21/Dec/2017:01:29:23 -0800] "GET / HTTP/1.1" 200 11061 "-" "Mozilla/5.0 (Windows NT 6.1; Win64; x64; rv:57.0) Gecko/20100101 Firefox/57.0" 
210.6.40.252 - - [21/Dec/2017:01:29:25 -0800] "GET /twitter-icon.png HTTP/1.1" 200 27787 "http://www.secrepo.com/" "Mozilla/5.0 (Windows NT 6.1; Win64; x64; rv:57.0) Gecko/20100101 Firefox/57.0" 
210.6.40.252 - - [21/Dec/2017:01:29:25 -0800] "GET /GitHub-Mark.png HTTP/1.1" 200 7428 "http://www.secrepo.com/" "Mozilla/5.0 (Windows NT 6.1; Win64; x64; rv:57.0) Gecko/20100101 Firefox/57.0" 
164.132.162.187 - - [21/Dec/2017:01:30:19 -0800] "GET /self.logs/2016/access.log.2016-03-29.gz HTTP/1.1" 200 8864 "-" "Mozilla/5.0 (compatible; AhrefsBot/5.2; +http://ahrefs.com/robot/)" 
51.255.65.62 - - [21/Dec/2017:01:33:59 -0800] "GET /self.logs/2016/access.log.2016-04-02.gz HTTP/1.1" 200 19966 "-" "Mozilla/5.0 (compatible; AhrefsBot/5.2; +http://ahrefs.com/robot/)" 
103.37.82.18 - - [21/Dec/2017:01:35:26 -0800] "GET /wp-login.php HTTP/1.1" 404 295 "-" "Mozilla/5.0 (Windows NT 6.1; WOW64; rv:40.0) Gecko/20100101 Firefox/40.1" 
103.37.82.18 - - [21/Dec/2017:01:35:31 -0800] "GET /wp-login.php HTTP/1.1" 404 295 "-" "Mozilla/5.0 (Windows NT 6.1; WOW64; rv:40.0) Gecko/20100101 Firefox/40.1" 
103.37.82.18 - - [21/Dec/2017:01:35:37 -0800] "GET / HTTP/1.1" 200 37415 "-" "Mozilla/5.0 (Windows NT 6.1; WOW64; rv:40.0) Gecko/20100101 Firefox/40.1" 
213.136.105.62 - - [21/Dec/2017:01:33:47 -0800] "GET /honeypot/Honeypot%20-%20Howto.pdf HTTP/1.1" 200 226300 "http://www.secrepo.com/" "Mozilla/5.0 (Windows NT 10.0; WOW64; Trident/7.0; Touch; rv:11.0) like Gecko" 
210.6.40.252 - - [21/Dec/2017:01:36:17 -0800] "GET /%20download%20logs%20sample HTTP/1.1" 404 340 "-" "Mozilla/5.0 (Windows NT 6.1; Win64; x64; rv:57.0) Gecko/20100101 Firefox/57.0" 
210.6.40.252 - - [21/Dec/2017:01:36:26 -0800] "GET /%20download%20logs%20sample HTTP/1.1" 404 340 "-" "Mozilla/5.0 (Windows NT 6.1; Win64; x64; rv:57.0) Gecko/20100101 Firefox/57.0" 
210.6.40.252 - - [21/Dec/2017:01:37:00 -0800] "GET /maccdc2012/dhcp.log.gz HTTP/1.1" 200 45019 "http://www.secrepo.com/" "Mozilla/5.0 (Windows NT 6.1; Win64; x64; rv:57.0) Gecko/20100101 Firefox/57.0" 
210.6.40.252 - - [21/Dec/2017:01:37:15 -0800] "GET /maccdc2012/ftp.log.gz HTTP/1.1" 200 128116 "http://www.secrepo.com/" "Mozilla/5.0 (Windows NT 6.1; Win64; x64; rv:57.0) Gecko/20100101 Firefox/57.0" 
210.6.40.252 - - [21/Dec/2017:01:37:25 -0800] "GET /maccdc2012/notice.log.gz HTTP/1.1" 200 20779 "http://www.secrepo.com/" "Mozilla/5.0 (Windows NT 6.1; Win64; x64; rv:57.0) Gecko/20100101 Firefox/57.0" 
210.6.40.252 - - [21/Dec/2017:01:37:31 -0800] "GET /maccdc2012/signatures.log.gz HTTP/1.1" 200 605 "http://www.secrepo.com/" "Mozilla/5.0 (Windows NT 6.1; Win64; x64; rv:57.0) Gecko/20100101 Firefox/57.0" 
210.6.40.252 - - [21/Dec/2017:01:37:43 -0800] "GET /maccdc2012/smtp.log.gz HTTP/1.1" 200 6908 "http://www.secrepo.com/" "Mozilla/5.0 (Windows NT 6.1; Win64; x64; rv:57.0) Gecko/20100101 Firefox/57.0" 
210.6.40.252 - - [21/Dec/2017:01:37:05 -0800] "GET /maccdc2012/dns.log.gz HTTP/1.1" 200 6629420 "http://www.secrepo.com/" "Mozilla/5.0 (Windows NT 6.1; Win64; x64; rv:57.0) Gecko/20100101 Firefox/57.0" 
210.6.40.252 - - [21/Dec/2017:01:37:57 -0800] "GET /maccdc2012/ssl.log.gz HTTP/1.1" 200 1313675 "http://www.secrepo.com/" "Mozilla/5.0 (Windows NT 6.1; Win64; x64; rv:57.0) Gecko/20100101 Firefox/57.0" 
210.6.40.252 - - [21/Dec/2017:01:37:51 -0800] "GET /maccdc2012/ssh.log.gz HTTP/1.1" 200 182517 "http://www.secrepo.com/" "Mozilla/5.0 (Windows NT 6.1; Win64; x64; rv:57.0) Gecko/20100101 Firefox/57.0" 
210.6.40.252 - - [21/Dec/2017:01:38:12 -0800] "GET /maccdc2012/tunnel.log.gz HTTP/1.1" 200 5229 "http://www.secrepo.com/" "Mozilla/5.0 (Windows NT 6.1; Win64; x64; rv:57.0) Gecko/20100101 Firefox/57.0" 
210.6.40.252 - - [21/Dec/2017:01:38:13 -0800] "GET /maccdc2012/weird.log.gz HTTP/1.1" 200 1242776 "http://www.secrepo.com/" "Mozilla/5.0 (Windows NT 6.1; Win64; x64; rv:57.0) Gecko/20100101 Firefox/57.0" 
210.6.40.252 - - [21/Dec/2017:01:38:19 -0800] "GET /maccdc2012/weird.log.gz HTTP/1.1" 200 1242777 "http://www.secrepo.com/" "Mozilla/5.0 (Windows NT 6.1; Win64; x64; rv:57.0) Gecko/20100101 Firefox/57.0" 
102.181.194.40 - - [21/Dec/2017:01:38:55 -0800] "GET /maccdc2012/dns.log.gz HTTP/1.1" 304 154 "-" "Mozilla/5.0 Gecko/20100115 Firefox/3.6" 
210.6.40.252 - - [21/Dec/2017:01:38:32 -0800] "GET /maccdc2012/maccdc2012_fast_alert.7z HTTP/1.1" 200 9478149 "http://www.secrepo.com/" "Mozilla/5.0 (Windows NT 6.1; Win64; x64; rv:57.0) Gecko/20100101 Firefox/57.0" 
210.6.40.252 - - [21/Dec/2017:01:37:21 -0800] "GET /maccdc2012/http.log.gz HTTP/1.1" 200 54258816 "http://www.secrepo.com/" "Mozilla/5.0 (Windows NT 6.1; Win64; x64; rv:57.0) Gecko/20100101 Firefox/57.0" 
66.249.64.24 - - [21/Dec/2017:01:39:59 -0800] "GET / HTTP/1.1" 301 483 "-" "Mozilla/5.0 (compatible; Googlebot/2.1; +http://www.google.com/bot.html)" 
210.6.40.252 - - [21/Dec/2017:01:40:01 -0800] "GET /tg/tg_snort_fast.7z HTTP/1.1" 200 316820 "http://www.secrepo.com/" "Mozilla/5.0 (Windows NT 6.1; Win64; x64; rv:57.0) Gecko/20100101 Firefox/57.0" 
210.6.40.252 - - [21/Dec/2017:01:38:39 -0800] "GET /maccdc2012/maccdc2012_full_alert.7z HTTP/1.1" 200 24978942 "http://www.secrepo.com/" "Mozilla/5.0 (Windows NT 6.1; Win64; x64; rv:57.0) Gecko/20100101 Firefox/57.0" 
210.6.40.252 - - [21/Dec/2017:01:40:13 -0800] "GET /tg/tg_snort_fast.7z HTTP/1.1" 200 4274093 "http://www.secrepo.com/" "Mozilla/5.0 (Windows NT 6.1; Win64; x64; rv:57.0) Gecko/20100101 Firefox/57.0" 
106.120.161.68 - - [21/Dec/2017:01:41:09 -0800] "GET / HTTP/1.1" 200 37404 "http://www.secrepo.com/" "Mozilla/4.0 (compatible; MSIE 8.0; Windows NT 6.1; Trident/4.0; SLCC2; .NET CLR 2.0.50727; .NET CLR 3.5.30729; .NET CLR 3.0.30729; Media Center PC 6.0; Tablet PC 2.0)" 
210.6.40.252 - - [21/Dec/2017:01:41:01 -0800] "GET /tg/tg_snort_fast.7z HTTP/1.1" 200 4274093 "http://www.secrepo.com/" "Mozilla/5.0 (Windows NT 6.1; Win64; x64; rv:57.0) Gecko/20100101 Firefox/57.0" 
210.6.40.252 - - [21/Dec/2017:01:40:59 -0800] "GET /tg/tg_snort_full.7z HTTP/1.1" 200 8847794 "http://www.secrepo.com/" "Mozilla/5.0 (Windows NT 6.1; Win64; x64; rv:57.0) Gecko/20100101 Firefox/57.0" 
210.6.40.252 - - [21/Dec/2017:01:37:10 -0800] "GET /maccdc2012/files.log.gz HTTP/1.1" 200 51408672 "http://www.secrepo.com/" "Mozilla/5.0 (Windows NT 6.1; Win64; x64; rv:57.0) Gecko/20100101 Firefox/57.0" 
210.6.40.252 - - [21/Dec/2017:01:39:08 -0800] "GET /tg/b.zip HTTP/1.1" 200 42298164 "http://www.secrepo.com/" "Mozilla/5.0 (Windows NT 6.1; Win64; x64; rv:57.0) Gecko/20100101 Firefox/57.0" 
210.6.40.252 - - [21/Dec/2017:01:42:11 -0800] "GET /misc/zeus_dga_domains.txt.zip HTTP/1.1" 200 594360 "http://www.secrepo.com/" "Mozilla/5.0 (Windows NT 6.1; Win64; x64; rv:57.0) Gecko/20100101 Firefox/57.0" 
210.6.40.252 - - [21/Dec/2017:01:42:46 -0800] "GET /scada/scada_logs.zip HTTP/1.1" 200 364901 "http://www.secrepo.com/" "Mozilla/5.0 (Windows NT 6.1; Win64; x64; rv:57.0) Gecko/20100101 Firefox/57.0" 
210.6.40.252 - - [21/Dec/2017:01:42:39 -0800] "GET /domaindata/domainmovement.zip HTTP/1.1" 200 7437724 "http://www.secrepo.com/" "Mozilla/5.0 (Windows NT 6.1; Win64; x64; rv:57.0) Gecko/20100101 Firefox/57.0" 
216.244.66.227 - - [21/Dec/2017:01:43:19 -0800] "GET /robots.txt HTTP/1.1" 200 233 "-" "Mozilla/5.0 (compatible; DotBot/1.1; http://www.opensiteexplorer.org/dotbot, help@moz.com)" 
210.6.40.252 - - [21/Dec/2017:01:43:10 -0800] "GET /pe_static/apt1.zip HTTP/1.1" 200 1983328 "http://www.secrepo.com/" "Mozilla/5.0 (Windows NT 6.1; Win64; x64; rv:57.0) Gecko/20100101 Firefox/57.0" 
210.6.40.252 - - [21/Dec/2017:01:38:48 -0800] "GET /tg/a.zip HTTP/1.1" 200 66189337 "http://www.secrepo.com/" "Mozilla/5.0 (Windows NT 6.1; Win64; x64; rv:57.0) Gecko/20100101 Firefox/57.0" 
210.6.40.252 - - [21/Dec/2017:01:43:50 -0800] "GET /self.logs/ HTTP/1.1" 200 7250 "http://www.secrepo.com/" "Mozilla/5.0 (Windows NT 6.1; Win64; x64; rv:57.0) Gecko/20100101 Firefox/57.0" 
210.6.40.252 - - [21/Dec/2017:01:44:04 -0800] "GET /self.logs/ HTTP/1.1" 200 7250 "http://www.secrepo.com/" "Mozilla/5.0 (Windows NT 6.1; Win64; x64; rv:57.0) Gecko/20100101 Firefox/57.0" 
210.6.40.252 - - [21/Dec/2017:01:43:42 -0800] "GET /pe_static/op-cleaver.zip HTTP/1.1" 200 710065 "http://www.secrepo.com/" "Mozilla/5.0 (Windows NT 6.1; Win64; x64; rv:57.0) Gecko/20100101 Firefox/57.0" 
210.6.40.252 - - [21/Dec/2017:01:44:11 -0800] "GET /self.logs/ HTTP/1.1" 200 7250 "http://www.secrepo.com/" "Mozilla/5.0 (Windows NT 6.1; Win64; x64; rv:57.0) Gecko/20100101 Firefox/57.0" 
210.6.40.252 - - [21/Dec/2017:01:44:17 -0800] "GET /squid/access.log.gz HTTP/1.1" 200 196782 "http://www.secrepo.com/" "Mozilla/5.0 (Windows NT 6.1; Win64; x64; rv:57.0) Gecko/20100101 Firefox/57.0" 
210.6.40.252 - - [21/Dec/2017:01:42:15 -0800] "GET /pe_static/zeus.zip HTTP/1.1" 200 51367111 "http://www.secrepo.com/" "Mozilla/5.0 (Windows NT 6.1; Win64; x64; rv:57.0) Gecko/20100101 Firefox/57.0" 
210.6.40.252 - - [21/Dec/2017:01:44:32 -0800] "GET /self.logs/ HTTP/1.1" 200 7250 "http://www.secrepo.com/" "Mozilla/5.0 (Windows NT 6.1; Win64; x64; rv:57.0) Gecko/20100101 Firefox/57.0" 
210.6.40.252 - - [21/Dec/2017:01:44:38 -0800] "GET /auth.log/auth.log.gz HTTP/1.1" 200 554524 "http://www.secrepo.com/" "Mozilla/5.0 (Windows NT 6.1; Win64; x64; rv:57.0) Gecko/20100101 Firefox/57.0" 
23.253.92.35 - - [21/Dec/2017:01:44:51 -0800] "GET /robots.txt HTTP/1.1" 301 446 "-" "Tornado-Async-Client" 
23.253.92.35 - - [21/Dec/2017:01:44:51 -0800] "GET /robots.txt HTTP/1.1" 304 130 "-" "Tornado-Async-Client" 
23.253.92.35 - - [21/Dec/2017:01:44:51 -0800] "GET /honeypot/BSidesDFW%20-%202014.ipynb HTTP/1.1" 301 484 "-" "Tornado-Async-Client" 
23.253.92.35 - - [21/Dec/2017:01:44:51 -0800] "GET /honeypot/BSidesDFW%20-%202014.ipynb HTTP/1.1" 200 930780 "-" "Tornado-Async-Client" 
157.55.39.101 - - [21/Dec/2017:01:45:23 -0800] "GET /self.logs/access.log.2017-05-02.gz HTTP/1.1" 200 17906 "-" "Mozilla/5.0 (compatible; bingbot/2.0; +http://www.bing.com/bingbot.htm)" 
41.114.35.144 - - [21/Dec/2017:01:45:31 -0800] "GET / HTTP/1.1" 200 11061 "-" "Mozilla/5.0 (Linux; Android 6.0.1; Redmi 4A Build/MMB29M) AppleWebKit/537.36 (KHTML, like Gecko) Chrome/63.0.3239.111 Mobile Safari/537.36" 
41.114.35.144 - - [21/Dec/2017:01:45:32 -0800] "GET /twitter-icon.png HTTP/1.1" 200 27787 "http://www.secrepo.com/" "Mozilla/5.0 (Linux; Android 6.0.1; Redmi 4A Build/MMB29M) AppleWebKit/537.36 (KHTML, like Gecko) Chrome/63.0.3239.111 Mobile Safari/537.36" 
41.114.35.144 - - [21/Dec/2017:01:45:32 -0800] "GET /GitHub-Mark.png HTTP/1.1" 200 7428 "http://www.secrepo.com/" "Mozilla/5.0 (Linux; Android 6.0.1; Redmi 4A Build/MMB29M) AppleWebKit/537.36 (KHTML, like Gecko) Chrome/63.0.3239.111 Mobile Safari/537.36" 
41.114.35.144 - - [21/Dec/2017:01:45:34 -0800] "GET /bootstrap/img/favicon.ico HTTP/1.1" 200 590 "http://www.secrepo.com/" "Mozilla/5.0 (Linux; Android 6.0.1; Redmi 4A Build/MMB29M) AppleWebKit/537.36 (KHTML, like Gecko) Chrome/63.0.3239.111 Mobile Safari/537.36" 
210.6.40.252 - - [21/Dec/2017:01:39:59 -0800] "GET /tg/c.zip HTTP/1.1" 200 63359118 "http://www.secrepo.com/" "Mozilla/5.0 (Windows NT 6.1; Win64; x64; rv:57.0) Gecko/20100101 Firefox/57.0" 
210.6.40.252 - - [21/Dec/2017:01:44:26 -0800] "GET /squid/access.log.gz HTTP/1.1" 200 23177322 "http://www.secrepo.com/" "Mozilla/5.0 (Windows NT 6.1; Win64; x64; rv:57.0) Gecko/20100101 Firefox/57.0" 
210.6.40.252 - - [21/Dec/2017:01:44:45 -0800] "GET /honeypot/honeypot.json.zip HTTP/1.1" 200 23085976 "http://www.secrepo.com/" "Mozilla/5.0 (Windows NT 6.1; Win64; x64; rv:57.0) Gecko/20100101 Firefox/57.0" 
157.55.39.161 - - [21/Dec/2017:01:46:40 -0800] "GET / HTTP/1.1" 200 11061 "-" "Mozilla/5.0 (compatible; bingbot/2.0; +http://www.bing.com/bingbot.htm)" 
162.210.196.130 - - [21/Dec/2017:01:46:50 -0800] "GET /robots.txt HTTP/1.1" 200 289 "-" "Mozilla/5.0 (compatible; MJ12bot/v1.4.8; http://mj12bot.com/)" 
162.210.196.130 - - [21/Dec/2017:01:46:52 -0800] "GET / HTTP/1.1" 200 37359 "-" "Mozilla/5.0 (compatible; MJ12bot/v1.4.8; http://mj12bot.com/)" 
210.6.40.252 - - [21/Dec/2017:01:42:56 -0800] "GET /pe_static/zeus.zip HTTP/1.1" 200 51367111 "http://www.secrepo.com/" "Mozilla/5.0 (Windows NT 6.1; Win64; x64; rv:57.0) Gecko/20100101 Firefox/57.0" 
77.56.36.2 - - [21/Dec/2017:01:47:14 -0800] "GET / HTTP/1.1" 301 427 "-" "Mozilla/5.0 (Windows NT 6.3; WOW64) AppleWebKit/537.36 (KHTML, like Gecko) Chrome/41.0.2225.0 Safari/537.36" 
77.56.36.2 - - [21/Dec/2017:01:47:15 -0800] "GET / HTTP/1.1" 200 11005 "-" "Mozilla/5.0 (Windows NT 6.3; WOW64) AppleWebKit/537.36 (KHTML, like Gecko) Chrome/41.0.2225.0 Safari/537.36" 
164.132.161.35 - - [21/Dec/2017:01:52:53 -0800] "GET /self.logs/access.log.2016-04-07.gz HTTP/1.1" 404 284 "-" "Mozilla/5.0 (compatible; AhrefsBot/5.2; +http://ahrefs.com/robot/)" 
147.83.201.96 - - [21/Dec/2017:01:57:02 -0800] "GET / HTTP/1.1" 200 11061 "http://vizsec.org/data/" "Mozilla/5.0 (X11; Linux x86_64) AppleWebKit/537.36 (KHTML, like Gecko) Chrome/62.0.3202.62 Safari/537.36" 
147.83.201.96 - - [21/Dec/2017:01:57:02 -0800] "GET /twitter-icon.png HTTP/1.1" 200 27787 "http://www.secrepo.com/" "Mozilla/5.0 (X11; Linux x86_64) AppleWebKit/537.36 (KHTML, like Gecko) Chrome/62.0.3202.62 Safari/537.36" 
147.83.201.96 - - [21/Dec/2017:01:57:02 -0800] "GET /GitHub-Mark.png HTTP/1.1" 200 7428 "http://www.secrepo.com/" "Mozilla/5.0 (X11; Linux x86_64) AppleWebKit/537.36 (KHTML, like Gecko) Chrome/62.0.3202.62 Safari/537.36" 
147.83.201.96 - - [21/Dec/2017:01:57:03 -0800] "GET /bootstrap/img/favicon.ico HTTP/1.1" 200 589 "http://www.secrepo.com/" "Mozilla/5.0 (X11; Linux x86_64) AppleWebKit/537.36 (KHTML, like Gecko) Chrome/62.0.3202.62 Safari/537.36" 
210.6.40.252 - - [21/Dec/2017:01:36:41 -0800] "GET /maccdc2012/conn.log.gz HTTP/1.1" 200 551041635 "http://www.secrepo.com/" "Mozilla/5.0 (Windows NT 6.1; Win64; x64; rv:57.0) Gecko/20100101 Firefox/57.0" 
120.221.0.34 - - [21/Dec/2017:02:00:24 -0800] "GET /honeypot/Honeypot%20-%20Howto.pdf HTTP/1.1" 304 131 "-" "Mozilla/5.0 Gecko/20100115 Firefox/3.6" 
46.154.44.66 - - [21/Dec/2017:02:01:10 -0800] "GET / HTTP/1.1" 200 11061 "https://www.google.com.tr/" "Mozilla/5.0 (Windows NT 10.0; Win64; x64) AppleWebKit/537.36 (KHTML, like Gecko) Chrome/63.0.3239.84 Safari/537.36" 
46.154.44.66 - - [21/Dec/2017:02:01:11 -0800] "GET /twitter-icon.png HTTP/1.1" 200 27787 "http://www.secrepo.com/" "Mozilla/5.0 (Windows NT 10.0; Win64; x64) AppleWebKit/537.36 (KHTML, like Gecko) Chrome/63.0.3239.84 Safari/537.36" 
46.154.44.66 - - [21/Dec/2017:02:01:11 -0800] "GET /GitHub-Mark.png HTTP/1.1" 200 7428 "http://www.secrepo.com/" "Mozilla/5.0 (Windows NT 10.0; Win64; x64) AppleWebKit/537.36 (KHTML, like Gecko) Chrome/63.0.3239.84 Safari/537.36" 
46.154.44.66 - - [21/Dec/2017:02:01:12 -0800] "GET /bootstrap/img/favicon.ico HTTP/1.1" 200 589 "http://www.secrepo.com/" "Mozilla/5.0 (Windows NT 10.0; Win64; x64) AppleWebKit/537.36 (KHTML, like Gecko) Chrome/63.0.3239.84 Safari/537.36" 
217.182.132.171 - - [21/Dec/2017:02:02:02 -0800] "GET /self.logs/access.log.2016-12-20.gz HTTP/1.1" 404 284 "-" "Mozilla/5.0 (compatible; AhrefsBot/5.2; +http://ahrefs.com/robot/)" 
210.6.40.252 - - [21/Dec/2017:01:44:59 -0800] "GET /Security-Data-Analysis/Lab_1/conn.log.zip HTTP/1.1" 200 549098528 "http://www.secrepo.com/" "Mozilla/5.0 (Windows NT 6.1; Win64; x64; rv:57.0) Gecko/20100101 Firefox/57.0" 
