176.108.188.1 - - [23/Oct/2017:10:13:37 -0700] "GET / HTTP/1.1" 200 11024 "http://www.secrepo.com/" "Mozilla/5.0 (Windows NT 6.0; rv:45.67.14) Gecko/20155938 Firefox/45.67.14" 
176.108.188.1 - - [23/Oct/2017:10:13:38 -0700] "GET //shop/ HTTP/1.1" 301 479 "http://www.secrepo.com/" "Mozilla/5.0 (Windows NT 6.0; rv:45.67.14) Gecko/20155938 Firefox/45.67.14" 
176.108.188.1 - - [23/Oct/2017:10:13:38 -0700] "GET /shop/ HTTP/1.1" 404 303 "http://www.secrepo.com/" "Mozilla/5.0 (Windows NT 6.0; rv:45.67.14) Gecko/20155938 Firefox/45.67.14" 
176.108.188.1 - - [23/Oct/2017:10:13:39 -0700] "GET //store/ HTTP/1.1" 301 455 "http://www.secrepo.com/" "Mozilla/5.0 (Windows NT 6.0; rv:45.67.14) Gecko/20155938 Firefox/45.67.14" 
176.108.188.1 - - [23/Oct/2017:10:13:39 -0700] "GET /store/ HTTP/1.1" 404 303 "http://www.secrepo.com/" "Mozilla/5.0 (Windows NT 6.0; rv:45.67.14) Gecko/20155938 Firefox/45.67.14" 
80.47.133.120 - - [23/Oct/2017:10:13:55 -0700] "GET /wp-login.php HTTP/1.1" 301 522 "-" "Mozilla/5.0 (Windows NT 6.1; WOW64; rv:40.0) Gecko/20100101 Firefox/40.1" 
80.47.133.120 - - [23/Oct/2017:10:13:56 -0700] "GET /wp-login.php HTTP/1.1" 404 295 "-" "Mozilla/5.0 (Windows NT 6.1; WOW64; rv:40.0) Gecko/20100101 Firefox/40.1" 
80.47.133.120 - - [23/Oct/2017:10:14:01 -0700] "GET /wp-login.php HTTP/1.1" 301 522 "-" "Mozilla/5.0 (Windows NT 6.1; WOW64; rv:40.0) Gecko/20100101 Firefox/40.1" 
80.47.133.120 - - [23/Oct/2017:10:14:01 -0700] "GET /wp-login.php HTTP/1.1" 404 295 "-" "Mozilla/5.0 (Windows NT 6.1; WOW64; rv:40.0) Gecko/20100101 Firefox/40.1" 
80.47.133.120 - - [23/Oct/2017:10:14:07 -0700] "GET / HTTP/1.1" 301 498 "-" "Mozilla/5.0 (Windows NT 6.1; WOW64; rv:40.0) Gecko/20100101 Firefox/40.1" 
80.47.133.120 - - [23/Oct/2017:10:14:07 -0700] "GET / HTTP/1.1" 200 37415 "-" "Mozilla/5.0 (Windows NT 6.1; WOW64; rv:40.0) Gecko/20100101 Firefox/40.1" 
62.24.252.133 - - [23/Oct/2017:10:14:38 -0700] "GET /robots.txt HTTP/1.0" 301 481 "http://secrepo.com/robots.txt" "Mozilla/4.0 (compatible; MSIE 8.0; Windows NT 5.1; Trident/4.0; .NET CLR 2.0.50727; .NET CLR 3.0.04506.648; .NET CLR 3.5.21022; .NET CLR 3.0.4506.2152; .NET CLR 3.5.30729; InfoPath.2)" 
62.24.252.133 - - [23/Oct/2017:10:14:39 -0700] "GET /robots.txt HTTP/1.0" 200 252 "http://www.secrepo.com/robots.txt" "Mozilla/4.0 (compatible; MSIE 8.0; Windows NT 5.1; Trident/4.0; .NET CLR 2.0.50727; .NET CLR 3.0.04506.648; .NET CLR 3.5.21022; .NET CLR 3.0.4506.2152; .NET CLR 3.5.30729; InfoPath.2)" 
62.24.252.133 - - [23/Oct/2017:10:14:39 -0700] "GET / HTTP/1.0" 301 461 "http://secrepo.com/" "Mozilla/4.0 (compatible; MSIE 8.0; Windows NT 5.1; Trident/4.0; .NET CLR 2.0.50727; .NET CLR 3.0.04506.648; .NET CLR 3.5.21022; .NET CLR 3.0.4506.2152; .NET CLR 3.5.30729; InfoPath.2)" 
86.87.233.128 - - [23/Oct/2017:10:15:34 -0700] "GET /bootstrap/img/favicon.ico HTTP/1.1" 200 590 "-" "Mozilla/5.0 (Windows NT 10.0; Win64; x64; Trident/7.0; rv:11.0) like Gecko" 
86.87.233.128 - - [23/Oct/2017:10:15:37 -0700] "GET / HTTP/1.1" 200 11061 "-" "Mozilla/5.0 (Windows NT 10.0; WOW64; Trident/7.0; rv:11.0) like Gecko" 
86.87.233.128 - - [23/Oct/2017:10:15:37 -0700] "GET /GitHub-Mark.png HTTP/1.1" 200 7428 "http://www.secrepo.com/" "Mozilla/5.0 (Windows NT 10.0; WOW64; Trident/7.0; rv:11.0) like Gecko" 
86.87.233.128 - - [23/Oct/2017:10:15:37 -0700] "GET /twitter-icon.png HTTP/1.1" 200 27787 "http://www.secrepo.com/" "Mozilla/5.0 (Windows NT 10.0; WOW64; Trident/7.0; rv:11.0) like Gecko" 
120.221.1.28 - - [23/Oct/2017:10:16:20 -0700] "GET /maccdc2012/files.log.gz HTTP/1.1" 304 155 "-" "Mozilla/5.0 Gecko/20100115 Firefox/3.6" 
60.184.192.49 - - [23/Oct/2017:10:17:55 -0700] "GET /honeypot/Honeypot%20-%20Howto.pdf HTTP/1.1" 200 66240 "-" "Mozilla/4.0 (compatible; MSIE 6.0; Windows NT 5.1)" 
86.87.233.128 - - [23/Oct/2017:10:20:44 -0700] "GET / HTTP/1.1" 200 11061 "http://vizsec.org/data/" "Mozilla/5.0 (Windows NT 10.0; Win64; x64; Trident/7.0; rv:11.0) like Gecko" 
86.87.233.128 - - [23/Oct/2017:10:20:44 -0700] "GET /twitter-icon.png HTTP/1.1" 200 27787 "http://www.secrepo.com/" "Mozilla/5.0 (Windows NT 10.0; Win64; x64; Trident/7.0; rv:11.0) like Gecko" 
86.87.233.128 - - [23/Oct/2017:10:20:44 -0700] "GET /GitHub-Mark.png HTTP/1.1" 200 7428 "http://www.secrepo.com/" "Mozilla/5.0 (Windows NT 10.0; Win64; x64; Trident/7.0; rv:11.0) like Gecko" 
86.87.233.128 - - [23/Oct/2017:10:20:56 -0700] "GET /bootstrap/img/favicon.ico HTTP/1.1" 200 590 "-" "Mozilla/5.0 (Windows NT 10.0; Win64; x64; Trident/7.0; rv:11.0) like Gecko" 
201.247.97.50 - - [23/Oct/2017:10:21:41 -0700] "GET /wp-login.php HTTP/1.1" 404 295 "-" "Mozilla/5.0 (Windows NT 6.1; WOW64; rv:40.0) Gecko/20100101 Firefox/40.1" 
201.247.97.50 - - [23/Oct/2017:10:21:46 -0700] "GET /wp-login.php HTTP/1.1" 404 295 "-" "Mozilla/5.0 (Windows NT 6.1; WOW64; rv:40.0) Gecko/20100101 Firefox/40.1" 
201.247.97.50 - - [23/Oct/2017:10:21:52 -0700] "GET / HTTP/1.1" 200 37415 "-" "Mozilla/5.0 (Windows NT 6.1; WOW64; rv:40.0) Gecko/20100101 Firefox/40.1" 
109.86.72.163 - - [23/Oct/2017:10:22:57 -0700] "GET /honeypot/BSidesDFW%20-%202014.ipynb HTTP/1.0" 200 930799 "http://www.secrepo.com/honeypot/BSidesDFW%20-%202014.ipynb" "Mozilla/5.0 (compatible; MSIE 9.0; Windows NT 6.0; Trident/5.0; Trident/5.0)" 
45.62.177.32 - - [23/Oct/2017:10:25:11 -0700] "GET / HTTP/1.1" 200 11061 "https://www.google.com/" "Mozilla/5.0 (Macintosh; Intel Mac OS X 10.12; rv:56.0) Gecko/20100101 Firefox/56.0" 
66.55.207.176 - - [23/Oct/2017:10:25:24 -0700] "GET / HTTP/1.1" 200 11061 "https://www.google.com/" "Mozilla/5.0 (Macintosh; Intel Mac OS X 10.12; rv:56.0) Gecko/20100101 Firefox/56.0" 
66.55.207.176 - - [23/Oct/2017:10:25:24 -0700] "GET /twitter-icon.png HTTP/1.1" 200 27787 "http://www.secrepo.com/" "Mozilla/5.0 (Macintosh; Intel Mac OS X 10.12; rv:56.0) Gecko/20100101 Firefox/56.0" 
66.55.207.176 - - [23/Oct/2017:10:25:24 -0700] "GET /GitHub-Mark.png HTTP/1.1" 200 7428 "http://www.secrepo.com/" "Mozilla/5.0 (Macintosh; Intel Mac OS X 10.12; rv:56.0) Gecko/20100101 Firefox/56.0" 
66.55.207.176 - - [23/Oct/2017:10:25:24 -0700] "GET /bootstrap/img/favicon.ico HTTP/1.1" 200 589 "-" "Mozilla/5.0 (Macintosh; Intel Mac OS X 10.12; rv:56.0) Gecko/20100101 Firefox/56.0" 
66.55.207.176 - - [23/Oct/2017:10:25:55 -0700] "GET /maccdc2012/dhcp.log.gz HTTP/1.1" 200 45019 "http://www.secrepo.com/" "Mozilla/5.0 (Macintosh; Intel Mac OS X 10.12; rv:56.0) Gecko/20100101 Firefox/56.0" 
51.255.65.7 - - [23/Oct/2017:10:26:53 -0700] "GET /self.logs/2016/error.log.2016-09-07.gz HTTP/1.1" 200 1367 "-" "Mozilla/5.0 (compatible; AhrefsBot/5.2; +http://ahrefs.com/robot/)" 
201.247.97.50 - - [23/Oct/2017:10:30:09 -0700] "GET /wp-login.php HTTP/1.1" 301 522 "-" "Mozilla/5.0 (Windows NT 6.1; WOW64; rv:40.0) Gecko/20100101 Firefox/40.1" 
201.247.97.50 - - [23/Oct/2017:10:30:09 -0700] "GET /wp-login.php HTTP/1.1" 404 295 "-" "Mozilla/5.0 (Windows NT 6.1; WOW64; rv:40.0) Gecko/20100101 Firefox/40.1" 
201.247.97.50 - - [23/Oct/2017:10:30:14 -0700] "GET /wp-login.php HTTP/1.1" 301 522 "-" "Mozilla/5.0 (Windows NT 6.1; WOW64; rv:40.0) Gecko/20100101 Firefox/40.1" 
201.247.97.50 - - [23/Oct/2017:10:30:14 -0700] "GET /wp-login.php HTTP/1.1" 404 295 "-" "Mozilla/5.0 (Windows NT 6.1; WOW64; rv:40.0) Gecko/20100101 Firefox/40.1" 
201.247.97.50 - - [23/Oct/2017:10:30:19 -0700] "GET / HTTP/1.1" 301 498 "-" "Mozilla/5.0 (Windows NT 6.1; WOW64; rv:40.0) Gecko/20100101 Firefox/40.1" 
201.247.97.50 - - [23/Oct/2017:10:30:19 -0700] "GET / HTTP/1.1" 200 37415 "-" "Mozilla/5.0 (Windows NT 6.1; WOW64; rv:40.0) Gecko/20100101 Firefox/40.1" 
185.169.222.4 - - [23/Oct/2017:10:32:00 -0700] "GET / HTTP/1.1" 200 37415 "http://www.google.com/url?sa=t&rct=j&q=&esrc=s&source=web&cd=1&ved=0CDAQFjAB&url=http%3A%2F%2Fwww.secrepo.com%2F&ei=jyfuWfvWB-25sgOqmAE&usg=AFQjCNHeQikQ6r63vtqWKlBvSenYpdB4dQ" "Mozilla/5.0 (Windows NT 6.1; WOW64; Trident/7.0; rv:11.0) like Gecko" 
51.255.65.67 - - [23/Oct/2017:10:38:36 -0700] "GET /self.logs/error.log.2017-10-17.gz HTTP/1.1" 200 3730 "-" "Mozilla/5.0 (compatible; AhrefsBot/5.2; +http://ahrefs.com/robot/)" 
52.91.184.228 - - [23/Oct/2017:10:41:21 -0700] "GET / HTTP/1.1" 206 11110 "-" "Slackbot-LinkExpanding 1.0 (+https://api.slack.com/robots)" 
54.89.92.4 - - [23/Oct/2017:10:41:21 -0700] "GET /bootstrap/img/apple-touch-icon.png HTTP/1.1" 404 340 "https://slack.com" "Slackbot-LinkExpanding 1.0 (+https://api.slack.com/robots)" 
54.174.114.150 - - [23/Oct/2017:10:41:21 -0700] "GET /favicon.ico HTTP/1.1" 200 268 "https://slack.com" "Slackbot-LinkExpanding 1.0 (+https://api.slack.com/robots)" 
66.192.187.242 - - [23/Oct/2017:10:42:17 -0700] "GET / HTTP/1.1" 200 11061 "-" "Mozilla/5.0 (Macintosh; Intel Mac OS X 10.11; rv:56.0) Gecko/20100101 Firefox/56.0" 
66.192.187.242 - - [23/Oct/2017:10:42:18 -0700] "GET /twitter-icon.png HTTP/1.1" 200 27787 "http://www.secrepo.com/" "Mozilla/5.0 (Macintosh; Intel Mac OS X 10.11; rv:56.0) Gecko/20100101 Firefox/56.0" 
66.192.187.242 - - [23/Oct/2017:10:42:19 -0700] "GET /bootstrap/img/favicon.ico HTTP/1.1" 200 590 "-" "Mozilla/5.0 (Macintosh; Intel Mac OS X 10.11; rv:56.0) Gecko/20100101 Firefox/56.0" 
66.192.187.242 - - [23/Oct/2017:10:42:19 -0700] "GET /GitHub-Mark.png HTTP/1.1" 200 7428 "http://www.secrepo.com/" "Mozilla/5.0 (Macintosh; Intel Mac OS X 10.11; rv:56.0) Gecko/20100101 Firefox/56.0" 
172.58.121.223 - - [23/Oct/2017:10:45:56 -0700] "GET / HTTP/1.1" 200 11061 "-" "Mozilla/5.0 (Macintosh; Intel Mac OS X 10_12_5) AppleWebKit/603.2.4 (KHTML, like Gecko) Version/10.1.1 Safari/603.2.4" 
172.58.121.223 - - [23/Oct/2017:10:45:56 -0700] "GET /twitter-icon.png HTTP/1.1" 200 27787 "http://www.secrepo.com/" "Mozilla/5.0 (Macintosh; Intel Mac OS X 10_12_5) AppleWebKit/603.2.4 (KHTML, like Gecko) Version/10.1.1 Safari/603.2.4" 
172.58.121.223 - - [23/Oct/2017:10:45:57 -0700] "GET /GitHub-Mark.png HTTP/1.1" 200 7428 "http://www.secrepo.com/" "Mozilla/5.0 (Macintosh; Intel Mac OS X 10_12_5) AppleWebKit/603.2.4 (KHTML, like Gecko) Version/10.1.1 Safari/603.2.4" 
172.58.121.223 - - [23/Oct/2017:10:46:01 -0700] "GET /bootstrap/img/favicon.ico HTTP/1.1" 200 590 "http://www.secrepo.com/" "Mozilla/5.0 (Macintosh; Intel Mac OS X 10_12_5) AppleWebKit/603.2.4 (KHTML, like Gecko) Version/10.1.1 Safari/603.2.4" 
172.58.121.223 - - [23/Oct/2017:10:47:05 -0700] "GET / HTTP/1.1" 200 11061 "-" "Mozilla/5.0 (Macintosh; Intel Mac OS X 10_11_1) AppleWebKit/601.2.4 (KHTML, like Gecko) Version/9.0.1 Safari/601.2.4 facebookexternalhit/1.1 Facebot Twitterbot/1.0" 
172.58.121.223 - - [23/Oct/2017:10:47:05 -0700] "GET /apple-touch-icon-precomposed.png HTTP/1.1" 404 339 "-" "Mozilla/5.0 (Macintosh; Intel Mac OS X 10_11_1) AppleWebKit/601.2.4 (KHTML, like Gecko) Version/9.0.1 Safari/601.2.4 facebookexternalhit/1.1 Facebot Twitterbot/1.0" 
172.58.121.223 - - [23/Oct/2017:10:47:06 -0700] "GET /apple-touch-icon.png HTTP/1.1" 404 339 "-" "Mozilla/5.0 (Macintosh; Intel Mac OS X 10_11_1) AppleWebKit/601.2.4 (KHTML, like Gecko) Version/9.0.1 Safari/601.2.4 facebookexternalhit/1.1 Facebot Twitterbot/1.0" 
172.58.121.223 - - [23/Oct/2017:10:47:06 -0700] "GET /bootstrap/img/favicon.ico HTTP/1.1" 200 589 "-" "Mozilla/5.0 (Macintosh; Intel Mac OS X 10_11_1) AppleWebKit/601.2.4 (KHTML, like Gecko) Version/9.0.1 Safari/601.2.4 facebookexternalhit/1.1 Facebot Twitterbot/1.0" 
172.58.121.223 - - [23/Oct/2017:10:47:12 -0700] "GET / HTTP/1.1" 200 11061 "-" "Mozilla/5.0 (Macintosh; Intel Mac OS X 10_13) AppleWebKit/604.1.38 (KHTML, like Gecko) Version/11.0 Safari/604.1.38" 
172.58.121.223 - - [23/Oct/2017:10:47:12 -0700] "GET /twitter-icon.png HTTP/1.1" 200 27787 "http://www.secrepo.com/" "Mozilla/5.0 (Macintosh; Intel Mac OS X 10_13) AppleWebKit/604.1.38 (KHTML, like Gecko) Version/11.0 Safari/604.1.38" 
172.58.121.223 - - [23/Oct/2017:10:47:12 -0700] "GET /GitHub-Mark.png HTTP/1.1" 200 7428 "http://www.secrepo.com/" "Mozilla/5.0 (Macintosh; Intel Mac OS X 10_13) AppleWebKit/604.1.38 (KHTML, like Gecko) Version/11.0 Safari/604.1.38" 
172.58.121.223 - - [23/Oct/2017:10:47:18 -0700] "GET /bootstrap/img/favicon.ico HTTP/1.1" 200 590 "http://www.secrepo.com/" "Mozilla/5.0 (Macintosh; Intel Mac OS X 10_13) AppleWebKit/604.1.38 (KHTML, like Gecko) Version/11.0 Safari/604.1.38" 
172.58.121.223 - - [23/Oct/2017:10:47:39 -0700] "GET /maccdc2012/dhcp.log.gz HTTP/1.1" 200 45019 "http://www.secrepo.com/" "Mozilla/5.0 (Macintosh; Intel Mac OS X 10_12_5) AppleWebKit/603.2.4 (KHTML, like Gecko) Version/10.1.1 Safari/603.2.4" 
164.132.161.68 - - [23/Oct/2017:10:50:10 -0700] "GET /self.logs/error.log.2017-10-09.gz HTTP/1.1" 200 2758 "-" "Mozilla/5.0 (compatible; AhrefsBot/5.2; +http://ahrefs.com/robot/)" 
172.58.121.223 - - [23/Oct/2017:10:50:38 -0700] "GET /maccdc2012/dns.log.gz HTTP/1.1" 200 6629420 "http://www.secrepo.com/" "Mozilla/5.0 (Macintosh; Intel Mac OS X 10_12_5) AppleWebKit/603.2.4 (KHTML, like Gecko) Version/10.1.1 Safari/603.2.4" 
86.87.233.128 - - [23/Oct/2017:10:51:35 -0700] "GET /Security-Data-Analysis/Lab_1/conn.log.zip HTTP/1.1" 200 11392068 "http://www.secrepo.com/" "Mozilla/5.0 (Windows NT 10.0; Win64; x64; Trident/7.0; rv:11.0) like Gecko" 
172.58.121.223 - - [23/Oct/2017:10:47:11 -0700] "GET /maccdc2012/conn.log.gz HTTP/1.1" 200 287242243 "http://www.secrepo.com/" "Mozilla/5.0 (Macintosh; Intel Mac OS X 10_12_5) AppleWebKit/603.2.4 (KHTML, like Gecko) Version/10.1.1 Safari/603.2.4" 
86.87.233.128 - - [23/Oct/2017:10:53:08 -0700] "GET /Security-Data-Analysis/Lab_1/conn.log.zip HTTP/1.1" 200 12003808 "http://www.secrepo.com/" "Mozilla/5.0 (Windows NT 10.0; Win64; x64; Trident/7.0; rv:11.0) like Gecko" 
172.58.121.223 - - [23/Oct/2017:10:53:37 -0700] "GET /tg/a.zip HTTP/1.1" 200 66189337 "http://www.secrepo.com/" "Mozilla/5.0 (Macintosh; Intel Mac OS X 10_12_5) AppleWebKit/603.2.4 (KHTML, like Gecko) Version/10.1.1 Safari/603.2.4" 
86.87.233.128 - - [23/Oct/2017:10:54:19 -0700] "GET /self.logs/ HTTP/1.1" 200 6233 "http://www.secrepo.com/" "Mozilla/5.0 (Windows NT 10.0; Win64; x64; Trident/7.0; rv:11.0) like Gecko" 
86.87.233.128 - - [23/Oct/2017:10:54:19 -0700] "GET /favicon.ico HTTP/1.1" 200 268 "-" "Mozilla/5.0 (Windows NT 10.0; Win64; x64; Trident/7.0; rv:11.0) like Gecko" 
141.191.20.10 - - [23/Oct/2017:10:55:52 -0700] "GET / HTTP/1.1" 200 11061 "-" "Mozilla/5.0 (Windows NT 6.1; Win64; x64) AppleWebKit/537.36 (KHTML, like Gecko) Chrome/61.0.3163.100 Safari/537.36" 
141.191.20.10 - - [23/Oct/2017:10:55:53 -0700] "GET /twitter-icon.png HTTP/1.1" 200 27787 "http://www.secrepo.com/" "Mozilla/5.0 (Windows NT 6.1; Win64; x64) AppleWebKit/537.36 (KHTML, like Gecko) Chrome/61.0.3163.100 Safari/537.36" 
141.191.20.10 - - [23/Oct/2017:10:55:53 -0700] "GET /GitHub-Mark.png HTTP/1.1" 200 7428 "http://www.secrepo.com/" "Mozilla/5.0 (Windows NT 6.1; Win64; x64) AppleWebKit/537.36 (KHTML, like Gecko) Chrome/61.0.3163.100 Safari/537.36" 
207.46.13.77 - - [23/Oct/2017:10:56:55 -0700] "GET /self.logs/ HTTP/1.1" 200 6233 "-" "Mozilla/5.0 (iPhone; CPU iPhone OS 7_0 like Mac OS X) AppleWebKit/537.51.1 (KHTML, like Gecko) Version/7.0 Mobile/11A465 Safari/9537.53 (compatible; bingbot/2.0; +http://www.bing.com/bingbot.htm)" 
86.87.233.128 - - [23/Oct/2017:10:58:14 -0700] "GET /auth.log/auth.log.gz HTTP/1.1" 200 554524 "http://www.secrepo.com/" "Mozilla/5.0 (Windows NT 10.0; Win64; x64; Trident/7.0; rv:11.0) like Gecko" 
121.8.98.43 - - [23/Oct/2017:10:58:26 -0700] "GET /tg/c.zip HTTP/1.1" 304 169 "-" "Java/1.6.0_24" 
217.182.132.94 - - [23/Oct/2017:11:01:10 -0700] "GET /self.logs/access.log.2017-02-23.gz HTTP/1.1" 200 20630 "-" "Mozilla/5.0 (compatible; AhrefsBot/5.2; +http://ahrefs.com/robot/)" 
86.87.233.128 - - [23/Oct/2017:11:01:31 -0700] "GET / HTTP/1.1" 200 11061 "http://vizsec.org/data/" "Mozilla/5.0 (Windows NT 10.0; Win64; x64; Trident/7.0; rv:11.0) like Gecko" 
86.87.233.128 - - [23/Oct/2017:11:01:31 -0700] "GET /twitter-icon.png HTTP/1.1" 200 27788 "http://www.secrepo.com/" "Mozilla/5.0 (Windows NT 10.0; Win64; x64; Trident/7.0; rv:11.0) like Gecko" 
86.87.233.128 - - [23/Oct/2017:11:01:31 -0700] "GET /GitHub-Mark.png HTTP/1.1" 200 7427 "http://www.secrepo.com/" "Mozilla/5.0 (Windows NT 10.0; Win64; x64; Trident/7.0; rv:11.0) like Gecko" 
86.87.233.128 - - [23/Oct/2017:11:01:31 -0700] "GET /bootstrap/img/favicon.ico HTTP/1.1" 200 590 "-" "Mozilla/5.0 (Windows NT 10.0; Win64; x64; Trident/7.0; rv:11.0) like Gecko" 
86.87.233.128 - - [23/Oct/2017:11:02:44 -0700] "GET /self.logs/ HTTP/1.1" 200 6233 "-" "Mozilla/5.0 (Windows NT 10.0; Win64; x64; Trident/7.0; rv:11.0) like Gecko" 
86.87.233.128 - - [23/Oct/2017:11:02:44 -0700] "GET /favicon.ico HTTP/1.1" 200 268 "-" "Mozilla/5.0 (Windows NT 10.0; Win64; x64; Trident/7.0; rv:11.0) like Gecko" 
71.198.27.146 - - [23/Oct/2017:11:03:02 -0700] "GET / HTTP/1.1" 200 11061 "-" "Mozilla/5.0 (Macintosh; Intel Mac OS X 10_13) AppleWebKit/604.1.38 (KHTML, like Gecko)" 
71.198.27.146 - - [23/Oct/2017:11:03:02 -0700] "GET /apple-touch-icon-precomposed.png HTTP/1.1" 404 340 "-" "Safari/13604.1.38.1.6 CFNetwork/887 Darwin/17.0.0 (x86_64)" 
71.198.27.146 - - [23/Oct/2017:11:03:02 -0700] "GET /apple-touch-icon.png HTTP/1.1" 404 339 "-" "Safari/13604.1.38.1.6 CFNetwork/887 Darwin/17.0.0 (x86_64)" 
71.198.27.146 - - [23/Oct/2017:11:03:02 -0700] "GET /bootstrap/img/favicon.ico HTTP/1.1" 200 589 "-" "Safari/13604.1.38.1.6 CFNetwork/887 Darwin/17.0.0 (x86_64)" 
71.198.27.146 - - [23/Oct/2017:11:03:03 -0700] "GET / HTTP/1.1" 200 11060 "-" "Mozilla/5.0 (iPhone; CPU iPhone OS 10_3 like Mac OS X) AppleWebKit/603.1.30 (KHTML, like Gecko) Version/10.3 Mobile/14E277 Safari/603.1.30" 
71.198.27.146 - - [23/Oct/2017:11:03:03 -0700] "GET /apple-touch-icon-precomposed.png HTTP/1.1" 404 339 "-" "Safari/13604.1.38.1.6 CFNetwork/887 Darwin/17.0.0 (x86_64)" 
71.198.27.146 - - [23/Oct/2017:11:03:03 -0700] "GET /apple-touch-icon.png HTTP/1.1" 404 339 "-" "Safari/13604.1.38.1.6 CFNetwork/887 Darwin/17.0.0 (x86_64)" 
71.198.27.146 - - [23/Oct/2017:11:03:03 -0700] "GET /bootstrap/img/favicon.ico HTTP/1.1" 200 589 "-" "Safari/13604.1.38.1.6 CFNetwork/887 Darwin/17.0.0 (x86_64)" 
216.244.66.198 - - [23/Oct/2017:11:03:59 -0700] "GET /robots.txt HTTP/1.1" 200 233 "-" "Mozilla/5.0 (compatible; DotBot/1.1; http://www.opensiteexplorer.org/dotbot, help@moz.com)" 
217.182.132.83 - - [23/Oct/2017:11:05:08 -0700] "GET /self.logs/error.log.2017-07-27.gz HTTP/1.1" 200 828 "-" "Mozilla/5.0 (compatible; AhrefsBot/5.2; +http://ahrefs.com/robot/)" 
152.15.112.31 - - [23/Oct/2017:11:17:32 -0700] "GET / HTTP/1.1" 200 11061 "-" "Mozilla/5.0 (Macintosh; Intel Mac OS X 10_12_6) AppleWebKit/604.1.38 (KHTML, like Gecko)" 
152.15.112.31 - - [23/Oct/2017:11:17:32 -0700] "GET /apple-touch-icon-precomposed.png HTTP/1.1" 404 340 "-" "Safari/12604.1.38.1.7 CFNetwork/811.5.4 Darwin/16.7.0 (x86_64)" 
152.15.112.31 - - [23/Oct/2017:11:17:32 -0700] "GET /apple-touch-icon.png HTTP/1.1" 404 339 "-" "Safari/12604.1.38.1.7 CFNetwork/811.5.4 Darwin/16.7.0 (x86_64)" 
152.15.112.31 - - [23/Oct/2017:11:17:32 -0700] "GET /bootstrap/img/favicon.ico HTTP/1.1" 200 589 "-" "Safari/12604.1.38.1.7 CFNetwork/811.5.4 Darwin/16.7.0 (x86_64)" 
152.15.112.31 - - [23/Oct/2017:11:17:32 -0700] "GET / HTTP/1.1" 200 11060 "-" "Mozilla/5.0 (iPhone; CPU iPhone OS 10_3 like Mac OS X) AppleWebKit/603.1.30 (KHTML, like Gecko) Version/10.3 Mobile/14E277 Safari/603.1.30" 
152.15.112.31 - - [23/Oct/2017:11:17:32 -0700] "GET /apple-touch-icon-precomposed.png HTTP/1.1" 404 339 "-" "Safari/12604.1.38.1.7 CFNetwork/811.5.4 Darwin/16.7.0 (x86_64)" 
152.15.112.31 - - [23/Oct/2017:11:17:33 -0700] "GET /apple-touch-icon.png HTTP/1.1" 404 339 "-" "Safari/12604.1.38.1.7 CFNetwork/811.5.4 Darwin/16.7.0 (x86_64)" 
152.15.112.31 - - [23/Oct/2017:11:17:33 -0700] "GET /bootstrap/img/favicon.ico HTTP/1.1" 200 589 "-" "Safari/12604.1.38.1.7 CFNetwork/811.5.4 Darwin/16.7.0 (x86_64)" 
41.202.219.65 - - [23/Oct/2017:11:18:40 -0700] "GET /wp-login.php HTTP/1.1" 404 295 "-" "Mozilla/5.0 (Windows NT 6.1; WOW64; rv:40.0) Gecko/20100101 Firefox/40.1" 
41.202.219.65 - - [23/Oct/2017:11:18:57 -0700] "GET /wp-login.php HTTP/1.1" 404 295 "-" "Mozilla/5.0 (Windows NT 6.1; WOW64; rv:40.0) Gecko/20100101 Firefox/40.1" 
41.202.219.65 - - [23/Oct/2017:11:19:13 -0700] "GET / HTTP/1.1" 200 37415 "-" "Mozilla/5.0 (Windows NT 6.1; WOW64; rv:40.0) Gecko/20100101 Firefox/40.1" 
216.244.66.250 - - [23/Oct/2017:11:20:49 -0700] "GET /self.logs/?C=D;O=D HTTP/1.1" 200 56797 "-" "Mozilla/5.0 (compatible; DotBot/1.1; http://www.opensiteexplorer.org/dotbot, help@moz.com)" 
216.244.66.250 - - [23/Oct/2017:11:21:47 -0700] "GET /self.logs/2016/?C=S;O=A HTTP/1.1" 200 70678 "-" "Mozilla/5.0 (compatible; DotBot/1.1; http://www.opensiteexplorer.org/dotbot, help@moz.com)" 
217.182.132.177 - - [23/Oct/2017:11:24:50 -0700] "GET /self.logs/2016/error.log.2016-07-20.gz HTTP/1.1" 200 962 "-" "Mozilla/5.0 (compatible; AhrefsBot/5.2; +http://ahrefs.com/robot/)" 
173.38.209.10 - - [23/Oct/2017:11:26:09 -0700] "GET /self.logs/ HTTP/1.1" 200 6233 "http://enigmater.blogspot.nl/2017/03/intrusion-detection-based-on-supervised.html" "Mozilla/5.0 (Macintosh; Intel Mac OS X 10.12; rv:56.0) Gecko/20100101 Firefox/56.0" 
173.38.209.10 - - [23/Oct/2017:11:26:10 -0700] "GET /favicon.ico HTTP/1.1" 200 267 "-" "Mozilla/5.0 (Macintosh; Intel Mac OS X 10.12; rv:56.0) Gecko/20100101 Firefox/56.0" 
109.177.0.39 - - [23/Oct/2017:11:26:24 -0700] "GET / HTTP/1.1" 200 11061 "-" "Mozilla/5.0 (Windows NT 10.0; Win64; x64) AppleWebKit/537.36 (KHTML, like Gecko) Chrome/61.0.3163.100 Safari/537.36" 
109.177.0.39 - - [23/Oct/2017:11:26:25 -0700] "GET /twitter-icon.png HTTP/1.1" 200 27787 "http://www.secrepo.com/" "Mozilla/5.0 (Windows NT 10.0; Win64; x64) AppleWebKit/537.36 (KHTML, like Gecko) Chrome/61.0.3163.100 Safari/537.36" 
109.177.0.39 - - [23/Oct/2017:11:26:25 -0700] "GET /GitHub-Mark.png HTTP/1.1" 200 7428 "http://www.secrepo.com/" "Mozilla/5.0 (Windows NT 10.0; Win64; x64) AppleWebKit/537.36 (KHTML, like Gecko) Chrome/61.0.3163.100 Safari/537.36" 
109.177.0.39 - - [23/Oct/2017:11:26:26 -0700] "GET /bootstrap/img/favicon.ico HTTP/1.1" 200 589 "http://www.secrepo.com/" "Mozilla/5.0 (Windows NT 10.0; Win64; x64) AppleWebKit/537.36 (KHTML, like Gecko) Chrome/61.0.3163.100 Safari/537.36" 
109.177.0.39 - - [23/Oct/2017:11:26:49 -0700] "GET /self.logs/ HTTP/1.1" 200 6233 "http://www.secrepo.com/" "Mozilla/5.0 (Windows NT 10.0; Win64; x64) AppleWebKit/537.36 (KHTML, like Gecko) Chrome/61.0.3163.100 Safari/537.36" 
109.177.0.39 - - [23/Oct/2017:11:26:50 -0700] "GET /favicon.ico HTTP/1.1" 200 267 "http://www.secrepo.com/self.logs/" "Mozilla/5.0 (Windows NT 10.0; Win64; x64) AppleWebKit/537.36 (KHTML, like Gecko) Chrome/61.0.3163.100 Safari/537.36" 
109.177.0.39 - - [23/Oct/2017:11:26:54 -0700] "GET /self.logs/access.log.2017-01-01.gz HTTP/1.1" 200 17655 "http://www.secrepo.com/self.logs/" "Mozilla/5.0 (Windows NT 10.0; Win64; x64) AppleWebKit/537.36 (KHTML, like Gecko) Chrome/61.0.3163.100 Safari/537.36" 
172.82.185.210 - - [23/Oct/2017:11:29:02 -0700] "GET / HTTP/1.1" 200 11061 "-" "Mozilla/5.0 (Windows NT 6.1; Trident/7.0; rv:11.0) like Gecko" 
2.85.194.44 - - [23/Oct/2017:11:31:42 -0700] "GET / HTTP/1.1" 200 11061 "https://www.reddit.com/r/datasets/comments/3tbxap/cyber_security_datasets/" "Mozilla/5.0 (Windows NT 10.0; Win64; x64) AppleWebKit/537.36 (KHTML, like Gecko) Chrome/61.0.3163.100 Safari/537.36" 
2.85.194.44 - - [23/Oct/2017:11:31:43 -0700] "GET /twitter-icon.png HTTP/1.1" 200 27787 "http://www.secrepo.com/" "Mozilla/5.0 (Windows NT 10.0; Win64; x64) AppleWebKit/537.36 (KHTML, like Gecko) Chrome/61.0.3163.100 Safari/537.36" 
2.85.194.44 - - [23/Oct/2017:11:31:43 -0700] "GET /GitHub-Mark.png HTTP/1.1" 200 7428 "http://www.secrepo.com/" "Mozilla/5.0 (Windows NT 10.0; Win64; x64) AppleWebKit/537.36 (KHTML, like Gecko) Chrome/61.0.3163.100 Safari/537.36" 
2.85.194.44 - - [23/Oct/2017:11:31:43 -0700] "GET /bootstrap/img/favicon.ico HTTP/1.1" 200 589 "http://www.secrepo.com/" "Mozilla/5.0 (Windows NT 10.0; Win64; x64) AppleWebKit/537.36 (KHTML, like Gecko) Chrome/61.0.3163.100 Safari/537.36" 
87.221.99.103 - - [23/Oct/2017:11:35:19 -0700] "GET / HTTP/1.1" 200 11061 "-" "Mozilla/5.0 (Macintosh; Intel Mac OS X 10_11_6) AppleWebKit/602.2.14 (KHTML, like Gecko)" 
87.221.99.103 - - [23/Oct/2017:11:35:19 -0700] "GET /apple-touch-icon-precomposed.png HTTP/1.1" 404 340 "-" "Safari/11602.2.14.0.7 CFNetwork/760.6.3 Darwin/15.6.0 (x86_64)" 
87.221.99.103 - - [23/Oct/2017:11:35:19 -0700] "GET /apple-touch-icon.png HTTP/1.1" 404 339 "-" "Safari/11602.2.14.0.7 CFNetwork/760.6.3 Darwin/15.6.0 (x86_64)" 
87.221.99.103 - - [23/Oct/2017:11:35:19 -0700] "GET /bootstrap/img/favicon.ico HTTP/1.1" 200 589 "-" "Safari/11602.2.14.0.7 CFNetwork/760.6.3 Darwin/15.6.0 (x86_64)" 
87.221.99.103 - - [23/Oct/2017:11:35:20 -0700] "GET /apple-touch-icon-precomposed.png HTTP/1.1" 404 339 "-" "Safari/11602.2.14.0.7 CFNetwork/760.6.3 Darwin/15.6.0 (x86_64)" 
87.221.99.103 - - [23/Oct/2017:11:35:20 -0700] "GET /apple-touch-icon.png HTTP/1.1" 404 339 "-" "Safari/11602.2.14.0.7 CFNetwork/760.6.3 Darwin/15.6.0 (x86_64)" 
164.132.161.78 - - [23/Oct/2017:11:35:38 -0700] "GET /self.logs/error.log.2015-08-06.gz HTTP/1.1" 404 284 "-" "Mozilla/5.0 (compatible; AhrefsBot/5.2; +http://ahrefs.com/robot/)" 
40.77.167.72 - - [23/Oct/2017:11:38:22 -0700] "GET /robots.txt HTTP/1.1" 200 334 "-" "Mozilla/5.0 (compatible; bingbot/2.0; +http://www.bing.com/bingbot.htm)" 
216.244.66.250 - - [23/Oct/2017:11:40:38 -0700] "GET /self.logs/2015/ HTTP/1.1" 200 67417 "-" "Mozilla/5.0 (compatible; DotBot/1.1; http://www.opensiteexplorer.org/dotbot, help@moz.com)" 
176.88.14.57 - - [23/Oct/2017:11:43:03 -0700] "GET /wp-login.php HTTP/1.1" 404 295 "-" "Mozilla/5.0 (Windows NT 6.1; WOW64; rv:40.0) Gecko/20100101 Firefox/40.1" 
217.182.132.154 - - [23/Oct/2017:11:43:04 -0700] "GET /self.logs/error.log.2015-01-30.gz HTTP/1.1" 404 284 "-" "Mozilla/5.0 (compatible; AhrefsBot/5.2; +http://ahrefs.com/robot/)" 
176.88.14.57 - - [23/Oct/2017:11:43:08 -0700] "GET /wp-login.php HTTP/1.1" 404 295 "-" "Mozilla/5.0 (Windows NT 6.1; WOW64; rv:40.0) Gecko/20100101 Firefox/40.1" 
176.88.14.57 - - [23/Oct/2017:11:43:14 -0700] "GET / HTTP/1.1" 200 37415 "-" "Mozilla/5.0 (Windows NT 6.1; WOW64; rv:40.0) Gecko/20100101 Firefox/40.1" 
176.88.14.57 - - [23/Oct/2017:11:44:49 -0700] "GET /wp-login.php HTTP/1.1" 301 522 "-" "Mozilla/5.0 (Windows NT 6.1; WOW64; rv:40.0) Gecko/20100101 Firefox/40.1" 
176.88.14.57 - - [23/Oct/2017:11:44:49 -0700] "GET /wp-login.php HTTP/1.1" 404 295 "-" "Mozilla/5.0 (Windows NT 6.1; WOW64; rv:40.0) Gecko/20100101 Firefox/40.1" 
176.88.14.57 - - [23/Oct/2017:11:44:55 -0700] "GET /wp-login.php HTTP/1.1" 301 522 "-" "Mozilla/5.0 (Windows NT 6.1; WOW64; rv:40.0) Gecko/20100101 Firefox/40.1" 
176.88.14.57 - - [23/Oct/2017:11:44:55 -0700] "GET /wp-login.php HTTP/1.1" 404 295 "-" "Mozilla/5.0 (Windows NT 6.1; WOW64; rv:40.0) Gecko/20100101 Firefox/40.1" 
176.88.14.57 - - [23/Oct/2017:11:45:00 -0700] "GET / HTTP/1.1" 301 498 "-" "Mozilla/5.0 (Windows NT 6.1; WOW64; rv:40.0) Gecko/20100101 Firefox/40.1" 
176.88.14.57 - - [23/Oct/2017:11:45:01 -0700] "GET / HTTP/1.1" 200 37415 "-" "Mozilla/5.0 (Windows NT 6.1; WOW64; rv:40.0) Gecko/20100101 Firefox/40.1" 
123.30.175.226 - - [23/Oct/2017:11:55:16 -0700] "GET /robots.txt HTTP/1.1" 200 297 "-" "Mozilla/5.0 (compatible; coccocbot-web/1.0; +http://help.coccoc.com/searchengine)" 
123.30.175.229 - - [23/Oct/2017:11:55:18 -0700] "GET / HTTP/1.1" 200 11024 "-" "Mozilla/5.0 (compatible; coccocbot-web/1.0; +http://help.coccoc.com/searchengine)" 
123.30.175.229 - - [23/Oct/2017:11:55:21 -0700] "GET /honeypot/Honeypot%20-%20Howto%20-%20BSides%20Austin.pdf HTTP/1.1" 200 2928423 "-" "Mozilla/5.0 (compatible; coccocbot-web/1.0; +http://help.coccoc.com/searchengine)" 
66.249.66.139 - - [23/Oct/2017:12:01:28 -0700] "GET /robots.txt HTTP/1.1" 200 334 "-" "Mozilla/5.0 (compatible; Googlebot/2.1; +http://www.google.com/bot.html)" 
66.249.66.141 - - [23/Oct/2017:12:01:28 -0700] "GET / HTTP/1.1" 200 11061 "-" "Mozilla/5.0 (compatible; Googlebot/2.1; +http://www.google.com/bot.html)" 
37.211.244.232 - - [23/Oct/2017:12:01:36 -0700] "GET / HTTP/1.1" 200 11061 "-" "Mozilla/5.0 (Windows NT 10.0; Win64; x64) AppleWebKit/537.36 (KHTML, like Gecko) Chrome/51.0.2704.79 Safari/537.36 Edge/14.14393" 
37.211.244.232 - - [23/Oct/2017:12:01:36 -0700] "GET /twitter-icon.png HTTP/1.1" 200 27787 "http://www.secrepo.com/" "Mozilla/5.0 (Windows NT 10.0; Win64; x64) AppleWebKit/537.36 (KHTML, like Gecko) Chrome/51.0.2704.79 Safari/537.36 Edge/14.14393" 
37.211.244.232 - - [23/Oct/2017:12:01:36 -0700] "GET /GitHub-Mark.png HTTP/1.1" 200 7428 "http://www.secrepo.com/" "Mozilla/5.0 (Windows NT 10.0; Win64; x64) AppleWebKit/537.36 (KHTML, like Gecko) Chrome/51.0.2704.79 Safari/537.36 Edge/14.14393" 
37.211.244.232 - - [23/Oct/2017:12:01:38 -0700] "GET /bootstrap/img/favicon.ico HTTP/1.1" 200 590 "-" "Mozilla/5.0 (Windows NT 10.0; Win64; x64) AppleWebKit/537.36 (KHTML, like Gecko) Chrome/51.0.2704.79 Safari/537.36 Edge/14.14393" 
98.228.48.146 - - [23/Oct/2017:12:01:50 -0700] "GET /twitter-icon.png HTTP/1.1" 200 27788 "http://www.secrepo.com/" "Mozilla/5.0 (Macintosh; Intel Mac OS X 10_12_5) AppleWebKit/603.2.4 (KHTML, like Gecko) Version/10.1.1 Safari/603.2.4" 
37.211.244.232 - - [23/Oct/2017:12:04:57 -0700] "GET /maccdc2012/signatures.log.gz HTTP/1.1" 200 605 "http://www.secrepo.com/" "Mozilla/5.0 (Windows NT 10.0; Win64; x64) AppleWebKit/537.36 (KHTML, like Gecko) Chrome/51.0.2704.79 Safari/537.36 Edge/14.14393" 
217.182.132.75 - - [23/Oct/2017:12:08:15 -0700] "GET /self.logs/access.log.2017-03-22.gz HTTP/1.1" 200 24975 "-" "Mozilla/5.0 (compatible; AhrefsBot/5.2; +http://ahrefs.com/robot/)" 
37.211.244.232 - - [23/Oct/2017:12:09:39 -0700] "GET /maccdc2012/ftp.log.gz HTTP/1.1" 200 128116 "http://www.secrepo.com/" "Mozilla/5.0 (Windows NT 10.0; Win64; x64) AppleWebKit/537.36 (KHTML, like Gecko) Chrome/51.0.2704.79 Safari/537.36 Edge/14.14393" 
187.3.193.106 - - [23/Oct/2017:12:11:08 -0700] "GET /wp-login.php HTTP/1.1" 404 295 "-" "Mozilla/5.0 (Windows NT 6.1; WOW64; rv:40.0) Gecko/20100101 Firefox/40.1" 
187.3.193.106 - - [23/Oct/2017:12:11:14 -0700] "GET /wp-login.php HTTP/1.1" 404 295 "-" "Mozilla/5.0 (Windows NT 6.1; WOW64; rv:40.0) Gecko/20100101 Firefox/40.1" 
187.3.193.106 - - [23/Oct/2017:12:11:19 -0700] "GET / HTTP/1.1" 200 37415 "-" "Mozilla/5.0 (Windows NT 6.1; WOW64; rv:40.0) Gecko/20100101 Firefox/40.1" 
1.32.13.115 - - [23/Oct/2017:12:13:05 -0700] "GET /wp-login.php HTTP/1.1" 404 295 "-" "Mozilla/5.0 (Windows NT 6.1; WOW64; rv:40.0) Gecko/20100101 Firefox/40.1" 
175.145.173.181 - - [23/Oct/2017:12:13:10 -0700] "GET /wp-login.php HTTP/1.1" 404 295 "-" "Mozilla/5.0 (Windows NT 6.1; WOW64; rv:40.0) Gecko/20100101 Firefox/40.1" 
1.32.13.115 - - [23/Oct/2017:12:13:16 -0700] "GET / HTTP/1.1" 200 37415 "-" "Mozilla/5.0 (Windows NT 6.1; WOW64; rv:40.0) Gecko/20100101 Firefox/40.1" 
37.211.244.232 - - [23/Oct/2017:12:02:29 -0700] "GET /maccdc2012/conn.log.gz HTTP/1.1" 200 551041635 "http://www.secrepo.com/" "Mozilla/5.0 (Windows NT 10.0; Win64; x64) AppleWebKit/537.36 (KHTML, like Gecko) Chrome/51.0.2704.79 Safari/537.36 Edge/14.14393" 
216.244.66.198 - - [23/Oct/2017:12:16:21 -0700] "GET / HTTP/1.1" 200 37359 "-" "Mozilla/5.0 (compatible; DotBot/1.1; http://www.opensiteexplorer.org/dotbot, help@moz.com)" 
164.132.161.29 - - [23/Oct/2017:12:17:19 -0700] "GET /self.logs/error.log.2017-10-18.gz HTTP/1.1" 200 2727 "-" "Mozilla/5.0 (compatible; AhrefsBot/5.2; +http://ahrefs.com/robot/)" 
134.164.223.150 - - [23/Oct/2017:12:17:27 -0700] "GET / HTTP/1.1" 200 11061 "-" "Mozilla/5.0 (Windows NT 10.0; Win64; x64) AppleWebKit/537.36 (KHTML, like Gecko) Chrome/61.0.3163.100 Safari/537.36" 
134.164.223.150 - - [23/Oct/2017:12:17:28 -0700] "GET /twitter-icon.png HTTP/1.1" 200 27787 "http://www.secrepo.com/" "Mozilla/5.0 (Windows NT 10.0; Win64; x64) AppleWebKit/537.36 (KHTML, like Gecko) Chrome/61.0.3163.100 Safari/537.36" 
134.164.223.150 - - [23/Oct/2017:12:17:28 -0700] "GET /GitHub-Mark.png HTTP/1.1" 200 7428 "http://www.secrepo.com/" "Mozilla/5.0 (Windows NT 10.0; Win64; x64) AppleWebKit/537.36 (KHTML, like Gecko) Chrome/61.0.3163.100 Safari/537.36" 
134.164.223.150 - - [23/Oct/2017:12:17:29 -0700] "GET /bootstrap/img/favicon.ico HTTP/1.1" 200 589 "http://www.secrepo.com/" "Mozilla/5.0 (Windows NT 10.0; Win64; x64) AppleWebKit/537.36 (KHTML, like Gecko) Chrome/61.0.3163.100 Safari/537.36" 
149.56.109.67 - - [23/Oct/2017:12:17:57 -0700] "GET / HTTP/1.1" 200 11061 "-" "Mozilla/5.0 (Macintosh; Intel Mac OS X 10.12; rv:56.0) Gecko/20100101 Firefox/56.0" 
149.56.109.67 - - [23/Oct/2017:12:17:57 -0700] "GET /twitter-icon.png HTTP/1.1" 200 27787 "http://www.secrepo.com/" "Mozilla/5.0 (Macintosh; Intel Mac OS X 10.12; rv:56.0) Gecko/20100101 Firefox/56.0" 
149.56.109.67 - - [23/Oct/2017:12:17:57 -0700] "GET /bootstrap/img/favicon.ico HTTP/1.1" 200 590 "-" "Mozilla/5.0 (Macintosh; Intel Mac OS X 10.12; rv:56.0) Gecko/20100101 Firefox/56.0" 
149.56.109.67 - - [23/Oct/2017:12:17:57 -0700] "GET /GitHub-Mark.png HTTP/1.1" 200 7428 "http://www.secrepo.com/" "Mozilla/5.0 (Macintosh; Intel Mac OS X 10.12; rv:56.0) Gecko/20100101 Firefox/56.0" 
51.255.65.87 - - [23/Oct/2017:12:19:41 -0700] "GET /self.logs/2016/error.log.2016-10-23.gz HTTP/1.1" 200 1222 "-" "Mozilla/5.0 (compatible; AhrefsBot/5.2; +http://ahrefs.com/robot/)" 
202.59.140.39 - - [23/Oct/2017:12:25:28 -0700] "GET /wp-login.php HTTP/1.1" 404 295 "-" "Mozilla/5.0 (Windows NT 6.1; WOW64; rv:40.0) Gecko/20100101 Firefox/40.1" 
202.59.140.39 - - [23/Oct/2017:12:25:33 -0700] "GET /wp-login.php HTTP/1.1" 404 295 "-" "Mozilla/5.0 (Windows NT 6.1; WOW64; rv:40.0) Gecko/20100101 Firefox/40.1" 
202.59.140.39 - - [23/Oct/2017:12:25:39 -0700] "GET / HTTP/1.1" 200 37415 "-" "Mozilla/5.0 (Windows NT 6.1; WOW64; rv:40.0) Gecko/20100101 Firefox/40.1" 
180.76.15.16 - - [23/Oct/2017:12:37:12 -0700] "GET /self.logs/2015/ HTTP/1.1" 200 7400 "-" "Mozilla/5.0 (compatible; Baiduspider/2.0; +http://www.baidu.com/search/spider.html)" 
120.221.0.34 - - [23/Oct/2017:12:37:53 -0700] "GET /honeypot/Honeypot%20-%20Howto.pdf HTTP/1.1" 304 131 "-" "Mozilla/5.0 Gecko/20100115 Firefox/3.6" 
217.182.132.97 - - [23/Oct/2017:12:38:29 -0700] "GET /self.logs/2016/access.log.2016-07-31.gz HTTP/1.1" 200 7105 "-" "Mozilla/5.0 (compatible; AhrefsBot/5.2; +http://ahrefs.com/robot/)" 
46.183.218.199 - - [23/Oct/2017:12:38:44 -0700] "GET /id_rsa HTTP/1.1" 404 284 "-" "Mozilla/5.0 (Windows NT 10.0; Win64; x64) AppleWebKit/537.36 (KHTML, like Gecko) Chrome/56.0.2924.87 Safari/537.36" 
46.183.218.199 - - [23/Oct/2017:12:38:45 -0700] "GET /.ssh/id_rsa HTTP/1.1" 404 284 "-" "Mozilla/5.0 (Windows NT 10.0; Win64; x64) AppleWebKit/537.36 (KHTML, like Gecko) Chrome/56.0.2924.87 Safari/537.36" 
46.183.218.199 - - [23/Oct/2017:12:38:45 -0700] "GET /root/.ssh/id_rsa HTTP/1.1" 404 284 "-" "Mozilla/5.0 (Windows NT 10.0; Win64; x64) AppleWebKit/537.36 (KHTML, like Gecko) Chrome/56.0.2924.87 Safari/537.36" 
46.183.218.199 - - [23/Oct/2017:12:38:45 -0700] "GET /id_dsa HTTP/1.1" 404 284 "-" "Mozilla/5.0 (Windows NT 10.0; Win64; x64) AppleWebKit/537.36 (KHTML, like Gecko) Chrome/56.0.2924.87 Safari/537.36" 
46.183.218.199 - - [23/Oct/2017:12:38:46 -0700] "GET /.ssh/id_dsa HTTP/1.1" 404 284 "-" "Mozilla/5.0 (Windows NT 10.0; Win64; x64) AppleWebKit/537.36 (KHTML, like Gecko) Chrome/56.0.2924.87 Safari/537.36" 
46.183.218.199 - - [23/Oct/2017:12:38:46 -0700] "GET /root/.ssh/id_dsa HTTP/1.1" 404 284 "-" "Mozilla/5.0 (Windows NT 10.0; Win64; x64) AppleWebKit/537.36 (KHTML, like Gecko) Chrome/56.0.2924.87 Safari/537.36" 
157.55.39.62 - - [23/Oct/2017:12:41:35 -0700] "GET / HTTP/1.1" 200 11061 "-" "Mozilla/5.0 (compatible; bingbot/2.0; +http://www.bing.com/bingbot.htm)" 
46.39.163.18 - - [23/Oct/2017:12:45:08 -0700] "GET / HTTP/1.1" 200 11061 "-" "Mozilla/5.0 (Macintosh; Intel Mac OS X 10_12_6) AppleWebKit/604.1.38 (KHTML, like Gecko)" 
46.39.163.18 - - [23/Oct/2017:12:45:08 -0700] "GET /apple-touch-icon-precomposed.png HTTP/1.1" 404 340 "-" "Safari/12604.1.38.1.7 CFNetwork/811.5.4 Darwin/16.7.0 (x86_64)" 
46.39.163.18 - - [23/Oct/2017:12:45:09 -0700] "GET /apple-touch-icon.png HTTP/1.1" 404 339 "-" "Safari/12604.1.38.1.7 CFNetwork/811.5.4 Darwin/16.7.0 (x86_64)" 
46.39.163.18 - - [23/Oct/2017:12:45:09 -0700] "GET /bootstrap/img/favicon.ico HTTP/1.1" 200 589 "-" "Safari/12604.1.38.1.7 CFNetwork/811.5.4 Darwin/16.7.0 (x86_64)" 
46.39.163.18 - - [23/Oct/2017:12:45:09 -0700] "GET / HTTP/1.1" 200 11060 "-" "Mozilla/5.0 (iPhone; CPU iPhone OS 10_3 like Mac OS X) AppleWebKit/603.1.30 (KHTML, like Gecko) Version/10.3 Mobile/14E277 Safari/603.1.30" 
46.39.163.18 - - [23/Oct/2017:12:45:09 -0700] "GET /apple-touch-icon-precomposed.png HTTP/1.1" 404 339 "-" "Safari/12604.1.38.1.7 CFNetwork/811.5.4 Darwin/16.7.0 (x86_64)" 
46.39.163.18 - - [23/Oct/2017:12:45:09 -0700] "GET /apple-touch-icon.png HTTP/1.1" 404 339 "-" "Safari/12604.1.38.1.7 CFNetwork/811.5.4 Darwin/16.7.0 (x86_64)" 
46.39.163.18 - - [23/Oct/2017:12:45:09 -0700] "GET /bootstrap/img/favicon.ico HTTP/1.1" 200 589 "-" "Safari/12604.1.38.1.7 CFNetwork/811.5.4 Darwin/16.7.0 (x86_64)" 
187.3.193.106 - - [23/Oct/2017:12:52:49 -0700] "GET /wp-login.php HTTP/1.1" 301 522 "-" "Mozilla/5.0 (Windows NT 6.1; WOW64; rv:40.0) Gecko/20100101 Firefox/40.1" 
187.3.193.106 - - [23/Oct/2017:12:52:49 -0700] "GET /wp-login.php HTTP/1.1" 404 295 "-" "Mozilla/5.0 (Windows NT 6.1; WOW64; rv:40.0) Gecko/20100101 Firefox/40.1" 
187.3.193.106 - - [23/Oct/2017:12:52:54 -0700] "GET /wp-login.php HTTP/1.1" 301 522 "-" "Mozilla/5.0 (Windows NT 6.1; WOW64; rv:40.0) Gecko/20100101 Firefox/40.1" 
187.3.193.106 - - [23/Oct/2017:12:52:55 -0700] "GET /wp-login.php HTTP/1.1" 404 295 "-" "Mozilla/5.0 (Windows NT 6.1; WOW64; rv:40.0) Gecko/20100101 Firefox/40.1" 
187.3.193.106 - - [23/Oct/2017:12:53:00 -0700] "GET / HTTP/1.1" 301 498 "-" "Mozilla/5.0 (Windows NT 6.1; WOW64; rv:40.0) Gecko/20100101 Firefox/40.1" 
187.3.193.106 - - [23/Oct/2017:12:53:00 -0700] "GET / HTTP/1.1" 200 37415 "-" "Mozilla/5.0 (Windows NT 6.1; WOW64; rv:40.0) Gecko/20100101 Firefox/40.1" 
199.16.157.180 - - [23/Oct/2017:12:55:10 -0700] "GET /robots.txt HTTP/1.1" 200 233 "-" "Twitterbot/1.0" 
199.16.157.180 - - [23/Oct/2017:12:55:10 -0700] "GET / HTTP/1.1" 200 11005 "-" "Twitterbot/1.0" 
24.8.52.60 - - [23/Oct/2017:12:57:16 -0700] "GET / HTTP/1.1" 200 11061 "https://www.google.com/" "Mozilla/5.0 (Macintosh; Intel Mac OS X 10_12_6) AppleWebKit/537.36 (KHTML, like Gecko) Chrome/61.0.3163.100 Safari/537.36" 
24.8.52.60 - - [23/Oct/2017:12:57:16 -0700] "GET /twitter-icon.png HTTP/1.1" 200 27787 "http://www.secrepo.com/" "Mozilla/5.0 (Macintosh; Intel Mac OS X 10_12_6) AppleWebKit/537.36 (KHTML, like Gecko) Chrome/61.0.3163.100 Safari/537.36" 
24.8.52.60 - - [23/Oct/2017:12:57:16 -0700] "GET /GitHub-Mark.png HTTP/1.1" 200 7428 "http://www.secrepo.com/" "Mozilla/5.0 (Macintosh; Intel Mac OS X 10_12_6) AppleWebKit/537.36 (KHTML, like Gecko) Chrome/61.0.3163.100 Safari/537.36" 
24.8.52.60 - - [23/Oct/2017:12:57:18 -0700] "GET /bootstrap/img/favicon.ico HTTP/1.1" 200 589 "http://www.secrepo.com/" "Mozilla/5.0 (Macintosh; Intel Mac OS X 10_12_6) AppleWebKit/537.36 (KHTML, like Gecko) Chrome/61.0.3163.100 Safari/537.36" 
174.78.224.154 - - [23/Oct/2017:12:58:47 -0700] "GET / HTTP/1.1" 200 11061 "https://www.google.com/" "Mozilla/5.0 (Macintosh; Intel Mac OS X 10_11_6) AppleWebKit/537.36 (KHTML, like Gecko) Chrome/62.0.3202.62 Safari/537.36" 
174.78.224.154 - - [23/Oct/2017:12:58:47 -0700] "GET /twitter-icon.png HTTP/1.1" 200 27787 "http://www.secrepo.com/" "Mozilla/5.0 (Macintosh; Intel Mac OS X 10_11_6) AppleWebKit/537.36 (KHTML, like Gecko) Chrome/62.0.3202.62 Safari/537.36" 
174.78.224.154 - - [23/Oct/2017:12:58:47 -0700] "GET /GitHub-Mark.png HTTP/1.1" 200 7428 "http://www.secrepo.com/" "Mozilla/5.0 (Macintosh; Intel Mac OS X 10_11_6) AppleWebKit/537.36 (KHTML, like Gecko) Chrome/62.0.3202.62 Safari/537.36" 
174.78.224.154 - - [23/Oct/2017:12:58:48 -0700] "GET /bootstrap/img/favicon.ico HTTP/1.1" 200 589 "http://www.secrepo.com/" "Mozilla/5.0 (Macintosh; Intel Mac OS X 10_11_6) AppleWebKit/537.36 (KHTML, like Gecko) Chrome/62.0.3202.62 Safari/537.36" 
164.132.161.75 - - [23/Oct/2017:13:03:02 -0700] "GET /self.logs/access.log.2017-06-03.gz HTTP/1.1" 200 12838 "-" "Mozilla/5.0 (compatible; AhrefsBot/5.2; +http://ahrefs.com/robot/)" 
73.14.183.225 - - [23/Oct/2017:13:03:35 -0700] "GET / HTTP/1.1" 200 11061 "-" "Mozilla/5.0 (Windows NT 10.0; Win64; x64) AppleWebKit/537.36 (KHTML, like Gecko) Chrome/61.0.3163.100 Safari/537.36" 
73.14.183.225 - - [23/Oct/2017:13:03:36 -0700] "GET /twitter-icon.png HTTP/1.1" 200 27787 "http://www.secrepo.com/" "Mozilla/5.0 (Windows NT 10.0; Win64; x64) AppleWebKit/537.36 (KHTML, like Gecko) Chrome/61.0.3163.100 Safari/537.36" 
73.14.183.225 - - [23/Oct/2017:13:03:36 -0700] "GET /GitHub-Mark.png HTTP/1.1" 200 7428 "http://www.secrepo.com/" "Mozilla/5.0 (Windows NT 10.0; Win64; x64) AppleWebKit/537.36 (KHTML, like Gecko) Chrome/61.0.3163.100 Safari/537.36" 
73.14.183.225 - - [23/Oct/2017:13:03:36 -0700] "GET /bootstrap/img/favicon.ico HTTP/1.1" 200 589 "http://www.secrepo.com/" "Mozilla/5.0 (Windows NT 10.0; Win64; x64) AppleWebKit/537.36 (KHTML, like Gecko) Chrome/61.0.3163.100 Safari/537.36" 
216.244.66.250 - - [23/Oct/2017:13:05:40 -0700] "GET /self.logs/?C=D;O=D HTTP/1.1" 200 56797 "-" "Mozilla/5.0 (compatible; DotBot/1.1; http://www.opensiteexplorer.org/dotbot, help@moz.com)" 
203.51.9.27 - - [23/Oct/2017:13:05:49 -0700] "GET / HTTP/1.1" 200 11061 "-" "Mozilla/5.0 (Macintosh; Intel Mac OS X 10_12_6) AppleWebKit/537.36 (KHTML, like Gecko) Chrome/61.0.3163.100 Safari/537.36" 
203.51.9.27 - - [23/Oct/2017:13:05:50 -0700] "GET /twitter-icon.png HTTP/1.1" 200 27787 "http://www.secrepo.com/" "Mozilla/5.0 (Macintosh; Intel Mac OS X 10_12_6) AppleWebKit/537.36 (KHTML, like Gecko) Chrome/61.0.3163.100 Safari/537.36" 
203.51.9.27 - - [23/Oct/2017:13:05:50 -0700] "GET /GitHub-Mark.png HTTP/1.1" 200 7428 "http://www.secrepo.com/" "Mozilla/5.0 (Macintosh; Intel Mac OS X 10_12_6) AppleWebKit/537.36 (KHTML, like Gecko) Chrome/61.0.3163.100 Safari/537.36" 
117.229.55.37 - - [23/Oct/2017:13:05:52 -0700] "GET /wp-login.php HTTP/1.1" 404 295 "-" "Mozilla/5.0 (Windows NT 6.1; WOW64; rv:40.0) Gecko/20100101 Firefox/40.1" 
203.51.9.27 - - [23/Oct/2017:13:05:53 -0700] "GET /bootstrap/img/favicon.ico HTTP/1.1" 200 590 "http://www.secrepo.com/" "Mozilla/5.0 (Macintosh; Intel Mac OS X 10_12_6) AppleWebKit/537.36 (KHTML, like Gecko) Chrome/61.0.3163.100 Safari/537.36" 
117.229.55.37 - - [23/Oct/2017:13:06:01 -0700] "GET /wp-login.php HTTP/1.1" 404 295 "-" "Mozilla/5.0 (Windows NT 6.1; WOW64; rv:40.0) Gecko/20100101 Firefox/40.1" 
117.229.55.37 - - [23/Oct/2017:13:06:17 -0700] "GET / HTTP/1.1" 200 37415 "-" "Mozilla/5.0 (Windows NT 6.1; WOW64; rv:40.0) Gecko/20100101 Firefox/40.1" 
216.244.66.250 - - [23/Oct/2017:13:06:19 -0700] "GET /self.logs/2016/?C=S;O=A HTTP/1.1" 200 70678 "-" "Mozilla/5.0 (compatible; DotBot/1.1; http://www.opensiteexplorer.org/dotbot, help@moz.com)" 
203.51.9.27 - - [23/Oct/2017:13:07:46 -0700] "GET /maccdc2012/ssh.log.gz HTTP/1.1" 200 182517 "-" "Mozilla/5.0 (Macintosh; Intel Mac OS X 10_12_6) AppleWebKit/537.36 (KHTML, like Gecko) Chrome/61.0.3163.100 Safari/537.36" 
203.51.9.27 - - [23/Oct/2017:13:08:57 -0700] "GET /squid/access.log.gz HTTP/1.1" 200 23177322 "http://www.secrepo.com/" "Mozilla/5.0 (Macintosh; Intel Mac OS X 10_12_6) AppleWebKit/537.36 (KHTML, like Gecko) Chrome/61.0.3163.100 Safari/537.36" 
36.57.177.25 - - [23/Oct/2017:13:13:45 -0700] "GET /honeypot/Honeypot%20-%20Howto.pdf HTTP/1.1" 200 594720 "-" "Mozilla/5.0 (Windows NT 6.1; Trident/7.0; rv:11.0) like Gecko" 
36.57.177.25 - - [23/Oct/2017:13:13:50 -0700] "POST /honeypot/Honeypot%20-%20Howto.pdf/trackback/ HTTP/1.1" 404 303 "http://www.secrepo.com/honeypot/Honeypot - Howto.pdf" "Mozilla/5.0 (Windows NT 6.1; Trident/7.0; rv:11.0) like Gecko" 
120.221.1.28 - - [23/Oct/2017:13:16:23 -0700] "GET /maccdc2012/files.log.gz HTTP/1.1" 304 155 "-" "Mozilla/5.0 Gecko/20100115 Firefox/3.6" 
209.90.225.218 - - [23/Oct/2017:13:17:01 -0700] "GET /wp-content/plugins/work-the-flow-file-upload/public/assets/jQuery-File-Upload-9.5.0/server/php/index.php HTTP/1.1" 301 623 "http://secrepo.com/wp-content/plugins/work-the-flow-file-upload/public/assets/jQuery-File-Upload-9.5.0/server/php/index.php" "Mozilla/5.0 (Windows NT 6.1; WOW64) AppleWebKit/537.36 (KHTML, like Gecko) Chrome/42.0.2311.152 Safari/537.36" 
66.249.66.141 - - [23/Oct/2017:13:22:40 -0700] "GET / HTTP/1.1" 200 11061 "-" "Mozilla/5.0 (compatible; Googlebot/2.1; +http://www.google.com/bot.html)" 
174.53.192.254 - - [23/Oct/2017:13:28:06 -0700] "GET / HTTP/1.1" 200 11061 "-" "Mozilla/5.0 (Macintosh; Intel Mac OS X 10_12_6) AppleWebKit/604.1.38 (KHTML, like Gecko)" 
174.53.192.254 - - [23/Oct/2017:13:28:06 -0700] "GET /apple-touch-icon-precomposed.png HTTP/1.1" 404 340 "-" "Safari/12604.1.38.1.7 CFNetwork/811.5.4 Darwin/16.7.0 (x86_64)" 
174.53.192.254 - - [23/Oct/2017:13:28:06 -0700] "GET /apple-touch-icon.png HTTP/1.1" 404 339 "-" "Safari/12604.1.38.1.7 CFNetwork/811.5.4 Darwin/16.7.0 (x86_64)" 
174.53.192.254 - - [23/Oct/2017:13:28:06 -0700] "GET /bootstrap/img/favicon.ico HTTP/1.1" 200 589 "-" "Safari/12604.1.38.1.7 CFNetwork/811.5.4 Darwin/16.7.0 (x86_64)" 
174.53.192.254 - - [23/Oct/2017:13:28:06 -0700] "GET / HTTP/1.1" 200 11060 "-" "Mozilla/5.0 (iPhone; CPU iPhone OS 10_3 like Mac OS X) AppleWebKit/603.1.30 (KHTML, like Gecko) Version/10.3 Mobile/14E277 Safari/603.1.30" 
174.53.192.254 - - [23/Oct/2017:13:28:06 -0700] "GET /apple-touch-icon-precomposed.png HTTP/1.1" 404 339 "-" "Safari/12604.1.38.1.7 CFNetwork/811.5.4 Darwin/16.7.0 (x86_64)" 
174.53.192.254 - - [23/Oct/2017:13:28:06 -0700] "GET /apple-touch-icon.png HTTP/1.1" 404 339 "-" "Safari/12604.1.38.1.7 CFNetwork/811.5.4 Darwin/16.7.0 (x86_64)" 
174.53.192.254 - - [23/Oct/2017:13:28:06 -0700] "GET /bootstrap/img/favicon.ico HTTP/1.1" 200 589 "-" "Safari/12604.1.38.1.7 CFNetwork/811.5.4 Darwin/16.7.0 (x86_64)" 
157.55.39.62 - - [23/Oct/2017:13:32:37 -0700] "GET /self.logs/error.log.2017-08-31.gz HTTP/1.1" 200 1311 "-" "Mozilla/5.0 (compatible; bingbot/2.0; +http://www.bing.com/bingbot.htm)" 
90.120.211.129 - - [23/Oct/2017:13:33:16 -0700] "GET / HTTP/1.1" 200 11061 "https://www.google.fr/" "Mozilla/5.0 (Macintosh; Intel Mac OS X 10_10_5) AppleWebKit/603.2.5 (KHTML, like Gecko) Version/10.1.1 Safari/603.2.5" 
90.120.211.129 - - [23/Oct/2017:13:33:16 -0700] "GET /twitter-icon.png HTTP/1.1" 200 27787 "http://www.secrepo.com/" "Mozilla/5.0 (Macintosh; Intel Mac OS X 10_10_5) AppleWebKit/603.2.5 (KHTML, like Gecko) Version/10.1.1 Safari/603.2.5" 
90.120.211.129 - - [23/Oct/2017:13:33:17 -0700] "GET /GitHub-Mark.png HTTP/1.1" 200 7428 "http://www.secrepo.com/" "Mozilla/5.0 (Macintosh; Intel Mac OS X 10_10_5) AppleWebKit/603.2.5 (KHTML, like Gecko) Version/10.1.1 Safari/603.2.5" 
90.120.211.129 - - [23/Oct/2017:13:33:18 -0700] "GET /bootstrap/img/favicon.ico HTTP/1.1" 200 590 "http://www.secrepo.com/" "Mozilla/5.0 (Macintosh; Intel Mac OS X 10_10_5) AppleWebKit/603.2.5 (KHTML, like Gecko) Version/10.1.1 Safari/603.2.5" 
89.201.213.37 - - [23/Oct/2017:13:34:30 -0700] "GET /wp-login.php HTTP/1.1" 404 295 "-" "Mozilla/5.0 (Windows NT 6.1; WOW64; rv:40.0) Gecko/20100101 Firefox/40.1" 
89.201.213.37 - - [23/Oct/2017:13:34:35 -0700] "GET /wp-login.php HTTP/1.1" 404 295 "-" "Mozilla/5.0 (Windows NT 6.1; WOW64; rv:40.0) Gecko/20100101 Firefox/40.1" 
89.201.213.37 - - [23/Oct/2017:13:34:40 -0700] "GET / HTTP/1.1" 200 37415 "-" "Mozilla/5.0 (Windows NT 6.1; WOW64; rv:40.0) Gecko/20100101 Firefox/40.1" 
207.46.13.44 - - [23/Oct/2017:13:35:22 -0700] "GET /honeypot/honeypot%20-%20howto%20-%20bsides%20austin.pdf HTTP/1.1" 301 558 "-" "Mozilla/5.0 (iPhone; CPU iPhone OS 7_0 like Mac OS X) AppleWebKit/537.51.1 (KHTML, like Gecko) Version/7.0 Mobile/11A465 Safari/9537.53 (compatible; bingbot/2.0; +http://www.bing.com/bingbot.htm)" 
207.46.13.44 - - [23/Oct/2017:13:35:28 -0700] "GET /honeypot/honeypot%20-%20howto%20-%20bsides%20austin.pdf HTTP/1.1" 404 340 "-" "Mozilla/5.0 (iPhone; CPU iPhone OS 7_0 like Mac OS X) AppleWebKit/537.51.1 (KHTML, like Gecko) Version/7.0 Mobile/11A465 Safari/9537.53 (compatible; bingbot/2.0; +http://www.bing.com/bingbot.htm)" 
51.255.65.25 - - [23/Oct/2017:13:38:57 -0700] "GET /self.logs/access.log.2017-04-01.gz HTTP/1.1" 200 11984 "-" "Mozilla/5.0 (compatible; AhrefsBot/5.2; +http://ahrefs.com/robot/)" 
158.193.83.0 - - [23/Oct/2017:13:42:27 -0700] "GET / HTTP/1.1" 200 11061 "https://www.researchgate.net/" "Mozilla/5.0 (Windows NT 10.0; Win64; x64) AppleWebKit/537.36 (KHTML, like Gecko) Chrome/61.0.3163.100 Safari/537.36" 
158.193.83.0 - - [23/Oct/2017:13:42:28 -0700] "GET /twitter-icon.png HTTP/1.1" 200 27787 "http://www.secrepo.com/" "Mozilla/5.0 (Windows NT 10.0; Win64; x64) AppleWebKit/537.36 (KHTML, like Gecko) Chrome/61.0.3163.100 Safari/537.36" 
158.193.83.0 - - [23/Oct/2017:13:42:28 -0700] "GET /GitHub-Mark.png HTTP/1.1" 200 7428 "http://www.secrepo.com/" "Mozilla/5.0 (Windows NT 10.0; Win64; x64) AppleWebKit/537.36 (KHTML, like Gecko) Chrome/61.0.3163.100 Safari/537.36" 
158.193.83.0 - - [23/Oct/2017:13:42:28 -0700] "GET /bootstrap/img/favicon.ico HTTP/1.1" 200 589 "http://www.secrepo.com/" "Mozilla/5.0 (Windows NT 10.0; Win64; x64) AppleWebKit/537.36 (KHTML, like Gecko) Chrome/61.0.3163.100 Safari/537.36" 
180.76.15.6 - - [23/Oct/2017:13:43:51 -0700] "GET / HTTP/1.1" 200 11024 "-" "Mozilla/5.0 (compatible; Baiduspider/2.0; +http://www.baidu.com/search/spider.html)" 
216.244.66.198 - - [23/Oct/2017:13:47:59 -0700] "GET /robots.txt HTTP/1.1" 200 233 "-" "Mozilla/5.0 (compatible; DotBot/1.1; http://www.opensiteexplorer.org/dotbot, help@moz.com)" 
37.115.191.27 - - [23/Oct/2017:13:48:35 -0700] "GET / HTTP/1.1" 200 37359 "http://adobereader-free.ru/" "Mozilla/4.0 (compatible; MSIE 6.0; Windows NT 5.0; APC; .NET CLR 1.0.3705; .NET CLR 1.1.4322; .NET CLR 2.0.50215; InfoPath.1)" 
