117.136.62.104 - - [15/Nov/2017:22:36:32 -0800] "GET /twitter-icon.png HTTP/1.1" 200 27788 "http://www.secrepo.com/" "Mozilla/5.0 (Linux; Android 6.0.1; ivvi i3-01 Build/MMB29M; wv) AppleWebKit/537.36 (KHTML, like Gecko) Version/4.0 Chrome/53.0.2785.49 Mobile MQQBrowser/6.2 TBS/043613 Safari/537.36 MicroMessenger/6.5.19.1140 NetType/4G Language/zh_CN" 
117.136.62.104 - - [15/Nov/2017:22:36:33 -0800] "GET /GitHub-Mark.png HTTP/1.1" 200 7428 "http://www.secrepo.com/" "Mozilla/5.0 (Linux; Android 6.0.1; ivvi i3-01 Build/MMB29M; wv) AppleWebKit/537.36 (KHTML, like Gecko) Version/4.0 Chrome/53.0.2785.49 Mobile MQQBrowser/6.2 TBS/043613 Safari/537.36 MicroMessenger/6.5.19.1140 NetType/4G Language/zh_CN" 
183.192.201.97 - - [15/Nov/2017:22:36:41 -0800] "GET / HTTP/1.1" 200 11061 "-" "Mozilla/5.0 (Linux; Android 4.4.4; Coolpad Y82-520 Build/KTU84P) AppleWebKit/537.36 (KHTML, like Gecko) Version/4.0 Chrome/33.0.0.0 Mobile Safari/537.36 MicroMessenger/6.5.4.1000 NetType/4G Language/zh_CN" 
157.55.39.102 - - [15/Nov/2017:22:39:59 -0800] "GET /self.logs/access.log.2017-04-14.gz HTTP/1.1" 301 546 "-" "Mozilla/5.0 (compatible; bingbot/2.0; +http://www.bing.com/bingbot.htm)" 
124.81.108.246 - - [15/Nov/2017:22:42:16 -0800] "GET /wp-login.php HTTP/1.1" 301 522 "-" "Mozilla/5.0 (Windows NT 6.1; WOW64; rv:40.0) Gecko/20100101 Firefox/40.1" 
124.81.108.246 - - [15/Nov/2017:22:42:18 -0800] "GET /wp-login.php HTTP/1.1" 404 295 "-" "Mozilla/5.0 (Windows NT 6.1; WOW64; rv:40.0) Gecko/20100101 Firefox/40.1" 
124.81.108.246 - - [15/Nov/2017:22:42:24 -0800] "GET /wp-login.php HTTP/1.1" 301 522 "-" "Mozilla/5.0 (Windows NT 6.1; WOW64; rv:40.0) Gecko/20100101 Firefox/40.1" 
124.81.108.246 - - [15/Nov/2017:22:42:24 -0800] "GET /wp-login.php HTTP/1.1" 404 295 "-" "Mozilla/5.0 (Windows NT 6.1; WOW64; rv:40.0) Gecko/20100101 Firefox/40.1" 
124.81.108.246 - - [15/Nov/2017:22:42:30 -0800] "GET / HTTP/1.1" 301 498 "-" "Mozilla/5.0 (Windows NT 6.1; WOW64; rv:40.0) Gecko/20100101 Firefox/40.1" 
124.81.108.246 - - [15/Nov/2017:22:42:30 -0800] "GET / HTTP/1.1" 200 37415 "-" "Mozilla/5.0 (Windows NT 6.1; WOW64; rv:40.0) Gecko/20100101 Firefox/40.1" 
203.62.172.25 - - [15/Nov/2017:22:43:10 -0800] "GET / HTTP/1.1" 200 11061 "https://www.google.co.in/" "Mozilla/5.0 (Windows NT 10.0; Win64; x64) AppleWebKit/537.36 (KHTML, like Gecko) Chrome/61.0.3163.100 Safari/537.36" 
203.62.172.25 - - [15/Nov/2017:22:43:13 -0800] "GET /twitter-icon.png HTTP/1.1" 200 27788 "http://www.secrepo.com/" "Mozilla/5.0 (Windows NT 10.0; Win64; x64) AppleWebKit/537.36 (KHTML, like Gecko) Chrome/61.0.3163.100 Safari/537.36" 
203.62.172.25 - - [15/Nov/2017:22:43:13 -0800] "GET /GitHub-Mark.png HTTP/1.1" 200 7428 "http://www.secrepo.com/" "Mozilla/5.0 (Windows NT 10.0; Win64; x64) AppleWebKit/537.36 (KHTML, like Gecko) Chrome/61.0.3163.100 Safari/537.36" 
203.62.172.25 - - [15/Nov/2017:22:43:15 -0800] "GET /bootstrap/img/favicon.ico HTTP/1.1" 200 589 "http://www.secrepo.com/" "Mozilla/5.0 (Windows NT 10.0; Win64; x64) AppleWebKit/537.36 (KHTML, like Gecko) Chrome/61.0.3163.100 Safari/537.36" 
164.132.161.91 - - [15/Nov/2017:22:46:17 -0800] "GET /self.logs/2016/access.log.2016-10-22.gz HTTP/1.1" 200 6412 "-" "Mozilla/5.0 (compatible; AhrefsBot/5.2; +http://ahrefs.com/robot/)" 
114.247.56.128 - - [15/Nov/2017:22:52:25 -0800] "GET / HTTP/1.1" 200 11061 "-" "Mozilla/5.0 (Windows NT 6.1; Win64; x64) AppleWebKit/537.36 (KHTML, like Gecko) Chrome/62.0.3202.89 Safari/537.36" 
114.247.56.128 - - [15/Nov/2017:22:52:26 -0800] "GET /GitHub-Mark.png HTTP/1.1" 200 7428 "http://www.secrepo.com/" "Mozilla/5.0 (Windows NT 6.1; Win64; x64) AppleWebKit/537.36 (KHTML, like Gecko) Chrome/62.0.3202.89 Safari/537.36" 
114.247.56.128 - - [15/Nov/2017:22:52:26 -0800] "GET /twitter-icon.png HTTP/1.1" 200 27787 "http://www.secrepo.com/" "Mozilla/5.0 (Windows NT 6.1; Win64; x64) AppleWebKit/537.36 (KHTML, like Gecko) Chrome/62.0.3202.89 Safari/537.36" 
114.247.56.128 - - [15/Nov/2017:22:53:09 -0800] "GET /bootstrap/img/favicon.ico HTTP/1.1" 200 590 "http://www.secrepo.com/" "Mozilla/5.0 (Windows NT 6.1; Win64; x64) AppleWebKit/537.36 (KHTML, like Gecko) Chrome/62.0.3202.89 Safari/537.36" 
120.221.1.28 - - [15/Nov/2017:22:54:42 -0800] "GET /maccdc2012/files.log.gz HTTP/1.1" 304 155 "-" "Mozilla/5.0 Gecko/20100115 Firefox/3.6" 
217.182.132.25 - - [15/Nov/2017:22:56:49 -0800] "GET /self.logs/2016/error.log.2016-09-17.gz HTTP/1.1" 200 758 "-" "Mozilla/5.0 (compatible; AhrefsBot/5.2; +http://ahrefs.com/robot/)" 
182.138.175.26 - - [15/Nov/2017:22:57:35 -0800] "GET / HTTP/1.1" 200 11061 "-" "Mozilla/5.0 (Windows NT 10.0; Win64; x64) AppleWebKit/537.36 (KHTML, like Gecko) Chrome/62.0.3202.89 Safari/537.36" 
182.138.175.26 - - [15/Nov/2017:22:57:36 -0800] "GET /GitHub-Mark.png HTTP/1.1" 200 7428 "http://www.secrepo.com/" "Mozilla/5.0 (Windows NT 10.0; Win64; x64) AppleWebKit/537.36 (KHTML, like Gecko) Chrome/62.0.3202.89 Safari/537.36" 
182.138.175.26 - - [15/Nov/2017:22:57:36 -0800] "GET /twitter-icon.png HTTP/1.1" 200 27787 "http://www.secrepo.com/" "Mozilla/5.0 (Windows NT 10.0; Win64; x64) AppleWebKit/537.36 (KHTML, like Gecko) Chrome/62.0.3202.89 Safari/537.36" 
182.138.175.26 - - [15/Nov/2017:22:58:59 -0800] "GET /maccdc2012/http.log.gz HTTP/1.1" 200 54258816 "-" "Mozilla/5.0 (Windows NT 10.0; Win64; x64) AppleWebKit/537.36 (KHTML, like Gecko) Chrome/62.0.3202.89 Safari/537.36" 
71.83.193.22 - - [15/Nov/2017:23:07:45 -0800] "GET / HTTP/1.1" 200 11061 "https://www.google.com/" "Mozilla/5.0 (iPad; CPU OS 9_3_5 like Mac OS X) AppleWebKit/601.1 (KHTML, like Gecko) CriOS/62.0.3202.70 Mobile/13G36 Safari/601.1.46" 
71.83.193.22 - - [15/Nov/2017:23:07:45 -0800] "GET /twitter-icon.png HTTP/1.1" 200 27787 "http://www.secrepo.com/" "Mozilla/5.0 (iPad; CPU OS 9_3_5 like Mac OS X) AppleWebKit/601.1 (KHTML, like Gecko) CriOS/62.0.3202.70 Mobile/13G36 Safari/601.1.46" 
71.83.193.22 - - [15/Nov/2017:23:07:47 -0800] "GET /GitHub-Mark.png HTTP/1.1" 200 7428 "http://www.secrepo.com/" "Mozilla/5.0 (iPad; CPU OS 9_3_5 like Mac OS X) AppleWebKit/601.1 (KHTML, like Gecko) CriOS/62.0.3202.70 Mobile/13G36 Safari/601.1.46" 
71.83.193.22 - - [15/Nov/2017:23:07:48 -0800] "GET /bootstrap/img/favicon.ico HTTP/1.1" 200 590 "-" "Mozilla/5.0 (iPad; CPU OS 9_3_5 like Mac OS X) AppleWebKit/601.1 (KHTML, like Gecko) CriOS/62.0.3202.70 Mobile/13G36 Safari/601.1.46" 
219.91.138.240 - - [15/Nov/2017:23:09:18 -0800] "GET /wp-login.php HTTP/1.1" 404 295 "-" "Mozilla/5.0 (Windows NT 6.1; WOW64; rv:40.0) Gecko/20100101 Firefox/40.1" 
219.91.138.240 - - [15/Nov/2017:23:09:23 -0800] "GET /wp-login.php HTTP/1.1" 404 295 "-" "Mozilla/5.0 (Windows NT 6.1; WOW64; rv:40.0) Gecko/20100101 Firefox/40.1" 
219.91.138.240 - - [15/Nov/2017:23:09:29 -0800] "GET / HTTP/1.1" 200 37415 "-" "Mozilla/5.0 (Windows NT 6.1; WOW64; rv:40.0) Gecko/20100101 Firefox/40.1" 
164.132.161.33 - - [15/Nov/2017:23:17:18 -0800] "GET /self.logs/2015/error.log.2015-07-30.gz HTTP/1.1" 200 769 "-" "Mozilla/5.0 (compatible; AhrefsBot/5.2; +http://ahrefs.com/robot/)" 
66.249.93.12 - - [15/Nov/2017:23:21:33 -0800] "GET / HTTP/1.1" 200 11061 "-" "Mozilla/5.0 (X11; Linux x86_64) AppleWebKit/537.36 (KHTML, like Gecko) Chrome/49.0.2623.75 Safari/537.36 Google Favicon" 
66.249.93.10 - - [15/Nov/2017:23:21:33 -0800] "GET /bootstrap/img/favicon.ico HTTP/1.1" 200 590 "-" "Mozilla/5.0 (X11; Linux x86_64) AppleWebKit/537.36 (KHTML, like Gecko) Chrome/49.0.2623.75 Safari/537.36 Google Favicon" 
66.102.6.191 - - [15/Nov/2017:23:22:44 -0800] "GET /bootstrap/img/favicon.ico HTTP/1.1" 200 590 "-" "Mozilla/5.0 (X11; Linux x86_64) AppleWebKit/537.36 (KHTML, like Gecko) Chrome/49.0.2623.75 Safari/537.36 Google Favicon" 
223.129.0.231 - - [15/Nov/2017:23:26:11 -0800] "GET /GitHub-Mark.png HTTP/1.1" 200 7372 "-" "Mozilla/5.0 (Windows NT 10.0; Win64; x64) AppleWebKit/537.36 (KHTML, like Gecko) Chrome/59.0.3071.109 Safari/537.36" 
223.129.0.231 - - [15/Nov/2017:23:26:11 -0800] "GET /twitter-icon.png HTTP/1.1" 200 27732 "-" "Mozilla/5.0 (Windows NT 10.0; Win64; x64) AppleWebKit/537.36 (KHTML, like Gecko) Chrome/59.0.3071.109 Safari/537.36" 
94.196.177.132 - - [15/Nov/2017:23:31:41 -0800] "GET /bootstrap/img/favicon.ico HTTP/1.1" 200 590 "http://www.secrepo.com/" "Mozilla/5.0 (Macintosh; Intel Mac OS X 10_11_1) AppleWebKit/601.2.7 (KHTML, like Gecko) Version/9.0.1 Safari/601.2.7" 
95.10.29.173 - - [15/Nov/2017:23:33:18 -0800] "GET /wp-login.php HTTP/1.1" 404 295 "-" "Mozilla/5.0 (Windows NT 6.1; WOW64; rv:40.0) Gecko/20100101 Firefox/40.1" 
95.10.29.173 - - [15/Nov/2017:23:33:24 -0800] "GET /wp-login.php HTTP/1.1" 404 295 "-" "Mozilla/5.0 (Windows NT 6.1; WOW64; rv:40.0) Gecko/20100101 Firefox/40.1" 
95.10.29.173 - - [15/Nov/2017:23:33:29 -0800] "GET / HTTP/1.1" 200 37415 "-" "Mozilla/5.0 (Windows NT 6.1; WOW64; rv:40.0) Gecko/20100101 Firefox/40.1" 
113.240.234.237 - - [15/Nov/2017:23:45:23 -0800] "GET /favicon.ico HTTP/1.1" 200 268 "-" "Mozilla/5.0 (Windows NT 6.1) AppleWebKit/537.36 (KHTML, like Gecko) Chrome/55.0.2883.87 Safari/537.36" 
102.181.194.40 - - [15/Nov/2017:23:46:53 -0800] "GET /maccdc2012/dns.log.gz HTTP/1.1" 304 154 "-" "Mozilla/5.0 Gecko/20100115 Firefox/3.6" 
46.189.75.99 - - [15/Nov/2017:23:53:46 -0800] "GET / HTTP/1.1" 200 11061 "-" "Mozilla/5.0 (Macintosh; Intel Mac OS X 10_12_6) AppleWebKit/604.3.5 (KHTML, like Gecko) Version/11.0.1 Safari/604.3.5" 
46.189.75.99 - - [15/Nov/2017:23:53:47 -0800] "GET /twitter-icon.png HTTP/1.1" 200 27787 "http://www.secrepo.com/" "Mozilla/5.0 (Macintosh; Intel Mac OS X 10_12_6) AppleWebKit/604.3.5 (KHTML, like Gecko) Version/11.0.1 Safari/604.3.5" 
46.189.75.99 - - [15/Nov/2017:23:53:47 -0800] "GET /GitHub-Mark.png HTTP/1.1" 200 7427 "http://www.secrepo.com/" "Mozilla/5.0 (Macintosh; Intel Mac OS X 10_12_6) AppleWebKit/604.3.5 (KHTML, like Gecko) Version/11.0.1 Safari/604.3.5" 
112.134.72.95 - - [15/Nov/2017:23:56:10 -0800] "GET / HTTP/1.1" 200 11061 "https://www.researchgate.net/" "Mozilla/5.0 (Windows NT 10.0; Win64; x64) AppleWebKit/537.36 (KHTML, like Gecko) Chrome/61.0.3163.100 Safari/537.36" 
112.134.72.95 - - [15/Nov/2017:23:56:12 -0800] "GET /twitter-icon.png HTTP/1.1" 200 27787 "http://www.secrepo.com/" "Mozilla/5.0 (Windows NT 10.0; Win64; x64) AppleWebKit/537.36 (KHTML, like Gecko) Chrome/61.0.3163.100 Safari/537.36" 
112.134.72.95 - - [15/Nov/2017:23:56:12 -0800] "GET /GitHub-Mark.png HTTP/1.1" 200 7428 "http://www.secrepo.com/" "Mozilla/5.0 (Windows NT 10.0; Win64; x64) AppleWebKit/537.36 (KHTML, like Gecko) Chrome/61.0.3163.100 Safari/537.36" 
112.134.72.95 - - [15/Nov/2017:23:56:14 -0800] "GET /bootstrap/img/favicon.ico HTTP/1.1" 200 589 "http://www.secrepo.com/" "Mozilla/5.0 (Windows NT 10.0; Win64; x64) AppleWebKit/537.36 (KHTML, like Gecko) Chrome/61.0.3163.100 Safari/537.36" 
164.132.161.25 - - [16/Nov/2017:00:07:39 -0800] "GET /self.logs/2016/error.log.2016-04-12.gz HTTP/1.1" 200 947 "-" "Mozilla/5.0 (compatible; AhrefsBot/5.2; +http://ahrefs.com/robot/)" 
203.62.172.25 - - [15/Nov/2017:22:43:22 -0800] "GET /maccdc2012/conn.log.gz HTTP/1.1" 200 551041635 "-" "Mozilla/5.0 (Windows NT 10.0; Win64; x64) AppleWebKit/537.36 (KHTML, like Gecko) Chrome/61.0.3163.100 Safari/537.36" 
123.125.67.221 - - [16/Nov/2017:00:16:00 -0800] "GET /robots.txt HTTP/1.1" 200 297 "-" "Mozilla/5.0 (compatible; Baiduspider/2.0; +http://www.baidu.com/search/spider.html)" 
220.181.108.112 - - [16/Nov/2017:00:16:38 -0800] "GET / HTTP/1.1" 200 11024 "-" "Mozilla/5.0 (compatible; Baiduspider/2.0; +http://www.baidu.com/search/spider.html)" 
120.221.0.34 - - [16/Nov/2017:00:21:19 -0800] "GET /honeypot/Honeypot%20-%20Howto.pdf HTTP/1.1" 304 131 "-" "Mozilla/5.0 Gecko/20100115 Firefox/3.6" 
115.114.36.2 - - [16/Nov/2017:00:22:48 -0800] "GET / HTTP/1.1" 200 11061 "https://www.google.co.in/" "Mozilla/5.0 (X11; Linux x86_64) AppleWebKit/537.36 (KHTML, like Gecko) Chrome/61.0.3163.100 Safari/537.36 OPR/48.0.2685.52" 
115.114.36.2 - - [16/Nov/2017:00:22:49 -0800] "GET /twitter-icon.png HTTP/1.1" 200 27787 "http://www.secrepo.com/" "Mozilla/5.0 (X11; Linux x86_64) AppleWebKit/537.36 (KHTML, like Gecko) Chrome/61.0.3163.100 Safari/537.36 OPR/48.0.2685.52" 
115.114.36.2 - - [16/Nov/2017:00:22:50 -0800] "GET /GitHub-Mark.png HTTP/1.1" 200 7428 "http://www.secrepo.com/" "Mozilla/5.0 (X11; Linux x86_64) AppleWebKit/537.36 (KHTML, like Gecko) Chrome/61.0.3163.100 Safari/537.36 OPR/48.0.2685.52" 
115.114.36.2 - - [16/Nov/2017:00:22:51 -0800] "GET /bootstrap/img/favicon.ico HTTP/1.1" 200 589 "http://www.secrepo.com/" "Mozilla/5.0 (X11; Linux x86_64) AppleWebKit/537.36 (KHTML, like Gecko) Chrome/61.0.3163.100 Safari/537.36 OPR/48.0.2685.52" 
138.190.133.6 - - [16/Nov/2017:00:29:43 -0800] "GET /bootstrap/img/favicon.ico HTTP/1.1" 200 590 "http://www.secrepo.com/" "Mozilla/5.0 (Windows NT 10.0; WOW64) AppleWebKit/537.36 (KHTML, like Gecko) Chrome/62.0.3202.94 Safari/537.36" 
51.255.71.133 - - [16/Nov/2017:00:30:14 -0800] "GET /self.logs/error.log.2016-10-17.gz HTTP/1.1" 404 284 "-" "Mozilla/5.0 (compatible; AhrefsBot/5.2; +http://ahrefs.com/robot/)" 
219.91.138.240 - - [16/Nov/2017:00:33:49 -0800] "GET /wp-login.php HTTP/1.1" 301 522 "-" "Mozilla/5.0 (Windows NT 6.1; WOW64; rv:40.0) Gecko/20100101 Firefox/40.1" 
219.91.138.240 - - [16/Nov/2017:00:33:49 -0800] "GET /wp-login.php HTTP/1.1" 404 295 "-" "Mozilla/5.0 (Windows NT 6.1; WOW64; rv:40.0) Gecko/20100101 Firefox/40.1" 
219.91.138.240 - - [16/Nov/2017:00:33:55 -0800] "GET /wp-login.php HTTP/1.1" 301 522 "-" "Mozilla/5.0 (Windows NT 6.1; WOW64; rv:40.0) Gecko/20100101 Firefox/40.1" 
219.91.138.240 - - [16/Nov/2017:00:33:55 -0800] "GET /wp-login.php HTTP/1.1" 404 295 "-" "Mozilla/5.0 (Windows NT 6.1; WOW64; rv:40.0) Gecko/20100101 Firefox/40.1" 
219.91.138.240 - - [16/Nov/2017:00:34:01 -0800] "GET / HTTP/1.1" 301 498 "-" "Mozilla/5.0 (Windows NT 6.1; WOW64; rv:40.0) Gecko/20100101 Firefox/40.1" 
219.91.138.240 - - [16/Nov/2017:00:34:02 -0800] "GET / HTTP/1.1" 200 37415 "-" "Mozilla/5.0 (Windows NT 6.1; WOW64; rv:40.0) Gecko/20100101 Firefox/40.1" 
157.55.39.102 - - [16/Nov/2017:00:34:06 -0800] "GET /honeypot/honeypot%20-%20howto.pdf HTTP/1.1" 301 531 "-" "Mozilla/5.0 (iPhone; CPU iPhone OS 7_0 like Mac OS X) AppleWebKit/537.51.1 (KHTML, like Gecko) Version/7.0 Mobile/11A465 Safari/9537.53 (compatible; bingbot/2.0; +http://www.bing.com/bingbot.htm)" 
157.55.39.102 - - [16/Nov/2017:00:34:11 -0800] "GET /honeypot/honeypot%20-%20howto.pdf HTTP/1.1" 404 340 "-" "Mozilla/5.0 (iPhone; CPU iPhone OS 7_0 like Mac OS X) AppleWebKit/537.51.1 (KHTML, like Gecko) Version/7.0 Mobile/11A465 Safari/9537.53 (compatible; bingbot/2.0; +http://www.bing.com/bingbot.htm)" 
182.138.175.26 - - [16/Nov/2017:00:40:59 -0800] "GET / HTTP/1.1" 200 11061 "-" "Mozilla/5.0 (Windows NT 10.0; Win64; x64) AppleWebKit/537.36 (KHTML, like Gecko) Chrome/62.0.3202.89 Safari/537.36" 
182.138.175.26 - - [16/Nov/2017:00:41:00 -0800] "GET /twitter-icon.png HTTP/1.1" 200 27787 "http://www.secrepo.com/" "Mozilla/5.0 (Windows NT 10.0; Win64; x64) AppleWebKit/537.36 (KHTML, like Gecko) Chrome/62.0.3202.89 Safari/537.36" 
182.138.175.26 - - [16/Nov/2017:00:41:00 -0800] "GET /GitHub-Mark.png HTTP/1.1" 200 7428 "http://www.secrepo.com/" "Mozilla/5.0 (Windows NT 10.0; Win64; x64) AppleWebKit/537.36 (KHTML, like Gecko) Chrome/62.0.3202.89 Safari/537.36" 
182.138.175.26 - - [16/Nov/2017:00:41:03 -0800] "GET /bootstrap/img/favicon.ico HTTP/1.1" 200 590 "http://www.secrepo.com/" "Mozilla/5.0 (Windows NT 10.0; Win64; x64) AppleWebKit/537.36 (KHTML, like Gecko) Chrome/62.0.3202.89 Safari/537.36" 
182.138.175.26 - - [16/Nov/2017:00:43:28 -0800] "GET /tg/a.zip HTTP/1.1" 200 66189337 "-" "Mozilla/5.0 (Windows NT 10.0; Win64; x64) AppleWebKit/537.36 (KHTML, like Gecko) Chrome/62.0.3202.89 Safari/537.36" 
182.138.175.26 - - [16/Nov/2017:00:43:41 -0800] "GET /tg/c.zip HTTP/1.1" 200 838080 "-" "Mozilla/5.0 (Windows NT 10.0; Win64; x64) AppleWebKit/537.36 (KHTML, like Gecko) Chrome/62.0.3202.89 Safari/537.36" 
182.138.175.26 - - [16/Nov/2017:00:43:37 -0800] "GET /tg/b.zip HTTP/1.1" 200 637920 "-" "Mozilla/5.0 (Windows NT 10.0; Win64; x64) AppleWebKit/537.36 (KHTML, like Gecko) Chrome/62.0.3202.89 Safari/537.36" 
182.138.175.26 - - [16/Nov/2017:00:45:29 -0800] "GET /tg/c.zip HTTP/1.1" 206 15824285 "http://www.secrepo.com/tg" "Mozilla/4.0 (compatible; MSIE 7.0; Windows NT 6.2; WOW64; Trident/7.0; .NET4.0C; .NET4.0E; .NET CLR 2.0.50727; .NET CLR 3.0.30729; .NET CLR 3.5.30729; Shuame)" 
182.138.175.26 - - [16/Nov/2017:00:45:29 -0800] "GET /tg/c.zip HTTP/1.1" 206 22246560 "http://www.secrepo.com/tg" "Mozilla/4.0 (compatible; MSIE 7.0; Windows NT 6.2; WOW64; Trident/7.0; .NET4.0C; .NET4.0E; .NET CLR 2.0.50727; .NET CLR 3.0.30729; .NET CLR 3.5.30729; Shuame)" 
182.138.175.26 - - [16/Nov/2017:00:45:35 -0800] "GET /tg/c.zip HTTP/1.1" 206 65879 "http://www.secrepo.com/tg" "Mozilla/4.0 (compatible; MSIE 7.0; Windows NT 6.2; WOW64; Trident/7.0; .NET4.0C; .NET4.0E; .NET CLR 2.0.50727; .NET CLR 3.0.30729; .NET CLR 3.5.30729; Shuame)" 
182.138.175.26 - - [16/Nov/2017:00:45:36 -0800] "GET /tg/c.zip HTTP/1.1" 206 59045 "http://www.secrepo.com/tg" "Mozilla/4.0 (compatible; MSIE 7.0; Windows NT 6.2; WOW64; Trident/7.0; .NET4.0C; .NET4.0E; .NET CLR 2.0.50727; .NET CLR 3.0.30729; .NET CLR 3.5.30729; Shuame)" 
182.138.175.26 - - [16/Nov/2017:00:45:28 -0800] "GET /tg/c.zip HTTP/1.1" 200 1179360 "http://www.secrepo.com/tg" "Mozilla/4.0 (compatible; MSIE 7.0; Windows NT 6.2; WOW64; Trident/7.0; .NET4.0C; .NET4.0E; .NET CLR 2.0.50727; .NET CLR 3.0.30729; .NET CLR 3.5.30729; Shuame)" 
182.138.175.26 - - [16/Nov/2017:00:45:38 -0800] "GET /tg/c.zip HTTP/1.1" 206 101745 "http://www.secrepo.com/tg" "Mozilla/4.0 (compatible; MSIE 7.0; Windows NT 6.2; WOW64; Trident/7.0; .NET4.0C; .NET4.0E; .NET CLR 2.0.50727; .NET CLR 3.0.30729; .NET CLR 3.5.30729; Shuame)" 
182.138.175.26 - - [16/Nov/2017:00:45:29 -0800] "GET /tg/c.zip HTTP/1.1" 206 298080 "http://www.secrepo.com/tg" "Mozilla/4.0 (compatible; MSIE 7.0; Windows NT 6.2; WOW64; Trident/7.0; .NET4.0C; .NET4.0E; .NET CLR 2.0.50727; .NET CLR 3.0.30729; .NET CLR 3.5.30729; Shuame)" 
182.138.175.26 - - [16/Nov/2017:00:45:38 -0800] "GET /tg/c.zip HTTP/1.1" 206 118080 "http://www.secrepo.com/tg" "Mozilla/4.0 (compatible; MSIE 7.0; Windows NT 6.2; WOW64; Trident/7.0; .NET4.0C; .NET4.0E; .NET CLR 2.0.50727; .NET CLR 3.0.30729; .NET CLR 3.5.30729; Shuame)" 
182.138.175.26 - - [16/Nov/2017:00:45:29 -0800] "GET /tg/c.zip HTTP/1.1" 206 476640 "http://www.secrepo.com/tg" "Mozilla/4.0 (compatible; MSIE 7.0; Windows NT 6.2; WOW64; Trident/7.0; .NET4.0C; .NET4.0E; .NET CLR 2.0.50727; .NET CLR 3.0.30729; .NET CLR 3.5.30729; Shuame)" 
182.138.175.26 - - [16/Nov/2017:00:45:42 -0800] "GET /tg/c.zip HTTP/1.1" 206 109440 "http://www.secrepo.com/tg" "Mozilla/4.0 (compatible; MSIE 7.0; Windows NT 6.2; WOW64; Trident/7.0; .NET4.0C; .NET4.0E; .NET CLR 2.0.50727; .NET CLR 3.0.30729; .NET CLR 3.5.30729; Shuame)" 
182.138.175.26 - - [16/Nov/2017:00:45:40 -0800] "GET /tg/c.zip HTTP/1.1" 206 4522276 "http://www.secrepo.com/tg" "Mozilla/4.0 (compatible; MSIE 7.0; Windows NT 6.2; WOW64; Trident/7.0; .NET4.0C; .NET4.0E; .NET CLR 2.0.50727; .NET CLR 3.0.30729; .NET CLR 3.5.30729; Shuame)" 
182.138.175.26 - - [16/Nov/2017:00:45:42 -0800] "GET /tg/c.zip HTTP/1.1" 206 4094755 "http://www.secrepo.com/tg" "Mozilla/4.0 (compatible; MSIE 7.0; Windows NT 6.2; WOW64; Trident/7.0; .NET4.0C; .NET4.0E; .NET CLR 2.0.50727; .NET CLR 3.0.30729; .NET CLR 3.5.30729; Shuame)" 
182.138.175.26 - - [16/Nov/2017:00:45:44 -0800] "GET /tg/c.zip HTTP/1.1" 206 172437 "http://www.secrepo.com/tg" "Mozilla/4.0 (compatible; MSIE 7.0; Windows NT 6.2; WOW64; Trident/7.0; .NET4.0C; .NET4.0E; .NET CLR 2.0.50727; .NET CLR 3.0.30729; .NET CLR 3.5.30729; Shuame)" 
182.138.175.26 - - [16/Nov/2017:00:45:45 -0800] "GET /tg/c.zip HTTP/1.1" 206 42842 "http://www.secrepo.com/tg" "Mozilla/4.0 (compatible; MSIE 7.0; Windows NT 6.2; WOW64; Trident/7.0; .NET4.0C; .NET4.0E; .NET CLR 2.0.50727; .NET CLR 3.0.30729; .NET CLR 3.5.30729; Shuame)" 
182.138.175.26 - - [16/Nov/2017:00:45:45 -0800] "GET /tg/c.zip HTTP/1.1" 206 185760 "http://www.secrepo.com/tg" "Mozilla/4.0 (compatible; MSIE 7.0; Windows NT 6.2; WOW64; Trident/7.0; .NET4.0C; .NET4.0E; .NET CLR 2.0.50727; .NET CLR 3.0.30729; .NET CLR 3.5.30729; Shuame)" 
182.138.175.26 - - [16/Nov/2017:00:45:36 -0800] "GET /tg/c.zip HTTP/1.1" 206 204480 "http://www.secrepo.com/tg" "Mozilla/4.0 (compatible; MSIE 7.0; Windows NT 6.2; WOW64; Trident/7.0; .NET4.0C; .NET4.0E; .NET CLR 2.0.50727; .NET CLR 3.0.30729; .NET CLR 3.5.30729; Shuame)" 
182.138.175.26 - - [16/Nov/2017:00:45:45 -0800] "GET /tg/c.zip HTTP/1.1" 206 77760 "http://www.secrepo.com/tg" "Mozilla/4.0 (compatible; MSIE 7.0; Windows NT 6.2; WOW64; Trident/7.0; .NET4.0C; .NET4.0E; .NET CLR 2.0.50727; .NET CLR 3.0.30729; .NET CLR 3.5.30729; Shuame)" 
182.138.175.26 - - [16/Nov/2017:00:45:45 -0800] "GET /tg/c.zip HTTP/1.1" 206 77760 "http://www.secrepo.com/tg" "Mozilla/4.0 (compatible; MSIE 7.0; Windows NT 6.2; WOW64; Trident/7.0; .NET4.0C; .NET4.0E; .NET CLR 2.0.50727; .NET CLR 3.0.30729; .NET CLR 3.5.30729; Shuame)" 
112.83.170.197 - - [16/Nov/2017:00:45:52 -0800] "GET /tg/b.zip HTTP/1.1" 206 65879 "-" "Mozilla/5.0 (Linux; Android) AppleWebKit/537.36 (KHTML, like Gecko) Chrome/34.0.1847.131 Safari/537.36" 
112.83.170.197 - - [16/Nov/2017:00:45:53 -0800] "GET /tg/b.zip HTTP/1.1" 206 65878 "-" "Mozilla/5.0 (Linux; Android) AppleWebKit/537.36 (KHTML, like Gecko) Chrome/34.0.1847.131 Safari/537.36" 
175.192.187.69 - - [16/Nov/2017:00:45:52 -0800] "GET /tg/b.zip HTTP/1.1" 206 65879 "-" "Mozilla/5.0 (Linux; Android) AppleWebKit/537.36 (KHTML, like Gecko) Chrome/34.0.1847.131 Safari/537.36" 
180.124.79.208 - - [16/Nov/2017:00:45:52 -0800] "GET /tg/b.zip HTTP/1.1" 206 65879 "-" "Mozilla/5.0 (Linux; Android) AppleWebKit/537.36 (KHTML, like Gecko) Chrome/34.0.1847.131 Safari/537.36" 
182.138.175.26 - - [16/Nov/2017:00:45:47 -0800] "GET /tg/b.zip HTTP/1.1" 200 16807680 "http://www.secrepo.com/tg" "Mozilla/4.0 (compatible; MSIE 7.0; Windows NT 6.2; WOW64; Trident/7.0; .NET4.0C; .NET4.0E; .NET CLR 2.0.50727; .NET CLR 3.0.30729; .NET CLR 3.5.30729; Shuame)" 
175.192.187.69 - - [16/Nov/2017:00:45:53 -0800] "GET /tg/b.zip HTTP/1.1" 206 65878 "-" "Mozilla/5.0 (Linux; Android) AppleWebKit/537.36 (KHTML, like Gecko) Chrome/34.0.1847.131 Safari/537.36" 
182.138.175.26 - - [16/Nov/2017:00:45:53 -0800] "GET /tg/b.zip HTTP/1.1" 206 65879 "http://www.secrepo.com/tg" "Mozilla/4.0 (compatible; MSIE 7.0; Windows NT 6.2; WOW64; Trident/7.0; .NET4.0C; .NET4.0E; .NET CLR 2.0.50727; .NET CLR 3.0.30729; .NET CLR 3.5.30729; Shuame)" 
112.83.170.197 - - [16/Nov/2017:00:45:53 -0800] "GET /tg/b.zip HTTP/1.1" 206 131415 "-" "Mozilla/5.0 (Linux; Android) AppleWebKit/537.36 (KHTML, like Gecko) Chrome/34.0.1847.131 Safari/537.36" 
175.192.187.69 - - [16/Nov/2017:00:45:54 -0800] "GET /tg/b.zip HTTP/1.1" 206 131415 "-" "Mozilla/5.0 (Linux; Android) AppleWebKit/537.36 (KHTML, like Gecko) Chrome/34.0.1847.131 Safari/537.36" 
36.49.64.195 - - [16/Nov/2017:00:45:54 -0800] "GET /tg/b.zip HTTP/1.1" 206 65869 "-" "Mozilla/5.0 (Linux; Android) AppleWebKit/537.36 (KHTML, like Gecko) Chrome/34.0.1847.131 Safari/537.36" 
112.83.170.197 - - [16/Nov/2017:00:45:54 -0800] "GET /tg/b.zip HTTP/1.1" 206 131415 "-" "Mozilla/5.0 (Linux; Android) AppleWebKit/537.36 (KHTML, like Gecko) Chrome/34.0.1847.131 Safari/537.36" 
180.124.79.208 - - [16/Nov/2017:00:45:55 -0800] "GET /tg/b.zip HTTP/1.1" 206 65878 "-" "Mozilla/5.0 (Linux; Android) AppleWebKit/537.36 (KHTML, like Gecko) Chrome/34.0.1847.131 Safari/537.36" 
175.192.187.69 - - [16/Nov/2017:00:45:54 -0800] "GET /tg/b.zip HTTP/1.1" 206 196951 "-" "Mozilla/5.0 (Linux; Android) AppleWebKit/537.36 (KHTML, like Gecko) Chrome/34.0.1847.131 Safari/537.36" 
36.49.64.195 - - [16/Nov/2017:00:45:55 -0800] "GET /tg/b.zip HTTP/1.1" 206 65873 "-" "Mozilla/5.0 (Linux; Android) AppleWebKit/537.36 (KHTML, like Gecko) Chrome/34.0.1847.131 Safari/537.36" 
175.192.187.69 - - [16/Nov/2017:00:45:55 -0800] "GET /tg/b.zip HTTP/1.1" 206 196951 "-" "Mozilla/5.0 (Linux; Android) AppleWebKit/537.36 (KHTML, like Gecko) Chrome/34.0.1847.131 Safari/537.36" 
112.83.170.197 - - [16/Nov/2017:00:45:55 -0800] "GET /tg/b.zip HTTP/1.1" 206 196951 "-" "Mozilla/5.0 (Linux; Android) AppleWebKit/537.36 (KHTML, like Gecko) Chrome/34.0.1847.131 Safari/537.36" 
175.192.187.69 - - [16/Nov/2017:00:45:56 -0800] "GET /tg/b.zip HTTP/1.1" 206 262487 "-" "Mozilla/5.0 (Linux; Android) AppleWebKit/537.36 (KHTML, like Gecko) Chrome/34.0.1847.131 Safari/537.36" 
112.83.170.197 - - [16/Nov/2017:00:45:56 -0800] "GET /tg/b.zip HTTP/1.1" 206 262487 "-" "Mozilla/5.0 (Linux; Android) AppleWebKit/537.36 (KHTML, like Gecko) Chrome/34.0.1847.131 Safari/537.36" 
36.49.64.195 - - [16/Nov/2017:00:45:56 -0800] "GET /tg/b.zip HTTP/1.1" 206 65874 "-" "Mozilla/5.0 (Linux; Android) AppleWebKit/537.36 (KHTML, like Gecko) Chrome/34.0.1847.131 Safari/537.36" 
175.192.187.69 - - [16/Nov/2017:00:45:56 -0800] "GET /tg/b.zip HTTP/1.1" 206 459095 "-" "Mozilla/5.0 (Linux; Android) AppleWebKit/537.36 (KHTML, like Gecko) Chrome/34.0.1847.131 Safari/537.36" 
36.49.64.195 - - [16/Nov/2017:00:45:57 -0800] "GET /tg/b.zip HTTP/1.1" 206 131411 "-" "Mozilla/5.0 (Linux; Android) AppleWebKit/537.36 (KHTML, like Gecko) Chrome/34.0.1847.131 Safari/537.36" 
112.83.170.197 - - [16/Nov/2017:00:45:57 -0800] "GET /tg/b.zip HTTP/1.1" 206 393559 "-" "Mozilla/5.0 (Linux; Android) AppleWebKit/537.36 (KHTML, like Gecko) Chrome/34.0.1847.131 Safari/537.36" 
175.192.187.69 - - [16/Nov/2017:00:45:57 -0800] "GET /tg/b.zip HTTP/1.1" 206 655703 "-" "Mozilla/5.0 (Linux; Android) AppleWebKit/537.36 (KHTML, like Gecko) Chrome/34.0.1847.131 Safari/537.36" 
112.83.170.197 - - [16/Nov/2017:00:45:58 -0800] "GET /tg/b.zip HTTP/1.1" 206 524631 "-" "Mozilla/5.0 (Linux; Android) AppleWebKit/537.36 (KHTML, like Gecko) Chrome/34.0.1847.131 Safari/537.36" 
112.83.170.197 - - [16/Nov/2017:00:45:59 -0800] "GET /tg/b.zip HTTP/1.1" 206 655703 "-" "Mozilla/5.0 (Linux; Android) AppleWebKit/537.36 (KHTML, like Gecko) Chrome/34.0.1847.131 Safari/537.36" 
14.153.238.120 - - [16/Nov/2017:00:45:58 -0800] "GET /tg/b.zip HTTP/1.1" 206 65875 "-" "Mozilla/5.0 (Linux; Android) AppleWebKit/537.36 (KHTML, like Gecko) Chrome/34.0.1847.131 Safari/537.36" 
120.193.58.117 - - [16/Nov/2017:00:45:59 -0800] "GET /tg/b.zip HTTP/1.1" 206 65869 "-" "Mozilla/5.0 (Linux; Android) AppleWebKit/537.36 (KHTML, like Gecko) Chrome/34.0.1847.131 Safari/537.36" 
120.193.58.117 - - [16/Nov/2017:00:46:00 -0800] "GET /tg/b.zip HTTP/1.1" 206 65873 "-" "Mozilla/5.0 (Linux; Android) AppleWebKit/537.36 (KHTML, like Gecko) Chrome/34.0.1847.131 Safari/537.36" 
182.138.175.26 - - [16/Nov/2017:00:45:51 -0800] "GET /tg/b.zip HTTP/1.1" 206 3847680 "http://www.secrepo.com/tg" "Mozilla/4.0 (compatible; MSIE 7.0; Windows NT 6.2; WOW64; Trident/7.0; .NET4.0C; .NET4.0E; .NET CLR 2.0.50727; .NET CLR 3.0.30729; .NET CLR 3.5.30729; Shuame)" 
14.153.238.120 - - [16/Nov/2017:00:46:00 -0800] "GET /tg/b.zip HTTP/1.1" 206 65874 "-" "Mozilla/5.0 (Linux; Android) AppleWebKit/537.36 (KHTML, like Gecko) Chrome/34.0.1847.131 Safari/537.36" 
112.83.170.197 - - [16/Nov/2017:00:46:00 -0800] "GET /tg/b.zip HTTP/1.1" 206 852311 "-" "Mozilla/5.0 (Linux; Android) AppleWebKit/537.36 (KHTML, like Gecko) Chrome/34.0.1847.131 Safari/537.36" 
182.138.175.26 - - [16/Nov/2017:00:45:51 -0800] "GET /tg/b.zip HTTP/1.1" 206 567360 "http://www.secrepo.com/tg" "Mozilla/4.0 (compatible; MSIE 7.0; Windows NT 6.2; WOW64; Trident/7.0; .NET4.0C; .NET4.0E; .NET CLR 2.0.50727; .NET CLR 3.0.30729; .NET CLR 3.5.30729; Shuame)" 
36.49.64.195 - - [16/Nov/2017:00:45:58 -0800] "GET /tg/b.zip HTTP/1.1" 206 196947 "-" "Mozilla/5.0 (Linux; Android) AppleWebKit/537.36 (KHTML, like Gecko) Chrome/34.0.1847.131 Safari/537.36" 
120.193.58.117 - - [16/Nov/2017:00:46:01 -0800] "GET /tg/b.zip HTTP/1.1" 206 131411 "-" "Mozilla/5.0 (Linux; Android) AppleWebKit/537.36 (KHTML, like Gecko) Chrome/34.0.1847.131 Safari/537.36" 
112.83.170.197 - - [16/Nov/2017:00:46:01 -0800] "GET /tg/b.zip HTTP/1.1" 206 1114456 "-" "Mozilla/5.0 (Linux; Android) AppleWebKit/537.36 (KHTML, like Gecko) Chrome/34.0.1847.131 Safari/537.36" 
14.153.238.120 - - [16/Nov/2017:00:46:01 -0800] "GET /tg/b.zip HTTP/1.1" 206 65876 "-" "Mozilla/5.0 (Linux; Android) AppleWebKit/537.36 (KHTML, like Gecko) Chrome/34.0.1847.131 Safari/537.36" 
120.193.58.117 - - [16/Nov/2017:00:46:02 -0800] "GET /tg/b.zip HTTP/1.1" 206 131411 "-" "Mozilla/5.0 (Linux; Android) AppleWebKit/537.36 (KHTML, like Gecko) Chrome/34.0.1847.131 Safari/537.36" 
175.192.187.69 - - [16/Nov/2017:00:45:59 -0800] "GET /tg/b.zip HTTP/1.1" 206 786775 "-" "Mozilla/5.0 (Linux; Android) AppleWebKit/537.36 (KHTML, like Gecko) Chrome/34.0.1847.131 Safari/537.36" 
112.83.170.197 - - [16/Nov/2017:00:46:02 -0800] "GET /tg/b.zip HTTP/1.1" 206 1442136 "-" "Mozilla/5.0 (Linux; Android) AppleWebKit/537.36 (KHTML, like Gecko) Chrome/34.0.1847.131 Safari/537.36" 
182.138.175.26 - - [16/Nov/2017:00:46:01 -0800] "GET /tg/b.zip HTTP/1.1" 206 119520 "http://www.secrepo.com/tg" "Mozilla/4.0 (compatible; MSIE 7.0; Windows NT 6.2; WOW64; Trident/7.0; .NET4.0C; .NET4.0E; .NET CLR 2.0.50727; .NET CLR 3.0.30729; .NET CLR 3.5.30729; Shuame)" 
182.138.175.26 - - [16/Nov/2017:00:45:51 -0800] "GET /tg/b.zip HTTP/1.1" 206 2643840 "http://www.secrepo.com/tg" "Mozilla/4.0 (compatible; MSIE 7.0; Windows NT 6.2; WOW64; Trident/7.0; .NET4.0C; .NET4.0E; .NET CLR 2.0.50727; .NET CLR 3.0.30729; .NET CLR 3.5.30729; Shuame)" 
175.192.187.69 - - [16/Nov/2017:00:46:03 -0800] "GET /tg/b.zip HTTP/1.1" 206 459095 "-" "Mozilla/5.0 (Linux; Android) AppleWebKit/537.36 (KHTML, like Gecko) Chrome/34.0.1847.131 Safari/537.36" 
112.83.170.197 - - [16/Nov/2017:00:46:03 -0800] "GET /tg/b.zip HTTP/1.1" 206 1835352 "-" "Mozilla/5.0 (Linux; Android) AppleWebKit/537.36 (KHTML, like Gecko) Chrome/34.0.1847.131 Safari/537.36" 
14.153.238.120 - - [16/Nov/2017:00:46:02 -0800] "GET /tg/b.zip HTTP/1.1" 206 131413 "-" "Mozilla/5.0 (Linux; Android) AppleWebKit/537.36 (KHTML, like Gecko) Chrome/34.0.1847.131 Safari/537.36" 
112.83.170.197 - - [16/Nov/2017:00:46:04 -0800] "GET /tg/b.zip HTTP/1.1" 206 1835352 "-" "Mozilla/5.0 (Linux; Android) AppleWebKit/537.36 (KHTML, like Gecko) Chrome/34.0.1847.131 Safari/537.36" 
175.192.187.69 - - [16/Nov/2017:00:46:04 -0800] "GET /tg/b.zip HTTP/1.1" 206 459095 "-" "Mozilla/5.0 (Linux; Android) AppleWebKit/537.36 (KHTML, like Gecko) Chrome/34.0.1847.131 Safari/537.36" 
182.138.175.26 - - [16/Nov/2017:00:46:03 -0800] "GET /tg/b.zip HTTP/1.1" 206 188640 "http://www.secrepo.com/tg" "Mozilla/4.0 (compatible; MSIE 7.0; Windows NT 6.2; WOW64; Trident/7.0; .NET4.0C; .NET4.0E; .NET CLR 2.0.50727; .NET CLR 3.0.30729; .NET CLR 3.5.30729; Shuame)" 
112.83.170.197 - - [16/Nov/2017:00:46:05 -0800] "GET /tg/b.zip HTTP/1.1" 206 1835352 "-" "Mozilla/5.0 (Linux; Android) AppleWebKit/537.36 (KHTML, like Gecko) Chrome/34.0.1847.131 Safari/537.36" 
14.153.238.120 - - [16/Nov/2017:00:46:05 -0800] "GET /tg/b.zip HTTP/1.1" 206 131413 "-" "Mozilla/5.0 (Linux; Android) AppleWebKit/537.36 (KHTML, like Gecko) Chrome/34.0.1847.131 Safari/537.36" 
182.138.175.26 - - [16/Nov/2017:00:45:51 -0800] "GET /tg/b.zip HTTP/1.1" 206 315360 "http://www.secrepo.com/tg" "Mozilla/4.0 (compatible; MSIE 7.0; Windows NT 6.2; WOW64; Trident/7.0; .NET4.0C; .NET4.0E; .NET CLR 2.0.50727; .NET CLR 3.0.30729; .NET CLR 3.5.30729; Shuame)" 
14.153.238.120 - - [16/Nov/2017:00:46:07 -0800] "GET /tg/b.zip HTTP/1.1" 206 196949 "-" "Mozilla/5.0 (Linux; Android) AppleWebKit/537.36 (KHTML, like Gecko) Chrome/34.0.1847.131 Safari/537.36" 
112.83.170.197 - - [16/Nov/2017:00:46:05 -0800] "GET /tg/b.zip HTTP/1.1" 206 3342680 "-" "Mozilla/5.0 (Linux; Android) AppleWebKit/537.36 (KHTML, like Gecko) Chrome/34.0.1847.131 Safari/537.36" 
182.138.175.26 - - [16/Nov/2017:00:45:53 -0800] "GET /tg/b.zip HTTP/1.1" 206 421920 "http://www.secrepo.com/tg" "Mozilla/4.0 (compatible; MSIE 7.0; Windows NT 6.2; WOW64; Trident/7.0; .NET4.0C; .NET4.0E; .NET CLR 2.0.50727; .NET CLR 3.0.30729; .NET CLR 3.5.30729; Shuame)" 
182.138.175.26 - - [16/Nov/2017:00:46:03 -0800] "GET /tg/b.zip HTTP/1.1" 206 4660321 "http://www.secrepo.com/tg" "Mozilla/4.0 (compatible; MSIE 7.0; Windows NT 6.2; WOW64; Trident/7.0; .NET4.0C; .NET4.0E; .NET CLR 2.0.50727; .NET CLR 3.0.30729; .NET CLR 3.5.30729; Shuame)" 
182.138.175.26 - - [16/Nov/2017:00:46:07 -0800] "GET /tg/b.zip HTTP/1.1" 206 185760 "http://www.secrepo.com/tg" "Mozilla/4.0 (compatible; MSIE 7.0; Windows NT 6.2; WOW64; Trident/7.0; .NET4.0C; .NET4.0E; .NET CLR 2.0.50727; .NET CLR 3.0.30729; .NET CLR 3.5.30729; Shuame)" 
182.138.175.26 - - [16/Nov/2017:00:46:05 -0800] "GET /tg/b.zip HTTP/1.1" 206 1397227 "http://www.secrepo.com/tg" "Mozilla/4.0 (compatible; MSIE 7.0; Windows NT 6.2; WOW64; Trident/7.0; .NET4.0C; .NET4.0E; .NET CLR 2.0.50727; .NET CLR 3.0.30729; .NET CLR 3.5.30729; Shuame)" 
182.138.175.26 - - [16/Nov/2017:00:46:09 -0800] "GET /tg/b.zip HTTP/1.1" 206 1284677 "http://www.secrepo.com/tg" "Mozilla/4.0 (compatible; MSIE 7.0; Windows NT 6.2; WOW64; Trident/7.0; .NET4.0C; .NET4.0E; .NET CLR 2.0.50727; .NET CLR 3.0.30729; .NET CLR 3.5.30729; Shuame)" 
112.83.170.197 - - [16/Nov/2017:00:46:09 -0800] "GET /tg/b.zip HTTP/1.1" 206 1048920 "-" "Mozilla/5.0 (Linux; Android) AppleWebKit/537.36 (KHTML, like Gecko) Chrome/34.0.1847.131 Safari/537.36" 
182.138.175.26 - - [16/Nov/2017:00:46:08 -0800] "GET /tg/b.zip HTTP/1.1" 206 187200 "http://www.secrepo.com/tg" "Mozilla/4.0 (compatible; MSIE 7.0; Windows NT 6.2; WOW64; Trident/7.0; .NET4.0C; .NET4.0E; .NET CLR 2.0.50727; .NET CLR 3.0.30729; .NET CLR 3.5.30729; Shuame)" 
182.138.175.26 - - [16/Nov/2017:00:46:09 -0800] "GET /tg/b.zip HTTP/1.1" 206 77760 "http://www.secrepo.com/tg" "Mozilla/4.0 (compatible; MSIE 7.0; Windows NT 6.2; WOW64; Trident/7.0; .NET4.0C; .NET4.0E; .NET CLR 2.0.50727; .NET CLR 3.0.30729; .NET CLR 3.5.30729; Shuame)" 
112.83.170.197 - - [16/Nov/2017:00:46:10 -0800] "GET /tg/b.zip HTTP/1.1" 206 950615 "-" "Mozilla/5.0 (Linux; Android) AppleWebKit/537.36 (KHTML, like Gecko) Chrome/34.0.1847.131 Safari/537.36" 
182.138.175.26 - - [16/Nov/2017:00:46:10 -0800] "GET /tg/b.zip HTTP/1.1" 206 39604 "http://www.secrepo.com/tg" "Mozilla/4.0 (compatible; MSIE 7.0; Windows NT 6.2; WOW64; Trident/7.0; .NET4.0C; .NET4.0E; .NET CLR 2.0.50727; .NET CLR 3.0.30729; .NET CLR 3.5.30729; Shuame)" 
182.138.175.26 - - [16/Nov/2017:00:46:09 -0800] "GET /tg/b.zip HTTP/1.1" 206 192960 "http://www.secrepo.com/tg" "Mozilla/4.0 (compatible; MSIE 7.0; Windows NT 6.2; WOW64; Trident/7.0; .NET4.0C; .NET4.0E; .NET CLR 2.0.50727; .NET CLR 3.0.30729; .NET CLR 3.5.30729; Shuame)" 
182.138.175.26 - - [16/Nov/2017:00:46:10 -0800] "GET /tg/b.zip HTTP/1.1" 206 39605 "http://www.secrepo.com/tg" "Mozilla/4.0 (compatible; MSIE 7.0; Windows NT 6.2; WOW64; Trident/7.0; .NET4.0C; .NET4.0E; .NET CLR 2.0.50727; .NET CLR 3.0.30729; .NET CLR 3.5.30729; Shuame)" 
182.138.175.26 - - [16/Nov/2017:00:46:10 -0800] "GET /tg/b.zip HTTP/1.1" 206 54709 "http://www.secrepo.com/tg" "Mozilla/4.0 (compatible; MSIE 7.0; Windows NT 6.2; WOW64; Trident/7.0; .NET4.0C; .NET4.0E; .NET CLR 2.0.50727; .NET CLR 3.0.30729; .NET CLR 3.5.30729; Shuame)" 
112.83.170.197 - - [16/Nov/2017:00:46:10 -0800] "GET /tg/b.zip HTTP/1.1" 206 950615 "-" "Mozilla/5.0 (Linux; Android) AppleWebKit/537.36 (KHTML, like Gecko) Chrome/34.0.1847.131 Safari/537.36" 
182.138.175.26 - - [16/Nov/2017:00:46:10 -0800] "GET /tg/b.zip HTTP/1.1" 206 185760 "http://www.secrepo.com/tg" "Mozilla/4.0 (compatible; MSIE 7.0; Windows NT 6.2; WOW64; Trident/7.0; .NET4.0C; .NET4.0E; .NET CLR 2.0.50727; .NET CLR 3.0.30729; .NET CLR 3.5.30729; Shuame)" 
182.138.175.26 - - [16/Nov/2017:00:46:11 -0800] "GET /tg/b.zip HTTP/1.1" 206 46199 "http://www.secrepo.com/tg" "Mozilla/4.0 (compatible; MSIE 7.0; Windows NT 6.2; WOW64; Trident/7.0; .NET4.0C; .NET4.0E; .NET CLR 2.0.50727; .NET CLR 3.0.30729; .NET CLR 3.5.30729; Shuame)" 
112.83.170.197 - - [16/Nov/2017:00:46:11 -0800] "GET /tg/b.zip HTTP/1.1" 206 1409368 "-" "Mozilla/5.0 (Linux; Android) AppleWebKit/537.36 (KHTML, like Gecko) Chrome/34.0.1847.131 Safari/537.36" 
182.138.175.26 - - [16/Nov/2017:00:46:00 -0800] "GET /tg/b.zip HTTP/1.1" 206 597600 "http://www.secrepo.com/tg" "Mozilla/4.0 (compatible; MSIE 7.0; Windows NT 6.2; WOW64; Trident/7.0; .NET4.0C; .NET4.0E; .NET CLR 2.0.50727; .NET CLR 3.0.30729; .NET CLR 3.5.30729; Shuame)" 
112.83.170.197 - - [16/Nov/2017:00:46:11 -0800] "GET /tg/b.zip HTTP/1.1" 206 1108848 "-" "Mozilla/5.0 (Linux; Android) AppleWebKit/537.36 (KHTML, like Gecko) Chrome/34.0.1847.131 Safari/537.36" 
112.83.170.197 - - [16/Nov/2017:00:46:12 -0800] "GET /tg/b.zip HTTP/1.1" 206 385367 "-" "Mozilla/5.0 (Linux; Android) AppleWebKit/537.36 (KHTML, like Gecko) Chrome/34.0.1847.131 Safari/537.36" 
36.49.64.195 - - [16/Nov/2017:00:46:15 -0800] "GET /tg/b.zip HTTP/1.1" 206 65875 "-" "Mozilla/5.0 (Linux; Android) AppleWebKit/537.36 (KHTML, like Gecko) Chrome/34.0.1847.131 Safari/537.36" 
36.49.64.195 - - [16/Nov/2017:00:46:16 -0800] "GET /tg/b.zip HTTP/1.1" 206 65874 "-" "Mozilla/5.0 (Linux; Android) AppleWebKit/537.36 (KHTML, like Gecko) Chrome/34.0.1847.131 Safari/537.36" 
180.124.79.208 - - [16/Nov/2017:00:46:14 -0800] "GET /tg/b.zip HTTP/1.1" 206 58080 "-" "Mozilla/5.0 (Linux; Android) AppleWebKit/537.36 (KHTML, like Gecko) Chrome/34.0.1847.131 Safari/537.36" 
36.49.64.195 - - [16/Nov/2017:00:46:18 -0800] "GET /tg/b.zip HTTP/1.1" 206 65874 "-" "Mozilla/5.0 (Linux; Android) AppleWebKit/537.36 (KHTML, like Gecko) Chrome/34.0.1847.131 Safari/537.36" 
120.193.58.117 - - [16/Nov/2017:00:46:18 -0800] "GET /tg/b.zip HTTP/1.1" 206 65875 "-" "Mozilla/5.0 (Linux; Android) AppleWebKit/537.36 (KHTML, like Gecko) Chrome/34.0.1847.131 Safari/537.36" 
36.49.64.195 - - [16/Nov/2017:00:46:18 -0800] "GET /tg/b.zip HTTP/1.1" 206 131411 "-" "Mozilla/5.0 (Linux; Android) AppleWebKit/537.36 (KHTML, like Gecko) Chrome/34.0.1847.131 Safari/537.36" 
120.193.58.117 - - [16/Nov/2017:00:46:19 -0800] "GET /tg/b.zip HTTP/1.1" 206 65874 "-" "Mozilla/5.0 (Linux; Android) AppleWebKit/537.36 (KHTML, like Gecko) Chrome/34.0.1847.131 Safari/537.36" 
36.49.64.195 - - [16/Nov/2017:00:46:20 -0800] "GET /tg/b.zip HTTP/1.1" 206 131411 "-" "Mozilla/5.0 (Linux; Android) AppleWebKit/537.36 (KHTML, like Gecko) Chrome/34.0.1847.131 Safari/537.36" 
120.193.58.117 - - [16/Nov/2017:00:46:20 -0800] "GET /tg/b.zip HTTP/1.1" 206 131411 "-" "Mozilla/5.0 (Linux; Android) AppleWebKit/537.36 (KHTML, like Gecko) Chrome/34.0.1847.131 Safari/537.36" 
120.193.58.117 - - [16/Nov/2017:00:46:21 -0800] "GET /tg/b.zip HTTP/1.1" 206 131411 "-" "Mozilla/5.0 (Linux; Android) AppleWebKit/537.36 (KHTML, like Gecko) Chrome/34.0.1847.131 Safari/537.36" 
182.138.175.26 - - [16/Nov/2017:00:46:17 -0800] "GET /tg/a.zip HTTP/1.1" 206 16501952 "http://www.secrepo.com/tg" "Mozilla/4.0 (compatible; MSIE 7.0; Windows NT 6.2; WOW64; Trident/7.0; .NET4.0C; .NET4.0E; .NET CLR 2.0.50727; .NET CLR 3.0.30729; .NET CLR 3.5.30729; Shuame)" 
182.138.175.26 - - [16/Nov/2017:00:46:27 -0800] "GET /tg/a.zip HTTP/1.1" 206 77760 "http://www.secrepo.com/tg" "Mozilla/4.0 (compatible; MSIE 7.0; Windows NT 6.2; WOW64; Trident/7.0; .NET4.0C; .NET4.0E; .NET CLR 2.0.50727; .NET CLR 3.0.30729; .NET CLR 3.5.30729; Shuame)" 
182.138.175.26 - - [16/Nov/2017:00:46:18 -0800] "GET /tg/a.zip HTTP/1.1" 206 318240 "http://www.secrepo.com/tg" "Mozilla/4.0 (compatible; MSIE 7.0; Windows NT 6.2; WOW64; Trident/7.0; .NET4.0C; .NET4.0E; .NET CLR 2.0.50727; .NET CLR 3.0.30729; .NET CLR 3.5.30729; Shuame)" 
182.138.175.26 - - [16/Nov/2017:00:46:13 -0800] "GET /tg/a.zip HTTP/1.1" 200 365760 "http://www.secrepo.com/tg" "Mozilla/4.0 (compatible; MSIE 7.0; Windows NT 6.2; WOW64; Trident/7.0; .NET4.0C; .NET4.0E; .NET CLR 2.0.50727; .NET CLR 3.0.30729; .NET CLR 3.5.30729; Shuame)" 
182.138.175.26 - - [16/Nov/2017:00:46:29 -0800] "GET /tg/a.zip HTTP/1.1" 206 122400 "http://www.secrepo.com/tg" "Mozilla/4.0 (compatible; MSIE 7.0; Windows NT 6.2; WOW64; Trident/7.0; .NET4.0C; .NET4.0E; .NET CLR 2.0.50727; .NET CLR 3.0.30729; .NET CLR 3.5.30729; Shuame)" 
182.138.175.26 - - [16/Nov/2017:00:46:29 -0800] "GET /tg/a.zip HTTP/1.1" 206 172800 "http://www.secrepo.com/tg" "Mozilla/4.0 (compatible; MSIE 7.0; Windows NT 6.2; WOW64; Trident/7.0; .NET4.0C; .NET4.0E; .NET CLR 2.0.50727; .NET CLR 3.0.30729; .NET CLR 3.5.30729; Shuame)" 
182.138.175.26 - - [16/Nov/2017:00:46:31 -0800] "GET /tg/a.zip HTTP/1.1" 206 1444320 "http://www.secrepo.com/tg" "Mozilla/4.0 (compatible; MSIE 7.0; Windows NT 6.2; WOW64; Trident/7.0; .NET4.0C; .NET4.0E; .NET CLR 2.0.50727; .NET CLR 3.0.30729; .NET CLR 3.5.30729; Shuame)" 
182.138.175.26 - - [16/Nov/2017:00:46:17 -0800] "GET /tg/a.zip HTTP/1.1" 206 599040 "http://www.secrepo.com/tg" "Mozilla/4.0 (compatible; MSIE 7.0; Windows NT 6.2; WOW64; Trident/7.0; .NET4.0C; .NET4.0E; .NET CLR 2.0.50727; .NET CLR 3.0.30729; .NET CLR 3.5.30729; Shuame)" 
182.138.175.26 - - [16/Nov/2017:00:46:27 -0800] "GET /tg/a.zip HTTP/1.1" 206 450720 "http://www.secrepo.com/tg" "Mozilla/4.0 (compatible; MSIE 7.0; Windows NT 6.2; WOW64; Trident/7.0; .NET4.0C; .NET4.0E; .NET CLR 2.0.50727; .NET CLR 3.0.30729; .NET CLR 3.5.30729; Shuame)" 
182.138.175.26 - - [16/Nov/2017:00:46:34 -0800] "GET /tg/a.zip HTTP/1.1" 206 187200 "http://www.secrepo.com/tg" "Mozilla/4.0 (compatible; MSIE 7.0; Windows NT 6.2; WOW64; Trident/7.0; .NET4.0C; .NET4.0E; .NET CLR 2.0.50727; .NET CLR 3.0.30729; .NET CLR 3.5.30729; Shuame)" 
182.138.175.26 - - [16/Nov/2017:00:46:17 -0800] "GET /tg/a.zip HTTP/1.1" 206 16871040 "http://www.secrepo.com/tg" "Mozilla/4.0 (compatible; MSIE 7.0; Windows NT 6.2; WOW64; Trident/7.0; .NET4.0C; .NET4.0E; .NET CLR 2.0.50727; .NET CLR 3.0.30729; .NET CLR 3.5.30729; Shuame)" 
120.193.58.117 - - [16/Nov/2017:00:46:36 -0800] "GET /tg/b.zip HTTP/1.1" 206 65875 "-" "Mozilla/5.0 (Linux; Android) AppleWebKit/537.36 (KHTML, like Gecko) Chrome/34.0.1847.131 Safari/537.36" 
182.138.175.26 - - [16/Nov/2017:00:46:34 -0800] "GET /tg/a.zip HTTP/1.1" 206 761760 "http://www.secrepo.com/tg" "Mozilla/4.0 (compatible; MSIE 7.0; Windows NT 6.2; WOW64; Trident/7.0; .NET4.0C; .NET4.0E; .NET CLR 2.0.50727; .NET CLR 3.0.30729; .NET CLR 3.5.30729; Shuame)" 
120.193.58.117 - - [16/Nov/2017:00:46:37 -0800] "GET /tg/b.zip HTTP/1.1" 206 65874 "-" "Mozilla/5.0 (Linux; Android) AppleWebKit/537.36 (KHTML, like Gecko) Chrome/34.0.1847.131 Safari/537.36" 
182.138.175.26 - - [16/Nov/2017:00:46:36 -0800] "GET /tg/a.zip HTTP/1.1" 206 120960 "http://www.secrepo.com/tg" "Mozilla/4.0 (compatible; MSIE 7.0; Windows NT 6.2; WOW64; Trident/7.0; .NET4.0C; .NET4.0E; .NET CLR 2.0.50727; .NET CLR 3.0.30729; .NET CLR 3.5.30729; Shuame)" 
120.193.58.117 - - [16/Nov/2017:00:46:38 -0800] "GET /tg/b.zip HTTP/1.1" 206 131412 "-" "Mozilla/5.0 (Linux; Android) AppleWebKit/537.36 (KHTML, like Gecko) Chrome/34.0.1847.131 Safari/537.36" 
182.138.175.26 - - [16/Nov/2017:00:46:38 -0800] "GET /tg/a.zip HTTP/1.1" 206 112109 "http://www.secrepo.com/tg" "Mozilla/4.0 (compatible; MSIE 7.0; Windows NT 6.2; WOW64; Trident/7.0; .NET4.0C; .NET4.0E; .NET CLR 2.0.50727; .NET CLR 3.0.30729; .NET CLR 3.5.30729; Shuame)" 
120.193.58.117 - - [16/Nov/2017:00:46:39 -0800] "GET /tg/b.zip HTTP/1.1" 206 131413 "-" "Mozilla/5.0 (Linux; Android) AppleWebKit/537.36 (KHTML, like Gecko) Chrome/34.0.1847.131 Safari/537.36" 
182.138.175.26 - - [16/Nov/2017:00:46:36 -0800] "GET /tg/a.zip HTTP/1.1" 206 2677815 "http://www.secrepo.com/tg" "Mozilla/4.0 (compatible; MSIE 7.0; Windows NT 6.2; WOW64; Trident/7.0; .NET4.0C; .NET4.0E; .NET CLR 2.0.50727; .NET CLR 3.0.30729; .NET CLR 3.5.30729; Shuame)" 
182.138.175.26 - - [16/Nov/2017:00:46:37 -0800] "GET /tg/a.zip HTTP/1.1" 206 165600 "http://www.secrepo.com/tg" "Mozilla/4.0 (compatible; MSIE 7.0; Windows NT 6.2; WOW64; Trident/7.0; .NET4.0C; .NET4.0E; .NET CLR 2.0.50727; .NET CLR 3.0.30729; .NET CLR 3.5.30729; Shuame)" 
182.138.175.26 - - [16/Nov/2017:00:46:36 -0800] "GET /tg/a.zip HTTP/1.1" 206 247680 "http://www.secrepo.com/tg" "Mozilla/4.0 (compatible; MSIE 7.0; Windows NT 6.2; WOW64; Trident/7.0; .NET4.0C; .NET4.0E; .NET CLR 2.0.50727; .NET CLR 3.0.30729; .NET CLR 3.5.30729; Shuame)" 
182.138.175.26 - - [16/Nov/2017:00:46:40 -0800] "GET /tg/a.zip HTTP/1.1" 206 188640 "http://www.secrepo.com/tg" "Mozilla/4.0 (compatible; MSIE 7.0; Windows NT 6.2; WOW64; Trident/7.0; .NET4.0C; .NET4.0E; .NET CLR 2.0.50727; .NET CLR 3.0.30729; .NET CLR 3.5.30729; Shuame)" 
182.138.175.26 - - [16/Nov/2017:00:46:41 -0800] "GET /tg/a.zip HTTP/1.1" 206 33111 "http://www.secrepo.com/tg" "Mozilla/4.0 (compatible; MSIE 7.0; Windows NT 6.2; WOW64; Trident/7.0; .NET4.0C; .NET4.0E; .NET CLR 2.0.50727; .NET CLR 3.0.30729; .NET CLR 3.5.30729; Shuame)" 
182.138.175.26 - - [16/Nov/2017:00:46:30 -0800] "GET /tg/a.zip HTTP/1.1" 206 318240 "http://www.secrepo.com/tg" "Mozilla/4.0 (compatible; MSIE 7.0; Windows NT 6.2; WOW64; Trident/7.0; .NET4.0C; .NET4.0E; .NET CLR 2.0.50727; .NET CLR 3.0.30729; .NET CLR 3.5.30729; Shuame)" 
182.138.175.26 - - [16/Nov/2017:00:46:41 -0800] "GET /tg/a.zip HTTP/1.1" 206 33111 "http://www.secrepo.com/tg" "Mozilla/4.0 (compatible; MSIE 7.0; Windows NT 6.2; WOW64; Trident/7.0; .NET4.0C; .NET4.0E; .NET CLR 2.0.50727; .NET CLR 3.0.30729; .NET CLR 3.5.30729; Shuame)" 
182.138.175.26 - - [16/Nov/2017:00:46:40 -0800] "GET /tg/a.zip HTTP/1.1" 206 77760 "http://www.secrepo.com/tg" "Mozilla/4.0 (compatible; MSIE 7.0; Windows NT 6.2; WOW64; Trident/7.0; .NET4.0C; .NET4.0E; .NET CLR 2.0.50727; .NET CLR 3.0.30729; .NET CLR 3.5.30729; Shuame)" 
182.138.175.26 - - [16/Nov/2017:00:46:39 -0800] "GET /tg/a.zip HTTP/1.1" 206 77760 "http://www.secrepo.com/tg" "Mozilla/4.0 (compatible; MSIE 7.0; Windows NT 6.2; WOW64; Trident/7.0; .NET4.0C; .NET4.0E; .NET CLR 2.0.50727; .NET CLR 3.0.30729; .NET CLR 3.5.30729; Shuame)" 
36.49.64.195 - - [16/Nov/2017:00:46:41 -0800] "GET /tg/b.zip HTTP/1.1" 206 65876 "-" "Mozilla/5.0 (Linux; Android) AppleWebKit/537.36 (KHTML, like Gecko) Chrome/34.0.1847.131 Safari/537.36" 
216.244.66.198 - - [16/Nov/2017:00:46:46 -0800] "GET /robots.txt HTTP/1.1" 200 233 "-" "Mozilla/5.0 (compatible; DotBot/1.1; http://www.opensiteexplorer.org/dotbot, help@moz.com)" 
120.193.58.117 - - [16/Nov/2017:00:46:55 -0800] "GET /tg/b.zip HTTP/1.1" 206 65877 "-" "Mozilla/5.0 (Linux; Android) AppleWebKit/537.36 (KHTML, like Gecko) Chrome/34.0.1847.131 Safari/537.36" 
120.193.58.117 - - [16/Nov/2017:00:46:56 -0800] "GET /tg/b.zip HTTP/1.1" 206 65876 "-" "Mozilla/5.0 (Linux; Android) AppleWebKit/537.36 (KHTML, like Gecko) Chrome/34.0.1847.131 Safari/537.36" 
120.193.58.117 - - [16/Nov/2017:00:46:57 -0800] "GET /tg/b.zip HTTP/1.1" 206 131413 "-" "Mozilla/5.0 (Linux; Android) AppleWebKit/537.36 (KHTML, like Gecko) Chrome/34.0.1847.131 Safari/537.36" 
120.193.58.117 - - [16/Nov/2017:00:46:58 -0800] "GET /tg/b.zip HTTP/1.1" 206 131413 "-" "Mozilla/5.0 (Linux; Android) AppleWebKit/537.36 (KHTML, like Gecko) Chrome/34.0.1847.131 Safari/537.36" 
36.49.64.195 - - [16/Nov/2017:00:47:03 -0800] "GET /tg/b.zip HTTP/1.1" 206 65877 "-" "Mozilla/5.0 (Linux; Android) AppleWebKit/537.36 (KHTML, like Gecko) Chrome/34.0.1847.131 Safari/537.36" 
36.49.64.195 - - [16/Nov/2017:00:47:05 -0800] "GET /tg/b.zip HTTP/1.1" 206 65876 "-" "Mozilla/5.0 (Linux; Android) AppleWebKit/537.36 (KHTML, like Gecko) Chrome/34.0.1847.131 Safari/537.36" 
220.181.132.181 - - [16/Nov/2017:00:47:11 -0800] "GET / HTTP/1.1" 200 11061 "http://www.secrepo.com/" "Mozilla/5.0 (Windows NT 6.1) AppleWebKit/537.36 (KHTML, like Gecko) Chrome/36.0.1985.125 Safari/537.36" 
182.138.175.26 - - [16/Nov/2017:00:45:35 -0800] "GET /tg/c.zip HTTP/1.1" 206 4553280 "http://www.secrepo.com/tg" "Mozilla/4.0 (compatible; MSIE 7.0; Windows NT 6.2; WOW64; Trident/7.0; .NET4.0C; .NET4.0E; .NET CLR 2.0.50727; .NET CLR 3.0.30729; .NET CLR 3.5.30729; Shuame)" 
120.193.58.117 - - [16/Nov/2017:00:47:14 -0800] "GET /tg/b.zip HTTP/1.1" 206 65877 "-" "Mozilla/5.0 (Linux; Android) AppleWebKit/537.36 (KHTML, like Gecko) Chrome/34.0.1847.131 Safari/537.36" 
120.193.58.117 - - [16/Nov/2017:00:47:15 -0800] "GET /tg/b.zip HTTP/1.1" 206 65876 "-" "Mozilla/5.0 (Linux; Android) AppleWebKit/537.36 (KHTML, like Gecko) Chrome/34.0.1847.131 Safari/537.36" 
120.193.58.117 - - [16/Nov/2017:00:47:17 -0800] "GET /tg/b.zip HTTP/1.1" 206 65876 "-" "Mozilla/5.0 (Linux; Android) AppleWebKit/537.36 (KHTML, like Gecko) Chrome/34.0.1847.131 Safari/537.36" 
120.193.58.117 - - [16/Nov/2017:00:47:18 -0800] "GET /tg/b.zip HTTP/1.1" 206 131413 "-" "Mozilla/5.0 (Linux; Android) AppleWebKit/537.36 (KHTML, like Gecko) Chrome/34.0.1847.131 Safari/537.36" 
120.193.58.117 - - [16/Nov/2017:00:47:19 -0800] "GET /tg/b.zip HTTP/1.1" 206 131413 "-" "Mozilla/5.0 (Linux; Android) AppleWebKit/537.36 (KHTML, like Gecko) Chrome/34.0.1847.131 Safari/537.36" 
36.49.64.195 - - [16/Nov/2017:00:47:21 -0800] "GET /tg/b.zip HTTP/1.1" 206 65877 "-" "Mozilla/5.0 (Linux; Android) AppleWebKit/537.36 (KHTML, like Gecko) Chrome/34.0.1847.131 Safari/537.36" 
36.49.64.195 - - [16/Nov/2017:00:47:23 -0800] "GET /tg/b.zip HTTP/1.1" 206 65876 "-" "Mozilla/5.0 (Linux; Android) AppleWebKit/537.36 (KHTML, like Gecko) Chrome/34.0.1847.131 Safari/537.36" 
111.1.50.47 - - [16/Nov/2017:00:47:26 -0800] "GET /tg/b.zip HTTP/1.1" 206 327 "-" "Mozilla/5.0 (Linux; Android) AppleWebKit/537.36 (KHTML, like Gecko) Chrome/34.0.1847.131 Safari/537.36" 
120.193.58.117 - - [16/Nov/2017:00:47:35 -0800] "GET /tg/b.zip HTTP/1.1" 206 65877 "-" "Mozilla/5.0 (Linux; Android) AppleWebKit/537.36 (KHTML, like Gecko) Chrome/34.0.1847.131 Safari/537.36" 
120.193.58.117 - - [16/Nov/2017:00:47:36 -0800] "GET /tg/b.zip HTTP/1.1" 206 65876 "-" "Mozilla/5.0 (Linux; Android) AppleWebKit/537.36 (KHTML, like Gecko) Chrome/34.0.1847.131 Safari/537.36" 
120.193.58.117 - - [16/Nov/2017:00:47:37 -0800] "GET /tg/b.zip HTTP/1.1" 206 131413 "-" "Mozilla/5.0 (Linux; Android) AppleWebKit/537.36 (KHTML, like Gecko) Chrome/34.0.1847.131 Safari/537.36" 
