118.189.43.14 - - [04/Oct/2017:02:48:04 -0700] "GET / HTTP/1.1" 200 10913 "-" "Mozilla/5.0 (Windows NT 10.0; Win64; x64) AppleWebKit/537.36 (KHTML, like Gecko) Chrome/61.0.3163.100 Safari/537.36" 
118.189.43.14 - - [04/Oct/2017:02:48:05 -0700] "GET /twitter-icon.png HTTP/1.1" 200 27787 "http://www.secrepo.com/" "Mozilla/5.0 (Windows NT 10.0; Win64; x64) AppleWebKit/537.36 (KHTML, like Gecko) Chrome/61.0.3163.100 Safari/537.36" 
118.189.43.14 - - [04/Oct/2017:02:48:05 -0700] "GET /GitHub-Mark.png HTTP/1.1" 200 7428 "http://www.secrepo.com/" "Mozilla/5.0 (Windows NT 10.0; Win64; x64) AppleWebKit/537.36 (KHTML, like Gecko) Chrome/61.0.3163.100 Safari/537.36" 
157.55.39.31 - - [04/Oct/2017:02:49:28 -0700] "GET /self.logs/error.log.2017-02-25.gz HTTP/1.1" 200 953 "-" "Mozilla/5.0 (compatible; bingbot/2.0; +http://www.bing.com/bingbot.htm)" 
217.182.132.156 - - [04/Oct/2017:03:01:04 -0700] "GET /self.logs/error.log.2017-08-08.gz HTTP/1.1" 200 745 "-" "Mozilla/5.0 (compatible; AhrefsBot/5.2; +http://ahrefs.com/robot/)" 
52.168.161.70 - - [04/Oct/2017:03:04:23 -0700] "HEAD / HTTP/1.1" 200 282 "https://www.google.com/" "Mozilla/5.0 (compatible; epicbot; +http://www.epictions.com/epicbot)" 
52.168.161.70 - - [04/Oct/2017:03:04:26 -0700] "HEAD / HTTP/1.1" 200 282 "https://www.google.com/" "Mozilla/5.0 (compatible; epicbot; +http://www.epictions.com/epicbot)" 
52.168.161.70 - - [04/Oct/2017:03:04:26 -0700] "HEAD / HTTP/1.1" 200 282 "https://www.google.com/" "Mozilla/5.0 (compatible; epicbot; +http://www.epictions.com/epicbot)" 
88.136.15.101 - - [04/Oct/2017:03:07:20 -0700] "GET /wp-login.php HTTP/1.1" 404 295 "-" "Mozilla/5.0 (Windows NT 6.1; WOW64; rv:40.0) Gecko/20100101 Firefox/40.1" 
88.136.15.101 - - [04/Oct/2017:03:07:25 -0700] "GET /wp-login.php HTTP/1.1" 404 295 "-" "Mozilla/5.0 (Windows NT 6.1; WOW64; rv:40.0) Gecko/20100101 Firefox/40.1" 
88.136.15.101 - - [04/Oct/2017:03:07:31 -0700] "GET / HTTP/1.1" 200 36860 "-" "Mozilla/5.0 (Windows NT 6.1; WOW64; rv:40.0) Gecko/20100101 Firefox/40.1" 
217.80.54.250 - - [04/Oct/2017:03:11:30 -0700] "GET / HTTP/1.1" 200 10913 "-" "Mozilla/5.0 (Windows NT 10.0; Win64; x64) AppleWebKit/537.36 (KHTML, like Gecko) Chrome/61.0.3163.100 Safari/537.36" 
217.80.54.250 - - [04/Oct/2017:03:11:31 -0700] "GET /twitter-icon.png HTTP/1.1" 200 27788 "http://www.secrepo.com/" "Mozilla/5.0 (Windows NT 10.0; Win64; x64) AppleWebKit/537.36 (KHTML, like Gecko) Chrome/61.0.3163.100 Safari/537.36" 
217.80.54.250 - - [04/Oct/2017:03:11:31 -0700] "GET /GitHub-Mark.png HTTP/1.1" 200 7428 "http://www.secrepo.com/" "Mozilla/5.0 (Windows NT 10.0; Win64; x64) AppleWebKit/537.36 (KHTML, like Gecko) Chrome/61.0.3163.100 Safari/537.36" 
217.80.54.250 - - [04/Oct/2017:03:11:32 -0700] "GET /bootstrap/img/favicon.ico HTTP/1.1" 200 589 "http://www.secrepo.com/" "Mozilla/5.0 (Windows NT 10.0; Win64; x64) AppleWebKit/537.36 (KHTML, like Gecko) Chrome/61.0.3163.100 Safari/537.36" 
88.240.32.42 - - [04/Oct/2017:03:12:17 -0700] "GET / HTTP/1.1" 200 10913 "-" "Mozilla/5.0 (X11; Ubuntu; Linux x86_64; rv:56.0) Gecko/20100101 Firefox/56.0" 
88.240.32.42 - - [04/Oct/2017:03:12:18 -0700] "GET /twitter-icon.png HTTP/1.1" 200 27787 "http://www.secrepo.com/" "Mozilla/5.0 (X11; Ubuntu; Linux x86_64; rv:56.0) Gecko/20100101 Firefox/56.0" 
88.240.32.42 - - [04/Oct/2017:03:12:18 -0700] "GET /GitHub-Mark.png HTTP/1.1" 200 7428 "http://www.secrepo.com/" "Mozilla/5.0 (X11; Ubuntu; Linux x86_64; rv:56.0) Gecko/20100101 Firefox/56.0" 
88.240.32.42 - - [04/Oct/2017:03:12:18 -0700] "GET /bootstrap/img/favicon.ico HTTP/1.1" 200 589 "-" "Mozilla/5.0 (X11; Ubuntu; Linux x86_64; rv:56.0) Gecko/20100101 Firefox/56.0" 
164.132.161.72 - - [04/Oct/2017:03:14:04 -0700] "GET /self.logs/2016/error.log.2016-09-14.gz HTTP/1.1" 200 733 "-" "Mozilla/5.0 (compatible; AhrefsBot/5.2; +http://ahrefs.com/robot/)" 
157.55.39.31 - - [04/Oct/2017:03:14:18 -0700] "GET /self.logs/error.log.2015-09-06.gz HTTP/1.1" 404 340 "-" "Mozilla/5.0 (compatible; bingbot/2.0; +http://www.bing.com/bingbot.htm)" 
51.255.71.114 - - [04/Oct/2017:03:17:07 -0700] "GET /self.logs/error.log.2017-03-08.gz HTTP/1.1" 200 1737 "-" "Mozilla/5.0 (compatible; AhrefsBot/5.2; +http://ahrefs.com/robot/)" 
217.182.132.177 - - [04/Oct/2017:03:21:12 -0700] "GET /self.logs/error.log.2017-01-26.gz HTTP/1.1" 200 1285 "-" "Mozilla/5.0 (compatible; AhrefsBot/5.2; +http://ahrefs.com/robot/)" 
88.237.83.30 - - [04/Oct/2017:03:22:45 -0700] "GET /wp-login.php HTTP/1.1" 404 295 "-" "Mozilla/5.0 (Windows NT 6.1; WOW64; rv:40.0) Gecko/20100101 Firefox/40.1" 
143.248.55.160 - - [04/Oct/2017:03:22:47 -0700] "GET / HTTP/1.1" 200 10913 "-" "Mozilla/5.0 (Windows NT 6.1; Win64; x64) AppleWebKit/537.36 (KHTML, like Gecko) Chrome/61.0.3163.100 Safari/537.36" 
143.248.55.160 - - [04/Oct/2017:03:22:48 -0700] "GET /twitter-icon.png HTTP/1.1" 200 27787 "http://www.secrepo.com/" "Mozilla/5.0 (Windows NT 6.1; Win64; x64) AppleWebKit/537.36 (KHTML, like Gecko) Chrome/61.0.3163.100 Safari/537.36" 
143.248.55.160 - - [04/Oct/2017:03:22:48 -0700] "GET /GitHub-Mark.png HTTP/1.1" 200 7428 "http://www.secrepo.com/" "Mozilla/5.0 (Windows NT 6.1; Win64; x64) AppleWebKit/537.36 (KHTML, like Gecko) Chrome/61.0.3163.100 Safari/537.36" 
88.237.83.30 - - [04/Oct/2017:03:22:51 -0700] "GET /wp-login.php HTTP/1.1" 404 295 "-" "Mozilla/5.0 (Windows NT 6.1; WOW64; rv:40.0) Gecko/20100101 Firefox/40.1" 
88.237.83.30 - - [04/Oct/2017:03:22:56 -0700] "GET / HTTP/1.1" 200 36860 "-" "Mozilla/5.0 (Windows NT 6.1; WOW64; rv:40.0) Gecko/20100101 Firefox/40.1" 
143.248.55.160 - - [04/Oct/2017:03:23:05 -0700] "GET /self.logs/ HTTP/1.1" 200 5845 "http://www.secrepo.com/" "Mozilla/5.0 (Windows NT 6.1; Win64; x64) AppleWebKit/537.36 (KHTML, like Gecko) Chrome/61.0.3163.100 Safari/537.36" 
143.248.55.160 - - [04/Oct/2017:03:24:09 -0700] "GET /self.logs/ HTTP/1.1" 200 5845 "http://www.secrepo.com/" "Mozilla/5.0 (Windows NT 6.1; Win64; x64) AppleWebKit/537.36 (KHTML, like Gecko) Chrome/61.0.3163.100 Safari/537.36" 
143.248.55.160 - - [04/Oct/2017:03:24:12 -0700] "GET /self.logs/2016/ HTTP/1.1" 200 7741 "http://www.secrepo.com/self.logs/" "Mozilla/5.0 (Windows NT 6.1; Win64; x64) AppleWebKit/537.36 (KHTML, like Gecko) Chrome/61.0.3163.100 Safari/537.36" 
143.248.55.160 - - [04/Oct/2017:03:24:16 -0700] "GET /self.logs/2016/access.log.2016-01-01.gz HTTP/1.1" 200 5505 "http://www.secrepo.com/self.logs/2016/" "Mozilla/5.0 (Windows NT 6.1; Win64; x64) AppleWebKit/537.36 (KHTML, like Gecko) Chrome/61.0.3163.100 Safari/537.36" 
88.207.40.143 - - [04/Oct/2017:03:24:22 -0700] "GET /wp-login.php HTTP/1.1" 301 522 "-" "Mozilla/5.0 (Windows NT 6.1; WOW64; rv:40.0) Gecko/20100101 Firefox/40.1" 
88.207.40.143 - - [04/Oct/2017:03:24:26 -0700] "GET /wp-login.php HTTP/1.1" 404 295 "-" "Mozilla/5.0 (Windows NT 6.1; WOW64; rv:40.0) Gecko/20100101 Firefox/40.1" 
88.207.40.143 - - [04/Oct/2017:03:24:32 -0700] "GET /wp-login.php HTTP/1.1" 301 522 "-" "Mozilla/5.0 (Windows NT 6.1; WOW64; rv:40.0) Gecko/20100101 Firefox/40.1" 
88.207.40.143 - - [04/Oct/2017:03:24:35 -0700] "GET /wp-login.php HTTP/1.1" 404 295 "-" "Mozilla/5.0 (Windows NT 6.1; WOW64; rv:40.0) Gecko/20100101 Firefox/40.1" 
88.207.40.143 - - [04/Oct/2017:03:24:41 -0700] "GET / HTTP/1.1" 301 498 "-" "Mozilla/5.0 (Windows NT 6.1; WOW64; rv:40.0) Gecko/20100101 Firefox/40.1" 
88.207.40.143 - - [04/Oct/2017:03:24:41 -0700] "GET / HTTP/1.1" 200 36860 "-" "Mozilla/5.0 (Windows NT 6.1; WOW64; rv:40.0) Gecko/20100101 Firefox/40.1" 
216.244.66.227 - - [04/Oct/2017:03:24:46 -0700] "GET /robots.txt HTTP/1.1" 200 233 "-" "Mozilla/5.0 (compatible; DotBot/1.1; http://www.opensiteexplorer.org/dotbot, help@moz.com)" 
217.182.132.76 - - [04/Oct/2017:03:24:56 -0700] "GET /self.logs/access.log.2017-05-13.gz HTTP/1.1" 200 14824 "-" "Mozilla/5.0 (compatible; AhrefsBot/5.2; +http://ahrefs.com/robot/)" 
120.221.0.34 - - [04/Oct/2017:03:27:18 -0700] "GET /honeypot/Honeypot%20-%20Howto.pdf HTTP/1.1" 304 131 "-" "Mozilla/5.0 Gecko/20100115 Firefox/3.6" 
81.150.176.129 - - [04/Oct/2017:03:28:52 -0700] "GET /wp-login.php HTTP/1.1" 404 295 "-" "Mozilla/5.0 (Windows NT 6.1; WOW64; rv:40.0) Gecko/20100101 Firefox/40.1" 
81.150.176.129 - - [04/Oct/2017:03:28:57 -0700] "GET /wp-login.php HTTP/1.1" 404 295 "-" "Mozilla/5.0 (Windows NT 6.1; WOW64; rv:40.0) Gecko/20100101 Firefox/40.1" 
81.150.176.129 - - [04/Oct/2017:03:29:02 -0700] "GET / HTTP/1.1" 200 36860 "-" "Mozilla/5.0 (Windows NT 6.1; WOW64; rv:40.0) Gecko/20100101 Firefox/40.1" 
88.136.15.101 - - [04/Oct/2017:03:29:49 -0700] "GET /wp-login.php HTTP/1.1" 301 522 "-" "Mozilla/5.0 (Windows NT 6.1; WOW64; rv:40.0) Gecko/20100101 Firefox/40.1" 
88.136.15.101 - - [04/Oct/2017:03:29:49 -0700] "GET /wp-login.php HTTP/1.1" 404 295 "-" "Mozilla/5.0 (Windows NT 6.1; WOW64; rv:40.0) Gecko/20100101 Firefox/40.1" 
85.159.169.78 - - [04/Oct/2017:03:29:52 -0700] "GET / HTTP/1.1" 200 10913 "-" "Mozilla/5.0 (X11; Ubuntu; Linux x86_64; rv:55.0) Gecko/20100101 Firefox/55.0" 
85.159.169.78 - - [04/Oct/2017:03:29:52 -0700] "GET /bootstrap/img/favicon.ico HTTP/1.1" 200 589 "-" "Mozilla/5.0 (X11; Ubuntu; Linux x86_64; rv:55.0) Gecko/20100101 Firefox/55.0" 
85.159.169.78 - - [04/Oct/2017:03:29:52 -0700] "GET /twitter-icon.png HTTP/1.1" 200 27787 "http://www.secrepo.com/" "Mozilla/5.0 (X11; Ubuntu; Linux x86_64; rv:55.0) Gecko/20100101 Firefox/55.0" 
85.159.169.78 - - [04/Oct/2017:03:29:53 -0700] "GET /GitHub-Mark.png HTTP/1.1" 200 7428 "http://www.secrepo.com/" "Mozilla/5.0 (X11; Ubuntu; Linux x86_64; rv:55.0) Gecko/20100101 Firefox/55.0" 
88.136.15.101 - - [04/Oct/2017:03:29:54 -0700] "GET /wp-login.php HTTP/1.1" 301 522 "-" "Mozilla/5.0 (Windows NT 6.1; WOW64; rv:40.0) Gecko/20100101 Firefox/40.1" 
88.136.15.101 - - [04/Oct/2017:03:29:55 -0700] "GET /wp-login.php HTTP/1.1" 404 295 "-" "Mozilla/5.0 (Windows NT 6.1; WOW64; rv:40.0) Gecko/20100101 Firefox/40.1" 
88.136.15.101 - - [04/Oct/2017:03:30:00 -0700] "GET / HTTP/1.1" 301 498 "-" "Mozilla/5.0 (Windows NT 6.1; WOW64; rv:40.0) Gecko/20100101 Firefox/40.1" 
88.136.15.101 - - [04/Oct/2017:03:30:00 -0700] "GET / HTTP/1.1" 200 36860 "-" "Mozilla/5.0 (Windows NT 6.1; WOW64; rv:40.0) Gecko/20100101 Firefox/40.1" 
157.55.39.31 - - [04/Oct/2017:03:35:05 -0700] "GET /self.logs/error.log.2017-05-24.gz HTTP/1.1" 200 1000 "-" "Mozilla/5.0 (compatible; bingbot/2.0; +http://www.bing.com/bingbot.htm)" 
143.248.55.160 - - [04/Oct/2017:03:35:12 -0700] "GET /self.logs/2016/ HTTP/1.1" 200 7741 "-" "Mozilla/5.0 (Windows NT 6.1; Win64; x64) AppleWebKit/537.36 (KHTML, like Gecko) Chrome/61.0.3163.100 Safari/537.36" 
41.242.21.2 - - [04/Oct/2017:03:37:02 -0700] "GET /wp-login.php HTTP/1.1" 301 522 "-" "Mozilla/5.0 (Windows NT 6.1; WOW64; rv:40.0) Gecko/20100101 Firefox/40.1" 
41.242.21.2 - - [04/Oct/2017:03:37:02 -0700] "GET /wp-login.php HTTP/1.1" 404 295 "-" "Mozilla/5.0 (Windows NT 6.1; WOW64; rv:40.0) Gecko/20100101 Firefox/40.1" 
41.242.21.2 - - [04/Oct/2017:03:37:07 -0700] "GET /wp-login.php HTTP/1.1" 301 522 "-" "Mozilla/5.0 (Windows NT 6.1; WOW64; rv:40.0) Gecko/20100101 Firefox/40.1" 
41.242.21.2 - - [04/Oct/2017:03:37:08 -0700] "GET /wp-login.php HTTP/1.1" 404 295 "-" "Mozilla/5.0 (Windows NT 6.1; WOW64; rv:40.0) Gecko/20100101 Firefox/40.1" 
41.242.21.2 - - [04/Oct/2017:03:37:13 -0700] "GET / HTTP/1.1" 301 498 "-" "Mozilla/5.0 (Windows NT 6.1; WOW64; rv:40.0) Gecko/20100101 Firefox/40.1" 
41.242.21.2 - - [04/Oct/2017:03:37:13 -0700] "GET / HTTP/1.1" 200 36860 "-" "Mozilla/5.0 (Windows NT 6.1; WOW64; rv:40.0) Gecko/20100101 Firefox/40.1" 
143.248.55.160 - - [04/Oct/2017:03:37:40 -0700] "GET /self.logs/2016/ HTTP/1.1" 200 7741 "-" "Mozilla/5.0 (X11; Linux x86_64) AppleWebKit/537.36 (KHTML, like Gecko) Chrome/60.0.3112.78 Safari/537.36" 
143.248.55.160 - - [04/Oct/2017:03:37:41 -0700] "GET /favicon.ico HTTP/1.1" 200 267 "http://www.secrepo.com/self.logs/2016/" "Mozilla/5.0 (X11; Linux x86_64) AppleWebKit/537.36 (KHTML, like Gecko) Chrome/60.0.3112.78 Safari/537.36" 
143.248.55.160 - - [04/Oct/2017:03:39:39 -0700] "GET /self.logs/2016/ HTTP/1.1" 200 7741 "-" "python-requests/2.10.0" 
143.248.55.160 - - [04/Oct/2017:03:39:51 -0700] "GET /self.logs/2016/ HTTP/1.1" 200 7741 "-" "python-requests/2.10.0" 
143.248.55.160 - - [04/Oct/2017:03:40:16 -0700] "GET /self.logs/ HTTP/1.1" 200 5845 "http://www.secrepo.com/" "Mozilla/5.0 (Windows NT 6.1; Win64; x64) AppleWebKit/537.36 (KHTML, like Gecko) Chrome/61.0.3163.100 Safari/537.36" 
143.248.55.160 - - [04/Oct/2017:03:40:31 -0700] "GET /self.logs/2016/ HTTP/1.1" 200 7741 "http://www.secrepo.com/self.logs/" "Mozilla/5.0 (Windows NT 6.1; Win64; x64) AppleWebKit/537.36 (KHTML, like Gecko) Chrome/61.0.3163.100 Safari/537.36" 
143.248.55.160 - - [04/Oct/2017:03:40:38 -0700] "GET /self.logs/2016/error.log.2016-01-01.gz HTTP/1.1" 200 576 "http://www.secrepo.com/self.logs/2016/" "Mozilla/5.0 (Windows NT 6.1; Win64; x64) AppleWebKit/537.36 (KHTML, like Gecko) Chrome/61.0.3163.100 Safari/537.36" 
143.248.55.160 - - [04/Oct/2017:03:40:45 -0700] "GET /self.logs/2016/access.log.2016-01-01.gz HTTP/1.1" 200 5505 "http://www.secrepo.com/self.logs/2016/" "Mozilla/5.0 (Windows NT 6.1; Win64; x64) AppleWebKit/537.36 (KHTML, like Gecko) Chrome/61.0.3163.100 Safari/537.36" 
143.248.55.160 - - [04/Oct/2017:03:43:53 -0700] "GET /self.logs/2016/ HTTP/1.1" 200 7741 "-" "python-requests/2.10.0" 
143.248.55.160 - - [04/Oct/2017:03:44:01 -0700] "GET /self.logs/2016/ HTTP/1.1" 200 7741 "-" "python-requests/2.10.0" 
216.244.66.227 - - [04/Oct/2017:03:44:09 -0700] "GET /self.logs/error.log.2017-05-03.gz HTTP/1.1" 200 1920 "-" "Mozilla/5.0 (compatible; DotBot/1.1; http://www.opensiteexplorer.org/dotbot, help@moz.com)" 
164.132.162.187 - - [04/Oct/2017:03:44:57 -0700] "GET /self.logs/error.log.2016-03-28.gz HTTP/1.1" 404 284 "-" "Mozilla/5.0 (compatible; AhrefsBot/5.2; +http://ahrefs.com/robot/)" 
143.248.55.160 - - [04/Oct/2017:03:46:18 -0700] "GET /self.logs/ HTTP/1.1" 200 5845 "http://www.secrepo.com/" "Mozilla/5.0 (Windows NT 6.1; Win64; x64) AppleWebKit/537.36 (KHTML, like Gecko) Chrome/61.0.3163.100 Safari/537.36" 
143.248.55.160 - - [04/Oct/2017:03:46:23 -0700] "GET /self.logs/2016/ HTTP/1.1" 200 7741 "http://www.secrepo.com/self.logs/" "Mozilla/5.0 (Windows NT 6.1; Win64; x64) AppleWebKit/537.36 (KHTML, like Gecko) Chrome/61.0.3163.100 Safari/537.36" 
143.248.55.160 - - [04/Oct/2017:03:47:18 -0700] "GET /self.logs/2016/ HTTP/1.1" 200 7741 "-" "python-requests/2.10.0" 
143.248.55.160 - - [04/Oct/2017:03:47:18 -0700] "GET /self.logs/2016/access.log.2016-01-01.gz HTTP/1.0" 200 5437 "-" "Python-urllib/1.17" 
143.248.55.160 - - [04/Oct/2017:03:47:19 -0700] "GET /self.logs/2016/access.log.2016-01-02.gz HTTP/1.0" 200 5877 "-" "Python-urllib/1.17" 
143.248.55.160 - - [04/Oct/2017:03:47:20 -0700] "GET /self.logs/2016/access.log.2016-01-03.gz HTTP/1.0" 200 5149 "-" "Python-urllib/1.17" 
143.248.55.160 - - [04/Oct/2017:03:47:21 -0700] "GET /self.logs/2016/access.log.2016-01-04.gz HTTP/1.0" 200 10195 "-" "Python-urllib/1.17" 
143.248.55.160 - - [04/Oct/2017:03:47:22 -0700] "GET /self.logs/2016/access.log.2016-01-05.gz HTTP/1.0" 200 6171 "-" "Python-urllib/1.17" 
143.248.55.160 - - [04/Oct/2017:03:47:23 -0700] "GET /self.logs/2016/access.log.2016-01-06.gz HTTP/1.0" 200 5426 "-" "Python-urllib/1.17" 
143.248.55.160 - - [04/Oct/2017:03:47:24 -0700] "GET /self.logs/2016/access.log.2016-01-07.gz HTTP/1.0" 200 7300 "-" "Python-urllib/1.17" 
143.248.55.160 - - [04/Oct/2017:03:47:32 -0700] "GET /self.logs/2016/ HTTP/1.1" 200 7741 "-" "python-requests/2.10.0" 
143.248.55.160 - - [04/Oct/2017:03:47:33 -0700] "GET /self.logs/2016/access.log.2016-01-01.gz HTTP/1.0" 200 5437 "-" "Python-urllib/1.17" 
143.248.55.160 - - [04/Oct/2017:03:47:33 -0700] "GET /self.logs/2016/access.log.2016-01-02.gz HTTP/1.0" 200 5877 "-" "Python-urllib/1.17" 
143.248.55.160 - - [04/Oct/2017:03:47:55 -0700] "GET /self.logs/2016/ HTTP/1.1" 200 7741 "-" "python-requests/2.10.0" 
143.248.55.160 - - [04/Oct/2017:03:47:56 -0700] "GET /self.logs/2016/access.log.2016-01-01.gz HTTP/1.0" 200 5437 "-" "Python-urllib/1.17" 
143.248.55.160 - - [04/Oct/2017:03:47:57 -0700] "GET /self.logs/2016/access.log.2016-01-02.gz HTTP/1.0" 200 5877 "-" "Python-urllib/1.17" 
143.248.55.160 - - [04/Oct/2017:03:47:57 -0700] "GET /self.logs/2016/access.log.2016-01-03.gz HTTP/1.0" 200 5149 "-" "Python-urllib/1.17" 
143.248.55.160 - - [04/Oct/2017:03:47:58 -0700] "GET /self.logs/2016/access.log.2016-01-04.gz HTTP/1.0" 200 10195 "-" "Python-urllib/1.17" 
216.244.66.227 - - [04/Oct/2017:03:49:40 -0700] "GET /self.logs/2015/access.log.2015-04-09.gz HTTP/1.1" 200 3507 "-" "Mozilla/5.0 (compatible; DotBot/1.1; http://www.opensiteexplorer.org/dotbot, help@moz.com)" 
118.211.14.11 - - [04/Oct/2017:03:52:24 -0700] "GET /wp-login.php HTTP/1.1" 404 295 "-" "Mozilla/5.0 (Windows NT 6.1; WOW64; rv:40.0) Gecko/20100101 Firefox/40.1" 
118.211.14.11 - - [04/Oct/2017:03:52:30 -0700] "GET /wp-login.php HTTP/1.1" 404 295 "-" "Mozilla/5.0 (Windows NT 6.1; WOW64; rv:40.0) Gecko/20100101 Firefox/40.1" 
118.211.14.11 - - [04/Oct/2017:03:52:35 -0700] "GET / HTTP/1.1" 200 36860 "-" "Mozilla/5.0 (Windows NT 6.1; WOW64; rv:40.0) Gecko/20100101 Firefox/40.1" 
46.101.150.49 - - [04/Oct/2017:03:58:23 -0700] "GET /robots.txt HTTP/1.1" 200 233 "www.secrepo.com/robots.txt" "Mozilla/5.0 (compatible; domain/1.0; +http://onion.gold" 
164.132.161.64 - - [04/Oct/2017:03:59:30 -0700] "GET /self.logs/2016/error.log.2016-02-12.gz HTTP/1.1" 200 795 "-" "Mozilla/5.0 (compatible; AhrefsBot/5.2; +http://ahrefs.com/robot/)" 
104.239.135.78 - - [04/Oct/2017:03:59:32 -0700] "GET /robots.txt HTTP/1.1" 301 446 "-" "Tornado-Async-Client" 
104.239.135.78 - - [04/Oct/2017:03:59:32 -0700] "GET /robots.txt HTTP/1.1" 304 130 "-" "Tornado-Async-Client" 
104.239.135.78 - - [04/Oct/2017:03:59:33 -0700] "GET /honeypot/BSidesDFW%20-%202014.ipynb HTTP/1.1" 301 484 "-" "Tornado-Async-Client" 
104.239.135.78 - - [04/Oct/2017:03:59:33 -0700] "GET /honeypot/BSidesDFW%20-%202014.ipynb HTTP/1.1" 200 930780 "-" "Tornado-Async-Client" 
143.248.55.160 - - [04/Oct/2017:03:59:19 -0700] "GET /squid/access.log.gz HTTP/1.1" 200 23177322 "http://www.secrepo.com/" "Mozilla/5.0 (Windows NT 6.1; Win64; x64) AppleWebKit/537.36 (KHTML, like Gecko) Chrome/61.0.3163.100 Safari/537.36" 
157.55.39.53 - - [04/Oct/2017:04:01:28 -0700] "GET /robots.txt HTTP/1.1" 200 334 "-" "Mozilla/5.0 (compatible; bingbot/2.0; +http://www.bing.com/bingbot.htm)" 
157.55.39.31 - - [04/Oct/2017:04:01:31 -0700] "GET /self.logs/access.log.2015-10-22.gz HTTP/1.1" 404 340 "-" "Mozilla/5.0 (compatible; bingbot/2.0; +http://www.bing.com/bingbot.htm)" 
51.255.71.128 - - [04/Oct/2017:04:01:46 -0700] "GET /self.logs/2015/access.log.2015-02-03.gz HTTP/1.1" 200 5660 "-" "Mozilla/5.0 (compatible; AhrefsBot/5.2; +http://ahrefs.com/robot/)" 
143.248.55.160 - - [04/Oct/2017:04:04:12 -0700] "GET /honeypot/honeypot.json.zip HTTP/1.1" 200 775260 "http://www.secrepo.com/" "Mozilla/5.0 (Windows NT 6.1; Win64; x64) AppleWebKit/537.36 (KHTML, like Gecko) Chrome/61.0.3163.100 Safari/537.36" 
143.248.55.160 - - [04/Oct/2017:04:04:20 -0700] "GET /Security-Data-Analysis/Lab_1/conn.log.zip HTTP/1.1" 200 1738548 "http://www.secrepo.com/" "Mozilla/5.0 (Windows NT 6.1; Win64; x64) AppleWebKit/537.36 (KHTML, like Gecko) Chrome/61.0.3163.100 Safari/537.36" 
52.27.2.86 - - [04/Oct/2017:04:06:19 -0700] "GET / HTTP/1.1" 200 36804 "-" "Mozilla/4.0 (compatible; MSIE 8.0; Windows NT 5.1; Trident/4.0)" 
120.221.1.28 - - [04/Oct/2017:04:10:28 -0700] "GET /maccdc2012/files.log.gz HTTP/1.1" 304 155 "-" "Mozilla/5.0 Gecko/20100115 Firefox/3.6" 
52.16.239.30 - - [04/Oct/2017:04:10:42 -0700] "GET /robots.txt HTTP/1.1" 301 502 "-" "Barkrowler/0.5.1 (experimenting / debugging - sorry for your logs ) www.exensa.com/crawl - admin@exensa.com -- based on BUBing" 
52.16.239.30 - - [04/Oct/2017:04:10:42 -0700] "GET /robots.txt HTTP/1.1" 200 334 "-" "Barkrowler/0.5.1 (experimenting / debugging - sorry for your logs ) www.exensa.com/crawl - admin@exensa.com -- based on BUBing" 
52.16.239.30 - - [04/Oct/2017:04:10:47 -0700] "GET / HTTP/1.1" 301 483 "-" "Barkrowler/0.5.1 (experimenting / debugging - sorry for your logs ) www.exensa.com/crawl - admin@exensa.com -- based on BUBing" 
216.244.66.227 - - [04/Oct/2017:04:12:04 -0700] "GET /robots.txt HTTP/1.1" 200 233 "-" "Mozilla/5.0 (compatible; DotBot/1.1; http://www.opensiteexplorer.org/dotbot, help@moz.com)" 
79.54.172.181 - - [04/Oct/2017:04:12:05 -0700] "GET /twitter-icon.png HTTP/1.1" 200 27788 "-" "Mozilla/5.0 (Macintosh; Intel Mac OS X 10_11_6) AppleWebKit/602.4.8 (KHTML, like Gecko) Version/10.0.3 Safari/602.4.8" 
79.54.172.181 - - [04/Oct/2017:04:12:05 -0700] "GET /GitHub-Mark.png HTTP/1.1" 200 7428 "-" "Mozilla/5.0 (Macintosh; Intel Mac OS X 10_11_6) AppleWebKit/602.4.8 (KHTML, like Gecko) Version/10.0.3 Safari/602.4.8" 
185.114.82.25 - - [04/Oct/2017:04:13:17 -0700] "GET /wp-login.php HTTP/1.1" 404 295 "-" "Mozilla/5.0 (Windows NT 6.1; WOW64; rv:40.0) Gecko/20100101 Firefox/40.1" 
185.114.82.25 - - [04/Oct/2017:04:13:22 -0700] "GET /wp-login.php HTTP/1.1" 404 295 "-" "Mozilla/5.0 (Windows NT 6.1; WOW64; rv:40.0) Gecko/20100101 Firefox/40.1" 
185.114.82.25 - - [04/Oct/2017:04:13:27 -0700] "GET / HTTP/1.1" 200 36860 "-" "Mozilla/5.0 (Windows NT 6.1; WOW64; rv:40.0) Gecko/20100101 Firefox/40.1" 
51.255.65.95 - - [04/Oct/2017:04:14:42 -0700] "GET /self.logs/2016/access.log.2016-08-22.gz HTTP/1.1" 200 8811 "-" "Mozilla/5.0 (compatible; AhrefsBot/5.2; +http://ahrefs.com/robot/)" 
86.0.218.248 - - [04/Oct/2017:04:17:23 -0700] "GET / HTTP/1.1" 200 10913 "-" "Mozilla/5.0 (Windows NT 10.0; Win64; x64) AppleWebKit/537.36 (KHTML, like Gecko) Chrome/61.0.3163.100 Safari/537.36" 
86.0.218.248 - - [04/Oct/2017:04:17:23 -0700] "GET /twitter-icon.png HTTP/1.1" 200 27787 "http://www.secrepo.com/" "Mozilla/5.0 (Windows NT 10.0; Win64; x64) AppleWebKit/537.36 (KHTML, like Gecko) Chrome/61.0.3163.100 Safari/537.36" 
86.0.218.248 - - [04/Oct/2017:04:17:24 -0700] "GET /GitHub-Mark.png HTTP/1.1" 200 7428 "http://www.secrepo.com/" "Mozilla/5.0 (Windows NT 10.0; Win64; x64) AppleWebKit/537.36 (KHTML, like Gecko) Chrome/61.0.3163.100 Safari/537.36" 
86.0.218.248 - - [04/Oct/2017:04:17:24 -0700] "GET /bootstrap/img/favicon.ico HTTP/1.1" 200 589 "http://www.secrepo.com/" "Mozilla/5.0 (Windows NT 10.0; Win64; x64) AppleWebKit/537.36 (KHTML, like Gecko) Chrome/61.0.3163.100 Safari/537.36" 
46.4.58.130 - - [04/Oct/2017:04:18:01 -0700] "GET /robots.txt HTTP/1.1" 301 518 "-" "Mozilla/5.0 (compatible; MJ12bot/v1.4.7; http://mj12bot.com/)" 
46.4.58.130 - - [04/Oct/2017:04:18:01 -0700] "GET /robots.txt HTTP/1.1" 200 289 "-" "Mozilla/5.0 (compatible; MJ12bot/v1.4.7; http://mj12bot.com/)" 
46.4.58.130 - - [04/Oct/2017:04:18:03 -0700] "GET /%C2%A0%C2%A0 HTTP/1.1" 301 450 "-" "Mozilla/5.0 (compatible; MJ12bot/v1.4.7; http://mj12bot.com/)" 
46.4.58.130 - - [04/Oct/2017:04:18:05 -0700] "GET /%C3%82%C2%A0%C3%82 HTTP/1.1" 404 239 "-" "Mozilla/5.0 (compatible; MJ12bot/v1.4.7; http://mj12bot.com/)" 
46.4.58.130 - - [04/Oct/2017:04:18:06 -0700] "GET /honeypot//%22http://amunhoney.sourceforge.net//%22 HTTP/1.1" 404 284 "-" "Mozilla/5.0 (compatible; MJ12bot/v1.4.7; http://mj12bot.com/)" 
46.4.58.130 - - [04/Oct/2017:04:18:08 -0700] "GET /honeypot//%22http://glastopf.org//%22 HTTP/1.1" 404 284 "-" "Mozilla/5.0 (compatible; MJ12bot/v1.4.7; http://mj12bot.com/)" 
46.4.58.130 - - [04/Oct/2017:04:18:09 -0700] "GET /honeypot//%22http://www.maxmind.com/%22 HTTP/1.1" 404 284 "-" "Mozilla/5.0 (compatible; MJ12bot/v1.4.7; http://mj12bot.com/)" 
46.4.58.130 - - [04/Oct/2017:04:18:11 -0700] "GET /honeypot//%22https://twitter.com/sooshie/%22 HTTP/1.1" 404 284 "-" "Mozilla/5.0 (compatible; MJ12bot/v1.4.7; http://mj12bot.com/)" 
46.4.58.130 - - [04/Oct/2017:04:18:12 -0700] "GET /honeypot//%22https://twitter.com/theroxyd/%22 HTTP/1.1" 404 284 "-" "Mozilla/5.0 (compatible; MJ12bot/v1.4.7; http://mj12bot.com/)" 
143.248.55.160 - - [04/Oct/2017:04:17:56 -0700] "GET /maccdc2012/conn.log.gz HTTP/1.1" 200 139821571 "-" "Mozilla/5.0 (Windows NT 6.1; Win64; x64) AppleWebKit/537.36 (KHTML, like Gecko) Chrome/61.0.3163.100 Safari/537.36" 
40.77.167.20 - - [04/Oct/2017:04:21:38 -0700] "GET /self.logs/access.log.2016-10-22.gz HTTP/1.1" 404 340 "-" "Mozilla/5.0 (compatible; bingbot/2.0; +http://www.bing.com/bingbot.htm)" 
143.248.55.160 - - [04/Oct/2017:04:21:35 -0700] "GET /Security-Data-Analysis/Lab_2/http.log.zip HTTP/1.1" 200 11437063 "-" "Mozilla/5.0 (Windows NT 6.1; Win64; x64) AppleWebKit/537.36 (KHTML, like Gecko) Chrome/61.0.3163.100 Safari/537.36" 
143.248.55.160 - - [04/Oct/2017:04:22:04 -0700] "GET /Security-Data-Analysis/Lab_1/conn.log.zip HTTP/1.1" 200 872768 "-" "Mozilla/5.0 (Windows NT 6.1; Win64; x64) AppleWebKit/537.36 (KHTML, like Gecko) Chrome/61.0.3163.100 Safari/537.36" 
143.248.55.160 - - [04/Oct/2017:04:21:56 -0700] "GET /Security-Data-Analysis/Lab_2/http.log.zip HTTP/1.1" 200 5640727 "-" "Mozilla/5.0 (Windows NT 6.1; Win64; x64) AppleWebKit/537.36 (KHTML, like Gecko) Chrome/61.0.3163.100 Safari/537.36" 
143.248.55.160 - - [04/Oct/2017:04:22:22 -0700] "GET / HTTP/1.1" 200 10913 "-" "Mozilla/5.0 (X11; Ubuntu; Linux x86_64; rv:54.0) Gecko/20100101 Firefox/54.0" 
143.248.55.160 - - [04/Oct/2017:04:22:23 -0700] "GET /twitter-icon.png HTTP/1.1" 304 165 "http://www.secrepo.com/" "Mozilla/5.0 (X11; Ubuntu; Linux x86_64; rv:54.0) Gecko/20100101 Firefox/54.0" 
143.248.55.160 - - [04/Oct/2017:04:22:23 -0700] "GET /GitHub-Mark.png HTTP/1.1" 304 165 "http://www.secrepo.com/" "Mozilla/5.0 (X11; Ubuntu; Linux x86_64; rv:54.0) Gecko/20100101 Firefox/54.0" 
143.248.55.160 - - [04/Oct/2017:04:22:23 -0700] "GET /bootstrap/img/favicon.ico HTTP/1.1" 304 165 "-" "Mozilla/5.0 (X11; Ubuntu; Linux x86_64; rv:54.0) Gecko/20100101 Firefox/54.0" 
143.248.55.160 - - [04/Oct/2017:04:23:09 -0700] "GET /Security-Data-Analysis/Lab_1/conn.log.zip HTTP/1.1" 200 549098528 "http://www.secrepo.com/" "Mozilla/5.0 (X11; Ubuntu; Linux x86_64; rv:54.0) Gecko/20100101 Firefox/54.0" 
143.248.55.160 - - [04/Oct/2017:04:27:43 -0700] "GET /auth.log/auth.log.gz HTTP/1.1" 200 554524 "http://www.secrepo.com/" "Mozilla/5.0 (Windows NT 6.1; Win64; x64) AppleWebKit/537.36 (KHTML, like Gecko) Chrome/61.0.3163.100 Safari/537.36" 
185.114.82.25 - - [04/Oct/2017:04:28:10 -0700] "GET /wp-login.php HTTP/1.1" 301 522 "-" "Mozilla/5.0 (Windows NT 6.1; WOW64; rv:40.0) Gecko/20100101 Firefox/40.1" 
185.114.82.25 - - [04/Oct/2017:04:28:11 -0700] "GET /wp-login.php HTTP/1.1" 404 295 "-" "Mozilla/5.0 (Windows NT 6.1; WOW64; rv:40.0) Gecko/20100101 Firefox/40.1" 
185.114.82.25 - - [04/Oct/2017:04:28:16 -0700] "GET /wp-login.php HTTP/1.1" 301 522 "-" "Mozilla/5.0 (Windows NT 6.1; WOW64; rv:40.0) Gecko/20100101 Firefox/40.1" 
185.114.82.25 - - [04/Oct/2017:04:28:16 -0700] "GET /wp-login.php HTTP/1.1" 404 295 "-" "Mozilla/5.0 (Windows NT 6.1; WOW64; rv:40.0) Gecko/20100101 Firefox/40.1" 
185.114.82.25 - - [04/Oct/2017:04:28:21 -0700] "GET / HTTP/1.1" 301 498 "-" "Mozilla/5.0 (Windows NT 6.1; WOW64; rv:40.0) Gecko/20100101 Firefox/40.1" 
185.114.82.25 - - [04/Oct/2017:04:28:22 -0700] "GET / HTTP/1.1" 200 36860 "-" "Mozilla/5.0 (Windows NT 6.1; WOW64; rv:40.0) Gecko/20100101 Firefox/40.1" 
103.205.152.154 - - [04/Oct/2017:04:31:23 -0700] "GET / HTTP/1.1" 200 10913 "https://www.google.co.in/" "Mozilla/5.0 (Windows NT 10.0; WOW64; rv:52.0) Gecko/20100101 Firefox/52.0; Firefox 52.4.0 - 111442-1701220098-1.34" 
103.205.152.154 - - [04/Oct/2017:04:31:25 -0700] "GET /GitHub-Mark.png HTTP/1.1" 200 7428 "http://www.secrepo.com/" "Mozilla/5.0 (Windows NT 10.0; WOW64; rv:52.0) Gecko/20100101 Firefox/52.0; Firefox 52.4.0 - 111442-1701220098-1.34" 
103.205.152.154 - - [04/Oct/2017:04:31:25 -0700] "GET /bootstrap/img/favicon.ico HTTP/1.1" 200 590 "-" "Mozilla/5.0 (Windows NT 10.0; WOW64; rv:52.0) Gecko/20100101 Firefox/52.0; Firefox 52.4.0 - 111442-1701220098-1.34" 
103.205.152.154 - - [04/Oct/2017:04:31:25 -0700] "GET /twitter-icon.png HTTP/1.1" 200 27788 "http://www.secrepo.com/" "Mozilla/5.0 (Windows NT 10.0; WOW64; rv:52.0) Gecko/20100101 Firefox/52.0; Firefox 52.4.0 - 111442-1701220098-1.34" 
216.244.66.227 - - [04/Oct/2017:04:32:10 -0700] "GET /self.logs/error.log.2017-05-24.gz HTTP/1.1" 200 897 "-" "Mozilla/5.0 (compatible; DotBot/1.1; http://www.opensiteexplorer.org/dotbot, help@moz.com)" 
118.211.14.11 - - [04/Oct/2017:04:32:52 -0700] "GET /wp-login.php HTTP/1.1" 301 522 "-" "Mozilla/5.0 (Windows NT 6.1; WOW64; rv:40.0) Gecko/20100101 Firefox/40.1" 
118.211.14.11 - - [04/Oct/2017:04:32:53 -0700] "GET /wp-login.php HTTP/1.1" 404 295 "-" "Mozilla/5.0 (Windows NT 6.1; WOW64; rv:40.0) Gecko/20100101 Firefox/40.1" 
118.211.14.11 - - [04/Oct/2017:04:32:58 -0700] "GET /wp-login.php HTTP/1.1" 301 522 "-" "Mozilla/5.0 (Windows NT 6.1; WOW64; rv:40.0) Gecko/20100101 Firefox/40.1" 
118.211.14.11 - - [04/Oct/2017:04:32:59 -0700] "GET /wp-login.php HTTP/1.1" 404 295 "-" "Mozilla/5.0 (Windows NT 6.1; WOW64; rv:40.0) Gecko/20100101 Firefox/40.1" 
118.211.14.11 - - [04/Oct/2017:04:33:04 -0700] "GET / HTTP/1.1" 301 498 "-" "Mozilla/5.0 (Windows NT 6.1; WOW64; rv:40.0) Gecko/20100101 Firefox/40.1" 
118.211.14.11 - - [04/Oct/2017:04:33:05 -0700] "GET / HTTP/1.1" 200 36860 "-" "Mozilla/5.0 (Windows NT 6.1; WOW64; rv:40.0) Gecko/20100101 Firefox/40.1" 
50.19.154.226 - - [04/Oct/2017:04:36:37 -0700] "GET / HTTP/1.1" 200 36804 "-" "Mozilla/5.0 (Windows NT 6.1) AppleWebKit/537.2 (KHTML, like Gecko) Chrome/22.0.1216.0 Safari/537.2" 
216.244.66.227 - - [04/Oct/2017:04:36:50 -0700] "GET /self.logs/2015/access.log.2015-10-30.gz HTTP/1.1" 200 7069 "-" "Mozilla/5.0 (compatible; DotBot/1.1; http://www.opensiteexplorer.org/dotbot, help@moz.com)" 
216.244.66.227 - - [04/Oct/2017:04:37:22 -0700] "GET /self.logs/2016/access.log.2016-11-17.gz HTTP/1.1" 200 15026 "-" "Mozilla/5.0 (compatible; DotBot/1.1; http://www.opensiteexplorer.org/dotbot, help@moz.com)" 
216.244.66.227 - - [04/Oct/2017:04:37:23 -0700] "GET /self.logs/2016/error.log.2016-12-19.gz HTTP/1.1" 200 582 "-" "Mozilla/5.0 (compatible; DotBot/1.1; http://www.opensiteexplorer.org/dotbot, help@moz.com)" 
157.55.39.31 - - [04/Oct/2017:04:37:40 -0700] "GET /data HTTP/1.1" 404 340 "-" "Mozilla/5.0 (iPhone; CPU iPhone OS 7_0 like Mac OS X) AppleWebKit/537.51.1 (KHTML, like Gecko) Version/7.0 Mobile/11A465 Safari/9537.53 (compatible; bingbot/2.0; +http://www.bing.com/bingbot.htm)" 
95.252.217.14 - - [04/Oct/2017:04:38:19 -0700] "GET /wp-login.php HTTP/1.1" 404 295 "-" "Mozilla/5.0 (Windows NT 6.1; WOW64; rv:40.0) Gecko/20100101 Firefox/40.1" 
95.252.217.14 - - [04/Oct/2017:04:38:24 -0700] "GET /wp-login.php HTTP/1.1" 404 295 "-" "Mozilla/5.0 (Windows NT 6.1; WOW64; rv:40.0) Gecko/20100101 Firefox/40.1" 
95.252.217.14 - - [04/Oct/2017:04:38:30 -0700] "GET / HTTP/1.1" 200 36860 "-" "Mozilla/5.0 (Windows NT 6.1; WOW64; rv:40.0) Gecko/20100101 Firefox/40.1" 
217.182.132.27 - - [04/Oct/2017:04:39:06 -0700] "GET /self.logs/2015/error.log.2015-04-16.gz HTTP/1.1" 200 2650 "-" "Mozilla/5.0 (compatible; AhrefsBot/5.2; +http://ahrefs.com/robot/)" 
211.103.88.105 - - [04/Oct/2017:04:39:51 -0700] "GET /maccdc2012/maccdc2012_full_alert.7z HTTP/1.1" 304 132 "-" "Mozilla/5.0 Gecko/20100115 Firefox/3.6" 
40.77.167.141 - - [04/Oct/2017:04:40:10 -0700] "GET /self.logs/error.log.2016-11-14.gz HTTP/1.1" 404 340 "-" "Mozilla/5.0 (compatible; bingbot/2.0; +http://www.bing.com/bingbot.htm)" 
40.77.167.20 - - [04/Oct/2017:04:41:32 -0700] "GET /self.logs/access.log.2016-02-23.gz HTTP/1.1" 404 340 "-" "Mozilla/5.0 (compatible; bingbot/2.0; +http://www.bing.com/bingbot.htm)" 
79.54.172.181 - - [04/Oct/2017:04:43:00 -0700] "GET /twitter-icon.png HTTP/1.1" 200 27788 "-" "Mozilla/5.0 (iPhone; CPU iPhone OS 10_3_2 like Mac OS X) AppleWebKit/603.2.4 (KHTML, like Gecko) Version/10.0 Mobile/14F89 Safari/602.1" 
79.54.172.181 - - [04/Oct/2017:04:43:00 -0700] "GET /GitHub-Mark.png HTTP/1.1" 200 7428 "-" "Mozilla/5.0 (iPhone; CPU iPhone OS 10_3_2 like Mac OS X) AppleWebKit/603.2.4 (KHTML, like Gecko) Version/10.0 Mobile/14F89 Safari/602.1" 
193.40.244.204 - - [04/Oct/2017:04:46:01 -0700] "GET / HTTP/1.1" 200 10913 "-" "Mozilla/5.0 (X11; Linux x86_64) AppleWebKit/537.36 (KHTML, like Gecko) Chrome/61.0.3163.100 Safari/537.36" 
193.40.244.204 - - [04/Oct/2017:04:46:02 -0700] "GET /twitter-icon.png HTTP/1.1" 200 27787 "http://www.secrepo.com/" "Mozilla/5.0 (X11; Linux x86_64) AppleWebKit/537.36 (KHTML, like Gecko) Chrome/61.0.3163.100 Safari/537.36" 
193.40.244.204 - - [04/Oct/2017:04:46:02 -0700] "GET /GitHub-Mark.png HTTP/1.1" 200 7428 "http://www.secrepo.com/" "Mozilla/5.0 (X11; Linux x86_64) AppleWebKit/537.36 (KHTML, like Gecko) Chrome/61.0.3163.100 Safari/537.36" 
193.40.244.204 - - [04/Oct/2017:04:46:02 -0700] "GET /bootstrap/img/favicon.ico HTTP/1.1" 200 589 "http://www.secrepo.com/" "Mozilla/5.0 (X11; Linux x86_64) AppleWebKit/537.36 (KHTML, like Gecko) Chrome/61.0.3163.100 Safari/537.36" 
151.70.51.36 - - [04/Oct/2017:04:47:51 -0700] "GET /wp-login.php HTTP/1.1" 404 295 "-" "Mozilla/5.0 (Windows NT 6.1; WOW64; rv:40.0) Gecko/20100101 Firefox/40.1" 
151.70.51.36 - - [04/Oct/2017:04:47:57 -0700] "GET /wp-login.php HTTP/1.1" 404 295 "-" "Mozilla/5.0 (Windows NT 6.1; WOW64; rv:40.0) Gecko/20100101 Firefox/40.1" 
151.70.51.36 - - [04/Oct/2017:04:48:02 -0700] "GET / HTTP/1.1" 200 36860 "-" "Mozilla/5.0 (Windows NT 6.1; WOW64; rv:40.0) Gecko/20100101 Firefox/40.1" 
64.102.249.9 - - [04/Oct/2017:04:49:07 -0700] "GET /bootstrap/img/favicon.ico HTTP/1.1" 200 590 "-" "Mozilla/5.0 (Macintosh; Intel Mac OS X 10.12; rv:55.0) Gecko/20100101 Firefox/55.0" 
123.125.67.163 - - [04/Oct/2017:04:49:37 -0700] "GET /robots.txt HTTP/1.1" 200 297 "-" "Mozilla/5.0 (Windows NT 10.0; WOW64) AppleWebKit/537.36 (KHTML, like Gecko) Chrome/45.0.2454.93 Safari/537.36" 
65.110.221.64 - - [04/Oct/2017:04:50:42 -0700] "GET /wp-login.php HTTP/1.1" 404 295 "-" "Mozilla/5.0 (Windows NT 6.1; WOW64; rv:40.0) Gecko/20100101 Firefox/40.1" 
65.110.221.64 - - [04/Oct/2017:04:50:47 -0700] "GET /wp-login.php HTTP/1.1" 404 295 "-" "Mozilla/5.0 (Windows NT 6.1; WOW64; rv:40.0) Gecko/20100101 Firefox/40.1" 
65.110.221.64 - - [04/Oct/2017:04:50:52 -0700] "GET / HTTP/1.1" 200 36860 "-" "Mozilla/5.0 (Windows NT 6.1; WOW64; rv:40.0) Gecko/20100101 Firefox/40.1" 
151.80.27.116 - - [04/Oct/2017:04:51:11 -0700] "GET /self.logs/2015/access.log.2015-12-10.gz HTTP/1.1" 200 6068 "-" "Mozilla/5.0 (compatible; AhrefsBot/5.2; +http://ahrefs.com/robot/)" 
65.110.221.64 - - [04/Oct/2017:04:51:15 -0700] "GET /wp-login.php HTTP/1.1" 301 522 "-" "Mozilla/5.0 (Windows NT 6.1; WOW64; rv:40.0) Gecko/20100101 Firefox/40.1" 
65.110.221.64 - - [04/Oct/2017:04:51:16 -0700] "GET /wp-login.php HTTP/1.1" 404 295 "-" "Mozilla/5.0 (Windows NT 6.1; WOW64; rv:40.0) Gecko/20100101 Firefox/40.1" 
65.110.221.64 - - [04/Oct/2017:04:51:21 -0700] "GET /wp-login.php HTTP/1.1" 301 522 "-" "Mozilla/5.0 (Windows NT 6.1; WOW64; rv:40.0) Gecko/20100101 Firefox/40.1" 
65.110.221.64 - - [04/Oct/2017:04:51:21 -0700] "GET /wp-login.php HTTP/1.1" 404 295 "-" "Mozilla/5.0 (Windows NT 6.1; WOW64; rv:40.0) Gecko/20100101 Firefox/40.1" 
65.110.221.64 - - [04/Oct/2017:04:51:26 -0700] "GET / HTTP/1.1" 301 498 "-" "Mozilla/5.0 (Windows NT 6.1; WOW64; rv:40.0) Gecko/20100101 Firefox/40.1" 
65.110.221.64 - - [04/Oct/2017:04:51:26 -0700] "GET / HTTP/1.1" 200 36860 "-" "Mozilla/5.0 (Windows NT 6.1; WOW64; rv:40.0) Gecko/20100101 Firefox/40.1" 
217.182.132.32 - - [04/Oct/2017:04:53:20 -0700] "GET /self.logs/2015/access.log.2015-07-12.gz HTTP/1.1" 200 4521 "-" "Mozilla/5.0 (compatible; AhrefsBot/5.2; +http://ahrefs.com/robot/)" 
123.125.67.225 - - [04/Oct/2017:04:53:49 -0700] "GET / HTTP/1.1" 200 10876 "-" "Mozilla/5.0 (Windows NT 10.0; WOW64) AppleWebKit/537.36 (KHTML, like Gecko) Chrome/45.0.2454.93 Safari/537.36" 
123.125.67.166 - - [04/Oct/2017:04:53:49 -0700] "GET / HTTP/1.1" 200 10876 "-" "Mozilla/5.0 (Windows NT 10.0; WOW64) AppleWebKit/537.36 (KHTML, like Gecko) Chrome/45.0.2454.93 Safari/537.36" 
217.182.132.173 - - [04/Oct/2017:04:54:44 -0700] "GET /self.logs/2016/error.log.2016-12-15.gz HTTP/1.1" 200 673 "-" "Mozilla/5.0 (compatible; AhrefsBot/5.2; +http://ahrefs.com/robot/)" 
167.114.219.41 - - [04/Oct/2017:04:56:57 -0700] "GET /robots.txt HTTP/1.1" 200 334 "-" "Mozilla/5.0 (compatible; SiteExplorer/1.1b; +http://siteexplorer.info/Backlink-Checker-Spider/)" 
157.55.39.31 - - [04/Oct/2017:04:57:43 -0700] "GET /self.logs/error.log.2016-10-31.gz HTTP/1.1" 404 340 "-" "Mozilla/5.0 (compatible; bingbot/2.0; +http://www.bing.com/bingbot.htm)" 
66.249.66.197 - - [04/Oct/2017:05:01:34 -0700] "GET / HTTP/1.1" 301 483 "-" "Mozilla/5.0 (Linux; Android 6.0.1; Nexus 5X Build/MMB29P) AppleWebKit/537.36 (KHTML, like Gecko) Chrome/41.0.2272.96 Mobile Safari/537.36 (compatible; Googlebot/2.1; +http://www.google.com/bot.html)" 
66.249.66.83 - - [04/Oct/2017:05:01:34 -0700] "GET / HTTP/1.1" 200 10913 "-" "Mozilla/5.0 (Linux; Android 6.0.1; Nexus 5X Build/MMB29P) AppleWebKit/537.36 (KHTML, like Gecko) Chrome/41.0.2272.96 Mobile Safari/537.36 (compatible; Googlebot/2.1; +http://www.google.com/bot.html)" 
217.182.132.64 - - [04/Oct/2017:05:04:28 -0700] "GET /self.logs/2015/error.log.2015-04-25.gz HTTP/1.1" 200 937 "-" "Mozilla/5.0 (compatible; AhrefsBot/5.2; +http://ahrefs.com/robot/)" 
40.77.167.20 - - [04/Oct/2017:05:04:47 -0700] "GET /self.logs/access.log.2017-03-08.gz HTTP/1.1" 200 18042 "-" "Mozilla/5.0 (compatible; bingbot/2.0; +http://www.bing.com/bingbot.htm)" 
217.182.132.179 - - [04/Oct/2017:05:06:10 -0700] "GET /self.logs/2016/access.log.2016-01-26.gz HTTP/1.1" 200 5527 "-" "Mozilla/5.0 (compatible; AhrefsBot/5.2; +http://ahrefs.com/robot/)" 
68.37.163.31 - - [04/Oct/2017:05:06:34 -0700] "GET /wp-login.php HTTP/1.1" 404 295 "-" "Mozilla/5.0 (Windows NT 6.1; WOW64; rv:40.0) Gecko/20100101 Firefox/40.1" 
68.37.163.31 - - [04/Oct/2017:05:06:39 -0700] "GET /wp-login.php HTTP/1.1" 404 295 "-" "Mozilla/5.0 (Windows NT 6.1; WOW64; rv:40.0) Gecko/20100101 Firefox/40.1" 
66.249.66.198 - - [04/Oct/2017:05:06:42 -0700] "GET / HTTP/1.1" 301 483 "-" "Mozilla/5.0 (compatible; Googlebot/2.1; +http://www.google.com/bot.html)" 
66.249.66.82 - - [04/Oct/2017:05:06:43 -0700] "GET / HTTP/1.1" 200 10913 "-" "Mozilla/5.0 (compatible; Googlebot/2.1; +http://www.google.com/bot.html)" 
68.37.163.31 - - [04/Oct/2017:05:06:44 -0700] "GET / HTTP/1.1" 200 36860 "-" "Mozilla/5.0 (Windows NT 6.1; WOW64; rv:40.0) Gecko/20100101 Firefox/40.1" 
216.244.66.227 - - [04/Oct/2017:05:07:10 -0700] "GET /robots.txt HTTP/1.1" 200 233 "-" "Mozilla/5.0 (compatible; DotBot/1.1; http://www.opensiteexplorer.org/dotbot, help@moz.com)" 
217.182.132.18 - - [04/Oct/2017:05:10:20 -0700] "GET /self.logs/2015/access.log.2015-09-07.gz HTTP/1.1" 200 4030 "-" "Mozilla/5.0 (compatible; AhrefsBot/5.2; +http://ahrefs.com/robot/)" 
131.218.128.72 - - [04/Oct/2017:05:10:24 -0700] "GET / HTTP/1.1" 304 189 "-" "Mozilla/5.0 (X11; Linux x86_64; rv:52.0) Gecko/20100101 Firefox/52.0" 
222.14.245.73 - - [04/Oct/2017:05:10:42 -0700] "GET /bootstrap/img/favicon.ico HTTP/1.1" 200 590 "-" "Mozilla/5.0 (Windows NT 10.0; Win64; x64; rv:55.0) Gecko/20100101 Firefox/55.0" 
131.218.128.72 - - [04/Oct/2017:05:11:20 -0700] "GET /twitter-icon.png HTTP/1.1" 304 166 "http://www.secrepo.com/" "Mozilla/5.0 (X11; Linux x86_64; rv:52.0) Gecko/20100101 Firefox/52.0" 
131.218.128.72 - - [04/Oct/2017:05:11:20 -0700] "GET /GitHub-Mark.png HTTP/1.1" 304 166 "http://www.secrepo.com/" "Mozilla/5.0 (X11; Linux x86_64; rv:52.0) Gecko/20100101 Firefox/52.0" 
131.218.128.72 - - [04/Oct/2017:05:12:10 -0700] "GET /bootstrap/img/favicon.ico HTTP/1.1" 304 165 "-" "Mozilla/5.0 (X11; Linux x86_64; rv:52.0) Gecko/20100101 Firefox/52.0" 
104.162.10.85 - - [04/Oct/2017:05:15:25 -0700] "GET /wp-login.php HTTP/1.1" 404 295 "-" "Mozilla/5.0 (Windows NT 6.1; WOW64; rv:40.0) Gecko/20100101 Firefox/40.1" 
104.162.10.85 - - [04/Oct/2017:05:15:30 -0700] "GET /wp-login.php HTTP/1.1" 404 295 "-" "Mozilla/5.0 (Windows NT 6.1; WOW64; rv:40.0) Gecko/20100101 Firefox/40.1" 
104.162.10.85 - - [04/Oct/2017:05:15:35 -0700] "GET / HTTP/1.1" 200 36860 "-" "Mozilla/5.0 (Windows NT 6.1; WOW64; rv:40.0) Gecko/20100101 Firefox/40.1" 
217.182.132.20 - - [04/Oct/2017:05:16:35 -0700] "GET /self.logs/2016/access.log.2016-12-08.gz HTTP/1.1" 200 10682 "-" "Mozilla/5.0 (compatible; AhrefsBot/5.2; +http://ahrefs.com/robot/)" 
216.244.66.227 - - [04/Oct/2017:05:19:03 -0700] "GET /self.logs/access.log.2017-04-30.gz HTTP/1.1" 200 11814 "-" "Mozilla/5.0 (compatible; DotBot/1.1; http://www.opensiteexplorer.org/dotbot, help@moz.com)" 
216.244.66.227 - - [04/Oct/2017:05:19:34 -0700] "GET /self.logs/access.log.2017-07-18.gz HTTP/1.1" 200 20278 "-" "Mozilla/5.0 (compatible; DotBot/1.1; http://www.opensiteexplorer.org/dotbot, help@moz.com)" 
216.244.66.227 - - [04/Oct/2017:05:19:36 -0700] "GET /self.logs/error.log.2017-01-19.gz HTTP/1.1" 200 772 "-" "Mozilla/5.0 (compatible; DotBot/1.1; http://www.opensiteexplorer.org/dotbot, help@moz.com)" 
216.244.66.227 - - [04/Oct/2017:05:19:38 -0700] "GET /self.logs/error.log.2017-02-02.gz HTTP/1.1" 200 791 "-" "Mozilla/5.0 (compatible; DotBot/1.1; http://www.opensiteexplorer.org/dotbot, help@moz.com)" 
216.244.66.227 - - [04/Oct/2017:05:19:39 -0700] "GET /self.logs/error.log.2017-06-22.gz HTTP/1.1" 200 1458 "-" "Mozilla/5.0 (compatible; DotBot/1.1; http://www.opensiteexplorer.org/dotbot, help@moz.com)" 
216.244.66.250 - - [04/Oct/2017:05:28:03 -0700] "GET /robots.txt HTTP/1.1" 200 233 "-" "Mozilla/5.0 (compatible; DotBot/1.1; http://www.opensiteexplorer.org/dotbot, help@moz.com)" 
104.162.10.85 - - [04/Oct/2017:05:28:40 -0700] "GET /wp-login.php HTTP/1.1" 301 522 "-" "Mozilla/5.0 (Windows NT 6.1; WOW64; rv:40.0) Gecko/20100101 Firefox/40.1" 
104.162.10.85 - - [04/Oct/2017:05:28:41 -0700] "GET /wp-login.php HTTP/1.1" 404 295 "-" "Mozilla/5.0 (Windows NT 6.1; WOW64; rv:40.0) Gecko/20100101 Firefox/40.1" 
104.162.10.85 - - [04/Oct/2017:05:28:46 -0700] "GET /wp-login.php HTTP/1.1" 301 522 "-" "Mozilla/5.0 (Windows NT 6.1; WOW64; rv:40.0) Gecko/20100101 Firefox/40.1" 
104.162.10.85 - - [04/Oct/2017:05:28:46 -0700] "GET /wp-login.php HTTP/1.1" 404 295 "-" "Mozilla/5.0 (Windows NT 6.1; WOW64; rv:40.0) Gecko/20100101 Firefox/40.1" 
104.162.10.85 - - [04/Oct/2017:05:28:51 -0700] "GET / HTTP/1.1" 301 498 "-" "Mozilla/5.0 (Windows NT 6.1; WOW64; rv:40.0) Gecko/20100101 Firefox/40.1" 
104.162.10.85 - - [04/Oct/2017:05:28:51 -0700] "GET / HTTP/1.1" 200 36860 "-" "Mozilla/5.0 (Windows NT 6.1; WOW64; rv:40.0) Gecko/20100101 Firefox/40.1" 
217.182.132.25 - - [04/Oct/2017:05:29:38 -0700] "GET /self.logs/2015/error.log.2015-11-15.gz HTTP/1.1" 200 564 "-" "Mozilla/5.0 (compatible; AhrefsBot/5.2; +http://ahrefs.com/robot/)" 
222.14.245.73 - - [04/Oct/2017:05:30:46 -0700] "GET / HTTP/1.1" 200 10913 "https://www.google.co.jp/" "Mozilla/5.0 (Windows NT 10.0; Win64; x64; rv:55.0) Gecko/20100101 Firefox/55.0" 
222.14.245.73 - - [04/Oct/2017:05:30:47 -0700] "GET /twitter-icon.png HTTP/1.1" 200 27787 "http://www.secrepo.com/" "Mozilla/5.0 (Windows NT 10.0; Win64; x64; rv:55.0) Gecko/20100101 Firefox/55.0" 
222.14.245.73 - - [04/Oct/2017:05:30:47 -0700] "GET /GitHub-Mark.png HTTP/1.1" 200 7428 "http://www.secrepo.com/" "Mozilla/5.0 (Windows NT 10.0; Win64; x64; rv:55.0) Gecko/20100101 Firefox/55.0" 
138.190.132.7 - - [04/Oct/2017:05:31:52 -0700] "GET / HTTP/1.1" 200 10913 "-" "Mozilla/5.0 (Windows NT 10.0; Win64; x64) AppleWebKit/537.36 (KHTML, like Gecko) Chrome/46.0.2486.0 Safari/537.36 Edge/13.10586" 
138.190.132.7 - - [04/Oct/2017:05:31:52 -0700] "GET /GitHub-Mark.png HTTP/1.1" 200 7428 "http://www.secrepo.com/" "Mozilla/5.0 (Windows NT 10.0; Win64; x64) AppleWebKit/537.36 (KHTML, like Gecko) Chrome/46.0.2486.0 Safari/537.36 Edge/13.10586" 
138.190.132.7 - - [04/Oct/2017:05:31:52 -0700] "GET /twitter-icon.png HTTP/1.1" 200 27788 "http://www.secrepo.com/" "Mozilla/5.0 (Windows NT 10.0; Win64; x64) AppleWebKit/537.36 (KHTML, like Gecko) Chrome/46.0.2486.0 Safari/537.36 Edge/13.10586" 
138.190.132.7 - - [04/Oct/2017:05:31:52 -0700] "GET /bootstrap/img/favicon.ico HTTP/1.1" 200 590 "-" "Mozilla/5.0 (Windows NT 10.0; Win64; x64) AppleWebKit/537.36 (KHTML, like Gecko) Chrome/46.0.2486.0 Safari/537.36 Edge/13.10586" 
40.77.167.123 - - [04/Oct/2017:05:32:43 -0700] "GET /self.logs/error.log.2016-08-11.gz HTTP/1.1" 404 340 "-" "Mozilla/5.0 (compatible; bingbot/2.0; +http://www.bing.com/bingbot.htm)" 
113.23.28.149 - - [04/Oct/2017:05:32:56 -0700] "GET / HTTP/1.1" 200 10913 "-" "Mozilla/5.0 (Windows NT 10.0; WOW64) AppleWebKit/537.36 (KHTML, like Gecko) coc_coc_browser/66.4.120 Chrome/60.4.3112.120 Safari/537.36" 
113.23.28.149 - - [04/Oct/2017:05:32:57 -0700] "GET /GitHub-Mark.png HTTP/1.1" 200 7428 "http://www.secrepo.com/" "Mozilla/5.0 (Windows NT 10.0; WOW64) AppleWebKit/537.36 (KHTML, like Gecko) coc_coc_browser/66.4.120 Chrome/60.4.3112.120 Safari/537.36" 
113.23.28.149 - - [04/Oct/2017:05:32:57 -0700] "GET /twitter-icon.png HTTP/1.1" 200 27787 "http://www.secrepo.com/" "Mozilla/5.0 (Windows NT 10.0; WOW64) AppleWebKit/537.36 (KHTML, like Gecko) coc_coc_browser/66.4.120 Chrome/60.4.3112.120 Safari/537.36" 
113.23.28.149 - - [04/Oct/2017:05:32:59 -0700] "GET /bootstrap/img/favicon.ico HTTP/1.1" 200 589 "http://www.secrepo.com/" "Mozilla/5.0 (Windows NT 10.0; WOW64) AppleWebKit/537.36 (KHTML, like Gecko) coc_coc_browser/66.4.120 Chrome/60.4.3112.120 Safari/537.36" 
138.190.132.7 - - [04/Oct/2017:05:34:46 -0700] "GET /honeypot/Honeypot%20-%20Howto.pdf HTTP/1.1" 200 1279418 "http://www.secrepo.com/" "Mozilla/5.0 (Windows NT 10.0; Win64; x64) AppleWebKit/537.36 (KHTML, like Gecko) Chrome/46.0.2486.0 Safari/537.36 Edge/13.10586" 
138.190.132.7 - - [04/Oct/2017:05:34:51 -0700] "GET /favicon.ico HTTP/1.1" 200 268 "-" "Mozilla/5.0 (Windows NT 10.0; Win64; x64) AppleWebKit/537.36 (KHTML, like Gecko) Chrome/46.0.2486.0 Safari/537.36 Edge/13.10586" 
138.190.132.7 - - [04/Oct/2017:05:34:51 -0700] "GET /honeypot/Honeypot%20-%20Howto.pdf HTTP/1.1" 200 1279418 "-" "Mozilla/5.0 (Windows NT 10.0; Win64; x64) AppleWebKit/537.36 (KHTML, like Gecko) Chrome/46.0.2486.0 Safari/537.36 Edge/13.10586" 
164.132.161.31 - - [04/Oct/2017:05:39:14 -0700] "GET /self.logs/2015/access.log.2015-09-03.gz HTTP/1.1" 200 4893 "-" "Mozilla/5.0 (compatible; AhrefsBot/5.2; +http://ahrefs.com/robot/)" 
64.102.249.9 - - [04/Oct/2017:05:53:24 -0700] "GET / HTTP/1.1" 200 10913 "https://www.google.com/" "Mozilla/5.0 (Macintosh; Intel Mac OS X 10_12_6) AppleWebKit/537.36 (KHTML, like Gecko) Chrome/61.0.3163.100 Safari/537.36" 
66.249.83.6 - - [04/Oct/2017:05:53:24 -0700] "GET / HTTP/1.1" 301 483 "-" "Mozilla/5.0 (X11; Linux x86_64) AppleWebKit/537.36 (KHTML, like Gecko) Chrome/49.0.2623.75 Safari/537.36 Google Favicon" 
66.249.83.82 - - [04/Oct/2017:05:53:24 -0700] "GET / HTTP/1.1" 200 10913 "-" "Mozilla/5.0 (X11; Linux x86_64) AppleWebKit/537.36 (KHTML, like Gecko) Chrome/49.0.2623.75 Safari/537.36 Google Favicon" 
66.249.83.83 - - [04/Oct/2017:05:53:24 -0700] "GET /bootstrap/img/favicon.ico HTTP/1.1" 200 590 "-" "Mozilla/5.0 (X11; Linux x86_64) AppleWebKit/537.36 (KHTML, like Gecko) Chrome/49.0.2623.75 Safari/537.36 Google Favicon" 
64.102.249.9 - - [04/Oct/2017:05:53:24 -0700] "GET /twitter-icon.png HTTP/1.1" 200 27787 "http://www.secrepo.com/" "Mozilla/5.0 (Macintosh; Intel Mac OS X 10_12_6) AppleWebKit/537.36 (KHTML, like Gecko) Chrome/61.0.3163.100 Safari/537.36" 
64.102.249.9 - - [04/Oct/2017:05:53:24 -0700] "GET /GitHub-Mark.png HTTP/1.1" 200 7428 "http://www.secrepo.com/" "Mozilla/5.0 (Macintosh; Intel Mac OS X 10_12_6) AppleWebKit/537.36 (KHTML, like Gecko) Chrome/61.0.3163.100 Safari/537.36" 
64.102.249.9 - - [04/Oct/2017:05:53:25 -0700] "GET /bootstrap/img/favicon.ico HTTP/1.1" 304 164 "http://www.secrepo.com/" "Mozilla/5.0 (Macintosh; Intel Mac OS X 10_12_6) AppleWebKit/537.36 (KHTML, like Gecko) Chrome/61.0.3163.100 Safari/537.36" 
217.182.132.175 - - [04/Oct/2017:05:56:17 -0700] "GET /self.logs/2016/access.log.2016-10-26.gz HTTP/1.1" 200 10988 "-" "Mozilla/5.0 (compatible; AhrefsBot/5.2; +http://ahrefs.com/robot/)" 
51.255.65.4 - - [04/Oct/2017:05:57:44 -0700] "GET /self.logs/2015/access.log.2015-02-26.gz HTTP/1.1" 200 3543 "-" "Mozilla/5.0 (compatible; AhrefsBot/5.2; +http://ahrefs.com/robot/)" 
164.132.164.180 - - [04/Oct/2017:06:01:42 -0700] "GET /self.logs/2016/error.log.2016-12-27.gz HTTP/1.1" 200 1034 "-" "Mozilla/5.0 (compatible; AhrefsBot/5.2; +http://ahrefs.com/robot/)" 
217.182.132.19 - - [04/Oct/2017:06:03:18 -0700] "GET /self.logs/2016/error.log.2016-04-17.gz HTTP/1.1" 200 806 "-" "Mozilla/5.0 (compatible; AhrefsBot/5.2; +http://ahrefs.com/robot/)" 
40.77.167.141 - - [04/Oct/2017:06:04:19 -0700] "GET /self.logs/ HTTP/1.1" 200 5864 "-" "Mozilla/5.0 (iPhone; CPU iPhone OS 7_0 like Mac OS X) AppleWebKit/537.51.1 (KHTML, like Gecko) Version/7.0 Mobile/11A465 Safari/9537.53 (compatible; bingbot/2.0; +http://www.bing.com/bingbot.htm)" 
157.55.39.31 - - [04/Oct/2017:06:04:26 -0700] "GET /robots.txt HTTP/1.1" 200 334 "-" "Mozilla/5.0 (compatible; bingbot/2.0; +http://www.bing.com/bingbot.htm)" 
51.255.65.12 - - [04/Oct/2017:06:04:30 -0700] "GET /self.logs/2015/access.log.2015-07-28.gz HTTP/1.1" 200 3660 "-" "Mozilla/5.0 (compatible; AhrefsBot/5.2; +http://ahrefs.com/robot/)" 
164.132.161.92 - - [04/Oct/2017:06:04:52 -0700] "GET /self.logs/access.log.2016-01-23.gz HTTP/1.1" 404 284 "-" "Mozilla/5.0 (compatible; AhrefsBot/5.2; +http://ahrefs.com/robot/)" 
217.182.132.92 - - [04/Oct/2017:06:12:57 -0700] "GET /self.logs/2016/error.log.2016-06-11.gz HTTP/1.1" 200 797 "-" "Mozilla/5.0 (compatible; AhrefsBot/5.2; +http://ahrefs.com/robot/)" 
217.182.132.175 - - [04/Oct/2017:06:13:37 -0700] "GET /self.logs/2015/error.log.2015-10-12.gz HTTP/1.1" 200 1935 "-" "Mozilla/5.0 (compatible; AhrefsBot/5.2; +http://ahrefs.com/robot/)" 
164.132.161.50 - - [04/Oct/2017:06:15:39 -0700] "GET /self.logs/2015/access.log.2015-08-18.gz HTTP/1.1" 200 10575 "-" "Mozilla/5.0 (compatible; AhrefsBot/5.2; +http://ahrefs.com/robot/)" 
