94.206.93.210 - - [20/Sep/2017:02:15:28 -0700] "GET /maccdc2012/dhcp.log.gz HTTP/1.1" 200 45019 "http://www.secrepo.com/" "Mozilla/5.0 (Windows NT 6.1; WOW64) AppleWebKit/537.36 (KHTML, like Gecko) Chrome/57.9.2987.98 Safari/537.36" 
94.206.93.210 - - [20/Sep/2017:02:15:44 -0700] "GET /maccdc2012/ftp.log.gz HTTP/1.1" 200 128116 "http://www.secrepo.com/" "Mozilla/5.0 (Windows NT 6.1; WOW64) AppleWebKit/537.36 (KHTML, like Gecko) Chrome/57.9.2987.98 Safari/537.36" 
94.206.93.210 - - [20/Sep/2017:02:15:50 -0700] "GET /maccdc2012/ssh.log.gz HTTP/1.1" 200 182517 "http://www.secrepo.com/" "Mozilla/5.0 (Windows NT 6.1; WOW64) AppleWebKit/537.36 (KHTML, like Gecko) Chrome/57.9.2987.98 Safari/537.36" 
94.206.93.210 - - [20/Sep/2017:02:15:37 -0700] "GET /maccdc2012/dns.log.gz HTTP/1.1" 200 6629420 "http://www.secrepo.com/" "Mozilla/5.0 (Windows NT 6.1; WOW64) AppleWebKit/537.36 (KHTML, like Gecko) Chrome/57.9.2987.98 Safari/537.36" 
94.206.93.210 - - [20/Sep/2017:02:15:58 -0700] "GET /maccdc2012/ssl.log.gz HTTP/1.1" 200 1313675 "http://www.secrepo.com/" "Mozilla/5.0 (Windows NT 6.1; WOW64) AppleWebKit/537.36 (KHTML, like Gecko) Chrome/57.9.2987.98 Safari/537.36" 
51.255.65.79 - - [20/Sep/2017:02:16:17 -0700] "GET /self.logs/access.log.2016-02-14.gz HTTP/1.1" 404 284 "-" "Mozilla/5.0 (compatible; AhrefsBot/5.2; +http://ahrefs.com/robot/)" 
94.206.93.210 - - [20/Sep/2017:02:16:15 -0700] "GET /maccdc2012/maccdc2012_fast_alert.7z HTTP/1.1" 200 9478149 "http://www.secrepo.com/" "Mozilla/5.0 (Windows NT 6.1; WOW64) AppleWebKit/537.36 (KHTML, like Gecko) Chrome/57.9.2987.98 Safari/537.36" 
107.170.96.6 - - [20/Sep/2017:02:16:33 -0700] "GET /tg/tg_snort_fast.7z HTTP/1.0" 200 1349040 "http://www.secrepo.com" "Mozilla/5.0 (Windows NT 6.1; WOW64; rv:33.0) Gecko/20100101 Firefox/33.0" 
94.206.93.210 - - [20/Sep/2017:02:16:33 -0700] "GET /tg/tg_snort_fast.7z HTTP/1.1" 200 4274092 "http://www.secrepo.com/" "Mozilla/5.0 (Windows NT 6.1; WOW64) AppleWebKit/537.36 (KHTML, like Gecko) Chrome/57.9.2987.98 Safari/537.36" 
94.206.93.210 - - [20/Sep/2017:02:16:43 -0700] "GET /pe_static/apt1.zip HTTP/1.1" 200 1983328 "http://www.secrepo.com/" "Mozilla/5.0 (Windows NT 6.1; WOW64) AppleWebKit/537.36 (KHTML, like Gecko) Chrome/57.9.2987.98 Safari/537.36" 
94.206.93.210 - - [20/Sep/2017:02:16:50 -0700] "GET /pe_static/op-cleaver.zip HTTP/1.1" 200 710065 "http://www.secrepo.com/" "Mozilla/5.0 (Windows NT 6.1; WOW64) AppleWebKit/537.36 (KHTML, like Gecko) Chrome/57.9.2987.98 Safari/537.36" 
94.206.93.210 - - [20/Sep/2017:02:17:06 -0700] "GET /self.logs/ HTTP/1.1" 200 5602 "http://www.secrepo.com/" "Mozilla/5.0 (Windows NT 6.1; WOW64) AppleWebKit/537.36 (KHTML, like Gecko) Chrome/57.9.2987.98 Safari/537.36" 
94.206.93.210 - - [20/Sep/2017:02:17:06 -0700] "GET /favicon.ico HTTP/1.1" 200 267 "http://www.secrepo.com/self.logs/" "Mozilla/5.0 (Windows NT 6.1; WOW64) AppleWebKit/537.36 (KHTML, like Gecko) Chrome/57.9.2987.98 Safari/537.36" 
94.206.93.210 - - [20/Sep/2017:02:16:25 -0700] "GET /tg/b.zip HTTP/1.1" 200 42298164 "http://www.secrepo.com/" "Mozilla/5.0 (Windows NT 6.1; WOW64) AppleWebKit/537.36 (KHTML, like Gecko) Chrome/57.9.2987.98 Safari/537.36" 
94.206.93.210 - - [20/Sep/2017:02:17:33 -0700] "GET /self.logs/access.log.2017-01-11.gz HTTP/1.1" 200 91545 "http://www.secrepo.com/self.logs/" "Mozilla/5.0 (Windows NT 6.1; WOW64) AppleWebKit/537.36 (KHTML, like Gecko) Chrome/57.9.2987.98 Safari/537.36" 
125.77.25.116 - - [20/Sep/2017:02:25:10 -0700] "GET / HTTP/1.1" 200 36804 "-" "Mozilla/5.0 (Windows NT 6.1) AppleWebKit/537.36 (KHTML, like Gecko) Chrome/35.0.1916.153 Safari/537.36" 
119.197.47.47 - - [20/Sep/2017:02:29:03 -0700] "GET /wp-login.php HTTP/1.1" 404 295 "-" "Mozilla/5.0 (Windows NT 6.1; WOW64; rv:40.0) Gecko/20100101 Firefox/40.1" 
119.197.47.47 - - [20/Sep/2017:02:29:08 -0700] "GET /wp-login.php HTTP/1.1" 404 295 "-" "Mozilla/5.0 (Windows NT 6.1; WOW64; rv:40.0) Gecko/20100101 Firefox/40.1" 
119.197.47.47 - - [20/Sep/2017:02:29:13 -0700] "GET / HTTP/1.1" 200 36860 "-" "Mozilla/5.0 (Windows NT 6.1; WOW64; rv:40.0) Gecko/20100101 Firefox/40.1" 
40.77.167.145 - - [20/Sep/2017:02:30:08 -0700] "GET /honeypot/bsidesdfw%20-%202014.ipynb HTTP/1.1" 301 539 "-" "Mozilla/5.0 (iPhone; CPU iPhone OS 7_0 like Mac OS X) AppleWebKit/537.51.1 (KHTML, like Gecko) Version/7.0 Mobile/11A465 Safari/9537.53 (compatible; bingbot/2.0; +http://www.bing.com/bingbot.htm)" 
157.55.39.15 - - [20/Sep/2017:02:30:09 -0700] "GET /robots.txt HTTP/1.1" 200 334 "-" "Mozilla/5.0 (compatible; bingbot/2.0; +http://www.bing.com/bingbot.htm)" 
40.77.167.145 - - [20/Sep/2017:02:30:33 -0700] "GET /honeypot/bsidesdfw%20-%202014.ipynb HTTP/1.1" 404 340 "-" "Mozilla/5.0 (iPhone; CPU iPhone OS 7_0 like Mac OS X) AppleWebKit/537.51.1 (KHTML, like Gecko) Version/7.0 Mobile/11A465 Safari/9537.53 (compatible; bingbot/2.0; +http://www.bing.com/bingbot.htm)" 
180.76.15.9 - - [20/Sep/2017:02:38:30 -0700] "GET / HTTP/1.1" 200 10878 "-" "Mozilla/5.0 (compatible; Baiduspider/2.0; +http://www.baidu.com/search/spider.html)" 
40.77.167.145 - - [20/Sep/2017:02:39:53 -0700] "GET /self.logs/error.log.2017-03-26.gz HTTP/1.1" 200 1470 "-" "Mozilla/5.0 (compatible; bingbot/2.0; +http://www.bing.com/bingbot.htm)" 
52.168.161.70 - - [20/Sep/2017:02:41:56 -0700] "HEAD / HTTP/1.1" 301 253 "https://www.google.com/" "Mozilla/5.0 (compatible; epicbot; +http://www.epictions.com/epicbot)" 
52.168.161.70 - - [20/Sep/2017:02:41:56 -0700] "HEAD / HTTP/1.1" 301 253 "https://www.google.com/" "Mozilla/5.0 (compatible; epicbot; +http://www.epictions.com/epicbot)" 
52.168.161.70 - - [20/Sep/2017:02:41:56 -0700] "HEAD / HTTP/1.1" 301 253 "https://www.google.com/" "Mozilla/5.0 (compatible; epicbot; +http://www.epictions.com/epicbot)" 
52.168.161.70 - - [20/Sep/2017:02:41:56 -0700] "HEAD / HTTP/1.1" 301 253 "https://www.google.com/" "Mozilla/5.0 (compatible; epicbot; +http://www.epictions.com/epicbot)" 
52.168.161.70 - - [20/Sep/2017:02:41:56 -0700] "HEAD / HTTP/1.1" 301 253 "https://www.google.com/" "Mozilla/5.0 (compatible; epicbot; +http://www.epictions.com/epicbot)" 
52.168.161.70 - - [20/Sep/2017:02:41:58 -0700] "HEAD / HTTP/1.1" 301 253 "https://www.google.com/" "Mozilla/5.0 (compatible; epicbot; +http://www.epictions.com/epicbot)" 
52.168.161.70 - - [20/Sep/2017:02:41:58 -0700] "HEAD / HTTP/1.1" 301 253 "https://www.google.com/" "Mozilla/5.0 (compatible; epicbot; +http://www.epictions.com/epicbot)" 
52.168.161.70 - - [20/Sep/2017:02:41:58 -0700] "HEAD / HTTP/1.1" 301 253 "https://www.google.com/" "Mozilla/5.0 (compatible; epicbot; +http://www.epictions.com/epicbot)" 
52.168.161.70 - - [20/Sep/2017:02:41:58 -0700] "HEAD / HTTP/1.1" 301 253 "https://www.google.com/" "Mozilla/5.0 (compatible; epicbot; +http://www.epictions.com/epicbot)" 
52.168.161.70 - - [20/Sep/2017:02:41:58 -0700] "HEAD / HTTP/1.1" 301 253 "https://www.google.com/" "Mozilla/5.0 (compatible; epicbot; +http://www.epictions.com/epicbot)" 
52.168.161.70 - - [20/Sep/2017:02:41:58 -0700] "HEAD / HTTP/1.1" 301 253 "https://www.google.com/" "Mozilla/5.0 (compatible; epicbot; +http://www.epictions.com/epicbot)" 
52.168.161.70 - - [20/Sep/2017:02:41:59 -0700] "HEAD / HTTP/1.1" 301 253 "https://www.google.com/" "Mozilla/5.0 (compatible; epicbot; +http://www.epictions.com/epicbot)" 
52.168.161.70 - - [20/Sep/2017:02:41:59 -0700] "HEAD / HTTP/1.1" 301 253 "https://www.google.com/" "Mozilla/5.0 (compatible; epicbot; +http://www.epictions.com/epicbot)" 
52.168.161.70 - - [20/Sep/2017:02:41:59 -0700] "HEAD / HTTP/1.1" 301 253 "https://www.google.com/" "Mozilla/5.0 (compatible; epicbot; +http://www.epictions.com/epicbot)" 
52.168.161.70 - - [20/Sep/2017:02:41:59 -0700] "HEAD / HTTP/1.1" 301 253 "https://www.google.com/" "Mozilla/5.0 (compatible; epicbot; +http://www.epictions.com/epicbot)" 
202.95.98.151 - - [20/Sep/2017:02:48:11 -0700] "GET / HTTP/1.1" 304 189 "-" "Mozilla/4.0 (compatible;)" 
217.182.132.58 - - [20/Sep/2017:02:53:07 -0700] "GET /self.logs/access.log.2015-11-20.gz HTTP/1.1" 404 284 "-" "Mozilla/5.0 (compatible; AhrefsBot/5.2; +http://ahrefs.com/robot/)" 
52.168.161.70 - - [20/Sep/2017:02:54:43 -0700] "HEAD / HTTP/1.1" 200 282 "https://www.google.com/" "Mozilla/5.0 (compatible; epicbot; +http://www.epictions.com/epicbot)" 
52.168.161.70 - - [20/Sep/2017:02:54:47 -0700] "HEAD / HTTP/1.1" 200 282 "https://www.google.com/" "Mozilla/5.0 (compatible; epicbot; +http://www.epictions.com/epicbot)" 
52.168.161.70 - - [20/Sep/2017:02:54:47 -0700] "HEAD / HTTP/1.1" 200 282 "https://www.google.com/" "Mozilla/5.0 (compatible; epicbot; +http://www.epictions.com/epicbot)" 
112.196.191.147 - - [20/Sep/2017:02:55:25 -0700] "GET / HTTP/1.1" 200 36860 "-" "Mozilla/5.0 (Windows NT 6.1; WOW64; rv:40.0) Gecko/20100101 Firefox/40.1" 
147.251.45.150 - - [20/Sep/2017:02:56:59 -0700] "GET / HTTP/1.1" 200 10915 "-" "Mozilla/5.0 (Macintosh; Intel Mac OS X 10_12_6) AppleWebKit/604.1.38 (KHTML, like Gecko)" 
147.251.45.150 - - [20/Sep/2017:02:56:59 -0700] "GET /apple-touch-icon-precomposed.png HTTP/1.1" 404 340 "-" "Safari/12604.1.38.1.7 CFNetwork/811.5.4 Darwin/16.7.0 (x86_64)" 
147.251.45.150 - - [20/Sep/2017:02:56:59 -0700] "GET /apple-touch-icon.png HTTP/1.1" 404 339 "-" "Safari/12604.1.38.1.7 CFNetwork/811.5.4 Darwin/16.7.0 (x86_64)" 
147.251.45.150 - - [20/Sep/2017:02:56:59 -0700] "GET /bootstrap/img/favicon.ico HTTP/1.1" 200 589 "-" "Safari/12604.1.38.1.7 CFNetwork/811.5.4 Darwin/16.7.0 (x86_64)" 
147.251.45.150 - - [20/Sep/2017:02:56:59 -0700] "GET / HTTP/1.1" 200 10914 "-" "Mozilla/5.0 (iPhone; CPU iPhone OS 10_3 like Mac OS X) AppleWebKit/603.1.30 (KHTML, like Gecko) Version/10.3 Mobile/14E277 Safari/603.1.30" 
147.251.45.150 - - [20/Sep/2017:02:56:59 -0700] "GET /apple-touch-icon-precomposed.png HTTP/1.1" 404 339 "-" "Safari/12604.1.38.1.7 CFNetwork/811.5.4 Darwin/16.7.0 (x86_64)" 
147.251.45.150 - - [20/Sep/2017:02:57:00 -0700] "GET /apple-touch-icon.png HTTP/1.1" 404 339 "-" "Safari/12604.1.38.1.7 CFNetwork/811.5.4 Darwin/16.7.0 (x86_64)" 
147.251.45.150 - - [20/Sep/2017:02:57:00 -0700] "GET /bootstrap/img/favicon.ico HTTP/1.1" 200 589 "-" "Safari/12604.1.38.1.7 CFNetwork/811.5.4 Darwin/16.7.0 (x86_64)" 
42.60.172.146 - - [20/Sep/2017:02:59:18 -0700] "GET / HTTP/1.1" 200 10915 "https://www.google.com.sg/" "Mozilla/5.0 (Windows NT 10.0; WOW64; rv:55.0) Gecko/20100101 Firefox/55.0" 
42.60.172.146 - - [20/Sep/2017:02:59:19 -0700] "GET /bootstrap/img/favicon.ico HTTP/1.1" 200 589 "-" "Mozilla/5.0 (Windows NT 10.0; WOW64; rv:55.0) Gecko/20100101 Firefox/55.0" 
42.60.172.146 - - [20/Sep/2017:02:59:21 -0700] "GET /twitter-icon.png HTTP/1.1" 200 27787 "http://www.secrepo.com/" "Mozilla/5.0 (Windows NT 10.0; WOW64; rv:55.0) Gecko/20100101 Firefox/55.0" 
42.60.172.146 - - [20/Sep/2017:02:59:22 -0700] "GET /GitHub-Mark.png HTTP/1.1" 200 7428 "http://www.secrepo.com/" "Mozilla/5.0 (Windows NT 10.0; WOW64; rv:55.0) Gecko/20100101 Firefox/55.0" 
42.60.172.146 - - [20/Sep/2017:03:03:02 -0700] "GET /honeypot/honeypot.json.zip HTTP/1.1" 200 23085976 "http://www.secrepo.com/" "Mozilla/5.0 (Windows NT 10.0; WOW64; rv:55.0) Gecko/20100101 Firefox/55.0" 
141.255.89.15 - - [20/Sep/2017:03:08:45 -0700] "GET /wp-login.php HTTP/1.1" 404 295 "-" "Mozilla/5.0 (Windows NT 6.1; WOW64; rv:40.0) Gecko/20100101 Firefox/40.1" 
141.255.89.15 - - [20/Sep/2017:03:08:51 -0700] "GET /wp-login.php HTTP/1.1" 404 295 "-" "Mozilla/5.0 (Windows NT 6.1; WOW64; rv:40.0) Gecko/20100101 Firefox/40.1" 
117.136.38.81 - - [20/Sep/2017:03:08:56 -0700] "GET / HTTP/1.1" 200 10915 "-" "Mozilla/5.0 (iPhone; CPU iPhone OS 11_0 like Mac OS X) AppleWebKit/604.1.38 (KHTML, like Gecko) Mobile/15A372 Weibo (iPhone8,2__weibo__7.9.2__iphone__os11.0)" 
141.255.89.15 - - [20/Sep/2017:03:08:56 -0700] "GET / HTTP/1.1" 200 36860 "-" "Mozilla/5.0 (Windows NT 6.1; WOW64; rv:40.0) Gecko/20100101 Firefox/40.1" 
117.136.38.81 - - [20/Sep/2017:03:08:57 -0700] "GET /twitter-icon.png HTTP/1.1" 200 27787 "http://www.secrepo.com/" "Mozilla/5.0 (iPhone; CPU iPhone OS 11_0 like Mac OS X) AppleWebKit/604.1.38 (KHTML, like Gecko) Mobile/15A372 Weibo (iPhone8,2__weibo__7.9.2__iphone__os11.0)" 
117.136.38.81 - - [20/Sep/2017:03:08:57 -0700] "GET /GitHub-Mark.png HTTP/1.1" 200 7428 "http://www.secrepo.com/" "Mozilla/5.0 (iPhone; CPU iPhone OS 11_0 like Mac OS X) AppleWebKit/604.1.38 (KHTML, like Gecko) Mobile/15A372 Weibo (iPhone8,2__weibo__7.9.2__iphone__os11.0)" 
41.111.37.152 - - [20/Sep/2017:03:12:56 -0700] "GET /wp-login.php HTTP/1.1" 404 295 "-" "Mozilla/5.0 (Windows NT 6.1; WOW64; rv:40.0) Gecko/20100101 Firefox/40.1" 
41.111.37.152 - - [20/Sep/2017:03:13:01 -0700] "GET /wp-login.php HTTP/1.1" 404 295 "-" "Mozilla/5.0 (Windows NT 6.1; WOW64; rv:40.0) Gecko/20100101 Firefox/40.1" 
41.111.37.152 - - [20/Sep/2017:03:13:07 -0700] "GET / HTTP/1.1" 200 36860 "-" "Mozilla/5.0 (Windows NT 6.1; WOW64; rv:40.0) Gecko/20100101 Firefox/40.1" 
51.255.65.36 - - [20/Sep/2017:03:15:11 -0700] "GET /self.logs/error.log.2016-12-19.gz HTTP/1.1" 404 284 "-" "Mozilla/5.0 (compatible; AhrefsBot/5.2; +http://ahrefs.com/robot/)" 
120.221.0.34 - - [20/Sep/2017:03:17:36 -0700] "GET /honeypot/Honeypot%20-%20Howto.pdf HTTP/1.1" 304 131 "-" "Mozilla/5.0 Gecko/20100115 Firefox/3.6" 
41.111.37.152 - - [20/Sep/2017:03:18:27 -0700] "GET /wp-login.php HTTP/1.1" 301 522 "-" "Mozilla/5.0 (Windows NT 6.1; WOW64; rv:40.0) Gecko/20100101 Firefox/40.1" 
41.111.37.152 - - [20/Sep/2017:03:18:27 -0700] "GET /wp-login.php HTTP/1.1" 404 295 "-" "Mozilla/5.0 (Windows NT 6.1; WOW64; rv:40.0) Gecko/20100101 Firefox/40.1" 
41.111.37.152 - - [20/Sep/2017:03:18:33 -0700] "GET /wp-login.php HTTP/1.1" 301 522 "-" "Mozilla/5.0 (Windows NT 6.1; WOW64; rv:40.0) Gecko/20100101 Firefox/40.1" 
41.111.37.152 - - [20/Sep/2017:03:18:33 -0700] "GET /wp-login.php HTTP/1.1" 404 295 "-" "Mozilla/5.0 (Windows NT 6.1; WOW64; rv:40.0) Gecko/20100101 Firefox/40.1" 
41.111.37.152 - - [20/Sep/2017:03:18:39 -0700] "GET / HTTP/1.1" 301 498 "-" "Mozilla/5.0 (Windows NT 6.1; WOW64; rv:40.0) Gecko/20100101 Firefox/40.1" 
41.111.37.152 - - [20/Sep/2017:03:18:39 -0700] "GET / HTTP/1.1" 200 36860 "-" "Mozilla/5.0 (Windows NT 6.1; WOW64; rv:40.0) Gecko/20100101 Firefox/40.1" 
51.255.65.20 - - [20/Sep/2017:03:20:25 -0700] "GET /self.logs/access.log.2017-01-26.gz HTTP/1.1" 200 23899 "-" "Mozilla/5.0 (compatible; AhrefsBot/5.2; +http://ahrefs.com/robot/)" 
103.219.232.40 - - [20/Sep/2017:03:20:26 -0700] "GET /wp-login.php HTTP/1.1" 404 295 "-" "Mozilla/5.0 (Windows NT 6.1; WOW64; rv:40.0) Gecko/20100101 Firefox/40.1" 
103.219.232.40 - - [20/Sep/2017:03:20:32 -0700] "GET /wp-login.php HTTP/1.1" 404 295 "-" "Mozilla/5.0 (Windows NT 6.1; WOW64; rv:40.0) Gecko/20100101 Firefox/40.1" 
103.219.232.40 - - [20/Sep/2017:03:20:38 -0700] "GET / HTTP/1.1" 200 36860 "-" "Mozilla/5.0 (Windows NT 6.1; WOW64; rv:40.0) Gecko/20100101 Firefox/40.1" 
131.251.254.42 - - [20/Sep/2017:03:31:26 -0700] "GET / HTTP/1.1" 200 10915 "https://www.google.co.uk/" "Mozilla/5.0 (X11; Linux x86_64) AppleWebKit/537.36 (KHTML, like Gecko) Chrome/60.0.3112.113 Safari/537.36" 
131.251.254.42 - - [20/Sep/2017:03:31:27 -0700] "GET /twitter-icon.png HTTP/1.1" 200 27787 "http://www.secrepo.com/" "Mozilla/5.0 (X11; Linux x86_64) AppleWebKit/537.36 (KHTML, like Gecko) Chrome/60.0.3112.113 Safari/537.36" 
131.251.254.42 - - [20/Sep/2017:03:31:27 -0700] "GET /GitHub-Mark.png HTTP/1.1" 200 7428 "http://www.secrepo.com/" "Mozilla/5.0 (X11; Linux x86_64) AppleWebKit/537.36 (KHTML, like Gecko) Chrome/60.0.3112.113 Safari/537.36" 
131.251.254.42 - - [20/Sep/2017:03:31:28 -0700] "GET /bootstrap/img/favicon.ico HTTP/1.1" 200 589 "http://www.secrepo.com/" "Mozilla/5.0 (X11; Linux x86_64) AppleWebKit/537.36 (KHTML, like Gecko) Chrome/60.0.3112.113 Safari/537.36" 
189.35.17.141 - - [20/Sep/2017:03:39:14 -0700] "GET /wp-login.php HTTP/1.1" 404 295 "-" "Mozilla/5.0 (Windows NT 6.1; WOW64; rv:40.0) Gecko/20100101 Firefox/40.1" 
189.35.17.141 - - [20/Sep/2017:03:39:20 -0700] "GET /wp-login.php HTTP/1.1" 404 295 "-" "Mozilla/5.0 (Windows NT 6.1; WOW64; rv:40.0) Gecko/20100101 Firefox/40.1" 
189.35.17.141 - - [20/Sep/2017:03:39:25 -0700] "GET / HTTP/1.1" 200 36860 "-" "Mozilla/5.0 (Windows NT 6.1; WOW64; rv:40.0) Gecko/20100101 Firefox/40.1" 
153.217.199.48 - - [20/Sep/2017:03:41:05 -0700] "GET / HTTP/1.1" 200 10915 "https://www.google.co.jp/" "Mozilla/5.0 (Windows NT 6.1; Win64; x64; rv:55.0) Gecko/20100101 Firefox/55.0" 
153.217.199.48 - - [20/Sep/2017:03:41:05 -0700] "GET /bootstrap/img/favicon.ico HTTP/1.1" 200 589 "-" "Mozilla/5.0 (Windows NT 6.1; Win64; x64; rv:55.0) Gecko/20100101 Firefox/55.0" 
153.217.199.48 - - [20/Sep/2017:03:41:07 -0700] "GET /twitter-icon.png HTTP/1.1" 200 27787 "http://www.secrepo.com/" "Mozilla/5.0 (Windows NT 6.1; Win64; x64; rv:55.0) Gecko/20100101 Firefox/55.0" 
153.217.199.48 - - [20/Sep/2017:03:41:07 -0700] "GET /GitHub-Mark.png HTTP/1.1" 200 7428 "http://www.secrepo.com/" "Mozilla/5.0 (Windows NT 6.1; Win64; x64; rv:55.0) Gecko/20100101 Firefox/55.0" 
193.182.112.251 - - [20/Sep/2017:03:42:35 -0700] "GET /robots.txt HTTP/1.1" 200 304 "-" "Mozilla/5.0 (Windows NT 5.1; rv:6.0) Gecko/20100101 Firefox/10.0.2" 
121.121.102.151 - - [20/Sep/2017:03:43:03 -0700] "GET /wp-login.php HTTP/1.1" 404 295 "-" "Mozilla/5.0 (Windows NT 6.1; WOW64; rv:40.0) Gecko/20100101 Firefox/40.1" 
121.121.102.151 - - [20/Sep/2017:03:43:08 -0700] "GET /wp-login.php HTTP/1.1" 404 295 "-" "Mozilla/5.0 (Windows NT 6.1; WOW64; rv:40.0) Gecko/20100101 Firefox/40.1" 
121.121.102.151 - - [20/Sep/2017:03:43:14 -0700] "GET / HTTP/1.1" 200 36860 "-" "Mozilla/5.0 (Windows NT 6.1; WOW64; rv:40.0) Gecko/20100101 Firefox/40.1" 
189.35.17.141 - - [20/Sep/2017:03:43:42 -0700] "GET /wp-login.php HTTP/1.1" 301 522 "-" "Mozilla/5.0 (Windows NT 6.1; WOW64; rv:40.0) Gecko/20100101 Firefox/40.1" 
189.35.17.141 - - [20/Sep/2017:03:43:43 -0700] "GET /wp-login.php HTTP/1.1" 404 295 "-" "Mozilla/5.0 (Windows NT 6.1; WOW64; rv:40.0) Gecko/20100101 Firefox/40.1" 
189.35.17.141 - - [20/Sep/2017:03:43:48 -0700] "GET /wp-login.php HTTP/1.1" 301 522 "-" "Mozilla/5.0 (Windows NT 6.1; WOW64; rv:40.0) Gecko/20100101 Firefox/40.1" 
189.35.17.141 - - [20/Sep/2017:03:43:48 -0700] "GET /wp-login.php HTTP/1.1" 404 295 "-" "Mozilla/5.0 (Windows NT 6.1; WOW64; rv:40.0) Gecko/20100101 Firefox/40.1" 
189.35.17.141 - - [20/Sep/2017:03:43:53 -0700] "GET / HTTP/1.1" 301 498 "-" "Mozilla/5.0 (Windows NT 6.1; WOW64; rv:40.0) Gecko/20100101 Firefox/40.1" 
189.35.17.141 - - [20/Sep/2017:03:43:54 -0700] "GET / HTTP/1.1" 200 36860 "-" "Mozilla/5.0 (Windows NT 6.1; WOW64; rv:40.0) Gecko/20100101 Firefox/40.1" 
105.111.61.216 - - [20/Sep/2017:03:44:31 -0700] "GET /wp-login.php HTTP/1.1" 404 295 "-" "Mozilla/5.0 (Windows NT 6.1; WOW64; rv:40.0) Gecko/20100101 Firefox/40.1" 
105.111.61.216 - - [20/Sep/2017:03:44:37 -0700] "GET /wp-login.php HTTP/1.1" 404 295 "-" "Mozilla/5.0 (Windows NT 6.1; WOW64; rv:40.0) Gecko/20100101 Firefox/40.1" 
105.111.61.216 - - [20/Sep/2017:03:44:43 -0700] "GET / HTTP/1.1" 200 36860 "-" "Mozilla/5.0 (Windows NT 6.1; WOW64; rv:40.0) Gecko/20100101 Firefox/40.1" 
209.90.225.210 - - [20/Sep/2017:03:52:28 -0700] "GET /jm-ajax/upload_file/ HTTP/1.1" 404 303 "http://www.secrepo.com/jm-ajax/upload_file/" "Mozilla/5.0 (Windows NT 6.1; WOW64) AppleWebKit/537.36 (KHTML, like Gecko) Chrome/42.0.2311.152 Safari/537.36" 
193.182.112.251 - - [20/Sep/2017:03:57:03 -0700] "GET / HTTP/1.1" 200 10859 "-" "Mozilla/5.0 (Windows NT 5.1; rv:6.0) Gecko/20100101 Firefox/10.0.2" 
192.165.48.244 - - [20/Sep/2017:03:57:33 -0700] "GET / HTTP/1.1" 200 10859 "-" "Mozilla/5.0 (compatible; Googlebot/2.1; +http://www.google.com/bot.html)" 
51.255.65.37 - - [20/Sep/2017:03:59:16 -0700] "GET /self.logs/access.log.2015-07-24.gz HTTP/1.1" 404 284 "-" "Mozilla/5.0 (compatible; AhrefsBot/5.2; +http://ahrefs.com/robot/)" 
87.207.132.57 - - [20/Sep/2017:04:00:31 -0700] "GET /honeypot/BSidesDFW%20-%202014.ipynb HTTP/1.0" 200 930799 "http://www.secrepo.com/honeypot/BSidesDFW%20-%202014.ipynb" "Mozilla/5.0 (Windows NT 6.1; Win64; x64) AppleWebKit/537.36 (KHTML, like Gecko) Chrome/58.0.3029.110 Safari/537.36" 
121.121.102.151 - - [20/Sep/2017:04:02:25 -0700] "GET /wp-login.php HTTP/1.1" 301 522 "-" "Mozilla/5.0 (Windows NT 6.1; WOW64; rv:40.0) Gecko/20100101 Firefox/40.1" 
121.121.102.151 - - [20/Sep/2017:04:02:26 -0700] "GET /wp-login.php HTTP/1.1" 404 295 "-" "Mozilla/5.0 (Windows NT 6.1; WOW64; rv:40.0) Gecko/20100101 Firefox/40.1" 
121.121.102.151 - - [20/Sep/2017:04:02:32 -0700] "GET /wp-login.php HTTP/1.1" 301 522 "-" "Mozilla/5.0 (Windows NT 6.1; WOW64; rv:40.0) Gecko/20100101 Firefox/40.1" 
121.121.102.151 - - [20/Sep/2017:04:02:32 -0700] "GET /wp-login.php HTTP/1.1" 404 295 "-" "Mozilla/5.0 (Windows NT 6.1; WOW64; rv:40.0) Gecko/20100101 Firefox/40.1" 
121.121.102.151 - - [20/Sep/2017:04:02:39 -0700] "GET / HTTP/1.1" 301 498 "-" "Mozilla/5.0 (Windows NT 6.1; WOW64; rv:40.0) Gecko/20100101 Firefox/40.1" 
121.121.102.151 - - [20/Sep/2017:04:02:40 -0700] "GET / HTTP/1.1" 200 36860 "-" "Mozilla/5.0 (Windows NT 6.1; WOW64; rv:40.0) Gecko/20100101 Firefox/40.1" 
42.60.172.146 - - [20/Sep/2017:04:06:09 -0700] "GET /self.logs/ HTTP/1.1" 200 5602 "http://www.secrepo.com/" "Mozilla/5.0 (Windows NT 10.0; WOW64; rv:55.0) Gecko/20100101 Firefox/55.0" 
42.60.172.146 - - [20/Sep/2017:04:06:09 -0700] "GET /favicon.ico HTTP/1.1" 200 267 "-" "Mozilla/5.0 (Windows NT 10.0; WOW64; rv:55.0) Gecko/20100101 Firefox/55.0" 
120.221.1.28 - - [20/Sep/2017:04:06:10 -0700] "GET /maccdc2012/files.log.gz HTTP/1.1" 304 155 "-" "Mozilla/5.0 Gecko/20100115 Firefox/3.6" 
42.60.172.146 - - [20/Sep/2017:04:06:20 -0700] "GET /self.logs/access.log.2017-01-01.gz HTTP/1.1" 200 17655 "http://www.secrepo.com/self.logs/" "Mozilla/5.0 (Windows NT 10.0; WOW64; rv:55.0) Gecko/20100101 Firefox/55.0" 
42.60.172.146 - - [20/Sep/2017:04:06:26 -0700] "GET /self.logs/2016/ HTTP/1.1" 200 7741 "http://www.secrepo.com/self.logs/" "Mozilla/5.0 (Windows NT 10.0; WOW64; rv:55.0) Gecko/20100101 Firefox/55.0" 
42.60.172.146 - - [20/Sep/2017:04:06:32 -0700] "GET /self.logs/2016/access.log.2016-01-01.gz HTTP/1.1" 200 5505 "http://www.secrepo.com/self.logs/2016/" "Mozilla/5.0 (Windows NT 10.0; WOW64; rv:55.0) Gecko/20100101 Firefox/55.0" 
42.60.172.146 - - [20/Sep/2017:04:06:48 -0700] "GET /self.logs/2016/access.log.2016-01-02.gz HTTP/1.1" 200 5945 "http://www.secrepo.com/self.logs/2016/" "Mozilla/5.0 (Windows NT 10.0; WOW64; rv:55.0) Gecko/20100101 Firefox/55.0" 
195.22.127.71 - - [20/Sep/2017:04:07:11 -0700] "GET / HTTP/1.0" 301 483 "secrepo.com" "Mozilla/4.0 (compatible; MSIE 6.0; Windows NT 5.1; en) Opera 8.50" 
195.22.127.71 - - [20/Sep/2017:04:07:11 -0700] "GET / HTTP/1.0" 200 10915 "http://www.secrepo.com" "Mozilla/4.0 (compatible; MSIE 6.0; Windows NT 5.1; en) Opera 8.50" 
42.60.172.146 - - [20/Sep/2017:04:09:54 -0700] "GET /self.logs/ HTTP/1.1" 200 5565 "-" "WhatsApp/0.2.5863 N" 
132.147.76.140 - - [20/Sep/2017:04:10:00 -0700] "GET /self.logs/ HTTP/1.1" 200 5602 "-" "Mozilla/5.0 (Windows NT 10.0; Win64; x64) AppleWebKit/537.36 (KHTML, like Gecko) Chrome/60.0.3112.91 Safari/537.36 Vivaldi/1.92.917.39" 
132.147.76.140 - - [20/Sep/2017:04:10:00 -0700] "GET /favicon.ico HTTP/1.1" 200 267 "http://www.secrepo.com/self.logs/" "Mozilla/5.0 (Windows NT 10.0; Win64; x64) AppleWebKit/537.36 (KHTML, like Gecko) Chrome/60.0.3112.91 Safari/537.36 Vivaldi/1.92.917.39" 
132.147.76.140 - - [20/Sep/2017:04:10:05 -0700] "GET /self.logs/error.log.2017-03-13.gz HTTP/1.1" 200 1204 "http://www.secrepo.com/self.logs/" "Mozilla/5.0 (Windows NT 10.0; Win64; x64) AppleWebKit/537.36 (KHTML, like Gecko) Chrome/60.0.3112.91 Safari/537.36 Vivaldi/1.92.917.39" 
132.147.76.140 - - [20/Sep/2017:04:11:45 -0700] "GET /self.logs/ HTTP/1.1" 200 50325 "-" "Wget/1.19.1 (cygwin)" 
132.147.76.140 - - [20/Sep/2017:04:11:55 -0700] "GET /robots.txt HTTP/1.1" 200 289 "-" "Wget/1.19.1 (cygwin)" 
42.60.172.146 - - [20/Sep/2017:04:11:54 -0700] "GET /auth.log/auth.log.gz HTTP/1.1" 200 554524 "http://www.secrepo.com/" "Mozilla/5.0 (Windows NT 10.0; WOW64; rv:55.0) Gecko/20100101 Firefox/55.0" 
132.147.76.140 - - [20/Sep/2017:04:12:05 -0700] "GET /self.logs/?C=N;O=D HTTP/1.1" 200 50325 "http://www.secrepo.com/self.logs/" "Wget/1.19.1 (cygwin)" 
132.147.76.140 - - [20/Sep/2017:04:12:15 -0700] "GET /self.logs/?C=M;O=A HTTP/1.1" 200 50325 "http://www.secrepo.com/self.logs/" "Wget/1.19.1 (cygwin)" 
132.147.76.140 - - [20/Sep/2017:04:12:25 -0700] "GET /self.logs/?C=S;O=A HTTP/1.1" 200 50325 "http://www.secrepo.com/self.logs/" "Wget/1.19.1 (cygwin)" 
132.147.76.140 - - [20/Sep/2017:04:12:35 -0700] "GET /self.logs/?C=D;O=A HTTP/1.1" 200 50325 "http://www.secrepo.com/self.logs/" "Wget/1.19.1 (cygwin)" 
132.147.76.140 - - [20/Sep/2017:04:12:45 -0700] "GET / HTTP/1.1" 200 36860 "http://www.secrepo.com/self.logs/" "Wget/1.19.1 (cygwin)" 
132.147.76.140 - - [20/Sep/2017:04:12:55 -0700] "GET /self.logs/2015/ HTTP/1.1" 200 67473 "http://www.secrepo.com/self.logs/" "Wget/1.19.1 (cygwin)" 
132.147.76.140 - - [20/Sep/2017:04:13:05 -0700] "GET /self.logs/2016/ HTTP/1.1" 200 70734 "http://www.secrepo.com/self.logs/" "Wget/1.19.1 (cygwin)" 
132.147.76.140 - - [20/Sep/2017:04:13:16 -0700] "GET /self.logs/access.log.2017-01-01.gz HTTP/1.1" 200 17568 "http://www.secrepo.com/self.logs/" "Wget/1.19.1 (cygwin)" 
132.147.76.140 - - [20/Sep/2017:04:13:25 -0700] "GET /self.logs/access.log.2017-01-02.gz HTTP/1.1" 200 26719 "http://www.secrepo.com/self.logs/" "Wget/1.19.1 (cygwin)" 
132.147.76.140 - - [20/Sep/2017:04:13:35 -0700] "GET /self.logs/access.log.2017-01-03.gz HTTP/1.1" 200 41054 "http://www.secrepo.com/self.logs/" "Wget/1.19.1 (cygwin)" 
132.147.76.140 - - [20/Sep/2017:04:13:45 -0700] "GET /self.logs/access.log.2017-01-04.gz HTTP/1.1" 200 33754 "http://www.secrepo.com/self.logs/" "Wget/1.19.1 (cygwin)" 
51.255.65.75 - - [20/Sep/2017:04:13:53 -0700] "GET /self.logs/error.log.2017-02-14.gz HTTP/1.1" 200 1604 "-" "Mozilla/5.0 (compatible; AhrefsBot/5.2; +http://ahrefs.com/robot/)" 
132.147.76.140 - - [20/Sep/2017:04:13:55 -0700] "GET /self.logs/access.log.2017-01-05.gz HTTP/1.1" 200 42600 "http://www.secrepo.com/self.logs/" "Wget/1.19.1 (cygwin)" 
132.147.76.140 - - [20/Sep/2017:04:14:05 -0700] "GET /self.logs/access.log.2017-01-06.gz HTTP/1.1" 200 20513 "http://www.secrepo.com/self.logs/" "Wget/1.19.1 (cygwin)" 
132.147.76.140 - - [20/Sep/2017:04:14:15 -0700] "GET /self.logs/access.log.2017-01-07.gz HTTP/1.1" 200 17209 "http://www.secrepo.com/self.logs/" "Wget/1.19.1 (cygwin)" 
132.147.76.140 - - [20/Sep/2017:04:14:25 -0700] "GET /self.logs/access.log.2017-01-08.gz HTTP/1.1" 200 14837 "http://www.secrepo.com/self.logs/" "Wget/1.19.1 (cygwin)" 
132.147.76.140 - - [20/Sep/2017:04:14:34 -0700] "GET /self.logs/access.log.2017-01-09.gz HTTP/1.1" 200 24853 "http://www.secrepo.com/self.logs/" "Wget/1.19.1 (cygwin)" 
132.147.76.140 - - [20/Sep/2017:04:14:44 -0700] "GET /self.logs/access.log.2017-01-10.gz HTTP/1.1" 200 96116 "http://www.secrepo.com/self.logs/" "Wget/1.19.1 (cygwin)" 
132.147.76.140 - - [20/Sep/2017:04:14:55 -0700] "GET /self.logs/access.log.2017-01-11.gz HTTP/1.1" 200 92946 "http://www.secrepo.com/self.logs/" "Wget/1.19.1 (cygwin)" 
132.147.76.140 - - [20/Sep/2017:04:15:05 -0700] "GET /self.logs/access.log.2017-01-12.gz HTTP/1.1" 200 86464 "http://www.secrepo.com/self.logs/" "Wget/1.19.1 (cygwin)" 
132.147.76.140 - - [20/Sep/2017:04:15:16 -0700] "GET /self.logs/access.log.2017-01-13.gz HTTP/1.1" 200 16594 "http://www.secrepo.com/self.logs/" "Wget/1.19.1 (cygwin)" 
132.147.76.140 - - [20/Sep/2017:04:15:25 -0700] "GET /self.logs/access.log.2017-01-14.gz HTTP/1.1" 200 10747 "http://www.secrepo.com/self.logs/" "Wget/1.19.1 (cygwin)" 
132.147.76.140 - - [20/Sep/2017:04:15:35 -0700] "GET /self.logs/access.log.2017-01-15.gz HTTP/1.1" 200 13636 "http://www.secrepo.com/self.logs/" "Wget/1.19.1 (cygwin)" 
140.138.152.29 - - [20/Sep/2017:04:15:42 -0700] "GET /favicon.ico HTTP/1.1" 200 268 "http://www.secrepo.com/honeypot/Honeypot%20-%20Howto.pdf" "Mozilla/5.0 (Windows NT 6.1; Win64; x64) AppleWebKit/537.36 (KHTML, like Gecko) Chrome/60.0.3112.113 Safari/537.36" 
140.138.152.29 - - [20/Sep/2017:04:15:42 -0700] "GET /honeypot/Honeypot%20-%20Howto.pdf HTTP/1.1" 200 96360 "https://www.google.com.tw/" "Mozilla/5.0 (Windows NT 6.1; Win64; x64) AppleWebKit/537.36 (KHTML, like Gecko) Chrome/60.0.3112.113 Safari/537.36" 
132.147.76.140 - - [20/Sep/2017:04:15:44 -0700] "GET /self.logs/access.log.2017-01-16.gz HTTP/1.1" 200 42975 "http://www.secrepo.com/self.logs/" "Wget/1.19.1 (cygwin)" 
140.138.152.29 - - [20/Sep/2017:04:15:42 -0700] "GET /honeypot/Honeypot%20-%20Howto.pdf HTTP/1.1" 206 1247636 "http://www.secrepo.com/honeypot/Honeypot%20-%20Howto.pdf" "Mozilla/5.0 (Windows NT 6.1; Win64; x64) AppleWebKit/537.36 (KHTML, like Gecko) Chrome/60.0.3112.113 Safari/537.36" 
132.147.76.140 - - [20/Sep/2017:04:15:54 -0700] "GET /self.logs/access.log.2017-01-17.gz HTTP/1.1" 200 18383 "http://www.secrepo.com/self.logs/" "Wget/1.19.1 (cygwin)" 
132.147.76.140 - - [20/Sep/2017:04:16:04 -0700] "GET /self.logs/access.log.2017-01-18.gz HTTP/1.1" 200 15258 "http://www.secrepo.com/self.logs/" "Wget/1.19.1 (cygwin)" 
132.147.76.140 - - [20/Sep/2017:04:16:14 -0700] "GET /self.logs/access.log.2017-01-19.gz HTTP/1.1" 200 18276 "http://www.secrepo.com/self.logs/" "Wget/1.19.1 (cygwin)" 
173.252.123.138 - - [20/Sep/2017:04:16:20 -0700] "GET /twitter-icon.png HTTP/1.1" 200 27788 "-" "facebookexternalhit/1.1 (+http://www.facebook.com/externalhit_uatext.php)" 
132.147.76.140 - - [20/Sep/2017:04:16:24 -0700] "GET /self.logs/access.log.2017-01-20.gz HTTP/1.1" 200 12904 "http://www.secrepo.com/self.logs/" "Wget/1.19.1 (cygwin)" 
132.147.76.140 - - [20/Sep/2017:04:16:33 -0700] "GET /self.logs/access.log.2017-01-21.gz HTTP/1.1" 200 19534 "http://www.secrepo.com/self.logs/" "Wget/1.19.1 (cygwin)" 
132.147.76.140 - - [20/Sep/2017:04:16:43 -0700] "GET /self.logs/access.log.2017-01-22.gz HTTP/1.1" 200 12355 "http://www.secrepo.com/self.logs/" "Wget/1.19.1 (cygwin)" 
132.147.76.140 - - [20/Sep/2017:04:16:53 -0700] "GET /self.logs/access.log.2017-01-23.gz HTTP/1.1" 200 45590 "http://www.secrepo.com/self.logs/" "Wget/1.19.1 (cygwin)" 
132.147.76.140 - - [20/Sep/2017:04:17:03 -0700] "GET /self.logs/access.log.2017-01-24.gz HTTP/1.1" 200 17003 "http://www.secrepo.com/self.logs/" "Wget/1.19.1 (cygwin)" 
105.111.54.99 - - [20/Sep/2017:04:17:10 -0700] "GET /wp-login.php HTTP/1.1" 301 522 "-" "Mozilla/5.0 (Windows NT 6.1; WOW64; rv:40.0) Gecko/20100101 Firefox/40.1" 
105.111.54.99 - - [20/Sep/2017:04:17:11 -0700] "GET /wp-login.php HTTP/1.1" 404 295 "-" "Mozilla/5.0 (Windows NT 6.1; WOW64; rv:40.0) Gecko/20100101 Firefox/40.1" 
132.147.76.140 - - [20/Sep/2017:04:17:13 -0700] "GET /self.logs/access.log.2017-01-25.gz HTTP/1.1" 200 19069 "http://www.secrepo.com/self.logs/" "Wget/1.19.1 (cygwin)" 
105.111.54.99 - - [20/Sep/2017:04:17:16 -0700] "GET /wp-login.php HTTP/1.1" 301 522 "-" "Mozilla/5.0 (Windows NT 6.1; WOW64; rv:40.0) Gecko/20100101 Firefox/40.1" 
105.111.54.99 - - [20/Sep/2017:04:17:16 -0700] "GET /wp-login.php HTTP/1.1" 404 295 "-" "Mozilla/5.0 (Windows NT 6.1; WOW64; rv:40.0) Gecko/20100101 Firefox/40.1" 
105.111.54.99 - - [20/Sep/2017:04:17:22 -0700] "GET / HTTP/1.1" 301 498 "-" "Mozilla/5.0 (Windows NT 6.1; WOW64; rv:40.0) Gecko/20100101 Firefox/40.1" 
105.111.54.99 - - [20/Sep/2017:04:17:22 -0700] "GET / HTTP/1.1" 200 36860 "-" "Mozilla/5.0 (Windows NT 6.1; WOW64; rv:40.0) Gecko/20100101 Firefox/40.1" 
132.147.76.140 - - [20/Sep/2017:04:17:23 -0700] "GET /self.logs/access.log.2017-01-26.gz HTTP/1.1" 200 23963 "http://www.secrepo.com/self.logs/" "Wget/1.19.1 (cygwin)" 
132.147.76.140 - - [20/Sep/2017:04:17:32 -0700] "GET /self.logs/access.log.2017-01-27.gz HTTP/1.1" 200 18183 "http://www.secrepo.com/self.logs/" "Wget/1.19.1 (cygwin)" 
132.147.76.140 - - [20/Sep/2017:04:17:42 -0700] "GET /self.logs/access.log.2017-01-28.gz HTTP/1.1" 200 17479 "http://www.secrepo.com/self.logs/" "Wget/1.19.1 (cygwin)" 
132.147.76.140 - - [20/Sep/2017:04:17:52 -0700] "GET /self.logs/access.log.2017-01-29.gz HTTP/1.1" 200 31298 "http://www.secrepo.com/self.logs/" "Wget/1.19.1 (cygwin)" 
132.147.76.140 - - [20/Sep/2017:04:18:02 -0700] "GET /self.logs/access.log.2017-01-30.gz HTTP/1.1" 200 29674 "http://www.secrepo.com/self.logs/" "Wget/1.19.1 (cygwin)" 
132.147.76.140 - - [20/Sep/2017:04:18:11 -0700] "GET /self.logs/access.log.2017-01-31.gz HTTP/1.1" 200 19788 "http://www.secrepo.com/self.logs/" "Wget/1.19.1 (cygwin)" 
132.147.76.140 - - [20/Sep/2017:04:18:21 -0700] "GET /self.logs/access.log.2017-02-01.gz HTTP/1.1" 200 27030 "http://www.secrepo.com/self.logs/" "Wget/1.19.1 (cygwin)" 
132.147.76.140 - - [20/Sep/2017:04:18:31 -0700] "GET /self.logs/access.log.2017-02-02.gz HTTP/1.1" 200 23947 "http://www.secrepo.com/self.logs/" "Wget/1.19.1 (cygwin)" 
132.147.76.140 - - [20/Sep/2017:04:18:41 -0700] "GET /self.logs/access.log.2017-02-03.gz HTTP/1.1" 200 16218 "http://www.secrepo.com/self.logs/" "Wget/1.19.1 (cygwin)" 
132.147.76.140 - - [20/Sep/2017:04:18:50 -0700] "GET /self.logs/access.log.2017-02-04.gz HTTP/1.1" 200 13192 "http://www.secrepo.com/self.logs/" "Wget/1.19.1 (cygwin)" 
132.147.76.140 - - [20/Sep/2017:04:19:00 -0700] "GET /self.logs/access.log.2017-02-05.gz HTTP/1.1" 200 17886 "http://www.secrepo.com/self.logs/" "Wget/1.19.1 (cygwin)" 
132.147.76.140 - - [20/Sep/2017:04:19:10 -0700] "GET /self.logs/access.log.2017-02-06.gz HTTP/1.1" 200 30000 "http://www.secrepo.com/self.logs/" "Wget/1.19.1 (cygwin)" 
132.147.76.140 - - [20/Sep/2017:04:19:20 -0700] "GET /self.logs/access.log.2017-02-07.gz HTTP/1.1" 200 19864 "http://www.secrepo.com/self.logs/" "Wget/1.19.1 (cygwin)" 
132.147.76.140 - - [20/Sep/2017:04:19:30 -0700] "GET /self.logs/access.log.2017-02-08.gz HTTP/1.1" 200 31189 "http://www.secrepo.com/self.logs/" "Wget/1.19.1 (cygwin)" 
132.147.76.140 - - [20/Sep/2017:04:19:39 -0700] "GET /self.logs/access.log.2017-02-09.gz HTTP/1.1" 200 22743 "http://www.secrepo.com/self.logs/" "Wget/1.19.1 (cygwin)" 
132.147.76.140 - - [20/Sep/2017:04:19:49 -0700] "GET /self.logs/access.log.2017-02-10.gz HTTP/1.1" 200 36458 "http://www.secrepo.com/self.logs/" "Wget/1.19.1 (cygwin)" 
132.147.76.140 - - [20/Sep/2017:04:19:59 -0700] "GET /self.logs/access.log.2017-02-11.gz HTTP/1.1" 200 35540 "http://www.secrepo.com/self.logs/" "Wget/1.19.1 (cygwin)" 
132.147.76.140 - - [20/Sep/2017:04:20:09 -0700] "GET /self.logs/access.log.2017-02-12.gz HTTP/1.1" 200 17709 "http://www.secrepo.com/self.logs/" "Wget/1.19.1 (cygwin)" 
132.147.76.140 - - [20/Sep/2017:04:20:19 -0700] "GET /self.logs/access.log.2017-02-13.gz HTTP/1.1" 200 25423 "http://www.secrepo.com/self.logs/" "Wget/1.19.1 (cygwin)" 
132.147.76.140 - - [20/Sep/2017:04:20:29 -0700] "GET /self.logs/access.log.2017-02-14.gz HTTP/1.1" 200 53632 "http://www.secrepo.com/self.logs/" "Wget/1.19.1 (cygwin)" 
132.147.76.140 - - [20/Sep/2017:04:20:39 -0700] "GET /self.logs/access.log.2017-02-15.gz HTTP/1.1" 200 25109 "http://www.secrepo.com/self.logs/" "Wget/1.19.1 (cygwin)" 
132.147.76.140 - - [20/Sep/2017:04:20:48 -0700] "GET /self.logs/access.log.2017-02-16.gz HTTP/1.1" 200 17533 "http://www.secrepo.com/self.logs/" "Wget/1.19.1 (cygwin)" 
132.147.76.140 - - [20/Sep/2017:04:20:58 -0700] "GET /self.logs/access.log.2017-02-17.gz HTTP/1.1" 200 14911 "http://www.secrepo.com/self.logs/" "Wget/1.19.1 (cygwin)" 
132.147.76.140 - - [20/Sep/2017:04:21:08 -0700] "GET /self.logs/access.log.2017-02-18.gz HTTP/1.1" 200 20948 "http://www.secrepo.com/self.logs/" "Wget/1.19.1 (cygwin)" 
132.147.76.140 - - [20/Sep/2017:04:21:18 -0700] "GET /self.logs/access.log.2017-02-19.gz HTTP/1.1" 200 16359 "http://www.secrepo.com/self.logs/" "Wget/1.19.1 (cygwin)" 
132.147.76.140 - - [20/Sep/2017:04:21:28 -0700] "GET /self.logs/access.log.2017-02-20.gz HTTP/1.1" 200 18987 "http://www.secrepo.com/self.logs/" "Wget/1.19.1 (cygwin)" 
132.147.76.140 - - [20/Sep/2017:04:21:37 -0700] "GET /self.logs/access.log.2017-02-21.gz HTTP/1.1" 200 15913 "http://www.secrepo.com/self.logs/" "Wget/1.19.1 (cygwin)" 
132.147.76.140 - - [20/Sep/2017:04:21:47 -0700] "GET /self.logs/access.log.2017-02-22.gz HTTP/1.1" 200 24301 "http://www.secrepo.com/self.logs/" "Wget/1.19.1 (cygwin)" 
132.147.76.140 - - [20/Sep/2017:04:21:57 -0700] "GET /self.logs/access.log.2017-02-23.gz HTTP/1.1" 200 20594 "http://www.secrepo.com/self.logs/" "Wget/1.19.1 (cygwin)" 
132.147.76.140 - - [20/Sep/2017:04:22:07 -0700] "GET /self.logs/access.log.2017-02-24.gz HTTP/1.1" 200 66986 "http://www.secrepo.com/self.logs/" "Wget/1.19.1 (cygwin)" 
132.147.76.140 - - [20/Sep/2017:04:22:17 -0700] "GET /self.logs/access.log.2017-02-25.gz HTTP/1.1" 200 13177 "http://www.secrepo.com/self.logs/" "Wget/1.19.1 (cygwin)" 
132.147.76.140 - - [20/Sep/2017:04:22:26 -0700] "GET /self.logs/access.log.2017-02-26.gz HTTP/1.1" 200 39631 "http://www.secrepo.com/self.logs/" "Wget/1.19.1 (cygwin)" 
132.147.76.140 - - [20/Sep/2017:04:22:37 -0700] "GET /self.logs/access.log.2017-02-27.gz HTTP/1.1" 200 37698 "http://www.secrepo.com/self.logs/" "Wget/1.19.1 (cygwin)" 
132.147.76.140 - - [20/Sep/2017:04:22:47 -0700] "GET /self.logs/access.log.2017-02-28.gz HTTP/1.1" 200 21527 "http://www.secrepo.com/self.logs/" "Wget/1.19.1 (cygwin)" 
132.147.76.140 - - [20/Sep/2017:04:22:56 -0700] "GET /self.logs/access.log.2017-03-01.gz HTTP/1.1" 200 20635 "http://www.secrepo.com/self.logs/" "Wget/1.19.1 (cygwin)" 
132.147.76.140 - - [20/Sep/2017:04:23:06 -0700] "GET /self.logs/access.log.2017-03-02.gz HTTP/1.1" 200 25263 "http://www.secrepo.com/self.logs/" "Wget/1.19.1 (cygwin)" 
132.147.76.140 - - [20/Sep/2017:04:23:16 -0700] "GET /self.logs/access.log.2017-03-03.gz HTTP/1.1" 200 18179 "http://www.secrepo.com/self.logs/" "Wget/1.19.1 (cygwin)" 
132.147.76.140 - - [20/Sep/2017:04:23:26 -0700] "GET /self.logs/access.log.2017-03-04.gz HTTP/1.1" 200 15617 "http://www.secrepo.com/self.logs/" "Wget/1.19.1 (cygwin)" 
132.147.76.140 - - [20/Sep/2017:04:23:35 -0700] "GET /self.logs/access.log.2017-03-05.gz HTTP/1.1" 200 14615 "http://www.secrepo.com/self.logs/" "Wget/1.19.1 (cygwin)" 
132.147.76.140 - - [20/Sep/2017:04:23:45 -0700] "GET /self.logs/access.log.2017-03-06.gz HTTP/1.1" 200 19584 "http://www.secrepo.com/self.logs/" "Wget/1.19.1 (cygwin)" 
132.147.76.140 - - [20/Sep/2017:04:23:55 -0700] "GET /self.logs/access.log.2017-03-07.gz HTTP/1.1" 200 21564 "http://www.secrepo.com/self.logs/" "Wget/1.19.1 (cygwin)" 
132.147.76.140 - - [20/Sep/2017:04:24:05 -0700] "GET /self.logs/access.log.2017-03-08.gz HTTP/1.1" 200 17955 "http://www.secrepo.com/self.logs/" "Wget/1.19.1 (cygwin)" 
132.147.76.140 - - [20/Sep/2017:04:24:14 -0700] "GET /self.logs/access.log.2017-03-09.gz HTTP/1.1" 200 22703 "http://www.secrepo.com/self.logs/" "Wget/1.19.1 (cygwin)" 
132.147.76.140 - - [20/Sep/2017:04:24:24 -0700] "GET /self.logs/access.log.2017-03-10.gz HTTP/1.1" 200 17832 "http://www.secrepo.com/self.logs/" "Wget/1.19.1 (cygwin)" 
132.147.76.140 - - [20/Sep/2017:04:24:34 -0700] "GET /self.logs/access.log.2017-03-11.gz HTTP/1.1" 200 14687 "http://www.secrepo.com/self.logs/" "Wget/1.19.1 (cygwin)" 
132.147.76.140 - - [20/Sep/2017:04:24:44 -0700] "GET /self.logs/access.log.2017-03-13.gz HTTP/1.1" 200 43509 "http://www.secrepo.com/self.logs/" "Wget/1.19.1 (cygwin)" 
132.147.76.140 - - [20/Sep/2017:04:24:54 -0700] "GET /self.logs/access.log.2017-03-14.gz HTTP/1.1" 200 16440 "http://www.secrepo.com/self.logs/" "Wget/1.19.1 (cygwin)" 
132.147.76.140 - - [20/Sep/2017:04:25:03 -0700] "GET /self.logs/access.log.2017-03-15.gz HTTP/1.1" 200 15704 "http://www.secrepo.com/self.logs/" "Wget/1.19.1 (cygwin)" 
132.147.76.140 - - [20/Sep/2017:04:25:13 -0700] "GET /self.logs/access.log.2017-03-16.gz HTTP/1.1" 200 30794 "http://www.secrepo.com/self.logs/" "Wget/1.19.1 (cygwin)" 
132.147.76.140 - - [20/Sep/2017:04:25:23 -0700] "GET /self.logs/access.log.2017-03-17.gz HTTP/1.1" 200 17806 "http://www.secrepo.com/self.logs/" "Wget/1.19.1 (cygwin)" 
132.147.76.140 - - [20/Sep/2017:04:25:33 -0700] "GET /self.logs/access.log.2017-03-18.gz HTTP/1.1" 200 10473 "http://www.secrepo.com/self.logs/" "Wget/1.19.1 (cygwin)" 
132.147.76.140 - - [20/Sep/2017:04:25:42 -0700] "GET /self.logs/access.log.2017-03-19.gz HTTP/1.1" 200 15883 "http://www.secrepo.com/self.logs/" "Wget/1.19.1 (cygwin)" 
132.147.76.140 - - [20/Sep/2017:04:25:52 -0700] "GET /self.logs/access.log.2017-03-20.gz HTTP/1.1" 200 16008 "http://www.secrepo.com/self.logs/" "Wget/1.19.1 (cygwin)" 
132.147.76.140 - - [20/Sep/2017:04:26:02 -0700] "GET /self.logs/access.log.2017-03-21.gz HTTP/1.1" 200 26675 "http://www.secrepo.com/self.logs/" "Wget/1.19.1 (cygwin)" 
93.158.161.2 - - [20/Sep/2017:04:26:04 -0700] "GET /self.logs/2015/?C=D;O=A HTTP/1.1" 200 7437 "-" "Mozilla/5.0 (compatible; YandexBot/3.0; +http://yandex.com/bots)" 
93.158.161.2 - - [20/Sep/2017:04:26:08 -0700] "GET /self.logs/2015/?C=M;O=A HTTP/1.1" 200 7660 "-" "Mozilla/5.0 (compatible; YandexBot/3.0; +http://yandex.com/bots)" 
93.158.161.2 - - [20/Sep/2017:04:26:11 -0700] "GET /self.logs/2015/?C=N;O=D HTTP/1.1" 200 7480 "-" "Mozilla/5.0 (compatible; YandexBot/3.0; +http://yandex.com/bots)" 
132.147.76.140 - - [20/Sep/2017:04:26:12 -0700] "GET /self.logs/access.log.2017-03-22.gz HTTP/1.1" 200 25013 "http://www.secrepo.com/self.logs/" "Wget/1.19.1 (cygwin)" 
132.147.76.140 - - [20/Sep/2017:04:26:25 -0700] "GET /self.logs/access.log.2017-03-23.gz HTTP/1.1" 200 17079 "http://www.secrepo.com/self.logs/" "Wget/1.19.1 (cygwin)" 
132.147.76.140 - - [20/Sep/2017:04:26:36 -0700] "GET /self.logs/access.log.2017-03-24.gz HTTP/1.1" 200 22839 "http://www.secrepo.com/self.logs/" "Wget/1.19.1 (cygwin)" 
14.100.132.114 - - [20/Sep/2017:04:26:45 -0700] "GET /self.logs/ HTTP/1.1" 200 5602 "-" "Mozilla/5.0 (Linux; Android 7.0; SAMSUNG SM-G935F Build/NRD90M) AppleWebKit/537.36 (KHTML, like Gecko) SamsungBrowser/5.4 Chrome/51.0.2704.106 Mobile Safari/537.36" 
14.100.132.114 - - [20/Sep/2017:04:26:46 -0700] "GET /favicon.ico HTTP/1.1" 200 267 "http://www.secrepo.com/self.logs/" "Mozilla/5.0 (Linux; Android 7.0; SAMSUNG SM-G935F Build/NRD90M) AppleWebKit/537.36 (KHTML, like Gecko) SamsungBrowser/5.4 Chrome/51.0.2704.106 Mobile Safari/537.36" 
132.147.76.140 - - [20/Sep/2017:04:26:46 -0700] "GET /self.logs/access.log.2017-03-25.gz HTTP/1.1" 200 13477 "http://www.secrepo.com/self.logs/" "Wget/1.19.1 (cygwin)" 
132.147.76.140 - - [20/Sep/2017:04:26:55 -0700] "GET /self.logs/access.log.2017-03-26.gz HTTP/1.1" 200 14181 "http://www.secrepo.com/self.logs/" "Wget/1.19.1 (cygwin)" 
14.100.132.114 - - [20/Sep/2017:04:27:04 -0700] "GET /self.logs/access.log.2017-01-11.gz HTTP/1.1" 200 91545 "http://www.secrepo.com/self.logs/" "Mozilla/5.0 (Linux; Android 7.0; SAMSUNG SM-G935F Build/NRD90M) AppleWebKit/537.36 (KHTML, like Gecko) SamsungBrowser/5.4 Chrome/51.0.2704.106 Mobile Safari/537.36" 
132.147.76.140 - - [20/Sep/2017:04:27:05 -0700] "GET /self.logs/access.log.2017-03-27.gz HTTP/1.1" 200 15542 "http://www.secrepo.com/self.logs/" "Wget/1.19.1 (cygwin)" 
14.100.132.114 - - [20/Sep/2017:04:27:05 -0700] "GET /self.logs/access.log.2017-01-11.gz HTTP/1.1" 200 92909 "http://www.secrepo.com/self.logs/" "Mozilla/5.0 (Linux; Android 7.0; SAMSUNG SM-G935F Build/NRD90M) AppleWebKit/537.36 (KHTML, like Gecko) SamsungBrowser/5.4 Chrome/51.0.2704.106 Mobile Safari/537.36" 
217.182.132.148 - - [20/Sep/2017:04:27:14 -0700] "GET /self.logs/access.log.2016-08-02.gz HTTP/1.1" 404 284 "-" "Mozilla/5.0 (compatible; AhrefsBot/5.2; +http://ahrefs.com/robot/)" 
132.147.76.140 - - [20/Sep/2017:04:27:15 -0700] "GET /self.logs/access.log.2017-03-28.gz HTTP/1.1" 200 15418 "http://www.secrepo.com/self.logs/" "Wget/1.19.1 (cygwin)" 
132.147.76.140 - - [20/Sep/2017:04:27:24 -0700] "GET /self.logs/access.log.2017-03-29.gz HTTP/1.1" 200 15391 "http://www.secrepo.com/self.logs/" "Wget/1.19.1 (cygwin)" 
132.147.76.140 - - [20/Sep/2017:04:27:34 -0700] "GET /self.logs/access.log.2017-03-30.gz HTTP/1.1" 200 15673 "http://www.secrepo.com/self.logs/" "Wget/1.19.1 (cygwin)" 
132.147.76.140 - - [20/Sep/2017:04:27:44 -0700] "GET /self.logs/access.log.2017-03-31.gz HTTP/1.1" 200 37614 "http://www.secrepo.com/self.logs/" "Wget/1.19.1 (cygwin)" 
112.196.191.147 - - [20/Sep/2017:04:27:52 -0700] "GET /wp-login.php HTTP/1.1" 301 522 "-" "Mozilla/5.0 (Windows NT 6.1; WOW64; rv:40.0) Gecko/20100101 Firefox/40.1" 
112.196.191.147 - - [20/Sep/2017:04:27:52 -0700] "GET /wp-login.php HTTP/1.1" 404 295 "-" "Mozilla/5.0 (Windows NT 6.1; WOW64; rv:40.0) Gecko/20100101 Firefox/40.1" 
132.147.76.140 - - [20/Sep/2017:04:27:54 -0700] "GET /self.logs/access.log.2017-04-01.gz HTTP/1.1" 200 11968 "http://www.secrepo.com/self.logs/" "Wget/1.19.1 (cygwin)" 
112.196.191.147 - - [20/Sep/2017:04:27:58 -0700] "GET /wp-login.php HTTP/1.1" 301 522 "-" "Mozilla/5.0 (Windows NT 6.1; WOW64; rv:40.0) Gecko/20100101 Firefox/40.1" 
112.196.191.147 - - [20/Sep/2017:04:27:58 -0700] "GET /wp-login.php HTTP/1.1" 404 295 "-" "Mozilla/5.0 (Windows NT 6.1; WOW64; rv:40.0) Gecko/20100101 Firefox/40.1" 
132.147.76.140 - - [20/Sep/2017:04:28:03 -0700] "GET /self.logs/access.log.2017-04-02.gz HTTP/1.1" 200 22130 "http://www.secrepo.com/self.logs/" "Wget/1.19.1 (cygwin)" 
112.196.191.147 - - [20/Sep/2017:04:28:04 -0700] "GET / HTTP/1.1" 301 498 "-" "Mozilla/5.0 (Windows NT 6.1; WOW64; rv:40.0) Gecko/20100101 Firefox/40.1" 
112.196.191.147 - - [20/Sep/2017:04:28:05 -0700] "GET / HTTP/1.1" 200 36860 "-" "Mozilla/5.0 (Windows NT 6.1; WOW64; rv:40.0) Gecko/20100101 Firefox/40.1" 
132.147.76.140 - - [20/Sep/2017:04:28:13 -0700] "GET /self.logs/access.log.2017-04-03.gz HTTP/1.1" 200 33778 "http://www.secrepo.com/self.logs/" "Wget/1.19.1 (cygwin)" 
132.147.76.140 - - [20/Sep/2017:04:28:23 -0700] "GET /self.logs/access.log.2017-04-04.gz HTTP/1.1" 200 40163 "http://www.secrepo.com/self.logs/" "Wget/1.19.1 (cygwin)" 
132.147.76.140 - - [20/Sep/2017:04:28:33 -0700] "GET /self.logs/access.log.2017-04-05.gz HTTP/1.1" 200 52233 "http://www.secrepo.com/self.logs/" "Wget/1.19.1 (cygwin)" 
132.147.76.140 - - [20/Sep/2017:04:28:43 -0700] "GET /self.logs/access.log.2017-04-06.gz HTTP/1.1" 200 31571 "http://www.secrepo.com/self.logs/" "Wget/1.19.1 (cygwin)" 
211.103.88.105 - - [20/Sep/2017:04:28:51 -0700] "GET /maccdc2012/maccdc2012_full_alert.7z HTTP/1.1" 304 132 "-" "Mozilla/5.0 Gecko/20100115 Firefox/3.6" 
132.147.76.140 - - [20/Sep/2017:04:28:53 -0700] "GET /self.logs/access.log.2017-04-07.gz HTTP/1.1" 200 27802 "http://www.secrepo.com/self.logs/" "Wget/1.19.1 (cygwin)" 
132.147.76.140 - - [20/Sep/2017:04:29:03 -0700] "GET /self.logs/access.log.2017-04-08.gz HTTP/1.1" 200 16168 "http://www.secrepo.com/self.logs/" "Wget/1.19.1 (cygwin)" 
132.147.76.140 - - [20/Sep/2017:04:29:12 -0700] "GET /self.logs/access.log.2017-04-09.gz HTTP/1.1" 200 39274 "http://www.secrepo.com/self.logs/" "Wget/1.19.1 (cygwin)" 
132.147.76.140 - - [20/Sep/2017:04:29:22 -0700] "GET /self.logs/access.log.2017-04-10.gz HTTP/1.1" 200 50804 "http://www.secrepo.com/self.logs/" "Wget/1.19.1 (cygwin)" 
132.147.76.140 - - [20/Sep/2017:04:29:32 -0700] "GET /self.logs/access.log.2017-04-11.gz HTTP/1.1" 200 32436 "http://www.secrepo.com/self.logs/" "Wget/1.19.1 (cygwin)" 
132.147.76.140 - - [20/Sep/2017:04:29:42 -0700] "GET /self.logs/access.log.2017-04-12.gz HTTP/1.1" 200 28065 "http://www.secrepo.com/self.logs/" "Wget/1.19.1 (cygwin)" 
132.147.76.140 - - [20/Sep/2017:04:29:52 -0700] "GET /self.logs/access.log.2017-04-13.gz HTTP/1.1" 200 23061 "http://www.secrepo.com/self.logs/" "Wget/1.19.1 (cygwin)" 
132.147.76.140 - - [20/Sep/2017:04:30:02 -0700] "GET /self.logs/access.log.2017-04-14.gz HTTP/1.1" 200 34938 "http://www.secrepo.com/self.logs/" "Wget/1.19.1 (cygwin)" 
113.14.121.56 - - [20/Sep/2017:04:30:06 -0700] "GET /favicon.ico HTTP/1.1" 200 268 "-" "Mozilla/5.0 (Windows NT 6.1; WOW64) AppleWebKit/537.36 (KHTML, like Gecko) Chrome/55.0.2883.87 Safari/537.36" 
132.147.76.140 - - [20/Sep/2017:04:30:11 -0700] "GET /self.logs/access.log.2017-04-15.gz HTTP/1.1" 200 13692 "http://www.secrepo.com/self.logs/" "Wget/1.19.1 (cygwin)" 
132.147.76.140 - - [20/Sep/2017:04:30:21 -0700] "GET /self.logs/access.log.2017-04-16.gz HTTP/1.1" 200 15253 "http://www.secrepo.com/self.logs/" "Wget/1.19.1 (cygwin)" 
132.147.76.140 - - [20/Sep/2017:04:30:31 -0700] "GET /self.logs/access.log.2017-04-17.gz HTTP/1.1" 200 20111 "http://www.secrepo.com/self.logs/" "Wget/1.19.1 (cygwin)" 
132.147.76.140 - - [20/Sep/2017:04:30:41 -0700] "GET /self.logs/access.log.2017-04-18.gz HTTP/1.1" 200 20224 "http://www.secrepo.com/self.logs/" "Wget/1.19.1 (cygwin)" 
132.147.76.140 - - [20/Sep/2017:04:30:51 -0700] "GET /self.logs/access.log.2017-04-19.gz HTTP/1.1" 200 19542 "http://www.secrepo.com/self.logs/" "Wget/1.19.1 (cygwin)" 
132.147.76.140 - - [20/Sep/2017:04:31:00 -0700] "GET /self.logs/access.log.2017-04-20.gz HTTP/1.1" 200 16599 "http://www.secrepo.com/self.logs/" "Wget/1.19.1 (cygwin)" 
132.147.76.140 - - [20/Sep/2017:04:31:10 -0700] "GET /self.logs/access.log.2017-04-21.gz HTTP/1.1" 200 22258 "http://www.secrepo.com/self.logs/" "Wget/1.19.1 (cygwin)" 
132.147.76.140 - - [20/Sep/2017:04:31:20 -0700] "GET /self.logs/access.log.2017-04-22.gz HTTP/1.1" 200 12915 "http://www.secrepo.com/self.logs/" "Wget/1.19.1 (cygwin)" 
132.147.76.140 - - [20/Sep/2017:04:31:29 -0700] "GET /self.logs/access.log.2017-04-23.gz HTTP/1.1" 200 14764 "http://www.secrepo.com/self.logs/" "Wget/1.19.1 (cygwin)" 
132.147.76.140 - - [20/Sep/2017:04:31:39 -0700] "GET /self.logs/access.log.2017-04-24.gz HTTP/1.1" 200 17088 "http://www.secrepo.com/self.logs/" "Wget/1.19.1 (cygwin)" 
132.147.76.140 - - [20/Sep/2017:04:31:49 -0700] "GET /self.logs/access.log.2017-04-25.gz HTTP/1.1" 200 30356 "http://www.secrepo.com/self.logs/" "Wget/1.19.1 (cygwin)" 
132.147.76.140 - - [20/Sep/2017:04:31:59 -0700] "GET /self.logs/access.log.2017-04-26.gz HTTP/1.1" 200 15852 "http://www.secrepo.com/self.logs/" "Wget/1.19.1 (cygwin)" 
197.52.157.32 - - [20/Sep/2017:04:32:00 -0700] "GET /wp-login.php HTTP/1.1" 404 295 "-" "Mozilla/5.0 (Windows NT 6.1; WOW64; rv:40.0) Gecko/20100101 Firefox/40.1" 
