221.232.135.51 - - [13/Dec/2017:04:55:31 -0800] "GET /pe_static/zeus.zip HTTP/1.1" 206 81088 "-" "Mozilla/4.0 (compatible; MSIE 7.0; Windows NT 6.2; WOW64; Trident/7.0; .NET4.0E; .NET4.0C; .NET CLR 3.5.30729; .NET CLR 2.0.50727; .NET CLR 3.0.30729)" 
221.232.135.51 - - [13/Dec/2017:04:55:22 -0800] "GET /pe_static/op-cleaver.zip HTTP/1.1" 206 68056 "-" "Mozilla/4.0 (compatible; MSIE 7.0; Windows NT 6.2; WOW64; Trident/7.0; .NET4.0E; .NET4.0C; .NET CLR 3.5.30729; .NET CLR 2.0.50727; .NET CLR 3.0.30729)" 
180.111.33.148 - - [13/Dec/2017:04:55:57 -0800] "GET /bootstrap/img/favicon.ico HTTP/1.1" 200 590 "http://www.secrepo.com/" "Mozilla/5.0 (Windows NT 10.0; WOW64) AppleWebKit/537.36 (KHTML, like Gecko) Chrome/55.0.2883.87 Safari/537.36" 
221.232.135.51 - - [13/Dec/2017:04:56:09 -0800] "GET /pe_static/op-cleaver.zip HTTP/1.1" 206 32316 "-" "Mozilla/4.0 (compatible; MSIE 7.0; Windows NT 6.2; WOW64; Trident/7.0; .NET4.0E; .NET4.0C; .NET CLR 3.5.30729; .NET CLR 2.0.50727; .NET CLR 3.0.30729)" 
221.232.135.51 - - [13/Dec/2017:04:56:14 -0800] "GET /pe_static/op-cleaver.zip HTTP/1.1" 206 45107 "-" "Mozilla/4.0 (compatible; MSIE 7.0; Windows NT 6.2; WOW64; Trident/7.0; .NET4.0E; .NET4.0C; .NET CLR 3.5.30729; .NET CLR 2.0.50727; .NET CLR 3.0.30729)" 
221.232.135.51 - - [13/Dec/2017:04:56:14 -0800] "GET /pe_static/op-cleaver.zip HTTP/1.1" 206 15880 "-" "Mozilla/4.0 (compatible; MSIE 7.0; Windows NT 6.2; WOW64; Trident/7.0; .NET4.0E; .NET4.0C; .NET CLR 3.5.30729; .NET CLR 2.0.50727; .NET CLR 3.0.30729)" 
221.232.135.51 - - [13/Dec/2017:04:56:15 -0800] "GET /pe_static/op-cleaver.zip HTTP/1.1" 206 45106 "-" "Mozilla/4.0 (compatible; MSIE 7.0; Windows NT 6.2; WOW64; Trident/7.0; .NET4.0E; .NET4.0C; .NET CLR 3.5.30729; .NET CLR 2.0.50727; .NET CLR 3.0.30729)" 
221.232.135.51 - - [13/Dec/2017:04:57:15 -0800] "GET /Security-Data-Analysis/Lab_1/conn.log.zip HTTP/1.1" 200 81088 "-" "Mozilla/4.0 (compatible; MSIE 7.0; Windows NT 6.2; WOW64; Trident/7.0; .NET4.0E; .NET4.0C; .NET CLR 3.5.30729; .NET CLR 2.0.50727; .NET CLR 3.0.30729)" 
221.232.135.51 - - [13/Dec/2017:04:57:17 -0800] "GET /Security-Data-Analysis/Lab_1/conn.log.zip HTTP/1.1" 206 81088 "-" "Mozilla/4.0 (compatible; MSIE 7.0; Windows NT 6.2; WOW64; Trident/7.0; .NET4.0E; .NET4.0C; .NET CLR 3.5.30729; .NET CLR 2.0.50727; .NET CLR 3.0.30729)" 
221.232.135.51 - - [13/Dec/2017:04:57:18 -0800] "GET /Security-Data-Analysis/Lab_1/conn.log.zip HTTP/1.1" 206 81088 "-" "Mozilla/4.0 (compatible; MSIE 7.0; Windows NT 6.2; WOW64; Trident/7.0; .NET4.0E; .NET4.0C; .NET CLR 3.5.30729; .NET CLR 2.0.50727; .NET CLR 3.0.30729)" 
221.232.135.51 - - [13/Dec/2017:04:57:37 -0800] "GET /maccdc2012/dhcp.log.gz HTTP/1.1" 200 44867 "-" "Mozilla/4.0 (compatible; MSIE 7.0; Windows NT 6.2; WOW64; Trident/7.0; .NET4.0E; .NET4.0C; .NET CLR 3.5.30729; .NET CLR 2.0.50727; .NET CLR 3.0.30729)" 
221.232.135.51 - - [13/Dec/2017:04:57:38 -0800] "GET /maccdc2012/dhcp.log.gz HTTP/1.1" 206 40871 "-" "Mozilla/4.0 (compatible; MSIE 7.0; Windows NT 6.2; WOW64; Trident/7.0; .NET4.0E; .NET4.0C; .NET CLR 3.5.30729; .NET CLR 2.0.50727; .NET CLR 3.0.30729)" 
221.232.135.51 - - [13/Dec/2017:04:57:58 -0800] "GET /maccdc2012/dhcp.log.gz HTTP/1.1" 206 35427 "-" "Mozilla/4.0 (compatible; MSIE 7.0; Windows NT 6.2; WOW64; Trident/7.0; .NET4.0E; .NET4.0C; .NET CLR 3.5.30729; .NET CLR 2.0.50727; .NET CLR 3.0.30729)" 
221.232.135.51 - - [13/Dec/2017:04:57:36 -0800] "GET /Security-Data-Analysis/Lab_1/conn.log.zip HTTP/1.1" 206 81088 "-" "Mozilla/4.0 (compatible; MSIE 7.0; Windows NT 6.2; WOW64; Trident/7.0; .NET4.0E; .NET4.0C; .NET CLR 3.5.30729; .NET CLR 2.0.50727; .NET CLR 3.0.30729)" 
221.232.135.51 - - [13/Dec/2017:04:58:16 -0800] "GET /maccdc2012/dhcp.log.gz HTTP/1.1" 206 31432 "-" "Mozilla/4.0 (compatible; MSIE 7.0; Windows NT 6.2; WOW64; Trident/7.0; .NET4.0E; .NET4.0C; .NET CLR 3.5.30729; .NET CLR 2.0.50727; .NET CLR 3.0.30729)" 
221.232.135.51 - - [13/Dec/2017:04:57:59 -0800] "GET /Security-Data-Analysis/Lab_1/conn.log.zip HTTP/1.1" 206 81088 "-" "Mozilla/4.0 (compatible; MSIE 7.0; Windows NT 6.2; WOW64; Trident/7.0; .NET4.0E; .NET4.0C; .NET CLR 3.5.30729; .NET CLR 2.0.50727; .NET CLR 3.0.30729)" 
221.232.135.51 - - [13/Dec/2017:04:58:00 -0800] "GET /Security-Data-Analysis/Lab_1/conn.log.zip HTTP/1.1" 206 81088 "-" "Mozilla/4.0 (compatible; MSIE 7.0; Windows NT 6.2; WOW64; Trident/7.0; .NET4.0E; .NET4.0C; .NET CLR 3.5.30729; .NET CLR 2.0.50727; .NET CLR 3.0.30729)" 
221.232.135.51 - - [13/Dec/2017:04:58:16 -0800] "GET /Security-Data-Analysis/Lab_1/conn.log.zip HTTP/1.1" 206 81088 "-" "Mozilla/4.0 (compatible; MSIE 7.0; Windows NT 6.2; WOW64; Trident/7.0; .NET4.0E; .NET4.0C; .NET CLR 3.5.30729; .NET CLR 2.0.50727; .NET CLR 3.0.30729)" 
221.232.135.51 - - [13/Dec/2017:04:57:17 -0800] "GET /Security-Data-Analysis/Lab_1/conn.log.zip HTTP/1.1" 206 1048948 "-" "Mozilla/4.0 (compatible; MSIE 7.0; Windows NT 6.2; WOW64; Trident/7.0; .NET4.0E; .NET4.0C; .NET CLR 3.5.30729; .NET CLR 2.0.50727; .NET CLR 3.0.30729)" 
221.232.135.51 - - [13/Dec/2017:04:58:43 -0800] "GET /Security-Data-Analysis/Lab_1/conn.log.zip HTTP/1.1" 206 81088 "-" "Mozilla/4.0 (compatible; MSIE 7.0; Windows NT 6.2; WOW64; Trident/7.0; .NET4.0E; .NET4.0C; .NET CLR 3.5.30729; .NET CLR 2.0.50727; .NET CLR 3.0.30729)" 
221.232.135.51 - - [13/Dec/2017:04:58:38 -0800] "GET /Security-Data-Analysis/Lab_1/conn.log.zip HTTP/1.1" 206 81088 "-" "Mozilla/4.0 (compatible; MSIE 7.0; Windows NT 6.2; WOW64; Trident/7.0; .NET4.0E; .NET4.0C; .NET CLR 3.5.30729; .NET CLR 2.0.50727; .NET CLR 3.0.30729)" 
120.221.0.34 - - [13/Dec/2017:04:59:08 -0800] "GET /honeypot/Honeypot%20-%20Howto.pdf HTTP/1.1" 304 131 "-" "Mozilla/5.0 Gecko/20100115 Firefox/3.6" 
221.232.135.51 - - [13/Dec/2017:04:59:04 -0800] "GET /Security-Data-Analysis/Lab_1/conn.log.zip HTTP/1.1" 206 81088 "-" "Mozilla/4.0 (compatible; MSIE 7.0; Windows NT 6.2; WOW64; Trident/7.0; .NET4.0E; .NET4.0C; .NET CLR 3.5.30729; .NET CLR 2.0.50727; .NET CLR 3.0.30729)" 
221.232.135.51 - - [13/Dec/2017:04:59:05 -0800] "GET /Security-Data-Analysis/Lab_1/conn.log.zip HTTP/1.1" 206 81088 "-" "Mozilla/4.0 (compatible; MSIE 7.0; Windows NT 6.2; WOW64; Trident/7.0; .NET4.0E; .NET4.0C; .NET CLR 3.5.30729; .NET CLR 2.0.50727; .NET CLR 3.0.30729)" 
221.232.135.51 - - [13/Dec/2017:04:59:07 -0800] "GET /Security-Data-Analysis/Lab_1/conn.log.zip HTTP/1.1" 206 81088 "-" "Mozilla/4.0 (compatible; MSIE 7.0; Windows NT 6.2; WOW64; Trident/7.0; .NET4.0E; .NET4.0C; .NET CLR 3.5.30729; .NET CLR 2.0.50727; .NET CLR 3.0.30729)" 
221.232.135.51 - - [13/Dec/2017:04:59:37 -0800] "GET /Security-Data-Analysis/Lab_1/conn.log.zip HTTP/1.1" 206 81088 "-" "Mozilla/4.0 (compatible; MSIE 7.0; Windows NT 6.2; WOW64; Trident/7.0; .NET4.0E; .NET4.0C; .NET CLR 3.5.30729; .NET CLR 2.0.50727; .NET CLR 3.0.30729)" 
221.232.135.51 - - [13/Dec/2017:05:00:01 -0800] "GET /Security-Data-Analysis/Lab_1/conn.log.zip HTTP/1.1" 206 81088 "-" "Mozilla/4.0 (compatible; MSIE 7.0; Windows NT 6.2; WOW64; Trident/7.0; .NET4.0E; .NET4.0C; .NET CLR 3.5.30729; .NET CLR 2.0.50727; .NET CLR 3.0.30729)" 
151.80.39.157 - - [13/Dec/2017:05:00:38 -0800] "GET /robots.txt HTTP/1.1" 301 446 "-" "Mozilla/5.0 (compatible; AhrefsBot/5.2; +http://ahrefs.com/robot/)" 
151.80.39.157 - - [13/Dec/2017:05:00:38 -0800] "GET /robots.txt HTTP/1.1" 200 304 "-" "Mozilla/5.0 (compatible; AhrefsBot/5.2; +http://ahrefs.com/robot/)" 
221.232.135.51 - - [13/Dec/2017:05:00:28 -0800] "GET /Security-Data-Analysis/Lab_1/conn.log.zip HTTP/1.1" 206 81088 "-" "Mozilla/4.0 (compatible; MSIE 7.0; Windows NT 6.2; WOW64; Trident/7.0; .NET4.0E; .NET4.0C; .NET CLR 3.5.30729; .NET CLR 2.0.50727; .NET CLR 3.0.30729)" 
221.232.135.51 - - [13/Dec/2017:05:00:55 -0800] "GET /Security-Data-Analysis/Lab_1/conn.log.zip HTTP/1.1" 206 81088 "-" "Mozilla/4.0 (compatible; MSIE 7.0; Windows NT 6.2; WOW64; Trident/7.0; .NET4.0E; .NET4.0C; .NET CLR 3.5.30729; .NET CLR 2.0.50727; .NET CLR 3.0.30729)" 
221.232.135.51 - - [13/Dec/2017:04:58:24 -0800] "GET /Security-Data-Analysis/Lab_1/conn.log.zip HTTP/1.1" 206 1970728 "-" "Mozilla/4.0 (compatible; MSIE 7.0; Windows NT 6.2; WOW64; Trident/7.0; .NET4.0E; .NET4.0C; .NET CLR 3.5.30729; .NET CLR 2.0.50727; .NET CLR 3.0.30729)" 
221.232.135.51 - - [13/Dec/2017:05:01:40 -0800] "GET /Security-Data-Analysis/Lab_1/conn.log.zip HTTP/1.1" 206 81088 "-" "Mozilla/4.0 (compatible; MSIE 7.0; Windows NT 6.2; WOW64; Trident/7.0; .NET4.0E; .NET4.0C; .NET CLR 3.5.30729; .NET CLR 2.0.50727; .NET CLR 3.0.30729)" 
120.221.1.28 - - [13/Dec/2017:05:02:20 -0800] "GET /maccdc2012/files.log.gz HTTP/1.1" 304 155 "-" "Mozilla/5.0 Gecko/20100115 Firefox/3.6" 
221.232.135.51 - - [13/Dec/2017:05:01:55 -0800] "GET /Security-Data-Analysis/Lab_1/conn.log.zip HTTP/1.1" 206 81088 "-" "Mozilla/4.0 (compatible; MSIE 7.0; Windows NT 6.2; WOW64; Trident/7.0; .NET4.0E; .NET4.0C; .NET CLR 3.5.30729; .NET CLR 2.0.50727; .NET CLR 3.0.30729)" 
221.232.135.51 - - [13/Dec/2017:04:59:27 -0800] "GET /Security-Data-Analysis/Lab_1/conn.log.zip HTTP/1.1" 206 1676784 "-" "Mozilla/4.0 (compatible; MSIE 7.0; Windows NT 6.2; WOW64; Trident/7.0; .NET4.0E; .NET4.0C; .NET CLR 3.5.30729; .NET CLR 2.0.50727; .NET CLR 3.0.30729)" 
221.232.135.51 - - [13/Dec/2017:05:02:29 -0800] "GET /Security-Data-Analysis/Lab_1/conn.log.zip HTTP/1.1" 206 81088 "-" "Mozilla/4.0 (compatible; MSIE 7.0; Windows NT 6.2; WOW64; Trident/7.0; .NET4.0E; .NET4.0C; .NET CLR 3.5.30729; .NET CLR 2.0.50727; .NET CLR 3.0.30729)" 
66.249.69.95 - - [13/Dec/2017:05:04:22 -0800] "GET / HTTP/1.1" 200 11061 "-" "Mozilla/5.0 (Linux; Android 6.0.1; Nexus 5X Build/MMB29P) AppleWebKit/537.36 (KHTML, like Gecko) Chrome/41.0.2272.96 Mobile Safari/537.36 (compatible; Googlebot/2.1; +http://www.google.com/bot.html)" 
66.249.69.95 - - [13/Dec/2017:05:04:48 -0800] "GET /favicon.ico HTTP/1.1" 200 268 "-" "Googlebot-Image/1.0" 
164.132.161.91 - - [13/Dec/2017:05:05:23 -0800] "GET /self.logs/access.log.2017-12-01.gz HTTP/1.1" 200 21894 "-" "Mozilla/5.0 (compatible; AhrefsBot/5.2; +http://ahrefs.com/robot/)" 
77.138.204.233 - - [13/Dec/2017:05:05:30 -0800] "GET /wp-login.php HTTP/1.1" 404 295 "-" "Mozilla/5.0 (Windows NT 6.1; WOW64; rv:40.0) Gecko/20100101 Firefox/40.1" 
77.138.204.233 - - [13/Dec/2017:05:05:36 -0800] "GET /wp-login.php HTTP/1.1" 404 295 "-" "Mozilla/5.0 (Windows NT 6.1; WOW64; rv:40.0) Gecko/20100101 Firefox/40.1" 
77.138.204.233 - - [13/Dec/2017:05:05:41 -0800] "GET / HTTP/1.1" 200 37415 "-" "Mozilla/5.0 (Windows NT 6.1; WOW64; rv:40.0) Gecko/20100101 Firefox/40.1" 
195.252.59.35 - - [13/Dec/2017:05:06:41 -0800] "GET /robots.txt HTTP/1.1" 200 334 "-" "Mozilla/5.0 (X11; Linux x86_64) AppleWebKit/537.36 (KHTML, like Gecko) Chrome/62.0.3202.94 Safari/537.36" 
195.252.59.35 - - [13/Dec/2017:05:06:41 -0800] "GET / HTTP/1.1" 200 11061 "https://www.google.se/" "Mozilla/5.0 (X11; Linux x86_64) AppleWebKit/537.36 (KHTML, like Gecko) Chrome/62.0.3202.94 Safari/537.36" 
195.252.59.35 - - [13/Dec/2017:05:06:41 -0800] "GET /twitter-icon.png HTTP/1.1" 200 27787 "http://www.secrepo.com/" "Mozilla/5.0 (X11; Linux x86_64) AppleWebKit/537.36 (KHTML, like Gecko) Chrome/62.0.3202.94 Safari/537.36" 
195.252.59.35 - - [13/Dec/2017:05:06:41 -0800] "GET /GitHub-Mark.png HTTP/1.1" 200 7428 "http://www.secrepo.com/" "Mozilla/5.0 (X11; Linux x86_64) AppleWebKit/537.36 (KHTML, like Gecko) Chrome/62.0.3202.94 Safari/537.36" 
195.252.59.35 - - [13/Dec/2017:05:06:42 -0800] "GET /bootstrap/img/favicon.ico HTTP/1.1" 200 589 "http://www.secrepo.com/" "Mozilla/5.0 (X11; Linux x86_64) AppleWebKit/537.36 (KHTML, like Gecko) Chrome/62.0.3202.94 Safari/537.36" 
221.232.135.51 - - [13/Dec/2017:04:52:06 -0800] "GET /pe_static/zeus.zip HTTP/1.1" 206 8889215 "-" "Mozilla/4.0 (compatible; MSIE 7.0; Windows NT 6.2; WOW64; Trident/7.0; .NET4.0E; .NET4.0C; .NET CLR 3.5.30729; .NET CLR 2.0.50727; .NET CLR 3.0.30729)" 
221.232.135.51 - - [13/Dec/2017:04:54:37 -0800] "GET /pe_static/zeus.zip HTTP/1.1" 206 7361076 "-" "Mozilla/4.0 (compatible; MSIE 7.0; Windows NT 6.2; WOW64; Trident/7.0; .NET4.0E; .NET4.0C; .NET CLR 3.5.30729; .NET CLR 2.0.50727; .NET CLR 3.0.30729)" 
185.92.76.69 - - [13/Dec/2017:05:07:58 -0800] "GET / HTTP/1.1" 200 11061 "-" "Mozilla/5.0 (Windows NT 6.1; Win64; x64) AppleWebKit/537.36 (KHTML, like Gecko) Chrome/47.0.2526.106 Safari/537.36" 
221.232.135.51 - - [13/Dec/2017:04:51:35 -0800] "GET /pe_static/zeus.zip HTTP/1.1" 200 9278784 "-" "Mozilla/4.0 (compatible; MSIE 7.0; Windows NT 6.2; WOW64; Trident/7.0; .NET4.0E; .NET4.0C; .NET CLR 3.5.30729; .NET CLR 2.0.50727; .NET CLR 3.0.30729)" 
185.92.76.69 - - [13/Dec/2017:05:08:00 -0800] "GET / HTTP/1.1" 200 11061 "-" "Mozilla/5.0 (Windows NT 6.1; Win64; x64) AppleWebKit/537.36 (KHTML, like Gecko) Chrome/47.0.2526.106 Safari/537.36" 
185.92.76.69 - - [13/Dec/2017:05:08:02 -0800] "GET /GitHub-Mark.png HTTP/1.1" 200 7427 "http://www.secrepo.com/" "Mozilla/5.0 (Windows NT 6.1; Win64; x64) AppleWebKit/537.36 (KHTML, like Gecko) Chrome/47.0.2526.106 Safari/537.36" 
185.92.76.69 - - [13/Dec/2017:05:08:02 -0800] "GET /twitter-icon.png HTTP/1.1" 200 27788 "http://www.secrepo.com/" "Mozilla/5.0 (Windows NT 6.1; Win64; x64) AppleWebKit/537.36 (KHTML, like Gecko) Chrome/47.0.2526.106 Safari/537.36" 
185.92.76.69 - - [13/Dec/2017:05:08:03 -0800] "GET /bootstrap/img/favicon.ico HTTP/1.1" 200 589 "http://www.secrepo.com/" "Mozilla/5.0 (Windows NT 6.1; Win64; x64) AppleWebKit/537.36 (KHTML, like Gecko) Chrome/47.0.2526.106 Safari/537.36" 
221.232.135.51 - - [13/Dec/2017:05:08:00 -0800] "GET /pe_static/zeus.zip HTTP/1.1" 206 81088 "-" "Mozilla/4.0 (compatible; MSIE 7.0; Windows NT 6.2; WOW64; Trident/7.0; .NET4.0E; .NET4.0C; .NET CLR 3.5.30729; .NET CLR 2.0.50727; .NET CLR 3.0.30729)" 
221.232.135.51 - - [13/Dec/2017:05:07:32 -0800] "GET /pe_static/zeus.zip HTTP/1.1" 206 646124 "-" "Mozilla/4.0 (compatible; MSIE 7.0; Windows NT 6.2; WOW64; Trident/7.0; .NET4.0E; .NET4.0C; .NET CLR 3.5.30729; .NET CLR 2.0.50727; .NET CLR 3.0.30729)" 
164.132.161.25 - - [13/Dec/2017:05:09:01 -0800] "GET /self.logs/2015/access.log.2015-09-23.gz HTTP/1.1" 200 5756 "-" "Mozilla/5.0 (compatible; AhrefsBot/5.2; +http://ahrefs.com/robot/)" 
221.232.135.51 - - [13/Dec/2017:05:08:19 -0800] "GET /pe_static/zeus.zip HTTP/1.1" 206 217200 "-" "Mozilla/4.0 (compatible; MSIE 7.0; Windows NT 6.2; WOW64; Trident/7.0; .NET4.0E; .NET4.0C; .NET CLR 3.5.30729; .NET CLR 2.0.50727; .NET CLR 3.0.30729)" 
221.232.135.51 - - [13/Dec/2017:04:55:52 -0800] "GET /pe_static/zeus.zip HTTP/1.1" 206 7677296 "-" "Mozilla/4.0 (compatible; MSIE 7.0; Windows NT 6.2; WOW64; Trident/7.0; .NET4.0E; .NET4.0C; .NET CLR 3.5.30729; .NET CLR 2.0.50727; .NET CLR 3.0.30729)" 
221.232.135.51 - - [13/Dec/2017:05:09:10 -0800] "GET /pe_static/zeus.zip HTTP/1.1" 206 157832 "-" "Mozilla/4.0 (compatible; MSIE 7.0; Windows NT 6.2; WOW64; Trident/7.0; .NET4.0E; .NET4.0C; .NET CLR 3.5.30729; .NET CLR 2.0.50727; .NET CLR 3.0.30729)" 
221.232.135.51 - - [13/Dec/2017:05:09:19 -0800] "GET /pe_static/zeus.zip HTTP/1.1" 206 118736 "-" "Mozilla/4.0 (compatible; MSIE 7.0; Windows NT 6.2; WOW64; Trident/7.0; .NET4.0E; .NET4.0C; .NET CLR 3.5.30729; .NET CLR 2.0.50727; .NET CLR 3.0.30729)" 
221.232.135.51 - - [13/Dec/2017:05:09:39 -0800] "GET /pe_static/zeus.zip HTTP/1.1" 206 787254 "-" "Mozilla/4.0 (compatible; MSIE 7.0; Windows NT 6.2; WOW64; Trident/7.0; .NET4.0E; .NET4.0C; .NET CLR 3.5.30729; .NET CLR 2.0.50727; .NET CLR 3.0.30729)" 
221.232.135.51 - - [13/Dec/2017:04:51:37 -0800] "GET /pe_static/zeus.zip HTTP/1.1" 206 10553024 "-" "Mozilla/4.0 (compatible; MSIE 7.0; Windows NT 6.2; WOW64; Trident/7.0; .NET4.0E; .NET4.0C; .NET CLR 3.5.30729; .NET CLR 2.0.50727; .NET CLR 3.0.30729)" 
221.232.135.51 - - [13/Dec/2017:05:10:51 -0800] "GET /pe_static/zeus.zip HTTP/1.1" 206 81088 "-" "Mozilla/4.0 (compatible; MSIE 7.0; Windows NT 6.2; WOW64; Trident/7.0; .NET4.0E; .NET4.0C; .NET CLR 3.5.30729; .NET CLR 2.0.50727; .NET CLR 3.0.30729)" 
221.232.135.51 - - [13/Dec/2017:05:09:46 -0800] "GET /pe_static/zeus.zip HTTP/1.1" 206 1106962 "-" "Mozilla/4.0 (compatible; MSIE 7.0; Windows NT 6.2; WOW64; Trident/7.0; .NET4.0E; .NET4.0C; .NET CLR 3.5.30729; .NET CLR 2.0.50727; .NET CLR 3.0.30729)" 
221.232.135.51 - - [13/Dec/2017:05:09:10 -0800] "GET /pe_static/zeus.zip HTTP/1.1" 206 1442208 "-" "Mozilla/4.0 (compatible; MSIE 7.0; Windows NT 6.2; WOW64; Trident/7.0; .NET4.0E; .NET4.0C; .NET CLR 3.5.30729; .NET CLR 2.0.50727; .NET CLR 3.0.30729)" 
221.232.135.51 - - [13/Dec/2017:05:11:10 -0800] "GET /pe_static/zeus.zip HTTP/1.1" 206 81088 "-" "Mozilla/4.0 (compatible; MSIE 7.0; Windows NT 6.2; WOW64; Trident/7.0; .NET4.0E; .NET4.0C; .NET CLR 3.5.30729; .NET CLR 2.0.50727; .NET CLR 3.0.30729)" 
221.232.135.51 - - [13/Dec/2017:05:11:40 -0800] "GET /pe_static/zeus.zip HTTP/1.1" 206 251732 "-" "Mozilla/4.0 (compatible; MSIE 7.0; Windows NT 6.2; WOW64; Trident/7.0; .NET4.0E; .NET4.0C; .NET CLR 3.5.30729; .NET CLR 2.0.50727; .NET CLR 3.0.30729)" 
221.232.135.51 - - [13/Dec/2017:05:11:33 -0800] "GET /pe_static/zeus.zip HTTP/1.1" 206 366427 "-" "Mozilla/4.0 (compatible; MSIE 7.0; Windows NT 6.2; WOW64; Trident/7.0; .NET4.0E; .NET4.0C; .NET CLR 3.5.30729; .NET CLR 2.0.50727; .NET CLR 3.0.30729)" 
221.232.135.51 - - [13/Dec/2017:05:11:40 -0800] "GET /pe_static/zeus.zip HTTP/1.1" 206 81088 "-" "Mozilla/4.0 (compatible; MSIE 7.0; Windows NT 6.2; WOW64; Trident/7.0; .NET4.0E; .NET4.0C; .NET CLR 3.5.30729; .NET CLR 2.0.50727; .NET CLR 3.0.30729)" 
221.232.135.51 - - [13/Dec/2017:05:12:04 -0800] "GET /pe_static/zeus.zip HTTP/1.1" 206 48554 "-" "Mozilla/4.0 (compatible; MSIE 7.0; Windows NT 6.2; WOW64; Trident/7.0; .NET4.0E; .NET4.0C; .NET CLR 3.5.30729; .NET CLR 2.0.50727; .NET CLR 3.0.30729)" 
221.232.135.51 - - [13/Dec/2017:05:12:02 -0800] "GET /pe_static/zeus.zip HTTP/1.1" 206 163761 "-" "Mozilla/4.0 (compatible; MSIE 7.0; Windows NT 6.2; WOW64; Trident/7.0; .NET4.0E; .NET4.0C; .NET CLR 3.5.30729; .NET CLR 2.0.50727; .NET CLR 3.0.30729)" 
221.232.135.51 - - [13/Dec/2017:05:12:25 -0800] "GET /pe_static/zeus.zip HTTP/1.1" 206 40209 "-" "Mozilla/4.0 (compatible; MSIE 7.0; Windows NT 6.2; WOW64; Trident/7.0; .NET4.0E; .NET4.0C; .NET CLR 3.5.30729; .NET CLR 2.0.50727; .NET CLR 3.0.30729)" 
221.232.135.51 - - [13/Dec/2017:05:12:31 -0800] "GET /pe_static/zeus.zip HTTP/1.1" 206 21552 "-" "Mozilla/4.0 (compatible; MSIE 7.0; Windows NT 6.2; WOW64; Trident/7.0; .NET4.0E; .NET4.0C; .NET CLR 3.5.30729; .NET CLR 2.0.50727; .NET CLR 3.0.30729)" 
221.232.135.51 - - [13/Dec/2017:05:12:01 -0800] "GET /pe_static/zeus.zip HTTP/1.1" 206 81088 "-" "Mozilla/4.0 (compatible; MSIE 7.0; Windows NT 6.2; WOW64; Trident/7.0; .NET4.0E; .NET4.0C; .NET CLR 3.5.30729; .NET CLR 2.0.50727; .NET CLR 3.0.30729)" 
221.232.135.51 - - [13/Dec/2017:05:12:43 -0800] "GET /pe_static/zeus.zip HTTP/1.1" 206 42763 "-" "Mozilla/4.0 (compatible; MSIE 7.0; Windows NT 6.2; WOW64; Trident/7.0; .NET4.0E; .NET4.0C; .NET CLR 3.5.30729; .NET CLR 2.0.50727; .NET CLR 3.0.30729)" 
221.232.135.51 - - [13/Dec/2017:05:12:45 -0800] "GET /pe_static/zeus.zip HTTP/1.1" 206 18998 "-" "Mozilla/4.0 (compatible; MSIE 7.0; Windows NT 6.2; WOW64; Trident/7.0; .NET4.0E; .NET4.0C; .NET CLR 3.5.30729; .NET CLR 2.0.50727; .NET CLR 3.0.30729)" 
221.232.135.51 - - [13/Dec/2017:04:57:21 -0800] "GET /Security-Data-Analysis/Lab_1/conn.log.zip HTTP/1.1" 206 9394624 "-" "Mozilla/4.0 (compatible; MSIE 7.0; Windows NT 6.2; WOW64; Trident/7.0; .NET4.0E; .NET4.0C; .NET CLR 3.5.30729; .NET CLR 2.0.50727; .NET CLR 3.0.30729)" 
221.232.135.51 - - [13/Dec/2017:05:13:57 -0800] "GET /Security-Data-Analysis/Lab_1/conn.log.zip HTTP/1.1" 206 81088 "-" "Mozilla/4.0 (compatible; MSIE 7.0; Windows NT 6.2; WOW64; Trident/7.0; .NET4.0E; .NET4.0C; .NET CLR 3.5.30729; .NET CLR 2.0.50727; .NET CLR 3.0.30729)" 
164.132.161.43 - - [13/Dec/2017:05:14:24 -0800] "GET /self.logs/error.log.2016-02-21.gz HTTP/1.1" 404 284 "-" "Mozilla/5.0 (compatible; AhrefsBot/5.2; +http://ahrefs.com/robot/)" 
94.21.61.89 - - [13/Dec/2017:05:14:25 -0800] "GET /wp-login.php HTTP/1.1" 404 295 "-" "Mozilla/5.0 (Windows NT 6.1; WOW64; rv:40.0) Gecko/20100101 Firefox/40.1" 
94.21.61.89 - - [13/Dec/2017:05:14:30 -0800] "GET /wp-login.php HTTP/1.1" 404 295 "-" "Mozilla/5.0 (Windows NT 6.1; WOW64; rv:40.0) Gecko/20100101 Firefox/40.1" 
94.21.61.89 - - [13/Dec/2017:05:14:36 -0800] "GET / HTTP/1.1" 200 37415 "-" "Mozilla/5.0 (Windows NT 6.1; WOW64; rv:40.0) Gecko/20100101 Firefox/40.1" 
217.182.132.170 - - [13/Dec/2017:05:14:41 -0800] "GET /self.logs/2016/error.log.2016-09-12.gz HTTP/1.1" 200 881 "-" "Mozilla/5.0 (compatible; AhrefsBot/5.2; +http://ahrefs.com/robot/)" 
180.111.33.148 - - [13/Dec/2017:05:15:45 -0800] "GET /twitter-icon.png HTTP/1.1" 206 322 "http://www.secrepo.com/" "Mozilla/5.0 (Windows NT 10.0; WOW64) AppleWebKit/537.36 (KHTML, like Gecko) Chrome/55.0.2883.87 Safari/537.36" 
180.111.33.148 - - [13/Dec/2017:05:15:49 -0800] "GET /twitter-icon.png HTTP/1.1" 206 7952 "http://www.secrepo.com/" "Mozilla/5.0 (Windows NT 10.0; WOW64) AppleWebKit/537.36 (KHTML, like Gecko) Chrome/55.0.2883.87 Safari/537.36" 
164.132.161.5 - - [13/Dec/2017:05:16:00 -0800] "GET /self.logs/error.log.2016-04-18.gz HTTP/1.1" 404 284 "-" "Mozilla/5.0 (compatible; AhrefsBot/5.2; +http://ahrefs.com/robot/)" 
76.184.111.152 - - [13/Dec/2017:05:17:38 -0800] "GET / HTTP/1.1" 200 11061 "https://www.google.com/" "Mozilla/5.0 (Macintosh; Intel Mac OS X 10_12_6) AppleWebKit/537.36 (KHTML, like Gecko) Chrome/63.0.3239.84 Safari/537.36" 
76.184.111.152 - - [13/Dec/2017:05:17:38 -0800] "GET /twitter-icon.png HTTP/1.1" 200 27787 "http://www.secrepo.com/" "Mozilla/5.0 (Macintosh; Intel Mac OS X 10_12_6) AppleWebKit/537.36 (KHTML, like Gecko) Chrome/63.0.3239.84 Safari/537.36" 
76.184.111.152 - - [13/Dec/2017:05:17:38 -0800] "GET /GitHub-Mark.png HTTP/1.1" 200 7428 "http://www.secrepo.com/" "Mozilla/5.0 (Macintosh; Intel Mac OS X 10_12_6) AppleWebKit/537.36 (KHTML, like Gecko) Chrome/63.0.3239.84 Safari/537.36" 
76.184.111.152 - - [13/Dec/2017:05:17:39 -0800] "GET /bootstrap/img/favicon.ico HTTP/1.1" 200 589 "http://www.secrepo.com/" "Mozilla/5.0 (Macintosh; Intel Mac OS X 10_12_6) AppleWebKit/537.36 (KHTML, like Gecko) Chrome/63.0.3239.84 Safari/537.36" 
221.232.135.51 - - [13/Dec/2017:04:49:56 -0800] "GET /maccdc2012/conn.log.gz HTTP/1.1" 206 15642744 "-" "Mozilla/4.0 (compatible; MSIE 7.0; Windows NT 6.2; WOW64; Trident/7.0; .NET4.0E; .NET4.0C; .NET CLR 3.5.30729; .NET CLR 2.0.50727; .NET CLR 3.0.30729)" 
221.232.135.51 - - [13/Dec/2017:05:17:40 -0800] "GET /maccdc2012/conn.log.gz HTTP/1.1" 206 81088 "-" "Mozilla/4.0 (compatible; MSIE 7.0; Windows NT 6.2; WOW64; Trident/7.0; .NET4.0E; .NET4.0C; .NET CLR 3.5.30729; .NET CLR 2.0.50727; .NET CLR 3.0.30729)" 
221.232.135.51 - - [13/Dec/2017:04:59:43 -0800] "GET /Security-Data-Analysis/Lab_1/conn.log.zip HTTP/1.1" 206 11064168 "-" "Mozilla/4.0 (compatible; MSIE 7.0; Windows NT 6.2; WOW64; Trident/7.0; .NET4.0E; .NET4.0C; .NET CLR 3.5.30729; .NET CLR 2.0.50727; .NET CLR 3.0.30729)" 
170.148.198.157 - - [13/Dec/2017:05:20:25 -0800] "GET / HTTP/1.1" 200 11061 "https://www.google.co.uk/" "Mozilla/5.0 (Windows NT 6.1; Win64; x64) AppleWebKit/537.36 (KHTML, like Gecko) Chrome/57.0.2987.110 Safari/537.36" 
170.148.198.157 - - [13/Dec/2017:05:20:25 -0800] "GET /twitter-icon.png HTTP/1.1" 200 27787 "http://www.secrepo.com/" "Mozilla/5.0 (Windows NT 6.1; Win64; x64) AppleWebKit/537.36 (KHTML, like Gecko) Chrome/57.0.2987.110 Safari/537.36" 
170.148.198.157 - - [13/Dec/2017:05:20:25 -0800] "GET /GitHub-Mark.png HTTP/1.1" 200 7427 "http://www.secrepo.com/" "Mozilla/5.0 (Windows NT 6.1; Win64; x64) AppleWebKit/537.36 (KHTML, like Gecko) Chrome/57.0.2987.110 Safari/537.36" 
170.148.198.157 - - [13/Dec/2017:05:20:26 -0800] "GET /bootstrap/img/favicon.ico HTTP/1.1" 200 589 "http://www.secrepo.com/" "Mozilla/5.0 (Windows NT 6.1; Win64; x64) AppleWebKit/537.36 (KHTML, like Gecko) Chrome/57.0.2987.110 Safari/537.36" 
103.7.29.7 - - [13/Dec/2017:05:21:09 -0800] "GET / HTTP/1.1" 200 11061 "-" "Mozilla/5.0 (Windows NT 6.1; Win64; x64) AppleWebKit/537.36 (KHTML, like Gecko) Chrome/58.0.3029.81 Safari/537.36" 
103.7.29.7 - - [13/Dec/2017:05:21:10 -0800] "GET /twitter-icon.png HTTP/1.1" 200 27787 "http://www.secrepo.com/" "Mozilla/5.0 (Windows NT 6.1; Win64; x64) AppleWebKit/537.36 (KHTML, like Gecko) Chrome/58.0.3029.81 Safari/537.36" 
103.7.29.7 - - [13/Dec/2017:05:21:10 -0800] "GET /GitHub-Mark.png HTTP/1.1" 200 7428 "http://www.secrepo.com/" "Mozilla/5.0 (Windows NT 6.1; Win64; x64) AppleWebKit/537.36 (KHTML, like Gecko) Chrome/58.0.3029.81 Safari/537.36" 
103.7.29.7 - - [13/Dec/2017:05:21:10 -0800] "GET /bootstrap/img/favicon.ico HTTP/1.1" 200 589 "http://www.secrepo.com/" "Mozilla/5.0 (Windows NT 6.1; Win64; x64) AppleWebKit/537.36 (KHTML, like Gecko) Chrome/58.0.3029.81 Safari/537.36" 
199.58.86.209 - - [13/Dec/2017:05:21:37 -0800] "GET /robots.txt HTTP/1.1" 200 289 "-" "Mozilla/5.0 (compatible; MJ12bot/v1.4.8; http://mj12bot.com/)" 
199.58.86.209 - - [13/Dec/2017:05:21:38 -0800] "GET / HTTP/1.1" 200 37359 "-" "Mozilla/5.0 (compatible; MJ12bot/v1.4.8; http://mj12bot.com/)" 
217.182.132.192 - - [13/Dec/2017:05:26:09 -0800] "GET /self.logs/2016/error.log.2016-10-05.gz HTTP/1.1" 200 528 "-" "Mozilla/5.0 (compatible; AhrefsBot/5.2; +http://ahrefs.com/robot/)" 
221.232.135.51 - - [13/Dec/2017:04:47:39 -0800] "GET /maccdc2012/conn.log.gz HTTP/1.1" 206 22465720 "-" "Mozilla/4.0 (compatible; MSIE 7.0; Windows NT 6.2; WOW64; Trident/7.0; .NET4.0E; .NET4.0C; .NET CLR 3.5.30729; .NET CLR 2.0.50727; .NET CLR 3.0.30729)" 
221.232.135.51 - - [13/Dec/2017:05:26:35 -0800] "GET /maccdc2012/conn.log.gz HTTP/1.1" 206 710968 "-" "Mozilla/4.0 (compatible; MSIE 7.0; Windows NT 6.2; WOW64; Trident/7.0; .NET4.0E; .NET4.0C; .NET CLR 3.5.30729; .NET CLR 2.0.50727; .NET CLR 3.0.30729)" 
216.244.66.227 - - [13/Dec/2017:05:28:07 -0800] "GET /robots.txt HTTP/1.1" 200 233 "-" "Mozilla/5.0 (compatible; DotBot/1.1; http://www.opensiteexplorer.org/dotbot, help@moz.com)" 
137.74.207.116 - - [13/Dec/2017:05:28:28 -0800] "GET /self.logs/2015/error.log.2015-10-07.gz HTTP/1.1" 200 847 "-" "Mozilla/5.0 (compatible; AhrefsBot/5.2; +http://ahrefs.com/robot/)" 
72.192.255.217 - - [13/Dec/2017:05:29:38 -0800] "GET / HTTP/1.1" 200 11061 "https://www.google.com/" "Mozilla/5.0 (Windows NT 6.1; Win64; x64) AppleWebKit/537.36 (KHTML, like Gecko) Chrome/62.0.3202.94 Safari/537.36" 
72.192.255.217 - - [13/Dec/2017:05:29:38 -0800] "GET /twitter-icon.png HTTP/1.1" 200 27787 "http://www.secrepo.com/" "Mozilla/5.0 (Windows NT 6.1; Win64; x64) AppleWebKit/537.36 (KHTML, like Gecko) Chrome/62.0.3202.94 Safari/537.36" 
72.192.255.217 - - [13/Dec/2017:05:29:38 -0800] "GET /GitHub-Mark.png HTTP/1.1" 200 7428 "http://www.secrepo.com/" "Mozilla/5.0 (Windows NT 6.1; Win64; x64) AppleWebKit/537.36 (KHTML, like Gecko) Chrome/62.0.3202.94 Safari/537.36" 
77.138.204.233 - - [13/Dec/2017:05:30:35 -0800] "GET /wp-login.php HTTP/1.1" 301 522 "-" "Mozilla/5.0 (Windows NT 6.1; WOW64; rv:40.0) Gecko/20100101 Firefox/40.1" 
77.138.204.233 - - [13/Dec/2017:05:30:36 -0800] "GET /wp-login.php HTTP/1.1" 404 295 "-" "Mozilla/5.0 (Windows NT 6.1; WOW64; rv:40.0) Gecko/20100101 Firefox/40.1" 
77.138.204.233 - - [13/Dec/2017:05:30:41 -0800] "GET /wp-login.php HTTP/1.1" 301 522 "-" "Mozilla/5.0 (Windows NT 6.1; WOW64; rv:40.0) Gecko/20100101 Firefox/40.1" 
77.138.204.233 - - [13/Dec/2017:05:30:41 -0800] "GET /wp-login.php HTTP/1.1" 404 295 "-" "Mozilla/5.0 (Windows NT 6.1; WOW64; rv:40.0) Gecko/20100101 Firefox/40.1" 
77.138.204.233 - - [13/Dec/2017:05:30:47 -0800] "GET / HTTP/1.1" 301 498 "-" "Mozilla/5.0 (Windows NT 6.1; WOW64; rv:40.0) Gecko/20100101 Firefox/40.1" 
77.138.204.233 - - [13/Dec/2017:05:30:47 -0800] "GET / HTTP/1.1" 200 37415 "-" "Mozilla/5.0 (Windows NT 6.1; WOW64; rv:40.0) Gecko/20100101 Firefox/40.1" 
141.136.40.68 - - [13/Dec/2017:05:31:09 -0800] "GET / HTTP/1.1" 200 11061 "-" "Mozilla/5.0 (Windows NT 10.0; Win64; x64; rv:57.0) Gecko/20100101 Firefox/57.0" 
141.136.40.68 - - [13/Dec/2017:05:31:10 -0800] "GET /bootstrap/img/favicon.ico HTTP/1.1" 200 589 "-" "Mozilla/5.0 (Windows NT 10.0; Win64; x64; rv:57.0) Gecko/20100101 Firefox/57.0" 
141.136.40.68 - - [13/Dec/2017:05:31:10 -0800] "GET /twitter-icon.png HTTP/1.1" 200 27787 "http://www.secrepo.com/" "Mozilla/5.0 (Windows NT 10.0; Win64; x64; rv:57.0) Gecko/20100101 Firefox/57.0" 
141.136.40.68 - - [13/Dec/2017:05:31:10 -0800] "GET /GitHub-Mark.png HTTP/1.1" 200 7428 "http://www.secrepo.com/" "Mozilla/5.0 (Windows NT 10.0; Win64; x64; rv:57.0) Gecko/20100101 Firefox/57.0" 
164.132.161.5 - - [13/Dec/2017:05:31:12 -0800] "GET /self.logs/2016/access.log.2016-10-06.gz HTTP/1.1" 200 15960 "-" "Mozilla/5.0 (compatible; AhrefsBot/5.2; +http://ahrefs.com/robot/)" 
66.102.6.127 - - [13/Dec/2017:05:31:28 -0800] "GET /favicon.ico HTTP/1.1" 200 268 "-" "Mozilla/5.0 (X11; Linux x86_64) AppleWebKit/537.36 (KHTML, like Gecko) Chrome/49.0.2623.75 Safari/537.36 Google Favicon" 
221.232.135.51 - - [13/Dec/2017:05:02:46 -0800] "GET /Security-Data-Analysis/Lab_1/conn.log.zip HTTP/1.1" 206 17474464 "-" "Mozilla/4.0 (compatible; MSIE 7.0; Windows NT 6.2; WOW64; Trident/7.0; .NET4.0E; .NET4.0C; .NET CLR 3.5.30729; .NET CLR 2.0.50727; .NET CLR 3.0.30729)" 
221.232.135.51 - - [13/Dec/2017:05:18:37 -0800] "GET /Security-Data-Analysis/Lab_1/conn.log.zip HTTP/1.1" 206 7961104 "-" "Mozilla/4.0 (compatible; MSIE 7.0; Windows NT 6.2; WOW64; Trident/7.0; .NET4.0E; .NET4.0C; .NET CLR 3.5.30729; .NET CLR 2.0.50727; .NET CLR 3.0.30729)" 
151.73.31.13 - - [13/Dec/2017:05:32:37 -0800] "GET / HTTP/1.1" 200 11061 "-" "Mozilla/5.0 (Windows NT 10.0; Win64; x64) AppleWebKit/537.36 (KHTML, like Gecko) Chrome/63.0.3239.84 Safari/537.36" 
151.73.31.13 - - [13/Dec/2017:05:32:37 -0800] "GET /twitter-icon.png HTTP/1.1" 200 27787 "http://www.secrepo.com/" "Mozilla/5.0 (Windows NT 10.0; Win64; x64) AppleWebKit/537.36 (KHTML, like Gecko) Chrome/63.0.3239.84 Safari/537.36" 
151.73.31.13 - - [13/Dec/2017:05:32:37 -0800] "GET /GitHub-Mark.png HTTP/1.1" 200 7428 "http://www.secrepo.com/" "Mozilla/5.0 (Windows NT 10.0; Win64; x64) AppleWebKit/537.36 (KHTML, like Gecko) Chrome/63.0.3239.84 Safari/537.36" 
151.73.31.13 - - [13/Dec/2017:05:32:37 -0800] "GET /bootstrap/img/favicon.ico HTTP/1.1" 200 589 "http://www.secrepo.com/" "Mozilla/5.0 (Windows NT 10.0; Win64; x64) AppleWebKit/537.36 (KHTML, like Gecko) Chrome/63.0.3239.84 Safari/537.36" 
221.232.135.51 - - [13/Dec/2017:05:27:50 -0800] "GET /maccdc2012/conn.log.gz HTTP/1.1" 206 2505040 "-" "Mozilla/4.0 (compatible; MSIE 7.0; Windows NT 6.2; WOW64; Trident/7.0; .NET4.0E; .NET4.0C; .NET CLR 3.5.30729; .NET CLR 2.0.50727; .NET CLR 3.0.30729)" 
221.232.135.51 - - [13/Dec/2017:05:32:31 -0800] "GET /Security-Data-Analysis/Lab_1/conn.log.zip HTTP/1.1" 206 240368 "-" "Mozilla/4.0 (compatible; MSIE 7.0; Windows NT 6.2; WOW64; Trident/7.0; .NET4.0E; .NET4.0C; .NET CLR 3.5.30729; .NET CLR 2.0.50727; .NET CLR 3.0.30729)" 
221.232.135.51 - - [13/Dec/2017:05:33:10 -0800] "GET /Security-Data-Analysis/Lab_1/conn.log.zip HTTP/1.1" 206 81088 "-" "Mozilla/4.0 (compatible; MSIE 7.0; Windows NT 6.2; WOW64; Trident/7.0; .NET4.0E; .NET4.0C; .NET CLR 3.5.30729; .NET CLR 2.0.50727; .NET CLR 3.0.30729)" 
164.132.161.52 - - [13/Dec/2017:05:33:48 -0800] "GET /self.logs/error.log.2017-06-24.gz HTTP/1.1" 200 1130 "-" "Mozilla/5.0 (compatible; AhrefsBot/5.2; +http://ahrefs.com/robot/)" 
221.232.135.51 - - [13/Dec/2017:05:33:31 -0800] "GET /Security-Data-Analysis/Lab_1/conn.log.zip HTTP/1.1" 206 81088 "-" "Mozilla/4.0 (compatible; MSIE 7.0; Windows NT 6.2; WOW64; Trident/7.0; .NET4.0E; .NET4.0C; .NET CLR 3.5.30729; .NET CLR 2.0.50727; .NET CLR 3.0.30729)" 
221.232.135.51 - - [13/Dec/2017:04:47:55 -0800] "GET /maccdc2012/conn.log.gz HTTP/1.1" 206 26967552 "-" "Mozilla/4.0 (compatible; MSIE 7.0; Windows NT 6.2; WOW64; Trident/7.0; .NET4.0E; .NET4.0C; .NET CLR 3.5.30729; .NET CLR 2.0.50727; .NET CLR 3.0.30729)" 
221.232.135.51 - - [13/Dec/2017:05:14:14 -0800] "GET /Security-Data-Analysis/Lab_1/conn.log.zip HTTP/1.1" 206 12306552 "-" "Mozilla/4.0 (compatible; MSIE 7.0; Windows NT 6.2; WOW64; Trident/7.0; .NET4.0E; .NET4.0C; .NET CLR 3.5.30729; .NET CLR 2.0.50727; .NET CLR 3.0.30729)" 
221.232.135.51 - - [13/Dec/2017:05:32:41 -0800] "GET /maccdc2012/conn.log.gz HTTP/1.1" 206 1112064 "-" "Mozilla/4.0 (compatible; MSIE 7.0; Windows NT 6.2; WOW64; Trident/7.0; .NET4.0E; .NET4.0C; .NET CLR 3.5.30729; .NET CLR 2.0.50727; .NET CLR 3.0.30729)" 
54.165.241.61 - - [13/Dec/2017:05:35:52 -0800] "GET / HTTP/1.1" 206 11110 "-" "Slackbot-LinkExpanding 1.0 (+https://api.slack.com/robots)" 
54.161.187.202 - - [13/Dec/2017:05:35:52 -0800] "GET /bootstrap/img/apple-touch-icon.png HTTP/1.1" 404 340 "https://slack.com" "Slackbot-LinkExpanding 1.0 (+https://api.slack.com/robots)" 
52.90.33.223 - - [13/Dec/2017:05:35:52 -0800] "GET /favicon.ico HTTP/1.1" 200 268 "https://slack.com" "Slackbot-LinkExpanding 1.0 (+https://api.slack.com/robots)" 
221.232.135.51 - - [13/Dec/2017:05:33:54 -0800] "GET /maccdc2012/conn.log.gz HTTP/1.1" 206 1143920 "-" "Mozilla/4.0 (compatible; MSIE 7.0; Windows NT 6.2; WOW64; Trident/7.0; .NET4.0E; .NET4.0C; .NET CLR 3.5.30729; .NET CLR 2.0.50727; .NET CLR 3.0.30729)" 
221.232.135.51 - - [13/Dec/2017:05:36:32 -0800] "GET /maccdc2012/conn.log.gz HTTP/1.1" 206 81088 "-" "Mozilla/4.0 (compatible; MSIE 7.0; Windows NT 6.2; WOW64; Trident/7.0; .NET4.0E; .NET4.0C; .NET CLR 3.5.30729; .NET CLR 2.0.50727; .NET CLR 3.0.30729)" 
216.244.66.250 - - [13/Dec/2017:05:37:04 -0800] "GET /robots.txt HTTP/1.1" 200 233 "-" "Mozilla/5.0 (compatible; DotBot/1.1; http://www.opensiteexplorer.org/dotbot, help@moz.com)" 
221.232.135.51 - - [13/Dec/2017:05:36:53 -0800] "GET /maccdc2012/conn.log.gz HTTP/1.1" 206 81088 "-" "Mozilla/4.0 (compatible; MSIE 7.0; Windows NT 6.2; WOW64; Trident/7.0; .NET4.0E; .NET4.0C; .NET CLR 3.5.30729; .NET CLR 2.0.50727; .NET CLR 3.0.30729)" 
61.230.251.87 - - [13/Dec/2017:05:38:29 -0800] "GET / HTTP/1.1" 200 11061 "https://www.reddit.com/r/datasets/comments/3tbxap/cyber_security_datasets/" "Mozilla/5.0 (Macintosh; Intel Mac OS X 10_12_6) AppleWebKit/537.36 (KHTML, like Gecko) Chrome/62.0.3202.94 Safari/537.36" 
61.230.251.87 - - [13/Dec/2017:05:38:30 -0800] "GET /twitter-icon.png HTTP/1.1" 200 27787 "http://www.secrepo.com/" "Mozilla/5.0 (Macintosh; Intel Mac OS X 10_12_6) AppleWebKit/537.36 (KHTML, like Gecko) Chrome/62.0.3202.94 Safari/537.36" 
61.230.251.87 - - [13/Dec/2017:05:38:30 -0800] "GET /GitHub-Mark.png HTTP/1.1" 200 7428 "http://www.secrepo.com/" "Mozilla/5.0 (Macintosh; Intel Mac OS X 10_12_6) AppleWebKit/537.36 (KHTML, like Gecko) Chrome/62.0.3202.94 Safari/537.36" 
61.230.251.87 - - [13/Dec/2017:05:38:31 -0800] "GET /bootstrap/img/favicon.ico HTTP/1.1" 200 589 "http://www.secrepo.com/" "Mozilla/5.0 (Macintosh; Intel Mac OS X 10_12_6) AppleWebKit/537.36 (KHTML, like Gecko) Chrome/62.0.3202.94 Safari/537.36" 
82.135.136.83 - - [13/Dec/2017:05:38:39 -0800] "GET / HTTP/1.1" 200 11061 "-" "Mozilla/5.0 (X11; Ubuntu; Linux x86_64; rv:57.0) Gecko/20100101 Firefox/57.0" 
82.135.136.83 - - [13/Dec/2017:05:38:39 -0800] "GET /twitter-icon.png HTTP/1.1" 200 27787 "http://www.secrepo.com/" "Mozilla/5.0 (X11; Ubuntu; Linux x86_64; rv:57.0) Gecko/20100101 Firefox/57.0" 
82.135.136.83 - - [13/Dec/2017:05:38:40 -0800] "GET /GitHub-Mark.png HTTP/1.1" 200 7428 "http://www.secrepo.com/" "Mozilla/5.0 (X11; Ubuntu; Linux x86_64; rv:57.0) Gecko/20100101 Firefox/57.0" 
82.135.136.83 - - [13/Dec/2017:05:38:40 -0800] "GET /bootstrap/img/favicon.ico HTTP/1.1" 200 590 "-" "Mozilla/5.0 (X11; Ubuntu; Linux x86_64; rv:57.0) Gecko/20100101 Firefox/57.0" 
221.232.135.51 - - [13/Dec/2017:05:18:06 -0800] "GET /maccdc2012/conn.log.gz HTTP/1.1" 206 11879392 "-" "Mozilla/4.0 (compatible; MSIE 7.0; Windows NT 6.2; WOW64; Trident/7.0; .NET4.0E; .NET4.0C; .NET CLR 3.5.30729; .NET CLR 2.0.50727; .NET CLR 3.0.30729)" 
221.232.135.51 - - [13/Dec/2017:05:35:50 -0800] "GET /maccdc2012/conn.log.gz HTTP/1.1" 206 1672440 "-" "Mozilla/4.0 (compatible; MSIE 7.0; Windows NT 6.2; WOW64; Trident/7.0; .NET4.0E; .NET4.0C; .NET CLR 3.5.30729; .NET CLR 2.0.50727; .NET CLR 3.0.30729)" 
221.232.135.51 - - [13/Dec/2017:04:51:33 -0800] "GET /maccdc2012/conn.log.gz HTTP/1.1" 206 26507088 "-" "Mozilla/4.0 (compatible; MSIE 7.0; Windows NT 6.2; WOW64; Trident/7.0; .NET4.0E; .NET4.0C; .NET CLR 3.5.30729; .NET CLR 2.0.50727; .NET CLR 3.0.30729)" 
221.232.135.51 - - [13/Dec/2017:05:37:24 -0800] "GET /maccdc2012/conn.log.gz HTTP/1.1" 206 1169984 "-" "Mozilla/4.0 (compatible; MSIE 7.0; Windows NT 6.2; WOW64; Trident/7.0; .NET4.0E; .NET4.0C; .NET CLR 3.5.30729; .NET CLR 2.0.50727; .NET CLR 3.0.30729)" 
221.232.135.51 - - [13/Dec/2017:04:47:57 -0800] "GET /maccdc2012/conn.log.gz HTTP/1.1" 206 28495192 "-" "Mozilla/4.0 (compatible; MSIE 7.0; Windows NT 6.2; WOW64; Trident/7.0; .NET4.0E; .NET4.0C; .NET CLR 3.5.30729; .NET CLR 2.0.50727; .NET CLR 3.0.30729)" 
221.232.135.51 - - [13/Dec/2017:05:33:56 -0800] "GET /Security-Data-Analysis/Lab_1/conn.log.zip HTTP/1.1" 206 2403680 "-" "Mozilla/4.0 (compatible; MSIE 7.0; Windows NT 6.2; WOW64; Trident/7.0; .NET4.0E; .NET4.0C; .NET CLR 3.5.30729; .NET CLR 2.0.50727; .NET CLR 3.0.30729)" 
221.232.135.51 - - [13/Dec/2017:05:35:40 -0800] "GET /Security-Data-Analysis/Lab_1/conn.log.zip HTTP/1.1" 206 1726016 "-" "Mozilla/4.0 (compatible; MSIE 7.0; Windows NT 6.2; WOW64; Trident/7.0; .NET4.0E; .NET4.0C; .NET CLR 3.5.30729; .NET CLR 2.0.50727; .NET CLR 3.0.30729)" 
221.232.135.51 - - [13/Dec/2017:05:32:13 -0800] "GET /Security-Data-Analysis/Lab_1/conn.log.zip HTTP/1.1" 206 2897448 "-" "Mozilla/4.0 (compatible; MSIE 7.0; Windows NT 6.2; WOW64; Trident/7.0; .NET4.0E; .NET4.0C; .NET CLR 3.5.30729; .NET CLR 2.0.50727; .NET CLR 3.0.30729)" 
221.232.135.51 - - [13/Dec/2017:05:02:57 -0800] "GET /Security-Data-Analysis/Lab_1/conn.log.zip HTTP/1.1" 206 19815880 "-" "Mozilla/4.0 (compatible; MSIE 7.0; Windows NT 6.2; WOW64; Trident/7.0; .NET4.0E; .NET4.0C; .NET CLR 3.5.30729; .NET CLR 2.0.50727; .NET CLR 3.0.30729)" 
221.232.135.51 - - [13/Dec/2017:05:01:28 -0800] "GET /Security-Data-Analysis/Lab_1/conn.log.zip HTTP/1.1" 206 20222768 "-" "Mozilla/4.0 (compatible; MSIE 7.0; Windows NT 6.2; WOW64; Trident/7.0; .NET4.0E; .NET4.0C; .NET CLR 3.5.30729; .NET CLR 2.0.50727; .NET CLR 3.0.30729)" 
66.249.69.93 - - [13/Dec/2017:05:40:22 -0800] "GET / HTTP/1.1" 200 11061 "-" "Mozilla/5.0 (compatible; Googlebot/2.1; +http://www.google.com/bot.html)" 
66.249.69.95 - - [13/Dec/2017:05:45:31 -0800] "GET / HTTP/1.1" 200 11061 "-" "Mozilla/5.0 (compatible; Googlebot/2.1; +http://www.google.com/bot.html)" 
217.182.132.188 - - [13/Dec/2017:05:48:05 -0800] "GET /self.logs/error.log.2015-09-09.gz HTTP/1.1" 404 284 "-" "Mozilla/5.0 (compatible; AhrefsBot/5.2; +http://ahrefs.com/robot/)" 
216.244.66.227 - - [13/Dec/2017:05:48:05 -0800] "GET /pe_static/zeus.zip HTTP/1.1" 200 465740 "-" "Mozilla/5.0 (compatible; DotBot/1.1; http://www.opensiteexplorer.org/dotbot, help@moz.com)" 
217.182.132.193 - - [13/Dec/2017:05:50:38 -0800] "GET /self.logs/access.log.2015-12-03.gz HTTP/1.1" 404 284 "-" "Mozilla/5.0 (compatible; AhrefsBot/5.2; +http://ahrefs.com/robot/)" 
60.210.230.189 - - [13/Dec/2017:05:51:10 -0800] "GET /favicon.ico HTTP/1.1" 200 268 "-" "Mozilla/5.0 (Windows NT 6.1; WOW64) AppleWebKit/537.36 (KHTML, like Gecko) Chrome/55.0.2883.87 Safari/537.36" 
177.180.128.53 - - [13/Dec/2017:05:51:25 -0800] "GET /wp-login.php HTTP/1.1" 404 295 "-" "Mozilla/5.0 (Windows NT 6.1; WOW64; rv:40.0) Gecko/20100101 Firefox/40.1" 
177.180.128.53 - - [13/Dec/2017:05:51:30 -0800] "GET /wp-login.php HTTP/1.1" 404 295 "-" "Mozilla/5.0 (Windows NT 6.1; WOW64; rv:40.0) Gecko/20100101 Firefox/40.1" 
177.180.128.53 - - [13/Dec/2017:05:51:35 -0800] "GET / HTTP/1.1" 200 37415 "-" "Mozilla/5.0 (Windows NT 6.1; WOW64; rv:40.0) Gecko/20100101 Firefox/40.1" 
177.180.128.53 - - [13/Dec/2017:05:52:04 -0800] "GET /wp-login.php HTTP/1.1" 301 522 "-" "Mozilla/5.0 (Windows NT 6.1; WOW64; rv:40.0) Gecko/20100101 Firefox/40.1" 
177.180.128.53 - - [13/Dec/2017:05:52:04 -0800] "GET /wp-login.php HTTP/1.1" 404 295 "-" "Mozilla/5.0 (Windows NT 6.1; WOW64; rv:40.0) Gecko/20100101 Firefox/40.1" 
177.180.128.53 - - [13/Dec/2017:05:52:09 -0800] "GET /wp-login.php HTTP/1.1" 301 522 "-" "Mozilla/5.0 (Windows NT 6.1; WOW64; rv:40.0) Gecko/20100101 Firefox/40.1" 
177.180.128.53 - - [13/Dec/2017:05:52:10 -0800] "GET /wp-login.php HTTP/1.1" 404 295 "-" "Mozilla/5.0 (Windows NT 6.1; WOW64; rv:40.0) Gecko/20100101 Firefox/40.1" 
177.180.128.53 - - [13/Dec/2017:05:52:15 -0800] "GET / HTTP/1.1" 301 498 "-" "Mozilla/5.0 (Windows NT 6.1; WOW64; rv:40.0) Gecko/20100101 Firefox/40.1" 
177.180.128.53 - - [13/Dec/2017:05:52:15 -0800] "GET / HTTP/1.1" 200 37415 "-" "Mozilla/5.0 (Windows NT 6.1; WOW64; rv:40.0) Gecko/20100101 Firefox/40.1" 
82.135.136.83 - - [13/Dec/2017:05:53:31 -0800] "GET / HTTP/1.1" 200 11061 "-" "Mozilla/5.0 (Windows NT 10.0; Win64; x64) AppleWebKit/537.36 (KHTML, like Gecko) Chrome/63.0.3239.84 Safari/537.36" 
82.135.136.83 - - [13/Dec/2017:05:53:31 -0800] "GET /twitter-icon.png HTTP/1.1" 200 27787 "http://www.secrepo.com/" "Mozilla/5.0 (Windows NT 10.0; Win64; x64) AppleWebKit/537.36 (KHTML, like Gecko) Chrome/63.0.3239.84 Safari/537.36" 
82.135.136.83 - - [13/Dec/2017:05:53:31 -0800] "GET /GitHub-Mark.png HTTP/1.1" 200 7428 "http://www.secrepo.com/" "Mozilla/5.0 (Windows NT 10.0; Win64; x64) AppleWebKit/537.36 (KHTML, like Gecko) Chrome/63.0.3239.84 Safari/537.36" 
82.135.136.83 - - [13/Dec/2017:05:53:33 -0800] "GET /bootstrap/img/favicon.ico HTTP/1.1" 200 589 "http://www.secrepo.com/" "Mozilla/5.0 (Windows NT 10.0; Win64; x64) AppleWebKit/537.36 (KHTML, like Gecko) Chrome/63.0.3239.84 Safari/537.36" 
34.227.162.135 - - [13/Dec/2017:05:55:57 -0800] "GET / HTTP/1.1" 200 37415 "-" "Mozilla/5.0 (Windows NT 10.0; WOW64; rv:50.0) Gecko/20100101 Firefox/50.0" 
193.147.79.30 - - [13/Dec/2017:05:56:26 -0800] "GET / HTTP/1.1" 200 11061 "https://www.google.es/" "Mozilla/5.0 (X11; Linux x86_64) AppleWebKit/537.36 (KHTML, like Gecko) Chrome/63.0.3239.84 Safari/537.36" 
193.147.79.30 - - [13/Dec/2017:05:56:27 -0800] "GET /twitter-icon.png HTTP/1.1" 200 27787 "http://www.secrepo.com/" "Mozilla/5.0 (X11; Linux x86_64) AppleWebKit/537.36 (KHTML, like Gecko) Chrome/63.0.3239.84 Safari/537.36" 
193.147.79.30 - - [13/Dec/2017:05:56:27 -0800] "GET /GitHub-Mark.png HTTP/1.1" 200 7428 "http://www.secrepo.com/" "Mozilla/5.0 (X11; Linux x86_64) AppleWebKit/537.36 (KHTML, like Gecko) Chrome/63.0.3239.84 Safari/537.36" 
193.147.79.30 - - [13/Dec/2017:05:56:27 -0800] "GET /bootstrap/img/favicon.ico HTTP/1.1" 200 589 "http://www.secrepo.com/" "Mozilla/5.0 (X11; Linux x86_64) AppleWebKit/537.36 (KHTML, like Gecko) Chrome/63.0.3239.84 Safari/537.36" 
164.132.161.43 - - [13/Dec/2017:05:56:53 -0800] "GET /self.logs/2016/access.log.2016-03-25.gz HTTP/1.1" 200 11417 "-" "Mozilla/5.0 (compatible; AhrefsBot/5.2; +http://ahrefs.com/robot/)" 
14.17.21.58 - - [13/Dec/2017:05:58:30 -0800] "GET / HTTP/1.1" 200 11024 "-" "Mozilla/5.0 (iPhone; CPU iPhone OS 9_3_4 like Mac OS X) AppleWebKit/601.1.46 (KHTML, like Gecko) Mobile/13G35 QQ/6.5.3.410 V1_IPH_SQ_6.5.3_1_APP_A Pixel/750 Core/UIWebView NetType/2G Mem/117" 
95.213.141.124 - - [13/Dec/2017:05:58:54 -0800] "GET / HTTP/1.1" 200 11005 "-" "Opera/9.80 (Windows NT 6.1; WOW64; U; ru) Presto/2.10.289 Version/12.01" 
95.213.141.124 - - [13/Dec/2017:05:58:54 -0800] "GET /bootstrap/img/favicon.ico HTTP/1.1" 200 534 "-" "Opera/9.80 (Windows NT 6.1; WOW64; U; ru) Presto/2.10.289 Version/12.01" 
221.232.135.51 - - [13/Dec/2017:06:01:17 -0800] "GET /Security-Data-Analysis/Lab_1/conn.log.zip HTTP/1.1" 206 81088 "http://www.secrepo.com/Security-Data-Analysis/Lab_1" "Mozilla/5.0 (compatible; MSIE 9.0; Windows NT 6.1; Trident/5.0)" 
221.232.135.51 - - [13/Dec/2017:06:01:26 -0800] "GET /Security-Data-Analysis/Lab_1/conn.log.zip HTTP/1.1" 206 81088 "http://www.secrepo.com/Security-Data-Analysis/Lab_1" "Mozilla/5.0 (compatible; MSIE 9.0; Windows NT 6.1; Trident/5.0)" 
221.232.135.51 - - [13/Dec/2017:06:01:25 -0800] "GET /Security-Data-Analysis/Lab_1/conn.log.zip HTTP/1.1" 206 185344 "http://www.secrepo.com/Security-Data-Analysis/Lab_1" "Mozilla/5.0 (compatible; MSIE 9.0; Windows NT 6.1; Trident/5.0)" 
221.232.135.51 - - [13/Dec/2017:06:00:59 -0800] "GET /Security-Data-Analysis/Lab_1/conn.log.zip HTTP/1.1" 200 320008 "http://www.secrepo.com/Security-Data-Analysis/Lab_1" "Mozilla/5.0 (compatible; MSIE 9.0; Windows NT 6.1; Trident/5.0)" 
221.232.135.51 - - [13/Dec/2017:06:01:24 -0800] "GET /Security-Data-Analysis/Lab_1/conn.log.zip HTTP/1.1" 206 218648 "http://www.secrepo.com/Security-Data-Analysis/Lab_1" "Mozilla/5.0 (compatible; MSIE 9.0; Windows NT 6.1; Trident/5.0)" 
221.232.135.51 - - [13/Dec/2017:06:01:50 -0800] "GET /Security-Data-Analysis/Lab_1/conn.log.zip HTTP/1.1" 200 81088 "http://www.secrepo.com/Security-Data-Analysis/Lab_1" "Mozilla/5.0 (compatible; MSIE 9.0; Windows NT 6.1; Trident/5.0)" 
66.249.83.82 - - [13/Dec/2017:06:03:28 -0800] "GET / HTTP/1.1" 200 11061 "-" "Mozilla/5.0 (X11; Linux x86_64) AppleWebKit/537.36 (KHTML, like Gecko) Chrome/49.0.2623.75 Safari/537.36 Google Favicon" 
66.249.83.82 - - [13/Dec/2017:06:03:28 -0800] "GET /bootstrap/img/favicon.ico HTTP/1.1" 200 589 "-" "Mozilla/5.0 (X11; Linux x86_64) AppleWebKit/537.36 (KHTML, like Gecko) Chrome/49.0.2623.75 Safari/537.36 Google Favicon" 
221.232.135.51 - - [13/Dec/2017:06:02:20 -0800] "GET /Security-Data-Analysis/Lab_1/conn.log.zip HTTP/1.1" 206 81088 "http://www.secrepo.com/Security-Data-Analysis/Lab_1" "Mozilla/5.0 (compatible; MSIE 9.0; Windows NT 6.1; Trident/5.0)" 
221.232.135.51 - - [13/Dec/2017:06:02:34 -0800] "GET /Security-Data-Analysis/Lab_1/conn.log.zip HTTP/1.1" 206 81088 "http://www.secrepo.com/Security-Data-Analysis/Lab_1" "Mozilla/5.0 (compatible; MSIE 9.0; Windows NT 6.1; Trident/5.0)" 
34.205.76.105 - - [13/Dec/2017:06:04:45 -0800] "GET /data HTTP/1.1" 404 295 "-" "Mozilla/5.0 (Windows NT 10.0; WOW64; rv:50.0) Gecko/20100101 Firefox/50.0" 
52.90.136.130 - - [13/Dec/2017:06:04:45 -0800] "GET / HTTP/1.1" 200 37415 "-" "Mozilla/5.0 (Windows NT 10.0; WOW64; rv:50.0) Gecko/20100101 Firefox/50.0" 
34.227.158.18 - - [13/Dec/2017:06:04:47 -0800] "GET / HTTP/1.1" 200 37415 "-" "Mozilla/5.0 (Windows NT 10.0; WOW64; rv:50.0) Gecko/20100101 Firefox/50.0" 
34.207.126.22 - - [13/Dec/2017:06:04:48 -0800] "GET / HTTP/1.1" 200 37415 "-" "Mozilla/5.0 (Windows NT 10.0; WOW64; rv:50.0) Gecko/20100101 Firefox/50.0" 
54.165.38.22 - - [13/Dec/2017:06:04:49 -0800] "GET / HTTP/1.1" 200 37415 "-" "Mozilla/5.0 (Windows NT 10.0; WOW64; rv:50.0) Gecko/20100101 Firefox/50.0" 
94.248.197.138 - - [13/Dec/2017:06:05:47 -0800] "GET / HTTP/1.1" 200 11061 "-" "Mozilla/5.0 (X11; Linux x86_64) AppleWebKit/537.36 (KHTML, like Gecko) Chrome/55.0.2883.87 Safari/537.36" 
94.248.197.138 - - [13/Dec/2017:06:05:47 -0800] "GET /GitHub-Mark.png HTTP/1.1" 200 7428 "http://www.secrepo.com/" "Mozilla/5.0 (X11; Linux x86_64) AppleWebKit/537.36 (KHTML, like Gecko) Chrome/55.0.2883.87 Safari/537.36" 
94.248.197.138 - - [13/Dec/2017:06:05:47 -0800] "GET /twitter-icon.png HTTP/1.1" 200 27787 "http://www.secrepo.com/" "Mozilla/5.0 (X11; Linux x86_64) AppleWebKit/537.36 (KHTML, like Gecko) Chrome/55.0.2883.87 Safari/537.36" 
94.248.197.138 - - [13/Dec/2017:06:05:48 -0800] "GET /bootstrap/img/favicon.ico HTTP/1.1" 200 589 "http://www.secrepo.com/" "Mozilla/5.0 (X11; Linux x86_64) AppleWebKit/537.36 (KHTML, like Gecko) Chrome/55.0.2883.87 Safari/537.36" 
216.244.66.227 - - [13/Dec/2017:06:07:39 -0800] "GET /robots.txt HTTP/1.1" 200 233 "-" "Mozilla/5.0 (compatible; DotBot/1.1; http://www.opensiteexplorer.org/dotbot, help@moz.com)" 
54.210.131.67 - - [13/Dec/2017:06:08:08 -0800] "GET / HTTP/1.1" 200 37415 "-" "Mozilla/5.0 (Windows NT 10.0; WOW64; rv:50.0) Gecko/20100101 Firefox/50.0" 
45.56.153.148 - - [13/Dec/2017:06:10:17 -0800] "GET / HTTP/1.1" 200 11061 "-" "Mozilla/5.0 (Windows NT 10.0; Win64; x64; rv:57.0) Gecko/20100101 Firefox/57.0" 
45.56.153.148 - - [13/Dec/2017:06:10:17 -0800] "GET /bootstrap/img/favicon.ico HTTP/1.1" 200 589 "-" "Mozilla/5.0 (Windows NT 10.0; Win64; x64; rv:57.0) Gecko/20100101 Firefox/57.0" 
45.56.153.148 - - [13/Dec/2017:06:10:17 -0800] "GET /twitter-icon.png HTTP/1.1" 200 27787 "http://www.secrepo.com/" "Mozilla/5.0 (Windows NT 10.0; Win64; x64; rv:57.0) Gecko/20100101 Firefox/57.0" 
45.56.153.148 - - [13/Dec/2017:06:10:18 -0800] "GET /GitHub-Mark.png HTTP/1.1" 200 7428 "http://www.secrepo.com/" "Mozilla/5.0 (Windows NT 10.0; Win64; x64; rv:57.0) Gecko/20100101 Firefox/57.0" 
54.210.131.67 - - [13/Dec/2017:06:10:30 -0800] "GET / HTTP/1.1" 200 37415 "-" "Mozilla/5.0 (Windows NT 10.0; WOW64; rv:50.0) Gecko/20100101 Firefox/50.0" 
54.210.131.67 - - [13/Dec/2017:06:10:35 -0800] "GET / HTTP/1.1" 200 37415 "-" "Mozilla/5.0 (Windows NT 10.0; WOW64; rv:50.0) Gecko/20100101 Firefox/50.0" 
54.208.243.234 - - [13/Dec/2017:06:10:43 -0800] "GET / HTTP/1.1" 200 37415 "-" "Mozilla/5.0 (Windows NT 10.0; WOW64; rv:50.0) Gecko/20100101 Firefox/50.0" 
52.90.136.130 - - [13/Dec/2017:06:10:50 -0800] "GET / HTTP/1.1" 200 37415 "-" "Mozilla/5.0 (Windows NT 10.0; WOW64; rv:50.0) Gecko/20100101 Firefox/50.0" 
34.227.158.18 - - [13/Dec/2017:06:10:58 -0800] "GET / HTTP/1.1" 200 37415 "-" "Mozilla/5.0 (Windows NT 10.0; WOW64; rv:50.0) Gecko/20100101 Firefox/50.0" 
132.237.146.222 - - [13/Dec/2017:06:11:25 -0800] "GET / HTTP/1.1" 200 11061 "https://www.google.co.uk/" "Mozilla/5.0 (X11; Linux x86_64; rv:52.0) Gecko/20100101 Firefox/52.0" 
132.237.146.222 - - [13/Dec/2017:06:11:25 -0800] "GET /bootstrap/img/favicon.ico HTTP/1.1" 200 589 "-" "Mozilla/5.0 (X11; Linux x86_64; rv:52.0) Gecko/20100101 Firefox/52.0" 
132.237.146.222 - - [13/Dec/2017:06:11:25 -0800] "GET /twitter-icon.png HTTP/1.1" 200 27788 "http://www.secrepo.com/" "Mozilla/5.0 (X11; Linux x86_64; rv:52.0) Gecko/20100101 Firefox/52.0" 
