73.189.16.73 - - [14/Sep/2017:18:02:23 -0700] "GET /self.logs/access.log.2017-01-01.gz HTTP/1.0" 200 17557 "-" "Python-urllib/1.17" 
87.221.97.98 - - [14/Sep/2017:18:03:14 -0700] "GET / HTTP/1.1" 200 10915 "-" "Mozilla/5.0 (Macintosh; Intel Mac OS X 10_11_6) AppleWebKit/602.2.14 (KHTML, like Gecko)" 
87.221.97.98 - - [14/Sep/2017:18:03:15 -0700] "GET /apple-touch-icon-precomposed.png HTTP/1.1" 404 340 "-" "Safari/11602.2.14.0.7 CFNetwork/760.6.3 Darwin/15.6.0 (x86_64)" 
87.221.97.98 - - [14/Sep/2017:18:03:15 -0700] "GET /apple-touch-icon.png HTTP/1.1" 404 339 "-" "Safari/11602.2.14.0.7 CFNetwork/760.6.3 Darwin/15.6.0 (x86_64)" 
87.221.97.98 - - [14/Sep/2017:18:03:15 -0700] "GET /bootstrap/img/favicon.ico HTTP/1.1" 200 589 "-" "Safari/11602.2.14.0.7 CFNetwork/760.6.3 Darwin/15.6.0 (x86_64)" 
87.221.97.98 - - [14/Sep/2017:18:03:15 -0700] "GET /apple-touch-icon-precomposed.png HTTP/1.1" 404 339 "-" "Safari/11602.2.14.0.7 CFNetwork/760.6.3 Darwin/15.6.0 (x86_64)" 
87.221.97.98 - - [14/Sep/2017:18:03:15 -0700] "GET /apple-touch-icon.png HTTP/1.1" 404 339 "-" "Safari/11602.2.14.0.7 CFNetwork/760.6.3 Darwin/15.6.0 (x86_64)" 
73.189.16.73 - - [14/Sep/2017:18:03:16 -0700] "GET /self.logs/access.log.2017-01-01.gz HTTP/1.0" 200 17557 "-" "Python-urllib/1.17" 
104.228.49.89 - - [14/Sep/2017:18:03:37 -0700] "GET / HTTP/1.1" 200 10915 "-" "Mozilla/5.0 (Macintosh; Intel Mac OS X 10_12_6) AppleWebKit/603.3.8 (KHTML, like Gecko) Version/10.1.2 Safari/603.3.8" 
104.228.49.89 - - [14/Sep/2017:18:03:37 -0700] "GET /twitter-icon.png HTTP/1.1" 200 27787 "http://www.secrepo.com/" "Mozilla/5.0 (Macintosh; Intel Mac OS X 10_12_6) AppleWebKit/603.3.8 (KHTML, like Gecko) Version/10.1.2 Safari/603.3.8" 
104.228.49.89 - - [14/Sep/2017:18:03:37 -0700] "GET /GitHub-Mark.png HTTP/1.1" 200 7428 "http://www.secrepo.com/" "Mozilla/5.0 (Macintosh; Intel Mac OS X 10_12_6) AppleWebKit/603.3.8 (KHTML, like Gecko) Version/10.1.2 Safari/603.3.8" 
73.189.16.73 - - [14/Sep/2017:18:04:24 -0700] "GET /self.logs/access.log.2017-01-01.gz HTTP/1.0" 200 17557 "-" "Python-urllib/1.17" 
73.189.16.73 - - [14/Sep/2017:18:04:41 -0700] "GET /self.logs/access.log.2017-01-01.gz HTTP/1.0" 200 17557 "-" "Python-urllib/1.17" 
73.189.16.73 - - [14/Sep/2017:18:05:13 -0700] "GET /self.logs/access.log.2017-01-01.gz HTTP/1.0" 200 17557 "-" "Python-urllib/1.17" 
73.189.16.73 - - [14/Sep/2017:18:05:20 -0700] "GET /self.logs/access.log.2017-01-01.gz HTTP/1.0" 200 17557 "-" "Python-urllib/1.17" 
73.189.16.73 - - [14/Sep/2017:18:05:54 -0700] "GET /self.logs/access.log.2017-01-01.gz HTTP/1.0" 200 17557 "-" "Python-urllib/1.17" 
73.189.16.73 - - [14/Sep/2017:18:06:26 -0700] "GET /self.logs/access.log.2017-01-01.gz HTTP/1.0" 200 17557 "-" "Python-urllib/1.17" 
73.189.16.73 - - [14/Sep/2017:18:06:57 -0700] "GET /self.logs/access.log.2017-01-01.gz HTTP/1.0" 200 17557 "-" "Python-urllib/1.17" 
73.189.16.73 - - [14/Sep/2017:18:08:19 -0700] "GET /self.logs/access.log.2017-01-01.gz HTTP/1.0" 200 17557 "-" "Python-urllib/1.17" 
73.189.16.73 - - [14/Sep/2017:18:08:44 -0700] "GET /self.logs/access.log.2017-01-01.gz HTTP/1.0" 200 17557 "-" "Python-urllib/1.17" 
73.189.16.73 - - [14/Sep/2017:18:09:29 -0700] "GET /self.logs/access.log.2017-01-01.gz HTTP/1.0" 200 17557 "-" "Python-urllib/1.17" 
73.189.16.73 - - [14/Sep/2017:18:10:33 -0700] "GET /self.logs/access.log.2017-01-01.gz HTTP/1.0" 200 17557 "-" "Python-urllib/1.17" 
73.189.16.73 - - [14/Sep/2017:18:10:51 -0700] "GET /self.logs/access.log.2017-01-01.gz HTTP/1.0" 200 17557 "-" "Python-urllib/1.17" 
73.189.16.73 - - [14/Sep/2017:18:11:46 -0700] "GET /self.logs/access.log.2017-01-01.gz HTTP/1.0" 200 17557 "-" "Python-urllib/1.17" 
73.189.16.73 - - [14/Sep/2017:18:12:52 -0700] "GET /self.logs/access.log.2017-01-01.gz HTTP/1.0" 200 17557 "-" "Python-urllib/1.17" 
73.189.16.73 - - [14/Sep/2017:18:13:10 -0700] "GET /self.logs/access.log.2017-01-01.gz HTTP/1.0" 200 17557 "-" "Python-urllib/1.17" 
73.189.16.73 - - [14/Sep/2017:18:13:49 -0700] "GET /self.logs/access.log.2017-01-01.gz HTTP/1.0" 200 17557 "-" "Python-urllib/1.17" 
73.189.16.73 - - [14/Sep/2017:18:14:17 -0700] "GET /self.logs/access.log.2017-01-01.gz HTTP/1.0" 200 17557 "-" "Python-urllib/1.17" 
73.189.16.73 - - [14/Sep/2017:18:14:34 -0700] "GET /self.logs/access.log.2017-01-01.gz HTTP/1.0" 200 17557 "-" "Python-urllib/1.17" 
120.221.0.34 - - [14/Sep/2017:18:14:43 -0700] "GET /honeypot/Honeypot%20-%20Howto.pdf HTTP/1.1" 304 131 "-" "Mozilla/5.0 Gecko/20100115 Firefox/3.6" 
124.171.69.181 - - [14/Sep/2017:18:19:00 -0700] "GET /twitter-icon.png HTTP/1.1" 200 27788 "-" "Mozilla/5.0 (X11; Ubuntu; Linux x86_64; rv:54.0) Gecko/20100101 Firefox/54.0" 
124.171.69.181 - - [14/Sep/2017:18:19:00 -0700] "GET /GitHub-Mark.png HTTP/1.1" 200 7428 "-" "Mozilla/5.0 (X11; Ubuntu; Linux x86_64; rv:54.0) Gecko/20100101 Firefox/54.0" 
66.249.64.157 - - [14/Sep/2017:18:23:43 -0700] "GET / HTTP/1.1" 200 10915 "-" "Mozilla/5.0 (Linux; Android 6.0.1; Nexus 5X Build/MMB29P) AppleWebKit/537.36 (KHTML, like Gecko) Chrome/41.0.2272.96 Mobile Safari/537.36 (compatible; Googlebot/2.1; +http://www.google.com/bot.html)" 
96.252.103.85 - - [14/Sep/2017:18:26:59 -0700] "GET /bootstrap/img/favicon.ico HTTP/1.1" 304 165 "-" "Mozilla/5.0 (Windows NT 10.0; WOW64; rv:55.0) Gecko/20100101 Firefox/55.0" 
73.189.16.73 - - [14/Sep/2017:18:30:09 -0700] "GET /self.logs/access.log.2017-01-01.gz HTTP/1.0" 200 17557 "-" "Python-urllib/1.17" 
73.189.16.73 - - [14/Sep/2017:18:30:49 -0700] "GET /self.logs/access.log.2017-01-01.gz HTTP/1.0" 200 17557 "-" "Python-urllib/1.17" 
66.249.64.157 - - [14/Sep/2017:18:30:55 -0700] "GET /bootstrap/img/favicon.ico HTTP/1.1" 304 165 "-" "Googlebot-Image/1.0" 
66.249.64.157 - - [14/Sep/2017:18:30:59 -0700] "GET /favicon.ico HTTP/1.1" 304 163 "-" "Googlebot-Image/1.0" 
73.189.16.73 - - [14/Sep/2017:18:31:37 -0700] "GET /self.logs/access.log.2017-01-01.gz HTTP/1.0" 200 17557 "-" "Python-urllib/1.17" 
73.189.16.73 - - [14/Sep/2017:18:32:13 -0700] "GET /self.logs/access.log.2017-01-01.gz HTTP/1.0" 200 17557 "-" "Python-urllib/1.17" 
73.189.16.73 - - [14/Sep/2017:18:33:33 -0700] "GET /self.logs/access.log.2017-01-01.gz HTTP/1.0" 200 17557 "-" "Python-urllib/1.17" 
73.189.16.73 - - [14/Sep/2017:18:33:53 -0700] "GET /self.logs/access.log.2017-01-01.gz HTTP/1.0" 200 17557 "-" "Python-urllib/1.17" 
73.189.16.73 - - [14/Sep/2017:18:34:54 -0700] "GET /self.logs/2015 HTTP/1.1" 301 511 "-" "python-requests/2.10.0" 
73.189.16.73 - - [14/Sep/2017:18:34:55 -0700] "GET /self.logs/2015/ HTTP/1.1" 200 7436 "-" "python-requests/2.10.0" 
106.70.151.34 - - [14/Sep/2017:18:37:32 -0700] "GET /wp-login.php HTTP/1.1" 404 295 "-" "Mozilla/5.0 (Windows NT 6.1; WOW64; rv:40.0) Gecko/20100101 Firefox/40.1" 
106.70.151.34 - - [14/Sep/2017:18:37:37 -0700] "GET /wp-login.php HTTP/1.1" 404 295 "-" "Mozilla/5.0 (Windows NT 6.1; WOW64; rv:40.0) Gecko/20100101 Firefox/40.1" 
106.70.151.34 - - [14/Sep/2017:18:37:43 -0700] "GET / HTTP/1.1" 200 36860 "-" "Mozilla/5.0 (Windows NT 6.1; WOW64; rv:40.0) Gecko/20100101 Firefox/40.1" 
103.31.24.38 - - [14/Sep/2017:18:40:08 -0700] "GET /maccdc2012 HTTP/1.1" 301 500 "-" "Mozilla/5.0 (Windows NT 10.0; Win64; x64) AppleWebKit/537.36 (KHTML, like Gecko) Chrome/60.0.3112.113 Safari/537.36" 
103.31.24.38 - - [14/Sep/2017:18:40:08 -0700] "GET /maccdc2012/ HTTP/1.1" 200 1908 "-" "Mozilla/4.0 (compatible;)" 
103.31.24.38 - - [14/Sep/2017:18:40:21 -0700] "GET / HTTP/1.1" 304 189 "-" "Mozilla/4.0 (compatible;)" 
137.74.207.109 - - [14/Sep/2017:18:42:38 -0700] "GET /self.logs/error.log.2017-01-06.gz HTTP/1.1" 200 2329 "-" "Mozilla/5.0 (compatible; AhrefsBot/5.2; +http://ahrefs.com/robot/)" 
103.31.25.11 - - [14/Sep/2017:18:46:07 -0700] "GET /maccdc2012/conn.log.gz HTTP/1.1" 200 13525423 "-" "Mozilla/5.0 (iPhone; CPU iPhone OS 10_3_3 like Mac OS X) AppleWebKit/603.3.8 (KHTML, like Gecko) Version/10.0 Mobile/14G60 Safari/602.1" 
103.31.25.11 - - [14/Sep/2017:18:50:19 -0700] "GET /maccdc2012 HTTP/1.1" 301 499 "-" "Mozilla/5.0 (Windows NT 10.0; Win64; x64) AppleWebKit/537.36 (KHTML, like Gecko) Chrome/60.0.3112.113 Safari/537.36" 
103.31.25.11 - - [14/Sep/2017:18:50:20 -0700] "GET /maccdc2012 HTTP/1.1" 301 520 "-" "Mozilla/4.0 (compatible;)" 
103.31.25.11 - - [14/Sep/2017:18:50:20 -0700] "GET /maccdc2012/ HTTP/1.1" 200 1908 "-" "Mozilla/4.0 (compatible;)" 
103.31.25.11 - - [14/Sep/2017:18:52:01 -0700] "GET / HTTP/1.1" 304 189 "-" "Mozilla/4.0 (compatible;)" 
103.31.25.11 - - [14/Sep/2017:18:52:01 -0700] "GET /bootstrap/img/favicon.ico HTTP/1.1" 304 165 "-" "Mozilla/4.0 (compatible;)" 
103.31.24.38 - - [14/Sep/2017:18:52:35 -0700] "GET / HTTP/1.1" 304 189 "-" "Mozilla/4.0 (compatible;)" 
103.31.25.11 - - [14/Sep/2017:18:49:38 -0700] "GET /maccdc2012/http.log.gz HTTP/1.1" 200 19665502 "-" "Mozilla/5.0 (Windows NT 10.0; Win64; x64) AppleWebKit/537.36 (KHTML, like Gecko) Chrome/60.0.3112.113 Safari/537.36" 
71.70.77.199 - - [14/Sep/2017:18:52:38 -0700] "GET / HTTP/1.1" 200 10915 "https://www.google.com/" "Mozilla/5.0 (Windows NT 10.0; Win64; x64) AppleWebKit/537.36 (KHTML, like Gecko) Chrome/60.0.3112.113 Safari/537.36" 
71.70.77.199 - - [14/Sep/2017:18:52:39 -0700] "GET /twitter-icon.png HTTP/1.1" 200 27787 "http://www.secrepo.com/" "Mozilla/5.0 (Windows NT 10.0; Win64; x64) AppleWebKit/537.36 (KHTML, like Gecko) Chrome/60.0.3112.113 Safari/537.36" 
71.70.77.199 - - [14/Sep/2017:18:52:39 -0700] "GET /GitHub-Mark.png HTTP/1.1" 200 7427 "http://www.secrepo.com/" "Mozilla/5.0 (Windows NT 10.0; Win64; x64) AppleWebKit/537.36 (KHTML, like Gecko) Chrome/60.0.3112.113 Safari/537.36" 
106.120.122.135 - - [14/Sep/2017:18:53:17 -0700] "GET / HTTP/1.1" 304 189 "-" "Mozilla/4.0 (compatible;)" 
103.31.25.11 - - [14/Sep/2017:18:54:54 -0700] "GET / HTTP/1.1" 301 483 "-" "Mozilla/5.0 (X11; Linux x86_64; rv:45.0) Gecko/20100101 Firefox/45.0" 
103.31.25.11 - - [14/Sep/2017:18:54:55 -0700] "GET / HTTP/1.1" 304 189 "-" "Mozilla/4.0 (compatible;)" 
103.31.25.11 - - [14/Sep/2017:18:54:55 -0700] "GET /bootstrap/img/favicon.ico HTTP/1.1" 304 165 "-" "Mozilla/4.0 (compatible;)" 
103.31.25.11 - - [14/Sep/2017:18:54:55 -0700] "GET /twitter-icon.png HTTP/1.1" 304 166 "-" "Mozilla/4.0 (compatible;)" 
103.31.25.11 - - [14/Sep/2017:18:54:55 -0700] "GET /GitHub-Mark.png HTTP/1.1" 304 166 "-" "Mozilla/4.0 (compatible;)" 
103.31.25.11 - - [14/Sep/2017:18:55:14 -0700] "GET /maccdc2012/ssh.log.gz HTTP/1.1" 200 182517 "http://www.secrepo.com/" "Mozilla/5.0 (X11; Linux x86_64; rv:45.0) Gecko/20100101 Firefox/45.0" 
103.31.25.11 - - [14/Sep/2017:18:55:47 -0700] "GET /self.logs/ HTTP/1.1" 200 5511 "http://www.secrepo.com/" "Mozilla/5.0 (X11; Linux x86_64; rv:45.0) Gecko/20100101 Firefox/45.0" 
103.31.25.11 - - [14/Sep/2017:18:55:48 -0700] "GET /favicon.ico HTTP/1.1" 304 163 "-" "Mozilla/4.0 (compatible;)" 
103.31.25.11 - - [14/Sep/2017:18:56:04 -0700] "GET /self.logs/access.log.2017-01-01.gz HTTP/1.1" 200 17655 "http://www.secrepo.com/self.logs/" "Mozilla/5.0 (X11; Linux x86_64; rv:45.0) Gecko/20100101 Firefox/45.0" 
103.31.25.11 - - [14/Sep/2017:18:56:12 -0700] "GET /self.logs/2016/ HTTP/1.1" 200 7741 "http://www.secrepo.com/self.logs/" "Mozilla/5.0 (X11; Linux x86_64; rv:45.0) Gecko/20100101 Firefox/45.0" 
103.31.25.11 - - [14/Sep/2017:18:56:23 -0700] "GET /self.logs/2016/access.log.2016-01-01.gz HTTP/1.1" 200 5505 "http://www.secrepo.com/self.logs/2016/" "Mozilla/5.0 (X11; Linux x86_64; rv:45.0) Gecko/20100101 Firefox/45.0" 
103.31.25.11 - - [14/Sep/2017:18:56:46 -0700] "GET /self.logs/2016/access.log.2016-01-01.gz HTTP/1.1" 200 5448 "-" "Wget/1.18 (linux-gnu)" 
120.221.1.28 - - [14/Sep/2017:19:03:21 -0700] "GET /maccdc2012/files.log.gz HTTP/1.1" 304 155 "-" "Mozilla/5.0 Gecko/20100115 Firefox/3.6" 
103.31.25.11 - - [14/Sep/2017:19:03:46 -0700] "GET / HTTP/1.1" 304 189 "-" "Mozilla/4.0 (compatible;)" 
103.31.25.11 - - [14/Sep/2017:19:03:47 -0700] "GET /twitter-icon.png HTTP/1.1" 304 166 "-" "Mozilla/4.0 (compatible;)" 
103.31.25.11 - - [14/Sep/2017:19:03:47 -0700] "GET /GitHub-Mark.png HTTP/1.1" 304 166 "-" "Mozilla/4.0 (compatible;)" 
103.31.25.11 - - [14/Sep/2017:19:03:52 -0700] "GET /bootstrap/img/favicon.ico HTTP/1.1" 304 165 "-" "Mozilla/4.0 (compatible;)" 
71.126.146.229 - - [14/Sep/2017:19:04:28 -0700] "GET / HTTP/1.1" 200 10915 "https://www.google.com/" "Mozilla/5.0 (Macintosh; Intel Mac OS X 10_12_6) AppleWebKit/537.36 (KHTML, like Gecko) Chrome/60.0.3112.113 Safari/537.36" 
71.126.146.229 - - [14/Sep/2017:19:04:28 -0700] "GET /twitter-icon.png HTTP/1.1" 200 27787 "http://www.secrepo.com/" "Mozilla/5.0 (Macintosh; Intel Mac OS X 10_12_6) AppleWebKit/537.36 (KHTML, like Gecko) Chrome/60.0.3112.113 Safari/537.36" 
71.126.146.229 - - [14/Sep/2017:19:04:28 -0700] "GET /GitHub-Mark.png HTTP/1.1" 200 7428 "http://www.secrepo.com/" "Mozilla/5.0 (Macintosh; Intel Mac OS X 10_12_6) AppleWebKit/537.36 (KHTML, like Gecko) Chrome/60.0.3112.113 Safari/537.36" 
71.126.146.229 - - [14/Sep/2017:19:04:28 -0700] "GET /bootstrap/img/favicon.ico HTTP/1.1" 200 589 "http://www.secrepo.com/" "Mozilla/5.0 (Macintosh; Intel Mac OS X 10_12_6) AppleWebKit/537.36 (KHTML, like Gecko) Chrome/60.0.3112.113 Safari/537.36" 
207.46.13.197 - - [14/Sep/2017:19:05:04 -0700] "GET /robots.txt HTTP/1.1" 200 334 "-" "Mozilla/5.0 (compatible; bingbot/2.0; +http://www.bing.com/bingbot.htm)" 
207.46.13.43 - - [14/Sep/2017:19:05:11 -0700] "GET /self.logs/error.log.2016-04-11.gz HTTP/1.1" 404 340 "-" "Mozilla/5.0 (compatible; bingbot/2.0; +http://www.bing.com/bingbot.htm)" 
150.70.173.21 - - [14/Sep/2017:19:05:16 -0700] "GET /maccdc2012/ HTTP/1.1" 200 1852 "-" "Mozilla/5.0 (Windows NT 6.1) AppleWebKit/537.2 (KHTML, like Gecko) Chrome/22.0.1216.0 Safari/537.2" 
50.19.154.226 - - [14/Sep/2017:19:05:50 -0700] "GET /maccdc2012/ HTTP/1.1" 200 1852 "-" "Mozilla/5.0 (Windows NT 6.1) AppleWebKit/537.2 (KHTML, like Gecko) Chrome/22.0.1216.0 Safari/537.2" 
66.249.64.129 - - [14/Sep/2017:19:07:21 -0700] "GET / HTTP/1.1" 200 10915 "-" "Mozilla/5.0 (compatible; Googlebot/2.1; +http://www.google.com/bot.html)" 
164.132.161.63 - - [14/Sep/2017:19:07:29 -0700] "GET /self.logs/error.log.2015-04-07.gz HTTP/1.1" 404 284 "-" "Mozilla/5.0 (compatible; AhrefsBot/5.2; +http://ahrefs.com/robot/)" 
73.189.16.73 - - [14/Sep/2017:19:14:20 -0700] "GET /self.logs/access.log.2017-01-01.gz HTTP/1.0" 200 17557 "-" "Python-urllib/1.17" 
150.70.173.21 - - [14/Sep/2017:19:14:22 -0700] "GET /maccdc2012/ HTTP/1.1" 200 1852 "-" "Mozilla/5.0 (Windows NT 6.1) AppleWebKit/537.2 (KHTML, like Gecko) Chrome/22.0.1216.0 Safari/537.2" 
173.252.88.84 - - [14/Sep/2017:19:14:29 -0700] "GET /twitter-icon.png HTTP/1.1" 200 27788 "-" "facebookexternalhit/1.1 (+http://www.facebook.com/externalhit_uatext.php)" 
73.189.16.73 - - [14/Sep/2017:19:15:16 -0700] "GET /self.logs/access.log.2017-01-01.gz HTTP/1.0" 200 17557 "-" "Python-urllib/1.17" 
50.19.154.226 - - [14/Sep/2017:19:15:58 -0700] "GET /maccdc2012/ HTTP/1.1" 200 1852 "-" "Mozilla/5.0 (Windows NT 6.1) AppleWebKit/537.2 (KHTML, like Gecko) Chrome/22.0.1216.0 Safari/537.2" 
80.44.162.173 - - [14/Sep/2017:19:16:55 -0700] "GET /wp-login.php HTTP/1.1" 404 295 "-" "Mozilla/5.0 (Windows NT 6.1; WOW64; rv:40.0) Gecko/20100101 Firefox/40.1" 
80.44.162.173 - - [14/Sep/2017:19:17:01 -0700] "GET /wp-login.php HTTP/1.1" 404 295 "-" "Mozilla/5.0 (Windows NT 6.1; WOW64; rv:40.0) Gecko/20100101 Firefox/40.1" 
80.44.162.173 - - [14/Sep/2017:19:17:06 -0700] "GET / HTTP/1.1" 200 36860 "-" "Mozilla/5.0 (Windows NT 6.1; WOW64; rv:40.0) Gecko/20100101 Firefox/40.1" 
80.40.134.104 - - [14/Sep/2017:19:17:37 -0700] "GET /robots.txt HTTP/1.0" 200 252 "http://www.secrepo.com/robots.txt" "Mozilla/4.0 (compatible; MSIE 8.0; Windows NT 5.1; Trident/4.0; .NET CLR 2.0.50727; .NET CLR 3.0.04506.648; .NET CLR 3.5.21022; .NET CLR 3.0.4506.2152; .NET CLR 3.5.30729; InfoPath.2)" 
80.40.134.104 - - [14/Sep/2017:19:17:37 -0700] "GET / HTTP/1.0" 200 36849 "http://www.secrepo.com/" "Mozilla/4.0 (compatible; MSIE 8.0; Windows NT 5.1; Trident/4.0; .NET CLR 2.0.50727; .NET CLR 3.0.04506.648; .NET CLR 3.5.21022; .NET CLR 3.0.4506.2152; .NET CLR 3.5.30729; InfoPath.2)" 
103.31.25.11 - - [14/Sep/2017:19:22:26 -0700] "GET / HTTP/1.1" 304 189 "-" "Mozilla/4.0 (compatible;)" 
103.31.25.11 - - [14/Sep/2017:19:22:27 -0700] "GET /twitter-icon.png HTTP/1.1" 304 166 "-" "Mozilla/4.0 (compatible;)" 
103.31.25.11 - - [14/Sep/2017:19:22:27 -0700] "GET /GitHub-Mark.png HTTP/1.1" 304 166 "-" "Mozilla/4.0 (compatible;)" 
103.31.25.11 - - [14/Sep/2017:19:22:27 -0700] "GET /bootstrap/img/favicon.ico HTTP/1.1" 304 165 "-" "Mozilla/4.0 (compatible;)" 
150.70.188.179 - - [14/Sep/2017:19:24:33 -0700] "GET / HTTP/1.1" 200 36804 "-" "Mozilla/4.0 (compatible; MSIE 8.0; Windows NT 5.1; Trident/4.0)" 
211.103.88.105 - - [14/Sep/2017:19:25:32 -0700] "GET /maccdc2012/maccdc2012_full_alert.7z HTTP/1.1" 304 132 "-" "Mozilla/5.0 Gecko/20100115 Firefox/3.6" 
103.31.24.38 - - [14/Sep/2017:19:25:51 -0700] "GET /maccdc2012/notice.log.gz HTTP/1.1" 200 20779 "-" "Mozilla/5.0 (Windows NT 10.0; Win64; x64) AppleWebKit/537.36 (KHTML, like Gecko) Chrome/60.0.3112.113 Safari/537.36" 
103.31.25.11 - - [14/Sep/2017:19:26:24 -0700] "GET / HTTP/1.1" 304 189 "-" "Mozilla/4.0 (compatible;)" 
103.31.25.11 - - [14/Sep/2017:19:26:24 -0700] "GET /bootstrap/img/favicon.ico HTTP/1.1" 304 165 "-" "Mozilla/4.0 (compatible;)" 
103.31.25.11 - - [14/Sep/2017:19:26:24 -0700] "GET /twitter-icon.png HTTP/1.1" 304 166 "-" "Mozilla/4.0 (compatible;)" 
103.31.25.11 - - [14/Sep/2017:19:26:24 -0700] "GET /GitHub-Mark.png HTTP/1.1" 304 166 "-" "Mozilla/4.0 (compatible;)" 
103.31.24.38 - - [14/Sep/2017:19:26:13 -0700] "GET /maccdc2012/ssl.log.gz HTTP/1.1" 200 1313675 "-" "Mozilla/5.0 (Windows NT 10.0; Win64; x64) AppleWebKit/537.36 (KHTML, like Gecko) Chrome/60.0.3112.113 Safari/537.36" 
106.70.151.34 - - [14/Sep/2017:19:29:55 -0700] "GET /wp-login.php HTTP/1.1" 301 522 "-" "Mozilla/5.0 (Windows NT 6.1; WOW64; rv:40.0) Gecko/20100101 Firefox/40.1" 
106.70.151.34 - - [14/Sep/2017:19:29:56 -0700] "GET /wp-login.php HTTP/1.1" 404 295 "-" "Mozilla/5.0 (Windows NT 6.1; WOW64; rv:40.0) Gecko/20100101 Firefox/40.1" 
106.70.151.34 - - [14/Sep/2017:19:30:01 -0700] "GET /wp-login.php HTTP/1.1" 301 522 "-" "Mozilla/5.0 (Windows NT 6.1; WOW64; rv:40.0) Gecko/20100101 Firefox/40.1" 
52.212.146.96 - - [14/Sep/2017:19:30:01 -0700] "GET /self.logs/access.log.2017-09-08.gz HTTP/1.1" 200 24316 "-" "python-requests/2.12.1" 
52.212.146.96 - - [14/Sep/2017:19:30:01 -0700] "GET /self.logs/access.log.2017-09-09.gz HTTP/1.1" 200 15278 "-" "python-requests/2.12.1" 
106.70.151.34 - - [14/Sep/2017:19:30:02 -0700] "GET /wp-login.php HTTP/1.1" 404 295 "-" "Mozilla/5.0 (Windows NT 6.1; WOW64; rv:40.0) Gecko/20100101 Firefox/40.1" 
52.212.146.96 - - [14/Sep/2017:19:30:02 -0700] "GET /self.logs/access.log.2017-09-10.gz HTTP/1.1" 200 21863 "-" "python-requests/2.12.1" 
52.212.146.96 - - [14/Sep/2017:19:30:02 -0700] "GET /self.logs/access.log.2017-09-11.gz HTTP/1.1" 200 34438 "-" "python-requests/2.12.1" 
52.212.146.96 - - [14/Sep/2017:19:30:02 -0700] "GET /self.logs/access.log.2017-09-12.gz HTTP/1.1" 404 340 "-" "python-requests/2.12.1" 
52.212.146.96 - - [14/Sep/2017:19:30:03 -0700] "GET /self.logs/access.log.2017-09-13.gz HTTP/1.1" 404 340 "-" "python-requests/2.12.1" 
52.212.146.96 - - [14/Sep/2017:19:30:03 -0700] "GET /self.logs/access.log.2017-09-14.gz HTTP/1.1" 404 340 "-" "python-requests/2.12.1" 
106.70.151.34 - - [14/Sep/2017:19:30:07 -0700] "GET / HTTP/1.1" 301 498 "-" "Mozilla/5.0 (Windows NT 6.1; WOW64; rv:40.0) Gecko/20100101 Firefox/40.1" 
106.70.151.34 - - [14/Sep/2017:19:30:08 -0700] "GET / HTTP/1.1" 200 36860 "-" "Mozilla/5.0 (Windows NT 6.1; WOW64; rv:40.0) Gecko/20100101 Firefox/40.1" 
183.157.160.45 - - [14/Sep/2017:19:31:06 -0700] "GET / HTTP/1.1" 304 189 "http://www.kdnuggets.com/2017/02/machine-learning-driven-firewall.html" "Mozilla/5.0 (Windows NT 6.3; WOW64) AppleWebKit/537.36 (KHTML, like Gecko) Chrome/54.0.2840.99 Safari/537.36" 
101.226.33.226 - - [14/Sep/2017:19:31:33 -0700] "GET /maccdc2012/http.log.gz HTTP/1.1" 200 194814 "-" "Mozilla/5.0 (Windows NT 6.1; WOW64; Trident/7.0; SLCC2; .NET CLR 2.0.50727; .NET CLR 3.5.30729; .NET CLR 3.0.30729; Media Center PC 6.0; .NET4.0C; .NET4.0E; InfoPath.3; rv:11.0) like Gecko" 
120.92.32.146 - - [14/Sep/2017:19:32:02 -0700] "GET / HTTP/1.1" 200 10859 "-" "Mozilla/5.0 (Windows NT 6.1; WOW64) AppleWebKit/537.36 (KHTML, like Gecko) Chrome/39.0.2171.95  Safari/537.36" 
23.21.236.110 - - [14/Sep/2017:19:32:06 -0700] "GET / HTTP/1.1" 200 10915 "http://www.covert.io/" "Mozilla/5.0 (Windows NT 10.0; Win64; x64) AppleWebKit/537.36 (KHTML, like Gecko) Chrome/52.0.2743.116 Safari/537.36 Edge/15.15063" 
23.21.236.110 - - [14/Sep/2017:19:32:06 -0700] "GET /twitter-icon.png HTTP/1.1" 200 27787 "http://www.secrepo.com/" "Mozilla/5.0 (Windows NT 10.0; Win64; x64) AppleWebKit/537.36 (KHTML, like Gecko) Chrome/52.0.2743.116 Safari/537.36 Edge/15.15063" 
23.21.236.110 - - [14/Sep/2017:19:32:06 -0700] "GET /GitHub-Mark.png HTTP/1.1" 200 7428 "http://www.secrepo.com/" "Mozilla/5.0 (Windows NT 10.0; Win64; x64) AppleWebKit/537.36 (KHTML, like Gecko) Chrome/52.0.2743.116 Safari/537.36 Edge/15.15063" 
23.21.236.110 - - [14/Sep/2017:19:32:07 -0700] "GET /bootstrap/img/favicon.ico HTTP/1.1" 200 590 "-" "Mozilla/5.0 (Windows NT 10.0; Win64; x64) AppleWebKit/537.36 (KHTML, like Gecko) Chrome/52.0.2743.116 Safari/537.36 Edge/15.15063" 
107.21.1.8 - - [14/Sep/2017:19:33:20 -0700] "GET / HTTP/1.1" 200 10915 "http://www.secrepo.com/" "Mozilla/5.0 (compatible; DuckDuckGo-Favicons-Bot/1.0; +http://duckduckgo.com)" 
107.21.1.8 - - [14/Sep/2017:19:33:20 -0700] "GET /bootstrap/img/favicon.ico HTTP/1.1" 200 589 "http://www.secrepo.com/bootstrap/img/favicon.ico" "Mozilla/5.0 (compatible; DuckDuckGo-Favicons-Bot/1.0; +http://duckduckgo.com)" 
67.197.222.213 - - [14/Sep/2017:19:38:35 -0700] "GET / HTTP/1.1" 200 10915 "https://www.google.com/" "Mozilla/5.0 (Macintosh; Intel Mac OS X 10_10_0) AppleWebKit/537.36 (KHTML, like Gecko) Chrome/60.0.3112.113 Safari/537.36" 
67.197.222.213 - - [14/Sep/2017:19:38:35 -0700] "GET /twitter-icon.png HTTP/1.1" 200 27787 "http://www.secrepo.com/" "Mozilla/5.0 (Macintosh; Intel Mac OS X 10_10_0) AppleWebKit/537.36 (KHTML, like Gecko) Chrome/60.0.3112.113 Safari/537.36" 
67.197.222.213 - - [14/Sep/2017:19:38:35 -0700] "GET /GitHub-Mark.png HTTP/1.1" 200 7428 "http://www.secrepo.com/" "Mozilla/5.0 (Macintosh; Intel Mac OS X 10_10_0) AppleWebKit/537.36 (KHTML, like Gecko) Chrome/60.0.3112.113 Safari/537.36" 
67.197.222.213 - - [14/Sep/2017:19:38:36 -0700] "GET /bootstrap/img/favicon.ico HTTP/1.1" 200 589 "http://www.secrepo.com/" "Mozilla/5.0 (Macintosh; Intel Mac OS X 10_10_0) AppleWebKit/537.36 (KHTML, like Gecko) Chrome/60.0.3112.113 Safari/537.36" 
67.197.222.213 - - [14/Sep/2017:19:38:47 -0700] "GET /scada/scada_logs.zip HTTP/1.1" 200 364901 "-" "Mozilla/5.0 (Macintosh; Intel Mac OS X 10_10_0) AppleWebKit/537.36 (KHTML, like Gecko) Chrome/60.0.3112.113 Safari/537.36" 
217.182.132.51 - - [14/Sep/2017:19:39:09 -0700] "GET /self.logs/error.log.2017-05-14.gz HTTP/1.1" 200 1068 "-" "Mozilla/5.0 (compatible; AhrefsBot/5.2; +http://ahrefs.com/robot/)" 
103.31.25.11 - - [14/Sep/2017:19:40:13 -0700] "GET /pe_static/zeus.zip HTTP/1.1" 200 3464800 "http://www.secrepo.com/" "Mozilla/5.0 (Windows NT 6.3; WOW64; rv:55.0) Gecko/20100101 Firefox/55.0" 
103.31.24.38 - - [14/Sep/2017:19:37:59 -0700] "GET /maccdc2012/files.log.gz HTTP/1.1" 200 11531742 "http://www.secrepo.com/" "Mozilla/5.0 (Windows NT 10.0; Win64; x64) AppleWebKit/537.36 (KHTML, like Gecko) Chrome/60.0.3112.113 Safari/537.36" 
111.204.219.198 - - [14/Sep/2017:19:47:02 -0700] "HEAD /Security-Data-Analysis/Lab_1/conn.log.zip HTTP/1.1" 200 309 "-" "Microsoft Office Word 2014" 
103.31.24.38 - - [14/Sep/2017:19:47:20 -0700] "GET /self.logs/ HTTP/1.1" 200 5511 "http://www.secrepo.com/" "Mozilla/5.0 (Windows NT 10.0; Win64; x64) AppleWebKit/537.36 (KHTML, like Gecko) Chrome/60.0.3112.113 Safari/537.36" 
111.204.219.198 - - [14/Sep/2017:19:47:33 -0700] "GET /Security-Data-Analysis/Lab_1/conn.log.zip HTTP/1.1" 200 68308 "-" "Mozilla/4.0 (compatible; MSIE 7.0; Windows NT 10.0; WOW64; Trident/7.0; .NET4.0C; .NET4.0E; ms-office)" 
27.211.253.202 - - [14/Sep/2017:19:47:35 -0700] "GET /twitter-icon.png HTTP/1.1" 200 27732 "http://www.secrepo.com/" "Mozilla/5.0 (Windows NT 10.0; WOW64) AppleWebKit/537.36 (KHTML, like Gecko) Chrome/63.0.3213.3 Safari/537.36" 
73.189.16.73 - - [14/Sep/2017:19:47:40 -0700] "GET /self.logs/access.log.2017-01-01.gz HTTP/1.0" 200 17557 "-" "Python-urllib/1.17" 
111.204.219.198 - - [14/Sep/2017:19:47:37 -0700] "GET /Security-Data-Analysis/Lab_1/conn.log.zip HTTP/1.1" 200 7330348 "-" "Mozilla/5.0 (Windows NT 10.0; Win64; x64) AppleWebKit/537.36 (KHTML, like Gecko) Chrome/60.0.3112.113 Safari/537.36" 
36.149.93.188 - - [14/Sep/2017:19:48:03 -0700] "GET /fckeditor/editor/ HTTP/1.1" 404 239 "-" "compatible;Baiduspider/2.0; +http://www.baidu.com/search/spider.html" 
73.189.16.73 - - [14/Sep/2017:19:48:34 -0700] "GET /self.logs/access.log.2017-01-01.gz HTTP/1.0" 200 17557 "-" "Python-urllib/1.17" 
201.223.100.115 - - [14/Sep/2017:19:50:07 -0700] "GET /wp-login.php HTTP/1.1" 404 295 "-" "Mozilla/5.0 (Windows NT 6.1; WOW64; rv:40.0) Gecko/20100101 Firefox/40.1" 
201.223.100.115 - - [14/Sep/2017:19:50:13 -0700] "GET /wp-login.php HTTP/1.1" 404 295 "-" "Mozilla/5.0 (Windows NT 6.1; WOW64; rv:40.0) Gecko/20100101 Firefox/40.1" 
73.189.16.73 - - [14/Sep/2017:19:50:18 -0700] "GET /self.logs/access.log.2017-01-01.gz HTTP/1.0" 200 17557 "-" "Python-urllib/1.17" 
201.223.100.115 - - [14/Sep/2017:19:50:19 -0700] "GET / HTTP/1.1" 200 36860 "-" "Mozilla/5.0 (Windows NT 6.1; WOW64; rv:40.0) Gecko/20100101 Firefox/40.1" 
180.191.131.232 - - [14/Sep/2017:19:50:36 -0700] "GET /wp-login.php HTTP/1.1" 404 295 "-" "Mozilla/5.0 (Windows NT 6.1; WOW64; rv:40.0) Gecko/20100101 Firefox/40.1" 
180.191.131.232 - - [14/Sep/2017:19:50:41 -0700] "GET /wp-login.php HTTP/1.1" 404 295 "-" "Mozilla/5.0 (Windows NT 6.1; WOW64; rv:40.0) Gecko/20100101 Firefox/40.1" 
180.191.131.232 - - [14/Sep/2017:19:50:47 -0700] "GET / HTTP/1.1" 200 36860 "-" "Mozilla/5.0 (Windows NT 6.1; WOW64; rv:40.0) Gecko/20100101 Firefox/40.1" 
66.249.64.129 - - [14/Sep/2017:19:50:59 -0700] "GET / HTTP/1.1" 200 10915 "-" "Mozilla/5.0 (Linux; Android 6.0.1; Nexus 5X Build/MMB29P) AppleWebKit/537.36 (KHTML, like Gecko) Chrome/41.0.2272.96 Mobile Safari/537.36 (compatible; Googlebot/2.1; +http://www.google.com/bot.html)" 
73.189.16.73 - - [14/Sep/2017:19:51:18 -0700] "GET /self.logs/access.log.2017-01-01.gz HTTP/1.0" 200 17557 "-" "Python-urllib/1.17" 
150.70.173.21 - - [14/Sep/2017:19:53:23 -0700] "GET / HTTP/1.1" 200 36804 "-" "Mozilla/5.0 (Windows NT 6.1) AppleWebKit/537.2 (KHTML, like Gecko) Chrome/22.0.1216.0 Safari/537.2" 
103.31.24.38 - - [14/Sep/2017:19:55:08 -0700] "GET / HTTP/1.1" 304 189 "-" "Mozilla/4.0 (compatible;)" 
180.253.222.116 - - [14/Sep/2017:19:56:51 -0700] "GET /wp-login.php HTTP/1.1" 404 295 "-" "Mozilla/5.0 (Windows NT 6.1; WOW64; rv:40.0) Gecko/20100101 Firefox/40.1" 
180.253.222.116 - - [14/Sep/2017:19:56:56 -0700] "GET /wp-login.php HTTP/1.1" 404 295 "-" "Mozilla/5.0 (Windows NT 6.1; WOW64; rv:40.0) Gecko/20100101 Firefox/40.1" 
180.253.222.116 - - [14/Sep/2017:19:57:02 -0700] "GET / HTTP/1.1" 304 189 "-" "Mozilla/5.0 (Windows NT 6.1; WOW64; rv:40.0) Gecko/20100101 Firefox/40.1" 
50.19.154.226 - - [14/Sep/2017:20:02:18 -0700] "GET / HTTP/1.1" 200 36804 "-" "Mozilla/5.0 (Windows NT 6.1) AppleWebKit/537.2 (KHTML, like Gecko) Chrome/22.0.1216.0 Safari/537.2" 
217.182.132.64 - - [14/Sep/2017:20:02:53 -0700] "GET /self.logs/access.log.2016-08-15.gz HTTP/1.1" 404 284 "-" "Mozilla/5.0 (compatible; AhrefsBot/5.2; +http://ahrefs.com/robot/)" 
183.157.160.45 - - [14/Sep/2017:19:31:22 -0700] "GET /maccdc2012/http.log.gz HTTP/1.1" 200 22294762 "-" "Mozilla/5.0 (Windows NT 6.3; WOW64) AppleWebKit/537.36 (KHTML, like Gecko) Chrome/54.0.2840.99 Safari/537.36" 
66.249.88.1 - - [14/Sep/2017:20:03:26 -0700] "GET / HTTP/1.1" 200 10915 "-" "Mozilla/5.0 (X11; Linux x86_64) AppleWebKit/537.36 (KHTML, like Gecko) Chrome/49.0.2623.75 Safari/537.36 Google Favicon" 
66.249.88.1 - - [14/Sep/2017:20:03:26 -0700] "GET /bootstrap/img/favicon.ico HTTP/1.1" 200 589 "-" "Mozilla/5.0 (X11; Linux x86_64) AppleWebKit/537.36 (KHTML, like Gecko) Chrome/49.0.2623.75 Safari/537.36 Google Favicon" 
150.70.173.21 - - [14/Sep/2017:20:03:27 -0700] "GET / HTTP/1.1" 200 36804 "-" "Mozilla/5.0 (Windows NT 6.1) AppleWebKit/537.2 (KHTML, like Gecko) Chrome/22.0.1216.0 Safari/537.2" 
117.246.72.182 - - [14/Sep/2017:20:04:08 -0700] "GET / HTTP/1.1" 200 10915 "https://www.google.co.in/" "Mozilla/5.0 (Windows NT 10.0; Win64; x64) AppleWebKit/537.36 (KHTML, like Gecko) Chrome/51.0.2704.84 Safari/537.36" 
117.246.72.182 - - [14/Sep/2017:20:04:09 -0700] "GET /twitter-icon.png HTTP/1.1" 200 27787 "http://www.secrepo.com/" "Mozilla/5.0 (Windows NT 10.0; Win64; x64) AppleWebKit/537.36 (KHTML, like Gecko) Chrome/51.0.2704.84 Safari/537.36" 
117.246.72.182 - - [14/Sep/2017:20:04:09 -0700] "GET /GitHub-Mark.png HTTP/1.1" 200 7428 "http://www.secrepo.com/" "Mozilla/5.0 (Windows NT 10.0; Win64; x64) AppleWebKit/537.36 (KHTML, like Gecko) Chrome/51.0.2704.84 Safari/537.36" 
117.246.72.182 - - [14/Sep/2017:20:04:11 -0700] "GET /bootstrap/img/favicon.ico HTTP/1.1" 200 590 "http://www.secrepo.com/" "Mozilla/5.0 (Windows NT 10.0; Win64; x64) AppleWebKit/537.36 (KHTML, like Gecko) Chrome/51.0.2704.84 Safari/537.36" 
106.111.98.169 - - [14/Sep/2017:20:02:52 -0700] "GET /honeypot/Honeypot%20-%20Howto.pdf HTTP/1.1" 200 66792 "-" "Mozilla/4.0 (compatible; MSIE 6.0; Windows NT 5.1)" 
173.208.139.226 - - [14/Sep/2017:20:04:59 -0700] "GET / HTTP/1.1" 301 498 "http://secrepo.com" "Mozilla/5.0 (Windows NT 6.1; WOW64; rv:53.0) Gecko/20100101 Firefox/53.0" 
173.208.139.226 - - [14/Sep/2017:20:04:59 -0700] "GET / HTTP/1.1" 200 36860 "http://secrepo.com" "Mozilla/5.0 (Windows NT 6.1; WOW64; rv:53.0) Gecko/20100101 Firefox/53.0" 
173.208.139.226 - - [14/Sep/2017:20:04:59 -0700] "GET /wp-admin HTTP/1.1" 301 458 "http://secrepo.com" "Mozilla/5.0 (Windows NT 6.1; WOW64; rv:53.0) Gecko/20100101 Firefox/53.0" 
173.208.139.226 - - [14/Sep/2017:20:04:59 -0700] "GET /wp-admin HTTP/1.1" 404 239 "http://secrepo.com" "Mozilla/5.0 (Windows NT 6.1; WOW64; rv:53.0) Gecko/20100101 Firefox/53.0" 
173.208.139.226 - - [14/Sep/2017:20:04:59 -0700] "GET / HTTP/1.1" 301 442 "http://secrepo.com" "Mozilla/5.0 (Windows NT 6.1; WOW64; rv:53.0) Gecko/20100101 Firefox/53.0" 
173.208.139.226 - - [14/Sep/2017:20:04:59 -0700] "GET / HTTP/1.1" 200 36804 "http://secrepo.com" "Mozilla/5.0 (Windows NT 6.1; WOW64; rv:53.0) Gecko/20100101 Firefox/53.0" 
80.44.162.173 - - [14/Sep/2017:20:08:03 -0700] "GET /wp-login.php HTTP/1.1" 301 522 "-" "Mozilla/5.0 (Windows NT 6.1; WOW64; rv:40.0) Gecko/20100101 Firefox/40.1" 
80.44.162.173 - - [14/Sep/2017:20:08:03 -0700] "GET /wp-login.php HTTP/1.1" 404 295 "-" "Mozilla/5.0 (Windows NT 6.1; WOW64; rv:40.0) Gecko/20100101 Firefox/40.1" 
80.44.162.173 - - [14/Sep/2017:20:08:09 -0700] "GET /wp-login.php HTTP/1.1" 301 522 "-" "Mozilla/5.0 (Windows NT 6.1; WOW64; rv:40.0) Gecko/20100101 Firefox/40.1" 
80.44.162.173 - - [14/Sep/2017:20:08:09 -0700] "GET /wp-login.php HTTP/1.1" 404 295 "-" "Mozilla/5.0 (Windows NT 6.1; WOW64; rv:40.0) Gecko/20100101 Firefox/40.1" 
80.44.162.173 - - [14/Sep/2017:20:08:14 -0700] "GET / HTTP/1.1" 301 498 "-" "Mozilla/5.0 (Windows NT 6.1; WOW64; rv:40.0) Gecko/20100101 Firefox/40.1" 
80.44.162.173 - - [14/Sep/2017:20:08:14 -0700] "GET / HTTP/1.1" 200 36860 "-" "Mozilla/5.0 (Windows NT 6.1; WOW64; rv:40.0) Gecko/20100101 Firefox/40.1" 
123.125.67.226 - - [14/Sep/2017:20:15:04 -0700] "GET /robots.txt HTTP/1.1" 301 465 "-" "Mozilla/5.0 (Windows NT 10.0; WOW64) AppleWebKit/537.36 (KHTML, like Gecko) Chrome/45.0.2454.93 Safari/537.36" 
123.125.67.218 - - [14/Sep/2017:20:15:05 -0700] "GET /robots.txt HTTP/1.1" 200 297 "-" "Mozilla/5.0 (Windows NT 10.0; WOW64) AppleWebKit/537.36 (KHTML, like Gecko) Chrome/45.0.2454.93 Safari/537.36" 
73.189.16.73 - - [14/Sep/2017:20:15:18 -0700] "GET /self.logs/access.log.2017-01-01.gz HTTP/1.0" 200 17557 "-" "Python-urllib/1.17" 
220.181.108.182 - - [14/Sep/2017:20:16:43 -0700] "GET / HTTP/1.1" 301 446 "-" "Mozilla/5.0 (compatible; Baiduspider/2.0; +http://www.baidu.com/search/spider.html)" 
220.181.108.103 - - [14/Sep/2017:20:16:43 -0700] "GET / HTTP/1.1" 200 10878 "-" "Mozilla/5.0 (compatible; Baiduspider/2.0; +http://www.baidu.com/search/spider.html)" 
123.125.67.226 - - [14/Sep/2017:20:16:59 -0700] "GET /robots.txt HTTP/1.1" 200 297 "-" "Mozilla/5.0 (Windows NT 10.0; WOW64) AppleWebKit/537.36 (KHTML, like Gecko) Chrome/45.0.2454.93 Safari/537.36" 
100.15.45.221 - - [14/Sep/2017:20:17:53 -0700] "GET / HTTP/1.1" 200 10915 "-" "Mozilla/5.0 (Macintosh; Intel Mac OS X 10_12_6) AppleWebKit/603.3.8 (KHTML, like Gecko)" 
100.15.45.221 - - [14/Sep/2017:20:17:53 -0700] "GET /apple-touch-icon-precomposed.png HTTP/1.1" 404 340 "-" "Safari/12603.3.8 CFNetwork/811.5.4 Darwin/16.7.0 (x86_64)" 
100.15.45.221 - - [14/Sep/2017:20:17:53 -0700] "GET /apple-touch-icon.png HTTP/1.1" 404 339 "-" "Safari/12603.3.8 CFNetwork/811.5.4 Darwin/16.7.0 (x86_64)" 
100.15.45.221 - - [14/Sep/2017:20:17:53 -0700] "GET /bootstrap/img/favicon.ico HTTP/1.1" 200 589 "-" "Safari/12603.3.8 CFNetwork/811.5.4 Darwin/16.7.0 (x86_64)" 
100.15.45.221 - - [14/Sep/2017:20:17:53 -0700] "GET / HTTP/1.1" 200 10914 "-" "Mozilla/5.0 (iPhone; CPU iPhone OS 10_0 like Mac OS X) AppleWebKit/602.1.38 (KHTML, like Gecko) Version/10.0 Mobile/14A300 Safari/602.1" 
100.15.45.221 - - [14/Sep/2017:20:17:53 -0700] "GET /apple-touch-icon-precomposed.png HTTP/1.1" 404 339 "-" "Safari/12603.3.8 CFNetwork/811.5.4 Darwin/16.7.0 (x86_64)" 
100.15.45.221 - - [14/Sep/2017:20:17:53 -0700] "GET /apple-touch-icon.png HTTP/1.1" 404 339 "-" "Safari/12603.3.8 CFNetwork/811.5.4 Darwin/16.7.0 (x86_64)" 
217.182.132.18 - - [14/Sep/2017:20:18:57 -0700] "GET /self.logs/error.log.2015-12-19.gz HTTP/1.1" 404 284 "-" "Mozilla/5.0 (compatible; AhrefsBot/5.2; +http://ahrefs.com/robot/)" 
73.189.16.73 - - [14/Sep/2017:20:19:04 -0700] "GET /self.logs/access.log.2017-01-01.gz HTTP/1.0" 200 17557 "-" "Python-urllib/1.17" 
73.189.16.73 - - [14/Sep/2017:20:19:28 -0700] "GET /self.logs/access.log.2017-01-01.gz HTTP/1.0" 200 17557 "-" "Python-urllib/1.17" 
73.189.16.73 - - [14/Sep/2017:20:19:53 -0700] "GET /self.logs/access.log.2017-01-01.gz HTTP/1.0" 200 17557 "-" "Python-urllib/1.17" 
73.189.16.73 - - [14/Sep/2017:20:20:45 -0700] "GET /self.logs/access.log.2017-01-01.gz HTTP/1.0" 200 17557 "-" "Python-urllib/1.17" 
73.189.16.73 - - [14/Sep/2017:20:21:12 -0700] "GET /self.logs/access.log.2017-01-01.gz HTTP/1.0" 200 17557 "-" "Python-urllib/1.17" 
73.189.16.73 - - [14/Sep/2017:20:21:28 -0700] "GET /self.logs/access.log.2017-01-01.gz HTTP/1.0" 200 17557 "-" "Python-urllib/1.17" 
73.189.16.73 - - [14/Sep/2017:20:21:41 -0700] "GET /self.logs/access.log.2017-01-01.gz HTTP/1.0" 200 17557 "-" "Python-urllib/1.17" 
73.189.16.73 - - [14/Sep/2017:20:22:10 -0700] "GET /self.logs/access.log.2017-01-01.gz HTTP/1.0" 200 17557 "-" "Python-urllib/1.17" 
73.189.16.73 - - [14/Sep/2017:20:22:43 -0700] "GET /self.logs/access.log.2017-01-01.gz HTTP/1.0" 200 17557 "-" "Python-urllib/1.17" 
73.189.16.73 - - [14/Sep/2017:20:23:23 -0700] "GET /self.logs/access.log.2017-01-01.gz HTTP/1.0" 200 17557 "-" "Python-urllib/1.17" 
73.189.16.73 - - [14/Sep/2017:20:23:44 -0700] "GET /self.logs/access.log.2017-01-01.gz HTTP/1.0" 200 17557 "-" "Python-urllib/1.17" 
50.19.154.226 - - [14/Sep/2017:20:25:45 -0700] "GET / HTTP/1.1" 200 36804 "-" "Mozilla/5.0 (Windows NT 6.1) AppleWebKit/537.2 (KHTML, like Gecko) Chrome/22.0.1216.0 Safari/537.2" 
73.189.16.73 - - [14/Sep/2017:20:28:37 -0700] "GET /self.logs/access.log.2017-01-01.gz HTTP/1.0" 200 17557 "-" "Python-urllib/1.17" 
73.189.16.73 - - [14/Sep/2017:20:29:19 -0700] "GET /self.logs/access.log.2017-01-01.gz HTTP/1.0" 200 17557 "-" "Python-urllib/1.17" 
73.189.16.73 - - [14/Sep/2017:20:30:02 -0700] "GET /self.logs/access.log.2017-01-01.gz HTTP/1.0" 200 17557 "-" "Python-urllib/1.17" 
73.189.16.73 - - [14/Sep/2017:20:30:14 -0700] "GET /self.logs/access.log.2017-01-01.gz HTTP/1.0" 200 17557 "-" "Python-urllib/1.17" 
73.189.16.73 - - [14/Sep/2017:20:30:29 -0700] "GET /self.logs/access.log.2017-01-01.gz HTTP/1.0" 200 17557 "-" "Python-urllib/1.17" 
130.85.93.157 - - [14/Sep/2017:20:30:42 -0700] "GET / HTTP/1.1" 200 10915 "https://www.google.com/" "Mozilla/5.0 (Windows NT 10.0; WOW64; rv:55.0) Gecko/20100101 Firefox/55.0" 
130.85.93.157 - - [14/Sep/2017:20:30:42 -0700] "GET /bootstrap/img/favicon.ico HTTP/1.1" 200 589 "-" "Mozilla/5.0 (Windows NT 10.0; WOW64; rv:55.0) Gecko/20100101 Firefox/55.0" 
130.85.93.157 - - [14/Sep/2017:20:30:42 -0700] "GET /twitter-icon.png HTTP/1.1" 200 27787 "http://www.secrepo.com/" "Mozilla/5.0 (Windows NT 10.0; WOW64; rv:55.0) Gecko/20100101 Firefox/55.0" 
130.85.93.157 - - [14/Sep/2017:20:30:42 -0700] "GET /GitHub-Mark.png HTTP/1.1" 200 7428 "http://www.secrepo.com/" "Mozilla/5.0 (Windows NT 10.0; WOW64; rv:55.0) Gecko/20100101 Firefox/55.0" 
73.189.16.73 - - [14/Sep/2017:20:30:44 -0700] "GET /self.logs/access.log.2017-01-01.gz HTTP/1.0" 200 17557 "-" "Python-urllib/1.17" 
130.85.93.157 - - [14/Sep/2017:20:30:48 -0700] "GET /tg/tg_snort_full.7z HTTP/1.1" 200 8847794 "http://www.secrepo.com/" "Mozilla/5.0 (Windows NT 10.0; WOW64; rv:55.0) Gecko/20100101 Firefox/55.0" 
130.85.93.157 - - [14/Sep/2017:20:30:58 -0700] "GET /tg/tg_snort_full.7z HTTP/1.1" 200 8847794 "http://www.secrepo.com/" "Mozilla/5.0 (Windows NT 10.0; WOW64; rv:55.0) Gecko/20100101 Firefox/55.0" 
73.189.16.73 - - [14/Sep/2017:20:31:21 -0700] "GET /self.logs/access.log.2017-01-01.gz HTTP/1.0" 200 17557 "-" "Python-urllib/1.17" 
130.85.93.157 - - [14/Sep/2017:20:31:26 -0700] "GET /tg/tg_snort_full.7z HTTP/1.1" 200 8847794 "-" "Mozilla/5.0 (Windows NT 10.0; WOW64; rv:55.0) Gecko/20100101 Firefox/55.0" 
73.189.16.73 - - [14/Sep/2017:20:32:08 -0700] "GET /self.logs/access.log.2017-01-01.gz HTTP/1.0" 200 17557 "-" "Python-urllib/1.17" 
73.189.16.73 - - [14/Sep/2017:20:32:31 -0700] "GET /self.logs/access.log.2017-01-01.gz HTTP/1.0" 200 17557 "-" "Python-urllib/1.17" 
73.189.16.73 - - [14/Sep/2017:20:33:08 -0700] "GET /self.logs/access.log.2017-01-01.gz HTTP/1.0" 200 17557 "-" "Python-urllib/1.17" 
73.189.16.73 - - [14/Sep/2017:20:33:36 -0700] "GET /self.logs/access.log.2017-01-01.gz HTTP/1.0" 200 17557 "-" "Python-urllib/1.17" 
73.189.16.73 - - [14/Sep/2017:20:34:33 -0700] "GET /self.logs/access.log.2017-01-01.gz HTTP/1.0" 200 17557 "-" "Python-urllib/1.17" 
133.15.36.34 - - [14/Sep/2017:20:34:44 -0700] "GET / HTTP/1.1" 200 10915 "https://www.researchgate.net/" "Mozilla/5.0 (Windows NT 10.0; WOW64; rv:55.0) Gecko/20100101 Firefox/55.0" 
133.15.36.34 - - [14/Sep/2017:20:34:44 -0700] "GET /bootstrap/img/favicon.ico HTTP/1.1" 200 589 "-" "Mozilla/5.0 (Windows NT 10.0; WOW64; rv:55.0) Gecko/20100101 Firefox/55.0" 
133.15.36.34 - - [14/Sep/2017:20:34:44 -0700] "GET /twitter-icon.png HTTP/1.1" 200 27787 "http://www.secrepo.com/" "Mozilla/5.0 (Windows NT 10.0; WOW64; rv:55.0) Gecko/20100101 Firefox/55.0" 
133.15.36.34 - - [14/Sep/2017:20:34:44 -0700] "GET /GitHub-Mark.png HTTP/1.1" 200 7428 "http://www.secrepo.com/" "Mozilla/5.0 (Windows NT 10.0; WOW64; rv:55.0) Gecko/20100101 Firefox/55.0" 
103.31.25.11 - - [14/Sep/2017:20:34:55 -0700] "GET /self.logs/ HTTP/1.1" 200 5511 "http://www.secrepo.com/" "Mozilla/5.0 (Windows NT 6.3; Win64; x64) AppleWebKit/537.36 (KHTML, like Gecko) Chrome/60.0.3112.113 Safari/537.36" 
103.31.25.11 - - [14/Sep/2017:20:35:01 -0700] "GET /favicon.ico HTTP/1.1" 304 163 "-" "Mozilla/4.0 (compatible;)" 
201.86.223.98 - - [14/Sep/2017:20:35:02 -0700] "GET /wp-login.php HTTP/1.1" 404 295 "-" "Mozilla/5.0 (Windows NT 6.1; WOW64; rv:40.0) Gecko/20100101 Firefox/40.1" 
103.31.25.11 - - [14/Sep/2017:20:35:01 -0700] "GET /auth.log/auth.log.gz HTTP/1.1" 200 554524 "http://www.secrepo.com/" "Mozilla/5.0 (Windows NT 6.3; Win64; x64) AppleWebKit/537.36 (KHTML, like Gecko) Chrome/60.0.3112.113 Safari/537.36" 
201.86.223.98 - - [14/Sep/2017:20:35:08 -0700] "GET /wp-login.php HTTP/1.1" 404 295 "-" "Mozilla/5.0 (Windows NT 6.1; WOW64; rv:40.0) Gecko/20100101 Firefox/40.1" 
201.86.223.98 - - [14/Sep/2017:20:35:13 -0700] "GET / HTTP/1.1" 200 36860 "-" "Mozilla/5.0 (Windows NT 6.1; WOW64; rv:40.0) Gecko/20100101 Firefox/40.1" 
150.70.188.177 - - [14/Sep/2017:20:35:33 -0700] "GET /self.logs/ HTTP/1.1" 200 49309 "-" "Mozilla/4.0 (compatible; MSIE 8.0; Windows NT 5.1; Trident/4.0)" 
167.205.22.105 - - [14/Sep/2017:20:37:22 -0700] "GET / HTTP/1.1" 304 189 "-" "Mozilla/5.0 (Windows NT 10.0; WOW64; rv:44.0) Gecko/20100101 Firefox/44.0" 
92.53.49.180 - - [14/Sep/2017:20:37:55 -0700] "GET /wp-login.php HTTP/1.1" 404 295 "-" "Mozilla/5.0 (Windows NT 6.1; WOW64; rv:40.0) Gecko/20100101 Firefox/40.1" 
92.53.49.180 - - [14/Sep/2017:20:38:00 -0700] "GET /wp-login.php HTTP/1.1" 404 295 "-" "Mozilla/5.0 (Windows NT 6.1; WOW64; rv:40.0) Gecko/20100101 Firefox/40.1" 
92.53.49.180 - - [14/Sep/2017:20:38:05 -0700] "GET / HTTP/1.1" 200 36860 "-" "Mozilla/5.0 (Windows NT 6.1; WOW64; rv:40.0) Gecko/20100101 Firefox/40.1" 
183.157.160.45 - - [14/Sep/2017:20:41:51 -0700] "GET /self.logs/ HTTP/1.1" 200 5511 "http://www.secrepo.com/" "Mozilla/5.0 (Windows NT 6.3; WOW64) AppleWebKit/537.36 (KHTML, like Gecko) Chrome/54.0.2840.99 Safari/537.36" 
101.226.68.161 - - [14/Sep/2017:20:42:01 -0700] "GET /self.logs HTTP/1.1" 301 499 "http://www.secrepo.com/" "Mozilla/5.0 (Windows NT 6.1; WOW64; Trident/7.0; SLCC2; .NET CLR 2.0.50727; .NET CLR 3.5.30729; .NET CLR 3.0.30729; Media Center PC 6.0; .NET4.0C; .NET4.0E; InfoPath.3; rv:11.0) like Gecko" 
101.226.68.161 - - [14/Sep/2017:20:42:01 -0700] "GET /self.logs/ HTTP/1.1" 200 5510 "http://www.secrepo.com/self.logs" "Mozilla/5.0 (Windows NT 6.1; WOW64; Trident/7.0; SLCC2; .NET CLR 2.0.50727; .NET CLR 3.5.30729; .NET CLR 3.0.30729; Media Center PC 6.0; .NET4.0C; .NET4.0E; InfoPath.3; rv:11.0) like Gecko" 
183.157.160.45 - - [14/Sep/2017:20:42:10 -0700] "GET /self.logs/ HTTP/1.1" 200 5511 "http://www.secrepo.com/" "Mozilla/5.0 (Windows NT 6.3; WOW64) AppleWebKit/537.36 (KHTML, like Gecko) Chrome/54.0.2840.99 Safari/537.36" 
51.255.65.224 - - [14/Sep/2017:20:42:24 -0700] "GET /self.logs/error.log.2016-12-29.gz HTTP/1.1" 404 284 "-" "Mozilla/5.0 (compatible; AhrefsBot/5.2; +http://ahrefs.com/robot/)" 
73.189.16.73 - - [14/Sep/2017:20:44:44 -0700] "GET /self.logs/access.log.2017-01-01.gz HTTP/1.0" 200 17557 "-" "Python-urllib/1.17" 
73.189.16.73 - - [14/Sep/2017:20:44:52 -0700] "GET /self.logs/access.log.2017-01-01.gz HTTP/1.0" 200 17557 "-" "Python-urllib/1.17" 
73.189.16.73 - - [14/Sep/2017:20:45:41 -0700] "GET /self.logs/access.log.2017-01-01.gz HTTP/1.0" 200 17557 "-" "Python-urllib/1.17" 
183.157.160.45 - - [14/Sep/2017:20:48:09 -0700] "GET /self.logs/error.log.2017-03-17.gz HTTP/1.1" 200 1051 "http://www.secrepo.com/self.logs/" "Mozilla/5.0 (Windows NT 6.3; WOW64) AppleWebKit/537.36 (KHTML, like Gecko) Chrome/54.0.2840.99 Safari/537.36" 
101.226.99.195 - - [14/Sep/2017:20:48:19 -0700] "GET /self.logs/error.log.2017-03-17.gz HTTP/1.1" 200 1051 "http://www.secrepo.com/self.logs/" "Mozilla/5.0 (Windows NT 6.1; WOW64) AppleWebKit/537.36 (KHTML, like Gecko) Chrome/56.0.2924.87 Safari/537.36" 
92.53.49.180 - - [14/Sep/2017:20:49:13 -0700] "GET /wp-login.php HTTP/1.1" 301 522 "-" "Mozilla/5.0 (Windows NT 6.1; WOW64; rv:40.0) Gecko/20100101 Firefox/40.1" 
92.53.49.180 - - [14/Sep/2017:20:49:14 -0700] "GET /wp-login.php HTTP/1.1" 404 295 "-" "Mozilla/5.0 (Windows NT 6.1; WOW64; rv:40.0) Gecko/20100101 Firefox/40.1" 
92.53.49.180 - - [14/Sep/2017:20:49:19 -0700] "GET /wp-login.php HTTP/1.1" 301 522 "-" "Mozilla/5.0 (Windows NT 6.1; WOW64; rv:40.0) Gecko/20100101 Firefox/40.1" 
92.53.49.180 - - [14/Sep/2017:20:49:19 -0700] "GET /wp-login.php HTTP/1.1" 404 295 "-" "Mozilla/5.0 (Windows NT 6.1; WOW64; rv:40.0) Gecko/20100101 Firefox/40.1" 
92.53.49.180 - - [14/Sep/2017:20:49:24 -0700] "GET / HTTP/1.1" 301 498 "-" "Mozilla/5.0 (Windows NT 6.1; WOW64; rv:40.0) Gecko/20100101 Firefox/40.1" 
92.53.49.180 - - [14/Sep/2017:20:49:25 -0700] "GET / HTTP/1.1" 200 36860 "-" "Mozilla/5.0 (Windows NT 6.1; WOW64; rv:40.0) Gecko/20100101 Firefox/40.1" 
51.255.65.57 - - [14/Sep/2017:20:50:15 -0700] "GET /self.logs/error.log.2016-07-08.gz HTTP/1.1" 404 284 "-" "Mozilla/5.0 (compatible; AhrefsBot/5.2; +http://ahrefs.com/robot/)" 
73.93.185.216 - - [14/Sep/2017:20:54:22 -0700] "GET / HTTP/1.1" 200 10915 "https://www.google.com/" "Mozilla/5.0 (Windows NT 6.1; WOW64; rv:52.0) Gecko/20100101 Firefox/52.0" 
73.93.185.216 - - [14/Sep/2017:20:54:23 -0700] "GET /bootstrap/img/favicon.ico HTTP/1.1" 200 589 "-" "Mozilla/5.0 (Windows NT 6.1; WOW64; rv:52.0) Gecko/20100101 Firefox/52.0" 
73.93.185.216 - - [14/Sep/2017:20:54:23 -0700] "GET /twitter-icon.png HTTP/1.1" 200 27787 "http://www.secrepo.com/" "Mozilla/5.0 (Windows NT 6.1; WOW64; rv:52.0) Gecko/20100101 Firefox/52.0" 
73.93.185.216 - - [14/Sep/2017:20:54:23 -0700] "GET /GitHub-Mark.png HTTP/1.1" 200 7428 "http://www.secrepo.com/" "Mozilla/5.0 (Windows NT 6.1; WOW64; rv:52.0) Gecko/20100101 Firefox/52.0" 
73.93.185.216 - - [14/Sep/2017:20:57:34 -0700] "GET /maccdc2012/conn.log.gz HTTP/1.1" 200 3918323 "http://www.secrepo.com/" "Mozilla/5.0 (Windows NT 6.1; WOW64; rv:52.0) Gecko/20100101 Firefox/52.0" 
71.70.231.46 - - [14/Sep/2017:20:58:27 -0700] "GET / HTTP/1.1" 200 10915 "-" "Mozilla/5.0 (Windows NT 10.0; Win64; x64; rv:55.0) Gecko/20100101 Firefox/55.0" 
73.93.185.216 - - [14/Sep/2017:20:54:38 -0700] "GET /maccdc2012/conn.log.gz HTTP/1.1" 200 551041635 "http://www.secrepo.com/" "Mozilla/5.0 (Windows NT 6.1; WOW64; rv:52.0) Gecko/20100101 Firefox/52.0" 
103.31.25.11 - - [14/Sep/2017:21:05:20 -0700] "GET / HTTP/1.1" 304 189 "-" "Mozilla/4.0 (compatible;)" 
103.31.25.11 - - [14/Sep/2017:21:05:21 -0700] "GET /GitHub-Mark.png HTTP/1.1" 304 166 "-" "Mozilla/4.0 (compatible;)" 
103.31.25.11 - - [14/Sep/2017:21:05:21 -0700] "GET /twitter-icon.png HTTP/1.1" 304 166 "-" "Mozilla/4.0 (compatible;)" 
103.31.25.11 - - [14/Sep/2017:21:05:21 -0700] "GET /bootstrap/img/favicon.ico HTTP/1.1" 304 165 "-" "Mozilla/4.0 (compatible;)" 
49.228.230.180 - - [14/Sep/2017:21:05:39 -0700] "GET /wp-login.php HTTP/1.1" 404 295 "-" "Mozilla/5.0 (Windows NT 6.1; WOW64; rv:40.0) Gecko/20100101 Firefox/40.1" 
49.228.230.180 - - [14/Sep/2017:21:05:44 -0700] "GET /wp-login.php HTTP/1.1" 404 295 "-" "Mozilla/5.0 (Windows NT 6.1; WOW64; rv:40.0) Gecko/20100101 Firefox/40.1" 
49.228.230.180 - - [14/Sep/2017:21:05:50 -0700] "GET / HTTP/1.1" 200 36860 "-" "Mozilla/5.0 (Windows NT 6.1; WOW64; rv:40.0) Gecko/20100101 Firefox/40.1" 
66.249.83.158 - - [14/Sep/2017:21:13:39 -0700] "GET / HTTP/1.1" 200 10915 "-" "Mozilla/5.0 (X11; Linux x86_64) AppleWebKit/537.36 (KHTML, like Gecko) Chrome/49.0.2623.75 Safari/537.36 Google Favicon" 
66.249.83.129 - - [14/Sep/2017:21:13:39 -0700] "GET /bootstrap/img/favicon.ico HTTP/1.1" 200 590 "-" "Mozilla/5.0 (X11; Linux x86_64) AppleWebKit/537.36 (KHTML, like Gecko) Chrome/49.0.2623.75 Safari/537.36 Google Favicon" 
103.31.25.11 - - [14/Sep/2017:21:14:23 -0700] "GET / HTTP/1.1" 304 189 "-" "Mozilla/4.0 (compatible;)" 
103.31.25.11 - - [14/Sep/2017:21:14:23 -0700] "GET /bootstrap/img/apple-touch-icon-114x114.png HTTP/1.1" 404 340 "-" "WhatsApp/2.17.323 A" 
103.31.25.11 - - [14/Sep/2017:21:14:33 -0700] "GET /twitter-icon.png HTTP/1.1" 304 166 "-" "Mozilla/4.0 (compatible;)" 
103.31.25.11 - - [14/Sep/2017:21:14:33 -0700] "GET /GitHub-Mark.png HTTP/1.1" 304 166 "-" "Mozilla/4.0 (compatible;)" 
103.31.25.11 - - [14/Sep/2017:21:14:34 -0700] "GET /bootstrap/img/favicon.ico HTTP/1.1" 304 165 "-" "Mozilla/4.0 (compatible;)" 
120.221.0.34 - - [14/Sep/2017:21:14:46 -0700] "GET /honeypot/Honeypot%20-%20Howto.pdf HTTP/1.1" 304 131 "-" "Mozilla/5.0 Gecko/20100115 Firefox/3.6" 
50.19.154.226 - - [14/Sep/2017:21:14:55 -0700] "GET /self.logs/ HTTP/1.1" 200 49309 "-" "Mozilla/5.0 (Windows NT 6.1) AppleWebKit/537.2 (KHTML, like Gecko) Chrome/22.0.1216.0 Safari/537.2" 
210.138.6.55 - - [14/Sep/2017:21:16:21 -0700] "GET / HTTP/1.1" 200 10915 "https://www.google.co.jp/" "Mozilla/5.0 (Linux; Android 6.0.1; SO-02G Build/23.5.B.0.303) AppleWebKit/537.36 (KHTML, like Gecko) Chrome/59.0.3071.125 Mobile Safari/537.36" 
210.138.6.55 - - [14/Sep/2017:21:16:22 -0700] "GET /twitter-icon.png HTTP/1.1" 200 27787 "http://www.secrepo.com/" "Mozilla/5.0 (Linux; Android 6.0.1; SO-02G Build/23.5.B.0.303) AppleWebKit/537.36 (KHTML, like Gecko) Chrome/59.0.3071.125 Mobile Safari/537.36" 
210.138.6.55 - - [14/Sep/2017:21:16:22 -0700] "GET /GitHub-Mark.png HTTP/1.1" 200 7428 "http://www.secrepo.com/" "Mozilla/5.0 (Linux; Android 6.0.1; SO-02G Build/23.5.B.0.303) AppleWebKit/537.36 (KHTML, like Gecko) Chrome/59.0.3071.125 Mobile Safari/537.36" 
210.138.6.55 - - [14/Sep/2017:21:16:23 -0700] "GET /bootstrap/img/favicon.ico HTTP/1.1" 200 589 "http://www.secrepo.com/" "Mozilla/5.0 (Linux; Android 6.0.1; SO-02G Build/23.5.B.0.303) AppleWebKit/537.36 (KHTML, like Gecko) Chrome/59.0.3071.125 Mobile Safari/537.36" 
150.70.188.167 - - [14/Sep/2017:21:18:15 -0700] "GET / HTTP/1.1" 200 36804 "-" "Mozilla/4.0 (compatible; MSIE 8.0; Windows NT 5.1; Trident/4.0)" 
118.189.138.35 - - [14/Sep/2017:21:19:50 -0700] "GET / HTTP/1.1" 200 10915 "https://www.google.com.sg/" "Mozilla/5.0 (Windows NT 6.1; Win64; x64) AppleWebKit/537.36 (KHTML, like Gecko) Chrome/60.0.3112.113 Safari/537.36" 
118.189.138.35 - - [14/Sep/2017:21:19:50 -0700] "GET /GitHub-Mark.png HTTP/1.1" 200 7428 "http://www.secrepo.com/" "Mozilla/5.0 (Windows NT 6.1; Win64; x64) AppleWebKit/537.36 (KHTML, like Gecko) Chrome/60.0.3112.113 Safari/537.36" 
