73.133.146.150 - - [14/Dec/2017:18:02:17 -0800] "GET / HTTP/1.1" 200 11061 "https://www.google.com/" "Mozilla/5.0 (Windows NT 10.0; Win64; x64) AppleWebKit/537.36 (KHTML, like Gecko) Chrome/63.0.3239.84 Safari/537.36" 
73.133.146.150 - - [14/Dec/2017:18:02:17 -0800] "GET /twitter-icon.png HTTP/1.1" 200 27787 "http://www.secrepo.com/" "Mozilla/5.0 (Windows NT 10.0; Win64; x64) AppleWebKit/537.36 (KHTML, like Gecko) Chrome/63.0.3239.84 Safari/537.36" 
73.133.146.150 - - [14/Dec/2017:18:02:17 -0800] "GET /GitHub-Mark.png HTTP/1.1" 200 7428 "http://www.secrepo.com/" "Mozilla/5.0 (Windows NT 10.0; Win64; x64) AppleWebKit/537.36 (KHTML, like Gecko) Chrome/63.0.3239.84 Safari/537.36" 
186.90.139.113 - - [14/Dec/2017:18:05:27 -0800] "GET /wp-login.php HTTP/1.1" 301 522 "-" "Mozilla/5.0 (Windows NT 6.1; WOW64; rv:40.0) Gecko/20100101 Firefox/40.1" 
186.90.139.113 - - [14/Dec/2017:18:05:27 -0800] "GET /wp-login.php HTTP/1.1" 404 295 "-" "Mozilla/5.0 (Windows NT 6.1; WOW64; rv:40.0) Gecko/20100101 Firefox/40.1" 
186.90.139.113 - - [14/Dec/2017:18:05:33 -0800] "GET /wp-login.php HTTP/1.1" 301 522 "-" "Mozilla/5.0 (Windows NT 6.1; WOW64; rv:40.0) Gecko/20100101 Firefox/40.1" 
186.90.139.113 - - [14/Dec/2017:18:05:33 -0800] "GET /wp-login.php HTTP/1.1" 404 295 "-" "Mozilla/5.0 (Windows NT 6.1; WOW64; rv:40.0) Gecko/20100101 Firefox/40.1" 
186.90.139.113 - - [14/Dec/2017:18:05:38 -0800] "GET / HTTP/1.1" 301 498 "-" "Mozilla/5.0 (Windows NT 6.1; WOW64; rv:40.0) Gecko/20100101 Firefox/40.1" 
186.90.139.113 - - [14/Dec/2017:18:05:38 -0800] "GET / HTTP/1.1" 200 37415 "-" "Mozilla/5.0 (Windows NT 6.1; WOW64; rv:40.0) Gecko/20100101 Firefox/40.1" 
67.248.132.12 - - [14/Dec/2017:18:06:14 -0800] "GET /tg/a.zip HTTP/1.1" 200 66189337 "http://www.secrepo.com/" "Mozilla/5.0 (X11; Ubuntu; Linux x86_64; rv:57.0) Gecko/20100101 Firefox/57.0" 
174.53.192.254 - - [14/Dec/2017:18:07:22 -0800] "GET / HTTP/1.1" 200 11061 "-" "Mozilla/5.0 (Macintosh; Intel Mac OS X 10_13_1) AppleWebKit/604.3.5 (KHTML, like Gecko)" 
174.53.192.254 - - [14/Dec/2017:18:07:22 -0800] "GET /apple-touch-icon-precomposed.png HTTP/1.1" 404 340 "-" "Safari/13604.3.5 CFNetwork/889.9 Darwin/17.2.0 (x86_64)" 
174.53.192.254 - - [14/Dec/2017:18:07:22 -0800] "GET /apple-touch-icon.png HTTP/1.1" 404 339 "-" "Safari/13604.3.5 CFNetwork/889.9 Darwin/17.2.0 (x86_64)" 
174.53.192.254 - - [14/Dec/2017:18:07:22 -0800] "GET /bootstrap/img/favicon.ico HTTP/1.1" 200 589 "-" "Safari/13604.3.5 CFNetwork/889.9 Darwin/17.2.0 (x86_64)" 
174.53.192.254 - - [14/Dec/2017:18:07:22 -0800] "GET / HTTP/1.1" 200 11060 "-" "Mozilla/5.0 (iPhone; CPU iPhone OS 10_3 like Mac OS X) AppleWebKit/603.1.30 (KHTML, like Gecko) Version/10.3 Mobile/14E277 Safari/603.1.30" 
174.53.192.254 - - [14/Dec/2017:18:07:23 -0800] "GET /apple-touch-icon-precomposed.png HTTP/1.1" 404 339 "-" "Safari/13604.3.5 CFNetwork/889.9 Darwin/17.2.0 (x86_64)" 
174.53.192.254 - - [14/Dec/2017:18:07:23 -0800] "GET /apple-touch-icon.png HTTP/1.1" 404 339 "-" "Safari/13604.3.5 CFNetwork/889.9 Darwin/17.2.0 (x86_64)" 
174.53.192.254 - - [14/Dec/2017:18:07:23 -0800] "GET /bootstrap/img/favicon.ico HTTP/1.1" 200 589 "-" "Safari/13604.3.5 CFNetwork/889.9 Darwin/17.2.0 (x86_64)" 
67.248.132.12 - - [14/Dec/2017:18:07:13 -0800] "GET /tg/a.zip HTTP/1.1" 200 66189337 "http://www.secrepo.com/" "Mozilla/5.0 (X11; Ubuntu; Linux x86_64; rv:57.0) Gecko/20100101 Firefox/57.0" 
34.227.162.135 - - [14/Dec/2017:18:08:43 -0800] "GET / HTTP/1.1" 200 37415 "-" "Mozilla/5.0 (Windows NT 10.0; WOW64; rv:50.0) Gecko/20100101 Firefox/50.0" 
67.248.132.12 - - [14/Dec/2017:18:07:56 -0800] "GET /tg/a.zip HTTP/1.1" 200 66189337 "http://www.secrepo.com/" "Mozilla/5.0 (X11; Ubuntu; Linux x86_64; rv:57.0) Gecko/20100101 Firefox/57.0" 
67.248.132.12 - - [14/Dec/2017:18:09:32 -0800] "GET / HTTP/1.1" 200 11061 "https://www.google.com/" "Mozilla/5.0 (Windows NT 10.0; Win64; x64) AppleWebKit/537.36 (KHTML, like Gecko) Chrome/63.0.3239.84 Safari/537.36" 
67.248.132.12 - - [14/Dec/2017:18:09:32 -0800] "GET /twitter-icon.png HTTP/1.1" 200 27787 "http://www.secrepo.com/" "Mozilla/5.0 (Windows NT 10.0; Win64; x64) AppleWebKit/537.36 (KHTML, like Gecko) Chrome/63.0.3239.84 Safari/537.36" 
67.248.132.12 - - [14/Dec/2017:18:09:32 -0800] "GET /GitHub-Mark.png HTTP/1.1" 200 7428 "http://www.secrepo.com/" "Mozilla/5.0 (Windows NT 10.0; Win64; x64) AppleWebKit/537.36 (KHTML, like Gecko) Chrome/63.0.3239.84 Safari/537.36" 
67.248.132.12 - - [14/Dec/2017:18:09:34 -0800] "GET /bootstrap/img/favicon.ico HTTP/1.1" 200 589 "http://www.secrepo.com/" "Mozilla/5.0 (Windows NT 10.0; Win64; x64) AppleWebKit/537.36 (KHTML, like Gecko) Chrome/63.0.3239.84 Safari/537.36" 
67.248.132.12 - - [14/Dec/2017:18:08:58 -0800] "GET /maccdc2012/http.log.gz HTTP/1.1" 200 54258816 "http://www.secrepo.com/" "Mozilla/5.0 (X11; Ubuntu; Linux x86_64; rv:57.0) Gecko/20100101 Firefox/57.0" 
67.248.132.12 - - [14/Dec/2017:18:09:40 -0800] "GET /tg/a.zip HTTP/1.1" 200 66189337 "-" "Mozilla/5.0 (Windows NT 10.0; Win64; x64) AppleWebKit/537.36 (KHTML, like Gecko) Chrome/63.0.3239.84 Safari/537.36" 
67.248.132.12 - - [14/Dec/2017:18:12:13 -0800] "GET /maccdc2012/ssh.log.gz HTTP/1.1" 200 182517 "-" "Mozilla/5.0 (Windows NT 10.0; Win64; x64) AppleWebKit/537.36 (KHTML, like Gecko) Chrome/63.0.3239.84 Safari/537.36" 
51.255.65.96 - - [14/Dec/2017:18:15:07 -0800] "GET /self.logs/error.log.2016-08-14.gz HTTP/1.1" 404 284 "-" "Mozilla/5.0 (compatible; AhrefsBot/5.2; +http://ahrefs.com/robot/)" 
170.84.14.27 - - [14/Dec/2017:18:15:18 -0800] "GET /wp-login.php HTTP/1.1" 404 295 "-" "Mozilla/5.0 (Windows NT 6.1; WOW64; rv:40.0) Gecko/20100101 Firefox/40.1" 
170.84.14.27 - - [14/Dec/2017:18:15:23 -0800] "GET /wp-login.php HTTP/1.1" 404 295 "-" "Mozilla/5.0 (Windows NT 6.1; WOW64; rv:40.0) Gecko/20100101 Firefox/40.1" 
170.84.14.27 - - [14/Dec/2017:18:15:28 -0800] "GET / HTTP/1.1" 200 37415 "-" "Mozilla/5.0 (Windows NT 6.1; WOW64; rv:40.0) Gecko/20100101 Firefox/40.1" 
89.205.125.244 - - [14/Dec/2017:18:17:01 -0800] "GET /wp-login.php HTTP/1.1" 301 522 "-" "Mozilla/5.0 (Windows NT 6.1; WOW64; rv:40.0) Gecko/20100101 Firefox/40.1" 
89.205.125.244 - - [14/Dec/2017:18:17:02 -0800] "GET /wp-login.php HTTP/1.1" 404 295 "-" "Mozilla/5.0 (Windows NT 6.1; WOW64; rv:40.0) Gecko/20100101 Firefox/40.1" 
89.205.125.244 - - [14/Dec/2017:18:17:07 -0800] "GET /wp-login.php HTTP/1.1" 301 522 "-" "Mozilla/5.0 (Windows NT 6.1; WOW64; rv:40.0) Gecko/20100101 Firefox/40.1" 
89.205.125.244 - - [14/Dec/2017:18:17:07 -0800] "GET /wp-login.php HTTP/1.1" 404 295 "-" "Mozilla/5.0 (Windows NT 6.1; WOW64; rv:40.0) Gecko/20100101 Firefox/40.1" 
89.205.125.244 - - [14/Dec/2017:18:17:13 -0800] "GET / HTTP/1.1" 301 498 "-" "Mozilla/5.0 (Windows NT 6.1; WOW64; rv:40.0) Gecko/20100101 Firefox/40.1" 
89.205.125.244 - - [14/Dec/2017:18:17:13 -0800] "GET / HTTP/1.1" 200 37415 "-" "Mozilla/5.0 (Windows NT 6.1; WOW64; rv:40.0) Gecko/20100101 Firefox/40.1" 
218.106.154.158 - - [14/Dec/2017:18:19:10 -0800] "GET /twitter-icon.png HTTP/1.1" 200 27788 "http://www.secrepo.com/" "Mozilla/5.0 (Windows NT 6.1; WOW64) AppleWebKit/537.36 (KHTML, like Gecko) Chrome/47.0.2526.106 Safari/537.36" 
218.106.154.158 - - [14/Dec/2017:18:19:10 -0800] "GET /GitHub-Mark.png HTTP/1.1" 200 7428 "http://www.secrepo.com/" "Mozilla/5.0 (Windows NT 6.1; WOW64) AppleWebKit/537.36 (KHTML, like Gecko) Chrome/47.0.2526.106 Safari/537.36" 
218.106.154.158 - - [14/Dec/2017:18:19:10 -0800] "GET / HTTP/1.1" 200 11061 "https://yandex.ru/clck/jsredir?bu=uniq1513297723552385240&from=yandex.ru%3Bsearch%2F%3Bweb%3B%3B&text=&etext=1635.uEf7-vn0DHLd5fQWlLDsV1mHUPU2NoRbGbhaP4XXW10OMss21uvQHlLkV49z-bha.3ee47785f65fd128b355116eae2cd11082ff9708&uuid=&state=PEtFfuTeVD5kpHnK9lio9dFa2ePbDzX7fH_cbK-eu2V8J4cbFpzDXVHZJKQvpytSBi7SbuSahnTc4BEsgiAm4g,,&&cst=AiuY0DBWFJ5fN_r-AEszkw25O4IA-whrFH0HiOzUxzVaXn_Zyj9cUIbaLYEkZvcUYRDU3D14NnCAlWT_0DWlzOQ93MV3qfejMYU7WnTb9sD7xQYBNixl0kpeD2ElG_AeEC6A9ExYNzirt130m-yILG7EwowNCO4FIirHOsE7gAAGnqsCp5w4KB054oq-5RddLLnQnCb-fAU,&data=UlNrNmk5WktYejR0eWJFYk1LdmtxdFVvX2JPZzkyaEU2WFNsdVNGUmVZbU91UHlqSWwyc084d2Y1MmJiLTNKQUkzWXRWUjEyd1VWU1Q4UDdPenMzUFk1bmo2SnJ0M2NMRmQ4NWtoZ1VTWUks&sign=00e3ed2e9452b56f9c080e918f75278f&keyno=0&b64e=2&ref=orjY4mGPRjk5boDnW0uvlrrd71vZw9kpyWOCJcIXnRdokQLOnSLe6LWtPGylr_709rRipIHLm8DouUuhnCZHHQ,,&l10n=ru&cts=1513304346531&mc=5.035485274219262" "Mozilla/5.0 (Windows NT 6.1; WOW64) AppleWebKit/537.36 (KHTML, like Gecko) Chrome/47.0.2526.106 BIDUBrowser/8.7 Safari/537.36" 
216.244.65.58 - - [14/Dec/2017:18:21:55 -0800] "GET /wp-content/plugins/custom-background/readme.txt HTTP/1.1" 404 303 "http://www.secrepo.com/wp-content/plugins/custom-background/readme.txt" "Mozilla/5.0 (Windows NT 6.1; WOW64) AppleWebKit/537.36 (KHTML, like Gecko) Chrome/42.0.2311.152 Safari/537.36" 
66.102.6.125 - - [14/Dec/2017:18:23:36 -0800] "GET /self.logs/ HTTP/1.1" 200 7155 "-" "Mozilla/5.0 (X11; Linux x86_64) AppleWebKit/537.36 (KHTML, like Gecko) Chrome/49.0.2623.75 Safari/537.36 Google Favicon" 
60.50.204.90 - - [14/Dec/2017:18:24:56 -0800] "GET /wp-login.php HTTP/1.1" 404 295 "-" "Mozilla/5.0 (Windows NT 6.1; WOW64; rv:40.0) Gecko/20100101 Firefox/40.1" 
60.50.204.90 - - [14/Dec/2017:18:25:02 -0800] "GET /wp-login.php HTTP/1.1" 404 295 "-" "Mozilla/5.0 (Windows NT 6.1; WOW64; rv:40.0) Gecko/20100101 Firefox/40.1" 
60.50.204.90 - - [14/Dec/2017:18:25:07 -0800] "GET / HTTP/1.1" 200 37415 "-" "Mozilla/5.0 (Windows NT 6.1; WOW64; rv:40.0) Gecko/20100101 Firefox/40.1" 
67.248.132.12 - - [14/Dec/2017:18:25:31 -0800] "GET /maccdc2012/ssh.log.gz HTTP/1.1" 200 182517 "-" "Mozilla/5.0 (Windows NT 10.0; Win64; x64) AppleWebKit/537.36 (KHTML, like Gecko) Chrome/63.0.3239.84 Safari/537.36" 
67.248.132.12 - - [14/Dec/2017:18:25:40 -0800] "GET /auth.log/auth.log.gz HTTP/1.1" 200 554524 "-" "Mozilla/5.0 (Windows NT 10.0; Win64; x64) AppleWebKit/537.36 (KHTML, like Gecko) Chrome/63.0.3239.84 Safari/537.36" 
216.244.66.227 - - [14/Dec/2017:18:28:16 -0800] "GET /robots.txt HTTP/1.1" 200 233 "-" "Mozilla/5.0 (compatible; DotBot/1.1; http://www.opensiteexplorer.org/dotbot, help@moz.com)" 
51.255.71.118 - - [14/Dec/2017:18:29:25 -0800] "GET /self.logs/error.log.2015-01-20.gz HTTP/1.1" 404 284 "-" "Mozilla/5.0 (compatible; AhrefsBot/5.2; +http://ahrefs.com/robot/)" 
52.212.146.96 - - [14/Dec/2017:18:30:02 -0800] "GET /self.logs/access.log.2017-12-08.gz HTTP/1.1" 200 69073 "-" "python-requests/2.12.1" 
52.212.146.96 - - [14/Dec/2017:18:30:03 -0800] "GET /self.logs/access.log.2017-12-09.gz HTTP/1.1" 200 47683 "-" "python-requests/2.12.1" 
52.212.146.96 - - [14/Dec/2017:18:30:03 -0800] "GET /self.logs/access.log.2017-12-10.gz HTTP/1.1" 200 21687 "-" "python-requests/2.12.1" 
52.212.146.96 - - [14/Dec/2017:18:30:03 -0800] "GET /self.logs/access.log.2017-12-11.gz HTTP/1.1" 200 29827 "-" "python-requests/2.12.1" 
52.212.146.96 - - [14/Dec/2017:18:30:04 -0800] "GET /self.logs/access.log.2017-12-12.gz HTTP/1.1" 404 340 "-" "python-requests/2.12.1" 
52.212.146.96 - - [14/Dec/2017:18:30:04 -0800] "GET /self.logs/access.log.2017-12-13.gz HTTP/1.1" 404 340 "-" "python-requests/2.12.1" 
52.212.146.96 - - [14/Dec/2017:18:30:04 -0800] "GET /self.logs/access.log.2017-12-14.gz HTTP/1.1" 404 340 "-" "python-requests/2.12.1" 
67.248.132.12 - - [14/Dec/2017:18:29:36 -0800] "GET /maccdc2012/http.log.gz HTTP/1.1" 200 54258816 "-" "Mozilla/5.0 (Windows NT 10.0; Win64; x64) AppleWebKit/537.36 (KHTML, like Gecko) Chrome/63.0.3239.84 Safari/537.36" 
100.40.207.93 - - [14/Dec/2017:18:30:52 -0800] "GET / HTTP/1.1" 200 11061 "-" "Mozilla/5.0 (Macintosh; Intel Mac OS X 10.13; rv:57.0) Gecko/20100101 Firefox/57.0" 
100.40.207.93 - - [14/Dec/2017:18:30:53 -0800] "GET /twitter-icon.png HTTP/1.1" 200 27787 "http://www.secrepo.com/" "Mozilla/5.0 (Macintosh; Intel Mac OS X 10.13; rv:57.0) Gecko/20100101 Firefox/57.0" 
100.40.207.93 - - [14/Dec/2017:18:30:53 -0800] "GET /GitHub-Mark.png HTTP/1.1" 200 7428 "http://www.secrepo.com/" "Mozilla/5.0 (Macintosh; Intel Mac OS X 10.13; rv:57.0) Gecko/20100101 Firefox/57.0" 
67.248.132.12 - - [14/Dec/2017:18:25:15 -0800] "GET /maccdc2012/conn.log.gz HTTP/1.1" 200 551041635 "-" "Mozilla/5.0 (Windows NT 10.0; Win64; x64) AppleWebKit/537.36 (KHTML, like Gecko) Chrome/63.0.3239.84 Safari/537.36" 
174.53.192.254 - - [14/Dec/2017:18:32:46 -0800] "GET / HTTP/1.1" 200 11061 "-" "Mozilla/5.0 (Macintosh; Intel Mac OS X 10_13_1) AppleWebKit/604.3.5 (KHTML, like Gecko)" 
174.53.192.254 - - [14/Dec/2017:18:32:46 -0800] "GET /apple-touch-icon-precomposed.png HTTP/1.1" 404 340 "-" "Safari/13604.3.5 CFNetwork/889.9 Darwin/17.2.0 (x86_64)" 
174.53.192.254 - - [14/Dec/2017:18:32:46 -0800] "GET /apple-touch-icon.png HTTP/1.1" 404 339 "-" "Safari/13604.3.5 CFNetwork/889.9 Darwin/17.2.0 (x86_64)" 
174.53.192.254 - - [14/Dec/2017:18:32:46 -0800] "GET /bootstrap/img/favicon.ico HTTP/1.1" 200 589 "-" "Safari/13604.3.5 CFNetwork/889.9 Darwin/17.2.0 (x86_64)" 
174.53.192.254 - - [14/Dec/2017:18:32:46 -0800] "GET / HTTP/1.1" 200 11060 "-" "Mozilla/5.0 (iPhone; CPU iPhone OS 10_3 like Mac OS X) AppleWebKit/603.1.30 (KHTML, like Gecko) Version/10.3 Mobile/14E277 Safari/603.1.30" 
174.53.192.254 - - [14/Dec/2017:18:32:46 -0800] "GET /apple-touch-icon-precomposed.png HTTP/1.1" 404 339 "-" "Safari/13604.3.5 CFNetwork/889.9 Darwin/17.2.0 (x86_64)" 
174.53.192.254 - - [14/Dec/2017:18:32:47 -0800] "GET /apple-touch-icon.png HTTP/1.1" 404 339 "-" "Safari/13604.3.5 CFNetwork/889.9 Darwin/17.2.0 (x86_64)" 
174.53.192.254 - - [14/Dec/2017:18:32:47 -0800] "GET /bootstrap/img/favicon.ico HTTP/1.1" 200 589 "-" "Safari/13604.3.5 CFNetwork/889.9 Darwin/17.2.0 (x86_64)" 
157.55.39.147 - - [14/Dec/2017:18:32:55 -0800] "GET /self.logs/error.log.2017-03-28.gz HTTP/1.1" 200 1012 "-" "Mozilla/5.0 (compatible; bingbot/2.0; +http://www.bing.com/bingbot.htm)" 
216.244.66.250 - - [14/Dec/2017:18:32:59 -0800] "GET /self.logs/?C=N;O=A HTTP/1.1" 200 66781 "-" "Mozilla/5.0 (compatible; DotBot/1.1; http://www.opensiteexplorer.org/dotbot, help@moz.com)" 
216.244.66.250 - - [14/Dec/2017:18:33:21 -0800] "GET /self.logs/2015/?C=D;O=A HTTP/1.1" 200 67417 "-" "Mozilla/5.0 (compatible; DotBot/1.1; http://www.opensiteexplorer.org/dotbot, help@moz.com)" 
51.255.65.64 - - [14/Dec/2017:18:33:41 -0800] "GET /self.logs/2016/access.log.2016-06-07.gz HTTP/1.1" 200 9121 "-" "Mozilla/5.0 (compatible; AhrefsBot/5.2; +http://ahrefs.com/robot/)" 
41.85.161.155 - - [14/Dec/2017:18:36:05 -0800] "GET /wp-login.php HTTP/1.1" 404 295 "-" "Mozilla/5.0 (Windows NT 6.1; WOW64; rv:40.0) Gecko/20100101 Firefox/40.1" 
41.85.161.155 - - [14/Dec/2017:18:36:11 -0800] "GET /wp-login.php HTTP/1.1" 404 295 "-" "Mozilla/5.0 (Windows NT 6.1; WOW64; rv:40.0) Gecko/20100101 Firefox/40.1" 
41.85.161.155 - - [14/Dec/2017:18:36:17 -0800] "GET / HTTP/1.1" 200 37415 "-" "Mozilla/5.0 (Windows NT 6.1; WOW64; rv:40.0) Gecko/20100101 Firefox/40.1" 
67.248.132.12 - - [14/Dec/2017:18:37:02 -0800] "GET /maccdc2012/signatures.log.gz HTTP/1.1" 200 605 "-" "Mozilla/5.0 (Windows NT 10.0; Win64; x64) AppleWebKit/537.36 (KHTML, like Gecko) Chrome/63.0.3239.84 Safari/537.36" 
217.182.132.6 - - [14/Dec/2017:18:41:49 -0800] "GET /self.logs/2016/access.log.2016-12-23.gz HTTP/1.1" 200 8446 "-" "Mozilla/5.0 (compatible; AhrefsBot/5.2; +http://ahrefs.com/robot/)" 
51.255.65.71 - - [14/Dec/2017:18:42:23 -0800] "GET /self.logs/2016/error.log.2016-11-04.gz HTTP/1.1" 200 905 "-" "Mozilla/5.0 (compatible; AhrefsBot/5.2; +http://ahrefs.com/robot/)" 
71.126.166.214 - - [14/Dec/2017:18:43:16 -0800] "GET / HTTP/1.1" 200 11061 "https://www.google.com/" "Mozilla/5.0 (X11; Linux x86_64) AppleWebKit/537.36 (KHTML, like Gecko) Chrome/63.0.3239.108 Safari/537.36" 
71.126.166.214 - - [14/Dec/2017:18:43:16 -0800] "GET /twitter-icon.png HTTP/1.1" 200 27787 "http://www.secrepo.com/" "Mozilla/5.0 (X11; Linux x86_64) AppleWebKit/537.36 (KHTML, like Gecko) Chrome/63.0.3239.108 Safari/537.36" 
71.126.166.214 - - [14/Dec/2017:18:43:16 -0800] "GET /GitHub-Mark.png HTTP/1.1" 200 7428 "http://www.secrepo.com/" "Mozilla/5.0 (X11; Linux x86_64) AppleWebKit/537.36 (KHTML, like Gecko) Chrome/63.0.3239.108 Safari/537.36" 
71.126.166.214 - - [14/Dec/2017:18:43:17 -0800] "GET /bootstrap/img/favicon.ico HTTP/1.1" 200 589 "http://www.secrepo.com/" "Mozilla/5.0 (X11; Linux x86_64) AppleWebKit/537.36 (KHTML, like Gecko) Chrome/63.0.3239.108 Safari/537.36" 
170.84.14.27 - - [14/Dec/2017:18:53:45 -0800] "GET /wp-login.php HTTP/1.1" 301 522 "-" "Mozilla/5.0 (Windows NT 6.1; WOW64; rv:40.0) Gecko/20100101 Firefox/40.1" 
170.84.14.27 - - [14/Dec/2017:18:53:45 -0800] "GET /wp-login.php HTTP/1.1" 404 295 "-" "Mozilla/5.0 (Windows NT 6.1; WOW64; rv:40.0) Gecko/20100101 Firefox/40.1" 
170.84.14.27 - - [14/Dec/2017:18:53:51 -0800] "GET /wp-login.php HTTP/1.1" 301 522 "-" "Mozilla/5.0 (Windows NT 6.1; WOW64; rv:40.0) Gecko/20100101 Firefox/40.1" 
170.84.14.27 - - [14/Dec/2017:18:53:51 -0800] "GET /wp-login.php HTTP/1.1" 404 295 "-" "Mozilla/5.0 (Windows NT 6.1; WOW64; rv:40.0) Gecko/20100101 Firefox/40.1" 
170.84.14.27 - - [14/Dec/2017:18:53:56 -0800] "GET / HTTP/1.1" 301 498 "-" "Mozilla/5.0 (Windows NT 6.1; WOW64; rv:40.0) Gecko/20100101 Firefox/40.1" 
170.84.14.27 - - [14/Dec/2017:18:53:57 -0800] "GET / HTTP/1.1" 200 37415 "-" "Mozilla/5.0 (Windows NT 6.1; WOW64; rv:40.0) Gecko/20100101 Firefox/40.1" 
203.247.0.134 - - [14/Dec/2017:18:55:50 -0800] "GET / HTTP/1.1" 200 11061 "http://www.hakawati.co.kr/416?category=585685" "Mozilla/5.0 (Windows NT 10.0; WOW64; APCPMS=^N2017120108030846504374F0A1C839F8E03F_442^; Trident/7.0; rv:11.0) like Gecko" 
203.247.0.134 - - [14/Dec/2017:18:55:50 -0800] "GET /GitHub-Mark.png HTTP/1.1" 200 7428 "http://www.secrepo.com/" "Mozilla/5.0 (Windows NT 10.0; WOW64; APCPMS=^N2017120108030846504374F0A1C839F8E03F_442^; Trident/7.0; rv:11.0) like Gecko" 
203.247.0.134 - - [14/Dec/2017:18:55:50 -0800] "GET /twitter-icon.png HTTP/1.1" 200 27787 "http://www.secrepo.com/" "Mozilla/5.0 (Windows NT 10.0; WOW64; APCPMS=^N2017120108030846504374F0A1C839F8E03F_442^; Trident/7.0; rv:11.0) like Gecko" 
203.247.0.134 - - [14/Dec/2017:18:55:51 -0800] "GET /bootstrap/img/favicon.ico HTTP/1.1" 200 590 "-" "Mozilla/5.0 (Windows NT 10.0; Win64; x64; APCPMS=^N2017120108030846504374F0A1C839F8E03F_442^; Trident/7.0; rv:11.0) like Gecko" 
66.249.64.159 - - [14/Dec/2017:18:58:34 -0800] "GET / HTTP/1.1" 200 11061 "-" "Mozilla/5.0 (compatible; Googlebot/2.1; +http://www.google.com/bot.html)" 
216.244.66.227 - - [14/Dec/2017:18:58:51 -0800] "GET /robots.txt HTTP/1.1" 200 233 "-" "Mozilla/5.0 (compatible; DotBot/1.1; http://www.opensiteexplorer.org/dotbot, help@moz.com)" 
60.50.204.90 - - [14/Dec/2017:19:02:14 -0800] "GET /wp-login.php HTTP/1.1" 301 522 "-" "Mozilla/5.0 (Windows NT 6.1; WOW64; rv:40.0) Gecko/20100101 Firefox/40.1" 
60.50.204.90 - - [14/Dec/2017:19:02:15 -0800] "GET /wp-login.php HTTP/1.1" 404 295 "-" "Mozilla/5.0 (Windows NT 6.1; WOW64; rv:40.0) Gecko/20100101 Firefox/40.1" 
60.50.204.90 - - [14/Dec/2017:19:02:20 -0800] "GET /wp-login.php HTTP/1.1" 301 522 "-" "Mozilla/5.0 (Windows NT 6.1; WOW64; rv:40.0) Gecko/20100101 Firefox/40.1" 
60.50.204.90 - - [14/Dec/2017:19:02:21 -0800] "GET /wp-login.php HTTP/1.1" 404 295 "-" "Mozilla/5.0 (Windows NT 6.1; WOW64; rv:40.0) Gecko/20100101 Firefox/40.1" 
60.50.204.90 - - [14/Dec/2017:19:02:26 -0800] "GET / HTTP/1.1" 301 498 "-" "Mozilla/5.0 (Windows NT 6.1; WOW64; rv:40.0) Gecko/20100101 Firefox/40.1" 
60.50.204.90 - - [14/Dec/2017:19:02:27 -0800] "GET / HTTP/1.1" 200 37415 "-" "Mozilla/5.0 (Windows NT 6.1; WOW64; rv:40.0) Gecko/20100101 Firefox/40.1" 
164.132.161.97 - - [14/Dec/2017:19:16:04 -0800] "GET /self.logs/2016/access.log.2016-09-20.gz HTTP/1.1" 200 11111 "-" "Mozilla/5.0 (compatible; AhrefsBot/5.2; +http://ahrefs.com/robot/)" 
217.182.132.153 - - [14/Dec/2017:19:16:32 -0800] "GET /self.logs/2016/error.log.2016-10-04.gz HTTP/1.1" 200 919 "-" "Mozilla/5.0 (compatible; AhrefsBot/5.2; +http://ahrefs.com/robot/)" 
130.65.254.15 - - [14/Dec/2017:19:17:53 -0800] "GET / HTTP/1.1" 301 483 "-" "Mozilla/5.0 (Macintosh; Intel Mac OS X 10_12_6) AppleWebKit/537.36 (KHTML, like Gecko) Chrome/63.0.3239.84 Safari/537.36" 
130.65.254.15 - - [14/Dec/2017:19:17:53 -0800] "GET / HTTP/1.1" 200 11061 "-" "Mozilla/5.0 (Macintosh; Intel Mac OS X 10_12_6) AppleWebKit/537.36 (KHTML, like Gecko) Chrome/63.0.3239.84 Safari/537.36" 
130.65.254.15 - - [14/Dec/2017:19:17:53 -0800] "GET /twitter-icon.png HTTP/1.1" 200 27787 "http://www.secrepo.com/" "Mozilla/5.0 (Macintosh; Intel Mac OS X 10_12_6) AppleWebKit/537.36 (KHTML, like Gecko) Chrome/63.0.3239.84 Safari/537.36" 
130.65.254.15 - - [14/Dec/2017:19:17:53 -0800] "GET /GitHub-Mark.png HTTP/1.1" 200 7428 "http://www.secrepo.com/" "Mozilla/5.0 (Macintosh; Intel Mac OS X 10_12_6) AppleWebKit/537.36 (KHTML, like Gecko) Chrome/63.0.3239.84 Safari/537.36" 
130.65.254.15 - - [14/Dec/2017:19:17:54 -0800] "GET /bootstrap/img/favicon.ico HTTP/1.1" 200 589 "http://www.secrepo.com/" "Mozilla/5.0 (Macintosh; Intel Mac OS X 10_12_6) AppleWebKit/537.36 (KHTML, like Gecko) Chrome/63.0.3239.84 Safari/537.36" 
51.255.71.116 - - [14/Dec/2017:19:18:21 -0800] "GET /self.logs/access.log.2017-08-08.gz HTTP/1.1" 200 24010 "-" "Mozilla/5.0 (compatible; AhrefsBot/5.2; +http://ahrefs.com/robot/)" 
139.192.100.251 - - [14/Dec/2017:19:19:25 -0800] "GET / HTTP/1.1" 200 11061 "-" "Mozilla/5.0 (Windows NT 10.0; Win64; x64) AppleWebKit/537.36 (KHTML, like Gecko) Chrome/62.0.3202.94 Safari/537.36" 
139.192.100.251 - - [14/Dec/2017:19:19:26 -0800] "GET /twitter-icon.png HTTP/1.1" 200 27787 "http://www.secrepo.com/" "Mozilla/5.0 (Windows NT 10.0; Win64; x64) AppleWebKit/537.36 (KHTML, like Gecko) Chrome/62.0.3202.94 Safari/537.36" 
139.192.100.251 - - [14/Dec/2017:19:19:26 -0800] "GET /GitHub-Mark.png HTTP/1.1" 200 7428 "http://www.secrepo.com/" "Mozilla/5.0 (Windows NT 10.0; Win64; x64) AppleWebKit/537.36 (KHTML, like Gecko) Chrome/62.0.3202.94 Safari/537.36" 
139.192.100.251 - - [14/Dec/2017:19:19:28 -0800] "GET /bootstrap/img/favicon.ico HTTP/1.1" 200 589 "http://www.secrepo.com/" "Mozilla/5.0 (Windows NT 10.0; Win64; x64) AppleWebKit/537.36 (KHTML, like Gecko) Chrome/62.0.3202.94 Safari/537.36" 
216.244.66.227 - - [14/Dec/2017:19:28:13 -0800] "GET /robots.txt HTTP/1.1" 200 233 "-" "Mozilla/5.0 (compatible; DotBot/1.1; http://www.opensiteexplorer.org/dotbot, help@moz.com)" 
51.255.65.63 - - [14/Dec/2017:19:28:16 -0800] "GET /self.logs/2015/error.log.2015-07-08.gz HTTP/1.1" 200 1156 "-" "Mozilla/5.0 (compatible; AhrefsBot/5.2; +http://ahrefs.com/robot/)" 
51.255.65.62 - - [14/Dec/2017:19:30:58 -0800] "GET /self.logs/error.log.2017-04-07.gz HTTP/1.1" 200 803 "-" "Mozilla/5.0 (compatible; AhrefsBot/5.2; +http://ahrefs.com/robot/)" 
54.81.21.153 - - [14/Dec/2017:19:36:34 -0800] "GET / HTTP/1.1" 200 11005 "-" "Mozilla/5.0 (compatible; Googlebot/2.1; startmebot/1.0; +https://start.me/bot)" 
112.211.30.11 - - [14/Dec/2017:19:42:52 -0800] "GET /wp-login.php HTTP/1.1" 404 295 "-" "Mozilla/5.0 (Windows NT 6.1; WOW64; rv:40.0) Gecko/20100101 Firefox/40.1" 
112.211.30.11 - - [14/Dec/2017:19:42:58 -0800] "GET /wp-login.php HTTP/1.1" 404 295 "-" "Mozilla/5.0 (Windows NT 6.1; WOW64; rv:40.0) Gecko/20100101 Firefox/40.1" 
112.211.30.11 - - [14/Dec/2017:19:43:03 -0800] "GET / HTTP/1.1" 200 37415 "-" "Mozilla/5.0 (Windows NT 6.1; WOW64; rv:40.0) Gecko/20100101 Firefox/40.1" 
217.182.132.15 - - [14/Dec/2017:19:43:07 -0800] "GET /self.logs/2015/access.log.2015-12-16.gz HTTP/1.1" 200 7820 "-" "Mozilla/5.0 (compatible; AhrefsBot/5.2; +http://ahrefs.com/robot/)" 
164.132.161.32 - - [14/Dec/2017:19:47:48 -0800] "GET /self.logs/access.log.2017-08-12.gz HTTP/1.1" 200 16688 "-" "Mozilla/5.0 (compatible; AhrefsBot/5.2; +http://ahrefs.com/robot/)" 
41.85.161.155 - - [14/Dec/2017:19:47:50 -0800] "GET /wp-login.php HTTP/1.1" 301 522 "-" "Mozilla/5.0 (Windows NT 6.1; WOW64; rv:40.0) Gecko/20100101 Firefox/40.1" 
41.85.161.155 - - [14/Dec/2017:19:47:51 -0800] "GET /wp-login.php HTTP/1.1" 404 295 "-" "Mozilla/5.0 (Windows NT 6.1; WOW64; rv:40.0) Gecko/20100101 Firefox/40.1" 
41.85.161.155 - - [14/Dec/2017:19:47:56 -0800] "GET /wp-login.php HTTP/1.1" 301 522 "-" "Mozilla/5.0 (Windows NT 6.1; WOW64; rv:40.0) Gecko/20100101 Firefox/40.1" 
41.85.161.155 - - [14/Dec/2017:19:47:57 -0800] "GET /wp-login.php HTTP/1.1" 404 295 "-" "Mozilla/5.0 (Windows NT 6.1; WOW64; rv:40.0) Gecko/20100101 Firefox/40.1" 
41.85.161.155 - - [14/Dec/2017:19:48:03 -0800] "GET / HTTP/1.1" 301 498 "-" "Mozilla/5.0 (Windows NT 6.1; WOW64; rv:40.0) Gecko/20100101 Firefox/40.1" 
41.85.161.155 - - [14/Dec/2017:19:48:04 -0800] "GET / HTTP/1.1" 200 37415 "-" "Mozilla/5.0 (Windows NT 6.1; WOW64; rv:40.0) Gecko/20100101 Firefox/40.1" 
51.255.65.35 - - [14/Dec/2017:19:53:41 -0800] "GET /self.logs/2015/access.log.2015-03-30.gz HTTP/1.1" 200 7965 "-" "Mozilla/5.0 (compatible; AhrefsBot/5.2; +http://ahrefs.com/robot/)" 
112.211.30.11 - - [14/Dec/2017:19:54:04 -0800] "GET /wp-login.php HTTP/1.1" 301 522 "-" "Mozilla/5.0 (Windows NT 6.1; WOW64; rv:40.0) Gecko/20100101 Firefox/40.1" 
112.211.30.11 - - [14/Dec/2017:19:54:04 -0800] "GET /wp-login.php HTTP/1.1" 404 295 "-" "Mozilla/5.0 (Windows NT 6.1; WOW64; rv:40.0) Gecko/20100101 Firefox/40.1" 
112.211.30.11 - - [14/Dec/2017:19:54:10 -0800] "GET /wp-login.php HTTP/1.1" 301 522 "-" "Mozilla/5.0 (Windows NT 6.1; WOW64; rv:40.0) Gecko/20100101 Firefox/40.1" 
112.211.30.11 - - [14/Dec/2017:19:54:10 -0800] "GET /wp-login.php HTTP/1.1" 404 295 "-" "Mozilla/5.0 (Windows NT 6.1; WOW64; rv:40.0) Gecko/20100101 Firefox/40.1" 
112.211.30.11 - - [14/Dec/2017:19:54:16 -0800] "GET / HTTP/1.1" 301 498 "-" "Mozilla/5.0 (Windows NT 6.1; WOW64; rv:40.0) Gecko/20100101 Firefox/40.1" 
112.211.30.11 - - [14/Dec/2017:19:54:16 -0800] "GET / HTTP/1.1" 200 37415 "-" "Mozilla/5.0 (Windows NT 6.1; WOW64; rv:40.0) Gecko/20100101 Firefox/40.1" 
216.244.66.227 - - [14/Dec/2017:19:56:38 -0800] "GET /robots.txt HTTP/1.1" 200 233 "-" "Mozilla/5.0 (compatible; DotBot/1.1; http://www.opensiteexplorer.org/dotbot, help@moz.com)" 
120.221.0.34 - - [14/Dec/2017:19:59:21 -0800] "GET /honeypot/Honeypot%20-%20Howto.pdf HTTP/1.1" 304 131 "-" "Mozilla/5.0 Gecko/20100115 Firefox/3.6" 
17.142.159.143 - - [14/Dec/2017:20:01:47 -0800] "GET /robots.txt HTTP/1.1" 200 334 "-" "Mozilla/5.0 (Macintosh; Intel Mac OS X 10_10_1) AppleWebKit/600.2.5 (KHTML, like Gecko) Version/8.0.2 Safari/600.2.5 (Applebot/0.1; +http://www.apple.com/go/applebot)" 
17.142.159.143 - - [14/Dec/2017:20:01:47 -0800] "GET /tg/tg_snort_full.7z HTTP/1.1" 200 73000 "-" "Mozilla/5.0 (Macintosh; Intel Mac OS X 10_10_1) AppleWebKit/600.2.5 (KHTML, like Gecko) Version/8.0.2 Safari/600.2.5 (Applebot/0.1; +http://www.apple.com/go/applebot)" 
23.253.92.35 - - [14/Dec/2017:20:02:33 -0800] "GET /robots.txt HTTP/1.1" 301 446 "-" "Tornado-Async-Client" 
23.253.92.35 - - [14/Dec/2017:20:02:34 -0800] "GET /robots.txt HTTP/1.1" 304 130 "-" "Tornado-Async-Client" 
23.253.92.35 - - [14/Dec/2017:20:02:34 -0800] "GET /honeypot/BSidesDFW%20-%202014.ipynb HTTP/1.1" 301 484 "-" "Tornado-Async-Client" 
23.253.92.35 - - [14/Dec/2017:20:02:34 -0800] "GET /honeypot/BSidesDFW%20-%202014.ipynb HTTP/1.1" 200 930780 "-" "Tornado-Async-Client" 
120.221.1.28 - - [14/Dec/2017:20:02:49 -0800] "GET /maccdc2012/files.log.gz HTTP/1.1" 304 155 "-" "Mozilla/5.0 Gecko/20100115 Firefox/3.6" 
17.142.159.143 - - [14/Dec/2017:20:06:25 -0800] "GET /maccdc2012/maccdc2012_fast_alert.7z HTTP/1.1" 200 127020 "-" "Mozilla/5.0 (Macintosh; Intel Mac OS X 10_10_1) AppleWebKit/600.2.5 (KHTML, like Gecko) Version/8.0.2 Safari/600.2.5 (Applebot/0.1; +http://www.apple.com/go/applebot)" 
217.182.132.82 - - [14/Dec/2017:20:18:28 -0800] "GET /self.logs/2015/access.log.2015-12-24.gz HTTP/1.1" 200 5354 "-" "Mozilla/5.0 (compatible; AhrefsBot/5.2; +http://ahrefs.com/robot/)" 
216.244.66.227 - - [14/Dec/2017:20:24:22 -0800] "GET /robots.txt HTTP/1.1" 200 233 "-" "Mozilla/5.0 (compatible; DotBot/1.1; http://www.opensiteexplorer.org/dotbot, help@moz.com)" 
123.125.143.11 - - [14/Dec/2017:20:26:01 -0800] "GET / HTTP/1.1" 200 11061 "http://www.baidu.com/s?wd=IYKD" "Mozilla/5.0 (Windows NT 6.1; WOW64; rv:43.0) Gecko/20100101 Firefox/43.0" 
207.241.225.244 - - [14/Dec/2017:20:27:53 -0800] "GET /robots.txt HTTP/1.1" 301 465 "-" "Mozilla/5.0 (compatible; archive.org_bot; Wayback Machine Live Record; +http://archive.org/details/archive.org_bot)" 
207.241.226.234 - - [14/Dec/2017:20:27:54 -0800] "GET /robots.txt HTTP/1.1" 200 297 "-" "Mozilla/5.0 (compatible; archive.org_bot; Wayback Machine Live Record; +http://archive.org/details/archive.org_bot)" 
66.249.64.157 - - [14/Dec/2017:20:32:59 -0800] "GET / HTTP/1.1" 200 11061 "-" "Mozilla/5.0 (Linux; Android 6.0.1; Nexus 5X Build/MMB29P) AppleWebKit/537.36 (KHTML, like Gecko) Chrome/41.0.2272.96 Mobile Safari/537.36 (compatible; Googlebot/2.1; +http://www.google.com/bot.html)" 
157.55.39.117 - - [14/Dec/2017:20:36:15 -0800] "GET /data HTTP/1.1" 404 340 "-" "Mozilla/5.0 (compatible; bingbot/2.0; +http://www.bing.com/bingbot.htm)" 
106.201.52.96 - - [14/Dec/2017:20:37:26 -0800] "GET / HTTP/1.1" 200 11061 "https://www.google.co.in/" "Mozilla/5.0 (Windows NT 6.1; Win64; x64; rv:57.0) Gecko/20100101 Firefox/57.0" 
106.201.52.96 - - [14/Dec/2017:20:37:30 -0800] "GET /bootstrap/img/favicon.ico HTTP/1.1" 200 590 "-" "Mozilla/5.0 (Windows NT 6.1; Win64; x64; rv:57.0) Gecko/20100101 Firefox/57.0" 
106.201.52.96 - - [14/Dec/2017:20:37:32 -0800] "GET /GitHub-Mark.png HTTP/1.1" 200 7428 "http://www.secrepo.com/" "Mozilla/5.0 (Windows NT 6.1; Win64; x64; rv:57.0) Gecko/20100101 Firefox/57.0" 
106.201.52.96 - - [14/Dec/2017:20:37:32 -0800] "GET /twitter-icon.png HTTP/1.1" 200 27788 "http://www.secrepo.com/" "Mozilla/5.0 (Windows NT 6.1; Win64; x64; rv:57.0) Gecko/20100101 Firefox/57.0" 
202.58.240.18 - - [14/Dec/2017:20:38:00 -0800] "GET /bootstrap/img/favicon.ico HTTP/1.1" 304 165 "-" "Mozilla/5.0 (Macintosh; Intel Mac OS X 10.12; rv:57.0) Gecko/20100101 Firefox/57.0" 
199.58.86.211 - - [14/Dec/2017:20:38:25 -0800] "GET /robots.txt HTTP/1.1" 200 289 "-" "Mozilla/5.0 (compatible; MJ12bot/v1.4.8; http://mj12bot.com/)" 
199.58.86.211 - - [14/Dec/2017:20:38:29 -0800] "GET / HTTP/1.1" 200 37359 "-" "Mozilla/5.0 (compatible; MJ12bot/v1.4.8; http://mj12bot.com/)" 
37.105.236.57 - - [14/Dec/2017:20:39:12 -0800] "GET / HTTP/1.1" 200 11061 "https://www.google.com/" "Mozilla/5.0 (Windows NT 6.1; Win64; x64; rv:57.0) Gecko/20100101 Firefox/57.0" 
37.105.236.57 - - [14/Dec/2017:20:39:13 -0800] "GET /GitHub-Mark.png HTTP/1.1" 200 7428 "http://www.secrepo.com/" "Mozilla/5.0 (Windows NT 6.1; Win64; x64; rv:57.0) Gecko/20100101 Firefox/57.0" 
37.105.236.57 - - [14/Dec/2017:20:39:13 -0800] "GET /twitter-icon.png HTTP/1.1" 200 27787 "http://www.secrepo.com/" "Mozilla/5.0 (Windows NT 6.1; Win64; x64; rv:57.0) Gecko/20100101 Firefox/57.0" 
37.105.236.57 - - [14/Dec/2017:20:39:13 -0800] "GET /bootstrap/img/favicon.ico HTTP/1.1" 200 590 "-" "Mozilla/5.0 (Windows NT 6.1; Win64; x64; rv:57.0) Gecko/20100101 Firefox/57.0" 
24.203.194.45 - - [14/Dec/2017:20:43:43 -0800] "GET / HTTP/1.1" 200 11061 "https://www.google.ca/" "Mozilla/5.0 (X11; Linux x86_64) AppleWebKit/537.36 (KHTML, like Gecko) Chrome/63.0.3239.84 Safari/537.36" 
24.203.194.45 - - [14/Dec/2017:20:43:43 -0800] "GET /twitter-icon.png HTTP/1.1" 200 27787 "http://www.secrepo.com/" "Mozilla/5.0 (X11; Linux x86_64) AppleWebKit/537.36 (KHTML, like Gecko) Chrome/63.0.3239.84 Safari/537.36" 
24.203.194.45 - - [14/Dec/2017:20:43:43 -0800] "GET /GitHub-Mark.png HTTP/1.1" 200 7428 "http://www.secrepo.com/" "Mozilla/5.0 (X11; Linux x86_64) AppleWebKit/537.36 (KHTML, like Gecko) Chrome/63.0.3239.84 Safari/537.36" 
24.203.194.45 - - [14/Dec/2017:20:43:44 -0800] "GET /bootstrap/img/favicon.ico HTTP/1.1" 200 589 "http://www.secrepo.com/" "Mozilla/5.0 (X11; Linux x86_64) AppleWebKit/537.36 (KHTML, like Gecko) Chrome/63.0.3239.84 Safari/537.36" 
17.142.159.143 - - [14/Dec/2017:20:44:46 -0800] "GET /maccdc2012/maccdc2012_full_alert.7z HTTP/1.1" 200 146000 "-" "Mozilla/5.0 (Macintosh; Intel Mac OS X 10_10_1) AppleWebKit/600.2.5 (KHTML, like Gecko) Version/8.0.2 Safari/600.2.5 (Applebot/0.1; +http://www.apple.com/go/applebot)" 
136.152.142.185 - - [14/Dec/2017:20:45:18 -0800] "GET / HTTP/1.1" 200 11061 "-" "Mozilla/5.0 (Macintosh; Intel Mac OS X 10_11_4) AppleWebKit/537.36 (KHTML, like Gecko) Chrome/62.0.3202.94 Safari/537.36" 
136.152.142.185 - - [14/Dec/2017:20:45:18 -0800] "GET /twitter-icon.png HTTP/1.1" 200 27787 "http://www.secrepo.com/" "Mozilla/5.0 (Macintosh; Intel Mac OS X 10_11_4) AppleWebKit/537.36 (KHTML, like Gecko) Chrome/62.0.3202.94 Safari/537.36" 
136.152.142.185 - - [14/Dec/2017:20:45:18 -0800] "GET /GitHub-Mark.png HTTP/1.1" 200 7428 "http://www.secrepo.com/" "Mozilla/5.0 (Macintosh; Intel Mac OS X 10_11_4) AppleWebKit/537.36 (KHTML, like Gecko) Chrome/62.0.3202.94 Safari/537.36" 
136.152.142.185 - - [14/Dec/2017:20:45:18 -0800] "GET /bootstrap/img/favicon.ico HTTP/1.1" 200 589 "http://www.secrepo.com/" "Mozilla/5.0 (Macintosh; Intel Mac OS X 10_11_4) AppleWebKit/537.36 (KHTML, like Gecko) Chrome/62.0.3202.94 Safari/537.36" 
164.132.161.18 - - [14/Dec/2017:20:48:27 -0800] "GET /self.logs/2015/error.log.2015-11-12.gz HTTP/1.1" 200 1255 "-" "Mozilla/5.0 (compatible; AhrefsBot/5.2; +http://ahrefs.com/robot/)" 
24.203.194.45 - - [14/Dec/2017:20:50:37 -0800] "GET /Security-Data-Analysis/Lab_1/conn.log.zip HTTP/1.1" 200 40803768 "-" "Mozilla/5.0 (X11; Linux x86_64) AppleWebKit/537.36 (KHTML, like Gecko) Chrome/63.0.3239.84 Safari/537.36" 
103.255.5.76 - - [14/Dec/2017:20:51:11 -0800] "GET / HTTP/1.1" 200 11061 "-" "Mozilla/5.0 (X11; Ubuntu; Linux x86_64; rv:57.0) Gecko/20100101 Firefox/57.0" 
103.255.5.76 - - [14/Dec/2017:20:51:13 -0800] "GET /bootstrap/img/favicon.ico HTTP/1.1" 200 590 "-" "Mozilla/5.0 (X11; Ubuntu; Linux x86_64; rv:57.0) Gecko/20100101 Firefox/57.0" 
103.255.5.76 - - [14/Dec/2017:20:51:13 -0800] "GET /twitter-icon.png HTTP/1.1" 200 27787 "http://www.secrepo.com/" "Mozilla/5.0 (X11; Ubuntu; Linux x86_64; rv:57.0) Gecko/20100101 Firefox/57.0" 
103.255.5.76 - - [14/Dec/2017:20:51:13 -0800] "GET /GitHub-Mark.png HTTP/1.1" 200 7428 "http://www.secrepo.com/" "Mozilla/5.0 (X11; Ubuntu; Linux x86_64; rv:57.0) Gecko/20100101 Firefox/57.0" 
216.244.66.227 - - [14/Dec/2017:20:52:49 -0800] "GET /robots.txt HTTP/1.1" 200 233 "-" "Mozilla/5.0 (compatible; DotBot/1.1; http://www.opensiteexplorer.org/dotbot, help@moz.com)" 
217.182.132.62 - - [14/Dec/2017:20:55:39 -0800] "GET /self.logs/2015/access.log.2015-04-30.gz HTTP/1.1" 200 5796 "-" "Mozilla/5.0 (compatible; AhrefsBot/5.2; +http://ahrefs.com/robot/)" 
192.218.140.236 - - [14/Dec/2017:20:58:02 -0800] "GET / HTTP/1.1" 200 11061 "https://www.google.co.jp/" "Mozilla/5.0 (X11; Ubuntu; Linux x86_64; rv:57.0) Gecko/20100101 Firefox/57.0" 
192.218.140.236 - - [14/Dec/2017:20:58:02 -0800] "GET /bootstrap/img/favicon.ico HTTP/1.1" 200 589 "-" "Mozilla/5.0 (X11; Ubuntu; Linux x86_64; rv:57.0) Gecko/20100101 Firefox/57.0" 
192.218.140.236 - - [14/Dec/2017:20:58:05 -0800] "GET /twitter-icon.png HTTP/1.1" 200 27788 "http://www.secrepo.com/" "Mozilla/5.0 (X11; Ubuntu; Linux x86_64; rv:57.0) Gecko/20100101 Firefox/57.0" 
192.218.140.236 - - [14/Dec/2017:20:58:05 -0800] "GET /GitHub-Mark.png HTTP/1.1" 200 7428 "http://www.secrepo.com/" "Mozilla/5.0 (X11; Ubuntu; Linux x86_64; rv:57.0) Gecko/20100101 Firefox/57.0" 
49.204.73.54 - - [14/Dec/2017:20:58:13 -0800] "GET /wp-login.php HTTP/1.1" 404 295 "-" "Mozilla/5.0 (Windows NT 6.1; WOW64; rv:40.0) Gecko/20100101 Firefox/40.1" 
49.204.73.54 - - [14/Dec/2017:20:58:19 -0800] "GET /wp-login.php HTTP/1.1" 404 295 "-" "Mozilla/5.0 (Windows NT 6.1; WOW64; rv:40.0) Gecko/20100101 Firefox/40.1" 
49.204.73.54 - - [14/Dec/2017:20:58:25 -0800] "GET / HTTP/1.1" 200 37415 "-" "Mozilla/5.0 (Windows NT 6.1; WOW64; rv:40.0) Gecko/20100101 Firefox/40.1" 
164.132.161.36 - - [14/Dec/2017:21:00:12 -0800] "GET /self.logs/2016/error.log.2016-01-25.gz HTTP/1.1" 200 632 "-" "Mozilla/5.0 (compatible; AhrefsBot/5.2; +http://ahrefs.com/robot/)" 
39.51.0.244 - - [14/Dec/2017:21:04:04 -0800] "GET /wp-login.php HTTP/1.1" 404 295 "-" "Mozilla/5.0 (Windows NT 6.1; WOW64; rv:40.0) Gecko/20100101 Firefox/40.1" 
39.51.0.244 - - [14/Dec/2017:21:04:09 -0800] "GET /wp-login.php HTTP/1.1" 404 295 "-" "Mozilla/5.0 (Windows NT 6.1; WOW64; rv:40.0) Gecko/20100101 Firefox/40.1" 
39.51.0.244 - - [14/Dec/2017:21:04:15 -0800] "GET / HTTP/1.1" 200 37415 "-" "Mozilla/5.0 (Windows NT 6.1; WOW64; rv:40.0) Gecko/20100101 Firefox/40.1" 
49.204.73.54 - - [14/Dec/2017:21:04:38 -0800] "GET /wp-login.php HTTP/1.1" 301 522 "-" "Mozilla/5.0 (Windows NT 6.1; WOW64; rv:40.0) Gecko/20100101 Firefox/40.1" 
49.204.73.54 - - [14/Dec/2017:21:04:38 -0800] "GET /wp-login.php HTTP/1.1" 404 295 "-" "Mozilla/5.0 (Windows NT 6.1; WOW64; rv:40.0) Gecko/20100101 Firefox/40.1" 
49.204.73.54 - - [14/Dec/2017:21:04:44 -0800] "GET /wp-login.php HTTP/1.1" 301 522 "-" "Mozilla/5.0 (Windows NT 6.1; WOW64; rv:40.0) Gecko/20100101 Firefox/40.1" 
49.204.73.54 - - [14/Dec/2017:21:04:44 -0800] "GET /wp-login.php HTTP/1.1" 404 295 "-" "Mozilla/5.0 (Windows NT 6.1; WOW64; rv:40.0) Gecko/20100101 Firefox/40.1" 
49.204.73.54 - - [14/Dec/2017:21:04:50 -0800] "GET / HTTP/1.1" 301 498 "-" "Mozilla/5.0 (Windows NT 6.1; WOW64; rv:40.0) Gecko/20100101 Firefox/40.1" 
49.204.73.54 - - [14/Dec/2017:21:04:50 -0800] "GET / HTTP/1.1" 200 37415 "-" "Mozilla/5.0 (Windows NT 6.1; WOW64; rv:40.0) Gecko/20100101 Firefox/40.1" 
207.244.157.138 - - [14/Dec/2017:21:07:50 -0800] "GET /theme/assets/global/plugins/jquery-file-upload/server/php/ HTTP/1.1" 301 545 "http://secrepo.com/theme/assets/global/plugins/jquery-file-upload/server/php/" "Mozilla/5.0 (Windows NT 6.1; WOW64) AppleWebKit/537.36 (KHTML, like Gecko) Chrome/42.0.2311.152 Safari/537.36" 
207.244.157.138 - - [14/Dec/2017:21:07:50 -0800] "GET /theme/assets/global/plugins/jquery-file-upload/server/php/ HTTP/1.1" 404 303 "http://secrepo.com/theme/assets/global/plugins/jquery-file-upload/server/php/" "Mozilla/5.0 (Windows NT 6.1; WOW64) AppleWebKit/537.36 (KHTML, like Gecko) Chrome/42.0.2311.152 Safari/537.36" 
39.51.0.244 - - [14/Dec/2017:21:08:58 -0800] "GET /wp-login.php HTTP/1.1" 301 522 "-" "Mozilla/5.0 (Windows NT 6.1; WOW64; rv:40.0) Gecko/20100101 Firefox/40.1" 
39.51.0.244 - - [14/Dec/2017:21:08:58 -0800] "GET /wp-login.php HTTP/1.1" 404 295 "-" "Mozilla/5.0 (Windows NT 6.1; WOW64; rv:40.0) Gecko/20100101 Firefox/40.1" 
39.51.0.244 - - [14/Dec/2017:21:09:04 -0800] "GET /wp-login.php HTTP/1.1" 301 522 "-" "Mozilla/5.0 (Windows NT 6.1; WOW64; rv:40.0) Gecko/20100101 Firefox/40.1" 
39.51.0.244 - - [14/Dec/2017:21:09:04 -0800] "GET /wp-login.php HTTP/1.1" 404 295 "-" "Mozilla/5.0 (Windows NT 6.1; WOW64; rv:40.0) Gecko/20100101 Firefox/40.1" 
39.51.0.244 - - [14/Dec/2017:21:09:10 -0800] "GET / HTTP/1.1" 301 498 "-" "Mozilla/5.0 (Windows NT 6.1; WOW64; rv:40.0) Gecko/20100101 Firefox/40.1" 
39.51.0.244 - - [14/Dec/2017:21:09:10 -0800] "GET / HTTP/1.1" 200 37415 "-" "Mozilla/5.0 (Windows NT 6.1; WOW64; rv:40.0) Gecko/20100101 Firefox/40.1" 
73.133.146.150 - - [14/Dec/2017:21:09:07 -0800] "GET /maccdc2012/http.log.gz HTTP/1.1" 200 54258816 "-" "Mozilla/5.0 (Windows NT 10.0; Win64; x64) AppleWebKit/537.36 (KHTML, like Gecko) Chrome/63.0.3239.84 Safari/537.36" 
90.13.221.82 - - [14/Dec/2017:21:11:18 -0800] "GET /wp-login.php HTTP/1.1" 404 295 "-" "Mozilla/5.0 (Windows NT 6.1; WOW64; rv:40.0) Gecko/20100101 Firefox/40.1" 
90.13.221.82 - - [14/Dec/2017:21:11:23 -0800] "GET /wp-login.php HTTP/1.1" 404 295 "-" "Mozilla/5.0 (Windows NT 6.1; WOW64; rv:40.0) Gecko/20100101 Firefox/40.1" 
90.13.221.82 - - [14/Dec/2017:21:11:29 -0800] "GET / HTTP/1.1" 200 37415 "-" "Mozilla/5.0 (Windows NT 6.1; WOW64; rv:40.0) Gecko/20100101 Firefox/40.1" 
60.53.166.129 - - [14/Dec/2017:21:16:43 -0800] "GET /wp-login.php HTTP/1.1" 404 295 "-" "Mozilla/5.0 (Windows NT 6.1; WOW64; rv:40.0) Gecko/20100101 Firefox/40.1" 
60.53.166.129 - - [14/Dec/2017:21:16:48 -0800] "GET /wp-login.php HTTP/1.1" 404 295 "-" "Mozilla/5.0 (Windows NT 6.1; WOW64; rv:40.0) Gecko/20100101 Firefox/40.1" 
60.53.166.129 - - [14/Dec/2017:21:16:54 -0800] "GET / HTTP/1.1" 200 37415 "-" "Mozilla/5.0 (Windows NT 6.1; WOW64; rv:40.0) Gecko/20100101 Firefox/40.1" 
73.133.146.150 - - [14/Dec/2017:21:17:03 -0800] "GET /self.logs/ HTTP/1.1" 200 7155 "http://www.secrepo.com/" "Mozilla/5.0 (Windows NT 10.0; Win64; x64) AppleWebKit/537.36 (KHTML, like Gecko) Chrome/63.0.3239.84 Safari/537.36" 
73.133.146.150 - - [14/Dec/2017:21:17:04 -0800] "GET /favicon.ico HTTP/1.1" 200 267 "http://www.secrepo.com/self.logs/" "Mozilla/5.0 (Windows NT 10.0; Win64; x64) AppleWebKit/537.36 (KHTML, like Gecko) Chrome/63.0.3239.84 Safari/537.36" 
73.133.146.150 - - [14/Dec/2017:21:17:06 -0800] "GET /self.logs/access.log.2017-01-01.gz HTTP/1.1" 200 17655 "http://www.secrepo.com/self.logs/" "Mozilla/5.0 (Windows NT 10.0; Win64; x64) AppleWebKit/537.36 (KHTML, like Gecko) Chrome/63.0.3239.84 Safari/537.36" 
101.51.240.143 - - [14/Dec/2017:21:20:02 -0800] "GET /honeypot/Honeypot%20-%20Howto%20-%20BSides%20Austin.pdf HTTP/1.1" 200 2928460 "http://www.secrepo.com/" "Mozilla/5.0 (Macintosh; Intel Mac OS X 10.12; rv:53.0) Gecko/20100101 Firefox/53.0" 
216.244.66.227 - - [14/Dec/2017:21:20:38 -0800] "GET /robots.txt HTTP/1.1" 200 233 "-" "Mozilla/5.0 (compatible; DotBot/1.1; http://www.opensiteexplorer.org/dotbot, help@moz.com)" 
164.132.161.25 - - [14/Dec/2017:21:24:06 -0800] "GET /self.logs/2016/access.log.2016-10-12.gz HTTP/1.1" 200 12409 "-" "Mozilla/5.0 (compatible; AhrefsBot/5.2; +http://ahrefs.com/robot/)" 
217.182.132.183 - - [14/Dec/2017:21:25:01 -0800] "GET /self.logs/2015/access.log.2015-10-08.gz HTTP/1.1" 200 3851 "-" "Mozilla/5.0 (compatible; AhrefsBot/5.2; +http://ahrefs.com/robot/)" 
90.13.221.82 - - [14/Dec/2017:21:25:19 -0800] "GET /wp-login.php HTTP/1.1" 301 522 "-" "Mozilla/5.0 (Windows NT 6.1; WOW64; rv:40.0) Gecko/20100101 Firefox/40.1" 
90.13.221.82 - - [14/Dec/2017:21:25:19 -0800] "GET /wp-login.php HTTP/1.1" 404 295 "-" "Mozilla/5.0 (Windows NT 6.1; WOW64; rv:40.0) Gecko/20100101 Firefox/40.1" 
90.13.221.82 - - [14/Dec/2017:21:25:24 -0800] "GET /wp-login.php HTTP/1.1" 301 522 "-" "Mozilla/5.0 (Windows NT 6.1; WOW64; rv:40.0) Gecko/20100101 Firefox/40.1" 
90.13.221.82 - - [14/Dec/2017:21:25:24 -0800] "GET /wp-login.php HTTP/1.1" 404 295 "-" "Mozilla/5.0 (Windows NT 6.1; WOW64; rv:40.0) Gecko/20100101 Firefox/40.1" 
90.13.221.82 - - [14/Dec/2017:21:25:30 -0800] "GET / HTTP/1.1" 301 498 "-" "Mozilla/5.0 (Windows NT 6.1; WOW64; rv:40.0) Gecko/20100101 Firefox/40.1" 
90.13.221.82 - - [14/Dec/2017:21:25:30 -0800] "GET / HTTP/1.1" 200 37415 "-" "Mozilla/5.0 (Windows NT 6.1; WOW64; rv:40.0) Gecko/20100101 Firefox/40.1" 
130.65.254.13 - - [14/Dec/2017:21:26:05 -0800] "GET / HTTP/1.1" 200 11061 "-" "Mozilla/5.0 (Windows NT 10.0; Win64; x64) AppleWebKit/537.36 (KHTML, like Gecko) Chrome/63.0.3239.84 Safari/537.36" 
130.65.254.13 - - [14/Dec/2017:21:26:06 -0800] "GET /twitter-icon.png HTTP/1.1" 200 27787 "http://www.secrepo.com/" "Mozilla/5.0 (Windows NT 10.0; Win64; x64) AppleWebKit/537.36 (KHTML, like Gecko) Chrome/63.0.3239.84 Safari/537.36" 
130.65.254.13 - - [14/Dec/2017:21:26:06 -0800] "GET /GitHub-Mark.png HTTP/1.1" 200 7428 "http://www.secrepo.com/" "Mozilla/5.0 (Windows NT 10.0; Win64; x64) AppleWebKit/537.36 (KHTML, like Gecko) Chrome/63.0.3239.84 Safari/537.36" 
130.65.254.13 - - [14/Dec/2017:21:26:06 -0800] "GET /bootstrap/img/favicon.ico HTTP/1.1" 200 589 "http://www.secrepo.com/" "Mozilla/5.0 (Windows NT 10.0; Win64; x64) AppleWebKit/537.36 (KHTML, like Gecko) Chrome/63.0.3239.84 Safari/537.36" 
217.182.132.97 - - [14/Dec/2017:21:28:49 -0800] "GET /self.logs/2015/error.log.2015-10-28.gz HTTP/1.1" 200 783 "-" "Mozilla/5.0 (compatible; AhrefsBot/5.2; +http://ahrefs.com/robot/)" 
129.122.205.78 - - [14/Dec/2017:21:37:14 -0800] "GET /wp-login.php HTTP/1.1" 404 295 "-" "Mozilla/5.0 (Windows NT 6.1; WOW64; rv:40.0) Gecko/20100101 Firefox/40.1" 
129.122.205.78 - - [14/Dec/2017:21:37:20 -0800] "GET /wp-login.php HTTP/1.1" 404 295 "-" "Mozilla/5.0 (Windows NT 6.1; WOW64; rv:40.0) Gecko/20100101 Firefox/40.1" 
129.122.205.78 - - [14/Dec/2017:21:37:25 -0800] "GET / HTTP/1.1" 200 37415 "-" "Mozilla/5.0 (Windows NT 6.1; WOW64; rv:40.0) Gecko/20100101 Firefox/40.1" 
102.181.194.40 - - [14/Dec/2017:21:38:24 -0800] "GET /tg/tg_snort_fast.7z HTTP/1.1" 304 131 "-" "Mozilla/5.0 Gecko/20100115 Firefox/3.6" 
164.132.161.22 - - [14/Dec/2017:21:43:03 -0800] "GET /self.logs/error.log.2016-11-30.gz HTTP/1.1" 404 284 "-" "Mozilla/5.0 (compatible; AhrefsBot/5.2; +http://ahrefs.com/robot/)" 
216.244.66.227 - - [14/Dec/2017:21:48:50 -0800] "GET /robots.txt HTTP/1.1" 200 233 "-" "Mozilla/5.0 (compatible; DotBot/1.1; http://www.opensiteexplorer.org/dotbot, help@moz.com)" 
102.181.194.40 - - [14/Dec/2017:21:49:46 -0800] "GET /maccdc2012/dns.log.gz HTTP/1.1" 304 154 "-" "Mozilla/5.0 Gecko/20100115 Firefox/3.6" 
211.138.125.213 - - [14/Dec/2017:21:52:45 -0800] "GET / HTTP/1.1" 301 461 "-" "Mozilla/5.0 (iPhone; CPU iPhone OS 9_1 like Mac OS X) AppleWebKit/601.1.46 (KHTML, like Gecko) Version/9.0 Mobile/13B143 Safari/601.1" 
211.138.125.213 - - [14/Dec/2017:21:52:46 -0800] "GET / HTTP/1.1" 200 37404 "-" "Mozilla/5.0 (iPhone; CPU iPhone OS 9_1 like Mac OS X) AppleWebKit/601.1.46 (KHTML, like Gecko) Version/9.0 Mobile/13B143 Safari/601.1" 
157.55.39.97 - - [14/Dec/2017:21:56:06 -0800] "GET /self.logs/access.log.2017-09-11.gz HTTP/1.1" 200 34438 "-" "Mozilla/5.0 (compatible; bingbot/2.0; +http://www.bing.com/bingbot.htm)" 
66.249.64.129 - - [14/Dec/2017:22:01:31 -0800] "GET / HTTP/1.1" 200 11061 "-" "Mozilla/5.0 (compatible; Googlebot/2.1; +http://www.google.com/bot.html)" 
14.139.121.226 - - [14/Dec/2017:22:11:36 -0800] "GET / HTTP/1.1" 200 11061 "-" "Mozilla/5.0 (Windows NT 6.1; WOW64; rv:56.0) Gecko/20100101 Firefox/56.0" 
14.139.121.226 - - [14/Dec/2017:22:11:37 -0800] "GET /twitter-icon.png HTTP/1.1" 200 27787 "http://www.secrepo.com/" "Mozilla/5.0 (Windows NT 6.1; WOW64; rv:56.0) Gecko/20100101 Firefox/56.0" 
14.139.121.226 - - [14/Dec/2017:22:11:37 -0800] "GET /GitHub-Mark.png HTTP/1.1" 200 7428 "http://www.secrepo.com/" "Mozilla/5.0 (Windows NT 6.1; WOW64; rv:56.0) Gecko/20100101 Firefox/56.0" 
17.142.159.143 - - [14/Dec/2017:22:13:15 -0800] "GET /self.logs/ HTTP/1.1" 200 7155 "-" "Mozilla/5.0 (Macintosh; Intel Mac OS X 10_10_1) AppleWebKit/600.2.5 (KHTML, like Gecko) Version/8.0.2 Safari/600.2.5 (Applebot/0.1; +http://www.apple.com/go/applebot)" 
106.51.71.80 - - [14/Dec/2017:22:13:29 -0800] "GET / HTTP/1.1" 200 11061 "-" "Mozilla/5.0 (Macintosh; Intel Mac OS X 10_12_6) AppleWebKit/537.36 (KHTML, like Gecko) Chrome/63.0.3239.84 Safari/537.36" 
106.51.71.80 - - [14/Dec/2017:22:13:29 -0800] "GET /self.logs/ HTTP/1.1" 200 7154 "http://www.secrepo.com/" "Mozilla/5.0 (Macintosh; Intel Mac OS X 10_12_6) AppleWebKit/537.36 (KHTML, like Gecko) Chrome/63.0.3239.84 Safari/537.36" 
106.51.71.80 - - [14/Dec/2017:22:13:29 -0800] "GET /twitter-icon.png HTTP/1.1" 200 27788 "http://www.secrepo.com/" "Mozilla/5.0 (Macintosh; Intel Mac OS X 10_12_6) AppleWebKit/537.36 (KHTML, like Gecko) Chrome/63.0.3239.84 Safari/537.36" 
106.51.71.80 - - [14/Dec/2017:22:13:29 -0800] "GET /GitHub-Mark.png HTTP/1.1" 200 7427 "http://www.secrepo.com/" "Mozilla/5.0 (Macintosh; Intel Mac OS X 10_12_6) AppleWebKit/537.36 (KHTML, like Gecko) Chrome/63.0.3239.84 Safari/537.36" 
106.51.71.80 - - [14/Dec/2017:22:13:30 -0800] "GET /favicon.ico HTTP/1.1" 200 267 "http://www.secrepo.com/self.logs/" "Mozilla/5.0 (Macintosh; Intel Mac OS X 10_12_6) AppleWebKit/537.36 (KHTML, like Gecko) Chrome/63.0.3239.84 Safari/537.36" 
119.94.70.251 - - [14/Dec/2017:22:16:43 -0800] "GET /wp-login.php HTTP/1.1" 404 295 "-" "Mozilla/5.0 (Windows NT 6.1; WOW64; rv:40.0) Gecko/20100101 Firefox/40.1" 
119.94.70.251 - - [14/Dec/2017:22:16:49 -0800] "GET /wp-login.php HTTP/1.1" 404 295 "-" "Mozilla/5.0 (Windows NT 6.1; WOW64; rv:40.0) Gecko/20100101 Firefox/40.1" 
119.94.70.251 - - [14/Dec/2017:22:16:54 -0800] "GET / HTTP/1.1" 200 37415 "-" "Mozilla/5.0 (Windows NT 6.1; WOW64; rv:40.0) Gecko/20100101 Firefox/40.1" 
60.53.166.129 - - [14/Dec/2017:22:16:59 -0800] "GET /wp-login.php HTTP/1.1" 301 522 "-" "Mozilla/5.0 (Windows NT 6.1; WOW64; rv:40.0) Gecko/20100101 Firefox/40.1" 
60.53.166.129 - - [14/Dec/2017:22:16:59 -0800] "GET /wp-login.php HTTP/1.1" 404 295 "-" "Mozilla/5.0 (Windows NT 6.1; WOW64; rv:40.0) Gecko/20100101 Firefox/40.1" 
60.53.166.129 - - [14/Dec/2017:22:17:05 -0800] "GET /wp-login.php HTTP/1.1" 301 522 "-" "Mozilla/5.0 (Windows NT 6.1; WOW64; rv:40.0) Gecko/20100101 Firefox/40.1" 
60.53.166.129 - - [14/Dec/2017:22:17:05 -0800] "GET /wp-login.php HTTP/1.1" 404 295 "-" "Mozilla/5.0 (Windows NT 6.1; WOW64; rv:40.0) Gecko/20100101 Firefox/40.1" 
60.53.166.129 - - [14/Dec/2017:22:17:11 -0800] "GET / HTTP/1.1" 301 498 "-" "Mozilla/5.0 (Windows NT 6.1; WOW64; rv:40.0) Gecko/20100101 Firefox/40.1" 
60.53.166.129 - - [14/Dec/2017:22:17:11 -0800] "GET / HTTP/1.1" 200 37415 "-" "Mozilla/5.0 (Windows NT 6.1; WOW64; rv:40.0) Gecko/20100101 Firefox/40.1" 
216.244.66.227 - - [14/Dec/2017:22:17:41 -0800] "GET /robots.txt HTTP/1.1" 200 233 "-" "Mozilla/5.0 (compatible; DotBot/1.1; http://www.opensiteexplorer.org/dotbot, help@moz.com)" 
213.139.52.223 - - [14/Dec/2017:22:21:48 -0800] "GET / HTTP/1.1" 200 11061 "https://www.google.jo/" "Mozilla/5.0 (Windows NT 6.1; Win64; x64) AppleWebKit/537.36 (KHTML, like Gecko) Chrome/63.0.3239.84 Safari/537.36" 
213.139.52.223 - - [14/Dec/2017:22:21:49 -0800] "GET /GitHub-Mark.png HTTP/1.1" 200 7428 "http://www.secrepo.com/" "Mozilla/5.0 (Windows NT 6.1; Win64; x64) AppleWebKit/537.36 (KHTML, like Gecko) Chrome/63.0.3239.84 Safari/537.36" 
213.139.52.223 - - [14/Dec/2017:22:21:49 -0800] "GET /twitter-icon.png HTTP/1.1" 200 27787 "http://www.secrepo.com/" "Mozilla/5.0 (Windows NT 6.1; Win64; x64) AppleWebKit/537.36 (KHTML, like Gecko) Chrome/63.0.3239.84 Safari/537.36" 
