2.228.125.250 - - [05/Dec/2017:23:24:49 -0800] "GET /self.logs/access.log.2017-10-20.gz HTTP/1.1" 200 22938 "-" "python-requests/2.18.4" 
2.228.125.250 - - [05/Dec/2017:23:24:50 -0800] "GET /self.logs/access.log.2017-10-21.gz HTTP/1.1" 200 18407 "-" "python-requests/2.18.4" 
2.228.125.250 - - [05/Dec/2017:23:24:51 -0800] "GET /self.logs/access.log.2017-10-22.gz HTTP/1.1" 200 22264 "-" "python-requests/2.18.4" 
2.228.125.250 - - [05/Dec/2017:23:24:51 -0800] "GET /self.logs/access.log.2017-10-23.gz HTTP/1.1" 200 23788 "-" "python-requests/2.18.4" 
2.228.125.250 - - [05/Dec/2017:23:24:52 -0800] "GET /self.logs/access.log.2017-10-24.gz HTTP/1.1" 200 42557 "-" "python-requests/2.18.4" 
2.228.125.250 - - [05/Dec/2017:23:24:54 -0800] "GET /self.logs/access.log.2017-10-25.gz HTTP/1.1" 200 21347 "-" "python-requests/2.18.4" 
2.228.125.250 - - [05/Dec/2017:23:24:55 -0800] "GET /self.logs/access.log.2017-10-26.gz HTTP/1.1" 200 18357 "-" "python-requests/2.18.4" 
2.228.125.250 - - [05/Dec/2017:23:24:56 -0800] "GET /self.logs/access.log.2017-10-27.gz HTTP/1.1" 200 23618 "-" "python-requests/2.18.4" 
2.228.125.250 - - [05/Dec/2017:23:24:56 -0800] "GET /self.logs/access.log.2017-10-28.gz HTTP/1.1" 200 17799 "-" "python-requests/2.18.4" 
2.228.125.250 - - [05/Dec/2017:23:24:58 -0800] "GET /self.logs/access.log.2017-10-29.gz HTTP/1.1" 200 18435 "-" "python-requests/2.18.4" 
2.228.125.250 - - [05/Dec/2017:23:24:58 -0800] "GET /self.logs/access.log.2017-10-30.gz HTTP/1.1" 200 23429 "-" "python-requests/2.18.4" 
2.228.125.250 - - [05/Dec/2017:23:24:59 -0800] "GET /self.logs/access.log.2017-10-31.gz HTTP/1.1" 200 28268 "-" "python-requests/2.18.4" 
2.228.125.250 - - [05/Dec/2017:23:25:00 -0800] "GET /self.logs/access.log.2017-11-01.gz HTTP/1.1" 200 43339 "-" "python-requests/2.18.4" 
2.228.125.250 - - [05/Dec/2017:23:25:01 -0800] "GET /self.logs/access.log.2017-11-02.gz HTTP/1.1" 200 30215 "-" "python-requests/2.18.4" 
2.228.125.250 - - [05/Dec/2017:23:25:03 -0800] "GET /self.logs/access.log.2017-11-03.gz HTTP/1.1" 200 26126 "-" "python-requests/2.18.4" 
2.228.125.250 - - [05/Dec/2017:23:25:04 -0800] "GET /self.logs/access.log.2017-11-04.gz HTTP/1.1" 200 21010 "-" "python-requests/2.18.4" 
2.228.125.250 - - [05/Dec/2017:23:25:04 -0800] "GET /self.logs/access.log.2017-11-05.gz HTTP/1.1" 200 26687 "-" "python-requests/2.18.4" 
2.228.125.250 - - [05/Dec/2017:23:25:05 -0800] "GET /self.logs/access.log.2017-11-06.gz HTTP/1.1" 200 28246 "-" "python-requests/2.18.4" 
2.228.125.250 - - [05/Dec/2017:23:25:06 -0800] "GET /self.logs/access.log.2017-11-07.gz HTTP/1.1" 200 51422 "-" "python-requests/2.18.4" 
2.228.125.250 - - [05/Dec/2017:23:25:07 -0800] "GET /self.logs/access.log.2017-11-08.gz HTTP/1.1" 200 30262 "-" "python-requests/2.18.4" 
2.228.125.250 - - [05/Dec/2017:23:25:08 -0800] "GET /self.logs/access.log.2017-11-09.gz HTTP/1.1" 200 28144 "-" "python-requests/2.18.4" 
2.228.125.250 - - [05/Dec/2017:23:25:09 -0800] "GET /self.logs/access.log.2017-11-10.gz HTTP/1.1" 200 28726 "-" "python-requests/2.18.4" 
2.228.125.250 - - [05/Dec/2017:23:25:10 -0800] "GET /self.logs/access.log.2017-11-11.gz HTTP/1.1" 200 29397 "-" "python-requests/2.18.4" 
2.228.125.250 - - [05/Dec/2017:23:25:11 -0800] "GET /self.logs/access.log.2017-11-12.gz HTTP/1.1" 200 49400 "-" "python-requests/2.18.4" 
2.228.125.250 - - [05/Dec/2017:23:25:12 -0800] "GET /self.logs/access.log.2017-11-13.gz HTTP/1.1" 200 28240 "-" "python-requests/2.18.4" 
2.228.125.250 - - [05/Dec/2017:23:25:13 -0800] "GET /self.logs/access.log.2017-11-14.gz HTTP/1.1" 200 22990 "-" "python-requests/2.18.4" 
2.228.125.250 - - [05/Dec/2017:23:25:14 -0800] "GET /self.logs/access.log.2017-11-15.gz HTTP/1.1" 200 29629 "-" "python-requests/2.18.4" 
2.228.125.250 - - [05/Dec/2017:23:25:15 -0800] "GET /self.logs/access.log.2017-11-16.gz HTTP/1.1" 200 27198 "-" "python-requests/2.18.4" 
2.228.125.250 - - [05/Dec/2017:23:25:16 -0800] "GET /self.logs/access.log.2017-11-17.gz HTTP/1.1" 200 19709 "-" "python-requests/2.18.4" 
2.228.125.250 - - [05/Dec/2017:23:25:16 -0800] "GET /self.logs/access.log.2017-11-18.gz HTTP/1.1" 200 19447 "-" "python-requests/2.18.4" 
2.228.125.250 - - [05/Dec/2017:23:25:17 -0800] "GET /self.logs/access.log.2017-11-19.gz HTTP/1.1" 200 27714 "-" "python-requests/2.18.4" 
2.228.125.250 - - [05/Dec/2017:23:25:19 -0800] "GET /self.logs/access.log.2017-11-20.gz HTTP/1.1" 200 27378 "-" "python-requests/2.18.4" 
2.228.125.250 - - [05/Dec/2017:23:25:20 -0800] "GET /self.logs/access.log.2017-11-21.gz HTTP/1.1" 200 43068 "-" "python-requests/2.18.4" 
2.228.125.250 - - [05/Dec/2017:23:25:21 -0800] "GET /self.logs/access.log.2017-11-22.gz HTTP/1.1" 200 24272 "-" "python-requests/2.18.4" 
2.228.125.250 - - [05/Dec/2017:23:25:22 -0800] "GET /self.logs/access.log.2017-11-23.gz HTTP/1.1" 200 22444 "-" "python-requests/2.18.4" 
2.228.125.250 - - [05/Dec/2017:23:25:25 -0800] "GET /self.logs/access.log.2017-11-24.gz HTTP/1.1" 200 23161 "-" "python-requests/2.18.4" 
2.228.125.250 - - [05/Dec/2017:23:25:26 -0800] "GET /self.logs/access.log.2017-11-25.gz HTTP/1.1" 200 17391 "-" "python-requests/2.18.4" 
2.228.125.250 - - [05/Dec/2017:23:25:27 -0800] "GET /self.logs/access.log.2017-11-26.gz HTTP/1.1" 200 21688 "-" "python-requests/2.18.4" 
2.228.125.250 - - [05/Dec/2017:23:25:28 -0800] "GET /self.logs/access.log.2017-11-27.gz HTTP/1.1" 200 23531 "-" "python-requests/2.18.4" 
2.228.125.250 - - [05/Dec/2017:23:25:29 -0800] "GET /self.logs/access.log.2017-11-28.gz HTTP/1.1" 200 23803 "-" "python-requests/2.18.4" 
2.228.125.250 - - [05/Dec/2017:23:25:29 -0800] "GET /self.logs/access.log.2017-11-29.gz HTTP/1.1" 200 20715 "-" "python-requests/2.18.4" 
2.228.125.250 - - [05/Dec/2017:23:25:30 -0800] "GET /self.logs/access.log.2017-11-30.gz HTTP/1.1" 200 21515 "-" "python-requests/2.18.4" 
2.228.125.250 - - [05/Dec/2017:23:25:31 -0800] "GET /self.logs/access.log.2017-12-01.gz HTTP/1.1" 200 21950 "-" "python-requests/2.18.4" 
2.228.125.250 - - [05/Dec/2017:23:25:32 -0800] "GET /self.logs/access.log.2017-12-02.gz HTTP/1.1" 200 15321 "-" "python-requests/2.18.4" 
2.228.125.250 - - [05/Dec/2017:23:25:33 -0800] "GET /self.logs/access.log.2017-12-03.gz HTTP/1.1" 404 340 "-" "python-requests/2.18.4" 
2.228.125.250 - - [05/Dec/2017:23:25:33 -0800] "GET /self.logs/access.log.2017-12-04.gz HTTP/1.1" 404 340 "-" "python-requests/2.18.4" 
2.228.125.250 - - [05/Dec/2017:23:25:34 -0800] "GET /self.logs/access.log.2017-12-05.gz HTTP/1.1" 404 340 "-" "python-requests/2.18.4" 
220.181.171.121 - - [05/Dec/2017:23:29:16 -0800] "GET /maccdc2012/conn.log.gz HTTP/1.1" 200 78523 "http://www.secrepo.com/" "Mozilla/5.0 (Windows NT 6.1; WOW64) AppleWebKit/537.36 (KHTML, like Gecko) Chrome/50.0.2661.102 Safari/537.36" 
220.181.171.121 - - [05/Dec/2017:23:29:37 -0800] "GET /squid/access.log.gz HTTP/1.1" 200 78522 "http://www.secrepo.com/" "Mozilla/5.0 (Windows NT 6.1; WOW64) AppleWebKit/537.36 (KHTML, like Gecko) Chrome/50.0.2661.102 Safari/537.36" 
220.181.171.121 - - [05/Dec/2017:23:31:23 -0800] "GET /maccdc2012/dhcp.log.gz HTTP/1.1" 200 45019 "http://www.secrepo.com/" "Mozilla/5.0 (Windows NT 6.1; WOW64) AppleWebKit/537.36 (KHTML, like Gecko) Chrome/50.0.2661.102 Safari/537.36" 
220.181.171.121 - - [05/Dec/2017:23:31:25 -0800] "GET /maccdc2012/files.log.gz HTTP/1.1" 200 78522 "http://www.secrepo.com/" "Mozilla/5.0 (Windows NT 6.1; WOW64) AppleWebKit/537.36 (KHTML, like Gecko) Chrome/50.0.2661.102 Safari/537.36" 
220.181.171.121 - - [05/Dec/2017:23:31:26 -0800] "GET /maccdc2012/ftp.log.gz HTTP/1.1" 200 65700 "http://www.secrepo.com/" "Mozilla/5.0 (Windows NT 6.1; WOW64) AppleWebKit/537.36 (KHTML, like Gecko) Chrome/50.0.2661.102 Safari/537.36" 
220.181.171.121 - - [05/Dec/2017:23:31:27 -0800] "GET /maccdc2012/http.log.gz HTTP/1.1" 200 78522 "http://www.secrepo.com/" "Mozilla/5.0 (Windows NT 6.1; WOW64) AppleWebKit/537.36 (KHTML, like Gecko) Chrome/50.0.2661.102 Safari/537.36" 
220.181.171.121 - - [05/Dec/2017:23:31:30 -0800] "GET /maccdc2012/http.log.gz HTTP/1.1" 200 54258816 "-" "Mozilla/5.0 (Windows NT 6.1; WOW64) AppleWebKit/537.36 (KHTML, like Gecko) Chrome/50.0.2661.102 Safari/537.36" 
128.199.71.100 - - [05/Dec/2017:23:31:58 -0800] "GET / HTTP/1.1" 200 11061 "-" "Mozilla/5.0 (Macintosh; Intel Mac OS X 10_13_1) AppleWebKit/537.36 (KHTML, like Gecko) Chrome/62.0.3202.94 Safari/537.36" 
128.199.71.100 - - [05/Dec/2017:23:32:00 -0800] "GET /twitter-icon.png HTTP/1.1" 200 27787 "http://www.secrepo.com/" "Mozilla/5.0 (Macintosh; Intel Mac OS X 10_13_1) AppleWebKit/537.36 (KHTML, like Gecko) Chrome/62.0.3202.94 Safari/537.36" 
128.199.71.100 - - [05/Dec/2017:23:32:00 -0800] "GET /GitHub-Mark.png HTTP/1.1" 200 7428 "http://www.secrepo.com/" "Mozilla/5.0 (Macintosh; Intel Mac OS X 10_13_1) AppleWebKit/537.36 (KHTML, like Gecko) Chrome/62.0.3202.94 Safari/537.36" 
106.120.161.68 - - [05/Dec/2017:23:32:00 -0800] "GET /maccdc2012/http.log.gz HTTP/1.1" 200 58400 "http://www.secrepo.com/maccdc2012/http.log.gz" "Mozilla/4.0 (compatible; MSIE 8.0; Windows NT 6.1; Trident/4.0; SLCC2; .NET CLR 2.0.50727; .NET CLR 3.5.30729; .NET CLR 3.0.30729; Media Center PC 6.0; Tablet PC 2.0)" 
128.199.71.100 - - [05/Dec/2017:23:32:01 -0800] "GET /bootstrap/img/favicon.ico HTTP/1.1" 200 589 "http://www.secrepo.com/" "Mozilla/5.0 (Macintosh; Intel Mac OS X 10_13_1) AppleWebKit/537.36 (KHTML, like Gecko) Chrome/62.0.3202.94 Safari/537.36" 
128.199.71.100 - - [05/Dec/2017:23:32:05 -0800] "GET / HTTP/1.1" 304 189 "-" "Mozilla/5.0 (Macintosh; Intel Mac OS X 10_13_1) AppleWebKit/537.36 (KHTML, like Gecko) Chrome/62.0.3202.94 Safari/537.36" 
128.199.71.100 - - [05/Dec/2017:23:32:06 -0800] "GET / HTTP/1.1" 304 188 "http://www.secrepo.com/" "Mozilla/5.0 (Macintosh; Intel Mac OS X 10_13_1) AppleWebKit/537.36 (KHTML, like Gecko) Chrome/62.0.3202.94 Safari/537.36" 
220.181.132.180 - - [05/Dec/2017:23:32:09 -0800] "GET / HTTP/1.1" 200 11061 "http://www.secrepo.com/" "Mozilla/5.0 (Windows NT 6.1) AppleWebKit/537.36 (KHTML, like Gecko) Chrome/36.0.1985.125 Safari/537.36" 
128.199.71.100 - - [05/Dec/2017:23:32:16 -0800] "GET /self.logs/ HTTP/1.1" 200 6988 "http://www.secrepo.com/" "Mozilla/5.0 (Macintosh; Intel Mac OS X 10_13_1) AppleWebKit/537.36 (KHTML, like Gecko) Chrome/62.0.3202.94 Safari/537.36" 
128.199.71.100 - - [05/Dec/2017:23:32:17 -0800] "GET /favicon.ico HTTP/1.1" 200 267 "http://www.secrepo.com/self.logs/" "Mozilla/5.0 (Macintosh; Intel Mac OS X 10_13_1) AppleWebKit/537.36 (KHTML, like Gecko) Chrome/62.0.3202.94 Safari/537.36" 
106.120.162.96 - - [05/Dec/2017:23:32:19 -0800] "GET / HTTP/1.1" 200 11061 "-" "Mozilla/5.0 (Windows NT 6.1; WOW64) AppleWebKit/537.36 (KHTML, like Gecko) Chrome/50.0.2661.102 Safari/537.36" 
106.120.162.96 - - [05/Dec/2017:23:32:19 -0800] "GET /twitter-icon.png HTTP/1.1" 200 27787 "http://www.secrepo.com/" "Mozilla/5.0 (Windows NT 6.1; WOW64) AppleWebKit/537.36 (KHTML, like Gecko) Chrome/50.0.2661.102 Safari/537.36" 
106.120.162.96 - - [05/Dec/2017:23:32:19 -0800] "GET /GitHub-Mark.png HTTP/1.1" 200 7428 "http://www.secrepo.com/" "Mozilla/5.0 (Windows NT 6.1; WOW64) AppleWebKit/537.36 (KHTML, like Gecko) Chrome/50.0.2661.102 Safari/537.36" 
128.199.71.100 - - [05/Dec/2017:23:32:20 -0800] "GET /self.logs/access.log.2017-01-01.gz HTTP/1.1" 200 17655 "http://www.secrepo.com/self.logs/" "Mozilla/5.0 (Macintosh; Intel Mac OS X 10_13_1) AppleWebKit/537.36 (KHTML, like Gecko) Chrome/62.0.3202.94 Safari/537.36" 
106.120.160.109 - - [05/Dec/2017:23:32:25 -0800] "GET /maccdc2012/http.log.gz HTTP/1.1" 200 58400 "http://www.secrepo.com/maccdc2012/http.log.gz" "Mozilla/4.0 (compatible; MSIE 8.0; Windows NT 6.1; Trident/4.0; SLCC2; .NET CLR 2.0.50727; .NET CLR 3.5.30729; .NET CLR 3.0.30729; Media Center PC 6.0; Tablet PC 2.0)" 
220.181.132.193 - - [05/Dec/2017:23:32:36 -0800] "GET /maccdc2012/http.log.gz HTTP/1.1" 200 2681702 "-" "Mozilla/5.0 (Windows NT 6.1) AppleWebKit/537.36 (KHTML, like Gecko) Chrome/36.0.1985.125 Safari/537.36" 
182.118.20.150 - - [05/Dec/2017:23:33:11 -0800] "GET /maccdc2012/http.log.gz HTTP/1.1" 200 3540182 "-" "Mozilla/5.0 (Windows NT 6.1) AppleWebKit/537.36 (KHTML, like Gecko) Chrome/36.0.1985.125 Safari/537.36" 
171.13.14.147 - - [05/Dec/2017:23:33:45 -0800] "GET /maccdc2012/http.log.gz HTTP/1.1" 200 3177974 "-" "Mozilla/5.0 (Windows NT 6.1) AppleWebKit/537.36 (KHTML, like Gecko) Chrome/36.0.1985.125 Safari/537.36" 
220.181.171.121 - - [05/Dec/2017:23:35:30 -0800] "GET /self.logs/ HTTP/1.1" 200 6988 "http://www.secrepo.com/" "Mozilla/5.0 (Windows NT 6.1; WOW64) AppleWebKit/537.36 (KHTML, like Gecko) Chrome/50.0.2661.102 Safari/537.36" 
220.181.171.121 - - [05/Dec/2017:23:35:33 -0800] "GET /self.logs/ HTTP/1.1" 200 6988 "http://www.secrepo.com/" "Mozilla/5.0 (Windows NT 6.1; WOW64) AppleWebKit/537.36 (KHTML, like Gecko) Chrome/50.0.2661.102 Safari/537.36" 
220.181.171.121 - - [05/Dec/2017:23:35:33 -0800] "GET /favicon.ico HTTP/1.1" 200 267 "http://www.secrepo.com/self.logs/" "Mozilla/5.0 (Windows NT 6.1; WOW64) AppleWebKit/537.36 (KHTML, like Gecko) Chrome/50.0.2661.102 Safari/537.36" 
101.199.108.50 - - [05/Dec/2017:23:35:04 -0800] "GET /maccdc2012/http.log.gz HTTP/1.1" 200 1750222 "-" "Mozilla/5.0 (Windows NT 6.1) AppleWebKit/537.36 (KHTML, like Gecko) Chrome/36.0.1985.125 Safari/537.36" 
220.181.171.121 - - [05/Dec/2017:23:35:41 -0800] "GET /self.logs/access.log.2017-01-01.gz HTTP/1.1" 200 17655 "http://www.secrepo.com/self.logs/" "Mozilla/5.0 (Windows NT 6.1; WOW64) AppleWebKit/537.36 (KHTML, like Gecko) Chrome/50.0.2661.102 Safari/537.36" 
220.181.171.121 - - [05/Dec/2017:23:35:42 -0800] "GET /self.logs/access.log.2017-01-01.gz HTTP/1.1" 200 17655 "http://www.secrepo.com/self.logs/" "Mozilla/5.0 (Windows NT 6.1; WOW64) AppleWebKit/537.36 (KHTML, like Gecko) Chrome/50.0.2661.102 Safari/537.36" 
106.120.160.109 - - [05/Dec/2017:23:36:01 -0800] "GET /self.logs/ HTTP/1.1" 200 65072 "http://www.secrepo.com/self.logs/" "Mozilla/4.0 (compatible; MSIE 8.0; Windows NT 6.1; Trident/4.0; SLCC2; .NET CLR 2.0.50727; .NET CLR 3.5.30729; .NET CLR 3.0.30729; Media Center PC 6.0; Tablet PC 2.0)" 
171.13.14.133 - - [05/Dec/2017:23:35:38 -0800] "GET /maccdc2012/http.log.gz HTTP/1.1" 200 3331718 "-" "Mozilla/5.0 (Windows NT 6.1) AppleWebKit/537.36 (KHTML, like Gecko) Chrome/36.0.1985.125 Safari/537.36" 
106.120.160.109 - - [05/Dec/2017:23:36:15 -0800] "GET /self.logs/access.log.2017-01-01.gz HTTP/1.1" 200 17557 "http://www.secrepo.com/self.logs/access.log.2017-01-01.gz" "Mozilla/4.0 (compatible; MSIE 8.0; Windows NT 6.1; Trident/4.0; SLCC2; .NET CLR 2.0.50727; .NET CLR 3.5.30729; .NET CLR 3.0.30729; Media Center PC 6.0; Tablet PC 2.0)" 
220.181.132.197 - - [05/Dec/2017:23:36:27 -0800] "GET /self.logs/access.log.2017-01-01.gz HTTP/1.1" 200 17655 "-" "Mozilla/5.0 (Windows NT 6.1) AppleWebKit/537.36 (KHTML, like Gecko) Chrome/36.0.1985.125 Safari/537.36" 
182.118.20.145 - - [05/Dec/2017:23:36:12 -0800] "GET /maccdc2012/http.log.gz HTTP/1.1" 200 2973702 "-" "Mozilla/5.0 (Windows NT 6.1) AppleWebKit/537.36 (KHTML, like Gecko) Chrome/36.0.1985.125 Safari/537.36" 
220.181.132.194 - - [05/Dec/2017:23:37:47 -0800] "GET /self.logs/ HTTP/1.1" 200 6988 "-" "Mozilla/5.0 (Windows NT 6.1) AppleWebKit/537.36 (KHTML, like Gecko) Chrome/36.0.1985.125 Safari/537.36" 
220.181.171.121 - - [05/Dec/2017:23:39:06 -0800] "GET /maccdc2012/dns.log.gz HTTP/1.1" 200 78521 "http://www.secrepo.com/" "Mozilla/5.0 (Windows NT 6.1; WOW64) AppleWebKit/537.36 (KHTML, like Gecko) Chrome/50.0.2661.102 Safari/537.36" 
220.181.171.121 - - [05/Dec/2017:23:39:09 -0800] "GET /maccdc2012/notice.log.gz HTTP/1.1" 200 20779 "http://www.secrepo.com/" "Mozilla/5.0 (Windows NT 6.1; WOW64) AppleWebKit/537.36 (KHTML, like Gecko) Chrome/50.0.2661.102 Safari/537.36" 
220.181.171.121 - - [05/Dec/2017:23:39:22 -0800] "GET /maccdc2012/ssh.log.gz HTTP/1.1" 200 65700 "http://www.secrepo.com/" "Mozilla/5.0 (Windows NT 6.1; WOW64) AppleWebKit/537.36 (KHTML, like Gecko) Chrome/50.0.2661.102 Safari/537.36" 
220.181.171.121 - - [05/Dec/2017:23:39:24 -0800] "GET /maccdc2012/ssh.log.gz HTTP/1.1" 200 182517 "-" "Mozilla/5.0 (Windows NT 6.1; WOW64) AppleWebKit/537.36 (KHTML, like Gecko) Chrome/50.0.2661.102 Safari/537.36" 
216.244.66.227 - - [05/Dec/2017:23:39:26 -0800] "GET /robots.txt HTTP/1.1" 200 233 "-" "Mozilla/5.0 (compatible; DotBot/1.1; http://www.opensiteexplorer.org/dotbot, help@moz.com)" 
106.120.161.68 - - [05/Dec/2017:23:40:25 -0800] "GET /maccdc2012/ssh.log.gz HTTP/1.1" 200 182420 "http://www.secrepo.com/maccdc2012/ssh.log.gz" "Mozilla/4.0 (compatible; MSIE 8.0; Windows NT 6.1; Trident/4.0; SLCC2; .NET CLR 2.0.50727; .NET CLR 3.5.30729; .NET CLR 3.0.30729; Media Center PC 6.0; Tablet PC 2.0)" 
106.120.161.68 - - [05/Dec/2017:23:40:27 -0800] "GET /maccdc2012/ssh.log.gz HTTP/1.1" 200 182420 "http://www.secrepo.com/maccdc2012/ssh.log.gz" "Mozilla/4.0 (compatible; MSIE 8.0; Windows NT 6.1; Trident/4.0; SLCC2; .NET CLR 2.0.50727; .NET CLR 3.5.30729; .NET CLR 3.0.30729; Media Center PC 6.0; Tablet PC 2.0)" 
101.199.112.49 - - [05/Dec/2017:23:40:39 -0800] "GET /maccdc2012/ssh.log.gz HTTP/1.1" 200 182517 "-" "Mozilla/5.0 (Windows NT 6.1) AppleWebKit/537.36 (KHTML, like Gecko) Chrome/36.0.1985.125 Safari/537.36" 
220.181.132.196 - - [05/Dec/2017:23:40:46 -0800] "GET /maccdc2012/ssh.log.gz HTTP/1.1" 200 182517 "-" "Mozilla/5.0 (Windows NT 6.1) AppleWebKit/537.36 (KHTML, like Gecko) Chrome/36.0.1985.125 Safari/537.36" 
216.244.66.227 - - [05/Dec/2017:23:41:29 -0800] "GET /self.logs/access.log.2015-05-17.gz HTTP/1.1" 404 239 "-" "Mozilla/5.0 (compatible; DotBot/1.1; http://www.opensiteexplorer.org/dotbot, help@moz.com)" 
216.244.66.227 - - [05/Dec/2017:23:41:31 -0800] "GET /self.logs/access.log.2015-11-18.gz HTTP/1.1" 404 239 "-" "Mozilla/5.0 (compatible; DotBot/1.1; http://www.opensiteexplorer.org/dotbot, help@moz.com)" 
216.244.66.227 - - [05/Dec/2017:23:41:33 -0800] "GET /self.logs/access.log.2016-12-08.gz HTTP/1.1" 404 239 "-" "Mozilla/5.0 (compatible; DotBot/1.1; http://www.opensiteexplorer.org/dotbot, help@moz.com)" 
216.244.66.227 - - [05/Dec/2017:23:41:34 -0800] "GET /self.logs/access.log.2016-12-13.gz HTTP/1.1" 404 239 "-" "Mozilla/5.0 (compatible; DotBot/1.1; http://www.opensiteexplorer.org/dotbot, help@moz.com)" 
216.244.66.227 - - [05/Dec/2017:23:41:37 -0800] "GET /self.logs/error.log.2015-04-23.gz HTTP/1.1" 404 239 "-" "Mozilla/5.0 (compatible; DotBot/1.1; http://www.opensiteexplorer.org/dotbot, help@moz.com)" 
66.249.93.64 - - [05/Dec/2017:23:43:37 -0800] "GET / HTTP/1.1" 200 11061 "-" "Mozilla/5.0 (X11; Linux x86_64) AppleWebKit/537.36 (KHTML, like Gecko) Chrome/49.0.2623.75 Safari/537.36 Google Favicon" 
66.249.93.93 - - [05/Dec/2017:23:43:37 -0800] "GET /bootstrap/img/favicon.ico HTTP/1.1" 200 590 "-" "Mozilla/5.0 (X11; Linux x86_64) AppleWebKit/537.36 (KHTML, like Gecko) Chrome/49.0.2623.75 Safari/537.36 Google Favicon" 
220.181.171.121 - - [05/Dec/2017:23:47:33 -0800] "GET /maccdc2012/maccdc2012_fast_alert.7z HTTP/1.1" 200 9478149 "-" "Mozilla/5.0 (Windows NT 6.1; WOW64) AppleWebKit/537.36 (KHTML, like Gecko) Chrome/50.0.2661.102 Safari/537.36" 
176.62.232.6 - - [05/Dec/2017:23:59:28 -0800] "GET /wp-login.php HTTP/1.1" 301 522 "-" "Mozilla/5.0 (Windows NT 6.1; WOW64; rv:40.0) Gecko/20100101 Firefox/40.1" 
176.62.232.6 - - [05/Dec/2017:23:59:28 -0800] "GET /wp-login.php HTTP/1.1" 404 295 "-" "Mozilla/5.0 (Windows NT 6.1; WOW64; rv:40.0) Gecko/20100101 Firefox/40.1" 
176.62.232.6 - - [05/Dec/2017:23:59:34 -0800] "GET /wp-login.php HTTP/1.1" 301 522 "-" "Mozilla/5.0 (Windows NT 6.1; WOW64; rv:40.0) Gecko/20100101 Firefox/40.1" 
176.62.232.6 - - [05/Dec/2017:23:59:34 -0800] "GET /wp-login.php HTTP/1.1" 404 295 "-" "Mozilla/5.0 (Windows NT 6.1; WOW64; rv:40.0) Gecko/20100101 Firefox/40.1" 
176.62.232.6 - - [05/Dec/2017:23:59:39 -0800] "GET / HTTP/1.1" 301 498 "-" "Mozilla/5.0 (Windows NT 6.1; WOW64; rv:40.0) Gecko/20100101 Firefox/40.1" 
176.62.232.6 - - [05/Dec/2017:23:59:39 -0800] "GET / HTTP/1.1" 200 37415 "-" "Mozilla/5.0 (Windows NT 6.1; WOW64; rv:40.0) Gecko/20100101 Firefox/40.1" 
183.160.196.88 - - [06/Dec/2017:00:00:31 -0800] "GET /favicon.ico HTTP/1.1" 200 268 "-" "Mozilla/5.0 (Windows NT 6.3; WOW64; rv:41.0) Gecko/20100101 Firefox/41.0" 
154.70.93.246 - - [06/Dec/2017:00:00:57 -0800] "GET /wp-login.php HTTP/1.1" 404 295 "-" "Mozilla/5.0 (Windows NT 6.1; WOW64; rv:40.0) Gecko/20100101 Firefox/40.1" 
154.70.93.246 - - [06/Dec/2017:00:01:03 -0800] "GET /wp-login.php HTTP/1.1" 404 295 "-" "Mozilla/5.0 (Windows NT 6.1; WOW64; rv:40.0) Gecko/20100101 Firefox/40.1" 
154.70.93.246 - - [06/Dec/2017:00:01:08 -0800] "GET / HTTP/1.1" 200 37415 "-" "Mozilla/5.0 (Windows NT 6.1; WOW64; rv:40.0) Gecko/20100101 Firefox/40.1" 
83.84.5.168 - - [06/Dec/2017:00:04:11 -0800] "GET /twitter-icon.png HTTP/1.1" 200 27788 "-" "Mozilla/5.0 (Windows NT 10.0; Win64; x64) AppleWebKit/537.36 (KHTML, like Gecko) Chrome/62.0.3202.94 Safari/537.36" 
83.84.5.168 - - [06/Dec/2017:00:04:11 -0800] "GET /GitHub-Mark.png HTTP/1.1" 200 7428 "-" "Mozilla/5.0 (Windows NT 10.0; Win64; x64) AppleWebKit/537.36 (KHTML, like Gecko) Chrome/62.0.3202.94 Safari/537.36" 
66.102.9.31 - - [06/Dec/2017:00:06:03 -0800] "GET / HTTP/1.1" 200 11061 "-" "Mozilla/5.0 (X11; Linux x86_64) AppleWebKit/537.36 (KHTML, like Gecko) Chrome/49.0.2623.75 Safari/537.36 Google Favicon" 
66.102.9.31 - - [06/Dec/2017:00:06:03 -0800] "GET /bootstrap/img/favicon.ico HTTP/1.1" 200 589 "-" "Mozilla/5.0 (X11; Linux x86_64) AppleWebKit/537.36 (KHTML, like Gecko) Chrome/49.0.2623.75 Safari/537.36 Google Favicon" 
216.244.66.227 - - [06/Dec/2017:00:07:18 -0800] "GET /robots.txt HTTP/1.1" 200 233 "-" "Mozilla/5.0 (compatible; DotBot/1.1; http://www.opensiteexplorer.org/dotbot, help@moz.com)" 
216.244.66.227 - - [06/Dec/2017:00:09:22 -0800] "GET /self.logs/access.log.2016-07-28.gz HTTP/1.1" 404 239 "-" "Mozilla/5.0 (compatible; DotBot/1.1; http://www.opensiteexplorer.org/dotbot, help@moz.com)" 
216.244.66.227 - - [06/Dec/2017:00:09:24 -0800] "GET /self.logs/error.log.2015-07-09.gz HTTP/1.1" 404 239 "-" "Mozilla/5.0 (compatible; DotBot/1.1; http://www.opensiteexplorer.org/dotbot, help@moz.com)" 
207.46.13.171 - - [06/Dec/2017:00:16:36 -0800] "GET /honeypot/Honeypot%20-%20Howto%20-%20BSides%20Austin.pdf HTTP/1.1" 200 2928460 "-" "Mozilla/5.0 (iPhone; CPU iPhone OS 7_0 like Mac OS X) AppleWebKit/537.51.1 (KHTML, like Gecko) Version/7.0 Mobile/11A465 Safari/9537.53 (compatible; bingbot/2.0; +http://www.bing.com/bingbot.htm)" 
68.60.240.136 - - [06/Dec/2017:00:19:38 -0800] "GET /wp-login.php HTTP/1.1" 404 295 "-" "Mozilla/5.0 (Windows NT 6.1; WOW64; rv:40.0) Gecko/20100101 Firefox/40.1" 
68.60.240.136 - - [06/Dec/2017:00:19:43 -0800] "GET /wp-login.php HTTP/1.1" 404 295 "-" "Mozilla/5.0 (Windows NT 6.1; WOW64; rv:40.0) Gecko/20100101 Firefox/40.1" 
68.60.240.136 - - [06/Dec/2017:00:19:48 -0800] "GET / HTTP/1.1" 200 37415 "-" "Mozilla/5.0 (Windows NT 6.1; WOW64; rv:40.0) Gecko/20100101 Firefox/40.1" 
139.192.137.166 - - [06/Dec/2017:00:23:32 -0800] "GET /wp-login.php HTTP/1.1" 404 295 "-" "Mozilla/5.0 (Windows NT 6.1; WOW64; rv:40.0) Gecko/20100101 Firefox/40.1" 
139.192.137.166 - - [06/Dec/2017:00:23:37 -0800] "GET /wp-login.php HTTP/1.1" 404 295 "-" "Mozilla/5.0 (Windows NT 6.1; WOW64; rv:40.0) Gecko/20100101 Firefox/40.1" 
139.192.137.166 - - [06/Dec/2017:00:23:43 -0800] "GET / HTTP/1.1" 200 37415 "-" "Mozilla/5.0 (Windows NT 6.1; WOW64; rv:40.0) Gecko/20100101 Firefox/40.1" 
165.227.105.146 - - [06/Dec/2017:00:25:45 -0800] "GET / HTTP/1.1" 301 442 "-" "Mozilla/4.0 (compatible; MSIE 6.0; Windows NT)" 
165.227.105.146 - - [06/Dec/2017:00:25:45 -0800] "GET / HTTP/1.1" 200 37359 "-" "Mozilla/4.0 (compatible; MSIE 6.0; Windows NT)" 
40.77.167.133 - - [06/Dec/2017:00:26:08 -0800] "GET /self.logs/access.log.2017-04-30.gz HTTP/1.1" 200 11942 "-" "Mozilla/5.0 (compatible; bingbot/2.0; +http://www.bing.com/bingbot.htm)" 
66.249.64.159 - - [06/Dec/2017:00:32:36 -0800] "GET / HTTP/1.1" 200 11061 "-" "Mozilla/5.0 (compatible; Googlebot/2.1; +http://www.google.com/bot.html)" 
216.244.66.250 - - [06/Dec/2017:00:40:31 -0800] "GET /self.logs/?C=S;O=D HTTP/1.1" 200 65053 "-" "Mozilla/5.0 (compatible; DotBot/1.1; http://www.opensiteexplorer.org/dotbot, help@moz.com)" 
103.218.216.99 - - [06/Dec/2017:00:40:28 -0800] "GET /misc/zeus_dga_domains.txt.zip HTTP/1.1" 200 594360 "http://www.secrepo.com/" "Mozilla/5.0 (Windows NT 6.1; Win64; x64) AppleWebKit/537.36 (KHTML, like Gecko) Chrome/62.0.3202.94 Safari/537.36" 
66.249.64.157 - - [06/Dec/2017:00:42:29 -0800] "GET /data HTTP/1.1" 404 340 "-" "Mozilla/5.0 (compatible; Googlebot/2.1; +http://www.google.com/bot.html)" 
151.77.237.8 - - [06/Dec/2017:00:43:19 -0800] "GET / HTTP/1.1" 200 11061 "http://m.facebook.com/" "Mozilla/5.0 (Linux; Android 6.0; Che2-L11 Build/HonorChe2-L11; wv) AppleWebKit/537.36 (KHTML, like Gecko) Version/4.0 Chrome/62.0.3202.84 Mobile Safari/537.36 [FB_IAB/FB4A;FBAV/151.0.0.44.205;]" 
51.255.65.81 - - [06/Dec/2017:00:43:37 -0800] "GET /self.logs/error.log.2017-11-18.gz HTTP/1.1" 200 1193 "-" "Mozilla/5.0 (compatible; AhrefsBot/5.2; +http://ahrefs.com/robot/)" 
202.56.222.4 - - [06/Dec/2017:00:49:44 -0800] "GET / HTTP/1.1" 200 11061 "https://www.researchgate.net/" "Mozilla/5.0 (Windows NT 6.3; Win64; x64) AppleWebKit/537.36 (KHTML, like Gecko) Chrome/62.0.3202.94 Safari/537.36" 
220.181.171.121 - - [06/Dec/2017:00:49:57 -0800] "GET / HTTP/1.1" 200 11061 "-" "Mozilla/5.0 (Windows NT 6.1; Win64; x64) AppleWebKit/537.36 (KHTML, like Gecko) Chrome/58.0.3029.110 Safari/537.36" 
220.181.171.121 - - [06/Dec/2017:00:49:58 -0800] "GET /twitter-icon.png HTTP/1.1" 200 27787 "http://www.secrepo.com/" "Mozilla/5.0 (Windows NT 6.1; Win64; x64) AppleWebKit/537.36 (KHTML, like Gecko) Chrome/58.0.3029.110 Safari/537.36" 
220.181.171.121 - - [06/Dec/2017:00:49:58 -0800] "GET /GitHub-Mark.png HTTP/1.1" 200 7428 "http://www.secrepo.com/" "Mozilla/5.0 (Windows NT 6.1; Win64; x64) AppleWebKit/537.36 (KHTML, like Gecko) Chrome/58.0.3029.110 Safari/537.36" 
220.181.171.121 - - [06/Dec/2017:00:50:00 -0800] "GET /bootstrap/img/favicon.ico HTTP/1.1" 200 589 "http://www.secrepo.com/" "Mozilla/5.0 (Windows NT 6.1; Win64; x64) AppleWebKit/537.36 (KHTML, like Gecko) Chrome/58.0.3029.110 Safari/537.36" 
31.44.93.2 - - [06/Dec/2017:00:54:26 -0800] "GET / HTTP/1.1" 200 11061 "https://www.google.ru/" "Mozilla/5.0 (Windows NT 10.0; Win64; x64) AppleWebKit/537.36 (KHTML, like Gecko) Chrome/62.0.3202.94 Safari/537.36" 
31.44.93.2 - - [06/Dec/2017:00:54:26 -0800] "GET /twitter-icon.png HTTP/1.1" 200 27787 "http://www.secrepo.com/" "Mozilla/5.0 (Windows NT 10.0; Win64; x64) AppleWebKit/537.36 (KHTML, like Gecko) Chrome/62.0.3202.94 Safari/537.36" 
31.44.93.2 - - [06/Dec/2017:00:54:26 -0800] "GET /GitHub-Mark.png HTTP/1.1" 200 7428 "http://www.secrepo.com/" "Mozilla/5.0 (Windows NT 10.0; Win64; x64) AppleWebKit/537.36 (KHTML, like Gecko) Chrome/62.0.3202.94 Safari/537.36" 
51.255.65.57 - - [06/Dec/2017:00:54:27 -0800] "GET /self.logs/error.log.2015-11-19.gz HTTP/1.1" 404 284 "-" "Mozilla/5.0 (compatible; AhrefsBot/5.2; +http://ahrefs.com/robot/)" 
31.44.93.2 - - [06/Dec/2017:00:54:27 -0800] "GET /bootstrap/img/favicon.ico HTTP/1.1" 200 589 "http://www.secrepo.com/" "Mozilla/5.0 (Windows NT 10.0; Win64; x64) AppleWebKit/537.36 (KHTML, like Gecko) Chrome/62.0.3202.94 Safari/537.36" 
137.74.207.159 - - [06/Dec/2017:00:59:47 -0800] "GET /self.logs/error.log.2017-09-11.gz HTTP/1.1" 200 1181 "-" "Mozilla/5.0 (compatible; AhrefsBot/5.2; +http://ahrefs.com/robot/)" 
31.44.93.2 - - [06/Dec/2017:01:01:19 -0800] "GET /pe_static/zeus.zip HTTP/1.1" 200 8970240 "http://www.secrepo.com/" "Mozilla/5.0 (Windows NT 10.0; Win64; x64) AppleWebKit/537.36 (KHTML, like Gecko) Chrome/62.0.3202.94 Safari/537.36" 
122.164.33.197 - - [06/Dec/2017:01:01:54 -0800] "GET /wp-login.php HTTP/1.1" 404 295 "-" "Mozilla/5.0 (Windows NT 6.1; WOW64; rv:40.0) Gecko/20100101 Firefox/40.1" 
122.164.33.197 - - [06/Dec/2017:01:01:59 -0800] "GET /wp-login.php HTTP/1.1" 404 295 "-" "Mozilla/5.0 (Windows NT 6.1; WOW64; rv:40.0) Gecko/20100101 Firefox/40.1" 
122.164.33.197 - - [06/Dec/2017:01:02:05 -0800] "GET / HTTP/1.1" 200 37415 "-" "Mozilla/5.0 (Windows NT 6.1; WOW64; rv:40.0) Gecko/20100101 Firefox/40.1" 
220.181.171.121 - - [06/Dec/2017:01:02:28 -0800] "GET /misc/zeus_dga_domains.txt.zip HTTP/1.1" 200 594360 "-" "Mozilla/5.0 (Macintosh; Intel Mac OS X 10_13_0) AppleWebKit/537.36 (KHTML, like Gecko) Chrome/62.0.3202.94 Safari/537.36" 
220.181.171.121 - - [06/Dec/2017:01:07:45 -0800] "GET /misc/zeus_dga_domains.txt.zip HTTP/1.1" 200 594360 "http://www.secrepo.com/" "Mozilla/5.0 (Macintosh; Intel Mac OS X 10_13_0) AppleWebKit/537.36 (KHTML, like Gecko) Chrome/62.0.3202.94 Safari/537.36" 
202.113.19.216 - - [06/Dec/2017:01:08:07 -0800] "GET / HTTP/1.1" 200 11061 "https://www.researchgate.net/" "Mozilla/5.0 (Windows NT 10.0; Win64; x64) AppleWebKit/537.36 (KHTML, like Gecko) Chrome/62.0.3202.94 Safari/537.36" 
202.113.19.216 - - [06/Dec/2017:01:08:07 -0800] "GET /GitHub-Mark.png HTTP/1.1" 200 7428 "http://www.secrepo.com/" "Mozilla/5.0 (Windows NT 10.0; Win64; x64) AppleWebKit/537.36 (KHTML, like Gecko) Chrome/62.0.3202.94 Safari/537.36" 
202.113.19.216 - - [06/Dec/2017:01:08:07 -0800] "GET /twitter-icon.png HTTP/1.1" 200 27787 "http://www.secrepo.com/" "Mozilla/5.0 (Windows NT 10.0; Win64; x64) AppleWebKit/537.36 (KHTML, like Gecko) Chrome/62.0.3202.94 Safari/537.36" 
202.113.19.216 - - [06/Dec/2017:01:08:09 -0800] "GET /bootstrap/img/favicon.ico HTTP/1.1" 200 589 "http://www.secrepo.com/" "Mozilla/5.0 (Windows NT 10.0; Win64; x64) AppleWebKit/537.36 (KHTML, like Gecko) Chrome/62.0.3202.94 Safari/537.36" 
92.191.96.141 - - [06/Dec/2017:01:10:08 -0800] "GET / HTTP/1.1" 200 11061 "-" "Mozilla/5.0 (Macintosh; Intel Mac OS X 10_11_6) AppleWebKit/602.2.14 (KHTML, like Gecko)" 
92.191.96.141 - - [06/Dec/2017:01:10:08 -0800] "GET /apple-touch-icon-precomposed.png HTTP/1.1" 404 340 "-" "Safari/11602.2.14.0.7 CFNetwork/760.7 Darwin/15.6.0 (x86_64)" 
92.191.96.141 - - [06/Dec/2017:01:10:08 -0800] "GET /apple-touch-icon.png HTTP/1.1" 404 339 "-" "Safari/11602.2.14.0.7 CFNetwork/760.7 Darwin/15.6.0 (x86_64)" 
92.191.96.141 - - [06/Dec/2017:01:10:08 -0800] "GET /bootstrap/img/favicon.ico HTTP/1.1" 200 589 "-" "Safari/11602.2.14.0.7 CFNetwork/760.7 Darwin/15.6.0 (x86_64)" 
92.191.96.141 - - [06/Dec/2017:01:10:08 -0800] "GET /apple-touch-icon-precomposed.png HTTP/1.1" 404 339 "-" "Safari/11602.2.14.0.7 CFNetwork/760.7 Darwin/15.6.0 (x86_64)" 
92.191.96.141 - - [06/Dec/2017:01:10:08 -0800] "GET /apple-touch-icon.png HTTP/1.1" 404 339 "-" "Safari/11602.2.14.0.7 CFNetwork/760.7 Darwin/15.6.0 (x86_64)" 
198.100.149.189 - - [06/Dec/2017:01:10:40 -0800] "GET /license.php HTTP/1.0" 301 520 "-" "Mozilla/5.0 (Windows NT 6.1; Win64; x64) AppleWebKit/537.36 (KHTML, like Gecko) Chrome/62.0.3202.94 Safari/537.36" 
198.100.149.189 - - [06/Dec/2017:01:10:40 -0800] "GET /license.php HTTP/1.0" 404 295 "-" "Mozilla/5.0 (Windows NT 6.1; Win64; x64) AppleWebKit/537.36 (KHTML, like Gecko) Chrome/62.0.3202.94 Safari/537.36" 
198.100.149.189 - - [06/Dec/2017:01:10:40 -0800] "GET /license.php HTTP/1.0" 301 520 "-" "Mozilla/5.0 (Windows NT 6.1; Win64; x64) AppleWebKit/537.36 (KHTML, like Gecko) Chrome/62.0.3202.94 Safari/537.36" 
198.100.149.189 - - [06/Dec/2017:01:10:40 -0800] "GET /license.php HTTP/1.0" 404 295 "-" "Mozilla/5.0 (Windows NT 6.1; Win64; x64) AppleWebKit/537.36 (KHTML, like Gecko) Chrome/62.0.3202.94 Safari/537.36" 
103.218.216.99 - - [06/Dec/2017:00:41:30 -0800] "GET /pe_static/zeus.zip HTTP/1.1" 200 51367111 "http://www.secrepo.com/" "Mozilla/5.0 (Windows NT 6.1; Win64; x64) AppleWebKit/537.36 (KHTML, like Gecko) Chrome/62.0.3202.94 Safari/537.36" 
12.167.75.11 - - [06/Dec/2017:01:13:29 -0800] "GET / HTTP/1.1" 304 133 "http://www.secrepo.com/" "Mozilla/5.0 (Windows NT 6.1; WOW64; Trident/7.0; rv:11.0) like Gecko" 
202.113.19.216 - - [06/Dec/2017:01:13:31 -0800] "GET /maccdc2012/dns.log.gz HTTP/1.1" 200 6629420 "http://www.secrepo.com/" "Mozilla/5.0 (Windows NT 10.0; Win64; x64) AppleWebKit/537.36 (KHTML, like Gecko) Chrome/62.0.3202.94 Safari/537.36" 
139.192.137.166 - - [06/Dec/2017:01:20:03 -0800] "GET /wp-login.php HTTP/1.1" 301 522 "-" "Mozilla/5.0 (Windows NT 6.1; WOW64; rv:40.0) Gecko/20100101 Firefox/40.1" 
139.192.137.166 - - [06/Dec/2017:01:20:04 -0800] "GET /wp-login.php HTTP/1.1" 404 295 "-" "Mozilla/5.0 (Windows NT 6.1; WOW64; rv:40.0) Gecko/20100101 Firefox/40.1" 
139.192.137.166 - - [06/Dec/2017:01:20:09 -0800] "GET /wp-login.php HTTP/1.1" 301 522 "-" "Mozilla/5.0 (Windows NT 6.1; WOW64; rv:40.0) Gecko/20100101 Firefox/40.1" 
139.192.137.166 - - [06/Dec/2017:01:20:10 -0800] "GET /wp-login.php HTTP/1.1" 404 295 "-" "Mozilla/5.0 (Windows NT 6.1; WOW64; rv:40.0) Gecko/20100101 Firefox/40.1" 
139.192.137.166 - - [06/Dec/2017:01:20:16 -0800] "GET / HTTP/1.1" 301 498 "-" "Mozilla/5.0 (Windows NT 6.1; WOW64; rv:40.0) Gecko/20100101 Firefox/40.1" 
139.192.137.166 - - [06/Dec/2017:01:20:16 -0800] "GET / HTTP/1.1" 200 37415 "-" "Mozilla/5.0 (Windows NT 6.1; WOW64; rv:40.0) Gecko/20100101 Firefox/40.1" 
216.244.66.227 - - [06/Dec/2017:01:24:31 -0800] "GET /robots.txt HTTP/1.1" 200 233 "-" "Mozilla/5.0 (compatible; DotBot/1.1; http://www.opensiteexplorer.org/dotbot, help@moz.com)" 
216.244.66.227 - - [06/Dec/2017:01:26:28 -0800] "GET /self.logs/access.log.2016-08-08.gz HTTP/1.1" 404 239 "-" "Mozilla/5.0 (compatible; DotBot/1.1; http://www.opensiteexplorer.org/dotbot, help@moz.com)" 
86.41.240.42 - - [06/Dec/2017:01:26:42 -0800] "GET /?t=1&cn=ZmxleGlibGVfcmVjc18y&refsrc=email&iid=2572d65d1a814c138a77f3b60465fe37&uid=30635594&nid=244+272699400 HTTP/1.1" 200 11061 "https://t.co/redirect?url=http%3A%2F%2Fwww.secrepo.com%2F%3Ft%3D1%26cn%3DZmxleGlibGVfcmVjc18y%26refsrc%3Demail%26iid%3D2572d65d1a814c138a77f3b60465fe37%26uid%3D30635594%26nid%3D244%2B272699400&t=1&cn=ZmxleGlibGVfcmVjc18y&sig=60bd83615d48a710bf1e4ee1c035ca0ab066aa4d&iid=2572d65d1a814c138a77f3b60465fe37&uid=30635594&nid=244+272699400" "Mozilla/5.0 (Windows NT 6.1; Win64; x64) AppleWebKit/537.36 (KHTML, like Gecko) Chrome/62.0.3202.94 Safari/537.36" 
86.41.240.42 - - [06/Dec/2017:01:26:44 -0800] "GET /twitter-icon.png HTTP/1.1" 200 27787 "http://www.secrepo.com/?t=1&cn=ZmxleGlibGVfcmVjc18y&refsrc=email&iid=2572d65d1a814c138a77f3b60465fe37&uid=30635594&nid=244+272699400" "Mozilla/5.0 (Windows NT 6.1; Win64; x64) AppleWebKit/537.36 (KHTML, like Gecko) Chrome/62.0.3202.94 Safari/537.36" 
86.41.240.42 - - [06/Dec/2017:01:26:44 -0800] "GET /GitHub-Mark.png HTTP/1.1" 200 7428 "http://www.secrepo.com/?t=1&cn=ZmxleGlibGVfcmVjc18y&refsrc=email&iid=2572d65d1a814c138a77f3b60465fe37&uid=30635594&nid=244+272699400" "Mozilla/5.0 (Windows NT 6.1; Win64; x64) AppleWebKit/537.36 (KHTML, like Gecko) Chrome/62.0.3202.94 Safari/537.36" 
86.41.240.42 - - [06/Dec/2017:01:26:45 -0800] "GET /bootstrap/img/favicon.ico HTTP/1.1" 200 589 "http://www.secrepo.com/?t=1&cn=ZmxleGlibGVfcmVjc18y&refsrc=email&iid=2572d65d1a814c138a77f3b60465fe37&uid=30635594&nid=244+272699400" "Mozilla/5.0 (Windows NT 6.1; Win64; x64) AppleWebKit/537.36 (KHTML, like Gecko) Chrome/62.0.3202.94 Safari/537.36" 
47.136.210.16 - - [06/Dec/2017:01:27:53 -0800] "GET /wp-login.php HTTP/1.1" 404 295 "-" "Mozilla/5.0 (Windows NT 6.1; WOW64; rv:40.0) Gecko/20100101 Firefox/40.1" 
47.136.210.16 - - [06/Dec/2017:01:27:58 -0800] "GET /wp-login.php HTTP/1.1" 404 295 "-" "Mozilla/5.0 (Windows NT 6.1; WOW64; rv:40.0) Gecko/20100101 Firefox/40.1" 
47.136.210.16 - - [06/Dec/2017:01:28:03 -0800] "GET / HTTP/1.1" 200 37415 "-" "Mozilla/5.0 (Windows NT 6.1; WOW64; rv:40.0) Gecko/20100101 Firefox/40.1" 
188.232.206.144 - - [06/Dec/2017:01:31:15 -0800] "GET /bootstrap/img/favicon.ico HTTP/1.1" 200 590 "-" "Mozilla/5.0 (Windows NT 10.0; Win64; x64; rv:58.0) Gecko/20100101 Firefox/58.0" 
188.232.206.144 - - [06/Dec/2017:01:31:18 -0800] "GET / HTTP/1.1" 200 11061 "https://www.google.ru/" "Mozilla/5.0 (Windows NT 10.0; Win64; x64; rv:58.0) Gecko/20100101 Firefox/58.0" 
188.232.206.144 - - [06/Dec/2017:01:31:19 -0800] "GET /twitter-icon.png HTTP/1.1" 200 27787 "http://www.secrepo.com/" "Mozilla/5.0 (Windows NT 10.0; Win64; x64; rv:58.0) Gecko/20100101 Firefox/58.0" 
188.232.206.144 - - [06/Dec/2017:01:31:19 -0800] "GET /GitHub-Mark.png HTTP/1.1" 200 7428 "http://www.secrepo.com/" "Mozilla/5.0 (Windows NT 10.0; Win64; x64; rv:58.0) Gecko/20100101 Firefox/58.0" 
102.181.194.40 - - [06/Dec/2017:01:34:34 -0800] "GET /maccdc2012/dns.log.gz HTTP/1.1" 304 154 "-" "Mozilla/5.0 Gecko/20100115 Firefox/3.6" 
115.60.56.24 - - [06/Dec/2017:01:35:51 -0800] "GET /favicon.ico HTTP/1.1" 200 212 "-" "Mozilla/4.0 (compatible; MSIE 7.0; Windows NT 5.1; Trident/4.0; .NET CLR 2.0.50727; 360space)" 
102.181.194.40 - - [06/Dec/2017:01:42:16 -0800] "GET /tg/tg_snort_fast.7z HTTP/1.1" 304 131 "-" "Mozilla/5.0 Gecko/20100115 Firefox/3.6" 
116.50.85.114 - - [06/Dec/2017:01:42:59 -0800] "GET / HTTP/1.1" 301 427 "-" "Mozilla/5.0 (Windows NT 6.1; Win64; x64) AppleWebKit/537.36 (KHTML, like Gecko) Chrome/62.0.3202.94 Safari/537.36" 
207.46.13.171 - - [06/Dec/2017:01:48:20 -0800] "GET /maccdc2012/dns.log.gz HTTP/1.1" 200 6629420 "-" "Mozilla/5.0 (compatible; bingbot/2.0; +http://www.bing.com/bingbot.htm)" 
216.244.66.227 - - [06/Dec/2017:01:51:16 -0800] "GET /robots.txt HTTP/1.1" 200 233 "-" "Mozilla/5.0 (compatible; DotBot/1.1; http://www.opensiteexplorer.org/dotbot, help@moz.com)" 
90.255.23.22 - - [06/Dec/2017:01:51:23 -0800] "GET / HTTP/1.1" 200 11061 "-" "Mozilla/5.0 (Windows NT 10.0; Win64; x64; rv:57.0) Gecko/20100101 Firefox/57.0" 
90.255.23.22 - - [06/Dec/2017:01:51:23 -0800] "GET /twitter-icon.png HTTP/1.1" 200 27787 "http://www.secrepo.com/" "Mozilla/5.0 (Windows NT 10.0; Win64; x64; rv:57.0) Gecko/20100101 Firefox/57.0" 
90.255.23.22 - - [06/Dec/2017:01:51:23 -0800] "GET /GitHub-Mark.png HTTP/1.1" 200 7428 "http://www.secrepo.com/" "Mozilla/5.0 (Windows NT 10.0; Win64; x64; rv:57.0) Gecko/20100101 Firefox/57.0" 
51.255.65.90 - - [06/Dec/2017:01:52:12 -0800] "GET /self.logs/error.log.2015-01-28.gz HTTP/1.1" 404 284 "-" "Mozilla/5.0 (compatible; AhrefsBot/5.2; +http://ahrefs.com/robot/)" 
216.244.66.227 - - [06/Dec/2017:01:53:12 -0800] "GET /self.logs/access.log.2016-12-25.gz HTTP/1.1" 404 239 "-" "Mozilla/5.0 (compatible; DotBot/1.1; http://www.opensiteexplorer.org/dotbot, help@moz.com)" 
216.244.66.227 - - [06/Dec/2017:01:53:15 -0800] "GET /self.logs/error.log.2015-07-05.gz HTTP/1.1" 404 239 "-" "Mozilla/5.0 (compatible; DotBot/1.1; http://www.opensiteexplorer.org/dotbot, help@moz.com)" 
216.244.66.227 - - [06/Dec/2017:01:53:17 -0800] "GET /self.logs/error.log.2015-07-31.gz HTTP/1.1" 404 239 "-" "Mozilla/5.0 (compatible; DotBot/1.1; http://www.opensiteexplorer.org/dotbot, help@moz.com)" 
164.132.161.91 - - [06/Dec/2017:01:55:20 -0800] "GET /maccdc2012/conn.log.gz HTTP/1.1" 200 1718331 "-" "Mozilla/5.0 (compatible; AhrefsBot/5.2; +http://ahrefs.com/robot/)" 
129.221.73.69 - - [06/Dec/2017:01:57:19 -0800] "GET /self.logs/access.log.2017-09-27.gz HTTP/1.1" 200 32269 "http://www.secrepo.com/self.logs/" "Mozilla/5.0 (Windows NT 6.3; Win64; x64) AppleWebKit/537.36 (KHTML, like Gecko) Chrome/62.0.3202.94 Safari/537.36" 
120.221.0.34 - - [06/Dec/2017:01:58:12 -0800] "GET /honeypot/Honeypot%20-%20Howto.pdf HTTP/1.1" 304 131 "-" "Mozilla/5.0 Gecko/20100115 Firefox/3.6" 
120.221.1.28 - - [06/Dec/2017:02:00:09 -0800] "GET /maccdc2012/files.log.gz HTTP/1.1" 304 155 "-" "Mozilla/5.0 Gecko/20100115 Firefox/3.6" 
191.101.114.177 - - [06/Dec/2017:02:01:44 -0800] "GET /honeypot/BSidesDFW - 2014.ipynb HTTP/1.0" 404 303 "http://www.secrepo.com/" "Mozilla/5.0 (Windows NT 10.0; Win64; x64) AppleWebKit/537.36 (KHTML, like Gecko) Chrome/52.0.2743.116 Safari/537.36 Edge/15.15063" 
191.101.114.177 - - [06/Dec/2017:02:01:50 -0800] "GET /honeypot/BSidesDFW - 2014.ipynb HTTP/1.0" 404 284 "http://www.secrepo.com/" "Mozilla/5.0 (Windows NT 10.0; Win64; x64) AppleWebKit/537.36 (KHTML, like Gecko) Chrome/52.0.2743.116 Safari/537.36 Edge/15.15063" 
191.101.114.177 - - [06/Dec/2017:02:01:53 -0800] "GET / HTTP/1.1" 200 11061 "http://www.secrepo.com" "Mozilla/5.0 (Windows NT 10.0; Win64; x64) AppleWebKit/537.36 (KHTML, like Gecko) Chrome/52.0.2743.116 Safari/537.36 Edge/15.15063" 
54.85.182.120 - - [06/Dec/2017:02:07:00 -0800] "GET /self.logs/ HTTP/1.1" 200 6951 "-" "Mozilla/5.0 (Macintosh; Intel Mac OS X 10_10_1) AppleWebKit/600.1.25 (KHTML, like Gecko) Version/8.0 Safari/600.1.25" 
140.120.15.147 - - [06/Dec/2017:02:09:55 -0800] "GET /favicon.ico HTTP/1.1" 200 268 "http://www.secrepo.com/honeypot/Honeypot%20-%20Howto.pdf" "Mozilla/5.0 (Windows NT 10.0; WOW64) AppleWebKit/537.36 (KHTML, like Gecko) Chrome/62.0.3202.94 Safari/537.36" 
140.120.15.147 - - [06/Dec/2017:02:09:55 -0800] "GET /honeypot/Honeypot%20-%20Howto.pdf HTTP/1.1" 200 78840 "https://www.google.com.tw/" "Mozilla/5.0 (Windows NT 10.0; WOW64) AppleWebKit/537.36 (KHTML, like Gecko) Chrome/62.0.3202.94 Safari/537.36" 
140.120.15.147 - - [06/Dec/2017:02:09:56 -0800] "GET /honeypot/Honeypot%20-%20Howto.pdf HTTP/1.1" 206 1247636 "http://www.secrepo.com/honeypot/Honeypot%20-%20Howto.pdf" "Mozilla/5.0 (Windows NT 10.0; WOW64) AppleWebKit/537.36 (KHTML, like Gecko) Chrome/62.0.3202.94 Safari/537.36" 
90.255.23.22 - - [06/Dec/2017:02:10:05 -0800] "GET / HTTP/1.1" 200 11061 "-" "Mozilla/5.0 (Windows NT 10.0; Win64; x64; rv:57.0) Gecko/20100101 Firefox/57.0" 
90.255.23.22 - - [06/Dec/2017:02:10:06 -0800] "GET /twitter-icon.png HTTP/1.1" 200 27787 "http://www.secrepo.com/" "Mozilla/5.0 (Windows NT 10.0; Win64; x64; rv:57.0) Gecko/20100101 Firefox/57.0" 
90.255.23.22 - - [06/Dec/2017:02:10:06 -0800] "GET /GitHub-Mark.png HTTP/1.1" 200 7428 "http://www.secrepo.com/" "Mozilla/5.0 (Windows NT 10.0; Win64; x64; rv:57.0) Gecko/20100101 Firefox/57.0" 
90.255.23.22 - - [06/Dec/2017:02:15:42 -0800] "GET / HTTP/1.1" 200 11061 "-" "Mozilla/5.0 (Windows NT 10.0; Win64; x64; rv:57.0) Gecko/20100101 Firefox/57.0" 
90.255.23.22 - - [06/Dec/2017:02:15:42 -0800] "GET /twitter-icon.png HTTP/1.1" 200 27787 "http://www.secrepo.com/" "Mozilla/5.0 (Windows NT 10.0; Win64; x64; rv:57.0) Gecko/20100101 Firefox/57.0" 
90.255.23.22 - - [06/Dec/2017:02:15:42 -0800] "GET /GitHub-Mark.png HTTP/1.1" 200 7428 "http://www.secrepo.com/" "Mozilla/5.0 (Windows NT 10.0; Win64; x64; rv:57.0) Gecko/20100101 Firefox/57.0" 
216.244.66.227 - - [06/Dec/2017:02:21:29 -0800] "GET /robots.txt HTTP/1.1" 200 233 "-" "Mozilla/5.0 (compatible; DotBot/1.1; http://www.opensiteexplorer.org/dotbot, help@moz.com)" 
165.225.76.124 - - [06/Dec/2017:02:21:47 -0800] "GET /bootstrap/img/favicon.ico HTTP/1.1" 200 590 "-" "Mozilla/5.0 (Windows NT 6.1; Win64; x64; rv:57.0) Gecko/20100101 Firefox/57.0" 
216.244.66.227 - - [06/Dec/2017:02:23:15 -0800] "GET /self.logs/access.log.2016-07-12.gz HTTP/1.1" 404 239 "-" "Mozilla/5.0 (compatible; DotBot/1.1; http://www.opensiteexplorer.org/dotbot, help@moz.com)" 
216.244.66.227 - - [06/Dec/2017:02:23:17 -0800] "GET /self.logs/access.log.2016-12-23.gz HTTP/1.1" 404 239 "-" "Mozilla/5.0 (compatible; DotBot/1.1; http://www.opensiteexplorer.org/dotbot, help@moz.com)" 
216.244.66.227 - - [06/Dec/2017:02:23:18 -0800] "GET /self.logs/error.log.2015-02-18.gz HTTP/1.1" 404 239 "-" "Mozilla/5.0 (compatible; DotBot/1.1; http://www.opensiteexplorer.org/dotbot, help@moz.com)" 
216.244.66.227 - - [06/Dec/2017:02:23:20 -0800] "GET /self.logs/error.log.2015-06-18.gz HTTP/1.1" 404 239 "-" "Mozilla/5.0 (compatible; DotBot/1.1; http://www.opensiteexplorer.org/dotbot, help@moz.com)" 
216.244.66.227 - - [06/Dec/2017:02:23:21 -0800] "GET /self.logs/error.log.2016-01-26.gz HTTP/1.1" 404 239 "-" "Mozilla/5.0 (compatible; DotBot/1.1; http://www.opensiteexplorer.org/dotbot, help@moz.com)" 
216.244.66.227 - - [06/Dec/2017:02:23:23 -0800] "GET /self.logs/error.log.2016-02-06.gz HTTP/1.1" 404 239 "-" "Mozilla/5.0 (compatible; DotBot/1.1; http://www.opensiteexplorer.org/dotbot, help@moz.com)" 
216.244.66.227 - - [06/Dec/2017:02:23:24 -0800] "GET /self.logs/error.log.2016-02-21.gz HTTP/1.1" 404 239 "-" "Mozilla/5.0 (compatible; DotBot/1.1; http://www.opensiteexplorer.org/dotbot, help@moz.com)" 
129.221.73.69 - - [06/Dec/2017:02:24:58 -0800] "GET /self.logs/access.log.2017-10-28.gz HTTP/1.1" 200 17799 "http://www.secrepo.com/self.logs/" "Mozilla/5.0 (Windows NT 6.3; Win64; x64) AppleWebKit/537.36 (KHTML, like Gecko) Chrome/62.0.3202.94 Safari/537.36" 
129.221.73.69 - - [06/Dec/2017:02:25:02 -0800] "GET /self.logs/access.log.2017-10-27.gz HTTP/1.1" 200 23618 "http://www.secrepo.com/self.logs/" "Mozilla/5.0 (Windows NT 6.3; Win64; x64) AppleWebKit/537.36 (KHTML, like Gecko) Chrome/62.0.3202.94 Safari/537.36" 
129.221.73.69 - - [06/Dec/2017:02:25:04 -0800] "GET /self.logs/access.log.2017-10-26.gz HTTP/1.1" 200 18356 "http://www.secrepo.com/self.logs/" "Mozilla/5.0 (Windows NT 6.3; Win64; x64) AppleWebKit/537.36 (KHTML, like Gecko) Chrome/62.0.3202.94 Safari/537.36" 
129.221.73.69 - - [06/Dec/2017:02:25:05 -0800] "GET /self.logs/access.log.2017-10-25.gz HTTP/1.1" 200 21346 "http://www.secrepo.com/self.logs/" "Mozilla/5.0 (Windows NT 6.3; Win64; x64) AppleWebKit/537.36 (KHTML, like Gecko) Chrome/62.0.3202.94 Safari/537.36" 
129.221.73.69 - - [06/Dec/2017:02:25:05 -0800] "GET /self.logs/access.log.2017-10-24.gz HTTP/1.1" 200 42556 "http://www.secrepo.com/self.logs/" "Mozilla/5.0 (Windows NT 6.3; Win64; x64) AppleWebKit/537.36 (KHTML, like Gecko) Chrome/62.0.3202.94 Safari/537.36" 
129.221.73.69 - - [06/Dec/2017:02:25:06 -0800] "GET /self.logs/access.log.2017-10-23.gz HTTP/1.1" 200 23787 "http://www.secrepo.com/self.logs/" "Mozilla/5.0 (Windows NT 6.3; Win64; x64) AppleWebKit/537.36 (KHTML, like Gecko) Chrome/62.0.3202.94 Safari/537.36" 
129.221.73.69 - - [06/Dec/2017:02:25:07 -0800] "GET /self.logs/access.log.2017-10-22.gz HTTP/1.1" 200 22263 "http://www.secrepo.com/self.logs/" "Mozilla/5.0 (Windows NT 6.3; Win64; x64) AppleWebKit/537.36 (KHTML, like Gecko) Chrome/62.0.3202.94 Safari/537.36" 
129.221.73.69 - - [06/Dec/2017:02:25:08 -0800] "GET /self.logs/access.log.2017-10-21.gz HTTP/1.1" 200 18406 "http://www.secrepo.com/self.logs/" "Mozilla/5.0 (Windows NT 6.3; Win64; x64) AppleWebKit/537.36 (KHTML, like Gecko) Chrome/62.0.3202.94 Safari/537.36" 
86.168.231.129 - - [06/Dec/2017:02:27:27 -0800] "GET /honeypot/Honeypot%20-%20Howto.pdf HTTP/1.1" 200 1279418 "http://www.secrepo.com/" "Mozilla/5.0 (Windows NT 10.0; Win64; x64) AppleWebKit/537.36 (KHTML, like Gecko) Chrome/58.0.3029.110 Safari/537.36" 
180.153.236.173 - - [06/Dec/2017:02:27:58 -0800] "GET / HTTP/1.1" 301 483 "http://secrepo.com/" "Mozilla/5.0 (Windows NT 6.1; WOW64) AppleWebKit/537.36 (KHTML, like Gecko) Chrome/50.2.2661.102 Safari/537.36; 360Spider" 
180.153.236.173 - - [06/Dec/2017:02:28:00 -0800] "GET / HTTP/1.1" 200 11061 "http://www.secrepo.com/" "Mozilla/5.0 (Windows NT 6.1; WOW64) AppleWebKit/537.36 (KHTML, like Gecko) Chrome/50.2.2661.102 Safari/537.36; 360Spider" 
180.153.236.173 - - [06/Dec/2017:02:28:00 -0800] "GET / HTTP/1.1" 200 11060 "http://www.secrepo.com/" "Mozilla/5.0 (Windows NT 6.1; WOW64) AppleWebKit/537.36 (KHTML, like Gecko) Chrome/50.2.2661.102 Safari/537.36; 360Spider" 
129.221.73.69 - - [06/Dec/2017:02:30:01 -0800] "GET /self.logs/access.log.2017-10-17.gz HTTP/1.1" 200 30736 "http://www.secrepo.com/self.logs/" "Mozilla/5.0 (Windows NT 6.3; Win64; x64) AppleWebKit/537.36 (KHTML, like Gecko) Chrome/62.0.3202.94 Safari/537.36" 
129.221.73.69 - - [06/Dec/2017:02:30:22 -0800] "GET /self.logs/access.log.2017-10-15.gz HTTP/1.1" 200 77903 "http://www.secrepo.com/self.logs/" "Mozilla/5.0 (Windows NT 6.3; Win64; x64) AppleWebKit/537.36 (KHTML, like Gecko) Chrome/62.0.3202.94 Safari/537.36" 
129.221.73.69 - - [06/Dec/2017:02:30:38 -0800] "GET /self.logs/access.log.2017-10-13.gz HTTP/1.1" 200 169598 "http://www.secrepo.com/self.logs/" "Mozilla/5.0 (Windows NT 6.3; Win64; x64) AppleWebKit/537.36 (KHTML, like Gecko) Chrome/62.0.3202.94 Safari/537.36" 
62.75.137.71 - - [06/Dec/2017:02:34:22 -0800] "GET /honeypot/honeypot.json.zip HTTP/1.1" 301 494 "-" "Mozilla/5.0 (Macintosh; Intel Mac OS X 10_11_6) AppleWebKit/601.7.7 (KHTML, like Gecko) Version/9.1.2 Safari/601.7.7" 
62.75.137.71 - - [06/Dec/2017:02:34:23 -0800] "GET /honeypot/honeypot.json.zip HTTP/1.1" 200 23085920 "-" "Mozilla/5.0 (Macintosh; Intel Mac OS X 10_11_6) AppleWebKit/601.7.7 (KHTML, like Gecko) Version/9.1.2 Safari/601.7.7" 
113.108.21.80 - - [06/Dec/2017:02:34:34 -0800] "GET / HTTP/1.1" 301 446 "-" "Mozilla/5.0 (iPhone; CPU iPhone OS 9_3_4 like Mac OS X) AppleWebKit/601.1.46 (KHTML, like Gecko) Mobile/13G35 QQ/6.5.3.410 V1_IPH_SQ_6.5.3_1_APP_A Pixel/750 Core/UIWebView NetType/2G Mem/117" 
183.57.53.197 - - [06/Dec/2017:02:34:35 -0800] "GET / HTTP/1.1" 200 11024 "-" "Mozilla/5.0 (iPhone; CPU iPhone OS 9_3_4 like Mac OS X) AppleWebKit/601.1.46 (KHTML, like Gecko) Mobile/13G35 QQ/6.5.3.410 V1_IPH_SQ_6.5.3_1_APP_A Pixel/750 Core/UIWebView NetType/2G Mem/117" 
58.247.212.139 - - [06/Dec/2017:02:34:43 -0800] "GET / HTTP/1.1" 301 483 "-" "Mozilla/5.0 (Windows NT 6.1; WOW64; Trident/7.0; SLCC2; .NET CLR 2.0.50727; .NET CLR 3.5.30729; .NET CLR 3.0.30729; Media Center PC 6.0; .NET4.0C; .NET4.0E; InfoPath.3; rv:11.0) like Gecko" 
58.247.212.139 - - [06/Dec/2017:02:34:44 -0800] "GET / HTTP/1.1" 200 11061 "http://secrepo.com/" "Mozilla/5.0 (Windows NT 6.1; WOW64; Trident/7.0; SLCC2; .NET CLR 2.0.50727; .NET CLR 3.5.30729; .NET CLR 3.0.30729; Media Center PC 6.0; .NET4.0C; .NET4.0E; InfoPath.3; rv:11.0) like Gecko" 
72.161.253.151 - - [06/Dec/2017:02:35:31 -0800] "GET / HTTP/1.1" 200 11061 "https://www.google.com/" "Mozilla/5.0 (X11; Ubuntu; Linux x86_64; rv:57.0) Gecko/20100101 Firefox/57.0" 
72.161.253.151 - - [06/Dec/2017:02:35:31 -0800] "GET /twitter-icon.png HTTP/1.1" 200 27787 "http://www.secrepo.com/" "Mozilla/5.0 (X11; Ubuntu; Linux x86_64; rv:57.0) Gecko/20100101 Firefox/57.0" 
72.161.253.151 - - [06/Dec/2017:02:35:31 -0800] "GET /GitHub-Mark.png HTTP/1.1" 200 7428 "http://www.secrepo.com/" "Mozilla/5.0 (X11; Ubuntu; Linux x86_64; rv:57.0) Gecko/20100101 Firefox/57.0" 
