51.255.65.54 - - [30/Aug/2017:21:21:35 -0700] "GET /self.logs/error.log.2016-10-17.gz HTTP/1.1" 200 670 "-" "Mozilla/5.0 (compatible; AhrefsBot/5.2; +http://ahrefs.com/robot/)" 
123.125.67.165 - - [30/Aug/2017:21:21:53 -0700] "GET /robots.txt HTTP/1.1" 200 297 "-" "Mozilla/5.0 (Windows NT 10.0; WOW64) AppleWebKit/537.36 (KHTML, like Gecko) Chrome/45.0.2454.93 Safari/537.36" 
123.125.67.220 - - [30/Aug/2017:21:21:53 -0700] "GET /robots.txt HTTP/1.1" 200 297 "-" "Mozilla/5.0 (Windows NT 10.0; WOW64) AppleWebKit/537.36 (KHTML, like Gecko) Chrome/45.0.2454.93 Safari/537.36" 
123.125.67.164 - - [30/Aug/2017:21:26:45 -0700] "GET /robots.txt HTTP/1.1" 200 297 "-" "Mozilla/5.0 (Windows NT 10.0; WOW64) AppleWebKit/537.36 (KHTML, like Gecko) Chrome/45.0.2454.93 Safari/537.36" 
123.125.67.162 - - [30/Aug/2017:21:31:35 -0700] "GET /robots.txt HTTP/1.1" 200 297 "-" "Mozilla/5.0 (Windows NT 10.0; WOW64) AppleWebKit/537.36 (KHTML, like Gecko) Chrome/45.0.2454.93 Safari/537.36" 
106.193.232.162 - - [30/Aug/2017:21:32:59 -0700] "GET / HTTP/1.1" 200 10915 "-" "Mozilla/5.0 (iPhone; CPU iPhone OS 10_3_1 like Mac OS X) AppleWebKit/603.1.30 (KHTML, like Gecko) Version/10.0 Mobile/14E304 Safari/602.1" 
106.193.232.162 - - [30/Aug/2017:21:32:59 -0700] "GET /twitter-icon.png HTTP/1.1" 200 27787 "http://www.secrepo.com/" "Mozilla/5.0 (iPhone; CPU iPhone OS 10_3_1 like Mac OS X) AppleWebKit/603.1.30 (KHTML, like Gecko) Version/10.0 Mobile/14E304 Safari/602.1" 
106.193.232.162 - - [30/Aug/2017:21:33:00 -0700] "GET /GitHub-Mark.png HTTP/1.1" 200 7428 "http://www.secrepo.com/" "Mozilla/5.0 (iPhone; CPU iPhone OS 10_3_1 like Mac OS X) AppleWebKit/603.1.30 (KHTML, like Gecko) Version/10.0 Mobile/14E304 Safari/602.1" 
123.125.67.163 - - [30/Aug/2017:21:35:48 -0700] "GET /robots.txt HTTP/1.1" 200 297 "-" "Mozilla/5.0 (Windows NT 10.0; WOW64) AppleWebKit/537.36 (KHTML, like Gecko) Chrome/45.0.2454.93 Safari/537.36" 
123.125.67.160 - - [30/Aug/2017:21:40:09 -0700] "GET /robots.txt HTTP/1.1" 200 297 "-" "Mozilla/5.0 (Windows NT 10.0; WOW64) AppleWebKit/537.36 (KHTML, like Gecko) Chrome/45.0.2454.93 Safari/537.36" 
123.125.67.219 - - [30/Aug/2017:21:45:05 -0700] "GET /robots.txt HTTP/1.1" 200 297 "-" "Mozilla/5.0 (Windows NT 10.0; WOW64) AppleWebKit/537.36 (KHTML, like Gecko) Chrome/45.0.2454.93 Safari/537.36" 
123.125.67.225 - - [30/Aug/2017:21:49:08 -0700] "GET /robots.txt HTTP/1.1" 200 297 "-" "Mozilla/5.0 (Windows NT 10.0; WOW64) AppleWebKit/537.36 (KHTML, like Gecko) Chrome/45.0.2454.93 Safari/537.36" 
207.46.13.121 - - [30/Aug/2017:21:52:44 -0700] "GET /robots.txt HTTP/1.1" 200 334 "-" "Mozilla/5.0 (compatible; bingbot/2.0; +http://www.bing.com/bingbot.htm)" 
123.125.67.166 - - [30/Aug/2017:21:53:34 -0700] "GET /robots.txt HTTP/1.1" 200 297 "-" "Mozilla/5.0 (Windows NT 10.0; WOW64) AppleWebKit/537.36 (KHTML, like Gecko) Chrome/45.0.2454.93 Safari/537.36" 
49.44.51.10 - - [30/Aug/2017:21:56:48 -0700] "GET / HTTP/1.1" 200 10915 "-" "Mozilla/5.0 (Windows NT 10.0; Win64; x64) AppleWebKit/537.36 (KHTML, like Gecko) Chrome/60.0.3112.113 Safari/537.36" 
49.44.51.10 - - [30/Aug/2017:21:56:50 -0700] "GET /GitHub-Mark.png HTTP/1.1" 200 7428 "http://www.secrepo.com/" "Mozilla/5.0 (Windows NT 10.0; Win64; x64) AppleWebKit/537.36 (KHTML, like Gecko) Chrome/60.0.3112.113 Safari/537.36" 
49.44.51.10 - - [30/Aug/2017:21:56:50 -0700] "GET /twitter-icon.png HTTP/1.1" 200 27787 "http://www.secrepo.com/" "Mozilla/5.0 (Windows NT 10.0; Win64; x64) AppleWebKit/537.36 (KHTML, like Gecko) Chrome/60.0.3112.113 Safari/537.36" 
49.44.51.10 - - [30/Aug/2017:21:56:52 -0700] "GET /bootstrap/img/favicon.ico HTTP/1.1" 200 589 "http://www.secrepo.com/" "Mozilla/5.0 (Windows NT 10.0; Win64; x64) AppleWebKit/537.36 (KHTML, like Gecko) Chrome/60.0.3112.113 Safari/537.36" 
123.125.67.227 - - [30/Aug/2017:21:57:56 -0700] "GET /robots.txt HTTP/1.1" 200 297 "-" "Mozilla/5.0 (Windows NT 10.0; WOW64) AppleWebKit/537.36 (KHTML, like Gecko) Chrome/45.0.2454.93 Safari/537.36" 
122.160.5.158 - - [30/Aug/2017:22:00:59 -0700] "GET / HTTP/1.1" 200 10915 "-" "Mozilla/5.0 (Windows NT 6.3; Win64; x64) AppleWebKit/537.36 (KHTML, like Gecko) Chrome/60.0.3112.113 Safari/537.36" 
122.160.5.158 - - [30/Aug/2017:22:01:02 -0700] "GET /GitHub-Mark.png HTTP/1.1" 200 7428 "http://www.secrepo.com/" "Mozilla/5.0 (Windows NT 6.3; Win64; x64) AppleWebKit/537.36 (KHTML, like Gecko) Chrome/60.0.3112.113 Safari/537.36" 
122.160.5.158 - - [30/Aug/2017:22:01:02 -0700] "GET /twitter-icon.png HTTP/1.1" 200 27788 "http://www.secrepo.com/" "Mozilla/5.0 (Windows NT 6.3; Win64; x64) AppleWebKit/537.36 (KHTML, like Gecko) Chrome/60.0.3112.113 Safari/537.36" 
122.160.5.158 - - [30/Aug/2017:22:01:05 -0700] "GET /bootstrap/img/favicon.ico HTTP/1.1" 200 589 "http://www.secrepo.com/" "Mozilla/5.0 (Windows NT 6.3; Win64; x64) AppleWebKit/537.36 (KHTML, like Gecko) Chrome/60.0.3112.113 Safari/537.36" 
123.125.67.226 - - [30/Aug/2017:22:02:18 -0700] "GET /robots.txt HTTP/1.1" 200 297 "-" "Mozilla/5.0 (Windows NT 10.0; WOW64) AppleWebKit/537.36 (KHTML, like Gecko) Chrome/45.0.2454.93 Safari/537.36" 
185.163.1.11 - - [30/Aug/2017:22:02:39 -0700] "GET / HTTP/1.1" 200 10915 "-" "Mozilla/5.0 (Windows NT 6.1; rv:52.0) Gecko/20100101 Firefox/52.0" 
185.163.1.11 - - [30/Aug/2017:22:02:40 -0700] "GET /twitter-icon.png HTTP/1.1" 200 27787 "http://www.secrepo.com/" "Mozilla/5.0 (Windows NT 6.1; rv:52.0) Gecko/20100101 Firefox/52.0" 
185.163.1.11 - - [30/Aug/2017:22:02:41 -0700] "GET /bootstrap/img/favicon.ico HTTP/1.1" 200 589 "-" "Mozilla/5.0 (Windows NT 6.1; rv:52.0) Gecko/20100101 Firefox/52.0" 
185.163.1.11 - - [30/Aug/2017:22:02:41 -0700] "GET /GitHub-Mark.png HTTP/1.1" 200 7428 "http://www.secrepo.com/" "Mozilla/5.0 (Windows NT 6.1; rv:52.0) Gecko/20100101 Firefox/52.0" 
122.160.5.158 - - [30/Aug/2017:22:04:36 -0700] "GET / HTTP/1.1" 200 10915 "-" "Mozilla/5.0 (Windows NT 10.0; WOW64; rv:55.0) Gecko/20100101 Firefox/55.0" 
122.160.5.158 - - [30/Aug/2017:22:04:36 -0700] "GET /bootstrap/img/favicon.ico HTTP/1.1" 200 589 "-" "Mozilla/5.0 (Windows NT 10.0; WOW64; rv:55.0) Gecko/20100101 Firefox/55.0" 
122.160.5.158 - - [30/Aug/2017:22:04:37 -0700] "GET /GitHub-Mark.png HTTP/1.1" 200 7428 "http://www.secrepo.com/" "Mozilla/5.0 (Windows NT 10.0; WOW64; rv:55.0) Gecko/20100101 Firefox/55.0" 
122.160.5.158 - - [30/Aug/2017:22:04:37 -0700] "GET /twitter-icon.png HTTP/1.1" 200 27787 "http://www.secrepo.com/" "Mozilla/5.0 (Windows NT 10.0; WOW64; rv:55.0) Gecko/20100101 Firefox/55.0" 
122.160.5.158 - - [30/Aug/2017:22:04:41 -0700] "GET /robots.txt HTTP/1.1" 200 334 "-" "Mozilla/5.0 (Windows NT 10.0; WOW64; rv:55.0) Gecko/20100101 Firefox/55.0" 
123.125.67.222 - - [30/Aug/2017:22:06:34 -0700] "GET /robots.txt HTTP/1.1" 200 297 "-" "Mozilla/5.0 (Windows NT 10.0; WOW64) AppleWebKit/537.36 (KHTML, like Gecko) Chrome/45.0.2454.93 Safari/537.36" 
222.85.148.122 - - [30/Aug/2017:22:08:10 -0700] "GET /honeypot/Honeypot%20-%20Howto.pdf HTTP/1.1" 200 1279418 "-" "Mozilla/4.0 (compatible; MSIE 6.0; Windows NT 5.1)" 
222.85.148.122 - - [30/Aug/2017:22:08:10 -0700] "GET /honeypot/Honeypot%20-%20Howto.pdf HTTP/1.1" 200 1279362 "-" "Mozilla/4.0 (compatible; MSIE 6.0; Windows NT 5.1)" 
222.85.148.122 - - [30/Aug/2017:22:08:18 -0700] "GET /honeypot/Honeypot%20-%20Howto.pdf HTTP/1.1" 200 1279362 "-" "Mozilla/4.0 (compatible; MSIE 6.0; Windows NT 5.1)" 
222.85.148.122 - - [30/Aug/2017:22:08:19 -0700] "GET /honeypot/Honeypot%20-%20Howto.pdf HTTP/1.1" 200 1279362 "-" "Mozilla/4.0 (compatible; MSIE 6.0; Windows NT 5.1)" 
222.85.148.122 - - [30/Aug/2017:22:08:25 -0700] "GET /honeypot/Honeypot%20-%20Howto.pdf HTTP/1.1" 200 1279362 "-" "Mozilla/4.0 (compatible; MSIE 6.0; Windows NT 5.1)" 
222.85.148.122 - - [30/Aug/2017:22:08:25 -0700] "GET /honeypot/Honeypot%20-%20Howto.pdf HTTP/1.1" 200 1279362 "-" "Mozilla/4.0 (compatible; MSIE 6.0; Windows NT 5.1)" 
222.85.148.122 - - [30/Aug/2017:22:08:34 -0700] "GET /honeypot/Honeypot%20-%20Howto.pdf HTTP/1.1" 200 1279362 "-" "Mozilla/4.0 (compatible; MSIE 6.0; Windows NT 5.1)" 
222.85.148.122 - - [30/Aug/2017:22:08:35 -0700] "GET /honeypot/Honeypot%20-%20Howto.pdf HTTP/1.1" 200 1279362 "-" "Mozilla/4.0 (compatible; MSIE 6.0; Windows NT 5.1)" 
222.85.148.122 - - [30/Aug/2017:22:08:41 -0700] "GET /honeypot/Honeypot%20-%20Howto.pdf HTTP/1.1" 200 1279362 "-" "Mozilla/4.0 (compatible; MSIE 6.0; Windows NT 5.1)" 
222.85.148.122 - - [30/Aug/2017:22:08:42 -0700] "GET /honeypot/Honeypot%20-%20Howto.pdf HTTP/1.1" 200 1279362 "-" "Mozilla/4.0 (compatible; MSIE 6.0; Windows NT 5.1)" 
222.85.148.122 - - [30/Aug/2017:22:08:48 -0700] "GET /honeypot/Honeypot%20-%20Howto.pdf HTTP/1.1" 200 1279362 "-" "Mozilla/4.0 (compatible; MSIE 6.0; Windows NT 5.1)" 
222.85.148.122 - - [30/Aug/2017:22:08:54 -0700] "GET /honeypot/Honeypot%20-%20Howto.pdf HTTP/1.1" 200 252030 "-" "Mozilla/4.0 (compatible; MSIE 6.0; Windows NT 5.1)" 
222.85.148.122 - - [30/Aug/2017:22:08:47 -0700] "GET /honeypot/Honeypot%20-%20Howto.pdf HTTP/1.1" 200 1279362 "-" "Mozilla/4.0 (compatible; MSIE 6.0; Windows NT 5.1)" 
222.85.148.122 - - [30/Aug/2017:22:08:59 -0700] "GET /honeypot/Honeypot%20-%20Howto.pdf HTTP/1.1" 200 348390 "-" "Mozilla/4.0 (compatible; MSIE 6.0; Windows NT 5.1)" 
222.85.148.122 - - [30/Aug/2017:22:08:55 -0700] "GET /honeypot/Honeypot%20-%20Howto.pdf HTTP/1.1" 200 1279362 "-" "Mozilla/4.0 (compatible; MSIE 6.0; Windows NT 5.1)" 
222.85.148.122 - - [30/Aug/2017:22:09:01 -0700] "GET /honeypot/Honeypot%20-%20Howto.pdf HTTP/1.1" 200 1279362 "-" "Mozilla/4.0 (compatible; MSIE 6.0; Windows NT 5.1)" 
222.85.148.122 - - [30/Aug/2017:22:09:04 -0700] "GET /honeypot/Honeypot%20-%20Howto.pdf HTTP/1.1" 200 1279362 "-" "Mozilla/4.0 (compatible; MSIE 6.0; Windows NT 5.1)" 
222.85.148.122 - - [30/Aug/2017:22:09:13 -0700] "GET /honeypot/Honeypot%20-%20Howto.pdf HTTP/1.1" 200 1279362 "-" "Mozilla/4.0 (compatible; MSIE 6.0; Windows NT 5.1)" 
222.85.148.122 - - [30/Aug/2017:22:09:18 -0700] "GET /honeypot/Honeypot%20-%20Howto.pdf HTTP/1.1" 200 1279362 "-" "Mozilla/4.0 (compatible; MSIE 6.0; Windows NT 5.1)" 
222.85.148.122 - - [30/Aug/2017:22:09:22 -0700] "GET /honeypot/Honeypot%20-%20Howto.pdf HTTP/1.1" 200 1279362 "-" "Mozilla/4.0 (compatible; MSIE 6.0; Windows NT 5.1)" 
222.85.148.122 - - [30/Aug/2017:22:09:28 -0700] "GET /honeypot/Honeypot%20-%20Howto.pdf HTTP/1.1" 200 1279362 "-" "Mozilla/4.0 (compatible; MSIE 6.0; Windows NT 5.1)" 
222.85.148.122 - - [30/Aug/2017:22:09:26 -0700] "GET /honeypot/Honeypot%20-%20Howto.pdf HTTP/1.1" 200 1279362 "-" "Mozilla/4.0 (compatible; MSIE 6.0; Windows NT 5.1)" 
222.85.148.122 - - [30/Aug/2017:22:09:34 -0700] "GET /honeypot/Honeypot%20-%20Howto.pdf HTTP/1.1" 200 170418 "-" "Mozilla/4.0 (compatible; MSIE 6.0; Windows NT 5.1)" 
123.125.67.224 - - [30/Aug/2017:22:11:19 -0700] "GET /robots.txt HTTP/1.1" 200 297 "-" "Mozilla/5.0 (Windows NT 10.0; WOW64) AppleWebKit/537.36 (KHTML, like Gecko) Chrome/45.0.2454.93 Safari/537.36" 
94.10.128.255 - - [30/Aug/2017:22:13:48 -0700] "GET /honeypot/Honeypot%20-%20Howto.pdf HTTP/1.1" 200 1245380 "http://www.secrepo.com/" "Mozilla/5.0 (Windows NT 6.1) AppleWebKit/537.36 (KHTML, like Gecko) Chrome/58.0.3029.110 Safari/537.36" 
211.103.88.105 - - [30/Aug/2017:22:16:10 -0700] "GET /maccdc2012/maccdc2012_full_alert.7z HTTP/1.1" 304 132 "-" "Mozilla/5.0 Gecko/20100115 Firefox/3.6" 
164.132.161.44 - - [30/Aug/2017:22:17:06 -0700] "GET /self.logs/error.log.2016-03-29.gz HTTP/1.1" 200 686 "-" "Mozilla/5.0 (compatible; AhrefsBot/5.2; +http://ahrefs.com/robot/)" 
69.171.225.158 - - [30/Aug/2017:22:18:23 -0700] "GET /twitter-icon.png HTTP/1.1" 200 27788 "-" "facebookexternalhit/1.1 (+http://www.facebook.com/externalhit_uatext.php)" 
123.125.67.226 - - [30/Aug/2017:22:22:09 -0700] "GET /robots.txt HTTP/1.1" 200 297 "-" "Mozilla/5.0 (Windows NT 10.0; WOW64) AppleWebKit/537.36 (KHTML, like Gecko) Chrome/45.0.2454.93 Safari/537.36" 
123.125.67.218 - - [30/Aug/2017:22:22:10 -0700] "GET /robots.txt HTTP/1.1" 200 297 "-" "Mozilla/5.0 (Windows NT 10.0; WOW64) AppleWebKit/537.36 (KHTML, like Gecko) Chrome/45.0.2454.93 Safari/537.36" 
14.120.107.107 - - [30/Aug/2017:22:23:48 -0700] "GET /honeypot/BSidesDFW%20-%202014.ipynb HTTP/1.1" 200 930836 "-" "Mozilla/4.0 (compatible; MSIE 6.0; Windows NT 5.1)" 
126.72.67.23 - - [30/Aug/2017:22:27:23 -0700] "GET /wp-login.php HTTP/1.1" 404 295 "-" "Mozilla/5.0 (Windows NT 6.1; WOW64; rv:40.0) Gecko/20100101 Firefox/40.1" 
126.72.67.23 - - [30/Aug/2017:22:27:28 -0700] "GET /wp-login.php HTTP/1.1" 404 295 "-" "Mozilla/5.0 (Windows NT 6.1; WOW64; rv:40.0) Gecko/20100101 Firefox/40.1" 
126.72.67.23 - - [30/Aug/2017:22:27:33 -0700] "GET / HTTP/1.1" 200 36860 "-" "Mozilla/5.0 (Windows NT 6.1; WOW64; rv:40.0) Gecko/20100101 Firefox/40.1" 
126.72.67.23 - - [30/Aug/2017:22:27:45 -0700] "GET /wp-login.php HTTP/1.1" 301 522 "-" "Mozilla/5.0 (Windows NT 6.1; WOW64; rv:40.0) Gecko/20100101 Firefox/40.1" 
126.72.67.23 - - [30/Aug/2017:22:27:45 -0700] "GET /wp-login.php HTTP/1.1" 404 295 "-" "Mozilla/5.0 (Windows NT 6.1; WOW64; rv:40.0) Gecko/20100101 Firefox/40.1" 
126.72.67.23 - - [30/Aug/2017:22:27:50 -0700] "GET /wp-login.php HTTP/1.1" 301 522 "-" "Mozilla/5.0 (Windows NT 6.1; WOW64; rv:40.0) Gecko/20100101 Firefox/40.1" 
126.72.67.23 - - [30/Aug/2017:22:27:51 -0700] "GET /wp-login.php HTTP/1.1" 404 295 "-" "Mozilla/5.0 (Windows NT 6.1; WOW64; rv:40.0) Gecko/20100101 Firefox/40.1" 
123.125.67.164 - - [30/Aug/2017:22:27:56 -0700] "GET /robots.txt HTTP/1.1" 200 297 "-" "Mozilla/5.0 (Windows NT 10.0; WOW64) AppleWebKit/537.36 (KHTML, like Gecko) Chrome/45.0.2454.93 Safari/537.36" 
126.72.67.23 - - [30/Aug/2017:22:27:56 -0700] "GET / HTTP/1.1" 301 498 "-" "Mozilla/5.0 (Windows NT 6.1; WOW64; rv:40.0) Gecko/20100101 Firefox/40.1" 
126.72.67.23 - - [30/Aug/2017:22:27:56 -0700] "GET / HTTP/1.1" 200 36860 "-" "Mozilla/5.0 (Windows NT 6.1; WOW64; rv:40.0) Gecko/20100101 Firefox/40.1" 
113.193.15.182 - - [30/Aug/2017:22:34:51 -0700] "GET / HTTP/1.1" 200 10915 "-" "Mozilla/5.0 (Windows NT 6.3; Win64; x64; rv:55.0) Gecko/20100101 Firefox/55.0" 
113.193.15.182 - - [30/Aug/2017:22:34:52 -0700] "GET /bootstrap/img/favicon.ico HTTP/1.1" 200 590 "-" "Mozilla/5.0 (Windows NT 6.3; Win64; x64; rv:55.0) Gecko/20100101 Firefox/55.0" 
113.193.15.182 - - [30/Aug/2017:22:34:53 -0700] "GET /twitter-icon.png HTTP/1.1" 200 27787 "http://www.secrepo.com/" "Mozilla/5.0 (Windows NT 6.3; Win64; x64; rv:55.0) Gecko/20100101 Firefox/55.0" 
113.193.15.182 - - [30/Aug/2017:22:34:53 -0700] "GET /GitHub-Mark.png HTTP/1.1" 200 7427 "http://www.secrepo.com/" "Mozilla/5.0 (Windows NT 6.3; Win64; x64; rv:55.0) Gecko/20100101 Firefox/55.0" 
123.125.67.164 - - [30/Aug/2017:22:36:52 -0700] "GET /robots.txt HTTP/1.1" 200 297 "-" "Mozilla/5.0 (Windows NT 10.0; WOW64) AppleWebKit/537.36 (KHTML, like Gecko) Chrome/45.0.2454.93 Safari/537.36" 
123.125.67.228 - - [30/Aug/2017:22:41:20 -0700] "GET /robots.txt HTTP/1.1" 200 297 "-" "Mozilla/5.0 (Windows NT 10.0; WOW64) AppleWebKit/537.36 (KHTML, like Gecko) Chrome/45.0.2454.93 Safari/537.36" 
106.51.21.41 - - [30/Aug/2017:22:42:22 -0700] "GET / HTTP/1.1" 200 10915 "-" "Mozilla/5.0 (Windows NT 10.0; Win64; x64) AppleWebKit/537.36 (KHTML, like Gecko) Chrome/60.0.3112.113 Safari/537.36" 
106.51.21.41 - - [30/Aug/2017:22:42:22 -0700] "GET /twitter-icon.png HTTP/1.1" 200 27787 "http://www.secrepo.com/" "Mozilla/5.0 (Windows NT 10.0; Win64; x64) AppleWebKit/537.36 (KHTML, like Gecko) Chrome/60.0.3112.113 Safari/537.36" 
106.51.21.41 - - [30/Aug/2017:22:42:23 -0700] "GET /GitHub-Mark.png HTTP/1.1" 200 7428 "http://www.secrepo.com/" "Mozilla/5.0 (Windows NT 10.0; Win64; x64) AppleWebKit/537.36 (KHTML, like Gecko) Chrome/60.0.3112.113 Safari/537.36" 
123.125.67.163 - - [30/Aug/2017:22:45:37 -0700] "GET /robots.txt HTTP/1.1" 200 297 "-" "Mozilla/5.0 (Windows NT 10.0; WOW64) AppleWebKit/537.36 (KHTML, like Gecko) Chrome/45.0.2454.93 Safari/537.36" 
50.71.51.17 - - [30/Aug/2017:22:48:20 -0700] "GET /wp-login.php HTTP/1.1" 404 295 "-" "Mozilla/5.0 (Windows NT 6.1; WOW64; rv:40.0) Gecko/20100101 Firefox/40.1" 
50.71.51.17 - - [30/Aug/2017:22:48:25 -0700] "GET /wp-login.php HTTP/1.1" 404 295 "-" "Mozilla/5.0 (Windows NT 6.1; WOW64; rv:40.0) Gecko/20100101 Firefox/40.1" 
50.71.51.17 - - [30/Aug/2017:22:48:31 -0700] "GET / HTTP/1.1" 200 36860 "-" "Mozilla/5.0 (Windows NT 6.1; WOW64; rv:40.0) Gecko/20100101 Firefox/40.1" 
123.125.67.228 - - [30/Aug/2017:22:49:52 -0700] "GET /robots.txt HTTP/1.1" 200 297 "-" "Mozilla/5.0 (Windows NT 10.0; WOW64) AppleWebKit/537.36 (KHTML, like Gecko) Chrome/45.0.2454.93 Safari/537.36" 
104.202.72.225 - - [30/Aug/2017:22:49:55 -0700] "GET /honeypot/Honeypot%20-%20Howto.pdf HTTP/1.0" 200 1279381 "http://www.secrepo.com/" "Mozilla/5.0 (Windows NT 10.0; Win64; x64) AppleWebKit/537.36 (KHTML, like Gecko) Chrome/52.0.2743.116 Safari/537.36 Edge/15.15063" 
173.252.88.85 - - [30/Aug/2017:22:54:14 -0700] "GET /twitter-icon.png HTTP/1.1" 200 27788 "-" "facebookexternalhit/1.1 (+http://www.facebook.com/externalhit_uatext.php)" 
123.125.67.162 - - [30/Aug/2017:22:54:15 -0700] "GET /robots.txt HTTP/1.1" 200 297 "-" "Mozilla/5.0 (Windows NT 10.0; WOW64) AppleWebKit/537.36 (KHTML, like Gecko) Chrome/45.0.2454.93 Safari/537.36" 
123.125.67.227 - - [30/Aug/2017:22:58:32 -0700] "GET /robots.txt HTTP/1.1" 200 297 "-" "Mozilla/5.0 (Windows NT 10.0; WOW64) AppleWebKit/537.36 (KHTML, like Gecko) Chrome/45.0.2454.93 Safari/537.36" 
95.90.215.15 - - [30/Aug/2017:23:00:58 -0700] "GET / HTTP/1.1" 200 10915 "https://www.reddit.com/r/MachineLearning/comments/522kp5/what_isare_the_most_interesting_time_series/" "Mozilla/5.0 (X11; Linux x86_64) AppleWebKit/537.36 (KHTML, like Gecko) Chrome/60.0.3112.113 Safari/537.36" 
95.90.215.15 - - [30/Aug/2017:23:00:59 -0700] "GET /GitHub-Mark.png HTTP/1.1" 200 7428 "http://www.secrepo.com/" "Mozilla/5.0 (X11; Linux x86_64) AppleWebKit/537.36 (KHTML, like Gecko) Chrome/60.0.3112.113 Safari/537.36" 
95.90.215.15 - - [30/Aug/2017:23:00:59 -0700] "GET /twitter-icon.png HTTP/1.1" 200 27787 "http://www.secrepo.com/" "Mozilla/5.0 (X11; Linux x86_64) AppleWebKit/537.36 (KHTML, like Gecko) Chrome/60.0.3112.113 Safari/537.36" 
123.125.67.165 - - [30/Aug/2017:23:03:03 -0700] "GET /robots.txt HTTP/1.1" 200 297 "-" "Mozilla/5.0 (Windows NT 10.0; WOW64) AppleWebKit/537.36 (KHTML, like Gecko) Chrome/45.0.2454.93 Safari/537.36" 
49.44.51.10 - - [30/Aug/2017:22:53:59 -0700] "GET /maccdc2012/conn.log.gz HTTP/1.1" 200 115073373 "-" "Mozilla/5.0 (Windows NT 10.0; Win64; x64) AppleWebKit/537.36 (KHTML, like Gecko) Chrome/60.0.3112.113 Safari/537.36" 
123.125.67.219 - - [30/Aug/2017:23:07:27 -0700] "GET /robots.txt HTTP/1.1" 200 297 "-" "Mozilla/5.0 (Windows NT 10.0; WOW64) AppleWebKit/537.36 (KHTML, like Gecko) Chrome/45.0.2454.93 Safari/537.36" 
2.87.108.49 - - [30/Aug/2017:23:09:01 -0700] "GET /wp-login.php HTTP/1.1" 404 295 "-" "Mozilla/5.0 (Windows NT 6.1; WOW64; rv:40.0) Gecko/20100101 Firefox/40.1" 
2.87.108.49 - - [30/Aug/2017:23:09:06 -0700] "GET /wp-login.php HTTP/1.1" 404 295 "-" "Mozilla/5.0 (Windows NT 6.1; WOW64; rv:40.0) Gecko/20100101 Firefox/40.1" 
2.87.108.49 - - [30/Aug/2017:23:09:12 -0700] "GET / HTTP/1.1" 200 36860 "-" "Mozilla/5.0 (Windows NT 6.1; WOW64; rv:40.0) Gecko/20100101 Firefox/40.1" 
123.125.67.224 - - [30/Aug/2017:23:12:04 -0700] "GET /robots.txt HTTP/1.1" 200 297 "-" "Mozilla/5.0 (Windows NT 10.0; WOW64) AppleWebKit/537.36 (KHTML, like Gecko) Chrome/45.0.2454.93 Safari/537.36" 
66.249.75.18 - - [30/Aug/2017:23:13:14 -0700] "GET / HTTP/1.1" 301 483 "-" "Mozilla/5.0 (Linux; Android 6.0.1; Nexus 5X Build/MMB29P) AppleWebKit/537.36 (KHTML, like Gecko) Chrome/41.0.2272.96 Mobile Safari/537.36 (compatible; Googlebot/2.1; +http://www.google.com/bot.html)" 
66.249.75.157 - - [30/Aug/2017:23:13:14 -0700] "GET / HTTP/1.1" 200 10915 "-" "Mozilla/5.0 (Linux; Android 6.0.1; Nexus 5X Build/MMB29P) AppleWebKit/537.36 (KHTML, like Gecko) Chrome/41.0.2272.96 Mobile Safari/537.36 (compatible; Googlebot/2.1; +http://www.google.com/bot.html)" 
49.35.20.35 - - [30/Aug/2017:23:14:22 -0700] "GET /wp-login.php HTTP/1.1" 404 295 "-" "Mozilla/5.0 (Windows NT 6.1; WOW64; rv:40.0) Gecko/20100101 Firefox/40.1" 
49.35.20.35 - - [30/Aug/2017:23:14:27 -0700] "GET /wp-login.php HTTP/1.1" 404 295 "-" "Mozilla/5.0 (Windows NT 6.1; WOW64; rv:40.0) Gecko/20100101 Firefox/40.1" 
49.35.20.35 - - [30/Aug/2017:23:14:33 -0700] "GET / HTTP/1.1" 200 36860 "-" "Mozilla/5.0 (Windows NT 6.1; WOW64; rv:40.0) Gecko/20100101 Firefox/40.1" 
123.125.67.222 - - [30/Aug/2017:23:16:47 -0700] "GET /robots.txt HTTP/1.1" 200 297 "-" "Mozilla/5.0 (Windows NT 10.0; WOW64) AppleWebKit/537.36 (KHTML, like Gecko) Chrome/45.0.2454.93 Safari/537.36" 
49.35.20.35 - - [30/Aug/2017:23:18:09 -0700] "GET /wp-login.php HTTP/1.1" 301 522 "-" "Mozilla/5.0 (Windows NT 6.1; WOW64; rv:40.0) Gecko/20100101 Firefox/40.1" 
49.35.20.35 - - [30/Aug/2017:23:18:11 -0700] "GET /wp-login.php HTTP/1.1" 404 295 "-" "Mozilla/5.0 (Windows NT 6.1; WOW64; rv:40.0) Gecko/20100101 Firefox/40.1" 
49.35.20.35 - - [30/Aug/2017:23:18:17 -0700] "GET /wp-login.php HTTP/1.1" 301 522 "-" "Mozilla/5.0 (Windows NT 6.1; WOW64; rv:40.0) Gecko/20100101 Firefox/40.1" 
49.35.20.35 - - [30/Aug/2017:23:18:17 -0700] "GET /wp-login.php HTTP/1.1" 404 295 "-" "Mozilla/5.0 (Windows NT 6.1; WOW64; rv:40.0) Gecko/20100101 Firefox/40.1" 
49.35.20.35 - - [30/Aug/2017:23:18:23 -0700] "GET / HTTP/1.1" 301 498 "-" "Mozilla/5.0 (Windows NT 6.1; WOW64; rv:40.0) Gecko/20100101 Firefox/40.1" 
49.35.20.35 - - [30/Aug/2017:23:18:24 -0700] "GET / HTTP/1.1" 200 36860 "-" "Mozilla/5.0 (Windows NT 6.1; WOW64; rv:40.0) Gecko/20100101 Firefox/40.1" 
77.127.90.14 - - [30/Aug/2017:23:21:05 -0700] "GET /wp-login.php HTTP/1.1" 404 295 "-" "Mozilla/5.0 (Windows NT 6.1; WOW64; rv:40.0) Gecko/20100101 Firefox/40.1" 
77.127.90.14 - - [30/Aug/2017:23:21:11 -0700] "GET /wp-login.php HTTP/1.1" 404 295 "-" "Mozilla/5.0 (Windows NT 6.1; WOW64; rv:40.0) Gecko/20100101 Firefox/40.1" 
77.127.90.14 - - [30/Aug/2017:23:21:16 -0700] "GET / HTTP/1.1" 200 36860 "-" "Mozilla/5.0 (Windows NT 6.1; WOW64; rv:40.0) Gecko/20100101 Firefox/40.1" 
50.71.51.17 - - [30/Aug/2017:23:21:41 -0700] "GET /wp-login.php HTTP/1.1" 301 522 "-" "Mozilla/5.0 (Windows NT 6.1; WOW64; rv:40.0) Gecko/20100101 Firefox/40.1" 
50.71.51.17 - - [30/Aug/2017:23:21:42 -0700] "GET /wp-login.php HTTP/1.1" 404 295 "-" "Mozilla/5.0 (Windows NT 6.1; WOW64; rv:40.0) Gecko/20100101 Firefox/40.1" 
50.71.51.17 - - [30/Aug/2017:23:21:47 -0700] "GET /wp-login.php HTTP/1.1" 301 522 "-" "Mozilla/5.0 (Windows NT 6.1; WOW64; rv:40.0) Gecko/20100101 Firefox/40.1" 
50.71.51.17 - - [30/Aug/2017:23:21:47 -0700] "GET /wp-login.php HTTP/1.1" 404 295 "-" "Mozilla/5.0 (Windows NT 6.1; WOW64; rv:40.0) Gecko/20100101 Firefox/40.1" 
50.71.51.17 - - [30/Aug/2017:23:21:52 -0700] "GET / HTTP/1.1" 301 498 "-" "Mozilla/5.0 (Windows NT 6.1; WOW64; rv:40.0) Gecko/20100101 Firefox/40.1" 
50.71.51.17 - - [30/Aug/2017:23:21:52 -0700] "GET / HTTP/1.1" 200 36860 "-" "Mozilla/5.0 (Windows NT 6.1; WOW64; rv:40.0) Gecko/20100101 Firefox/40.1" 
123.125.67.166 - - [30/Aug/2017:23:21:58 -0700] "GET /robots.txt HTTP/1.1" 200 297 "-" "Mozilla/5.0 (Windows NT 10.0; WOW64) AppleWebKit/537.36 (KHTML, like Gecko) Chrome/45.0.2454.93 Safari/537.36" 
77.127.90.14 - - [30/Aug/2017:23:22:17 -0700] "GET /wp-login.php HTTP/1.1" 301 522 "-" "Mozilla/5.0 (Windows NT 6.1; WOW64; rv:40.0) Gecko/20100101 Firefox/40.1" 
77.127.90.14 - - [30/Aug/2017:23:22:18 -0700] "GET /wp-login.php HTTP/1.1" 404 295 "-" "Mozilla/5.0 (Windows NT 6.1; WOW64; rv:40.0) Gecko/20100101 Firefox/40.1" 
77.127.90.14 - - [30/Aug/2017:23:22:23 -0700] "GET /wp-login.php HTTP/1.1" 301 522 "-" "Mozilla/5.0 (Windows NT 6.1; WOW64; rv:40.0) Gecko/20100101 Firefox/40.1" 
77.127.90.14 - - [30/Aug/2017:23:22:24 -0700] "GET /wp-login.php HTTP/1.1" 404 295 "-" "Mozilla/5.0 (Windows NT 6.1; WOW64; rv:40.0) Gecko/20100101 Firefox/40.1" 
77.127.90.14 - - [30/Aug/2017:23:22:42 -0700] "GET / HTTP/1.1" 301 498 "-" "Mozilla/5.0 (Windows NT 6.1; WOW64; rv:40.0) Gecko/20100101 Firefox/40.1" 
77.127.90.14 - - [30/Aug/2017:23:22:42 -0700] "GET / HTTP/1.1" 200 36860 "-" "Mozilla/5.0 (Windows NT 6.1; WOW64; rv:40.0) Gecko/20100101 Firefox/40.1" 
155.94.198.133 - - [30/Aug/2017:23:23:23 -0700] "GET / HTTP/1.1" 200 10859 "-" "Mozilla/5.0 (Windows NT 10.0; Win64; x64) AppleWebKit/537.36 (KHTML, like Gecko) Chrome/60.0.3112.113 Safari/537.36" 
155.94.198.133 - - [30/Aug/2017:23:23:24 -0700] "GET /GitHub-Mark.png HTTP/1.1" 200 7372 "http://www.secrepo.com/" "Mozilla/5.0 (Windows NT 10.0; Win64; x64) AppleWebKit/537.36 (KHTML, like Gecko) Chrome/60.0.3112.113 Safari/537.36" 
155.94.198.133 - - [30/Aug/2017:23:23:24 -0700] "GET /twitter-icon.png HTTP/1.1" 200 27732 "http://www.secrepo.com/" "Mozilla/5.0 (Windows NT 10.0; Win64; x64) AppleWebKit/537.36 (KHTML, like Gecko) Chrome/60.0.3112.113 Safari/537.36" 
155.94.198.133 - - [30/Aug/2017:23:23:26 -0700] "GET /bootstrap/img/favicon.ico HTTP/1.1" 200 534 "http://www.secrepo.com/" "Mozilla/5.0 (Windows NT 10.0; Win64; x64) AppleWebKit/537.36 (KHTML, like Gecko) Chrome/60.0.3112.113 Safari/537.36" 
95.187.189.229 - - [30/Aug/2017:23:24:08 -0700] "GET /wp-login.php HTTP/1.1" 404 295 "-" "Mozilla/5.0 (Windows NT 6.1; WOW64; rv:40.0) Gecko/20100101 Firefox/40.1" 
95.187.189.229 - - [30/Aug/2017:23:24:13 -0700] "GET /wp-login.php HTTP/1.1" 404 295 "-" "Mozilla/5.0 (Windows NT 6.1; WOW64; rv:40.0) Gecko/20100101 Firefox/40.1" 
95.187.189.229 - - [30/Aug/2017:23:24:19 -0700] "GET / HTTP/1.1" 200 36860 "-" "Mozilla/5.0 (Windows NT 6.1; WOW64; rv:40.0) Gecko/20100101 Firefox/40.1" 
95.187.189.229 - - [30/Aug/2017:23:25:18 -0700] "GET /wp-login.php HTTP/1.1" 301 522 "-" "Mozilla/5.0 (Windows NT 6.1; WOW64; rv:40.0) Gecko/20100101 Firefox/40.1" 
95.187.189.229 - - [30/Aug/2017:23:25:18 -0700] "GET /wp-login.php HTTP/1.1" 404 295 "-" "Mozilla/5.0 (Windows NT 6.1; WOW64; rv:40.0) Gecko/20100101 Firefox/40.1" 
95.187.189.229 - - [30/Aug/2017:23:25:24 -0700] "GET /wp-login.php HTTP/1.1" 301 522 "-" "Mozilla/5.0 (Windows NT 6.1; WOW64; rv:40.0) Gecko/20100101 Firefox/40.1" 
95.187.189.229 - - [30/Aug/2017:23:25:24 -0700] "GET /wp-login.php HTTP/1.1" 404 295 "-" "Mozilla/5.0 (Windows NT 6.1; WOW64; rv:40.0) Gecko/20100101 Firefox/40.1" 
95.187.189.229 - - [30/Aug/2017:23:25:30 -0700] "GET / HTTP/1.1" 301 498 "-" "Mozilla/5.0 (Windows NT 6.1; WOW64; rv:40.0) Gecko/20100101 Firefox/40.1" 
95.187.189.229 - - [30/Aug/2017:23:25:30 -0700] "GET / HTTP/1.1" 200 36860 "-" "Mozilla/5.0 (Windows NT 6.1; WOW64; rv:40.0) Gecko/20100101 Firefox/40.1" 
123.125.67.160 - - [30/Aug/2017:23:26:37 -0700] "GET /robots.txt HTTP/1.1" 200 297 "-" "Mozilla/5.0 (Windows NT 10.0; WOW64) AppleWebKit/537.36 (KHTML, like Gecko) Chrome/45.0.2454.93 Safari/537.36" 
123.125.67.163 - - [30/Aug/2017:23:26:37 -0700] "GET /robots.txt HTTP/1.1" 200 297 "-" "Mozilla/5.0 (Windows NT 10.0; WOW64) AppleWebKit/537.36 (KHTML, like Gecko) Chrome/45.0.2454.93 Safari/537.36" 
124.206.180.130 - - [30/Aug/2017:23:27:30 -0700] "GET / HTTP/1.1" 200 10915 "-" "Mozilla/5.0 (X11; Linux x86_64; rv:56.0) Gecko/20100101 Firefox/56.0" 
124.206.180.130 - - [30/Aug/2017:23:27:31 -0700] "GET /twitter-icon.png HTTP/1.1" 200 27787 "http://www.secrepo.com/" "Mozilla/5.0 (X11; Linux x86_64; rv:56.0) Gecko/20100101 Firefox/56.0" 
124.206.180.130 - - [30/Aug/2017:23:27:31 -0700] "GET /GitHub-Mark.png HTTP/1.1" 200 7428 "http://www.secrepo.com/" "Mozilla/5.0 (X11; Linux x86_64; rv:56.0) Gecko/20100101 Firefox/56.0" 
124.206.180.130 - - [30/Aug/2017:23:27:31 -0700] "GET /bootstrap/img/favicon.ico HTTP/1.1" 200 589 "-" "Mozilla/5.0 (X11; Linux x86_64; rv:56.0) Gecko/20100101 Firefox/56.0" 
217.182.132.71 - - [30/Aug/2017:23:27:39 -0700] "GET /self.logs/error.log.2015-11-25.gz HTTP/1.1" 200 647 "-" "Mozilla/5.0 (compatible; AhrefsBot/5.2; +http://ahrefs.com/robot/)" 
14.23.56.60 - - [30/Aug/2017:23:28:06 -0700] "GET / HTTP/1.1" 200 10915 "-" "Mozilla/5.0 (Windows NT 10.0; WOW64) AppleWebKit/537.36 (KHTML, like Gecko) Chrome/60.0.3112.90 Safari/537.36" 
14.23.56.60 - - [30/Aug/2017:23:28:07 -0700] "GET /GitHub-Mark.png HTTP/1.1" 200 7428 "http://www.secrepo.com/" "Mozilla/5.0 (Windows NT 10.0; WOW64) AppleWebKit/537.36 (KHTML, like Gecko) Chrome/60.0.3112.90 Safari/537.36" 
14.23.56.60 - - [30/Aug/2017:23:28:07 -0700] "GET /twitter-icon.png HTTP/1.1" 200 27787 "http://www.secrepo.com/" "Mozilla/5.0 (Windows NT 10.0; WOW64) AppleWebKit/537.36 (KHTML, like Gecko) Chrome/60.0.3112.90 Safari/537.36" 
14.23.56.60 - - [30/Aug/2017:23:28:08 -0700] "GET /bootstrap/img/favicon.ico HTTP/1.1" 200 589 "http://www.secrepo.com/" "Mozilla/5.0 (Windows NT 10.0; WOW64) AppleWebKit/537.36 (KHTML, like Gecko) Chrome/60.0.3112.90 Safari/537.36" 
218.108.145.162 - - [30/Aug/2017:23:28:30 -0700] "GET /honeypot/Honeypot%20-%20Howto.pdf HTTP/1.1" 200 1279418 "-" "Mozilla/4.0 (compatible; MSIE 6.0; Windows NT 5.1)" 
218.108.145.162 - - [30/Aug/2017:23:28:33 -0700] "GET /honeypot/Honeypot%20-%20Howto.pdf HTTP/1.1" 200 1210340 "-" "Mozilla/4.0 (compatible; MSIE 6.0; Windows NT 5.1)" 
218.108.145.162 - - [30/Aug/2017:23:28:52 -0700] "GET /honeypot/Honeypot%20-%20Howto.pdf HTTP/1.1" 200 569400 "-" "Mozilla/4.0 (compatible; MSIE 6.0; Windows NT 5.1)" 
218.108.145.162 - - [30/Aug/2017:23:28:59 -0700] "GET /honeypot/Honeypot%20-%20Howto.pdf HTTP/1.1" 200 1279362 "-" "Mozilla/4.0 (compatible; MSIE 6.0; Windows NT 5.1)" 
218.108.145.162 - - [30/Aug/2017:23:28:59 -0700] "GET /honeypot/Honeypot%20-%20Howto.pdf HTTP/1.1" 200 1279362 "-" "Mozilla/4.0 (compatible; MSIE 6.0; Windows NT 5.1)" 
218.108.145.162 - - [30/Aug/2017:23:29:12 -0700] "GET /honeypot/Honeypot%20-%20Howto.pdf HTTP/1.1" 200 1279362 "-" "Mozilla/4.0 (compatible; MSIE 6.0; Windows NT 5.1)" 
218.108.145.162 - - [30/Aug/2017:23:29:21 -0700] "GET /honeypot/Honeypot%20-%20Howto.pdf HTTP/1.1" 200 1279362 "-" "Mozilla/4.0 (compatible; MSIE 6.0; Windows NT 5.1)" 
218.108.145.162 - - [30/Aug/2017:23:29:34 -0700] "GET /honeypot/Honeypot%20-%20Howto.pdf HTTP/1.1" 200 1279362 "-" "Mozilla/4.0 (compatible; MSIE 6.0; Windows NT 5.1)" 
218.107.17.51 - - [30/Aug/2017:23:30:19 -0700] "GET /maccdc2012/dhcp.log.gz HTTP/1.1" 200 45019 "http://www.secrepo.com/" "Mozilla/5.0 (Windows NT 10.0; WOW64) AppleWebKit/537.36 (KHTML, like Gecko) Chrome/60.0.3112.90 Safari/537.36" 
123.125.67.163 - - [30/Aug/2017:23:31:14 -0700] "GET /robots.txt HTTP/1.1" 200 297 "-" "Mozilla/5.0 (Windows NT 10.0; WOW64) AppleWebKit/537.36 (KHTML, like Gecko) Chrome/45.0.2454.93 Safari/537.36" 
123.125.67.228 - - [30/Aug/2017:23:36:22 -0700] "GET /robots.txt HTTP/1.1" 200 297 "-" "Mozilla/5.0 (Windows NT 10.0; WOW64) AppleWebKit/537.36 (KHTML, like Gecko) Chrome/45.0.2454.93 Safari/537.36" 
123.125.67.227 - - [30/Aug/2017:23:41:43 -0700] "GET /robots.txt HTTP/1.1" 200 297 "-" "Mozilla/5.0 (Windows NT 10.0; WOW64) AppleWebKit/537.36 (KHTML, like Gecko) Chrome/45.0.2454.93 Safari/537.36" 
66.249.93.93 - - [30/Aug/2017:23:46:02 -0700] "GET / HTTP/1.1" 200 10915 "-" "Mozilla/5.0 (X11; Linux x86_64) AppleWebKit/537.36 (KHTML, like Gecko) Chrome/49.0.2623.75 Safari/537.36 Google Favicon" 
66.249.93.93 - - [30/Aug/2017:23:46:02 -0700] "GET /bootstrap/img/favicon.ico HTTP/1.1" 200 589 "-" "Mozilla/5.0 (X11; Linux x86_64) AppleWebKit/537.36 (KHTML, like Gecko) Chrome/49.0.2623.75 Safari/537.36 Google Favicon" 
123.125.67.219 - - [30/Aug/2017:23:47:16 -0700] "GET /robots.txt HTTP/1.1" 200 297 "-" "Mozilla/5.0 (Windows NT 10.0; WOW64) AppleWebKit/537.36 (KHTML, like Gecko) Chrome/45.0.2454.93 Safari/537.36" 
39.48.99.186 - - [30/Aug/2017:23:49:44 -0700] "GET /wp-login.php HTTP/1.1" 404 295 "-" "Mozilla/5.0 (Windows NT 6.1; WOW64; rv:40.0) Gecko/20100101 Firefox/40.1" 
39.48.99.186 - - [30/Aug/2017:23:49:49 -0700] "GET /wp-login.php HTTP/1.1" 404 295 "-" "Mozilla/5.0 (Windows NT 6.1; WOW64; rv:40.0) Gecko/20100101 Firefox/40.1" 
39.48.99.186 - - [30/Aug/2017:23:49:55 -0700] "GET / HTTP/1.1" 200 36860 "-" "Mozilla/5.0 (Windows NT 6.1; WOW64; rv:40.0) Gecko/20100101 Firefox/40.1" 
123.125.67.226 - - [30/Aug/2017:23:51:33 -0700] "GET /robots.txt HTTP/1.1" 200 297 "-" "Mozilla/5.0 (Windows NT 10.0; WOW64) AppleWebKit/537.36 (KHTML, like Gecko) Chrome/45.0.2454.93 Safari/537.36" 
39.48.58.12 - - [30/Aug/2017:23:52:18 -0700] "GET /wp-login.php HTTP/1.1" 301 522 "-" "Mozilla/5.0 (Windows NT 6.1; WOW64; rv:40.0) Gecko/20100101 Firefox/40.1" 
39.48.58.12 - - [30/Aug/2017:23:52:19 -0700] "GET /wp-login.php HTTP/1.1" 404 295 "-" "Mozilla/5.0 (Windows NT 6.1; WOW64; rv:40.0) Gecko/20100101 Firefox/40.1" 
39.48.58.12 - - [30/Aug/2017:23:52:24 -0700] "GET /wp-login.php HTTP/1.1" 301 522 "-" "Mozilla/5.0 (Windows NT 6.1; WOW64; rv:40.0) Gecko/20100101 Firefox/40.1" 
39.48.58.12 - - [30/Aug/2017:23:52:25 -0700] "GET /wp-login.php HTTP/1.1" 404 295 "-" "Mozilla/5.0 (Windows NT 6.1; WOW64; rv:40.0) Gecko/20100101 Firefox/40.1" 
39.48.58.12 - - [30/Aug/2017:23:52:30 -0700] "GET / HTTP/1.1" 301 498 "-" "Mozilla/5.0 (Windows NT 6.1; WOW64; rv:40.0) Gecko/20100101 Firefox/40.1" 
39.48.58.12 - - [30/Aug/2017:23:52:31 -0700] "GET / HTTP/1.1" 200 36860 "-" "Mozilla/5.0 (Windows NT 6.1; WOW64; rv:40.0) Gecko/20100101 Firefox/40.1" 
120.221.1.28 - - [30/Aug/2017:23:58:18 -0700] "GET /maccdc2012/files.log.gz HTTP/1.1" 304 155 "-" "Mozilla/5.0 Gecko/20100115 Firefox/3.6" 
111.118.203.214 - - [30/Aug/2017:23:59:12 -0700] "GET / HTTP/1.1" 200 10859 "http://cn.bing.com/search?q=security+repo&qs=HS&pq=sec&sc=8-3&cvid=A6AFDDDBAD8F4275BBF3E5D7B263FDE8&FORM=QBLH&sp=1" "Mozilla/5.0 (Windows NT 6.1; Win64; x64) AppleWebKit/537.36 (KHTML, like Gecko) Chrome/60.0.3112.113 Safari/537.36" 
111.118.203.214 - - [30/Aug/2017:23:59:13 -0700] "GET /GitHub-Mark.png HTTP/1.1" 200 7372 "http://www.secrepo.com/" "Mozilla/5.0 (Windows NT 6.1; Win64; x64) AppleWebKit/537.36 (KHTML, like Gecko) Chrome/60.0.3112.113 Safari/537.36" 
111.118.203.214 - - [30/Aug/2017:23:59:13 -0700] "GET /twitter-icon.png HTTP/1.1" 200 27732 "http://www.secrepo.com/" "Mozilla/5.0 (Windows NT 6.1; Win64; x64) AppleWebKit/537.36 (KHTML, like Gecko) Chrome/60.0.3112.113 Safari/537.36" 
50.112.194.65 - - [31/Aug/2017:00:01:14 -0700] "GET / HTTP/1.1" 200 36804 "-" "Mozilla/4.0 (compatible; MSIE 8.0; Windows NT 5.1; Trident/4.0)" 
194.114.62.201 - - [31/Aug/2017:00:04:28 -0700] "GET / HTTP/1.1" 304 133 "https://www.google.de" "Mozilla/5.0 (Windows NT 10.0; WOW64; rv:45.0) Gecko/20100101 Firefox/45.0" 
83.28.23.19 - - [31/Aug/2017:00:06:16 -0700] "GET /wp-login.php HTTP/1.1" 404 295 "-" "Mozilla/5.0 (Windows NT 6.1; WOW64; rv:40.0) Gecko/20100101 Firefox/40.1" 
83.28.23.19 - - [31/Aug/2017:00:06:21 -0700] "GET /wp-login.php HTTP/1.1" 404 295 "-" "Mozilla/5.0 (Windows NT 6.1; WOW64; rv:40.0) Gecko/20100101 Firefox/40.1" 
83.28.23.19 - - [31/Aug/2017:00:06:26 -0700] "GET / HTTP/1.1" 200 36860 "-" "Mozilla/5.0 (Windows NT 6.1; WOW64; rv:40.0) Gecko/20100101 Firefox/40.1" 
120.221.0.34 - - [31/Aug/2017:00:08:49 -0700] "GET /honeypot/Honeypot%20-%20Howto.pdf HTTP/1.1" 304 131 "-" "Mozilla/5.0 Gecko/20100115 Firefox/3.6" 
119.97.214.138 - - [31/Aug/2017:00:12:03 -0700] "GET / HTTP/1.1" 200 10915 "-" "Mozilla/5.0 (Macintosh; Intel Mac OS X 10_12_6) AppleWebKit/603.3.8 (KHTML, like Gecko) Version/10.1.2 Safari/603.3.8" 
119.97.214.138 - - [31/Aug/2017:00:12:03 -0700] "GET /twitter-icon.png HTTP/1.1" 200 27787 "http://www.secrepo.com/" "Mozilla/5.0 (Macintosh; Intel Mac OS X 10_12_6) AppleWebKit/603.3.8 (KHTML, like Gecko) Version/10.1.2 Safari/603.3.8" 
119.97.214.138 - - [31/Aug/2017:00:12:04 -0700] "GET /GitHub-Mark.png HTTP/1.1" 200 7428 "http://www.secrepo.com/" "Mozilla/5.0 (Macintosh; Intel Mac OS X 10_12_6) AppleWebKit/603.3.8 (KHTML, like Gecko) Version/10.1.2 Safari/603.3.8" 
119.97.214.138 - - [31/Aug/2017:00:12:06 -0700] "GET /bootstrap/img/favicon.ico HTTP/1.1" 200 590 "http://www.secrepo.com/" "Mozilla/5.0 (Macintosh; Intel Mac OS X 10_12_6) AppleWebKit/603.3.8 (KHTML, like Gecko) Version/10.1.2 Safari/603.3.8" 
172.87.222.56 - - [31/Aug/2017:00:12:13 -0700] "GET /wp-includes/js/jquery/suggest.js HTTP/1.1" 404 295 "-" "Mozilla/5.0 (Windows NT 6.1; WOW64) AppleWebKit/537.36 (KHTML, like Gecko) Chrome/51.0.2704.103 Safari/537.36" 
80.65.65.76 - - [31/Aug/2017:00:17:28 -0700] "GET / HTTP/1.1" 200 10915 "https://www.google.ba/" "Mozilla/5.0 (X11; Linux x86_64) AppleWebKit/537.36 (KHTML, like Gecko) Chrome/59.0.3071.115 Safari/537.36" 
80.65.65.76 - - [31/Aug/2017:00:17:28 -0700] "GET /twitter-icon.png HTTP/1.1" 200 27787 "http://www.secrepo.com/" "Mozilla/5.0 (X11; Linux x86_64) AppleWebKit/537.36 (KHTML, like Gecko) Chrome/59.0.3071.115 Safari/537.36" 
80.65.65.76 - - [31/Aug/2017:00:17:28 -0700] "GET /GitHub-Mark.png HTTP/1.1" 200 7428 "http://www.secrepo.com/" "Mozilla/5.0 (X11; Linux x86_64) AppleWebKit/537.36 (KHTML, like Gecko) Chrome/59.0.3071.115 Safari/537.36" 
80.65.65.76 - - [31/Aug/2017:00:17:29 -0700] "GET /bootstrap/img/favicon.ico HTTP/1.1" 200 589 "http://www.secrepo.com/" "Mozilla/5.0 (X11; Linux x86_64) AppleWebKit/537.36 (KHTML, like Gecko) Chrome/59.0.3071.115 Safari/537.36" 
109.110.227.129 - - [31/Aug/2017:00:18:52 -0700] "GET / HTTP/1.1" 200 10915 "-" "Mozilla/5.0 (Windows NT 10.0; Win64; x64) AppleWebKit/537.36 (KHTML, like Gecko) Chrome/60.0.3112.101 Safari/537.36" 
109.110.227.129 - - [31/Aug/2017:00:18:53 -0700] "GET /twitter-icon.png HTTP/1.1" 200 27787 "http://www.secrepo.com/" "Mozilla/5.0 (Windows NT 10.0; Win64; x64) AppleWebKit/537.36 (KHTML, like Gecko) Chrome/60.0.3112.101 Safari/537.36" 
109.110.227.129 - - [31/Aug/2017:00:18:53 -0700] "GET /GitHub-Mark.png HTTP/1.1" 200 7428 "http://www.secrepo.com/" "Mozilla/5.0 (Windows NT 10.0; Win64; x64) AppleWebKit/537.36 (KHTML, like Gecko) Chrome/60.0.3112.101 Safari/537.36" 
83.28.23.19 - - [31/Aug/2017:00:25:44 -0700] "GET /wp-login.php HTTP/1.1" 301 522 "-" "Mozilla/5.0 (Windows NT 6.1; WOW64; rv:40.0) Gecko/20100101 Firefox/40.1" 
83.28.23.19 - - [31/Aug/2017:00:25:45 -0700] "GET /wp-login.php HTTP/1.1" 404 295 "-" "Mozilla/5.0 (Windows NT 6.1; WOW64; rv:40.0) Gecko/20100101 Firefox/40.1" 
83.28.23.19 - - [31/Aug/2017:00:25:50 -0700] "GET /wp-login.php HTTP/1.1" 301 522 "-" "Mozilla/5.0 (Windows NT 6.1; WOW64; rv:40.0) Gecko/20100101 Firefox/40.1" 
83.28.23.19 - - [31/Aug/2017:00:25:50 -0700] "GET /wp-login.php HTTP/1.1" 404 295 "-" "Mozilla/5.0 (Windows NT 6.1; WOW64; rv:40.0) Gecko/20100101 Firefox/40.1" 
111.204.219.198 - - [31/Aug/2017:00:25:30 -0700] "GET /maccdc2012/maccdc2012_fast_alert.7z HTTP/1.1" 200 9478149 "-" "Mozilla/5.0 (Windows NT 10.0; WOW64) AppleWebKit/537.36 (KHTML, like Gecko) Chrome/55.0.2883.87 Safari/537.36" 
83.28.23.19 - - [31/Aug/2017:00:25:56 -0700] "GET / HTTP/1.1" 301 498 "-" "Mozilla/5.0 (Windows NT 6.1; WOW64; rv:40.0) Gecko/20100101 Firefox/40.1" 
83.28.23.19 - - [31/Aug/2017:00:25:56 -0700] "GET / HTTP/1.1" 200 36860 "-" "Mozilla/5.0 (Windows NT 6.1; WOW64; rv:40.0) Gecko/20100101 Firefox/40.1" 
192.119.14.97 - - [31/Aug/2017:00:28:11 -0700] "GET /honeypot/Honeypot%20-%20Howto.pdf HTTP/1.1" 200 1279418 "http://www.secrepo.com/" "Mozilla/5.0 (Windows NT 6.1) AppleWebKit/537.36 (KHTML, like Gecko) Chrome/58.0.3029.110 Safari/537.36" 
109.110.227.129 - - [31/Aug/2017:00:32:12 -0700] "GET /favicon.ico HTTP/1.1" 200 268 "http://www.secrepo.com/mwg-internal/de5fs23hu73ds/progress?id=g2JyXZ85ju-FVATUU_B1d1kxKLb9dd6ZXRbcqJ8IqGI," "Mozilla/5.0 (Windows NT 10.0; Win64; x64) AppleWebKit/537.36 (KHTML, like Gecko) Chrome/60.0.3112.101 Safari/537.36" 
176.106.40.42 - - [31/Aug/2017:00:33:13 -0700] "GET / HTTP/1.1" 200 10915 "https://www.google.com/" "Mozilla/5.0 (Windows NT 6.1; Win64; x64; rv:55.0) Gecko/20100101 Firefox/55.0" 
176.106.40.42 - - [31/Aug/2017:00:33:15 -0700] "GET /twitter-icon.png HTTP/1.1" 200 27787 "http://www.secrepo.com/" "Mozilla/5.0 (Windows NT 6.1; Win64; x64; rv:55.0) Gecko/20100101 Firefox/55.0" 
176.106.40.42 - - [31/Aug/2017:00:33:15 -0700] "GET /GitHub-Mark.png HTTP/1.1" 200 7428 "http://www.secrepo.com/" "Mozilla/5.0 (Windows NT 6.1; Win64; x64; rv:55.0) Gecko/20100101 Firefox/55.0" 
109.110.227.129 - - [31/Aug/2017:00:31:36 -0700] "GET /maccdc2012/conn.log.gz HTTP/1.1" 200 42009723 "-" "Mozilla/5.0 (Windows NT 10.0; Win64; x64) AppleWebKit/537.36 (KHTML, like Gecko) Chrome/60.0.3112.101 Safari/537.36" 
109.110.227.129 - - [31/Aug/2017:00:31:49 -0700] "GET /maccdc2012/conn.log.gz HTTP/1.1" 200 32437455 "http://www.secrepo.com/" "Mozilla/5.0 (Windows NT 10.0; Win64; x64) AppleWebKit/537.36 (KHTML, like Gecko) Chrome/60.0.3112.101 Safari/537.36" 
109.110.227.129 - - [31/Aug/2017:00:32:06 -0700] "GET /maccdc2012/conn.log.gz HTTP/1.1" 200 21134643 "-" "Mozilla/5.0 (Windows NT 10.0; Win64; x64) AppleWebKit/537.36 (KHTML, like Gecko) Chrome/60.0.3112.101 Safari/537.36" 
109.110.227.129 - - [31/Aug/2017:00:34:54 -0700] "GET /maccdc2012/conn.log.gz HTTP/1.1" 200 30660 "-" "Mozilla/5.0 (Windows NT 10.0; Win64; x64) AppleWebKit/537.36 (KHTML, like Gecko) Chrome/60.0.3112.101 Safari/537.36" 
139.190.240.196 - - [31/Aug/2017:00:37:02 -0700] "GET /wp-login.php HTTP/1.1" 404 295 "-" "Mozilla/5.0 (Windows NT 6.1; WOW64; rv:40.0) Gecko/20100101 Firefox/40.1" 
139.190.240.196 - - [31/Aug/2017:00:37:08 -0700] "GET /wp-login.php HTTP/1.1" 404 295 "-" "Mozilla/5.0 (Windows NT 6.1; WOW64; rv:40.0) Gecko/20100101 Firefox/40.1" 
139.190.240.196 - - [31/Aug/2017:00:37:14 -0700] "GET / HTTP/1.1" 200 36860 "-" "Mozilla/5.0 (Windows NT 6.1; WOW64; rv:40.0) Gecko/20100101 Firefox/40.1" 
109.110.227.129 - - [31/Aug/2017:00:37:07 -0700] "GET /maccdc2012/conn.log.gz HTTP/1.1" 200 108675 "-" "Mozilla/5.0 (Windows NT 10.0; Win64; x64) AppleWebKit/537.36 (KHTML, like Gecko) Chrome/60.0.3112.101 Safari/537.36" 
109.110.227.129 - - [31/Aug/2017:00:42:45 -0700] "GET /favicon.ico HTTP/1.1" 200 268 "http://www.secrepo.com/mwg-internal/de5fs23hu73ds/progress?id=GSdvXWpq4mRgCGrdKLdjdzlAKDApkmkt-AqIv9dY7Po,&dl" "Mozilla/5.0 (Windows NT 10.0; Win64; x64) AppleWebKit/537.36 (KHTML, like Gecko) Chrome/60.0.3112.101 Safari/537.36" 
109.110.227.129 - - [31/Aug/2017:00:42:47 -0700] "GET /maccdc2012/conn.log.gz HTTP/1.1" 200 75603 "-" "Mozilla/5.0 (Windows NT 10.0; Win64; x64) AppleWebKit/537.36 (KHTML, like Gecko) Chrome/60.0.3112.101 Safari/537.36" 
123.125.67.227 - - [31/Aug/2017:00:45:51 -0700] "GET /robots.txt HTTP/1.1" 200 297 "-" "Mozilla/5.0 (Windows NT 10.0; WOW64) AppleWebKit/537.36 (KHTML, like Gecko) Chrome/45.0.2454.93 Safari/537.36" 
220.181.108.182 - - [31/Aug/2017:00:48:48 -0700] "GET /maccdc2012/maccdc2012_full_alert.7z HTTP/1.1" 200 11133213 "-" "Mozilla/5.0 (compatible; Baiduspider/2.0; +http://www.baidu.com/search/spider.html)" 
85.159.196.224 - - [31/Aug/2017:00:50:06 -0700] "GET / HTTP/1.1" 200 10915 "-" "Mozilla/5.0 (Windows NT 6.1; Win64; x64) AppleWebKit/537.36 (KHTML, like Gecko) Chrome/60.0.3112.113 Safari/537.36" 
85.159.196.224 - - [31/Aug/2017:00:50:06 -0700] "GET /twitter-icon.png HTTP/1.1" 200 27787 "http://www.secrepo.com/" "Mozilla/5.0 (Windows NT 6.1; Win64; x64) AppleWebKit/537.36 (KHTML, like Gecko) Chrome/60.0.3112.113 Safari/537.36" 
85.159.196.224 - - [31/Aug/2017:00:50:06 -0700] "GET /GitHub-Mark.png HTTP/1.1" 200 7428 "http://www.secrepo.com/" "Mozilla/5.0 (Windows NT 6.1; Win64; x64) AppleWebKit/537.36 (KHTML, like Gecko) Chrome/60.0.3112.113 Safari/537.36" 
119.154.206.213 - - [31/Aug/2017:00:51:09 -0700] "GET / HTTP/1.1" 200 10915 "-" "Mozilla/5.0 (Windows NT 6.1) AppleWebKit/537.36 (KHTML, like Gecko) Chrome/60.0.3112.113 Safari/537.36" 
119.154.206.213 - - [31/Aug/2017:00:51:43 -0700] "GET /GitHub-Mark.png HTTP/1.1" 200 7428 "http://www.secrepo.com/" "Mozilla/5.0 (Windows NT 6.1) AppleWebKit/537.36 (KHTML, like Gecko) Chrome/60.0.3112.113 Safari/537.36" 
119.154.206.213 - - [31/Aug/2017:00:51:43 -0700] "GET /twitter-icon.png HTTP/1.1" 200 27788 "http://www.secrepo.com/" "Mozilla/5.0 (Windows NT 6.1) AppleWebKit/537.36 (KHTML, like Gecko) Chrome/60.0.3112.113 Safari/537.36" 
217.182.132.63 - - [31/Aug/2017:00:58:26 -0700] "GET /self.logs/access.log.2015-08-25.gz HTTP/1.1" 200 6456 "-" "Mozilla/5.0 (compatible; AhrefsBot/5.2; +http://ahrefs.com/robot/)" 
60.31.177.194 - - [31/Aug/2017:01:03:59 -0700] "GET /honeypot/Honeypot%20-%20Howto.pdf HTTP/1.1" 200 1279418 "-" "Mozilla/4.0 (compatible; MSIE 6.0; Windows NT 5.1)" 
60.31.177.194 - - [31/Aug/2017:01:04:10 -0700] "GET /honeypot/Honeypot%20-%20Howto.pdf HTTP/1.1" 200 1279362 "-" "Mozilla/4.0 (compatible; MSIE 6.0; Windows NT 5.1)" 
60.31.177.194 - - [31/Aug/2017:01:04:11 -0700] "GET /honeypot/Honeypot%20-%20Howto.pdf HTTP/1.1" 200 1279362 "-" "Mozilla/4.0 (compatible; MSIE 6.0; Windows NT 5.1)" 
60.31.177.194 - - [31/Aug/2017:01:04:15 -0700] "GET /honeypot/Honeypot%20-%20Howto.pdf HTTP/1.1" 200 1279362 "-" "Mozilla/4.0 (compatible; MSIE 6.0; Windows NT 5.1)" 
103.72.10.162 - - [31/Aug/2017:01:04:29 -0700] "GET /wp-login.php HTTP/1.1" 404 295 "-" "Mozilla/5.0 (Windows NT 6.1; WOW64; rv:40.0) Gecko/20100101 Firefox/40.1" 
103.72.10.162 - - [31/Aug/2017:01:04:35 -0700] "GET /wp-login.php HTTP/1.1" 404 295 "-" "Mozilla/5.0 (Windows NT 6.1; WOW64; rv:40.0) Gecko/20100101 Firefox/40.1" 
103.72.10.162 - - [31/Aug/2017:01:04:41 -0700] "GET / HTTP/1.1" 200 36860 "-" "Mozilla/5.0 (Windows NT 6.1; WOW64; rv:40.0) Gecko/20100101 Firefox/40.1" 
81.4.145.131 - - [31/Aug/2017:00:49:08 -0700] "GET /maccdc2012/conn.log.gz HTTP/1.1" 200 551041635 "-" "Mozilla/5.0 (Windows NT 10.0; Win64; x64) AppleWebKit/537.36 (KHTML, like Gecko) Chrome/60.0.3112.101 Safari/537.36" 
207.241.225.244 - - [31/Aug/2017:01:11:34 -0700] "GET /robots.txt HTTP/1.1" 200 297 "-" "Mozilla/5.0 (compatible; archive.org_bot; Wayback Machine Live Record; +http://archive.org/details/archive.org_bot)" 
207.241.225.244 - - [31/Aug/2017:01:11:35 -0700] "GET /robots.txt HTTP/1.1" 301 465 "-" "Mozilla/5.0 (compatible; archive.org_bot; Wayback Machine Live Record; +http://archive.org/details/archive.org_bot)" 
180.217.213.151 - - [31/Aug/2017:01:12:24 -0700] "GET / HTTP/1.1" 200 10915 "https://www.google.com.tw/" "Mozilla/5.0 (Windows NT 6.1; Win64; x64) AppleWebKit/537.36 (KHTML, like Gecko) Chrome/60.0.3112.113 Safari/537.36" 
180.217.213.151 - - [31/Aug/2017:01:12:25 -0700] "GET /twitter-icon.png HTTP/1.1" 200 27787 "http://www.secrepo.com/" "Mozilla/5.0 (Windows NT 6.1; Win64; x64) AppleWebKit/537.36 (KHTML, like Gecko) Chrome/60.0.3112.113 Safari/537.36" 
180.217.213.151 - - [31/Aug/2017:01:12:25 -0700] "GET /GitHub-Mark.png HTTP/1.1" 200 7428 "http://www.secrepo.com/" "Mozilla/5.0 (Windows NT 6.1; Win64; x64) AppleWebKit/537.36 (KHTML, like Gecko) Chrome/60.0.3112.113 Safari/537.36" 
180.217.213.151 - - [31/Aug/2017:01:12:26 -0700] "GET /bootstrap/img/favicon.ico HTTP/1.1" 200 589 "http://www.secrepo.com/" "Mozilla/5.0 (Windows NT 6.1; Win64; x64) AppleWebKit/537.36 (KHTML, like Gecko) Chrome/60.0.3112.113 Safari/537.36" 
109.110.227.129 - - [31/Aug/2017:01:15:04 -0700] "GET /misc/zeus_dga_domains.txt.zip HTTP/1.1" 200 594360 "-" "Mozilla/5.0 (Windows NT 10.0; Win64; x64) AppleWebKit/537.36 (KHTML, like Gecko) Chrome/60.0.3112.101 Safari/537.36" 
194.39.218.10 - - [31/Aug/2017:01:15:06 -0700] "GET / HTTP/1.1" 200 10915 "-" "Mozilla/5.0 (Windows NT 6.1; Win64; x64) AppleWebKit/537.36 (KHTML, like Gecko) Chrome/60.0.3112.113 Safari/537.36" 
211.103.88.105 - - [31/Aug/2017:01:16:16 -0700] "GET /maccdc2012/maccdc2012_full_alert.7z HTTP/1.1" 304 132 "-" "Mozilla/5.0 Gecko/20100115 Firefox/3.6" 
183.106.135.116 - - [31/Aug/2017:01:19:26 -0700] "GET /wp-login.php HTTP/1.1" 404 295 "-" "Mozilla/5.0 (Windows NT 6.1; WOW64; rv:40.0) Gecko/20100101 Firefox/40.1" 
183.106.135.116 - - [31/Aug/2017:01:19:32 -0700] "GET /wp-login.php HTTP/1.1" 404 295 "-" "Mozilla/5.0 (Windows NT 6.1; WOW64; rv:40.0) Gecko/20100101 Firefox/40.1" 
183.106.135.116 - - [31/Aug/2017:01:19:37 -0700] "GET / HTTP/1.1" 200 36860 "-" "Mozilla/5.0 (Windows NT 6.1; WOW64; rv:40.0) Gecko/20100101 Firefox/40.1" 
101.180.44.8 - - [31/Aug/2017:01:19:51 -0700] "GET /wp-login.php HTTP/1.1" 404 295 "-" "Mozilla/5.0 (Windows NT 6.1; WOW64; rv:40.0) Gecko/20100101 Firefox/40.1" 
101.180.44.8 - - [31/Aug/2017:01:19:56 -0700] "GET /wp-login.php HTTP/1.1" 404 295 "-" "Mozilla/5.0 (Windows NT 6.1; WOW64; rv:40.0) Gecko/20100101 Firefox/40.1" 
101.180.44.8 - - [31/Aug/2017:01:20:02 -0700] "GET / HTTP/1.1" 200 36860 "-" "Mozilla/5.0 (Windows NT 6.1; WOW64; rv:40.0) Gecko/20100101 Firefox/40.1" 
207.46.13.73 - - [31/Aug/2017:01:21:43 -0700] "GET /robots.txt HTTP/1.1" 301 502 "-" "Mozilla/5.0 (compatible; bingbot/2.0; +http://www.bing.com/bingbot.htm)" 
207.46.13.73 - - [31/Aug/2017:01:21:43 -0700] "GET /robots.txt HTTP/1.1" 200 334 "-" "Mozilla/5.0 (compatible; bingbot/2.0; +http://www.bing.com/bingbot.htm)" 
157.55.39.62 - - [31/Aug/2017:01:22:33 -0700] "GET /honeypot/bsidesdfw%20-%202014.ipynb HTTP/1.1" 301 539 "-" "Mozilla/5.0 (iPhone; CPU iPhone OS 7_0 like Mac OS X) AppleWebKit/537.51.1 (KHTML, like Gecko) Version/7.0 Mobile/11A465 Safari/9537.53 (compatible; bingbot/2.0; +http://www.bing.com/bingbot.htm)" 
157.55.39.62 - - [31/Aug/2017:01:23:19 -0700] "GET /honeypot/bsidesdfw%20-%202014.ipynb HTTP/1.1" 404 340 "-" "Mozilla/5.0 (iPhone; CPU iPhone OS 7_0 like Mac OS X) AppleWebKit/537.51.1 (KHTML, like Gecko) Version/7.0 Mobile/11A465 Safari/9537.53 (compatible; bingbot/2.0; +http://www.bing.com/bingbot.htm)" 
193.193.68.2 - - [31/Aug/2017:01:27:36 -0700] "GET /honeypot/Honeypot%20-%20Howto.pdf HTTP/1.1" 200 1279418 "http://www.secrepo.com/" "Mozilla/5.0 (Windows NT 6.3; WOW64; rv:34.0) Gecko/20100101 Firefox/34.0" 
2.87.108.49 - - [31/Aug/2017:01:29:00 -0700] "GET /wp-login.php HTTP/1.1" 301 522 "-" "Mozilla/5.0 (Windows NT 6.1; WOW64; rv:40.0) Gecko/20100101 Firefox/40.1" 
2.87.108.49 - - [31/Aug/2017:01:29:11 -0700] "GET /wp-login.php HTTP/1.1" 404 295 "-" "Mozilla/5.0 (Windows NT 6.1; WOW64; rv:40.0) Gecko/20100101 Firefox/40.1" 
2.87.108.49 - - [31/Aug/2017:01:29:17 -0700] "GET /wp-login.php HTTP/1.1" 301 522 "-" "Mozilla/5.0 (Windows NT 6.1; WOW64; rv:40.0) Gecko/20100101 Firefox/40.1" 
