175.139.220.44 - - [08/Oct/2017:19:45:07 -0700] "GET /GitHub-Mark.png HTTP/1.1" 200 7428 "http://www.secrepo.com/" "Mozilla/5.0 (Windows NT 6.1) AppleWebKit/537.36 (KHTML, like Gecko) Chrome/61.0.3163.100 Safari/537.36" 
175.139.220.44 - - [08/Oct/2017:19:45:07 -0700] "GET /twitter-icon.png HTTP/1.1" 200 27787 "http://www.secrepo.com/" "Mozilla/5.0 (Windows NT 6.1) AppleWebKit/537.36 (KHTML, like Gecko) Chrome/61.0.3163.100 Safari/537.36" 
49.52.44.88 - - [08/Oct/2017:19:50:08 -0700] "GET / HTTP/1.1" 200 10913 "-" "Mozilla/5.0 (Windows NT 6.3; WOW64; rv:55.0) Gecko/20100101 Firefox/55.0" 
49.52.44.88 - - [08/Oct/2017:19:50:09 -0700] "GET /bootstrap/img/favicon.ico HTTP/1.1" 200 589 "-" "Mozilla/5.0 (Windows NT 6.3; WOW64; rv:55.0) Gecko/20100101 Firefox/55.0" 
49.52.44.88 - - [08/Oct/2017:19:50:10 -0700] "GET /twitter-icon.png HTTP/1.1" 200 27787 "http://www.secrepo.com/" "Mozilla/5.0 (Windows NT 6.3; WOW64; rv:55.0) Gecko/20100101 Firefox/55.0" 
49.52.44.88 - - [08/Oct/2017:19:50:10 -0700] "GET /GitHub-Mark.png HTTP/1.1" 200 7428 "http://www.secrepo.com/" "Mozilla/5.0 (Windows NT 6.3; WOW64; rv:55.0) Gecko/20100101 Firefox/55.0" 
103.31.25.11 - - [08/Oct/2017:19:50:52 -0700] "GET /self.logs/ HTTP/1.1" 200 5955 "-" "Mozilla/5.0 (Windows NT 10.0; Win64; x64) AppleWebKit/537.36 (KHTML, like Gecko) Chrome/61.0.3163.100 Safari/537.36" 
157.0.78.111 - - [08/Oct/2017:19:53:59 -0700] "GET / HTTP/1.1" 200 10913 "https://www.google.com.hk/" "Mozilla/5.0 (Windows NT 6.1; Win64; x64) AppleWebKit/537.36 (KHTML, like Gecko) Chrome/61.0.3163.100 Safari/537.36" 
157.0.78.111 - - [08/Oct/2017:19:54:21 -0700] "GET /GitHub-Mark.png HTTP/1.1" 200 7428 "http://www.secrepo.com/" "Mozilla/5.0 (Windows NT 6.1; Win64; x64) AppleWebKit/537.36 (KHTML, like Gecko) Chrome/61.0.3163.100 Safari/537.36" 
47.91.242.26 - - [08/Oct/2017:19:54:31 -0700] "GET /twitter-icon.png HTTP/1.1" 200 27788 "http://www.secrepo.com/" "Mozilla/5.0 (Windows NT 6.1; Win64; x64) AppleWebKit/537.36 (KHTML, like Gecko) Chrome/61.0.3163.100 Safari/537.36" 
157.0.78.111 - - [08/Oct/2017:19:54:32 -0700] "GET /bootstrap/img/favicon.ico HTTP/1.1" 200 590 "http://www.secrepo.com/" "Mozilla/5.0 (Windows NT 6.1; Win64; x64) AppleWebKit/537.36 (KHTML, like Gecko) Chrome/61.0.3163.100 Safari/537.36" 
157.55.39.86 - - [08/Oct/2017:19:55:37 -0700] "GET /self.logs/error.log.2015-12-22.gz HTTP/1.1" 404 340 "-" "Mozilla/5.0 (compatible; bingbot/2.0; +http://www.bing.com/bingbot.htm)" 
49.52.44.88 - - [08/Oct/2017:19:50:32 -0700] "GET /maccdc2012/conn.log.gz HTTP/1.1" 200 15278900 "http://www.secrepo.com/" "Mozilla/5.0 (Windows NT 6.3; WOW64; rv:55.0) Gecko/20100101 Firefox/55.0" 
49.52.44.88 - - [08/Oct/2017:19:58:48 -0700] "GET /maccdc2012/dhcp.log.gz HTTP/1.1" 200 45019 "http://www.secrepo.com/" "Mozilla/5.0 (Windows NT 6.3; WOW64; rv:55.0) Gecko/20100101 Firefox/55.0" 
49.52.44.88 - - [08/Oct/2017:19:59:59 -0700] "GET /maccdc2012/dns.log.gz HTTP/1.1" 200 237661 "http://www.secrepo.com/" "Mozilla/5.0 (Windows NT 6.3; WOW64; rv:55.0) Gecko/20100101 Firefox/55.0" 
181.45.5.17 - - [08/Oct/2017:20:04:02 -0700] "GET /wp-login.php HTTP/1.1" 404 295 "-" "Mozilla/5.0 (Windows NT 6.1; WOW64; rv:40.0) Gecko/20100101 Firefox/40.1" 
181.45.5.17 - - [08/Oct/2017:20:04:07 -0700] "GET /wp-login.php HTTP/1.1" 404 295 "-" "Mozilla/5.0 (Windows NT 6.1; WOW64; rv:40.0) Gecko/20100101 Firefox/40.1" 
181.45.5.17 - - [08/Oct/2017:20:04:13 -0700] "GET / HTTP/1.1" 200 36860 "-" "Mozilla/5.0 (Windows NT 6.1; WOW64; rv:40.0) Gecko/20100101 Firefox/40.1" 
111.204.219.196 - - [08/Oct/2017:20:05:29 -0700] "GET /favicon.ico HTTP/1.1" 200 268 "-" "Mozilla/5.0 (Windows NT 6.1; WOW64) AppleWebKit/537.36 (KHTML, like Gecko) Chrome/53.0.2785.104 Safari/537.36 Core/1.53.3408.400 QQBrowser/9.6.12028.400" 
49.52.44.88 - - [08/Oct/2017:19:58:42 -0700] "GET /maccdc2012/conn.log.gz HTTP/1.1" 200 91775283 "http://www.secrepo.com/" "Mozilla/5.0 (Windows NT 6.3; WOW64; rv:55.0) Gecko/20100101 Firefox/55.0" 
66.249.65.141 - - [08/Oct/2017:20:07:59 -0700] "GET / HTTP/1.1" 200 10913 "-" "Mozilla/5.0 (Linux; Android 6.0.1; Nexus 5X Build/MMB29P) AppleWebKit/537.36 (KHTML, like Gecko) Chrome/41.0.2272.96 Mobile Safari/537.36 (compatible; Googlebot/2.1; +http://www.google.com/bot.html)" 
207.46.13.111 - - [08/Oct/2017:20:11:37 -0700] "GET /self.logs/access.log.2016-04-10.gz HTTP/1.1" 404 340 "-" "Mozilla/5.0 (compatible; bingbot/2.0; +http://www.bing.com/bingbot.htm)" 
216.244.66.227 - - [08/Oct/2017:20:11:44 -0700] "GET /robots.txt HTTP/1.1" 200 233 "-" "Mozilla/5.0 (compatible; DotBot/1.1; http://www.opensiteexplorer.org/dotbot, help@moz.com)" 
60.210.195.209 - - [08/Oct/2017:20:12:51 -0700] "GET /favicon.ico HTTP/1.1" 200 212 "-" "Mozilla/4.0 (compatible; MSIE 7.0; Windows NT 5.1; Trident/4.0; .NET CLR 2.0.50727; 360space)" 
184.99.184.38 - - [08/Oct/2017:20:16:02 -0700] "GET /wp-login.php HTTP/1.1" 404 295 "-" "Mozilla/5.0 (Windows NT 6.1; WOW64; rv:40.0) Gecko/20100101 Firefox/40.1" 
184.99.184.38 - - [08/Oct/2017:20:16:07 -0700] "GET /wp-login.php HTTP/1.1" 404 295 "-" "Mozilla/5.0 (Windows NT 6.1; WOW64; rv:40.0) Gecko/20100101 Firefox/40.1" 
184.99.184.38 - - [08/Oct/2017:20:16:13 -0700] "GET / HTTP/1.1" 200 36860 "-" "Mozilla/5.0 (Windows NT 6.1; WOW64; rv:40.0) Gecko/20100101 Firefox/40.1" 
41.249.170.1 - - [08/Oct/2017:20:18:29 -0700] "GET /wp-login.php HTTP/1.1" 404 295 "-" "Mozilla/5.0 (Windows NT 6.1; WOW64; rv:40.0) Gecko/20100101 Firefox/40.1" 
41.249.170.1 - - [08/Oct/2017:20:18:34 -0700] "GET /wp-login.php HTTP/1.1" 404 295 "-" "Mozilla/5.0 (Windows NT 6.1; WOW64; rv:40.0) Gecko/20100101 Firefox/40.1" 
41.249.170.1 - - [08/Oct/2017:20:18:40 -0700] "GET / HTTP/1.1" 200 36860 "-" "Mozilla/5.0 (Windows NT 6.1; WOW64; rv:40.0) Gecko/20100101 Firefox/40.1" 
184.99.184.38 - - [08/Oct/2017:20:19:42 -0700] "GET /wp-login.php HTTP/1.1" 301 522 "-" "Mozilla/5.0 (Windows NT 6.1; WOW64; rv:40.0) Gecko/20100101 Firefox/40.1" 
184.99.184.38 - - [08/Oct/2017:20:19:42 -0700] "GET /wp-login.php HTTP/1.1" 404 295 "-" "Mozilla/5.0 (Windows NT 6.1; WOW64; rv:40.0) Gecko/20100101 Firefox/40.1" 
184.99.184.38 - - [08/Oct/2017:20:19:47 -0700] "GET /wp-login.php HTTP/1.1" 301 522 "-" "Mozilla/5.0 (Windows NT 6.1; WOW64; rv:40.0) Gecko/20100101 Firefox/40.1" 
184.99.184.38 - - [08/Oct/2017:20:19:48 -0700] "GET /wp-login.php HTTP/1.1" 404 295 "-" "Mozilla/5.0 (Windows NT 6.1; WOW64; rv:40.0) Gecko/20100101 Firefox/40.1" 
184.99.184.38 - - [08/Oct/2017:20:19:53 -0700] "GET / HTTP/1.1" 301 498 "-" "Mozilla/5.0 (Windows NT 6.1; WOW64; rv:40.0) Gecko/20100101 Firefox/40.1" 
184.99.184.38 - - [08/Oct/2017:20:19:53 -0700] "GET / HTTP/1.1" 200 36860 "-" "Mozilla/5.0 (Windows NT 6.1; WOW64; rv:40.0) Gecko/20100101 Firefox/40.1" 
42.61.131.120 - - [08/Oct/2017:20:21:00 -0700] "GET / HTTP/1.1" 200 10913 "-" "Mozilla/5.0 (Windows NT 6.3; Win64; x64) AppleWebKit/537.36 (KHTML, like Gecko) Chrome/61.0.3163.100 Safari/537.36" 
42.61.131.120 - - [08/Oct/2017:20:21:17 -0700] "GET / HTTP/1.1" 200 10913 "-" "Mozilla/5.0 (Windows NT 6.3; Win64; x64) AppleWebKit/537.36 (KHTML, like Gecko) Chrome/61.0.3163.100 Safari/537.36" 
42.61.131.120 - - [08/Oct/2017:20:21:18 -0700] "GET /twitter-icon.png HTTP/1.1" 200 27787 "http://www.secrepo.com/" "Mozilla/5.0 (Windows NT 6.3; Win64; x64) AppleWebKit/537.36 (KHTML, like Gecko) Chrome/61.0.3163.100 Safari/537.36" 
42.61.131.120 - - [08/Oct/2017:20:21:18 -0700] "GET /GitHub-Mark.png HTTP/1.1" 200 7428 "http://www.secrepo.com/" "Mozilla/5.0 (Windows NT 6.3; Win64; x64) AppleWebKit/537.36 (KHTML, like Gecko) Chrome/61.0.3163.100 Safari/537.36" 
207.46.13.111 - - [08/Oct/2017:20:23:41 -0700] "GET /self.logs/error.log.2016-01-27.gz HTTP/1.1" 404 340 "-" "Mozilla/5.0 (compatible; bingbot/2.0; +http://www.bing.com/bingbot.htm)" 
5.9.191.115 - - [08/Oct/2017:20:27:15 -0700] "GET / HTTP/1.1" 200 36804 "http://www.secrepo.com/#network" "Mozilla/4.0 (compatible; MSIE 6.0; Windows NT 5.0)" 
216.244.66.227 - - [08/Oct/2017:20:28:33 -0700] "GET /self.logs/access.log.2017-06-29.gz HTTP/1.1" 200 15305 "-" "Mozilla/5.0 (compatible; DotBot/1.1; http://www.opensiteexplorer.org/dotbot, help@moz.com)" 
216.244.66.227 - - [08/Oct/2017:20:28:36 -0700] "GET /self.logs/error.log.2017-07-27.gz HTTP/1.1" 200 781 "-" "Mozilla/5.0 (compatible; DotBot/1.1; http://www.opensiteexplorer.org/dotbot, help@moz.com)" 
103.31.25.11 - - [08/Oct/2017:19:50:56 -0700] "GET /maccdc2012/conn.log.gz HTTP/1.1" 200 551041635 "-" "Mozilla/5.0 (Windows NT 10.0; Win64; x64) AppleWebKit/537.36 (KHTML, like Gecko) Chrome/61.0.3163.100 Safari/537.36" 
27.72.89.185 - - [08/Oct/2017:20:32:04 -0700] "GET /maccdc2012/conn.log.gz HTTP/1.1" 200 522406771 "-" "Mozilla/5.0 (X11; Ubuntu; Linux x86_64; rv:56.0) Gecko/20100101 Firefox/56.0" 
124.128.158.35 - - [08/Oct/2017:20:38:13 -0700] "GET / HTTP/1.1" 200 10913 "-" "Mozilla/5.0 (Windows NT 6.1; WOW64) AppleWebKit/537.36 (KHTML, like Gecko) Chrome/60.0.3112.113 Safari/537.36" 
124.128.158.35 - - [08/Oct/2017:20:38:14 -0700] "GET /GitHub-Mark.png HTTP/1.1" 200 7428 "http://www.secrepo.com/" "Mozilla/5.0 (Windows NT 6.1; WOW64) AppleWebKit/537.36 (KHTML, like Gecko) Chrome/60.0.3112.113 Safari/537.36" 
124.128.158.35 - - [08/Oct/2017:20:38:14 -0700] "GET /twitter-icon.png HTTP/1.1" 200 27787 "http://www.secrepo.com/" "Mozilla/5.0 (Windows NT 6.1; WOW64) AppleWebKit/537.36 (KHTML, like Gecko) Chrome/60.0.3112.113 Safari/537.36" 
124.128.158.35 - - [08/Oct/2017:20:38:17 -0700] "GET /bootstrap/img/favicon.ico HTTP/1.1" 200 590 "http://www.secrepo.com/" "Mozilla/5.0 (Windows NT 6.1; WOW64) AppleWebKit/537.36 (KHTML, like Gecko) Chrome/60.0.3112.113 Safari/537.36" 
183.203.217.67 - - [08/Oct/2017:20:43:06 -0700] "GET / HTTP/1.1" 301 483 "http://www.freebuf.com/articles/network/131279.html" "Mozilla/5.0 (Windows NT 10.0; WOW64) AppleWebKit/537.36 (KHTML, like Gecko) Chrome/49.0.2623.221 Safari/537.36 SE 2.X MetaSr 1.0" 
202.207.191.2 - - [08/Oct/2017:20:43:07 -0700] "GET / HTTP/1.1" 200 10913 "http://www.freebuf.com/articles/network/131279.html" "Mozilla/5.0 (Windows NT 10.0; WOW64) AppleWebKit/537.36 (KHTML, like Gecko) Chrome/49.0.2623.221 Safari/537.36 SE 2.X MetaSr 1.0" 
202.207.191.2 - - [08/Oct/2017:20:43:08 -0700] "GET /bootstrap/img/favicon.ico HTTP/1.1" 200 589 "-" "Mozilla/5.0 (Windows NT 10.0; WOW64) AppleWebKit/537.36 (KHTML, like Gecko) Chrome/49.0.2623.221 Safari/537.36 SE 2.X MetaSr 1.0" 
202.207.191.2 - - [08/Oct/2017:20:43:08 -0700] "GET /twitter-icon.png HTTP/1.1" 200 27787 "http://www.secrepo.com/" "Mozilla/5.0 (Windows NT 10.0; WOW64) AppleWebKit/537.36 (KHTML, like Gecko) Chrome/49.0.2623.221 Safari/537.36 SE 2.X MetaSr 1.0" 
202.207.191.2 - - [08/Oct/2017:20:43:08 -0700] "GET /GitHub-Mark.png HTTP/1.1" 200 7428 "http://www.secrepo.com/" "Mozilla/5.0 (Windows NT 10.0; WOW64) AppleWebKit/537.36 (KHTML, like Gecko) Chrome/49.0.2623.221 Safari/537.36 SE 2.X MetaSr 1.0" 
202.207.191.2 - - [08/Oct/2017:20:47:26 -0700] "GET / HTTP/1.1" 301 483 "http://www.freebuf.com/articles/network/131279.html" "Mozilla/5.0 (Windows NT 10.0; WOW64; rv:56.0) Gecko/20100101 Firefox/56.0" 
202.207.191.2 - - [08/Oct/2017:20:47:26 -0700] "GET / HTTP/1.1" 200 10913 "http://www.freebuf.com/articles/network/131279.html" "Mozilla/5.0 (Windows NT 10.0; WOW64; rv:56.0) Gecko/20100101 Firefox/56.0" 
202.207.191.2 - - [08/Oct/2017:20:47:27 -0700] "GET /twitter-icon.png HTTP/1.1" 200 27787 "http://www.secrepo.com/" "Mozilla/5.0 (Windows NT 10.0; WOW64; rv:56.0) Gecko/20100101 Firefox/56.0" 
202.207.191.2 - - [08/Oct/2017:20:47:27 -0700] "GET /bootstrap/img/favicon.ico HTTP/1.1" 200 590 "-" "Mozilla/5.0 (Windows NT 10.0; WOW64; rv:56.0) Gecko/20100101 Firefox/56.0" 
202.207.191.2 - - [08/Oct/2017:20:47:27 -0700] "GET /GitHub-Mark.png HTTP/1.1" 200 7427 "http://www.secrepo.com/" "Mozilla/5.0 (Windows NT 10.0; WOW64; rv:56.0) Gecko/20100101 Firefox/56.0" 
202.207.191.2 - - [08/Oct/2017:20:58:33 -0700] "GET /maccdc2012/files.log.gz HTTP/1.1" 200 51408672 "-" "Mozilla/5.0 (Windows NT 10.0; WOW64) AppleWebKit/537.36 (KHTML, like Gecko) Chrome/49.0.2623.221 Safari/537.36 SE 2.X MetaSr 1.0" 
202.207.191.2 - - [08/Oct/2017:20:58:47 -0700] "GET /maccdc2012/files.log.gz HTTP/1.1" 200 7966570 "-" "Mozilla/5.0 (Windows NT 10.0; WOW64) AppleWebKit/537.36 (KHTML, like Gecko) Chrome/49.0.2623.221 Safari/537.36 SE 2.X MetaSr 1.0" 
202.207.191.2 - - [08/Oct/2017:20:58:54 -0700] "GET /maccdc2012/files.log.gz HTTP/1.1" 200 46402 "-" "Mozilla/5.0 (Windows NT 10.0; WOW64) AppleWebKit/537.36 (KHTML, like Gecko) Chrome/49.0.2623.221 Safari/537.36 SE 2.X MetaSr 1.0" 
203.220.129.72 - - [08/Oct/2017:21:04:39 -0700] "GET / HTTP/1.1" 200 10913 "https://www.google.com.au/" "Mozilla/5.0 (Windows NT 6.1; WOW64; rv:52.0) Gecko/20100101 Firefox/52.0" 
203.220.129.72 - - [08/Oct/2017:21:04:39 -0700] "GET /bootstrap/img/favicon.ico HTTP/1.1" 200 589 "-" "Mozilla/5.0 (Windows NT 6.1; WOW64; rv:52.0) Gecko/20100101 Firefox/52.0" 
203.220.129.72 - - [08/Oct/2017:21:04:40 -0700] "GET /GitHub-Mark.png HTTP/1.1" 200 7428 "http://www.secrepo.com/" "Mozilla/5.0 (Windows NT 6.1; WOW64; rv:52.0) Gecko/20100101 Firefox/52.0" 
203.220.129.72 - - [08/Oct/2017:21:04:40 -0700] "GET /twitter-icon.png HTTP/1.1" 200 27787 "http://www.secrepo.com/" "Mozilla/5.0 (Windows NT 6.1; WOW64; rv:52.0) Gecko/20100101 Firefox/52.0" 
157.55.39.176 - - [08/Oct/2017:21:04:58 -0700] "GET /self.logs/error.log.2015-07-10.gz HTTP/1.1" 404 340 "-" "Mozilla/5.0 (compatible; bingbot/2.0; +http://www.bing.com/bingbot.htm)" 
117.185.27.115 - - [08/Oct/2017:21:04:27 -0700] "GET /maccdc2012/files.log.gz HTTP/1.1" 200 377314 "-" "Mozilla/5.0 (Windows NT 6.1; WOW64) AppleWebKit/537.36 (KHTML, like Gecko) Chrome/45.0.2454.101 Safari/537.36" 
207.46.13.188 - - [08/Oct/2017:21:06:00 -0700] "GET /self.logs/error.log.2016-01-21.gz HTTP/1.1" 404 340 "-" "Mozilla/5.0 (compatible; bingbot/2.0; +http://www.bing.com/bingbot.htm)" 
96.231.65.141 - - [08/Oct/2017:21:09:24 -0700] "GET /maccdc2012/ftp.log.gz HTTP/1.1" 200 128116 "-" "Mozilla/5.0 (Macintosh; Intel Mac OS X 10_12_6) AppleWebKit/537.36 (KHTML, like Gecko) Chrome/61.0.3163.100 Safari/537.36" 
96.231.65.141 - - [08/Oct/2017:21:10:20 -0700] "GET /maccdc2012/dhcp.log.gz HTTP/1.1" 200 45019 "-" "Mozilla/5.0 (Macintosh; Intel Mac OS X 10_12_6) AppleWebKit/537.36 (KHTML, like Gecko) Chrome/61.0.3163.100 Safari/537.36" 
96.231.65.141 - - [08/Oct/2017:21:10:23 -0700] "GET /maccdc2012/dns.log.gz HTTP/1.1" 200 6629420 "-" "Mozilla/5.0 (Macintosh; Intel Mac OS X 10_12_6) AppleWebKit/537.36 (KHTML, like Gecko) Chrome/61.0.3163.100 Safari/537.36" 
96.231.65.141 - - [08/Oct/2017:21:10:38 -0700] "GET /maccdc2012/notice.log.gz HTTP/1.1" 200 20779 "-" "Mozilla/5.0 (Macintosh; Intel Mac OS X 10_12_6) AppleWebKit/537.36 (KHTML, like Gecko) Chrome/61.0.3163.100 Safari/537.36" 
96.231.65.141 - - [08/Oct/2017:21:10:41 -0700] "GET /maccdc2012/signatures.log.gz HTTP/1.1" 200 605 "-" "Mozilla/5.0 (Macintosh; Intel Mac OS X 10_12_6) AppleWebKit/537.36 (KHTML, like Gecko) Chrome/61.0.3163.100 Safari/537.36" 
96.231.65.141 - - [08/Oct/2017:21:10:27 -0700] "GET /maccdc2012/files.log.gz HTTP/1.1" 200 51408671 "-" "Mozilla/5.0 (Macintosh; Intel Mac OS X 10_12_6) AppleWebKit/537.36 (KHTML, like Gecko) Chrome/61.0.3163.100 Safari/537.36" 
96.231.65.141 - - [08/Oct/2017:21:10:48 -0700] "GET /maccdc2012/smtp.log.gz HTTP/1.1" 200 6908 "-" "Mozilla/5.0 (Macintosh; Intel Mac OS X 10_12_6) AppleWebKit/537.36 (KHTML, like Gecko) Chrome/61.0.3163.100 Safari/537.36" 
96.231.65.141 - - [08/Oct/2017:21:10:53 -0700] "GET /maccdc2012/ssh.log.gz HTTP/1.1" 200 182517 "-" "Mozilla/5.0 (Macintosh; Intel Mac OS X 10_12_6) AppleWebKit/537.36 (KHTML, like Gecko) Chrome/61.0.3163.100 Safari/537.36" 
96.231.65.141 - - [08/Oct/2017:21:10:59 -0700] "GET /maccdc2012/ssl.log.gz HTTP/1.1" 200 1313675 "-" "Mozilla/5.0 (Macintosh; Intel Mac OS X 10_12_6) AppleWebKit/537.36 (KHTML, like Gecko) Chrome/61.0.3163.100 Safari/537.36" 
96.231.65.141 - - [08/Oct/2017:21:10:34 -0700] "GET /maccdc2012/http.log.gz HTTP/1.1" 200 54258816 "-" "Mozilla/5.0 (Macintosh; Intel Mac OS X 10_12_6) AppleWebKit/537.36 (KHTML, like Gecko) Chrome/61.0.3163.100 Safari/537.36" 
96.231.65.141 - - [08/Oct/2017:21:11:03 -0700] "GET /maccdc2012/tunnel.log.gz HTTP/1.1" 200 5228 "-" "Mozilla/5.0 (Macintosh; Intel Mac OS X 10_12_6) AppleWebKit/537.36 (KHTML, like Gecko) Chrome/61.0.3163.100 Safari/537.36" 
96.231.65.141 - - [08/Oct/2017:21:11:06 -0700] "GET /maccdc2012/weird.log.gz HTTP/1.1" 200 1242777 "-" "Mozilla/5.0 (Macintosh; Intel Mac OS X 10_12_6) AppleWebKit/537.36 (KHTML, like Gecko) Chrome/61.0.3163.100 Safari/537.36" 
96.231.65.141 - - [08/Oct/2017:21:11:19 -0700] "GET /tg/a.zip HTTP/1.1" 200 66189337 "-" "Mozilla/5.0 (Macintosh; Intel Mac OS X 10_12_6) AppleWebKit/537.36 (KHTML, like Gecko) Chrome/61.0.3163.100 Safari/537.36" 
96.231.65.141 - - [08/Oct/2017:21:10:15 -0700] "GET /maccdc2012/conn.log.gz HTTP/1.1" 200 551041635 "-" "Mozilla/5.0 (Macintosh; Intel Mac OS X 10_12_6) AppleWebKit/537.36 (KHTML, like Gecko) Chrome/61.0.3163.100 Safari/537.36" 
96.231.65.141 - - [08/Oct/2017:21:12:50 -0700] "GET /self.logs/ HTTP/1.1" 200 5955 "http://www.secrepo.com/" "Mozilla/5.0 (Macintosh; Intel Mac OS X 10_12_6) AppleWebKit/537.36 (KHTML, like Gecko) Chrome/61.0.3163.100 Safari/537.36" 
96.231.65.141 - - [08/Oct/2017:21:12:51 -0700] "GET /favicon.ico HTTP/1.1" 200 267 "http://www.secrepo.com/self.logs/" "Mozilla/5.0 (Macintosh; Intel Mac OS X 10_12_6) AppleWebKit/537.36 (KHTML, like Gecko) Chrome/61.0.3163.100 Safari/537.36" 
66.249.65.141 - - [08/Oct/2017:21:13:17 -0700] "GET /bootstrap/img/favicon.ico HTTP/1.1" 304 165 "-" "Googlebot-Image/1.0" 
66.249.65.139 - - [08/Oct/2017:21:13:46 -0700] "GET /favicon.ico HTTP/1.1" 200 268 "-" "Googlebot-Image/1.0" 
96.231.65.141 - - [08/Oct/2017:21:13:52 -0700] "GET /squid/access.log.gz HTTP/1.1" 200 23177322 "-" "Mozilla/5.0 (Macintosh; Intel Mac OS X 10_12_6) AppleWebKit/537.36 (KHTML, like Gecko) Chrome/61.0.3163.100 Safari/537.36" 
96.231.65.141 - - [08/Oct/2017:21:14:00 -0700] "GET /auth.log/auth.log.gz HTTP/1.1" 200 554524 "-" "Mozilla/5.0 (Macintosh; Intel Mac OS X 10_12_6) AppleWebKit/537.36 (KHTML, like Gecko) Chrome/61.0.3163.100 Safari/537.36" 
23.253.235.51 - - [08/Oct/2017:21:14:14 -0700] "GET /robots.txt HTTP/1.1" 301 446 "-" "Tornado-Async-Client" 
23.253.235.51 - - [08/Oct/2017:21:14:14 -0700] "GET /robots.txt HTTP/1.1" 304 130 "-" "Tornado-Async-Client" 
23.253.235.51 - - [08/Oct/2017:21:14:14 -0700] "GET /honeypot/BSidesDFW%20-%202014.ipynb HTTP/1.1" 301 484 "-" "Tornado-Async-Client" 
23.253.235.51 - - [08/Oct/2017:21:14:14 -0700] "GET /honeypot/BSidesDFW%20-%202014.ipynb HTTP/1.1" 200 930780 "-" "Tornado-Async-Client" 
96.231.65.141 - - [08/Oct/2017:21:14:35 -0700] "GET /honeypot/honeypot.json.zip HTTP/1.1" 200 23085976 "-" "Mozilla/5.0 (Macintosh; Intel Mac OS X 10_12_6) AppleWebKit/537.36 (KHTML, like Gecko) Chrome/61.0.3163.100 Safari/537.36" 
207.46.13.28 - - [08/Oct/2017:21:17:07 -0700] "GET /self.logs/error.log.2017-03-17.gz HTTP/1.1" 200 1051 "-" "Mozilla/5.0 (compatible; bingbot/2.0; +http://www.bing.com/bingbot.htm)" 
96.231.65.141 - - [08/Oct/2017:21:17:22 -0700] "GET /Security-Data-Analysis/Lab_2/http.log.zip HTTP/1.1" 200 53454198 "-" "Mozilla/5.0 (Macintosh; Intel Mac OS X 10_12_6) AppleWebKit/537.36 (KHTML, like Gecko) Chrome/61.0.3163.100 Safari/537.36" 
96.231.65.141 - - [08/Oct/2017:21:16:28 -0700] "GET /Security-Data-Analysis/Lab_1/conn.log.zip HTTP/1.1" 200 549098528 "-" "Mozilla/5.0 (Macintosh; Intel Mac OS X 10_12_6) AppleWebKit/537.36 (KHTML, like Gecko) Chrome/61.0.3163.100 Safari/537.36" 
96.231.65.141 - - [08/Oct/2017:21:17:03 -0700] "GET /Security-Data-Analysis/Lab_2/http.log.zip HTTP/1.1" 200 38318847 "-" "Mozilla/5.0 (Macintosh; Intel Mac OS X 10_12_6) AppleWebKit/537.36 (KHTML, like Gecko) Chrome/61.0.3163.100 Safari/537.36" 
96.231.65.141 - - [08/Oct/2017:21:17:37 -0700] "GET /Security-Data-Analysis/Lab_1/conn.log.zip HTTP/1.1" 200 11157008 "-" "Mozilla/5.0 (Macintosh; Intel Mac OS X 10_12_6) AppleWebKit/537.36 (KHTML, like Gecko) Chrome/61.0.3163.100 Safari/537.36" 
207.46.13.188 - - [08/Oct/2017:21:21:13 -0700] "GET /self.logs/access.log.2015-03-09.gz HTTP/1.1" 404 340 "-" "Mozilla/5.0 (compatible; bingbot/2.0; +http://www.bing.com/bingbot.htm)" 
130.105.185.213 - - [08/Oct/2017:21:30:05 -0700] "GET /wp-login.php HTTP/1.1" 404 295 "-" "Mozilla/5.0 (Windows NT 6.1; WOW64; rv:40.0) Gecko/20100101 Firefox/40.1" 
120.221.0.34 - - [08/Oct/2017:21:30:08 -0700] "GET /honeypot/Honeypot%20-%20Howto.pdf HTTP/1.1" 304 131 "-" "Mozilla/5.0 Gecko/20100115 Firefox/3.6" 
130.105.185.213 - - [08/Oct/2017:21:30:11 -0700] "GET /wp-login.php HTTP/1.1" 404 295 "-" "Mozilla/5.0 (Windows NT 6.1; WOW64; rv:40.0) Gecko/20100101 Firefox/40.1" 
130.105.185.213 - - [08/Oct/2017:21:30:17 -0700] "GET / HTTP/1.1" 200 36860 "-" "Mozilla/5.0 (Windows NT 6.1; WOW64; rv:40.0) Gecko/20100101 Firefox/40.1" 
207.46.13.111 - - [08/Oct/2017:21:32:06 -0700] "GET /self.logs/ HTTP/1.1" 200 5955 "-" "Mozilla/5.0 (compatible; bingbot/2.0; +http://www.bing.com/bingbot.htm)" 
207.46.13.188 - - [08/Oct/2017:21:32:28 -0700] "GET /robots.txt HTTP/1.1" 200 334 "-" "Mozilla/5.0 (compatible; bingbot/2.0; +http://www.bing.com/bingbot.htm)" 
203.104.145.30 - - [08/Oct/2017:21:33:06 -0700] "GET / HTTP/1.1" 206 10962 "-" "facebookexternalhit/1.1;line-poker/1.0" 
138.77.202.99 - - [08/Oct/2017:21:33:44 -0700] "GET / HTTP/1.1" 200 10913 "-" "Mozilla/5.0 (Windows NT 6.1; Win64; x64) AppleWebKit/537.36 (KHTML, like Gecko) Chrome/61.0.3163.100 Safari/537.36" 
138.77.202.99 - - [08/Oct/2017:21:33:49 -0700] "GET /twitter-icon.png HTTP/1.1" 200 27788 "http://www.secrepo.com/" "Mozilla/5.0 (Windows NT 6.1; Win64; x64) AppleWebKit/537.36 (KHTML, like Gecko) Chrome/61.0.3163.100 Safari/537.36" 
138.77.202.99 - - [08/Oct/2017:21:33:49 -0700] "GET /GitHub-Mark.png HTTP/1.1" 200 7428 "http://www.secrepo.com/" "Mozilla/5.0 (Windows NT 6.1; Win64; x64) AppleWebKit/537.36 (KHTML, like Gecko) Chrome/61.0.3163.100 Safari/537.36" 
157.55.39.176 - - [08/Oct/2017:21:36:09 -0700] "GET /honeypot/Honeypot%20-%20Howto.pdf HTTP/1.1" 200 1279418 "-" "Mozilla/5.0 (iPhone; CPU iPhone OS 7_0 like Mac OS X) AppleWebKit/537.51.1 (KHTML, like Gecko) Version/7.0 Mobile/11A465 Safari/9537.53 (compatible; bingbot/2.0; +http://www.bing.com/bingbot.htm)" 
216.244.66.227 - - [08/Oct/2017:21:46:02 -0700] "GET /robots.txt HTTP/1.1" 200 233 "-" "Mozilla/5.0 (compatible; DotBot/1.1; http://www.opensiteexplorer.org/dotbot, help@moz.com)" 
125.164.63.225 - - [08/Oct/2017:21:46:30 -0700] "GET /wp-login.php HTTP/1.1" 404 295 "-" "Mozilla/5.0 (Windows NT 6.1; WOW64; rv:40.0) Gecko/20100101 Firefox/40.1" 
125.164.63.225 - - [08/Oct/2017:21:46:36 -0700] "GET /wp-login.php HTTP/1.1" 404 295 "-" "Mozilla/5.0 (Windows NT 6.1; WOW64; rv:40.0) Gecko/20100101 Firefox/40.1" 
125.164.63.225 - - [08/Oct/2017:21:46:41 -0700] "GET / HTTP/1.1" 200 36860 "-" "Mozilla/5.0 (Windows NT 6.1; WOW64; rv:40.0) Gecko/20100101 Firefox/40.1" 
109.102.111.66 - - [08/Oct/2017:21:48:29 -0700] "GET / HTTP/1.1" 200 36860 "-" "Java/1.6.0_04" 
109.102.111.66 - - [08/Oct/2017:21:48:30 -0700] "GET /GitHub-Mark.png HTTP/1.1" 200 7427 "-" "Java/1.6.0_04" 
109.102.111.66 - - [08/Oct/2017:21:48:30 -0700] "GET /self.logs HTTP/1.1" 301 517 "-" "Java/1.6.0_04" 
109.102.111.66 - - [08/Oct/2017:21:48:30 -0700] "GET /self.logs/ HTTP/1.1" 200 53973 "-" "Java/1.6.0_04" 
109.102.111.66 - - [08/Oct/2017:21:48:31 -0700] "GET /twitter-icon.png HTTP/1.1" 200 27787 "-" "Java/1.6.0_04" 
109.102.111.66 - - [08/Oct/2017:21:48:31 -0700] "GET /access.log.2017-01-01.gz HTTP/1.1" 404 294 "-" "Java/1.6.0_04" 
109.102.111.66 - - [08/Oct/2017:21:48:31 -0700] "GET /access.log.2017-01-02.gz HTTP/1.1" 404 294 "-" "Java/1.6.0_04" 
109.102.111.66 - - [08/Oct/2017:21:48:31 -0700] "GET /access.log.2017-01-03.gz HTTP/1.1" 404 294 "-" "Java/1.6.0_04" 
109.102.111.66 - - [08/Oct/2017:21:48:31 -0700] "GET /access.log.2017-01-04.gz HTTP/1.1" 404 294 "-" "Java/1.6.0_04" 
109.102.111.66 - - [08/Oct/2017:21:48:32 -0700] "GET /access.log.2017-01-05.gz HTTP/1.1" 404 294 "-" "Java/1.6.0_04" 
109.102.111.66 - - [08/Oct/2017:21:48:32 -0700] "GET /access.log.2017-01-06.gz HTTP/1.1" 404 294 "-" "Java/1.6.0_04" 
109.102.111.66 - - [08/Oct/2017:21:48:32 -0700] "GET /access.log.2017-01-07.gz HTTP/1.1" 404 294 "-" "Java/1.6.0_04" 
109.102.111.66 - - [08/Oct/2017:21:48:32 -0700] "GET /access.log.2017-01-08.gz HTTP/1.1" 404 294 "-" "Java/1.6.0_04" 
109.102.111.66 - - [08/Oct/2017:21:48:32 -0700] "GET /access.log.2017-01-09.gz HTTP/1.1" 404 294 "-" "Java/1.6.0_04" 
109.102.111.66 - - [08/Oct/2017:21:48:32 -0700] "GET /access.log.2017-01-10.gz HTTP/1.1" 404 294 "-" "Java/1.6.0_04" 
109.102.111.66 - - [08/Oct/2017:21:48:32 -0700] "GET /access.log.2017-01-11.gz HTTP/1.1" 404 294 "-" "Java/1.6.0_04" 
109.102.111.66 - - [08/Oct/2017:21:48:33 -0700] "GET /access.log.2017-01-12.gz HTTP/1.1" 404 294 "-" "Java/1.6.0_04" 
109.102.111.66 - - [08/Oct/2017:21:48:33 -0700] "GET /access.log.2017-01-13.gz HTTP/1.1" 404 294 "-" "Java/1.6.0_04" 
109.102.111.66 - - [08/Oct/2017:21:48:33 -0700] "GET /access.log.2017-01-14.gz HTTP/1.1" 404 294 "-" "Java/1.6.0_04" 
109.102.111.66 - - [08/Oct/2017:21:48:33 -0700] "GET /access.log.2017-01-15.gz HTTP/1.1" 404 294 "-" "Java/1.6.0_04" 
109.102.111.66 - - [08/Oct/2017:21:48:33 -0700] "GET /access.log.2017-01-16.gz HTTP/1.1" 404 294 "-" "Java/1.6.0_04" 
109.102.111.66 - - [08/Oct/2017:21:48:33 -0700] "GET /access.log.2017-01-17.gz HTTP/1.1" 404 294 "-" "Java/1.6.0_04" 
109.102.111.66 - - [08/Oct/2017:21:48:33 -0700] "GET /access.log.2017-01-18.gz HTTP/1.1" 404 294 "-" "Java/1.6.0_04" 
109.102.111.66 - - [08/Oct/2017:21:48:34 -0700] "GET /access.log.2017-01-19.gz HTTP/1.1" 404 294 "-" "Java/1.6.0_04" 
109.102.111.66 - - [08/Oct/2017:21:48:34 -0700] "GET /access.log.2017-01-20.gz HTTP/1.1" 404 294 "-" "Java/1.6.0_04" 
109.102.111.66 - - [08/Oct/2017:21:48:34 -0700] "GET /access.log.2017-01-21.gz HTTP/1.1" 404 294 "-" "Java/1.6.0_04" 
109.102.111.66 - - [08/Oct/2017:21:48:34 -0700] "GET /access.log.2017-01-22.gz HTTP/1.1" 404 294 "-" "Java/1.6.0_04" 
109.102.111.66 - - [08/Oct/2017:21:48:34 -0700] "GET /access.log.2017-01-23.gz HTTP/1.1" 404 294 "-" "Java/1.6.0_04" 
109.102.111.66 - - [08/Oct/2017:21:48:34 -0700] "GET /access.log.2017-01-24.gz HTTP/1.1" 404 294 "-" "Java/1.6.0_04" 
109.102.111.66 - - [08/Oct/2017:21:48:34 -0700] "GET /access.log.2017-01-25.gz HTTP/1.1" 404 294 "-" "Java/1.6.0_04" 
109.102.111.66 - - [08/Oct/2017:21:48:35 -0700] "GET /access.log.2017-01-26.gz HTTP/1.1" 404 294 "-" "Java/1.6.0_04" 
203.220.129.72 - - [08/Oct/2017:21:56:47 -0700] "GET /misc/zeus_dga_domains.txt.zip HTTP/1.1" 200 594360 "http://www.secrepo.com/" "Mozilla/5.0 (Windows NT 6.1; WOW64; rv:52.0) Gecko/20100101 Firefox/52.0" 
122.173.18.44 - - [08/Oct/2017:21:59:31 -0700] "GET /wp-login.php HTTP/1.1" 404 295 "-" "Mozilla/5.0 (Windows NT 6.1; WOW64; rv:40.0) Gecko/20100101 Firefox/40.1" 
125.164.63.225 - - [08/Oct/2017:21:59:34 -0700] "GET /wp-login.php HTTP/1.1" 301 522 "-" "Mozilla/5.0 (Windows NT 6.1; WOW64; rv:40.0) Gecko/20100101 Firefox/40.1" 
125.164.63.225 - - [08/Oct/2017:21:59:35 -0700] "GET /wp-login.php HTTP/1.1" 404 295 "-" "Mozilla/5.0 (Windows NT 6.1; WOW64; rv:40.0) Gecko/20100101 Firefox/40.1" 
122.173.18.44 - - [08/Oct/2017:21:59:37 -0700] "GET /wp-login.php HTTP/1.1" 404 295 "-" "Mozilla/5.0 (Windows NT 6.1; WOW64; rv:40.0) Gecko/20100101 Firefox/40.1" 
125.164.63.225 - - [08/Oct/2017:21:59:40 -0700] "GET /wp-login.php HTTP/1.1" 301 522 "-" "Mozilla/5.0 (Windows NT 6.1; WOW64; rv:40.0) Gecko/20100101 Firefox/40.1" 
125.164.63.225 - - [08/Oct/2017:21:59:41 -0700] "GET /wp-login.php HTTP/1.1" 404 295 "-" "Mozilla/5.0 (Windows NT 6.1; WOW64; rv:40.0) Gecko/20100101 Firefox/40.1" 
122.173.18.44 - - [08/Oct/2017:21:59:42 -0700] "GET / HTTP/1.1" 200 36860 "-" "Mozilla/5.0 (Windows NT 6.1; WOW64; rv:40.0) Gecko/20100101 Firefox/40.1" 
125.164.63.225 - - [08/Oct/2017:21:59:46 -0700] "GET / HTTP/1.1" 301 498 "-" "Mozilla/5.0 (Windows NT 6.1; WOW64; rv:40.0) Gecko/20100101 Firefox/40.1" 
125.164.63.225 - - [08/Oct/2017:21:59:47 -0700] "GET / HTTP/1.1" 200 36860 "-" "Mozilla/5.0 (Windows NT 6.1; WOW64; rv:40.0) Gecko/20100101 Firefox/40.1" 
122.173.18.44 - - [08/Oct/2017:22:00:32 -0700] "GET /wp-login.php HTTP/1.1" 301 522 "-" "Mozilla/5.0 (Windows NT 6.1; WOW64; rv:40.0) Gecko/20100101 Firefox/40.1" 
122.173.18.44 - - [08/Oct/2017:22:00:32 -0700] "GET /wp-login.php HTTP/1.1" 404 295 "-" "Mozilla/5.0 (Windows NT 6.1; WOW64; rv:40.0) Gecko/20100101 Firefox/40.1" 
122.173.18.44 - - [08/Oct/2017:22:00:38 -0700] "GET /wp-login.php HTTP/1.1" 301 522 "-" "Mozilla/5.0 (Windows NT 6.1; WOW64; rv:40.0) Gecko/20100101 Firefox/40.1" 
122.173.18.44 - - [08/Oct/2017:22:00:39 -0700] "GET /wp-login.php HTTP/1.1" 404 295 "-" "Mozilla/5.0 (Windows NT 6.1; WOW64; rv:40.0) Gecko/20100101 Firefox/40.1" 
122.173.18.44 - - [08/Oct/2017:22:00:44 -0700] "GET / HTTP/1.1" 301 498 "-" "Mozilla/5.0 (Windows NT 6.1; WOW64; rv:40.0) Gecko/20100101 Firefox/40.1" 
122.173.18.44 - - [08/Oct/2017:22:00:45 -0700] "GET / HTTP/1.1" 200 36860 "-" "Mozilla/5.0 (Windows NT 6.1; WOW64; rv:40.0) Gecko/20100101 Firefox/40.1" 
207.46.13.111 - - [08/Oct/2017:22:02:05 -0700] "GET /self.logs/access.log.2015-10-05.gz HTTP/1.1" 404 340 "-" "Mozilla/5.0 (compatible; bingbot/2.0; +http://www.bing.com/bingbot.htm)" 
216.244.66.227 - - [08/Oct/2017:22:02:24 -0700] "GET /self.logs/access.log.2017-01-17.gz HTTP/1.1" 200 18327 "-" "Mozilla/5.0 (compatible; DotBot/1.1; http://www.opensiteexplorer.org/dotbot, help@moz.com)" 
216.244.66.227 - - [08/Oct/2017:22:02:34 -0700] "GET /self.logs/access.log.2017-08-01.gz HTTP/1.1" 200 30022 "-" "Mozilla/5.0 (compatible; DotBot/1.1; http://www.opensiteexplorer.org/dotbot, help@moz.com)" 
216.244.66.227 - - [08/Oct/2017:22:02:37 -0700] "GET /self.logs/error.log.2017-02-08.gz HTTP/1.1" 200 1977 "-" "Mozilla/5.0 (compatible; DotBot/1.1; http://www.opensiteexplorer.org/dotbot, help@moz.com)" 
216.244.66.227 - - [08/Oct/2017:22:02:40 -0700] "GET /self.logs/error.log.2017-04-11.gz HTTP/1.1" 200 636 "-" "Mozilla/5.0 (compatible; DotBot/1.1; http://www.opensiteexplorer.org/dotbot, help@moz.com)" 
216.244.66.227 - - [08/Oct/2017:22:02:42 -0700] "GET /self.logs/error.log.2017-08-22.gz HTTP/1.1" 200 865 "-" "Mozilla/5.0 (compatible; DotBot/1.1; http://www.opensiteexplorer.org/dotbot, help@moz.com)" 
52.16.32.106 - - [08/Oct/2017:22:04:09 -0700] "GET /self.logs/?C=N;O=D HTTP/1.1" 200 5971 "-" "Barkrowler/0.5.1 (experimenting / debugging - sorry for your logs ) http://www.exensa.com/crawl - admin@exensa.com -- based on BuBiNG" 
52.16.32.106 - - [08/Oct/2017:22:04:09 -0700] "GET /self.logs/?C=M;O=A HTTP/1.1" 200 6215 "-" "Barkrowler/0.5.1 (experimenting / debugging - sorry for your logs ) http://www.exensa.com/crawl - admin@exensa.com -- based on BuBiNG" 
52.16.32.106 - - [08/Oct/2017:22:04:10 -0700] "GET /self.logs/?C=S;O=A HTTP/1.1" 200 6362 "-" "Barkrowler/0.5.1 (experimenting / debugging - sorry for your logs ) http://www.exensa.com/crawl - admin@exensa.com -- based on BuBiNG" 
52.16.32.106 - - [08/Oct/2017:22:04:10 -0700] "GET /self.logs/?C=D;O=A HTTP/1.1" 200 5954 "-" "Barkrowler/0.5.1 (experimenting / debugging - sorry for your logs ) http://www.exensa.com/crawl - admin@exensa.com -- based on BuBiNG" 
52.16.32.106 - - [08/Oct/2017:22:04:11 -0700] "GET /self.logs/2015/ HTTP/1.1" 200 7436 "-" "Barkrowler/0.5.1 (experimenting / debugging - sorry for your logs ) http://www.exensa.com/crawl - admin@exensa.com -- based on BuBiNG" 
52.16.32.106 - - [08/Oct/2017:22:04:11 -0700] "GET /self.logs/2016/ HTTP/1.1" 200 7740 "-" "Barkrowler/0.5.1 (experimenting / debugging - sorry for your logs ) http://www.exensa.com/crawl - admin@exensa.com -- based on BuBiNG" 
52.16.32.106 - - [08/Oct/2017:22:04:12 -0700] "GET /%22https:/twitter.com/sooshie/%22 HTTP/1.1" 404 339 "-" "Barkrowler/0.5.1 (experimenting / debugging - sorry for your logs ) http://www.exensa.com/crawl - admin@exensa.com -- based on BuBiNG" 
52.16.32.106 - - [08/Oct/2017:22:04:12 -0700] "GET /%22https:/twitter.com/theroxyd/%22 HTTP/1.1" 404 339 "-" "Barkrowler/0.5.1 (experimenting / debugging - sorry for your logs ) http://www.exensa.com/crawl - admin@exensa.com -- based on BuBiNG" 
52.16.32.106 - - [08/Oct/2017:22:04:13 -0700] "GET /%22http:/amunhoney.sourceforge.net/%22 HTTP/1.1" 404 339 "-" "Barkrowler/0.5.1 (experimenting / debugging - sorry for your logs ) http://www.exensa.com/crawl - admin@exensa.com -- based on BuBiNG" 
52.16.32.106 - - [08/Oct/2017:22:04:13 -0700] "GET /%22http:/glastopf.org/%22 HTTP/1.1" 404 339 "-" "Barkrowler/0.5.1 (experimenting / debugging - sorry for your logs ) http://www.exensa.com/crawl - admin@exensa.com -- based on BuBiNG" 
52.16.32.106 - - [08/Oct/2017:22:04:15 -0700] "GET /%22http:/www.maxmind.com/%22 HTTP/1.1" 404 339 "-" "Barkrowler/0.5.1 (experimenting / debugging - sorry for your logs ) http://www.exensa.com/crawl - admin@exensa.com -- based on BuBiNG" 
216.244.66.227 - - [08/Oct/2017:22:05:16 -0700] "GET /self.logs/2015/error.log.2015-03-13.gz HTTP/1.1" 200 720 "-" "Mozilla/5.0 (compatible; DotBot/1.1; http://www.opensiteexplorer.org/dotbot, help@moz.com)" 
216.244.66.227 - - [08/Oct/2017:22:05:18 -0700] "GET /self.logs/2015/error.log.2015-06-05.gz HTTP/1.1" 200 571 "-" "Mozilla/5.0 (compatible; DotBot/1.1; http://www.opensiteexplorer.org/dotbot, help@moz.com)" 
216.244.66.227 - - [08/Oct/2017:22:05:19 -0700] "GET /self.logs/2016/access.log.2016-10-12.gz HTTP/1.1" 200 12337 "-" "Mozilla/5.0 (compatible; DotBot/1.1; http://www.opensiteexplorer.org/dotbot, help@moz.com)" 
39.52.248.95 - - [08/Oct/2017:22:07:50 -0700] "GET /wp-login.php HTTP/1.1" 404 295 "-" "Mozilla/5.0 (Windows NT 6.1; WOW64; rv:40.0) Gecko/20100101 Firefox/40.1" 
39.52.248.95 - - [08/Oct/2017:22:07:55 -0700] "GET /wp-login.php HTTP/1.1" 404 295 "-" "Mozilla/5.0 (Windows NT 6.1; WOW64; rv:40.0) Gecko/20100101 Firefox/40.1" 
39.52.248.95 - - [08/Oct/2017:22:08:02 -0700] "GET / HTTP/1.1" 200 36860 "-" "Mozilla/5.0 (Windows NT 6.1; WOW64; rv:40.0) Gecko/20100101 Firefox/40.1" 
181.45.5.17 - - [08/Oct/2017:22:11:20 -0700] "GET /wp-login.php HTTP/1.1" 301 522 "-" "Mozilla/5.0 (Windows NT 6.1; WOW64; rv:40.0) Gecko/20100101 Firefox/40.1" 
181.45.5.17 - - [08/Oct/2017:22:11:22 -0700] "GET /wp-login.php HTTP/1.1" 404 295 "-" "Mozilla/5.0 (Windows NT 6.1; WOW64; rv:40.0) Gecko/20100101 Firefox/40.1" 
181.45.5.17 - - [08/Oct/2017:22:11:28 -0700] "GET /wp-login.php HTTP/1.1" 301 522 "-" "Mozilla/5.0 (Windows NT 6.1; WOW64; rv:40.0) Gecko/20100101 Firefox/40.1" 
181.45.5.17 - - [08/Oct/2017:22:11:28 -0700] "GET /wp-login.php HTTP/1.1" 404 295 "-" "Mozilla/5.0 (Windows NT 6.1; WOW64; rv:40.0) Gecko/20100101 Firefox/40.1" 
181.45.5.17 - - [08/Oct/2017:22:11:33 -0700] "GET / HTTP/1.1" 301 498 "-" "Mozilla/5.0 (Windows NT 6.1; WOW64; rv:40.0) Gecko/20100101 Firefox/40.1" 
181.45.5.17 - - [08/Oct/2017:22:11:36 -0700] "GET / HTTP/1.1" 200 36860 "-" "Mozilla/5.0 (Windows NT 6.1; WOW64; rv:40.0) Gecko/20100101 Firefox/40.1" 
120.221.1.28 - - [08/Oct/2017:22:12:03 -0700] "GET /maccdc2012/files.log.gz HTTP/1.1" 304 155 "-" "Mozilla/5.0 Gecko/20100115 Firefox/3.6" 
39.52.248.95 - - [08/Oct/2017:22:12:34 -0700] "GET /wp-login.php HTTP/1.1" 301 522 "-" "Mozilla/5.0 (Windows NT 6.1; WOW64; rv:40.0) Gecko/20100101 Firefox/40.1" 
39.52.248.95 - - [08/Oct/2017:22:12:36 -0700] "GET /wp-login.php HTTP/1.1" 404 295 "-" "Mozilla/5.0 (Windows NT 6.1; WOW64; rv:40.0) Gecko/20100101 Firefox/40.1" 
39.52.248.95 - - [08/Oct/2017:22:12:41 -0700] "GET /wp-login.php HTTP/1.1" 301 522 "-" "Mozilla/5.0 (Windows NT 6.1; WOW64; rv:40.0) Gecko/20100101 Firefox/40.1" 
39.52.248.95 - - [08/Oct/2017:22:12:42 -0700] "GET /wp-login.php HTTP/1.1" 404 295 "-" "Mozilla/5.0 (Windows NT 6.1; WOW64; rv:40.0) Gecko/20100101 Firefox/40.1" 
39.52.248.95 - - [08/Oct/2017:22:12:47 -0700] "GET / HTTP/1.1" 301 498 "-" "Mozilla/5.0 (Windows NT 6.1; WOW64; rv:40.0) Gecko/20100101 Firefox/40.1" 
39.52.248.95 - - [08/Oct/2017:22:12:48 -0700] "GET / HTTP/1.1" 200 36860 "-" "Mozilla/5.0 (Windows NT 6.1; WOW64; rv:40.0) Gecko/20100101 Firefox/40.1" 
188.163.74.19 - - [08/Oct/2017:22:13:06 -0700] "GET / HTTP/1.1" 200 36804 "http://www.muz-baza.net/" "Mozilla/4.0 (compatible; MSIE 5.5; Windows 95)" 
188.163.74.19 - - [08/Oct/2017:22:13:06 -0700] "GET / HTTP/1.1" 200 36804 "http://www.muz-baza.net/" "Mozilla/4.0 (compatible; MSIE 5.5; Windows 95)" 
188.163.74.19 - - [08/Oct/2017:22:13:07 -0700] "GET / HTTP/1.1" 200 36500 "http://www.muz-baza.net/" "Mozilla/4.0 (compatible; MSIE 5.5; Windows 95)" 
157.55.39.176 - - [08/Oct/2017:22:13:32 -0700] "GET /self.logs/access.log.2015-03-19.gz HTTP/1.1" 404 340 "-" "Mozilla/5.0 (compatible; bingbot/2.0; +http://www.bing.com/bingbot.htm)" 
83.110.17.183 - - [08/Oct/2017:22:16:46 -0700] "GET / HTTP/1.1" 200 10913 "https://www.google.ae/" "Mozilla/5.0 (Windows NT 6.1; Win64; x64; rv:56.0) Gecko/20100101 Firefox/56.0" 
83.110.17.183 - - [08/Oct/2017:22:16:46 -0700] "GET /GitHub-Mark.png HTTP/1.1" 200 7427 "http://www.secrepo.com/" "Mozilla/5.0 (Windows NT 6.1; Win64; x64; rv:56.0) Gecko/20100101 Firefox/56.0" 
83.110.17.183 - - [08/Oct/2017:22:16:47 -0700] "GET /bootstrap/img/favicon.ico HTTP/1.1" 200 589 "-" "Mozilla/5.0 (Windows NT 6.1; Win64; x64; rv:56.0) Gecko/20100101 Firefox/56.0" 
83.110.17.183 - - [08/Oct/2017:22:17:00 -0700] "GET /twitter-icon.png HTTP/1.1" 200 27788 "-" "Mozilla/5.0 (Windows NT 6.1; Win64; x64; rv:56.0) Gecko/20100101 Firefox/56.0" 
66.249.65.137 - - [08/Oct/2017:22:17:13 -0700] "GET / HTTP/1.1" 200 10913 "-" "Mozilla/5.0 (Linux; Android 6.0.1; Nexus 5X Build/MMB29P) AppleWebKit/537.36 (KHTML, like Gecko) Chrome/41.0.2272.96 Mobile Safari/537.36 (compatible; Googlebot/2.1; +http://www.google.com/bot.html)" 
37.115.189.113 - - [08/Oct/2017:22:19:49 -0700] "GET / HTTP/1.1" 200 36804 "https://pl.id-forex.com/" "Mozilla/4.0 (compatible; MSIE 4.01; Digital AlphaServer 1000A 4/233; Windows NT; Powered By 64-Bit Alpha Processor)" 
37.115.189.113 - - [08/Oct/2017:22:19:50 -0700] "GET / HTTP/1.1" 200 36804 "https://pl.id-forex.com/" "Mozilla/4.0 (compatible; MSIE 4.01; Digital AlphaServer 1000A 4/233; Windows NT; Powered By 64-Bit Alpha Processor)" 
37.115.189.113 - - [08/Oct/2017:22:19:52 -0700] "GET / HTTP/1.1" 200 36804 "https://pl.id-forex.com/" "Mozilla/4.0 (compatible; MSIE 4.01; Digital AlphaServer 1000A 4/233; Windows NT; Powered By 64-Bit Alpha Processor)" 
199.66.65.84 - - [08/Oct/2017:22:21:25 -0700] "GET / HTTP/1.1" 200 10913 "-" "Mozilla/5.0 (Windows NT 10.0; Win64; x64) AppleWebKit/537.36 (KHTML, like Gecko) Chrome/52.0.2743.116 Safari/537.36 Edge/15.15063" 
199.66.65.84 - - [08/Oct/2017:22:21:25 -0700] "GET /GitHub-Mark.png HTTP/1.1" 200 7427 "http://www.secrepo.com/" "Mozilla/5.0 (Windows NT 10.0; Win64; x64) AppleWebKit/537.36 (KHTML, like Gecko) Chrome/52.0.2743.116 Safari/537.36 Edge/15.15063" 
199.66.65.84 - - [08/Oct/2017:22:21:25 -0700] "GET /twitter-icon.png HTTP/1.1" 200 27788 "http://www.secrepo.com/" "Mozilla/5.0 (Windows NT 10.0; Win64; x64) AppleWebKit/537.36 (KHTML, like Gecko) Chrome/52.0.2743.116 Safari/537.36 Edge/15.15063" 
199.66.65.84 - - [08/Oct/2017:22:21:26 -0700] "GET /bootstrap/img/favicon.ico HTTP/1.1" 200 590 "-" "Mozilla/5.0 (Windows NT 10.0; Win64; x64) AppleWebKit/537.36 (KHTML, like Gecko) Chrome/52.0.2743.116 Safari/537.36 Edge/15.15063" 
199.66.65.84 - - [08/Oct/2017:22:21:32 -0700] "GET /maccdc2012/conn.log.gz HTTP/1.1" 200 15576227 "http://www.secrepo.com/" "Mozilla/5.0 (Windows NT 10.0; Win64; x64) AppleWebKit/537.36 (KHTML, like Gecko) Chrome/52.0.2743.116 Safari/537.36 Edge/15.15063" 
49.181.226.53 - - [08/Oct/2017:22:23:48 -0700] "GET / HTTP/1.1" 200 10913 "-" "Mozilla/5.0 (Windows NT 10.0; Win64; x64) AppleWebKit/537.36 (KHTML, like Gecko) Chrome/61.0.3163.100 Safari/537.36" 
49.181.226.53 - - [08/Oct/2017:22:24:00 -0700] "GET /GitHub-Mark.png HTTP/1.1" 200 7428 "http://www.secrepo.com/" "Mozilla/5.0 (Windows NT 10.0; Win64; x64) AppleWebKit/537.36 (KHTML, like Gecko) Chrome/61.0.3163.100 Safari/537.36" 
49.181.226.53 - - [08/Oct/2017:22:24:00 -0700] "GET /twitter-icon.png HTTP/1.1" 200 27788 "http://www.secrepo.com/" "Mozilla/5.0 (Windows NT 10.0; Win64; x64) AppleWebKit/537.36 (KHTML, like Gecko) Chrome/61.0.3163.100 Safari/537.36" 
207.46.13.188 - - [08/Oct/2017:22:24:04 -0700] "GET /self.logs/access.log.2016-04-02.gz HTTP/1.1" 404 340 "-" "Mozilla/5.0 (compatible; bingbot/2.0; +http://www.bing.com/bingbot.htm)" 
49.181.226.53 - - [08/Oct/2017:22:24:07 -0700] "GET /bootstrap/img/favicon.ico HTTP/1.1" 200 590 "http://www.secrepo.com/" "Mozilla/5.0 (Windows NT 10.0; Win64; x64) AppleWebKit/537.36 (KHTML, like Gecko) Chrome/61.0.3163.100 Safari/537.36" 
23.251.190.242 - - [08/Oct/2017:22:24:52 -0700] "GET / HTTP/1.1" 200 10913 "https://www.google.com/" "Mozilla/5.0 (X11; Ubuntu; Linux i686; rv:53.0) Gecko/20100101 Firefox/53.0" 
23.251.190.242 - - [08/Oct/2017:22:24:53 -0700] "GET /twitter-icon.png HTTP/1.1" 200 27787 "http://www.secrepo.com/" "Mozilla/5.0 (X11; Ubuntu; Linux i686; rv:53.0) Gecko/20100101 Firefox/53.0" 
23.251.190.242 - - [08/Oct/2017:22:24:53 -0700] "GET /GitHub-Mark.png HTTP/1.1" 200 7428 "http://www.secrepo.com/" "Mozilla/5.0 (X11; Ubuntu; Linux i686; rv:53.0) Gecko/20100101 Firefox/53.0" 
207.46.13.111 - - [08/Oct/2017:22:25:53 -0700] "GET /self.logs/access.log.2015-09-22.gz HTTP/1.1" 404 340 "-" "Mozilla/5.0 (compatible; bingbot/2.0; +http://www.bing.com/bingbot.htm)" 
216.244.66.227 - - [08/Oct/2017:22:26:38 -0700] "GET /robots.txt HTTP/1.1" 200 233 "-" "Mozilla/5.0 (compatible; DotBot/1.1; http://www.opensiteexplorer.org/dotbot, help@moz.com)" 
113.222.219.251 - - [08/Oct/2017:22:35:57 -0700] "GET / HTTP/1.1" 200 10913 "-" "Mozilla/5.0 (Windows NT 6.1; WOW64) AppleWebKit/537.36 (KHTML, like Gecko) Chrome/61.0.3163.100 Safari/537.36" 
113.222.219.251 - - [08/Oct/2017:22:35:58 -0700] "GET /twitter-icon.png HTTP/1.1" 200 27787 "http://www.secrepo.com/" "Mozilla/5.0 (Windows NT 6.1; WOW64) AppleWebKit/537.36 (KHTML, like Gecko) Chrome/61.0.3163.100 Safari/537.36" 
113.222.219.251 - - [08/Oct/2017:22:35:58 -0700] "GET /GitHub-Mark.png HTTP/1.1" 200 7428 "http://www.secrepo.com/" "Mozilla/5.0 (Windows NT 6.1; WOW64) AppleWebKit/537.36 (KHTML, like Gecko) Chrome/61.0.3163.100 Safari/537.36" 
151.253.99.66 - - [08/Oct/2017:22:36:16 -0700] "GET / HTTP/1.1" 200 10913 "-" "Mozilla/5.0 (Macintosh; Intel Mac OS X 10_12_6) AppleWebKit/537.36 (KHTML, like Gecko) Chrome/60.0.3112.101 Safari/537.36" 
151.253.99.66 - - [08/Oct/2017:22:36:17 -0700] "GET /twitter-icon.png HTTP/1.1" 200 27787 "http://www.secrepo.com/" "Mozilla/5.0 (Macintosh; Intel Mac OS X 10_12_6) AppleWebKit/537.36 (KHTML, like Gecko) Chrome/60.0.3112.101 Safari/537.36" 
151.253.99.66 - - [08/Oct/2017:22:36:17 -0700] "GET /GitHub-Mark.png HTTP/1.1" 200 7428 "http://www.secrepo.com/" "Mozilla/5.0 (Macintosh; Intel Mac OS X 10_12_6) AppleWebKit/537.36 (KHTML, like Gecko) Chrome/60.0.3112.101 Safari/537.36" 
151.253.99.66 - - [08/Oct/2017:22:36:18 -0700] "GET /bootstrap/img/favicon.ico HTTP/1.1" 200 589 "http://www.secrepo.com/" "Mozilla/5.0 (Macintosh; Intel Mac OS X 10_12_6) AppleWebKit/537.36 (KHTML, like Gecko) Chrome/60.0.3112.101 Safari/537.36" 
113.222.219.251 - - [08/Oct/2017:22:37:23 -0700] "GET /bootstrap/img/favicon.ico HTTP/1.1" 200 590 "http://www.secrepo.com/" "Mozilla/5.0 (Windows NT 6.1; WOW64) AppleWebKit/537.36 (KHTML, like Gecko) Chrome/61.0.3163.100 Safari/537.36" 
216.244.66.227 - - [08/Oct/2017:22:38:08 -0700] "GET /self.logs/access.log.2017-08-04.gz HTTP/1.1" 200 16188 "-" "Mozilla/5.0 (compatible; DotBot/1.1; http://www.opensiteexplorer.org/dotbot, help@moz.com)" 
216.244.66.227 - - [08/Oct/2017:22:38:11 -0700] "GET /self.logs/error.log.2017-01-20.gz HTTP/1.1" 200 726 "-" "Mozilla/5.0 (compatible; DotBot/1.1; http://www.opensiteexplorer.org/dotbot, help@moz.com)" 
66.79.174.132 - - [08/Oct/2017:22:40:51 -0700] "GET / HTTP/1.1" 200 10876 "-" "Go-http-client/1.1" 
207.46.13.28 - - [08/Oct/2017:22:47:39 -0700] "GET /self.logs/access.log.2016-07-02.gz HTTP/1.1" 404 340 "-" "Mozilla/5.0 (compatible; bingbot/2.0; +http://www.bing.com/bingbot.htm)" 
207.46.13.188 - - [08/Oct/2017:22:52:31 -0700] "GET /self.logs/error.log.2016-12-17.gz HTTP/1.1" 404 340 "-" "Mozilla/5.0 (compatible; bingbot/2.0; +http://www.bing.com/bingbot.htm)" 
79.176.98.238 - - [08/Oct/2017:22:56:12 -0700] "GET /wp-login.php HTTP/1.1" 404 295 "-" "Mozilla/5.0 (Windows NT 6.1; WOW64; rv:40.0) Gecko/20100101 Firefox/40.1" 
79.176.98.238 - - [08/Oct/2017:22:56:18 -0700] "GET / HTTP/1.1" 200 36860 "-" "Mozilla/5.0 (Windows NT 6.1; WOW64; rv:40.0) Gecko/20100101 Firefox/40.1" 
79.176.98.238 - - [08/Oct/2017:22:56:44 -0700] "GET /wp-login.php HTTP/1.1" 301 522 "-" "Mozilla/5.0 (Windows NT 6.1; WOW64; rv:40.0) Gecko/20100101 Firefox/40.1" 
79.176.98.238 - - [08/Oct/2017:22:56:44 -0700] "GET /wp-login.php HTTP/1.1" 404 295 "-" "Mozilla/5.0 (Windows NT 6.1; WOW64; rv:40.0) Gecko/20100101 Firefox/40.1" 
79.176.98.238 - - [08/Oct/2017:22:56:50 -0700] "GET /wp-login.php HTTP/1.1" 301 522 "-" "Mozilla/5.0 (Windows NT 6.1; WOW64; rv:40.0) Gecko/20100101 Firefox/40.1" 
79.176.98.238 - - [08/Oct/2017:22:56:50 -0700] "GET /wp-login.php HTTP/1.1" 404 295 "-" "Mozilla/5.0 (Windows NT 6.1; WOW64; rv:40.0) Gecko/20100101 Firefox/40.1" 
79.176.98.238 - - [08/Oct/2017:22:56:55 -0700] "GET / HTTP/1.1" 301 498 "-" "Mozilla/5.0 (Windows NT 6.1; WOW64; rv:40.0) Gecko/20100101 Firefox/40.1" 
79.176.98.238 - - [08/Oct/2017:22:56:55 -0700] "GET / HTTP/1.1" 200 36860 "-" "Mozilla/5.0 (Windows NT 6.1; WOW64; rv:40.0) Gecko/20100101 Firefox/40.1" 
114.136.66.114 - - [08/Oct/2017:23:00:25 -0700] "GET / HTTP/1.1" 304 189 "-" "Mozilla/5.0 (Macintosh; Intel Mac OS X 10_12_6) AppleWebKit/603.3.8 (KHTML, like Gecko) Version/10.1.2 Safari/603.3.8" 
114.136.66.114 - - [08/Oct/2017:23:00:25 -0700] "GET /twitter-icon.png HTTP/1.1" 200 27787 "http://www.secrepo.com/" "Mozilla/5.0 (Macintosh; Intel Mac OS X 10_12_6) AppleWebKit/603.3.8 (KHTML, like Gecko) Version/10.1.2 Safari/603.3.8" 
114.136.66.114 - - [08/Oct/2017:23:00:25 -0700] "GET /GitHub-Mark.png HTTP/1.1" 200 7428 "http://www.secrepo.com/" "Mozilla/5.0 (Macintosh; Intel Mac OS X 10_12_6) AppleWebKit/603.3.8 (KHTML, like Gecko) Version/10.1.2 Safari/603.3.8" 
145.249.11.93 - - [08/Oct/2017:23:00:54 -0700] "GET /wp-login.php HTTP/1.1" 404 239 "-" "Mozilla/5.0 (Windows NT 6.1; WOW64; rv:40.0) Gecko/20100101 Firefox/40.1" 
145.249.11.93 - - [08/Oct/2017:23:00:59 -0700] "GET /wp-login.php HTTP/1.1" 404 239 "-" "Mozilla/5.0 (Windows NT 6.1; WOW64; rv:40.0) Gecko/20100101 Firefox/40.1" 
145.249.11.93 - - [08/Oct/2017:23:01:04 -0700] "GET / HTTP/1.1" 200 36804 "-" "Mozilla/5.0 (Windows NT 6.1; WOW64; rv:40.0) Gecko/20100101 Firefox/40.1" 
207.46.13.28 - - [08/Oct/2017:23:02:14 -0700] "GET /self.logs/access.log.2017-04-01.gz HTTP/1.1" 200 12040 "-" "Mozilla/5.0 (compatible; bingbot/2.0; +http://www.bing.com/bingbot.htm)" 
66.249.65.158 - - [08/Oct/2017:23:03:22 -0700] "GET /robots.txt HTTP/1.1" 301 502 "-" "Mozilla/5.0 (compatible; Googlebot/2.1; +http://www.google.com/bot.html)" 
66.249.65.139 - - [08/Oct/2017:23:03:22 -0700] "GET /robots.txt HTTP/1.1" 200 334 "-" "Mozilla/5.0 (compatible; Googlebot/2.1; +http://www.google.com/bot.html)" 
66.249.65.159 - - [08/Oct/2017:23:03:22 -0700] "GET / HTTP/1.1" 301 483 "-" "Mozilla/5.0 (Linux; Android 6.0.1; Nexus 5X Build/MMB29P) AppleWebKit/537.36 (KHTML, like Gecko) Chrome/41.0.2272.96 Mobile Safari/537.36 (compatible; Googlebot/2.1; +http://www.google.com/bot.html)" 
207.46.13.188 - - [08/Oct/2017:23:06:56 -0700] "GET /self.logs/error.log.2016-07-25.gz HTTP/1.1" 404 340 "-" "Mozilla/5.0 (compatible; bingbot/2.0; +http://www.bing.com/bingbot.htm)" 
107.137.67.66 - - [08/Oct/2017:23:07:27 -0700] "GET / HTTP/1.1" 200 10913 "-" "Mozilla/5.0 (Windows NT 10.0; Win64; x64) AppleWebKit/537.36 (KHTML, like Gecko) Chrome/61.0.3163.100 Safari/537.36" 
107.137.67.66 - - [08/Oct/2017:23:07:28 -0700] "GET /twitter-icon.png HTTP/1.1" 200 27787 "http://www.secrepo.com/" "Mozilla/5.0 (Windows NT 10.0; Win64; x64) AppleWebKit/537.36 (KHTML, like Gecko) Chrome/61.0.3163.100 Safari/537.36" 
107.137.67.66 - - [08/Oct/2017:23:07:28 -0700] "GET /GitHub-Mark.png HTTP/1.1" 200 7428 "http://www.secrepo.com/" "Mozilla/5.0 (Windows NT 10.0; Win64; x64) AppleWebKit/537.36 (KHTML, like Gecko) Chrome/61.0.3163.100 Safari/537.36" 
81.152.121.140 - - [08/Oct/2017:23:13:29 -0700] "GET /wp-login.php HTTP/1.1" 404 295 "-" "Mozilla/5.0 (Windows NT 6.1; WOW64; rv:40.0) Gecko/20100101 Firefox/40.1" 
81.152.121.140 - - [08/Oct/2017:23:13:34 -0700] "GET /wp-login.php HTTP/1.1" 404 295 "-" "Mozilla/5.0 (Windows NT 6.1; WOW64; rv:40.0) Gecko/20100101 Firefox/40.1" 
81.152.121.140 - - [08/Oct/2017:23:13:39 -0700] "GET / HTTP/1.1" 200 36860 "-" "Mozilla/5.0 (Windows NT 6.1; WOW64; rv:40.0) Gecko/20100101 Firefox/40.1" 
81.152.121.140 - - [08/Oct/2017:23:14:33 -0700] "GET /wp-login.php HTTP/1.1" 301 522 "-" "Mozilla/5.0 (Windows NT 6.1; WOW64; rv:40.0) Gecko/20100101 Firefox/40.1" 
81.152.121.140 - - [08/Oct/2017:23:14:33 -0700] "GET /wp-login.php HTTP/1.1" 404 295 "-" "Mozilla/5.0 (Windows NT 6.1; WOW64; rv:40.0) Gecko/20100101 Firefox/40.1" 
81.152.121.140 - - [08/Oct/2017:23:14:38 -0700] "GET /wp-login.php HTTP/1.1" 301 522 "-" "Mozilla/5.0 (Windows NT 6.1; WOW64; rv:40.0) Gecko/20100101 Firefox/40.1" 
81.152.121.140 - - [08/Oct/2017:23:14:38 -0700] "GET /wp-login.php HTTP/1.1" 404 295 "-" "Mozilla/5.0 (Windows NT 6.1; WOW64; rv:40.0) Gecko/20100101 Firefox/40.1" 
81.152.121.140 - - [08/Oct/2017:23:14:43 -0700] "GET / HTTP/1.1" 301 498 "-" "Mozilla/5.0 (Windows NT 6.1; WOW64; rv:40.0) Gecko/20100101 Firefox/40.1" 
81.152.121.140 - - [08/Oct/2017:23:14:43 -0700] "GET / HTTP/1.1" 200 36860 "-" "Mozilla/5.0 (Windows NT 6.1; WOW64; rv:40.0) Gecko/20100101 Firefox/40.1" 
