216.244.66.245 - - [27/Aug/2018:16:24:28 -0700] "GET /self.logs/2015/access.log.2015-05-14.gz HTTP/1.1" 200 6007 "-" "Mozilla/5.0 (compatible; DotBot/1.1; http://www.opensiteexplorer.org/dotbot, help@moz.com)" 
216.244.66.245 - - [27/Aug/2018:16:24:29 -0700] "GET /self.logs/2015/access.log.2015-06-03.gz HTTP/1.1" 200 3292 "-" "Mozilla/5.0 (compatible; DotBot/1.1; http://www.opensiteexplorer.org/dotbot, help@moz.com)" 
216.244.66.245 - - [27/Aug/2018:16:24:30 -0700] "GET /self.logs/2015/access.log.2015-08-06.gz HTTP/1.1" 200 6053 "-" "Mozilla/5.0 (compatible; DotBot/1.1; http://www.opensiteexplorer.org/dotbot, help@moz.com)" 
216.244.66.245 - - [27/Aug/2018:16:24:31 -0700] "GET /self.logs/2015/access.log.2015-08-31.gz HTTP/1.1" 200 5513 "-" "Mozilla/5.0 (compatible; DotBot/1.1; http://www.opensiteexplorer.org/dotbot, help@moz.com)" 
216.244.66.245 - - [27/Aug/2018:16:24:32 -0700] "GET /self.logs/2015/access.log.2015-09-28.gz HTTP/1.1" 200 4819 "-" "Mozilla/5.0 (compatible; DotBot/1.1; http://www.opensiteexplorer.org/dotbot, help@moz.com)" 
216.244.66.245 - - [27/Aug/2018:16:24:33 -0700] "GET /self.logs/2015/access.log.2015-12-02.gz HTTP/1.1" 200 5881 "-" "Mozilla/5.0 (compatible; DotBot/1.1; http://www.opensiteexplorer.org/dotbot, help@moz.com)" 
216.244.66.245 - - [27/Aug/2018:16:24:34 -0700] "GET /self.logs/2015/error.log.2015-01-31.gz HTTP/1.1" 200 666 "-" "Mozilla/5.0 (compatible; DotBot/1.1; http://www.opensiteexplorer.org/dotbot, help@moz.com)" 
216.244.66.245 - - [27/Aug/2018:16:24:35 -0700] "GET /self.logs/2016/access.log.2016-01-27.gz HTTP/1.1" 200 7559 "-" "Mozilla/5.0 (compatible; DotBot/1.1; http://www.opensiteexplorer.org/dotbot, help@moz.com)" 
216.244.66.245 - - [27/Aug/2018:16:24:36 -0700] "GET /self.logs/2016/access.log.2016-03-01.gz HTTP/1.1" 200 9114 "-" "Mozilla/5.0 (compatible; DotBot/1.1; http://www.opensiteexplorer.org/dotbot, help@moz.com)" 
216.244.66.245 - - [27/Aug/2018:16:24:37 -0700] "GET /self.logs/2016/access.log.2016-04-06.gz HTTP/1.1" 200 9241 "-" "Mozilla/5.0 (compatible; DotBot/1.1; http://www.opensiteexplorer.org/dotbot, help@moz.com)" 
216.244.66.245 - - [27/Aug/2018:16:24:38 -0700] "GET /self.logs/2016/access.log.2016-11-14.gz HTTP/1.1" 200 27770 "-" "Mozilla/5.0 (compatible; DotBot/1.1; http://www.opensiteexplorer.org/dotbot, help@moz.com)" 
216.244.66.245 - - [27/Aug/2018:16:24:39 -0700] "GET /self.logs/2016/access.log.2016-11-29.gz HTTP/1.1" 200 11549 "-" "Mozilla/5.0 (compatible; DotBot/1.1; http://www.opensiteexplorer.org/dotbot, help@moz.com)" 
216.244.66.245 - - [27/Aug/2018:16:24:40 -0700] "GET /self.logs/2016/error.log.2016-05-02.gz HTTP/1.1" 200 586 "-" "Mozilla/5.0 (compatible; DotBot/1.1; http://www.opensiteexplorer.org/dotbot, help@moz.com)" 
216.244.66.245 - - [27/Aug/2018:16:24:40 -0700] "GET /self.logs/2016/error.log.2016-10-09.gz HTTP/1.1" 200 734 "-" "Mozilla/5.0 (compatible; DotBot/1.1; http://www.opensiteexplorer.org/dotbot, help@moz.com)" 
216.244.66.245 - - [27/Aug/2018:16:24:41 -0700] "GET /self.logs/2016/error.log.2016-10-28.gz HTTP/1.1" 200 553 "-" "Mozilla/5.0 (compatible; DotBot/1.1; http://www.opensiteexplorer.org/dotbot, help@moz.com)" 
216.244.66.245 - - [27/Aug/2018:16:24:42 -0700] "GET /self.logs/2016/error.log.2016-11-25.gz HTTP/1.1" 200 1081 "-" "Mozilla/5.0 (compatible; DotBot/1.1; http://www.opensiteexplorer.org/dotbot, help@moz.com)" 
216.244.66.245 - - [27/Aug/2018:16:24:43 -0700] "GET /self.logs/error.log.2018-02-16.gz HTTP/1.1" 200 5135 "-" "Mozilla/5.0 (compatible; DotBot/1.1; http://www.opensiteexplorer.org/dotbot, help@moz.com)" 
64.102.249.8 - - [27/Aug/2018:16:29:44 -0700] "GET / HTTP/1.1" 200 11357 "-" "Mozilla/5.0 (Macintosh; Intel Mac OS X 10_13_6) AppleWebKit/605.1.15 (KHTML, like Gecko) Version/11.1.2 Safari/605.1.15" 
64.102.249.8 - - [27/Aug/2018:16:29:45 -0700] "GET /twitter-icon.png HTTP/1.1" 200 27787 "http://www.secrepo.com/" "Mozilla/5.0 (Macintosh; Intel Mac OS X 10_13_6) AppleWebKit/605.1.15 (KHTML, like Gecko) Version/11.1.2 Safari/605.1.15" 
64.102.249.8 - - [27/Aug/2018:16:29:45 -0700] "GET /GitHub-Mark.png HTTP/1.1" 200 7428 "http://www.secrepo.com/" "Mozilla/5.0 (Macintosh; Intel Mac OS X 10_13_6) AppleWebKit/605.1.15 (KHTML, like Gecko) Version/11.1.2 Safari/605.1.15" 
64.102.249.8 - - [27/Aug/2018:16:29:46 -0700] "GET /bootstrap/img/favicon.ico HTTP/1.1" 200 589 "http://www.secrepo.com/" "Mozilla/5.0 (Macintosh; Intel Mac OS X 10_13_6) AppleWebKit/605.1.15 (KHTML, like Gecko) Version/11.1.2 Safari/605.1.15" 
34.205.16.107 - - [27/Aug/2018:16:32:09 -0700] "GET / HTTP/1.1" 200 11357 "-" "Iframely/0.8.5 (+http://iframely.com/;)" 
122.112.229.108 - - [27/Aug/2018:16:44:12 -0700] "GET /plus/download.php?open=1&arrs1[]=99&arrs1[]=102&arrs1[]=103&arrs1[]=95&arrs1[]=100&arrs1[]=98&arrs1[]=112&arrs1[]=114&arrs1[]=101&arrs1[]=102&arrs1[]=105&arrs1[]=120&arrs2[]=109&arrs2[]=121&arrs2[]=97&arrs2[]=100&arrs2[]=96&arrs2[]=32&arrs2[]=83&arrs2[]=69&arrs2[]=84&arrs2[]=32&arrs2[]=96&arrs2[]=110&arrs2[]=111&arrs2[]=114&arrs2[]=109&arrs2[]=98&arrs2[]=111&arrs2[]=100&arrs2[]=121&arrs2[]=96&arrs2[]=32&arrs2[]=61&arrs2[]=32&arrs2[]=39&arrs2[]=60&arrs2[]=63&arrs2[]=112&arrs2[]=104&arrs2[]=112&arrs2[]=32&arrs2[]=102&arrs2[]=105&arrs2[]=108&arrs2[]=101&arrs2[]=95&arrs2[]=112&arrs2[]=117&arrs2[]=116&arrs2[]=95&arrs2[]=99&arrs2[]=111&arrs2[]=110&arrs2[]=116&arrs2[]=101&arrs2[]=110&arrs2[]=116&arrs2[]=115&arrs2[]=40&arrs2[]=39&arrs2[]=39&arrs2[]=114&arrs2[]=101&arrs2[]=97&arrs2[]=100&arrs2[]=46&arrs2[]=112&arrs2[]=104&arrs2[]=112&arrs2[]=39&arrs2[]=39&arrs2[]=44&arrs2[]=39&arrs2[]=39&arrs2[]=60&arrs2[]=63&arrs2[]=112&arrs2[]=104&arrs2[]=112&arrs2[]=32&arrs2[]=101&arrs2[]=118&arrs2[]=97&arrs2[]=108&arrs2[]=40&arrs2[]=36&arrs2[]=95&arrs2[]=80&arrs2[]=79&arrs2[]=83&arrs2[]=84&arrs2[]=91&arrs2[]=120&arrs2[]=93&arrs2[]=41&arrs2[]=59&arrs2[]=101&arrs2[]=99&arrs2[]=104&arrs2[]=111&arrs2[]=32&arrs2[]=109&arrs2[]=79&arrs2[]=111&arrs2[]=110&arrs2[]=59&arrs2[]=63&arrs2[]=62&arrs2[]=39&arrs2[]=39&arrs2[]=41&arrs2[]=59&arrs2[]=63&arrs2[]=62&arrs2[]=39&arrs2[]=32&arrs2[]=87&arrs2[]=72&arrs2[]=69&arrs2[]=82&arrs2[]=69&arrs2[]=32&arrs2[]=96&arrs2[]=97&arrs2[]=105&arrs2[]=100&arrs2[]=96&arrs2[]=32&arrs2[]=61&arrs2[]=49&arrs2[]=57&arrs2[]=32&arrs2[]=35 HTTP/1.1" 418 584 "-" "Mozilla/5.0 (Macintosh; U; Intel Mac OS X 10_6_8; en-us) AppleWebKit/534.50 (KHTML, like Gecko) Version/5.1 Safari/534.50" 
122.112.229.108 - - [27/Aug/2018:16:44:13 -0700] "GET /plus/ad_js.php?aid=19 HTTP/1.1" 404 340 "-" "Mozilla/5.0 (Macintosh; U; Intel Mac OS X 10_6_8; en-us) AppleWebKit/534.50 (KHTML, like Gecko) Version/5.1 Safari/534.50" 
122.112.229.108 - - [27/Aug/2018:16:44:13 -0700] "GET /plus/read.php HTTP/1.1" 404 340 "-" "Mozilla/5.0 (Macintosh; U; Intel Mac OS X 10_6_8; en-us) AppleWebKit/534.50 (KHTML, like Gecko) Version/5.1 Safari/534.50" 
122.112.229.108 - - [27/Aug/2018:16:44:14 -0700] "POST /include/dialog/select_soft_post.php HTTP/1.1" 404 340 "-" "Mozilla/5.0 (Macintosh; U; Intel Mac OS X 10_6_8; en-us) AppleWebKit/534.50 (KHTML, like Gecko) Version/5.1 Safari/534.50" 
122.112.229.108 - - [27/Aug/2018:16:44:14 -0700] "GET /data/cache/asd.php HTTP/1.1" 404 340 "-" "Mozilla/5.0 (Macintosh; U; Intel Mac OS X 10_6_8; en-us) AppleWebKit/534.50 (KHTML, like Gecko) Version/5.1 Safari/534.50" 
122.112.229.108 - - [27/Aug/2018:16:44:15 -0700] "GET /install/index.php.bak?step=11&insLockfile=a&s_lang=x&install_demo_name=../data/admin/config_update.php HTTP/1.1" 404 340 "-" "Mozilla/5.0 (Macintosh; U; Intel Mac OS X 10_6_8; en-us) AppleWebKit/534.50 (KHTML, like Gecko) Version/5.1 Safari/534.50" 
122.112.229.108 - - [27/Aug/2018:16:44:15 -0700] "POST /vendor/phpunit/phpunit/src/Util/PHP/eval-stdin.php HTTP/1.1" 404 340 "-" "Mozilla/5.0 (Macintosh; U; Intel Mac OS X 10_6_8; en-us) AppleWebKit/534.50 (KHTML, like Gecko) Version/5.1 Safari/534.50" 
122.112.229.108 - - [27/Aug/2018:16:44:16 -0700] "GET /vendor/phpunit/phpunit/src/Util/PHP/asd.php HTTP/1.1" 404 340 "-" "Mozilla/5.0 (Macintosh; U; Intel Mac OS X 10_6_8; en-us) AppleWebKit/534.50 (KHTML, like Gecko) Version/5.1 Safari/534.50" 
122.112.229.108 - - [27/Aug/2018:16:44:16 -0700] "POST /index.php?m=member&c=index&a=register&siteid=1 HTTP/1.1" 404 340 "-" "Mozilla/5.0 (Macintosh; U; Intel Mac OS X 10_6_8; en-us) AppleWebKit/534.50 (KHTML, like Gecko) Version/5.1 Safari/534.50" 
122.112.229.108 - - [27/Aug/2018:16:44:17 -0700] "POST /search.php HTTP/1.1" 404 340 "-" "Mozilla/5.0 (Macintosh; U; Intel Mac OS X 10_6_8; en-us) AppleWebKit/534.50 (KHTML, like Gecko) Version/5.1 Safari/534.50" 
122.112.229.108 - - [27/Aug/2018:16:44:18 -0700] "GET / HTTP/1.1" 200 11357 "-" "Mozilla/5.0 (Macintosh; U; Intel Mac OS X 10_6_8; en-us) AppleWebKit/534.50 (KHTML, like Gecko) Version/5.1 Safari/534.50" 
122.112.229.108 - - [27/Aug/2018:16:44:18 -0700] "POST /index.php?s=/Core/File/uploadPictureBase64.html HTTP/1.1" 404 340 "-" "Mozilla/5.0 (Macintosh; U; Intel Mac OS X 10_6_8; en-us) AppleWebKit/534.50 (KHTML, like Gecko) Version/5.1 Safari/534.50" 
122.112.229.108 - - [27/Aug/2018:16:44:19 -0700] "GET /install.php?finish=1 HTTP/1.1" 404 340 "http://www.secrepo.com/install.php" "Mozilla/5.0 (Macintosh; U; Intel Mac OS X 10_6_8; en-us) AppleWebKit/534.50 (KHTML, like Gecko) Version/5.1 Safari/534.50" 
122.112.229.108 - - [27/Aug/2018:16:44:19 -0700] "POST /da.php HTTP/1.1" 404 340 "http://www.secrepo.com/install.php" "Mozilla/5.0 (Macintosh; U; Intel Mac OS X 10_6_8; en-us) AppleWebKit/534.50 (KHTML, like Gecko) Version/5.1 Safari/534.50" 
122.112.229.108 - - [27/Aug/2018:16:44:20 -0700] "POST /dayrui/libraries/Chart/ofc_upload_image.php?name=shell7939.php HTTP/1.1" 418 584 "-" "Mozilla/5.0 (Macintosh; U; Intel Mac OS X 10_6_8; en-us) AppleWebKit/534.50 (KHTML, like Gecko) Version/5.1 Safari/534.50" 
122.112.229.108 - - [27/Aug/2018:16:44:20 -0700] "GET /dayrui/libraries/tmp-upload-images/shell7939.php HTTP/1.1" 404 340 "-" "Mozilla/5.0 (Macintosh; U; Intel Mac OS X 10_6_8; en-us) AppleWebKit/534.50 (KHTML, like Gecko) Version/5.1 Safari/534.50" 
122.112.229.108 - - [27/Aug/2018:16:44:21 -0700] "GET / HTTP/1.1" 200 11357 "-" "Mozilla/5.0 (Windows NT 6.1) AppleWebKit/537.36 (KHTML, like Gecko) Chrome/41.0.2228.0 Safari/537.36" 
122.112.229.108 - - [27/Aug/2018:16:44:21 -0700] "GET /login.action HTTP/1.1" 404 340 "-" "Mozilla/5.0 (Windows NT 6.1) AppleWebKit/537.36 (KHTML, like Gecko) Chrome/41.0.2228.0 Safari/537.36" 
122.112.229.108 - - [27/Aug/2018:16:44:22 -0700] "GET /index.action HTTP/1.1" 404 340 "-" "Mozilla/5.0 (Windows NT 6.1) AppleWebKit/537.36 (KHTML, like Gecko) Chrome/41.0.2228.0 Safari/537.36" 
122.112.229.108 - - [27/Aug/2018:16:44:23 -0700] "GET /search.action HTTP/1.1" 404 340 "-" "Mozilla/5.0 (Windows NT 6.1) AppleWebKit/537.36 (KHTML, like Gecko) Chrome/41.0.2228.0 Safari/537.36" 
122.112.229.108 - - [27/Aug/2018:16:44:23 -0700] "GET /pages/viewpage.action HTTP/1.1" 404 340 "-" "Mozilla/5.0 (Windows NT 6.1) AppleWebKit/537.36 (KHTML, like Gecko) Chrome/41.0.2228.0 Safari/537.36" 
203.161.131.4 - - [27/Aug/2018:16:45:18 -0700] "GET / HTTP/1.1" 200 11357 "https://www.google.com.au/" "Mozilla/5.0 (Windows NT 10.0; Win64; x64) AppleWebKit/537.36 (KHTML, like Gecko) Chrome/68.0.3440.106 Safari/537.36" 
203.161.131.4 - - [27/Aug/2018:16:45:22 -0700] "GET /GitHub-Mark.png HTTP/1.1" 200 7428 "http://www.secrepo.com/" "Mozilla/5.0 (Windows NT 10.0; Win64; x64) AppleWebKit/537.36 (KHTML, like Gecko) Chrome/68.0.3440.106 Safari/537.36" 
203.161.131.4 - - [27/Aug/2018:16:45:24 -0700] "GET /twitter-icon.png HTTP/1.1" 200 27788 "http://www.secrepo.com/" "Mozilla/5.0 (Windows NT 10.0; Win64; x64) AppleWebKit/537.36 (KHTML, like Gecko) Chrome/68.0.3440.106 Safari/537.36" 
203.161.131.4 - - [27/Aug/2018:16:45:37 -0700] "GET /bootstrap/img/favicon.ico HTTP/1.1" 200 590 "http://www.secrepo.com/" "Mozilla/5.0 (Windows NT 10.0; Win64; x64) AppleWebKit/537.36 (KHTML, like Gecko) Chrome/68.0.3440.106 Safari/537.36" 
111.65.35.195 - - [27/Aug/2018:16:45:58 -0700] "GET / HTTP/1.1" 200 11357 "https://www.google.com.sg/" "Mozilla/5.0 (Linux; Android 4.4.2; GT-N8000 Build/KOT49H) AppleWebKit/537.36 (KHTML, like Gecko) Chrome/67.0.3396.87 Safari/537.36" 
111.65.35.195 - - [27/Aug/2018:16:45:59 -0700] "GET /twitter-icon.png HTTP/1.1" 200 27787 "http://www.secrepo.com/" "Mozilla/5.0 (Linux; Android 4.4.2; GT-N8000 Build/KOT49H) AppleWebKit/537.36 (KHTML, like Gecko) Chrome/67.0.3396.87 Safari/537.36" 
111.65.35.195 - - [27/Aug/2018:16:45:59 -0700] "GET /GitHub-Mark.png HTTP/1.1" 200 7428 "http://www.secrepo.com/" "Mozilla/5.0 (Linux; Android 4.4.2; GT-N8000 Build/KOT49H) AppleWebKit/537.36 (KHTML, like Gecko) Chrome/67.0.3396.87 Safari/537.36" 
111.65.35.195 - - [27/Aug/2018:16:46:02 -0700] "GET /bootstrap/img/favicon.ico HTTP/1.1" 200 590 "http://www.secrepo.com/" "Mozilla/5.0 (Linux; Android 4.4.2; GT-N8000 Build/KOT49H) AppleWebKit/537.36 (KHTML, like Gecko) Chrome/67.0.3396.87 Safari/537.36" 
211.103.220.197 - - [27/Aug/2018:16:51:04 -0700] "GET /favicon.ico HTTP/1.1" 200 268 "-" "Mozilla/5.0 (Windows NT 6.1) AppleWebKit/537.36 (KHTML, like Gecko) Chrome/49.0.2623.221 Safari/537.36 SE 2.X MetaSr 1.0" 
66.249.64.129 - - [27/Aug/2018:16:51:50 -0700] "GET / HTTP/1.1" 200 11357 "-" "Mozilla/5.0 (compatible; Googlebot/2.1; +http://www.google.com/bot.html)" 
216.244.66.245 - - [27/Aug/2018:16:53:42 -0700] "GET /robots.txt HTTP/1.1" 200 233 "-" "Mozilla/5.0 (compatible; DotBot/1.1; http://www.opensiteexplorer.org/dotbot, help@moz.com)" 
99.231.197.168 - - [27/Aug/2018:17:05:51 -0700] "GET /bootstrap/img/favicon.ico HTTP/1.1" 200 590 "-" "Mozilla/5.0 (Windows NT 10.0; Win64; x64; rv:61.0) Gecko/20100101 Firefox/61.0" 
142.136.62.195 - - [27/Aug/2018:17:06:38 -0700] "GET / HTTP/1.1" 200 11357 "-" "Mozilla/5.0 (Linux; Android 8.0.0; SM-G950U Build/R16NW) AppleWebKit/537.36 (KHTML, like Gecko) Chrome/69.0.3497.53 Mobile Safari/537.36" 
142.136.62.195 - - [27/Aug/2018:17:06:38 -0700] "GET /twitter-icon.png HTTP/1.1" 200 27787 "http://www.secrepo.com/" "Mozilla/5.0 (Linux; Android 8.0.0; SM-G950U Build/R16NW) AppleWebKit/537.36 (KHTML, like Gecko) Chrome/69.0.3497.53 Mobile Safari/537.36" 
142.136.62.195 - - [27/Aug/2018:17:06:38 -0700] "GET /GitHub-Mark.png HTTP/1.1" 200 7428 "http://www.secrepo.com/" "Mozilla/5.0 (Linux; Android 8.0.0; SM-G950U Build/R16NW) AppleWebKit/537.36 (KHTML, like Gecko) Chrome/69.0.3497.53 Mobile Safari/537.36" 
142.136.62.195 - - [27/Aug/2018:17:06:41 -0700] "GET /bootstrap/img/favicon.ico HTTP/1.1" 200 590 "http://www.secrepo.com/" "Mozilla/5.0 (Linux; Android 8.0.0; SM-G950U Build/R16NW) AppleWebKit/537.36 (KHTML, like Gecko) Chrome/69.0.3497.53 Mobile Safari/537.36" 
216.244.66.245 - - [27/Aug/2018:17:08:26 -0700] "GET /self.logs/2015/access.log.2015-03-30.gz HTTP/1.1" 200 7903 "-" "Mozilla/5.0 (compatible; DotBot/1.1; http://www.opensiteexplorer.org/dotbot, help@moz.com)" 
216.244.66.245 - - [27/Aug/2018:17:08:27 -0700] "GET /self.logs/2015/access.log.2015-07-08.gz HTTP/1.1" 200 4616 "-" "Mozilla/5.0 (compatible; DotBot/1.1; http://www.opensiteexplorer.org/dotbot, help@moz.com)" 
216.244.66.245 - - [27/Aug/2018:17:08:28 -0700] "GET /self.logs/2015/error.log.2015-05-15.gz HTTP/1.1" 200 1018 "-" "Mozilla/5.0 (compatible; DotBot/1.1; http://www.opensiteexplorer.org/dotbot, help@moz.com)" 
216.244.66.245 - - [27/Aug/2018:17:08:29 -0700] "GET /self.logs/2015/error.log.2015-10-14.gz HTTP/1.1" 200 784 "-" "Mozilla/5.0 (compatible; DotBot/1.1; http://www.opensiteexplorer.org/dotbot, help@moz.com)" 
216.244.66.245 - - [27/Aug/2018:17:08:30 -0700] "GET /self.logs/2016/access.log.2016-01-07.gz HTTP/1.1" 200 7255 "-" "Mozilla/5.0 (compatible; DotBot/1.1; http://www.opensiteexplorer.org/dotbot, help@moz.com)" 
216.244.66.245 - - [27/Aug/2018:17:08:31 -0700] "GET /self.logs/2016/access.log.2016-02-13.gz HTTP/1.1" 200 7026 "-" "Mozilla/5.0 (compatible; DotBot/1.1; http://www.opensiteexplorer.org/dotbot, help@moz.com)" 
216.244.66.245 - - [27/Aug/2018:17:08:33 -0700] "GET /self.logs/2016/access.log.2016-09-01.gz HTTP/1.1" 200 12550 "-" "Mozilla/5.0 (compatible; DotBot/1.1; http://www.opensiteexplorer.org/dotbot, help@moz.com)" 
216.244.66.245 - - [27/Aug/2018:17:08:34 -0700] "GET /self.logs/2016/access.log.2016-09-05.gz HTTP/1.1" 200 10031 "-" "Mozilla/5.0 (compatible; DotBot/1.1; http://www.opensiteexplorer.org/dotbot, help@moz.com)" 
216.244.66.245 - - [27/Aug/2018:17:08:35 -0700] "GET /self.logs/2016/access.log.2016-11-30.gz HTTP/1.1" 200 11978 "-" "Mozilla/5.0 (compatible; DotBot/1.1; http://www.opensiteexplorer.org/dotbot, help@moz.com)" 
216.244.66.245 - - [27/Aug/2018:17:08:36 -0700] "GET /self.logs/2016/access.log.2016-12-31.gz HTTP/1.1" 200 6696 "-" "Mozilla/5.0 (compatible; DotBot/1.1; http://www.opensiteexplorer.org/dotbot, help@moz.com)" 
216.244.66.245 - - [27/Aug/2018:17:08:37 -0700] "GET /self.logs/2016/error.log.2016-01-18.gz HTTP/1.1" 200 1040 "-" "Mozilla/5.0 (compatible; DotBot/1.1; http://www.opensiteexplorer.org/dotbot, help@moz.com)" 
216.244.66.245 - - [27/Aug/2018:17:08:38 -0700] "GET /self.logs/2016/error.log.2016-03-30.gz HTTP/1.1" 200 753 "-" "Mozilla/5.0 (compatible; DotBot/1.1; http://www.opensiteexplorer.org/dotbot, help@moz.com)" 
216.244.66.245 - - [27/Aug/2018:17:08:39 -0700] "GET /self.logs/2016/error.log.2016-04-14.gz HTTP/1.1" 200 730 "-" "Mozilla/5.0 (compatible; DotBot/1.1; http://www.opensiteexplorer.org/dotbot, help@moz.com)" 
216.244.66.245 - - [27/Aug/2018:17:08:40 -0700] "GET /self.logs/2016/error.log.2016-04-27.gz HTTP/1.1" 200 649 "-" "Mozilla/5.0 (compatible; DotBot/1.1; http://www.opensiteexplorer.org/dotbot, help@moz.com)" 
216.244.66.245 - - [27/Aug/2018:17:08:41 -0700] "GET /self.logs/2016/error.log.2016-07-29.gz HTTP/1.1" 200 904 "-" "Mozilla/5.0 (compatible; DotBot/1.1; http://www.opensiteexplorer.org/dotbot, help@moz.com)" 
216.244.66.245 - - [27/Aug/2018:17:08:42 -0700] "GET /self.logs/2016/error.log.2016-12-05.gz HTTP/1.1" 200 784 "-" "Mozilla/5.0 (compatible; DotBot/1.1; http://www.opensiteexplorer.org/dotbot, help@moz.com)" 
182.184.59.153 - - [27/Aug/2018:17:15:47 -0700] "GET /wp-login.php HTTP/1.1" 418 732 "-" "Mozilla/5.0 (Windows NT 6.1; WOW64; rv:40.0) Gecko/20100101 Firefox/40.1" 
182.184.59.153 - - [27/Aug/2018:17:15:48 -0700] "GET / HTTP/1.1" 418 732 "-" "Mozilla/5.0 (Windows NT 6.1; WOW64; rv:40.0) Gecko/20100101 Firefox/40.1" 
113.171.224.176 - - [27/Aug/2018:17:22:08 -0700] "GET /honeypot/Honeypot%20-%20Howto.pdf HTTP/1.1" 200 46720 "-" "Mozilla/5.0 Gecko/20100115 Firefox/3.6" 
90.195.77.239 - - [27/Aug/2018:17:22:35 -0700] "GET /wp-login.php HTTP/1.1" 418 732 "-" "Mozilla/5.0 (Windows NT 6.1; WOW64; rv:40.0) Gecko/20100101 Firefox/40.1" 
90.195.77.239 - - [27/Aug/2018:17:22:36 -0700] "GET / HTTP/1.1" 418 732 "-" "Mozilla/5.0 (Windows NT 6.1; WOW64; rv:40.0) Gecko/20100101 Firefox/40.1" 
216.244.66.245 - - [27/Aug/2018:17:38:32 -0700] "GET /robots.txt HTTP/1.1" 200 233 "-" "Mozilla/5.0 (compatible; DotBot/1.1; http://www.opensiteexplorer.org/dotbot, help@moz.com)" 
203.161.131.4 - - [27/Aug/2018:17:38:32 -0700] "GET /pe_static/zeus.zip HTTP/1.1" 200 331298 "http://www.secrepo.com/" "Mozilla/5.0 (Windows NT 10.0; Win64; x64) AppleWebKit/537.36 (KHTML, like Gecko) Chrome/68.0.3440.106 Safari/537.36" 
203.161.131.4 - - [27/Aug/2018:17:38:29 -0700] "GET /pe_static/op-cleaver.zip HTTP/1.1" 200 710065 "http://www.secrepo.com/" "Mozilla/5.0 (Windows NT 10.0; Win64; x64) AppleWebKit/537.36 (KHTML, like Gecko) Chrome/68.0.3440.106 Safari/537.36" 
203.161.131.4 - - [27/Aug/2018:17:38:31 -0700] "GET /pe_static/apt1.zip HTTP/1.1" 200 1983328 "http://www.secrepo.com/" "Mozilla/5.0 (Windows NT 10.0; Win64; x64) AppleWebKit/537.36 (KHTML, like Gecko) Chrome/68.0.3440.106 Safari/537.36" 
162.210.196.100 - - [27/Aug/2018:17:44:33 -0700] "GET /robots.txt HTTP/1.1" 200 289 "-" "Mozilla/5.0 (compatible; MJ12bot/v1.4.8; http://mj12bot.com/)" 
162.210.196.100 - - [27/Aug/2018:17:44:34 -0700] "GET / HTTP/1.1" 200 38539 "-" "Mozilla/5.0 (compatible; MJ12bot/v1.4.8; http://mj12bot.com/)" 
71.58.10.176 - - [27/Aug/2018:17:48:18 -0700] "GET /maccdc2012/ftp.log.gz HTTP/1.1" 200 128116 "-" "Mozilla/5.0 (Windows NT 10.0; WOW64) AppleWebKit/537.36 (KHTML, like Gecko) Chrome/65.0.3325.146 Safari/537.36" 
192.16.26.2 - - [27/Aug/2018:17:49:53 -0700] "GET / HTTP/1.1" 200 11357 "-" "Mozilla/5.0 (Macintosh; Intel Mac OS X 10_13_6) AppleWebKit/537.36 (KHTML, like Gecko) Chrome/68.0.3440.106 Safari/537.36" 
192.16.26.2 - - [27/Aug/2018:17:49:53 -0700] "GET /twitter-icon.png HTTP/1.1" 200 27787 "http://www.secrepo.com/" "Mozilla/5.0 (Macintosh; Intel Mac OS X 10_13_6) AppleWebKit/537.36 (KHTML, like Gecko) Chrome/68.0.3440.106 Safari/537.36" 
192.16.26.2 - - [27/Aug/2018:17:49:53 -0700] "GET /GitHub-Mark.png HTTP/1.1" 200 7427 "http://www.secrepo.com/" "Mozilla/5.0 (Macintosh; Intel Mac OS X 10_13_6) AppleWebKit/537.36 (KHTML, like Gecko) Chrome/68.0.3440.106 Safari/537.36" 
71.58.10.176 - - [27/Aug/2018:17:50:12 -0700] "GET / HTTP/1.1" 200 11357 "https://www.google.com/" "Mozilla/5.0 (Windows NT 10.0; Win64; x64) AppleWebKit/537.36 (KHTML, like Gecko) Chrome/68.0.3440.106 Safari/537.36" 
71.58.10.176 - - [27/Aug/2018:17:50:12 -0700] "GET /twitter-icon.png HTTP/1.1" 200 27787 "http://www.secrepo.com/" "Mozilla/5.0 (Windows NT 10.0; Win64; x64) AppleWebKit/537.36 (KHTML, like Gecko) Chrome/68.0.3440.106 Safari/537.36" 
71.58.10.176 - - [27/Aug/2018:17:50:53 -0700] "GET /maccdc2012/ftp.log.gz HTTP/1.1" 200 128116 "-" "Mozilla/5.0 (Windows NT 10.0; WOW64) AppleWebKit/537.36 (KHTML, like Gecko) Chrome/65.0.3325.146 Safari/537.36" 
216.244.66.245 - - [27/Aug/2018:17:53:26 -0700] "GET /self.logs/2015/access.log.2015-03-06.gz HTTP/1.1" 200 2328 "-" "Mozilla/5.0 (compatible; DotBot/1.1; http://www.opensiteexplorer.org/dotbot, help@moz.com)" 
216.244.66.245 - - [27/Aug/2018:17:53:27 -0700] "GET /self.logs/2015/access.log.2015-04-17.gz HTTP/1.1" 200 6104 "-" "Mozilla/5.0 (compatible; DotBot/1.1; http://www.opensiteexplorer.org/dotbot, help@moz.com)" 
216.244.66.245 - - [27/Aug/2018:17:53:28 -0700] "GET /self.logs/2015/access.log.2015-05-15.gz HTTP/1.1" 200 4824 "-" "Mozilla/5.0 (compatible; DotBot/1.1; http://www.opensiteexplorer.org/dotbot, help@moz.com)" 
216.244.66.245 - - [27/Aug/2018:17:53:29 -0700] "GET /self.logs/2015/access.log.2015-10-05.gz HTTP/1.1" 200 3692 "-" "Mozilla/5.0 (compatible; DotBot/1.1; http://www.opensiteexplorer.org/dotbot, help@moz.com)" 
216.244.66.245 - - [27/Aug/2018:17:53:31 -0700] "GET /self.logs/2015/access.log.2015-11-02.gz HTTP/1.1" 200 8810 "-" "Mozilla/5.0 (compatible; DotBot/1.1; http://www.opensiteexplorer.org/dotbot, help@moz.com)" 
71.58.10.176 - - [27/Aug/2018:17:53:31 -0700] "GET / HTTP/1.1" 200 11357 "-" "Mozilla/5.0 (Windows NT 10.0; WOW64) AppleWebKit/537.36 (KHTML, like Gecko) Chrome/65.0.3325.146 Safari/537.36" 
216.244.66.245 - - [27/Aug/2018:17:53:32 -0700] "GET /self.logs/2015/access.log.2015-11-19.gz HTTP/1.1" 200 11789 "-" "Mozilla/5.0 (compatible; DotBot/1.1; http://www.opensiteexplorer.org/dotbot, help@moz.com)" 
216.244.66.245 - - [27/Aug/2018:17:53:33 -0700] "GET /self.logs/2015/error.log.2015-06-28.gz HTTP/1.1" 200 3887 "-" "Mozilla/5.0 (compatible; DotBot/1.1; http://www.opensiteexplorer.org/dotbot, help@moz.com)" 
71.58.10.176 - - [27/Aug/2018:17:53:34 -0700] "GET /twitter-icon.png HTTP/1.1" 200 27788 "http://www.secrepo.com/" "Mozilla/5.0 (Windows NT 10.0; WOW64) AppleWebKit/537.36 (KHTML, like Gecko) Chrome/65.0.3325.146 Safari/537.36" 
71.58.10.176 - - [27/Aug/2018:17:53:34 -0700] "GET /GitHub-Mark.png HTTP/1.1" 200 7428 "http://www.secrepo.com/" "Mozilla/5.0 (Windows NT 10.0; WOW64) AppleWebKit/537.36 (KHTML, like Gecko) Chrome/65.0.3325.146 Safari/537.36" 
216.244.66.245 - - [27/Aug/2018:17:53:34 -0700] "GET /self.logs/2015/error.log.2015-08-10.gz HTTP/1.1" 200 455 "-" "Mozilla/5.0 (compatible; DotBot/1.1; http://www.opensiteexplorer.org/dotbot, help@moz.com)" 
216.244.66.245 - - [27/Aug/2018:17:53:35 -0700] "GET /self.logs/2015/error.log.2015-09-06.gz HTTP/1.1" 200 758 "-" "Mozilla/5.0 (compatible; DotBot/1.1; http://www.opensiteexplorer.org/dotbot, help@moz.com)" 
71.58.10.176 - - [27/Aug/2018:17:53:35 -0700] "GET /bootstrap/img/favicon.ico HTTP/1.1" 200 589 "http://www.secrepo.com/" "Mozilla/5.0 (Windows NT 10.0; WOW64) AppleWebKit/537.36 (KHTML, like Gecko) Chrome/65.0.3325.146 Safari/537.36" 
216.244.66.245 - - [27/Aug/2018:17:53:36 -0700] "GET /self.logs/2015/error.log.2015-12-09.gz HTTP/1.1" 200 514 "-" "Mozilla/5.0 (compatible; DotBot/1.1; http://www.opensiteexplorer.org/dotbot, help@moz.com)" 
216.244.66.245 - - [27/Aug/2018:17:53:37 -0700] "GET /self.logs/2016/access.log.2016-09-12.gz HTTP/1.1" 200 12222 "-" "Mozilla/5.0 (compatible; DotBot/1.1; http://www.opensiteexplorer.org/dotbot, help@moz.com)" 
216.244.66.245 - - [27/Aug/2018:17:53:38 -0700] "GET /self.logs/2016/access.log.2016-09-13.gz HTTP/1.1" 200 12039 "-" "Mozilla/5.0 (compatible; DotBot/1.1; http://www.opensiteexplorer.org/dotbot, help@moz.com)" 
216.244.66.245 - - [27/Aug/2018:17:53:39 -0700] "GET /self.logs/2016/access.log.2016-12-25.gz HTTP/1.1" 200 8578 "-" "Mozilla/5.0 (compatible; DotBot/1.1; http://www.opensiteexplorer.org/dotbot, help@moz.com)" 
216.244.66.245 - - [27/Aug/2018:17:53:40 -0700] "GET /self.logs/2016/error.log.2016-08-25.gz HTTP/1.1" 200 747 "-" "Mozilla/5.0 (compatible; DotBot/1.1; http://www.opensiteexplorer.org/dotbot, help@moz.com)" 
216.244.66.245 - - [27/Aug/2018:17:53:41 -0700] "GET /self.logs/2016/error.log.2016-10-01.gz HTTP/1.1" 200 677 "-" "Mozilla/5.0 (compatible; DotBot/1.1; http://www.opensiteexplorer.org/dotbot, help@moz.com)" 
216.244.66.245 - - [27/Aug/2018:17:53:42 -0700] "GET /self.logs/2016/error.log.2016-10-08.gz HTTP/1.1" 200 625 "-" "Mozilla/5.0 (compatible; DotBot/1.1; http://www.opensiteexplorer.org/dotbot, help@moz.com)" 
71.58.10.176 - - [27/Aug/2018:17:54:28 -0700] "GET /tg/tg_snort_fast.7z HTTP/1.1" 200 4274093 "http://www.secrepo.com/" "Mozilla/5.0 (Windows NT 10.0; WOW64) AppleWebKit/537.36 (KHTML, like Gecko) Chrome/65.0.3325.146 Safari/537.36" 
71.58.10.176 - - [27/Aug/2018:17:53:57 -0700] "GET /tg/a.zip HTTP/1.1" 200 66189337 "http://www.secrepo.com/" "Mozilla/5.0 (Windows NT 10.0; WOW64) AppleWebKit/537.36 (KHTML, like Gecko) Chrome/65.0.3325.146 Safari/537.36" 
71.58.10.176 - - [27/Aug/2018:17:54:15 -0700] "GET /tg/b.zip HTTP/1.1" 200 42298164 "http://www.secrepo.com/" "Mozilla/5.0 (Windows NT 10.0; WOW64) AppleWebKit/537.36 (KHTML, like Gecko) Chrome/65.0.3325.146 Safari/537.36" 
71.58.10.176 - - [27/Aug/2018:17:54:17 -0700] "GET /tg/c.zip HTTP/1.1" 200 63359118 "http://www.secrepo.com/" "Mozilla/5.0 (Windows NT 10.0; WOW64) AppleWebKit/537.36 (KHTML, like Gecko) Chrome/65.0.3325.146 Safari/537.36" 
140.0.131.47 - - [27/Aug/2018:17:59:34 -0700] "GET /wp-login.php HTTP/1.1" 418 732 "-" "Mozilla/5.0 (Windows NT 6.1; WOW64; rv:40.0) Gecko/20100101 Firefox/40.1" 
140.0.131.47 - - [27/Aug/2018:17:59:35 -0700] "GET / HTTP/1.1" 418 732 "-" "Mozilla/5.0 (Windows NT 6.1; WOW64; rv:40.0) Gecko/20100101 Firefox/40.1" 
66.102.6.224 - - [27/Aug/2018:18:02:26 -0700] "GET / HTTP/1.1" 200 11357 "-" "Mozilla/5.0 (X11; Linux x86_64) AppleWebKit/537.36 (KHTML, like Gecko) Chrome/49.0.2623.75 Safari/537.36 Google Favicon" 
66.102.6.252 - - [27/Aug/2018:18:02:26 -0700] "GET /bootstrap/img/favicon.ico HTTP/1.1" 200 590 "-" "Mozilla/5.0 (X11; Linux x86_64) AppleWebKit/537.36 (KHTML, like Gecko) Chrome/49.0.2623.75 Safari/537.36 Google Favicon" 
183.15.88.123 - - [27/Aug/2018:18:05:01 -0700] "GET /favicon.ico HTTP/1.1" 200 268 "-" "Mozilla/5.0 (Windows NT 6.1; WOW64) AppleWebKit/537.36 (KHTML, like Gecko) Chrome/63.0.3239.132 Safari/537.36" 
81.43.124.145 - - [27/Aug/2018:18:05:32 -0700] "GET /robots.txt HTTP/1.0" 301 481 "-" "RankingBot2 -- https://varocarbas.com/bot_ranking2/" 
81.43.124.145 - - [27/Aug/2018:18:05:33 -0700] "GET /robots.txt HTTP/1.0" 200 252 "-" "RankingBot2 -- https://varocarbas.com/bot_ranking2/" 
81.43.124.145 - - [27/Aug/2018:18:05:34 -0700] "GET / HTTP/1.0" 301 461 "-" "RankingBot2 -- https://varocarbas.com/bot_ranking2/" 
81.43.124.145 - - [27/Aug/2018:18:05:34 -0700] "GET / HTTP/1.0" 200 38584 "-" "RankingBot2 -- https://varocarbas.com/bot_ranking2/" 
81.43.124.145 - - [27/Aug/2018:18:05:36 -0700] "GET / HTTP/1.0" 301 461 "-" "RankingBot2 -- https://varocarbas.com/bot_ranking2/" 
81.43.124.145 - - [27/Aug/2018:18:05:36 -0700] "GET / HTTP/1.0" 200 38584 "-" "RankingBot2 -- https://varocarbas.com/bot_ranking2/" 
174.62.110.101 - - [27/Aug/2018:18:06:50 -0700] "GET / HTTP/1.1" 200 11357 "-" "Mozilla/5.0 (Macintosh; Intel Mac OS X 10_13_6) AppleWebKit/605.1.15 (KHTML, like Gecko)" 
174.62.110.101 - - [27/Aug/2018:18:06:51 -0700] "GET /apple-touch-icon-precomposed.png HTTP/1.1" 404 340 "-" "Safari/13605.3.8 CFNetwork/902.1 Darwin/17.7.0 (x86_64)" 
174.62.110.101 - - [27/Aug/2018:18:06:51 -0700] "GET /apple-touch-icon.png HTTP/1.1" 404 339 "-" "Safari/13605.3.8 CFNetwork/902.1 Darwin/17.7.0 (x86_64)" 
174.62.110.101 - - [27/Aug/2018:18:06:51 -0700] "GET /bootstrap/img/favicon.ico HTTP/1.1" 200 589 "-" "Safari/13605.3.8 CFNetwork/902.1 Darwin/17.7.0 (x86_64)" 
174.62.110.101 - - [27/Aug/2018:18:06:51 -0700] "GET / HTTP/1.1" 200 11356 "-" "\"Mozilla/5.0 (iPhone; CPU iPhone OS 11_0 like Mac OS X) AppleWebKit/604.1.38 (KHTML, like Gecko) Version/11.0 Mobile/15A372 Safari/604.1\"" 
174.62.110.101 - - [27/Aug/2018:18:06:51 -0700] "GET /apple-touch-icon-precomposed.png HTTP/1.1" 404 339 "-" "Safari/13605.3.8 CFNetwork/902.1 Darwin/17.7.0 (x86_64)" 
174.62.110.101 - - [27/Aug/2018:18:06:51 -0700] "GET /apple-touch-icon.png HTTP/1.1" 404 339 "-" "Safari/13605.3.8 CFNetwork/902.1 Darwin/17.7.0 (x86_64)" 
174.62.110.101 - - [27/Aug/2018:18:06:51 -0700] "GET /bootstrap/img/favicon.ico HTTP/1.1" 200 589 "-" "Safari/13605.3.8 CFNetwork/902.1 Darwin/17.7.0 (x86_64)" 
41.97.41.52 - - [27/Aug/2018:18:09:41 -0700] "GET /wp-login.php HTTP/1.1" 418 732 "-" "Mozilla/5.0 (Windows NT 6.1; WOW64; rv:40.0) Gecko/20100101 Firefox/40.1" 
41.97.41.52 - - [27/Aug/2018:18:09:41 -0700] "GET / HTTP/1.1" 418 732 "-" "Mozilla/5.0 (Windows NT 6.1; WOW64; rv:40.0) Gecko/20100101 Firefox/40.1" 
106.120.173.148 - - [27/Aug/2018:18:15:52 -0700] "GET /robots.txt HTTP/1.1" 200 252 "-" "Sogou web spider/4.0(+http://www.sogou.com/docs/help/webmasters.htm#07)" 
106.120.173.148 - - [27/Aug/2018:18:15:52 -0700] "GET / HTTP/1.1" 200 11320 "-" "Sogou web spider/4.0(+http://www.sogou.com/docs/help/webmasters.htm#07)" 
210.107.186.18 - - [27/Aug/2018:18:16:32 -0700] "GET / HTTP/1.1" 200 11357 "-" "Mozilla/5.0 (X11; Ubuntu; Linux x86_64; rv:61.0) Gecko/20100101 Firefox/61.0" 
210.107.186.18 - - [27/Aug/2018:18:16:32 -0700] "GET /twitter-icon.png HTTP/1.1" 200 27787 "http://www.secrepo.com/" "Mozilla/5.0 (X11; Ubuntu; Linux x86_64; rv:61.0) Gecko/20100101 Firefox/61.0" 
210.107.186.18 - - [27/Aug/2018:18:16:33 -0700] "GET /GitHub-Mark.png HTTP/1.1" 200 7428 "http://www.secrepo.com/" "Mozilla/5.0 (X11; Ubuntu; Linux x86_64; rv:61.0) Gecko/20100101 Firefox/61.0" 
210.107.186.18 - - [27/Aug/2018:18:16:33 -0700] "GET /bootstrap/img/favicon.ico HTTP/1.1" 200 589 "-" "Mozilla/5.0 (X11; Ubuntu; Linux x86_64; rv:61.0) Gecko/20100101 Firefox/61.0" 
157.55.39.191 - - [27/Aug/2018:18:17:10 -0700] "GET /honeypot/Honeypot%20-%20Howto%20-%20BSides%20Austin.pdf HTTP/1.1" 200 2928460 "-" "Mozilla/5.0 (compatible; bingbot/2.0; +http://www.bing.com/bingbot.htm)" 
41.223.160.173 - - [27/Aug/2018:18:18:23 -0700] "GET /maccdc2012/dns.log.gz HTTP/1.1" 304 154 "-" "Mozilla/5.0 Gecko/20100115 Firefox/3.6" 
113.171.224.176 - - [27/Aug/2018:18:22:26 -0700] "GET /honeypot/Honeypot%20-%20Howto.pdf HTTP/1.1" 200 46720 "-" "Mozilla/5.0 Gecko/20100115 Firefox/3.6" 
216.244.66.245 - - [27/Aug/2018:18:23:17 -0700] "GET /robots.txt HTTP/1.1" 200 233 "-" "Mozilla/5.0 (compatible; DotBot/1.1; http://www.opensiteexplorer.org/dotbot, help@moz.com)" 
31.171.245.237 - - [27/Aug/2018:18:23:34 -0700] "GET / HTTP/1.1" 301 483 "-" "Mozilla/5.0 (Macintosh; Intel Mac OS X 10_10_5) AppleWebKit/537.36 (KHTML, like Gecko) Chrome/45.0.2454.101 Safari/537.36" 
31.171.245.237 - - [27/Aug/2018:18:23:35 -0700] "GET / HTTP/1.1" 200 11357 "-" "Mozilla/5.0 (Macintosh; Intel Mac OS X 10_10_5) AppleWebKit/537.36 (KHTML, like Gecko) Chrome/45.0.2454.101 Safari/537.36" 
162.242.144.71 - - [27/Aug/2018:18:26:45 -0700] "GET /robots.txt HTTP/1.1" 301 446 "-" "Tornado-Async-Client" 
162.242.144.71 - - [27/Aug/2018:18:26:45 -0700] "GET /robots.txt HTTP/1.1" 304 130 "-" "Tornado-Async-Client" 
162.242.144.71 - - [27/Aug/2018:18:26:45 -0700] "GET /honeypot/BSidesDFW%20-%202014.ipynb HTTP/1.1" 301 484 "-" "Tornado-Async-Client" 
162.242.144.71 - - [27/Aug/2018:18:26:45 -0700] "GET /honeypot/BSidesDFW%20-%202014.ipynb HTTP/1.1" 200 930780 "-" "Tornado-Async-Client" 
106.34.45.8 - - [27/Aug/2018:18:31:00 -0700] "GET /favicon.ico HTTP/1.1" 200 268 "-" "Mozilla/5.0 (Windows NT 6.1; WOW64) AppleWebKit/537.36 (KHTML, like Gecko) Chrome/58.0.3029.110 Safari/537.36 SE 2.X MetaSr 1.0" 
71.58.10.176 - - [27/Aug/2018:18:31:44 -0700] "GET /maccdc2012/dhcp.log.gz HTTP/1.1" 200 45019 "-" "Mozilla/5.0 (Windows NT 10.0; WOW64) AppleWebKit/537.36 (KHTML, like Gecko) Chrome/65.0.3325.146 Safari/537.36" 
216.244.66.245 - - [27/Aug/2018:18:38:22 -0700] "GET /self.logs/2015/access.log.2015-02-15.gz HTTP/1.1" 200 15502 "-" "Mozilla/5.0 (compatible; DotBot/1.1; http://www.opensiteexplorer.org/dotbot, help@moz.com)" 
216.244.66.245 - - [27/Aug/2018:18:38:23 -0700] "GET /self.logs/2015/access.log.2015-02-19.gz HTTP/1.1" 200 12818 "-" "Mozilla/5.0 (compatible; DotBot/1.1; http://www.opensiteexplorer.org/dotbot, help@moz.com)" 
216.244.66.245 - - [27/Aug/2018:18:38:24 -0700] "GET /self.logs/2015/access.log.2015-04-03.gz HTTP/1.1" 200 2251 "-" "Mozilla/5.0 (compatible; DotBot/1.1; http://www.opensiteexplorer.org/dotbot, help@moz.com)" 
216.244.66.245 - - [27/Aug/2018:18:38:25 -0700] "GET /self.logs/2015/access.log.2015-04-11.gz HTTP/1.1" 200 5425 "-" "Mozilla/5.0 (compatible; DotBot/1.1; http://www.opensiteexplorer.org/dotbot, help@moz.com)" 
216.244.66.245 - - [27/Aug/2018:18:38:26 -0700] "GET /self.logs/2015/access.log.2015-04-14.gz HTTP/1.1" 200 4952 "-" "Mozilla/5.0 (compatible; DotBot/1.1; http://www.opensiteexplorer.org/dotbot, help@moz.com)" 
216.244.66.245 - - [27/Aug/2018:18:38:27 -0700] "GET /self.logs/2015/access.log.2015-07-18.gz HTTP/1.1" 200 5110 "-" "Mozilla/5.0 (compatible; DotBot/1.1; http://www.opensiteexplorer.org/dotbot, help@moz.com)" 
216.244.66.245 - - [27/Aug/2018:18:38:28 -0700] "GET /self.logs/2015/access.log.2015-08-18.gz HTTP/1.1" 200 10527 "-" "Mozilla/5.0 (compatible; DotBot/1.1; http://www.opensiteexplorer.org/dotbot, help@moz.com)" 
216.244.66.245 - - [27/Aug/2018:18:38:29 -0700] "GET /self.logs/2015/access.log.2015-09-14.gz HTTP/1.1" 200 5415 "-" "Mozilla/5.0 (compatible; DotBot/1.1; http://www.opensiteexplorer.org/dotbot, help@moz.com)" 
216.244.66.245 - - [27/Aug/2018:18:38:30 -0700] "GET /self.logs/2015/access.log.2015-09-24.gz HTTP/1.1" 200 4691 "-" "Mozilla/5.0 (compatible; DotBot/1.1; http://www.opensiteexplorer.org/dotbot, help@moz.com)" 
216.244.66.245 - - [27/Aug/2018:18:38:31 -0700] "GET /self.logs/2015/access.log.2015-10-03.gz HTTP/1.1" 200 26993 "-" "Mozilla/5.0 (compatible; DotBot/1.1; http://www.opensiteexplorer.org/dotbot, help@moz.com)" 
216.244.66.245 - - [27/Aug/2018:18:38:32 -0700] "GET /self.logs/2015/error.log.2015-03-27.gz HTTP/1.1" 200 824 "-" "Mozilla/5.0 (compatible; DotBot/1.1; http://www.opensiteexplorer.org/dotbot, help@moz.com)" 
216.244.66.245 - - [27/Aug/2018:18:38:33 -0700] "GET /self.logs/2015/error.log.2015-06-21.gz HTTP/1.1" 200 2175 "-" "Mozilla/5.0 (compatible; DotBot/1.1; http://www.opensiteexplorer.org/dotbot, help@moz.com)" 
216.244.66.245 - - [27/Aug/2018:18:38:34 -0700] "GET /self.logs/2016/access.log.2016-02-08.gz HTTP/1.1" 200 6596 "-" "Mozilla/5.0 (compatible; DotBot/1.1; http://www.opensiteexplorer.org/dotbot, help@moz.com)" 
216.244.66.245 - - [27/Aug/2018:18:38:35 -0700] "GET /self.logs/2016/access.log.2016-05-16.gz HTTP/1.1" 200 10552 "-" "Mozilla/5.0 (compatible; DotBot/1.1; http://www.opensiteexplorer.org/dotbot, help@moz.com)" 
216.244.66.245 - - [27/Aug/2018:18:38:36 -0700] "GET /self.logs/2016/access.log.2016-06-04.gz HTTP/1.1" 200 8151 "-" "Mozilla/5.0 (compatible; DotBot/1.1; http://www.opensiteexplorer.org/dotbot, help@moz.com)" 
216.244.66.245 - - [27/Aug/2018:18:38:37 -0700] "GET /self.logs/2016/access.log.2016-08-19.gz HTTP/1.1" 200 11487 "-" "Mozilla/5.0 (compatible; DotBot/1.1; http://www.opensiteexplorer.org/dotbot, help@moz.com)" 
216.244.66.245 - - [27/Aug/2018:18:38:38 -0700] "GET /self.logs/2016/access.log.2016-09-28.gz HTTP/1.1" 200 8240 "-" "Mozilla/5.0 (compatible; DotBot/1.1; http://www.opensiteexplorer.org/dotbot, help@moz.com)" 
216.244.66.245 - - [27/Aug/2018:18:38:39 -0700] "GET /self.logs/2016/error.log.2016-03-02.gz HTTP/1.1" 200 658 "-" "Mozilla/5.0 (compatible; DotBot/1.1; http://www.opensiteexplorer.org/dotbot, help@moz.com)" 
216.244.66.245 - - [27/Aug/2018:18:38:39 -0700] "GET /self.logs/2016/error.log.2016-03-08.gz HTTP/1.1" 200 710 "-" "Mozilla/5.0 (compatible; DotBot/1.1; http://www.opensiteexplorer.org/dotbot, help@moz.com)" 
216.244.66.245 - - [27/Aug/2018:18:38:40 -0700] "GET /self.logs/2016/error.log.2016-03-25.gz HTTP/1.1" 200 617 "-" "Mozilla/5.0 (compatible; DotBot/1.1; http://www.opensiteexplorer.org/dotbot, help@moz.com)" 
216.244.66.245 - - [27/Aug/2018:18:38:41 -0700] "GET /self.logs/error.log.2018-02-17.gz HTTP/1.1" 200 3988 "-" "Mozilla/5.0 (compatible; DotBot/1.1; http://www.opensiteexplorer.org/dotbot, help@moz.com)" 
210.107.186.18 - - [27/Aug/2018:18:37:54 -0700] "GET /maccdc2012/conn.log.gz HTTP/1.1" 200 551041635 "http://www.secrepo.com/" "Mozilla/5.0 (X11; Ubuntu; Linux x86_64; rv:61.0) Gecko/20100101 Firefox/61.0" 
41.223.160.173 - - [27/Aug/2018:18:39:38 -0700] "GET /tg/tg_snort_fast.7z HTTP/1.1" 304 131 "-" "Mozilla/5.0 Gecko/20100115 Firefox/3.6" 
222.191.249.108 - - [27/Aug/2018:18:40:23 -0700] "GET /favicon.ico HTTP/1.1" 200 268 "-" "Mozilla/5.0 (Windows NT 6.1) AppleWebKit/537.36 (KHTML, like Gecko) Chrome/63.0.3239.132 Safari/537.36" 
210.12.101.154 - - [27/Aug/2018:18:42:26 -0700] "GET /favicon.ico HTTP/1.1" 200 268 "-" "Mozilla/5.0 (Windows NT 10.0; WOW64) AppleWebKit/537.36 (KHTML, like Gecko) Chrome/63.0.3239.132 Safari/537.36" 
210.107.186.18 - - [27/Aug/2018:18:48:10 -0700] "GET /misc/zeus_dga_domains.txt.zip HTTP/1.1" 200 594360 "-" "Mozilla/5.0 (Windows NT 10.0; Win64; x64) AppleWebKit/537.36 (KHTML, like Gecko) Chrome/68.0.3440.106 Safari/537.36" 
210.107.186.18 - - [27/Aug/2018:18:49:13 -0700] "GET /squid/access.log.gz HTTP/1.1" 200 23177322 "-" "Mozilla/5.0 (Windows NT 10.0; Win64; x64) AppleWebKit/537.36 (KHTML, like Gecko) Chrome/68.0.3440.106 Safari/537.36" 
52.53.201.78 - - [27/Aug/2018:18:54:03 -0700] "GET / HTTP/1.1" 200 11301 "-" "Mozilla/5.0 (Macintosh; Intel Mac OS X 10_12_6) AppleWebKit/537.36 (KHTML, like Gecko) Chrome/61.0.3163.100 Safari/537.36" 
201.212.165.103 - - [27/Aug/2018:19:06:38 -0700] "GET /wp-login.php HTTP/1.1" 418 732 "-" "Mozilla/5.0 (Windows NT 6.1; WOW64; rv:40.0) Gecko/20100101 Firefox/40.1" 
216.244.66.245 - - [27/Aug/2018:19:07:58 -0700] "GET /robots.txt HTTP/1.1" 200 233 "-" "Mozilla/5.0 (compatible; DotBot/1.1; http://www.opensiteexplorer.org/dotbot, help@moz.com)" 
130.192.9.241 - - [27/Aug/2018:19:08:12 -0700] "GET / HTTP/1.1" 200 38539 "-" "curl/7.47.0" 
130.192.9.241 - - [27/Aug/2018:19:08:14 -0700] "GET / HTTP/1.1" 200 38539 "-" "curl/7.47.0" 
130.192.9.241 - - [27/Aug/2018:19:08:16 -0700] "GET / HTTP/1.1" 200 38539 "-" "curl/7.47.0" 
130.192.9.241 - - [27/Aug/2018:19:08:19 -0700] "GET / HTTP/1.1" 200 38539 "-" "curl/7.47.0" 
130.192.9.241 - - [27/Aug/2018:19:08:21 -0700] "GET / HTTP/1.1" 200 38539 "-" "curl/7.47.0" 
130.192.9.241 - - [27/Aug/2018:19:08:24 -0700] "GET / HTTP/1.1" 200 38539 "-" "curl/7.47.0" 
83.26.152.85 - - [27/Aug/2018:19:16:47 -0700] "GET /wp-login.php HTTP/1.1" 418 732 "-" "Mozilla/5.0 (Windows NT 6.1; WOW64; rv:40.0) Gecko/20100101 Firefox/40.1" 
83.26.152.85 - - [27/Aug/2018:19:16:47 -0700] "GET / HTTP/1.1" 418 732 "-" "Mozilla/5.0 (Windows NT 6.1; WOW64; rv:40.0) Gecko/20100101 Firefox/40.1" 
195.201.223.225 - - [27/Aug/2018:19:20:55 -0700] "GET / HTTP/1.0" 200 38584 "-" "Mozilla/5.0 (Windows; U; Windows NT 5.1; en-US; rv:1.8.1.6) Gecko/20070725 Firefox/2.0.0.6" 
113.171.224.176 - - [27/Aug/2018:19:22:56 -0700] "GET /honeypot/Honeypot%20-%20Howto.pdf HTTP/1.1" 200 46720 "-" "Mozilla/5.0 Gecko/20100115 Firefox/3.6" 
99.2.96.35 - - [27/Aug/2018:19:23:20 -0700] "GET /wp-login.php HTTP/1.1" 418 732 "-" "Mozilla/5.0 (Windows NT 6.1; WOW64; rv:40.0) Gecko/20100101 Firefox/40.1" 
99.2.96.35 - - [27/Aug/2018:19:23:20 -0700] "GET / HTTP/1.1" 418 732 "-" "Mozilla/5.0 (Windows NT 6.1; WOW64; rv:40.0) Gecko/20100101 Firefox/40.1" 
216.244.66.245 - - [27/Aug/2018:19:23:29 -0700] "GET /self.logs/2015/access.log.2015-04-23.gz HTTP/1.1" 200 4138 "-" "Mozilla/5.0 (compatible; DotBot/1.1; http://www.opensiteexplorer.org/dotbot, help@moz.com)" 
216.244.66.245 - - [27/Aug/2018:19:23:30 -0700] "GET /self.logs/2015/access.log.2015-06-06.gz HTTP/1.1" 200 3153 "-" "Mozilla/5.0 (compatible; DotBot/1.1; http://www.opensiteexplorer.org/dotbot, help@moz.com)" 
216.244.66.245 - - [27/Aug/2018:19:23:32 -0700] "GET /self.logs/2015/access.log.2015-10-21.gz HTTP/1.1" 200 7791 "-" "Mozilla/5.0 (compatible; DotBot/1.1; http://www.opensiteexplorer.org/dotbot, help@moz.com)" 
216.244.66.245 - - [27/Aug/2018:19:23:33 -0700] "GET /self.logs/2015/access.log.2015-11-07.gz HTTP/1.1" 200 5620 "-" "Mozilla/5.0 (compatible; DotBot/1.1; http://www.opensiteexplorer.org/dotbot, help@moz.com)" 
216.244.66.245 - - [27/Aug/2018:19:23:34 -0700] "GET /self.logs/2015/access.log.2015-12-10.gz HTTP/1.1" 200 6011 "-" "Mozilla/5.0 (compatible; DotBot/1.1; http://www.opensiteexplorer.org/dotbot, help@moz.com)" 
216.244.66.245 - - [27/Aug/2018:19:23:36 -0700] "GET /self.logs/2015/error.log.2015-02-15.gz HTTP/1.1" 200 5696 "-" "Mozilla/5.0 (compatible; DotBot/1.1; http://www.opensiteexplorer.org/dotbot, help@moz.com)" 
216.244.66.245 - - [27/Aug/2018:19:23:37 -0700] "GET /self.logs/2016/access.log.2016-04-03.gz HTTP/1.1" 200 14159 "-" "Mozilla/5.0 (compatible; DotBot/1.1; http://www.opensiteexplorer.org/dotbot, help@moz.com)" 
216.244.66.245 - - [27/Aug/2018:19:23:38 -0700] "GET /self.logs/2016/access.log.2016-04-07.gz HTTP/1.1" 200 8108 "-" "Mozilla/5.0 (compatible; DotBot/1.1; http://www.opensiteexplorer.org/dotbot, help@moz.com)" 
216.244.66.245 - - [27/Aug/2018:19:23:40 -0700] "GET /self.logs/2016/access.log.2016-10-03.gz HTTP/1.1" 200 9404 "-" "Mozilla/5.0 (compatible; DotBot/1.1; http://www.opensiteexplorer.org/dotbot, help@moz.com)" 
216.244.66.245 - - [27/Aug/2018:19:23:41 -0700] "GET /self.logs/2016/access.log.2016-10-18.gz HTTP/1.1" 200 15376 "-" "Mozilla/5.0 (compatible; DotBot/1.1; http://www.opensiteexplorer.org/dotbot, help@moz.com)" 
216.244.66.245 - - [27/Aug/2018:19:23:42 -0700] "GET /self.logs/2016/error.log.2016-09-20.gz HTTP/1.1" 200 1392 "-" "Mozilla/5.0 (compatible; DotBot/1.1; http://www.opensiteexplorer.org/dotbot, help@moz.com)" 
46.118.155.115 - - [27/Aug/2018:19:24:07 -0700] "GET /honeypot/ HTTP/1.1" 200 1077 "http://pornoplen.com/" "Mozilla/4.0 (compatible; MSIE 6.0; Update a; AOL 6.0; Windows 98)" 
52.212.146.96 - - [27/Aug/2018:19:30:01 -0700] "GET /self.logs/access.log.2018-08-21.gz HTTP/1.1" 200 20019 "-" "python-requests/2.12.1" 
52.212.146.96 - - [27/Aug/2018:19:30:02 -0700] "GET /self.logs/access.log.2018-08-22.gz HTTP/1.1" 200 24984 "-" "python-requests/2.12.1" 
52.212.146.96 - - [27/Aug/2018:19:30:02 -0700] "GET /self.logs/access.log.2018-08-23.gz HTTP/1.1" 200 22148 "-" "python-requests/2.12.1" 
52.212.146.96 - - [27/Aug/2018:19:30:03 -0700] "GET /self.logs/access.log.2018-08-24.gz HTTP/1.1" 200 36940 "-" "python-requests/2.12.1" 
52.212.146.96 - - [27/Aug/2018:19:30:03 -0700] "GET /self.logs/access.log.2018-08-25.gz HTTP/1.1" 404 340 "-" "python-requests/2.12.1" 
52.212.146.96 - - [27/Aug/2018:19:30:03 -0700] "GET /self.logs/access.log.2018-08-26.gz HTTP/1.1" 404 340 "-" "python-requests/2.12.1" 
52.212.146.96 - - [27/Aug/2018:19:30:03 -0700] "GET /self.logs/access.log.2018-08-27.gz HTTP/1.1" 404 340 "-" "python-requests/2.12.1" 
162.210.196.97 - - [27/Aug/2018:19:32:14 -0700] "GET /robots.txt HTTP/1.1" 200 289 "-" "Mozilla/5.0 (compatible; MJ12bot/v1.4.8; http://mj12bot.com/)" 
162.210.196.97 - - [27/Aug/2018:19:32:17 -0700] "GET / HTTP/1.1" 200 38539 "-" "Mozilla/5.0 (compatible; MJ12bot/v1.4.8; http://mj12bot.com/)" 
187.52.24.234 - - [27/Aug/2018:19:32:16 -0700] "GET /honeypot/Honeypot%20-%20Howto%20-%20BSides%20Austin.pdf HTTP/1.1" 200 2648448 "http://www.secrepo.com/" "Mozilla/5.0 (Windows NT 6.1; WOW64) AppleWebKit/537.36 (KHTML, like Gecko) Chrome/63.0.3239.132 Safari/479B76" 
113.190.253.144 - - [27/Aug/2018:19:33:11 -0700] "GET /honeypot/Honeypot%20-%20Howto%20-%20BSides%20Austin.pdf HTTP/1.1" 200 2928460 "http://www.secrepo.com/" "Mozilla/5.0 (Windows NT 6.1; WOW64) AppleWebKit/537.36 (KHTML, like Gecko) Chrome/63.0.3239.132 Safari/479B76" 
203.249.127.39 - - [27/Aug/2018:19:39:22 -0700] "GET / HTTP/1.1" 200 11357 "-" "Mozilla/5.0 (Windows NT 10.0; WOW64; APCPMS=^N20141218044134976219A88CE31954C6E13F_13392^; Trident/7.0; rv:11.0) like Gecko" 
203.249.127.39 - - [27/Aug/2018:19:39:23 -0700] "GET /twitter-icon.png HTTP/1.1" 200 27787 "http://www.secrepo.com/" "Mozilla/5.0 (Windows NT 10.0; WOW64; APCPMS=^N20141218044134976219A88CE31954C6E13F_13392^; Trident/7.0; rv:11.0) like Gecko" 
203.249.127.39 - - [27/Aug/2018:19:39:23 -0700] "GET /GitHub-Mark.png HTTP/1.1" 200 7428 "http://www.secrepo.com/" "Mozilla/5.0 (Windows NT 10.0; WOW64; APCPMS=^N20141218044134976219A88CE31954C6E13F_13392^; Trident/7.0; rv:11.0) like Gecko" 
203.249.127.39 - - [27/Aug/2018:19:39:23 -0700] "GET /bootstrap/img/favicon.ico HTTP/1.1" 200 589 "-" "Mozilla/5.0 (Windows NT 10.0; WOW64; APCPMS=^N20141218044134976219A88CE31954C6E13F_13392^; Trident/7.0; rv:11.0) like Gecko" 
176.8.90.178 - - [27/Aug/2018:19:45:12 -0700] "GET /honeypot/ HTTP/1.1" 200 1077 "https://rybalka-opt.ru/" "Mozilla/3.0 (x86 [en] Windows NT 5.1; Sun)" 
46.40.59.87 - - [27/Aug/2018:19:50:14 -0700] "GET /wp-login.php HTTP/1.1" 418 732 "-" "Mozilla/5.0 (Windows NT 6.1; WOW64; rv:40.0) Gecko/20100101 Firefox/40.1" 
46.40.59.87 - - [27/Aug/2018:19:50:14 -0700] "GET / HTTP/1.1" 418 732 "-" "Mozilla/5.0 (Windows NT 6.1; WOW64; rv:40.0) Gecko/20100101 Firefox/40.1" 
180.190.171.85 - - [27/Aug/2018:19:50:29 -0700] "GET /wp-login.php HTTP/1.1" 418 732 "-" "Mozilla/5.0 (Windows NT 6.1; WOW64; rv:40.0) Gecko/20100101 Firefox/40.1" 
180.190.171.85 - - [27/Aug/2018:19:50:29 -0700] "GET / HTTP/1.1" 418 732 "-" "Mozilla/5.0 (Windows NT 6.1; WOW64; rv:40.0) Gecko/20100101 Firefox/40.1" 
192.3.152.37 - - [27/Aug/2018:19:51:09 -0700] "GET / HTTP/1.1" 418 676 "-" "Mozilla/5.0 (Windows NT 6.1; WOW64; rv:40.0) Gecko/20100101 Firefox/40.1" 
216.244.66.245 - - [27/Aug/2018:19:52:26 -0700] "GET /robots.txt HTTP/1.1" 200 233 "-" "Mozilla/5.0 (compatible; DotBot/1.1; http://www.opensiteexplorer.org/dotbot, help@moz.com)" 
24.42.197.160 - - [27/Aug/2018:20:00:10 -0700] "GET / HTTP/1.1" 200 11357 "-" "Mozilla/5.0 (Windows NT 10.0; Win64; x64) AppleWebKit/537.36 (KHTML, like Gecko) Chrome/68.0.3440.106 Safari/537.36" 
24.42.197.160 - - [27/Aug/2018:20:00:10 -0700] "GET /twitter-icon.png HTTP/1.1" 200 27787 "http://www.secrepo.com/" "Mozilla/5.0 (Windows NT 10.0; Win64; x64) AppleWebKit/537.36 (KHTML, like Gecko) Chrome/68.0.3440.106 Safari/537.36" 
24.42.197.160 - - [27/Aug/2018:20:00:10 -0700] "GET /GitHub-Mark.png HTTP/1.1" 200 7428 "http://www.secrepo.com/" "Mozilla/5.0 (Windows NT 10.0; Win64; x64) AppleWebKit/537.36 (KHTML, like Gecko) Chrome/68.0.3440.106 Safari/537.36" 
24.42.197.160 - - [27/Aug/2018:20:00:11 -0700] "GET /bootstrap/img/favicon.ico HTTP/1.1" 200 589 "http://www.secrepo.com/" "Mozilla/5.0 (Windows NT 10.0; Win64; x64) AppleWebKit/537.36 (KHTML, like Gecko) Chrome/68.0.3440.106 Safari/537.36" 
46.4.67.206 - - [27/Aug/2018:20:01:39 -0700] "GET /robots.txt HTTP/1.1" 301 518 "-" "Mozilla/5.0 (compatible; MJ12bot/v1.4.8; http://mj12bot.com/)" 
46.4.67.206 - - [27/Aug/2018:20:01:46 -0700] "GET /robots.txt HTTP/1.1" 200 289 "-" "Mozilla/5.0 (compatible; MJ12bot/v1.4.8; http://mj12bot.com/)" 
46.4.67.206 - - [27/Aug/2018:20:01:55 -0700] "GET / HTTP/1.1" 301 442 "-" "Mozilla/5.0 (compatible; MJ12bot/v1.4.8; http://mj12bot.com/)" 
46.4.67.206 - - [27/Aug/2018:20:02:04 -0700] "GET / HTTP/1.1" 200 38539 "-" "Mozilla/5.0 (compatible; MJ12bot/v1.4.8; http://mj12bot.com/)" 
24.42.197.160 - - [27/Aug/2018:20:06:44 -0700] "GET /auth.log/auth.log.gz HTTP/1.1" 200 554524 "-" "Mozilla/5.0 (Windows NT 10.0; Win64; x64) AppleWebKit/537.36 (KHTML, like Gecko) Chrome/68.0.3440.106 Safari/537.36" 
162.242.144.71 - - [27/Aug/2018:20:06:52 -0700] "GET /robots.txt HTTP/1.1" 301 446 "-" "Tornado-Async-Client" 
162.242.144.71 - - [27/Aug/2018:20:06:52 -0700] "GET /robots.txt HTTP/1.1" 304 130 "-" "Tornado-Async-Client" 
162.242.144.71 - - [27/Aug/2018:20:06:52 -0700] "GET /honeypot/BSidesDFW%20-%202014.ipynb HTTP/1.1" 301 484 "-" "Tornado-Async-Client" 
162.242.144.71 - - [27/Aug/2018:20:06:52 -0700] "GET /honeypot/BSidesDFW%20-%202014.ipynb HTTP/1.1" 200 930780 "-" "Tornado-Async-Client" 
216.244.66.245 - - [27/Aug/2018:20:07:32 -0700] "GET /self.logs/2015/access.log.2015-02-17.gz HTTP/1.1" 200 11147 "-" "Mozilla/5.0 (compatible; DotBot/1.1; http://www.opensiteexplorer.org/dotbot, help@moz.com)" 
216.244.66.245 - - [27/Aug/2018:20:07:33 -0700] "GET /self.logs/2015/access.log.2015-10-04.gz HTTP/1.1" 200 6029 "-" "Mozilla/5.0 (compatible; DotBot/1.1; http://www.opensiteexplorer.org/dotbot, help@moz.com)" 
