46.4.104.16 - - [29/May/2018:01:59:18 -0700] "GET /self.logs/?C=S;O=A HTTP/1.1" 200 11426 "-" "Mozilla/5.0 (compatible; BLEXBot/1.0; +http://webmeup-crawler.com/)" 
46.4.104.16 - - [29/May/2018:01:59:45 -0700] "GET /self.logs/2015/?C=D;O=A HTTP/1.1" 200 7437 "-" "Mozilla/5.0 (compatible; BLEXBot/1.0; +http://webmeup-crawler.com/)" 
177.19.74.92 - - [29/May/2018:02:07:47 -0700] "GET / HTTP/1.1" 200 11353 "-" "Mozilla/5.0 (Windows NT 10.0; Win64; x64) AppleWebKit/537.36 (KHTML, like Gecko) Chrome/66.0.3359.181 Safari/537.36" 
177.19.74.92 - - [29/May/2018:02:07:47 -0700] "GET /twitter-icon.png HTTP/1.1" 200 27787 "http://www.secrepo.com/" "Mozilla/5.0 (Windows NT 10.0; Win64; x64) AppleWebKit/537.36 (KHTML, like Gecko) Chrome/66.0.3359.181 Safari/537.36" 
177.19.74.92 - - [29/May/2018:02:07:47 -0700] "GET /GitHub-Mark.png HTTP/1.1" 200 7428 "http://www.secrepo.com/" "Mozilla/5.0 (Windows NT 10.0; Win64; x64) AppleWebKit/537.36 (KHTML, like Gecko) Chrome/66.0.3359.181 Safari/537.36" 
177.19.74.92 - - [29/May/2018:02:07:49 -0700] "GET /bootstrap/img/favicon.ico HTTP/1.1" 200 589 "http://www.secrepo.com/" "Mozilla/5.0 (Windows NT 10.0; Win64; x64) AppleWebKit/537.36 (KHTML, like Gecko) Chrome/66.0.3359.181 Safari/537.36" 
216.244.66.245 - - [29/May/2018:02:11:54 -0700] "GET /robots.txt HTTP/1.1" 200 233 "-" "Mozilla/5.0 (compatible; DotBot/1.1; http://www.opensiteexplorer.org/dotbot, help@moz.com)" 
66.249.66.82 - - [29/May/2018:02:14:15 -0700] "GET /honeypot/Honeypot%20-%20Howto.pdf HTTP/1.1" 200 1279418 "-" "Mozilla/5.0 (compatible; Googlebot/2.1; +http://www.google.com/bot.html)" 
216.244.66.245 - - [29/May/2018:02:17:11 -0700] "GET /self.logs/2015/access.log.2015-08-07.gz HTTP/1.1" 200 4522 "-" "Mozilla/5.0 (compatible; DotBot/1.1; http://www.opensiteexplorer.org/dotbot, help@moz.com)" 
216.244.66.245 - - [29/May/2018:02:17:13 -0700] "GET /self.logs/2015/access.log.2015-09-06.gz HTTP/1.1" 200 4759 "-" "Mozilla/5.0 (compatible; DotBot/1.1; http://www.opensiteexplorer.org/dotbot, help@moz.com)" 
216.244.66.245 - - [29/May/2018:02:17:15 -0700] "GET /self.logs/2015/error.log.2015-03-29.gz HTTP/1.1" 200 735 "-" "Mozilla/5.0 (compatible; DotBot/1.1; http://www.opensiteexplorer.org/dotbot, help@moz.com)" 
216.244.66.245 - - [29/May/2018:02:17:16 -0700] "GET /self.logs/2015/error.log.2015-08-20.gz HTTP/1.1" 200 851 "-" "Mozilla/5.0 (compatible; DotBot/1.1; http://www.opensiteexplorer.org/dotbot, help@moz.com)" 
216.244.66.245 - - [29/May/2018:02:17:17 -0700] "GET /self.logs/2015/error.log.2015-09-11.gz HTTP/1.1" 200 600 "-" "Mozilla/5.0 (compatible; DotBot/1.1; http://www.opensiteexplorer.org/dotbot, help@moz.com)" 
216.244.66.245 - - [29/May/2018:02:17:19 -0700] "GET /self.logs/2015/error.log.2015-09-29.gz HTTP/1.1" 200 569 "-" "Mozilla/5.0 (compatible; DotBot/1.1; http://www.opensiteexplorer.org/dotbot, help@moz.com)" 
216.244.66.245 - - [29/May/2018:02:17:20 -0700] "GET /self.logs/2016/access.log.2016-05-12.gz HTTP/1.1" 200 14406 "-" "Mozilla/5.0 (compatible; DotBot/1.1; http://www.opensiteexplorer.org/dotbot, help@moz.com)" 
216.244.66.245 - - [29/May/2018:02:17:21 -0700] "GET /self.logs/2016/access.log.2016-09-27.gz HTTP/1.1" 200 11685 "-" "Mozilla/5.0 (compatible; DotBot/1.1; http://www.opensiteexplorer.org/dotbot, help@moz.com)" 
216.244.66.245 - - [29/May/2018:02:17:22 -0700] "GET /self.logs/2016/access.log.2016-10-01.gz HTTP/1.1" 200 6011 "-" "Mozilla/5.0 (compatible; DotBot/1.1; http://www.opensiteexplorer.org/dotbot, help@moz.com)" 
216.244.66.245 - - [29/May/2018:02:17:24 -0700] "GET /self.logs/2016/error.log.2016-05-31.gz HTTP/1.1" 200 1291 "-" "Mozilla/5.0 (compatible; DotBot/1.1; http://www.opensiteexplorer.org/dotbot, help@moz.com)" 
216.244.66.245 - - [29/May/2018:02:17:25 -0700] "GET /self.logs/2016/error.log.2016-07-15.gz HTTP/1.1" 200 775 "-" "Mozilla/5.0 (compatible; DotBot/1.1; http://www.opensiteexplorer.org/dotbot, help@moz.com)" 
106.120.160.109 - - [29/May/2018:02:21:59 -0700] "GET /bootstrap/img/favicon.ico HTTP/1.1" 200 553 "http://www.secrepo.com/bootstrap/img/favicon.ico" "Mozilla/4.0 (compatible; MSIE 8.0; Windows NT 6.1; Trident/4.0; SLCC2; .NET CLR 2.0.50727; .NET CLR 3.5.30729; .NET CLR 3.0.30729; Media Center PC 6.0; Tablet PC 2.0)" 
177.89.138.239 - - [29/May/2018:02:22:00 -0700] "GET /wp-login.php HTTP/1.1" 418 732 "-" "Mozilla/5.0 (Windows NT 6.1; WOW64; rv:40.0) Gecko/20100101 Firefox/40.1" 
177.89.138.239 - - [29/May/2018:02:22:01 -0700] "GET / HTTP/1.1" 418 732 "-" "Mozilla/5.0 (Windows NT 6.1; WOW64; rv:40.0) Gecko/20100101 Firefox/40.1" 
66.249.92.146 - - [29/May/2018:02:22:41 -0700] "GET / HTTP/1.1" 200 11353 "-" "Mozilla/5.0 (Macintosh; Intel Mac OS X 10_8_4) AppleWebKit/537.36 (KHTML, like Gecko) Chrome/28.0.1500.71 Safari/537.36" 
66.249.92.146 - - [29/May/2018:02:22:42 -0700] "GET /&amp HTTP/1.1" 404 339 "-" "Mozilla/5.0 (Macintosh; Intel Mac OS X 10_8_4) AppleWebKit/537.36 (KHTML, like Gecko) Chrome/28.0.1500.71 Safari/537.36" 
104.194.85.224 - - [29/May/2018:02:22:45 -0700] "HEAD / HTTP/1.1" 200 284 "-" "Microsoft Office Word 2013" 
104.194.85.224 - - [29/May/2018:02:22:45 -0700] "GET / HTTP/1.1" 200 11316 "-" "Mozilla/4.0 (compatible; MSIE 7.0; Windows NT 10.0; WOW64; Trident/7.0; .NET4.0C; .NET4.0E; .NET CLR 2.0.50727; .NET CLR 3.0.30729; .NET CLR 3.5.30729; InfoPath.3; ms-office)" 
104.194.85.224 - - [29/May/2018:02:22:47 -0700] "GET / HTTP/1.1" 200 11316 "-" "Mozilla/5.0 (Windows NT 10.0; WOW64) AppleWebKit/537.36 (KHTML, like Gecko) Chrome/48.0.2564.116 Safari/537.36 TheWorld 7" 
104.194.85.224 - - [29/May/2018:02:22:49 -0700] "GET /twitter-icon.png HTTP/1.1" 200 27751 "http://www.secrepo.com/" "Mozilla/5.0 (Windows NT 10.0; WOW64) AppleWebKit/537.36 (KHTML, like Gecko) Chrome/48.0.2564.116 Safari/537.36 TheWorld 7" 
104.194.85.224 - - [29/May/2018:02:22:49 -0700] "GET /GitHub-Mark.png HTTP/1.1" 200 7391 "http://www.secrepo.com/" "Mozilla/5.0 (Windows NT 10.0; WOW64) AppleWebKit/537.36 (KHTML, like Gecko) Chrome/48.0.2564.116 Safari/537.36 TheWorld 7" 
104.194.85.224 - - [29/May/2018:02:22:52 -0700] "GET /bootstrap/img/favicon.ico HTTP/1.1" 200 553 "http://www.secrepo.com/" "Mozilla/5.0 (Windows NT 10.0; WOW64) AppleWebKit/537.36 (KHTML, like Gecko) Chrome/48.0.2564.116 Safari/537.36 TheWorld 7" 
123.125.143.157 - - [29/May/2018:02:22:54 -0700] "GET / HTTP/1.1" 200 11353 "http://www.baidu.com/s?wd=4U2Q" "Mozilla/5.0 (Windows NT 6.1; WOW64; rv:43.0) Gecko/20100101 Firefox/43.0" 
216.244.66.245 - - [29/May/2018:02:23:27 -0700] "GET /self.logs/error.log.2018-05-01.gz HTTP/1.1" 200 3713 "-" "Mozilla/5.0 (compatible; DotBot/1.1; http://www.opensiteexplorer.org/dotbot, help@moz.com)" 
54.36.148.149 - - [29/May/2018:02:24:22 -0700] "GET /self.logs/error.log.2017-11-25.gz HTTP/1.1" 200 1772 "-" "Mozilla/5.0 (compatible; AhrefsBot/5.2; +http://ahrefs.com/robot/)" 
113.171.224.176 - - [29/May/2018:02:26:55 -0700] "GET /honeypot/Honeypot%20-%20Howto.pdf HTTP/1.1" 200 46720 "-" "Mozilla/5.0 Gecko/20100115 Firefox/3.6" 
173.63.216.118 - - [29/May/2018:02:33:09 -0700] "GET /wp-login.php HTTP/1.1" 418 732 "-" "Mozilla/5.0 (Windows NT 6.1; WOW64; rv:40.0) Gecko/20100101 Firefox/40.1" 
173.63.216.118 - - [29/May/2018:02:33:09 -0700] "GET / HTTP/1.1" 418 732 "-" "Mozilla/5.0 (Windows NT 6.1; WOW64; rv:40.0) Gecko/20100101 Firefox/40.1" 
216.244.66.245 - - [29/May/2018:02:35:24 -0700] "GET /robots.txt HTTP/1.1" 200 233 "-" "Mozilla/5.0 (compatible; DotBot/1.1; http://www.opensiteexplorer.org/dotbot, help@moz.com)" 
157.55.39.103 - - [29/May/2018:02:38:14 -0700] "GET /honeypot/bsidesdfw%20-%202014.ipynb HTTP/1.1" 301 539 "-" "Mozilla/5.0 (iPhone; CPU iPhone OS 7_0 like Mac OS X) AppleWebKit/537.51.1 (KHTML, like Gecko) Version/7.0 Mobile/11A465 Safari/9537.53 (compatible; bingbot/2.0; +http://www.bing.com/bingbot.htm)" 
157.55.39.103 - - [29/May/2018:02:38:20 -0700] "GET /honeypot/bsidesdfw%20-%202014.ipynb HTTP/1.1" 404 340 "-" "Mozilla/5.0 (iPhone; CPU iPhone OS 7_0 like Mac OS X) AppleWebKit/537.51.1 (KHTML, like Gecko) Version/7.0 Mobile/11A465 Safari/9537.53 (compatible; bingbot/2.0; +http://www.bing.com/bingbot.htm)" 
216.244.66.245 - - [29/May/2018:02:40:39 -0700] "GET /self.logs/2015/access.log.2015-07-17.gz HTTP/1.1" 200 4533 "-" "Mozilla/5.0 (compatible; DotBot/1.1; http://www.opensiteexplorer.org/dotbot, help@moz.com)" 
216.244.66.245 - - [29/May/2018:02:40:40 -0700] "GET /self.logs/2015/access.log.2015-09-05.gz HTTP/1.1" 200 2862 "-" "Mozilla/5.0 (compatible; DotBot/1.1; http://www.opensiteexplorer.org/dotbot, help@moz.com)" 
216.244.66.245 - - [29/May/2018:02:40:41 -0700] "GET /self.logs/2015/access.log.2015-09-11.gz HTTP/1.1" 200 4955 "-" "Mozilla/5.0 (compatible; DotBot/1.1; http://www.opensiteexplorer.org/dotbot, help@moz.com)" 
216.244.66.245 - - [29/May/2018:02:40:42 -0700] "GET /self.logs/2015/access.log.2015-11-24.gz HTTP/1.1" 200 10394 "-" "Mozilla/5.0 (compatible; DotBot/1.1; http://www.opensiteexplorer.org/dotbot, help@moz.com)" 
216.244.66.245 - - [29/May/2018:02:40:43 -0700] "GET /self.logs/2015/error.log.2015-02-19.gz HTTP/1.1" 200 5289 "-" "Mozilla/5.0 (compatible; DotBot/1.1; http://www.opensiteexplorer.org/dotbot, help@moz.com)" 
216.244.66.245 - - [29/May/2018:02:40:44 -0700] "GET /self.logs/2016/access.log.2016-06-09.gz HTTP/1.1" 200 43586 "-" "Mozilla/5.0 (compatible; DotBot/1.1; http://www.opensiteexplorer.org/dotbot, help@moz.com)" 
216.244.66.245 - - [29/May/2018:02:40:46 -0700] "GET /self.logs/2016/access.log.2016-08-05.gz HTTP/1.1" 200 15876 "-" "Mozilla/5.0 (compatible; DotBot/1.1; http://www.opensiteexplorer.org/dotbot, help@moz.com)" 
216.244.66.245 - - [29/May/2018:02:40:47 -0700] "GET /self.logs/2016/access.log.2016-08-10.gz HTTP/1.1" 200 5869 "-" "Mozilla/5.0 (compatible; DotBot/1.1; http://www.opensiteexplorer.org/dotbot, help@moz.com)" 
216.244.66.245 - - [29/May/2018:02:40:48 -0700] "GET /self.logs/2016/error.log.2016-01-12.gz HTTP/1.1" 200 520 "-" "Mozilla/5.0 (compatible; DotBot/1.1; http://www.opensiteexplorer.org/dotbot, help@moz.com)" 
216.244.66.245 - - [29/May/2018:02:40:49 -0700] "GET /self.logs/2016/error.log.2016-01-25.gz HTTP/1.1" 200 585 "-" "Mozilla/5.0 (compatible; DotBot/1.1; http://www.opensiteexplorer.org/dotbot, help@moz.com)" 
216.244.66.245 - - [29/May/2018:02:40:50 -0700] "GET /self.logs/2016/error.log.2016-02-13.gz HTTP/1.1" 200 746 "-" "Mozilla/5.0 (compatible; DotBot/1.1; http://www.opensiteexplorer.org/dotbot, help@moz.com)" 
216.244.66.245 - - [29/May/2018:02:40:51 -0700] "GET /self.logs/2016/error.log.2016-04-09.gz HTTP/1.1" 200 691 "-" "Mozilla/5.0 (compatible; DotBot/1.1; http://www.opensiteexplorer.org/dotbot, help@moz.com)" 
216.244.66.245 - - [29/May/2018:02:40:52 -0700] "GET /self.logs/2016/error.log.2016-04-22.gz HTTP/1.1" 200 647 "-" "Mozilla/5.0 (compatible; DotBot/1.1; http://www.opensiteexplorer.org/dotbot, help@moz.com)" 
216.244.66.245 - - [29/May/2018:02:40:53 -0700] "GET /self.logs/2016/error.log.2016-06-26.gz HTTP/1.1" 200 700 "-" "Mozilla/5.0 (compatible; DotBot/1.1; http://www.opensiteexplorer.org/dotbot, help@moz.com)" 
216.244.66.245 - - [29/May/2018:02:40:55 -0700] "GET /self.logs/2016/error.log.2016-08-20.gz HTTP/1.1" 200 597 "-" "Mozilla/5.0 (compatible; DotBot/1.1; http://www.opensiteexplorer.org/dotbot, help@moz.com)" 
216.244.66.245 - - [29/May/2018:02:40:56 -0700] "GET /self.logs/2016/error.log.2016-09-19.gz HTTP/1.1" 200 707 "-" "Mozilla/5.0 (compatible; DotBot/1.1; http://www.opensiteexplorer.org/dotbot, help@moz.com)" 
216.244.66.245 - - [29/May/2018:02:40:57 -0700] "GET /self.logs/2016/error.log.2016-10-11.gz HTTP/1.1" 200 931 "-" "Mozilla/5.0 (compatible; DotBot/1.1; http://www.opensiteexplorer.org/dotbot, help@moz.com)" 
54.36.148.115 - - [29/May/2018:02:42:39 -0700] "GET /self.logs/2015/error.log.2015-06-26.gz HTTP/1.1" 200 744 "-" "Mozilla/5.0 (compatible; AhrefsBot/5.2; +http://ahrefs.com/robot/)" 
157.55.39.122 - - [29/May/2018:02:49:31 -0700] "GET /self.logs/access.log.2018-02-25.gz HTTP/1.1" 200 29668 "-" "Mozilla/5.0 (compatible; bingbot/2.0; +http://www.bing.com/bingbot.htm)" 
102.181.194.40 - - [29/May/2018:02:52:13 -0700] "GET /tg/tg_snort_fast.7z HTTP/1.1" 304 131 "-" "Mozilla/5.0 Gecko/20100115 Firefox/3.6" 
66.249.66.83 - - [29/May/2018:02:55:08 -0700] "GET /favicon.ico HTTP/1.1" 200 268 "-" "Googlebot-Image/1.0" 
216.244.66.245 - - [29/May/2018:02:58:59 -0700] "GET /robots.txt HTTP/1.1" 200 233 "-" "Mozilla/5.0 (compatible; DotBot/1.1; http://www.opensiteexplorer.org/dotbot, help@moz.com)" 
46.4.104.16 - - [29/May/2018:02:59:57 -0700] "GET /robots.txt HTTP/1.1" 301 502 "-" "Mozilla/5.0 (compatible; BLEXBot/1.0; +http://webmeup-crawler.com/)" 
46.4.104.16 - - [29/May/2018:02:59:58 -0700] "GET /robots.txt HTTP/1.1" 200 334 "-" "Mozilla/5.0 (compatible; BLEXBot/1.0; +http://webmeup-crawler.com/)" 
46.4.104.16 - - [29/May/2018:02:59:58 -0700] "GET /self.logs/2015/?C=M;O=A HTTP/1.1" 200 7660 "-" "Mozilla/5.0 (compatible; BLEXBot/1.0; +http://webmeup-crawler.com/)" 
46.4.104.16 - - [29/May/2018:03:00:07 -0700] "GET /self.logs/2015/?C=N;O=D HTTP/1.1" 200 7480 "-" "Mozilla/5.0 (compatible; BLEXBot/1.0; +http://webmeup-crawler.com/)" 
46.4.104.16 - - [29/May/2018:03:00:37 -0700] "GET /self.logs/2015/?C=S;O=A HTTP/1.1" 200 8283 "-" "Mozilla/5.0 (compatible; BLEXBot/1.0; +http://webmeup-crawler.com/)" 
46.4.104.16 - - [29/May/2018:03:00:42 -0700] "GET /self.logs/2016/?C=D;O=A HTTP/1.1" 200 7741 "-" "Mozilla/5.0 (compatible; BLEXBot/1.0; +http://webmeup-crawler.com/)" 
46.4.104.16 - - [29/May/2018:03:00:47 -0700] "GET /self.logs/2016/?C=M;O=A HTTP/1.1" 200 8047 "-" "Mozilla/5.0 (compatible; BLEXBot/1.0; +http://webmeup-crawler.com/)" 
46.4.104.16 - - [29/May/2018:03:00:52 -0700] "GET /self.logs/2016/?C=N;O=D HTTP/1.1" 200 7767 "-" "Mozilla/5.0 (compatible; BLEXBot/1.0; +http://webmeup-crawler.com/)" 
46.4.104.16 - - [29/May/2018:03:00:57 -0700] "GET /self.logs/2016/?C=S;O=A HTTP/1.1" 200 8646 "-" "Mozilla/5.0 (compatible; BLEXBot/1.0; +http://webmeup-crawler.com/)" 
46.4.104.16 - - [29/May/2018:03:01:03 -0700] "GET /self.logs/?C=D;O=D HTTP/1.1" 200 10162 "-" "Mozilla/5.0 (compatible; BLEXBot/1.0; +http://webmeup-crawler.com/)" 
46.4.104.16 - - [29/May/2018:03:01:10 -0700] "GET /self.logs/?C=M;O=D HTTP/1.1" 200 10603 "-" "Mozilla/5.0 (compatible; BLEXBot/1.0; +http://webmeup-crawler.com/)" 
66.249.92.148 - - [29/May/2018:03:01:36 -0700] "GET /&amp HTTP/1.1" 404 340 "-" "Mozilla/5.0 (Macintosh; Intel Mac OS X 10_8_4) AppleWebKit/537.36 (KHTML, like Gecko) Chrome/28.0.1500.71 Safari/537.36" 
66.249.92.146 - - [29/May/2018:03:01:36 -0700] "GET / HTTP/1.1" 200 11353 "-" "Mozilla/5.0 (Macintosh; Intel Mac OS X 10_8_4) AppleWebKit/537.36 (KHTML, like Gecko) Chrome/28.0.1500.71 Safari/537.36" 
216.244.66.245 - - [29/May/2018:03:04:20 -0700] "GET /self.logs/2015/access.log.2015-01-31.gz HTTP/1.1" 200 4129 "-" "Mozilla/5.0 (compatible; DotBot/1.1; http://www.opensiteexplorer.org/dotbot, help@moz.com)" 
216.244.66.245 - - [29/May/2018:03:04:21 -0700] "GET /self.logs/2015/access.log.2015-11-25.gz HTTP/1.1" 200 7934 "-" "Mozilla/5.0 (compatible; DotBot/1.1; http://www.opensiteexplorer.org/dotbot, help@moz.com)" 
216.244.66.245 - - [29/May/2018:03:04:22 -0700] "GET /self.logs/2015/error.log.2015-03-17.gz HTTP/1.1" 200 728 "-" "Mozilla/5.0 (compatible; DotBot/1.1; http://www.opensiteexplorer.org/dotbot, help@moz.com)" 
216.244.66.245 - - [29/May/2018:03:04:23 -0700] "GET /self.logs/2015/error.log.2015-04-22.gz HTTP/1.1" 200 5504 "-" "Mozilla/5.0 (compatible; DotBot/1.1; http://www.opensiteexplorer.org/dotbot, help@moz.com)" 
216.244.66.245 - - [29/May/2018:03:04:24 -0700] "GET /self.logs/2015/error.log.2015-05-22.gz HTTP/1.1" 200 761 "-" "Mozilla/5.0 (compatible; DotBot/1.1; http://www.opensiteexplorer.org/dotbot, help@moz.com)" 
216.244.66.245 - - [29/May/2018:03:04:25 -0700] "GET /self.logs/2015/error.log.2015-06-27.gz HTTP/1.1" 200 848 "-" "Mozilla/5.0 (compatible; DotBot/1.1; http://www.opensiteexplorer.org/dotbot, help@moz.com)" 
216.244.66.245 - - [29/May/2018:03:04:27 -0700] "GET /self.logs/2015/error.log.2015-08-21.gz HTTP/1.1" 200 987 "-" "Mozilla/5.0 (compatible; DotBot/1.1; http://www.opensiteexplorer.org/dotbot, help@moz.com)" 
216.244.66.245 - - [29/May/2018:03:04:28 -0700] "GET /self.logs/2015/error.log.2015-12-12.gz HTTP/1.1" 200 494 "-" "Mozilla/5.0 (compatible; DotBot/1.1; http://www.opensiteexplorer.org/dotbot, help@moz.com)" 
216.244.66.245 - - [29/May/2018:03:04:29 -0700] "GET /self.logs/2015/error.log.2015-12-20.gz HTTP/1.1" 200 1329 "-" "Mozilla/5.0 (compatible; DotBot/1.1; http://www.opensiteexplorer.org/dotbot, help@moz.com)" 
216.244.66.245 - - [29/May/2018:03:04:30 -0700] "GET /self.logs/2016/access.log.2016-07-14.gz HTTP/1.1" 200 9440 "-" "Mozilla/5.0 (compatible; DotBot/1.1; http://www.opensiteexplorer.org/dotbot, help@moz.com)" 
216.244.66.245 - - [29/May/2018:03:04:31 -0700] "GET /self.logs/2016/access.log.2016-12-18.gz HTTP/1.1" 200 9968 "-" "Mozilla/5.0 (compatible; DotBot/1.1; http://www.opensiteexplorer.org/dotbot, help@moz.com)" 
216.244.66.245 - - [29/May/2018:03:04:32 -0700] "GET /self.logs/2016/error.log.2016-01-26.gz HTTP/1.1" 200 648 "-" "Mozilla/5.0 (compatible; DotBot/1.1; http://www.opensiteexplorer.org/dotbot, help@moz.com)" 
216.244.66.245 - - [29/May/2018:03:04:33 -0700] "GET /self.logs/2016/error.log.2016-02-16.gz HTTP/1.1" 200 607 "-" "Mozilla/5.0 (compatible; DotBot/1.1; http://www.opensiteexplorer.org/dotbot, help@moz.com)" 
216.244.66.245 - - [29/May/2018:03:04:35 -0700] "GET /self.logs/2016/error.log.2016-03-04.gz HTTP/1.1" 200 877 "-" "Mozilla/5.0 (compatible; DotBot/1.1; http://www.opensiteexplorer.org/dotbot, help@moz.com)" 
111.204.219.200 - - [29/May/2018:03:05:06 -0700] "GET /favicon.ico HTTP/1.1" 200 268 "-" "Mozilla/5.0 (Windows NT 6.1; WOW64) AppleWebKit/537.36 (KHTML, like Gecko) Chrome/55.0.2883.87 Safari/537.36" 
46.4.104.16 - - [29/May/2018:03:07:52 -0700] "GET /robots.txt HTTP/1.1" 301 502 "-" "Mozilla/5.0 (compatible; BLEXBot/1.0; +http://webmeup-crawler.com/)" 
46.4.104.16 - - [29/May/2018:03:07:52 -0700] "GET /robots.txt HTTP/1.1" 200 334 "-" "Mozilla/5.0 (compatible; BLEXBot/1.0; +http://webmeup-crawler.com/)" 
46.4.104.16 - - [29/May/2018:03:07:52 -0700] "GET /self.logs/?C=N;O=A HTTP/1.1" 200 10151 "-" "Mozilla/5.0 (compatible; BLEXBot/1.0; +http://webmeup-crawler.com/)" 
46.4.104.16 - - [29/May/2018:03:08:00 -0700] "GET /self.logs/?C=S;O=D HTTP/1.1" 200 11497 "-" "Mozilla/5.0 (compatible; BLEXBot/1.0; +http://webmeup-crawler.com/)" 
46.4.104.16 - - [29/May/2018:03:08:11 -0700] "GET /self.logs/2015/?C=D;O=D HTTP/1.1" 200 7480 "-" "Mozilla/5.0 (compatible; BLEXBot/1.0; +http://webmeup-crawler.com/)" 
46.4.104.16 - - [29/May/2018:03:08:19 -0700] "GET /self.logs/2015/?C=M;O=D HTTP/1.1" 200 7666 "-" "Mozilla/5.0 (compatible; BLEXBot/1.0; +http://webmeup-crawler.com/)" 
46.4.104.16 - - [29/May/2018:03:08:24 -0700] "GET /self.logs/2015/?C=N;O=A HTTP/1.1" 200 7437 "-" "Mozilla/5.0 (compatible; BLEXBot/1.0; +http://webmeup-crawler.com/)" 
46.4.104.16 - - [29/May/2018:03:08:31 -0700] "GET /self.logs/2015/?C=S;O=D HTTP/1.1" 200 8253 "-" "Mozilla/5.0 (compatible; BLEXBot/1.0; +http://webmeup-crawler.com/)" 
46.4.104.16 - - [29/May/2018:03:08:36 -0700] "GET /self.logs/2016/?C=D;O=D HTTP/1.1" 200 7767 "-" "Mozilla/5.0 (compatible; BLEXBot/1.0; +http://webmeup-crawler.com/)" 
46.4.104.16 - - [29/May/2018:03:08:41 -0700] "GET /self.logs/2016/?C=M;O=D HTTP/1.1" 200 8020 "-" "Mozilla/5.0 (compatible; BLEXBot/1.0; +http://webmeup-crawler.com/)" 
46.4.104.16 - - [29/May/2018:03:08:46 -0700] "GET /self.logs/2016/?C=N;O=A HTTP/1.1" 200 7741 "-" "Mozilla/5.0 (compatible; BLEXBot/1.0; +http://webmeup-crawler.com/)" 
46.4.104.16 - - [29/May/2018:03:08:53 -0700] "GET /self.logs/2016/?C=S;O=D HTTP/1.1" 200 8572 "-" "Mozilla/5.0 (compatible; BLEXBot/1.0; +http://webmeup-crawler.com/)" 
216.244.66.245 - - [29/May/2018:03:10:41 -0700] "GET /self.logs/access.log.2018-04-06.gz HTTP/1.1" 200 27034 "-" "Mozilla/5.0 (compatible; DotBot/1.1; http://www.opensiteexplorer.org/dotbot, help@moz.com)" 
66.249.66.83 - - [29/May/2018:03:11:50 -0700] "GET /favicon.ico HTTP/1.1" 304 163 "-" "Googlebot-Image/1.0" 
54.36.149.77 - - [29/May/2018:03:12:10 -0700] "GET /self.logs/error.log.2016-04-11.gz HTTP/1.1" 404 284 "-" "Mozilla/5.0 (compatible; AhrefsBot/5.2; +http://ahrefs.com/robot/)" 
197.210.246.222 - - [29/May/2018:03:15:07 -0700] "GET / HTTP/1.1" 200 11353 "-" "Mozilla/5.0 (Windows NT 10.0; WOW64) AppleWebKit/537.36 (KHTML, like Gecko) Chrome/65.0.3325.181 Safari/537.36" 
197.210.246.222 - - [29/May/2018:03:15:07 -0700] "GET /twitter-icon.png HTTP/1.1" 200 27787 "http://www.secrepo.com/" "Mozilla/5.0 (Windows NT 10.0; WOW64) AppleWebKit/537.36 (KHTML, like Gecko) Chrome/61.0.3163.79 Safari/537.36 Maxthon/5.2.2.1000" 
197.210.246.222 - - [29/May/2018:03:15:07 -0700] "GET /GitHub-Mark.png HTTP/1.1" 200 7428 "http://www.secrepo.com/" "Mozilla/5.0 (Windows NT 10.0; WOW64) AppleWebKit/537.36 (KHTML, like Gecko) Chrome/61.0.3163.79 Safari/537.36 Maxthon/5.2.2.1000" 
197.210.246.222 - - [29/May/2018:03:15:09 -0700] "GET /bootstrap/img/favicon.ico HTTP/1.1" 200 590 "-" "Mozilla/5.0 (Windows NT 10.0; WOW64) AppleWebKit/537.36 (KHTML, like Gecko) Chrome/61.0.3163.79 Safari/537.36 Maxthon/5.2.2.1000" 
54.36.149.68 - - [29/May/2018:03:15:34 -0700] "GET /self.logs/access.log.2015-10-09.gz HTTP/1.1" 404 284 "-" "Mozilla/5.0 (compatible; AhrefsBot/5.2; +http://ahrefs.com/robot/)" 
197.210.246.222 - - [29/May/2018:03:16:58 -0700] "GET /pe_static/zeus.zip HTTP/1.1" 200 74744 "-" "Mozilla/5.0 (Windows NT 10.0; WOW64) AppleWebKit/537.36 (KHTML, like Gecko) Chrome/61.0.3163.79 Safari/537.36 Maxthon/5.2.2.1000" 
197.210.246.222 - - [29/May/2018:03:17:46 -0700] "GET /pe_static/zeus.zip HTTP/1.1" 206 1309620 "-" "Mozilla/5.0 (Windows NT 10.0; WOW64) AppleWebKit/537.36 (KHTML, like Gecko) Chrome/61.0.3163.79 Safari/537.36 Maxthon/5.2.2.1000" 
197.210.246.222 - - [29/May/2018:03:17:04 -0700] "GET /pe_static/apt1.zip HTTP/1.1" 200 746060 "-" "Mozilla/5.0 (Windows NT 10.0; WOW64) AppleWebKit/537.36 (KHTML, like Gecko) Chrome/61.0.3163.79 Safari/537.36 Maxthon/5.2.2.1000" 
197.210.246.222 - - [29/May/2018:03:17:46 -0700] "GET /pe_static/zeus.zip HTTP/1.1" 206 1407440 "-" "Mozilla/5.0 (Windows NT 10.0; WOW64) AppleWebKit/537.36 (KHTML, like Gecko) Chrome/61.0.3163.79 Safari/537.36 Maxthon/5.2.2.1000" 
197.210.246.222 - - [29/May/2018:03:17:46 -0700] "GET /pe_static/zeus.zip HTTP/1.1" 206 1982680 "-" "Mozilla/5.0 (Windows NT 10.0; WOW64) AppleWebKit/537.36 (KHTML, like Gecko) Chrome/61.0.3163.79 Safari/537.36 Maxthon/5.2.2.1000" 
197.210.246.222 - - [29/May/2018:03:17:46 -0700] "GET /pe_static/zeus.zip HTTP/1.1" 206 1184060 "-" "Mozilla/5.0 (Windows NT 10.0; WOW64) AppleWebKit/537.36 (KHTML, like Gecko) Chrome/61.0.3163.79 Safari/537.36 Maxthon/5.2.2.1000" 
216.244.66.245 - - [29/May/2018:03:20:17 -0700] "GET /self.logs/2015/access.log.2015-01-31.gz HTTP/1.1" 200 4129 "-" "Mozilla/5.0 (compatible; DotBot/1.1; http://www.opensiteexplorer.org/dotbot, help@moz.com)" 
216.244.66.245 - - [29/May/2018:03:20:18 -0700] "GET /self.logs/2015/access.log.2015-11-25.gz HTTP/1.1" 200 7934 "-" "Mozilla/5.0 (compatible; DotBot/1.1; http://www.opensiteexplorer.org/dotbot, help@moz.com)" 
216.244.66.245 - - [29/May/2018:03:20:19 -0700] "GET /self.logs/2015/error.log.2015-03-17.gz HTTP/1.1" 200 728 "-" "Mozilla/5.0 (compatible; DotBot/1.1; http://www.opensiteexplorer.org/dotbot, help@moz.com)" 
216.244.66.245 - - [29/May/2018:03:20:20 -0700] "GET /self.logs/2015/error.log.2015-04-22.gz HTTP/1.1" 200 5504 "-" "Mozilla/5.0 (compatible; DotBot/1.1; http://www.opensiteexplorer.org/dotbot, help@moz.com)" 
216.244.66.245 - - [29/May/2018:03:20:21 -0700] "GET /self.logs/2015/error.log.2015-05-22.gz HTTP/1.1" 200 761 "-" "Mozilla/5.0 (compatible; DotBot/1.1; http://www.opensiteexplorer.org/dotbot, help@moz.com)" 
216.244.66.245 - - [29/May/2018:03:20:22 -0700] "GET /self.logs/2015/error.log.2015-06-27.gz HTTP/1.1" 200 848 "-" "Mozilla/5.0 (compatible; DotBot/1.1; http://www.opensiteexplorer.org/dotbot, help@moz.com)" 
216.244.66.245 - - [29/May/2018:03:20:23 -0700] "GET /self.logs/2015/error.log.2015-08-21.gz HTTP/1.1" 200 987 "-" "Mozilla/5.0 (compatible; DotBot/1.1; http://www.opensiteexplorer.org/dotbot, help@moz.com)" 
54.36.149.54 - - [29/May/2018:03:20:24 -0700] "GET /self.logs/access.log.2015-10-25.gz HTTP/1.1" 404 284 "-" "Mozilla/5.0 (compatible; AhrefsBot/5.2; +http://ahrefs.com/robot/)" 
216.244.66.245 - - [29/May/2018:03:20:25 -0700] "GET /self.logs/2015/error.log.2015-12-12.gz HTTP/1.1" 200 494 "-" "Mozilla/5.0 (compatible; DotBot/1.1; http://www.opensiteexplorer.org/dotbot, help@moz.com)" 
216.244.66.245 - - [29/May/2018:03:20:26 -0700] "GET /self.logs/2015/error.log.2015-12-20.gz HTTP/1.1" 200 1329 "-" "Mozilla/5.0 (compatible; DotBot/1.1; http://www.opensiteexplorer.org/dotbot, help@moz.com)" 
216.244.66.245 - - [29/May/2018:03:20:27 -0700] "GET /self.logs/2016/access.log.2016-07-14.gz HTTP/1.1" 200 9440 "-" "Mozilla/5.0 (compatible; DotBot/1.1; http://www.opensiteexplorer.org/dotbot, help@moz.com)" 
216.244.66.245 - - [29/May/2018:03:20:28 -0700] "GET /self.logs/2016/access.log.2016-12-18.gz HTTP/1.1" 200 9968 "-" "Mozilla/5.0 (compatible; DotBot/1.1; http://www.opensiteexplorer.org/dotbot, help@moz.com)" 
216.244.66.245 - - [29/May/2018:03:20:29 -0700] "GET /self.logs/2016/error.log.2016-01-26.gz HTTP/1.1" 200 648 "-" "Mozilla/5.0 (compatible; DotBot/1.1; http://www.opensiteexplorer.org/dotbot, help@moz.com)" 
216.244.66.245 - - [29/May/2018:03:20:30 -0700] "GET /self.logs/2016/error.log.2016-02-16.gz HTTP/1.1" 200 607 "-" "Mozilla/5.0 (compatible; DotBot/1.1; http://www.opensiteexplorer.org/dotbot, help@moz.com)" 
216.244.66.245 - - [29/May/2018:03:20:31 -0700] "GET /self.logs/2016/error.log.2016-03-04.gz HTTP/1.1" 200 877 "-" "Mozilla/5.0 (compatible; DotBot/1.1; http://www.opensiteexplorer.org/dotbot, help@moz.com)" 
101.199.112.52 - - [29/May/2018:03:20:48 -0700] "GET / HTTP/1.1" 200 11353 "-" "Mozilla/5.0 (Linux; U; Android 5.0.2; zh-CN; Redmi Note 3 Build/LRX22G) AppleWebKit/537.36 (KHTML, like Gecko) Version/4.0 OPR/11.2.3.102637 Mobile Safari/537.36" 
197.210.246.222 - - [29/May/2018:03:19:22 -0700] "GET /pe_static/apt1.zip HTTP/1.1" 206 78840 "-" "Mozilla/5.0 (Windows NT 10.0; WOW64) AppleWebKit/537.36 (KHTML, like Gecko) Chrome/61.0.3163.79 Safari/537.36 Maxthon/5.2.2.1000" 
197.210.246.222 - - [29/May/2018:03:20:25 -0700] "GET /pe_static/apt1.zip HTTP/1.1" 206 144540 "-" "Mozilla/5.0 (Windows NT 10.0; WOW64) AppleWebKit/537.36 (KHTML, like Gecko) Chrome/61.0.3163.79 Safari/537.36 Maxthon/5.2.2.1000" 
77.246.206.38 - - [29/May/2018:03:21:38 -0700] "GET / HTTP/1.1" 200 11353 "https://www.google.fi/" "Mozilla/5.0 (Windows NT 10.0; WOW64) AppleWebKit/537.36 (KHTML, like Gecko) Chrome/66.0.3359.181 Safari/537.36" 
77.246.206.38 - - [29/May/2018:03:21:40 -0700] "GET /twitter-icon.png HTTP/1.1" 200 27787 "http://www.secrepo.com/" "Mozilla/5.0 (Windows NT 10.0; WOW64) AppleWebKit/537.36 (KHTML, like Gecko) Chrome/66.0.3359.181 Safari/537.36" 
77.246.206.38 - - [29/May/2018:03:21:40 -0700] "GET /GitHub-Mark.png HTTP/1.1" 200 7427 "http://www.secrepo.com/" "Mozilla/5.0 (Windows NT 10.0; WOW64) AppleWebKit/537.36 (KHTML, like Gecko) Chrome/66.0.3359.181 Safari/537.36" 
216.244.66.245 - - [29/May/2018:03:26:27 -0700] "GET /self.logs/access.log.2018-04-06.gz HTTP/1.1" 200 27034 "-" "Mozilla/5.0 (compatible; DotBot/1.1; http://www.opensiteexplorer.org/dotbot, help@moz.com)" 
113.171.224.176 - - [29/May/2018:03:27:00 -0700] "GET /honeypot/Honeypot%20-%20Howto.pdf HTTP/1.1" 200 46720 "-" "Mozilla/5.0 Gecko/20100115 Firefox/3.6" 
124.114.148.28 - - [29/May/2018:03:27:52 -0700] "GET /favicon.ico HTTP/1.1" 200 268 "-" "Mozilla/5.0 (Windows NT 10.0; WOW64) AppleWebKit/537.36 (KHTML, like Gecko) Chrome/49.0.2623.221 Safari/537.36 SE 2.X MetaSr 1.0" 
54.36.148.253 - - [29/May/2018:03:27:58 -0700] "GET /self.logs/error.log.2017-09-22.gz HTTP/1.1" 200 2515 "-" "Mozilla/5.0 (compatible; AhrefsBot/5.2; +http://ahrefs.com/robot/)" 
197.210.246.222 - - [29/May/2018:03:28:35 -0700] "GET /pe_static/zeus.zip HTTP/1.1" 206 864320 "-" "Mozilla/5.0 (Windows NT 10.0; WOW64) AppleWebKit/537.36 (KHTML, like Gecko) Chrome/61.0.3163.79 Safari/537.36 Maxthon/5.2.2.1000" 
197.210.246.222 - - [29/May/2018:03:28:34 -0700] "GET /pe_static/zeus.zip HTTP/1.1" 206 1438100 "-" "Mozilla/5.0 (Windows NT 10.0; WOW64) AppleWebKit/537.36 (KHTML, like Gecko) Chrome/61.0.3163.79 Safari/537.36 Maxthon/5.2.2.1000" 
197.210.246.222 - - [29/May/2018:03:28:35 -0700] "GET /pe_static/zeus.zip HTTP/1.1" 206 1311080 "-" "Mozilla/5.0 (Windows NT 10.0; WOW64) AppleWebKit/537.36 (KHTML, like Gecko) Chrome/61.0.3163.79 Safari/537.36 Maxthon/5.2.2.1000" 
197.210.246.222 - - [29/May/2018:03:28:34 -0700] "GET /pe_static/zeus.zip HTTP/1.1" 206 411720 "-" "Mozilla/5.0 (Windows NT 10.0; WOW64) AppleWebKit/537.36 (KHTML, like Gecko) Chrome/61.0.3163.79 Safari/537.36 Maxthon/5.2.2.1000" 
199.58.86.209 - - [29/May/2018:03:29:32 -0700] "GET /robots.txt HTTP/1.1" 200 289 "-" "Mozilla/5.0 (compatible; MJ12bot/v1.4.8; http://mj12bot.com/)" 
199.58.86.209 - - [29/May/2018:03:29:33 -0700] "GET / HTTP/1.1" 200 38539 "-" "Mozilla/5.0 (compatible; MJ12bot/v1.4.8; http://mj12bot.com/)" 
197.210.246.222 - - [29/May/2018:03:28:17 -0700] "GET /pe_static/apt1.zip HTTP/1.1" 206 553340 "-" "Mozilla/5.0 (Windows NT 10.0; WOW64) AppleWebKit/537.36 (KHTML, like Gecko) Chrome/61.0.3163.79 Safari/537.36 Maxthon/5.2.2.1000" 
197.210.246.222 - - [29/May/2018:03:28:34 -0700] "GET /pe_static/zeus.zip HTTP/1.1" 206 370840 "-" "Mozilla/5.0 (Windows NT 10.0; WOW64) AppleWebKit/537.36 (KHTML, like Gecko) Chrome/61.0.3163.79 Safari/537.36 Maxthon/5.2.2.1000" 
197.210.246.222 - - [29/May/2018:03:29:06 -0700] "GET /pe_static/apt1.zip HTTP/1.1" 206 116800 "-" "Mozilla/5.0 (Windows NT 10.0; WOW64) AppleWebKit/537.36 (KHTML, like Gecko) Chrome/61.0.3163.79 Safari/537.36 Maxthon/5.2.2.1000" 
197.210.246.222 - - [29/May/2018:03:29:43 -0700] "GET /pe_static/apt1.zip HTTP/1.1" 206 73000 "-" "Mozilla/5.0 (Windows NT 10.0; WOW64) AppleWebKit/537.36 (KHTML, like Gecko) Chrome/61.0.3163.79 Safari/537.36 Maxthon/5.2.2.1000" 
54.36.148.163 - - [29/May/2018:03:32:56 -0700] "GET /self.logs/error.log.2016-09-08.gz HTTP/1.1" 404 284 "-" "Mozilla/5.0 (compatible; AhrefsBot/5.2; +http://ahrefs.com/robot/)" 
197.210.246.222 - - [29/May/2018:03:32:40 -0700] "GET /pe_static/apt1.zip HTTP/1.1" 206 435080 "-" "Mozilla/5.0 (Windows NT 10.0; WOW64) AppleWebKit/537.36 (KHTML, like Gecko) Chrome/61.0.3163.79 Safari/537.36 Maxthon/5.2.2.1000" 
213.14.87.114 - - [29/May/2018:03:38:25 -0700] "GET / HTTP/1.1" 200 11353 "-" "Mozilla/5.0 (X11; Linux x86_64) AppleWebKit/537.36 (KHTML, like Gecko) Chrome/64.0.3282.167 Safari/537.36" 
213.14.87.114 - - [29/May/2018:03:38:25 -0700] "GET /twitter-icon.png HTTP/1.1" 200 27787 "http://www.secrepo.com/" "Mozilla/5.0 (X11; Linux x86_64) AppleWebKit/537.36 (KHTML, like Gecko) Chrome/64.0.3282.167 Safari/537.36" 
213.14.87.114 - - [29/May/2018:03:38:25 -0700] "GET /GitHub-Mark.png HTTP/1.1" 200 7428 "http://www.secrepo.com/" "Mozilla/5.0 (X11; Linux x86_64) AppleWebKit/537.36 (KHTML, like Gecko) Chrome/64.0.3282.167 Safari/537.36" 
213.14.87.114 - - [29/May/2018:03:38:26 -0700] "GET /bootstrap/img/favicon.ico HTTP/1.1" 200 589 "http://www.secrepo.com/" "Mozilla/5.0 (X11; Linux x86_64) AppleWebKit/537.36 (KHTML, like Gecko) Chrome/64.0.3282.167 Safari/537.36" 
54.36.148.210 - - [29/May/2018:03:38:45 -0700] "GET /self.logs/access.log.2015-07-16.gz HTTP/1.1" 404 284 "-" "Mozilla/5.0 (compatible; AhrefsBot/5.2; +http://ahrefs.com/robot/)" 
216.244.66.245 - - [29/May/2018:03:38:58 -0700] "GET /robots.txt HTTP/1.1" 200 233 "-" "Mozilla/5.0 (compatible; DotBot/1.1; http://www.opensiteexplorer.org/dotbot, help@moz.com)" 
197.210.246.222 - - [29/May/2018:03:39:20 -0700] "GET /pe_static/apt1.zip HTTP/1.1" 206 224840 "-" "Mozilla/5.0 (Windows NT 10.0; WOW64) AppleWebKit/537.36 (KHTML, like Gecko) Chrome/61.0.3163.79 Safari/537.36 Maxthon/5.2.2.1000" 
117.247.95.124 - - [29/May/2018:03:41:26 -0700] "GET /wp-login.php HTTP/1.1" 418 732 "-" "Mozilla/5.0 (Windows NT 6.1; WOW64; rv:40.0) Gecko/20100101 Firefox/40.1" 
117.247.95.124 - - [29/May/2018:03:41:26 -0700] "GET / HTTP/1.1" 418 732 "-" "Mozilla/5.0 (Windows NT 6.1; WOW64; rv:40.0) Gecko/20100101 Firefox/40.1" 
216.244.66.245 - - [29/May/2018:03:44:26 -0700] "GET /self.logs/2015/access.log.2015-06-02.gz HTTP/1.1" 200 3689 "-" "Mozilla/5.0 (compatible; DotBot/1.1; http://www.opensiteexplorer.org/dotbot, help@moz.com)" 
216.244.66.245 - - [29/May/2018:03:44:28 -0700] "GET /self.logs/2015/access.log.2015-07-15.gz HTTP/1.1" 200 3915 "-" "Mozilla/5.0 (compatible; DotBot/1.1; http://www.opensiteexplorer.org/dotbot, help@moz.com)" 
216.244.66.245 - - [29/May/2018:03:44:29 -0700] "GET /self.logs/2015/access.log.2015-08-19.gz HTTP/1.1" 200 5019 "-" "Mozilla/5.0 (compatible; DotBot/1.1; http://www.opensiteexplorer.org/dotbot, help@moz.com)" 
216.244.66.245 - - [29/May/2018:03:44:30 -0700] "GET /self.logs/2015/error.log.2015-02-18.gz HTTP/1.1" 200 3015 "-" "Mozilla/5.0 (compatible; DotBot/1.1; http://www.opensiteexplorer.org/dotbot, help@moz.com)" 
216.244.66.245 - - [29/May/2018:03:44:31 -0700] "GET /self.logs/2016/access.log.2016-09-04.gz HTTP/1.1" 200 7574 "-" "Mozilla/5.0 (compatible; DotBot/1.1; http://www.opensiteexplorer.org/dotbot, help@moz.com)" 
216.244.66.245 - - [29/May/2018:03:44:32 -0700] "GET /self.logs/2016/access.log.2016-10-10.gz HTTP/1.1" 200 9446 "-" "Mozilla/5.0 (compatible; DotBot/1.1; http://www.opensiteexplorer.org/dotbot, help@moz.com)" 
216.244.66.245 - - [29/May/2018:03:44:34 -0700] "GET /self.logs/2016/error.log.2016-04-03.gz HTTP/1.1" 200 534 "-" "Mozilla/5.0 (compatible; DotBot/1.1; http://www.opensiteexplorer.org/dotbot, help@moz.com)" 
216.244.66.245 - - [29/May/2018:03:44:35 -0700] "GET /self.logs/2016/error.log.2016-04-25.gz HTTP/1.1" 200 1179 "-" "Mozilla/5.0 (compatible; DotBot/1.1; http://www.opensiteexplorer.org/dotbot, help@moz.com)" 
216.244.66.245 - - [29/May/2018:03:44:36 -0700] "GET /self.logs/2016/error.log.2016-05-16.gz HTTP/1.1" 200 884 "-" "Mozilla/5.0 (compatible; DotBot/1.1; http://www.opensiteexplorer.org/dotbot, help@moz.com)" 
216.244.66.245 - - [29/May/2018:03:44:37 -0700] "GET /self.logs/2016/error.log.2016-06-28.gz HTTP/1.1" 200 975 "-" "Mozilla/5.0 (compatible; DotBot/1.1; http://www.opensiteexplorer.org/dotbot, help@moz.com)" 
216.244.66.245 - - [29/May/2018:03:44:38 -0700] "GET /self.logs/2016/error.log.2016-08-05.gz HTTP/1.1" 200 2241 "-" "Mozilla/5.0 (compatible; DotBot/1.1; http://www.opensiteexplorer.org/dotbot, help@moz.com)" 
216.244.66.245 - - [29/May/2018:03:44:39 -0700] "GET /self.logs/2016/error.log.2016-08-19.gz HTTP/1.1" 200 635 "-" "Mozilla/5.0 (compatible; DotBot/1.1; http://www.opensiteexplorer.org/dotbot, help@moz.com)" 
216.244.66.245 - - [29/May/2018:03:44:40 -0700] "GET /self.logs/2016/error.log.2016-08-28.gz HTTP/1.1" 200 526 "-" "Mozilla/5.0 (compatible; DotBot/1.1; http://www.opensiteexplorer.org/dotbot, help@moz.com)" 
216.244.66.245 - - [29/May/2018:03:44:41 -0700] "GET /self.logs/2016/error.log.2016-11-29.gz HTTP/1.1" 200 1110 "-" "Mozilla/5.0 (compatible; DotBot/1.1; http://www.opensiteexplorer.org/dotbot, help@moz.com)" 
54.36.149.30 - - [29/May/2018:03:44:58 -0700] "GET /self.logs/error.log.2016-08-05.gz HTTP/1.1" 404 284 "-" "Mozilla/5.0 (compatible; AhrefsBot/5.2; +http://ahrefs.com/robot/)" 
197.210.246.222 - - [29/May/2018:03:44:31 -0700] "GET /pe_static/apt1.zip HTTP/1.1" 206 59860 "-" "Mozilla/5.0 (Windows NT 10.0; WOW64) AppleWebKit/537.36 (KHTML, like Gecko) Chrome/61.0.3163.79 Safari/537.36 Maxthon/5.2.2.1000" 
41.210.9.61 - - [29/May/2018:03:46:35 -0700] "GET /wp-login.php HTTP/1.1" 418 732 "-" "Mozilla/5.0 (Windows NT 6.1; WOW64; rv:40.0) Gecko/20100101 Firefox/40.1" 
41.210.9.61 - - [29/May/2018:03:46:47 -0700] "GET / HTTP/1.1" 418 732 "-" "Mozilla/5.0 (Windows NT 6.1; WOW64; rv:40.0) Gecko/20100101 Firefox/40.1" 
197.210.246.222 - - [29/May/2018:03:46:12 -0700] "GET /pe_static/apt1.zip HTTP/1.1" 206 65700 "-" "Mozilla/5.0 (Windows NT 10.0; WOW64) AppleWebKit/537.36 (KHTML, like Gecko) Chrome/61.0.3163.79 Safari/537.36 Maxthon/5.2.2.1000" 
66.249.93.93 - - [29/May/2018:03:47:31 -0700] "GET / HTTP/1.1" 200 11353 "-" "Mozilla/5.0 (X11; Linux x86_64) AppleWebKit/537.36 (KHTML, like Gecko) Chrome/49.0.2623.75 Safari/537.36 Google Favicon" 
66.249.93.64 - - [29/May/2018:03:47:31 -0700] "GET /bootstrap/img/favicon.ico HTTP/1.1" 200 590 "-" "Mozilla/5.0 (X11; Linux x86_64) AppleWebKit/537.36 (KHTML, like Gecko) Chrome/49.0.2623.75 Safari/537.36 Google Favicon" 
197.210.246.222 - - [29/May/2018:03:48:24 -0700] "GET /pe_static/apt1.zip HTTP/1.1" 206 414308 "-" "Mozilla/5.0 (Windows NT 10.0; WOW64) AppleWebKit/537.36 (KHTML, like Gecko) Chrome/61.0.3163.79 Safari/537.36 Maxthon/5.2.2.1000" 
115.110.156.56 - - [29/May/2018:03:49:05 -0700] "GET / HTTP/1.1" 304 189 "-" "Mozilla/4.0 (compatible;)" 
52.165.148.51 - - [29/May/2018:03:49:33 -0700] "GET / HTTP/1.1" 301 427 "-" "Mozilla/5.0 (Macintosh; Intel Mac OS X 10.13; rv:59.0) Gecko/20100101 Firefox/59.0" 
60.254.8.89 - - [29/May/2018:03:50:00 -0700] "GET /wp-login.php HTTP/1.1" 418 732 "-" "Mozilla/5.0 (Windows NT 6.1; WOW64; rv:40.0) Gecko/20100101 Firefox/40.1" 
60.254.8.89 - - [29/May/2018:03:50:01 -0700] "GET / HTTP/1.1" 418 732 "-" "Mozilla/5.0 (Windows NT 6.1; WOW64; rv:40.0) Gecko/20100101 Firefox/40.1" 
197.210.246.222 - - [29/May/2018:03:48:30 -0700] "GET /pe_static/zeus.zip HTTP/1.1" 206 3431000 "-" "Mozilla/5.0 (Windows NT 10.0; WOW64) AppleWebKit/537.36 (KHTML, like Gecko) Chrome/61.0.3163.79 Safari/537.36 Maxthon/5.2.2.1000" 
216.244.66.245 - - [29/May/2018:03:50:24 -0700] "GET /self.logs/error.log.2018-04-11.gz HTTP/1.1" 200 4371 "-" "Mozilla/5.0 (compatible; DotBot/1.1; http://www.opensiteexplorer.org/dotbot, help@moz.com)" 
216.244.66.245 - - [29/May/2018:03:50:25 -0700] "GET /self.logs/error.log.2018-05-05.gz HTTP/1.1" 200 3744 "-" "Mozilla/5.0 (compatible; DotBot/1.1; http://www.opensiteexplorer.org/dotbot, help@moz.com)" 
197.210.246.222 - - [29/May/2018:03:48:30 -0700] "GET /pe_static/zeus.zip HTTP/1.1" 206 7907882 "-" "Mozilla/5.0 (Windows NT 10.0; WOW64) AppleWebKit/537.36 (KHTML, like Gecko) Chrome/61.0.3163.79 Safari/537.36 Maxthon/5.2.2.1000" 
197.210.246.222 - - [29/May/2018:03:51:04 -0700] "GET /pe_static/zeus.zip HTTP/1.1" 206 928560 "-" "Mozilla/5.0 (Windows NT 10.0; WOW64) AppleWebKit/537.36 (KHTML, like Gecko) Chrome/61.0.3163.79 Safari/537.36 Maxthon/5.2.2.1000" 
197.210.246.222 - - [29/May/2018:03:51:04 -0700] "GET /pe_static/zeus.zip HTTP/1.1" 206 2198760 "-" "Mozilla/5.0 (Windows NT 10.0; WOW64) AppleWebKit/537.36 (KHTML, like Gecko) Chrome/61.0.3163.79 Safari/537.36 Maxthon/5.2.2.1000" 
197.210.246.222 - - [29/May/2018:03:51:09 -0700] "GET /pe_static/zeus.zip HTTP/1.1" 206 2286360 "-" "Mozilla/5.0 (Windows NT 10.0; WOW64) AppleWebKit/537.36 (KHTML, like Gecko) Chrome/61.0.3163.79 Safari/537.36 Maxthon/5.2.2.1000" 
197.210.246.222 - - [29/May/2018:03:48:30 -0700] "GET /pe_static/zeus.zip HTTP/1.1" 206 9329236 "-" "Mozilla/5.0 (Windows NT 10.0; WOW64) AppleWebKit/537.36 (KHTML, like Gecko) Chrome/61.0.3163.79 Safari/537.36 Maxthon/5.2.2.1000" 
197.210.246.222 - - [29/May/2018:03:48:31 -0700] "GET /pe_static/zeus.zip HTTP/1.1" 206 8024160 "-" "Mozilla/5.0 (Windows NT 10.0; WOW64) AppleWebKit/537.36 (KHTML, like Gecko) Chrome/61.0.3163.79 Safari/537.36 Maxthon/5.2.2.1000" 
197.210.246.222 - - [29/May/2018:03:48:30 -0700] "GET /pe_static/zeus.zip HTTP/1.1" 206 7813756 "-" "Mozilla/5.0 (Windows NT 10.0; WOW64) AppleWebKit/537.36 (KHTML, like Gecko) Chrome/61.0.3163.79 Safari/537.36 Maxthon/5.2.2.1000" 
197.210.246.222 - - [29/May/2018:03:51:04 -0700] "GET /pe_static/zeus.zip HTTP/1.1" 206 2162260 "-" "Mozilla/5.0 (Windows NT 10.0; WOW64) AppleWebKit/537.36 (KHTML, like Gecko) Chrome/61.0.3163.79 Safari/537.36 Maxthon/5.2.2.1000" 
41.45.240.114 - - [29/May/2018:03:52:30 -0700] "GET /wp-login.php HTTP/1.1" 418 732 "-" "Mozilla/5.0 (Windows NT 6.1; WOW64; rv:40.0) Gecko/20100101 Firefox/40.1" 
41.45.240.114 - - [29/May/2018:03:52:33 -0700] "GET / HTTP/1.1" 418 732 "-" "Mozilla/5.0 (Windows NT 6.1; WOW64; rv:40.0) Gecko/20100101 Firefox/40.1" 
123.163.16.203 - - [29/May/2018:03:55:57 -0700] "GET /favicon.ico HTTP/1.1" 200 268 "-" "Mozilla/5.0 (Windows NT 6.1) AppleWebKit/537.36 (KHTML, like Gecko) Chrome/55.0.2883.87 Safari/537.36" 
138.40.67.165 - - [29/May/2018:04:01:58 -0700] "GET /bootstrap/img/favicon.ico HTTP/1.1" 200 590 "-" "Mozilla/5.0 (Macintosh; Intel Mac OS X 10.13; rv:59.0) Gecko/20100101 Firefox/59.0" 
216.244.66.245 - - [29/May/2018:04:03:53 -0700] "GET /robots.txt HTTP/1.1" 200 233 "-" "Mozilla/5.0 (compatible; DotBot/1.1; http://www.opensiteexplorer.org/dotbot, help@moz.com)" 
66.249.92.146 - - [29/May/2018:04:05:25 -0700] "GET / HTTP/1.1" 200 11353 "-" "Mozilla/5.0 (Macintosh; Intel Mac OS X 10_8_4) AppleWebKit/537.36 (KHTML, like Gecko) Chrome/28.0.1500.71 Safari/537.36" 
66.249.92.147 - - [29/May/2018:04:05:26 -0700] "GET /&amp HTTP/1.1" 404 340 "-" "Mozilla/5.0 (Macintosh; Intel Mac OS X 10_8_4) AppleWebKit/537.36 (KHTML, like Gecko) Chrome/28.0.1500.71 Safari/537.36" 
216.244.66.245 - - [29/May/2018:04:08:54 -0700] "GET /self.logs/access.log.2018-02-13.gz HTTP/1.1" 200 38019 "-" "Mozilla/5.0 (compatible; DotBot/1.1; http://www.opensiteexplorer.org/dotbot, help@moz.com)" 
216.244.66.245 - - [29/May/2018:04:09:05 -0700] "GET /self.logs/2015/access.log.2015-01-30.gz HTTP/1.1" 200 6159 "-" "Mozilla/5.0 (compatible; DotBot/1.1; http://www.opensiteexplorer.org/dotbot, help@moz.com)" 
216.244.66.245 - - [29/May/2018:04:09:06 -0700] "GET /self.logs/2015/access.log.2015-03-10.gz HTTP/1.1" 200 13277 "-" "Mozilla/5.0 (compatible; DotBot/1.1; http://www.opensiteexplorer.org/dotbot, help@moz.com)" 
216.244.66.245 - - [29/May/2018:04:09:07 -0700] "GET /self.logs/2015/access.log.2015-03-12.gz HTTP/1.1" 200 9437 "-" "Mozilla/5.0 (compatible; DotBot/1.1; http://www.opensiteexplorer.org/dotbot, help@moz.com)" 
216.244.66.245 - - [29/May/2018:04:09:08 -0700] "GET /self.logs/2015/access.log.2015-09-16.gz HTTP/1.1" 200 5274 "-" "Mozilla/5.0 (compatible; DotBot/1.1; http://www.opensiteexplorer.org/dotbot, help@moz.com)" 
216.244.66.245 - - [29/May/2018:04:09:09 -0700] "GET /self.logs/2015/access.log.2015-09-25.gz HTTP/1.1" 200 12483 "-" "Mozilla/5.0 (compatible; DotBot/1.1; http://www.opensiteexplorer.org/dotbot, help@moz.com)" 
216.244.66.245 - - [29/May/2018:04:09:10 -0700] "GET /self.logs/2015/access.log.2015-10-26.gz HTTP/1.1" 200 6311 "-" "Mozilla/5.0 (compatible; DotBot/1.1; http://www.opensiteexplorer.org/dotbot, help@moz.com)" 
216.244.66.245 - - [29/May/2018:04:09:12 -0700] "GET /self.logs/2015/access.log.2015-11-05.gz HTTP/1.1" 200 8411 "-" "Mozilla/5.0 (compatible; DotBot/1.1; http://www.opensiteexplorer.org/dotbot, help@moz.com)" 
216.244.66.245 - - [29/May/2018:04:09:13 -0700] "GET /self.logs/2015/error.log.2015-01-21.gz HTTP/1.1" 200 513 "-" "Mozilla/5.0 (compatible; DotBot/1.1; http://www.opensiteexplorer.org/dotbot, help@moz.com)" 
216.244.66.245 - - [29/May/2018:04:09:14 -0700] "GET /self.logs/2015/error.log.2015-02-23.gz HTTP/1.1" 200 4273 "-" "Mozilla/5.0 (compatible; DotBot/1.1; http://www.opensiteexplorer.org/dotbot, help@moz.com)" 
216.244.66.245 - - [29/May/2018:04:09:15 -0700] "GET /self.logs/2015/error.log.2015-05-19.gz HTTP/1.1" 200 896 "-" "Mozilla/5.0 (compatible; DotBot/1.1; http://www.opensiteexplorer.org/dotbot, help@moz.com)" 
216.244.66.245 - - [29/May/2018:04:09:16 -0700] "GET /self.logs/2016/access.log.2016-01-04.gz HTTP/1.1" 200 10150 "-" "Mozilla/5.0 (compatible; DotBot/1.1; http://www.opensiteexplorer.org/dotbot, help@moz.com)" 
216.244.66.245 - - [29/May/2018:04:09:17 -0700] "GET /self.logs/2016/access.log.2016-01-15.gz HTTP/1.1" 200 7409 "-" "Mozilla/5.0 (compatible; DotBot/1.1; http://www.opensiteexplorer.org/dotbot, help@moz.com)" 
216.244.66.245 - - [29/May/2018:04:09:19 -0700] "GET /self.logs/2016/access.log.2016-09-10.gz HTTP/1.1" 200 5252 "-" "Mozilla/5.0 (compatible; DotBot/1.1; http://www.opensiteexplorer.org/dotbot, help@moz.com)" 
216.244.66.245 - - [29/May/2018:04:09:20 -0700] "GET /self.logs/2016/error.log.2016-11-14.gz HTTP/1.1" 200 585 "-" "Mozilla/5.0 (compatible; DotBot/1.1; http://www.opensiteexplorer.org/dotbot, help@moz.com)" 
216.244.66.245 - - [29/May/2018:04:14:14 -0700] "GET /self.logs/access.log.2018-04-21.gz HTTP/1.1" 200 15972 "-" "Mozilla/5.0 (compatible; DotBot/1.1; http://www.opensiteexplorer.org/dotbot, help@moz.com)" 
216.244.66.245 - - [29/May/2018:04:14:16 -0700] "GET /self.logs/access.log.2018-05-06.gz HTTP/1.1" 200 19971 "-" "Mozilla/5.0 (compatible; DotBot/1.1; http://www.opensiteexplorer.org/dotbot, help@moz.com)" 
216.244.66.245 - - [29/May/2018:04:14:17 -0700] "GET /self.logs/access.log.2018-05-07.gz HTTP/1.1" 200 20624 "-" "Mozilla/5.0 (compatible; DotBot/1.1; http://www.opensiteexplorer.org/dotbot, help@moz.com)" 
54.36.148.169 - - [29/May/2018:04:16:12 -0700] "GET /self.logs/access.log.2016-09-12.gz HTTP/1.1" 404 284 "-" "Mozilla/5.0 (compatible; AhrefsBot/5.2; +http://ahrefs.com/robot/)" 
209.15.209.89 - - [29/May/2018:04:23:27 -0700] "HEAD / HTTP/1.1" 200 239 "-" "-" 
14.140.54.18 - - [29/May/2018:04:23:28 -0700] "GET / HTTP/1.1" 200 11353 "https://www.researchgate.net/" "Mozilla/5.0 (Windows NT 10.0; Win64; x64) AppleWebKit/537.36 (KHTML, like Gecko) Chrome/66.0.3359.139 Safari/537.36" 
14.140.54.18 - - [29/May/2018:04:23:29 -0700] "GET /twitter-icon.png HTTP/1.1" 200 27787 "http://www.secrepo.com/" "Mozilla/5.0 (Windows NT 10.0; Win64; x64) AppleWebKit/537.36 (KHTML, like Gecko) Chrome/66.0.3359.139 Safari/537.36" 
14.140.54.18 - - [29/May/2018:04:23:29 -0700] "GET /GitHub-Mark.png HTTP/1.1" 200 7428 "http://www.secrepo.com/" "Mozilla/5.0 (Windows NT 10.0; Win64; x64) AppleWebKit/537.36 (KHTML, like Gecko) Chrome/66.0.3359.139 Safari/537.36" 
14.140.54.18 - - [29/May/2018:04:23:32 -0700] "GET /bootstrap/img/favicon.ico HTTP/1.1" 200 590 "http://www.secrepo.com/" "Mozilla/5.0 (Windows NT 10.0; Win64; x64) AppleWebKit/537.36 (KHTML, like Gecko) Chrome/66.0.3359.139 Safari/537.36" 
54.36.148.42 - - [29/May/2018:04:26:40 -0700] "GET /self.logs/access.log.2016-04-22.gz HTTP/1.1" 404 284 "-" "Mozilla/5.0 (compatible; AhrefsBot/5.2; +http://ahrefs.com/robot/)" 
216.244.66.245 - - [29/May/2018:04:28:12 -0700] "GET /robots.txt HTTP/1.1" 200 233 "-" "Mozilla/5.0 (compatible; DotBot/1.1; http://www.opensiteexplorer.org/dotbot, help@moz.com)" 
113.171.224.176 - - [29/May/2018:04:29:01 -0700] "GET /honeypot/Honeypot%20-%20Howto.pdf HTTP/1.1" 200 46720 "-" "Mozilla/5.0 Gecko/20100115 Firefox/3.6" 
47.30.114.13 - - [29/May/2018:04:30:48 -0700] "GET /wp-login.php HTTP/1.1" 418 732 "-" "Mozilla/5.0 (Windows NT 6.1; WOW64; rv:40.0) Gecko/20100101 Firefox/40.1" 
47.30.114.13 - - [29/May/2018:04:30:49 -0700] "GET / HTTP/1.1" 418 732 "-" "Mozilla/5.0 (Windows NT 6.1; WOW64; rv:40.0) Gecko/20100101 Firefox/40.1" 
54.36.148.62 - - [29/May/2018:04:31:01 -0700] "GET /self.logs/error.log.2017-01-31.gz HTTP/1.1" 200 2017 "-" "Mozilla/5.0 (compatible; AhrefsBot/5.2; +http://ahrefs.com/robot/)" 
216.244.66.245 - - [29/May/2018:04:33:35 -0700] "GET /self.logs/2015/access.log.2015-03-13.gz HTTP/1.1" 200 4765 "-" "Mozilla/5.0 (compatible; DotBot/1.1; http://www.opensiteexplorer.org/dotbot, help@moz.com)" 
216.244.66.245 - - [29/May/2018:04:33:36 -0700] "GET /self.logs/2015/access.log.2015-08-04.gz HTTP/1.1" 200 5668 "-" "Mozilla/5.0 (compatible; DotBot/1.1; http://www.opensiteexplorer.org/dotbot, help@moz.com)" 
216.244.66.245 - - [29/May/2018:04:33:38 -0700] "GET /self.logs/2015/access.log.2015-09-10.gz HTTP/1.1" 200 5999 "-" "Mozilla/5.0 (compatible; DotBot/1.1; http://www.opensiteexplorer.org/dotbot, help@moz.com)" 
216.244.66.245 - - [29/May/2018:04:33:39 -0700] "GET /self.logs/2015/error.log.2015-03-07.gz HTTP/1.1" 200 983 "-" "Mozilla/5.0 (compatible; DotBot/1.1; http://www.opensiteexplorer.org/dotbot, help@moz.com)" 
216.244.66.245 - - [29/May/2018:04:33:40 -0700] "GET /self.logs/2016/access.log.2016-02-28.gz HTTP/1.1" 200 9310 "-" "Mozilla/5.0 (compatible; DotBot/1.1; http://www.opensiteexplorer.org/dotbot, help@moz.com)" 
216.244.66.245 - - [29/May/2018:04:33:42 -0700] "GET /self.logs/2016/error.log.2016-01-21.gz HTTP/1.1" 200 445 "-" "Mozilla/5.0 (compatible; DotBot/1.1; http://www.opensiteexplorer.org/dotbot, help@moz.com)" 
216.244.66.245 - - [29/May/2018:04:33:43 -0700] "GET /self.logs/2016/error.log.2016-04-06.gz HTTP/1.1" 200 614 "-" "Mozilla/5.0 (compatible; DotBot/1.1; http://www.opensiteexplorer.org/dotbot, help@moz.com)" 
216.244.66.245 - - [29/May/2018:04:33:45 -0700] "GET /self.logs/2016/error.log.2016-04-12.gz HTTP/1.1" 200 900 "-" "Mozilla/5.0 (compatible; DotBot/1.1; http://www.opensiteexplorer.org/dotbot, help@moz.com)" 
101.199.112.52 - - [29/May/2018:04:35:39 -0700] "GET / HTTP/1.1" 200 11353 "-" "Mozilla/5.0 (Windows NT 6.1) AppleWebKit/537.36 (KHTML, like Gecko) Chrome/36.0.1985.125 Safari/537.36" 
182.73.155.114 - - [29/May/2018:04:35:44 -0700] "GET / HTTP/1.1" 200 11353 "-" "Mozilla/5.0 (Windows NT 10.0) AppleWebKit/537.36 (KHTML, like Gecko) Chrome/66.0.3359.181 Safari/537.36" 
182.73.155.114 - - [29/May/2018:04:35:46 -0700] "GET /twitter-icon.png HTTP/1.1" 200 27787 "http://www.secrepo.com/" "Mozilla/5.0 (Windows NT 10.0) AppleWebKit/537.36 (KHTML, like Gecko) Chrome/66.0.3359.181 Safari/537.36" 
182.73.155.114 - - [29/May/2018:04:35:47 -0700] "GET /GitHub-Mark.png HTTP/1.1" 200 7428 "http://www.secrepo.com/" "Mozilla/5.0 (Windows NT 10.0) AppleWebKit/537.36 (KHTML, like Gecko) Chrome/66.0.3359.181 Safari/537.36" 
54.36.148.207 - - [29/May/2018:04:40:23 -0700] "GET /self.logs/2015/error.log.2015-05-02.gz HTTP/1.1" 200 815 "-" "Mozilla/5.0 (compatible; AhrefsBot/5.2; +http://ahrefs.com/robot/)" 
