180.141.254.96 - - [08/Jun/2018:23:44:07 -0700] "GET /GitHub-Mark.png HTTP/1.1" 200 7428 "http://www.secrepo.com/" "Mozilla/5.0 (Windows NT 6.1; WOW64; Trident/7.0; rv:11.0) like Gecko" 
190.98.31.199 - - [08/Jun/2018:23:44:31 -0700] "GET /wp-login.php HTTP/1.1" 418 732 "-" "Mozilla/5.0 (Windows NT 6.1; WOW64; rv:40.0) Gecko/20100101 Firefox/40.1" 
190.98.31.199 - - [08/Jun/2018:23:44:31 -0700] "GET / HTTP/1.1" 418 732 "-" "Mozilla/5.0 (Windows NT 6.1; WOW64; rv:40.0) Gecko/20100101 Firefox/40.1" 
66.249.66.83 - - [09/Jun/2018:00:01:10 -0700] "GET /favicon.ico HTTP/1.1" 304 163 "-" "Googlebot-Image/1.0" 
113.171.224.176 - - [09/Jun/2018:00:02:39 -0700] "GET /honeypot/Honeypot%20-%20Howto.pdf HTTP/1.1" 200 46720 "-" "Mozilla/5.0 Gecko/20100115 Firefox/3.6" 
23.101.169.3 - - [09/Jun/2018:00:05:29 -0700] "GET / HTTP/1.1" 200 11355 "-" "Mozilla/5.0 (compatible; MSIE 9.0; Windows NT 6.1; Trident/5.0;  Trident/5.0)" 
216.244.66.245 - - [09/Jun/2018:00:07:10 -0700] "GET /robots.txt HTTP/1.1" 200 233 "-" "Mozilla/5.0 (compatible; DotBot/1.1; http://www.opensiteexplorer.org/dotbot, help@moz.com)" 
52.165.129.203 - - [09/Jun/2018:00:07:37 -0700] "GET / HTTP/1.1" 301 427 "-" "Mozilla/5.0 (Windows NT 10.0; Win64; x64) AppleWebKit/537.36 (KHTML, like Gecko) Chrome/65.0.3325.181 Safari/537.36" 
216.244.66.245 - - [09/Jun/2018:00:11:48 -0700] "GET /self.logs/?C=N;O=A HTTP/1.1" 200 100382 "-" "Mozilla/5.0 (compatible; DotBot/1.1; http://www.opensiteexplorer.org/dotbot, help@moz.com)" 
23.101.169.3 - - [09/Jun/2018:00:26:21 -0700] "GET / HTTP/1.1" 200 11355 "-" "Mozilla/5.0 (compatible; MSIE 9.0; Windows NT 6.1; Trident/5.0;  Trident/5.0)" 
216.244.66.245 - - [09/Jun/2018:00:30:10 -0700] "GET /robots.txt HTTP/1.1" 200 233 "-" "Mozilla/5.0 (compatible; DotBot/1.1; http://www.opensiteexplorer.org/dotbot, help@moz.com)" 
216.244.66.245 - - [09/Jun/2018:00:35:17 -0700] "GET /self.logs/access.log.2015-10-11.gz HTTP/1.1" 404 239 "-" "Mozilla/5.0 (compatible; DotBot/1.1; http://www.opensiteexplorer.org/dotbot, help@moz.com)" 
216.244.66.245 - - [09/Jun/2018:00:35:18 -0700] "GET /self.logs/access.log.2016-05-29.gz HTTP/1.1" 404 239 "-" "Mozilla/5.0 (compatible; DotBot/1.1; http://www.opensiteexplorer.org/dotbot, help@moz.com)" 
216.244.66.245 - - [09/Jun/2018:00:35:20 -0700] "GET /self.logs/error.log.2015-04-18.gz HTTP/1.1" 404 239 "-" "Mozilla/5.0 (compatible; DotBot/1.1; http://www.opensiteexplorer.org/dotbot, help@moz.com)" 
216.244.66.245 - - [09/Jun/2018:00:35:21 -0700] "GET /self.logs/error.log.2015-05-03.gz HTTP/1.1" 404 239 "-" "Mozilla/5.0 (compatible; DotBot/1.1; http://www.opensiteexplorer.org/dotbot, help@moz.com)" 
216.244.66.245 - - [09/Jun/2018:00:35:23 -0700] "GET /self.logs/error.log.2015-07-16.gz HTTP/1.1" 404 239 "-" "Mozilla/5.0 (compatible; DotBot/1.1; http://www.opensiteexplorer.org/dotbot, help@moz.com)" 
216.244.66.245 - - [09/Jun/2018:00:35:24 -0700] "GET /self.logs/error.log.2016-01-24.gz HTTP/1.1" 404 239 "-" "Mozilla/5.0 (compatible; DotBot/1.1; http://www.opensiteexplorer.org/dotbot, help@moz.com)" 
216.244.66.245 - - [09/Jun/2018:00:35:26 -0700] "GET /self.logs/error.log.2016-02-26.gz HTTP/1.1" 404 239 "-" "Mozilla/5.0 (compatible; DotBot/1.1; http://www.opensiteexplorer.org/dotbot, help@moz.com)" 
216.244.66.245 - - [09/Jun/2018:00:37:34 -0700] "GET /self.logs/access.log.2018-06-03.gz HTTP/1.1" 200 16239 "-" "Mozilla/5.0 (compatible; DotBot/1.1; http://www.opensiteexplorer.org/dotbot, help@moz.com)" 
185.19.30.38 - - [09/Jun/2018:00:42:36 -0700] "GET /bootstrap/img/favicon.ico HTTP/1.1" 200 590 "-" "Mozilla/5.0 (Windows NT 10.0; Win64; x64) AppleWebKit/537.36 (KHTML, like Gecko) Chrome/67.0.3396.79 Safari/537.36" 
69.63.188.113 - - [09/Jun/2018:00:44:31 -0700] "GET /twitter-icon.png HTTP/1.1" 200 27788 "-" "facebookexternalhit/1.1 (+http://www.facebook.com/externalhit_uatext.php)" 
223.90.116.147 - - [09/Jun/2018:00:47:35 -0700] "GET / HTTP/1.1" 200 11355 "https://cn.bing.com/" "Mozilla/5.0 (Windows NT 6.1; Win64; x64) AppleWebKit/537.36 (KHTML, like Gecko) Chrome/64.0.3282.119 Safari/537.36" 
199.58.86.206 - - [09/Jun/2018:00:49:14 -0700] "GET /robots.txt HTTP/1.1" 200 289 "-" "Mozilla/5.0 (compatible; MJ12bot/v1.4.8; http://mj12bot.com/)" 
199.58.86.206 - - [09/Jun/2018:00:49:18 -0700] "GET / HTTP/1.1" 200 38539 "-" "Mozilla/5.0 (compatible; MJ12bot/v1.4.8; http://mj12bot.com/)" 
216.244.66.245 - - [09/Jun/2018:00:53:07 -0700] "GET /robots.txt HTTP/1.1" 200 233 "-" "Mozilla/5.0 (compatible; DotBot/1.1; http://www.opensiteexplorer.org/dotbot, help@moz.com)" 
216.244.66.245 - - [09/Jun/2018:00:58:18 -0700] "GET /self.logs/access.log.2015-10-29.gz HTTP/1.1" 404 239 "-" "Mozilla/5.0 (compatible; DotBot/1.1; http://www.opensiteexplorer.org/dotbot, help@moz.com)" 
216.244.66.245 - - [09/Jun/2018:00:58:20 -0700] "GET /self.logs/access.log.2016-03-01.gz HTTP/1.1" 404 239 "-" "Mozilla/5.0 (compatible; DotBot/1.1; http://www.opensiteexplorer.org/dotbot, help@moz.com)" 
216.244.66.245 - - [09/Jun/2018:00:58:21 -0700] "GET /self.logs/access.log.2016-03-02.gz HTTP/1.1" 404 239 "-" "Mozilla/5.0 (compatible; DotBot/1.1; http://www.opensiteexplorer.org/dotbot, help@moz.com)" 
216.244.66.245 - - [09/Jun/2018:00:58:22 -0700] "GET /self.logs/access.log.2016-04-25.gz HTTP/1.1" 404 239 "-" "Mozilla/5.0 (compatible; DotBot/1.1; http://www.opensiteexplorer.org/dotbot, help@moz.com)" 
216.244.66.245 - - [09/Jun/2018:00:58:24 -0700] "GET /self.logs/error.log.2015-05-31.gz HTTP/1.1" 404 239 "-" "Mozilla/5.0 (compatible; DotBot/1.1; http://www.opensiteexplorer.org/dotbot, help@moz.com)" 
216.244.66.245 - - [09/Jun/2018:00:58:25 -0700] "GET /self.logs/error.log.2015-08-16.gz HTTP/1.1" 404 239 "-" "Mozilla/5.0 (compatible; DotBot/1.1; http://www.opensiteexplorer.org/dotbot, help@moz.com)" 
216.244.66.245 - - [09/Jun/2018:00:58:27 -0700] "GET /self.logs/error.log.2015-12-08.gz HTTP/1.1" 404 239 "-" "Mozilla/5.0 (compatible; DotBot/1.1; http://www.opensiteexplorer.org/dotbot, help@moz.com)" 
216.244.66.245 - - [09/Jun/2018:00:58:28 -0700] "GET /self.logs/error.log.2016-11-05.gz HTTP/1.1" 404 239 "-" "Mozilla/5.0 (compatible; DotBot/1.1; http://www.opensiteexplorer.org/dotbot, help@moz.com)" 
186.232.224.17 - - [09/Jun/2018:01:02:22 -0700] "GET /wp-login.php HTTP/1.1" 418 732 "-" "Mozilla/5.0 (Windows NT 6.1; WOW64; rv:40.0) Gecko/20100101 Firefox/40.1" 
186.232.224.17 - - [09/Jun/2018:01:02:23 -0700] "GET / HTTP/1.1" 418 732 "-" "Mozilla/5.0 (Windows NT 6.1; WOW64; rv:40.0) Gecko/20100101 Firefox/40.1" 
113.171.224.176 - - [09/Jun/2018:01:02:46 -0700] "GET /honeypot/Honeypot%20-%20Howto.pdf HTTP/1.1" 200 46720 "-" "Mozilla/5.0 Gecko/20100115 Firefox/3.6" 
123.30.175.226 - - [09/Jun/2018:01:03:36 -0700] "GET /robots.txt HTTP/1.1" 301 465 "-" "Mozilla/5.0 (compatible; coccocbot-web/1.0; +http://help.coccoc.com/searchengine)" 
123.30.175.226 - - [09/Jun/2018:01:03:38 -0700] "GET /robots.txt HTTP/1.1" 200 297 "-" "Mozilla/5.0 (compatible; coccocbot-web/1.0; +http://help.coccoc.com/searchengine)" 
123.30.175.246 - - [09/Jun/2018:01:03:42 -0700] "GET / HTTP/1.1" 301 446 "-" "Mozilla/5.0 (compatible; coccocbot-web/1.0; +http://help.coccoc.com/searchengine)" 
123.30.175.224 - - [09/Jun/2018:01:03:47 -0700] "GET /robots.txt HTTP/1.1" 200 297 "-" "Mozilla/5.0 (compatible; coccocbot-web/1.0; +http://help.coccoc.com/searchengine)" 
123.30.175.247 - - [09/Jun/2018:01:03:49 -0700] "GET / HTTP/1.1" 200 11318 "-" "Mozilla/5.0 (compatible; coccocbot-web/1.0; +http://help.coccoc.com/searchengine)" 
178.117.219.120 - - [09/Jun/2018:01:10:04 -0700] "GET /squid/access.log.gz HTTP/1.1" 200 23177322 "-" "Mozilla/5.0 (Windows NT 6.1; Win64; x64) AppleWebKit/537.36 (KHTML, like Gecko) Chrome/66.0.3359.181 Safari/537.36" 
178.117.219.120 - - [09/Jun/2018:01:10:13 -0700] "GET / HTTP/1.1" 200 11355 "https://www.google.be/" "Mozilla/5.0 (Windows NT 6.1; Win64; x64) AppleWebKit/537.36 (KHTML, like Gecko) Chrome/66.0.3359.181 Safari/537.36" 
178.117.219.120 - - [09/Jun/2018:01:10:14 -0700] "GET /twitter-icon.png HTTP/1.1" 200 27787 "http://www.secrepo.com/" "Mozilla/5.0 (Windows NT 6.1; Win64; x64) AppleWebKit/537.36 (KHTML, like Gecko) Chrome/66.0.3359.181 Safari/537.36" 
178.117.219.120 - - [09/Jun/2018:01:10:14 -0700] "GET /GitHub-Mark.png HTTP/1.1" 200 7427 "http://www.secrepo.com/" "Mozilla/5.0 (Windows NT 6.1; Win64; x64) AppleWebKit/537.36 (KHTML, like Gecko) Chrome/66.0.3359.181 Safari/537.36" 
178.117.219.120 - - [09/Jun/2018:01:10:15 -0700] "GET /bootstrap/img/favicon.ico HTTP/1.1" 200 589 "http://www.secrepo.com/" "Mozilla/5.0 (Windows NT 6.1; Win64; x64) AppleWebKit/537.36 (KHTML, like Gecko) Chrome/66.0.3359.181 Safari/537.36" 
178.117.219.120 - - [09/Jun/2018:01:11:12 -0700] "GET /squid/access.log.gz HTTP/1.1" 200 23177322 "-" "Mozilla/5.0 (Windows NT 6.1; Win64; x64) AppleWebKit/537.36 (KHTML, like Gecko) Chrome/66.0.3359.181 Safari/537.36" 
23.101.169.3 - - [09/Jun/2018:01:14:02 -0700] "GET / HTTP/1.1" 200 11355 "-" "Mozilla/5.0 (compatible; MSIE 9.0; Windows NT 6.0; Trident/5.0;  Trident/5.0)" 
45.116.77.16 - - [09/Jun/2018:01:15:27 -0700] "GET / HTTP/1.1" 200 38595 "http://www.secrepo.com/" "Mozilla/4.0 (compatible; MSIE 9.0; Windows NT 6.1)" 
45.116.77.16 - - [09/Jun/2018:01:15:28 -0700] "POST //config/AspCms_Config.asp HTTP/1.1" 404 294 "http://www.secrepo.com//config/AspCms_Config.asp" "Mozilla/4.0 (compatible; MSIE 9.0; Windows NT 6.1)" 
216.244.66.245 - - [09/Jun/2018:01:16:13 -0700] "GET /robots.txt HTTP/1.1" 200 233 "-" "Mozilla/5.0 (compatible; DotBot/1.1; http://www.opensiteexplorer.org/dotbot, help@moz.com)" 
151.80.39.236 - - [09/Jun/2018:01:19:26 -0700] "GET /robots.txt HTTP/1.1" 301 446 "-" "Mozilla/5.0 (compatible; AhrefsBot/5.2; +http://ahrefs.com/robot/)" 
151.80.39.236 - - [09/Jun/2018:01:19:26 -0700] "GET /robots.txt HTTP/1.1" 200 304 "-" "Mozilla/5.0 (compatible; AhrefsBot/5.2; +http://ahrefs.com/robot/)" 
216.244.66.245 - - [09/Jun/2018:01:21:45 -0700] "GET /self.logs/access.log.2015-07-12.gz HTTP/1.1" 404 239 "-" "Mozilla/5.0 (compatible; DotBot/1.1; http://www.opensiteexplorer.org/dotbot, help@moz.com)" 
216.244.66.245 - - [09/Jun/2018:01:21:46 -0700] "GET /self.logs/access.log.2015-12-01.gz HTTP/1.1" 404 239 "-" "Mozilla/5.0 (compatible; DotBot/1.1; http://www.opensiteexplorer.org/dotbot, help@moz.com)" 
216.244.66.245 - - [09/Jun/2018:01:21:48 -0700] "GET /self.logs/error.log.2015-08-02.gz HTTP/1.1" 404 239 "-" "Mozilla/5.0 (compatible; DotBot/1.1; http://www.opensiteexplorer.org/dotbot, help@moz.com)" 
216.244.66.245 - - [09/Jun/2018:01:21:50 -0700] "GET /self.logs/error.log.2015-08-17.gz HTTP/1.1" 404 239 "-" "Mozilla/5.0 (compatible; DotBot/1.1; http://www.opensiteexplorer.org/dotbot, help@moz.com)" 
216.244.66.245 - - [09/Jun/2018:01:21:51 -0700] "GET /self.logs/error.log.2015-12-16.gz HTTP/1.1" 404 239 "-" "Mozilla/5.0 (compatible; DotBot/1.1; http://www.opensiteexplorer.org/dotbot, help@moz.com)" 
216.244.66.245 - - [09/Jun/2018:01:21:53 -0700] "GET /self.logs/error.log.2016-09-29.gz HTTP/1.1" 404 239 "-" "Mozilla/5.0 (compatible; DotBot/1.1; http://www.opensiteexplorer.org/dotbot, help@moz.com)" 
185.19.30.38 - - [09/Jun/2018:01:24:26 -0700] "GET /bootstrap/img/favicon.ico HTTP/1.1" 200 590 "-" "Mozilla/5.0 (Windows NT 10.0; Win64; x64) AppleWebKit/537.36 (KHTML, like Gecko) Chrome/67.0.3396.79 Safari/537.36" 
5.9.70.72 - - [09/Jun/2018:01:30:37 -0700] "GET /robots.txt HTTP/1.1" 301 518 "-" "Mozilla/5.0 (compatible; MJ12bot/v1.4.8; http://mj12bot.com/)" 
5.9.70.72 - - [09/Jun/2018:01:30:38 -0700] "GET /robots.txt HTTP/1.1" 200 289 "-" "Mozilla/5.0 (compatible; MJ12bot/v1.4.8; http://mj12bot.com/)" 
5.9.70.72 - - [09/Jun/2018:01:30:40 -0700] "GET /%C2%A0%C2%A0 HTTP/1.1" 301 450 "-" "Mozilla/5.0 (compatible; MJ12bot/v1.4.8; http://mj12bot.com/)" 
5.9.70.72 - - [09/Jun/2018:01:30:41 -0700] "GET /%C3%82%C2%A0%C3%82 HTTP/1.1" 404 239 "-" "Mozilla/5.0 (compatible; MJ12bot/v1.4.8; http://mj12bot.com/)" 
5.9.70.72 - - [09/Jun/2018:01:30:43 -0700] "GET /honeypot//%22http://amunhoney.sourceforge.net//%22 HTTP/1.1" 404 284 "-" "Mozilla/5.0 (compatible; MJ12bot/v1.4.8; http://mj12bot.com/)" 
5.9.70.72 - - [09/Jun/2018:01:30:44 -0700] "GET /honeypot//%22http://glastopf.org//%22 HTTP/1.1" 404 284 "-" "Mozilla/5.0 (compatible; MJ12bot/v1.4.8; http://mj12bot.com/)" 
5.9.70.72 - - [09/Jun/2018:01:30:46 -0700] "GET /honeypot//%22http://www.maxmind.com/%22 HTTP/1.1" 404 284 "-" "Mozilla/5.0 (compatible; MJ12bot/v1.4.8; http://mj12bot.com/)" 
5.9.70.72 - - [09/Jun/2018:01:30:47 -0700] "GET /honeypot//%22https://twitter.com/sooshie/%22 HTTP/1.1" 404 284 "-" "Mozilla/5.0 (compatible; MJ12bot/v1.4.8; http://mj12bot.com/)" 
5.9.70.72 - - [09/Jun/2018:01:30:49 -0700] "GET /honeypot//%22https://twitter.com/theroxyd/%22 HTTP/1.1" 404 284 "-" "Mozilla/5.0 (compatible; MJ12bot/v1.4.8; http://mj12bot.com/)" 
5.9.70.72 - - [09/Jun/2018:01:30:50 -0700] "GET / HTTP/1.1" 200 11299 "-" "Mozilla/5.0 (compatible; MJ12bot/v1.4.8; http://mj12bot.com/)" 
45.120.145.115 - - [09/Jun/2018:01:36:45 -0700] "GET /wp-login.php HTTP/1.1" 418 732 "-" "Mozilla/5.0 (Windows NT 6.1; WOW64; rv:40.0) Gecko/20100101 Firefox/40.1" 
45.120.145.115 - - [09/Jun/2018:01:36:46 -0700] "GET / HTTP/1.1" 418 732 "-" "Mozilla/5.0 (Windows NT 6.1; WOW64; rv:40.0) Gecko/20100101 Firefox/40.1" 
216.244.66.245 - - [09/Jun/2018:01:39:28 -0700] "GET /robots.txt HTTP/1.1" 200 233 "-" "Mozilla/5.0 (compatible; DotBot/1.1; http://www.opensiteexplorer.org/dotbot, help@moz.com)" 
216.244.66.245 - - [09/Jun/2018:01:43:39 -0700] "GET /self.logs/access.log.2017-11-27.gz HTTP/1.1" 200 23373 "-" "Mozilla/5.0 (compatible; DotBot/1.1; http://www.opensiteexplorer.org/dotbot, help@moz.com)" 
49.145.98.113 - - [09/Jun/2018:01:44:18 -0700] "GET /wp-login.php HTTP/1.1" 418 732 "-" "Mozilla/5.0 (Windows NT 6.1; WOW64; rv:40.0) Gecko/20100101 Firefox/40.1" 
49.145.98.113 - - [09/Jun/2018:01:44:19 -0700] "GET / HTTP/1.1" 418 732 "-" "Mozilla/5.0 (Windows NT 6.1; WOW64; rv:40.0) Gecko/20100101 Firefox/40.1" 
216.244.66.245 - - [09/Jun/2018:01:44:52 -0700] "GET /self.logs/access.log.2015-03-23.gz HTTP/1.1" 404 239 "-" "Mozilla/5.0 (compatible; DotBot/1.1; http://www.opensiteexplorer.org/dotbot, help@moz.com)" 
216.244.66.245 - - [09/Jun/2018:01:44:54 -0700] "GET /self.logs/access.log.2016-05-30.gz HTTP/1.1" 404 239 "-" "Mozilla/5.0 (compatible; DotBot/1.1; http://www.opensiteexplorer.org/dotbot, help@moz.com)" 
216.244.66.245 - - [09/Jun/2018:01:44:56 -0700] "GET /self.logs/access.log.2016-09-05.gz HTTP/1.1" 404 239 "-" "Mozilla/5.0 (compatible; DotBot/1.1; http://www.opensiteexplorer.org/dotbot, help@moz.com)" 
216.244.66.245 - - [09/Jun/2018:01:44:57 -0700] "GET /self.logs/error.log.2015-02-02.gz HTTP/1.1" 404 239 "-" "Mozilla/5.0 (compatible; DotBot/1.1; http://www.opensiteexplorer.org/dotbot, help@moz.com)" 
188.76.8.106 - - [09/Jun/2018:01:45:37 -0700] "GET / HTTP/1.1" 200 11355 "-" "Mozilla/5.0 (Macintosh; Intel Mac OS X 10_11_6) AppleWebKit/602.2.14 (KHTML, like Gecko) Version/10.0.1 Safari/602.2.14" 
188.76.8.106 - - [09/Jun/2018:01:45:37 -0700] "GET /twitter-icon.png HTTP/1.1" 200 27787 "http://www.secrepo.com/" "Mozilla/5.0 (Macintosh; Intel Mac OS X 10_11_6) AppleWebKit/602.2.14 (KHTML, like Gecko) Version/10.0.1 Safari/602.2.14" 
188.76.8.106 - - [09/Jun/2018:01:45:37 -0700] "GET /GitHub-Mark.png HTTP/1.1" 200 7428 "http://www.secrepo.com/" "Mozilla/5.0 (Macintosh; Intel Mac OS X 10_11_6) AppleWebKit/602.2.14 (KHTML, like Gecko) Version/10.0.1 Safari/602.2.14" 
188.76.8.106 - - [09/Jun/2018:01:45:38 -0700] "GET /bootstrap/img/favicon.ico HTTP/1.1" 200 589 "http://www.secrepo.com/" "Mozilla/5.0 (Macintosh; Intel Mac OS X 10_11_6) AppleWebKit/602.2.14 (KHTML, like Gecko) Version/10.0.1 Safari/602.2.14" 
188.76.8.106 - - [09/Jun/2018:01:45:38 -0700] "GET /apple-touch-icon-precomposed.png HTTP/1.1" 404 340 "-" "Safari/11602.2.14.0.7 CFNetwork/760.7 Darwin/15.6.0 (x86_64)" 
188.76.8.106 - - [09/Jun/2018:01:45:39 -0700] "GET /apple-touch-icon.png HTTP/1.1" 404 339 "-" "Safari/11602.2.14.0.7 CFNetwork/760.7 Darwin/15.6.0 (x86_64)" 
204.79.180.16 - - [09/Jun/2018:01:46:34 -0700] "GET / HTTP/1.1" 200 11355 "-" "Mozilla/5.0 (compatible; MSIE 9.0; Windows NT 6.0; Trident/5.0;  Trident/5.0)" 
194.187.170.101 - - [09/Jun/2018:01:55:20 -0700] "GET /robots.txt HTTP/1.1" 200 297 "-" "Mozilla/5.0 (compatible; Qwantify/2.4w; +https://www.qwant.com/)/2.4w" 
52.165.166.139 - - [09/Jun/2018:01:58:27 -0700] "GET / HTTP/1.1" 301 427 "-" "Mozilla/5.0 (Windows NT 10.0; Win64; x64) AppleWebKit/537.36 (KHTML, like Gecko) Chrome/65.0.3325.181 Safari/537.36" 
45.116.77.16 - - [09/Jun/2018:02:01:02 -0700] "GET //phpmyadmin HTTP/1.1" 404 295 "http://www.secrepo.com//phpmyadmin" "Mozilla/4.0 (compatible; MSIE 9.0; Windows NT 6.1)" 
45.116.77.16 - - [09/Jun/2018:02:01:03 -0700] "GET //phpmyadmin HTTP/1.1" 404 294 "http://www.secrepo.com//phpmyadmin" "Mozilla/4.0 (compatible; MSIE 9.0; Windows NT 6.1)" 
216.244.66.245 - - [09/Jun/2018:02:02:38 -0700] "GET /robots.txt HTTP/1.1" 200 233 "-" "Mozilla/5.0 (compatible; DotBot/1.1; http://www.opensiteexplorer.org/dotbot, help@moz.com)" 
113.171.224.176 - - [09/Jun/2018:02:03:22 -0700] "GET /honeypot/Honeypot%20-%20Howto.pdf HTTP/1.1" 200 46720 "-" "Mozilla/5.0 Gecko/20100115 Firefox/3.6" 
185.19.30.38 - - [09/Jun/2018:02:05:53 -0700] "GET / HTTP/1.1" 200 11355 "-" "Mozilla/5.0 (Windows NT 10.0; Win64; x64) AppleWebKit/537.36 (KHTML, like Gecko) Chrome/67.0.3396.79 Safari/537.36" 
185.19.30.38 - - [09/Jun/2018:02:05:54 -0700] "GET /twitter-icon.png HTTP/1.1" 200 27787 "http://www.secrepo.com/" "Mozilla/5.0 (Windows NT 10.0; Win64; x64) AppleWebKit/537.36 (KHTML, like Gecko) Chrome/67.0.3396.79 Safari/537.36" 
185.19.30.38 - - [09/Jun/2018:02:05:54 -0700] "GET /GitHub-Mark.png HTTP/1.1" 200 7428 "http://www.secrepo.com/" "Mozilla/5.0 (Windows NT 10.0; Win64; x64) AppleWebKit/537.36 (KHTML, like Gecko) Chrome/67.0.3396.79 Safari/537.36" 
216.244.66.245 - - [09/Jun/2018:02:07:57 -0700] "GET /self.logs/access.log.2015-12-27.gz HTTP/1.1" 404 239 "-" "Mozilla/5.0 (compatible; DotBot/1.1; http://www.opensiteexplorer.org/dotbot, help@moz.com)" 
216.244.66.245 - - [09/Jun/2018:02:07:58 -0700] "GET /self.logs/access.log.2016-06-15.gz HTTP/1.1" 404 239 "-" "Mozilla/5.0 (compatible; DotBot/1.1; http://www.opensiteexplorer.org/dotbot, help@moz.com)" 
216.244.66.245 - - [09/Jun/2018:02:08:00 -0700] "GET /self.logs/access.log.2016-11-01.gz HTTP/1.1" 404 239 "-" "Mozilla/5.0 (compatible; DotBot/1.1; http://www.opensiteexplorer.org/dotbot, help@moz.com)" 
216.244.66.245 - - [09/Jun/2018:02:08:01 -0700] "GET /self.logs/access.log.2016-11-28.gz HTTP/1.1" 404 239 "-" "Mozilla/5.0 (compatible; DotBot/1.1; http://www.opensiteexplorer.org/dotbot, help@moz.com)" 
216.244.66.245 - - [09/Jun/2018:02:08:03 -0700] "GET /self.logs/error.log.2016-04-22.gz HTTP/1.1" 404 239 "-" "Mozilla/5.0 (compatible; DotBot/1.1; http://www.opensiteexplorer.org/dotbot, help@moz.com)" 
216.244.66.245 - - [09/Jun/2018:02:08:04 -0700] "GET /self.logs/error.log.2016-06-21.gz HTTP/1.1" 404 239 "-" "Mozilla/5.0 (compatible; DotBot/1.1; http://www.opensiteexplorer.org/dotbot, help@moz.com)" 
216.244.66.245 - - [09/Jun/2018:02:08:06 -0700] "GET /self.logs/error.log.2016-11-29.gz HTTP/1.1" 404 239 "-" "Mozilla/5.0 (compatible; DotBot/1.1; http://www.opensiteexplorer.org/dotbot, help@moz.com)" 
197.237.151.168 - - [09/Jun/2018:02:17:51 -0700] "GET /wp-login.php HTTP/1.1" 418 732 "-" "Mozilla/5.0 (Windows NT 6.1; WOW64; rv:40.0) Gecko/20100101 Firefox/40.1" 
197.237.151.168 - - [09/Jun/2018:02:17:52 -0700] "GET / HTTP/1.1" 418 732 "-" "Mozilla/5.0 (Windows NT 6.1; WOW64; rv:40.0) Gecko/20100101 Firefox/40.1" 
80.8.229.9 - - [09/Jun/2018:02:19:19 -0700] "GET /wp-login.php HTTP/1.1" 418 732 "-" "Mozilla/5.0 (Windows NT 6.1; WOW64; rv:40.0) Gecko/20100101 Firefox/40.1" 
80.8.229.9 - - [09/Jun/2018:02:19:19 -0700] "GET / HTTP/1.1" 418 732 "-" "Mozilla/5.0 (Windows NT 6.1; WOW64; rv:40.0) Gecko/20100101 Firefox/40.1" 
157.55.39.132 - - [09/Jun/2018:02:21:34 -0700] "GET /self.logs/access.log.2017-09-22.gz HTTP/1.1" 200 23874 "-" "Mozilla/5.0 (compatible; bingbot/2.0; +http://www.bing.com/bingbot.htm)" 
199.58.86.209 - - [09/Jun/2018:02:23:35 -0700] "GET /robots.txt HTTP/1.1" 200 289 "-" "Mozilla/5.0 (compatible; MJ12bot/v1.4.8; http://mj12bot.com/)" 
199.58.86.209 - - [09/Jun/2018:02:23:40 -0700] "GET / HTTP/1.1" 200 38539 "-" "Mozilla/5.0 (compatible; MJ12bot/v1.4.8; http://mj12bot.com/)" 
66.249.66.83 - - [09/Jun/2018:02:24:08 -0700] "GET /robots.txt HTTP/1.1" 200 334 "-" "Mozilla/5.0 (compatible; Googlebot/2.1; +http://www.google.com/bot.html)" 
66.249.66.84 - - [09/Jun/2018:02:24:08 -0700] "GET / HTTP/1.1" 200 11355 "-" "Mozilla/5.0 (compatible; Googlebot/2.1; +http://www.google.com/bot.html)" 
216.244.66.245 - - [09/Jun/2018:02:25:41 -0700] "GET /robots.txt HTTP/1.1" 200 233 "-" "Mozilla/5.0 (compatible; DotBot/1.1; http://www.opensiteexplorer.org/dotbot, help@moz.com)" 
46.39.163.18 - - [09/Jun/2018:02:27:13 -0700] "GET / HTTP/1.1" 200 11355 "-" "Mozilla/5.0 (Macintosh; Intel Mac OS X 10_13_4) AppleWebKit/605.1.15 (KHTML, like Gecko)" 
46.39.163.18 - - [09/Jun/2018:02:27:13 -0700] "GET /apple-touch-icon-precomposed.png HTTP/1.1" 404 340 "-" "Safari/13605.1.33.1.4 CFNetwork/897.15 Darwin/17.5.0 (x86_64)" 
46.39.163.18 - - [09/Jun/2018:02:27:14 -0700] "GET /apple-touch-icon.png HTTP/1.1" 404 339 "-" "Safari/13605.1.33.1.4 CFNetwork/897.15 Darwin/17.5.0 (x86_64)" 
46.39.163.18 - - [09/Jun/2018:02:27:14 -0700] "GET /bootstrap/img/favicon.ico HTTP/1.1" 200 589 "-" "Safari/13605.1.33.1.4 CFNetwork/897.15 Darwin/17.5.0 (x86_64)" 
46.39.163.18 - - [09/Jun/2018:02:27:14 -0700] "GET / HTTP/1.1" 200 11354 "-" "\"Mozilla/5.0 (iPhone; CPU iPhone OS 11_0 like Mac OS X) AppleWebKit/604.1.38 (KHTML, like Gecko) Version/11.0 Mobile/15A372 Safari/604.1\"" 
46.39.163.18 - - [09/Jun/2018:02:27:14 -0700] "GET /apple-touch-icon-precomposed.png HTTP/1.1" 404 339 "-" "Safari/13605.1.33.1.4 CFNetwork/897.15 Darwin/17.5.0 (x86_64)" 
46.39.163.18 - - [09/Jun/2018:02:27:14 -0700] "GET /apple-touch-icon.png HTTP/1.1" 404 339 "-" "Safari/13605.1.33.1.4 CFNetwork/897.15 Darwin/17.5.0 (x86_64)" 
46.39.163.18 - - [09/Jun/2018:02:27:14 -0700] "GET /bootstrap/img/favicon.ico HTTP/1.1" 200 589 "-" "Safari/13605.1.33.1.4 CFNetwork/897.15 Darwin/17.5.0 (x86_64)" 
216.244.66.245 - - [09/Jun/2018:02:30:49 -0700] "GET /self.logs/access.log.2015-04-10.gz HTTP/1.1" 404 239 "-" "Mozilla/5.0 (compatible; DotBot/1.1; http://www.opensiteexplorer.org/dotbot, help@moz.com)" 
216.244.66.245 - - [09/Jun/2018:02:30:50 -0700] "GET /self.logs/access.log.2015-07-22.gz HTTP/1.1" 404 239 "-" "Mozilla/5.0 (compatible; DotBot/1.1; http://www.opensiteexplorer.org/dotbot, help@moz.com)" 
216.244.66.245 - - [09/Jun/2018:02:30:52 -0700] "GET /self.logs/access.log.2015-09-23.gz HTTP/1.1" 404 239 "-" "Mozilla/5.0 (compatible; DotBot/1.1; http://www.opensiteexplorer.org/dotbot, help@moz.com)" 
216.244.66.245 - - [09/Jun/2018:02:30:53 -0700] "GET /self.logs/access.log.2015-10-05.gz HTTP/1.1" 404 239 "-" "Mozilla/5.0 (compatible; DotBot/1.1; http://www.opensiteexplorer.org/dotbot, help@moz.com)" 
216.244.66.245 - - [09/Jun/2018:02:30:54 -0700] "GET /self.logs/access.log.2016-06-08.gz HTTP/1.1" 404 239 "-" "Mozilla/5.0 (compatible; DotBot/1.1; http://www.opensiteexplorer.org/dotbot, help@moz.com)" 
216.244.66.245 - - [09/Jun/2018:02:30:55 -0700] "GET /self.logs/access.log.2016-09-04.gz HTTP/1.1" 404 239 "-" "Mozilla/5.0 (compatible; DotBot/1.1; http://www.opensiteexplorer.org/dotbot, help@moz.com)" 
216.244.66.245 - - [09/Jun/2018:02:30:56 -0700] "GET /self.logs/access.log.2016-10-11.gz HTTP/1.1" 404 239 "-" "Mozilla/5.0 (compatible; DotBot/1.1; http://www.opensiteexplorer.org/dotbot, help@moz.com)" 
216.244.66.245 - - [09/Jun/2018:02:30:57 -0700] "GET /self.logs/access.log.2016-11-10.gz HTTP/1.1" 404 239 "-" "Mozilla/5.0 (compatible; DotBot/1.1; http://www.opensiteexplorer.org/dotbot, help@moz.com)" 
216.244.66.245 - - [09/Jun/2018:02:30:58 -0700] "GET /self.logs/access.log.2016-11-12.gz HTTP/1.1" 404 239 "-" "Mozilla/5.0 (compatible; DotBot/1.1; http://www.opensiteexplorer.org/dotbot, help@moz.com)" 
216.244.66.245 - - [09/Jun/2018:02:31:00 -0700] "GET /self.logs/error.log.2015-02-21.gz HTTP/1.1" 404 239 "-" "Mozilla/5.0 (compatible; DotBot/1.1; http://www.opensiteexplorer.org/dotbot, help@moz.com)" 
216.244.66.245 - - [09/Jun/2018:02:31:01 -0700] "GET /self.logs/error.log.2016-01-21.gz HTTP/1.1" 404 239 "-" "Mozilla/5.0 (compatible; DotBot/1.1; http://www.opensiteexplorer.org/dotbot, help@moz.com)" 
216.244.66.245 - - [09/Jun/2018:02:31:02 -0700] "GET /self.logs/error.log.2016-04-27.gz HTTP/1.1" 404 239 "-" "Mozilla/5.0 (compatible; DotBot/1.1; http://www.opensiteexplorer.org/dotbot, help@moz.com)" 
216.244.66.245 - - [09/Jun/2018:02:31:03 -0700] "GET /self.logs/error.log.2016-10-23.gz HTTP/1.1" 404 239 "-" "Mozilla/5.0 (compatible; DotBot/1.1; http://www.opensiteexplorer.org/dotbot, help@moz.com)" 
