199.68.233.130 - - [06/Mar/2018:14:50:53 -0800] "GET /GitHub-Mark.png HTTP/1.1" 200 7428 "http://www.secrepo.com/" "Mozilla/5.0 (Macintosh; Intel Mac OS X 10_12_6) AppleWebKit/537.36 (KHTML, like Gecko) Chrome/64.0.3282.186 Safari/537.36" 
199.68.233.130 - - [06/Mar/2018:14:50:54 -0800] "GET /bootstrap/img/favicon.ico HTTP/1.1" 200 589 "http://www.secrepo.com/" "Mozilla/5.0 (Macintosh; Intel Mac OS X 10_12_6) AppleWebKit/537.36 (KHTML, like Gecko) Chrome/64.0.3282.186 Safari/537.36" 
120.221.1.28 - - [06/Mar/2018:15:00:52 -0800] "GET /maccdc2012/files.log.gz HTTP/1.1" 304 155 "-" "Mozilla/5.0 Gecko/20100115 Firefox/3.6" 
52.200.87.95 - - [06/Mar/2018:15:11:58 -0800] "GET /robots.txt HTTP/1.1" 200 334 "-" "BUbiNG (+http://law.di.unimi.it/BUbiNG.html#wc)" 
52.200.87.95 - - [06/Mar/2018:15:12:28 -0800] "GET /maccdc2012/maccdc2012_fast_alert.7z HTTP/1.1" 200 2240806 "-" "BUbiNG (+http://law.di.unimi.it/BUbiNG.html#wc)" 
52.200.87.95 - - [06/Mar/2018:15:16:58 -0800] "GET /maccdc2012/maccdc2012_full_alert.7z HTTP/1.1" 200 2154792 "-" "BUbiNG (+http://law.di.unimi.it/BUbiNG.html#wc)" 
134.249.66.84 - - [06/Mar/2018:15:17:01 -0800] "GET / HTTP/1.1" 200 37359 "http://suzuki-metropolis.kiev.ua/" "Mozilla/4.0 (compatible; MSIE 6.0; Windows XP)" 
134.249.66.84 - - [06/Mar/2018:15:17:02 -0800] "GET / HTTP/1.1" 200 37359 "http://suzuki-metropolis.kiev.ua/" "Mozilla/4.0 (compatible; MSIE 6.0; Windows XP)" 
134.249.66.84 - - [06/Mar/2018:15:17:02 -0800] "GET / HTTP/1.1" 200 37359 "http://suzuki-metropolis.kiev.ua/" "Mozilla/4.0 (compatible; MSIE 6.0; Windows XP)" 
52.200.87.95 - - [06/Mar/2018:15:17:28 -0800] "GET /tg_snort_fast.7z HTTP/1.1" 404 340 "-" "BUbiNG (+http://law.di.unimi.it/BUbiNG.html#wc)" 
52.200.87.95 - - [06/Mar/2018:15:17:58 -0800] "GET /tg_snort_full.7z HTTP/1.1" 404 340 "-" "BUbiNG (+http://law.di.unimi.it/BUbiNG.html#wc)" 
52.200.87.95 - - [06/Mar/2018:15:18:28 -0800] "GET /self.logs/ HTTP/1.1" 200 8669 "-" "BUbiNG (+http://law.di.unimi.it/BUbiNG.html#wc)" 
52.200.87.95 - - [06/Mar/2018:15:18:58 -0800] "GET / HTTP/1.1" 200 11061 "-" "BUbiNG (+http://law.di.unimi.it/BUbiNG.html#wc)" 
99.10.208.56 - - [06/Mar/2018:15:22:54 -0800] "GET /bootstrap/img/favicon.ico HTTP/1.1" 200 590 "http://www.secrepo.com/" "Mozilla/5.0 (Windows NT 10.0; Win64; x64) AppleWebKit/537.36 (KHTML, like Gecko) Chrome/64.0.3282.186 Safari/537.36" 
38.142.99.34 - - [06/Mar/2018:15:24:41 -0800] "GET / HTTP/1.1" 301 442 "-" "-" 
194.247.173.47 - - [06/Mar/2018:15:26:40 -0800] "GET /robots.txt HTTP/1.1" 200 334 "-" "Mozilla/5.0 (Windows NT 6.1; Win64; x64) AppleWebKit/537.36 (KHTML, like Gecko) Chrome/64.0.3282.186 Safari/537.36" 
194.247.173.47 - - [06/Mar/2018:15:26:40 -0800] "GET / HTTP/1.1" 200 11061 "-" "Mozilla/5.0 (Windows NT 6.1; Win64; x64) AppleWebKit/537.36 (KHTML, like Gecko) Chrome/64.0.3282.186 Safari/537.36" 
194.247.173.47 - - [06/Mar/2018:15:26:41 -0800] "GET /twitter-icon.png HTTP/1.1" 200 27787 "http://www.secrepo.com/" "Mozilla/5.0 (Windows NT 6.1; Win64; x64) AppleWebKit/537.36 (KHTML, like Gecko) Chrome/64.0.3282.186 Safari/537.36" 
194.247.173.47 - - [06/Mar/2018:15:26:41 -0800] "GET /GitHub-Mark.png HTTP/1.1" 200 7428 "http://www.secrepo.com/" "Mozilla/5.0 (Windows NT 6.1; Win64; x64) AppleWebKit/537.36 (KHTML, like Gecko) Chrome/64.0.3282.186 Safari/537.36" 
194.247.173.47 - - [06/Mar/2018:15:26:41 -0800] "GET /bootstrap/img/favicon.ico HTTP/1.1" 200 589 "http://www.secrepo.com/" "Mozilla/5.0 (Windows NT 6.1; Win64; x64) AppleWebKit/537.36 (KHTML, like Gecko) Chrome/64.0.3282.186 Safari/537.36" 
54.85.132.93 - - [06/Mar/2018:15:27:04 -0800] "GET /robots.txt HTTP/1.1" 301 502 "-" "BUbiNG (+http://law.di.unimi.it/BUbiNG.html#wc)" 
54.85.132.93 - - [06/Mar/2018:15:27:04 -0800] "GET /robots.txt HTTP/1.1" 200 334 "-" "BUbiNG (+http://law.di.unimi.it/BUbiNG.html#wc)" 
54.36.148.109 - - [06/Mar/2018:15:27:19 -0800] "GET /self.logs/2015/error.log.2015-08-30.gz HTTP/1.1" 200 582 "-" "Mozilla/5.0 (compatible; AhrefsBot/5.2; +http://ahrefs.com/robot/)" 
66.249.64.129 - - [06/Mar/2018:15:27:20 -0800] "GET / HTTP/1.1" 200 11061 "-" "Mozilla/5.0 (compatible; Googlebot/2.1; +http://www.google.com/bot.html)" 
54.85.132.93 - - [06/Mar/2018:15:27:44 -0800] "GET / HTTP/1.1" 301 483 "-" "BUbiNG (+http://law.di.unimi.it/BUbiNG.html#wc)" 
73.8.132.75 - - [06/Mar/2018:15:28:57 -0800] "GET / HTTP/1.1" 200 11061 "https://www.google.com/" "Mozilla/5.0 (Windows NT 10.0; Win64; x64) AppleWebKit/537.36 (KHTML, like Gecko) Chrome/64.0.3282.186 Safari/537.36" 
73.8.132.75 - - [06/Mar/2018:15:28:58 -0800] "GET /twitter-icon.png HTTP/1.1" 200 27787 "http://www.secrepo.com/" "Mozilla/5.0 (Windows NT 10.0; Win64; x64) AppleWebKit/537.36 (KHTML, like Gecko) Chrome/64.0.3282.186 Safari/537.36" 
73.8.132.75 - - [06/Mar/2018:15:28:58 -0800] "GET /GitHub-Mark.png HTTP/1.1" 200 7428 "http://www.secrepo.com/" "Mozilla/5.0 (Windows NT 10.0; Win64; x64) AppleWebKit/537.36 (KHTML, like Gecko) Chrome/64.0.3282.186 Safari/537.36" 
73.8.132.75 - - [06/Mar/2018:15:28:58 -0800] "GET /bootstrap/img/favicon.ico HTTP/1.1" 200 589 "http://www.secrepo.com/" "Mozilla/5.0 (Windows NT 10.0; Win64; x64) AppleWebKit/537.36 (KHTML, like Gecko) Chrome/64.0.3282.186 Safari/537.36" 
52.200.87.95 - - [06/Mar/2018:15:34:11 -0800] "GET /self.logs/?C=N;O=D HTTP/1.1" 200 8727 "-" "BUbiNG (+http://law.di.unimi.it/BUbiNG.html#wc)" 
52.200.87.95 - - [06/Mar/2018:15:34:46 -0800] "GET /self.logs/?C=M;O=A HTTP/1.1" 200 8971 "-" "BUbiNG (+http://law.di.unimi.it/BUbiNG.html#wc)" 
52.200.87.95 - - [06/Mar/2018:15:35:24 -0800] "GET /self.logs/?C=S;O=A HTTP/1.1" 200 9745 "-" "BUbiNG (+http://law.di.unimi.it/BUbiNG.html#wc)" 
52.200.87.95 - - [06/Mar/2018:15:35:59 -0800] "GET /self.logs/?C=D;O=A HTTP/1.1" 200 8669 "-" "BUbiNG (+http://law.di.unimi.it/BUbiNG.html#wc)" 
52.200.87.95 - - [06/Mar/2018:15:36:32 -0800] "GET /self.logs/2015/ HTTP/1.1" 200 7437 "-" "BUbiNG (+http://law.di.unimi.it/BUbiNG.html#wc)" 
52.200.87.95 - - [06/Mar/2018:15:37:05 -0800] "GET /self.logs/2016/ HTTP/1.1" 200 7741 "-" "BUbiNG (+http://law.di.unimi.it/BUbiNG.html#wc)" 
52.200.87.95 - - [06/Mar/2018:15:37:38 -0800] "GET /data HTTP/1.1" 404 340 "-" "BUbiNG (+http://law.di.unimi.it/BUbiNG.html#wc)" 
199.58.86.211 - - [06/Mar/2018:15:39:22 -0800] "GET /robots.txt HTTP/1.1" 200 289 "-" "Mozilla/5.0 (compatible; MJ12bot/v1.4.8; http://mj12bot.com/)" 
199.58.86.211 - - [06/Mar/2018:15:39:23 -0800] "GET / HTTP/1.1" 200 37359 "-" "Mozilla/5.0 (compatible; MJ12bot/v1.4.8; http://mj12bot.com/)" 
89.72.209.255 - - [06/Mar/2018:15:39:29 -0800] "GET /wp-login.php HTTP/1.1" 418 732 "-" "Mozilla/5.0 (Windows NT 6.1; WOW64; rv:40.0) Gecko/20100101 Firefox/40.1" 
89.72.209.255 - - [06/Mar/2018:15:39:29 -0800] "GET / HTTP/1.1" 418 732 "-" "Mozilla/5.0 (Windows NT 6.1; WOW64; rv:40.0) Gecko/20100101 Firefox/40.1" 
52.165.148.51 - - [06/Mar/2018:15:39:42 -0800] "GET / HTTP/1.1" 301 446 "-" "Mozilla/5.0 (Macintosh; Intel Mac OS X 10_13_1) AppleWebKit/604.3.5 (KHTML, like Gecko) Version/11.0.1 Safari/604.3.5" 
52.200.87.95 - - [06/Mar/2018:15:39:50 -0800] "GET /tg/tg_snort_fast.7z HTTP/1.1" 200 2208980 "-" "BUbiNG (+http://law.di.unimi.it/BUbiNG.html#wc)" 
52.200.87.95 - - [06/Mar/2018:15:41:01 -0800] "GET /tg/tg_snort_full.7z HTTP/1.1" 200 2071740 "-" "BUbiNG (+http://law.di.unimi.it/BUbiNG.html#wc)" 
52.200.87.95 - - [06/Mar/2018:15:45:00 -0800] "GET /honeypot/BSidesDFW%20-%202014.ipynb HTTP/1.1" 200 930836 "-" "BUbiNG (+http://law.di.unimi.it/BUbiNG.html#wc)" 
52.200.87.95 - - [06/Mar/2018:15:45:44 -0800] "GET /self.logs/?C=N;O=A HTTP/1.1" 200 8669 "-" "BUbiNG (+http://law.di.unimi.it/BUbiNG.html#wc)" 
52.200.87.95 - - [06/Mar/2018:15:46:29 -0800] "GET /self.logs/?C=M;O=D HTTP/1.1" 200 9067 "-" "BUbiNG (+http://law.di.unimi.it/BUbiNG.html#wc)" 
52.200.87.95 - - [06/Mar/2018:15:47:16 -0800] "GET /self.logs/?C=S;O=D HTTP/1.1" 200 9677 "-" "BUbiNG (+http://law.di.unimi.it/BUbiNG.html#wc)" 
216.244.66.227 - - [06/Mar/2018:15:50:53 -0800] "GET /robots.txt HTTP/1.1" 200 233 "-" "Mozilla/5.0 (compatible; DotBot/1.1; http://www.opensiteexplorer.org/dotbot, help@moz.com)" 
113.171.224.176 - - [06/Mar/2018:15:50:54 -0800] "GET /honeypot/Honeypot%20-%20Howto.pdf HTTP/1.1" 200 46720 "-" "Mozilla/5.0 Gecko/20100115 Firefox/3.6" 
52.200.87.95 - - [06/Mar/2018:15:53:23 -0800] "GET /%22https:/twitter.com/sooshie/%22 HTTP/1.1" 404 340 "-" "BUbiNG (+http://law.di.unimi.it/BUbiNG.html#wc)" 
52.200.87.95 - - [06/Mar/2018:15:54:09 -0800] "GET /%22https:/twitter.com/theroxyd/%22 HTTP/1.1" 404 340 "-" "BUbiNG (+http://law.di.unimi.it/BUbiNG.html#wc)" 
52.200.87.95 - - [06/Mar/2018:15:55:50 -0800] "GET /%22http:/amunhoney.sourceforge.net/%22 HTTP/1.1" 404 340 "-" "BUbiNG (+http://law.di.unimi.it/BUbiNG.html#wc)" 
52.200.87.95 - - [06/Mar/2018:15:56:30 -0800] "GET /%22http:/glastopf.org/%22 HTTP/1.1" 404 340 "-" "BUbiNG (+http://law.di.unimi.it/BUbiNG.html#wc)" 
120.221.0.34 - - [06/Mar/2018:15:56:36 -0800] "GET /honeypot/Honeypot%20-%20Howto.pdf HTTP/1.1" 304 131 "-" "Mozilla/5.0 Gecko/20100115 Firefox/3.6" 
52.200.87.95 - - [06/Mar/2018:15:57:08 -0800] "GET /%22http:/www.maxmind.com/%22 HTTP/1.1" 404 340 "-" "BUbiNG (+http://law.di.unimi.it/BUbiNG.html#wc)" 
216.244.66.227 - - [06/Mar/2018:15:58:04 -0800] "GET /self.logs/error.log.2017-11-22.gz HTTP/1.1" 200 2375 "-" "Mozilla/5.0 (compatible; DotBot/1.1; http://www.opensiteexplorer.org/dotbot, help@moz.com)" 
151.80.39.236 - - [06/Mar/2018:15:58:59 -0800] "GET /robots.txt HTTP/1.1" 200 304 "-" "Mozilla/5.0 (compatible; AhrefsBot/5.2; +http://ahrefs.com/robot/)" 
54.36.148.20 - - [06/Mar/2018:15:59:00 -0800] "GET /self.logs/error.log.2017-09-09.gz HTTP/1.1" 200 911 "-" "Mozilla/5.0 (compatible; AhrefsBot/5.2; +http://ahrefs.com/robot/)" 
52.168.161.70 - - [06/Mar/2018:16:10:13 -0800] "HEAD / HTTP/1.1" 301 253 "https://www.google.com/" "Mozilla/5.0 (compatible; epicbot; +http://www.epictions.com/epicbot)" 
52.168.161.70 - - [06/Mar/2018:16:10:13 -0800] "HEAD / HTTP/1.1" 301 253 "https://www.google.com/" "Mozilla/5.0 (compatible; epicbot; +http://www.epictions.com/epicbot)" 
52.168.161.70 - - [06/Mar/2018:16:10:13 -0800] "HEAD / HTTP/1.1" 301 253 "https://www.google.com/" "Mozilla/5.0 (compatible; epicbot; +http://www.epictions.com/epicbot)" 
52.168.161.70 - - [06/Mar/2018:16:10:13 -0800] "HEAD / HTTP/1.1" 301 253 "https://www.google.com/" "Mozilla/5.0 (compatible; epicbot; +http://www.epictions.com/epicbot)" 
52.168.161.70 - - [06/Mar/2018:16:10:13 -0800] "HEAD / HTTP/1.1" 301 253 "https://www.google.com/" "Mozilla/5.0 (compatible; epicbot; +http://www.epictions.com/epicbot)" 
52.168.161.70 - - [06/Mar/2018:16:10:13 -0800] "HEAD / HTTP/1.1" 301 253 "https://www.google.com/" "Mozilla/5.0 (compatible; epicbot; +http://www.epictions.com/epicbot)" 
52.168.161.70 - - [06/Mar/2018:16:10:13 -0800] "HEAD / HTTP/1.1" 301 253 "https://www.google.com/" "Mozilla/5.0 (compatible; epicbot; +http://www.epictions.com/epicbot)" 
52.168.161.70 - - [06/Mar/2018:16:10:13 -0800] "HEAD / HTTP/1.1" 301 253 "https://www.google.com/" "Mozilla/5.0 (compatible; epicbot; +http://www.epictions.com/epicbot)" 
52.168.161.70 - - [06/Mar/2018:16:10:13 -0800] "HEAD / HTTP/1.1" 301 253 "https://www.google.com/" "Mozilla/5.0 (compatible; epicbot; +http://www.epictions.com/epicbot)" 
52.168.161.70 - - [06/Mar/2018:16:10:13 -0800] "HEAD / HTTP/1.1" 301 253 "https://www.google.com/" "Mozilla/5.0 (compatible; epicbot; +http://www.epictions.com/epicbot)" 
52.168.161.70 - - [06/Mar/2018:16:10:13 -0800] "HEAD / HTTP/1.1" 301 253 "https://www.google.com/" "Mozilla/5.0 (compatible; epicbot; +http://www.epictions.com/epicbot)" 
52.168.161.70 - - [06/Mar/2018:16:10:13 -0800] "HEAD / HTTP/1.1" 301 253 "https://www.google.com/" "Mozilla/5.0 (compatible; epicbot; +http://www.epictions.com/epicbot)" 
52.168.161.70 - - [06/Mar/2018:16:10:13 -0800] "HEAD / HTTP/1.1" 301 253 "https://www.google.com/" "Mozilla/5.0 (compatible; epicbot; +http://www.epictions.com/epicbot)" 
52.168.161.70 - - [06/Mar/2018:16:10:13 -0800] "HEAD / HTTP/1.1" 200 282 "https://www.google.com/" "Mozilla/5.0 (compatible; epicbot; +http://www.epictions.com/epicbot)" 
52.168.161.70 - - [06/Mar/2018:16:10:15 -0800] "HEAD / HTTP/1.1" 301 253 "https://www.google.com/" "Mozilla/5.0 (compatible; epicbot; +http://www.epictions.com/epicbot)" 
52.168.161.70 - - [06/Mar/2018:16:10:15 -0800] "HEAD / HTTP/1.1" 301 253 "https://www.google.com/" "Mozilla/5.0 (compatible; epicbot; +http://www.epictions.com/epicbot)" 
52.168.161.70 - - [06/Mar/2018:16:10:15 -0800] "HEAD / HTTP/1.1" 301 253 "https://www.google.com/" "Mozilla/5.0 (compatible; epicbot; +http://www.epictions.com/epicbot)" 
52.168.161.70 - - [06/Mar/2018:16:10:15 -0800] "HEAD / HTTP/1.1" 301 253 "https://www.google.com/" "Mozilla/5.0 (compatible; epicbot; +http://www.epictions.com/epicbot)" 
52.168.161.70 - - [06/Mar/2018:16:10:15 -0800] "HEAD / HTTP/1.1" 301 253 "https://www.google.com/" "Mozilla/5.0 (compatible; epicbot; +http://www.epictions.com/epicbot)" 
52.168.161.70 - - [06/Mar/2018:16:10:15 -0800] "HEAD / HTTP/1.1" 301 253 "https://www.google.com/" "Mozilla/5.0 (compatible; epicbot; +http://www.epictions.com/epicbot)" 
52.168.161.70 - - [06/Mar/2018:16:10:15 -0800] "HEAD / HTTP/1.1" 301 253 "https://www.google.com/" "Mozilla/5.0 (compatible; epicbot; +http://www.epictions.com/epicbot)" 
52.168.161.70 - - [06/Mar/2018:16:10:15 -0800] "HEAD / HTTP/1.1" 301 253 "https://www.google.com/" "Mozilla/5.0 (compatible; epicbot; +http://www.epictions.com/epicbot)" 
52.168.161.70 - - [06/Mar/2018:16:10:15 -0800] "HEAD / HTTP/1.1" 301 253 "https://www.google.com/" "Mozilla/5.0 (compatible; epicbot; +http://www.epictions.com/epicbot)" 
52.168.161.70 - - [06/Mar/2018:16:10:15 -0800] "HEAD / HTTP/1.1" 301 253 "https://www.google.com/" "Mozilla/5.0 (compatible; epicbot; +http://www.epictions.com/epicbot)" 
52.168.161.70 - - [06/Mar/2018:16:10:15 -0800] "HEAD / HTTP/1.1" 301 253 "https://www.google.com/" "Mozilla/5.0 (compatible; epicbot; +http://www.epictions.com/epicbot)" 
52.168.161.70 - - [06/Mar/2018:16:10:15 -0800] "HEAD / HTTP/1.1" 301 253 "https://www.google.com/" "Mozilla/5.0 (compatible; epicbot; +http://www.epictions.com/epicbot)" 
52.168.161.70 - - [06/Mar/2018:16:10:16 -0800] "HEAD / HTTP/1.1" 301 253 "https://www.google.com/" "Mozilla/5.0 (compatible; epicbot; +http://www.epictions.com/epicbot)" 
52.168.161.70 - - [06/Mar/2018:16:10:16 -0800] "HEAD / HTTP/1.1" 301 253 "https://www.google.com/" "Mozilla/5.0 (compatible; epicbot; +http://www.epictions.com/epicbot)" 
52.168.161.70 - - [06/Mar/2018:16:10:16 -0800] "HEAD / HTTP/1.1" 301 253 "https://www.google.com/" "Mozilla/5.0 (compatible; epicbot; +http://www.epictions.com/epicbot)" 
52.168.161.70 - - [06/Mar/2018:16:10:16 -0800] "HEAD / HTTP/1.1" 301 253 "https://www.google.com/" "Mozilla/5.0 (compatible; epicbot; +http://www.epictions.com/epicbot)" 
52.168.161.70 - - [06/Mar/2018:16:10:16 -0800] "HEAD / HTTP/1.1" 301 253 "https://www.google.com/" "Mozilla/5.0 (compatible; epicbot; +http://www.epictions.com/epicbot)" 
52.168.161.70 - - [06/Mar/2018:16:10:16 -0800] "HEAD / HTTP/1.1" 301 253 "https://www.google.com/" "Mozilla/5.0 (compatible; epicbot; +http://www.epictions.com/epicbot)" 
52.168.161.70 - - [06/Mar/2018:16:10:16 -0800] "HEAD / HTTP/1.1" 301 253 "https://www.google.com/" "Mozilla/5.0 (compatible; epicbot; +http://www.epictions.com/epicbot)" 
52.168.161.70 - - [06/Mar/2018:16:10:16 -0800] "HEAD / HTTP/1.1" 301 253 "https://www.google.com/" "Mozilla/5.0 (compatible; epicbot; +http://www.epictions.com/epicbot)" 
52.168.161.70 - - [06/Mar/2018:16:10:16 -0800] "HEAD / HTTP/1.1" 200 282 "https://www.google.com/" "Mozilla/5.0 (compatible; epicbot; +http://www.epictions.com/epicbot)" 
52.168.161.70 - - [06/Mar/2018:16:10:16 -0800] "HEAD / HTTP/1.1" 200 282 "https://www.google.com/" "Mozilla/5.0 (compatible; epicbot; +http://www.epictions.com/epicbot)" 
52.168.161.70 - - [06/Mar/2018:16:10:16 -0800] "HEAD / HTTP/1.1" 301 253 "https://www.google.com/" "Mozilla/5.0 (compatible; epicbot; +http://www.epictions.com/epicbot)" 
52.168.161.70 - - [06/Mar/2018:16:10:16 -0800] "HEAD / HTTP/1.1" 301 253 "https://www.google.com/" "Mozilla/5.0 (compatible; epicbot; +http://www.epictions.com/epicbot)" 
52.168.161.70 - - [06/Mar/2018:16:10:16 -0800] "HEAD / HTTP/1.1" 301 253 "https://www.google.com/" "Mozilla/5.0 (compatible; epicbot; +http://www.epictions.com/epicbot)" 
52.168.161.70 - - [06/Mar/2018:16:10:16 -0800] "HEAD / HTTP/1.1" 301 253 "https://www.google.com/" "Mozilla/5.0 (compatible; epicbot; +http://www.epictions.com/epicbot)" 
54.36.148.33 - - [06/Mar/2018:16:14:34 -0800] "GET /self.logs/2016/access.log.2016-07-05.gz HTTP/1.1" 200 21071 "-" "Mozilla/5.0 (compatible; AhrefsBot/5.2; +http://ahrefs.com/robot/)" 
66.220.152.132 - - [06/Mar/2018:16:21:03 -0800] "GET /GitHub-Mark.png HTTP/1.1" 200 7428 "-" "facebookexternalhit/1.1" 
102.181.194.40 - - [06/Mar/2018:16:21:20 -0800] "GET /maccdc2012/dns.log.gz HTTP/1.1" 304 154 "-" "Mozilla/5.0 Gecko/20100115 Firefox/3.6" 
173.174.177.173 - - [06/Mar/2018:16:22:43 -0800] "GET / HTTP/1.1" 200 11061 "-" "Mozilla/5.0 (iPad; CPU OS 11_2_6 like Mac OS X) AppleWebKit/604.5.6 (KHTML, like Gecko) Version/11.0 Mobile/15D100 Safari/604.1" 
173.174.177.173 - - [06/Mar/2018:16:22:43 -0800] "GET /twitter-icon.png HTTP/1.1" 200 27787 "http://www.secrepo.com/" "Mozilla/5.0 (iPad; CPU OS 11_2_6 like Mac OS X) AppleWebKit/604.5.6 (KHTML, like Gecko) Version/11.0 Mobile/15D100 Safari/604.1" 
173.174.177.173 - - [06/Mar/2018:16:22:43 -0800] "GET /GitHub-Mark.png HTTP/1.1" 200 7428 "http://www.secrepo.com/" "Mozilla/5.0 (iPad; CPU OS 11_2_6 like Mac OS X) AppleWebKit/604.5.6 (KHTML, like Gecko) Version/11.0 Mobile/15D100 Safari/604.1" 
46.161.9.56 - - [06/Mar/2018:16:26:21 -0800] "GET /honeypot/BSidesDFW%20-%202014.ipynb HTTP/1.0" 200 930799 "http://www.secrepo.com/honeypot/BSidesDFW%20-%202014.ipynb" "Mozilla/5.0 (Windows NT 6.1; WOW64; rv:43.0) Gecko/20100101 Firefox/43.0" 
181.41.86.213 - - [06/Mar/2018:16:30:39 -0800] "GET /wp-login.php HTTP/1.1" 418 732 "-" "Mozilla/5.0 (Windows NT 6.1; WOW64; rv:40.0) Gecko/20100101 Firefox/40.1" 
181.41.86.213 - - [06/Mar/2018:16:30:39 -0800] "GET / HTTP/1.1" 418 732 "-" "Mozilla/5.0 (Windows NT 6.1; WOW64; rv:40.0) Gecko/20100101 Firefox/40.1" 
105.227.240.159 - - [06/Mar/2018:16:31:49 -0800] "GET /wp-login.php HTTP/1.1" 418 732 "-" "Mozilla/5.0 (Windows NT 6.1; WOW64; rv:40.0) Gecko/20100101 Firefox/40.1" 
105.227.240.159 - - [06/Mar/2018:16:31:49 -0800] "GET / HTTP/1.1" 418 732 "-" "Mozilla/5.0 (Windows NT 6.1; WOW64; rv:40.0) Gecko/20100101 Firefox/40.1" 
96.230.90.62 - - [06/Mar/2018:16:44:22 -0800] "GET / HTTP/1.1" 200 11061 "https://www.google.com/" "Mozilla/5.0 (Macintosh; Intel Mac OS X 10_13_3) AppleWebKit/537.36 (KHTML, like Gecko) Chrome/64.0.3282.167 Safari/537.36" 
96.230.90.62 - - [06/Mar/2018:16:44:23 -0800] "GET /twitter-icon.png HTTP/1.1" 200 27787 "http://www.secrepo.com/" "Mozilla/5.0 (Macintosh; Intel Mac OS X 10_13_3) AppleWebKit/537.36 (KHTML, like Gecko) Chrome/64.0.3282.167 Safari/537.36" 
96.230.90.62 - - [06/Mar/2018:16:44:23 -0800] "GET /GitHub-Mark.png HTTP/1.1" 200 7428 "http://www.secrepo.com/" "Mozilla/5.0 (Macintosh; Intel Mac OS X 10_13_3) AppleWebKit/537.36 (KHTML, like Gecko) Chrome/64.0.3282.167 Safari/537.36" 
47.74.18.146 - - [06/Mar/2018:16:45:02 -0800] "GET / HTTP/1.1" 200 11061 "https://www.google.co.jp/" "Mozilla/5.0 (Linux; Android 7.0; HUAWEI MLA-AL10 Build/HUAWEIMLA-AL10) AppleWebKit/537.36 (KHTML, like Gecko) Chrome/64.0.3282.137 Mobile Safari/537.36" 
47.74.18.146 - - [06/Mar/2018:16:45:03 -0800] "GET /twitter-icon.png HTTP/1.1" 200 27787 "http://www.secrepo.com/" "Mozilla/5.0 (Linux; Android 7.0; HUAWEI MLA-AL10 Build/HUAWEIMLA-AL10) AppleWebKit/537.36 (KHTML, like Gecko) Chrome/64.0.3282.137 Mobile Safari/537.36" 
47.74.18.146 - - [06/Mar/2018:16:45:03 -0800] "GET /GitHub-Mark.png HTTP/1.1" 200 7428 "http://www.secrepo.com/" "Mozilla/5.0 (Linux; Android 7.0; HUAWEI MLA-AL10 Build/HUAWEIMLA-AL10) AppleWebKit/537.36 (KHTML, like Gecko) Chrome/64.0.3282.137 Mobile Safari/537.36" 
47.74.18.146 - - [06/Mar/2018:16:45:13 -0800] "GET /bootstrap/img/favicon.ico HTTP/1.1" 200 590 "http://www.secrepo.com/" "Mozilla/5.0 (Linux; Android 7.0; HUAWEI MLA-AL10 Build/HUAWEIMLA-AL10) AppleWebKit/537.36 (KHTML, like Gecko) Chrome/64.0.3282.137 Mobile Safari/537.36" 
157.55.39.226 - - [06/Mar/2018:16:45:55 -0800] "GET /self.logs/error.log.2017-05-30.gz HTTP/1.1" 200 842 "-" "Mozilla/5.0 (compatible; bingbot/2.0; +http://www.bing.com/bingbot.htm)" 
47.74.18.146 - - [06/Mar/2018:16:47:25 -0800] "GET /twitter-icon.png HTTP/1.1" 200 27788 "-" "Evernote Android/7.16_2280.1080808 (zh_CN); Android/7.0; HUAWEI MLA-AL10/24;" 
47.74.18.146 - - [06/Mar/2018:16:47:26 -0800] "GET /GitHub-Mark.png HTTP/1.1" 200 7427 "-" "Evernote Android/7.16_2280.1080808 (zh_CN); Android/7.0; HUAWEI MLA-AL10/24;" 
54.36.148.198 - - [06/Mar/2018:16:48:04 -0800] "GET /self.logs/access.log.2016-08-17.gz HTTP/1.1" 404 284 "-" "Mozilla/5.0 (compatible; AhrefsBot/5.2; +http://ahrefs.com/robot/)" 
113.171.224.176 - - [06/Mar/2018:16:50:56 -0800] "GET /honeypot/Honeypot%20-%20Howto.pdf HTTP/1.1" 200 46720 "-" "Mozilla/5.0 Gecko/20100115 Firefox/3.6" 
54.36.148.197 - - [06/Mar/2018:17:03:08 -0800] "GET /self.logs/error.log.2015-02-16.gz HTTP/1.1" 404 284 "-" "Mozilla/5.0 (compatible; AhrefsBot/5.2; +http://ahrefs.com/robot/)" 
46.119.126.51 - - [06/Mar/2018:17:12:55 -0800] "GET / HTTP/1.1" 200 37359 "https://natprof.ru/" "Mozilla/4.0 (compatible; MSIE 6.0; Windows NT 5.0; KTXN)" 
71.163.174.107 - - [06/Mar/2018:17:13:33 -0800] "GET / HTTP/1.1" 200 11061 "https://www.google.com/" "Mozilla/5.0 (Linux; Android 7.0; SM-G920T Build/NRD90M) AppleWebKit/537.36 (KHTML, like Gecko) Chrome/64.0.3282.137 Mobile Safari/537.36" 
71.163.174.107 - - [06/Mar/2018:17:13:33 -0800] "GET /twitter-icon.png HTTP/1.1" 200 27787 "http://www.secrepo.com/" "Mozilla/5.0 (Linux; Android 7.0; SM-G920T Build/NRD90M) AppleWebKit/537.36 (KHTML, like Gecko) Chrome/64.0.3282.137 Mobile Safari/537.36" 
71.163.174.107 - - [06/Mar/2018:17:13:33 -0800] "GET /GitHub-Mark.png HTTP/1.1" 200 7428 "http://www.secrepo.com/" "Mozilla/5.0 (Linux; Android 7.0; SM-G920T Build/NRD90M) AppleWebKit/537.36 (KHTML, like Gecko) Chrome/64.0.3282.137 Mobile Safari/537.36" 
71.163.174.107 - - [06/Mar/2018:17:13:35 -0800] "GET /bootstrap/img/favicon.ico HTTP/1.1" 200 589 "http://www.secrepo.com/" "Mozilla/5.0 (Linux; Android 7.0; SM-G920T Build/NRD90M) AppleWebKit/537.36 (KHTML, like Gecko) Chrome/64.0.3282.137 Mobile Safari/537.36" 
119.75.17.194 - - [06/Mar/2018:17:15:11 -0800] "GET /wp-login.php HTTP/1.1" 418 732 "-" "Mozilla/5.0 (Windows NT 6.1; WOW64; rv:40.0) Gecko/20100101 Firefox/40.1" 
119.75.17.194 - - [06/Mar/2018:17:15:11 -0800] "GET / HTTP/1.1" 418 732 "-" "Mozilla/5.0 (Windows NT 6.1; WOW64; rv:40.0) Gecko/20100101 Firefox/40.1" 
211.66.119.90 - - [06/Mar/2018:17:15:45 -0800] "GET / HTTP/1.1" 200 11061 "-" "Mozilla/5.0 (Windows NT 6.1; WOW64) AppleWebKit/537.36 (KHTML, like Gecko) Chrome/55.0.2883.87 Safari/537.36" 
211.66.119.90 - - [06/Mar/2018:17:15:49 -0800] "GET /twitter-icon.png HTTP/1.1" 200 27788 "http://www.secrepo.com/" "Mozilla/5.0 (Windows NT 6.1; WOW64) AppleWebKit/537.36 (KHTML, like Gecko) Chrome/55.0.2883.87 Safari/537.36" 
211.66.119.90 - - [06/Mar/2018:17:15:49 -0800] "GET /GitHub-Mark.png HTTP/1.1" 200 7428 "http://www.secrepo.com/" "Mozilla/5.0 (Windows NT 6.1; WOW64) AppleWebKit/537.36 (KHTML, like Gecko) Chrome/55.0.2883.87 Safari/537.36" 
211.66.119.90 - - [06/Mar/2018:17:15:56 -0800] "GET /bootstrap/img/favicon.ico HTTP/1.1" 200 590 "http://www.secrepo.com/" "Mozilla/5.0 (Windows NT 6.1; WOW64) AppleWebKit/537.36 (KHTML, like Gecko) Chrome/55.0.2883.87 Safari/537.36" 
68.200.139.251 - - [06/Mar/2018:17:18:37 -0800] "GET /maccdc2012/conn.log.gz HTTP/1.1" 200 68641219 "-" "Mozilla/5.0 (Macintosh; Intel Mac OS X 10_13_3) AppleWebKit/537.36 (KHTML, like Gecko) Chrome/64.0.3282.186 Safari/537.36" 
80.248.227.208 - - [06/Mar/2018:17:21:30 -0800] "GET /robots.txt HTTP/1.1" 301 462 "-" "CipaCrawler/3.0 (info@domaincrawler.com; http://www.domaincrawler.com/secrepo.com)" 
80.248.227.208 - - [06/Mar/2018:17:21:30 -0800] "GET / HTTP/1.1" 301 461 "-" "CipaCrawler/3.0 (info@domaincrawler.com; http://www.domaincrawler.com/secrepo.com)" 
80.248.227.208 - - [06/Mar/2018:17:21:30 -0800] "GET / HTTP/1.1" 200 37404 "-" "CipaCrawler/3.0 (info@domaincrawler.com; http://www.domaincrawler.com/secrepo.com)" 
202.43.148.189 - - [06/Mar/2018:17:25:53 -0800] "GET / HTTP/1.1" 301 483 "http://www.freebuf.com/articles/network/131279.html" "Mozilla/5.0 (Windows NT 10.0; WOW64) AppleWebKit/537.36 (KHTML, like Gecko) Chrome/55.0.2883.87 Safari/537.36" 
202.43.148.189 - - [06/Mar/2018:17:25:54 -0800] "GET / HTTP/1.1" 200 11061 "http://www.freebuf.com/articles/network/131279.html" "Mozilla/5.0 (Windows NT 10.0; WOW64) AppleWebKit/537.36 (KHTML, like Gecko) Chrome/55.0.2883.87 Safari/537.36" 
202.43.148.189 - - [06/Mar/2018:17:25:55 -0800] "GET /GitHub-Mark.png HTTP/1.1" 200 7428 "http://www.secrepo.com/" "Mozilla/5.0 (Windows NT 10.0; WOW64) AppleWebKit/537.36 (KHTML, like Gecko) Chrome/55.0.2883.87 Safari/537.36" 
202.43.148.189 - - [06/Mar/2018:17:25:55 -0800] "GET /twitter-icon.png HTTP/1.1" 200 27787 "http://www.secrepo.com/" "Mozilla/5.0 (Windows NT 10.0; WOW64) AppleWebKit/537.36 (KHTML, like Gecko) Chrome/55.0.2883.87 Safari/537.36" 
202.43.148.189 - - [06/Mar/2018:17:25:58 -0800] "GET /bootstrap/img/favicon.ico HTTP/1.1" 200 590 "http://www.secrepo.com/" "Mozilla/5.0 (Windows NT 10.0; WOW64) AppleWebKit/537.36 (KHTML, like Gecko) Chrome/55.0.2883.87 Safari/537.36" 
189.33.130.31 - - [06/Mar/2018:17:27:55 -0800] "GET / HTTP/1.1" 200 11061 "http://www.covert.io/" "Mozilla/5.0 (X11; Linux x86_64) AppleWebKit/537.36 (KHTML, like Gecko) Ubuntu Chromium/64.0.3282.167 Chrome/64.0.3282.167 Safari/537.36" 
189.33.130.31 - - [06/Mar/2018:17:27:55 -0800] "GET /twitter-icon.png HTTP/1.1" 200 27787 "http://www.secrepo.com/" "Mozilla/5.0 (X11; Linux x86_64) AppleWebKit/537.36 (KHTML, like Gecko) Ubuntu Chromium/64.0.3282.167 Chrome/64.0.3282.167 Safari/537.36" 
189.33.130.31 - - [06/Mar/2018:17:27:56 -0800] "GET /GitHub-Mark.png HTTP/1.1" 200 7428 "http://www.secrepo.com/" "Mozilla/5.0 (X11; Linux x86_64) AppleWebKit/537.36 (KHTML, like Gecko) Ubuntu Chromium/64.0.3282.167 Chrome/64.0.3282.167 Safari/537.36" 
189.33.130.31 - - [06/Mar/2018:17:27:56 -0800] "GET /bootstrap/img/favicon.ico HTTP/1.1" 200 589 "http://www.secrepo.com/" "Mozilla/5.0 (X11; Linux x86_64) AppleWebKit/537.36 (KHTML, like Gecko) Ubuntu Chromium/64.0.3282.167 Chrome/64.0.3282.167 Safari/537.36" 
109.125.18.84 - - [06/Mar/2018:17:29:03 -0800] "GET / HTTP/1.1" 200 11061 "https://www.google.ie/" "Mozilla/5.0 (X11; Ubuntu; Linux x86_64; rv:58.0) Gecko/20100101 Firefox/58.0" 
109.125.18.84 - - [06/Mar/2018:17:29:03 -0800] "GET /GitHub-Mark.png HTTP/1.1" 200 7427 "http://www.secrepo.com/" "Mozilla/5.0 (X11; Ubuntu; Linux x86_64; rv:58.0) Gecko/20100101 Firefox/58.0" 
109.125.18.84 - - [06/Mar/2018:17:29:03 -0800] "GET /bootstrap/img/favicon.ico HTTP/1.1" 200 589 "-" "Mozilla/5.0 (X11; Ubuntu; Linux x86_64; rv:58.0) Gecko/20100101 Firefox/58.0" 
109.125.18.84 - - [06/Mar/2018:17:29:12 -0800] "GET /maccdc2012/maccdc2012_fast_alert.7z HTTP/1.1" 200 9478149 "http://www.secrepo.com/" "Mozilla/5.0 (X11; Ubuntu; Linux x86_64; rv:58.0) Gecko/20100101 Firefox/58.0" 
109.125.18.84 - - [06/Mar/2018:17:29:30 -0800] "GET /auth.log/auth.log.gz HTTP/1.1" 200 554524 "http://www.secrepo.com/" "Mozilla/5.0 (X11; Ubuntu; Linux x86_64; rv:58.0) Gecko/20100101 Firefox/58.0" 
109.125.18.84 - - [06/Mar/2018:17:29:25 -0800] "GET /squid/access.log.gz HTTP/1.1" 200 23177322 "http://www.secrepo.com/" "Mozilla/5.0 (X11; Ubuntu; Linux x86_64; rv:58.0) Gecko/20100101 Firefox/58.0" 
109.125.18.84 - - [06/Mar/2018:17:29:38 -0800] "GET /favicon.ico HTTP/1.1" 200 268 "-" "Mozilla/5.0 (X11; Ubuntu; Linux x86_64; rv:58.0) Gecko/20100101 Firefox/58.0" 
38.99.50.98 - - [06/Mar/2018:17:32:12 -0800] "GET /bootstrap/img/favicon.ico HTTP/1.1" 200 590 "-" "Mozilla/5.0 (Macintosh; Intel Mac OS X 10.13; rv:58.0) Gecko/20100101 Firefox/58.0" 
157.55.39.226 - - [06/Mar/2018:17:34:01 -0800] "GET /self.logs/access.log.2017-11-19.gz HTTP/1.1" 200 27714 "-" "Mozilla/5.0 (compatible; bingbot/2.0; +http://www.bing.com/bingbot.htm)" 
52.165.148.51 - - [06/Mar/2018:17:34:37 -0800] "GET / HTTP/1.1" 301 446 "-" "Mozilla/5.0 (Macintosh; Intel Mac OS X 10_13_1) AppleWebKit/537.36 (KHTML, like Gecko) Chrome/62.0.3202.94 Safari/537.36" 
66.249.64.159 - - [06/Mar/2018:17:36:56 -0800] "GET / HTTP/1.1" 200 11061 "-" "Mozilla/5.0 (Linux; Android 6.0.1; Nexus 5X Build/MMB29P) AppleWebKit/537.36 (KHTML, like Gecko) Chrome/41.0.2272.96 Mobile Safari/537.36 (compatible; Googlebot/2.1; +http://www.google.com/bot.html)" 
24.211.218.2 - - [06/Mar/2018:17:39:37 -0800] "GET /bootstrap/img/favicon.ico HTTP/1.1" 200 590 "-" "Mozilla/5.0 (Windows NT 6.1; Win64; x64; rv:58.0) Gecko/20100101 Firefox/58.0" 
24.211.218.2 - - [06/Mar/2018:17:39:38 -0800] "GET / HTTP/1.1" 200 11060 "https://www.google.com/" "Mozilla/5.0 (Windows NT 6.1; Win64; x64; rv:58.0) Gecko/20100101 Firefox/58.0" 
24.211.218.2 - - [06/Mar/2018:17:39:38 -0800] "GET /twitter-icon.png HTTP/1.1" 200 27787 "http://www.secrepo.com/" "Mozilla/5.0 (Windows NT 6.1; Win64; x64; rv:58.0) Gecko/20100101 Firefox/58.0" 
24.211.218.2 - - [06/Mar/2018:17:39:39 -0800] "GET /GitHub-Mark.png HTTP/1.1" 200 7427 "http://www.secrepo.com/" "Mozilla/5.0 (Windows NT 6.1; Win64; x64; rv:58.0) Gecko/20100101 Firefox/58.0" 
66.249.64.129 - - [06/Mar/2018:17:40:32 -0800] "GET / HTTP/1.1" 200 11061 "-" "Mozilla/5.0 (compatible; Googlebot/2.1; +http://www.google.com/bot.html)" 
54.36.148.113 - - [06/Mar/2018:17:42:48 -0800] "GET /self.logs/2016/error.log.2016-12-19.gz HTTP/1.1" 200 629 "-" "Mozilla/5.0 (compatible; AhrefsBot/5.2; +http://ahrefs.com/robot/)" 
207.46.13.1 - - [06/Mar/2018:17:46:48 -0800] "GET / HTTP/1.1" 200 11061 "-" "Mozilla/5.0 (compatible; bingbot/2.0; +http://www.bing.com/bingbot.htm)" 
14.215.176.17 - - [06/Mar/2018:17:47:24 -0800] "GET /&wd=test HTTP/1.1" 404 340 "http://www.baidu.com/s?wd=VCC" "Mozilla/5.0 (Windows NT 6.1; WOW64; rv:43.0) Gecko/20100101 Firefox/43.0" 
111.193.0.55 - - [06/Mar/2018:17:49:29 -0800] "GET /honeypot/BSidesDFW%20-%202014.ipynb HTTP/1.1" 200 930836 "-" "Mozilla/4.0 (compatible; MSIE 6.0; Windows NT 5.1)" 
111.193.0.55 - - [06/Mar/2018:17:50:03 -0800] "GET /honeypot/BSidesDFW%20-%202014.ipynb HTTP/1.1" 200 930780 "-" "Mozilla/4.0 (compatible; MSIE 6.0; Windows NT 5.1)" 
113.171.224.176 - - [06/Mar/2018:17:50:58 -0800] "GET /honeypot/Honeypot%20-%20Howto.pdf HTTP/1.1" 200 46720 "-" "Mozilla/5.0 Gecko/20100115 Firefox/3.6" 
162.210.196.98 - - [06/Mar/2018:17:53:56 -0800] "GET /robots.txt HTTP/1.1" 200 289 "-" "Mozilla/5.0 (compatible; MJ12bot/v1.4.8; http://mj12bot.com/)" 
162.210.196.98 - - [06/Mar/2018:17:54:01 -0800] "GET / HTTP/1.1" 200 37359 "-" "Mozilla/5.0 (compatible; MJ12bot/v1.4.8; http://mj12bot.com/)" 
46.193.64.16 - - [06/Mar/2018:17:55:16 -0800] "GET / HTTP/1.1" 200 11061 "https://www.google.fr/" "Mozilla/5.0 (Windows NT 6.1; Win64; x64; rv:58.0) Gecko/20100101 Firefox/58.0" 
46.193.64.16 - - [06/Mar/2018:17:55:16 -0800] "GET /twitter-icon.png HTTP/1.1" 200 27787 "http://www.secrepo.com/" "Mozilla/5.0 (Windows NT 6.1; Win64; x64; rv:58.0) Gecko/20100101 Firefox/58.0" 
46.193.64.16 - - [06/Mar/2018:17:55:16 -0800] "GET /GitHub-Mark.png HTTP/1.1" 200 7428 "http://www.secrepo.com/" "Mozilla/5.0 (Windows NT 6.1; Win64; x64; rv:58.0) Gecko/20100101 Firefox/58.0" 
46.193.64.16 - - [06/Mar/2018:17:55:16 -0800] "GET /bootstrap/img/favicon.ico HTTP/1.1" 200 589 "-" "Mozilla/5.0 (Windows NT 6.1; Win64; x64; rv:58.0) Gecko/20100101 Firefox/58.0" 
54.36.148.95 - - [06/Mar/2018:17:59:18 -0800] "GET /self.logs/2016/error.log.2016-01-31.gz HTTP/1.1" 200 566 "-" "Mozilla/5.0 (compatible; AhrefsBot/5.2; +http://ahrefs.com/robot/)" 
66.249.93.93 - - [06/Mar/2018:18:00:14 -0800] "GET / HTTP/1.1" 200 11061 "-" "Mozilla/5.0 (X11; Linux x86_64) AppleWebKit/537.36 (KHTML, like Gecko) Chrome/49.0.2623.75 Safari/537.36 Google Favicon" 
66.249.93.93 - - [06/Mar/2018:18:00:15 -0800] "GET /bootstrap/img/favicon.ico HTTP/1.1" 200 589 "-" "Mozilla/5.0 (X11; Linux x86_64) AppleWebKit/537.36 (KHTML, like Gecko) Chrome/49.0.2623.75 Safari/537.36 Google Favicon" 
120.221.1.28 - - [06/Mar/2018:18:00:55 -0800] "GET /maccdc2012/files.log.gz HTTP/1.1" 304 155 "-" "Mozilla/5.0 Gecko/20100115 Firefox/3.6" 
211.9.51.145 - - [06/Mar/2018:18:06:51 -0800] "GET / HTTP/1.1" 200 11061 "-" "Mozilla/5.0 (Windows NT 10.0; Win64; x64) AppleWebKit/537.36 (KHTML, like Gecko) Chrome/56.0.2924.87 Safari/537.36" 
211.9.51.145 - - [06/Mar/2018:18:06:51 -0800] "GET /twitter-icon.png HTTP/1.1" 200 27787 "-" "Mozilla/5.0 (Windows NT 10.0; Win64; x64) AppleWebKit/537.36 (KHTML, like Gecko) Chrome/56.0.2924.87 Safari/537.36" 
211.9.51.145 - - [06/Mar/2018:18:06:51 -0800] "GET /GitHub-Mark.png HTTP/1.1" 200 7428 "-" "Mozilla/5.0 (Windows NT 10.0; Win64; x64) AppleWebKit/537.36 (KHTML, like Gecko) Chrome/56.0.2924.87 Safari/537.36" 
38.132.124.59 - - [06/Mar/2018:18:08:46 -0800] "GET / HTTP/1.1" 200 11061 "-" "Mozilla/5.0 (Windows NT 10.0; Win64; x64; rv:58.0) Gecko/20100101 Firefox/58.0" 
38.132.124.59 - - [06/Mar/2018:18:08:46 -0800] "GET /GitHub-Mark.png HTTP/1.1" 200 7427 "http://www.secrepo.com/" "Mozilla/5.0 (Windows NT 10.0; Win64; x64; rv:58.0) Gecko/20100101 Firefox/58.0" 
54.173.74.84 - - [06/Mar/2018:18:12:32 -0800] "GET /robots.txt HTTP/1.1" 200 334 "-" "BUbiNG (+http://law.di.unimi.it/BUbiNG.html#wc)" 
54.173.74.84 - - [06/Mar/2018:18:13:04 -0800] "GET / HTTP/1.1" 200 11061 "-" "BUbiNG (+http://law.di.unimi.it/BUbiNG.html#wc)" 
100.43.85.128 - - [06/Mar/2018:18:13:07 -0800] "GET /robots.txt HTTP/1.1" 200 289 "-" "Mozilla/5.0 (compatible; YandexBot/3.0; +http://yandex.com/bots)" 
100.43.85.128 - - [06/Mar/2018:18:13:10 -0800] "GET /bootstrap/img/favicon.ico HTTP/1.1" 200 590 "-" "Mozilla/5.0 (compatible; YandexBot/3.0; +http://yandex.com/bots)" 
46.119.126.51 - - [06/Mar/2018:18:13:35 -0800] "GET / HTTP/1.1" 200 37359 "http://rieltor.crimea.ua/" "Mozilla/4.0 (compatible; MSIE 6.0; Windows NT 5.1; .NET CLR 1.0.3705)" 
46.119.126.51 - - [06/Mar/2018:18:13:36 -0800] "GET / HTTP/1.1" 200 37359 "http://rieltor.crimea.ua/" "Mozilla/4.0 (compatible; MSIE 6.0; Windows NT 5.1; .NET CLR 1.0.3705)" 
54.173.74.84 - - [06/Mar/2018:18:14:53 -0800] "GET /data HTTP/1.1" 404 340 "-" "BUbiNG (+http://law.di.unimi.it/BUbiNG.html#wc)" 
54.173.74.84 - - [06/Mar/2018:18:15:23 -0800] "GET /maccdc2012/maccdc2012_fast_alert.7z HTTP/1.1" 200 2352060 "-" "BUbiNG (+http://law.di.unimi.it/BUbiNG.html#wc)" 
54.173.74.84 - - [06/Mar/2018:18:15:54 -0800] "GET /maccdc2012/maccdc2012_full_alert.7z HTTP/1.1" 200 2216280 "-" "BUbiNG (+http://law.di.unimi.it/BUbiNG.html#wc)" 
54.173.74.84 - - [06/Mar/2018:18:16:24 -0800] "GET /tg/tg_snort_fast.7z HTTP/1.1" 200 2274680 "-" "BUbiNG (+http://law.di.unimi.it/BUbiNG.html#wc)" 
54.236.52.82 - - [06/Mar/2018:18:17:24 -0800] "GET /robots.txt HTTP/1.1" 301 502 "-" "BUbiNG (+http://law.di.unimi.it/BUbiNG.html#wc)" 
54.236.52.82 - - [06/Mar/2018:18:17:24 -0800] "GET /robots.txt HTTP/1.1" 200 334 "-" "BUbiNG (+http://law.di.unimi.it/BUbiNG.html#wc)" 
54.236.52.82 - - [06/Mar/2018:18:17:56 -0800] "GET / HTTP/1.1" 301 483 "-" "BUbiNG (+http://law.di.unimi.it/BUbiNG.html#wc)" 
211.9.51.145 - - [06/Mar/2018:18:19:40 -0800] "GET / HTTP/1.1" 200 11061 "-" "Mozilla/5.0 (Windows NT 10.0; Win64; x64) AppleWebKit/537.36 (KHTML, like Gecko) Chrome/58.0.3029.110 Safari/537.36 Edge/16.16299" 
211.9.51.145 - - [06/Mar/2018:18:19:40 -0800] "GET /bootstrap/img/favicon.ico HTTP/1.1" 200 589 "-" "Mozilla/5.0 (Windows NT 10.0; Win64; x64) AppleWebKit/537.36 (KHTML, like Gecko) Chrome/58.0.3029.110 Safari/537.36 Edge/16.16299" 
54.173.74.84 - - [06/Mar/2018:18:20:34 -0800] "GET /tg/tg_snort_full.7z HTTP/1.1" 200 2224422 "-" "BUbiNG (+http://law.di.unimi.it/BUbiNG.html#wc)" 
14.17.3.65 - - [06/Mar/2018:18:20:59 -0800] "GET / HTTP/1.1" 200 11024 "-" "Mozilla/5.0 (iPhone; CPU iPhone OS 9_3_4 like Mac OS X) AppleWebKit/601.1.46 (KHTML, like Gecko) Mobile/13G35 QQ/6.5.3.410 V1_IPH_SQ_6.5.3_1_APP_A Pixel/750 Core/UIWebView NetType/2G Mem/117" 
54.173.74.84 - - [06/Mar/2018:18:21:18 -0800] "GET /self.logs/ HTTP/1.1" 200 8669 "-" "BUbiNG (+http://law.di.unimi.it/BUbiNG.html#wc)" 
153.156.253.42 - - [06/Mar/2018:18:21:26 -0800] "GET / HTTP/1.1" 200 11061 "http://www.google.co.jp/url?sa=t&rct=j&q=&esrc=s&source=web&cd=2&ved=0ahUKEwj1_ti0k9nZAhXKnpQKHR3mARoQFggvMAE&url=http%3A%2F%2Fwww.secrepo.com%2F&usg=AOvVaw0jIonH_9-JWfo0lP0X5Pvo" "Mozilla/5.0 (Windows NT 6.3; WOW64; Trident/7.0; rv:11.0) like Gecko" 
153.156.253.42 - - [06/Mar/2018:18:21:27 -0800] "GET /GitHub-Mark.png HTTP/1.1" 200 7427 "http://www.secrepo.com/" "Mozilla/5.0 (Windows NT 6.3; WOW64; Trident/7.0; rv:11.0) like Gecko" 
153.156.253.42 - - [06/Mar/2018:18:21:27 -0800] "GET /twitter-icon.png HTTP/1.1" 200 27788 "http://www.secrepo.com/" "Mozilla/5.0 (Windows NT 6.3; WOW64; Trident/7.0; rv:11.0) like Gecko" 
54.173.74.84 - - [06/Mar/2018:18:21:49 -0800] "GET /honeypot/BSidesDFW%20-%202014.ipynb HTTP/1.1" 200 930836 "-" "BUbiNG (+http://law.di.unimi.it/BUbiNG.html#wc)" 
54.173.74.84 - - [06/Mar/2018:18:24:40 -0800] "GET /self.logs/?C=N;O=D HTTP/1.1" 200 8727 "-" "BUbiNG (+http://law.di.unimi.it/BUbiNG.html#wc)" 
211.9.51.145 - - [06/Mar/2018:18:19:44 -0800] "GET /maccdc2012/conn.log.gz HTTP/1.1" 200 551041635 "-" "Mozilla/5.0 (Windows NT 10.0; Win64; x64) AppleWebKit/537.36 (KHTML, like Gecko) Chrome/58.0.3029.110 Safari/537.36 Edge/16.16299" 
54.173.74.84 - - [06/Mar/2018:18:25:15 -0800] "GET /self.logs/?C=M;O=A HTTP/1.1" 200 8971 "-" "BUbiNG (+http://law.di.unimi.it/BUbiNG.html#wc)" 
54.173.74.84 - - [06/Mar/2018:18:25:45 -0800] "GET /self.logs/?C=S;O=A HTTP/1.1" 200 9745 "-" "BUbiNG (+http://law.di.unimi.it/BUbiNG.html#wc)" 
54.173.74.84 - - [06/Mar/2018:18:26:15 -0800] "GET /self.logs/?C=D;O=A HTTP/1.1" 200 8669 "-" "BUbiNG (+http://law.di.unimi.it/BUbiNG.html#wc)" 
210.189.86.4 - - [06/Mar/2018:18:26:32 -0800] "GET / HTTP/1.1" 200 37415 "-" "Mozilla/5.0 (compatible; Webliobot/0.1; +http://www.weblio.jp/info/crawler.jsp)" 
54.173.74.84 - - [06/Mar/2018:18:28:16 -0800] "GET /self.logs/2015/ HTTP/1.1" 200 7437 "-" "BUbiNG (+http://law.di.unimi.it/BUbiNG.html#wc)" 
54.173.74.84 - - [06/Mar/2018:18:29:01 -0800] "GET /self.logs/2016/ HTTP/1.1" 200 7741 "-" "BUbiNG (+http://law.di.unimi.it/BUbiNG.html#wc)" 
54.173.74.84 - - [06/Mar/2018:18:29:33 -0800] "GET /%22https:/twitter.com/sooshie/%22 HTTP/1.1" 404 340 "-" "BUbiNG (+http://law.di.unimi.it/BUbiNG.html#wc)" 
52.212.146.96 - - [06/Mar/2018:18:30:02 -0800] "GET /self.logs/access.log.2018-02-28.gz HTTP/1.1" 200 24590 "-" "python-requests/2.12.1" 
52.212.146.96 - - [06/Mar/2018:18:30:02 -0800] "GET /self.logs/access.log.2018-03-01.gz HTTP/1.1" 200 23759 "-" "python-requests/2.12.1" 
52.212.146.96 - - [06/Mar/2018:18:30:03 -0800] "GET /self.logs/access.log.2018-03-02.gz HTTP/1.1" 200 16422 "-" "python-requests/2.12.1" 
52.212.146.96 - - [06/Mar/2018:18:30:03 -0800] "GET /self.logs/access.log.2018-03-03.gz HTTP/1.1" 200 16547 "-" "python-requests/2.12.1" 
52.212.146.96 - - [06/Mar/2018:18:30:03 -0800] "GET /self.logs/access.log.2018-03-04.gz HTTP/1.1" 404 340 "-" "python-requests/2.12.1" 
52.212.146.96 - - [06/Mar/2018:18:30:04 -0800] "GET /self.logs/access.log.2018-03-05.gz HTTP/1.1" 404 340 "-" "python-requests/2.12.1" 
52.212.146.96 - - [06/Mar/2018:18:30:04 -0800] "GET /self.logs/access.log.2018-03-06.gz HTTP/1.1" 404 340 "-" "python-requests/2.12.1" 
54.173.74.84 - - [06/Mar/2018:18:32:00 -0800] "GET /%22https:/twitter.com/theroxyd/%22 HTTP/1.1" 404 340 "-" "BUbiNG (+http://law.di.unimi.it/BUbiNG.html#wc)" 
54.173.74.84 - - [06/Mar/2018:18:32:38 -0800] "GET /%22http:/amunhoney.sourceforge.net/%22 HTTP/1.1" 404 340 "-" "BUbiNG (+http://law.di.unimi.it/BUbiNG.html#wc)" 
54.173.74.84 - - [06/Mar/2018:18:34:18 -0800] "GET /%22http:/glastopf.org/%22 HTTP/1.1" 404 340 "-" "BUbiNG (+http://law.di.unimi.it/BUbiNG.html#wc)" 
54.173.74.84 - - [06/Mar/2018:18:34:53 -0800] "GET /%22http:/www.maxmind.com/%22 HTTP/1.1" 404 340 "-" "BUbiNG (+http://law.di.unimi.it/BUbiNG.html#wc)" 
54.173.74.84 - - [06/Mar/2018:18:35:28 -0800] "GET /self.logs/?C=N;O=A HTTP/1.1" 200 8669 "-" "BUbiNG (+http://law.di.unimi.it/BUbiNG.html#wc)" 
54.36.148.164 - - [06/Mar/2018:18:36:37 -0800] "GET /self.logs/2016/access.log.2016-10-21.gz HTTP/1.1" 200 58524 "-" "Mozilla/5.0 (compatible; AhrefsBot/5.2; +http://ahrefs.com/robot/)" 
58.16.27.217 - - [06/Mar/2018:18:36:56 -0800] "GET /favicon.ico HTTP/1.1" 304 163 "-" "Mozilla/5.0 (Windows NT 6.1; WOW64) AppleWebKit/537.36 (KHTML, like Gecko) Chrome/57.0.2987.98 Safari/537.36 LBBROWSER" 
54.173.74.84 - - [06/Mar/2018:18:39:48 -0800] "GET /self.logs/?C=M;O=D HTTP/1.1" 200 9067 "-" "BUbiNG (+http://law.di.unimi.it/BUbiNG.html#wc)" 
54.173.74.84 - - [06/Mar/2018:18:40:26 -0800] "GET /self.logs/?C=S;O=D HTTP/1.1" 200 9677 "-" "BUbiNG (+http://law.di.unimi.it/BUbiNG.html#wc)" 
54.173.74.84 - - [06/Mar/2018:18:40:58 -0800] "GET /self.logs/2015/?C=N;O=D HTTP/1.1" 200 7480 "-" "BUbiNG (+http://law.di.unimi.it/BUbiNG.html#wc)" 
85.195.118.42 - - [06/Mar/2018:18:42:48 -0800] "GET / HTTP/1.0" 200 37404 "http://www.secrepo.com/" "Mozilla/5.0 (Windows NT 5.0; Win64; rv:39.1) Gecko/20100101 Firefox/39.1" 
54.173.74.84 - - [06/Mar/2018:18:43:59 -0800] "GET /self.logs/2015/?C=M;O=A HTTP/1.1" 200 7660 "-" "BUbiNG (+http://law.di.unimi.it/BUbiNG.html#wc)" 
51.255.65.31 - - [06/Mar/2018:18:45:35 -0800] "GET /self.logs/error.log.2017-05-14.gz HTTP/1.1" 200 1068 "-" "Mozilla/5.0 (compatible; AhrefsBot/5.2; +http://ahrefs.com/robot/)" 
54.173.74.84 - - [06/Mar/2018:18:45:54 -0800] "GET /self.logs/2015/?C=S;O=A HTTP/1.1" 200 8283 "-" "BUbiNG (+http://law.di.unimi.it/BUbiNG.html#wc)" 
54.173.74.84 - - [06/Mar/2018:18:46:31 -0800] "GET /self.logs/2015/?C=D;O=A HTTP/1.1" 200 7437 "-" "BUbiNG (+http://law.di.unimi.it/BUbiNG.html#wc)" 
106.105.179.5 - - [06/Mar/2018:18:48:30 -0800] "GET / HTTP/1.1" 200 11005 "-" "Mozilla/5.0 (Windows NT 10.0; WOW64) AppleWebKit/537.36 (KHTML, like Gecko) Chrome/64.0.3282.186 Safari/537.36" 
106.105.179.5 - - [06/Mar/2018:18:48:33 -0800] "GET /GitHub-Mark.png HTTP/1.1" 200 7372 "http://www.secrepo.com/" "Mozilla/5.0 (Windows NT 10.0; WOW64) AppleWebKit/537.36 (KHTML, like Gecko) Chrome/64.0.3282.186 Safari/537.36" 
106.105.179.5 - - [06/Mar/2018:18:48:33 -0800] "GET /twitter-icon.png HTTP/1.1" 200 27732 "http://www.secrepo.com/" "Mozilla/5.0 (Windows NT 10.0; WOW64) AppleWebKit/537.36 (KHTML, like Gecko) Chrome/64.0.3282.186 Safari/537.36" 
106.105.179.5 - - [06/Mar/2018:18:48:36 -0800] "GET /bootstrap/img/favicon.ico HTTP/1.1" 200 534 "http://www.secrepo.com/" "Mozilla/5.0 (Windows NT 10.0; WOW64) AppleWebKit/537.36 (KHTML, like Gecko) Chrome/64.0.3282.186 Safari/537.36" 
52.27.2.86 - - [06/Mar/2018:18:49:22 -0800] "GET / HTTP/1.1" 200 37359 "-" "Mozilla/4.0 (compatible; MSIE 8.0; Windows NT 5.1; Trident/4.0)" 
54.173.74.84 - - [06/Mar/2018:18:49:46 -0800] "GET /self.logs/2016/?C=N;O=D HTTP/1.1" 200 7767 "-" "BUbiNG (+http://law.di.unimi.it/BUbiNG.html#wc)" 
117.4.90.56 - - [06/Mar/2018:18:50:19 -0800] "GET / HTTP/1.1" 301 483 "http://secrepo.com.seocheckupx.net" "Mozilla/5.0 (Windows NT 6.1; WOW64) AppleWebKit/537.36 (KHTML, like Gecko) Chrome/36.0.1985.143 Safari/537.36" 
117.4.90.56 - - [06/Mar/2018:18:50:20 -0800] "GET / HTTP/1.1" 200 11061 "http://secrepo.com.seocheckupx.net" "Mozilla/5.0 (Windows NT 6.1; WOW64) AppleWebKit/537.36 (KHTML, like Gecko) Chrome/36.0.1985.143 Safari/537.36" 
117.4.90.56 - - [06/Mar/2018:18:50:20 -0800] "GET /twitter-icon.png HTTP/1.1" 200 27787 "http://www.secrepo.com/" "Mozilla/5.0 (Windows NT 6.1; WOW64) AppleWebKit/537.36 (KHTML, like Gecko) Chrome/36.0.1985.143 Safari/537.36" 
117.4.90.56 - - [06/Mar/2018:18:50:20 -0800] "GET /GitHub-Mark.png HTTP/1.1" 200 7428 "http://www.secrepo.com/" "Mozilla/5.0 (Windows NT 6.1; WOW64) AppleWebKit/537.36 (KHTML, like Gecko) Chrome/36.0.1985.143 Safari/537.36" 
54.173.74.84 - - [06/Mar/2018:18:50:37 -0800] "GET /self.logs/2016/?C=M;O=A HTTP/1.1" 200 8047 "-" "BUbiNG (+http://law.di.unimi.it/BUbiNG.html#wc)" 
113.171.224.176 - - [06/Mar/2018:18:51:00 -0800] "GET /honeypot/Honeypot%20-%20Howto.pdf HTTP/1.1" 200 46720 "-" "Mozilla/5.0 Gecko/20100115 Firefox/3.6" 
54.173.74.84 - - [06/Mar/2018:18:51:17 -0800] "GET /self.logs/2016/?C=S;O=A HTTP/1.1" 200 8646 "-" "BUbiNG (+http://law.di.unimi.it/BUbiNG.html#wc)" 
54.36.148.163 - - [06/Mar/2018:18:51:38 -0800] "GET /self.logs/2016/access.log.2016-08-16.gz HTTP/1.1" 200 15087 "-" "Mozilla/5.0 (compatible; AhrefsBot/5.2; +http://ahrefs.com/robot/)" 
54.173.74.84 - - [06/Mar/2018:18:51:52 -0800] "GET /self.logs/2016/?C=D;O=A HTTP/1.1" 200 7741 "-" "BUbiNG (+http://law.di.unimi.it/BUbiNG.html#wc)" 
69.180.187.27 - - [06/Mar/2018:18:52:11 -0800] "GET / HTTP/1.1" 200 11061 "-" "Mozilla/5.0 (Macintosh; Intel Mac OS X 10_13_3) AppleWebKit/604.5.6 (KHTML, like Gecko)" 
69.180.187.27 - - [06/Mar/2018:18:52:11 -0800] "GET /apple-touch-icon-precomposed.png HTTP/1.1" 404 340 "-" "Safari/13604.5.6 CFNetwork/893.13.1 Darwin/17.4.0 (x86_64)" 
69.180.187.27 - - [06/Mar/2018:18:52:11 -0800] "GET /apple-touch-icon.png HTTP/1.1" 404 339 "-" "Safari/13604.5.6 CFNetwork/893.13.1 Darwin/17.4.0 (x86_64)" 
69.180.187.27 - - [06/Mar/2018:18:52:11 -0800] "GET /bootstrap/img/favicon.ico HTTP/1.1" 200 589 "-" "Safari/13604.5.6 CFNetwork/893.13.1 Darwin/17.4.0 (x86_64)" 
69.180.187.27 - - [06/Mar/2018:18:52:11 -0800] "GET / HTTP/1.1" 200 11060 "-" "\"Mozilla/5.0 (iPhone; CPU iPhone OS 11_0 like Mac OS X) AppleWebKit/604.1.38 (KHTML, like Gecko) Version/11.0 Mobile/15A372 Safari/604.1\"" 
69.180.187.27 - - [06/Mar/2018:18:52:11 -0800] "GET /apple-touch-icon-precomposed.png HTTP/1.1" 404 339 "-" "Safari/13604.5.6 CFNetwork/893.13.1 Darwin/17.4.0 (x86_64)" 
69.180.187.27 - - [06/Mar/2018:18:52:11 -0800] "GET /apple-touch-icon.png HTTP/1.1" 404 339 "-" "Safari/13604.5.6 CFNetwork/893.13.1 Darwin/17.4.0 (x86_64)" 
69.180.187.27 - - [06/Mar/2018:18:52:11 -0800] "GET /bootstrap/img/favicon.ico HTTP/1.1" 200 589 "-" "Safari/13604.5.6 CFNetwork/893.13.1 Darwin/17.4.0 (x86_64)" 
54.173.74.84 - - [06/Mar/2018:18:52:27 -0800] "GET /self.logs/2016/error.log.2016-01-22 HTTP/1.1" 200 334 "-" "BUbiNG (+http://law.di.unimi.it/BUbiNG.html#wc)" 
54.173.74.84 - - [06/Mar/2018:18:54:26 -0800] "GET /self.logs/2015/?C=N;O=A HTTP/1.1" 200 7437 "-" "BUbiNG (+http://law.di.unimi.it/BUbiNG.html#wc)" 
54.173.74.84 - - [06/Mar/2018:18:55:21 -0800] "GET /self.logs/2015/?C=M;O=D HTTP/1.1" 200 7666 "-" "BUbiNG (+http://law.di.unimi.it/BUbiNG.html#wc)" 
54.173.74.84 - - [06/Mar/2018:18:55:59 -0800] "GET /self.logs/2015/?C=S;O=D HTTP/1.1" 200 8253 "-" "BUbiNG (+http://law.di.unimi.it/BUbiNG.html#wc)" 
120.221.0.34 - - [06/Mar/2018:18:57:15 -0800] "GET /honeypot/Honeypot%20-%20Howto.pdf HTTP/1.1" 304 131 "-" "Mozilla/5.0 Gecko/20100115 Firefox/3.6" 
54.173.74.84 - - [06/Mar/2018:18:58:51 -0800] "GET /self.logs/2016/?C=N;O=A HTTP/1.1" 200 7741 "-" "BUbiNG (+http://law.di.unimi.it/BUbiNG.html#wc)" 
178.137.18.222 - - [06/Mar/2018:18:59:13 -0800] "GET / HTTP/1.1" 200 37359 "http://www.columb.net.ua/" "Mozilla/4.0 (compatible; MSIE 6.0; Windows NT 5.0; .NET CLR 1.0.3705; .NET CLR 1.1.4322)" 
178.137.18.222 - - [06/Mar/2018:18:59:14 -0800] "GET / HTTP/1.1" 200 37359 "http://www.columb.net.ua/" "Mozilla/4.0 (compatible; MSIE 6.0; Windows NT 5.0; .NET CLR 1.0.3705; .NET CLR 1.1.4322)" 
178.137.18.222 - - [06/Mar/2018:18:59:17 -0800] "GET / HTTP/1.1" 200 37359 "http://www.columb.net.ua/" "Mozilla/4.0 (compatible; MSIE 6.0; Windows NT 5.0; .NET CLR 1.0.3705; .NET CLR 1.1.4322)" 
54.36.148.13 - - [06/Mar/2018:19:03:21 -0800] "GET /self.logs/access.log.2017-06-16.gz HTTP/1.1" 200 15865 "-" "Mozilla/5.0 (compatible; AhrefsBot/5.2; +http://ahrefs.com/robot/)" 
54.173.74.84 - - [06/Mar/2018:19:03:56 -0800] "GET /self.logs/2016/?C=M;O=D HTTP/1.1" 200 8020 "-" "BUbiNG (+http://law.di.unimi.it/BUbiNG.html#wc)" 
116.58.254.206 - - [06/Mar/2018:19:04:25 -0800] "GET / HTTP/1.1" 200 11061 "https://www.google.co.th/" "Mozilla/5.0 (Macintosh; Intel Mac OS X 10_13_3) AppleWebKit/604.5.6 (KHTML, like Gecko) Version/11.0.3 Safari/604.5.6" 
116.58.254.206 - - [06/Mar/2018:19:04:26 -0800] "GET /twitter-icon.png HTTP/1.1" 200 27787 "http://www.secrepo.com/" "Mozilla/5.0 (Macintosh; Intel Mac OS X 10_13_3) AppleWebKit/604.5.6 (KHTML, like Gecko) Version/11.0.3 Safari/604.5.6" 
116.58.254.206 - - [06/Mar/2018:19:04:26 -0800] "GET /GitHub-Mark.png HTTP/1.1" 200 7428 "http://www.secrepo.com/" "Mozilla/5.0 (Macintosh; Intel Mac OS X 10_13_3) AppleWebKit/604.5.6 (KHTML, like Gecko) Version/11.0.3 Safari/604.5.6" 
116.58.254.206 - - [06/Mar/2018:19:04:28 -0800] "GET /bootstrap/img/favicon.ico HTTP/1.1" 200 590 "http://www.secrepo.com/" "Mozilla/5.0 (Macintosh; Intel Mac OS X 10_13_3) AppleWebKit/604.5.6 (KHTML, like Gecko) Version/11.0.3 Safari/604.5.6" 
54.173.74.84 - - [06/Mar/2018:19:04:37 -0800] "GET /self.logs/2016/?C=S;O=D HTTP/1.1" 200 8572 "-" "BUbiNG (+http://law.di.unimi.it/BUbiNG.html#wc)" 
102.181.194.40 - - [06/Mar/2018:19:07:03 -0800] "GET /tg/tg_snort_fast.7z HTTP/1.1" 304 131 "-" "Mozilla/5.0 Gecko/20100115 Firefox/3.6" 
54.36.148.244 - - [06/Mar/2018:19:15:30 -0800] "GET /self.logs/ HTTP/1.1" 200 8613 "-" "Mozilla/5.0 (compatible; AhrefsBot/5.2; +http://ahrefs.com/robot/)" 
66.249.64.159 - - [06/Mar/2018:19:18:35 -0800] "GET / HTTP/1.1" 200 11061 "-" "Mozilla/5.0 (Linux; Android 6.0.1; Nexus 5X Build/MMB29P) AppleWebKit/537.36 (KHTML, like Gecko) Chrome/41.0.2272.96 Mobile Safari/537.36 (compatible; Googlebot/2.1; +http://www.google.com/bot.html)" 
