134.190.190.236 - - [20/Jun/2018:11:35:37 -0700] "GET / HTTP/1.1" 200 11354 "-" "\"Mozilla/5.0 (iPhone; CPU iPhone OS 11_0 like Mac OS X) AppleWebKit/604.1.38 (KHTML, like Gecko) Version/11.0 Mobile/15A372 Safari/604.1\"" 
134.190.190.236 - - [20/Jun/2018:11:35:37 -0700] "GET /apple-touch-icon-precomposed.png HTTP/1.1" 404 339 "-" "Safari/12605.2.8 CFNetwork/811.8 Darwin/16.7.0 (x86_64)" 
134.190.190.236 - - [20/Jun/2018:11:35:37 -0700] "GET /apple-touch-icon.png HTTP/1.1" 404 339 "-" "Safari/12605.2.8 CFNetwork/811.8 Darwin/16.7.0 (x86_64)" 
134.190.190.236 - - [20/Jun/2018:11:35:37 -0700] "GET /bootstrap/img/favicon.ico HTTP/1.1" 200 589 "-" "Safari/12605.2.8 CFNetwork/811.8 Darwin/16.7.0 (x86_64)" 
27.7.143.59 - - [20/Jun/2018:11:37:55 -0700] "GET / HTTP/1.1" 200 11355 "https://www.google.co.in/" "Mozilla/5.0 (Windows NT 6.3; Win64; x64) AppleWebKit/537.36 (KHTML, like Gecko) Chrome/67.0.3396.87 Safari/537.36" 
27.7.143.59 - - [20/Jun/2018:11:37:56 -0700] "GET /twitter-icon.png HTTP/1.1" 200 27787 "http://www.secrepo.com/" "Mozilla/5.0 (Windows NT 6.3; Win64; x64) AppleWebKit/537.36 (KHTML, like Gecko) Chrome/67.0.3396.87 Safari/537.36" 
27.7.143.59 - - [20/Jun/2018:11:37:56 -0700] "GET /GitHub-Mark.png HTTP/1.1" 200 7428 "http://www.secrepo.com/" "Mozilla/5.0 (Windows NT 6.3; Win64; x64) AppleWebKit/537.36 (KHTML, like Gecko) Chrome/67.0.3396.87 Safari/537.36" 
27.7.143.59 - - [20/Jun/2018:11:37:57 -0700] "GET /bootstrap/img/favicon.ico HTTP/1.1" 200 589 "http://www.secrepo.com/" "Mozilla/5.0 (Windows NT 6.3; Win64; x64) AppleWebKit/537.36 (KHTML, like Gecko) Chrome/67.0.3396.87 Safari/537.36" 
162.242.144.71 - - [20/Jun/2018:11:43:12 -0700] "GET /robots.txt HTTP/1.1" 301 446 "-" "Tornado-Async-Client" 
162.242.144.71 - - [20/Jun/2018:11:43:12 -0700] "GET /robots.txt HTTP/1.1" 304 130 "-" "Tornado-Async-Client" 
162.242.144.71 - - [20/Jun/2018:11:43:12 -0700] "GET /honeypot/BSidesDFW%20-%202014.ipynb HTTP/1.1" 301 484 "-" "Tornado-Async-Client" 
100.43.85.128 - - [20/Jun/2018:11:43:12 -0700] "GET /robots.txt HTTP/1.1" 200 289 "-" "Mozilla/5.0 (compatible; YandexBot/3.0; +http://yandex.com/bots)" 
162.242.144.71 - - [20/Jun/2018:11:43:12 -0700] "GET /honeypot/BSidesDFW%20-%202014.ipynb HTTP/1.1" 200 930780 "-" "Tornado-Async-Client" 
100.43.85.128 - - [20/Jun/2018:11:43:16 -0700] "GET /self.logs/?C=D;O=A HTTP/1.1" 200 10578 "-" "Mozilla/5.0 (compatible; YandexBot/3.0; +http://yandex.com/bots)" 
109.252.23.73 - - [20/Jun/2018:11:45:53 -0700] "GET / HTTP/1.1" 200 11355 "https://duckduckgo.com/" "Mozilla/5.0 (Macintosh; Intel Mac OS X 10_13_1) AppleWebKit/537.36 (KHTML, like Gecko) Chrome/67.0.3396.87 Safari/537.36" 
109.252.23.73 - - [20/Jun/2018:11:45:53 -0700] "GET /twitter-icon.png HTTP/1.1" 200 27787 "http://www.secrepo.com/" "Mozilla/5.0 (Macintosh; Intel Mac OS X 10_13_1) AppleWebKit/537.36 (KHTML, like Gecko) Chrome/67.0.3396.87 Safari/537.36" 
109.252.23.73 - - [20/Jun/2018:11:45:53 -0700] "GET /GitHub-Mark.png HTTP/1.1" 200 7428 "http://www.secrepo.com/" "Mozilla/5.0 (Macintosh; Intel Mac OS X 10_13_1) AppleWebKit/537.36 (KHTML, like Gecko) Chrome/67.0.3396.87 Safari/537.36" 
109.252.23.73 - - [20/Jun/2018:11:45:55 -0700] "GET /bootstrap/img/favicon.ico HTTP/1.1" 200 589 "http://www.secrepo.com/" "Mozilla/5.0 (Macintosh; Intel Mac OS X 10_13_1) AppleWebKit/537.36 (KHTML, like Gecko) Chrome/67.0.3396.87 Safari/537.36" 
27.32.100.117 - - [20/Jun/2018:11:46:31 -0700] "GET /honeypot/honeypot.json.zip HTTP/1.1" 200 974880 "http://www.secrepo.com/" "Mozilla/5.0 (Macintosh; Intel Mac OS X 10_13_4) AppleWebKit/537.36 (KHTML, like Gecko) Chrome/67.0.3396.87 Safari/537.36" 
109.252.23.73 - - [20/Jun/2018:11:46:20 -0700] "GET /pe_static/zeus.zip HTTP/1.1" 200 51367111 "http://www.secrepo.com/" "Mozilla/5.0 (Macintosh; Intel Mac OS X 10_13_1) AppleWebKit/537.36 (KHTML, like Gecko) Chrome/67.0.3396.87 Safari/537.36" 
77.127.30.92 - - [20/Jun/2018:11:48:43 -0700] "GET /twitter-icon.png HTTP/1.1" 200 27788 "http://www.secrepo.com/" "Mozilla/5.0 (Windows NT 10.0; Win64; x64) AppleWebKit/537.36 (KHTML, like Gecko) Chrome/67.0.3396.87 Safari/537.36" 
77.127.30.92 - - [20/Jun/2018:11:48:43 -0700] "GET /GitHub-Mark.png HTTP/1.1" 200 7428 "http://www.secrepo.com/" "Mozilla/5.0 (Windows NT 10.0; Win64; x64) AppleWebKit/537.36 (KHTML, like Gecko) Chrome/67.0.3396.87 Safari/537.36" 
77.127.30.92 - - [20/Jun/2018:11:48:44 -0700] "GET /bootstrap/img/favicon.ico HTTP/1.1" 200 589 "http://www.secrepo.com/" "Mozilla/5.0 (Windows NT 10.0; Win64; x64) AppleWebKit/537.36 (KHTML, like Gecko) Chrome/67.0.3396.87 Safari/537.36" 
54.36.149.69 - - [20/Jun/2018:11:49:32 -0700] "GET /self.logs/error.log.2017-05-13.gz HTTP/1.1" 200 851 "-" "Mozilla/5.0 (compatible; AhrefsBot/5.2; +http://ahrefs.com/robot/)" 
52.165.129.203 - - [20/Jun/2018:11:50:45 -0700] "GET / HTTP/1.1" 301 427 "-" "Mozilla/5.0 (Windows NT 10.0; Win64; x64) AppleWebKit/537.36 (KHTML, like Gecko) Chrome/65.0.3325.181 Safari/537.36" 
77.127.30.92 - - [20/Jun/2018:11:52:42 -0700] "GET /maccdc2012/http.log.gz HTTP/1.1" 200 54258816 "-" "Mozilla/5.0 (Windows NT 10.0; Win64; x64) AppleWebKit/537.36 (KHTML, like Gecko) Chrome/67.0.3396.87 Safari/537.36" 
77.127.30.92 - - [20/Jun/2018:11:53:03 -0700] "GET /maccdc2012/http.log.gz HTTP/1.1" 200 23627058 "http://www.secrepo.com/" "Mozilla/5.0 (Windows NT 10.0; Win64; x64) AppleWebKit/537.36 (KHTML, like Gecko) Chrome/67.0.3396.87 Safari/537.36" 
216.244.66.245 - - [20/Jun/2018:11:55:45 -0700] "GET /robots.txt HTTP/1.1" 200 233 "-" "Mozilla/5.0 (compatible; DotBot/1.1; http://www.opensiteexplorer.org/dotbot, help@moz.com)" 
24.28.48.105 - - [20/Jun/2018:11:55:50 -0700] "GET / HTTP/1.1" 200 11355 "-" "Mozilla/5.0 (Macintosh; Intel Mac OS X 10_13_5) AppleWebKit/605.1.15 (KHTML, like Gecko)" 
24.28.48.105 - - [20/Jun/2018:11:55:50 -0700] "GET /twitter-icon.png HTTP/1.1" 200 27787 "http://www.secrepo.com/" "Mozilla/5.0 (Macintosh; Intel Mac OS X 10_13_5) AppleWebKit/605.1.15 (KHTML, like Gecko)" 
24.28.48.105 - - [20/Jun/2018:11:55:50 -0700] "GET /GitHub-Mark.png HTTP/1.1" 200 7428 "http://www.secrepo.com/" "Mozilla/5.0 (Macintosh; Intel Mac OS X 10_13_5) AppleWebKit/605.1.15 (KHTML, like Gecko)" 
194.187.170.133 - - [20/Jun/2018:11:57:14 -0700] "GET /self.logs/2016/?C=S;O=A HTTP/1.1" 200 8609 "-" "Mozilla/5.0 (compatible; Qwantify/2.4w; +https://www.qwant.com/)/2.4w" 
157.55.39.119 - - [20/Jun/2018:11:58:33 -0700] "GET /tg/c.zip HTTP/1.1" 200 843480 "-" "Mozilla/5.0 (compatible; bingbot/2.0; +http://www.bing.com/bingbot.htm)" 
188.217.169.52 - - [20/Jun/2018:12:03:15 -0700] "GET /wp-login.php HTTP/1.1" 418 732 "-" "Mozilla/5.0 (Windows NT 6.1; WOW64; rv:40.0) Gecko/20100101 Firefox/40.1" 
188.217.169.52 - - [20/Jun/2018:12:03:16 -0700] "GET / HTTP/1.1" 418 732 "-" "Mozilla/5.0 (Windows NT 6.1; WOW64; rv:40.0) Gecko/20100101 Firefox/40.1" 
192.99.32.43 - - [20/Jun/2018:12:03:42 -0700] "GET /robots.txt HTTP/1.1" 200 289 "-" "Mozilla/5.0 (Windows NT 10.0; WOW64) AppleWebKit/537.36 (KHTML, like Gecko) Chrome/49.0.2623.75 Safari/537.36 OPR/36.0.2130.32" 
192.99.32.43 - - [20/Jun/2018:12:03:42 -0700] "GET / HTTP/1.1" 200 38594 "-" "Mozilla/5.0 (Windows NT 10.0; WOW64) AppleWebKit/537.36 (KHTML, like Gecko) Chrome/49.0.2623.75 Safari/537.36 OPR/36.0.2130.32" 
192.99.32.43 - - [20/Jun/2018:12:03:42 -0700] "GET /xmlrpc.php?rsd HTTP/1.1" 404 294 "-" "Mozilla/5.0 (Windows NT 10.0; WOW64) AppleWebKit/537.36 (KHTML, like Gecko) Chrome/49.0.2623.75 Safari/537.36 OPR/36.0.2130.32" 
192.99.32.43 - - [20/Jun/2018:12:03:42 -0700] "GET /blog/robots.txt HTTP/1.1" 404 294 "-" "Mozilla/5.0 (Windows NT 10.0; WOW64) AppleWebKit/537.36 (KHTML, like Gecko) Chrome/49.0.2623.75 Safari/537.36 OPR/36.0.2130.32" 
192.99.32.43 - - [20/Jun/2018:12:03:42 -0700] "GET /blog/ HTTP/1.1" 404 294 "-" "Mozilla/5.0 (Windows NT 10.0; WOW64) AppleWebKit/537.36 (KHTML, like Gecko) Chrome/49.0.2623.75 Safari/537.36 OPR/36.0.2130.32" 
192.99.32.43 - - [20/Jun/2018:12:03:42 -0700] "GET /wordpress/ HTTP/1.1" 404 294 "-" "Mozilla/5.0 (Windows NT 10.0; WOW64) AppleWebKit/537.36 (KHTML, like Gecko) Chrome/49.0.2623.75 Safari/537.36 OPR/36.0.2130.32" 
192.99.32.43 - - [20/Jun/2018:12:03:42 -0700] "GET /wp/ HTTP/1.1" 404 294 "-" "Mozilla/5.0 (Windows NT 10.0; WOW64) AppleWebKit/537.36 (KHTML, like Gecko) Chrome/49.0.2623.75 Safari/537.36 OPR/36.0.2130.32" 
192.99.32.43 - - [20/Jun/2018:12:03:42 -0700] "GET /robots.txt HTTP/1.1" 200 289 "-" "Mozilla/5.0 (Windows NT 10.0; WOW64) AppleWebKit/537.36 (KHTML, like Gecko) Chrome/49.0.2623.75 Safari/537.36 OPR/36.0.2130.32" 
192.99.32.43 - - [20/Jun/2018:12:03:42 -0700] "GET /administrator/index.php HTTP/1.1" 404 294 "-" "Mozilla/5.0 (Windows NT 10.0; WOW64) AppleWebKit/537.36 (KHTML, like Gecko) Chrome/49.0.2623.75 Safari/537.36 OPR/36.0.2130.32" 
192.99.32.43 - - [20/Jun/2018:12:03:43 -0700] "GET /blog/robots.txt HTTP/1.1" 404 294 "-" "Mozilla/5.0 (Windows NT 10.0; WOW64) AppleWebKit/537.36 (KHTML, like Gecko) Chrome/49.0.2623.75 Safari/537.36 OPR/36.0.2130.32" 
192.99.32.43 - - [20/Jun/2018:12:03:43 -0700] "GET /blog/administrator/index.php HTTP/1.1" 404 294 "-" "Mozilla/5.0 (Windows NT 10.0; WOW64) AppleWebKit/537.36 (KHTML, like Gecko) Chrome/49.0.2623.75 Safari/537.36 OPR/36.0.2130.32" 
192.99.32.43 - - [20/Jun/2018:12:03:43 -0700] "GET /joomla/robots.txt HTTP/1.1" 404 294 "-" "Mozilla/5.0 (Windows NT 10.0; WOW64) AppleWebKit/537.36 (KHTML, like Gecko) Chrome/49.0.2623.75 Safari/537.36 OPR/36.0.2130.32" 
192.99.32.43 - - [20/Jun/2018:12:03:43 -0700] "GET /joomla/administrator/index.php HTTP/1.1" 404 294 "-" "Mozilla/5.0 (Windows NT 10.0; WOW64) AppleWebKit/537.36 (KHTML, like Gecko) Chrome/49.0.2623.75 Safari/537.36 OPR/36.0.2130.32" 
78.161.122.244 - - [20/Jun/2018:12:07:46 -0700] "GET /wp-login.php HTTP/1.1" 418 732 "-" "Mozilla/5.0 (Windows NT 6.1; WOW64; rv:40.0) Gecko/20100101 Firefox/40.1" 
78.161.122.244 - - [20/Jun/2018:12:07:48 -0700] "GET / HTTP/1.1" 418 732 "-" "Mozilla/5.0 (Windows NT 6.1; WOW64; rv:40.0) Gecko/20100101 Firefox/40.1" 
113.171.224.176 - - [20/Jun/2018:12:10:15 -0700] "GET /honeypot/Honeypot%20-%20Howto.pdf HTTP/1.1" 200 46720 "-" "Mozilla/5.0 Gecko/20100115 Firefox/3.6" 
176.126.244.19 - - [20/Jun/2018:12:10:35 -0700] "GET /bootstrap/img/favicon.ico HTTP/1.1" 200 590 "-" "Mozilla/5.0 (X11; Ubuntu; Linux x86_64; rv:60.0) Gecko/20100101 Firefox/60.0" 
216.244.66.245 - - [20/Jun/2018:12:11:53 -0700] "GET /pe_static/op-cleaver.zip HTTP/1.1" 200 710009 "-" "Mozilla/5.0 (compatible; DotBot/1.1; http://www.opensiteexplorer.org/dotbot, help@moz.com)" 
114.205.187.198 - - [20/Jun/2018:12:13:41 -0700] "GET /wp-login.php HTTP/1.1" 418 732 "-" "Mozilla/5.0 (Windows NT 6.1; WOW64; rv:40.0) Gecko/20100101 Firefox/40.1" 
114.205.187.198 - - [20/Jun/2018:12:13:41 -0700] "GET / HTTP/1.1" 418 732 "-" "Mozilla/5.0 (Windows NT 6.1; WOW64; rv:40.0) Gecko/20100101 Firefox/40.1" 
17.58.100.204 - - [20/Jun/2018:12:14:00 -0700] "GET /robots.txt HTTP/1.1" 200 334 "-" "Mozilla/5.0 (Macintosh; Intel Mac OS X 10_10_1) AppleWebKit/600.2.5 (KHTML, like Gecko) Version/8.0.2 Safari/600.2.5 (Applebot/0.1; +http://www.apple.com/go/applebot)" 
17.58.100.204 - - [20/Jun/2018:12:14:00 -0700] "GET /bootstrap/img/favicon.ico HTTP/1.1" 200 589 "-" "Mozilla/5.0 (Macintosh; Intel Mac OS X 10_10_1) AppleWebKit/600.2.5 (KHTML, like Gecko) Version/8.0.2 Safari/600.2.5 (Applebot/0.1; +http://www.apple.com/go/applebot)" 
66.249.66.83 - - [20/Jun/2018:12:14:30 -0700] "GET / HTTP/1.1" 200 11355 "-" "Mozilla/5.0 (compatible; Googlebot/2.1; +http://www.google.com/bot.html)" 
151.252.28.41 - - [20/Jun/2018:12:16:06 -0700] "GET /robots.txt HTTP/1.1" 200 304 "-" "Mozilla/5.0 (Windows NT 5.1; rv:6.0) Gecko/20100101 Firefox/10.0.2" 
193.180.166.229 - - [20/Jun/2018:12:17:04 -0700] "GET / HTTP/1.1" 200 11299 "-" "Mozilla/5.0 (compatible; Googlebot/2.1; +http://www.google.com/bot.html)" 
151.252.28.41 - - [20/Jun/2018:12:17:18 -0700] "GET / HTTP/1.1" 200 11299 "-" "Mozilla/5.0 (Windows NT 5.1; rv:6.0) Gecko/20100101 Firefox/10.0.2" 
123.125.143.158 - - [20/Jun/2018:12:20:00 -0700] "GET / HTTP/1.1" 200 11355 "http://www.baidu.com/s?wd=halfwaygt1" "Mozilla/5.0 (Windows NT 6.1; WOW64; rv:43.0) Gecko/20100101 Firefox/43.0" 
54.36.148.56 - - [20/Jun/2018:12:27:10 -0700] "GET /self.logs/2016/error.log.2016-09-30.gz HTTP/1.1" 200 1084 "-" "Mozilla/5.0 (compatible; AhrefsBot/5.2; +http://ahrefs.com/robot/)" 
66.249.66.82 - - [20/Jun/2018:12:30:51 -0700] "GET / HTTP/1.1" 200 11355 "-" "Mozilla/5.0 (compatible; Googlebot/2.1; +http://www.google.com/bot.html)" 
209.15.209.85 - - [20/Jun/2018:12:32:31 -0700] "HEAD / HTTP/1.1" 200 239 "-" "-" 
23.25.255.76 - - [20/Jun/2018:12:32:31 -0700] "GET / HTTP/1.1" 200 11355 "https://www.researchgate.net/" "Mozilla/5.0 (Macintosh; Intel Mac OS X 10_13_5) AppleWebKit/537.36 (KHTML, like Gecko) Chrome/67.0.3396.87 Safari/537.36" 
23.25.255.76 - - [20/Jun/2018:12:32:31 -0700] "GET /twitter-icon.png HTTP/1.1" 200 27787 "http://www.secrepo.com/" "Mozilla/5.0 (Macintosh; Intel Mac OS X 10_13_5) AppleWebKit/537.36 (KHTML, like Gecko) Chrome/67.0.3396.87 Safari/537.36" 
23.25.255.76 - - [20/Jun/2018:12:32:31 -0700] "GET /GitHub-Mark.png HTTP/1.1" 200 7428 "http://www.secrepo.com/" "Mozilla/5.0 (Macintosh; Intel Mac OS X 10_13_5) AppleWebKit/537.36 (KHTML, like Gecko) Chrome/67.0.3396.87 Safari/537.36" 
23.25.255.76 - - [20/Jun/2018:12:32:32 -0700] "GET /bootstrap/img/favicon.ico HTTP/1.1" 200 589 "http://www.secrepo.com/" "Mozilla/5.0 (Macintosh; Intel Mac OS X 10_13_5) AppleWebKit/537.36 (KHTML, like Gecko) Chrome/67.0.3396.87 Safari/537.36" 
216.244.66.245 - - [20/Jun/2018:12:43:01 -0700] "GET /robots.txt HTTP/1.1" 200 233 "-" "Mozilla/5.0 (compatible; DotBot/1.1; http://www.opensiteexplorer.org/dotbot, help@moz.com)" 
54.36.149.0 - - [20/Jun/2018:12:43:16 -0700] "GET /self.logs/2015/error.log.2015-10-07.gz HTTP/1.1" 200 847 "-" "Mozilla/5.0 (compatible; AhrefsBot/5.2; +http://ahrefs.com/robot/)" 
54.36.148.10 - - [20/Jun/2018:12:46:07 -0700] "GET /self.logs/2016/error.log.2016-05-30.gz HTTP/1.1" 200 869 "-" "Mozilla/5.0 (compatible; AhrefsBot/5.2; +http://ahrefs.com/robot/)" 
194.187.170.133 - - [20/Jun/2018:12:47:46 -0700] "GET /self.logs/2015/?C=D;O=A HTTP/1.1" 200 7400 "-" "Mozilla/5.0 (compatible; Qwantify/2.4w; +https://www.qwant.com/)/2.4w" 
69.172.159.159 - - [20/Jun/2018:12:56:01 -0700] "GET / HTTP/1.1" 200 11355 "-" "Mozilla/5.0 (Windows NT 10.0; Win64; x64) AppleWebKit/537.36 (KHTML, like Gecko) Chrome/67.0.3396.87 Safari/537.36" 
69.172.159.159 - - [20/Jun/2018:12:56:02 -0700] "GET /twitter-icon.png HTTP/1.1" 200 27788 "http://www.secrepo.com/" "Mozilla/5.0 (Windows NT 10.0; Win64; x64) AppleWebKit/537.36 (KHTML, like Gecko) Chrome/67.0.3396.87 Safari/537.36" 
69.172.159.159 - - [20/Jun/2018:12:56:02 -0700] "GET /GitHub-Mark.png HTTP/1.1" 200 7428 "http://www.secrepo.com/" "Mozilla/5.0 (Windows NT 10.0; Win64; x64) AppleWebKit/537.36 (KHTML, like Gecko) Chrome/67.0.3396.87 Safari/537.36" 
69.172.159.159 - - [20/Jun/2018:12:56:02 -0700] "GET /bootstrap/img/favicon.ico HTTP/1.1" 200 589 "http://www.secrepo.com/" "Mozilla/5.0 (Windows NT 10.0; Win64; x64) AppleWebKit/537.36 (KHTML, like Gecko) Chrome/67.0.3396.87 Safari/537.36" 
216.244.66.245 - - [20/Jun/2018:12:59:43 -0700] "GET /maccdc2012/maccdc2012_fast_alert.7z HTTP/1.1" 200 5545080 "-" "Mozilla/5.0 (compatible; DotBot/1.1; http://www.opensiteexplorer.org/dotbot, help@moz.com)" 
216.244.66.245 - - [20/Jun/2018:13:06:51 -0700] "GET /robots.txt HTTP/1.1" 200 233 "-" "Mozilla/5.0 (compatible; DotBot/1.1; http://www.opensiteexplorer.org/dotbot, help@moz.com)" 
192.16.26.2 - - [20/Jun/2018:13:08:36 -0700] "GET / HTTP/1.1" 200 11355 "-" "Mozilla/5.0 (Macintosh; Intel Mac OS X 10_13_5) AppleWebKit/537.36 (KHTML, like Gecko) Chrome/67.0.3396.87 Safari/537.36" 
192.16.26.2 - - [20/Jun/2018:13:08:37 -0700] "GET /twitter-icon.png HTTP/1.1" 200 27787 "http://www.secrepo.com/" "Mozilla/5.0 (Macintosh; Intel Mac OS X 10_13_5) AppleWebKit/537.36 (KHTML, like Gecko) Chrome/67.0.3396.87 Safari/537.36" 
192.16.26.2 - - [20/Jun/2018:13:08:37 -0700] "GET /GitHub-Mark.png HTTP/1.1" 200 7428 "http://www.secrepo.com/" "Mozilla/5.0 (Macintosh; Intel Mac OS X 10_13_5) AppleWebKit/537.36 (KHTML, like Gecko) Chrome/67.0.3396.87 Safari/537.36" 
192.16.26.2 - - [20/Jun/2018:13:08:39 -0700] "GET /bootstrap/img/favicon.ico HTTP/1.1" 200 589 "http://www.secrepo.com/" "Mozilla/5.0 (Macintosh; Intel Mac OS X 10_13_5) AppleWebKit/537.36 (KHTML, like Gecko) Chrome/67.0.3396.87 Safari/537.36" 
157.55.39.42 - - [20/Jun/2018:13:09:28 -0700] "GET /self.logs/error.log.2017-07-06.gz HTTP/1.1" 200 1146 "-" "Mozilla/5.0 (compatible; bingbot/2.0; +http://www.bing.com/bingbot.htm)" 
113.171.224.176 - - [20/Jun/2018:13:11:14 -0700] "GET /honeypot/Honeypot%20-%20Howto.pdf HTTP/1.1" 200 46720 "-" "Mozilla/5.0 Gecko/20100115 Firefox/3.6" 
54.36.149.58 - - [20/Jun/2018:13:11:52 -0700] "GET /self.logs/access.log.2015-11-18.gz HTTP/1.1" 404 284 "-" "Mozilla/5.0 (compatible; AhrefsBot/5.2; +http://ahrefs.com/robot/)" 
66.215.239.242 - - [20/Jun/2018:13:20:09 -0700] "GET / HTTP/1.1" 200 11355 "https://www.google.com/" "Mozilla/5.0 (Macintosh; Intel Mac OS X 10.13; rv:60.0) Gecko/20100101 Firefox/60.0" 
66.215.239.242 - - [20/Jun/2018:13:20:10 -0700] "GET /twitter-icon.png HTTP/1.1" 200 27787 "http://www.secrepo.com/" "Mozilla/5.0 (Macintosh; Intel Mac OS X 10.13; rv:60.0) Gecko/20100101 Firefox/60.0" 
66.215.239.242 - - [20/Jun/2018:13:20:10 -0700] "GET /GitHub-Mark.png HTTP/1.1" 200 7428 "http://www.secrepo.com/" "Mozilla/5.0 (Macintosh; Intel Mac OS X 10.13; rv:60.0) Gecko/20100101 Firefox/60.0" 
66.215.239.242 - - [20/Jun/2018:13:20:11 -0700] "GET /bootstrap/img/favicon.ico HTTP/1.1" 200 589 "-" "Mozilla/5.0 (Macintosh; Intel Mac OS X 10.13; rv:60.0) Gecko/20100101 Firefox/60.0" 
66.215.239.242 - - [20/Jun/2018:13:20:12 -0700] "GET /bootstrap/img/favicon.ico HTTP/1.1" 200 589 "-" "Mozilla/5.0 (Macintosh; Intel Mac OS X 10.13; rv:60.0) Gecko/20100101 Firefox/60.0" 
216.244.66.245 - - [20/Jun/2018:13:25:44 -0700] "GET /Security-Data-Analysis/Lab_1/conn.log.zip HTTP/1.1" 200 9335240 "-" "Mozilla/5.0 (compatible; DotBot/1.1; http://www.opensiteexplorer.org/dotbot, help@moz.com)" 
54.36.148.113 - - [20/Jun/2018:13:28:30 -0700] "GET /self.logs/2015/error.log.2015-08-11.gz HTTP/1.1" 200 779 "-" "Mozilla/5.0 (compatible; AhrefsBot/5.2; +http://ahrefs.com/robot/)" 
54.36.149.64 - - [20/Jun/2018:13:29:31 -0700] "GET /self.logs/error.log.2017-05-15.gz HTTP/1.1" 200 1455 "-" "Mozilla/5.0 (compatible; AhrefsBot/5.2; +http://ahrefs.com/robot/)" 
66.215.239.242 - - [20/Jun/2018:13:29:44 -0700] "GET /maccdc2012/conn.log.gz HTTP/1.1" 200 551041635 "http://www.secrepo.com/" "Mozilla/5.0 (Macintosh; Intel Mac OS X 10.13; rv:60.0) Gecko/20100101 Firefox/60.0" 
105.157.58.230 - - [20/Jun/2018:13:31:30 -0700] "GET /wp-login.php HTTP/1.1" 418 732 "-" "Mozilla/5.0 (Windows NT 6.1; WOW64; rv:40.0) Gecko/20100101 Firefox/40.1" 
105.157.58.230 - - [20/Jun/2018:13:31:30 -0700] "GET / HTTP/1.1" 418 732 "-" "Mozilla/5.0 (Windows NT 6.1; WOW64; rv:40.0) Gecko/20100101 Firefox/40.1" 
54.36.150.82 - - [20/Jun/2018:13:32:00 -0700] "GET /robots.txt HTTP/1.1" 301 446 "-" "Mozilla/5.0 (compatible; AhrefsBot/5.2; +http://ahrefs.com/robot/)" 
54.36.150.82 - - [20/Jun/2018:13:32:01 -0700] "GET /robots.txt HTTP/1.1" 200 304 "-" "Mozilla/5.0 (compatible; AhrefsBot/5.2; +http://ahrefs.com/robot/)" 
52.165.166.139 - - [20/Jun/2018:13:33:13 -0700] "GET / HTTP/1.1" 301 427 "-" "Mozilla/5.0 (Windows NT 10.0; Win64; x64) AppleWebKit/537.36 (KHTML, like Gecko) Chrome/65.0.3325.181 Safari/537.36" 
200.251.166.132 - - [20/Jun/2018:13:34:31 -0700] "GET / HTTP/1.1" 200 11355 "-" "Mozilla/5.0 (Windows NT 10.0; Win64; x64) AppleWebKit/537.36 (KHTML, like Gecko) Chrome/65.0.3325.181 Safari/537.36" 
200.251.166.132 - - [20/Jun/2018:13:34:32 -0700] "GET /twitter-icon.png HTTP/1.1" 200 27787 "http://www.secrepo.com/" "Mozilla/5.0 (Windows NT 10.0; Win64; x64) AppleWebKit/537.36 (KHTML, like Gecko) Chrome/65.0.3325.181 Safari/537.36" 
200.251.166.132 - - [20/Jun/2018:13:34:32 -0700] "GET /GitHub-Mark.png HTTP/1.1" 200 7428 "http://www.secrepo.com/" "Mozilla/5.0 (Windows NT 10.0; Win64; x64) AppleWebKit/537.36 (KHTML, like Gecko) Chrome/65.0.3325.181 Safari/537.36" 
200.251.166.132 - - [20/Jun/2018:13:34:33 -0700] "GET /bootstrap/img/favicon.ico HTTP/1.1" 200 589 "http://www.secrepo.com/" "Mozilla/5.0 (Windows NT 10.0; Win64; x64) AppleWebKit/537.36 (KHTML, like Gecko) Chrome/65.0.3325.181 Safari/537.36" 
192.99.32.43 - - [20/Jun/2018:13:37:29 -0700] "GET //admin HTTP/1.1" 404 295 "-" "Mozilla/5.0 (X11; Linux x86_64) AppleWebKit/537.31 (KHTML, like Gecko) Chrome/26.0.1410.63 Safari/537.31" 
192.99.32.43 - - [20/Jun/2018:13:37:29 -0700] "GET / HTTP/1.1" 200 38539 "-" "Mozilla/5.0 (X11; Linux x86_64) AppleWebKit/537.31 (KHTML, like Gecko) Chrome/26.0.1410.63 Safari/537.31" 
54.36.149.23 - - [20/Jun/2018:13:37:51 -0700] "GET /self.logs/access.log.2017-09-10.gz HTTP/1.1" 200 21807 "-" "Mozilla/5.0 (compatible; AhrefsBot/5.2; +http://ahrefs.com/robot/)" 
207.46.13.13 - - [20/Jun/2018:13:39:01 -0700] "GET /self.logs/error.log.2017-01-21.gz HTTP/1.1" 301 544 "-" "Mozilla/5.0 (compatible; bingbot/2.0; +http://www.bing.com/bingbot.htm)" 
60.243.37.153 - - [20/Jun/2018:13:40:23 -0700] "GET /wp-login.php HTTP/1.1" 418 732 "-" "Mozilla/5.0 (Windows NT 6.1; WOW64; rv:40.0) Gecko/20100101 Firefox/40.1" 
60.243.37.153 - - [20/Jun/2018:13:40:24 -0700] "GET / HTTP/1.1" 418 732 "-" "Mozilla/5.0 (Windows NT 6.1; WOW64; rv:40.0) Gecko/20100101 Firefox/40.1" 
54.36.148.188 - - [20/Jun/2018:13:43:48 -0700] "GET /self.logs/error.log.2015-03-03.gz HTTP/1.1" 404 284 "-" "Mozilla/5.0 (compatible; AhrefsBot/5.2; +http://ahrefs.com/robot/)" 
191.6.200.92 - - [20/Jun/2018:13:47:32 -0700] "GET / HTTP/1.1" 200 38539 "-" "Mozilla/5.0 (Windows NT 6.1; WOW64) AppleWebKit/537.36 (KHTML, like Gecko) Chrome/33.0.1750.154 Safari/537.36" 
100.43.85.128 - - [20/Jun/2018:13:48:38 -0700] "GET / HTTP/1.1" 200 11355 "-" "Mozilla/5.0 (compatible; YandexBot/3.0; +http://yandex.com/bots)" 
216.244.66.245 - - [20/Jun/2018:13:54:00 -0700] "GET /robots.txt HTTP/1.1" 200 233 "-" "Mozilla/5.0 (compatible; DotBot/1.1; http://www.opensiteexplorer.org/dotbot, help@moz.com)" 
45.251.33.40 - - [20/Jun/2018:13:55:47 -0700] "GET /wp-login.php HTTP/1.1" 418 732 "-" "Mozilla/5.0 (Windows NT 6.1; WOW64; rv:40.0) Gecko/20100101 Firefox/40.1" 
45.251.33.40 - - [20/Jun/2018:13:55:48 -0700] "GET / HTTP/1.1" 418 732 "-" "Mozilla/5.0 (Windows NT 6.1; WOW64; rv:40.0) Gecko/20100101 Firefox/40.1" 
207.46.13.13 - - [20/Jun/2018:13:57:54 -0700] "GET /self.logs/?C=S;O=A HTTP/1.1" 200 11878 "-" "Mozilla/5.0 (compatible; bingbot/2.0; +http://www.bing.com/bingbot.htm)" 
102.181.194.40 - - [20/Jun/2018:14:02:00 -0700] "GET /maccdc2012/dns.log.gz HTTP/1.1" 304 154 "-" "Mozilla/5.0 Gecko/20100115 Firefox/3.6" 
54.36.149.76 - - [20/Jun/2018:14:05:11 -0700] "GET /squid/access.log.gz HTTP/1.1" 200 2034386 "-" "Mozilla/5.0 (compatible; AhrefsBot/5.2; +http://ahrefs.com/robot/)" 
46.193.0.111 - - [20/Jun/2018:14:08:41 -0700] "GET /wp-login.php HTTP/1.1" 418 732 "-" "Mozilla/5.0 (Windows NT 6.1; WOW64; rv:40.0) Gecko/20100101 Firefox/40.1" 
46.193.0.111 - - [20/Jun/2018:14:08:42 -0700] "GET / HTTP/1.1" 418 732 "-" "Mozilla/5.0 (Windows NT 6.1; WOW64; rv:40.0) Gecko/20100101 Firefox/40.1" 
46.119.126.184 - - [20/Jun/2018:14:10:31 -0700] "GET /honeypot/ HTTP/1.1" 200 1077 "http://pornoplen.com/" "Opera/9.0 (Windows NT 5.1; U; en)" 
216.244.66.245 - - [20/Jun/2018:14:10:35 -0700] "GET /pe_static/zeus.zip HTTP/1.1" 200 3996020 "-" "Mozilla/5.0 (compatible; DotBot/1.1; http://www.opensiteexplorer.org/dotbot, help@moz.com)" 
157.55.39.5 - - [20/Jun/2018:14:11:22 -0700] "GET /self.logs/error.log.2018-05-22.gz HTTP/1.1" 200 3751 "-" "Mozilla/5.0 (compatible; bingbot/2.0; +http://www.bing.com/bingbot.htm)" 
113.171.224.176 - - [20/Jun/2018:14:12:03 -0700] "GET /honeypot/Honeypot%20-%20Howto.pdf HTTP/1.1" 200 46720 "-" "Mozilla/5.0 Gecko/20100115 Firefox/3.6" 
54.36.148.225 - - [20/Jun/2018:14:14:08 -0700] "GET /self.logs/error.log.2017-11-26.gz HTTP/1.1" 200 1977 "-" "Mozilla/5.0 (compatible; AhrefsBot/5.2; +http://ahrefs.com/robot/)" 
17.230.160.147 - - [20/Jun/2018:14:19:38 -0700] "GET / HTTP/1.1" 200 11355 "https://duckduckgo.com/" "Mozilla/5.0 (Macintosh; Intel Mac OS X 10_14) AppleWebKit/605.1.15 (KHTML, like Gecko) Version/12.0 Safari/605.1.15" 
17.230.160.147 - - [20/Jun/2018:14:19:38 -0700] "GET /twitter-icon.png HTTP/1.1" 200 27787 "http://www.secrepo.com/" "Mozilla/5.0 (Macintosh; Intel Mac OS X 10_14) AppleWebKit/605.1.15 (KHTML, like Gecko) Version/12.0 Safari/605.1.15" 
17.230.160.147 - - [20/Jun/2018:14:19:38 -0700] "GET /GitHub-Mark.png HTTP/1.1" 200 7428 "http://www.secrepo.com/" "Mozilla/5.0 (Macintosh; Intel Mac OS X 10_14) AppleWebKit/605.1.15 (KHTML, like Gecko) Version/12.0 Safari/605.1.15" 
17.230.160.147 - - [20/Jun/2018:14:19:40 -0700] "GET /bootstrap/img/favicon.ico HTTP/1.1" 200 590 "http://www.secrepo.com/" "Mozilla/5.0 (Macintosh; Intel Mac OS X 10_14) AppleWebKit/605.1.15 (KHTML, like Gecko) Version/12.0 Safari/605.1.15" 
165.225.39.61 - - [20/Jun/2018:14:21:52 -0700] "GET / HTTP/1.1" 200 11355 "-" "Mozilla/5.0 (Windows NT 6.1; Win64; x64) AppleWebKit/537.36 (KHTML, like Gecko) Chrome/67.0.3396.87 Safari/537.36" 
165.225.39.61 - - [20/Jun/2018:14:21:53 -0700] "GET /twitter-icon.png HTTP/1.1" 200 27787 "http://www.secrepo.com/" "Mozilla/5.0 (Windows NT 6.1; Win64; x64) AppleWebKit/537.36 (KHTML, like Gecko) Chrome/67.0.3396.87 Safari/537.36" 
165.225.39.61 - - [20/Jun/2018:14:21:53 -0700] "GET /GitHub-Mark.png HTTP/1.1" 200 7427 "http://www.secrepo.com/" "Mozilla/5.0 (Windows NT 6.1; Win64; x64) AppleWebKit/537.36 (KHTML, like Gecko) Chrome/67.0.3396.87 Safari/537.36" 
165.225.39.61 - - [20/Jun/2018:14:21:53 -0700] "GET /bootstrap/img/favicon.ico HTTP/1.1" 200 589 "http://www.secrepo.com/" "Mozilla/5.0 (Windows NT 6.1; Win64; x64) AppleWebKit/537.36 (KHTML, like Gecko) Chrome/67.0.3396.87 Safari/537.36" 
165.225.39.61 - - [20/Jun/2018:14:22:02 -0700] "GET /honeypot/BSidesDFW%20-%202014.ipynb HTTP/1.1" 200 930836 "http://www.secrepo.com/" "Mozilla/5.0 (Windows NT 6.1; Win64; x64) AppleWebKit/537.36 (KHTML, like Gecko) Chrome/67.0.3396.87 Safari/537.36" 
54.36.148.145 - - [20/Jun/2018:14:22:09 -0700] "GET /self.logs/error.log.2017-05-21.gz HTTP/1.1" 200 814 "-" "Mozilla/5.0 (compatible; AhrefsBot/5.2; +http://ahrefs.com/robot/)" 
54.36.149.0 - - [20/Jun/2018:14:22:40 -0700] "GET /self.logs/2016/error.log.2016-07-08.gz HTTP/1.1" 200 659 "-" "Mozilla/5.0 (compatible; AhrefsBot/5.2; +http://ahrefs.com/robot/)" 
17.230.160.147 - - [20/Jun/2018:14:24:59 -0700] "GET / HTTP/1.1" 200 11355 "-" "Mozilla/5.0 (Macintosh; Intel Mac OS X 10_14) AppleWebKit/605.1.15 (KHTML, like Gecko)" 
17.230.160.147 - - [20/Jun/2018:14:24:59 -0700] "GET /apple-touch-icon-precomposed.png HTTP/1.1" 404 340 "-" "Safari/14606.1.21 CFNetwork/957 Darwin/18.0.0 (x86_64)" 
17.230.160.147 - - [20/Jun/2018:14:24:59 -0700] "GET /apple-touch-icon.png HTTP/1.1" 404 339 "-" "Safari/14606.1.21 CFNetwork/957 Darwin/18.0.0 (x86_64)" 
17.230.160.147 - - [20/Jun/2018:14:24:59 -0700] "GET /bootstrap/img/favicon.ico HTTP/1.1" 200 589 "-" "Safari/14606.1.21 CFNetwork/957 Darwin/18.0.0 (x86_64)" 
17.230.160.147 - - [20/Jun/2018:14:24:59 -0700] "GET / HTTP/1.1" 200 11354 "-" "Mozilla/5.0 (iPhone; CPU iPhone OS 11_3 like Mac OS X) AppleWebKit/605.1.15 (KHTML, like Gecko) Version/11.0 Mobile/15E148 Safari/604.1" 
17.230.160.147 - - [20/Jun/2018:14:24:59 -0700] "GET /apple-touch-icon-precomposed.png HTTP/1.1" 404 339 "-" "Safari/14606.1.21 CFNetwork/957 Darwin/18.0.0 (x86_64)" 
17.230.160.147 - - [20/Jun/2018:14:24:59 -0700] "GET /apple-touch-icon.png HTTP/1.1" 404 339 "-" "Safari/14606.1.21 CFNetwork/957 Darwin/18.0.0 (x86_64)" 
17.230.160.147 - - [20/Jun/2018:14:24:59 -0700] "GET /bootstrap/img/favicon.ico HTTP/1.1" 200 589 "-" "Safari/14606.1.21 CFNetwork/957 Darwin/18.0.0 (x86_64)" 
17.230.160.147 - - [20/Jun/2018:14:25:30 -0700] "GET /honeypot/Honeypot%20-%20Howto%20-%20BSides%20Austin.pdf HTTP/1.1" 200 2928460 "http://www.secrepo.com/" "Mozilla/5.0 (Macintosh; Intel Mac OS X 10_14) AppleWebKit/605.1.15 (KHTML, like Gecko) Version/12.0 Safari/605.1.15" 
17.230.160.147 - - [20/Jun/2018:14:25:31 -0700] "GET /apple-touch-icon-precomposed.png HTTP/1.1" 404 340 "-" "Safari/14606.1.21 CFNetwork/957 Darwin/18.0.0 (x86_64)" 
17.230.160.147 - - [20/Jun/2018:14:25:31 -0700] "GET /favicon.ico HTTP/1.1" 200 268 "http://www.secrepo.com/honeypot/Honeypot%20-%20Howto%20-%20BSides%20Austin.pdf" "Mozilla/5.0 (Macintosh; Intel Mac OS X 10_14) AppleWebKit/605.1.15 (KHTML, like Gecko) Version/12.0 Safari/605.1.15" 
17.230.160.147 - - [20/Jun/2018:14:25:31 -0700] "GET /apple-touch-icon.png HTTP/1.1" 404 339 "-" "Safari/14606.1.21 CFNetwork/957 Darwin/18.0.0 (x86_64)" 
128.252.25.19 - - [20/Jun/2018:14:25:59 -0700] "GET / HTTP/1.1" 200 11355 "http://vizsec.org/data/" "Mozilla/5.0 (Macintosh; Intel Mac OS X 10_13_4) AppleWebKit/537.36 (KHTML, like Gecko) Chrome/66.0.3359.181 Safari/537.36" 
128.252.25.19 - - [20/Jun/2018:14:26:00 -0700] "GET /twitter-icon.png HTTP/1.1" 200 27787 "http://www.secrepo.com/" "Mozilla/5.0 (Macintosh; Intel Mac OS X 10_13_4) AppleWebKit/537.36 (KHTML, like Gecko) Chrome/66.0.3359.181 Safari/537.36" 
128.252.25.19 - - [20/Jun/2018:14:26:00 -0700] "GET /GitHub-Mark.png HTTP/1.1" 200 7428 "http://www.secrepo.com/" "Mozilla/5.0 (Macintosh; Intel Mac OS X 10_13_4) AppleWebKit/537.36 (KHTML, like Gecko) Chrome/66.0.3359.181 Safari/537.36" 
128.252.25.19 - - [20/Jun/2018:14:26:01 -0700] "GET /bootstrap/img/favicon.ico HTTP/1.1" 200 589 "http://www.secrepo.com/" "Mozilla/5.0 (Macintosh; Intel Mac OS X 10_13_4) AppleWebKit/537.36 (KHTML, like Gecko) Chrome/66.0.3359.181 Safari/537.36" 
66.249.82.223 - - [20/Jun/2018:14:29:26 -0700] "GET / HTTP/1.1" 200 11355 "-" "Mozilla/5.0 (Linux; Android 8.0.0; SM-G950F Build/R16NW) AppleWebKit/537.36 (KHTML, like Gecko) Chrome/67.0.3396.87 Mobile Safari/537.36" 
66.249.82.193 - - [20/Jun/2018:14:29:27 -0700] "GET /GitHub-Mark.png HTTP/1.1" 200 7428 "http://www.secrepo.com/" "Mozilla/5.0 (Linux; Android 8.0.0; SM-G950F Build/R16NW) AppleWebKit/537.36 (KHTML, like Gecko) Chrome/67.0.3396.87 Mobile Safari/537.36" 
66.249.82.223 - - [20/Jun/2018:14:29:27 -0700] "GET /twitter-icon.png HTTP/1.1" 200 27787 "http://www.secrepo.com/" "Mozilla/5.0 (Linux; Android 8.0.0; SM-G950F Build/R16NW) AppleWebKit/537.36 (KHTML, like Gecko) Chrome/67.0.3396.87 Mobile Safari/537.36" 
66.249.82.193 - - [20/Jun/2018:14:29:31 -0700] "GET /bootstrap/img/favicon.ico HTTP/1.1" 200 590 "http://www.secrepo.com/" "Mozilla/5.0 (Linux; Android 8.0.0; SM-G950F Build/R16NW) AppleWebKit/537.36 (KHTML, like Gecko) Chrome/67.0.3396.87 Mobile Safari/537.36" 
73.140.60.122 - - [20/Jun/2018:14:33:06 -0700] "GET / HTTP/1.1" 200 11355 "http://vizsec.org/data/" "Mozilla/5.0 (Windows NT 10.0; Win64; x64) AppleWebKit/537.36 (KHTML, like Gecko) Chrome/67.0.3396.87 Safari/537.36" 
73.140.60.122 - - [20/Jun/2018:14:33:06 -0700] "GET /twitter-icon.png HTTP/1.1" 200 27787 "http://www.secrepo.com/" "Mozilla/5.0 (Windows NT 10.0; Win64; x64) AppleWebKit/537.36 (KHTML, like Gecko) Chrome/67.0.3396.87 Safari/537.36" 
73.140.60.122 - - [20/Jun/2018:14:33:06 -0700] "GET /GitHub-Mark.png HTTP/1.1" 200 7428 "http://www.secrepo.com/" "Mozilla/5.0 (Windows NT 10.0; Win64; x64) AppleWebKit/537.36 (KHTML, like Gecko) Chrome/67.0.3396.87 Safari/537.36" 
60.240.142.23 - - [20/Jun/2018:14:38:52 -0700] "GET /wp-login.php HTTP/1.1" 418 732 "-" "Mozilla/5.0 (Windows NT 6.1; WOW64; rv:40.0) Gecko/20100101 Firefox/40.1" 
60.240.142.23 - - [20/Jun/2018:14:38:53 -0700] "GET / HTTP/1.1" 418 732 "-" "Mozilla/5.0 (Windows NT 6.1; WOW64; rv:40.0) Gecko/20100101 Firefox/40.1" 
108.59.8.80 - - [20/Jun/2018:14:44:24 -0700] "GET /robots.txt HTTP/1.1" 200 289 "-" "Mozilla/5.0 (compatible; MJ12bot/v1.4.8; http://mj12bot.com/)" 
108.59.8.80 - - [20/Jun/2018:14:44:28 -0700] "GET / HTTP/1.1" 200 38539 "-" "Mozilla/5.0 (compatible; MJ12bot/v1.4.8; http://mj12bot.com/)" 
102.181.194.40 - - [20/Jun/2018:14:44:59 -0700] "GET /tg/tg_snort_fast.7z HTTP/1.1" 304 131 "-" "Mozilla/5.0 Gecko/20100115 Firefox/3.6" 
199.127.112.240 - - [20/Jun/2018:14:48:22 -0700] "GET / HTTP/1.1" 200 11355 "-" "Mozilla/5.0 (Macintosh; Intel Mac OS X 10.12; rv:60.0) Gecko/20100101 Firefox/60.0" 
199.127.112.240 - - [20/Jun/2018:14:48:22 -0700] "GET /twitter-icon.png HTTP/1.1" 200 27788 "http://www.secrepo.com/" "Mozilla/5.0 (Macintosh; Intel Mac OS X 10.12; rv:60.0) Gecko/20100101 Firefox/60.0" 
199.127.112.240 - - [20/Jun/2018:14:48:22 -0700] "GET /GitHub-Mark.png HTTP/1.1" 200 7427 "http://www.secrepo.com/" "Mozilla/5.0 (Macintosh; Intel Mac OS X 10.12; rv:60.0) Gecko/20100101 Firefox/60.0" 
199.127.112.240 - - [20/Jun/2018:14:48:31 -0700] "GET /twitter-icon.png HTTP/1.1" 200 27788 "http://www.secrepo.com/" "Mozilla/5.0 (Macintosh; Intel Mac OS X 10.12; rv:60.0) Gecko/20100101 Firefox/60.0" 
199.127.112.240 - - [20/Jun/2018:14:48:31 -0700] "GET /GitHub-Mark.png HTTP/1.1" 200 7428 "http://www.secrepo.com/" "Mozilla/5.0 (Macintosh; Intel Mac OS X 10.12; rv:60.0) Gecko/20100101 Firefox/60.0" 
199.127.112.240 - - [20/Jun/2018:14:48:33 -0700] "GET /bootstrap/img/favicon.ico HTTP/1.1" 200 589 "-" "Mozilla/5.0 (Macintosh; Intel Mac OS X 10.12; rv:60.0) Gecko/20100101 Firefox/60.0" 
199.127.112.240 - - [20/Jun/2018:14:48:52 -0700] "GET / HTTP/1.1" 200 11355 "-" "Mozilla/5.0 (Macintosh; Intel Mac OS X 10.12; rv:60.0) Gecko/20100101 Firefox/60.0" 
199.127.112.240 - - [20/Jun/2018:14:48:52 -0700] "GET /twitter-icon.png HTTP/1.1" 200 27787 "http://www.secrepo.com/" "Mozilla/5.0 (Macintosh; Intel Mac OS X 10.12; rv:60.0) Gecko/20100101 Firefox/60.0" 
199.127.112.240 - - [20/Jun/2018:14:48:52 -0700] "GET /GitHub-Mark.png HTTP/1.1" 200 7428 "http://www.secrepo.com/" "Mozilla/5.0 (Macintosh; Intel Mac OS X 10.12; rv:60.0) Gecko/20100101 Firefox/60.0" 
128.252.20.193 - - [20/Jun/2018:14:50:10 -0700] "GET / HTTP/1.1" 200 11355 "https://www.google.com/" "Mozilla/5.0 (Windows NT 6.1; Win64; x64) AppleWebKit/537.36 (KHTML, like Gecko) Chrome/67.0.3396.87 Safari/537.36" 
128.252.20.193 - - [20/Jun/2018:14:50:10 -0700] "GET /twitter-icon.png HTTP/1.1" 200 27787 "http://www.secrepo.com/" "Mozilla/5.0 (Windows NT 6.1; Win64; x64) AppleWebKit/537.36 (KHTML, like Gecko) Chrome/67.0.3396.87 Safari/537.36" 
128.252.20.193 - - [20/Jun/2018:14:50:10 -0700] "GET /GitHub-Mark.png HTTP/1.1" 200 7428 "http://www.secrepo.com/" "Mozilla/5.0 (Windows NT 6.1; Win64; x64) AppleWebKit/537.36 (KHTML, like Gecko) Chrome/67.0.3396.87 Safari/537.36" 
128.252.20.193 - - [20/Jun/2018:14:50:11 -0700] "GET /bootstrap/img/favicon.ico HTTP/1.1" 200 589 "http://www.secrepo.com/" "Mozilla/5.0 (Windows NT 6.1; Win64; x64) AppleWebKit/537.36 (KHTML, like Gecko) Chrome/67.0.3396.87 Safari/537.36" 
54.36.148.179 - - [20/Jun/2018:14:52:14 -0700] "GET /self.logs/2016/error.log.2016-05-03.gz HTTP/1.1" 200 782 "-" "Mozilla/5.0 (compatible; AhrefsBot/5.2; +http://ahrefs.com/robot/)" 
128.252.25.19 - - [20/Jun/2018:14:53:03 -0700] "GET /pe_static/zeus.zip HTTP/1.1" 200 51367111 "-" "Mozilla/5.0 (Macintosh; Intel Mac OS X 10_13_4) AppleWebKit/537.36 (KHTML, like Gecko) Chrome/66.0.3359.181 Safari/537.36" 
66.249.93.64 - - [20/Jun/2018:14:55:31 -0700] "GET / HTTP/1.1" 200 11355 "android-app://com.Slack" "Mozilla/5.0 (Linux; Android 8.0.0; ONEPLUS A3003 Build/OPR1.170623.032) AppleWebKit/537.36 (KHTML, like Gecko) Chrome/67.0.3396.87 Mobile Safari/537.36" 
66.249.93.93 - - [20/Jun/2018:14:55:31 -0700] "GET /GitHub-Mark.png HTTP/1.1" 200 7428 "http://www.secrepo.com/" "Mozilla/5.0 (Linux; Android 8.0.0; Build/OPR1.170623.032) AppleWebKit/537.36 (KHTML, like Gecko) Chrome/67.0.3396.87 Mobile Safari/537.36" 
66.249.93.64 - - [20/Jun/2018:14:55:31 -0700] "GET /twitter-icon.png HTTP/1.1" 200 27787 "http://www.secrepo.com/" "Mozilla/5.0 (Linux; Android 8.0.0; Build/OPR1.170623.032) AppleWebKit/537.36 (KHTML, like Gecko) Chrome/67.0.3396.87 Mobile Safari/537.36" 
66.249.93.93 - - [20/Jun/2018:14:55:33 -0700] "GET /bootstrap/img/favicon.ico HTTP/1.1" 200 590 "http://www.secrepo.com/" "Mozilla/5.0 (Linux; Android 8.0.0; Build/OPR1.170623.032) AppleWebKit/537.36 (KHTML, like Gecko) Chrome/67.0.3396.87 Mobile Safari/537.36" 
54.36.148.234 - - [20/Jun/2018:14:59:34 -0700] "GET /self.logs/error.log.2015-12-29.gz HTTP/1.1" 404 284 "-" "Mozilla/5.0 (compatible; AhrefsBot/5.2; +http://ahrefs.com/robot/)" 
77.138.46.66 - - [20/Jun/2018:15:00:12 -0700] "GET /self.logs/ HTTP/1.1" 200 10578 "http://enigmater.blogspot.com/2017/03/intrusion-detection-based-on-supervised.html" "Mozilla/5.0 (Windows NT 10.0; Win64; x64) AppleWebKit/537.36 (KHTML, like Gecko) Chrome/67.0.3396.87 Safari/537.36" 
77.138.46.66 - - [20/Jun/2018:15:00:13 -0700] "GET /favicon.ico HTTP/1.1" 200 267 "http://www.secrepo.com/self.logs/" "Mozilla/5.0 (Windows NT 10.0; Win64; x64) AppleWebKit/537.36 (KHTML, like Gecko) Chrome/67.0.3396.87 Safari/537.36" 
77.138.46.66 - - [20/Jun/2018:15:00:16 -0700] "GET /self.logs/access.log.2017-03-13.gz HTTP/1.1" 200 43255 "http://www.secrepo.com/self.logs/" "Mozilla/5.0 (Windows NT 10.0; Win64; x64) AppleWebKit/537.36 (KHTML, like Gecko) Chrome/67.0.3396.87 Safari/537.36" 
77.138.46.66 - - [20/Jun/2018:15:00:21 -0700] "GET / HTTP/1.1" 200 11355 "http://www.secrepo.com/self.logs/" "Mozilla/5.0 (Windows NT 10.0; Win64; x64) AppleWebKit/537.36 (KHTML, like Gecko) Chrome/67.0.3396.87 Safari/537.36" 
77.138.46.66 - - [20/Jun/2018:15:00:21 -0700] "GET /twitter-icon.png HTTP/1.1" 200 27787 "http://www.secrepo.com/" "Mozilla/5.0 (Windows NT 10.0; Win64; x64) AppleWebKit/537.36 (KHTML, like Gecko) Chrome/67.0.3396.87 Safari/537.36" 
77.138.46.66 - - [20/Jun/2018:15:00:21 -0700] "GET /GitHub-Mark.png HTTP/1.1" 200 7428 "http://www.secrepo.com/" "Mozilla/5.0 (Windows NT 10.0; Win64; x64) AppleWebKit/537.36 (KHTML, like Gecko) Chrome/67.0.3396.87 Safari/537.36" 
77.138.46.66 - - [20/Jun/2018:15:00:22 -0700] "GET /bootstrap/img/favicon.ico HTTP/1.1" 200 589 "http://www.secrepo.com/" "Mozilla/5.0 (Windows NT 10.0; Win64; x64) AppleWebKit/537.36 (KHTML, like Gecko) Chrome/67.0.3396.87 Safari/537.36" 
113.171.224.176 - - [20/Jun/2018:15:12:47 -0700] "GET /honeypot/Honeypot%20-%20Howto.pdf HTTP/1.1" 200 46720 "-" "Mozilla/5.0 Gecko/20100115 Firefox/3.6" 
54.36.148.139 - - [20/Jun/2018:15:13:55 -0700] "GET /self.logs/error.log.2015-03-21.gz HTTP/1.1" 404 284 "-" "Mozilla/5.0 (compatible; AhrefsBot/5.2; +http://ahrefs.com/robot/)" 
23.101.169.3 - - [20/Jun/2018:15:18:03 -0700] "GET / HTTP/1.1" 200 11355 "-" "Mozilla/5.0 (compatible; MSIE 9.0; Windows NT 6.0; Trident/5.0;  Trident/5.0)" 
54.36.148.72 - - [20/Jun/2018:15:19:12 -0700] "GET /self.logs/access.log.2016-05-15.gz HTTP/1.1" 404 284 "-" "Mozilla/5.0 (compatible; AhrefsBot/5.2; +http://ahrefs.com/robot/)" 
52.165.166.139 - - [20/Jun/2018:15:20:15 -0700] "GET / HTTP/1.1" 301 427 "-" "Mozilla/5.0 (Windows NT 10.0; Win64; x64) AppleWebKit/537.36 (KHTML, like Gecko) Chrome/65.0.3325.181 Safari/537.36" 
103.22.172.42 - - [20/Jun/2018:15:22:57 -0700] "GET / HTTP/1.1" 200 11355 "https://www.google.com/" "Mozilla/5.0 (Windows NT 6.1; rv:48.0) Gecko/20100101 Firefox/48.0" 
103.22.172.42 - - [20/Jun/2018:15:22:57 -0700] "GET /bootstrap/img/favicon.ico HTTP/1.1" 200 589 "-" "Mozilla/5.0 (Windows NT 6.1; rv:48.0) Gecko/20100101 Firefox/48.0" 
103.22.172.42 - - [20/Jun/2018:15:22:58 -0700] "GET /GitHub-Mark.png HTTP/1.1" 200 7428 "http://www.secrepo.com/" "Mozilla/5.0 (Windows NT 6.1; rv:48.0) Gecko/20100101 Firefox/48.0" 
103.22.172.42 - - [20/Jun/2018:15:22:58 -0700] "GET /twitter-icon.png HTTP/1.1" 200 27788 "http://www.secrepo.com/" "Mozilla/5.0 (Windows NT 6.1; rv:48.0) Gecko/20100101 Firefox/48.0" 
216.244.66.245 - - [20/Jun/2018:15:28:39 -0700] "GET /robots.txt HTTP/1.1" 200 233 "-" "Mozilla/5.0 (compatible; DotBot/1.1; http://www.opensiteexplorer.org/dotbot, help@moz.com)" 
54.36.148.31 - - [20/Jun/2018:15:30:25 -0700] "GET /self.logs/error.log.2017-10-03.gz HTTP/1.1" 200 2794 "-" "Mozilla/5.0 (compatible; AhrefsBot/5.2; +http://ahrefs.com/robot/)" 
216.244.66.245 - - [20/Jun/2018:15:42:38 -0700] "GET /self.logs/error.log.2018-03-12.gz HTTP/1.1" 200 7742 "-" "Mozilla/5.0 (compatible; DotBot/1.1; http://www.opensiteexplorer.org/dotbot, help@moz.com)" 
54.36.149.89 - - [20/Jun/2018:15:45:24 -0700] "GET /self.logs/error.log.2016-12-06.gz HTTP/1.1" 404 284 "-" "Mozilla/5.0 (compatible; AhrefsBot/5.2; +http://ahrefs.com/robot/)" 
85.249.7.50 - - [20/Jun/2018:15:48:47 -0700] "GET /wp-login.php HTTP/1.1" 418 732 "-" "Mozilla/5.0 (Windows NT 6.1; WOW64; rv:40.0) Gecko/20100101 Firefox/40.1" 
85.249.7.50 - - [20/Jun/2018:15:48:47 -0700] "GET / HTTP/1.1" 418 732 "-" "Mozilla/5.0 (Windows NT 6.1; WOW64; rv:40.0) Gecko/20100101 Firefox/40.1" 
157.55.39.119 - - [20/Jun/2018:15:49:19 -0700] "GET /auth.log/auth.log.gz HTTP/1.1" 301 515 "-" "Mozilla/5.0 (iPhone; CPU iPhone OS 7_0 like Mac OS X) AppleWebKit/537.51.1 (KHTML, like Gecko) Version/7.0 Mobile/11A465 Safari/9537.53 (compatible; bingbot/2.0; +http://www.bing.com/bingbot.htm)" 
157.55.39.119 - - [20/Jun/2018:15:49:24 -0700] "GET /auth.log/auth.log.gz HTTP/1.1" 200 554524 "-" "Mozilla/5.0 (iPhone; CPU iPhone OS 7_0 like Mac OS X) AppleWebKit/537.51.1 (KHTML, like Gecko) Version/7.0 Mobile/11A465 Safari/9537.53 (compatible; bingbot/2.0; +http://www.bing.com/bingbot.htm)" 
109.102.111.88 - - [20/Jun/2018:15:51:56 -0700] "GET / HTTP/1.1" 200 38595 "-" "Java/1.6.0_04" 
109.102.111.88 - - [20/Jun/2018:15:51:57 -0700] "GET /GitHub-Mark.png HTTP/1.1" 200 7427 "-" "Java/1.6.0_04" 
109.102.111.88 - - [20/Jun/2018:15:51:57 -0700] "GET /self.logs HTTP/1.1" 301 517 "-" "Java/1.6.0_04" 
109.102.111.88 - - [20/Jun/2018:15:51:58 -0700] "GET /self.logs/ HTTP/1.1" 200 102742 "-" "Java/1.6.0_04" 
109.102.111.88 - - [20/Jun/2018:15:51:59 -0700] "GET /twitter-icon.png HTTP/1.1" 200 27787 "-" "Java/1.6.0_04" 
109.102.111.88 - - [20/Jun/2018:15:51:59 -0700] "GET /access.log.2017-01-01.gz HTTP/1.1" 404 294 "-" "Java/1.6.0_04" 
109.102.111.88 - - [20/Jun/2018:15:51:59 -0700] "GET /access.log.2017-01-02.gz HTTP/1.1" 404 294 "-" "Java/1.6.0_04" 
109.102.111.88 - - [20/Jun/2018:15:52:00 -0700] "GET /access.log.2017-01-03.gz HTTP/1.1" 404 294 "-" "Java/1.6.0_04" 
109.102.111.88 - - [20/Jun/2018:15:52:00 -0700] "GET /access.log.2017-01-04.gz HTTP/1.1" 404 294 "-" "Java/1.6.0_04" 
109.102.111.88 - - [20/Jun/2018:15:52:00 -0700] "GET /access.log.2017-01-05.gz HTTP/1.1" 404 294 "-" "Java/1.6.0_04" 
109.102.111.88 - - [20/Jun/2018:15:52:00 -0700] "GET /access.log.2017-01-06.gz HTTP/1.1" 404 294 "-" "Java/1.6.0_04" 
109.102.111.88 - - [20/Jun/2018:15:52:00 -0700] "GET /access.log.2017-01-07.gz HTTP/1.1" 404 294 "-" "Java/1.6.0_04" 
109.102.111.88 - - [20/Jun/2018:15:52:00 -0700] "GET /access.log.2017-01-08.gz HTTP/1.1" 404 294 "-" "Java/1.6.0_04" 
109.102.111.88 - - [20/Jun/2018:15:52:00 -0700] "GET /access.log.2017-01-09.gz HTTP/1.1" 404 294 "-" "Java/1.6.0_04" 
109.102.111.88 - - [20/Jun/2018:15:52:01 -0700] "GET /access.log.2017-01-10.gz HTTP/1.1" 404 294 "-" "Java/1.6.0_04" 
109.102.111.88 - - [20/Jun/2018:15:52:01 -0700] "GET /access.log.2017-01-11.gz HTTP/1.1" 404 294 "-" "Java/1.6.0_04" 
109.102.111.88 - - [20/Jun/2018:15:52:01 -0700] "GET /access.log.2017-01-12.gz HTTP/1.1" 404 294 "-" "Java/1.6.0_04" 
109.102.111.88 - - [20/Jun/2018:15:52:01 -0700] "GET /access.log.2017-01-13.gz HTTP/1.1" 404 294 "-" "Java/1.6.0_04" 
109.102.111.88 - - [20/Jun/2018:15:52:02 -0700] "GET /access.log.2017-01-14.gz HTTP/1.1" 404 294 "-" "Java/1.6.0_04" 
109.102.111.88 - - [20/Jun/2018:15:52:02 -0700] "GET /access.log.2017-01-15.gz HTTP/1.1" 404 294 "-" "Java/1.6.0_04" 
109.102.111.88 - - [20/Jun/2018:15:52:02 -0700] "GET /access.log.2017-01-16.gz HTTP/1.1" 404 294 "-" "Java/1.6.0_04" 
109.102.111.88 - - [20/Jun/2018:15:52:02 -0700] "GET /access.log.2017-01-17.gz HTTP/1.1" 404 294 "-" "Java/1.6.0_04" 
109.102.111.88 - - [20/Jun/2018:15:52:02 -0700] "GET /access.log.2017-01-18.gz HTTP/1.1" 404 294 "-" "Java/1.6.0_04" 
109.102.111.88 - - [20/Jun/2018:15:52:02 -0700] "GET /access.log.2017-01-19.gz HTTP/1.1" 404 294 "-" "Java/1.6.0_04" 
109.102.111.88 - - [20/Jun/2018:15:52:02 -0700] "GET /access.log.2017-01-20.gz HTTP/1.1" 404 294 "-" "Java/1.6.0_04" 
109.102.111.88 - - [20/Jun/2018:15:52:03 -0700] "GET /access.log.2017-01-21.gz HTTP/1.1" 404 294 "-" "Java/1.6.0_04" 
109.102.111.88 - - [20/Jun/2018:15:52:03 -0700] "GET /access.log.2017-01-22.gz HTTP/1.1" 404 294 "-" "Java/1.6.0_04" 
109.102.111.88 - - [20/Jun/2018:15:52:03 -0700] "GET /access.log.2017-01-23.gz HTTP/1.1" 404 294 "-" "Java/1.6.0_04" 
109.102.111.88 - - [20/Jun/2018:15:52:03 -0700] "GET /access.log.2017-01-24.gz HTTP/1.1" 404 294 "-" "Java/1.6.0_04" 
109.102.111.88 - - [20/Jun/2018:15:52:03 -0700] "GET /access.log.2017-01-25.gz HTTP/1.1" 404 294 "-" "Java/1.6.0_04" 
109.102.111.88 - - [20/Jun/2018:15:52:03 -0700] "GET /access.log.2017-01-26.gz HTTP/1.1" 404 294 "-" "Java/1.6.0_04" 
54.81.197.24 - - [20/Jun/2018:15:52:13 -0700] "GET /robots.txt HTTP/1.1" 200 297 "-" "CCBot/2.0 (http://commoncrawl.org/faq/)" 
54.81.197.24 - - [20/Jun/2018:15:52:13 -0700] "GET / HTTP/1.1" 200 11318 "-" "CCBot/2.0 (http://commoncrawl.org/faq/)" 
54.81.197.24 - - [20/Jun/2018:15:52:33 -0700] "GET /data HTTP/1.1" 404 303 "-" "CCBot/2.0 (http://commoncrawl.org/faq/)" 
54.81.197.24 - - [20/Jun/2018:15:52:53 -0700] "GET /self.logs/ HTTP/1.1" 200 10541 "-" "CCBot/2.0 (http://commoncrawl.org/faq/)" 
54.36.149.20 - - [20/Jun/2018:15:53:10 -0700] "GET /self.logs/access.log.2018-05-31.gz HTTP/1.1" 200 23610 "-" "Mozilla/5.0 (compatible; AhrefsBot/5.2; +http://ahrefs.com/robot/)" 
54.36.148.91 - - [20/Jun/2018:15:56:17 -0700] "GET /self.logs/2015/error.log.2015-03-21.gz HTTP/1.1" 200 762 "-" "Mozilla/5.0 (compatible; AhrefsBot/5.2; +http://ahrefs.com/robot/)" 
54.36.148.54 - - [20/Jun/2018:15:58:58 -0700] "GET /self.logs/2016/access.log.2016-02-05.gz HTTP/1.1" 200 5610 "-" "Mozilla/5.0 (compatible; AhrefsBot/5.2; +http://ahrefs.com/robot/)" 
54.36.148.90 - - [20/Jun/2018:15:59:15 -0700] "GET /self.logs/2015/access.log.2015-10-29.gz HTTP/1.1" 200 5280 "-" "Mozilla/5.0 (compatible; AhrefsBot/5.2; +http://ahrefs.com/robot/)" 
192.16.26.2 - - [20/Jun/2018:16:08:52 -0700] "GET / HTTP/1.1" 200 11355 "-" "Mozilla/5.0 (Macintosh; Intel Mac OS X 10_13_5) AppleWebKit/537.36 (KHTML, like Gecko) Chrome/67.0.3396.87 Safari/537.36" 
192.16.26.2 - - [20/Jun/2018:16:08:53 -0700] "GET /twitter-icon.png HTTP/1.1" 200 27787 "http://www.secrepo.com/" "Mozilla/5.0 (Macintosh; Intel Mac OS X 10_13_5) AppleWebKit/537.36 (KHTML, like Gecko) Chrome/67.0.3396.87 Safari/537.36" 
192.16.26.2 - - [20/Jun/2018:16:08:53 -0700] "GET /GitHub-Mark.png HTTP/1.1" 200 7428 "http://www.secrepo.com/" "Mozilla/5.0 (Macintosh; Intel Mac OS X 10_13_5) AppleWebKit/537.36 (KHTML, like Gecko) Chrome/67.0.3396.87 Safari/537.36" 
113.171.224.176 - - [20/Jun/2018:16:13:39 -0700] "GET /honeypot/Honeypot%20-%20Howto.pdf HTTP/1.1" 200 46720 "-" "Mozilla/5.0 Gecko/20100115 Firefox/3.6" 
54.36.148.48 - - [20/Jun/2018:16:16:04 -0700] "GET /self.logs/error.log.2017-05-16.gz HTTP/1.1" 200 987 "-" "Mozilla/5.0 (compatible; AhrefsBot/5.2; +http://ahrefs.com/robot/)" 
216.244.66.245 - - [20/Jun/2018:16:16:27 -0700] "GET /robots.txt HTTP/1.1" 200 233 "-" "Mozilla/5.0 (compatible; DotBot/1.1; http://www.opensiteexplorer.org/dotbot, help@moz.com)" 
207.241.232.94 - - [20/Jun/2018:16:25:15 -0700] "GET /robots.txt HTTP/1.0" 200 252 "-" "Mozilla/5.0 (compatible; archive.org_bot; Archive-It; +http://archive-it.org/files/site-owners.html)" 
104.133.8.110 - - [20/Jun/2018:16:27:10 -0700] "GET / HTTP/1.1" 301 483 "-" "Mozilla/5.0 (X11; Ubuntu; Linux x86_64; rv:60.0) Gecko/20100101 Firefox/60.0" 
104.133.8.110 - - [20/Jun/2018:16:27:10 -0700] "GET / HTTP/1.1" 200 11355 "-" "Mozilla/5.0 (X11; Ubuntu; Linux x86_64; rv:60.0) Gecko/20100101 Firefox/60.0" 
104.133.8.110 - - [20/Jun/2018:16:27:10 -0700] "GET /twitter-icon.png HTTP/1.1" 200 27787 "http://www.secrepo.com/" "Mozilla/5.0 (X11; Ubuntu; Linux x86_64; rv:60.0) Gecko/20100101 Firefox/60.0" 
104.133.8.110 - - [20/Jun/2018:16:27:11 -0700] "GET /GitHub-Mark.png HTTP/1.1" 200 7428 "http://www.secrepo.com/" "Mozilla/5.0 (X11; Ubuntu; Linux x86_64; rv:60.0) Gecko/20100101 Firefox/60.0" 
104.133.8.110 - - [20/Jun/2018:16:27:11 -0700] "GET /bootstrap/img/favicon.ico HTTP/1.1" 200 589 "-" "Mozilla/5.0 (X11; Ubuntu; Linux x86_64; rv:60.0) Gecko/20100101 Firefox/60.0" 
104.133.8.110 - - [20/Jun/2018:16:27:11 -0700] "GET /bootstrap/img/favicon.ico HTTP/1.1" 200 589 "-" "Mozilla/5.0 (X11; Ubuntu; Linux x86_64; rv:60.0) Gecko/20100101 Firefox/60.0" 
104.133.8.110 - - [20/Jun/2018:16:27:11 -0700] "GET /bootstrap/img/favicon.ico HTTP/1.1" 206 634 "-" "Mozilla/5.0 (X11; Ubuntu; Linux x86_64; rv:60.0) Gecko/20100101 Firefox/60.0" 
216.244.66.245 - - [20/Jun/2018:16:30:03 -0700] "GET /self.logs/error.log.2018-03-13.gz HTTP/1.1" 200 6045 "-" "Mozilla/5.0 (compatible; DotBot/1.1; http://www.opensiteexplorer.org/dotbot, help@moz.com)" 
136.186.248.250 - - [20/Jun/2018:16:31:37 -0700] "GET / HTTP/1.1" 200 11355 "-" "Mozilla/5.0 (iPad; CPU OS 11_4 like Mac OS X) AppleWebKit/605.1.15 (KHTML, like Gecko) Version/11.0 Mobile/15E148 Safari/604.1" 
136.186.248.250 - - [20/Jun/2018:16:31:37 -0700] "GET /twitter-icon.png HTTP/1.1" 200 27787 "http://www.secrepo.com/" "Mozilla/5.0 (iPad; CPU OS 11_4 like Mac OS X) AppleWebKit/605.1.15 (KHTML, like Gecko) Version/11.0 Mobile/15E148 Safari/604.1" 
136.186.248.250 - - [20/Jun/2018:16:31:37 -0700] "GET /GitHub-Mark.png HTTP/1.1" 200 7428 "http://www.secrepo.com/" "Mozilla/5.0 (iPad; CPU OS 11_4 like Mac OS X) AppleWebKit/605.1.15 (KHTML, like Gecko) Version/11.0 Mobile/15E148 Safari/604.1" 
