40.77.167.50 - - [02/Oct/2018:13:57:30 -0700] "GET /self.logs/error.log.2016-07-17.gz HTTP/1.1" 404 340 "-" "Mozilla/5.0 (compatible; bingbot/2.0; +http://www.bing.com/bingbot.htm)" 
54.36.148.33 - - [02/Oct/2018:13:57:44 -0700] "GET /self.logs/2015/access.log.2015-07-08.gz HTTP/1.1" 200 4673 "-" "Mozilla/5.0 (compatible; AhrefsBot/5.2; +http://ahrefs.com/robot/)" 
50.16.242.161 - - [02/Oct/2018:13:58:07 -0700] "GET /scada/scada_logs.zip HTTP/1.1" 200 364901 "-" "'Mozilla/5.0 (compatible; DuckDuckBot-Https/1.1; https://duckduckgo.com/duckduckbot)'" 
174.1.63.24 - - [02/Oct/2018:13:58:57 -0700] "GET /wp-login.php HTTP/1.1" 418 732 "-" "Mozilla/5.0 (Windows NT 6.1; WOW64; rv:40.0) Gecko/20100101 Firefox/40.1" 
174.1.63.24 - - [02/Oct/2018:13:58:57 -0700] "GET / HTTP/1.1" 418 732 "-" "Mozilla/5.0 (Windows NT 6.1; WOW64; rv:40.0) Gecko/20100101 Firefox/40.1" 
118.126.96.35 - - [02/Oct/2018:13:59:48 -0700] "PUT /xfeiq61523.txt HTTP/1.1" 405 498 "-" "Mozilla/4.0 (compatible; Win32; WinHttp.WinHttpRequest.5)" 
118.126.96.35 - - [02/Oct/2018:13:59:51 -0700] "GET /plus/mytag_js.php HTTP/1.1" 404 239 "http://www.secrepo.com/plus/mytag_js.php" "Mozilla/4.0 (compatible; MSIE 6.0; Windows NT 5.0)" 
118.126.96.35 - - [02/Oct/2018:13:59:51 -0700] "GET /utility/convert/index.php?a=config&source=d7.2_x2.0 HTTP/1.1" 418 732 "-" "Mozilla/4.0 (compatible; MSIE 6.0; Windows NT 5.1; SV1)" 
118.126.96.35 - - [02/Oct/2018:13:59:57 -0700] "GET /bbs/utility/convert/index.php?a=config&source=d7.2_x2.0 HTTP/1.1" 418 732 "-" "Mozilla/4.0 (compatible; MSIE 6.0; Windows NT 5.1; SV1)" 
118.126.96.35 - - [02/Oct/2018:14:00:01 -0700] "GET /bbs/convert/index.php?a=config&source=d7.2_x2.0 HTTP/1.1" 418 732 "-" "Mozilla/4.0 (compatible; MSIE 6.0; Windows NT 5.1; SV1)" 
118.126.96.35 - - [02/Oct/2018:14:00:01 -0700] "GET /FCKeditor/editor/filemanager/connectors/aspx/connector.aspx HTTP/1.1" 418 732 "-" "Mozilla/4.0 (compatible; MSIE 6.0; Windows NT 5.1; SV1)" 
118.126.96.35 - - [02/Oct/2018:14:00:02 -0700] "GET /FCKeditor/editor/filemanager/browser/default/connectors/aspx/connector.aspx HTTP/1.1" 418 732 "-" "Mozilla/4.0 (compatible; MSIE 6.0; Windows NT 5.1; SV1)" 
118.126.96.35 - - [02/Oct/2018:14:00:02 -0700] "GET /FCKeditor/editor/filemanager/connectors/php/connector.php HTTP/1.1" 418 732 "-" "Mozilla/4.0 (compatible; MSIE 6.0; Windows NT 5.1; SV1)" 
41.223.160.173 - - [02/Oct/2018:14:01:54 -0700] "GET /tg/tg_snort_fast.7z HTTP/1.1" 304 131 "-" "Mozilla/5.0 Gecko/20100115 Firefox/3.6" 
41.223.160.173 - - [02/Oct/2018:14:03:16 -0700] "GET /maccdc2012/dns.log.gz HTTP/1.1" 304 154 "-" "Mozilla/5.0 Gecko/20100115 Firefox/3.6" 
49.181.208.230 - - [02/Oct/2018:14:06:12 -0700] "GET /wp-login.php HTTP/1.1" 418 732 "-" "Mozilla/5.0 (Windows NT 6.1; WOW64; rv:40.0) Gecko/20100101 Firefox/40.1" 
49.181.208.230 - - [02/Oct/2018:14:06:12 -0700] "GET / HTTP/1.1" 418 732 "-" "Mozilla/5.0 (Windows NT 6.1; WOW64; rv:40.0) Gecko/20100101 Firefox/40.1" 
54.36.148.133 - - [02/Oct/2018:14:07:36 -0700] "GET /self.logs/access.log.2017-09-09.gz HTTP/1.1" 200 15222 "-" "Mozilla/5.0 (compatible; AhrefsBot/5.2; +http://ahrefs.com/robot/)" 
40.77.167.50 - - [02/Oct/2018:14:12:34 -0700] "GET /self.logs/access.log.2015-05-10.gz HTTP/1.1" 404 340 "-" "Mozilla/5.0 (compatible; bingbot/2.0; +http://www.bing.com/bingbot.htm)" 
18.223.172.176 - - [02/Oct/2018:14:14:35 -0700] "GET / HTTP/1.1" 200 12383 "-" "Mozilla/5.0 (X11; Linux x86_64) Gecko/20100101 Safari/602.1" 
86.183.204.14 - - [02/Oct/2018:14:14:46 -0700] "GET / HTTP/1.1" 200 12383 "-" "Mozilla/5.0 (Macintosh; Intel Mac OS X 10_13_6) AppleWebKit/537.36 (KHTML, like Gecko) Chrome/69.0.3497.100 Safari/537.36" 
86.183.204.14 - - [02/Oct/2018:14:14:46 -0700] "GET /twitter-icon.png HTTP/1.1" 200 27787 "http://www.secrepo.com/" "Mozilla/5.0 (Macintosh; Intel Mac OS X 10_13_6) AppleWebKit/537.36 (KHTML, like Gecko) Chrome/69.0.3497.100 Safari/537.36" 
86.183.204.14 - - [02/Oct/2018:14:14:46 -0700] "GET /GitHub-Mark.png HTTP/1.1" 200 7428 "http://www.secrepo.com/" "Mozilla/5.0 (Macintosh; Intel Mac OS X 10_13_6) AppleWebKit/537.36 (KHTML, like Gecko) Chrome/69.0.3497.100 Safari/537.36" 
86.183.204.14 - - [02/Oct/2018:14:15:39 -0700] "GET /Datasets%20Description/Network/ssh.html HTTP/1.1" 200 1262 "-" "Mozilla/5.0 (Macintosh; Intel Mac OS X 10_13_6) AppleWebKit/537.36 (KHTML, like Gecko) Chrome/69.0.3497.100 Safari/537.36" 
98.243.11.182 - - [02/Oct/2018:14:16:26 -0700] "GET / HTTP/1.1" 200 12383 "-" "Mozilla/5.0 (Macintosh; Intel Mac OS X 10_13_6) AppleWebKit/605.1.15 (KHTML, like Gecko)" 
98.243.11.182 - - [02/Oct/2018:14:16:26 -0700] "GET /apple-touch-icon-precomposed.png HTTP/1.1" 404 340 "-" "Safari/13606.2.11 CFNetwork/902.1 Darwin/17.7.0 (x86_64)" 
98.243.11.182 - - [02/Oct/2018:14:16:26 -0700] "GET /apple-touch-icon.png HTTP/1.1" 404 339 "-" "Safari/13606.2.11 CFNetwork/902.1 Darwin/17.7.0 (x86_64)" 
98.243.11.182 - - [02/Oct/2018:14:16:26 -0700] "GET /bootstrap/img/favicon.ico HTTP/1.1" 200 589 "-" "Safari/13606.2.11 CFNetwork/902.1 Darwin/17.7.0 (x86_64)" 
98.243.11.182 - - [02/Oct/2018:14:16:26 -0700] "GET / HTTP/1.1" 200 12382 "-" "Mozilla/5.0 (iPhone; CPU iPhone OS 11_3 like Mac OS X) AppleWebKit/605.1.15 (KHTML, like Gecko) Version/11.0 Mobile/15E148 Safari/604.1" 
98.243.11.182 - - [02/Oct/2018:14:16:26 -0700] "GET /apple-touch-icon-precomposed.png HTTP/1.1" 404 339 "-" "Safari/13606.2.11 CFNetwork/902.1 Darwin/17.7.0 (x86_64)" 
98.243.11.182 - - [02/Oct/2018:14:16:26 -0700] "GET /apple-touch-icon.png HTTP/1.1" 404 339 "-" "Safari/13606.2.11 CFNetwork/902.1 Darwin/17.7.0 (x86_64)" 
98.243.11.182 - - [02/Oct/2018:14:16:26 -0700] "GET /bootstrap/img/favicon.ico HTTP/1.1" 200 589 "-" "Safari/13606.2.11 CFNetwork/902.1 Darwin/17.7.0 (x86_64)" 
98.243.11.182 - - [02/Oct/2018:14:16:27 -0700] "GET / HTTP/1.1" 301 483 "http://www.secrepo.com/" "Mozilla/5.0 (Macintosh; Intel Mac OS X 10_13_6) AppleWebKit/605.1.15 (KHTML, like Gecko) Version/12.0 Safari/605.1.15" 
98.243.11.182 - - [02/Oct/2018:14:16:27 -0700] "GET / HTTP/1.1" 200 12383 "http://www.secrepo.com/" "Mozilla/5.0 (Macintosh; Intel Mac OS X 10_13_6) AppleWebKit/605.1.15 (KHTML, like Gecko) Version/12.0 Safari/605.1.15" 
98.243.11.182 - - [02/Oct/2018:14:16:28 -0700] "GET /apple-touch-icon-precomposed.png HTTP/1.1" 404 339 "-" "Safari/13606.2.11 CFNetwork/902.1 Darwin/17.7.0 (x86_64)" 
98.243.11.182 - - [02/Oct/2018:14:16:28 -0700] "GET /apple-touch-icon.png HTTP/1.1" 404 339 "-" "Safari/13606.2.11 CFNetwork/902.1 Darwin/17.7.0 (x86_64)" 
88.173.9.74 - - [02/Oct/2018:14:17:29 -0700] "GET /wp-login.php HTTP/1.1" 418 732 "-" "Mozilla/5.0 (Windows NT 6.1; WOW64; rv:40.0) Gecko/20100101 Firefox/40.1" 
88.173.9.74 - - [02/Oct/2018:14:17:29 -0700] "GET / HTTP/1.1" 418 732 "-" "Mozilla/5.0 (Windows NT 6.1; WOW64; rv:40.0) Gecko/20100101 Firefox/40.1" 
54.36.148.81 - - [02/Oct/2018:14:17:37 -0700] "GET /self.logs/error.log.2017-07-29.gz HTTP/1.1" 200 889 "-" "Mozilla/5.0 (compatible; AhrefsBot/5.2; +http://ahrefs.com/robot/)" 
216.244.66.245 - - [02/Oct/2018:14:19:59 -0700] "GET /robots.txt HTTP/1.1" 200 233 "-" "Mozilla/5.0 (compatible; DotBot/1.1; http://www.opensiteexplorer.org/dotbot, help@moz.com)" 
199.58.86.209 - - [02/Oct/2018:14:22:25 -0700] "GET /robots.txt HTTP/1.1" 200 289 "-" "Mozilla/5.0 (compatible; MJ12bot/v1.4.8; http://mj12bot.com/)" 
199.58.86.209 - - [02/Oct/2018:14:22:26 -0700] "GET / HTTP/1.1" 200 46156 "-" "Mozilla/5.0 (compatible; MJ12bot/v1.4.8; http://mj12bot.com/)" 
113.171.224.176 - - [02/Oct/2018:14:22:33 -0700] "GET /honeypot/Honeypot%20-%20Howto.pdf HTTP/1.1" 200 46720 "-" "Mozilla/5.0 Gecko/20100115 Firefox/3.6" 
54.36.148.237 - - [02/Oct/2018:14:23:58 -0700] "GET /self.logs/error.log.2018-03-08.gz HTTP/1.1" 200 4096 "-" "Mozilla/5.0 (compatible; AhrefsBot/5.2; +http://ahrefs.com/robot/)" 
216.244.66.245 - - [02/Oct/2018:14:24:34 -0700] "GET /Datasets%20Description/HTML_Bro_log_2/packet_filter.html HTTP/1.1" 200 4038 "-" "Mozilla/5.0 (compatible; DotBot/1.1; http://www.opensiteexplorer.org/dotbot, help@moz.com)" 
112.5.243.227 - - [02/Oct/2018:14:36:22 -0700] "GET / HTTP/1.1" 200 12383 "https://www.blogstar.fun/top-five-techniques-to-get-quick-visitors-to-site-and-make-money-quickly/26164610/" "Mozilla/5.0 (iPhone; CPU iPhone OS 10_2_1 like Mac OS X) AppleWebKit/602.4.6 (KHTML, like Gecko) Version/10.0 Mobile/14D27 Safari/602.1" 
18.224.45.232 - - [02/Oct/2018:14:38:16 -0700] "GET / HTTP/1.1" 200 12383 "-" "Mozilla/5.0 (X11; Linux x86_64) AppleWebKit/537.36 (KHTML, like Gecko) Chrome/67.0.3396.79 Safari/537.36" 
40.77.167.50 - - [02/Oct/2018:14:38:34 -0700] "GET /self.logs/error.log.2016-03-14.gz HTTP/1.1" 404 340 "-" "Mozilla/5.0 (compatible; bingbot/2.0; +http://www.bing.com/bingbot.htm)" 
54.36.149.75 - - [02/Oct/2018:14:44:11 -0700] "GET /self.logs/2015/access.log.2015-05-10.gz HTTP/1.1" 200 4144 "-" "Mozilla/5.0 (compatible; AhrefsBot/5.2; +http://ahrefs.com/robot/)" 
52.14.175.39 - - [02/Oct/2018:14:44:16 -0700] "GET / HTTP/1.1" 200 12383 "-" "Mozilla/5.0 (Macintosh; Intel Mac OS X x.y; rv:42.0) Trident/5.0 Chrome/51.0.2704.106 Safari/537.36 OPR/38.0.2220.41" 
157.55.39.175 - - [02/Oct/2018:14:46:33 -0700] "GET /squid/access.log.gz HTTP/1.1" 200 880346 "-" "Mozilla/5.0 (compatible; bingbot/2.0; +http://www.bing.com/bingbot.htm)" 
54.36.148.126 - - [02/Oct/2018:14:47:02 -0700] "GET /self.logs/2016/access.log.2016-04-06.gz HTTP/1.1" 200 9308 "-" "Mozilla/5.0 (compatible; AhrefsBot/5.2; +http://ahrefs.com/robot/)" 
45.76.28.173 - - [02/Oct/2018:14:49:48 -0700] "GET / HTTP/1.1" 301 483 "-" "Mozilla/5.0 (Macintosh; Intel Mac OS X 10_10_5) AppleWebKit/537.36 (KHTML, like Gecko) Chrome/45.0.2454.101 Safari/537.36" 
144.202.62.145 - - [02/Oct/2018:14:49:48 -0700] "GET / HTTP/1.1" 200 12383 "-" "Mozilla/5.0 (Macintosh; Intel Mac OS X 10_10_5) AppleWebKit/537.36 (KHTML, like Gecko) Chrome/45.0.2454.101 Safari/537.36" 
144.120.86.88 - - [02/Oct/2018:14:50:21 -0700] "GET / HTTP/1.1" 200 12383 "-" "Mozilla/5.0 (Windows NT 10.0; WOW64) AppleWebKit/537.36 (KHTML, like Gecko) Chrome/69.0.3497.100 Safari/537.36" 
144.120.86.88 - - [02/Oct/2018:14:50:22 -0700] "GET /twitter-icon.png HTTP/1.1" 200 27787 "http://www.secrepo.com/" "Mozilla/5.0 (Windows NT 10.0; WOW64) AppleWebKit/537.36 (KHTML, like Gecko) Chrome/69.0.3497.100 Safari/537.36" 
144.120.86.88 - - [02/Oct/2018:14:50:22 -0700] "GET /GitHub-Mark.png HTTP/1.1" 200 7428 "http://www.secrepo.com/" "Mozilla/5.0 (Windows NT 10.0; WOW64) AppleWebKit/537.36 (KHTML, like Gecko) Chrome/69.0.3497.100 Safari/537.36" 
54.36.148.25 - - [02/Oct/2018:14:57:42 -0700] "GET /self.logs/error.log.2017-11-18.gz HTTP/1.1" 200 1193 "-" "Mozilla/5.0 (compatible; AhrefsBot/5.2; +http://ahrefs.com/robot/)" 
100.43.90.103 - - [02/Oct/2018:14:58:31 -0700] "GET /robots.txt HTTP/1.1" 200 289 "-" "Mozilla/5.0 (compatible; YandexBot/3.0; +http://yandex.com/bots)" 
100.43.90.103 - - [02/Oct/2018:14:58:34 -0700] "GET /Datasets%20Description/ HTTP/1.1" 200 577 "-" "Mozilla/5.0 (compatible; YandexBot/3.0; +http://yandex.com/bots)" 
54.36.148.228 - - [02/Oct/2018:14:59:04 -0700] "GET /self.logs/access.log.2015-04-17.gz HTTP/1.1" 404 284 "-" "Mozilla/5.0 (compatible; AhrefsBot/5.2; +http://ahrefs.com/robot/)" 
54.36.148.55 - - [02/Oct/2018:14:59:26 -0700] "GET /self.logs/error.log.2015-01-17.gz HTTP/1.1" 404 284 "-" "Mozilla/5.0 (compatible; AhrefsBot/5.2; +http://ahrefs.com/robot/)" 
54.36.148.86 - - [02/Oct/2018:15:00:34 -0700] "GET /self.logs/2015/error.log.2015-06-11.gz HTTP/1.1" 200 655 "-" "Mozilla/5.0 (compatible; AhrefsBot/5.2; +http://ahrefs.com/robot/)" 
54.36.148.21 - - [02/Oct/2018:15:01:26 -0700] "GET /self.logs/access.log.2017-05-28.gz HTTP/1.1" 200 21057 "-" "Mozilla/5.0 (compatible; AhrefsBot/5.2; +http://ahrefs.com/robot/)" 
216.244.66.245 - - [02/Oct/2018:15:02:21 -0700] "GET /robots.txt HTTP/1.1" 200 233 "-" "Mozilla/5.0 (compatible; DotBot/1.1; http://www.opensiteexplorer.org/dotbot, help@moz.com)" 
100.43.90.103 - - [02/Oct/2018:15:02:45 -0700] "GET /self.logs/?C=M;O=A HTTP/1.1" 200 12936 "-" "Mozilla/5.0 (compatible; YandexBot/3.0; +http://yandex.com/bots)" 
100.43.90.103 - - [02/Oct/2018:15:02:49 -0700] "GET /self.logs/2015/?C=D;O=D HTTP/1.1" 200 7480 "-" "Mozilla/5.0 (compatible; YandexBot/3.0; +http://yandex.com/bots)" 
80.82.215.17 - - [02/Oct/2018:15:03:23 -0700] "HEAD / HTTP/1.1" 301 290 "-" "Mozilla/5.0 (Windows NT 10.0; Win64; x64) AppleWebKit/537.36 (KHTML, like Gecko) Chrome/64.0.3282.186 Safari/537.36" 
51.15.65.25 - - [02/Oct/2018:15:03:36 -0700] "GET / HTTP/1.1" 301 483 "-" "Mozilla/5.0 (compatible; MSIE 9.0; Windows NT 6.1; Trident/5.0)" 
51.15.65.25 - - [02/Oct/2018:15:03:38 -0700] "GET / HTTP/1.1" 200 12383 "-" "Mozilla/5.0 (compatible; MSIE 9.0; Windows NT 6.1; Trident/5.0)" 
51.15.65.25 - - [02/Oct/2018:15:03:46 -0700] "GET /twitter-icon.png HTTP/1.1" 200 27788 "http://www.secrepo.com/" "Mozilla/5.0 (compatible; MSIE 9.0; Windows NT 6.1; Trident/5.0)" 
51.15.65.25 - - [02/Oct/2018:15:03:46 -0700] "GET /GitHub-Mark.png HTTP/1.1" 200 7428 "http://www.secrepo.com/" "Mozilla/5.0 (compatible; MSIE 9.0; Windows NT 6.1; Trident/5.0)" 
137.222.247.205 - - [02/Oct/2018:15:12:02 -0700] "GET / HTTP/1.1" 200 12383 "-" "Mozilla/5.0 (Macintosh; Intel Mac OS X 10.12; rv:62.0) Gecko/20100101 Firefox/62.0" 
137.222.247.205 - - [02/Oct/2018:15:12:03 -0700] "GET /GitHub-Mark.png HTTP/1.1" 200 7427 "http://www.secrepo.com/" "Mozilla/5.0 (Macintosh; Intel Mac OS X 10.12; rv:62.0) Gecko/20100101 Firefox/62.0" 
137.222.247.205 - - [02/Oct/2018:15:12:04 -0700] "GET /bootstrap/img/favicon.ico HTTP/1.1" 200 589 "-" "Mozilla/5.0 (Macintosh; Intel Mac OS X 10.12; rv:62.0) Gecko/20100101 Firefox/62.0" 
100.43.90.103 - - [02/Oct/2018:15:13:07 -0700] "GET /Datasets%20Description/HTML_Bro_log_1/weird.html HTTP/1.1" 200 1831 "-" "Mozilla/5.0 (compatible; YandexBot/3.0; +http://yandex.com/bots)" 
18.219.142.57 - - [02/Oct/2018:15:13:59 -0700] "GET / HTTP/1.1" 200 12383 "-" "Mozilla/5.0 (Windows NT 6.1; Win64; x64; rv:47.0) Trident/5.0 Firefox/42.0" 
100.43.90.103 - - [02/Oct/2018:15:14:24 -0700] "GET /self.logs/2016/ HTTP/1.1" 200 7741 "-" "Mozilla/5.0 (compatible; YandexBot/3.0; +http://yandex.com/bots)" 
216.244.66.245 - - [02/Oct/2018:15:15:21 -0700] "GET /self.logs/access.log.2017-01-29.gz HTTP/1.1" 200 31242 "-" "Mozilla/5.0 (compatible; DotBot/1.1; http://www.opensiteexplorer.org/dotbot, help@moz.com)" 
216.244.66.245 - - [02/Oct/2018:15:15:22 -0700] "GET /self.logs/access.log.2017-05-10.gz HTTP/1.1" 200 15976 "-" "Mozilla/5.0 (compatible; DotBot/1.1; http://www.opensiteexplorer.org/dotbot, help@moz.com)" 
216.244.66.245 - - [02/Oct/2018:15:15:24 -0700] "GET /self.logs/access.log.2017-08-20.gz HTTP/1.1" 200 17226 "-" "Mozilla/5.0 (compatible; DotBot/1.1; http://www.opensiteexplorer.org/dotbot, help@moz.com)" 
216.244.66.245 - - [02/Oct/2018:15:15:26 -0700] "GET /self.logs/access.log.2017-08-23.gz HTTP/1.1" 200 21041 "-" "Mozilla/5.0 (compatible; DotBot/1.1; http://www.opensiteexplorer.org/dotbot, help@moz.com)" 
216.244.66.245 - - [02/Oct/2018:15:15:27 -0700] "GET /self.logs/error.log.2017-01-09.gz HTTP/1.1" 200 795 "-" "Mozilla/5.0 (compatible; DotBot/1.1; http://www.opensiteexplorer.org/dotbot, help@moz.com)" 
216.244.66.245 - - [02/Oct/2018:15:15:29 -0700] "GET /self.logs/error.log.2017-03-03.gz HTTP/1.1" 200 893 "-" "Mozilla/5.0 (compatible; DotBot/1.1; http://www.opensiteexplorer.org/dotbot, help@moz.com)" 
216.244.66.245 - - [02/Oct/2018:15:15:30 -0700] "GET /self.logs/error.log.2017-10-03.gz HTTP/1.1" 200 2742 "-" "Mozilla/5.0 (compatible; DotBot/1.1; http://www.opensiteexplorer.org/dotbot, help@moz.com)" 
100.43.90.103 - - [02/Oct/2018:15:16:54 -0700] "GET /Datasets%20Description/HTML_Bro_log_1/http.html HTTP/1.1" 200 1928 "-" "Mozilla/5.0 (compatible; YandexBot/3.0; +http://yandex.com/bots)" 
36.110.199.11 - - [02/Oct/2018:15:19:11 -0700] "GET / HTTP/1.1" 200 12383 "http://www.baidu.com/s?wd=SIL5" "Mozilla/5.0 (Windows NT 6.1; WOW64; rv:43.0) Gecko/20100101 Firefox/43.0" 
54.36.149.84 - - [02/Oct/2018:15:20:09 -0700] "GET /self.logs/error.log.2016-05-08.gz HTTP/1.1" 404 284 "-" "Mozilla/5.0 (compatible; AhrefsBot/5.2; +http://ahrefs.com/robot/)" 
40.77.167.50 - - [02/Oct/2018:15:22:57 -0700] "GET /self.logs/error.log.2015-11-23.gz HTTP/1.1" 404 340 "-" "Mozilla/5.0 (compatible; bingbot/2.0; +http://www.bing.com/bingbot.htm)" 
113.171.224.176 - - [02/Oct/2018:15:26:55 -0700] "GET /honeypot/Honeypot%20-%20Howto.pdf HTTP/1.1" 200 46720 "-" "Mozilla/5.0 Gecko/20100115 Firefox/3.6" 
45.7.112.2 - - [02/Oct/2018:15:27:45 -0700] "GET /wp-login.php HTTP/1.1" 418 732 "-" "Mozilla/5.0 (Windows NT 6.1; WOW64; rv:40.0) Gecko/20100101 Firefox/40.1" 
45.7.112.2 - - [02/Oct/2018:15:27:45 -0700] "GET / HTTP/1.1" 418 732 "-" "Mozilla/5.0 (Windows NT 6.1; WOW64; rv:40.0) Gecko/20100101 Firefox/40.1" 
216.244.66.245 - - [02/Oct/2018:15:29:38 -0700] "GET /self.logs/access.log.2015-05-07.gz HTTP/1.1" 404 239 "-" "Mozilla/5.0 (compatible; DotBot/1.1; http://www.opensiteexplorer.org/dotbot, help@moz.com)" 
216.244.66.245 - - [02/Oct/2018:15:29:39 -0700] "GET /self.logs/access.log.2015-08-08.gz HTTP/1.1" 404 239 "-" "Mozilla/5.0 (compatible; DotBot/1.1; http://www.opensiteexplorer.org/dotbot, help@moz.com)" 
216.244.66.245 - - [02/Oct/2018:15:29:40 -0700] "GET /self.logs/access.log.2015-09-05.gz HTTP/1.1" 404 239 "-" "Mozilla/5.0 (compatible; DotBot/1.1; http://www.opensiteexplorer.org/dotbot, help@moz.com)" 
216.244.66.245 - - [02/Oct/2018:15:29:40 -0700] "GET /self.logs/access.log.2015-09-07.gz HTTP/1.1" 404 239 "-" "Mozilla/5.0 (compatible; DotBot/1.1; http://www.opensiteexplorer.org/dotbot, help@moz.com)" 
216.244.66.245 - - [02/Oct/2018:15:29:41 -0700] "GET /self.logs/access.log.2015-12-06.gz HTTP/1.1" 404 239 "-" "Mozilla/5.0 (compatible; DotBot/1.1; http://www.opensiteexplorer.org/dotbot, help@moz.com)" 
216.244.66.245 - - [02/Oct/2018:15:29:42 -0700] "GET /self.logs/access.log.2016-02-26.gz HTTP/1.1" 404 239 "-" "Mozilla/5.0 (compatible; DotBot/1.1; http://www.opensiteexplorer.org/dotbot, help@moz.com)" 
216.244.66.245 - - [02/Oct/2018:15:29:43 -0700] "GET /self.logs/access.log.2016-05-21.gz HTTP/1.1" 404 239 "-" "Mozilla/5.0 (compatible; DotBot/1.1; http://www.opensiteexplorer.org/dotbot, help@moz.com)" 
216.244.66.245 - - [02/Oct/2018:15:29:44 -0700] "GET /self.logs/error.log.2015-10-27.gz HTTP/1.1" 404 239 "-" "Mozilla/5.0 (compatible; DotBot/1.1; http://www.opensiteexplorer.org/dotbot, help@moz.com)" 
216.244.66.245 - - [02/Oct/2018:15:29:45 -0700] "GET /self.logs/error.log.2015-12-10.gz HTTP/1.1" 404 239 "-" "Mozilla/5.0 (compatible; DotBot/1.1; http://www.opensiteexplorer.org/dotbot, help@moz.com)" 
216.244.66.245 - - [02/Oct/2018:15:29:46 -0700] "GET /self.logs/error.log.2015-12-14.gz HTTP/1.1" 404 239 "-" "Mozilla/5.0 (compatible; DotBot/1.1; http://www.opensiteexplorer.org/dotbot, help@moz.com)" 
216.244.66.245 - - [02/Oct/2018:15:29:46 -0700] "GET /self.logs/error.log.2016-01-11.gz HTTP/1.1" 404 239 "-" "Mozilla/5.0 (compatible; DotBot/1.1; http://www.opensiteexplorer.org/dotbot, help@moz.com)" 
216.244.66.245 - - [02/Oct/2018:15:29:47 -0700] "GET /self.logs/error.log.2016-03-25.gz HTTP/1.1" 404 239 "-" "Mozilla/5.0 (compatible; DotBot/1.1; http://www.opensiteexplorer.org/dotbot, help@moz.com)" 
216.244.66.245 - - [02/Oct/2018:15:29:48 -0700] "GET /self.logs/error.log.2016-04-06.gz HTTP/1.1" 404 239 "-" "Mozilla/5.0 (compatible; DotBot/1.1; http://www.opensiteexplorer.org/dotbot, help@moz.com)" 
216.244.66.245 - - [02/Oct/2018:15:29:49 -0700] "GET /self.logs/error.log.2016-04-16.gz HTTP/1.1" 404 239 "-" "Mozilla/5.0 (compatible; DotBot/1.1; http://www.opensiteexplorer.org/dotbot, help@moz.com)" 
216.244.66.245 - - [02/Oct/2018:15:29:50 -0700] "GET /self.logs/error.log.2016-08-13.gz HTTP/1.1" 404 239 "-" "Mozilla/5.0 (compatible; DotBot/1.1; http://www.opensiteexplorer.org/dotbot, help@moz.com)" 
216.244.66.245 - - [02/Oct/2018:15:29:51 -0700] "GET /self.logs/error.log.2016-08-26.gz HTTP/1.1" 404 239 "-" "Mozilla/5.0 (compatible; DotBot/1.1; http://www.opensiteexplorer.org/dotbot, help@moz.com)" 
216.244.66.245 - - [02/Oct/2018:15:29:51 -0700] "GET /self.logs/error.log.2016-10-09.gz HTTP/1.1" 404 239 "-" "Mozilla/5.0 (compatible; DotBot/1.1; http://www.opensiteexplorer.org/dotbot, help@moz.com)" 
216.244.66.245 - - [02/Oct/2018:15:29:52 -0700] "GET /self.logs/error.log.2016-10-18.gz HTTP/1.1" 404 239 "-" "Mozilla/5.0 (compatible; DotBot/1.1; http://www.opensiteexplorer.org/dotbot, help@moz.com)" 
78.0.28.176 - - [02/Oct/2018:15:36:06 -0700] "GET /wp-login.php HTTP/1.1" 418 732 "-" "Mozilla/5.0 (Windows NT 6.1; WOW64; rv:40.0) Gecko/20100101 Firefox/40.1" 
54.36.148.175 - - [02/Oct/2018:15:38:25 -0700] "GET /self.logs/2015/error.log.2015-09-03.gz HTTP/1.1" 200 690 "-" "Mozilla/5.0 (compatible; AhrefsBot/5.2; +http://ahrefs.com/robot/)" 
54.36.148.143 - - [02/Oct/2018:15:41:25 -0700] "GET /self.logs/access.log.2015-03-23.gz HTTP/1.1" 404 284 "-" "Mozilla/5.0 (compatible; AhrefsBot/5.2; +http://ahrefs.com/robot/)" 
52.14.175.39 - - [02/Oct/2018:15:44:13 -0700] "GET / HTTP/1.1" 200 12383 "-" "Mozilla/5.0 (Macintosh; Intel Mac OS X x.y; rv:42.0) AppleWebKit/537.36 (KHTML, like Gecko) Chrome/51.0.2704.106 Safari/537.36 OPR/38.0.2220.41" 
84.120.21.167 - - [02/Oct/2018:15:45:12 -0700] "GET /wp-login.php HTTP/1.1" 418 732 "-" "Mozilla/5.0 (Windows NT 6.1; WOW64; rv:40.0) Gecko/20100101 Firefox/40.1" 
84.120.21.167 - - [02/Oct/2018:15:45:12 -0700] "GET / HTTP/1.1" 418 732 "-" "Mozilla/5.0 (Windows NT 6.1; WOW64; rv:40.0) Gecko/20100101 Firefox/40.1" 
182.232.157.17 - - [02/Oct/2018:15:50:10 -0700] "GET / HTTP/1.1" 200 12383 "-" "Mozilla/5.0 (Windows NT 6.1; Win64; x64) AppleWebKit/537.36 (KHTML, like Gecko) Chrome/69.0.3497.100 Safari/537.36" 
182.232.157.17 - - [02/Oct/2018:15:50:12 -0700] "GET /twitter-icon.png HTTP/1.1" 200 27732 "http://www.secrepo.com/" "Mozilla/5.0 (Windows NT 6.1; Win64; x64) AppleWebKit/537.36 (KHTML, like Gecko) Chrome/69.0.3497.100 Safari/537.36" 
182.232.157.17 - - [02/Oct/2018:15:50:12 -0700] "GET /GitHub-Mark.png HTTP/1.1" 200 7372 "http://www.secrepo.com/" "Mozilla/5.0 (Windows NT 6.1; Win64; x64) AppleWebKit/537.36 (KHTML, like Gecko) Chrome/69.0.3497.100 Safari/537.36" 
182.232.157.17 - - [02/Oct/2018:15:50:13 -0700] "GET /bootstrap/img/favicon.ico HTTP/1.1" 200 590 "http://www.secrepo.com/" "Mozilla/5.0 (Windows NT 6.1; Win64; x64) AppleWebKit/537.36 (KHTML, like Gecko) Chrome/69.0.3497.100 Safari/537.36" 
18.221.232.130 - - [02/Oct/2018:15:56:09 -0700] "GET / HTTP/1.1" 200 12383 "-" "Mozilla/5.0 (Windows NT 6.1; Win64; x64; rv:47.0) AppleWebKit/537.36 (KHTML, like Gecko) Chrome/51.0.2704.106 Safari/537.36 OPR/38.0.2220.41" 
153.161.6.86 - - [02/Oct/2018:15:56:57 -0700] "GET /wp-login.php HTTP/1.1" 418 732 "-" "Mozilla/5.0 (Windows NT 6.1; WOW64; rv:40.0) Gecko/20100101 Firefox/40.1" 
153.161.6.86 - - [02/Oct/2018:15:56:57 -0700] "GET / HTTP/1.1" 418 732 "-" "Mozilla/5.0 (Windows NT 6.1; WOW64; rv:40.0) Gecko/20100101 Firefox/40.1" 
161.69.67.20 - - [02/Oct/2018:15:59:05 -0700] "GET / HTTP/1.1" 200 12383 "https://www.google.com/" "Mozilla/5.0 (Windows NT 10.0; Win64; x64) AppleWebKit/537.36 (KHTML, like Gecko) Chrome/69.0.3497.100 Safari/537.36" 
161.69.67.20 - - [02/Oct/2018:15:59:06 -0700] "GET /twitter-icon.png HTTP/1.1" 200 27788 "http://www.secrepo.com/" "Mozilla/5.0 (Windows NT 10.0; Win64; x64) AppleWebKit/537.36 (KHTML, like Gecko) Chrome/69.0.3497.100 Safari/537.36" 
161.69.67.20 - - [02/Oct/2018:15:59:06 -0700] "GET /GitHub-Mark.png HTTP/1.1" 200 7428 "http://www.secrepo.com/" "Mozilla/5.0 (Windows NT 10.0; Win64; x64) AppleWebKit/537.36 (KHTML, like Gecko) Chrome/69.0.3497.100 Safari/537.36" 
161.69.67.20 - - [02/Oct/2018:15:59:07 -0700] "GET /bootstrap/img/favicon.ico HTTP/1.1" 200 590 "http://www.secrepo.com/" "Mozilla/5.0 (Windows NT 10.0; Win64; x64) AppleWebKit/537.36 (KHTML, like Gecko) Chrome/69.0.3497.100 Safari/537.36" 
54.36.148.136 - - [02/Oct/2018:16:01:05 -0700] "GET /self.logs/access.log.2015-04-08.gz HTTP/1.1" 404 284 "-" "Mozilla/5.0 (compatible; AhrefsBot/5.2; +http://ahrefs.com/robot/)" 
148.251.123.46 - - [02/Oct/2018:16:02:27 -0700] "GET / HTTP/1.1" 301 442 "-" "Mozilla/5.0 (Windows; U; Windows NT 5.1; ru; rv:1.9.0.1) Gecko/2008070208" 
148.251.123.46 - - [02/Oct/2018:16:02:28 -0700] "GET / HTTP/1.1" 200 46156 "-" "Mozilla/5.0 (Windows; U; Windows NT 5.1; ru; rv:1.9.0.1) Gecko/2008070208" 
42.236.10.123 - - [02/Oct/2018:16:06:50 -0700] "GET / HTTP/1.1" 301 483 "http://secrepo.com/" "Mozilla/5.0 (Windows NT 6.1; WOW64) AppleWebKit/537.36 (KHTML, like Gecko) Chrome/50.0.2661.102 Safari/537.36; 360Spider" 
42.236.10.108 - - [02/Oct/2018:16:06:51 -0700] "GET / HTTP/1.1" 200 12383 "http://www.secrepo.com/" "Mozilla/5.0 (Windows NT 6.1; WOW64) AppleWebKit/537.36 (KHTML, like Gecko) Chrome/50.0.2661.102 Safari/537.36; 360Spider" 
42.236.54.2 - - [02/Oct/2018:16:07:00 -0700] "GET / HTTP/1.1" 200 12383 "http://www.secrepo.com/" "Mozilla/5.0 (Windows NT 6.1; WOW64) AppleWebKit/537.36 (KHTML, like Gecko) Chrome/50.0.2661.102 Safari/537.36; 360Spider" 
54.36.149.2 - - [02/Oct/2018:16:08:19 -0700] "GET /self.logs/2015/error.log.2015-05-18.gz HTTP/1.1" 200 796 "-" "Mozilla/5.0 (compatible; AhrefsBot/5.2; +http://ahrefs.com/robot/)" 
162.210.196.97 - - [02/Oct/2018:16:11:30 -0700] "GET /robots.txt HTTP/1.1" 200 289 "-" "Mozilla/5.0 (compatible; MJ12bot/v1.4.8; http://mj12bot.com/)" 
162.210.196.97 - - [02/Oct/2018:16:11:32 -0700] "GET / HTTP/1.1" 200 46156 "-" "Mozilla/5.0 (compatible; MJ12bot/v1.4.8; http://mj12bot.com/)" 
18.191.165.71 - - [02/Oct/2018:16:14:05 -0700] "GET / HTTP/1.1" 200 12383 "-" "Mozilla/5.0 (Windows NT 6.1; Win64; x64; rv:47.0) Trident/5.0 Safari/602.1" 
54.176.79.77 - - [02/Oct/2018:16:18:36 -0700] "GET /robots.txt HTTP/1.1" 301 465 "-" "Mozilla/5.0 (Windows NT 6.1) AppleWebKit/537.1 (KHTML, like Gecko) Chrome/21.0.1180.89 Safari/537.1; http://spyonweb.com spyonweb@gmail.com" 
54.176.79.77 - - [02/Oct/2018:16:18:36 -0700] "GET / HTTP/1.1" 301 446 "-" "Mozilla/5.0 (Windows NT 6.1) AppleWebKit/537.1 (KHTML, like Gecko) Chrome/21.0.1180.89 Safari/537.1; http://spyonweb.com spyonweb@gmail.com" 
180.177.12.171 - - [02/Oct/2018:16:19:24 -0700] "GET /wp-login.php HTTP/1.1" 418 732 "-" "Mozilla/5.0 (Windows NT 6.1; WOW64; rv:40.0) Gecko/20100101 Firefox/40.1" 
180.177.12.171 - - [02/Oct/2018:16:19:24 -0700] "GET / HTTP/1.1" 418 732 "-" "Mozilla/5.0 (Windows NT 6.1; WOW64; rv:40.0) Gecko/20100101 Firefox/40.1" 
54.36.148.138 - - [02/Oct/2018:16:21:16 -0700] "GET /self.logs/access.log.2015-08-25.gz HTTP/1.1" 404 284 "-" "Mozilla/5.0 (compatible; AhrefsBot/5.2; +http://ahrefs.com/robot/)" 
216.244.66.245 - - [02/Oct/2018:16:27:08 -0700] "GET /robots.txt HTTP/1.1" 200 233 "-" "Mozilla/5.0 (compatible; DotBot/1.1; http://www.opensiteexplorer.org/dotbot, help@moz.com)" 
54.80.234.177 - - [02/Oct/2018:16:29:10 -0700] "GET / HTTP/1.1" 200 12327 "-" "Mozilla/5.0 (compatible; Googlebot/2.1; startmebot/1.0; +https://start.me/bot)" 
113.171.224.176 - - [02/Oct/2018:16:29:11 -0700] "GET /honeypot/Honeypot%20-%20Howto.pdf HTTP/1.1" 200 46720 "-" "Mozilla/5.0 Gecko/20100115 Firefox/3.6" 
46.229.168.143 - - [02/Oct/2018:16:34:59 -0700] "GET /robots.txt HTTP/1.1" 200 297 "-" "Mozilla/5.0 (compatible; SemrushBot/2~bl; +http://www.semrush.com/bot.html)" 
46.229.168.143 - - [02/Oct/2018:16:35:00 -0700] "GET / HTTP/1.1" 200 12346 "-" "Mozilla/5.0 (compatible; SemrushBot/2~bl; +http://www.semrush.com/bot.html)" 
100.43.90.103 - - [02/Oct/2018:16:37:45 -0700] "GET /Datasets%20Description/Network/?C=N;O=A HTTP/1.1" 200 668 "-" "Mozilla/5.0 (compatible; YandexBot/3.0; +http://yandex.com/bots)" 
100.43.90.103 - - [02/Oct/2018:16:37:48 -0700] "GET /honeypot/Honeypot%20-%20Howto.pdf HTTP/1.1" 200 1279418 "-" "Mozilla/5.0 (compatible; YandexBot/3.0; +http://yandex.com/bots)" 
100.43.90.103 - - [02/Oct/2018:16:37:50 -0700] "GET /Datasets%20Description/Network/?C=N;O=D HTTP/1.1" 200 664 "-" "Mozilla/5.0 (compatible; YandexBot/3.0; +http://yandex.com/bots)" 
100.43.90.103 - - [02/Oct/2018:16:37:53 -0700] "GET /Datasets%20Description/Network/?C=M;O=A HTTP/1.1" 200 668 "-" "Mozilla/5.0 (compatible; YandexBot/3.0; +http://yandex.com/bots)" 
100.43.90.103 - - [02/Oct/2018:16:37:55 -0700] "GET /Datasets%20Description/Network/ftp.html HTTP/1.1" 200 1424 "-" "Mozilla/5.0 (compatible; YandexBot/3.0; +http://yandex.com/bots)" 
100.43.90.103 - - [02/Oct/2018:16:37:57 -0700] "GET /Datasets%20Description/Network/?C=S;O=A HTTP/1.1" 200 666 "-" "Mozilla/5.0 (compatible; YandexBot/3.0; +http://yandex.com/bots)" 
100.43.90.103 - - [02/Oct/2018:16:38:00 -0700] "GET /Datasets%20Description/Network/dhcp.html HTTP/1.1" 200 1355 "-" "Mozilla/5.0 (compatible; YandexBot/3.0; +http://yandex.com/bots)" 
100.43.90.103 - - [02/Oct/2018:16:38:02 -0700] "GET /Datasets%20Description/Network/?C=D;O=D HTTP/1.1" 200 664 "-" "Mozilla/5.0 (compatible; YandexBot/3.0; +http://yandex.com/bots)" 
100.43.90.103 - - [02/Oct/2018:16:38:04 -0700] "GET /Datasets%20Description/Network/files.html HTTP/1.1" 200 1426 "-" "Mozilla/5.0 (compatible; YandexBot/3.0; +http://yandex.com/bots)" 
100.43.90.103 - - [02/Oct/2018:16:38:06 -0700] "GET /Datasets%20Description/Network/?C=S;O=D HTTP/1.1" 200 667 "-" "Mozilla/5.0 (compatible; YandexBot/3.0; +http://yandex.com/bots)" 
100.43.90.103 - - [02/Oct/2018:16:38:08 -0700] "GET /Datasets%20Description/Network/dns.html HTTP/1.1" 200 1436 "-" "Mozilla/5.0 (compatible; YandexBot/3.0; +http://yandex.com/bots)" 
100.43.90.103 - - [02/Oct/2018:16:38:10 -0700] "GET /Datasets%20Description/Network/?C=M;O=D HTTP/1.1" 200 665 "-" "Mozilla/5.0 (compatible; YandexBot/3.0; +http://yandex.com/bots)" 
54.36.148.79 - - [02/Oct/2018:16:43:51 -0700] "GET /self.logs/error.log.2016-08-06.gz HTTP/1.1" 404 284 "-" "Mozilla/5.0 (compatible; AhrefsBot/5.2; +http://ahrefs.com/robot/)" 
18.191.165.71 - - [02/Oct/2018:16:44:08 -0700] "GET / HTTP/1.1" 200 12383 "-" "Mozilla/5.0 (X11; Linux x86_64) AppleWebKit/537.36 (KHTML, like Gecko) Chrome/67.0.3396.79 Safari/537.36" 
202.133.98.200 - - [02/Oct/2018:16:52:59 -0700] "GET / HTTP/1.1" 200 12383 "https://www.google.com/" "Mozilla/5.0 (Macintosh; Intel Mac OS X 10.13; rv:62.0) Gecko/20100101 Firefox/62.0" 
202.133.98.200 - - [02/Oct/2018:16:52:59 -0700] "GET /twitter-icon.png HTTP/1.1" 200 27788 "http://www.secrepo.com/" "Mozilla/5.0 (Macintosh; Intel Mac OS X 10.13; rv:62.0) Gecko/20100101 Firefox/62.0" 
202.133.98.200 - - [02/Oct/2018:16:52:59 -0700] "GET /GitHub-Mark.png HTTP/1.1" 200 7427 "http://www.secrepo.com/" "Mozilla/5.0 (Macintosh; Intel Mac OS X 10.13; rv:62.0) Gecko/20100101 Firefox/62.0" 
202.133.98.200 - - [02/Oct/2018:16:53:00 -0700] "GET /bootstrap/img/favicon.ico HTTP/1.1" 200 589 "-" "Mozilla/5.0 (Macintosh; Intel Mac OS X 10.13; rv:62.0) Gecko/20100101 Firefox/62.0" 
216.244.66.245 - - [02/Oct/2018:16:53:55 -0700] "GET /Datasets%20Description/Network/?C=M;O=A HTTP/1.1" 200 1523 "-" "Mozilla/5.0 (compatible; DotBot/1.1; http://www.opensiteexplorer.org/dotbot, help@moz.com)" 
41.223.160.173 - - [02/Oct/2018:17:02:05 -0700] "GET /tg/tg_snort_fast.7z HTTP/1.1" 304 131 "-" "Mozilla/5.0 Gecko/20100115 Firefox/3.6" 
41.223.160.173 - - [02/Oct/2018:17:03:22 -0700] "GET /maccdc2012/dns.log.gz HTTP/1.1" 304 154 "-" "Mozilla/5.0 Gecko/20100115 Firefox/3.6" 
188.130.134.24 - - [02/Oct/2018:17:04:09 -0700] "GET /magmi-importer/conf/magmi.ini HTTP/1.1" 301 545 "-" "-" 
188.130.134.24 - - [02/Oct/2018:17:04:11 -0700] "GET /magmi-importer/conf/magmi.ini HTTP/1.1" 404 284 "http://secrepo.com/magmi-importer/conf/magmi.ini" "-" 
18.224.45.232 - - [02/Oct/2018:17:10:04 -0700] "GET / HTTP/1.1" 200 12383 "-" "Mozilla/5.0 (X11; Linux x86_64) AppleWebKit/537.36 (KHTML, like Gecko) Safari/602.1" 
18.222.108.192 - - [02/Oct/2018:17:14:02 -0700] "GET / HTTP/1.1" 200 12383 "-" "Mozilla/5.0 (Macintosh; Intel Mac OS X x.y; rv:42.0) Trident/5.0 Chrome/67.0.3396.79 Safari/537.36" 
54.36.148.46 - - [02/Oct/2018:17:16:58 -0700] "GET /self.logs/access.log.2016-07-06.gz HTTP/1.1" 404 284 "-" "Mozilla/5.0 (compatible; AhrefsBot/5.2; +http://ahrefs.com/robot/)" 
54.36.148.104 - - [02/Oct/2018:17:19:07 -0700] "GET /self.logs/2015/error.log.2015-09-14.gz HTTP/1.1" 200 985 "-" "Mozilla/5.0 (compatible; AhrefsBot/5.2; +http://ahrefs.com/robot/)" 
54.36.148.126 - - [02/Oct/2018:17:21:57 -0700] "GET /self.logs/access.log.2017-05-14.gz HTTP/1.1" 200 35790 "-" "Mozilla/5.0 (compatible; AhrefsBot/5.2; +http://ahrefs.com/robot/)" 
54.36.148.148 - - [02/Oct/2018:17:30:27 -0700] "GET /self.logs/2016/access.log.2016-04-09.gz HTTP/1.1" 200 11405 "-" "Mozilla/5.0 (compatible; AhrefsBot/5.2; +http://ahrefs.com/robot/)" 
113.171.224.176 - - [02/Oct/2018:17:34:10 -0700] "GET /honeypot/Honeypot%20-%20Howto.pdf HTTP/1.1" 200 46720 "-" "Mozilla/5.0 Gecko/20100115 Firefox/3.6" 
49.146.34.186 - - [02/Oct/2018:17:42:47 -0700] "GET /wp-login.php HTTP/1.1" 418 732 "-" "Mozilla/5.0 (Windows NT 6.1; WOW64; rv:40.0) Gecko/20100101 Firefox/40.1" 
49.146.34.186 - - [02/Oct/2018:17:42:48 -0700] "GET / HTTP/1.1" 418 732 "-" "Mozilla/5.0 (Windows NT 6.1; WOW64; rv:40.0) Gecko/20100101 Firefox/40.1" 
18.219.142.57 - - [02/Oct/2018:17:44:12 -0700] "GET / HTTP/1.1" 200 12383 "-" "Mozilla/5.0 (X11; Linux x86_64) AppleWebKit/537.36 (KHTML, like Gecko) Safari/602.1" 
40.77.167.184 - - [02/Oct/2018:17:44:15 -0700] "GET /robots.txt HTTP/1.1" 200 334 "-" "Mozilla/5.0 (compatible; bingbot/2.0; +http://www.bing.com/bingbot.htm)" 
207.46.13.201 - - [02/Oct/2018:17:44:16 -0700] "GET /robots.txt HTTP/1.1" 200 334 "-" "Mozilla/5.0 (compatible; bingbot/2.0; +http://www.bing.com/bingbot.htm)" 
216.244.66.245 - - [02/Oct/2018:17:52:00 -0700] "GET /robots.txt HTTP/1.1" 200 233 "-" "Mozilla/5.0 (compatible; DotBot/1.1; http://www.opensiteexplorer.org/dotbot, help@moz.com)" 
54.36.148.212 - - [02/Oct/2018:17:53:36 -0700] "GET /self.logs/error.log.2016-01-11.gz HTTP/1.1" 404 284 "-" "Mozilla/5.0 (compatible; AhrefsBot/5.2; +http://ahrefs.com/robot/)" 
54.36.148.190 - - [02/Oct/2018:17:55:05 -0700] "GET /self.logs/?C=N;O=D HTTP/1.1" 200 12379 "-" "Mozilla/5.0 (compatible; AhrefsBot/5.2; +http://ahrefs.com/robot/)" 
216.244.66.245 - - [02/Oct/2018:17:56:30 -0700] "GET /Datasets%20Description/HTML_Bro_log_2/irc.html HTTP/1.1" 200 5019 "-" "Mozilla/5.0 (compatible; DotBot/1.1; http://www.opensiteexplorer.org/dotbot, help@moz.com)" 
40.77.167.184 - - [02/Oct/2018:18:01:54 -0700] "GET /self.logs/access.log.2015-08-28.gz HTTP/1.1" 404 340 "-" "Mozilla/5.0 (compatible; bingbot/2.0; +http://www.bing.com/bingbot.htm)" 
40.77.167.184 - - [02/Oct/2018:18:01:57 -0700] "GET /self.logs/access.log.2016-06-18.gz HTTP/1.1" 404 340 "-" "Mozilla/5.0 (compatible; bingbot/2.0; +http://www.bing.com/bingbot.htm)" 
54.36.148.168 - - [02/Oct/2018:18:05:20 -0700] "GET /self.logs/2015/access.log.2015-03-03.gz HTTP/1.1" 200 2814 "-" "Mozilla/5.0 (compatible; AhrefsBot/5.2; +http://ahrefs.com/robot/)" 
162.210.196.130 - - [02/Oct/2018:18:05:20 -0700] "GET /robots.txt HTTP/1.1" 200 289 "-" "Mozilla/5.0 (compatible; MJ12bot/v1.4.8; http://mj12bot.com/)" 
162.210.196.130 - - [02/Oct/2018:18:05:26 -0700] "GET / HTTP/1.1" 200 46156 "-" "Mozilla/5.0 (compatible; MJ12bot/v1.4.8; http://mj12bot.com/)" 
54.36.148.46 - - [02/Oct/2018:18:05:54 -0700] "GET /self.logs/error.log.2015-11-27.gz HTTP/1.1" 404 284 "-" "Mozilla/5.0 (compatible; AhrefsBot/5.2; +http://ahrefs.com/robot/)" 
54.36.149.21 - - [02/Oct/2018:18:06:02 -0700] "GET /self.logs/access.log.2018-09-15.gz HTTP/1.1" 200 24176 "-" "Mozilla/5.0 (compatible; AhrefsBot/5.2; +http://ahrefs.com/robot/)" 
52.14.175.39 - - [02/Oct/2018:18:14:26 -0700] "GET / HTTP/1.1" 200 12383 "-" "Mozilla/5.0 (Macintosh; Intel Mac OS X x.y; rv:42.0) AppleWebKit/537.36 (KHTML, like Gecko) Firefox/42.0" 
207.246.121.216 - - [02/Oct/2018:18:19:40 -0700] "HEAD / HTTP/1.1" 200 284 "https://securityonline.info" "Mozilla/5.0 (compatible; MSIE 9.0; Windows NT 6.1; WOW64; Trident/5.0)" 
157.55.39.175 - - [02/Oct/2018:18:21:47 -0700] "GET /self.logs/error.log.2017-05-20.gz HTTP/1.1" 304 188 "-" "Mozilla/5.0 (compatible; bingbot/2.0; +http://www.bing.com/bingbot.htm)" 
52.168.121.170 - - [02/Oct/2018:18:28:28 -0700] "GET /robots.txt HTTP/1.1" 200 289 "-" "Mozilla/5.0 (compatible; MJ12bot/v1.4.8; http://mj12bot.com/)" 
52.168.121.170 - - [02/Oct/2018:18:28:29 -0700] "GET /self.logs/?C=D;O=A HTTP/1.1" 200 122654 "-" "Mozilla/5.0 (compatible; MJ12bot/v1.4.8; http://mj12bot.com/)" 
52.168.121.170 - - [02/Oct/2018:18:28:31 -0700] "GET /self.logs/?C=M;O=A HTTP/1.1" 200 12880 "-" "Mozilla/5.0 (compatible; MJ12bot/v1.4.8; http://mj12bot.com/)" 
52.168.121.170 - - [02/Oct/2018:18:28:32 -0700] "GET /self.logs/?C=S;O=A HTTP/1.1" 200 13926 "-" "Mozilla/5.0 (compatible; MJ12bot/v1.4.8; http://mj12bot.com/)" 
129.2.180.84 - - [02/Oct/2018:18:29:38 -0700] "GET / HTTP/1.1" 200 12383 "-" "Mozilla/5.0 (Windows NT 10.0; Win64; x64) AppleWebKit/537.36 (KHTML, like Gecko) Chrome/69.0.3497.100 Safari/537.36" 
129.2.180.84 - - [02/Oct/2018:18:29:38 -0700] "GET /twitter-icon.png HTTP/1.1" 200 27787 "http://www.secrepo.com/" "Mozilla/5.0 (Windows NT 10.0; Win64; x64) AppleWebKit/537.36 (KHTML, like Gecko) Chrome/69.0.3497.100 Safari/537.36" 
129.2.180.84 - - [02/Oct/2018:18:29:38 -0700] "GET /GitHub-Mark.png HTTP/1.1" 200 7427 "http://www.secrepo.com/" "Mozilla/5.0 (Windows NT 10.0; Win64; x64) AppleWebKit/537.36 (KHTML, like Gecko) Chrome/69.0.3497.100 Safari/537.36" 
120.89.106.234 - - [02/Oct/2018:18:31:18 -0700] "GET /wp-login.php HTTP/1.1" 418 732 "-" "Mozilla/5.0 (Windows NT 6.1; WOW64; rv:40.0) Gecko/20100101 Firefox/40.1" 
120.89.106.234 - - [02/Oct/2018:18:31:19 -0700] "GET / HTTP/1.1" 418 732 "-" "Mozilla/5.0 (Windows NT 6.1; WOW64; rv:40.0) Gecko/20100101 Firefox/40.1" 
54.36.149.83 - - [02/Oct/2018:18:31:52 -0700] "GET /self.logs/2015/access.log.2015-02-20.gz HTTP/1.1" 200 14410 "-" "Mozilla/5.0 (compatible; AhrefsBot/5.2; +http://ahrefs.com/robot/)" 
117.50.15.118 - - [02/Oct/2018:18:32:42 -0700] "GET /status?full HTTP/1.1" 404 239 "-" "Mozilla/5.0 (Windows NT 10.0; Win64; x64; rv:57.0) Gecko/20100101 Firefox/57.0" 
18.224.45.232 - - [02/Oct/2018:18:32:45 -0700] "GET / HTTP/1.1" 200 12383 "-" "Mozilla/5.0 (Macintosh; Intel Mac OS X x.y; rv:42.0) AppleWebKit/537.36 (KHTML, like Gecko) Safari/602.1" 
117.50.15.118 - - [02/Oct/2018:18:32:47 -0700] "GET /phpMyAdmin/scripts/setup.php HTTP/1.1" 404 239 "-" "Mozilla/5.0 (Windows NT 10.0; Win64; x64; rv:57.0) Gecko/20100101 Firefox/57.0" 
117.50.15.118 - - [02/Oct/2018:18:32:52 -0700] "GET /phpmyadmin/scripts/setup.php HTTP/1.1" 404 239 "-" "Mozilla/5.0 (Windows NT 10.0; Win64; x64; rv:57.0) Gecko/20100101 Firefox/57.0" 
117.50.15.118 - - [02/Oct/2018:18:32:56 -0700] "GET /_phpMyAdmin/scripts/setup.php HTTP/1.1" 404 239 "-" "Mozilla/5.0 (Windows NT 10.0; Win64; x64; rv:57.0) Gecko/20100101 Firefox/57.0" 
117.50.15.118 - - [02/Oct/2018:18:33:01 -0700] "GET /admin/scripts/setup.php HTTP/1.1" 404 239 "-" "Mozilla/5.0 (Windows NT 10.0; Win64; x64; rv:57.0) Gecko/20100101 Firefox/57.0" 
117.50.15.118 - - [02/Oct/2018:18:33:05 -0700] "GET /scripts/setup.php HTTP/1.1" 404 239 "-" "Mozilla/5.0 (Windows NT 10.0; Win64; x64; rv:57.0) Gecko/20100101 Firefox/57.0" 
117.50.15.118 - - [02/Oct/2018:18:33:10 -0700] "GET /pma/scripts/setup.php HTTP/1.1" 404 239 "-" "Mozilla/5.0 (Windows NT 10.0; Win64; x64; rv:57.0) Gecko/20100101 Firefox/57.0" 
113.171.224.176 - - [02/Oct/2018:18:34:42 -0700] "GET /honeypot/Honeypot%20-%20Howto.pdf HTTP/1.1" 200 46720 "-" "Mozilla/5.0 Gecko/20100115 Firefox/3.6" 
129.110.241.63 - - [02/Oct/2018:18:37:33 -0700] "GET / HTTP/1.1" 200 12383 "-" "Mozilla/5.0 (Macintosh; Intel Mac OS X 10_13_6) AppleWebKit/605.1.15 (KHTML, like Gecko) Version/12.0 Safari/605.1.15" 
129.110.241.63 - - [02/Oct/2018:18:37:35 -0700] "GET /GitHub-Mark.png HTTP/1.1" 200 7428 "http://www.secrepo.com/" "Mozilla/5.0 (Macintosh; Intel Mac OS X 10_13_6) AppleWebKit/605.1.15 (KHTML, like Gecko) Version/12.0 Safari/605.1.15" 
129.110.241.63 - - [02/Oct/2018:18:37:35 -0700] "GET /twitter-icon.png HTTP/1.1" 200 27788 "http://www.secrepo.com/" "Mozilla/5.0 (Macintosh; Intel Mac OS X 10_13_6) AppleWebKit/605.1.15 (KHTML, like Gecko) Version/12.0 Safari/605.1.15" 
129.110.241.63 - - [02/Oct/2018:18:37:36 -0700] "GET /bootstrap/img/favicon.ico HTTP/1.1" 200 590 "http://www.secrepo.com/" "Mozilla/5.0 (Macintosh; Intel Mac OS X 10_13_6) AppleWebKit/605.1.15 (KHTML, like Gecko) Version/12.0 Safari/605.1.15" 
52.14.43.100 - - [02/Oct/2018:18:44:05 -0700] "GET / HTTP/1.1" 200 12383 "-" "Mozilla/5.0 (X11; Linux x86_64) Gecko/20100101 Safari/602.1" 
202.115.202.23 - - [02/Oct/2018:18:48:36 -0700] "HEAD / HTTP/1.1" 200 295 "http://www.secrepo.com/" "Mozilla/5.0 (compatible; MSIE 9.0; Windows NT 6.1; Trident/5.0)" 
202.115.202.23 - - [02/Oct/2018:18:48:36 -0700] "GET //plus/ad_js.php?aid=715 HTTP/1.1" 404 239 "-" "Mozilla/5.0 (compatible; MSIE 9.0; Windows NT 6.1; Trident/5.0)" 
202.115.202.23 - - [02/Oct/2018:18:48:36 -0700] "GET //dcman/BaseManage/TemplatePath_Manage.aspx?action=insert HTTP/1.1" 404 239 "-" "Mozilla/5.0 (compatible; MSIE 9.0; Windows NT 6.1; Trident/5.0)" 
202.115.202.23 - - [02/Oct/2018:18:48:37 -0700] "GET //FCKeditor/editor/filemanager/browser/default/connectors/php/connector.php HTTP/1.1" 404 239 "-" "Mozilla/5.0 (compatible; MSIE 9.0; Windows NT 6.1; Trident/5.0)" 
202.115.202.23 - - [02/Oct/2018:18:48:37 -0700] "GET //FCKeditor/editor/filemanager/connectors/php/connector.php HTTP/1.1" 404 239 "-" "Mozilla/5.0 (compatible; MSIE 9.0; Windows NT 6.1; Trident/5.0)" 
202.115.202.23 - - [02/Oct/2018:18:48:38 -0700] "GET //FCKeditor/editor/filemanager/connectors/asp/connector.asp HTTP/1.1" 404 239 "-" "Mozilla/5.0 (compatible; MSIE 9.0; Windows NT 6.1; Trident/5.0)" 
202.115.202.23 - - [02/Oct/2018:18:48:38 -0700] "GET //FCKeditor/editor/filemanager/connectors/aspx/connector.aspx HTTP/1.1" 404 239 "-" "Mozilla/5.0 (compatible; MSIE 9.0; Windows NT 6.1; Trident/5.0)" 
202.115.202.23 - - [02/Oct/2018:18:48:38 -0700] "GET //FCKeditor/editor/filemanager/browser/default/connectors/asp/connector.asp HTTP/1.1" 404 239 "-" "Mozilla/5.0 (compatible; MSIE 9.0; Windows NT 6.1; Trident/5.0)" 
202.115.202.23 - - [02/Oct/2018:18:48:39 -0700] "GET //FCKeditor/editor/filemanager/browser/default/connectors/aspx/connector.aspx HTTP/1.1" 404 239 "-" "Mozilla/5.0 (compatible; MSIE 9.0; Windows NT 6.1; Trident/5.0)" 
202.115.202.23 - - [02/Oct/2018:18:48:39 -0700] "GET //FCKeditor3/editor/filemanager/browser/default/connectors/php/connector.php HTTP/1.1" 404 239 "-" "Mozilla/5.0 (compatible; MSIE 9.0; Windows NT 6.1; Trident/5.0)" 
202.115.202.23 - - [02/Oct/2018:18:48:39 -0700] "GET //FCKeditor3/editor/filemanager/connectors/php/connector.php HTTP/1.1" 404 239 "-" "Mozilla/5.0 (compatible; MSIE 9.0; Windows NT 6.1; Trident/5.0)" 
202.115.202.23 - - [02/Oct/2018:18:48:39 -0700] "GET //FCKeditor3/editor/filemanager/connectors/asp/connector.asp HTTP/1.1" 404 239 "-" "Mozilla/5.0 (compatible; MSIE 9.0; Windows NT 6.1; Trident/5.0)" 
202.115.202.23 - - [02/Oct/2018:18:48:40 -0700] "GET //FCKeditor3/editor/filemanager/connectors/aspx/connector.aspx HTTP/1.1" 404 239 "-" "Mozilla/5.0 (compatible; MSIE 9.0; Windows NT 6.1; Trident/5.0)" 
202.115.202.23 - - [02/Oct/2018:18:48:40 -0700] "GET //FCKeditor3/editor/filemanager/browser/default/connectors/asp/connector.asp HTTP/1.1" 404 239 "-" "Mozilla/5.0 (compatible; MSIE 9.0; Windows NT 6.1; Trident/5.0)" 
202.115.202.23 - - [02/Oct/2018:18:48:40 -0700] "GET //FCKeditor3/editor/filemanager/browser/default/connectors/aspx/connector.aspx HTTP/1.1" 404 239 "-" "Mozilla/5.0 (compatible; MSIE 9.0; Windows NT 6.1; Trident/5.0)" 
202.115.202.23 - - [02/Oct/2018:18:48:40 -0700] "GET //Web_fckeditor/editor/filemanager/browser/default/connectors/php/connector.php HTTP/1.1" 404 239 "-" "Mozilla/5.0 (compatible; MSIE 9.0; Windows NT 6.1; Trident/5.0)" 
202.115.202.23 - - [02/Oct/2018:18:48:41 -0700] "GET //Web_fckeditor/editor/filemanager/connectors/php/connector.php HTTP/1.1" 404 239 "-" "Mozilla/5.0 (compatible; MSIE 9.0; Windows NT 6.1; Trident/5.0)" 
202.115.202.23 - - [02/Oct/2018:18:48:41 -0700] "GET //Web_fckeditor/editor/filemanager/connectors/asp/connector.asp HTTP/1.1" 404 239 "-" "Mozilla/5.0 (compatible; MSIE 9.0; Windows NT 6.1; Trident/5.0)" 
202.115.202.23 - - [02/Oct/2018:18:48:41 -0700] "GET //Web_fckeditor/editor/filemanager/connectors/aspx/connector.aspx HTTP/1.1" 404 239 "-" "Mozilla/5.0 (compatible; MSIE 9.0; Windows NT 6.1; Trident/5.0)" 
202.115.202.23 - - [02/Oct/2018:18:48:42 -0700] "GET //Web_fckeditor/editor/filemanager/browser/default/connectors/asp/connector.asp HTTP/1.1" 404 239 "-" "Mozilla/5.0 (compatible; MSIE 9.0; Windows NT 6.1; Trident/5.0)" 
202.115.202.23 - - [02/Oct/2018:18:48:42 -0700] "GET //Web_fckeditor/editor/filemanager/browser/default/connectors/aspx/connector.aspx HTTP/1.1" 404 239 "-" "Mozilla/5.0 (compatible; MSIE 9.0; Windows NT 6.1; Trident/5.0)" 
202.115.202.23 - - [02/Oct/2018:18:48:42 -0700] "GET //admin/FCKeditor/editor/filemanager/browser/default/connectors/php/connector.php HTTP/1.1" 404 239 "-" "Mozilla/5.0 (compatible; MSIE 9.0; Windows NT 6.1; Trident/5.0)" 
202.115.202.23 - - [02/Oct/2018:18:48:42 -0700] "GET //admin/FCKeditor/editor/filemanager/connectors/php/connector.php HTTP/1.1" 404 239 "-" "Mozilla/5.0 (compatible; MSIE 9.0; Windows NT 6.1; Trident/5.0)" 
202.115.202.23 - - [02/Oct/2018:18:48:43 -0700] "GET //admin/FCKeditor/editor/filemanager/connectors/asp/connector.asp HTTP/1.1" 404 239 "-" "Mozilla/5.0 (compatible; MSIE 9.0; Windows NT 6.1; Trident/5.0)" 
202.115.202.23 - - [02/Oct/2018:18:48:43 -0700] "GET //admin/FCKeditor/editor/filemanager/connectors/aspx/connector.aspx HTTP/1.1" 404 239 "-" "Mozilla/5.0 (compatible; MSIE 9.0; Windows NT 6.1; Trident/5.0)" 
202.115.202.23 - - [02/Oct/2018:18:48:43 -0700] "GET //admin/FCKeditor/editor/filemanager/browser/default/connectors/asp/connector.asp HTTP/1.1" 404 239 "-" "Mozilla/5.0 (compatible; MSIE 9.0; Windows NT 6.1; Trident/5.0)" 
202.115.202.23 - - [02/Oct/2018:18:48:43 -0700] "GET //admin/FCKeditor/editor/filemanager/browser/default/connectors/aspx/connector.aspx HTTP/1.1" 404 239 "-" "Mozilla/5.0 (compatible; MSIE 9.0; Windows NT 6.1; Trident/5.0)" 
202.115.202.23 - - [02/Oct/2018:18:48:44 -0700] "POST //index.php?c=api&m=data2&auth=50ce0d2401ce4802751739552c8e4467&param=update_avatar HTTP/1.1" 404 239 "-" "Mozilla/5.0 (compatible; MSIE 9.0; Windows NT 6.1; Trident/5.0)" 
202.115.202.23 - - [02/Oct/2018:18:48:44 -0700] "PUT //Rose20140106182026.txt HTTP/1.1" 405 450 "http://www.secrepo.com//Rose20140106182026.txt" "-" 
202.115.202.23 - - [02/Oct/2018:18:48:45 -0700] "GET //Rose20140106182026.txt HTTP/1.1" 404 239 "-" "-" 
202.115.202.23 - - [02/Oct/2018:18:48:45 -0700] "GET //index.php?lang=Cn&index=0000 HTTP/1.1" 404 239 "-" "Mozilla/5.0 (compatible; MSIE 9.0; Windows NT 6.1; Trident/5.0)" 
202.115.202.23 - - [02/Oct/2018:18:48:45 -0700] "POST //index.php?m=member&c=index&a=register&siteid=1 HTTP/1.1" 404 239 "-" "Mozilla/5.0 (compatible; MSIE 9.0; Windows NT 6.1; Trident/5.0)" 
202.115.202.23 - - [02/Oct/2018:18:48:46 -0700] "POST //search.php HTTP/1.1" 404 239 "-" "Mozilla/5.0 (compatible; MSIE 9.0; Windows NT 6.1; Trident/5.0)" 
202.115.202.23 - - [02/Oct/2018:18:48:47 -0700] "GET //NewsType.asp?SmallClass=%27%20union%20select%200,username%2BCHR(124)%2Bpassword,2,3,4,5,6,7,8,9%20from%20admin%20union%20select%20*%20from%20news%20where%201=2%20and%20%27%27=%27 HTTP/1.1" 404 239 "-" "Mozilla/5.0 (compatible; MSIE 9.0; Windows NT 6.1; Trident/5.0)" 
202.115.202.23 - - [02/Oct/2018:18:48:47 -0700] "POST ///lib/smarty/plugins/modifier.config.php HTTP/1.1" 404 239 "-" "Mozilla/5.0 (compatible; MSIE 9.0; Windows NT 6.1; Trident/5.0)" 
202.115.202.23 - - [02/Oct/2018:18:48:47 -0700] "POST //index.php/Home/AppUpload/commentUpload HTTP/1.1" 404 239 "-" "Mozilla/5.0 (compatible; MSIE 9.0; Windows NT 6.1; Trident/5.0)" 
202.115.202.23 - - [02/Oct/2018:18:48:48 -0700] "POST //index.php?s=/admin/upload/uploadfile HTTP/1.1" 404 239 "-" "Mozilla/5.0 (compatible; MSIE 9.0; Windows NT 6.1; Trident/5.0)" 
129.110.241.63 - - [02/Oct/2018:18:58:38 -0700] "GET / HTTP/1.1" 200 12383 "-" "Mozilla/5.0 (Macintosh; Intel Mac OS X 10_13_6) AppleWebKit/605.1.15 (KHTML, like Gecko)" 
129.110.241.63 - - [02/Oct/2018:18:58:38 -0700] "GET /apple-touch-icon-precomposed.png HTTP/1.1" 404 340 "-" "Safari/13606.2.11 CFNetwork/902.1 Darwin/17.7.0 (x86_64)" 
129.110.241.63 - - [02/Oct/2018:18:58:38 -0700] "GET /apple-touch-icon.png HTTP/1.1" 404 339 "-" "Safari/13606.2.11 CFNetwork/902.1 Darwin/17.7.0 (x86_64)" 
129.110.241.63 - - [02/Oct/2018:18:58:38 -0700] "GET /bootstrap/img/favicon.ico HTTP/1.1" 200 589 "-" "Safari/13606.2.11 CFNetwork/902.1 Darwin/17.7.0 (x86_64)" 
129.110.241.63 - - [02/Oct/2018:18:58:39 -0700] "GET / HTTP/1.1" 200 12382 "-" "Mozilla/5.0 (iPhone; CPU iPhone OS 11_3 like Mac OS X) AppleWebKit/605.1.15 (KHTML, like Gecko) Version/11.0 Mobile/15E148 Safari/604.1" 
129.110.241.63 - - [02/Oct/2018:18:58:39 -0700] "GET /apple-touch-icon-precomposed.png HTTP/1.1" 404 339 "-" "Safari/13606.2.11 CFNetwork/902.1 Darwin/17.7.0 (x86_64)" 
129.110.241.63 - - [02/Oct/2018:18:58:39 -0700] "GET /apple-touch-icon.png HTTP/1.1" 404 339 "-" "Safari/13606.2.11 CFNetwork/902.1 Darwin/17.7.0 (x86_64)" 
129.110.241.63 - - [02/Oct/2018:18:58:39 -0700] "GET /bootstrap/img/favicon.ico HTTP/1.1" 200 589 "-" "Safari/13606.2.11 CFNetwork/902.1 Darwin/17.7.0 (x86_64)" 
31.183.254.53 - - [02/Oct/2018:19:12:07 -0700] "GET /wp-login.php HTTP/1.1" 418 732 "-" "Mozilla/5.0 (Windows NT 6.1; WOW64; rv:40.0) Gecko/20100101 Firefox/40.1" 
31.183.254.53 - - [02/Oct/2018:19:12:09 -0700] "GET / HTTP/1.1" 418 732 "-" "Mozilla/5.0 (Windows NT 6.1; WOW64; rv:40.0) Gecko/20100101 Firefox/40.1" 
54.36.149.6 - - [02/Oct/2018:19:13:55 -0700] "GET /self.logs/error.log.2016-05-17.gz HTTP/1.1" 404 284 "-" "Mozilla/5.0 (compatible; AhrefsBot/5.2; +http://ahrefs.com/robot/)" 
