185.116.116.110 - - [08/Mar/2018:14:05:37 -0800] "GET /bootstrap/img/favicon.ico HTTP/1.1" 200 590 "-" "Mozilla/5.0 (Android 7.0; Mobile; rv:58.0.2) Gecko/58.0.2 Firefox/58.0.2" 
136.33.159.93 - - [08/Mar/2018:14:20:38 -0800] "GET /bootstrap/img/favicon.ico HTTP/1.1" 200 590 "http://rnwwwy.com:3000/" "Mozilla/5.0 (Macintosh; Intel Mac OS X 10_13_3) AppleWebKit/537.36 (KHTML, like Gecko) Chrome/64.0.3282.186 Safari/537.36" 
54.89.101.159 - - [08/Mar/2018:14:22:36 -0800] "GET /robots.txt HTTP/1.1" 200 334 "-" "BUbiNG (+http://law.di.unimi.it/BUbiNG.html#wc)" 
216.244.66.227 - - [08/Mar/2018:14:23:41 -0800] "GET /robots.txt HTTP/1.1" 200 233 "-" "Mozilla/5.0 (compatible; DotBot/1.1; http://www.opensiteexplorer.org/dotbot, help@moz.com)" 
173.252.121.117 - - [08/Mar/2018:14:24:34 -0800] "GET /GitHub-Mark.png HTTP/1.1" 200 7428 "-" "facebookexternalhit/1.1" 
54.89.101.159 - - [08/Mar/2018:14:24:35 -0800] "GET /maccdc2012/maccdc2012_fast_alert.7z HTTP/1.1" 200 2355494 "-" "BUbiNG (+http://law.di.unimi.it/BUbiNG.html#wc)" 
82.80.79.41 - - [08/Mar/2018:14:26:55 -0800] "GET /wp-login.php HTTP/1.1" 418 732 "-" "Mozilla/5.0 (Windows NT 6.1; WOW64; rv:40.0) Gecko/20100101 Firefox/40.1" 
82.80.79.41 - - [08/Mar/2018:14:26:55 -0800] "GET / HTTP/1.1" 418 732 "-" "Mozilla/5.0 (Windows NT 6.1; WOW64; rv:40.0) Gecko/20100101 Firefox/40.1" 
163.8.180.69 - - [08/Mar/2018:14:28:05 -0800] "GET / HTTP/1.1" 200 11061 "https://www.google.com.au/" "Mozilla/5.0 (Windows NT 6.1) AppleWebKit/537.36 (KHTML, like Gecko) Chrome/64.0.3282.140 Safari/537.36" 
163.8.180.69 - - [08/Mar/2018:14:28:06 -0800] "GET /twitter-icon.png HTTP/1.1" 200 27787 "http://www.secrepo.com/" "Mozilla/5.0 (Windows NT 6.1) AppleWebKit/537.36 (KHTML, like Gecko) Chrome/64.0.3282.140 Safari/537.36" 
163.8.180.69 - - [08/Mar/2018:14:28:07 -0800] "GET /GitHub-Mark.png HTTP/1.1" 200 7428 "http://www.secrepo.com/" "Mozilla/5.0 (Windows NT 6.1) AppleWebKit/537.36 (KHTML, like Gecko) Chrome/64.0.3282.140 Safari/537.36" 
163.8.180.69 - - [08/Mar/2018:14:28:08 -0800] "GET /bootstrap/img/favicon.ico HTTP/1.1" 200 589 "http://www.secrepo.com/" "Mozilla/5.0 (Windows NT 6.1) AppleWebKit/537.36 (KHTML, like Gecko) Chrome/64.0.3282.140 Safari/537.36" 
54.89.101.159 - - [08/Mar/2018:14:29:29 -0800] "GET /maccdc2012/maccdc2012_full_alert.7z HTTP/1.1" 200 2264460 "-" "BUbiNG (+http://law.di.unimi.it/BUbiNG.html#wc)" 
54.89.101.159 - - [08/Mar/2018:14:30:17 -0800] "GET /tg_snort_fast.7z HTTP/1.1" 404 340 "-" "BUbiNG (+http://law.di.unimi.it/BUbiNG.html#wc)" 
216.244.66.227 - - [08/Mar/2018:14:30:42 -0800] "GET /self.logs/access.log.2017-11-24.gz HTTP/1.1" 200 23003 "-" "Mozilla/5.0 (compatible; DotBot/1.1; http://www.opensiteexplorer.org/dotbot, help@moz.com)" 
54.89.101.159 - - [08/Mar/2018:14:31:01 -0800] "GET /tg_snort_full.7z HTTP/1.1" 404 340 "-" "BUbiNG (+http://law.di.unimi.it/BUbiNG.html#wc)" 
54.89.101.159 - - [08/Mar/2018:14:31:31 -0800] "GET /self.logs/ HTTP/1.1" 200 8708 "-" "BUbiNG (+http://law.di.unimi.it/BUbiNG.html#wc)" 
216.244.66.227 - - [08/Mar/2018:14:32:10 -0800] "GET /self.logs/access.log.2018-02-27.gz HTTP/1.1" 200 23566 "-" "Mozilla/5.0 (compatible; DotBot/1.1; http://www.opensiteexplorer.org/dotbot, help@moz.com)" 
54.36.148.127 - - [08/Mar/2018:14:34:01 -0800] "GET /self.logs/2015/error.log.2015-12-02.gz HTTP/1.1" 200 602 "-" "Mozilla/5.0 (compatible; AhrefsBot/5.2; +http://ahrefs.com/robot/)" 
85.195.118.42 - - [08/Mar/2018:14:34:31 -0800] "GET /honeypot/BSidesDFW%20-%202014.ipynb HTTP/1.0" 200 930799 "http://www.secrepo.com/honeypot/BSidesDFW%20-%202014.ipynb" "Mozilla/5.0 (Windows NT 7.1; rv:44.1) Gecko/20100101 Firefox/44.1" 
54.36.148.248 - - [08/Mar/2018:14:36:16 -0800] "GET /self.logs/error.log.2017-06-02.gz HTTP/1.1" 200 805 "-" "Mozilla/5.0 (compatible; AhrefsBot/5.2; +http://ahrefs.com/robot/)" 
173.252.124.81 - - [08/Mar/2018:14:38:12 -0800] "GET /twitter-icon.png HTTP/1.1" 200 27788 "-" "facebookexternalhit/1.1" 
69.63.188.217 - - [08/Mar/2018:14:38:12 -0800] "GET /GitHub-Mark.png HTTP/1.1" 200 7428 "-" "facebookexternalhit/1.1" 
79.117.114.149 - - [08/Mar/2018:14:43:18 -0800] "GET /wp-login.php HTTP/1.1" 418 732 "-" "Mozilla/5.0 (Windows NT 6.1; WOW64; rv:40.0) Gecko/20100101 Firefox/40.1" 
79.117.114.149 - - [08/Mar/2018:14:43:18 -0800] "GET / HTTP/1.1" 418 732 "-" "Mozilla/5.0 (Windows NT 6.1; WOW64; rv:40.0) Gecko/20100101 Firefox/40.1" 
113.171.224.176 - - [08/Mar/2018:14:52:37 -0800] "GET /honeypot/Honeypot%20-%20Howto.pdf HTTP/1.1" 200 46720 "-" "Mozilla/5.0 Gecko/20100115 Firefox/3.6" 
111.1.50.106 - - [08/Mar/2018:14:52:48 -0800] "GET /tg/b.zip HTTP/1.1" 304 169 "-" "Java/1.6.0_24" 
204.9.220.42 - - [08/Mar/2018:14:53:25 -0800] "GET / HTTP/1.1" 200 11061 "-" "Mozilla/5.0 (Macintosh; Intel Mac OS X 10_12_6) AppleWebKit/537.36 (KHTML, like Gecko) Chrome/64.0.3282.167 Safari/537.36" 
204.9.220.42 - - [08/Mar/2018:14:53:25 -0800] "GET /twitter-icon.png HTTP/1.1" 200 27787 "http://www.secrepo.com/" "Mozilla/5.0 (Macintosh; Intel Mac OS X 10_12_6) AppleWebKit/537.36 (KHTML, like Gecko) Chrome/64.0.3282.167 Safari/537.36" 
204.9.220.42 - - [08/Mar/2018:14:53:25 -0800] "GET /GitHub-Mark.png HTTP/1.1" 200 7428 "http://www.secrepo.com/" "Mozilla/5.0 (Macintosh; Intel Mac OS X 10_12_6) AppleWebKit/537.36 (KHTML, like Gecko) Chrome/64.0.3282.167 Safari/537.36" 
204.9.220.42 - - [08/Mar/2018:14:53:26 -0800] "GET /bootstrap/img/favicon.ico HTTP/1.1" 200 589 "http://www.secrepo.com/" "Mozilla/5.0 (Macintosh; Intel Mac OS X 10_12_6) AppleWebKit/537.36 (KHTML, like Gecko) Chrome/64.0.3282.167 Safari/537.36" 
102.181.194.40 - - [08/Mar/2018:14:55:29 -0800] "GET /tg/tg_snort_fast.7z HTTP/1.1" 304 131 "-" "Mozilla/5.0 Gecko/20100115 Firefox/3.6" 
54.89.101.159 - - [08/Mar/2018:14:58:53 -0800] "GET /robots.txt HTTP/1.1" 200 334 "-" "BUbiNG (+http://law.di.unimi.it/BUbiNG.html#wc)" 
54.89.101.159 - - [08/Mar/2018:15:00:19 -0800] "GET /maccdc2012/maccdc2012_fast_alert.7z HTTP/1.1" 200 2357900 "-" "BUbiNG (+http://law.di.unimi.it/BUbiNG.html#wc)" 
120.221.1.28 - - [08/Mar/2018:15:01:32 -0800] "GET /maccdc2012/files.log.gz HTTP/1.1" 304 155 "-" "Mozilla/5.0 Gecko/20100115 Firefox/3.6" 
54.89.101.159 - - [08/Mar/2018:15:04:41 -0800] "GET /maccdc2012/maccdc2012_full_alert.7z HTTP/1.1" 200 2255700 "-" "BUbiNG (+http://law.di.unimi.it/BUbiNG.html#wc)" 
54.89.101.159 - - [08/Mar/2018:15:06:24 -0800] "GET /tg_snort_fast.7z HTTP/1.1" 404 340 "-" "BUbiNG (+http://law.di.unimi.it/BUbiNG.html#wc)" 
54.89.101.159 - - [08/Mar/2018:15:07:24 -0800] "GET /tg_snort_full.7z HTTP/1.1" 404 340 "-" "BUbiNG (+http://law.di.unimi.it/BUbiNG.html#wc)" 
54.89.101.159 - - [08/Mar/2018:15:07:54 -0800] "GET /self.logs/ HTTP/1.1" 200 8708 "-" "BUbiNG (+http://law.di.unimi.it/BUbiNG.html#wc)" 
54.89.101.159 - - [08/Mar/2018:15:09:51 -0800] "GET / HTTP/1.1" 200 11061 "-" "BUbiNG (+http://law.di.unimi.it/BUbiNG.html#wc)" 
54.89.101.159 - - [08/Mar/2018:15:13:26 -0800] "GET /self.logs/?C=N;O=D HTTP/1.1" 200 8762 "-" "BUbiNG (+http://law.di.unimi.it/BUbiNG.html#wc)" 
54.89.101.159 - - [08/Mar/2018:15:14:19 -0800] "GET /self.logs/?C=M;O=A HTTP/1.1" 200 9010 "-" "BUbiNG (+http://law.di.unimi.it/BUbiNG.html#wc)" 
54.89.101.159 - - [08/Mar/2018:15:14:49 -0800] "GET /self.logs/?C=S;O=A HTTP/1.1" 200 9789 "-" "BUbiNG (+http://law.di.unimi.it/BUbiNG.html#wc)" 
54.89.101.159 - - [08/Mar/2018:15:15:19 -0800] "GET /self.logs/?C=D;O=A HTTP/1.1" 200 8708 "-" "BUbiNG (+http://law.di.unimi.it/BUbiNG.html#wc)" 
54.89.101.159 - - [08/Mar/2018:15:15:49 -0800] "GET /self.logs/2015/ HTTP/1.1" 200 7437 "-" "BUbiNG (+http://law.di.unimi.it/BUbiNG.html#wc)" 
54.89.101.159 - - [08/Mar/2018:15:16:19 -0800] "GET /self.logs/2016/ HTTP/1.1" 200 7741 "-" "BUbiNG (+http://law.di.unimi.it/BUbiNG.html#wc)" 
54.89.101.159 - - [08/Mar/2018:15:16:52 -0800] "GET /data HTTP/1.1" 404 340 "-" "BUbiNG (+http://law.di.unimi.it/BUbiNG.html#wc)" 
54.89.101.159 - - [08/Mar/2018:15:17:22 -0800] "GET /tg/tg_snort_fast.7z HTTP/1.1" 200 2044198 "-" "BUbiNG (+http://law.di.unimi.it/BUbiNG.html#wc)" 
54.89.101.159 - - [08/Mar/2018:15:17:52 -0800] "GET /tg/tg_snort_full.7z HTTP/1.1" 200 2134722 "-" "BUbiNG (+http://law.di.unimi.it/BUbiNG.html#wc)" 
108.59.8.70 - - [08/Mar/2018:15:18:09 -0800] "GET /robots.txt HTTP/1.1" 200 289 "-" "Mozilla/5.0 (compatible; MJ12bot/v1.4.8; http://mj12bot.com/)" 
108.59.8.70 - - [08/Mar/2018:15:18:10 -0800] "GET / HTTP/1.1" 200 37359 "-" "Mozilla/5.0 (compatible; MJ12bot/v1.4.8; http://mj12bot.com/)" 
79.177.182.30 - - [08/Mar/2018:15:23:11 -0800] "GET /bootstrap/img/favicon.ico HTTP/1.1" 200 590 "-" "Mozilla/5.0 (Windows NT 10.0; Win64; x64; rv:58.0) Gecko/20100101 Firefox/58.0" 
176.61.66.238 - - [08/Mar/2018:15:23:34 -0800] "GET / HTTP/1.1" 200 11061 "https://duckduckgo.com/" "Mozilla/5.0 (Windows NT 10.0; Win64; x64; rv:58.0) Gecko/20100101 Firefox/58.0" 
176.61.66.238 - - [08/Mar/2018:15:23:34 -0800] "GET /GitHub-Mark.png HTTP/1.1" 200 7427 "http://www.secrepo.com/" "Mozilla/5.0 (Windows NT 10.0; Win64; x64; rv:58.0) Gecko/20100101 Firefox/58.0" 
54.89.101.159 - - [08/Mar/2018:15:24:00 -0800] "GET /honeypot/BSidesDFW%20-%202014.ipynb HTTP/1.1" 200 930836 "-" "BUbiNG (+http://law.di.unimi.it/BUbiNG.html#wc)" 
54.174.29.120 - - [08/Mar/2018:15:26:40 -0800] "GET /robots.txt HTTP/1.1" 301 502 "-" "BUbiNG (+http://law.di.unimi.it/BUbiNG.html#wc)" 
54.174.29.120 - - [08/Mar/2018:15:26:40 -0800] "GET /robots.txt HTTP/1.1" 200 334 "-" "BUbiNG (+http://law.di.unimi.it/BUbiNG.html#wc)" 
54.174.29.120 - - [08/Mar/2018:15:27:29 -0800] "GET / HTTP/1.1" 301 483 "-" "BUbiNG (+http://law.di.unimi.it/BUbiNG.html#wc)" 
66.249.64.159 - - [08/Mar/2018:15:29:03 -0800] "GET / HTTP/1.1" 200 11061 "-" "Mozilla/5.0 (compatible; Googlebot/2.1; +http://www.google.com/bot.html)" 
54.89.101.159 - - [08/Mar/2018:15:30:03 -0800] "GET /self.logs/?C=N;O=A HTTP/1.1" 200 8708 "-" "BUbiNG (+http://law.di.unimi.it/BUbiNG.html#wc)" 
54.89.101.159 - - [08/Mar/2018:15:31:05 -0800] "GET /self.logs/?C=M;O=D HTTP/1.1" 200 9094 "-" "BUbiNG (+http://law.di.unimi.it/BUbiNG.html#wc)" 
54.89.101.159 - - [08/Mar/2018:15:31:38 -0800] "GET /self.logs/?C=S;O=D HTTP/1.1" 200 9730 "-" "BUbiNG (+http://law.di.unimi.it/BUbiNG.html#wc)" 
54.89.101.159 - - [08/Mar/2018:15:32:08 -0800] "GET /self.logs/2015/?C=N;O=D HTTP/1.1" 200 7480 "-" "BUbiNG (+http://law.di.unimi.it/BUbiNG.html#wc)" 
102.181.194.40 - - [08/Mar/2018:15:32:45 -0800] "GET /maccdc2012/dns.log.gz HTTP/1.1" 304 154 "-" "Mozilla/5.0 Gecko/20100115 Firefox/3.6" 
52.165.148.51 - - [08/Mar/2018:15:34:49 -0800] "GET / HTTP/1.1" 301 446 "-" "Mozilla/5.0 (Windows NT 6.1; Win64; x64) AppleWebKit/537.36 (KHTML, like Gecko) Chrome/62.0.3202.94 Safari/537.36" 
66.249.83.82 - - [08/Mar/2018:15:38:05 -0800] "GET / HTTP/1.1" 200 11061 "-" "Mozilla/5.0 (X11; Linux x86_64) AppleWebKit/537.36 (KHTML, like Gecko) Chrome/49.0.2623.75 Safari/537.36 Google Favicon" 
66.249.83.83 - - [08/Mar/2018:15:38:05 -0800] "GET /bootstrap/img/favicon.ico HTTP/1.1" 200 590 "-" "Mozilla/5.0 (X11; Linux x86_64) AppleWebKit/537.36 (KHTML, like Gecko) Chrome/49.0.2623.75 Safari/537.36 Google Favicon" 
99.225.129.49 - - [08/Mar/2018:15:42:38 -0800] "GET / HTTP/1.1" 200 11061 "http://www.secrepo.com/" "Mozilla/5.0 (Windows NT 10.0; Win64; x64) AppleWebKit/537.36 (KHTML, like Gecko) Chrome/64.0.3282.186 Safari/537.36" 
99.225.129.49 - - [08/Mar/2018:15:42:38 -0800] "GET /twitter-icon.png HTTP/1.1" 200 27787 "http://www.secrepo.com/" "Mozilla/5.0 (Windows NT 10.0; Win64; x64) AppleWebKit/537.36 (KHTML, like Gecko) Chrome/64.0.3282.186 Safari/537.36" 
99.225.129.49 - - [08/Mar/2018:15:42:38 -0800] "GET /GitHub-Mark.png HTTP/1.1" 200 7427 "http://www.secrepo.com/" "Mozilla/5.0 (Windows NT 10.0; Win64; x64) AppleWebKit/537.36 (KHTML, like Gecko) Chrome/64.0.3282.186 Safari/537.36" 
99.225.129.49 - - [08/Mar/2018:15:42:38 -0800] "GET /bootstrap/img/favicon.ico HTTP/1.1" 200 589 "http://www.secrepo.com/" "Mozilla/5.0 (Windows NT 10.0; Win64; x64) AppleWebKit/537.36 (KHTML, like Gecko) Chrome/64.0.3282.186 Safari/537.36" 
129.120.60.14 - - [08/Mar/2018:15:43:08 -0800] "GET / HTTP/1.1" 200 11061 "-" "Mozilla/5.0 (X11; Ubuntu; Linux x86_64; rv:58.0) Gecko/20100101 Firefox/58.0" 
129.120.60.14 - - [08/Mar/2018:15:43:08 -0800] "GET /twitter-icon.png HTTP/1.1" 200 27787 "http://www.secrepo.com/" "Mozilla/5.0 (X11; Ubuntu; Linux x86_64; rv:58.0) Gecko/20100101 Firefox/58.0" 
129.120.60.14 - - [08/Mar/2018:15:43:08 -0800] "GET /GitHub-Mark.png HTTP/1.1" 200 7428 "http://www.secrepo.com/" "Mozilla/5.0 (X11; Ubuntu; Linux x86_64; rv:58.0) Gecko/20100101 Firefox/58.0" 
129.120.60.14 - - [08/Mar/2018:15:43:08 -0800] "GET /bootstrap/img/favicon.ico HTTP/1.1" 200 589 "-" "Mozilla/5.0 (X11; Ubuntu; Linux x86_64; rv:58.0) Gecko/20100101 Firefox/58.0" 
144.160.130.92 - - [08/Mar/2018:15:45:16 -0800] "GET / HTTP/1.1" 200 11061 "https://www.google.com/" "Mozilla/5.0 (Windows NT 6.1; WOW64; rv:52.0) Gecko/20100101 Firefox/52.0" 
144.160.130.92 - - [08/Mar/2018:15:45:16 -0800] "GET /bootstrap/img/favicon.ico HTTP/1.1" 200 589 "-" "Mozilla/5.0 (Windows NT 6.1; WOW64; rv:52.0) Gecko/20100101 Firefox/52.0" 
144.160.130.92 - - [08/Mar/2018:15:45:16 -0800] "GET /twitter-icon.png HTTP/1.1" 200 27787 "http://www.secrepo.com/" "Mozilla/5.0 (Windows NT 6.1; WOW64; rv:52.0) Gecko/20100101 Firefox/52.0" 
144.160.130.92 - - [08/Mar/2018:15:45:16 -0800] "GET /GitHub-Mark.png HTTP/1.1" 200 7428 "http://www.secrepo.com/" "Mozilla/5.0 (Windows NT 6.1; WOW64; rv:52.0) Gecko/20100101 Firefox/52.0" 
158.58.233.82 - - [08/Mar/2018:15:46:17 -0800] "GET /wp-login.php HTTP/1.1" 418 732 "-" "Mozilla/5.0 (Windows NT 6.1; WOW64; rv:40.0) Gecko/20100101 Firefox/40.1" 
158.58.233.82 - - [08/Mar/2018:15:46:18 -0800] "GET / HTTP/1.1" 418 732 "-" "Mozilla/5.0 (Windows NT 6.1; WOW64; rv:40.0) Gecko/20100101 Firefox/40.1" 
54.89.101.159 - - [08/Mar/2018:15:50:07 -0800] "GET /robots.txt HTTP/1.1" 200 334 "-" "BUbiNG (+http://law.di.unimi.it/BUbiNG.html#wc)" 
104.193.168.17 - - [08/Mar/2018:15:51:18 -0800] "GET / HTTP/1.1" 200 11061 "https://www.google.com/" "Mozilla/5.0 (Macintosh; Intel Mac OS X 10_12_6) AppleWebKit/537.36 (KHTML, like Gecko) Chrome/65.0.3325.146 Safari/537.36" 
104.193.168.17 - - [08/Mar/2018:15:51:19 -0800] "GET /twitter-icon.png HTTP/1.1" 200 27787 "http://www.secrepo.com/" "Mozilla/5.0 (Macintosh; Intel Mac OS X 10_12_6) AppleWebKit/537.36 (KHTML, like Gecko) Chrome/65.0.3325.146 Safari/537.36" 
104.193.168.17 - - [08/Mar/2018:15:51:19 -0800] "GET /GitHub-Mark.png HTTP/1.1" 200 7428 "http://www.secrepo.com/" "Mozilla/5.0 (Macintosh; Intel Mac OS X 10_12_6) AppleWebKit/537.36 (KHTML, like Gecko) Chrome/65.0.3325.146 Safari/537.36" 
54.89.101.159 - - [08/Mar/2018:15:51:20 -0800] "GET /maccdc2012/maccdc2012_fast_alert.7z HTTP/1.1" 200 2134520 "-" "BUbiNG (+http://law.di.unimi.it/BUbiNG.html#wc)" 
113.171.224.176 - - [08/Mar/2018:15:52:39 -0800] "GET /honeypot/Honeypot%20-%20Howto.pdf HTTP/1.1" 200 46720 "-" "Mozilla/5.0 Gecko/20100115 Firefox/3.6" 
54.89.101.159 - - [08/Mar/2018:15:55:54 -0800] "GET /maccdc2012/maccdc2012_full_alert.7z HTTP/1.1" 200 2293660 "-" "BUbiNG (+http://law.di.unimi.it/BUbiNG.html#wc)" 
54.89.101.159 - - [08/Mar/2018:15:57:06 -0800] "GET /tg_snort_fast.7z HTTP/1.1" 404 340 "-" "BUbiNG (+http://law.di.unimi.it/BUbiNG.html#wc)" 
120.221.0.34 - - [08/Mar/2018:15:59:02 -0800] "GET /honeypot/Honeypot%20-%20Howto.pdf HTTP/1.1" 304 131 "-" "Mozilla/5.0 Gecko/20100115 Firefox/3.6" 
54.89.101.159 - - [08/Mar/2018:15:59:02 -0800] "GET /tg_snort_full.7z HTTP/1.1" 404 340 "-" "BUbiNG (+http://law.di.unimi.it/BUbiNG.html#wc)" 
54.89.101.159 - - [08/Mar/2018:15:59:32 -0800] "GET /self.logs/ HTTP/1.1" 200 8708 "-" "BUbiNG (+http://law.di.unimi.it/BUbiNG.html#wc)" 
54.89.101.159 - - [08/Mar/2018:16:00:03 -0800] "GET / HTTP/1.1" 200 11061 "-" "BUbiNG (+http://law.di.unimi.it/BUbiNG.html#wc)" 
54.89.101.159 - - [08/Mar/2018:16:02:05 -0800] "GET /self.logs/?C=N;O=D HTTP/1.1" 200 8762 "-" "BUbiNG (+http://law.di.unimi.it/BUbiNG.html#wc)" 
73.15.138.245 - - [08/Mar/2018:16:02:22 -0800] "GET / HTTP/1.1" 200 11061 "https://www.google.com/" "Mozilla/5.0 (Macintosh; Intel Mac OS X 10_13_3) AppleWebKit/537.36 (KHTML, like Gecko) Chrome/64.0.3282.186 Safari/537.36" 
73.15.138.245 - - [08/Mar/2018:16:02:23 -0800] "GET /twitter-icon.png HTTP/1.1" 200 27787 "http://www.secrepo.com/" "Mozilla/5.0 (Macintosh; Intel Mac OS X 10_13_3) AppleWebKit/537.36 (KHTML, like Gecko) Chrome/64.0.3282.186 Safari/537.36" 
73.15.138.245 - - [08/Mar/2018:16:02:23 -0800] "GET /GitHub-Mark.png HTTP/1.1" 200 7428 "http://www.secrepo.com/" "Mozilla/5.0 (Macintosh; Intel Mac OS X 10_13_3) AppleWebKit/537.36 (KHTML, like Gecko) Chrome/64.0.3282.186 Safari/537.36" 
73.15.138.245 - - [08/Mar/2018:16:02:24 -0800] "GET /bootstrap/img/favicon.ico HTTP/1.1" 200 589 "http://www.secrepo.com/" "Mozilla/5.0 (Macintosh; Intel Mac OS X 10_13_3) AppleWebKit/537.36 (KHTML, like Gecko) Chrome/64.0.3282.186 Safari/537.36" 
54.89.101.159 - - [08/Mar/2018:16:04:43 -0800] "GET /self.logs/?C=M;O=A HTTP/1.1" 200 9010 "-" "BUbiNG (+http://law.di.unimi.it/BUbiNG.html#wc)" 
54.89.101.159 - - [08/Mar/2018:16:05:26 -0800] "GET /self.logs/?C=S;O=A HTTP/1.1" 200 9789 "-" "BUbiNG (+http://law.di.unimi.it/BUbiNG.html#wc)" 
54.89.101.159 - - [08/Mar/2018:16:05:56 -0800] "GET /self.logs/?C=D;O=A HTTP/1.1" 200 8708 "-" "BUbiNG (+http://law.di.unimi.it/BUbiNG.html#wc)" 
54.89.101.159 - - [08/Mar/2018:16:06:37 -0800] "GET /self.logs/2015/ HTTP/1.1" 200 7437 "-" "BUbiNG (+http://law.di.unimi.it/BUbiNG.html#wc)" 
54.89.101.159 - - [08/Mar/2018:16:07:07 -0800] "GET /self.logs/2016/ HTTP/1.1" 200 7741 "-" "BUbiNG (+http://law.di.unimi.it/BUbiNG.html#wc)" 
54.89.101.159 - - [08/Mar/2018:16:07:37 -0800] "GET /data HTTP/1.1" 404 340 "-" "BUbiNG (+http://law.di.unimi.it/BUbiNG.html#wc)" 
5.133.214.6 - - [08/Mar/2018:16:07:38 -0800] "GET / HTTP/1.1" 200 11005 "-" "Mozilla/5.0 (compatible; Googlebot/2.1; +http://www.google.com/bot.html)" 
66.249.64.159 - - [08/Mar/2018:16:07:58 -0800] "GET / HTTP/1.1" 200 11061 "-" "Mozilla/5.0 (Linux; Android 6.0.1; Nexus 5X Build/MMB29P) AppleWebKit/537.36 (KHTML, like Gecko) Chrome/41.0.2272.96 Mobile Safari/537.36 (compatible; Googlebot/2.1; +http://www.google.com/bot.html)" 
54.89.101.159 - - [08/Mar/2018:16:08:07 -0800] "GET /tg/tg_snort_fast.7z HTTP/1.1" 200 2296580 "-" "BUbiNG (+http://law.di.unimi.it/BUbiNG.html#wc)" 
54.89.101.159 - - [08/Mar/2018:16:08:37 -0800] "GET /tg/tg_snort_full.7z HTTP/1.1" 200 2309720 "-" "BUbiNG (+http://law.di.unimi.it/BUbiNG.html#wc)" 
54.174.29.120 - - [08/Mar/2018:16:10:10 -0800] "GET /robots.txt HTTP/1.1" 301 502 "-" "BUbiNG (+http://law.di.unimi.it/BUbiNG.html#wc)" 
54.174.29.120 - - [08/Mar/2018:16:10:10 -0800] "GET /robots.txt HTTP/1.1" 200 334 "-" "BUbiNG (+http://law.di.unimi.it/BUbiNG.html#wc)" 
54.174.29.120 - - [08/Mar/2018:16:10:48 -0800] "GET / HTTP/1.1" 301 483 "-" "BUbiNG (+http://law.di.unimi.it/BUbiNG.html#wc)" 
54.89.101.159 - - [08/Mar/2018:16:16:02 -0800] "GET /honeypot/BSidesDFW%20-%202014.ipynb HTTP/1.1" 200 930836 "-" "BUbiNG (+http://law.di.unimi.it/BUbiNG.html#wc)" 
54.89.101.159 - - [08/Mar/2018:16:17:04 -0800] "GET /self.logs/?C=N;O=A HTTP/1.1" 200 8708 "-" "BUbiNG (+http://law.di.unimi.it/BUbiNG.html#wc)" 
54.89.101.159 - - [08/Mar/2018:16:17:47 -0800] "GET /self.logs/?C=M;O=D HTTP/1.1" 200 9094 "-" "BUbiNG (+http://law.di.unimi.it/BUbiNG.html#wc)" 
54.89.101.159 - - [08/Mar/2018:16:18:20 -0800] "GET /self.logs/?C=S;O=D HTTP/1.1" 200 9730 "-" "BUbiNG (+http://law.di.unimi.it/BUbiNG.html#wc)" 
192.99.147.142 - - [08/Mar/2018:16:18:28 -0800] "GET / HTTP/1.1" 301 442 "-" "Mozilla/5.0 (Windows NT 6.3; WOW64) AppleWebKit/537.36 (KHTML, like Gecko) Chrome/41.0.2272.118 Safari/537.36" 
192.99.147.142 - - [08/Mar/2018:16:18:28 -0800] "GET / HTTP/1.1" 200 37359 "-" "Mozilla/5.0 (Windows NT 6.3; WOW64) AppleWebKit/537.36 (KHTML, like Gecko) Chrome/41.0.2272.118 Safari/537.36" 
192.99.147.142 - - [08/Mar/2018:16:18:29 -0800] "GET / HTTP/1.1" 301 442 "-" "Mozilla/5.0 (iPhone; CPU iPhone OS 6_0 like Mac OS X) AppleWebKit/536.26 (KHTML, like Gecko) Version/6.0 Mobile/10A5376e Safari/8536.25" 
192.99.147.142 - - [08/Mar/2018:16:18:29 -0800] "GET / HTTP/1.1" 200 37359 "-" "Mozilla/5.0 (iPhone; CPU iPhone OS 6_0 like Mac OS X) AppleWebKit/536.26 (KHTML, like Gecko) Version/6.0 Mobile/10A5376e Safari/8536.25" 
54.89.101.159 - - [08/Mar/2018:16:18:50 -0800] "GET /self.logs/2015/?C=N;O=D HTTP/1.1" 200 7480 "-" "BUbiNG (+http://law.di.unimi.it/BUbiNG.html#wc)" 
66.249.64.157 - - [08/Mar/2018:16:19:19 -0800] "GET / HTTP/1.1" 200 11061 "-" "Mozilla/5.0 (Linux; Android 6.0.1; Nexus 5X Build/MMB29P) AppleWebKit/537.36 (KHTML, like Gecko) Chrome/41.0.2272.96 Mobile Safari/537.36 (compatible; Googlebot/2.1; +http://www.google.com/bot.html)" 
54.89.101.159 - - [08/Mar/2018:16:19:20 -0800] "GET /self.logs/2015/?C=M;O=A HTTP/1.1" 200 7660 "-" "BUbiNG (+http://law.di.unimi.it/BUbiNG.html#wc)" 
54.89.101.159 - - [08/Mar/2018:16:19:50 -0800] "GET /self.logs/2015/?C=S;O=A HTTP/1.1" 200 8283 "-" "BUbiNG (+http://law.di.unimi.it/BUbiNG.html#wc)" 
54.89.101.159 - - [08/Mar/2018:16:20:20 -0800] "GET /self.logs/2015/?C=D;O=A HTTP/1.1" 200 7437 "-" "BUbiNG (+http://law.di.unimi.it/BUbiNG.html#wc)" 
129.120.60.14 - - [08/Mar/2018:16:20:23 -0800] "GET / HTTP/1.1" 200 11061 "http://www.secrepo.com/" "Mozilla/5.0 (X11; Ubuntu; Linux x86_64; rv:58.0) Gecko/20100101 Firefox/58.0" 
54.89.101.159 - - [08/Mar/2018:16:22:31 -0800] "GET /self.logs/2016/?C=N;O=D HTTP/1.1" 200 7767 "-" "BUbiNG (+http://law.di.unimi.it/BUbiNG.html#wc)" 
54.89.101.159 - - [08/Mar/2018:16:23:45 -0800] "GET /self.logs/2016/?C=M;O=A HTTP/1.1" 200 8047 "-" "BUbiNG (+http://law.di.unimi.it/BUbiNG.html#wc)" 
54.89.101.159 - - [08/Mar/2018:16:24:28 -0800] "GET /self.logs/2016/?C=S;O=A HTTP/1.1" 200 8646 "-" "BUbiNG (+http://law.di.unimi.it/BUbiNG.html#wc)" 
54.89.101.159 - - [08/Mar/2018:16:25:15 -0800] "GET /self.logs/2016/?C=D;O=A HTTP/1.1" 200 7741 "-" "BUbiNG (+http://law.di.unimi.it/BUbiNG.html#wc)" 
54.89.101.159 - - [08/Mar/2018:16:25:59 -0800] "GET /self.logs/2016/error.log.2016-01-22 HTTP/1.1" 200 334 "-" "BUbiNG (+http://law.di.unimi.it/BUbiNG.html#wc)" 
194.68.96.34 - - [08/Mar/2018:16:27:15 -0800] "GET / HTTP/1.1" 200 11005 "-" "Mozilla/5.0 (compatible; Googlebot/2.1; +http://www.google.com/bot.html)" 
12.111.81.80 - - [08/Mar/2018:16:28:11 -0800] "GET / HTTP/1.1" 200 11061 "-" "Mozilla/5.0 (Windows NT 6.1; Win64; x64) AppleWebKit/537.36 (KHTML, like Gecko) Chrome/64.0.3282.186 Safari/537.36" 
12.111.81.80 - - [08/Mar/2018:16:28:11 -0800] "GET /twitter-icon.png HTTP/1.1" 200 27787 "http://www.secrepo.com/" "Mozilla/5.0 (Windows NT 6.1; Win64; x64) AppleWebKit/537.36 (KHTML, like Gecko) Chrome/64.0.3282.186 Safari/537.36" 
12.111.81.80 - - [08/Mar/2018:16:28:11 -0800] "GET /GitHub-Mark.png HTTP/1.1" 200 7428 "http://www.secrepo.com/" "Mozilla/5.0 (Windows NT 6.1; Win64; x64) AppleWebKit/537.36 (KHTML, like Gecko) Chrome/64.0.3282.186 Safari/537.36" 
12.111.81.80 - - [08/Mar/2018:16:28:12 -0800] "GET /bootstrap/img/favicon.ico HTTP/1.1" 200 589 "http://www.secrepo.com/" "Mozilla/5.0 (Windows NT 6.1; Win64; x64) AppleWebKit/537.36 (KHTML, like Gecko) Chrome/64.0.3282.186 Safari/537.36" 
54.89.101.159 - - [08/Mar/2018:16:28:30 -0800] "GET /%22https:/twitter.com/sooshie/%22 HTTP/1.1" 404 340 "-" "BUbiNG (+http://law.di.unimi.it/BUbiNG.html#wc)" 
54.89.101.159 - - [08/Mar/2018:16:31:57 -0800] "GET /%22https:/twitter.com/theroxyd/%22 HTTP/1.1" 404 340 "-" "BUbiNG (+http://law.di.unimi.it/BUbiNG.html#wc)" 
54.89.101.159 - - [08/Mar/2018:16:33:01 -0800] "GET /%22http:/amunhoney.sourceforge.net/%22 HTTP/1.1" 404 340 "-" "BUbiNG (+http://law.di.unimi.it/BUbiNG.html#wc)" 
54.89.101.159 - - [08/Mar/2018:16:34:04 -0800] "GET /%22http:/glastopf.org/%22 HTTP/1.1" 404 340 "-" "BUbiNG (+http://law.di.unimi.it/BUbiNG.html#wc)" 
54.89.101.159 - - [08/Mar/2018:16:36:12 -0800] "GET /%22http:/www.maxmind.com/%22 HTTP/1.1" 404 340 "-" "BUbiNG (+http://law.di.unimi.it/BUbiNG.html#wc)" 
54.89.101.159 - - [08/Mar/2018:16:36:49 -0800] "GET /self.logs/2015/?C=N;O=A HTTP/1.1" 200 7437 "-" "BUbiNG (+http://law.di.unimi.it/BUbiNG.html#wc)" 
137.59.103.22 - - [08/Mar/2018:16:37:55 -0800] "GET / HTTP/1.1" 200 11061 "-" "Mozilla/5.0 (Windows NT 6.1; WOW64) AppleWebKit/537.36 (KHTML, like Gecko) Chrome/64.0.3282.186 Safari/537.36" 
137.59.103.22 - - [08/Mar/2018:16:37:55 -0800] "GET /twitter-icon.png HTTP/1.1" 200 27787 "http://www.secrepo.com/" "Mozilla/5.0 (Windows NT 6.1; WOW64) AppleWebKit/537.36 (KHTML, like Gecko) Chrome/64.0.3282.186 Safari/537.36" 
137.59.103.22 - - [08/Mar/2018:16:37:55 -0800] "GET /GitHub-Mark.png HTTP/1.1" 200 7428 "http://www.secrepo.com/" "Mozilla/5.0 (Windows NT 6.1; WOW64) AppleWebKit/537.36 (KHTML, like Gecko) Chrome/64.0.3282.186 Safari/537.36" 
137.59.103.22 - - [08/Mar/2018:16:37:57 -0800] "GET /bootstrap/img/favicon.ico HTTP/1.1" 200 590 "http://www.secrepo.com/" "Mozilla/5.0 (Windows NT 6.1; WOW64) AppleWebKit/537.36 (KHTML, like Gecko) Chrome/64.0.3282.186 Safari/537.36" 
54.89.101.159 - - [08/Mar/2018:16:38:14 -0800] "GET /self.logs/2015/?C=M;O=D HTTP/1.1" 200 7666 "-" "BUbiNG (+http://law.di.unimi.it/BUbiNG.html#wc)" 
54.89.101.159 - - [08/Mar/2018:16:39:04 -0800] "GET /self.logs/2015/?C=S;O=D HTTP/1.1" 200 8253 "-" "BUbiNG (+http://law.di.unimi.it/BUbiNG.html#wc)" 
5.133.215.188 - - [08/Mar/2018:16:39:33 -0800] "GET /robots.txt HTTP/1.1" 200 304 "-" "Mozilla/5.0 (Windows NT 5.1; rv:6.0) Gecko/20100101 Firefox/10.0.2" 
54.89.101.159 - - [08/Mar/2018:16:39:47 -0800] "GET /self.logs/2016/?C=N;O=A HTTP/1.1" 200 7741 "-" "BUbiNG (+http://law.di.unimi.it/BUbiNG.html#wc)" 
194.68.96.34 - - [08/Mar/2018:16:39:56 -0800] "GET /robots.txt HTTP/1.1" 200 304 "-" "Mozilla/5.0 (Windows NT 5.1; rv:6.0) Gecko/20100101 Firefox/10.0.2" 
192.121.71.67 - - [08/Mar/2018:16:43:25 -0800] "GET / HTTP/1.1" 200 11005 "-" "Mozilla/5.0 (compatible; Googlebot/2.1; +http://www.google.com/bot.html)" 
192.165.113.190 - - [08/Mar/2018:16:43:26 -0800] "GET / HTTP/1.1" 200 11005 "-" "Mozilla/5.0 (Windows NT 5.1; rv:6.0) Gecko/20100101 Firefox/10.0.2" 
54.89.101.159 - - [08/Mar/2018:16:43:27 -0800] "GET /self.logs/2016/?C=M;O=D HTTP/1.1" 200 8020 "-" "BUbiNG (+http://law.di.unimi.it/BUbiNG.html#wc)" 
54.89.101.159 - - [08/Mar/2018:16:46:52 -0800] "GET /self.logs/2016/?C=S;O=D HTTP/1.1" 200 8572 "-" "BUbiNG (+http://law.di.unimi.it/BUbiNG.html#wc)" 
137.59.103.22 - - [08/Mar/2018:16:47:33 -0800] "GET /maccdc2012/conn.log.gz HTTP/1.1" 200 183691 "http://www.secrepo.com/" "Mozilla/5.0 (Windows NT 6.1; WOW64) AppleWebKit/537.36 (KHTML, like Gecko) Chrome/64.0.3282.186 Safari/537.36" 
54.36.148.140 - - [08/Mar/2018:16:50:35 -0800] "GET /self.logs/access.log.2015-03-09.gz HTTP/1.1" 404 284 "-" "Mozilla/5.0 (compatible; AhrefsBot/5.2; +http://ahrefs.com/robot/)" 
111.20.225.135 - - [08/Mar/2018:16:50:36 -0800] "GET / HTTP/1.1" 200 11061 "https://www.google.com/" "Mozilla/5.0 (Windows NT 6.1; Win64; x64) AppleWebKit/537.36 (KHTML, like Gecko) Chrome/56.0.2924.87 Safari/537.36" 
111.20.225.135 - - [08/Mar/2018:16:50:37 -0800] "GET /twitter-icon.png HTTP/1.1" 200 27787 "http://www.secrepo.com/" "Mozilla/5.0 (Windows NT 6.1; Win64; x64) AppleWebKit/537.36 (KHTML, like Gecko) Chrome/56.0.2924.87 Safari/537.36" 
111.20.225.135 - - [08/Mar/2018:16:50:37 -0800] "GET /GitHub-Mark.png HTTP/1.1" 200 7428 "http://www.secrepo.com/" "Mozilla/5.0 (Windows NT 6.1; Win64; x64) AppleWebKit/537.36 (KHTML, like Gecko) Chrome/56.0.2924.87 Safari/537.36" 
111.20.225.135 - - [08/Mar/2018:16:50:38 -0800] "GET /bootstrap/img/favicon.ico HTTP/1.1" 200 589 "http://www.secrepo.com/" "Mozilla/5.0 (Windows NT 6.1; Win64; x64) AppleWebKit/537.36 (KHTML, like Gecko) Chrome/56.0.2924.87 Safari/537.36" 
111.20.225.135 - - [08/Mar/2018:16:51:16 -0800] "GET /maccdc2012/dhcp.log.gz HTTP/1.1" 200 45019 "-" "Mozilla/5.0 (Windows NT 6.1; Win64; x64) AppleWebKit/537.36 (KHTML, like Gecko) Chrome/56.0.2924.87 Safari/537.36" 
113.171.224.176 - - [08/Mar/2018:16:52:42 -0800] "GET /honeypot/Honeypot%20-%20Howto.pdf HTTP/1.1" 200 46720 "-" "Mozilla/5.0 Gecko/20100115 Firefox/3.6" 
111.20.225.135 - - [08/Mar/2018:16:54:08 -0800] "GET /maccdc2012/files.log.gz HTTP/1.1" 200 51408672 "-" "Mozilla/5.0 (Windows NT 6.1; Win64; x64) AppleWebKit/537.36 (KHTML, like Gecko) Chrome/56.0.2924.87 Safari/537.36" 
111.20.225.135 - - [08/Mar/2018:16:53:52 -0800] "GET /maccdc2012/dns.log.gz HTTP/1.1" 200 6629420 "-" "Mozilla/5.0 (Windows NT 6.1; Win64; x64) AppleWebKit/537.36 (KHTML, like Gecko) Chrome/56.0.2924.87 Safari/537.36" 
111.20.225.135 - - [08/Mar/2018:16:57:57 -0800] "GET /maccdc2012/ftp.log.gz HTTP/1.1" 200 128116 "-" "Mozilla/5.0 (Windows NT 6.1; Win64; x64) AppleWebKit/537.36 (KHTML, like Gecko) Chrome/56.0.2924.87 Safari/537.36" 
111.20.225.135 - - [08/Mar/2018:16:58:02 -0800] "GET /maccdc2012/notice.log.gz HTTP/1.1" 200 20779 "-" "Mozilla/5.0 (Windows NT 6.1; Win64; x64) AppleWebKit/537.36 (KHTML, like Gecko) Chrome/56.0.2924.87 Safari/537.36" 
111.20.225.135 - - [08/Mar/2018:16:58:06 -0800] "GET /maccdc2012/signatures.log.gz HTTP/1.1" 200 605 "-" "Mozilla/5.0 (Windows NT 6.1; Win64; x64) AppleWebKit/537.36 (KHTML, like Gecko) Chrome/56.0.2924.87 Safari/537.36" 
52.168.161.70 - - [08/Mar/2018:16:58:23 -0800] "HEAD / HTTP/1.1" 301 253 "https://www.google.com/" "Mozilla/5.0 (compatible; epicbot; +http://www.epictions.com/epicbot)" 
52.168.161.70 - - [08/Mar/2018:16:58:23 -0800] "HEAD / HTTP/1.1" 301 253 "https://www.google.com/" "Mozilla/5.0 (compatible; epicbot; +http://www.epictions.com/epicbot)" 
52.168.161.70 - - [08/Mar/2018:16:58:23 -0800] "HEAD / HTTP/1.1" 301 253 "https://www.google.com/" "Mozilla/5.0 (compatible; epicbot; +http://www.epictions.com/epicbot)" 
52.168.161.70 - - [08/Mar/2018:16:58:23 -0800] "HEAD / HTTP/1.1" 301 253 "https://www.google.com/" "Mozilla/5.0 (compatible; epicbot; +http://www.epictions.com/epicbot)" 
52.168.161.70 - - [08/Mar/2018:16:58:23 -0800] "HEAD / HTTP/1.1" 301 253 "https://www.google.com/" "Mozilla/5.0 (compatible; epicbot; +http://www.epictions.com/epicbot)" 
52.168.161.70 - - [08/Mar/2018:16:58:23 -0800] "HEAD / HTTP/1.1" 301 253 "https://www.google.com/" "Mozilla/5.0 (compatible; epicbot; +http://www.epictions.com/epicbot)" 
52.168.161.70 - - [08/Mar/2018:16:58:23 -0800] "HEAD / HTTP/1.1" 301 253 "https://www.google.com/" "Mozilla/5.0 (compatible; epicbot; +http://www.epictions.com/epicbot)" 
52.168.161.70 - - [08/Mar/2018:16:58:23 -0800] "HEAD / HTTP/1.1" 301 253 "https://www.google.com/" "Mozilla/5.0 (compatible; epicbot; +http://www.epictions.com/epicbot)" 
52.168.161.70 - - [08/Mar/2018:16:58:23 -0800] "HEAD / HTTP/1.1" 301 253 "https://www.google.com/" "Mozilla/5.0 (compatible; epicbot; +http://www.epictions.com/epicbot)" 
52.168.161.70 - - [08/Mar/2018:16:58:23 -0800] "HEAD / HTTP/1.1" 301 253 "https://www.google.com/" "Mozilla/5.0 (compatible; epicbot; +http://www.epictions.com/epicbot)" 
52.168.161.70 - - [08/Mar/2018:16:58:23 -0800] "HEAD / HTTP/1.1" 301 253 "https://www.google.com/" "Mozilla/5.0 (compatible; epicbot; +http://www.epictions.com/epicbot)" 
52.168.161.70 - - [08/Mar/2018:16:58:23 -0800] "HEAD / HTTP/1.1" 301 253 "https://www.google.com/" "Mozilla/5.0 (compatible; epicbot; +http://www.epictions.com/epicbot)" 
52.168.161.70 - - [08/Mar/2018:16:58:23 -0800] "HEAD / HTTP/1.1" 301 253 "https://www.google.com/" "Mozilla/5.0 (compatible; epicbot; +http://www.epictions.com/epicbot)" 
52.168.161.70 - - [08/Mar/2018:16:58:23 -0800] "HEAD / HTTP/1.1" 200 282 "https://www.google.com/" "Mozilla/5.0 (compatible; epicbot; +http://www.epictions.com/epicbot)" 
54.36.148.154 - - [08/Mar/2018:16:58:24 -0800] "GET /self.logs/error.log.2016-10-08.gz HTTP/1.1" 404 284 "-" "Mozilla/5.0 (compatible; AhrefsBot/5.2; +http://ahrefs.com/robot/)" 
52.168.161.70 - - [08/Mar/2018:16:58:25 -0800] "HEAD / HTTP/1.1" 301 253 "https://www.google.com/" "Mozilla/5.0 (compatible; epicbot; +http://www.epictions.com/epicbot)" 
52.168.161.70 - - [08/Mar/2018:16:58:25 -0800] "HEAD / HTTP/1.1" 301 253 "https://www.google.com/" "Mozilla/5.0 (compatible; epicbot; +http://www.epictions.com/epicbot)" 
52.168.161.70 - - [08/Mar/2018:16:58:25 -0800] "HEAD / HTTP/1.1" 301 253 "https://www.google.com/" "Mozilla/5.0 (compatible; epicbot; +http://www.epictions.com/epicbot)" 
52.168.161.70 - - [08/Mar/2018:16:58:25 -0800] "HEAD / HTTP/1.1" 301 253 "https://www.google.com/" "Mozilla/5.0 (compatible; epicbot; +http://www.epictions.com/epicbot)" 
52.168.161.70 - - [08/Mar/2018:16:58:25 -0800] "HEAD / HTTP/1.1" 301 253 "https://www.google.com/" "Mozilla/5.0 (compatible; epicbot; +http://www.epictions.com/epicbot)" 
52.168.161.70 - - [08/Mar/2018:16:58:25 -0800] "HEAD / HTTP/1.1" 301 253 "https://www.google.com/" "Mozilla/5.0 (compatible; epicbot; +http://www.epictions.com/epicbot)" 
52.168.161.70 - - [08/Mar/2018:16:58:25 -0800] "HEAD / HTTP/1.1" 301 253 "https://www.google.com/" "Mozilla/5.0 (compatible; epicbot; +http://www.epictions.com/epicbot)" 
52.168.161.70 - - [08/Mar/2018:16:58:25 -0800] "HEAD / HTTP/1.1" 301 253 "https://www.google.com/" "Mozilla/5.0 (compatible; epicbot; +http://www.epictions.com/epicbot)" 
52.168.161.70 - - [08/Mar/2018:16:58:25 -0800] "HEAD / HTTP/1.1" 301 253 "https://www.google.com/" "Mozilla/5.0 (compatible; epicbot; +http://www.epictions.com/epicbot)" 
52.168.161.70 - - [08/Mar/2018:16:58:25 -0800] "HEAD / HTTP/1.1" 301 253 "https://www.google.com/" "Mozilla/5.0 (compatible; epicbot; +http://www.epictions.com/epicbot)" 
52.168.161.70 - - [08/Mar/2018:16:58:26 -0800] "HEAD / HTTP/1.1" 301 253 "https://www.google.com/" "Mozilla/5.0 (compatible; epicbot; +http://www.epictions.com/epicbot)" 
52.168.161.70 - - [08/Mar/2018:16:58:26 -0800] "HEAD / HTTP/1.1" 301 253 "https://www.google.com/" "Mozilla/5.0 (compatible; epicbot; +http://www.epictions.com/epicbot)" 
52.168.161.70 - - [08/Mar/2018:16:58:26 -0800] "HEAD / HTTP/1.1" 301 253 "https://www.google.com/" "Mozilla/5.0 (compatible; epicbot; +http://www.epictions.com/epicbot)" 
52.168.161.70 - - [08/Mar/2018:16:58:26 -0800] "HEAD / HTTP/1.1" 301 253 "https://www.google.com/" "Mozilla/5.0 (compatible; epicbot; +http://www.epictions.com/epicbot)" 
52.168.161.70 - - [08/Mar/2018:16:58:26 -0800] "HEAD / HTTP/1.1" 301 253 "https://www.google.com/" "Mozilla/5.0 (compatible; epicbot; +http://www.epictions.com/epicbot)" 
52.168.161.70 - - [08/Mar/2018:16:58:26 -0800] "HEAD / HTTP/1.1" 301 253 "https://www.google.com/" "Mozilla/5.0 (compatible; epicbot; +http://www.epictions.com/epicbot)" 
52.168.161.70 - - [08/Mar/2018:16:58:26 -0800] "HEAD / HTTP/1.1" 301 253 "https://www.google.com/" "Mozilla/5.0 (compatible; epicbot; +http://www.epictions.com/epicbot)" 
52.168.161.70 - - [08/Mar/2018:16:58:26 -0800] "HEAD / HTTP/1.1" 301 253 "https://www.google.com/" "Mozilla/5.0 (compatible; epicbot; +http://www.epictions.com/epicbot)" 
52.168.161.70 - - [08/Mar/2018:16:58:26 -0800] "HEAD / HTTP/1.1" 301 253 "https://www.google.com/" "Mozilla/5.0 (compatible; epicbot; +http://www.epictions.com/epicbot)" 
52.168.161.70 - - [08/Mar/2018:16:58:26 -0800] "HEAD / HTTP/1.1" 301 253 "https://www.google.com/" "Mozilla/5.0 (compatible; epicbot; +http://www.epictions.com/epicbot)" 
52.168.161.70 - - [08/Mar/2018:16:58:26 -0800] "HEAD / HTTP/1.1" 301 253 "https://www.google.com/" "Mozilla/5.0 (compatible; epicbot; +http://www.epictions.com/epicbot)" 
52.168.161.70 - - [08/Mar/2018:16:58:26 -0800] "HEAD / HTTP/1.1" 200 282 "https://www.google.com/" "Mozilla/5.0 (compatible; epicbot; +http://www.epictions.com/epicbot)" 
52.168.161.70 - - [08/Mar/2018:16:58:26 -0800] "HEAD / HTTP/1.1" 200 282 "https://www.google.com/" "Mozilla/5.0 (compatible; epicbot; +http://www.epictions.com/epicbot)" 
52.168.161.70 - - [08/Mar/2018:16:58:26 -0800] "HEAD / HTTP/1.1" 301 253 "https://www.google.com/" "Mozilla/5.0 (compatible; epicbot; +http://www.epictions.com/epicbot)" 
52.168.161.70 - - [08/Mar/2018:16:58:26 -0800] "HEAD / HTTP/1.1" 301 253 "https://www.google.com/" "Mozilla/5.0 (compatible; epicbot; +http://www.epictions.com/epicbot)" 
52.168.161.70 - - [08/Mar/2018:16:58:26 -0800] "HEAD / HTTP/1.1" 301 253 "https://www.google.com/" "Mozilla/5.0 (compatible; epicbot; +http://www.epictions.com/epicbot)" 
157.55.39.180 - - [08/Mar/2018:16:59:02 -0800] "GET /self.logs/error.log.2017-01-19.gz HTTP/1.1" 200 875 "-" "Mozilla/5.0 (compatible; bingbot/2.0; +http://www.bing.com/bingbot.htm)" 
111.20.225.135 - - [08/Mar/2018:16:58:00 -0800] "GET /maccdc2012/http.log.gz HTTP/1.1" 200 54258816 "-" "Mozilla/5.0 (Windows NT 6.1; Win64; x64) AppleWebKit/537.36 (KHTML, like Gecko) Chrome/56.0.2924.87 Safari/537.36" 
111.20.225.135 - - [08/Mar/2018:16:50:59 -0800] "GET /maccdc2012/conn.log.gz HTTP/1.1" 200 551041635 "-" "Mozilla/5.0 (Windows NT 6.1; Win64; x64) AppleWebKit/537.36 (KHTML, like Gecko) Chrome/56.0.2924.87 Safari/537.36" 
85.195.118.42 - - [08/Mar/2018:17:02:29 -0800] "GET /honeypot/BSidesDFW%20-%202014.ipynb HTTP/1.0" 200 930799 "http://www.secrepo.com/honeypot/BSidesDFW%20-%202014.ipynb" "Mozilla/5.0 (Windows NT 7.1; Win64; rv:32.1) Gecko/20100101 Firefox/32.1" 
54.36.148.61 - - [08/Mar/2018:17:03:31 -0800] "GET /data HTTP/1.1" 404 284 "-" "Mozilla/5.0 (compatible; AhrefsBot/5.2; +http://ahrefs.com/robot/)" 
111.20.225.135 - - [08/Mar/2018:17:08:47 -0800] "GET /self.logs/ HTTP/1.1" 200 8708 "http://www.secrepo.com/" "Mozilla/5.0 (Windows NT 6.1; Win64; x64) AppleWebKit/537.36 (KHTML, like Gecko) Chrome/56.0.2924.87 Safari/537.36" 
111.20.225.135 - - [08/Mar/2018:17:08:47 -0800] "GET /favicon.ico HTTP/1.1" 200 267 "http://www.secrepo.com/self.logs/" "Mozilla/5.0 (Windows NT 6.1; Win64; x64) AppleWebKit/537.36 (KHTML, like Gecko) Chrome/56.0.2924.87 Safari/537.36" 
111.20.225.135 - - [08/Mar/2018:17:09:03 -0800] "GET /self.logs/access.log.2017-01-01.gz HTTP/1.1" 200 17655 "http://www.secrepo.com/self.logs/" "Mozilla/5.0 (Windows NT 6.1; Win64; x64) AppleWebKit/537.36 (KHTML, like Gecko) Chrome/56.0.2924.87 Safari/537.36" 
218.25.39.56 - - [08/Mar/2018:17:11:16 -0800] "GET / HTTP/1.1" 200 11061 "http://www.test404.com/post-1494.html" "Mozilla/5.0 (X11; Linux x86_64) AppleWebKit/537.36 (KHTML, like Gecko) Ubuntu Chromium/37.0.2062.120 Chrome/37.0.2062.120 Safari/537.36" 
218.25.39.56 - - [08/Mar/2018:17:11:18 -0800] "GET /GitHub-Mark.png HTTP/1.1" 200 7428 "http://www.secrepo.com/" "Mozilla/5.0 (X11; Linux x86_64) AppleWebKit/537.36 (KHTML, like Gecko) Ubuntu Chromium/37.0.2062.120 Chrome/37.0.2062.120 Safari/537.36" 
218.25.39.56 - - [08/Mar/2018:17:11:18 -0800] "GET /twitter-icon.png HTTP/1.1" 200 27788 "http://www.secrepo.com/" "Mozilla/5.0 (X11; Linux x86_64) AppleWebKit/537.36 (KHTML, like Gecko) Ubuntu Chromium/37.0.2062.120 Chrome/37.0.2062.120 Safari/537.36" 
59.64.129.242 - - [08/Mar/2018:17:11:22 -0800] "GET / HTTP/1.1" 200 11061 "-" "Mozilla/5.0 (Windows NT 10.0; WOW64) AppleWebKit/537.36 (KHTML, like Gecko) Chrome/64.0.3282.186 Safari/537.36" 
59.64.129.242 - - [08/Mar/2018:17:11:22 -0800] "GET /twitter-icon.png HTTP/1.1" 200 27787 "http://www.secrepo.com/" "Mozilla/5.0 (Windows NT 10.0; WOW64) AppleWebKit/537.36 (KHTML, like Gecko) Chrome/64.0.3282.186 Safari/537.36" 
59.64.129.242 - - [08/Mar/2018:17:11:22 -0800] "GET /twitter-icon.png HTTP/1.1" 200 27788 "http://www.secrepo.com/" "Mozilla/5.0 (Windows NT 10.0; WOW64) AppleWebKit/537.36 (KHTML, like Gecko) Chrome/64.0.3282.186 Safari/537.36" 
59.64.129.242 - - [08/Mar/2018:17:11:22 -0800] "GET /GitHub-Mark.png HTTP/1.1" 200 7428 "http://www.secrepo.com/" "Mozilla/5.0 (Windows NT 10.0; WOW64) AppleWebKit/537.36 (KHTML, like Gecko) Chrome/64.0.3282.186 Safari/537.36" 
59.64.129.242 - - [08/Mar/2018:17:11:22 -0800] "GET /GitHub-Mark.png HTTP/1.1" 200 7428 "http://www.secrepo.com/" "Mozilla/5.0 (Windows NT 10.0; WOW64) AppleWebKit/537.36 (KHTML, like Gecko) Chrome/64.0.3282.186 Safari/537.36" 
211.68.71.202 - - [08/Mar/2018:17:11:24 -0800] "HEAD /twitter-icon.png HTTP/1.1" 200 216 "http://www.secrepo.com/" "curl/7.19.7 (x86_64-redhat-linux-gnu) libcurl/7.19.7 (ICE), Mozilla/5.0 (Windows NT 10.0; WOW64) AppleWebKit/537.36 (KHTML, like Gecko) Chrome/64.0.3282.186 Safari/537.36" 
211.68.71.202 - - [08/Mar/2018:17:11:25 -0800] "HEAD /GitHub-Mark.png HTTP/1.1" 200 215 "http://www.secrepo.com/" "curl/7.19.7 (x86_64-redhat-linux-gnu) libcurl/7.19.7 (ICE), Mozilla/5.0 (Windows NT 10.0; WOW64) AppleWebKit/537.36 (KHTML, like Gecko) Chrome/64.0.3282.186 Safari/537.36" 
111.20.225.135 - - [08/Mar/2018:17:11:53 -0800] "GET /self.logs/ HTTP/1.1" 200 8708 "http://www.secrepo.com/" "Mozilla/5.0 (Windows NT 6.1; Win64; x64) AppleWebKit/537.36 (KHTML, like Gecko) Chrome/56.0.2924.87 Safari/537.36" 
218.25.39.56 - - [08/Mar/2018:17:12:08 -0800] "GET /bootstrap/img/favicon.ico HTTP/1.1" 200 590 "-" "Mozilla/5.0 (X11; Linux x86_64) AppleWebKit/537.36 (KHTML, like Gecko) Ubuntu Chromium/37.0.2062.120 Chrome/37.0.2062.120 Safari/537.36" 
111.20.225.135 - - [08/Mar/2018:17:12:14 -0800] "GET /self.logs/2016/ HTTP/1.1" 200 7741 "http://www.secrepo.com/self.logs/" "Mozilla/5.0 (Windows NT 6.1; Win64; x64) AppleWebKit/537.36 (KHTML, like Gecko) Chrome/56.0.2924.87 Safari/537.36" 
111.20.225.135 - - [08/Mar/2018:17:12:31 -0800] "GET /self.logs/2016/ HTTP/1.1" 200 7741 "http://www.secrepo.com/self.logs/" "Mozilla/5.0 (Windows NT 6.1; Win64; x64) AppleWebKit/537.36 (KHTML, like Gecko) Chrome/56.0.2924.87 Safari/537.36" 
211.68.71.202 - - [08/Mar/2018:17:12:51 -0800] "HEAD /GitHub-Mark.png HTTP/1.1" 200 215 "http://www.secrepo.com/" "curl/7.19.7 (x86_64-redhat-linux-gnu) libcurl/7.19.7 (ICE), Mozilla/5.0 (Windows NT 10.0; WOW64) AppleWebKit/537.36 (KHTML, like Gecko) Chrome/64.0.3282.186 Safari/537.36" 
211.68.71.202 - - [08/Mar/2018:17:12:51 -0800] "HEAD /twitter-icon.png HTTP/1.1" 200 216 "http://www.secrepo.com/" "curl/7.19.7 (x86_64-redhat-linux-gnu) libcurl/7.19.7 (ICE), Mozilla/5.0 (Windows NT 10.0; WOW64) AppleWebKit/537.36 (KHTML, like Gecko) Chrome/64.0.3282.186 Safari/537.36" 
111.20.225.135 - - [08/Mar/2018:17:13:01 -0800] "GET /self.logs/access.log.2017-01-01.gz HTTP/1.1" 206 368 "http://www.secrepo.com/self.logs/" "Mozilla/5.0 (Windows NT 6.1; Win64; x64) AppleWebKit/537.36 (KHTML, like Gecko) Chrome/56.0.2924.87 Safari/537.36" 
111.20.225.135 - - [08/Mar/2018:17:13:01 -0800] "GET /self.logs/access.log.2017-01-01.gz HTTP/1.1" 206 13930 "http://www.secrepo.com/self.logs/" "Mozilla/5.0 (Windows NT 6.1; Win64; x64) AppleWebKit/537.36 (KHTML, like Gecko) Chrome/56.0.2924.87 Safari/537.36" 
111.20.225.135 - - [08/Mar/2018:17:13:34 -0800] "GET /self.logs/access.log.2017-01-02.gz HTTP/1.1" 200 26823 "http://www.secrepo.com/self.logs/" "Mozilla/5.0 (Windows NT 6.1; Win64; x64) AppleWebKit/537.36 (KHTML, like Gecko) Chrome/56.0.2924.87 Safari/537.36" 
111.20.225.135 - - [08/Mar/2018:17:13:38 -0800] "GET /self.logs/access.log.2017-01-03.gz HTTP/1.1" 200 40945 "http://www.secrepo.com/self.logs/" "Mozilla/5.0 (Windows NT 6.1; Win64; x64) AppleWebKit/537.36 (KHTML, like Gecko) Chrome/56.0.2924.87 Safari/537.36" 
111.20.225.135 - - [08/Mar/2018:17:13:39 -0800] "GET /self.logs/access.log.2017-01-04.gz HTTP/1.1" 200 33743 "http://www.secrepo.com/self.logs/" "Mozilla/5.0 (Windows NT 6.1; Win64; x64) AppleWebKit/537.36 (KHTML, like Gecko) Chrome/56.0.2924.87 Safari/537.36" 
111.20.225.135 - - [08/Mar/2018:17:13:40 -0800] "GET /self.logs/access.log.2017-01-05.gz HTTP/1.1" 200 42278 "http://www.secrepo.com/self.logs/" "Mozilla/5.0 (Windows NT 6.1; Win64; x64) AppleWebKit/537.36 (KHTML, like Gecko) Chrome/56.0.2924.87 Safari/537.36" 
111.20.225.135 - - [08/Mar/2018:17:13:44 -0800] "GET /self.logs/access.log.2017-01-06.gz HTTP/1.1" 200 20605 "http://www.secrepo.com/self.logs/" "Mozilla/5.0 (Windows NT 6.1; Win64; x64) AppleWebKit/537.36 (KHTML, like Gecko) Chrome/56.0.2924.87 Safari/537.36" 
111.20.225.135 - - [08/Mar/2018:17:13:46 -0800] "GET /self.logs/access.log.2017-01-07.gz HTTP/1.1" 200 17295 "http://www.secrepo.com/self.logs/" "Mozilla/5.0 (Windows NT 6.1; Win64; x64) AppleWebKit/537.36 (KHTML, like Gecko) Chrome/56.0.2924.87 Safari/537.36" 
111.20.225.135 - - [08/Mar/2018:17:13:47 -0800] "GET /self.logs/access.log.2017-01-08.gz HTTP/1.1" 200 14918 "http://www.secrepo.com/self.logs/" "Mozilla/5.0 (Windows NT 6.1; Win64; x64) AppleWebKit/537.36 (KHTML, like Gecko) Chrome/56.0.2924.87 Safari/537.36" 
111.20.225.135 - - [08/Mar/2018:17:13:49 -0800] "GET /self.logs/access.log.2017-01-09.gz HTTP/1.1" 200 24800 "http://www.secrepo.com/self.logs/" "Mozilla/5.0 (Windows NT 6.1; Win64; x64) AppleWebKit/537.36 (KHTML, like Gecko) Chrome/56.0.2924.87 Safari/537.36" 
111.20.225.135 - - [08/Mar/2018:17:13:51 -0800] "GET /self.logs/access.log.2017-01-10.gz HTTP/1.1" 200 93990 "http://www.secrepo.com/self.logs/" "Mozilla/5.0 (Windows NT 6.1; Win64; x64) AppleWebKit/537.36 (KHTML, like Gecko) Chrome/56.0.2924.87 Safari/537.36" 
111.20.225.135 - - [08/Mar/2018:17:13:53 -0800] "GET /self.logs/access.log.2017-01-11.gz HTTP/1.1" 200 91544 "http://www.secrepo.com/self.logs/" "Mozilla/5.0 (Windows NT 6.1; Win64; x64) AppleWebKit/537.36 (KHTML, like Gecko) Chrome/56.0.2924.87 Safari/537.36" 
111.20.225.135 - - [08/Mar/2018:17:13:55 -0800] "GET /self.logs/access.log.2017-01-12.gz HTTP/1.1" 200 86663 "http://www.secrepo.com/self.logs/" "Mozilla/5.0 (Windows NT 6.1; Win64; x64) AppleWebKit/537.36 (KHTML, like Gecko) Chrome/56.0.2924.87 Safari/537.36" 
111.20.225.135 - - [08/Mar/2018:17:13:57 -0800] "GET /self.logs/access.log.2017-01-13.gz HTTP/1.1" 200 16675 "http://www.secrepo.com/self.logs/" "Mozilla/5.0 (Windows NT 6.1; Win64; x64) AppleWebKit/537.36 (KHTML, like Gecko) Chrome/56.0.2924.87 Safari/537.36" 
111.20.225.135 - - [08/Mar/2018:17:13:58 -0800] "GET /self.logs/access.log.2017-01-14.gz HTTP/1.1" 200 10818 "http://www.secrepo.com/self.logs/" "Mozilla/5.0 (Windows NT 6.1; Win64; x64) AppleWebKit/537.36 (KHTML, like Gecko) Chrome/56.0.2924.87 Safari/537.36" 
111.20.225.135 - - [08/Mar/2018:17:14:00 -0800] "GET /self.logs/access.log.2017-01-15.gz HTTP/1.1" 200 13712 "http://www.secrepo.com/self.logs/" "Mozilla/5.0 (Windows NT 6.1; Win64; x64) AppleWebKit/537.36 (KHTML, like Gecko) Chrome/56.0.2924.87 Safari/537.36" 
111.20.225.135 - - [08/Mar/2018:17:14:01 -0800] "GET /self.logs/access.log.2017-01-16.gz HTTP/1.1" 200 42857 "http://www.secrepo.com/self.logs/" "Mozilla/5.0 (Windows NT 6.1; Win64; x64) AppleWebKit/537.36 (KHTML, like Gecko) Chrome/56.0.2924.87 Safari/537.36" 
111.20.225.135 - - [08/Mar/2018:17:14:02 -0800] "GET /self.logs/access.log.2017-01-17.gz HTTP/1.1" 200 18469 "http://www.secrepo.com/self.logs/" "Mozilla/5.0 (Windows NT 6.1; Win64; x64) AppleWebKit/537.36 (KHTML, like Gecko) Chrome/56.0.2924.87 Safari/537.36" 
111.20.225.135 - - [08/Mar/2018:17:14:04 -0800] "GET /self.logs/access.log.2017-01-18.gz HTTP/1.1" 200 15339 "http://www.secrepo.com/self.logs/" "Mozilla/5.0 (Windows NT 6.1; Win64; x64) AppleWebKit/537.36 (KHTML, like Gecko) Chrome/56.0.2924.87 Safari/537.36" 
111.20.225.135 - - [08/Mar/2018:17:14:05 -0800] "GET /self.logs/access.log.2017-01-19.gz HTTP/1.1" 200 18362 "http://www.secrepo.com/self.logs/" "Mozilla/5.0 (Windows NT 6.1; Win64; x64) AppleWebKit/537.36 (KHTML, like Gecko) Chrome/56.0.2924.87 Safari/537.36" 
155.94.191.98 - - [08/Mar/2018:17:15:09 -0800] "GET / HTTP/1.1" 200 11061 "-" "Mozilla/5.0 (iPhone; CPU iPhone OS 10_3_3 like Mac OS X) AppleWebKit/603.3.8 (KHTML, like Gecko) Version/10.0 Mobile/14G60 Safari/602.1" 
155.94.191.98 - - [08/Mar/2018:17:15:09 -0800] "GET /twitter-icon.png HTTP/1.1" 200 27787 "http://www.secrepo.com/" "Mozilla/5.0 (iPhone; CPU iPhone OS 10_3_3 like Mac OS X) AppleWebKit/603.3.8 (KHTML, like Gecko) Version/10.0 Mobile/14G60 Safari/602.1" 
155.94.191.98 - - [08/Mar/2018:17:15:10 -0800] "GET /GitHub-Mark.png HTTP/1.1" 200 7428 "http://www.secrepo.com/" "Mozilla/5.0 (iPhone; CPU iPhone OS 10_3_3 like Mac OS X) AppleWebKit/603.3.8 (KHTML, like Gecko) Version/10.0 Mobile/14G60 Safari/602.1" 
111.20.225.135 - - [08/Mar/2018:17:17:02 -0800] "GET /self.logs/access.log.2017-01-20.gz HTTP/1.1" 200 12981 "http://www.secrepo.com/self.logs/" "Mozilla/5.0 (Windows NT 6.1; Win64; x64) AppleWebKit/537.36 (KHTML, like Gecko) Chrome/56.0.2924.87 Safari/537.36" 
111.20.225.135 - - [08/Mar/2018:17:17:04 -0800] "GET /self.logs/access.log.2017-01-21.gz HTTP/1.1" 200 19542 "http://www.secrepo.com/self.logs/" "Mozilla/5.0 (Windows NT 6.1; Win64; x64) AppleWebKit/537.36 (KHTML, like Gecko) Chrome/56.0.2924.87 Safari/537.36" 
111.20.225.135 - - [08/Mar/2018:17:17:05 -0800] "GET /self.logs/access.log.2017-01-22.gz HTTP/1.1" 200 12426 "http://www.secrepo.com/self.logs/" "Mozilla/5.0 (Windows NT 6.1; Win64; x64) AppleWebKit/537.36 (KHTML, like Gecko) Chrome/56.0.2924.87 Safari/537.36" 
111.20.225.135 - - [08/Mar/2018:17:17:06 -0800] "GET /self.logs/access.log.2017-01-23.gz HTTP/1.1" 200 45298 "http://www.secrepo.com/self.logs/" "Mozilla/5.0 (Windows NT 6.1; Win64; x64) AppleWebKit/537.36 (KHTML, like Gecko) Chrome/56.0.2924.87 Safari/537.36" 
111.20.225.135 - - [08/Mar/2018:17:17:07 -0800] "GET /self.logs/access.log.2017-01-24.gz HTTP/1.1" 200 17089 "http://www.secrepo.com/self.logs/" "Mozilla/5.0 (Windows NT 6.1; Win64; x64) AppleWebKit/537.36 (KHTML, like Gecko) Chrome/56.0.2924.87 Safari/537.36" 
111.20.225.135 - - [08/Mar/2018:17:17:08 -0800] "GET /self.logs/access.log.2017-01-25.gz HTTP/1.1" 200 19160 "http://www.secrepo.com/self.logs/" "Mozilla/5.0 (Windows NT 6.1; Win64; x64) AppleWebKit/537.36 (KHTML, like Gecko) Chrome/56.0.2924.87 Safari/537.36" 
111.20.225.135 - - [08/Mar/2018:17:17:09 -0800] "GET /self.logs/access.log.2017-01-26.gz HTTP/1.1" 200 23954 "http://www.secrepo.com/self.logs/" "Mozilla/5.0 (Windows NT 6.1; Win64; x64) AppleWebKit/537.36 (KHTML, like Gecko) Chrome/56.0.2924.87 Safari/537.36" 
