66.249.92.64 - - [02/Aug/2018:11:42:47 -0700] "GET / HTTP/1.1" 301 483 "-" "Mozilla/5.0 (Macintosh; Intel Mac OS X 10_8_4) AppleWebKit/537.36 (KHTML, like Gecko) Chrome/28.0.1500.71 Safari/537.36" 
66.249.92.148 - - [02/Aug/2018:11:42:47 -0700] "GET /pe_static/zeus.zip&amp HTTP/1.1" 404 339 "-" "Mozilla/5.0 (Macintosh; Intel Mac OS X 10_8_4) AppleWebKit/537.36 (KHTML, like Gecko) Chrome/28.0.1500.71 Safari/537.36" 
66.249.92.146 - - [02/Aug/2018:11:42:48 -0700] "GET /pe_static/apt1.zip&amp HTTP/1.1" 404 340 "-" "Mozilla/5.0 (Macintosh; Intel Mac OS X 10_8_4) AppleWebKit/537.36 (KHTML, like Gecko) Chrome/28.0.1500.71 Safari/537.36" 
66.249.92.146 - - [02/Aug/2018:11:42:48 -0700] "GET /pe_static/zeus.zip&amp HTTP/1.1" 404 339 "-" "Mozilla/5.0 (Macintosh; Intel Mac OS X 10_8_4) AppleWebKit/537.36 (KHTML, like Gecko) Chrome/28.0.1500.71 Safari/537.36" 
66.249.92.147 - - [02/Aug/2018:11:42:49 -0700] "GET /pe_static/op-cleaver.zip&amp HTTP/1.1" 404 340 "-" "Mozilla/5.0 (Macintosh; Intel Mac OS X 10_8_4) AppleWebKit/537.36 (KHTML, like Gecko) Chrome/28.0.1500.71 Safari/537.36" 
66.249.92.148 - - [02/Aug/2018:11:42:50 -0700] "GET /pe_static/apt1.zip&amp HTTP/1.1" 404 340 "-" "Mozilla/5.0 (Macintosh; Intel Mac OS X 10_8_4) AppleWebKit/537.36 (KHTML, like Gecko) Chrome/28.0.1500.71 Safari/537.36" 
66.249.92.146 - - [02/Aug/2018:11:42:50 -0700] "GET / HTTP/1.1" 200 11357 "-" "Mozilla/5.0 (Macintosh; Intel Mac OS X 10_8_4) AppleWebKit/537.36 (KHTML, like Gecko) Chrome/28.0.1500.71 Safari/537.36" 
66.249.66.84 - - [02/Aug/2018:11:44:14 -0700] "GET /honeypot/Honeypot%20-%20Howto.pdf HTTP/1.1" 304 168 "-" "Mozilla/5.0 (Linux; Android 6.0.1; Nexus 5X Build/MMB29P) AppleWebKit/537.36 (KHTML, like Gecko) Chrome/41.0.2272.96 Mobile Safari/537.36 (compatible; Googlebot/2.1; +http://www.google.com/bot.html)" 
67.210.116.230 - - [02/Aug/2018:11:46:58 -0700] "GET / HTTP/1.1" 200 38539 "-" "Mozilla/5.0 (Windows NT 6.1; WOW64) AppleWebKit/537.36 (KHTML, like Gecko) Chrome/33.0.1750.154 Safari/537.36" 
99.14.29.59 - - [02/Aug/2018:11:50:53 -0700] "GET /bootstrap/img/favicon.ico HTTP/1.1" 200 590 "-" "Mozilla/5.0 (Windows NT 10.0; Win64; x64) AppleWebKit/537.36 (KHTML, like Gecko) Chrome/67.0.3396.99 Safari/537.36" 
209.15.209.85 - - [02/Aug/2018:11:51:02 -0700] "HEAD / HTTP/1.1" 200 239 "-" "-" 
146.87.248.74 - - [02/Aug/2018:11:51:02 -0700] "GET / HTTP/1.1" 200 11357 "https://www.researchgate.net/" "Mozilla/5.0 (Windows NT 6.1; Win64; x64) AppleWebKit/537.36 (KHTML, like Gecko) Chrome/67.0.3396.99 Safari/537.36" 
146.87.248.74 - - [02/Aug/2018:11:51:02 -0700] "GET /twitter-icon.png HTTP/1.1" 200 27787 "http://www.secrepo.com/" "Mozilla/5.0 (Windows NT 6.1; Win64; x64) AppleWebKit/537.36 (KHTML, like Gecko) Chrome/67.0.3396.99 Safari/537.36" 
146.87.248.74 - - [02/Aug/2018:11:51:03 -0700] "GET /GitHub-Mark.png HTTP/1.1" 200 7427 "http://www.secrepo.com/" "Mozilla/5.0 (Windows NT 6.1; Win64; x64) AppleWebKit/537.36 (KHTML, like Gecko) Chrome/67.0.3396.99 Safari/537.36" 
146.87.248.74 - - [02/Aug/2018:11:51:03 -0700] "GET /bootstrap/img/favicon.ico HTTP/1.1" 200 589 "http://www.secrepo.com/" "Mozilla/5.0 (Windows NT 6.1; Win64; x64) AppleWebKit/537.36 (KHTML, like Gecko) Chrome/67.0.3396.99 Safari/537.36" 
101.199.110.112 - - [02/Aug/2018:11:52:30 -0700] "GET / HTTP/1.1" 200 11357 "-" "Mozilla/5.0 (Windows NT 6.1) AppleWebKit/537.36 (KHTML, like Gecko) Chrome/36.0.1985.125 Safari/537.36" 
54.36.148.170 - - [02/Aug/2018:11:55:17 -0700] "GET /self.logs/2015/error.log.2015-11-10.gz HTTP/1.1" 200 572 "-" "Mozilla/5.0 (compatible; AhrefsBot/5.2; +http://ahrefs.com/robot/)" 
188.240.208.26 - - [02/Aug/2018:11:55:31 -0700] "GET / HTTP/1.1" 200 11357 "-" "Mozilla/5.0 (Windows NT 6.1; Trident/7.0; rv:11.0) like Gecko" 
178.17.6.203 - - [02/Aug/2018:11:57:31 -0700] "GET /wp-login.php HTTP/1.1" 418 732 "-" "Mozilla/5.0 (Windows NT 6.1; WOW64; rv:40.0) Gecko/20100101 Firefox/40.1" 
178.17.6.203 - - [02/Aug/2018:11:57:31 -0700] "GET / HTTP/1.1" 418 732 "-" "Mozilla/5.0 (Windows NT 6.1; WOW64; rv:40.0) Gecko/20100101 Firefox/40.1" 
39.32.216.36 - - [02/Aug/2018:11:57:57 -0700] "GET /wp-login.php HTTP/1.1" 418 732 "-" "Mozilla/5.0 (Windows NT 6.1; WOW64; rv:40.0) Gecko/20100101 Firefox/40.1" 
39.32.216.36 - - [02/Aug/2018:11:57:57 -0700] "GET / HTTP/1.1" 418 732 "-" "Mozilla/5.0 (Windows NT 6.1; WOW64; rv:40.0) Gecko/20100101 Firefox/40.1" 
54.36.149.27 - - [02/Aug/2018:12:00:27 -0700] "GET /self.logs/error.log.2018-06-10.gz HTTP/1.1" 200 8028 "-" "Mozilla/5.0 (compatible; AhrefsBot/5.2; +http://ahrefs.com/robot/)" 
50.1.114.34 - - [02/Aug/2018:12:02:23 -0700] "GET / HTTP/1.1" 200 11357 "https://www.google.com/" "Mozilla/5.0 (Macintosh; Intel Mac OS X 10_12_0) AppleWebKit/537.36 (KHTML, like Gecko) Chrome/67.0.3396.99 Safari/537.36" 
50.1.114.34 - - [02/Aug/2018:12:02:23 -0700] "GET /twitter-icon.png HTTP/1.1" 200 27787 "http://www.secrepo.com/" "Mozilla/5.0 (Macintosh; Intel Mac OS X 10_12_0) AppleWebKit/537.36 (KHTML, like Gecko) Chrome/67.0.3396.99 Safari/537.36" 
50.1.114.34 - - [02/Aug/2018:12:02:23 -0700] "GET /GitHub-Mark.png HTTP/1.1" 200 7428 "http://www.secrepo.com/" "Mozilla/5.0 (Macintosh; Intel Mac OS X 10_12_0) AppleWebKit/537.36 (KHTML, like Gecko) Chrome/67.0.3396.99 Safari/537.36" 
50.1.114.34 - - [02/Aug/2018:12:02:24 -0700] "GET /bootstrap/img/favicon.ico HTTP/1.1" 200 589 "http://www.secrepo.com/" "Mozilla/5.0 (Macintosh; Intel Mac OS X 10_12_0) AppleWebKit/537.36 (KHTML, like Gecko) Chrome/67.0.3396.99 Safari/537.36" 
66.249.66.84 - - [02/Aug/2018:12:02:30 -0700] "GET /self.logs/ HTTP/1.1" 200 11325 "-" "Mozilla/5.0 (compatible; Googlebot/2.1; +http://www.google.com/bot.html)" 
54.236.238.242 - - [02/Aug/2018:12:03:18 -0700] "GET / HTTP/1.1" 200 38539 "-" "Mozilla/4.0 (compatible; MSIE 8.0; Windows NT 5.1; Trident/4.0)" 
220.181.108.107 - - [02/Aug/2018:12:04:10 -0700] "GET /robots.txt HTTP/1.1" 200 297 "-" "Mozilla/5.0 (compatible; Baiduspider/2.0; +http://www.baidu.com/search/spider.html)" 
123.125.67.228 - - [02/Aug/2018:12:04:12 -0700] "GET /robots.txt HTTP/1.1" 200 297 "-" "Mozilla/5.0 (Windows NT 10.0; WOW64) AppleWebKit/537.36 (KHTML, like Gecko) Chrome/45.0.2454.93 Safari/537.36" 
123.125.67.165 - - [02/Aug/2018:12:04:13 -0700] "GET /robots.txt HTTP/1.1" 200 297 "-" "Mozilla/5.0 (Macintosh; Intel Mac OS X 10_13_1) AppleWebKit/537.36 (KHTML, like Gecko) Chrome/61.0.3163.100 Safari/537.36" 
208.80.194.27 - - [02/Aug/2018:12:05:15 -0700] "GET / HTTP/1.0" 200 38584 "-" "Mozilla/5.0 (Windows NT 5.1) Gecko/20100101 Firefox/7.0.1" 
164.132.206.83 - - [02/Aug/2018:12:07:19 -0700] "GET / HTTP/1.1" 200 11357 "-" "Mozilla/5.0 (X11; Linux x86_64) AppleWebKit/537.36 (KHTML, like Gecko) HeadlessChrome/64.0.3264.0 Safari/537.36" 
164.132.206.83 - - [02/Aug/2018:12:07:19 -0700] "GET /twitter-icon.png HTTP/1.1" 200 27787 "-" "Mozilla/5.0 (X11; Linux x86_64) AppleWebKit/537.36 (KHTML, like Gecko) HeadlessChrome/64.0.3264.0 Safari/537.36" 
164.132.206.83 - - [02/Aug/2018:12:07:19 -0700] "GET /GitHub-Mark.png HTTP/1.1" 200 7428 "-" "Mozilla/5.0 (X11; Linux x86_64) AppleWebKit/537.36 (KHTML, like Gecko) HeadlessChrome/64.0.3264.0 Safari/537.36" 
138.68.98.183 - - [02/Aug/2018:12:07:20 -0700] "HEAD /GitHub-Mark.png HTTP/1.1" 200 234 "-" "-" 
138.68.98.183 - - [02/Aug/2018:12:07:21 -0700] "HEAD /twitter-icon.png HTTP/1.1" 200 235 "-" "-" 
138.68.98.183 - - [02/Aug/2018:12:07:21 -0700] "GET /GitHub-Mark.png HTTP/1.1" 200 7391 "-" "-" 
138.68.98.183 - - [02/Aug/2018:12:07:21 -0700] "GET /twitter-icon.png HTTP/1.1" 200 27751 "-" "-" 
35.189.25.9 - - [02/Aug/2018:12:07:22 -0700] "HEAD /twitter-icon.png HTTP/1.1" 200 235 "-" "-" 
35.189.25.9 - - [02/Aug/2018:12:07:22 -0700] "HEAD /GitHub-Mark.png HTTP/1.1" 200 234 "-" "-" 
35.189.25.9 - - [02/Aug/2018:12:07:23 -0700] "GET /twitter-icon.png HTTP/1.1" 200 27751 "-" "-" 
35.189.25.9 - - [02/Aug/2018:12:07:23 -0700] "GET /GitHub-Mark.png HTTP/1.1" 200 7391 "-" "-" 
35.198.211.115 - - [02/Aug/2018:12:07:25 -0700] "HEAD /twitter-icon.png HTTP/1.1" 200 235 "-" "-" 
35.198.211.115 - - [02/Aug/2018:12:07:25 -0700] "HEAD /GitHub-Mark.png HTTP/1.1" 200 234 "-" "-" 
35.198.211.115 - - [02/Aug/2018:12:07:25 -0700] "GET /twitter-icon.png HTTP/1.1" 200 27751 "-" "-" 
35.198.211.115 - - [02/Aug/2018:12:07:25 -0700] "GET /GitHub-Mark.png HTTP/1.1" 200 7391 "-" "-" 
35.198.14.94 - - [02/Aug/2018:12:07:26 -0700] "HEAD /GitHub-Mark.png HTTP/1.1" 200 234 "-" "-" 
35.198.14.94 - - [02/Aug/2018:12:07:27 -0700] "HEAD /twitter-icon.png HTTP/1.1" 200 235 "-" "-" 
35.198.14.94 - - [02/Aug/2018:12:07:27 -0700] "GET /GitHub-Mark.png HTTP/1.1" 200 7391 "-" "-" 
35.198.14.94 - - [02/Aug/2018:12:07:27 -0700] "GET /twitter-icon.png HTTP/1.1" 200 27751 "-" "-" 
52.90.220.12 - - [02/Aug/2018:12:07:27 -0700] "HEAD /GitHub-Mark.png HTTP/1.1" 200 234 "-" "-" 
52.90.220.12 - - [02/Aug/2018:12:07:27 -0700] "GET /GitHub-Mark.png HTTP/1.1" 200 7391 "-" "-" 
52.90.220.12 - - [02/Aug/2018:12:07:28 -0700] "HEAD /twitter-icon.png HTTP/1.1" 200 235 "-" "-" 
52.90.220.12 - - [02/Aug/2018:12:07:28 -0700] "GET /twitter-icon.png HTTP/1.1" 200 27751 "-" "-" 
35.198.82.104 - - [02/Aug/2018:12:07:30 -0700] "HEAD /twitter-icon.png HTTP/1.1" 200 235 "-" "-" 
35.198.82.104 - - [02/Aug/2018:12:07:30 -0700] "HEAD /GitHub-Mark.png HTTP/1.1" 200 234 "-" "-" 
35.198.82.104 - - [02/Aug/2018:12:07:30 -0700] "GET /twitter-icon.png HTTP/1.1" 200 27751 "-" "-" 
35.198.82.104 - - [02/Aug/2018:12:07:30 -0700] "GET /GitHub-Mark.png HTTP/1.1" 200 7391 "-" "-" 
54.252.160.73 - - [02/Aug/2018:12:07:31 -0700] "HEAD /GitHub-Mark.png HTTP/1.1" 200 234 "-" "-" 
54.252.160.73 - - [02/Aug/2018:12:07:31 -0700] "HEAD /twitter-icon.png HTTP/1.1" 200 235 "-" "-" 
54.252.160.73 - - [02/Aug/2018:12:07:32 -0700] "GET /twitter-icon.png HTTP/1.1" 200 27751 "-" "-" 
54.252.160.73 - - [02/Aug/2018:12:07:32 -0700] "GET /GitHub-Mark.png HTTP/1.1" 200 7391 "-" "-" 
35.198.211.115 - - [02/Aug/2018:12:07:34 -0700] "HEAD /twitter-icon.png HTTP/1.1" 200 235 "-" "-" 
35.198.211.115 - - [02/Aug/2018:12:07:34 -0700] "HEAD /GitHub-Mark.png HTTP/1.1" 200 234 "-" "-" 
35.198.211.115 - - [02/Aug/2018:12:07:34 -0700] "GET /twitter-icon.png HTTP/1.1" 200 27751 "-" "-" 
35.198.211.115 - - [02/Aug/2018:12:07:34 -0700] "GET /GitHub-Mark.png HTTP/1.1" 200 7391 "-" "-" 
54.233.92.220 - - [02/Aug/2018:12:07:36 -0700] "HEAD /GitHub-Mark.png HTTP/1.1" 200 234 "-" "-" 
54.233.92.220 - - [02/Aug/2018:12:07:36 -0700] "HEAD /twitter-icon.png HTTP/1.1" 200 235 "-" "-" 
54.233.92.220 - - [02/Aug/2018:12:07:36 -0700] "GET /GitHub-Mark.png HTTP/1.1" 200 7391 "-" "-" 
54.233.92.220 - - [02/Aug/2018:12:07:36 -0700] "GET /twitter-icon.png HTTP/1.1" 200 27751 "-" "-" 
35.194.66.81 - - [02/Aug/2018:12:07:37 -0700] "HEAD /twitter-icon.png HTTP/1.1" 200 235 "-" "-" 
35.194.66.81 - - [02/Aug/2018:12:07:37 -0700] "GET /twitter-icon.png HTTP/1.1" 200 27751 "-" "-" 
35.194.66.81 - - [02/Aug/2018:12:07:37 -0700] "HEAD /GitHub-Mark.png HTTP/1.1" 200 234 "-" "-" 
35.194.66.81 - - [02/Aug/2018:12:07:37 -0700] "GET /GitHub-Mark.png HTTP/1.1" 200 7391 "-" "-" 
54.36.148.157 - - [02/Aug/2018:12:08:00 -0700] "GET /self.logs/access.log.2017-04-17.gz HTTP/1.1" 200 20147 "-" "Mozilla/5.0 (compatible; AhrefsBot/5.2; +http://ahrefs.com/robot/)" 
125.115.181.112 - - [02/Aug/2018:12:08:06 -0700] "GET / HTTP/1.1" 200 11301 "-" "BaiduSpider" 
41.223.160.173 - - [02/Aug/2018:12:08:21 -0700] "GET /tg/tg_snort_fast.7z HTTP/1.1" 304 131 "-" "Mozilla/5.0 Gecko/20100115 Firefox/3.6" 
182.52.22.58 - - [02/Aug/2018:12:13:37 -0700] "GET / HTTP/1.1" 200 11301 "-" "Mozilla/5.0 (Windows NT 6.3; Win64; x64; rv:57.0) Gecko/20100101 Firefox/57.0" 
182.52.22.58 - - [02/Aug/2018:12:13:40 -0700] "GET /honeypot/Honeypot%20-%20Howto%20-%20BSides%20Austin.pdf HTTP/1.1" 200 1775520 "http://www.secrepo.com/" "Mozilla/5.0 (Windows NT 6.3; Win64; x64; rv:57.0) Gecko/20100101 Firefox/57.0" 
182.52.22.58 - - [02/Aug/2018:12:13:55 -0700] "GET /honeypot/Honeypot%20-%20Howto.pdf HTTP/1.1" 200 1279362 "http://www.secrepo.com/" "Mozilla/5.0 (Windows NT 6.3; Win64; x64; rv:57.0) Gecko/20100101 Firefox/57.0" 
182.52.22.58 - - [02/Aug/2018:12:14:06 -0700] "GET /ftp://download.iwlab.foi.se/dataset/ HTTP/1.1" 404 284 "http://www.secrepo.com/" "Mozilla/5.0 (Windows NT 6.3; Win64; x64; rv:57.0) Gecko/20100101 Firefox/57.0" 
182.52.22.58 - - [02/Aug/2018:12:14:07 -0700] "GET /ftp://download.iwlab.foi.se/dataset/ HTTP/1.1" 404 239 "http://www.secrepo.com/" "Mozilla/5.0 (Windows NT 6.3; Win64; x64; rv:57.0) Gecko/20100101 Firefox/57.0" 
182.52.22.58 - - [02/Aug/2018:12:14:08 -0700] "GET /Security-Data-Analysis/Lab_1/conn.log.zip HTTP/1.1" 200 2202728 "http://www.secrepo.com/" "Mozilla/5.0 (Windows NT 6.3; Win64; x64; rv:57.0) Gecko/20100101 Firefox/57.0" 
103.239.54.155 - - [02/Aug/2018:12:14:20 -0700] "GET /honeypot/BSidesDFW%20-%202014.ipynb HTTP/1.1" 200 930836 "http://www.secrepo.com/" "Mozilla/5.0 (Windows NT 6.3; Win64; x64; rv:57.0) Gecko/20100101 Firefox/57.0" 
103.239.54.155 - - [02/Aug/2018:12:14:33 -0700] "GET /honeypot/honeypot.json.zip HTTP/1.1" 200 1329160 "http://www.secrepo.com/" "Mozilla/5.0 (Windows NT 6.3; Win64; x64; rv:57.0) Gecko/20100101 Firefox/57.0" 
103.239.54.155 - - [02/Aug/2018:12:14:46 -0700] "GET /auth.log/auth.log.gz HTTP/1.1" 200 554524 "http://www.secrepo.com/" "Mozilla/5.0 (Windows NT 6.3; Win64; x64; rv:57.0) Gecko/20100101 Firefox/57.0" 
103.239.54.155 - - [02/Aug/2018:12:14:57 -0700] "GET /squid/access.log.gz HTTP/1.1" 200 1264074 "http://www.secrepo.com/" "Mozilla/5.0 (Windows NT 6.3; Win64; x64; rv:57.0) Gecko/20100101 Firefox/57.0" 
103.239.54.155 - - [02/Aug/2018:12:15:10 -0700] "GET /self.logs/ HTTP/1.1" 200 11325 "http://www.secrepo.com/" "Mozilla/5.0 (Windows NT 6.3; Win64; x64; rv:57.0) Gecko/20100101 Firefox/57.0" 
103.239.54.155 - - [02/Aug/2018:12:15:13 -0700] "GET /pe_static/op-cleaver.zip HTTP/1.1" 200 710065 "http://www.secrepo.com/" "Mozilla/5.0 (Windows NT 6.3; Win64; x64; rv:57.0) Gecko/20100101 Firefox/57.0" 
103.239.54.155 - - [02/Aug/2018:12:15:23 -0700] "GET /pe_static/apt1.zip HTTP/1.1" 200 1249976 "http://www.secrepo.com/" "Mozilla/5.0 (Windows NT 6.3; Win64; x64; rv:57.0) Gecko/20100101 Firefox/57.0" 
103.239.54.155 - - [02/Aug/2018:12:15:35 -0700] "GET /pe_static/zeus.zip HTTP/1.1" 200 1713768 "http://www.secrepo.com/" "Mozilla/5.0 (Windows NT 6.3; Win64; x64; rv:57.0) Gecko/20100101 Firefox/57.0" 
54.36.148.70 - - [02/Aug/2018:12:17:42 -0700] "GET /self.logs/error.log.2017-03-02.gz HTTP/1.1" 200 952 "-" "Mozilla/5.0 (compatible; AhrefsBot/5.2; +http://ahrefs.com/robot/)" 
94.209.7.64 - - [02/Aug/2018:12:19:57 -0700] "GET /wp-login.php HTTP/1.1" 418 732 "-" "Mozilla/5.0 (Windows NT 6.1; WOW64; rv:40.0) Gecko/20100101 Firefox/40.1" 
103.255.7.15 - - [02/Aug/2018:12:25:16 -0700] "GET / HTTP/1.1" 200 11357 "https://www.google.com/" "Mozilla/5.0 (Windows NT 10.0; Win64; x64) AppleWebKit/537.36 (KHTML, like Gecko) Chrome/66.0.3359.170 Safari/537.36 OPR/53.0.2907.99" 
103.255.7.15 - - [02/Aug/2018:12:25:17 -0700] "GET /GitHub-Mark.png HTTP/1.1" 200 7428 "http://www.secrepo.com/" "Mozilla/5.0 (Windows NT 10.0; Win64; x64) AppleWebKit/537.36 (KHTML, like Gecko) Chrome/66.0.3359.170 Safari/537.36 OPR/53.0.2907.99" 
103.255.7.15 - - [02/Aug/2018:12:25:17 -0700] "GET /twitter-icon.png HTTP/1.1" 200 27787 "http://www.secrepo.com/" "Mozilla/5.0 (Windows NT 10.0; Win64; x64) AppleWebKit/537.36 (KHTML, like Gecko) Chrome/66.0.3359.170 Safari/537.36 OPR/53.0.2907.99" 
103.255.7.15 - - [02/Aug/2018:12:25:19 -0700] "GET /bootstrap/img/favicon.ico HTTP/1.1" 200 590 "http://www.secrepo.com/" "Mozilla/5.0 (Windows NT 10.0; Win64; x64) AppleWebKit/537.36 (KHTML, like Gecko) Chrome/66.0.3359.170 Safari/537.36 OPR/53.0.2907.99" 
54.36.149.50 - - [02/Aug/2018:12:32:12 -0700] "GET /self.logs/2015/access.log.2015-08-03.gz HTTP/1.1" 200 6142 "-" "Mozilla/5.0 (compatible; AhrefsBot/5.2; +http://ahrefs.com/robot/)" 
54.36.148.99 - - [02/Aug/2018:12:42:48 -0700] "GET /self.logs/error.log.2016-10-05.gz HTTP/1.1" 404 284 "-" "Mozilla/5.0 (compatible; AhrefsBot/5.2; +http://ahrefs.com/robot/)" 
113.171.224.176 - - [02/Aug/2018:12:42:55 -0700] "GET /honeypot/Honeypot%20-%20Howto.pdf HTTP/1.1" 200 46720 "-" "Mozilla/5.0 Gecko/20100115 Firefox/3.6" 
66.249.92.146 - - [02/Aug/2018:12:47:07 -0700] "GET /pe_static/op-cleaver.zip&amp HTTP/1.1" 404 340 "-" "Mozilla/5.0 (Macintosh; Intel Mac OS X 10_8_4) AppleWebKit/537.36 (KHTML, like Gecko) Chrome/28.0.1500.71 Safari/537.36" 
66.249.92.146 - - [02/Aug/2018:12:47:07 -0700] "GET /pe_static/apt1.zip&amp HTTP/1.1" 404 339 "-" "Mozilla/5.0 (Macintosh; Intel Mac OS X 10_8_4) AppleWebKit/537.36 (KHTML, like Gecko) Chrome/28.0.1500.71 Safari/537.36" 
66.249.92.147 - - [02/Aug/2018:12:47:08 -0700] "GET /pe_static/zeus.zip&amp HTTP/1.1" 404 340 "-" "Mozilla/5.0 (Macintosh; Intel Mac OS X 10_8_4) AppleWebKit/537.36 (KHTML, like Gecko) Chrome/28.0.1500.71 Safari/537.36" 
66.249.92.94 - - [02/Aug/2018:12:47:08 -0700] "GET / HTTP/1.1" 301 483 "-" "Mozilla/5.0 (Macintosh; Intel Mac OS X 10_8_4) AppleWebKit/537.36 (KHTML, like Gecko) Chrome/28.0.1500.71 Safari/537.36" 
66.249.92.148 - - [02/Aug/2018:12:47:09 -0700] "GET /pe_static/op-cleaver.zip&amp HTTP/1.1" 404 340 "-" "Mozilla/5.0 (Macintosh; Intel Mac OS X 10_8_4) AppleWebKit/537.36 (KHTML, like Gecko) Chrome/28.0.1500.71 Safari/537.36" 
66.249.92.146 - - [02/Aug/2018:12:47:09 -0700] "GET /pe_static/apt1.zip&amp HTTP/1.1" 404 340 "-" "Mozilla/5.0 (Macintosh; Intel Mac OS X 10_8_4) AppleWebKit/537.36 (KHTML, like Gecko) Chrome/28.0.1500.71 Safari/537.36" 
66.249.92.147 - - [02/Aug/2018:12:47:10 -0700] "GET /pe_static/zeus.zip&amp HTTP/1.1" 404 340 "-" "Mozilla/5.0 (Macintosh; Intel Mac OS X 10_8_4) AppleWebKit/537.36 (KHTML, like Gecko) Chrome/28.0.1500.71 Safari/537.36" 
66.249.92.147 - - [02/Aug/2018:12:47:11 -0700] "GET / HTTP/1.1" 200 11356 "-" "Mozilla/5.0 (Macintosh; Intel Mac OS X 10_8_4) AppleWebKit/537.36 (KHTML, like Gecko) Chrome/28.0.1500.71 Safari/537.36" 
66.249.92.147 - - [02/Aug/2018:12:47:55 -0700] "GET /&amp HTTP/1.1" 404 340 "-" "Mozilla/5.0 (Macintosh; Intel Mac OS X 10_8_4) AppleWebKit/537.36 (KHTML, like Gecko) Chrome/28.0.1500.71 Safari/537.36" 
23.253.92.35 - - [02/Aug/2018:12:47:55 -0700] "GET /robots.txt HTTP/1.1" 301 446 "-" "Tornado-Async-Client" 
23.253.92.35 - - [02/Aug/2018:12:47:55 -0700] "GET /robots.txt HTTP/1.1" 304 130 "-" "Tornado-Async-Client" 
23.253.92.35 - - [02/Aug/2018:12:47:55 -0700] "GET /honeypot/BSidesDFW%2520-%25202014.ipynb%26amp HTTP/1.1" 301 503 "-" "Tornado-Async-Client" 
23.253.92.35 - - [02/Aug/2018:12:47:55 -0700] "GET /honeypot/BSidesDFW%20-%202014.ipynb&amp HTTP/1.1" 404 284 "-" "Tornado-Async-Client" 
23.253.92.35 - - [02/Aug/2018:12:47:55 -0700] "GET /robots.txt HTTP/1.1" 301 446 "-" "Tornado-Async-Client" 
23.253.92.35 - - [02/Aug/2018:12:47:56 -0700] "GET /robots.txt HTTP/1.1" 304 130 "-" "Tornado-Async-Client" 
23.253.92.35 - - [02/Aug/2018:12:47:56 -0700] "GET /honeypot/BSidesDFW%20-%202014.ipynb HTTP/1.1" 301 484 "-" "Tornado-Async-Client" 
23.253.92.35 - - [02/Aug/2018:12:47:56 -0700] "GET /honeypot/BSidesDFW%20-%202014.ipynb HTTP/1.1" 200 930780 "-" "Tornado-Async-Client" 
105.225.27.58 - - [02/Aug/2018:12:48:54 -0700] "GET /wp-login.php HTTP/1.1" 418 732 "-" "Mozilla/5.0 (Windows NT 6.1; WOW64; rv:40.0) Gecko/20100101 Firefox/40.1" 
39.44.227.241 - - [02/Aug/2018:12:49:30 -0700] "GET /wp-login.php HTTP/1.1" 418 732 "-" "Mozilla/5.0 (Windows NT 6.1; WOW64; rv:40.0) Gecko/20100101 Firefox/40.1" 
39.44.227.241 - - [02/Aug/2018:12:49:30 -0700] "GET / HTTP/1.1" 418 732 "-" "Mozilla/5.0 (Windows NT 6.1; WOW64; rv:40.0) Gecko/20100101 Firefox/40.1" 
66.249.92.147 - - [02/Aug/2018:12:49:42 -0700] "GET /&amp HTTP/1.1" 404 340 "-" "Mozilla/5.0 (Macintosh; Intel Mac OS X 10_8_4) AppleWebKit/537.36 (KHTML, like Gecko) Chrome/28.0.1500.71 Safari/537.36" 
66.249.92.147 - - [02/Aug/2018:12:49:43 -0700] "GET /&amp HTTP/1.1" 404 339 "-" "Mozilla/5.0 (Macintosh; Intel Mac OS X 10_8_4) AppleWebKit/537.36 (KHTML, like Gecko) Chrome/28.0.1500.71 Safari/537.36" 
87.163.170.150 - - [02/Aug/2018:13:07:33 -0700] "GET / HTTP/1.1" 200 11357 "-" "Mozilla/5.0 (Macintosh; Intel Mac OS X 10_11_6) AppleWebKit/537.36 (KHTML, like Gecko) Chrome/67.0.3396.99 Safari/537.36" 
87.163.170.150 - - [02/Aug/2018:13:07:33 -0700] "GET /twitter-icon.png HTTP/1.1" 200 27787 "http://www.secrepo.com/" "Mozilla/5.0 (Macintosh; Intel Mac OS X 10_11_6) AppleWebKit/537.36 (KHTML, like Gecko) Chrome/67.0.3396.99 Safari/537.36" 
87.163.170.150 - - [02/Aug/2018:13:07:33 -0700] "GET /GitHub-Mark.png HTTP/1.1" 200 7428 "http://www.secrepo.com/" "Mozilla/5.0 (Macintosh; Intel Mac OS X 10_11_6) AppleWebKit/537.36 (KHTML, like Gecko) Chrome/67.0.3396.99 Safari/537.36" 
87.163.170.150 - - [02/Aug/2018:13:07:34 -0700] "GET /bootstrap/img/favicon.ico HTTP/1.1" 200 589 "http://www.secrepo.com/" "Mozilla/5.0 (Macintosh; Intel Mac OS X 10_11_6) AppleWebKit/537.36 (KHTML, like Gecko) Chrome/67.0.3396.99 Safari/537.36" 
205.155.154.1 - - [02/Aug/2018:13:08:19 -0700] "GET /honeypot/honeypot.json.zip HTTP/1.1" 200 13391120 "-" "Mozilla/5.0 (Windows NT 10.0; Win64; x64) AppleWebKit/537.36 (KHTML, like Gecko) Chrome/67.0.3396.99 Safari/537.36" 
162.242.144.71 - - [02/Aug/2018:13:08:29 -0700] "GET /robots.txt HTTP/1.1" 301 446 "-" "Tornado-Async-Client" 
162.242.144.71 - - [02/Aug/2018:13:08:29 -0700] "GET /robots.txt HTTP/1.1" 304 130 "-" "Tornado-Async-Client" 
162.242.144.71 - - [02/Aug/2018:13:08:29 -0700] "GET /honeypot/BSidesDFW%20-%202014.ipynb HTTP/1.1" 301 484 "-" "Tornado-Async-Client" 
162.242.144.71 - - [02/Aug/2018:13:08:29 -0700] "GET /honeypot/BSidesDFW%20-%202014.ipynb HTTP/1.1" 200 930780 "-" "Tornado-Async-Client" 
66.249.66.84 - - [02/Aug/2018:13:09:04 -0700] "GET /self.logs/ HTTP/1.1" 200 11325 "-" "Mozilla/5.0 (Linux; Android 6.0.1; Nexus 5X Build/MMB29P) AppleWebKit/537.36 (KHTML, like Gecko) Chrome/41.0.2272.96 Mobile Safari/537.36 (compatible; Googlebot/2.1; +http://www.google.com/bot.html)" 
66.249.66.83 - - [02/Aug/2018:13:11:31 -0700] "GET /honeypot/Honeypot%20-%20Howto.pdf HTTP/1.1" 304 168 "-" "Mozilla/5.0 (Linux; Android 6.0.1; Nexus 5X Build/MMB29P) AppleWebKit/537.36 (KHTML, like Gecko) Chrome/41.0.2272.96 Mobile Safari/537.36 (compatible; Googlebot/2.1; +http://www.google.com/bot.html)" 
205.155.154.1 - - [02/Aug/2018:13:13:53 -0700] "GET /honeypot/BSidesDFW%20-%202014.ipynb HTTP/1.1" 200 930836 "http://www.secrepo.com/" "Mozilla/5.0 (Windows NT 10.0; Win64; x64) AppleWebKit/537.36 (KHTML, like Gecko) Chrome/67.0.3396.99 Safari/537.36" 
205.155.154.1 - - [02/Aug/2018:13:14:02 -0700] "GET /favicon.ico HTTP/1.1" 200 268 "http://www.secrepo.com/honeypot/BSidesDFW%20-%202014.ipynb" "Mozilla/5.0 (Windows NT 10.0; Win64; x64) AppleWebKit/537.36 (KHTML, like Gecko) Chrome/67.0.3396.99 Safari/537.36" 
46.118.125.157 - - [02/Aug/2018:13:14:51 -0700] "GET /honeypot/ HTTP/1.1" 200 1077 "http://xn-----6kcamwewcd9bayelq.xn--p1ai/" "Mozilla/4.0 (compatible; MSIE 5.01; Windows 95; MSIECrawler)" 
46.118.125.157 - - [02/Aug/2018:13:14:52 -0700] "GET /honeypot/ HTTP/1.1" 200 1077 "http://xn-----6kcamwewcd9bayelq.xn--p1ai/" "Mozilla/4.0 (compatible; MSIE 5.01; Windows 95; MSIECrawler)" 
123.125.71.75 - - [02/Aug/2018:13:15:31 -0700] "GET /robots.txt HTTP/1.1" 200 297 "-" "Mozilla/5.0 (compatible; Baiduspider/2.0; +http://www.baidu.com/search/spider.html)" 
123.125.71.112 - - [02/Aug/2018:13:15:33 -0700] "GET /robots.txt HTTP/1.1" 200 297 "-" "Mozilla/5.0 (compatible; Baiduspider/2.0; +http://www.baidu.com/search/spider.html)" 
142.93.7.45 - - [02/Aug/2018:13:15:35 -0700] "HEAD / HTTP/1.1" 301 246 "-" "Mozilla/5.0 (Windows NT 10.0; Win64; x64) AppleWebKit/537.36 (KHTML, like Gecko) Chrome/57.0.2987.133 Safari/537.36" 
123.125.71.18 - - [02/Aug/2018:13:15:35 -0700] "GET /robots.txt HTTP/1.1" 200 297 "-" "Mozilla/5.0 (compatible; Baiduspider/2.0; +http://www.baidu.com/search/spider.html)" 
17.58.100.204 - - [02/Aug/2018:13:17:25 -0700] "GET /robots.txt HTTP/1.1" 301 502 "-" "Mozilla/5.0 (Macintosh; Intel Mac OS X 10_10_1) AppleWebKit/600.2.5 (KHTML, like Gecko) Version/8.0.2 Safari/600.2.5 (Applebot/0.1; +http://www.apple.com/go/applebot)" 
17.58.100.204 - - [02/Aug/2018:13:17:25 -0700] "GET / HTTP/1.1" 301 482 "-" "Mozilla/5.0 (Macintosh; Intel Mac OS X 10_10_1) AppleWebKit/600.2.5 (KHTML, like Gecko) Version/8.0.2 Safari/600.2.5 (Applebot/0.1; +http://www.apple.com/go/applebot)" 
17.58.100.204 - - [02/Aug/2018:13:17:26 -0700] "GET / HTTP/1.1" 200 11357 "-" "Mozilla/5.0 (Macintosh; Intel Mac OS X 10_10_1) AppleWebKit/600.2.5 (KHTML, like Gecko) Version/8.0.2 Safari/600.2.5 (Applebot/0.1; +http://www.apple.com/go/applebot)" 
54.36.148.214 - - [02/Aug/2018:13:17:26 -0700] "GET /self.logs/error.log.2017-04-07.gz HTTP/1.1" 200 803 "-" "Mozilla/5.0 (compatible; AhrefsBot/5.2; +http://ahrefs.com/robot/)" 
54.36.148.134 - - [02/Aug/2018:13:21:45 -0700] "GET /self.logs/access.log.2017-02-07.gz HTTP/1.1" 200 19900 "-" "Mozilla/5.0 (compatible; AhrefsBot/5.2; +http://ahrefs.com/robot/)" 
14.215.176.140 - - [02/Aug/2018:13:22:10 -0700] "GET / HTTP/1.1" 200 11357 "http://www.baidu.com/s?wd=livew88" "Mozilla/5.0 (Windows NT 6.1; WOW64; rv:43.0) Gecko/20100101 Firefox/43.0" 
79.101.194.114 - - [02/Aug/2018:13:22:12 -0700] "GET /wp-login.php HTTP/1.1" 418 732 "-" "Mozilla/5.0 (Windows NT 6.1; WOW64; rv:40.0) Gecko/20100101 Firefox/40.1" 
79.101.194.114 - - [02/Aug/2018:13:22:13 -0700] "GET / HTTP/1.1" 418 732 "-" "Mozilla/5.0 (Windows NT 6.1; WOW64; rv:40.0) Gecko/20100101 Firefox/40.1" 
66.249.92.146 - - [02/Aug/2018:13:26:51 -0700] "GET /pe_static/apt1.zip&amp HTTP/1.1" 404 340 "-" "Mozilla/5.0 (Macintosh; Intel Mac OS X 10_8_4) AppleWebKit/537.36 (KHTML, like Gecko) Chrome/28.0.1500.71 Safari/537.36" 
66.249.92.146 - - [02/Aug/2018:13:26:51 -0700] "GET /pe_static/op-cleaver.zip&amp HTTP/1.1" 404 339 "-" "Mozilla/5.0 (Macintosh; Intel Mac OS X 10_8_4) AppleWebKit/537.36 (KHTML, like Gecko) Chrome/28.0.1500.71 Safari/537.36" 
66.249.92.146 - - [02/Aug/2018:13:26:52 -0700] "GET /pe_static/zeus.zip&amp HTTP/1.1" 404 339 "-" "Mozilla/5.0 (Macintosh; Intel Mac OS X 10_8_4) AppleWebKit/537.36 (KHTML, like Gecko) Chrome/28.0.1500.71 Safari/537.36" 
205.155.154.1 - - [02/Aug/2018:13:27:04 -0700] "GET /pe_static/zeus.zip HTTP/1.1" 200 2785680 "-" "Mozilla/5.0 (Macintosh; Intel Mac OS X 10_13_3) AppleWebKit/537.36 (KHTML, like Gecko) Chrome/67.0.3396.99 Safari/537.36" 
66.249.92.146 - - [02/Aug/2018:13:28:31 -0700] "GET /&amp HTTP/1.1" 404 340 "-" "Mozilla/5.0 (Macintosh; Intel Mac OS X 10_8_4) AppleWebKit/537.36 (KHTML, like Gecko) Chrome/28.0.1500.71 Safari/537.36" 
66.249.92.64 - - [02/Aug/2018:13:28:31 -0700] "GET / HTTP/1.1" 301 483 "-" "Mozilla/5.0 (Macintosh; Intel Mac OS X 10_8_4) AppleWebKit/537.36 (KHTML, like Gecko) Chrome/28.0.1500.71 Safari/537.36" 
23.253.92.35 - - [02/Aug/2018:13:28:31 -0700] "GET /robots.txt HTTP/1.1" 301 446 "-" "Tornado-Async-Client" 
23.253.92.35 - - [02/Aug/2018:13:28:31 -0700] "GET /robots.txt HTTP/1.1" 304 130 "-" "Tornado-Async-Client" 
23.253.92.35 - - [02/Aug/2018:13:28:31 -0700] "GET /honeypot/BSidesDFW%2520-%25202014.ipynb%26amp HTTP/1.1" 301 503 "-" "Tornado-Async-Client" 
23.253.92.35 - - [02/Aug/2018:13:28:31 -0700] "GET /honeypot/BSidesDFW%20-%202014.ipynb&amp HTTP/1.1" 404 284 "-" "Tornado-Async-Client" 
23.253.92.35 - - [02/Aug/2018:13:28:32 -0700] "GET /robots.txt HTTP/1.1" 301 446 "-" "Tornado-Async-Client" 
23.253.92.35 - - [02/Aug/2018:13:28:32 -0700] "GET /robots.txt HTTP/1.1" 304 130 "-" "Tornado-Async-Client" 
66.249.92.146 - - [02/Aug/2018:13:28:32 -0700] "GET / HTTP/1.1" 200 11357 "-" "Mozilla/5.0 (Macintosh; Intel Mac OS X 10_8_4) AppleWebKit/537.36 (KHTML, like Gecko) Chrome/28.0.1500.71 Safari/537.36" 
23.253.92.35 - - [02/Aug/2018:13:28:32 -0700] "GET /honeypot/BSidesDFW%20-%202014.ipynbIlkay HTTP/1.1" 301 493 "-" "Tornado-Async-Client" 
23.253.92.35 - - [02/Aug/2018:13:28:32 -0700] "GET /honeypot/BSidesDFW%20-%202014.ipynbIlkay HTTP/1.1" 404 284 "-" "Tornado-Async-Client" 
66.249.66.82 - - [02/Aug/2018:13:30:10 -0700] "GET / HTTP/1.1" 200 11357 "-" "Mozilla/5.0 (Linux; Android 6.0.1; Nexus 5X Build/MMB29P) AppleWebKit/537.36 (KHTML, like Gecko) Chrome/41.0.2272.96 Mobile Safari/537.36 (compatible; Googlebot/2.1; +http://www.google.com/bot.html)" 
66.249.66.84 - - [02/Aug/2018:13:33:05 -0700] "GET /self.logs/ HTTP/1.1" 200 11325 "-" "Mozilla/5.0 (compatible; Googlebot/2.1; +http://www.google.com/bot.html)" 
66.249.66.82 - - [02/Aug/2018:13:33:39 -0700] "GET / HTTP/1.1" 200 11357 "-" "Mozilla/5.0 (compatible; Googlebot/2.1; +http://www.google.com/bot.html)" 
157.55.39.98 - - [02/Aug/2018:13:36:15 -0700] "GET /self.logs/access.log.2017-06-08.gz HTTP/1.1" 200 19778 "-" "Mozilla/5.0 (compatible; bingbot/2.0; +http://www.bing.com/bingbot.htm)" 
138.210.225.170 - - [02/Aug/2018:13:38:58 -0700] "GET /wp-login.php HTTP/1.1" 418 732 "-" "Mozilla/5.0 (Windows NT 6.1; WOW64; rv:40.0) Gecko/20100101 Firefox/40.1" 
138.210.225.170 - - [02/Aug/2018:13:38:58 -0700] "GET / HTTP/1.1" 418 732 "-" "Mozilla/5.0 (Windows NT 6.1; WOW64; rv:40.0) Gecko/20100101 Firefox/40.1" 
75.88.57.55 - - [02/Aug/2018:13:40:55 -0700] "GET / HTTP/1.1" 200 11357 "-" "Mozilla/5.0 (Macintosh; Intel Mac OS X 10.13; rv:62.0) Gecko/20100101 Firefox/62.0" 
75.88.57.55 - - [02/Aug/2018:13:40:55 -0700] "GET /GitHub-Mark.png HTTP/1.1" 200 7428 "http://www.secrepo.com/" "Mozilla/5.0 (Macintosh; Intel Mac OS X 10.13; rv:62.0) Gecko/20100101 Firefox/62.0" 
75.88.57.55 - - [02/Aug/2018:13:40:55 -0700] "GET /bootstrap/img/favicon.ico HTTP/1.1" 200 589 "-" "Mozilla/5.0 (Macintosh; Intel Mac OS X 10.13; rv:62.0) Gecko/20100101 Firefox/62.0" 
54.36.149.0 - - [02/Aug/2018:13:41:53 -0700] "GET /self.logs/2016/error.log.2016-05-12.gz HTTP/1.1" 200 973 "-" "Mozilla/5.0 (compatible; AhrefsBot/5.2; +http://ahrefs.com/robot/)" 
113.171.224.176 - - [02/Aug/2018:13:42:57 -0700] "GET /honeypot/Honeypot%20-%20Howto.pdf HTTP/1.1" 200 46720 "-" "Mozilla/5.0 Gecko/20100115 Firefox/3.6" 
54.36.148.88 - - [02/Aug/2018:13:50:29 -0700] "GET /self.logs/2016/error.log.2016-01-31.gz HTTP/1.1" 200 566 "-" "Mozilla/5.0 (compatible; AhrefsBot/5.2; +http://ahrefs.com/robot/)" 
221.229.204.71 - - [02/Aug/2018:13:50:37 -0700] "POST //user/swfupload.asp HTTP/1.1" 404 295 "http://www.secrepo.com//user/user_upfile.asp?channelid=2&Type=Pic" "Mozilla/5.0 (compatible; MSIE 9.0; Windows NT 6.1; Trident/5.0)" 
221.229.204.71 - - [02/Aug/2018:13:50:39 -0700] "POST //user/swfupload.asp HTTP/1.1" 404 239 "http://www.secrepo.com//user/user_upfile.asp?channelid=2&Type=Pic" "Mozilla/5.0 (compatible; MSIE 9.0; Windows NT 6.1; Trident/5.0)" 
157.55.39.97 - - [02/Aug/2018:13:52:57 -0700] "GET /honeypot/bsidesdfw%20-%202014.ipynb HTTP/1.1" 301 539 "-" "Mozilla/5.0 (iPhone; CPU iPhone OS 7_0 like Mac OS X) AppleWebKit/537.51.1 (KHTML, like Gecko) Version/7.0 Mobile/11A465 Safari/9537.53 (compatible; bingbot/2.0; +http://www.bing.com/bingbot.htm)" 
157.55.39.97 - - [02/Aug/2018:13:53:01 -0700] "GET /honeypot/bsidesdfw%20-%202014.ipynb HTTP/1.1" 404 340 "-" "Mozilla/5.0 (iPhone; CPU iPhone OS 7_0 like Mac OS X) AppleWebKit/537.51.1 (KHTML, like Gecko) Version/7.0 Mobile/11A465 Safari/9537.53 (compatible; bingbot/2.0; +http://www.bing.com/bingbot.htm)" 
59.110.216.151 - - [02/Aug/2018:14:01:23 -0700] "GET /phpmyadmin HTTP/1.1" 404 340 "-" "python-requests/2.18.4" 
162.210.196.130 - - [02/Aug/2018:14:01:52 -0700] "GET /robots.txt HTTP/1.1" 200 289 "-" "Mozilla/5.0 (compatible; MJ12bot/v1.4.8; http://mj12bot.com/)" 
162.210.196.130 - - [02/Aug/2018:14:01:53 -0700] "GET / HTTP/1.1" 200 38539 "-" "Mozilla/5.0 (compatible; MJ12bot/v1.4.8; http://mj12bot.com/)" 
24.207.68.177 - - [02/Aug/2018:14:06:33 -0700] "GET /wp-login.php HTTP/1.1" 418 732 "-" "Mozilla/5.0 (Windows NT 6.1; WOW64; rv:40.0) Gecko/20100101 Firefox/40.1" 
24.207.68.177 - - [02/Aug/2018:14:06:33 -0700] "GET / HTTP/1.1" 418 732 "-" "Mozilla/5.0 (Windows NT 6.1; WOW64; rv:40.0) Gecko/20100101 Firefox/40.1" 
54.218.65.157 - - [02/Aug/2018:14:07:32 -0700] "GET /robots.txt HTTP/1.1" 200 233 "-" "-" 
34.221.23.187 - - [02/Aug/2018:14:07:33 -0700] "GET /data HTTP/1.1" 404 340 "-" "Mozilla/5.0 (X11; Linux x86_64) AppleWebKit/537.36 (KHTML, like Gecko) HeadlessChrome/64.0.3282.119 Safari/537.36" 
66.249.66.84 - - [02/Aug/2018:14:09:02 -0700] "GET /self.logs/ HTTP/1.1" 200 11325 "-" "Mozilla/5.0 (Linux; Android 6.0.1; Nexus 5X Build/MMB29P) AppleWebKit/537.36 (KHTML, like Gecko) Chrome/41.0.2272.96 Mobile Safari/537.36 (compatible; Googlebot/2.1; +http://www.google.com/bot.html)" 
66.249.66.84 - - [02/Aug/2018:14:10:55 -0700] "GET /honeypot/Honeypot%20-%20Howto.pdf HTTP/1.1" 304 168 "-" "Mozilla/5.0 (Linux; Android 6.0.1; Nexus 5X Build/MMB29P) AppleWebKit/537.36 (KHTML, like Gecko) Chrome/41.0.2272.96 Mobile Safari/537.36 (compatible; Googlebot/2.1; +http://www.google.com/bot.html)" 
89.64.27.134 - - [02/Aug/2018:14:11:45 -0700] "GET / HTTP/1.1" 200 11357 "-" "Mozilla/5.0 (X11; Linux x86_64) AppleWebKit/537.36 (KHTML, like Gecko) Chrome/68.0.3440.75 Safari/537.36" 
89.64.27.134 - - [02/Aug/2018:14:11:45 -0700] "GET /twitter-icon.png HTTP/1.1" 200 27787 "http://www.secrepo.com/" "Mozilla/5.0 (X11; Linux x86_64) AppleWebKit/537.36 (KHTML, like Gecko) Chrome/68.0.3440.75 Safari/537.36" 
89.64.27.134 - - [02/Aug/2018:14:11:45 -0700] "GET /GitHub-Mark.png HTTP/1.1" 200 7427 "http://www.secrepo.com/" "Mozilla/5.0 (X11; Linux x86_64) AppleWebKit/537.36 (KHTML, like Gecko) Chrome/68.0.3440.75 Safari/537.36" 
66.249.66.83 - - [02/Aug/2018:14:11:46 -0700] "GET / HTTP/1.1" 200 11357 "-" "Mozilla/5.0 (Linux; Android 6.0.1; Nexus 5X Build/MMB29P) AppleWebKit/537.36 (KHTML, like Gecko) Chrome/41.0.2272.96 Mobile Safari/537.36 (compatible; Googlebot/2.1; +http://www.google.com/bot.html)" 
89.64.27.134 - - [02/Aug/2018:14:11:50 -0700] "GET /bootstrap/img/favicon.ico HTTP/1.1" 200 590 "http://www.secrepo.com/" "Mozilla/5.0 (X11; Linux x86_64) AppleWebKit/537.36 (KHTML, like Gecko) Chrome/68.0.3440.75 Safari/537.36" 
66.249.66.82 - - [02/Aug/2018:14:12:03 -0700] "GET /self.logs/ HTTP/1.1" 200 11325 "-" "Mozilla/5.0 (compatible; Googlebot/2.1; +http://www.google.com/bot.html)" 
89.64.27.134 - - [02/Aug/2018:14:13:05 -0700] "GET /tg/tg_snort_fast.7z HTTP/1.1" 200 4274093 "-" "Mozilla/5.0 (X11; Linux x86_64) AppleWebKit/537.36 (KHTML, like Gecko) Chrome/68.0.3440.75 Safari/537.36" 
41.223.160.173 - - [02/Aug/2018:14:13:27 -0700] "GET /maccdc2012/dns.log.gz HTTP/1.1" 304 154 "-" "Mozilla/5.0 Gecko/20100115 Firefox/3.6" 
118.71.104.141 - - [02/Aug/2018:14:20:21 -0700] "GET / HTTP/1.1" 301 498 "-" "Mozilla/5.0 (Windows; U; Windows NT 5.1; en-US; rv:x.x.x) Gecko/20041107 Firefox/x.x" 
118.71.104.141 - - [02/Aug/2018:14:20:21 -0700] "GET / HTTP/1.1" 200 38595 "-" "Mozilla/5.0 (Windows; U; Windows NT 5.1; en-US; rv:x.x.x) Gecko/20041107 Firefox/x.x" 
50.63.164.149 - - [02/Aug/2018:14:21:37 -0700] "GET / HTTP/1.1" 200 38539 "-" "Mozilla/5.0 (Windows NT 6.1; WOW64) AppleWebKit/537.36 (KHTML, like Gecko) Chrome/33.0.1750.154 Safari/537.36" 
23.101.169.3 - - [02/Aug/2018:14:24:00 -0700] "GET / HTTP/1.1" 200 11357 "-" "Mozilla/5.0 (compatible; MSIE 9.0; Windows NT 6.0; Trident/5.0;  Trident/5.0)" 
66.249.66.82 - - [02/Aug/2018:14:25:27 -0700] "GET /self.logs/ HTTP/1.1" 200 11325 "-" "Mozilla/5.0 (Linux; Android 6.0.1; Nexus 5X Build/MMB29P) AppleWebKit/537.36 (KHTML, like Gecko) Chrome/41.0.2272.96 Mobile Safari/537.36 (compatible; Googlebot/2.1; +http://www.google.com/bot.html)" 
58.218.207.205 - - [02/Aug/2018:14:27:43 -0700] "GET //phpmyadmin HTTP/1.1" 404 295 "http://www.secrepo.com//phpmyadmin" "Mozilla/4.0 (compatible; MSIE 9.0; Windows NT 6.1)" 
58.218.207.205 - - [02/Aug/2018:14:27:43 -0700] "GET //phpmyadmin HTTP/1.1" 404 294 "http://www.secrepo.com//phpmyadmin" "Mozilla/4.0 (compatible; MSIE 9.0; Windows NT 6.1)" 
54.36.148.87 - - [02/Aug/2018:14:33:26 -0700] "GET /self.logs/2015/access.log.2015-09-06.gz HTTP/1.1" 200 4816 "-" "Mozilla/5.0 (compatible; AhrefsBot/5.2; +http://ahrefs.com/robot/)" 
174.214.19.101 - - [02/Aug/2018:14:33:48 -0700] "GET / HTTP/1.1" 301 483 "-" "Mozilla/5.0 (Linux; Android 7.0; SM-G920V Build/NRD90M; wv) AppleWebKit/537.36 (KHTML, like Gecko) Version/4.0 Chrome/67.0.3396.87 Mobile Safari/537.36" 
90.90.75.28 - - [02/Aug/2018:14:35:51 -0700] "GET /wp-login.php HTTP/1.1" 418 732 "-" "Mozilla/5.0 (Windows NT 6.1; WOW64; rv:40.0) Gecko/20100101 Firefox/40.1" 
90.90.75.28 - - [02/Aug/2018:14:35:51 -0700] "GET / HTTP/1.1" 418 732 "-" "Mozilla/5.0 (Windows NT 6.1; WOW64; rv:40.0) Gecko/20100101 Firefox/40.1" 
113.171.224.176 - - [02/Aug/2018:14:42:58 -0700] "GET /honeypot/Honeypot%20-%20Howto.pdf HTTP/1.1" 200 46720 "-" "Mozilla/5.0 Gecko/20100115 Firefox/3.6" 
148.87.23.18 - - [02/Aug/2018:14:45:54 -0700] "GET / HTTP/1.1" 200 11357 "http://ol-confluence.us.oracle.com/display/KEYB/Computer+Security+References" "Mozilla/5.0 (Macintosh; Intel Mac OS X 10_13_6) AppleWebKit/605.1.15 (KHTML, like Gecko) Version/11.1.2 Safari/605.1.15" 
148.87.23.18 - - [02/Aug/2018:14:45:54 -0700] "GET /twitter-icon.png HTTP/1.1" 200 27787 "http://www.secrepo.com/" "Mozilla/5.0 (Macintosh; Intel Mac OS X 10_13_6) AppleWebKit/605.1.15 (KHTML, like Gecko) Version/11.1.2 Safari/605.1.15" 
148.87.23.18 - - [02/Aug/2018:14:45:54 -0700] "GET /GitHub-Mark.png HTTP/1.1" 200 7428 "http://www.secrepo.com/" "Mozilla/5.0 (Macintosh; Intel Mac OS X 10_13_6) AppleWebKit/605.1.15 (KHTML, like Gecko) Version/11.1.2 Safari/605.1.15" 
148.87.23.18 - - [02/Aug/2018:14:45:54 -0700] "GET /bootstrap/img/favicon.ico HTTP/1.1" 200 590 "http://www.secrepo.com/" "Mozilla/5.0 (Macintosh; Intel Mac OS X 10_13_6) AppleWebKit/605.1.15 (KHTML, like Gecko) Version/11.1.2 Safari/605.1.15" 
198.7.228.130 - - [02/Aug/2018:14:47:14 -0700] "GET / HTTP/1.1" 200 11357 "https://www.google.com/" "Mozilla/5.0 (Windows NT 10.0; Win64; x64) AppleWebKit/537.36 (KHTML, like Gecko) Chrome/67.0.3396.99 Safari/537.36" 
198.7.228.130 - - [02/Aug/2018:14:47:14 -0700] "GET /twitter-icon.png HTTP/1.1" 200 27787 "http://www.secrepo.com/" "Mozilla/5.0 (Windows NT 10.0; Win64; x64) AppleWebKit/537.36 (KHTML, like Gecko) Chrome/67.0.3396.99 Safari/537.36" 
198.7.228.130 - - [02/Aug/2018:14:47:14 -0700] "GET /GitHub-Mark.png HTTP/1.1" 200 7428 "http://www.secrepo.com/" "Mozilla/5.0 (Windows NT 10.0; Win64; x64) AppleWebKit/537.36 (KHTML, like Gecko) Chrome/67.0.3396.99 Safari/537.36" 
198.7.228.130 - - [02/Aug/2018:14:47:15 -0700] "GET /bootstrap/img/favicon.ico HTTP/1.1" 200 589 "http://www.secrepo.com/" "Mozilla/5.0 (Windows NT 10.0; Win64; x64) AppleWebKit/537.36 (KHTML, like Gecko) Chrome/67.0.3396.99 Safari/537.36" 
66.249.66.84 - - [02/Aug/2018:14:47:35 -0700] "GET / HTTP/1.1" 200 11357 "-" "Mozilla/5.0 (compatible; Googlebot/2.1; +http://www.google.com/bot.html)" 
198.7.228.130 - - [02/Aug/2018:14:48:12 -0700] "GET /maccdc2012/conn.log.gz HTTP/1.1" 200 551041635 "-" "Mozilla/5.0 (Windows NT 10.0; Win64; x64) AppleWebKit/537.36 (KHTML, like Gecko) Chrome/67.0.3396.99 Safari/537.36" 
198.7.228.130 - - [02/Aug/2018:14:52:20 -0700] "GET / HTTP/1.1" 200 11357 "-" "Mozilla/5.0 (Windows NT 10.0; Win64; x64) AppleWebKit/537.36 (KHTML, like Gecko) Chrome/67.0.3396.99 Safari/537.36" 
198.7.228.130 - - [02/Aug/2018:14:52:20 -0700] "GET /twitter-icon.png HTTP/1.1" 200 27787 "http://www.secrepo.com/" "Mozilla/5.0 (Windows NT 10.0; Win64; x64) AppleWebKit/537.36 (KHTML, like Gecko) Chrome/67.0.3396.99 Safari/537.36" 
198.7.228.130 - - [02/Aug/2018:14:52:20 -0700] "GET /GitHub-Mark.png HTTP/1.1" 200 7428 "http://www.secrepo.com/" "Mozilla/5.0 (Windows NT 10.0; Win64; x64) AppleWebKit/537.36 (KHTML, like Gecko) Chrome/67.0.3396.99 Safari/537.36" 
198.7.228.130 - - [02/Aug/2018:14:52:20 -0700] "GET /bootstrap/img/favicon.ico HTTP/1.1" 200 589 "http://www.secrepo.com/" "Mozilla/5.0 (Windows NT 10.0; Win64; x64) AppleWebKit/537.36 (KHTML, like Gecko) Chrome/67.0.3396.99 Safari/537.36" 
198.7.228.130 - - [02/Aug/2018:14:52:32 -0700] "GET /maccdc2012/conn.log.gz HTTP/1.1" 200 551041635 "-" "Mozilla/5.0 (Windows NT 10.0; Win64; x64) AppleWebKit/537.36 (KHTML, like Gecko) Chrome/67.0.3396.99 Safari/537.36" 
148.251.123.46 - - [02/Aug/2018:14:57:24 -0700] "GET / HTTP/1.1" 301 442 "-" "Mozilla/5.0 (Windows; U; Windows NT 5.1; ru; rv:1.9.0.1) Gecko/2008070208" 
148.251.123.46 - - [02/Aug/2018:14:57:24 -0700] "GET / HTTP/1.1" 200 38539 "-" "Mozilla/5.0 (Windows; U; Windows NT 5.1; ru; rv:1.9.0.1) Gecko/2008070208" 
14.142.155.194 - - [02/Aug/2018:15:00:39 -0700] "GET /wp-login.php HTTP/1.1" 418 732 "-" "Mozilla/5.0 (Windows NT 6.1; WOW64; rv:40.0) Gecko/20100101 Firefox/40.1" 
14.142.155.194 - - [02/Aug/2018:15:00:40 -0700] "GET / HTTP/1.1" 418 732 "-" "Mozilla/5.0 (Windows NT 6.1; WOW64; rv:40.0) Gecko/20100101 Firefox/40.1" 
198.7.228.130 - - [02/Aug/2018:15:01:08 -0700] "GET / HTTP/1.1" 200 11357 "-" "Mozilla/5.0 (Windows NT 10.0; Win64; x64) AppleWebKit/537.36 (KHTML, like Gecko) Chrome/67.0.3396.99 Safari/537.36" 
198.7.228.130 - - [02/Aug/2018:15:01:09 -0700] "GET /GitHub-Mark.png HTTP/1.1" 200 7428 "http://www.secrepo.com/" "Mozilla/5.0 (Windows NT 10.0; Win64; x64) AppleWebKit/537.36 (KHTML, like Gecko) Chrome/67.0.3396.99 Safari/537.36" 
198.7.228.130 - - [02/Aug/2018:15:01:09 -0700] "GET /twitter-icon.png HTTP/1.1" 200 27787 "http://www.secrepo.com/" "Mozilla/5.0 (Windows NT 10.0; Win64; x64) AppleWebKit/537.36 (KHTML, like Gecko) Chrome/67.0.3396.99 Safari/537.36" 
198.7.228.130 - - [02/Aug/2018:15:01:10 -0700] "GET /bootstrap/img/favicon.ico HTTP/1.1" 200 589 "http://www.secrepo.com/" "Mozilla/5.0 (Windows NT 10.0; Win64; x64) AppleWebKit/537.36 (KHTML, like Gecko) Chrome/67.0.3396.99 Safari/537.36" 
66.249.92.147 - - [02/Aug/2018:15:01:20 -0700] "GET /&amp HTTP/1.1" 404 340 "-" "Mozilla/5.0 (Macintosh; Intel Mac OS X 10_8_4) AppleWebKit/537.36 (KHTML, like Gecko) Chrome/28.0.1500.71 Safari/537.36" 
162.242.144.71 - - [02/Aug/2018:15:01:20 -0700] "GET /robots.txt HTTP/1.1" 301 446 "-" "Tornado-Async-Client" 
66.249.92.94 - - [02/Aug/2018:15:01:20 -0700] "GET / HTTP/1.1" 301 483 "-" "Mozilla/5.0 (Macintosh; Intel Mac OS X 10_8_4) AppleWebKit/537.36 (KHTML, like Gecko) Chrome/28.0.1500.71 Safari/537.36" 
162.242.144.71 - - [02/Aug/2018:15:01:21 -0700] "GET /robots.txt HTTP/1.1" 304 130 "-" "Tornado-Async-Client" 
162.242.144.71 - - [02/Aug/2018:15:01:21 -0700] "GET /honeypot/BSidesDFW%20-%202014.ipynb HTTP/1.1" 301 484 "-" "Tornado-Async-Client" 
162.242.144.71 - - [02/Aug/2018:15:01:21 -0700] "GET /honeypot/BSidesDFW%20-%202014.ipynb HTTP/1.1" 200 930780 "-" "Tornado-Async-Client" 
66.249.92.146 - - [02/Aug/2018:15:01:21 -0700] "GET /&amp HTTP/1.1" 404 340 "-" "Mozilla/5.0 (Macintosh; Intel Mac OS X 10_8_4) AppleWebKit/537.36 (KHTML, like Gecko) Chrome/28.0.1500.71 Safari/537.36" 
66.249.92.148 - - [02/Aug/2018:15:01:21 -0700] "GET / HTTP/1.1" 200 11357 "-" "Mozilla/5.0 (Macintosh; Intel Mac OS X 10_8_4) AppleWebKit/537.36 (KHTML, like Gecko) Chrome/28.0.1500.71 Safari/537.36" 
162.242.144.71 - - [02/Aug/2018:15:01:22 -0700] "GET /robots.txt HTTP/1.1" 301 446 "-" "Tornado-Async-Client" 
162.242.144.71 - - [02/Aug/2018:15:01:22 -0700] "GET /robots.txt HTTP/1.1" 304 130 "-" "Tornado-Async-Client" 
162.242.144.71 - - [02/Aug/2018:15:01:22 -0700] "GET /honeypot/BSidesDFW%2520-%25202014.ipynb%26amp HTTP/1.1" 301 503 "-" "Tornado-Async-Client" 
162.242.144.71 - - [02/Aug/2018:15:01:22 -0700] "GET /honeypot/BSidesDFW%20-%202014.ipynb&amp HTTP/1.1" 404 284 "-" "Tornado-Async-Client" 
162.242.144.71 - - [02/Aug/2018:15:01:25 -0700] "GET /robots.txt HTTP/1.1" 301 446 "-" "Tornado-Async-Client" 
162.242.144.71 - - [02/Aug/2018:15:01:25 -0700] "GET /robots.txt HTTP/1.1" 304 130 "-" "Tornado-Async-Client" 
162.242.144.71 - - [02/Aug/2018:15:01:25 -0700] "GET /honeypot/BSidesDFW%20-%202014.ipynbIlkay HTTP/1.1" 301 493 "-" "Tornado-Async-Client" 
162.242.144.71 - - [02/Aug/2018:15:01:25 -0700] "GET /honeypot/BSidesDFW%20-%202014.ipynbIlkay HTTP/1.1" 404 284 "-" "Tornado-Async-Client" 
162.242.144.71 - - [02/Aug/2018:15:01:27 -0700] "GET /robots.txt HTTP/1.1" 301 446 "-" "Tornado-Async-Client" 
162.242.144.71 - - [02/Aug/2018:15:01:27 -0700] "GET /robots.txt HTTP/1.1" 304 130 "-" "Tornado-Async-Client" 
162.242.144.71 - - [02/Aug/2018:15:01:27 -0700] "GET /honeypot/BSidesDFW%2520-%25202014.ipynb%26amp HTTP/1.1" 301 503 "-" "Tornado-Async-Client" 
162.242.144.71 - - [02/Aug/2018:15:01:27 -0700] "GET /honeypot/BSidesDFW%20-%202014.ipynb&amp HTTP/1.1" 404 284 "-" "Tornado-Async-Client" 
205.155.154.1 - - [02/Aug/2018:15:01:55 -0700] "GET / HTTP/1.1" 200 11357 "-" "Mozilla/5.0 (Windows NT 10.0; Win64; x64) AppleWebKit/537.36 (KHTML, like Gecko) Chrome/67.0.3396.99 Safari/537.36" 
205.155.154.1 - - [02/Aug/2018:15:01:55 -0700] "GET /twitter-icon.png HTTP/1.1" 200 27787 "http://www.secrepo.com/" "Mozilla/5.0 (Windows NT 10.0; Win64; x64) AppleWebKit/537.36 (KHTML, like Gecko) Chrome/67.0.3396.99 Safari/537.36" 
205.155.154.1 - - [02/Aug/2018:15:01:55 -0700] "GET /GitHub-Mark.png HTTP/1.1" 200 7428 "http://www.secrepo.com/" "Mozilla/5.0 (Windows NT 10.0; Win64; x64) AppleWebKit/537.36 (KHTML, like Gecko) Chrome/67.0.3396.99 Safari/537.36" 
157.55.39.69 - - [02/Aug/2018:15:03:50 -0700] "GET /self.logs/error.log.2018-02-24.gz HTTP/1.1" 200 3502 "-" "Mozilla/5.0 (compatible; bingbot/2.0; +http://www.bing.com/bingbot.htm)" 
41.223.160.173 - - [02/Aug/2018:15:08:25 -0700] "GET /tg/tg_snort_fast.7z HTTP/1.1" 304 131 "-" "Mozilla/5.0 Gecko/20100115 Firefox/3.6" 
205.155.154.1 - - [02/Aug/2018:15:09:25 -0700] "GET / HTTP/1.1" 304 189 "-" "Mozilla/5.0 (Windows NT 10.0; Win64; x64) AppleWebKit/537.36 (KHTML, like Gecko) Chrome/67.0.3396.99 Safari/537.36" 
205.155.154.1 - - [02/Aug/2018:15:09:25 -0700] "GET /twitter-icon.png HTTP/1.1" 200 27787 "http://www.secrepo.com/" "Mozilla/5.0 (Windows NT 10.0; Win64; x64) AppleWebKit/537.36 (KHTML, like Gecko) Chrome/67.0.3396.99 Safari/537.36" 
205.155.154.1 - - [02/Aug/2018:15:09:25 -0700] "GET /GitHub-Mark.png HTTP/1.1" 200 7428 "http://www.secrepo.com/" "Mozilla/5.0 (Windows NT 10.0; Win64; x64) AppleWebKit/537.36 (KHTML, like Gecko) Chrome/67.0.3396.99 Safari/537.36" 
54.36.148.214 - - [02/Aug/2018:15:09:29 -0700] "GET /self.logs/2016/error.log.2016-11-27.gz HTTP/1.1" 200 1823 "-" "Mozilla/5.0 (compatible; AhrefsBot/5.2; +http://ahrefs.com/robot/)" 
205.155.154.1 - - [02/Aug/2018:15:09:45 -0700] "GET /maccdc2012/dhcp.log.gz HTTP/1.1" 200 45019 "-" "Mozilla/5.0 (Windows NT 10.0; Win64; x64) AppleWebKit/537.36 (KHTML, like Gecko) Chrome/67.0.3396.99 Safari/537.36" 
66.249.92.147 - - [02/Aug/2018:15:11:58 -0700] "GET /&amp HTTP/1.1" 404 340 "-" "Mozilla/5.0 (Macintosh; Intel Mac OS X 10_8_4) AppleWebKit/537.36 (KHTML, like Gecko) Chrome/28.0.1500.71 Safari/537.36" 
66.249.66.82 - - [02/Aug/2018:15:14:52 -0700] "GET /robots.txt HTTP/1.1" 200 334 "-" "Mozilla/5.0 (compatible; Googlebot/2.1; +http://www.google.com/bot.html)" 
66.249.66.82 - - [02/Aug/2018:15:14:52 -0700] "GET /self.logs/ HTTP/1.1" 200 11325 "-" "Mozilla/5.0 (compatible; Googlebot/2.1; +http://www.google.com/bot.html)" 
198.7.228.130 - - [02/Aug/2018:15:18:40 -0700] "GET / HTTP/1.1" 200 11357 "-" "Mozilla/5.0 (Windows NT 10.0; Win64; x64) AppleWebKit/537.36 (KHTML, like Gecko) Chrome/67.0.3396.99 Safari/537.36" 
198.7.228.130 - - [02/Aug/2018:15:18:40 -0700] "GET /twitter-icon.png HTTP/1.1" 200 27787 "http://www.secrepo.com/" "Mozilla/5.0 (Windows NT 10.0; Win64; x64) AppleWebKit/537.36 (KHTML, like Gecko) Chrome/67.0.3396.99 Safari/537.36" 
198.7.228.130 - - [02/Aug/2018:15:18:40 -0700] "GET /GitHub-Mark.png HTTP/1.1" 200 7428 "http://www.secrepo.com/" "Mozilla/5.0 (Windows NT 10.0; Win64; x64) AppleWebKit/537.36 (KHTML, like Gecko) Chrome/67.0.3396.99 Safari/537.36" 
198.7.228.130 - - [02/Aug/2018:15:18:40 -0700] "GET /bootstrap/img/favicon.ico HTTP/1.1" 200 589 "http://www.secrepo.com/" "Mozilla/5.0 (Windows NT 10.0; Win64; x64) AppleWebKit/537.36 (KHTML, like Gecko) Chrome/67.0.3396.99 Safari/537.36" 
198.7.228.130 - - [02/Aug/2018:15:20:38 -0700] "GET /maccdc2012/dhcp.log.gz HTTP/1.1" 200 45019 "-" "Mozilla/5.0 (Windows NT 10.0; Win64; x64) AppleWebKit/537.36 (KHTML, like Gecko) Chrome/67.0.3396.99 Safari/537.36" 
46.118.125.157 - - [02/Aug/2018:15:26:20 -0700] "GET /honeypot/ HTTP/1.1" 200 1077 "http://moneyzzz.ru/" "Mozilla/4.0 (compatible; MSIE 6.0; Windows NT 5.2; Win64; x64; SV1; .NET CLR 2.0.50727)" 
66.249.66.84 - - [02/Aug/2018:15:26:21 -0700] "GET /honeypot/Honeypot%20-%20Howto.pdf HTTP/1.1" 304 168 "-" "Mozilla/5.0 (Linux; Android 6.0.1; Nexus 5X Build/MMB29P) AppleWebKit/537.36 (KHTML, like Gecko) Chrome/41.0.2272.96 Mobile Safari/537.36 (compatible; Googlebot/2.1; +http://www.google.com/bot.html)" 
66.249.66.82 - - [02/Aug/2018:15:26:54 -0700] "GET /honeypot/Honeypot%20-%20Howto.pdf HTTP/1.1" 200 1279418 "-" "Mozilla/5.0 (compatible; Googlebot/2.1; +http://www.google.com/bot.html)" 
54.36.148.11 - - [02/Aug/2018:15:30:43 -0700] "GET /self.logs/access.log.2015-05-21.gz HTTP/1.1" 404 284 "-" "Mozilla/5.0 (compatible; AhrefsBot/5.2; +http://ahrefs.com/robot/)" 
23.101.169.3 - - [02/Aug/2018:15:31:39 -0700] "GET / HTTP/1.1" 200 11357 "-" "Mozilla/5.0 (compatible; MSIE 9.0; Windows NT 6.1; Trident/5.0;  Trident/5.0)" 
66.249.92.95 - - [02/Aug/2018:15:39:20 -0700] "GET / HTTP/1.1" 301 483 "-" "Mozilla/5.0 (Macintosh; Intel Mac OS X 10_8_4) AppleWebKit/537.36 (KHTML, like Gecko) Chrome/28.0.1500.71 Safari/537.36" 
66.249.92.148 - - [02/Aug/2018:15:39:20 -0700] "GET / HTTP/1.1" 200 11357 "-" "Mozilla/5.0 (Macintosh; Intel Mac OS X 10_8_4) AppleWebKit/537.36 (KHTML, like Gecko) Chrome/28.0.1500.71 Safari/537.36" 
66.249.92.148 - - [02/Aug/2018:15:39:21 -0700] "GET /&amp HTTP/1.1" 404 339 "-" "Mozilla/5.0 (Macintosh; Intel Mac OS X 10_8_4) AppleWebKit/537.36 (KHTML, like Gecko) Chrome/28.0.1500.71 Safari/537.36" 
