75.188.230.139 - - [27/May/2018:19:25:15 -0700] "GET /self.logs/access.log.2017-07-28.gz HTTP/1.1" 200 14169 "-" "Python-urllib/2.7" 
101.199.110.109 - - [27/May/2018:19:25:09 -0700] "GET /maccdc2012/conn.log.gz HTTP/1.1" 200 691723 "-" "Mozilla/5.0 (Windows NT 6.1) AppleWebKit/537.36 (KHTML, like Gecko) Chrome/36.0.1985.125 Safari/537.36" 
75.188.230.139 - - [27/May/2018:19:26:10 -0700] "GET /self.logs/access.log.2017-07-29.gz HTTP/1.1" 200 13168 "-" "Python-urllib/2.7" 
75.188.230.139 - - [27/May/2018:19:26:54 -0700] "GET /self.logs/access.log.2017-07-30.gz HTTP/1.1" 200 15793 "-" "Python-urllib/2.7" 
54.36.148.243 - - [27/May/2018:19:27:07 -0700] "GET /self.logs/error.log.2017-09-21.gz HTTP/1.1" 200 2464 "-" "Mozilla/5.0 (compatible; AhrefsBot/5.2; +http://ahrefs.com/robot/)" 
75.188.230.139 - - [27/May/2018:19:27:47 -0700] "GET /self.logs/access.log.2017-07-31.gz HTTP/1.1" 200 52618 "-" "Python-urllib/2.7" 
106.120.161.66 - - [27/May/2018:19:27:57 -0700] "GET /maccdc2012/dhcp.log.gz HTTP/1.1" 200 44856 "http://www.secrepo.com/maccdc2012/dhcp.log.gz" "Mozilla/4.0 (compatible; MSIE 8.0; Windows NT 6.1; Trident/4.0; SLCC2; .NET CLR 2.0.50727; .NET CLR 3.5.30729; .NET CLR 3.0.30729; Media Center PC 6.0; Tablet PC 2.0)" 
52.212.146.96 - - [27/May/2018:19:30:01 -0700] "GET /self.logs/access.log.2018-05-21.gz HTTP/1.1" 200 22524 "-" "python-requests/2.12.1" 
52.212.146.96 - - [27/May/2018:19:30:02 -0700] "GET /self.logs/access.log.2018-05-22.gz HTTP/1.1" 200 19564 "-" "python-requests/2.12.1" 
52.212.146.96 - - [27/May/2018:19:30:02 -0700] "GET /self.logs/access.log.2018-05-23.gz HTTP/1.1" 200 18515 "-" "python-requests/2.12.1" 
52.212.146.96 - - [27/May/2018:19:30:02 -0700] "GET /self.logs/access.log.2018-05-24.gz HTTP/1.1" 200 18777 "-" "python-requests/2.12.1" 
52.212.146.96 - - [27/May/2018:19:30:02 -0700] "GET /self.logs/access.log.2018-05-25.gz HTTP/1.1" 404 340 "-" "python-requests/2.12.1" 
52.212.146.96 - - [27/May/2018:19:30:03 -0700] "GET /self.logs/access.log.2018-05-26.gz HTTP/1.1" 404 340 "-" "python-requests/2.12.1" 
52.212.146.96 - - [27/May/2018:19:30:03 -0700] "GET /self.logs/access.log.2018-05-27.gz HTTP/1.1" 404 340 "-" "python-requests/2.12.1" 
75.188.230.139 - - [27/May/2018:19:31:51 -0700] "GET /self.logs/access.log.2017-08-01.gz HTTP/1.1" 200 30067 "-" "Python-urllib/2.7" 
75.188.230.139 - - [27/May/2018:19:33:44 -0700] "GET /self.logs/access.log.2017-08-02.gz HTTP/1.1" 200 17794 "-" "Python-urllib/2.7" 
75.188.230.139 - - [27/May/2018:19:34:46 -0700] "GET /self.logs/access.log.2017-08-03.gz HTTP/1.1" 200 20453 "-" "Python-urllib/2.7" 
75.188.230.139 - - [27/May/2018:19:35:58 -0700] "GET /self.logs/access.log.2017-08-04.gz HTTP/1.1" 200 16233 "-" "Python-urllib/2.7" 
75.188.230.139 - - [27/May/2018:19:36:53 -0700] "GET /self.logs/access.log.2017-08-05.gz HTTP/1.1" 200 31721 "-" "Python-urllib/2.7" 
75.188.230.139 - - [27/May/2018:19:39:05 -0700] "GET /self.logs/access.log.2017-08-06.gz HTTP/1.1" 200 53944 "-" "Python-urllib/2.7" 
199.58.86.211 - - [27/May/2018:19:39:31 -0700] "GET /robots.txt HTTP/1.1" 200 289 "-" "Mozilla/5.0 (compatible; MJ12bot/v1.4.8; http://mj12bot.com/)" 
199.58.86.211 - - [27/May/2018:19:39:32 -0700] "GET / HTTP/1.1" 200 38539 "-" "Mozilla/5.0 (compatible; MJ12bot/v1.4.8; http://mj12bot.com/)" 
104.131.147.112 - - [27/May/2018:19:40:07 -0700] "GET / HTTP/1.1" 200 11353 "-" "Mozilla/5.0 (compatible; Gluten Free Crawler/1.0; +http://glutenfreepleasure.com/)" 
106.38.121.194 - - [27/May/2018:19:41:17 -0700] "GET /favicon.ico HTTP/1.1" 200 268 "-" "Mozilla/5.0 (Windows NT 10.0; WOW64) AppleWebKit/537.36 (KHTML, like Gecko) Chrome/49.0.2623.221 Safari/537.36 SE 2.X MetaSr 1.0" 
24.125.89.76 - - [27/May/2018:19:43:03 -0700] "GET / HTTP/1.1" 200 11353 "-" "Mozilla/5.0 (Macintosh; Intel Mac OS X 10_13_4) AppleWebKit/537.36 (KHTML, like Gecko) Chrome/66.0.3359.139 Safari/537.36" 
24.125.89.76 - - [27/May/2018:19:43:03 -0700] "GET /twitter-icon.png HTTP/1.1" 200 27787 "http://www.secrepo.com/" "Mozilla/5.0 (Macintosh; Intel Mac OS X 10_13_4) AppleWebKit/537.36 (KHTML, like Gecko) Chrome/66.0.3359.139 Safari/537.36" 
24.125.89.76 - - [27/May/2018:19:43:03 -0700] "GET /GitHub-Mark.png HTTP/1.1" 200 7428 "http://www.secrepo.com/" "Mozilla/5.0 (Macintosh; Intel Mac OS X 10_13_4) AppleWebKit/537.36 (KHTML, like Gecko) Chrome/66.0.3359.139 Safari/537.36" 
24.125.89.76 - - [27/May/2018:19:43:04 -0700] "GET /bootstrap/img/favicon.ico HTTP/1.1" 200 589 "http://www.secrepo.com/" "Mozilla/5.0 (Macintosh; Intel Mac OS X 10_13_4) AppleWebKit/537.36 (KHTML, like Gecko) Chrome/66.0.3359.139 Safari/537.36" 
75.188.230.139 - - [27/May/2018:19:43:07 -0700] "GET /self.logs/access.log.2017-08-07.gz HTTP/1.1" 200 38404 "-" "Python-urllib/2.7" 
223.179.146.123 - - [27/May/2018:19:43:37 -0700] "GET / HTTP/1.1" 200 11353 "-" "Mozilla/5.0 (Windows NT 6.1; Win64; x64; rv:52.0) Gecko/20100101 Firefox/52.0" 
223.179.146.123 - - [27/May/2018:19:43:38 -0700] "GET /bootstrap/img/favicon.ico HTTP/1.1" 200 589 "-" "Mozilla/5.0 (Windows NT 6.1; Win64; x64; rv:52.0) Gecko/20100101 Firefox/52.0" 
223.179.146.123 - - [27/May/2018:19:43:39 -0700] "GET /twitter-icon.png HTTP/1.1" 200 27787 "http://www.secrepo.com/" "Mozilla/5.0 (Windows NT 6.1; Win64; x64; rv:52.0) Gecko/20100101 Firefox/52.0" 
223.179.146.123 - - [27/May/2018:19:43:39 -0700] "GET /GitHub-Mark.png HTTP/1.1" 200 7428 "http://www.secrepo.com/" "Mozilla/5.0 (Windows NT 6.1; Win64; x64; rv:52.0) Gecko/20100101 Firefox/52.0" 
223.179.146.123 - - [27/May/2018:19:43:41 -0700] "GET / HTTP/1.1" 301 483 "http://www.secrepo.com/" "Mozilla/5.0 (Windows NT 6.1; Win64; x64; rv:52.0) Gecko/20100101 Firefox/52.0" 
96.67.106.5 - - [27/May/2018:19:43:49 -0700] "GET / HTTP/1.1" 200 11353 "-" "Mozilla/5.0 (Macintosh; Intel Mac OS X 10_13_4) AppleWebKit/537.36 (KHTML, like Gecko) Chrome/66.0.3359.181 Safari/537.36" 
96.67.104.18 - - [27/May/2018:19:43:49 -0700] "GET /GitHub-Mark.png HTTP/1.1" 200 7428 "http://www.secrepo.com/" "Mozilla/5.0 (Macintosh; Intel Mac OS X 10_13_4) AppleWebKit/537.36 (KHTML, like Gecko) Chrome/66.0.3359.181 Safari/537.36" 
96.67.106.5 - - [27/May/2018:19:43:49 -0700] "GET /twitter-icon.png HTTP/1.1" 200 27787 "http://www.secrepo.com/" "Mozilla/5.0 (Macintosh; Intel Mac OS X 10_13_4) AppleWebKit/537.36 (KHTML, like Gecko) Chrome/66.0.3359.181 Safari/537.36" 
96.67.106.5 - - [27/May/2018:19:43:49 -0700] "GET /bootstrap/img/favicon.ico HTTP/1.1" 200 589 "http://www.secrepo.com/" "Mozilla/5.0 (Macintosh; Intel Mac OS X 10_13_4) AppleWebKit/537.36 (KHTML, like Gecko) Chrome/66.0.3359.181 Safari/537.36" 
75.188.230.139 - - [27/May/2018:19:45:54 -0700] "GET /self.logs/access.log.2017-08-08.gz HTTP/1.1" 200 23953 "-" "Python-urllib/2.7" 
75.188.230.139 - - [27/May/2018:19:47:21 -0700] "GET /self.logs/access.log.2017-08-09.gz HTTP/1.1" 200 26547 "-" "Python-urllib/2.7" 
75.188.230.139 - - [27/May/2018:19:48:50 -0700] "GET /self.logs/access.log.2017-08-10.gz HTTP/1.1" 200 18028 "-" "Python-urllib/2.7" 
75.188.230.139 - - [27/May/2018:19:49:50 -0700] "GET /self.logs/access.log.2017-08-11.gz HTTP/1.1" 200 18347 "-" "Python-urllib/2.7" 
54.36.149.62 - - [27/May/2018:19:50:21 -0700] "GET /self.logs/2016/access.log.2016-05-11.gz HTTP/1.1" 200 18222 "-" "Mozilla/5.0 (compatible; AhrefsBot/5.2; +http://ahrefs.com/robot/)" 
75.188.230.139 - - [27/May/2018:19:50:56 -0700] "GET /self.logs/access.log.2017-08-12.gz HTTP/1.1" 200 16651 "-" "Python-urllib/2.7" 
54.36.148.146 - - [27/May/2018:19:51:15 -0700] "GET /self.logs/error.log.2015-09-25.gz HTTP/1.1" 404 284 "-" "Mozilla/5.0 (compatible; AhrefsBot/5.2; +http://ahrefs.com/robot/)" 
75.188.230.139 - - [27/May/2018:19:51:47 -0700] "GET /self.logs/access.log.2017-08-13.gz HTTP/1.1" 200 17791 "-" "Python-urllib/2.7" 
75.188.230.139 - - [27/May/2018:19:52:42 -0700] "GET /self.logs/access.log.2017-08-14.gz HTTP/1.1" 200 19577 "-" "Python-urllib/2.7" 
75.188.230.139 - - [27/May/2018:19:53:48 -0700] "GET /self.logs/access.log.2017-08-15.gz HTTP/1.1" 200 57569 "-" "Python-urllib/2.7" 
75.188.230.139 - - [27/May/2018:19:58:08 -0700] "GET /self.logs/access.log.2017-08-16.gz HTTP/1.1" 200 21353 "-" "Python-urllib/2.7" 
75.188.230.139 - - [27/May/2018:19:59:16 -0700] "GET /self.logs/access.log.2017-08-17.gz HTTP/1.1" 200 21250 "-" "Python-urllib/2.7" 
54.36.148.33 - - [27/May/2018:19:59:17 -0700] "GET /self.logs/2016/access.log.2016-03-08.gz HTTP/1.1" 200 8158 "-" "Mozilla/5.0 (compatible; AhrefsBot/5.2; +http://ahrefs.com/robot/)" 
75.188.230.139 - - [27/May/2018:20:00:25 -0700] "GET /self.logs/access.log.2017-08-18.gz HTTP/1.1" 200 15349 "-" "Python-urllib/2.7" 
75.188.230.139 - - [27/May/2018:20:01:25 -0700] "GET /self.logs/access.log.2017-08-19.gz HTTP/1.1" 200 15982 "-" "Python-urllib/2.7" 
116.66.198.10 - - [27/May/2018:20:01:29 -0700] "GET /wp-login.php HTTP/1.1" 418 732 "-" "Mozilla/5.0 (Windows NT 6.1; WOW64; rv:40.0) Gecko/20100101 Firefox/40.1" 
116.66.198.10 - - [27/May/2018:20:01:29 -0700] "GET / HTTP/1.1" 418 732 "-" "Mozilla/5.0 (Windows NT 6.1; WOW64; rv:40.0) Gecko/20100101 Firefox/40.1" 
113.171.224.176 - - [27/May/2018:20:01:57 -0700] "GET /honeypot/Honeypot%20-%20Howto.pdf HTTP/1.1" 200 46720 "-" "Mozilla/5.0 Gecko/20100115 Firefox/3.6" 
75.188.230.139 - - [27/May/2018:20:02:29 -0700] "GET /self.logs/access.log.2017-08-20.gz HTTP/1.1" 200 17271 "-" "Python-urllib/2.7" 
68.134.55.204 - - [27/May/2018:20:02:55 -0700] "GET /wp-login.php HTTP/1.1" 418 732 "-" "Mozilla/5.0 (Windows NT 6.1; WOW64; rv:40.0) Gecko/20100101 Firefox/40.1" 
68.134.55.204 - - [27/May/2018:20:02:55 -0700] "GET / HTTP/1.1" 418 732 "-" "Mozilla/5.0 (Windows NT 6.1; WOW64; rv:40.0) Gecko/20100101 Firefox/40.1" 
75.188.230.139 - - [27/May/2018:20:03:33 -0700] "GET /self.logs/access.log.2017-08-21.gz HTTP/1.1" 200 40473 "-" "Python-urllib/2.7" 
75.132.139.65 - - [27/May/2018:20:03:52 -0700] "GET / HTTP/1.1" 200 11353 "-" "Mozilla/5.0 (Windows NT 10.0; Win64; x64; rv:60.0) Gecko/20100101 Firefox/60.0" 
75.132.139.65 - - [27/May/2018:20:03:53 -0700] "GET /twitter-icon.png HTTP/1.1" 200 27788 "http://www.secrepo.com/" "Mozilla/5.0 (Windows NT 10.0; Win64; x64; rv:60.0) Gecko/20100101 Firefox/60.0" 
75.132.139.65 - - [27/May/2018:20:03:53 -0700] "GET /GitHub-Mark.png HTTP/1.1" 200 7427 "http://www.secrepo.com/" "Mozilla/5.0 (Windows NT 10.0; Win64; x64; rv:60.0) Gecko/20100101 Firefox/60.0" 
75.132.139.65 - - [27/May/2018:20:03:53 -0700] "GET /bootstrap/img/favicon.ico HTTP/1.1" 200 589 "-" "Mozilla/5.0 (Windows NT 10.0; Win64; x64; rv:60.0) Gecko/20100101 Firefox/60.0" 
75.132.139.65 - - [27/May/2018:20:03:53 -0700] "GET /bootstrap/img/favicon.ico HTTP/1.1" 200 589 "-" "Mozilla/5.0 (Windows NT 10.0; Win64; x64; rv:60.0) Gecko/20100101 Firefox/60.0" 
66.249.66.83 - - [27/May/2018:20:05:52 -0700] "GET /robots.txt HTTP/1.1" 200 334 "-" "Mozilla/5.0 (compatible; Googlebot/2.1; +http://www.google.com/bot.html)" 
66.249.66.83 - - [27/May/2018:20:05:52 -0700] "GET /bootstrap/img/favicon.ico HTTP/1.1" 304 164 "-" "Googlebot-Image/1.0" 
75.188.230.139 - - [27/May/2018:20:06:36 -0700] "GET /self.logs/access.log.2017-08-22.gz HTTP/1.1" 200 23325 "-" "Python-urllib/2.7" 
59.64.129.110 - - [27/May/2018:20:06:42 -0700] "GET /favicon.ico HTTP/1.1" 200 268 "-" "Mozilla/5.0 (Windows NT 10.0; WOW64) AppleWebKit/537.36 (KHTML, like Gecko) Chrome/55.0.2883.87 Safari/537.36" 
75.188.230.139 - - [27/May/2018:20:08:08 -0700] "GET /self.logs/access.log.2017-08-23.gz HTTP/1.1" 200 21086 "-" "Python-urllib/2.7" 
75.188.230.139 - - [27/May/2018:20:09:25 -0700] "GET /self.logs/access.log.2017-08-24.gz HTTP/1.1" 200 22436 "-" "Python-urllib/2.7" 
75.188.230.139 - - [27/May/2018:20:10:57 -0700] "GET /self.logs/access.log.2017-08-25.gz HTTP/1.1" 200 17949 "-" "Python-urllib/2.7" 
75.188.230.139 - - [27/May/2018:20:11:54 -0700] "GET /self.logs/access.log.2017-08-26.gz HTTP/1.1" 200 16527 "-" "Python-urllib/2.7" 
75.188.230.139 - - [27/May/2018:20:12:53 -0700] "GET /self.logs/access.log.2017-08-27.gz HTTP/1.1" 200 19917 "-" "Python-urllib/2.7" 
75.188.230.139 - - [27/May/2018:20:14:03 -0700] "GET /self.logs/access.log.2017-08-28.gz HTTP/1.1" 200 23226 "-" "Python-urllib/2.7" 
54.36.148.210 - - [27/May/2018:20:15:18 -0700] "GET /self.logs/error.log.2016-04-28.gz HTTP/1.1" 404 284 "-" "Mozilla/5.0 (compatible; AhrefsBot/5.2; +http://ahrefs.com/robot/)" 
75.188.230.139 - - [27/May/2018:20:15:26 -0700] "GET /self.logs/access.log.2017-08-29.gz HTTP/1.1" 200 24853 "-" "Python-urllib/2.7" 
75.188.230.139 - - [27/May/2018:20:16:56 -0700] "GET /self.logs/access.log.2017-08-30.gz HTTP/1.1" 200 29520 "-" "Python-urllib/2.7" 
99.122.164.71 - - [27/May/2018:20:18:10 -0700] "GET / HTTP/1.1" 200 11353 "-" "Mozilla/5.0 (Macintosh; Intel Mac OS X 10_13_3) AppleWebKit/604.5.6 (KHTML, like Gecko) Version/11.0.3 Safari/604.5.6" 
99.122.164.71 - - [27/May/2018:20:18:11 -0700] "GET /twitter-icon.png HTTP/1.1" 200 27787 "http://www.secrepo.com/" "Mozilla/5.0 (Macintosh; Intel Mac OS X 10_13_3) AppleWebKit/604.5.6 (KHTML, like Gecko) Version/11.0.3 Safari/604.5.6" 
99.122.164.71 - - [27/May/2018:20:18:11 -0700] "GET /GitHub-Mark.png HTTP/1.1" 200 7428 "http://www.secrepo.com/" "Mozilla/5.0 (Macintosh; Intel Mac OS X 10_13_3) AppleWebKit/604.5.6 (KHTML, like Gecko) Version/11.0.3 Safari/604.5.6" 
99.122.164.71 - - [27/May/2018:20:18:11 -0700] "GET /bootstrap/img/favicon.ico HTTP/1.1" 200 590 "http://www.secrepo.com/" "Mozilla/5.0 (Macintosh; Intel Mac OS X 10_13_3) AppleWebKit/604.5.6 (KHTML, like Gecko) Version/11.0.3 Safari/604.5.6" 
75.188.230.139 - - [27/May/2018:20:18:51 -0700] "GET /self.logs/access.log.2017-08-31.gz HTTP/1.1" 200 23531 "-" "Python-urllib/2.7" 
75.188.230.139 - - [27/May/2018:20:20:21 -0700] "GET /self.logs/access.log.2017-09-01.gz HTTP/1.1" 200 22653 "-" "Python-urllib/2.7" 
106.120.161.66 - - [27/May/2018:20:20:23 -0700] "GET / HTTP/1.1" 200 38584 "http://www.secrepo.com/" "Mozilla/4.0 (compatible; MSIE 8.0; Windows NT 6.1; Trident/4.0; SLCC2; .NET CLR 2.0.50727; .NET CLR 3.5.30729; .NET CLR 3.0.30729; Media Center PC 6.0; Tablet PC 2.0)" 
210.209.70.62 - - [27/May/2018:20:21:35 -0700] "GET / HTTP/1.1" 200 11353 "-" "Mozilla/5.0 (Windows NT 6.1) AppleWebKit/537.36 (KHTML, like Gecko) Chrome/36.0.1985.125 Safari/537.36" 
75.188.230.139 - - [27/May/2018:20:21:44 -0700] "GET /self.logs/access.log.2017-09-02.gz HTTP/1.1" 200 16334 "-" "Python-urllib/2.7" 
75.188.230.139 - - [27/May/2018:20:22:47 -0700] "GET /self.logs/access.log.2017-09-03.gz HTTP/1.1" 200 19760 "-" "Python-urllib/2.7" 
75.188.230.139 - - [27/May/2018:20:23:55 -0700] "GET /self.logs/access.log.2017-09-04.gz HTTP/1.1" 200 20874 "-" "Python-urllib/2.7" 
75.188.230.139 - - [27/May/2018:20:25:02 -0700] "GET /self.logs/access.log.2017-09-05.gz HTTP/1.1" 200 21497 "-" "Python-urllib/2.7" 
75.188.230.139 - - [27/May/2018:20:26:18 -0700] "GET /self.logs/access.log.2017-09-06.gz HTTP/1.1" 200 25730 "-" "Python-urllib/2.7" 
75.188.230.139 - - [27/May/2018:20:27:46 -0700] "GET /self.logs/access.log.2017-09-07.gz HTTP/1.1" 200 24612 "-" "Python-urllib/2.7" 
75.188.230.139 - - [27/May/2018:20:29:06 -0700] "GET /self.logs/access.log.2017-09-08.gz HTTP/1.1" 200 24203 "-" "Python-urllib/2.7" 
75.188.230.139 - - [27/May/2018:20:30:22 -0700] "GET /self.logs/access.log.2017-09-09.gz HTTP/1.1" 200 15185 "-" "Python-urllib/2.7" 
54.36.148.107 - - [27/May/2018:20:30:30 -0700] "GET /self.logs/access.log.2018-01-21.gz HTTP/1.1" 200 24698 "-" "Mozilla/5.0 (compatible; AhrefsBot/5.2; +http://ahrefs.com/robot/)" 
177.8.54.32 - - [27/May/2018:20:30:50 -0700] "GET / HTTP/1.1" 200 11353 "-" "Mozilla/5.0 (X11; Ubuntu; Linux x86_64; rv:60.0) Gecko/20100101 Firefox/60.0" 
177.8.54.32 - - [27/May/2018:20:30:51 -0700] "GET /twitter-icon.png HTTP/1.1" 200 27787 "http://www.secrepo.com/" "Mozilla/5.0 (X11; Ubuntu; Linux x86_64; rv:60.0) Gecko/20100101 Firefox/60.0" 
177.8.54.32 - - [27/May/2018:20:30:51 -0700] "GET /GitHub-Mark.png HTTP/1.1" 200 7428 "http://www.secrepo.com/" "Mozilla/5.0 (X11; Ubuntu; Linux x86_64; rv:60.0) Gecko/20100101 Firefox/60.0" 
177.8.54.32 - - [27/May/2018:20:30:52 -0700] "GET /bootstrap/img/favicon.ico HTTP/1.1" 200 589 "-" "Mozilla/5.0 (X11; Ubuntu; Linux x86_64; rv:60.0) Gecko/20100101 Firefox/60.0" 
75.188.230.139 - - [27/May/2018:20:31:13 -0700] "GET /self.logs/access.log.2017-09-10.gz HTTP/1.1" 200 21755 "-" "Python-urllib/2.7" 
157.55.39.163 - - [27/May/2018:20:32:08 -0700] "GET /self.logs/error.log.2018-04-10.gz HTTP/1.1" 200 7333 "-" "Mozilla/5.0 (compatible; bingbot/2.0; +http://www.bing.com/bingbot.htm)" 
54.36.149.95 - - [27/May/2018:20:32:17 -0700] "GET /self.logs/2016/error.log.2016-10-21.gz HTTP/1.1" 200 645 "-" "Mozilla/5.0 (compatible; AhrefsBot/5.2; +http://ahrefs.com/robot/)" 
75.188.230.139 - - [27/May/2018:20:32:23 -0700] "GET /self.logs/access.log.2017-09-11.gz HTTP/1.1" 200 34352 "-" "Python-urllib/2.7" 
207.46.13.138 - - [27/May/2018:20:34:05 -0700] "GET / HTTP/1.1" 200 11353 "-" "Mozilla/5.0 (compatible; bingbot/2.0; +http://www.bing.com/bingbot.htm)" 
75.188.230.139 - - [27/May/2018:20:34:29 -0700] "GET /self.logs/access.log.2017-09-12.gz HTTP/1.1" 200 21397 "-" "Python-urllib/2.7" 
207.46.13.138 - - [27/May/2018:20:35:21 -0700] "GET / HTTP/1.1" 200 11353 "-" "Mozilla/5.0 (compatible; bingbot/2.0; +http://www.bing.com/bingbot.htm)" 
75.188.230.139 - - [27/May/2018:20:35:40 -0700] "GET /self.logs/access.log.2017-09-13.gz HTTP/1.1" 200 32772 "-" "Python-urllib/2.7" 
75.188.230.139 - - [27/May/2018:20:37:40 -0700] "GET /self.logs/access.log.2017-09-14.gz HTTP/1.1" 200 24720 "-" "Python-urllib/2.7" 
52.173.241.248 - - [27/May/2018:20:38:11 -0700] "GET / HTTP/1.1" 301 427 "-" "Mozilla/5.0 (Macintosh; Intel Mac OS X 10_13_3) AppleWebKit/604.5.6 (KHTML, like Gecko) Version/11.0.3 Safari/604.5.6" 
42.120.161.28 - - [27/May/2018:20:38:15 -0700] "GET / HTTP/1.1" 200 11353 "-" "Mozilla/5.0 (Windows NT 6.1; Win64; x64) AppleWebKit/537.36 (KHTML, like Gecko) Chrome/65.0.3325.181 Safari/537.36" 
75.188.230.139 - - [27/May/2018:20:39:04 -0700] "GET /self.logs/access.log.2017-09-15.gz HTTP/1.1" 200 18681 "-" "Python-urllib/2.7" 
75.188.230.139 - - [27/May/2018:20:40:12 -0700] "GET /self.logs/access.log.2017-09-16.gz HTTP/1.1" 200 35541 "-" "Python-urllib/2.7" 
54.36.148.245 - - [27/May/2018:20:42:58 -0700] "GET /self.logs/access.log.2015-11-27.gz HTTP/1.1" 404 284 "-" "Mozilla/5.0 (compatible; AhrefsBot/5.2; +http://ahrefs.com/robot/)" 
75.188.230.139 - - [27/May/2018:20:43:04 -0700] "GET /self.logs/access.log.2017-09-17.gz HTTP/1.1" 200 20485 "-" "Python-urllib/2.7" 
75.188.230.139 - - [27/May/2018:20:44:15 -0700] "GET /self.logs/access.log.2017-09-18.gz HTTP/1.1" 200 30002 "-" "Python-urllib/2.7" 
101.226.227.171 - - [27/May/2018:20:44:49 -0700] "GET / HTTP/1.1" 200 38595 "-" "Mozilla/5.0 (Windows NT 6.1; WOW64) AppleWebKit/537.36 (KHTML, like Gecko) Chrome/43.0.2357.124 Safari/537.36" 
75.188.230.139 - - [27/May/2018:20:46:13 -0700] "GET /self.logs/access.log.2017-09-19.gz HTTP/1.1" 200 26231 "-" "Python-urllib/2.7" 
75.188.230.139 - - [27/May/2018:20:47:42 -0700] "GET /self.logs/access.log.2017-09-20.gz HTTP/1.1" 200 53854 "-" "Python-urllib/2.7" 
54.36.148.206 - - [27/May/2018:20:47:44 -0700] "GET /self.logs/error.log.2016-02-01.gz HTTP/1.1" 404 284 "-" "Mozilla/5.0 (compatible; AhrefsBot/5.2; +http://ahrefs.com/robot/)" 
75.188.230.139 - - [27/May/2018:20:51:20 -0700] "GET /self.logs/access.log.2017-09-21.gz HTTP/1.1" 200 33189 "-" "Python-urllib/2.7" 
75.188.230.139 - - [27/May/2018:20:53:01 -0700] "GET /self.logs/access.log.2017-09-22.gz HTTP/1.1" 200 23761 "-" "Python-urllib/2.7" 
75.188.230.139 - - [27/May/2018:20:54:11 -0700] "GET /self.logs/access.log.2017-09-23.gz HTTP/1.1" 200 26076 "-" "Python-urllib/2.7" 
75.188.230.139 - - [27/May/2018:20:55:47 -0700] "GET /self.logs/access.log.2017-09-24.gz HTTP/1.1" 200 25023 "-" "Python-urllib/2.7" 
75.188.230.139 - - [27/May/2018:20:57:01 -0700] "GET /self.logs/access.log.2017-09-25.gz HTTP/1.1" 200 31853 "-" "Python-urllib/2.7" 
172.104.133.26 - - [27/May/2018:20:58:08 -0700] "GET / HTTP/1.1" 200 11316 "-" "Mozilla/5.0 (Windows NT 6.1; Win64; x64) AppleWebKit/537.36 (KHTML, like Gecko) Chrome/65.0.3325.146 Safari/537.36" 
172.104.133.26 - - [27/May/2018:20:58:09 -0700] "GET /twitter-icon.png HTTP/1.1" 200 27751 "http://www.secrepo.com/" "Mozilla/5.0 (Windows NT 6.1; Win64; x64) AppleWebKit/537.36 (KHTML, like Gecko) Chrome/65.0.3325.146 Safari/537.36" 
172.104.133.26 - - [27/May/2018:20:58:09 -0700] "GET /GitHub-Mark.png HTTP/1.1" 200 7391 "http://www.secrepo.com/" "Mozilla/5.0 (Windows NT 6.1; Win64; x64) AppleWebKit/537.36 (KHTML, like Gecko) Chrome/65.0.3325.146 Safari/537.36" 
75.188.230.139 - - [27/May/2018:20:58:39 -0700] "GET /self.logs/access.log.2017-09-26.gz HTTP/1.1" 200 43059 "-" "Python-urllib/2.7" 
54.36.149.28 - - [27/May/2018:20:59:50 -0700] "GET /self.logs/error.log.2017-09-16.gz HTTP/1.1" 200 1714 "-" "Mozilla/5.0 (compatible; AhrefsBot/5.2; +http://ahrefs.com/robot/)" 
75.188.230.139 - - [27/May/2018:21:01:37 -0700] "GET /self.logs/access.log.2017-09-27.gz HTTP/1.1" 200 32136 "-" "Python-urllib/2.7" 
222.90.67.225 - - [27/May/2018:21:02:14 -0700] "GET /favicon.ico HTTP/1.1" 200 268 "-" "Mozilla/5.0 (Windows NT 10.0; WOW64) AppleWebKit/537.36 (KHTML, like Gecko) Chrome/49.0.2623.221 Safari/537.36 SE 2.X MetaSr 1.0" 
113.171.224.176 - - [27/May/2018:21:02:46 -0700] "GET /honeypot/Honeypot%20-%20Howto.pdf HTTP/1.1" 200 46720 "-" "Mozilla/5.0 Gecko/20100115 Firefox/3.6" 
75.188.230.139 - - [27/May/2018:21:03:29 -0700] "GET /self.logs/access.log.2017-09-28.gz HTTP/1.1" 200 26495 "-" "Python-urllib/2.7" 
75.188.230.139 - - [27/May/2018:21:04:50 -0700] "GET /self.logs/access.log.2017-09-29.gz HTTP/1.1" 200 21388 "-" "Python-urllib/2.7" 
75.188.230.139 - - [27/May/2018:21:05:56 -0700] "GET /self.logs/access.log.2017-09-30.gz HTTP/1.1" 200 19194 "-" "Python-urllib/2.7" 
75.188.230.139 - - [27/May/2018:21:06:52 -0700] "GET /self.logs/access.log.2017-10-01.gz HTTP/1.1" 200 24867 "-" "Python-urllib/2.7" 
75.188.230.139 - - [27/May/2018:21:08:05 -0700] "GET /self.logs/access.log.2017-10-02.gz HTTP/1.1" 200 21863 "-" "Python-urllib/2.7" 
157.55.39.11 - - [27/May/2018:21:08:15 -0700] "GET /self.logs/ HTTP/1.1" 200 10135 "-" "Mozilla/5.0 (compatible; bingbot/2.0; +http://www.bing.com/bingbot.htm)" 
75.188.230.139 - - [27/May/2018:21:09:12 -0700] "GET /self.logs/access.log.2017-10-03.gz HTTP/1.1" 200 31305 "-" "Python-urllib/2.7" 
66.249.83.83 - - [27/May/2018:21:09:36 -0700] "GET / HTTP/1.1" 200 11353 "-" "Mozilla/5.0 (X11; Linux x86_64) AppleWebKit/537.36 (KHTML, like Gecko) Chrome/49.0.2623.75 Safari/537.36 Google Favicon" 
66.249.83.82 - - [27/May/2018:21:09:36 -0700] "GET /bootstrap/img/favicon.ico HTTP/1.1" 200 590 "-" "Mozilla/5.0 (X11; Linux x86_64) AppleWebKit/537.36 (KHTML, like Gecko) Chrome/49.0.2623.75 Safari/537.36 Google Favicon" 
75.188.230.139 - - [27/May/2018:21:10:55 -0700] "GET /self.logs/access.log.2017-10-04.gz HTTP/1.1" 200 34074 "-" "Python-urllib/2.7" 
122.96.14.69 - - [27/May/2018:21:10:56 -0700] "GET /favicon.ico HTTP/1.1" 200 268 "-" "Mozilla/5.0 (Windows NT 10.0; WOW64) AppleWebKit/537.36 (KHTML, like Gecko) Chrome/55.0.2883.87 Safari/537.36" 
75.140.6.64 - - [27/May/2018:21:11:21 -0700] "GET /wp-login.php HTTP/1.1" 418 732 "-" "Mozilla/5.0 (Windows NT 6.1; WOW64; rv:40.0) Gecko/20100101 Firefox/40.1" 
75.140.6.64 - - [27/May/2018:21:11:21 -0700] "GET / HTTP/1.1" 418 732 "-" "Mozilla/5.0 (Windows NT 6.1; WOW64; rv:40.0) Gecko/20100101 Firefox/40.1" 
75.188.230.139 - - [27/May/2018:21:13:02 -0700] "GET /self.logs/access.log.2017-10-05.gz HTTP/1.1" 200 29786 "-" "Python-urllib/2.7" 
66.249.80.1 - - [27/May/2018:21:13:57 -0700] "GET / HTTP/1.1" 200 11353 "-" "Mozilla/5.0 (X11; Linux x86_64) AppleWebKit/537.36 (KHTML, like Gecko) Chrome/49.0.2623.75 Safari/537.36 Google Favicon" 
66.249.80.29 - - [27/May/2018:21:13:57 -0700] "GET /bootstrap/img/favicon.ico HTTP/1.1" 200 590 "-" "Mozilla/5.0 (X11; Linux x86_64) AppleWebKit/537.36 (KHTML, like Gecko) Chrome/49.0.2623.75 Safari/537.36 Google Favicon" 
75.188.230.139 - - [27/May/2018:21:14:30 -0700] "GET /self.logs/access.log.2017-10-06.gz HTTP/1.1" 200 33293 "-" "Python-urllib/2.7" 
196.178.53.205 - - [27/May/2018:21:15:55 -0700] "GET /wp-login.php HTTP/1.1" 418 732 "-" "Mozilla/5.0 (Windows NT 6.1; WOW64; rv:40.0) Gecko/20100101 Firefox/40.1" 
196.178.53.205 - - [27/May/2018:21:15:56 -0700] "GET / HTTP/1.1" 418 732 "-" "Mozilla/5.0 (Windows NT 6.1; WOW64; rv:40.0) Gecko/20100101 Firefox/40.1" 
75.188.230.139 - - [27/May/2018:21:16:20 -0700] "GET /self.logs/access.log.2017-10-07.gz HTTP/1.1" 200 26401 "-" "Python-urllib/2.7" 
66.249.66.84 - - [27/May/2018:21:16:41 -0700] "GET /bootstrap/img/favicon.ico HTTP/1.1" 304 165 "-" "Googlebot-Image/1.0" 
54.36.149.48 - - [27/May/2018:21:16:49 -0700] "GET /self.logs/2016/error.log.2016-08-13.gz HTTP/1.1" 200 849 "-" "Mozilla/5.0 (compatible; AhrefsBot/5.2; +http://ahrefs.com/robot/)" 
75.188.230.139 - - [27/May/2018:21:17:42 -0700] "GET /self.logs/access.log.2017-10-08.gz HTTP/1.1" 200 34468 "-" "Python-urllib/2.7" 
54.36.148.114 - - [27/May/2018:21:18:58 -0700] "GET /self.logs/access.log.2017-07-30.gz HTTP/1.1" 200 15830 "-" "Mozilla/5.0 (compatible; AhrefsBot/5.2; +http://ahrefs.com/robot/)" 
75.188.230.139 - - [27/May/2018:21:19:54 -0700] "GET /self.logs/access.log.2017-10-09.gz HTTP/1.1" 200 31420 "-" "Python-urllib/2.7" 
75.188.230.139 - - [27/May/2018:21:22:13 -0700] "GET /self.logs/access.log.2017-10-10.gz HTTP/1.1" 200 22930 "-" "Python-urllib/2.7" 
75.188.230.139 - - [27/May/2018:21:23:30 -0700] "GET /self.logs/access.log.2017-10-11.gz HTTP/1.1" 200 46145 "-" "Python-urllib/2.7" 
186.79.103.237 - - [27/May/2018:21:25:51 -0700] "GET /wp-login.php HTTP/1.1" 418 732 "-" "Mozilla/5.0 (Windows NT 6.1; WOW64; rv:40.0) Gecko/20100101 Firefox/40.1" 
186.79.103.237 - - [27/May/2018:21:25:52 -0700] "GET / HTTP/1.1" 418 732 "-" "Mozilla/5.0 (Windows NT 6.1; WOW64; rv:40.0) Gecko/20100101 Firefox/40.1" 
75.188.230.139 - - [27/May/2018:21:27:22 -0700] "GET /self.logs/access.log.2017-10-12.gz HTTP/1.1" 200 29772 "-" "Python-urllib/2.7" 
75.188.230.139 - - [27/May/2018:21:29:07 -0700] "GET /self.logs/access.log.2017-10-13.gz HTTP/1.1" 200 169555 "-" "Python-urllib/2.7" 
54.36.148.78 - - [27/May/2018:21:40:04 -0700] "GET /self.logs/2016/error.log.2016-08-24.gz HTTP/1.1" 200 1079 "-" "Mozilla/5.0 (compatible; AhrefsBot/5.2; +http://ahrefs.com/robot/)" 
39.107.155.172 - - [27/May/2018:21:44:03 -0700] "GET / HTTP/1.1" 200 11353 "-" "Mozilla/5.0 (Windows NT 10.0; Win64; x64) AppleWebKit/537.36 (KHTML, like Gecko) Chrome/56.0.2924.87 Safari/537.36" 
102.181.194.40 - - [27/May/2018:21:44:13 -0700] "GET /tg/tg_snort_fast.7z HTTP/1.1" 304 131 "-" "Mozilla/5.0 Gecko/20100115 Firefox/3.6" 
216.244.66.245 - - [27/May/2018:21:53:08 -0700] "GET /robots.txt HTTP/1.1" 200 233 "-" "Mozilla/5.0 (compatible; DotBot/1.1; http://www.opensiteexplorer.org/dotbot, help@moz.com)" 
75.188.230.139 - - [27/May/2018:21:53:41 -0700] "GET /self.logs/access.log.2017-10-14.gz HTTP/1.1" 200 16928 "-" "Python-urllib/2.7" 
75.188.230.139 - - [27/May/2018:21:54:35 -0700] "GET /self.logs/access.log.2017-10-15.gz HTTP/1.1" 200 78077 "-" "Python-urllib/2.7" 
112.207.16.46 - - [27/May/2018:21:56:19 -0700] "GET /wp-login.php HTTP/1.1" 418 732 "-" "Mozilla/5.0 (Windows NT 6.1; WOW64; rv:40.0) Gecko/20100101 Firefox/40.1" 
112.207.16.46 - - [27/May/2018:21:56:20 -0700] "GET / HTTP/1.1" 418 732 "-" "Mozilla/5.0 (Windows NT 6.1; WOW64; rv:40.0) Gecko/20100101 Firefox/40.1" 
75.188.230.139 - - [27/May/2018:22:00:44 -0700] "GET /self.logs/access.log.2017-10-16.gz HTTP/1.1" 200 23752 "-" "Python-urllib/2.7" 
75.188.230.139 - - [27/May/2018:22:02:02 -0700] "GET /self.logs/access.log.2017-10-17.gz HTTP/1.1" 200 30917 "-" "Python-urllib/2.7" 
54.36.148.61 - - [27/May/2018:22:02:41 -0700] "GET /self.logs/access.log.2016-10-21.gz HTTP/1.1" 404 284 "-" "Mozilla/5.0 (compatible; AhrefsBot/5.2; +http://ahrefs.com/robot/)" 
216.244.66.245 - - [27/May/2018:22:03:26 -0700] "GET /self.logs/?C=S;O=D HTTP/1.1" 200 98077 "-" "Mozilla/5.0 (compatible; DotBot/1.1; http://www.opensiteexplorer.org/dotbot, help@moz.com)" 
75.188.230.139 - - [27/May/2018:22:03:51 -0700] "GET /self.logs/access.log.2017-10-18.gz HTTP/1.1" 200 23444 "-" "Python-urllib/2.7" 
113.171.224.176 - - [27/May/2018:22:04:50 -0700] "GET /honeypot/Honeypot%20-%20Howto.pdf HTTP/1.1" 200 46720 "-" "Mozilla/5.0 Gecko/20100115 Firefox/3.6" 
75.188.230.139 - - [27/May/2018:22:05:05 -0700] "GET /self.logs/access.log.2017-10-19.gz HTTP/1.1" 200 52853 "-" "Python-urllib/2.7" 
54.36.148.172 - - [27/May/2018:22:05:39 -0700] "GET /self.logs/error.log.2018-01-10.gz HTTP/1.1" 200 2175 "-" "Mozilla/5.0 (compatible; AhrefsBot/5.2; +http://ahrefs.com/robot/)" 
54.36.148.46 - - [27/May/2018:22:06:10 -0700] "GET /self.logs/error.log.2016-12-20.gz HTTP/1.1" 404 284 "-" "Mozilla/5.0 (compatible; AhrefsBot/5.2; +http://ahrefs.com/robot/)" 
75.188.230.139 - - [27/May/2018:22:09:30 -0700] "GET /self.logs/access.log.2017-10-20.gz HTTP/1.1" 200 23587 "-" "Python-urllib/2.7" 
75.188.230.139 - - [27/May/2018:22:10:56 -0700] "GET /self.logs/access.log.2017-10-21.gz HTTP/1.1" 200 18309 "-" "Python-urllib/2.7" 
199.58.86.206 - - [27/May/2018:22:11:01 -0700] "GET /robots.txt HTTP/1.1" 200 289 "-" "Mozilla/5.0 (compatible; MJ12bot/v1.4.8; http://mj12bot.com/)" 
199.58.86.206 - - [27/May/2018:22:11:03 -0700] "GET / HTTP/1.1" 200 38539 "-" "Mozilla/5.0 (compatible; MJ12bot/v1.4.8; http://mj12bot.com/)" 
181.67.186.6 - - [27/May/2018:22:11:42 -0700] "GET /wp-login.php HTTP/1.1" 418 732 "-" "Mozilla/5.0 (Windows NT 6.1; WOW64; rv:40.0) Gecko/20100101 Firefox/40.1" 
181.67.186.6 - - [27/May/2018:22:11:43 -0700] "GET / HTTP/1.1" 418 732 "-" "Mozilla/5.0 (Windows NT 6.1; WOW64; rv:40.0) Gecko/20100101 Firefox/40.1" 
75.188.230.139 - - [27/May/2018:22:11:53 -0700] "GET /self.logs/access.log.2017-10-22.gz HTTP/1.1" 200 22156 "-" "Python-urllib/2.7" 
157.55.39.11 - - [27/May/2018:22:12:53 -0700] "GET /self.logs/access.log.2017-03-03.gz HTTP/1.1" 200 18266 "-" "Mozilla/5.0 (compatible; bingbot/2.0; +http://www.bing.com/bingbot.htm)" 
75.188.230.139 - - [27/May/2018:22:12:56 -0700] "GET /self.logs/access.log.2017-10-23.gz HTTP/1.1" 200 23675 "-" "Python-urllib/2.7" 
54.36.148.103 - - [27/May/2018:22:13:41 -0700] "GET /self.logs/access.log.2017-12-05.gz HTTP/1.1" 200 25562 "-" "Mozilla/5.0 (compatible; AhrefsBot/5.2; +http://ahrefs.com/robot/)" 
75.188.230.139 - - [27/May/2018:22:14:09 -0700] "GET /self.logs/access.log.2017-10-24.gz HTTP/1.1" 200 43457 "-" "Python-urllib/2.7" 
54.36.148.14 - - [27/May/2018:22:15:07 -0700] "GET /self.logs/access.log.2015-09-21.gz HTTP/1.1" 404 284 "-" "Mozilla/5.0 (compatible; AhrefsBot/5.2; +http://ahrefs.com/robot/)" 
75.188.230.139 - - [27/May/2018:22:17:00 -0700] "GET /self.logs/access.log.2017-10-25.gz HTTP/1.1" 200 21239 "-" "Python-urllib/2.7" 
216.244.66.245 - - [27/May/2018:22:17:01 -0700] "GET /robots.txt HTTP/1.1" 200 233 "-" "Mozilla/5.0 (compatible; DotBot/1.1; http://www.opensiteexplorer.org/dotbot, help@moz.com)" 
75.188.230.139 - - [27/May/2018:22:18:08 -0700] "GET /self.logs/access.log.2017-10-26.gz HTTP/1.1" 200 18259 "-" "Python-urllib/2.7" 
75.188.230.139 - - [27/May/2018:22:19:08 -0700] "GET /self.logs/access.log.2017-10-27.gz HTTP/1.1" 200 26062 "-" "Python-urllib/2.7" 
64.233.172.231 - - [27/May/2018:22:20:41 -0700] "GET / HTTP/1.1" 301 483 "-" "Mozilla/5.0 (X11; Linux x86_64) AppleWebKit/537.36 (KHTML, like Gecko) Chrome/49.0.2623.75 Safari/537.36 Google Favicon" 
66.102.6.158 - - [27/May/2018:22:20:41 -0700] "GET / HTTP/1.1" 200 11353 "-" "Mozilla/5.0 (X11; Linux x86_64) AppleWebKit/537.36 (KHTML, like Gecko) Chrome/49.0.2623.75 Safari/537.36 Google Favicon" 
66.102.6.159 - - [27/May/2018:22:20:41 -0700] "GET /bootstrap/img/favicon.ico HTTP/1.1" 200 590 "-" "Mozilla/5.0 (X11; Linux x86_64) AppleWebKit/537.36 (KHTML, like Gecko) Chrome/49.0.2623.75 Safari/537.36 Google Favicon" 
75.188.230.139 - - [27/May/2018:22:21:09 -0700] "GET /self.logs/access.log.2017-10-28.gz HTTP/1.1" 200 17701 "-" "Python-urllib/2.7" 
49.146.13.239 - - [27/May/2018:22:21:58 -0700] "GET /wp-login.php HTTP/1.1" 418 732 "-" "Mozilla/5.0 (Windows NT 6.1; WOW64; rv:40.0) Gecko/20100101 Firefox/40.1" 
49.146.13.239 - - [27/May/2018:22:21:59 -0700] "GET / HTTP/1.1" 418 732 "-" "Mozilla/5.0 (Windows NT 6.1; WOW64; rv:40.0) Gecko/20100101 Firefox/40.1" 
75.188.230.139 - - [27/May/2018:22:22:02 -0700] "GET /self.logs/access.log.2017-10-29.gz HTTP/1.1" 200 18337 "-" "Python-urllib/2.7" 
75.188.230.139 - - [27/May/2018:22:22:58 -0700] "GET /self.logs/access.log.2017-10-30.gz HTTP/1.1" 200 23316 "-" "Python-urllib/2.7" 
216.244.66.245 - - [27/May/2018:22:24:08 -0700] "GET /self.logs/2015/access.log.2015-02-03.gz HTTP/1.1" 200 5603 "-" "Mozilla/5.0 (compatible; DotBot/1.1; http://www.opensiteexplorer.org/dotbot, help@moz.com)" 
216.244.66.245 - - [27/May/2018:22:24:09 -0700] "GET /self.logs/2015/access.log.2015-02-22.gz HTTP/1.1" 200 11030 "-" "Mozilla/5.0 (compatible; DotBot/1.1; http://www.opensiteexplorer.org/dotbot, help@moz.com)" 
216.244.66.245 - - [27/May/2018:22:24:10 -0700] "GET /self.logs/2015/access.log.2015-06-10.gz HTTP/1.1" 200 6273 "-" "Mozilla/5.0 (compatible; DotBot/1.1; http://www.opensiteexplorer.org/dotbot, help@moz.com)" 
216.244.66.245 - - [27/May/2018:22:24:11 -0700] "GET /self.logs/2015/access.log.2015-10-06.gz HTTP/1.1" 200 6124 "-" "Mozilla/5.0 (compatible; DotBot/1.1; http://www.opensiteexplorer.org/dotbot, help@moz.com)" 
216.244.66.245 - - [27/May/2018:22:24:12 -0700] "GET /self.logs/2015/access.log.2015-11-18.gz HTTP/1.1" 200 9827 "-" "Mozilla/5.0 (compatible; DotBot/1.1; http://www.opensiteexplorer.org/dotbot, help@moz.com)" 
216.244.66.245 - - [27/May/2018:22:24:13 -0700] "GET /self.logs/2015/access.log.2015-12-16.gz HTTP/1.1" 200 7758 "-" "Mozilla/5.0 (compatible; DotBot/1.1; http://www.opensiteexplorer.org/dotbot, help@moz.com)" 
75.188.230.139 - - [27/May/2018:22:24:14 -0700] "GET /self.logs/access.log.2017-10-31.gz HTTP/1.1" 200 28145 "-" "Python-urllib/2.7" 
216.244.66.245 - - [27/May/2018:22:24:14 -0700] "GET /self.logs/2015/error.log.2015-01-22.gz HTTP/1.1" 200 585 "-" "Mozilla/5.0 (compatible; DotBot/1.1; http://www.opensiteexplorer.org/dotbot, help@moz.com)" 
216.244.66.245 - - [27/May/2018:22:24:15 -0700] "GET /self.logs/2015/error.log.2015-10-17.gz HTTP/1.1" 200 728 "-" "Mozilla/5.0 (compatible; DotBot/1.1; http://www.opensiteexplorer.org/dotbot, help@moz.com)" 
216.244.66.245 - - [27/May/2018:22:24:16 -0700] "GET /self.logs/2015/error.log.2015-11-10.gz HTTP/1.1" 200 525 "-" "Mozilla/5.0 (compatible; DotBot/1.1; http://www.opensiteexplorer.org/dotbot, help@moz.com)" 
216.244.66.245 - - [27/May/2018:22:24:17 -0700] "GET /self.logs/2015/error.log.2015-11-14.gz HTTP/1.1" 200 652 "-" "Mozilla/5.0 (compatible; DotBot/1.1; http://www.opensiteexplorer.org/dotbot, help@moz.com)" 
216.244.66.245 - - [27/May/2018:22:24:18 -0700] "GET /self.logs/2016/access.log.2016-02-01.gz HTTP/1.1" 200 6810 "-" "Mozilla/5.0 (compatible; DotBot/1.1; http://www.opensiteexplorer.org/dotbot, help@moz.com)" 
216.244.66.245 - - [27/May/2018:22:24:19 -0700] "GET /self.logs/2016/access.log.2016-07-03.gz HTTP/1.1" 200 11101 "-" "Mozilla/5.0 (compatible; DotBot/1.1; http://www.opensiteexplorer.org/dotbot, help@moz.com)" 
216.244.66.245 - - [27/May/2018:22:24:20 -0700] "GET /self.logs/2016/access.log.2016-08-22.gz HTTP/1.1" 200 8744 "-" "Mozilla/5.0 (compatible; DotBot/1.1; http://www.opensiteexplorer.org/dotbot, help@moz.com)" 
216.244.66.245 - - [27/May/2018:22:24:22 -0700] "GET /self.logs/2016/access.log.2016-10-14.gz HTTP/1.1" 200 7072 "-" "Mozilla/5.0 (compatible; DotBot/1.1; http://www.opensiteexplorer.org/dotbot, help@moz.com)" 
216.244.66.245 - - [27/May/2018:22:24:23 -0700] "GET /self.logs/2016/access.log.2016-12-14.gz HTTP/1.1" 200 7081 "-" "Mozilla/5.0 (compatible; DotBot/1.1; http://www.opensiteexplorer.org/dotbot, help@moz.com)" 
216.244.66.245 - - [27/May/2018:22:24:24 -0700] "GET /self.logs/2016/error.log.2016-05-17.gz HTTP/1.1" 200 584 "-" "Mozilla/5.0 (compatible; DotBot/1.1; http://www.opensiteexplorer.org/dotbot, help@moz.com)" 
216.244.66.245 - - [27/May/2018:22:24:25 -0700] "GET /self.logs/2016/error.log.2016-10-14.gz HTTP/1.1" 200 642 "-" "Mozilla/5.0 (compatible; DotBot/1.1; http://www.opensiteexplorer.org/dotbot, help@moz.com)" 
216.244.66.245 - - [27/May/2018:22:24:26 -0700] "GET /self.logs/2016/error.log.2016-12-10.gz HTTP/1.1" 200 545 "-" "Mozilla/5.0 (compatible; DotBot/1.1; http://www.opensiteexplorer.org/dotbot, help@moz.com)" 
54.36.148.128 - - [27/May/2018:22:25:18 -0700] "GET /self.logs/error.log.2016-12-02.gz HTTP/1.1" 404 284 "-" "Mozilla/5.0 (compatible; AhrefsBot/5.2; +http://ahrefs.com/robot/)" 
75.188.230.139 - - [27/May/2018:22:25:41 -0700] "GET /self.logs/access.log.2017-11-01.gz HTTP/1.1" 200 43248 "-" "Python-urllib/2.7" 
52.165.150.117 - - [27/May/2018:22:26:29 -0700] "GET / HTTP/1.1" 301 427 "-" "Mozilla/5.0 (Windows NT 10.0; Win64; x64) AppleWebKit/537.36 (KHTML, like Gecko) Chrome/65.0.3325.181 Safari/537.36" 
87.239.222.33 - - [27/May/2018:22:27:49 -0700] "GET /wp-login.php HTTP/1.1" 418 732 "-" "Mozilla/5.0 (Windows NT 6.1; WOW64; rv:40.0) Gecko/20100101 Firefox/40.1" 
87.239.222.33 - - [27/May/2018:22:27:49 -0700] "GET / HTTP/1.1" 418 732 "-" "Mozilla/5.0 (Windows NT 6.1; WOW64; rv:40.0) Gecko/20100101 Firefox/40.1" 
54.36.148.62 - - [27/May/2018:22:27:52 -0700] "GET /self.logs/error.log.2015-09-17.gz HTTP/1.1" 404 284 "-" "Mozilla/5.0 (compatible; AhrefsBot/5.2; +http://ahrefs.com/robot/)" 
75.188.230.139 - - [27/May/2018:22:28:10 -0700] "GET /self.logs/access.log.2017-11-02.gz HTTP/1.1" 200 30087 "-" "Python-urllib/2.7" 
138.75.70.75 - - [27/May/2018:22:28:29 -0700] "GET / HTTP/1.1" 304 189 "https://www.google.com.sg/" "Mozilla/5.0 (Windows NT 10.0; Win64; x64) AppleWebKit/537.36 (KHTML, like Gecko) Chrome/66.0.3359.181 Safari/537.36" 
138.75.70.75 - - [27/May/2018:22:28:42 -0700] "GET /honeypot/honeypot.json.zip HTTP/1.1" 200 1763680 "-" "Mozilla/5.0 (Windows NT 10.0; Win64; x64) AppleWebKit/537.36 (KHTML, like Gecko) Chrome/66.0.3359.181 Safari/537.36" 
138.75.70.75 - - [27/May/2018:22:28:42 -0700] "GET /honeypot/honeypot.json.zip HTTP/1.1" 200 23085976 "-" "Mozilla/5.0 (Windows NT 10.0; Win64; x64) AppleWebKit/537.36 (KHTML, like Gecko) Chrome/66.0.3359.181 Safari/537.36" 
75.188.230.139 - - [27/May/2018:22:29:49 -0700] "GET /self.logs/access.log.2017-11-03.gz HTTP/1.1" 200 26008 "-" "Python-urllib/2.7" 
75.188.230.139 - - [27/May/2018:22:31:15 -0700] "GET /self.logs/access.log.2017-11-04.gz HTTP/1.1" 200 20902 "-" "Python-urllib/2.7" 
175.142.157.117 - - [27/May/2018:22:31:56 -0700] "GET /wp-login.php HTTP/1.1" 418 732 "-" "Mozilla/5.0 (Windows NT 6.1; WOW64; rv:40.0) Gecko/20100101 Firefox/40.1" 
175.142.157.117 - - [27/May/2018:22:31:57 -0700] "GET / HTTP/1.1" 418 732 "-" "Mozilla/5.0 (Windows NT 6.1; WOW64; rv:40.0) Gecko/20100101 Firefox/40.1" 
75.188.230.139 - - [27/May/2018:22:32:17 -0700] "GET /self.logs/access.log.2017-11-05.gz HTTP/1.1" 200 26569 "-" "Python-urllib/2.7" 
75.188.230.139 - - [27/May/2018:22:33:37 -0700] "GET /self.logs/access.log.2017-11-06.gz HTTP/1.1" 200 28123 "-" "Python-urllib/2.7" 
75.188.230.139 - - [27/May/2018:22:34:58 -0700] "GET /self.logs/access.log.2017-11-07.gz HTTP/1.1" 200 51683 "-" "Python-urllib/2.7" 
111.204.219.197 - - [27/May/2018:22:35:18 -0700] "GET /favicon.ico HTTP/1.1" 200 268 "-" "Mozilla/5.0 (Windows NT 6.1; WOW64) AppleWebKit/537.36 (KHTML, like Gecko) Chrome/49.0.2623.221 Safari/537.36 SE 2.X MetaSr 1.0" 
75.188.230.139 - - [27/May/2018:22:38:38 -0700] "GET /self.logs/access.log.2017-11-08.gz HTTP/1.1" 200 30181 "-" "Python-urllib/2.7" 
54.36.148.85 - - [27/May/2018:22:40:08 -0700] "GET /self.logs/2016/error.log.2016-11-02.gz HTTP/1.1" 200 816 "-" "Mozilla/5.0 (compatible; AhrefsBot/5.2; +http://ahrefs.com/robot/)" 
75.188.230.139 - - [27/May/2018:22:40:19 -0700] "GET /self.logs/access.log.2017-11-09.gz HTTP/1.1" 200 28021 "-" "Python-urllib/2.7" 
216.244.66.245 - - [27/May/2018:22:41:13 -0700] "GET /robots.txt HTTP/1.1" 200 233 "-" "Mozilla/5.0 (compatible; DotBot/1.1; http://www.opensiteexplorer.org/dotbot, help@moz.com)" 
75.188.230.139 - - [27/May/2018:22:41:39 -0700] "GET /self.logs/access.log.2017-11-10.gz HTTP/1.1" 200 28603 "-" "Python-urllib/2.7" 
75.188.230.139 - - [27/May/2018:22:43:05 -0700] "GET /self.logs/access.log.2017-11-11.gz HTTP/1.1" 200 29736 "-" "Python-urllib/2.7" 
66.249.93.64 - - [27/May/2018:22:44:52 -0700] "GET / HTTP/1.1" 200 11353 "-" "Mozilla/5.0 (X11; Linux x86_64) AppleWebKit/537.36 (KHTML, like Gecko) Chrome/49.0.2623.75 Safari/537.36 Google Favicon" 
66.249.93.64 - - [27/May/2018:22:44:52 -0700] "GET /bootstrap/img/favicon.ico HTTP/1.1" 200 589 "-" "Mozilla/5.0 (X11; Linux x86_64) AppleWebKit/537.36 (KHTML, like Gecko) Chrome/49.0.2623.75 Safari/537.36 Google Favicon" 
75.188.230.139 - - [27/May/2018:22:45:00 -0700] "GET /self.logs/access.log.2017-11-12.gz HTTP/1.1" 200 49290 "-" "Python-urllib/2.7" 
162.242.144.71 - - [27/May/2018:22:45:20 -0700] "GET /robots.txt HTTP/1.1" 301 446 "-" "Tornado-Async-Client" 
162.242.144.71 - - [27/May/2018:22:45:20 -0700] "GET /robots.txt HTTP/1.1" 304 130 "-" "Tornado-Async-Client" 
162.242.144.71 - - [27/May/2018:22:45:20 -0700] "GET /honeypot/BSidesDFW%20-%202014.ipynb HTTP/1.1" 301 484 "-" "Tornado-Async-Client" 
162.242.144.71 - - [27/May/2018:22:45:20 -0700] "GET /honeypot/BSidesDFW%20-%202014.ipynb HTTP/1.1" 200 930780 "-" "Tornado-Async-Client" 
75.188.230.139 - - [27/May/2018:22:48:19 -0700] "GET /self.logs/access.log.2017-11-13.gz HTTP/1.1" 200 28117 "-" "Python-urllib/2.7" 
216.244.66.245 - - [27/May/2018:22:48:22 -0700] "GET /self.logs/2015/access.log.2015-03-02.gz HTTP/1.1" 200 3256 "-" "Mozilla/5.0 (compatible; DotBot/1.1; http://www.opensiteexplorer.org/dotbot, help@moz.com)" 
216.244.66.245 - - [27/May/2018:22:48:23 -0700] "GET /self.logs/2015/access.log.2015-04-30.gz HTTP/1.1" 200 5739 "-" "Mozilla/5.0 (compatible; DotBot/1.1; http://www.opensiteexplorer.org/dotbot, help@moz.com)" 
216.244.66.245 - - [27/May/2018:22:48:25 -0700] "GET /self.logs/2015/error.log.2015-06-07.gz HTTP/1.1" 200 457 "-" "Mozilla/5.0 (compatible; DotBot/1.1; http://www.opensiteexplorer.org/dotbot, help@moz.com)" 
216.244.66.245 - - [27/May/2018:22:48:26 -0700] "GET /self.logs/2015/error.log.2015-07-03.gz HTTP/1.1" 200 607 "-" "Mozilla/5.0 (compatible; DotBot/1.1; http://www.opensiteexplorer.org/dotbot, help@moz.com)" 
216.244.66.245 - - [27/May/2018:22:48:28 -0700] "GET /self.logs/2015/error.log.2015-10-01.gz HTTP/1.1" 200 691 "-" "Mozilla/5.0 (compatible; DotBot/1.1; http://www.opensiteexplorer.org/dotbot, help@moz.com)" 
216.244.66.245 - - [27/May/2018:22:48:29 -0700] "GET /self.logs/2015/error.log.2015-10-15.gz HTTP/1.1" 200 1009 "-" "Mozilla/5.0 (compatible; DotBot/1.1; http://www.opensiteexplorer.org/dotbot, help@moz.com)" 
216.244.66.245 - - [27/May/2018:22:48:31 -0700] "GET /self.logs/2016/access.log.2016-09-20.gz HTTP/1.1" 200 11039 "-" "Mozilla/5.0 (compatible; DotBot/1.1; http://www.opensiteexplorer.org/dotbot, help@moz.com)" 
216.244.66.245 - - [27/May/2018:22:48:32 -0700] "GET /self.logs/2016/access.log.2016-12-19.gz HTTP/1.1" 200 8786 "-" "Mozilla/5.0 (compatible; DotBot/1.1; http://www.opensiteexplorer.org/dotbot, help@moz.com)" 
216.244.66.245 - - [27/May/2018:22:48:34 -0700] "GET /self.logs/2016/error.log.2016-10-10.gz HTTP/1.1" 200 690 "-" "Mozilla/5.0 (compatible; DotBot/1.1; http://www.opensiteexplorer.org/dotbot, help@moz.com)" 
75.188.230.139 - - [27/May/2018:22:49:44 -0700] "GET /self.logs/access.log.2017-11-14.gz HTTP/1.1" 200 22880 "-" "Python-urllib/2.7" 
75.188.230.139 - - [27/May/2018:22:50:56 -0700] "GET /self.logs/access.log.2017-11-15.gz HTTP/1.1" 200 29501 "-" "Python-urllib/2.7" 
54.36.148.65 - - [27/May/2018:22:52:01 -0700] "GET /self.logs/2015/access.log.2015-10-17.gz HTTP/1.1" 200 4564 "-" "Mozilla/5.0 (compatible; AhrefsBot/5.2; +http://ahrefs.com/robot/)" 
75.188.230.139 - - [27/May/2018:22:52:44 -0700] "GET /self.logs/access.log.2017-11-16.gz HTTP/1.1" 200 27078 "-" "Python-urllib/2.7" 
75.188.230.139 - - [27/May/2018:22:54:07 -0700] "GET /self.logs/access.log.2017-11-17.gz HTTP/1.1" 200 19606 "-" "Python-urllib/2.7" 
54.36.148.39 - - [27/May/2018:22:54:16 -0700] "GET /self.logs/2015/error.log.2015-11-20.gz HTTP/1.1" 200 970 "-" "Mozilla/5.0 (compatible; AhrefsBot/5.2; +http://ahrefs.com/robot/)" 
75.188.230.139 - - [27/May/2018:22:55:13 -0700] "GET /self.logs/access.log.2017-11-18.gz HTTP/1.1" 200 19344 "-" "Python-urllib/2.7" 
75.188.230.139 - - [27/May/2018:22:56:10 -0700] "GET /self.logs/access.log.2017-11-19.gz HTTP/1.1" 200 27591 "-" "Python-urllib/2.7" 
75.188.230.139 - - [27/May/2018:22:57:31 -0700] "GET /self.logs/access.log.2017-11-20.gz HTTP/1.1" 200 27255 "-" "Python-urllib/2.7" 
54.36.149.100 - - [27/May/2018:22:58:17 -0700] "GET /self.logs/access.log.2015-09-25.gz HTTP/1.1" 404 284 "-" "Mozilla/5.0 (compatible; AhrefsBot/5.2; +http://ahrefs.com/robot/)" 
75.188.230.139 - - [27/May/2018:22:59:00 -0700] "GET /self.logs/access.log.2017-11-21.gz HTTP/1.1" 200 42910 "-" "Python-urllib/2.7" 
103.83.128.144 - - [27/May/2018:22:59:39 -0700] "GET /wp-login.php HTTP/1.1" 418 732 "-" "Mozilla/5.0 (Windows NT 6.1; WOW64; rv:40.0) Gecko/20100101 Firefox/40.1" 
103.83.128.144 - - [27/May/2018:22:59:40 -0700] "GET / HTTP/1.1" 418 732 "-" "Mozilla/5.0 (Windows NT 6.1; WOW64; rv:40.0) Gecko/20100101 Firefox/40.1" 
75.188.230.139 - - [27/May/2018:23:00:42 -0700] "GET /self.logs/access.log.2017-11-22.gz HTTP/1.1" 200 24159 "-" "Python-urllib/2.7" 
75.188.230.139 - - [27/May/2018:23:02:00 -0700] "GET /self.logs/access.log.2017-11-23.gz HTTP/1.1" 200 22336 "-" "Python-urllib/2.7" 
75.188.230.139 - - [27/May/2018:23:03:14 -0700] "GET /self.logs/access.log.2017-11-24.gz HTTP/1.1" 200 23048 "-" "Python-urllib/2.7" 
216.244.66.245 - - [27/May/2018:23:04:24 -0700] "GET /self.logs/2015/access.log.2015-03-02.gz HTTP/1.1" 200 3256 "-" "Mozilla/5.0 (compatible; DotBot/1.1; http://www.opensiteexplorer.org/dotbot, help@moz.com)" 
75.188.230.139 - - [27/May/2018:23:04:25 -0700] "GET /self.logs/access.log.2017-11-25.gz HTTP/1.1" 200 17293 "-" "Python-urllib/2.7" 
216.244.66.245 - - [27/May/2018:23:04:26 -0700] "GET /self.logs/2015/access.log.2015-04-30.gz HTTP/1.1" 200 5739 "-" "Mozilla/5.0 (compatible; DotBot/1.1; http://www.opensiteexplorer.org/dotbot, help@moz.com)" 
216.244.66.245 - - [27/May/2018:23:04:27 -0700] "GET /self.logs/2015/error.log.2015-06-07.gz HTTP/1.1" 200 457 "-" "Mozilla/5.0 (compatible; DotBot/1.1; http://www.opensiteexplorer.org/dotbot, help@moz.com)" 
216.244.66.245 - - [27/May/2018:23:04:29 -0700] "GET /self.logs/2015/error.log.2015-07-03.gz HTTP/1.1" 200 607 "-" "Mozilla/5.0 (compatible; DotBot/1.1; http://www.opensiteexplorer.org/dotbot, help@moz.com)" 
216.244.66.245 - - [27/May/2018:23:04:30 -0700] "GET /self.logs/2015/error.log.2015-10-01.gz HTTP/1.1" 200 691 "-" "Mozilla/5.0 (compatible; DotBot/1.1; http://www.opensiteexplorer.org/dotbot, help@moz.com)" 
216.244.66.245 - - [27/May/2018:23:04:32 -0700] "GET /self.logs/2015/error.log.2015-10-15.gz HTTP/1.1" 200 1009 "-" "Mozilla/5.0 (compatible; DotBot/1.1; http://www.opensiteexplorer.org/dotbot, help@moz.com)" 
216.244.66.245 - - [27/May/2018:23:04:33 -0700] "GET /self.logs/2016/access.log.2016-09-20.gz HTTP/1.1" 200 11039 "-" "Mozilla/5.0 (compatible; DotBot/1.1; http://www.opensiteexplorer.org/dotbot, help@moz.com)" 
216.244.66.245 - - [27/May/2018:23:04:35 -0700] "GET /self.logs/2016/access.log.2016-12-19.gz HTTP/1.1" 200 8786 "-" "Mozilla/5.0 (compatible; DotBot/1.1; http://www.opensiteexplorer.org/dotbot, help@moz.com)" 
216.244.66.245 - - [27/May/2018:23:04:36 -0700] "GET /self.logs/2016/error.log.2016-10-10.gz HTTP/1.1" 200 690 "-" "Mozilla/5.0 (compatible; DotBot/1.1; http://www.opensiteexplorer.org/dotbot, help@moz.com)" 
75.188.230.139 - - [27/May/2018:23:05:16 -0700] "GET /self.logs/access.log.2017-11-26.gz HTTP/1.1" 200 21580 "-" "Python-urllib/2.7" 
54.36.148.191 - - [27/May/2018:23:05:24 -0700] "GET /self.logs/access.log.2018-01-27.gz HTTP/1.1" 200 15449 "-" "Mozilla/5.0 (compatible; AhrefsBot/5.2; +http://ahrefs.com/robot/)" 
113.171.224.176 - - [27/May/2018:23:05:33 -0700] "GET /honeypot/Honeypot%20-%20Howto.pdf HTTP/1.1" 200 46720 "-" "Mozilla/5.0 Gecko/20100115 Firefox/3.6" 
75.188.230.139 - - [27/May/2018:23:06:18 -0700] "GET /self.logs/access.log.2017-11-27.gz HTTP/1.1" 200 23418 "-" "Python-urllib/2.7" 
75.188.230.139 - - [27/May/2018:23:07:27 -0700] "GET /self.logs/access.log.2017-11-28.gz HTTP/1.1" 200 23690 "-" "Python-urllib/2.7" 
75.188.230.139 - - [27/May/2018:23:08:49 -0700] "GET /self.logs/access.log.2017-11-29.gz HTTP/1.1" 200 20612 "-" "Python-urllib/2.7" 
75.188.230.139 - - [27/May/2018:23:09:57 -0700] "GET /self.logs/access.log.2017-11-30.gz HTTP/1.1" 200 21521 "-" "Python-urllib/2.7" 
75.188.230.139 - - [27/May/2018:23:11:12 -0700] "GET /self.logs/access.log.2017-12-01.gz HTTP/1.1" 200 21842 "-" "Python-urllib/2.7" 
120.236.174.152 - - [27/May/2018:23:11:23 -0700] "GET / HTTP/1.1" 200 11353 "-" "Mozilla/5.0 (Windows NT 10.0; Win64; x64; rv:60.0) Gecko/20100101 Firefox/60.0" 
120.236.174.152 - - [27/May/2018:23:11:24 -0700] "GET /twitter-icon.png HTTP/1.1" 200 27787 "http://www.secrepo.com/" "Mozilla/5.0 (Windows NT 10.0; Win64; x64; rv:60.0) Gecko/20100101 Firefox/60.0" 
120.236.174.152 - - [27/May/2018:23:11:24 -0700] "GET /GitHub-Mark.png HTTP/1.1" 200 7428 "http://www.secrepo.com/" "Mozilla/5.0 (Windows NT 10.0; Win64; x64; rv:60.0) Gecko/20100101 Firefox/60.0" 
120.236.174.152 - - [27/May/2018:23:11:25 -0700] "GET /bootstrap/img/favicon.ico HTTP/1.1" 200 589 "-" "Mozilla/5.0 (Windows NT 10.0; Win64; x64; rv:60.0) Gecko/20100101 Firefox/60.0" 
