216.244.66.245 - - [29/May/2018:09:34:54 -0700] "GET /self.logs/2016/error.log.2016-01-20.gz HTTP/1.1" 200 868 "-" "Mozilla/5.0 (compatible; DotBot/1.1; http://www.opensiteexplorer.org/dotbot, help@moz.com)" 
216.244.66.245 - - [29/May/2018:09:34:55 -0700] "GET /self.logs/2016/error.log.2016-03-10.gz HTTP/1.1" 200 757 "-" "Mozilla/5.0 (compatible; DotBot/1.1; http://www.opensiteexplorer.org/dotbot, help@moz.com)" 
216.244.66.245 - - [29/May/2018:09:34:57 -0700] "GET /self.logs/2016/error.log.2016-06-17.gz HTTP/1.1" 200 2421 "-" "Mozilla/5.0 (compatible; DotBot/1.1; http://www.opensiteexplorer.org/dotbot, help@moz.com)" 
216.244.66.245 - - [29/May/2018:09:34:58 -0700] "GET /self.logs/2016/error.log.2016-09-24.gz HTTP/1.1" 200 582 "-" "Mozilla/5.0 (compatible; DotBot/1.1; http://www.opensiteexplorer.org/dotbot, help@moz.com)" 
216.244.66.245 - - [29/May/2018:09:34:59 -0700] "GET /self.logs/2016/error.log.2016-11-13.gz HTTP/1.1" 200 814 "-" "Mozilla/5.0 (compatible; DotBot/1.1; http://www.opensiteexplorer.org/dotbot, help@moz.com)" 
168.243.231.68 - - [29/May/2018:09:36:54 -0700] "GET /bootstrap/img/favicon.ico HTTP/1.1" 304 165 "-" "Mozilla/5.0 (Windows NT 10.0; Win64; x64) AppleWebKit/537.36 (KHTML, like Gecko) Chrome/68.0.3440.6 Safari/537.36" 
168.243.231.68 - - [29/May/2018:09:38:54 -0700] "GET /bootstrap/img/favicon.ico HTTP/1.1" 304 165 "-" "Mozilla/5.0 (Windows NT 10.0; Win64; x64) AppleWebKit/537.36 (KHTML, like Gecko) Chrome/68.0.3440.6 Safari/537.36" 
92.237.58.91 - - [29/May/2018:09:39:48 -0700] "GET /wp-login.php HTTP/1.1" 418 732 "-" "Mozilla/5.0 (Windows NT 6.1; WOW64; rv:40.0) Gecko/20100101 Firefox/40.1" 
92.237.58.91 - - [29/May/2018:09:39:48 -0700] "GET / HTTP/1.1" 418 732 "-" "Mozilla/5.0 (Windows NT 6.1; WOW64; rv:40.0) Gecko/20100101 Firefox/40.1" 
54.36.148.166 - - [29/May/2018:09:40:55 -0700] "GET /self.logs/2015/error.log.2015-04-01.gz HTTP/1.1" 200 1069 "-" "Mozilla/5.0 (compatible; AhrefsBot/5.2; +http://ahrefs.com/robot/)" 
188.166.113.148 - - [29/May/2018:09:43:20 -0700] "GET / HTTP/1.1" 301 483 "-" "Mozilla/5.0 (Macintosh; Intel Mac OS X 10_10_5) AppleWebKit/537.36 (KHTML, like Gecko) Chrome/45.0.2454.101 Safari/537.36" 
206.189.106.127 - - [29/May/2018:09:43:21 -0700] "GET / HTTP/1.1" 200 11353 "-" "Mozilla/5.0 (Macintosh; Intel Mac OS X 10_10_5) AppleWebKit/537.36 (KHTML, like Gecko) Chrome/45.0.2454.101 Safari/537.36" 
175.138.127.101 - - [29/May/2018:09:45:42 -0700] "GET /wp-login.php HTTP/1.1" 418 732 "-" "Mozilla/5.0 (Windows NT 6.1; WOW64; rv:40.0) Gecko/20100101 Firefox/40.1" 
175.138.127.101 - - [29/May/2018:09:45:42 -0700] "GET / HTTP/1.1" 418 732 "-" "Mozilla/5.0 (Windows NT 6.1; WOW64; rv:40.0) Gecko/20100101 Firefox/40.1" 
40.77.189.128 - - [29/May/2018:09:46:14 -0700] "GET /maccdc2012/dns.log.gz HTTP/1.1" 200 6607269 "-" "Mozilla/5.0 (iPhone; CPU iPhone OS 7_0 like Mac OS X) AppleWebKit/537.51.1 (KHTML, like Gecko) Version/7.0 Mobile/11A465 Safari/9537.53 BingPreview/1.0b" 
157.55.39.122 - - [29/May/2018:09:47:20 -0700] "GET /self.logs/access.log.2017-06-15.gz HTTP/1.1" 301 546 "-" "Mozilla/5.0 (compatible; bingbot/2.0; +http://www.bing.com/bingbot.htm)" 
66.249.93.64 - - [29/May/2018:09:52:43 -0700] "GET / HTTP/1.1" 200 11353 "-" "Mozilla/5.0 (X11; Linux x86_64) AppleWebKit/537.36 (KHTML, like Gecko) Chrome/49.0.2623.75 Safari/537.36 Google Favicon" 
66.249.93.64 - - [29/May/2018:09:52:43 -0700] "GET /bootstrap/img/favicon.ico HTTP/1.1" 200 589 "-" "Mozilla/5.0 (X11; Linux x86_64) AppleWebKit/537.36 (KHTML, like Gecko) Chrome/49.0.2623.75 Safari/537.36 Google Favicon" 
216.244.66.245 - - [29/May/2018:09:52:59 -0700] "GET /robots.txt HTTP/1.1" 200 233 "-" "Mozilla/5.0 (compatible; DotBot/1.1; http://www.opensiteexplorer.org/dotbot, help@moz.com)" 
49.205.222.254 - - [29/May/2018:09:56:54 -0700] "GET / HTTP/1.1" 200 11353 "-" "Mozilla/5.0 (iPad; CPU OS 11_3 like Mac OS X) AppleWebKit/605.1.15 (KHTML, like Gecko) Version/11.0 Mobile/15E148 Safari/604.1" 
49.205.222.254 - - [29/May/2018:09:56:54 -0700] "GET /apple-touch-icon-152x152-precomposed.png HTTP/1.1" 404 340 "-" "MobileSafari/604.1 CFNetwork/897.15 Darwin/17.5.0" 
49.205.222.254 - - [29/May/2018:09:56:55 -0700] "GET /apple-touch-icon-152x152.png HTTP/1.1" 404 339 "-" "MobileSafari/604.1 CFNetwork/897.15 Darwin/17.5.0" 
49.205.222.254 - - [29/May/2018:09:56:55 -0700] "GET /apple-touch-icon-precomposed.png HTTP/1.1" 404 339 "-" "MobileSafari/604.1 CFNetwork/897.15 Darwin/17.5.0" 
49.205.222.254 - - [29/May/2018:09:56:55 -0700] "GET /apple-touch-icon.png HTTP/1.1" 404 339 "-" "MobileSafari/604.1 CFNetwork/897.15 Darwin/17.5.0" 
49.205.222.254 - - [29/May/2018:09:56:56 -0700] "GET /bootstrap/img/favicon.ico HTTP/1.1" 200 589 "-" "MobileSafari/604.1 CFNetwork/897.15 Darwin/17.5.0" 
216.244.66.245 - - [29/May/2018:09:58:12 -0700] "GET /self.logs/2015/access.log.2015-08-16.gz HTTP/1.1" 200 6422 "-" "Mozilla/5.0 (compatible; DotBot/1.1; http://www.opensiteexplorer.org/dotbot, help@moz.com)" 
216.244.66.245 - - [29/May/2018:09:58:13 -0700] "GET /self.logs/2015/access.log.2015-11-27.gz HTTP/1.1" 200 5513 "-" "Mozilla/5.0 (compatible; DotBot/1.1; http://www.opensiteexplorer.org/dotbot, help@moz.com)" 
216.244.66.245 - - [29/May/2018:09:58:15 -0700] "GET /self.logs/2015/error.log.2015-05-10.gz HTTP/1.1" 200 908 "-" "Mozilla/5.0 (compatible; DotBot/1.1; http://www.opensiteexplorer.org/dotbot, help@moz.com)" 
216.244.66.245 - - [29/May/2018:09:58:16 -0700] "GET /self.logs/2015/error.log.2015-07-01.gz HTTP/1.1" 200 942 "-" "Mozilla/5.0 (compatible; DotBot/1.1; http://www.opensiteexplorer.org/dotbot, help@moz.com)" 
216.244.66.245 - - [29/May/2018:09:58:17 -0700] "GET /self.logs/2016/access.log.2016-07-31.gz HTTP/1.1" 200 7043 "-" "Mozilla/5.0 (compatible; DotBot/1.1; http://www.opensiteexplorer.org/dotbot, help@moz.com)" 
216.244.66.245 - - [29/May/2018:09:58:18 -0700] "GET /self.logs/2016/error.log.2016-01-03.gz HTTP/1.1" 200 601 "-" "Mozilla/5.0 (compatible; DotBot/1.1; http://www.opensiteexplorer.org/dotbot, help@moz.com)" 
216.244.66.245 - - [29/May/2018:09:58:20 -0700] "GET /self.logs/2016/error.log.2016-03-28.gz HTTP/1.1" 200 833 "-" "Mozilla/5.0 (compatible; DotBot/1.1; http://www.opensiteexplorer.org/dotbot, help@moz.com)" 
216.244.66.245 - - [29/May/2018:09:58:21 -0700] "GET /self.logs/2016/error.log.2016-08-15.gz HTTP/1.1" 200 581 "-" "Mozilla/5.0 (compatible; DotBot/1.1; http://www.opensiteexplorer.org/dotbot, help@moz.com)" 
216.244.66.245 - - [29/May/2018:09:58:22 -0700] "GET /self.logs/2016/error.log.2016-09-27.gz HTTP/1.1" 200 616 "-" "Mozilla/5.0 (compatible; DotBot/1.1; http://www.opensiteexplorer.org/dotbot, help@moz.com)" 
216.244.66.245 - - [29/May/2018:09:58:23 -0700] "GET /self.logs/2016/error.log.2016-10-27.gz HTTP/1.1" 200 728 "-" "Mozilla/5.0 (compatible; DotBot/1.1; http://www.opensiteexplorer.org/dotbot, help@moz.com)" 
216.244.66.245 - - [29/May/2018:09:58:25 -0700] "GET /self.logs/2016/error.log.2016-12-03.gz HTTP/1.1" 200 807 "-" "Mozilla/5.0 (compatible; DotBot/1.1; http://www.opensiteexplorer.org/dotbot, help@moz.com)" 
216.244.66.245 - - [29/May/2018:09:58:26 -0700] "GET /self.logs/2016/error.log.2016-12-31.gz HTTP/1.1" 200 668 "-" "Mozilla/5.0 (compatible; DotBot/1.1; http://www.opensiteexplorer.org/dotbot, help@moz.com)" 
113.247.230.194 - - [29/May/2018:09:59:23 -0700] "GET /maccdc2012/ftp.log.gz HTTP/1.1" 304 190 "-" "Java/1.6.0_24" 
54.36.148.133 - - [29/May/2018:09:59:53 -0700] "GET /self.logs/2016/access.log.2016-05-06.gz HTTP/1.1" 200 8420 "-" "Mozilla/5.0 (compatible; AhrefsBot/5.2; +http://ahrefs.com/robot/)" 
35.189.242.53 - - [29/May/2018:10:00:59 -0700] "GET / HTTP/1.1" 200 38584 "-" "Mozilla/5.0 (Macintosh; Intel Mac OS X 10_13_3) AppleWebKit/537.36 (KHTML, like Gecko) Chrome/64.0.3282.167 Safari/537.36" 
54.36.148.42 - - [29/May/2018:10:03:39 -0700] "GET /self.logs/2016/access.log.2016-05-26.gz HTTP/1.1" 200 8652 "-" "Mozilla/5.0 (compatible; AhrefsBot/5.2; +http://ahrefs.com/robot/)" 
216.244.66.245 - - [29/May/2018:10:03:56 -0700] "GET /self.logs/access.log.2018-05-11.gz HTTP/1.1" 200 33072 "-" "Mozilla/5.0 (compatible; DotBot/1.1; http://www.opensiteexplorer.org/dotbot, help@moz.com)" 
216.244.66.245 - - [29/May/2018:10:03:57 -0700] "GET /self.logs/access.log.2018-05-21.gz HTTP/1.1" 200 22371 "-" "Mozilla/5.0 (compatible; DotBot/1.1; http://www.opensiteexplorer.org/dotbot, help@moz.com)" 
54.36.148.202 - - [29/May/2018:10:07:09 -0700] "GET /self.logs/error.log.2017-03-28.gz HTTP/1.1" 200 956 "-" "Mozilla/5.0 (compatible; AhrefsBot/5.2; +http://ahrefs.com/robot/)" 
66.249.66.198 - - [29/May/2018:10:07:24 -0700] "GET / HTTP/1.1" 301 483 "-" "Mozilla/5.0 (Linux; Android 6.0.1; Nexus 5X Build/MMB29P) AppleWebKit/537.36 (KHTML, like Gecko) Chrome/41.0.2272.96 Mobile Safari/537.36 (compatible; Googlebot/2.1; +http://www.google.com/bot.html)" 
54.36.148.89 - - [29/May/2018:10:13:10 -0700] "GET /self.logs/access.log.2015-10-12.gz HTTP/1.1" 404 284 "-" "Mozilla/5.0 (compatible; AhrefsBot/5.2; +http://ahrefs.com/robot/)" 
86.122.25.251 - - [29/May/2018:10:13:42 -0700] "GET /wp-login.php HTTP/1.1" 418 732 "-" "Mozilla/5.0 (Windows NT 6.1; WOW64; rv:40.0) Gecko/20100101 Firefox/40.1" 
216.244.66.245 - - [29/May/2018:10:16:57 -0700] "GET /robots.txt HTTP/1.1" 200 233 "-" "Mozilla/5.0 (compatible; DotBot/1.1; http://www.opensiteexplorer.org/dotbot, help@moz.com)" 
216.244.66.245 - - [29/May/2018:10:21:59 -0700] "GET /self.logs/access.log.2018-02-15.gz HTTP/1.1" 200 27503 "-" "Mozilla/5.0 (compatible; DotBot/1.1; http://www.opensiteexplorer.org/dotbot, help@moz.com)" 
216.244.66.245 - - [29/May/2018:10:22:09 -0700] "GET /self.logs/2015/access.log.2015-02-27.gz HTTP/1.1" 200 3115 "-" "Mozilla/5.0 (compatible; DotBot/1.1; http://www.opensiteexplorer.org/dotbot, help@moz.com)" 
216.244.66.245 - - [29/May/2018:10:22:10 -0700] "GET /self.logs/2015/access.log.2015-10-09.gz HTTP/1.1" 200 7623 "-" "Mozilla/5.0 (compatible; DotBot/1.1; http://www.opensiteexplorer.org/dotbot, help@moz.com)" 
216.244.66.245 - - [29/May/2018:10:22:12 -0700] "GET /self.logs/2015/access.log.2015-10-10.gz HTTP/1.1" 200 4097 "-" "Mozilla/5.0 (compatible; DotBot/1.1; http://www.opensiteexplorer.org/dotbot, help@moz.com)" 
216.244.66.245 - - [29/May/2018:10:22:13 -0700] "GET /self.logs/2015/access.log.2015-10-22.gz HTTP/1.1" 200 8849 "-" "Mozilla/5.0 (compatible; DotBot/1.1; http://www.opensiteexplorer.org/dotbot, help@moz.com)" 
216.244.66.245 - - [29/May/2018:10:22:14 -0700] "GET /self.logs/2015/error.log.2015-03-18.gz HTTP/1.1" 200 2268 "-" "Mozilla/5.0 (compatible; DotBot/1.1; http://www.opensiteexplorer.org/dotbot, help@moz.com)" 
216.244.66.245 - - [29/May/2018:10:22:15 -0700] "GET /self.logs/2015/error.log.2015-08-02.gz HTTP/1.1" 200 601 "-" "Mozilla/5.0 (compatible; DotBot/1.1; http://www.opensiteexplorer.org/dotbot, help@moz.com)" 
216.244.66.245 - - [29/May/2018:10:22:16 -0700] "GET /self.logs/2015/error.log.2015-08-24.gz HTTP/1.1" 200 826 "-" "Mozilla/5.0 (compatible; DotBot/1.1; http://www.opensiteexplorer.org/dotbot, help@moz.com)" 
216.244.66.245 - - [29/May/2018:10:22:17 -0700] "GET /self.logs/2016/access.log.2016-04-22.gz HTTP/1.1" 200 7916 "-" "Mozilla/5.0 (compatible; DotBot/1.1; http://www.opensiteexplorer.org/dotbot, help@moz.com)" 
216.244.66.245 - - [29/May/2018:10:22:18 -0700] "GET /self.logs/2016/access.log.2016-05-06.gz HTTP/1.1" 200 8358 "-" "Mozilla/5.0 (compatible; DotBot/1.1; http://www.opensiteexplorer.org/dotbot, help@moz.com)" 
216.244.66.245 - - [29/May/2018:10:22:19 -0700] "GET /self.logs/2016/access.log.2016-05-15.gz HTTP/1.1" 200 7210 "-" "Mozilla/5.0 (compatible; DotBot/1.1; http://www.opensiteexplorer.org/dotbot, help@moz.com)" 
216.244.66.245 - - [29/May/2018:10:22:20 -0700] "GET /self.logs/2016/access.log.2016-05-20.gz HTTP/1.1" 200 7950 "-" "Mozilla/5.0 (compatible; DotBot/1.1; http://www.opensiteexplorer.org/dotbot, help@moz.com)" 
216.244.66.245 - - [29/May/2018:10:22:21 -0700] "GET /self.logs/2016/access.log.2016-05-30.gz HTTP/1.1" 200 9632 "-" "Mozilla/5.0 (compatible; DotBot/1.1; http://www.opensiteexplorer.org/dotbot, help@moz.com)" 
216.244.66.245 - - [29/May/2018:10:22:22 -0700] "GET /self.logs/2016/access.log.2016-07-02.gz HTTP/1.1" 200 5548 "-" "Mozilla/5.0 (compatible; DotBot/1.1; http://www.opensiteexplorer.org/dotbot, help@moz.com)" 
216.244.66.245 - - [29/May/2018:10:22:23 -0700] "GET /self.logs/2016/error.log.2016-01-07.gz HTTP/1.1" 200 676 "-" "Mozilla/5.0 (compatible; DotBot/1.1; http://www.opensiteexplorer.org/dotbot, help@moz.com)" 
216.244.66.245 - - [29/May/2018:10:22:24 -0700] "GET /self.logs/2016/error.log.2016-01-28.gz HTTP/1.1" 200 719 "-" "Mozilla/5.0 (compatible; DotBot/1.1; http://www.opensiteexplorer.org/dotbot, help@moz.com)" 
216.244.66.245 - - [29/May/2018:10:22:25 -0700] "GET /self.logs/2016/error.log.2016-06-06.gz HTTP/1.1" 200 624 "-" "Mozilla/5.0 (compatible; DotBot/1.1; http://www.opensiteexplorer.org/dotbot, help@moz.com)" 
216.244.66.245 - - [29/May/2018:10:22:26 -0700] "GET /self.logs/2016/error.log.2016-06-16.gz HTTP/1.1" 200 1002 "-" "Mozilla/5.0 (compatible; DotBot/1.1; http://www.opensiteexplorer.org/dotbot, help@moz.com)" 
216.244.66.245 - - [29/May/2018:10:22:28 -0700] "GET /self.logs/2016/error.log.2016-08-26.gz HTTP/1.1" 200 757 "-" "Mozilla/5.0 (compatible; DotBot/1.1; http://www.opensiteexplorer.org/dotbot, help@moz.com)" 
162.210.196.97 - - [29/May/2018:10:24:30 -0700] "GET /robots.txt HTTP/1.1" 200 289 "-" "Mozilla/5.0 (compatible; MJ12bot/v1.4.8; http://mj12bot.com/)" 
162.210.196.97 - - [29/May/2018:10:24:32 -0700] "GET / HTTP/1.1" 200 38539 "-" "Mozilla/5.0 (compatible; MJ12bot/v1.4.8; http://mj12bot.com/)" 
46.101.80.192 - - [29/May/2018:10:26:46 -0700] "GET / HTTP/1.1" 301 446 "-" "Mozilla/5.0 (Windows NT 6.0) AppleWebKit/537.36 (KHTML, like Gecko) Chrome/34.0.1847.116 Safari/537.36" 
46.101.80.192 - - [29/May/2018:10:26:48 -0700] "GET / HTTP/1.1" 200 11316 "-" "Mozilla/5.0 (Windows NT 6.0) AppleWebKit/537.36 (KHTML, like Gecko) Chrome/34.0.1847.116 Safari/537.36" 
54.36.149.40 - - [29/May/2018:10:27:33 -0700] "GET /self.logs/access.log.2015-12-25.gz HTTP/1.1" 404 284 "-" "Mozilla/5.0 (compatible; AhrefsBot/5.2; +http://ahrefs.com/robot/)" 
123.125.71.43 - - [29/May/2018:10:27:56 -0700] "GET /robots.txt HTTP/1.1" 301 465 "-" "Mozilla/5.0 (compatible; Baiduspider/2.0; +http://www.baidu.com/search/spider.html)" 
123.125.71.101 - - [29/May/2018:10:27:57 -0700] "GET /robots.txt HTTP/1.1" 200 297 "-" "Mozilla/5.0 (compatible; Baiduspider/2.0; +http://www.baidu.com/search/spider.html)" 
220.181.108.142 - - [29/May/2018:10:27:59 -0700] "GET /robots.txt HTTP/1.1" 301 465 "-" "Mozilla/5.0 (compatible; Baiduspider/2.0; +http://www.baidu.com/search/spider.html)" 
220.181.108.141 - - [29/May/2018:10:27:59 -0700] "GET /robots.txt HTTP/1.1" 200 297 "-" "Mozilla/5.0 (compatible; Baiduspider/2.0; +http://www.baidu.com/search/spider.html)" 
123.125.71.96 - - [29/May/2018:10:28:00 -0700] "GET /robots.txt HTTP/1.1" 200 297 "-" "Mozilla/5.0 (compatible; Baiduspider/2.0; +http://www.baidu.com/search/spider.html)" 
123.125.71.90 - - [29/May/2018:10:28:01 -0700] "GET /robots.txt HTTP/1.1" 301 465 "-" "Mozilla/5.0 (compatible; Baiduspider/2.0; +http://www.baidu.com/search/spider.html)" 
220.181.108.155 - - [29/May/2018:10:28:02 -0700] "GET /robots.txt HTTP/1.1" 200 297 "-" "Mozilla/5.0 (compatible; Baiduspider/2.0; +http://www.baidu.com/search/spider.html)" 
123.125.71.14 - - [29/May/2018:10:28:02 -0700] "GET /robots.txt HTTP/1.1" 200 297 "-" "Mozilla/5.0 (compatible; Baiduspider/2.0; +http://www.baidu.com/search/spider.html)" 
123.125.67.163 - - [29/May/2018:10:28:04 -0700] "GET /robots.txt HTTP/1.1" 200 297 "-" "Mozilla/5.0 (Macintosh; Intel Mac OS X 10_13_1) AppleWebKit/537.36 (KHTML, like Gecko) Chrome/61.0.3163.100 Safari/537.36" 
180.76.15.149 - - [29/May/2018:10:31:26 -0700] "GET / HTTP/1.1" 200 11316 "-" "Mozilla/5.0 (compatible; Baiduspider/2.0; +http://www.baidu.com/search/spider.html)" 
177.101.193.2 - - [29/May/2018:10:37:37 -0700] "GET /wp-login.php HTTP/1.1" 418 732 "-" "Mozilla/5.0 (Windows NT 6.1; WOW64; rv:40.0) Gecko/20100101 Firefox/40.1" 
177.101.193.2 - - [29/May/2018:10:37:37 -0700] "GET / HTTP/1.1" 418 732 "-" "Mozilla/5.0 (Windows NT 6.1; WOW64; rv:40.0) Gecko/20100101 Firefox/40.1" 
207.46.13.14 - - [29/May/2018:10:39:20 -0700] "GET /self.logs/error.log.2017-10-06.gz HTTP/1.1" 301 544 "-" "Mozilla/5.0 (compatible; bingbot/2.0; +http://www.bing.com/bingbot.htm)" 
113.171.224.176 - - [29/May/2018:10:40:15 -0700] "GET /honeypot/Honeypot%20-%20Howto.pdf HTTP/1.1" 200 46720 "-" "Mozilla/5.0 Gecko/20100115 Firefox/3.6" 
216.244.66.245 - - [29/May/2018:10:40:30 -0700] "GET /robots.txt HTTP/1.1" 200 233 "-" "Mozilla/5.0 (compatible; DotBot/1.1; http://www.opensiteexplorer.org/dotbot, help@moz.com)" 
54.36.148.10 - - [29/May/2018:10:41:40 -0700] "GET /self.logs/2015/error.log.2015-04-23.gz HTTP/1.1" 200 775 "-" "Mozilla/5.0 (compatible; AhrefsBot/5.2; +http://ahrefs.com/robot/)" 
207.46.13.14 - - [29/May/2018:10:42:26 -0700] "GET /self.logs/access.log.2017-07-11.gz HTTP/1.1" 200 14116 "-" "Mozilla/5.0 (compatible; bingbot/2.0; +http://www.bing.com/bingbot.htm)" 
54.36.148.111 - - [29/May/2018:10:43:46 -0700] "GET /self.logs/2015/error.log.2015-04-30.gz HTTP/1.1" 200 1192 "-" "Mozilla/5.0 (compatible; AhrefsBot/5.2; +http://ahrefs.com/robot/)" 
54.36.148.73 - - [29/May/2018:10:44:45 -0700] "GET /self.logs/2015/access.log.2015-06-19.gz HTTP/1.1" 200 4209 "-" "Mozilla/5.0 (compatible; AhrefsBot/5.2; +http://ahrefs.com/robot/)" 
216.244.66.245 - - [29/May/2018:10:45:34 -0700] "GET /self.logs/2015/access.log.2015-08-26.gz HTTP/1.1" 200 4624 "-" "Mozilla/5.0 (compatible; DotBot/1.1; http://www.opensiteexplorer.org/dotbot, help@moz.com)" 
216.244.66.245 - - [29/May/2018:10:45:36 -0700] "GET /self.logs/2015/access.log.2015-08-27.gz HTTP/1.1" 200 5990 "-" "Mozilla/5.0 (compatible; DotBot/1.1; http://www.opensiteexplorer.org/dotbot, help@moz.com)" 
216.244.66.245 - - [29/May/2018:10:45:37 -0700] "GET /self.logs/2015/access.log.2015-10-29.gz HTTP/1.1" 200 5223 "-" "Mozilla/5.0 (compatible; DotBot/1.1; http://www.opensiteexplorer.org/dotbot, help@moz.com)" 
216.244.66.245 - - [29/May/2018:10:45:38 -0700] "GET /self.logs/2015/access.log.2015-12-14.gz HTTP/1.1" 200 6485 "-" "Mozilla/5.0 (compatible; DotBot/1.1; http://www.opensiteexplorer.org/dotbot, help@moz.com)" 
216.244.66.245 - - [29/May/2018:10:45:39 -0700] "GET /self.logs/2015/error.log.2015-04-21.gz HTTP/1.1" 200 2100 "-" "Mozilla/5.0 (compatible; DotBot/1.1; http://www.opensiteexplorer.org/dotbot, help@moz.com)" 
216.244.66.245 - - [29/May/2018:10:45:40 -0700] "GET /self.logs/2015/error.log.2015-06-24.gz HTTP/1.1" 200 773 "-" "Mozilla/5.0 (compatible; DotBot/1.1; http://www.opensiteexplorer.org/dotbot, help@moz.com)" 
216.244.66.245 - - [29/May/2018:10:45:41 -0700] "GET /self.logs/2015/error.log.2015-07-31.gz HTTP/1.1" 200 759 "-" "Mozilla/5.0 (compatible; DotBot/1.1; http://www.opensiteexplorer.org/dotbot, help@moz.com)" 
216.244.66.245 - - [29/May/2018:10:45:42 -0700] "GET /self.logs/2015/error.log.2015-10-10.gz HTTP/1.1" 200 744 "-" "Mozilla/5.0 (compatible; DotBot/1.1; http://www.opensiteexplorer.org/dotbot, help@moz.com)" 
216.244.66.245 - - [29/May/2018:10:45:43 -0700] "GET /self.logs/2016/access.log.2016-02-06.gz HTTP/1.1" 200 5661 "-" "Mozilla/5.0 (compatible; DotBot/1.1; http://www.opensiteexplorer.org/dotbot, help@moz.com)" 
216.244.66.245 - - [29/May/2018:10:45:44 -0700] "GET /self.logs/2016/access.log.2016-03-23.gz HTTP/1.1" 200 9699 "-" "Mozilla/5.0 (compatible; DotBot/1.1; http://www.opensiteexplorer.org/dotbot, help@moz.com)" 
216.244.66.245 - - [29/May/2018:10:45:45 -0700] "GET /self.logs/2016/access.log.2016-06-11.gz HTTP/1.1" 200 7616 "-" "Mozilla/5.0 (compatible; DotBot/1.1; http://www.opensiteexplorer.org/dotbot, help@moz.com)" 
216.244.66.245 - - [29/May/2018:10:45:46 -0700] "GET /self.logs/2016/access.log.2016-08-28.gz HTTP/1.1" 200 7199 "-" "Mozilla/5.0 (compatible; DotBot/1.1; http://www.opensiteexplorer.org/dotbot, help@moz.com)" 
216.244.66.245 - - [29/May/2018:10:45:47 -0700] "GET /self.logs/2016/access.log.2016-10-29.gz HTTP/1.1" 200 6940 "-" "Mozilla/5.0 (compatible; DotBot/1.1; http://www.opensiteexplorer.org/dotbot, help@moz.com)" 
216.244.66.245 - - [29/May/2018:10:45:48 -0700] "GET /self.logs/2016/error.log.2016-01-04.gz HTTP/1.1" 200 585 "-" "Mozilla/5.0 (compatible; DotBot/1.1; http://www.opensiteexplorer.org/dotbot, help@moz.com)" 
216.244.66.245 - - [29/May/2018:10:45:50 -0700] "GET /self.logs/2016/error.log.2016-02-23.gz HTTP/1.1" 200 735 "-" "Mozilla/5.0 (compatible; DotBot/1.1; http://www.opensiteexplorer.org/dotbot, help@moz.com)" 
216.244.66.245 - - [29/May/2018:10:45:51 -0700] "GET /self.logs/2016/error.log.2016-04-01.gz HTTP/1.1" 200 660 "-" "Mozilla/5.0 (compatible; DotBot/1.1; http://www.opensiteexplorer.org/dotbot, help@moz.com)" 
216.244.66.245 - - [29/May/2018:10:45:52 -0700] "GET /self.logs/2016/error.log.2016-08-31.gz HTTP/1.1" 200 730 "-" "Mozilla/5.0 (compatible; DotBot/1.1; http://www.opensiteexplorer.org/dotbot, help@moz.com)" 
216.244.66.245 - - [29/May/2018:10:45:53 -0700] "GET /self.logs/2016/error.log.2016-09-05.gz HTTP/1.1" 200 678 "-" "Mozilla/5.0 (compatible; DotBot/1.1; http://www.opensiteexplorer.org/dotbot, help@moz.com)" 
12.196.122.120 - - [29/May/2018:10:45:54 -0700] "GET / HTTP/1.1" 200 11353 "-" "Mozilla/5.0 (Macintosh; Intel Mac OS X 10_12_6) AppleWebKit/605.1.15 (KHTML, like Gecko)" 
216.244.66.245 - - [29/May/2018:10:45:54 -0700] "GET /self.logs/2016/error.log.2016-09-13.gz HTTP/1.1" 200 901 "-" "Mozilla/5.0 (compatible; DotBot/1.1; http://www.opensiteexplorer.org/dotbot, help@moz.com)" 
12.196.122.120 - - [29/May/2018:10:45:54 -0700] "GET /apple-touch-icon-precomposed.png HTTP/1.1" 404 340 "-" "Safari/12605.1.33.1.4 CFNetwork/811.9 Darwin/16.7.0 (x86_64)" 
12.196.122.120 - - [29/May/2018:10:45:54 -0700] "GET /apple-touch-icon.png HTTP/1.1" 404 339 "-" "Safari/12605.1.33.1.4 CFNetwork/811.9 Darwin/16.7.0 (x86_64)" 
12.196.122.120 - - [29/May/2018:10:45:54 -0700] "GET /bootstrap/img/favicon.ico HTTP/1.1" 200 589 "-" "Safari/12605.1.33.1.4 CFNetwork/811.9 Darwin/16.7.0 (x86_64)" 
12.196.122.120 - - [29/May/2018:10:45:54 -0700] "GET / HTTP/1.1" 200 11352 "-" "\"Mozilla/5.0 (iPhone; CPU iPhone OS 11_0 like Mac OS X) AppleWebKit/604.1.38 (KHTML, like Gecko) Version/11.0 Mobile/15A372 Safari/604.1\"" 
12.196.122.120 - - [29/May/2018:10:45:54 -0700] "GET /apple-touch-icon-precomposed.png HTTP/1.1" 404 339 "-" "Safari/12605.1.33.1.4 CFNetwork/811.9 Darwin/16.7.0 (x86_64)" 
12.196.122.120 - - [29/May/2018:10:45:54 -0700] "GET /apple-touch-icon.png HTTP/1.1" 404 339 "-" "Safari/12605.1.33.1.4 CFNetwork/811.9 Darwin/16.7.0 (x86_64)" 
12.196.122.120 - - [29/May/2018:10:45:54 -0700] "GET /bootstrap/img/favicon.ico HTTP/1.1" 200 589 "-" "Safari/12605.1.33.1.4 CFNetwork/811.9 Darwin/16.7.0 (x86_64)" 
54.36.148.102 - - [29/May/2018:10:48:47 -0700] "GET /self.logs/access.log.2017-12-03.gz HTTP/1.1" 200 19242 "-" "Mozilla/5.0 (compatible; AhrefsBot/5.2; +http://ahrefs.com/robot/)" 
216.244.66.245 - - [29/May/2018:10:51:28 -0700] "GET /self.logs/error.log.2018-04-30.gz HTTP/1.1" 200 3251 "-" "Mozilla/5.0 (compatible; DotBot/1.1; http://www.opensiteexplorer.org/dotbot, help@moz.com)" 
209.155.18.230 - - [29/May/2018:10:55:37 -0700] "GET /bootstrap/img/favicon.ico HTTP/1.1" 200 590 "-" "Mozilla/5.0 (Windows NT 10.0; Win64; x64; rv:60.0) Gecko/20100101 Firefox/60.0" 
54.36.148.145 - - [29/May/2018:10:56:15 -0700] "GET /self.logs/error.log.2018-01-13.gz HTTP/1.1" 200 1631 "-" "Mozilla/5.0 (compatible; AhrefsBot/5.2; +http://ahrefs.com/robot/)" 
155.64.23.9 - - [29/May/2018:10:58:50 -0700] "GET / HTTP/1.1" 200 11353 "-" "Mozilla/5.0 (Macintosh; Intel Mac OS X 10_12_6) AppleWebKit/537.36 (KHTML, like Gecko) Chrome/65.0.3325.181 Safari/537.36" 
155.64.23.9 - - [29/May/2018:10:58:51 -0700] "GET /twitter-icon.png HTTP/1.1" 200 27787 "http://www.secrepo.com/" "Mozilla/5.0 (Macintosh; Intel Mac OS X 10_12_6) AppleWebKit/537.36 (KHTML, like Gecko) Chrome/65.0.3325.181 Safari/537.36" 
155.64.23.9 - - [29/May/2018:10:58:51 -0700] "GET /GitHub-Mark.png HTTP/1.1" 200 7428 "http://www.secrepo.com/" "Mozilla/5.0 (Macintosh; Intel Mac OS X 10_12_6) AppleWebKit/537.36 (KHTML, like Gecko) Chrome/65.0.3325.181 Safari/537.36" 
155.64.23.9 - - [29/May/2018:10:58:51 -0700] "GET /bootstrap/img/favicon.ico HTTP/1.1" 200 590 "http://www.secrepo.com/" "Mozilla/5.0 (Macintosh; Intel Mac OS X 10_12_6) AppleWebKit/537.36 (KHTML, like Gecko) Chrome/65.0.3325.181 Safari/537.36" 
54.37.253.204 - - [29/May/2018:11:00:23 -0700] "GET /honeypot/BSidesDFW%20-%202014.ipynb HTTP/1.0" 200 67160 "http://www.secrepo.com/honeypot/BSidesDFW%20-%202014.ipynb" "Mozilla/5.0 (Windows NT 6.3; Win64; x64) AppleWebKit/537.36 (KHTML, like Gecko) Chrome/63.0.3239.84 Safari/537.36" 
157.55.39.122 - - [29/May/2018:11:01:54 -0700] "GET /self.logs/access.log.2017-07-10.gz HTTP/1.1" 200 16910 "-" "Mozilla/5.0 (compatible; bingbot/2.0; +http://www.bing.com/bingbot.htm)" 
216.244.66.245 - - [29/May/2018:11:04:26 -0700] "GET /robots.txt HTTP/1.1" 200 233 "-" "Mozilla/5.0 (compatible; DotBot/1.1; http://www.opensiteexplorer.org/dotbot, help@moz.com)" 
157.55.39.103 - - [29/May/2018:11:06:59 -0700] "GET /maccdc2012/http.log.gz HTTP/1.1" 200 11125306 "-" "Mozilla/5.0 (compatible; bingbot/2.0; +http://www.bing.com/bingbot.htm)" 
52.173.241.248 - - [29/May/2018:11:10:13 -0700] "GET / HTTP/1.1" 301 427 "-" "Mozilla/5.0 (Windows NT 10.0; Win64; x64) AppleWebKit/537.36 (KHTML, like Gecko) Chrome/65.0.3325.181 Safari/537.36" 
216.244.66.245 - - [29/May/2018:11:12:45 -0700] "GET /self.logs/2015/access.log.2015-06-14.gz HTTP/1.1" 200 4278 "-" "Mozilla/5.0 (compatible; DotBot/1.1; http://www.opensiteexplorer.org/dotbot, help@moz.com)" 
216.244.66.245 - - [29/May/2018:11:12:46 -0700] "GET /self.logs/2015/access.log.2015-08-21.gz HTTP/1.1" 200 4232 "-" "Mozilla/5.0 (compatible; DotBot/1.1; http://www.opensiteexplorer.org/dotbot, help@moz.com)" 
216.244.66.245 - - [29/May/2018:11:12:47 -0700] "GET /self.logs/2015/access.log.2015-09-21.gz HTTP/1.1" 200 5411 "-" "Mozilla/5.0 (compatible; DotBot/1.1; http://www.opensiteexplorer.org/dotbot, help@moz.com)" 
216.244.66.245 - - [29/May/2018:11:12:48 -0700] "GET /self.logs/2015/access.log.2015-10-24.gz HTTP/1.1" 200 4745 "-" "Mozilla/5.0 (compatible; DotBot/1.1; http://www.opensiteexplorer.org/dotbot, help@moz.com)" 
216.244.66.245 - - [29/May/2018:11:12:50 -0700] "GET /self.logs/2015/error.log.2015-04-08.gz HTTP/1.1" 200 491 "-" "Mozilla/5.0 (compatible; DotBot/1.1; http://www.opensiteexplorer.org/dotbot, help@moz.com)" 
216.244.66.245 - - [29/May/2018:11:12:51 -0700] "GET /self.logs/2015/error.log.2015-11-06.gz HTTP/1.1" 200 606 "-" "Mozilla/5.0 (compatible; DotBot/1.1; http://www.opensiteexplorer.org/dotbot, help@moz.com)" 
216.244.66.245 - - [29/May/2018:11:12:52 -0700] "GET /self.logs/2016/access.log.2016-02-07.gz HTTP/1.1" 200 9015 "-" "Mozilla/5.0 (compatible; DotBot/1.1; http://www.opensiteexplorer.org/dotbot, help@moz.com)" 
216.244.66.245 - - [29/May/2018:11:12:53 -0700] "GET /self.logs/2016/access.log.2016-02-21.gz HTTP/1.1" 200 7881 "-" "Mozilla/5.0 (compatible; DotBot/1.1; http://www.opensiteexplorer.org/dotbot, help@moz.com)" 
216.244.66.245 - - [29/May/2018:11:12:54 -0700] "GET /self.logs/2016/access.log.2016-05-24.gz HTTP/1.1" 200 11331 "-" "Mozilla/5.0 (compatible; DotBot/1.1; http://www.opensiteexplorer.org/dotbot, help@moz.com)" 
216.244.66.245 - - [29/May/2018:11:12:55 -0700] "GET /self.logs/2016/access.log.2016-10-04.gz HTTP/1.1" 200 9501 "-" "Mozilla/5.0 (compatible; DotBot/1.1; http://www.opensiteexplorer.org/dotbot, help@moz.com)" 
216.244.66.245 - - [29/May/2018:11:12:57 -0700] "GET /self.logs/2016/error.log.2016-04-16.gz HTTP/1.1" 200 858 "-" "Mozilla/5.0 (compatible; DotBot/1.1; http://www.opensiteexplorer.org/dotbot, help@moz.com)" 
216.244.66.245 - - [29/May/2018:11:12:58 -0700] "GET /self.logs/2016/error.log.2016-06-27.gz HTTP/1.1" 200 992 "-" "Mozilla/5.0 (compatible; DotBot/1.1; http://www.opensiteexplorer.org/dotbot, help@moz.com)" 
216.244.66.245 - - [29/May/2018:11:12:59 -0700] "GET /self.logs/2016/error.log.2016-09-09.gz HTTP/1.1" 200 672 "-" "Mozilla/5.0 (compatible; DotBot/1.1; http://www.opensiteexplorer.org/dotbot, help@moz.com)" 
216.244.66.245 - - [29/May/2018:11:13:00 -0700] "GET /self.logs/2016/error.log.2016-12-13.gz HTTP/1.1" 200 560 "-" "Mozilla/5.0 (compatible; DotBot/1.1; http://www.opensiteexplorer.org/dotbot, help@moz.com)" 
2.222.244.201 - - [29/May/2018:11:14:42 -0700] "GET / HTTP/1.1" 200 11353 "https://www.google.com/" "Mozilla/5.0 (Windows NT 6.1; Win64; x64; rv:60.0) Gecko/20100101 Firefox/60.0" 
2.222.244.201 - - [29/May/2018:11:14:44 -0700] "GET /twitter-icon.png HTTP/1.1" 200 27787 "http://www.secrepo.com/" "Mozilla/5.0 (Windows NT 6.1; Win64; x64; rv:60.0) Gecko/20100101 Firefox/60.0" 
2.222.244.201 - - [29/May/2018:11:14:44 -0700] "GET /GitHub-Mark.png HTTP/1.1" 200 7428 "http://www.secrepo.com/" "Mozilla/5.0 (Windows NT 6.1; Win64; x64; rv:60.0) Gecko/20100101 Firefox/60.0" 
2.222.244.201 - - [29/May/2018:11:14:45 -0700] "GET /bootstrap/img/favicon.ico HTTP/1.1" 200 589 "-" "Mozilla/5.0 (Windows NT 6.1; Win64; x64; rv:60.0) Gecko/20100101 Firefox/60.0" 
223.190.41.173 - - [29/May/2018:11:16:11 -0700] "GET / HTTP/1.1" 200 11353 "-" "Mozilla/5.0 (Windows NT 6.1; Win64; x64; rv:52.0) Gecko/20100101 Firefox/52.0" 
223.190.41.173 - - [29/May/2018:11:16:12 -0700] "GET /twitter-icon.png HTTP/1.1" 200 27787 "http://www.secrepo.com/" "Mozilla/5.0 (Windows NT 6.1; Win64; x64; rv:52.0) Gecko/20100101 Firefox/52.0" 
223.190.41.173 - - [29/May/2018:11:16:12 -0700] "GET /GitHub-Mark.png HTTP/1.1" 200 7428 "http://www.secrepo.com/" "Mozilla/5.0 (Windows NT 6.1; Win64; x64; rv:52.0) Gecko/20100101 Firefox/52.0" 
223.190.41.173 - - [29/May/2018:11:16:20 -0700] "GET /bootstrap/img/favicon.ico HTTP/1.1" 200 590 "-" "Mozilla/5.0 (Windows NT 6.1; Win64; x64; rv:52.0) Gecko/20100101 Firefox/52.0" 
216.244.66.245 - - [29/May/2018:11:21:41 -0700] "GET /self.logs/access.log.2018-04-23.gz HTTP/1.1" 200 28363 "-" "Mozilla/5.0 (compatible; DotBot/1.1; http://www.opensiteexplorer.org/dotbot, help@moz.com)" 
216.244.66.245 - - [29/May/2018:11:21:42 -0700] "GET /self.logs/access.log.2018-05-16.gz HTTP/1.1" 200 60477 "-" "Mozilla/5.0 (compatible; DotBot/1.1; http://www.opensiteexplorer.org/dotbot, help@moz.com)" 
216.244.66.245 - - [29/May/2018:11:21:44 -0700] "GET /self.logs/error.log.2018-04-06.gz HTTP/1.1" 200 4831 "-" "Mozilla/5.0 (compatible; DotBot/1.1; http://www.opensiteexplorer.org/dotbot, help@moz.com)" 
149.173.8.5 - - [29/May/2018:11:26:13 -0700] "GET / HTTP/1.1" 200 11353 "-" "Mozilla/5.0 (Windows NT 10.0; Win64; x64) AppleWebKit/537.36 (KHTML, like Gecko) Chrome/66.0.3359.181 Safari/537.36" 
149.173.8.5 - - [29/May/2018:11:26:14 -0700] "GET /twitter-icon.png HTTP/1.1" 200 27787 "http://www.secrepo.com/" "Mozilla/5.0 (Windows NT 10.0; Win64; x64) AppleWebKit/537.36 (KHTML, like Gecko) Chrome/66.0.3359.181 Safari/537.36" 
149.173.8.5 - - [29/May/2018:11:26:14 -0700] "GET /GitHub-Mark.png HTTP/1.1" 200 7428 "http://www.secrepo.com/" "Mozilla/5.0 (Windows NT 10.0; Win64; x64) AppleWebKit/537.36 (KHTML, like Gecko) Chrome/66.0.3359.181 Safari/537.36" 
149.173.8.5 - - [29/May/2018:11:26:14 -0700] "GET /bootstrap/img/favicon.ico HTTP/1.1" 200 589 "http://www.secrepo.com/" "Mozilla/5.0 (Windows NT 10.0; Win64; x64) AppleWebKit/537.36 (KHTML, like Gecko) Chrome/66.0.3359.181 Safari/537.36" 
198.50.214.179 - - [29/May/2018:11:27:39 -0700] "GET / HTTP/1.1" 206 11365 "-" "Mozilla/5.0 (Windows NT 6.1; WOW64) AppleWebKit/537.11 (KHTML, like Gecko) Chrome/23.0.1271.10 Safari/537.11" 
198.50.214.179 - - [29/May/2018:11:27:39 -0700] "GET /bootstrap/img/favicon.ico HTTP/1.1" 206 598 "-" "Mozilla/5.0 (Windows NT 6.1; WOW64) AppleWebKit/537.11 (KHTML, like Gecko) Chrome/23.0.1271.10 Safari/537.11" 
198.50.214.179 - - [29/May/2018:11:27:39 -0700] "GET /bootstrap/img/favicon.ico HTTP/1.1" 206 598 "-" "Mozilla/5.0 (Windows NT 6.1; WOW64) AppleWebKit/537.11 (KHTML, like Gecko) Chrome/23.0.1271.10 Safari/537.11" 
198.50.214.179 - - [29/May/2018:11:27:39 -0700] "GET /favicon.ico HTTP/1.1" 200 231 "-" "Mozilla/5.0 (Windows NT 6.1; WOW64) AppleWebKit/537.11 (KHTML, like Gecko) Chrome/23.0.1271.10 Safari/537.11" 
2.222.244.201 - - [29/May/2018:11:28:44 -0700] "GET / HTTP/1.1" 301 483 "-" "Mozilla/5.0 (Windows NT 6.1; Win64; x64; rv:60.0) Gecko/20100101 Firefox/60.0" 
2.222.244.201 - - [29/May/2018:11:28:44 -0700] "GET /twitter-icon.png HTTP/1.1" 200 27788 "http://www.secrepo.com/" "Mozilla/5.0 (Windows NT 6.1; Win64; x64; rv:60.0) Gecko/20100101 Firefox/60.0" 
216.244.66.245 - - [29/May/2018:11:29:28 -0700] "GET /robots.txt HTTP/1.1" 200 233 "-" "Mozilla/5.0 (compatible; DotBot/1.1; http://www.opensiteexplorer.org/dotbot, help@moz.com)" 
2.222.244.201 - - [29/May/2018:11:32:15 -0700] "GET / HTTP/1.1" 200 11353 "-" "Mozilla/5.0 (Windows NT 6.1; Win64; x64; rv:60.0) Gecko/20100101 Firefox/60.0" 
2.222.244.201 - - [29/May/2018:11:32:15 -0700] "GET /twitter-icon.png HTTP/1.1" 200 27787 "http://www.secrepo.com/" "Mozilla/5.0 (Windows NT 6.1; Win64; x64; rv:60.0) Gecko/20100101 Firefox/60.0" 
2.222.244.201 - - [29/May/2018:11:32:15 -0700] "GET /GitHub-Mark.png HTTP/1.1" 200 7428 "http://www.secrepo.com/" "Mozilla/5.0 (Windows NT 6.1; Win64; x64; rv:60.0) Gecko/20100101 Firefox/60.0" 
2.222.244.201 - - [29/May/2018:11:34:01 -0700] "GET /bootstrap/img/favicon.ico HTTP/1.1" 200 590 "-" "Mozilla/5.0 (Windows NT 6.1; Win64; x64; rv:60.0) Gecko/20100101 Firefox/60.0" 
216.244.66.245 - - [29/May/2018:11:37:54 -0700] "GET /self.logs/2015/access.log.2015-01-25.gz HTTP/1.1" 200 2953 "-" "Mozilla/5.0 (compatible; DotBot/1.1; http://www.opensiteexplorer.org/dotbot, help@moz.com)" 
216.244.66.245 - - [29/May/2018:11:37:56 -0700] "GET /self.logs/2015/access.log.2015-02-07.gz HTTP/1.1" 200 2712 "-" "Mozilla/5.0 (compatible; DotBot/1.1; http://www.opensiteexplorer.org/dotbot, help@moz.com)" 
216.244.66.245 - - [29/May/2018:11:37:57 -0700] "GET /self.logs/2015/access.log.2015-04-15.gz HTTP/1.1" 200 20595 "-" "Mozilla/5.0 (compatible; DotBot/1.1; http://www.opensiteexplorer.org/dotbot, help@moz.com)" 
216.244.66.245 - - [29/May/2018:11:37:58 -0700] "GET /self.logs/2015/access.log.2015-07-27.gz HTTP/1.1" 200 5584 "-" "Mozilla/5.0 (compatible; DotBot/1.1; http://www.opensiteexplorer.org/dotbot, help@moz.com)" 
216.244.66.245 - - [29/May/2018:11:38:00 -0700] "GET /self.logs/2016/access.log.2016-01-31.gz HTTP/1.1" 200 5698 "-" "Mozilla/5.0 (compatible; DotBot/1.1; http://www.opensiteexplorer.org/dotbot, help@moz.com)" 
216.244.66.245 - - [29/May/2018:11:38:01 -0700] "GET /self.logs/2016/access.log.2016-03-05.gz HTTP/1.1" 200 6646 "-" "Mozilla/5.0 (compatible; DotBot/1.1; http://www.opensiteexplorer.org/dotbot, help@moz.com)" 
216.244.66.245 - - [29/May/2018:11:38:02 -0700] "GET /self.logs/2016/access.log.2016-04-10.gz HTTP/1.1" 200 8295 "-" "Mozilla/5.0 (compatible; DotBot/1.1; http://www.opensiteexplorer.org/dotbot, help@moz.com)" 
216.244.66.245 - - [29/May/2018:11:38:03 -0700] "GET /self.logs/2016/error.log.2016-01-17.gz HTTP/1.1" 200 627 "-" "Mozilla/5.0 (compatible; DotBot/1.1; http://www.opensiteexplorer.org/dotbot, help@moz.com)" 
216.244.66.245 - - [29/May/2018:11:38:05 -0700] "GET /self.logs/2016/error.log.2016-07-17.gz HTTP/1.1" 200 808 "-" "Mozilla/5.0 (compatible; DotBot/1.1; http://www.opensiteexplorer.org/dotbot, help@moz.com)" 
216.244.66.245 - - [29/May/2018:11:38:06 -0700] "GET /self.logs/2016/error.log.2016-07-24.gz HTTP/1.1" 200 717 "-" "Mozilla/5.0 (compatible; DotBot/1.1; http://www.opensiteexplorer.org/dotbot, help@moz.com)" 
216.244.66.245 - - [29/May/2018:11:38:07 -0700] "GET /self.logs/2016/error.log.2016-11-23.gz HTTP/1.1" 200 625 "-" "Mozilla/5.0 (compatible; DotBot/1.1; http://www.opensiteexplorer.org/dotbot, help@moz.com)" 
113.171.224.176 - - [29/May/2018:11:40:27 -0700] "GET /honeypot/Honeypot%20-%20Howto.pdf HTTP/1.1" 200 46720 "-" "Mozilla/5.0 Gecko/20100115 Firefox/3.6" 
206.87.99.53 - - [29/May/2018:11:40:51 -0700] "GET / HTTP/1.1" 200 11353 "-" "Mozilla/5.0 (X11; CrOS x86_64 10452.96.0) AppleWebKit/537.36 (KHTML, like Gecko) Chrome/66.0.3359.181 Safari/537.36" 
206.87.99.53 - - [29/May/2018:11:40:51 -0700] "GET /twitter-icon.png HTTP/1.1" 200 27787 "http://www.secrepo.com/" "Mozilla/5.0 (X11; CrOS x86_64 10452.96.0) AppleWebKit/537.36 (KHTML, like Gecko) Chrome/66.0.3359.181 Safari/537.36" 
206.87.99.53 - - [29/May/2018:11:40:51 -0700] "GET /GitHub-Mark.png HTTP/1.1" 200 7428 "http://www.secrepo.com/" "Mozilla/5.0 (X11; CrOS x86_64 10452.96.0) AppleWebKit/537.36 (KHTML, like Gecko) Chrome/66.0.3359.181 Safari/537.36" 
206.87.99.53 - - [29/May/2018:11:40:52 -0700] "GET /bootstrap/img/favicon.ico HTTP/1.1" 200 589 "http://www.secrepo.com/" "Mozilla/5.0 (X11; CrOS x86_64 10452.96.0) AppleWebKit/537.36 (KHTML, like Gecko) Chrome/66.0.3359.181 Safari/537.36" 
134.223.116.151 - - [29/May/2018:11:41:40 -0700] "GET /Security-Data-Analysis/Lab_1/conn.log.zip HTTP/1.1" 200 4324848 "http://www.secrepo.com/" "Mozilla/5.0 (Windows NT 10.0; WOW64; rv:52.0) Gecko/20100101 Firefox/52.0" 
54.36.148.241 - - [29/May/2018:11:43:14 -0700] "GET /self.logs/access.log.2015-08-12.gz HTTP/1.1" 404 284 "-" "Mozilla/5.0 (compatible; AhrefsBot/5.2; +http://ahrefs.com/robot/)" 
66.249.66.84 - - [29/May/2018:11:44:47 -0700] "GET /bootstrap/img/favicon.ico HTTP/1.1" 304 165 "-" "Googlebot-Image/1.0" 
216.244.66.245 - - [29/May/2018:11:46:34 -0700] "GET /self.logs/access.log.2018-04-10.gz HTTP/1.1" 200 34098 "-" "Mozilla/5.0 (compatible; DotBot/1.1; http://www.opensiteexplorer.org/dotbot, help@moz.com)" 
216.244.66.245 - - [29/May/2018:11:46:36 -0700] "GET /self.logs/access.log.2018-04-18.gz HTTP/1.1" 200 20215 "-" "Mozilla/5.0 (compatible; DotBot/1.1; http://www.opensiteexplorer.org/dotbot, help@moz.com)" 
92.93.240.231 - - [29/May/2018:11:48:22 -0700] "GET / HTTP/1.1" 200 11353 "-" "Mozilla/5.0 (Linux; Android 8.1.0; ONEPLUS A5010 Build/OPM1.171019.011) AppleWebKit/537.36 (KHTML, like Gecko) Chrome/66.0.3359.158 Mobile Safari/537.36" 
92.93.240.231 - - [29/May/2018:11:48:23 -0700] "GET /twitter-icon.png HTTP/1.1" 200 27787 "http://www.secrepo.com/" "Mozilla/5.0 (Linux; Android 8.1.0; Build/OPM1.171019.011) AppleWebKit/537.36 (KHTML, like Gecko) Chrome/66.0.3359.158 Mobile Safari/537.36" 
92.93.240.231 - - [29/May/2018:11:48:23 -0700] "GET /GitHub-Mark.png HTTP/1.1" 200 7428 "http://www.secrepo.com/" "Mozilla/5.0 (Linux; Android 8.1.0; Build/OPM1.171019.011) AppleWebKit/537.36 (KHTML, like Gecko) Chrome/66.0.3359.158 Mobile Safari/537.36" 
92.93.240.231 - - [29/May/2018:11:48:23 -0700] "GET /bootstrap/img/favicon.ico HTTP/1.1" 200 589 "http://www.secrepo.com/" "Mozilla/5.0 (Linux; Android 8.1.0; Build/OPM1.171019.011) AppleWebKit/537.36 (KHTML, like Gecko) Chrome/66.0.3359.158 Mobile Safari/537.36" 
91.93.111.31 - - [29/May/2018:11:49:12 -0700] "GET / HTTP/1.1" 200 11353 "https://www.google.com.tr/" "Mozilla/5.0 (Macintosh; Intel Mac OS X 10_13_4) AppleWebKit/537.36 (KHTML, like Gecko) Chrome/66.0.3359.181 Safari/537.36" 
91.93.111.31 - - [29/May/2018:11:49:14 -0700] "GET /twitter-icon.png HTTP/1.1" 200 27787 "http://www.secrepo.com/" "Mozilla/5.0 (Macintosh; Intel Mac OS X 10_13_4) AppleWebKit/537.36 (KHTML, like Gecko) Chrome/66.0.3359.181 Safari/537.36" 
91.93.111.31 - - [29/May/2018:11:49:14 -0700] "GET /GitHub-Mark.png HTTP/1.1" 200 7428 "http://www.secrepo.com/" "Mozilla/5.0 (Macintosh; Intel Mac OS X 10_13_4) AppleWebKit/537.36 (KHTML, like Gecko) Chrome/66.0.3359.181 Safari/537.36" 
91.93.111.31 - - [29/May/2018:11:50:32 -0700] "GET /tg/c.zip HTTP/1.1" 200 1637920 "-" "Mozilla/5.0 (Macintosh; Intel Mac OS X 10_13_4) AppleWebKit/537.36 (KHTML, like Gecko) Chrome/66.0.3359.181 Safari/537.36" 
91.93.111.31 - - [29/May/2018:11:50:31 -0700] "GET /tg/b.zip HTTP/1.1" 200 2936960 "-" "Mozilla/5.0 (Macintosh; Intel Mac OS X 10_13_4) AppleWebKit/537.36 (KHTML, like Gecko) Chrome/66.0.3359.181 Safari/537.36" 
157.55.39.122 - - [29/May/2018:11:53:00 -0700] "GET / HTTP/1.1" 301 483 "-" "Mozilla/5.0 (compatible; bingbot/2.0; +http://www.bing.com/bingbot.htm)" 
91.93.111.31 - - [29/May/2018:11:53:43 -0700] "GET /bootstrap/img/favicon.ico HTTP/1.1" 200 590 "http://www.secrepo.com/" "Mozilla/5.0 (Macintosh; Intel Mac OS X 10_13_4) AppleWebKit/537.36 (KHTML, like Gecko) Chrome/66.0.3359.181 Safari/537.36" 
216.244.66.245 - - [29/May/2018:11:54:19 -0700] "GET /robots.txt HTTP/1.1" 200 233 "-" "Mozilla/5.0 (compatible; DotBot/1.1; http://www.opensiteexplorer.org/dotbot, help@moz.com)" 
91.93.111.31 - - [29/May/2018:11:53:46 -0700] "GET /tg/a.zip HTTP/1.1" 200 66189337 "-" "Mozilla/5.0 (Macintosh; Intel Mac OS X 10_13_4) AppleWebKit/537.36 (KHTML, like Gecko) Chrome/66.0.3359.181 Safari/537.36" 
91.93.111.31 - - [29/May/2018:11:50:28 -0700] "GET /tg/a.zip HTTP/1.1" 200 12123432 "-" "Mozilla/5.0 (Macintosh; Intel Mac OS X 10_13_4) AppleWebKit/537.36 (KHTML, like Gecko) Chrome/66.0.3359.181 Safari/537.36" 
157.55.39.122 - - [29/May/2018:11:55:56 -0700] "GET / HTTP/1.1" 200 11353 "-" "Mozilla/5.0 (compatible; bingbot/2.0; +http://www.bing.com/bingbot.htm)" 
91.93.111.31 - - [29/May/2018:12:01:17 -0700] "GET /maccdc2012/http.log.gz HTTP/1.1" 200 54258816 "-" "Mozilla/5.0 (Macintosh; Intel Mac OS X 10_13_4) AppleWebKit/537.36 (KHTML, like Gecko) Chrome/66.0.3359.181 Safari/537.36" 
216.244.66.245 - - [29/May/2018:12:02:04 -0700] "GET /self.logs/access.log.2018-02-16.gz HTTP/1.1" 200 41268 "-" "Mozilla/5.0 (compatible; DotBot/1.1; http://www.opensiteexplorer.org/dotbot, help@moz.com)" 
216.244.66.245 - - [29/May/2018:12:02:32 -0700] "GET /self.logs/2015/access.log.2015-04-21.gz HTTP/1.1" 200 6605 "-" "Mozilla/5.0 (compatible; DotBot/1.1; http://www.opensiteexplorer.org/dotbot, help@moz.com)" 
216.244.66.245 - - [29/May/2018:12:02:33 -0700] "GET /self.logs/2015/access.log.2015-08-01.gz HTTP/1.1" 200 3601 "-" "Mozilla/5.0 (compatible; DotBot/1.1; http://www.opensiteexplorer.org/dotbot, help@moz.com)" 
216.244.66.245 - - [29/May/2018:12:02:34 -0700] "GET /self.logs/2015/access.log.2015-09-02.gz HTTP/1.1" 200 3819 "-" "Mozilla/5.0 (compatible; DotBot/1.1; http://www.opensiteexplorer.org/dotbot, help@moz.com)" 
216.244.66.245 - - [29/May/2018:12:02:35 -0700] "GET /self.logs/2015/access.log.2015-10-14.gz HTTP/1.1" 200 11834 "-" "Mozilla/5.0 (compatible; DotBot/1.1; http://www.opensiteexplorer.org/dotbot, help@moz.com)" 
216.244.66.245 - - [29/May/2018:12:02:36 -0700] "GET /self.logs/2015/access.log.2015-11-01.gz HTTP/1.1" 200 6405 "-" "Mozilla/5.0 (compatible; DotBot/1.1; http://www.opensiteexplorer.org/dotbot, help@moz.com)" 
216.244.66.245 - - [29/May/2018:12:02:38 -0700] "GET /self.logs/2015/error.log.2015-05-05.gz HTTP/1.1" 200 583 "-" "Mozilla/5.0 (compatible; DotBot/1.1; http://www.opensiteexplorer.org/dotbot, help@moz.com)" 
216.244.66.245 - - [29/May/2018:12:02:39 -0700] "GET /self.logs/2015/error.log.2015-06-02.gz HTTP/1.1" 200 715 "-" "Mozilla/5.0 (compatible; DotBot/1.1; http://www.opensiteexplorer.org/dotbot, help@moz.com)" 
216.244.66.245 - - [29/May/2018:12:02:40 -0700] "GET /self.logs/2015/error.log.2015-11-11.gz HTTP/1.1" 200 515 "-" "Mozilla/5.0 (compatible; DotBot/1.1; http://www.opensiteexplorer.org/dotbot, help@moz.com)" 
216.244.66.245 - - [29/May/2018:12:02:41 -0700] "GET /self.logs/2015/error.log.2015-12-18.gz HTTP/1.1" 200 455 "-" "Mozilla/5.0 (compatible; DotBot/1.1; http://www.opensiteexplorer.org/dotbot, help@moz.com)" 
216.244.66.245 - - [29/May/2018:12:02:42 -0700] "GET /self.logs/2016/access.log.2016-01-02.gz HTTP/1.1" 200 5832 "-" "Mozilla/5.0 (compatible; DotBot/1.1; http://www.opensiteexplorer.org/dotbot, help@moz.com)" 
216.244.66.245 - - [29/May/2018:12:02:43 -0700] "GET /self.logs/2016/access.log.2016-01-30.gz HTTP/1.1" 200 34143 "-" "Mozilla/5.0 (compatible; DotBot/1.1; http://www.opensiteexplorer.org/dotbot, help@moz.com)" 
216.244.66.245 - - [29/May/2018:12:02:45 -0700] "GET /self.logs/2016/access.log.2016-12-08.gz HTTP/1.1" 200 10610 "-" "Mozilla/5.0 (compatible; DotBot/1.1; http://www.opensiteexplorer.org/dotbot, help@moz.com)" 
216.244.66.245 - - [29/May/2018:12:02:46 -0700] "GET /self.logs/2016/error.log.2016-11-01.gz HTTP/1.1" 200 767 "-" "Mozilla/5.0 (compatible; DotBot/1.1; http://www.opensiteexplorer.org/dotbot, help@moz.com)" 
216.244.66.245 - - [29/May/2018:12:02:47 -0700] "GET /self.logs/2016/error.log.2016-12-20.gz HTTP/1.1" 200 746 "-" "Mozilla/5.0 (compatible; DotBot/1.1; http://www.opensiteexplorer.org/dotbot, help@moz.com)" 
178.137.88.90 - - [29/May/2018:12:09:00 -0700] "GET /honeypot/ HTTP/1.1" 200 1077 "https://eduserver.net/" "Mozilla/5.0 (Windows NT 5.1; U; en) Opera 8.00" 
178.137.88.90 - - [29/May/2018:12:09:01 -0700] "GET /honeypot/ HTTP/1.1" 200 1077 "https://eduserver.net/" "Mozilla/5.0 (Windows NT 5.1; U; en) Opera 8.00" 
216.244.66.245 - - [29/May/2018:12:11:08 -0700] "GET /self.logs/access.log.2018-05-20.gz HTTP/1.1" 200 16544 "-" "Mozilla/5.0 (compatible; DotBot/1.1; http://www.opensiteexplorer.org/dotbot, help@moz.com)" 
216.244.66.245 - - [29/May/2018:12:11:09 -0700] "GET /self.logs/error.log.2018-04-26.gz HTTP/1.1" 200 4159 "-" "Mozilla/5.0 (compatible; DotBot/1.1; http://www.opensiteexplorer.org/dotbot, help@moz.com)" 
54.36.148.227 - - [29/May/2018:12:11:43 -0700] "GET /self.logs/2016/access.log.2016-04-29.gz HTTP/1.1" 200 7631 "-" "Mozilla/5.0 (compatible; AhrefsBot/5.2; +http://ahrefs.com/robot/)" 
66.249.66.84 - - [29/May/2018:12:17:00 -0700] "GET / HTTP/1.1" 200 11353 "-" "Mozilla/5.0 (compatible; Googlebot/2.1; +http://www.google.com/bot.html)" 
174.46.232.2 - - [29/May/2018:12:17:07 -0700] "GET / HTTP/1.1" 200 11353 "-" "Mozilla/5.0 (Macintosh; Intel Mac OS X 10_13_4) AppleWebKit/537.36 (KHTML, like Gecko) Chrome/66.0.3359.181 Safari/537.36" 
174.46.232.2 - - [29/May/2018:12:17:13 -0700] "GET /twitter-icon.png HTTP/1.1" 200 27788 "http://www.secrepo.com/" "Mozilla/5.0 (Macintosh; Intel Mac OS X 10_13_4) AppleWebKit/537.36 (KHTML, like Gecko) Chrome/66.0.3359.181 Safari/537.36" 
174.46.232.2 - - [29/May/2018:12:17:13 -0700] "GET /GitHub-Mark.png HTTP/1.1" 200 7428 "http://www.secrepo.com/" "Mozilla/5.0 (Macintosh; Intel Mac OS X 10_13_4) AppleWebKit/537.36 (KHTML, like Gecko) Chrome/66.0.3359.181 Safari/537.36" 
174.46.232.2 - - [29/May/2018:12:17:58 -0700] "GET /bootstrap/img/favicon.ico HTTP/1.1" 200 590 "http://www.secrepo.com/" "Mozilla/5.0 (Macintosh; Intel Mac OS X 10_13_4) AppleWebKit/537.36 (KHTML, like Gecko) Chrome/66.0.3359.181 Safari/537.36" 
169.1.46.240 - - [29/May/2018:12:19:06 -0700] "GET / HTTP/1.1" 200 11353 "https://www.google.com/" "Mozilla/5.0 (Macintosh; Intel Mac OS X 10_12_6) AppleWebKit/603.3.8 (KHTML, like Gecko) Version/10.1.2 Safari/603.3.8" 
169.1.46.240 - - [29/May/2018:12:19:09 -0700] "GET /GitHub-Mark.png HTTP/1.1" 200 7428 "http://www.secrepo.com/" "Mozilla/5.0 (Macintosh; Intel Mac OS X 10_12_6) AppleWebKit/603.3.8 (KHTML, like Gecko) Version/10.1.2 Safari/603.3.8" 
169.1.46.240 - - [29/May/2018:12:19:09 -0700] "GET /twitter-icon.png HTTP/1.1" 200 27788 "http://www.secrepo.com/" "Mozilla/5.0 (Macintosh; Intel Mac OS X 10_12_6) AppleWebKit/603.3.8 (KHTML, like Gecko) Version/10.1.2 Safari/603.3.8" 
169.1.46.240 - - [29/May/2018:12:19:11 -0700] "GET /bootstrap/img/favicon.ico HTTP/1.1" 200 590 "http://www.secrepo.com/" "Mozilla/5.0 (Macintosh; Intel Mac OS X 10_12_6) AppleWebKit/603.3.8 (KHTML, like Gecko) Version/10.1.2 Safari/603.3.8" 
216.244.66.245 - - [29/May/2018:12:20:01 -0700] "GET /robots.txt HTTP/1.1" 200 233 "-" "Mozilla/5.0 (compatible; DotBot/1.1; http://www.opensiteexplorer.org/dotbot, help@moz.com)" 
168.243.231.68 - - [29/May/2018:12:25:42 -0700] "GET /bootstrap/img/favicon.ico HTTP/1.1" 304 165 "-" "Mozilla/5.0 (Windows NT 10.0; Win64; x64) AppleWebKit/537.36 (KHTML, like Gecko) Chrome/68.0.3440.6 Safari/537.36" 
157.55.39.120 - - [29/May/2018:12:26:48 -0700] "GET /robots.txt HTTP/1.1" 200 334 "-" "Mozilla/5.0 (compatible; bingbot/2.0; +http://www.bing.com/bingbot.htm)" 
216.244.66.245 - - [29/May/2018:12:28:16 -0700] "GET /self.logs/2015/access.log.2015-08-08.gz HTTP/1.1" 200 2745 "-" "Mozilla/5.0 (compatible; DotBot/1.1; http://www.opensiteexplorer.org/dotbot, help@moz.com)" 
216.244.66.245 - - [29/May/2018:12:28:18 -0700] "GET /self.logs/2015/access.log.2015-10-12.gz HTTP/1.1" 200 7622 "-" "Mozilla/5.0 (compatible; DotBot/1.1; http://www.opensiteexplorer.org/dotbot, help@moz.com)" 
216.244.66.245 - - [29/May/2018:12:28:19 -0700] "GET /self.logs/2015/access.log.2015-12-11.gz HTTP/1.1" 200 7052 "-" "Mozilla/5.0 (compatible; DotBot/1.1; http://www.opensiteexplorer.org/dotbot, help@moz.com)" 
216.244.66.245 - - [29/May/2018:12:28:20 -0700] "GET /self.logs/2015/error.log.2015-04-05.gz HTTP/1.1" 200 946 "-" "Mozilla/5.0 (compatible; DotBot/1.1; http://www.opensiteexplorer.org/dotbot, help@moz.com)" 
216.244.66.245 - - [29/May/2018:12:28:21 -0700] "GET /self.logs/2015/error.log.2015-05-09.gz HTTP/1.1" 200 675 "-" "Mozilla/5.0 (compatible; DotBot/1.1; http://www.opensiteexplorer.org/dotbot, help@moz.com)" 
216.244.66.245 - - [29/May/2018:12:28:23 -0700] "GET /self.logs/2016/access.log.2016-03-06.gz HTTP/1.1" 200 7363 "-" "Mozilla/5.0 (compatible; DotBot/1.1; http://www.opensiteexplorer.org/dotbot, help@moz.com)" 
216.244.66.245 - - [29/May/2018:12:28:24 -0700] "GET /self.logs/2016/access.log.2016-03-30.gz HTTP/1.1" 200 8689 "-" "Mozilla/5.0 (compatible; DotBot/1.1; http://www.opensiteexplorer.org/dotbot, help@moz.com)" 
216.244.66.245 - - [29/May/2018:12:28:25 -0700] "GET /self.logs/2016/error.log.2016-06-30.gz HTTP/1.1" 200 907 "-" "Mozilla/5.0 (compatible; DotBot/1.1; http://www.opensiteexplorer.org/dotbot, help@moz.com)" 
