66.249.92.146 - - [02/Aug/2018:15:39:21 -0700] "GET /&amp HTTP/1.1" 404 340 "-" "Mozilla/5.0 (Macintosh; Intel Mac OS X 10_8_4) AppleWebKit/537.36 (KHTML, like Gecko) Chrome/28.0.1500.71 Safari/537.36" 
216.244.66.245 - - [02/Aug/2018:15:40:57 -0700] "GET /robots.txt HTTP/1.1" 200 233 "-" "Mozilla/5.0 (compatible; DotBot/1.1; http://www.opensiteexplorer.org/dotbot, help@moz.com)" 
113.171.224.176 - - [02/Aug/2018:15:43:00 -0700] "GET /honeypot/Honeypot%20-%20Howto.pdf HTTP/1.1" 200 46720 "-" "Mozilla/5.0 Gecko/20100115 Firefox/3.6" 
178.137.94.200 - - [02/Aug/2018:15:43:13 -0700] "GET /honeypot/ HTTP/1.1" 200 1077 "http://pornoplen.com/" "Mozilla/4.0 (compatible; MSIE 6.0; Windows NT 5.2; Win64; AMD64)" 
216.244.66.245 - - [02/Aug/2018:15:47:48 -0700] "GET /self.logs/access.log.2018-01-25.gz HTTP/1.1" 200 20820 "-" "Mozilla/5.0 (compatible; DotBot/1.1; http://www.opensiteexplorer.org/dotbot, help@moz.com)" 
160.154.136.103 - - [02/Aug/2018:15:51:33 -0700] "GET /wp-login.php HTTP/1.1" 418 732 "-" "Mozilla/5.0 (Windows NT 6.1; WOW64; rv:40.0) Gecko/20100101 Firefox/40.1" 
160.154.136.103 - - [02/Aug/2018:15:51:33 -0700] "GET / HTTP/1.1" 418 732 "-" "Mozilla/5.0 (Windows NT 6.1; WOW64; rv:40.0) Gecko/20100101 Firefox/40.1" 
66.249.92.148 - - [02/Aug/2018:15:52:16 -0700] "GET /&amp HTTP/1.1" 404 340 "-" "Mozilla/5.0 (Macintosh; Intel Mac OS X 10_8_4) AppleWebKit/537.36 (KHTML, like Gecko) Chrome/28.0.1500.71 Safari/537.36" 
66.249.92.148 - - [02/Aug/2018:15:53:34 -0700] "GET /pe_static/op-cleaver.zip&amp HTTP/1.1" 404 340 "-" "Mozilla/5.0 (Macintosh; Intel Mac OS X 10_8_4) AppleWebKit/537.36 (KHTML, like Gecko) Chrome/28.0.1500.71 Safari/537.36" 
66.249.92.148 - - [02/Aug/2018:15:53:34 -0700] "GET /pe_static/apt1.zip&amp HTTP/1.1" 404 339 "-" "Mozilla/5.0 (Macintosh; Intel Mac OS X 10_8_4) AppleWebKit/537.36 (KHTML, like Gecko) Chrome/28.0.1500.71 Safari/537.36" 
66.249.92.146 - - [02/Aug/2018:15:53:35 -0700] "GET /pe_static/zeus.zip&amp HTTP/1.1" 404 340 "-" "Mozilla/5.0 (Macintosh; Intel Mac OS X 10_8_4) AppleWebKit/537.36 (KHTML, like Gecko) Chrome/28.0.1500.71 Safari/537.36" 
66.249.92.148 - - [02/Aug/2018:15:53:35 -0700] "GET /pe_static/zeus.zip&amp HTTP/1.1" 404 339 "-" "Mozilla/5.0 (Macintosh; Intel Mac OS X 10_8_4) AppleWebKit/537.36 (KHTML, like Gecko) Chrome/28.0.1500.71 Safari/537.36" 
66.249.92.148 - - [02/Aug/2018:15:53:36 -0700] "GET /pe_static/op-cleaver.zip&amp HTTP/1.1" 404 339 "-" "Mozilla/5.0 (Macintosh; Intel Mac OS X 10_8_4) AppleWebKit/537.36 (KHTML, like Gecko) Chrome/28.0.1500.71 Safari/537.36" 
66.249.92.64 - - [02/Aug/2018:15:53:36 -0700] "GET / HTTP/1.1" 301 483 "-" "Mozilla/5.0 (Macintosh; Intel Mac OS X 10_8_4) AppleWebKit/537.36 (KHTML, like Gecko) Chrome/28.0.1500.71 Safari/537.36" 
66.249.92.146 - - [02/Aug/2018:15:53:37 -0700] "GET /pe_static/apt1.zip&amp HTTP/1.1" 404 340 "-" "Mozilla/5.0 (Macintosh; Intel Mac OS X 10_8_4) AppleWebKit/537.36 (KHTML, like Gecko) Chrome/28.0.1500.71 Safari/537.36" 
66.249.92.147 - - [02/Aug/2018:15:53:38 -0700] "GET / HTTP/1.1" 200 11357 "-" "Mozilla/5.0 (Macintosh; Intel Mac OS X 10_8_4) AppleWebKit/537.36 (KHTML, like Gecko) Chrome/28.0.1500.71 Safari/537.36" 
205.155.154.1 - - [02/Aug/2018:15:54:47 -0700] "GET /maccdc2012/dhcp.log.gz HTTP/1.1" 200 45019 "-" "Mozilla/5.0 (Windows NT 10.0; Win64; x64) AppleWebKit/537.36 (KHTML, like Gecko) Chrome/67.0.3396.99 Safari/537.36" 
54.36.148.12 - - [02/Aug/2018:15:55:50 -0700] "GET /self.logs/error.log.2015-04-29.gz HTTP/1.1" 404 284 "-" "Mozilla/5.0 (compatible; AhrefsBot/5.2; +http://ahrefs.com/robot/)" 
66.249.66.84 - - [02/Aug/2018:15:56:54 -0700] "GET /self.logs/ HTTP/1.1" 200 11325 "-" "Mozilla/5.0 (Linux; Android 6.0.1; Nexus 5X Build/MMB29P) AppleWebKit/537.36 (KHTML, like Gecko) Chrome/41.0.2272.96 Mobile Safari/537.36 (compatible; Googlebot/2.1; +http://www.google.com/bot.html)" 
12.127.137.138 - - [02/Aug/2018:15:58:31 -0700] "GET / HTTP/1.1" 200 11357 "-" "Mozilla/5.0 (Macintosh; Intel Mac OS X 10_13_4) AppleWebKit/605.1.15 (KHTML, like Gecko)" 
12.127.137.138 - - [02/Aug/2018:15:58:31 -0700] "GET /apple-touch-icon-precomposed.png HTTP/1.1" 404 340 "-" "Safari/13605.1.33.1.2 CFNetwork/897.15 Darwin/17.5.0 (x86_64)" 
12.127.137.138 - - [02/Aug/2018:15:58:31 -0700] "GET /apple-touch-icon.png HTTP/1.1" 404 339 "-" "Safari/13605.1.33.1.2 CFNetwork/897.15 Darwin/17.5.0 (x86_64)" 
12.127.137.138 - - [02/Aug/2018:15:58:31 -0700] "GET /bootstrap/img/favicon.ico HTTP/1.1" 200 589 "-" "Safari/13605.1.33.1.2 CFNetwork/897.15 Darwin/17.5.0 (x86_64)" 
12.127.137.138 - - [02/Aug/2018:15:58:31 -0700] "GET / HTTP/1.1" 200 11356 "-" "\"Mozilla/5.0 (iPhone; CPU iPhone OS 11_0 like Mac OS X) AppleWebKit/604.1.38 (KHTML, like Gecko) Version/11.0 Mobile/15A372 Safari/604.1\"" 
12.127.137.138 - - [02/Aug/2018:15:58:31 -0700] "GET /apple-touch-icon-precomposed.png HTTP/1.1" 404 339 "-" "Safari/13605.1.33.1.2 CFNetwork/897.15 Darwin/17.5.0 (x86_64)" 
12.127.137.138 - - [02/Aug/2018:15:58:32 -0700] "GET /apple-touch-icon.png HTTP/1.1" 404 339 "-" "Safari/13605.1.33.1.2 CFNetwork/897.15 Darwin/17.5.0 (x86_64)" 
12.127.137.138 - - [02/Aug/2018:15:58:32 -0700] "GET /bootstrap/img/favicon.ico HTTP/1.1" 200 589 "-" "Safari/13605.1.33.1.2 CFNetwork/897.15 Darwin/17.5.0 (x86_64)" 
76.101.176.125 - - [02/Aug/2018:15:59:22 -0700] "GET / HTTP/1.1" 200 11357 "https://www.google.com/" "Mozilla/5.0 (Macintosh; Intel Mac OS X 10_13_6) AppleWebKit/537.36 (KHTML, like Gecko) Chrome/68.0.3440.84 Safari/537.36" 
76.101.176.125 - - [02/Aug/2018:15:59:22 -0700] "GET /twitter-icon.png HTTP/1.1" 200 27787 "http://www.secrepo.com/" "Mozilla/5.0 (Macintosh; Intel Mac OS X 10_13_6) AppleWebKit/537.36 (KHTML, like Gecko) Chrome/68.0.3440.84 Safari/537.36" 
76.101.176.125 - - [02/Aug/2018:15:59:22 -0700] "GET /GitHub-Mark.png HTTP/1.1" 200 7428 "http://www.secrepo.com/" "Mozilla/5.0 (Macintosh; Intel Mac OS X 10_13_6) AppleWebKit/537.36 (KHTML, like Gecko) Chrome/68.0.3440.84 Safari/537.36" 
76.101.176.125 - - [02/Aug/2018:15:59:22 -0700] "GET /bootstrap/img/favicon.ico HTTP/1.1" 200 589 "http://www.secrepo.com/" "Mozilla/5.0 (Macintosh; Intel Mac OS X 10_13_6) AppleWebKit/537.36 (KHTML, like Gecko) Chrome/68.0.3440.84 Safari/537.36" 
54.36.149.72 - - [02/Aug/2018:16:02:53 -0700] "GET /self.logs/2016/access.log.2016-03-11.gz HTTP/1.1" 200 23315 "-" "Mozilla/5.0 (compatible; AhrefsBot/5.2; +http://ahrefs.com/robot/)" 
23.101.169.3 - - [02/Aug/2018:16:04:34 -0700] "GET / HTTP/1.1" 200 11357 "-" "Mozilla/5.0 (compatible; MSIE 9.0; Windows NT 6.1; Trident/5.0;  Trident/5.0)" 
42.236.99.178 - - [02/Aug/2018:16:07:04 -0700] "GET / HTTP/1.1" 301 483 "http://secrepo.com/" "Mozilla/5.0 (Windows NT 6.1; WOW64) AppleWebKit/537.36 (KHTML, like Gecko) Chrome/50.0.2661.102 Safari/537.36; 360Spider" 
42.236.99.178 - - [02/Aug/2018:16:07:07 -0700] "GET / HTTP/1.1" 200 11357 "http://www.secrepo.com/" "Mozilla/5.0 (Windows NT 6.1; WOW64) AppleWebKit/537.36 (KHTML, like Gecko) Chrome/50.0.2661.102 Safari/537.36; 360Spider" 
42.236.99.23 - - [02/Aug/2018:16:07:38 -0700] "GET / HTTP/1.1" 200 11357 "http://www.secrepo.com/" "Mozilla/5.0 (Windows NT 6.1; WOW64) AppleWebKit/537.36 (KHTML, like Gecko) Chrome/50.0.2661.102 Safari/537.36; 360Spider" 
66.249.92.148 - - [02/Aug/2018:16:08:52 -0700] "GET /&amp HTTP/1.1" 404 340 "-" "Mozilla/5.0 (Macintosh; Intel Mac OS X 10_8_4) AppleWebKit/537.36 (KHTML, like Gecko) Chrome/28.0.1500.71 Safari/537.36" 
162.242.144.71 - - [02/Aug/2018:16:08:52 -0700] "GET /robots.txt HTTP/1.1" 301 446 "-" "Tornado-Async-Client" 
66.249.92.148 - - [02/Aug/2018:16:08:52 -0700] "GET /&amp HTTP/1.1" 404 339 "-" "Mozilla/5.0 (Macintosh; Intel Mac OS X 10_8_4) AppleWebKit/537.36 (KHTML, like Gecko) Chrome/28.0.1500.71 Safari/537.36" 
162.242.144.71 - - [02/Aug/2018:16:08:52 -0700] "GET /robots.txt HTTP/1.1" 304 130 "-" "Tornado-Async-Client" 
162.242.144.71 - - [02/Aug/2018:16:08:52 -0700] "GET /honeypot/BSidesDFW%20-%202014.ipynb HTTP/1.1" 301 484 "-" "Tornado-Async-Client" 
162.242.144.71 - - [02/Aug/2018:16:08:52 -0700] "GET /honeypot/BSidesDFW%20-%202014.ipynb HTTP/1.1" 200 930780 "-" "Tornado-Async-Client" 
66.249.92.94 - - [02/Aug/2018:16:08:53 -0700] "GET / HTTP/1.1" 301 483 "-" "Mozilla/5.0 (Macintosh; Intel Mac OS X 10_8_4) AppleWebKit/537.36 (KHTML, like Gecko) Chrome/28.0.1500.71 Safari/537.36" 
66.249.92.146 - - [02/Aug/2018:16:08:53 -0700] "GET / HTTP/1.1" 200 11357 "-" "Mozilla/5.0 (Macintosh; Intel Mac OS X 10_8_4) AppleWebKit/537.36 (KHTML, like Gecko) Chrome/28.0.1500.71 Safari/537.36" 
162.242.144.71 - - [02/Aug/2018:16:08:54 -0700] "GET /robots.txt HTTP/1.1" 301 446 "-" "Tornado-Async-Client" 
162.242.144.71 - - [02/Aug/2018:16:08:54 -0700] "GET /robots.txt HTTP/1.1" 304 130 "-" "Tornado-Async-Client" 
162.242.144.71 - - [02/Aug/2018:16:08:54 -0700] "GET /honeypot/BSidesDFW%2520-%25202014.ipynb%26amp HTTP/1.1" 301 503 "-" "Tornado-Async-Client" 
162.242.144.71 - - [02/Aug/2018:16:08:54 -0700] "GET /honeypot/BSidesDFW%20-%202014.ipynb&amp HTTP/1.1" 404 284 "-" "Tornado-Async-Client" 
23.253.92.35 - - [02/Aug/2018:16:08:56 -0700] "GET /robots.txt HTTP/1.1" 301 446 "-" "Tornado-Async-Client" 
23.253.92.35 - - [02/Aug/2018:16:08:56 -0700] "GET /robots.txt HTTP/1.1" 304 130 "-" "Tornado-Async-Client" 
23.253.92.35 - - [02/Aug/2018:16:08:56 -0700] "GET /honeypot/BSidesDFW%20-%202014.ipynbIlkay HTTP/1.1" 301 493 "-" "Tornado-Async-Client" 
23.253.92.35 - - [02/Aug/2018:16:08:56 -0700] "GET /honeypot/BSidesDFW%20-%202014.ipynbIlkay HTTP/1.1" 404 284 "-" "Tornado-Async-Client" 
66.249.92.148 - - [02/Aug/2018:16:11:13 -0700] "GET /&amp HTTP/1.1" 404 340 "-" "Mozilla/5.0 (Macintosh; Intel Mac OS X 10_8_4) AppleWebKit/537.36 (KHTML, like Gecko) Chrome/28.0.1500.71 Safari/537.36" 
66.249.92.147 - - [02/Aug/2018:16:11:14 -0700] "GET /&nbsp HTTP/1.1" 404 340 "-" "Mozilla/5.0 (Macintosh; Intel Mac OS X 10_8_4) AppleWebKit/537.36 (KHTML, like Gecko) Chrome/28.0.1500.71 Safari/537.36" 
66.249.92.147 - - [02/Aug/2018:16:11:14 -0700] "GET / HTTP/1.1" 200 11356 "-" "Mozilla/5.0 (Macintosh; Intel Mac OS X 10_8_4) AppleWebKit/537.36 (KHTML, like Gecko) Chrome/28.0.1500.71 Safari/537.36" 
66.249.92.148 - - [02/Aug/2018:16:11:15 -0700] "GET / HTTP/1.1" 200 11357 "-" "Mozilla/5.0 (Macintosh; Intel Mac OS X 10_8_4) AppleWebKit/537.36 (KHTML, like Gecko) Chrome/28.0.1500.71 Safari/537.36" 
66.249.92.147 - - [02/Aug/2018:16:11:15 -0700] "GET /&amp HTTP/1.1" 404 339 "-" "Mozilla/5.0 (Macintosh; Intel Mac OS X 10_8_4) AppleWebKit/537.36 (KHTML, like Gecko) Chrome/28.0.1500.71 Safari/537.36" 
66.249.92.95 - - [02/Aug/2018:16:11:45 -0700] "GET / HTTP/1.1" 301 483 "-" "Mozilla/5.0 (Macintosh; Intel Mac OS X 10_8_4) AppleWebKit/537.36 (KHTML, like Gecko) Chrome/28.0.1500.71 Safari/537.36" 
66.249.92.146 - - [02/Aug/2018:16:11:46 -0700] "GET / HTTP/1.1" 200 11357 "-" "Mozilla/5.0 (Macintosh; Intel Mac OS X 10_8_4) AppleWebKit/537.36 (KHTML, like Gecko) Chrome/28.0.1500.71 Safari/537.36" 
66.249.92.147 - - [02/Aug/2018:16:11:46 -0700] "GET /&amp HTTP/1.1" 404 340 "-" "Mozilla/5.0 (Macintosh; Intel Mac OS X 10_8_4) AppleWebKit/537.36 (KHTML, like Gecko) Chrome/28.0.1500.71 Safari/537.36" 
66.249.92.147 - - [02/Aug/2018:16:11:47 -0700] "GET /&amp HTTP/1.1" 404 339 "-" "Mozilla/5.0 (Macintosh; Intel Mac OS X 10_8_4) AppleWebKit/537.36 (KHTML, like Gecko) Chrome/28.0.1500.71 Safari/537.36" 
23.253.92.35 - - [02/Aug/2018:16:11:47 -0700] "GET /robots.txt HTTP/1.1" 301 446 "-" "Tornado-Async-Client" 
23.253.92.35 - - [02/Aug/2018:16:11:48 -0700] "GET /robots.txt HTTP/1.1" 304 130 "-" "Tornado-Async-Client" 
23.253.92.35 - - [02/Aug/2018:16:11:48 -0700] "GET /honeypot/BSidesDFW%2520-%25202014.ipynb%26amp HTTP/1.1" 301 503 "-" "Tornado-Async-Client" 
23.253.92.35 - - [02/Aug/2018:16:11:48 -0700] "GET /honeypot/BSidesDFW%20-%202014.ipynb&amp HTTP/1.1" 404 284 "-" "Tornado-Async-Client" 
54.36.148.250 - - [02/Aug/2018:16:15:01 -0700] "GET /self.logs/access.log.2015-07-08.gz HTTP/1.1" 404 284 "-" "Mozilla/5.0 (compatible; AhrefsBot/5.2; +http://ahrefs.com/robot/)" 
173.252.122.146 - - [02/Aug/2018:16:17:23 -0700] "GET /twitter-icon.png HTTP/1.1" 200 27788 "-" "facebookexternalhit/1.1 (+http://www.facebook.com/externalhit_uatext.php)" 
17.58.100.204 - - [02/Aug/2018:16:17:24 -0700] "GET /robots.txt HTTP/1.1" 200 334 "-" "Mozilla/5.0 (Macintosh; Intel Mac OS X 10_10_1) AppleWebKit/600.2.5 (KHTML, like Gecko) Version/8.0.2 Safari/600.2.5 (Applebot/0.1; +http://www.apple.com/go/applebot)" 
17.58.100.204 - - [02/Aug/2018:16:17:25 -0700] "GET /self.logs/ HTTP/1.1" 301 499 "-" "Mozilla/5.0 (Macintosh; Intel Mac OS X 10_10_1) AppleWebKit/600.2.5 (KHTML, like Gecko) Version/8.0.2 Safari/600.2.5 (Applebot/0.1; +http://www.apple.com/go/applebot)" 
17.58.100.204 - - [02/Aug/2018:16:17:25 -0700] "GET /robots.txt HTTP/1.1" 200 333 "-" "Mozilla/5.0 (Macintosh; Intel Mac OS X 10_10_1) AppleWebKit/600.2.5 (KHTML, like Gecko) Version/8.0.2 Safari/600.2.5 (Applebot/0.1; +http://www.apple.com/go/applebot)" 
17.58.100.204 - - [02/Aug/2018:16:17:25 -0700] "GET /self.logs/ HTTP/1.1" 200 11324 "-" "Mozilla/5.0 (Macintosh; Intel Mac OS X 10_10_1) AppleWebKit/600.2.5 (KHTML, like Gecko) Version/8.0.2 Safari/600.2.5 (Applebot/0.1; +http://www.apple.com/go/applebot)" 
12.190.10.11 - - [02/Aug/2018:16:20:06 -0700] "GET / HTTP/1.1" 200 11357 "https://www.google.com/" "Mozilla/5.0 (Macintosh; Intel Mac OS X 10_13_6) AppleWebKit/605.1.15 (KHTML, like Gecko) Version/11.1.2 Safari/605.1.15" 
12.190.10.11 - - [02/Aug/2018:16:20:07 -0700] "GET /twitter-icon.png HTTP/1.1" 200 27787 "http://www.secrepo.com/" "Mozilla/5.0 (Macintosh; Intel Mac OS X 10_13_6) AppleWebKit/605.1.15 (KHTML, like Gecko) Version/11.1.2 Safari/605.1.15" 
12.190.10.11 - - [02/Aug/2018:16:20:07 -0700] "GET /GitHub-Mark.png HTTP/1.1" 200 7428 "http://www.secrepo.com/" "Mozilla/5.0 (Macintosh; Intel Mac OS X 10_13_6) AppleWebKit/605.1.15 (KHTML, like Gecko) Version/11.1.2 Safari/605.1.15" 
12.190.10.11 - - [02/Aug/2018:16:20:07 -0700] "GET /bootstrap/img/favicon.ico HTTP/1.1" 200 590 "http://www.secrepo.com/" "Mozilla/5.0 (Macintosh; Intel Mac OS X 10_13_6) AppleWebKit/605.1.15 (KHTML, like Gecko) Version/11.1.2 Safari/605.1.15" 
157.55.39.69 - - [02/Aug/2018:16:22:10 -0700] "GET /self.logs/access.log.2017-04-22.gz HTTP/1.1" 304 189 "-" "Mozilla/5.0 (compatible; bingbot/2.0; +http://www.bing.com/bingbot.htm)" 
123.125.143.65 - - [02/Aug/2018:16:27:04 -0700] "GET / HTTP/1.1" 200 11357 "http://www.baidu.com/s?wd=findzxg" "Mozilla/5.0 (Windows NT 6.1; WOW64; rv:43.0) Gecko/20100101 Firefox/43.0" 
54.36.148.12 - - [02/Aug/2018:16:27:30 -0700] "GET /self.logs/error.log.2016-12-25.gz HTTP/1.1" 404 284 "-" "Mozilla/5.0 (compatible; AhrefsBot/5.2; +http://ahrefs.com/robot/)" 
35.161.55.221 - - [02/Aug/2018:16:29:05 -0700] "GET /tg/tg_snort_full.7z HTTP/1.1" 200 8847794 "-" "python-requests/2.19.1" 
160.153.154.17 - - [02/Aug/2018:16:33:47 -0700] "GET / HTTP/1.1" 200 38539 "-" "Mozilla/5.0 (Windows NT 6.1; WOW64) AppleWebKit/537.36 (KHTML, like Gecko) Chrome/33.0.1750.154 Safari/537.36" 
54.36.148.23 - - [02/Aug/2018:16:38:28 -0700] "GET /self.logs/2015/access.log.2015-11-29.gz HTTP/1.1" 200 5464 "-" "Mozilla/5.0 (compatible; AhrefsBot/5.2; +http://ahrefs.com/robot/)" 
177.94.223.181 - - [02/Aug/2018:16:41:52 -0700] "GET /wp-login.php HTTP/1.1" 418 732 "-" "Mozilla/5.0 (Windows NT 6.1; WOW64; rv:40.0) Gecko/20100101 Firefox/40.1" 
177.94.223.181 - - [02/Aug/2018:16:41:52 -0700] "GET / HTTP/1.1" 418 732 "-" "Mozilla/5.0 (Windows NT 6.1; WOW64; rv:40.0) Gecko/20100101 Firefox/40.1" 
113.171.224.176 - - [02/Aug/2018:16:43:00 -0700] "GET /honeypot/Honeypot%20-%20Howto.pdf HTTP/1.1" 200 46720 "-" "Mozilla/5.0 Gecko/20100115 Firefox/3.6" 
66.249.92.148 - - [02/Aug/2018:16:43:48 -0700] "GET /&amp HTTP/1.1" 404 340 "-" "Mozilla/5.0 (Macintosh; Intel Mac OS X 10_8_4) AppleWebKit/537.36 (KHTML, like Gecko) Chrome/28.0.1500.71 Safari/537.36" 
66.249.92.148 - - [02/Aug/2018:16:43:49 -0700] "GET /&amp HTTP/1.1" 404 339 "-" "Mozilla/5.0 (Macintosh; Intel Mac OS X 10_8_4) AppleWebKit/537.36 (KHTML, like Gecko) Chrome/28.0.1500.71 Safari/537.36" 
66.249.92.94 - - [02/Aug/2018:16:43:49 -0700] "GET / HTTP/1.1" 301 483 "-" "Mozilla/5.0 (Macintosh; Intel Mac OS X 10_8_4) AppleWebKit/537.36 (KHTML, like Gecko) Chrome/28.0.1500.71 Safari/537.36" 
66.249.92.147 - - [02/Aug/2018:16:43:50 -0700] "GET / HTTP/1.1" 200 11357 "-" "Mozilla/5.0 (Macintosh; Intel Mac OS X 10_8_4) AppleWebKit/537.36 (KHTML, like Gecko) Chrome/28.0.1500.71 Safari/537.36" 
66.249.92.94 - - [02/Aug/2018:16:45:19 -0700] "GET / HTTP/1.1" 301 483 "-" "Mozilla/5.0 (Macintosh; Intel Mac OS X 10_8_4) AppleWebKit/537.36 (KHTML, like Gecko) Chrome/28.0.1500.71 Safari/537.36" 
66.249.92.146 - - [02/Aug/2018:16:45:20 -0700] "GET / HTTP/1.1" 200 11357 "-" "Mozilla/5.0 (Macintosh; Intel Mac OS X 10_8_4) AppleWebKit/537.36 (KHTML, like Gecko) Chrome/28.0.1500.71 Safari/537.36" 
23.101.169.3 - - [02/Aug/2018:16:45:28 -0700] "GET / HTTP/1.1" 200 11357 "-" "Mozilla/5.0 (compatible; MSIE 9.0; Windows NT 6.0; Trident/5.0;  Trident/5.0)" 
54.218.27.70 - - [02/Aug/2018:16:47:46 -0700] "GET / HTTP/1.1" 304 189 "-" "A6-Indexer" 
34.241.173.216 - - [02/Aug/2018:16:51:25 -0700] "GET / HTTP/1.1" 301 427 "-" "Mozilla/5.0 (compatible; YaK/1.0; http://linkfluence.com/; bot@linkfluence.com)" 
34.241.173.216 - - [02/Aug/2018:16:51:26 -0700] "GET /robots.txt HTTP/1.1" 200 304 "-" "Mozilla/5.0 (compatible; YaK/1.0; http://linkfluence.com/; bot@linkfluence.com)" 
66.249.66.82 - - [02/Aug/2018:16:52:06 -0700] "GET / HTTP/1.1" 200 11357 "-" "Mozilla/5.0 (compatible; Googlebot/2.1; +http://www.google.com/bot.html)" 
54.36.149.70 - - [02/Aug/2018:16:52:27 -0700] "GET /self.logs/access.log.2018-04-27.gz HTTP/1.1" 200 31857 "-" "Mozilla/5.0 (compatible; AhrefsBot/5.2; +http://ahrefs.com/robot/)" 
66.249.66.83 - - [02/Aug/2018:16:53:14 -0700] "GET / HTTP/1.1" 200 11357 "-" "Mozilla/5.0 (Linux; Android 6.0.1; Nexus 5X Build/MMB29P) AppleWebKit/537.36 (KHTML, like Gecko) Chrome/41.0.2272.96 Mobile Safari/537.36 (compatible; Googlebot/2.1; +http://www.google.com/bot.html)" 
71.198.187.62 - - [02/Aug/2018:16:53:15 -0700] "GET / HTTP/1.1" 200 11357 "-" "Mozilla/5.0 (Macintosh; Intel Mac OS X 10_13_6) AppleWebKit/537.36 (KHTML, like Gecko) Chrome/68.0.3440.84 Safari/537.36" 
71.198.187.62 - - [02/Aug/2018:16:53:15 -0700] "GET /twitter-icon.png HTTP/1.1" 200 27787 "http://www.secrepo.com/" "Mozilla/5.0 (Macintosh; Intel Mac OS X 10_13_6) AppleWebKit/537.36 (KHTML, like Gecko) Chrome/68.0.3440.84 Safari/537.36" 
71.198.187.62 - - [02/Aug/2018:16:53:15 -0700] "GET /GitHub-Mark.png HTTP/1.1" 200 7427 "http://www.secrepo.com/" "Mozilla/5.0 (Macintosh; Intel Mac OS X 10_13_6) AppleWebKit/537.36 (KHTML, like Gecko) Chrome/68.0.3440.84 Safari/537.36" 
71.198.187.62 - - [02/Aug/2018:16:53:16 -0700] "GET /bootstrap/img/favicon.ico HTTP/1.1" 200 589 "http://www.secrepo.com/" "Mozilla/5.0 (Macintosh; Intel Mac OS X 10_13_6) AppleWebKit/537.36 (KHTML, like Gecko) Chrome/68.0.3440.84 Safari/537.36" 
203.110.81.69 - - [02/Aug/2018:16:53:53 -0700] "GET /wp-login.php HTTP/1.1" 418 732 "-" "Mozilla/5.0 (Windows NT 6.1; WOW64; rv:40.0) Gecko/20100101 Firefox/40.1" 
203.110.81.69 - - [02/Aug/2018:16:53:53 -0700] "GET / HTTP/1.1" 418 732 "-" "Mozilla/5.0 (Windows NT 6.1; WOW64; rv:40.0) Gecko/20100101 Firefox/40.1" 
125.107.190.105 - - [02/Aug/2018:16:54:45 -0700] "GET / HTTP/1.1" 200 38595 "-" "Mozilla/4.0 (compatible; MSIE 8.0; Windows NT 6.1; Trident/4.0)" 
123.125.143.29 - - [02/Aug/2018:16:58:48 -0700] "GET / HTTP/1.1" 301 483 "http://www.baidu.com/s?wd=comfortable7me" "Mozilla/5.0 (Windows NT 6.1; WOW64; rv:43.0) Gecko/20100101 Firefox/43.0" 
123.125.143.192 - - [02/Aug/2018:16:58:49 -0700] "GET / HTTP/1.1" 200 11357 "-" "Mozilla/5.0 (Windows NT 6.1; WOW64; rv:43.0) Gecko/20100101 Firefox/43.0" 
35.205.98.176 - - [02/Aug/2018:17:08:16 -0700] "HEAD / HTTP/1.1" 200 239 "-" "-" 
35.205.98.176 - - [02/Aug/2018:17:08:17 -0700] "GET / HTTP/1.1" 200 38539 "-" "-" 
54.36.149.58 - - [02/Aug/2018:17:09:50 -0700] "GET /self.logs/2015/access.log.2015-10-18.gz HTTP/1.1" 200 4357 "-" "Mozilla/5.0 (compatible; AhrefsBot/5.2; +http://ahrefs.com/robot/)" 
71.202.233.164 - - [02/Aug/2018:17:10:37 -0700] "GET / HTTP/1.1" 301 483 "-" "Mozilla/5.0 (Linux; Android 7.0; SM-G920V Build/NRD90M; wv) AppleWebKit/537.36 (KHTML, like Gecko) Version/4.0 Chrome/67.0.3396.87 Mobile Safari/537.36" 
71.202.233.164 - - [02/Aug/2018:17:10:37 -0700] "GET / HTTP/1.1" 200 11357 "-" "Mozilla/5.0 (Linux; Android 7.0; SM-G920V Build/NRD90M; wv) AppleWebKit/537.36 (KHTML, like Gecko) Version/4.0 Chrome/67.0.3396.87 Mobile Safari/537.36" 
71.202.233.164 - - [02/Aug/2018:17:10:38 -0700] "GET /twitter-icon.png HTTP/1.1" 200 27787 "http://www.secrepo.com/" "Mozilla/5.0 (Linux; Android 7.0; SM-G920V Build/NRD90M; wv) AppleWebKit/537.36 (KHTML, like Gecko) Version/4.0 Chrome/67.0.3396.87 Mobile Safari/537.36" 
71.202.233.164 - - [02/Aug/2018:17:10:38 -0700] "GET /GitHub-Mark.png HTTP/1.1" 200 7428 "http://www.secrepo.com/" "Mozilla/5.0 (Linux; Android 7.0; SM-G920V Build/NRD90M; wv) AppleWebKit/537.36 (KHTML, like Gecko) Version/4.0 Chrome/67.0.3396.87 Mobile Safari/537.36" 
13.66.207.219 - - [02/Aug/2018:17:13:50 -0700] "GET /robots.txt HTTP/1.1" 200 334 "-" "Mozilla/5.0 (compatible; bingbot/2.0; +http://www.bing.com/bingbot.htm)" 
13.66.185.4 - - [02/Aug/2018:17:13:52 -0700] "GET /self.logs/access.log.2017-01-30.gz HTTP/1.1" 200 29632 "-" "Mozilla/5.0 (compatible; bingbot/2.0; +http://www.bing.com/bingbot.htm)" 
41.223.160.173 - - [02/Aug/2018:17:14:09 -0700] "GET /maccdc2012/dns.log.gz HTTP/1.1" 304 154 "-" "Mozilla/5.0 Gecko/20100115 Firefox/3.6" 
54.36.148.15 - - [02/Aug/2018:17:19:19 -0700] "GET /self.logs/2016/error.log.2016-12-18.gz HTTP/1.1" 200 534 "-" "Mozilla/5.0 (compatible; AhrefsBot/5.2; +http://ahrefs.com/robot/)" 
111.204.219.197 - - [02/Aug/2018:17:20:58 -0700] "GET /favicon.ico HTTP/1.1" 200 212 "-" "Mozilla/5.0 (Windows NT 10.0; WOW64) AppleWebKit/537.36 (KHTML, like Gecko) Chrome/49.0.2623.221 Safari/537.36 SE 2.X MetaSr 1.0" 
36.71.233.5 - - [02/Aug/2018:17:23:41 -0700] "GET /wp-login.php HTTP/1.1" 418 732 "-" "Mozilla/5.0 (Windows NT 6.1; WOW64; rv:40.0) Gecko/20100101 Firefox/40.1" 
36.71.233.5 - - [02/Aug/2018:17:23:42 -0700] "GET / HTTP/1.1" 418 732 "-" "Mozilla/5.0 (Windows NT 6.1; WOW64; rv:40.0) Gecko/20100101 Firefox/40.1" 
66.102.7.190 - - [02/Aug/2018:17:26:19 -0700] "GET / HTTP/1.1" 200 11357 "-" "Mozilla/5.0 (X11; Linux x86_64) AppleWebKit/537.36 (KHTML, like Gecko) Chrome/49.0.2623.75 Safari/537.36 Google Favicon" 
66.102.7.190 - - [02/Aug/2018:17:26:19 -0700] "GET /bootstrap/img/favicon.ico HTTP/1.1" 200 589 "-" "Mozilla/5.0 (X11; Linux x86_64) AppleWebKit/537.36 (KHTML, like Gecko) Chrome/49.0.2623.75 Safari/537.36 Google Favicon" 
162.242.144.71 - - [02/Aug/2018:17:28:30 -0700] "GET /robots.txt HTTP/1.1" 301 446 "-" "Tornado-Async-Client" 
66.249.92.148 - - [02/Aug/2018:17:28:30 -0700] "GET /&amp HTTP/1.1" 404 340 "-" "Mozilla/5.0 (Macintosh; Intel Mac OS X 10_8_4) AppleWebKit/537.36 (KHTML, like Gecko) Chrome/28.0.1500.71 Safari/537.36" 
162.242.144.71 - - [02/Aug/2018:17:28:30 -0700] "GET /robots.txt HTTP/1.1" 304 130 "-" "Tornado-Async-Client" 
162.242.144.71 - - [02/Aug/2018:17:28:30 -0700] "GET /honeypot/BSidesDFW%20-%202014.ipynb HTTP/1.1" 301 484 "-" "Tornado-Async-Client" 
162.242.144.71 - - [02/Aug/2018:17:28:30 -0700] "GET /honeypot/BSidesDFW%20-%202014.ipynb HTTP/1.1" 200 930780 "-" "Tornado-Async-Client" 
66.249.92.147 - - [02/Aug/2018:17:28:31 -0700] "GET /&amp HTTP/1.1" 404 340 "-" "Mozilla/5.0 (Macintosh; Intel Mac OS X 10_8_4) AppleWebKit/537.36 (KHTML, like Gecko) Chrome/28.0.1500.71 Safari/537.36" 
66.249.92.64 - - [02/Aug/2018:17:28:31 -0700] "GET / HTTP/1.1" 301 483 "-" "Mozilla/5.0 (Macintosh; Intel Mac OS X 10_8_4) AppleWebKit/537.36 (KHTML, like Gecko) Chrome/28.0.1500.71 Safari/537.36" 
23.253.92.35 - - [02/Aug/2018:17:28:31 -0700] "GET /robots.txt HTTP/1.1" 301 446 "-" "Tornado-Async-Client" 
66.249.92.146 - - [02/Aug/2018:17:28:31 -0700] "GET / HTTP/1.1" 200 11357 "-" "Mozilla/5.0 (Macintosh; Intel Mac OS X 10_8_4) AppleWebKit/537.36 (KHTML, like Gecko) Chrome/28.0.1500.71 Safari/537.36" 
23.253.92.35 - - [02/Aug/2018:17:28:32 -0700] "GET /robots.txt HTTP/1.1" 304 130 "-" "Tornado-Async-Client" 
23.253.92.35 - - [02/Aug/2018:17:28:32 -0700] "GET /honeypot/BSidesDFW%2520-%25202014.ipynb%26amp HTTP/1.1" 301 503 "-" "Tornado-Async-Client" 
23.253.92.35 - - [02/Aug/2018:17:28:32 -0700] "GET /honeypot/BSidesDFW%20-%202014.ipynb&amp HTTP/1.1" 404 284 "-" "Tornado-Async-Client" 
23.253.92.35 - - [02/Aug/2018:17:28:34 -0700] "GET /robots.txt HTTP/1.1" 301 446 "-" "Tornado-Async-Client" 
23.253.92.35 - - [02/Aug/2018:17:28:34 -0700] "GET /robots.txt HTTP/1.1" 304 130 "-" "Tornado-Async-Client" 
23.253.92.35 - - [02/Aug/2018:17:28:34 -0700] "GET /honeypot/BSidesDFW%20-%202014.ipynbIlkay HTTP/1.1" 301 493 "-" "Tornado-Async-Client" 
23.253.92.35 - - [02/Aug/2018:17:28:34 -0700] "GET /honeypot/BSidesDFW%20-%202014.ipynbIlkay HTTP/1.1" 404 284 "-" "Tornado-Async-Client" 
111.204.219.197 - - [02/Aug/2018:17:29:49 -0700] "GET /favicon.ico HTTP/1.1" 200 212 "-" "Mozilla/5.0 (Windows NT 10.0; WOW64) AppleWebKit/537.36 (KHTML, like Gecko) Chrome/49.0.2623.221 Safari/537.36 SE 2.X MetaSr 1.0" 
54.36.148.189 - - [02/Aug/2018:17:30:15 -0700] "GET /self.logs/error.log.2017-03-13.gz HTTP/1.1" 200 1148 "-" "Mozilla/5.0 (compatible; AhrefsBot/5.2; +http://ahrefs.com/robot/)" 
54.36.148.42 - - [02/Aug/2018:17:30:48 -0700] "GET /self.logs/error.log.2016-10-31.gz HTTP/1.1" 404 284 "-" "Mozilla/5.0 (compatible; AhrefsBot/5.2; +http://ahrefs.com/robot/)" 
66.249.66.84 - - [02/Aug/2018:17:34:53 -0700] "GET /self.logs/ HTTP/1.1" 200 11325 "-" "Mozilla/5.0 (compatible; Googlebot/2.1; +http://www.google.com/bot.html)" 
66.249.92.147 - - [02/Aug/2018:17:35:06 -0700] "GET / HTTP/1.1" 200 11357 "-" "Mozilla/5.0 (Macintosh; Intel Mac OS X 10_8_4) AppleWebKit/537.36 (KHTML, like Gecko) Chrome/28.0.1500.71 Safari/537.36" 
66.249.92.147 - - [02/Aug/2018:17:35:07 -0700] "GET /&amp HTTP/1.1" 404 339 "-" "Mozilla/5.0 (Macintosh; Intel Mac OS X 10_8_4) AppleWebKit/537.36 (KHTML, like Gecko) Chrome/28.0.1500.71 Safari/537.36" 
66.249.92.146 - - [02/Aug/2018:17:35:08 -0700] "GET /&amp HTTP/1.1" 404 340 "-" "Mozilla/5.0 (Macintosh; Intel Mac OS X 10_8_4) AppleWebKit/537.36 (KHTML, like Gecko) Chrome/28.0.1500.71 Safari/537.36" 
66.249.92.148 - - [02/Aug/2018:17:35:08 -0700] "GET / HTTP/1.1" 200 11357 "-" "Mozilla/5.0 (Macintosh; Intel Mac OS X 10_8_4) AppleWebKit/537.36 (KHTML, like Gecko) Chrome/28.0.1500.71 Safari/537.36" 
66.249.92.147 - - [02/Aug/2018:17:35:09 -0700] "GET /&nbsp HTTP/1.1" 404 340 "-" "Mozilla/5.0 (Macintosh; Intel Mac OS X 10_8_4) AppleWebKit/537.36 (KHTML, like Gecko) Chrome/28.0.1500.71 Safari/537.36" 
66.249.92.64 - - [02/Aug/2018:17:35:09 -0700] "GET / HTTP/1.1" 301 483 "-" "Mozilla/5.0 (Macintosh; Intel Mac OS X 10_8_4) AppleWebKit/537.36 (KHTML, like Gecko) Chrome/28.0.1500.71 Safari/537.36" 
66.249.92.146 - - [02/Aug/2018:17:35:10 -0700] "GET / HTTP/1.1" 200 11357 "-" "Mozilla/5.0 (Macintosh; Intel Mac OS X 10_8_4) AppleWebKit/537.36 (KHTML, like Gecko) Chrome/28.0.1500.71 Safari/537.36" 
86.49.242.159 - - [02/Aug/2018:17:35:19 -0700] "GET /wp-login.php HTTP/1.1" 418 732 "-" "Mozilla/5.0 (Windows NT 6.1; WOW64; rv:40.0) Gecko/20100101 Firefox/40.1" 
86.49.242.159 - - [02/Aug/2018:17:35:19 -0700] "GET / HTTP/1.1" 418 732 "-" "Mozilla/5.0 (Windows NT 6.1; WOW64; rv:40.0) Gecko/20100101 Firefox/40.1" 
168.144.247.99 - - [02/Aug/2018:17:36:08 -0700] "GET / HTTP/1.1" 200 38539 "-" "Mozilla/5.0 (Windows NT 6.1; WOW64) AppleWebKit/537.36 (KHTML, like Gecko) Chrome/33.0.1750.154 Safari/537.36" 
157.55.39.97 - - [02/Aug/2018:17:37:34 -0700] "GET /self.logs/error.log.2018-03-29.gz HTTP/1.1" 200 4179 "-" "Mozilla/5.0 (compatible; bingbot/2.0; +http://www.bing.com/bingbot.htm)" 
111.204.219.197 - - [02/Aug/2018:17:40:39 -0700] "GET /favicon.ico HTTP/1.1" 200 212 "-" "Mozilla/5.0 (Windows NT 10.0; WOW64) AppleWebKit/537.36 (KHTML, like Gecko) Chrome/49.0.2623.221 Safari/537.36 SE 2.X MetaSr 1.0" 
111.204.219.197 - - [02/Aug/2018:17:41:31 -0700] "GET /favicon.ico HTTP/1.1" 200 212 "-" "Mozilla/5.0 (Windows NT 10.0; WOW64) AppleWebKit/537.36 (KHTML, like Gecko) Chrome/49.0.2623.221 Safari/537.36 SE 2.X MetaSr 1.0" 
113.171.224.176 - - [02/Aug/2018:17:46:29 -0700] "GET /honeypot/Honeypot%20-%20Howto.pdf HTTP/1.1" 200 46720 "-" "Mozilla/5.0 Gecko/20100115 Firefox/3.6" 
54.36.149.16 - - [02/Aug/2018:17:54:36 -0700] "GET /self.logs/2016/error.log.2016-01-17.gz HTTP/1.1" 200 674 "-" "Mozilla/5.0 (compatible; AhrefsBot/5.2; +http://ahrefs.com/robot/)" 
66.249.92.147 - - [02/Aug/2018:17:55:03 -0700] "GET /&amp HTTP/1.1" 404 340 "-" "Mozilla/5.0 (Macintosh; Intel Mac OS X 10_8_4) AppleWebKit/537.36 (KHTML, like Gecko) Chrome/28.0.1500.71 Safari/537.36" 
66.249.92.147 - - [02/Aug/2018:17:55:03 -0700] "GET /&amp HTTP/1.1" 404 339 "-" "Mozilla/5.0 (Macintosh; Intel Mac OS X 10_8_4) AppleWebKit/537.36 (KHTML, like Gecko) Chrome/28.0.1500.71 Safari/537.36" 
162.242.144.71 - - [02/Aug/2018:17:55:04 -0700] "GET /robots.txt HTTP/1.1" 301 446 "-" "Tornado-Async-Client" 
162.242.144.71 - - [02/Aug/2018:17:55:04 -0700] "GET /robots.txt HTTP/1.1" 304 130 "-" "Tornado-Async-Client" 
162.242.144.71 - - [02/Aug/2018:17:55:04 -0700] "GET /honeypot/BSidesDFW%2520-%25202014.ipynb%26amp HTTP/1.1" 301 503 "-" "Tornado-Async-Client" 
66.249.92.95 - - [02/Aug/2018:17:55:04 -0700] "GET / HTTP/1.1" 301 483 "-" "Mozilla/5.0 (Macintosh; Intel Mac OS X 10_8_4) AppleWebKit/537.36 (KHTML, like Gecko) Chrome/28.0.1500.71 Safari/537.36" 
162.242.144.71 - - [02/Aug/2018:17:55:04 -0700] "GET /honeypot/BSidesDFW%20-%202014.ipynb&amp HTTP/1.1" 404 284 "-" "Tornado-Async-Client" 
66.249.92.147 - - [02/Aug/2018:17:55:04 -0700] "GET / HTTP/1.1" 200 11356 "-" "Mozilla/5.0 (Macintosh; Intel Mac OS X 10_8_4) AppleWebKit/537.36 (KHTML, like Gecko) Chrome/28.0.1500.71 Safari/537.36" 
54.36.148.79 - - [02/Aug/2018:18:00:16 -0700] "GET /self.logs/2015/access.log.2015-12-10.gz HTTP/1.1" 200 6068 "-" "Mozilla/5.0 (compatible; AhrefsBot/5.2; +http://ahrefs.com/robot/)" 
71.202.233.164 - - [02/Aug/2018:18:00:44 -0700] "GET / HTTP/1.1" 301 483 "-" "Mozilla/5.0 (Linux; Android 7.0; SM-G920V Build/NRD90M; wv) AppleWebKit/537.36 (KHTML, like Gecko) Version/4.0 Chrome/67.0.3396.87 Mobile Safari/537.36" 
199.58.86.209 - - [02/Aug/2018:18:05:03 -0700] "GET /robots.txt HTTP/1.1" 200 289 "-" "Mozilla/5.0 (compatible; MJ12bot/v1.4.8; http://mj12bot.com/)" 
199.58.86.209 - - [02/Aug/2018:18:05:04 -0700] "GET / HTTP/1.1" 200 38539 "-" "Mozilla/5.0 (compatible; MJ12bot/v1.4.8; http://mj12bot.com/)" 
211.249.70.52 - - [02/Aug/2018:18:07:37 -0700] "GET / HTTP/1.1" 200 11357 "https://www.google.co.kr/" "Mozilla/5.0 (Windows NT 10.0; Win64; x64) AppleWebKit/537.36 (KHTML, like Gecko) Chrome/68.0.3440.84 Safari/537.36" 
211.249.70.52 - - [02/Aug/2018:18:07:39 -0700] "GET /twitter-icon.png HTTP/1.1" 200 27788 "http://www.secrepo.com/" "Mozilla/5.0 (Windows NT 10.0; Win64; x64) AppleWebKit/537.36 (KHTML, like Gecko) Chrome/68.0.3440.84 Safari/537.36" 
211.249.70.52 - - [02/Aug/2018:18:07:39 -0700] "GET /GitHub-Mark.png HTTP/1.1" 200 7428 "http://www.secrepo.com/" "Mozilla/5.0 (Windows NT 10.0; Win64; x64) AppleWebKit/537.36 (KHTML, like Gecko) Chrome/68.0.3440.84 Safari/537.36" 
41.223.160.173 - - [02/Aug/2018:18:08:33 -0700] "GET /tg/tg_snort_fast.7z HTTP/1.1" 304 131 "-" "Mozilla/5.0 Gecko/20100115 Firefox/3.6" 
54.36.148.174 - - [02/Aug/2018:18:12:35 -0700] "GET /self.logs/2016/error.log.2016-11-18.gz HTTP/1.1" 200 628 "-" "Mozilla/5.0 (compatible; AhrefsBot/5.2; +http://ahrefs.com/robot/)" 
54.36.148.102 - - [02/Aug/2018:18:14:30 -0700] "GET /self.logs/?C=M;O=D HTTP/1.1" 200 11801 "-" "Mozilla/5.0 (compatible; AhrefsBot/5.2; +http://ahrefs.com/robot/)" 
71.202.233.164 - - [02/Aug/2018:18:18:40 -0700] "GET / HTTP/1.1" 301 483 "-" "Mozilla/5.0 (Linux; Android 7.0; SM-G920V Build/NRD90M; wv) AppleWebKit/537.36 (KHTML, like Gecko) Version/4.0 Chrome/67.0.3396.87 Mobile Safari/537.36" 
71.202.233.164 - - [02/Aug/2018:18:18:40 -0700] "GET / HTTP/1.1" 200 11357 "-" "Mozilla/5.0 (Linux; Android 7.0; SM-G920V Build/NRD90M; wv) AppleWebKit/537.36 (KHTML, like Gecko) Version/4.0 Chrome/67.0.3396.87 Mobile Safari/537.36" 
71.202.233.164 - - [02/Aug/2018:18:18:41 -0700] "GET /GitHub-Mark.png HTTP/1.1" 200 7427 "http://www.secrepo.com/" "Mozilla/5.0 (Linux; Android 7.0; SM-G920V Build/NRD90M; wv) AppleWebKit/537.36 (KHTML, like Gecko) Version/4.0 Chrome/67.0.3396.87 Mobile Safari/537.36" 
71.202.233.164 - - [02/Aug/2018:18:18:41 -0700] "GET /twitter-icon.png HTTP/1.1" 200 27788 "http://www.secrepo.com/" "Mozilla/5.0 (Linux; Android 7.0; SM-G920V Build/NRD90M; wv) AppleWebKit/537.36 (KHTML, like Gecko) Version/4.0 Chrome/67.0.3396.87 Mobile Safari/537.36" 
54.36.149.49 - - [02/Aug/2018:18:20:10 -0700] "GET /self.logs/error.log.2018-02-05.gz HTTP/1.1" 200 4486 "-" "Mozilla/5.0 (compatible; AhrefsBot/5.2; +http://ahrefs.com/robot/)" 
118.71.104.141 - - [02/Aug/2018:18:23:15 -0700] "GET / HTTP/1.1" 301 498 "-" "Mozilla/5.0 (Windows; U; Windows NT 5.1; en-US; rv:x.x.x) Gecko/20041107 Firefox/x.x" 
118.71.104.141 - - [02/Aug/2018:18:23:16 -0700] "GET / HTTP/1.1" 200 38595 "-" "Mozilla/5.0 (Windows; U; Windows NT 5.1; en-US; rv:x.x.x) Gecko/20041107 Firefox/x.x" 
54.36.148.186 - - [02/Aug/2018:18:23:42 -0700] "GET /self.logs/2016/access.log.2016-08-19.gz HTTP/1.1" 200 11559 "-" "Mozilla/5.0 (compatible; AhrefsBot/5.2; +http://ahrefs.com/robot/)" 
202.152.159.80 - - [02/Aug/2018:18:26:34 -0700] "GET / HTTP/1.1" 200 11301 "-" "Mozilla/5.0 (Windows NT 10.0; Win64; x64; rv:52.0) Gecko/20100101 Firefox/52.0" 
202.152.159.80 - - [02/Aug/2018:18:26:35 -0700] "GET /GitHub-Mark.png HTTP/1.1" 200 7372 "http://www.secrepo.com/" "Mozilla/5.0 (Windows NT 10.0; Win64; x64; rv:52.0) Gecko/20100101 Firefox/52.0" 
202.152.159.80 - - [02/Aug/2018:18:26:35 -0700] "GET /twitter-icon.png HTTP/1.1" 200 27732 "http://www.secrepo.com/" "Mozilla/5.0 (Windows NT 10.0; Win64; x64; rv:52.0) Gecko/20100101 Firefox/52.0" 
202.152.159.80 - - [02/Aug/2018:18:26:36 -0700] "GET /bootstrap/img/favicon.ico HTTP/1.1" 200 534 "-" "Mozilla/5.0 (Windows NT 10.0; Win64; x64; rv:52.0) Gecko/20100101 Firefox/52.0" 
178.137.95.1 - - [02/Aug/2018:18:32:40 -0700] "GET /honeypot/ HTTP/1.1" 200 1077 "http://x5market.ru/" "Mozilla/4.0 (compatible; MSIE 6.0; Update a; AOL 6.0; Windows 98)" 
178.137.95.1 - - [02/Aug/2018:18:33:14 -0700] "GET /honeypot/ HTTP/1.1" 200 1077 "http://purchasepillsnorx.com/" "Mozilla/4.0 (compatible; MSIE 7.0b; Windows NT 6.0)" 
178.137.95.1 - - [02/Aug/2018:18:33:15 -0700] "GET /honeypot/ HTTP/1.1" 200 1077 "http://purchasepillsnorx.com/" "Mozilla/4.0 (compatible; MSIE 7.0b; Windows NT 6.0)" 
46.118.125.157 - - [02/Aug/2018:18:34:05 -0700] "GET /honeypot/ HTTP/1.1" 418 676 "http://pornoelita.info/" "Mozilla/4.0 (compatible; MSIE 6.0; Windows NT 5.1; SV1)" 
46.118.125.157 - - [02/Aug/2018:18:34:05 -0700] "GET /honeypot/ HTTP/1.1" 418 676 "http://pornoelita.info/" "Mozilla/4.0 (compatible; MSIE 6.0; Windows NT 5.1; SV1)" 
46.118.125.157 - - [02/Aug/2018:18:34:06 -0700] "GET /honeypot/ HTTP/1.1" 418 676 "http://pornoelita.info/" "Mozilla/4.0 (compatible; MSIE 6.0; Windows NT 5.1; SV1)" 
106.120.173.118 - - [02/Aug/2018:18:34:06 -0700] "GET /robots.txt HTTP/1.1" 200 252 "-" "Sogou web spider/4.0(+http://www.sogou.com/docs/help/webmasters.htm#07)" 
106.120.173.118 - - [02/Aug/2018:18:34:06 -0700] "GET / HTTP/1.1" 200 11320 "-" "Sogou web spider/4.0(+http://www.sogou.com/docs/help/webmasters.htm#07)" 
202.206.212.201 - - [02/Aug/2018:18:34:07 -0700] "GET / HTTP/1.1" 304 189 "-" "Mozilla/5.0 (Windows NT 10.0; WOW64) AppleWebKit/537.36 (KHTML, like Gecko) Chrome/63.0.3239.84 Safari/537.36" 
192.99.36.227 - - [02/Aug/2018:18:34:51 -0700] "GET /assets/components/gallery/connector.php HTTP/1.0" 301 576 "-" "Mozilla/5.0 (Windows NT 6.1; Win64; x64) AppleWebKit/537.36 (KHTML, like Gecko) Chrome/62.0.3202.94 Safari/537.36" 
192.99.36.227 - - [02/Aug/2018:18:34:54 -0700] "GET /assets/components/gallery/connector.php HTTP/1.0" 404 295 "-" "Mozilla/5.0 (Windows NT 6.1; Win64; x64) AppleWebKit/537.36 (KHTML, like Gecko) Chrome/62.0.3202.94 Safari/537.36" 
192.99.36.227 - - [02/Aug/2018:18:34:54 -0700] "GET /assets/components/gallery/connector.php HTTP/1.0" 301 576 "-" "Mozilla/5.0 (Windows NT 6.1; Win64; x64) AppleWebKit/537.36 (KHTML, like Gecko) Chrome/62.0.3202.94 Safari/537.36" 
192.99.36.227 - - [02/Aug/2018:18:34:54 -0700] "GET /assets/components/gallery/connector.php HTTP/1.0" 404 295 "-" "Mozilla/5.0 (Windows NT 6.1; Win64; x64) AppleWebKit/537.36 (KHTML, like Gecko) Chrome/62.0.3202.94 Safari/537.36" 
205.155.154.1 - - [02/Aug/2018:18:40:59 -0700] "GET / HTTP/1.1" 304 189 "-" "Mozilla/5.0 (Windows NT 10.0; Win64; x64) AppleWebKit/537.36 (KHTML, like Gecko) Chrome/67.0.3396.99 Safari/537.36" 
205.155.154.1 - - [02/Aug/2018:18:40:59 -0700] "GET /twitter-icon.png HTTP/1.1" 200 27787 "http://www.secrepo.com/" "Mozilla/5.0 (Windows NT 10.0; Win64; x64) AppleWebKit/537.36 (KHTML, like Gecko) Chrome/67.0.3396.99 Safari/537.36" 
205.155.154.1 - - [02/Aug/2018:18:41:01 -0700] "GET /GitHub-Mark.png HTTP/1.1" 200 7427 "http://www.secrepo.com/" "Mozilla/5.0 (Windows NT 10.0; Win64; x64) AppleWebKit/537.36 (KHTML, like Gecko) Chrome/67.0.3396.99 Safari/537.36" 
61.148.245.190 - - [02/Aug/2018:18:41:29 -0700] "GET / HTTP/1.1" 200 11357 "-" "Mozilla/5.0 (iPhone; CPU iPhone OS 11_4_1 like Mac OS X) AppleWebKit/605.1.15 (KHTML, like Gecko) Mobile/15G77 MicroMessenger/6.7.1 NetType/4G Language/zh_CN" 
61.148.245.190 - - [02/Aug/2018:18:41:30 -0700] "GET /twitter-icon.png HTTP/1.1" 200 27787 "http://www.secrepo.com/" "Mozilla/5.0 (iPhone; CPU iPhone OS 11_4_1 like Mac OS X) AppleWebKit/605.1.15 (KHTML, like Gecko) Mobile/15G77 MicroMessenger/6.7.1 NetType/4G Language/zh_CN" 
61.148.245.190 - - [02/Aug/2018:18:41:30 -0700] "GET /GitHub-Mark.png HTTP/1.1" 200 7428 "http://www.secrepo.com/" "Mozilla/5.0 (iPhone; CPU iPhone OS 11_4_1 like Mac OS X) AppleWebKit/605.1.15 (KHTML, like Gecko) Mobile/15G77 MicroMessenger/6.7.1 NetType/4G Language/zh_CN" 
24.207.213.76 - - [02/Aug/2018:18:42:15 -0700] "GET /robots.txt HTTP/1.1" 200 334 "-" "Mozilla/5.0 (Windows NT 10.0; Win64; x64) AppleWebKit/537.36 (KHTML, like Gecko) Chrome/67.0.3396.99 Safari/537.36" 
24.207.213.76 - - [02/Aug/2018:18:42:15 -0700] "GET / HTTP/1.1" 200 11357 "https://www.google.com/" "Mozilla/5.0 (Windows NT 10.0; Win64; x64) AppleWebKit/537.36 (KHTML, like Gecko) Chrome/67.0.3396.99 Safari/537.36" 
24.207.213.76 - - [02/Aug/2018:18:42:15 -0700] "GET /twitter-icon.png HTTP/1.1" 200 27787 "http://www.secrepo.com/" "Mozilla/5.0 (Windows NT 10.0; Win64; x64) AppleWebKit/537.36 (KHTML, like Gecko) Chrome/67.0.3396.99 Safari/537.36" 
24.207.213.76 - - [02/Aug/2018:18:42:15 -0700] "GET /GitHub-Mark.png HTTP/1.1" 200 7428 "http://www.secrepo.com/" "Mozilla/5.0 (Windows NT 10.0; Win64; x64) AppleWebKit/537.36 (KHTML, like Gecko) Chrome/67.0.3396.99 Safari/537.36" 
24.207.213.76 - - [02/Aug/2018:18:42:21 -0700] "GET /bootstrap/img/favicon.ico HTTP/1.1" 200 590 "http://www.secrepo.com/" "Mozilla/5.0 (Windows NT 10.0; Win64; x64) AppleWebKit/537.36 (KHTML, like Gecko) Chrome/67.0.3396.99 Safari/537.36" 
24.207.213.76 - - [02/Aug/2018:18:42:36 -0700] "GET /maccdc2012/ssh.log.gz HTTP/1.1" 200 182517 "-" "Mozilla/5.0 (Windows NT 10.0; Win64; x64) AppleWebKit/537.36 (KHTML, like Gecko) Chrome/67.0.3396.99 Safari/537.36" 
66.249.92.95 - - [02/Aug/2018:18:42:57 -0700] "GET / HTTP/1.1" 301 483 "-" "Mozilla/5.0 (Macintosh; Intel Mac OS X 10_8_4) AppleWebKit/537.36 (KHTML, like Gecko) Chrome/28.0.1500.71 Safari/537.36" 
66.249.92.148 - - [02/Aug/2018:18:42:58 -0700] "GET /pe_static/apt1.zip&amp HTTP/1.1" 404 340 "-" "Mozilla/5.0 (Macintosh; Intel Mac OS X 10_8_4) AppleWebKit/537.36 (KHTML, like Gecko) Chrome/28.0.1500.71 Safari/537.36" 
66.249.92.146 - - [02/Aug/2018:18:42:58 -0700] "GET / HTTP/1.1" 200 11357 "-" "Mozilla/5.0 (Macintosh; Intel Mac OS X 10_8_4) AppleWebKit/537.36 (KHTML, like Gecko) Chrome/28.0.1500.71 Safari/537.36" 
66.249.92.147 - - [02/Aug/2018:18:42:59 -0700] "GET /pe_static/zeus.zip&amp HTTP/1.1" 404 340 "-" "Mozilla/5.0 (Macintosh; Intel Mac OS X 10_8_4) AppleWebKit/537.36 (KHTML, like Gecko) Chrome/28.0.1500.71 Safari/537.36" 
66.249.92.148 - - [02/Aug/2018:18:42:59 -0700] "GET /pe_static/op-cleaver.zip&amp HTTP/1.1" 404 340 "-" "Mozilla/5.0 (Macintosh; Intel Mac OS X 10_8_4) AppleWebKit/537.36 (KHTML, like Gecko) Chrome/28.0.1500.71 Safari/537.36" 
23.249.162.75 - - [02/Aug/2018:18:43:56 -0700] "GET / HTTP/1.1" 200 38584 "-" "-" 
24.207.213.76 - - [02/Aug/2018:18:44:46 -0700] "GET /tg/tg_snort_fast.7z HTTP/1.1" 200 4274093 "-" "Mozilla/5.0 (Windows NT 10.0; Win64; x64) AppleWebKit/537.36 (KHTML, like Gecko) Chrome/67.0.3396.99 Safari/537.36" 
111.204.219.197 - - [02/Aug/2018:18:46:48 -0700] "GET / HTTP/1.1" 200 11357 "-" "Mozilla/5.0 (Windows NT 6.1; Win64; x64; rv:61.0) Gecko/20100101 Firefox/61.0" 
111.204.219.197 - - [02/Aug/2018:18:46:49 -0700] "GET /twitter-icon.png HTTP/1.1" 200 27788 "http://www.secrepo.com/" "Mozilla/5.0 (Windows NT 6.1; Win64; x64; rv:61.0) Gecko/20100101 Firefox/61.0" 
111.204.219.197 - - [02/Aug/2018:18:46:49 -0700] "GET /GitHub-Mark.png HTTP/1.1" 200 7428 "http://www.secrepo.com/" "Mozilla/5.0 (Windows NT 6.1; Win64; x64; rv:61.0) Gecko/20100101 Firefox/61.0" 
113.171.224.176 - - [02/Aug/2018:18:46:55 -0700] "GET /honeypot/Honeypot%20-%20Howto.pdf HTTP/1.1" 200 46720 "-" "Mozilla/5.0 Gecko/20100115 Firefox/3.6" 
54.36.149.51 - - [02/Aug/2018:18:48:10 -0700] "GET /self.logs/2015/error.log.2015-09-28.gz HTTP/1.1" 200 717 "-" "Mozilla/5.0 (compatible; AhrefsBot/5.2; +http://ahrefs.com/robot/)" 
111.204.219.197 - - [02/Aug/2018:18:48:20 -0700] "GET / HTTP/1.1" 200 11357 "-" "Mozilla/5.0 (Windows NT 6.1; Win64; x64; rv:61.0) Gecko/20100101 Firefox/61.0" 
111.204.219.197 - - [02/Aug/2018:18:48:22 -0700] "GET /GitHub-Mark.png HTTP/1.1" 200 7427 "http://www.secrepo.com/" "Mozilla/5.0 (Windows NT 6.1; Win64; x64; rv:61.0) Gecko/20100101 Firefox/61.0" 
111.204.219.197 - - [02/Aug/2018:18:48:22 -0700] "GET /twitter-icon.png HTTP/1.1" 200 27788 "http://www.secrepo.com/" "Mozilla/5.0 (Windows NT 6.1; Win64; x64; rv:61.0) Gecko/20100101 Firefox/61.0" 
111.204.219.197 - - [02/Aug/2018:18:48:32 -0700] "GET /bootstrap/img/favicon.ico HTTP/1.1" 200 590 "-" "Mozilla/5.0 (Windows NT 6.1; Win64; x64; rv:61.0) Gecko/20100101 Firefox/61.0" 
115.236.45.238 - - [02/Aug/2018:18:50:28 -0700] "GET /bootstrap/img/favicon.ico HTTP/1.1" 200 590 "-" "Mozilla/5.0 (Windows NT 10.0; Win64; x64) AppleWebKit/537.36 (KHTML, like Gecko) Chrome/67.0.3396.99 Safari/537.36" 
47.55.83.32 - - [02/Aug/2018:18:50:57 -0700] "GET / HTTP/1.1" 200 11357 "https://www.google.com/" "Mozilla/5.0 (X11; Ubuntu; Linux x86_64; rv:61.0) Gecko/20100101 Firefox/61.0" 
47.55.83.32 - - [02/Aug/2018:18:50:57 -0700] "GET /twitter-icon.png HTTP/1.1" 200 27787 "http://www.secrepo.com/" "Mozilla/5.0 (X11; Ubuntu; Linux x86_64; rv:61.0) Gecko/20100101 Firefox/61.0" 
47.55.83.32 - - [02/Aug/2018:18:50:58 -0700] "GET /GitHub-Mark.png HTTP/1.1" 200 7428 "http://www.secrepo.com/" "Mozilla/5.0 (X11; Ubuntu; Linux x86_64; rv:61.0) Gecko/20100101 Firefox/61.0" 
47.55.83.32 - - [02/Aug/2018:18:50:58 -0700] "GET /bootstrap/img/favicon.ico HTTP/1.1" 200 589 "-" "Mozilla/5.0 (X11; Ubuntu; Linux x86_64; rv:61.0) Gecko/20100101 Firefox/61.0" 
59.67.152.187 - - [02/Aug/2018:18:53:24 -0700] "GET / HTTP/1.1" 200 11357 "-" "Mozilla/5.0 (Windows NT 10.0; Win64; x64) AppleWebKit/537.36 (KHTML, like Gecko) Chrome/67.0.3396.99 Safari/537.36" 
59.67.152.187 - - [02/Aug/2018:18:53:24 -0700] "GET /twitter-icon.png HTTP/1.1" 200 27787 "http://www.secrepo.com/" "Mozilla/5.0 (Windows NT 10.0; Win64; x64) AppleWebKit/537.36 (KHTML, like Gecko) Chrome/67.0.3396.99 Safari/537.36" 
59.67.152.187 - - [02/Aug/2018:18:53:24 -0700] "GET /GitHub-Mark.png HTTP/1.1" 200 7428 "http://www.secrepo.com/" "Mozilla/5.0 (Windows NT 10.0; Win64; x64) AppleWebKit/537.36 (KHTML, like Gecko) Chrome/67.0.3396.99 Safari/537.36" 
59.67.152.187 - - [02/Aug/2018:18:53:46 -0700] "GET /bootstrap/img/favicon.ico HTTP/1.1" 200 590 "http://www.secrepo.com/" "Mozilla/5.0 (Windows NT 10.0; Win64; x64) AppleWebKit/537.36 (KHTML, like Gecko) Chrome/67.0.3396.99 Safari/537.36" 
120.3.224.20 - - [02/Aug/2018:18:57:22 -0700] "GET / HTTP/1.1" 200 11357 "-" "Mozilla/5.0 (Windows NT 10.0; WOW64; Trident/7.0; rv:11.0) like Gecko" 
120.3.224.20 - - [02/Aug/2018:18:57:22 -0700] "GET /twitter-icon.png HTTP/1.1" 200 27787 "http://www.secrepo.com/" "Mozilla/5.0 (Windows NT 10.0; WOW64; Trident/7.0; rv:11.0) like Gecko" 
120.3.224.20 - - [02/Aug/2018:18:57:22 -0700] "GET /GitHub-Mark.png HTTP/1.1" 200 7428 "http://www.secrepo.com/" "Mozilla/5.0 (Windows NT 10.0; WOW64; Trident/7.0; rv:11.0) like Gecko" 
120.3.224.20 - - [02/Aug/2018:18:57:51 -0700] "GET /bootstrap/img/favicon.ico HTTP/1.1" 200 590 "-" "Mozilla/5.0 (Windows NT 10.0; Win64; x64; Trident/7.0; rv:11.0) like Gecko" 
210.195.137.175 - - [02/Aug/2018:18:58:24 -0700] "GET /wp-login.php HTTP/1.1" 418 732 "-" "Mozilla/5.0 (Windows NT 6.1; WOW64; rv:40.0) Gecko/20100101 Firefox/40.1" 
210.195.137.175 - - [02/Aug/2018:18:58:24 -0700] "GET / HTTP/1.1" 418 732 "-" "Mozilla/5.0 (Windows NT 6.1; WOW64; rv:40.0) Gecko/20100101 Firefox/40.1" 
66.249.66.84 - - [02/Aug/2018:19:00:37 -0700] "GET / HTTP/1.1" 200 11357 "-" "Mozilla/5.0 (compatible; Googlebot/2.1; +http://www.google.com/bot.html)" 
66.249.66.83 - - [02/Aug/2018:19:00:48 -0700] "GET /honeypot/Honeypot%20-%20Howto.pdf HTTP/1.1" 304 168 "-" "Mozilla/5.0 (Linux; Android 6.0.1; Nexus 5X Build/MMB29P) AppleWebKit/537.36 (KHTML, like Gecko) Chrome/41.0.2272.96 Mobile Safari/537.36 (compatible; Googlebot/2.1; +http://www.google.com/bot.html)" 
66.249.66.83 - - [02/Aug/2018:19:03:32 -0700] "GET / HTTP/1.1" 200 11357 "-" "Mozilla/5.0 (Linux; Android 6.0.1; Nexus 5X Build/MMB29P) AppleWebKit/537.36 (KHTML, like Gecko) Chrome/41.0.2272.96 Mobile Safari/537.36 (compatible; Googlebot/2.1; +http://www.google.com/bot.html)" 
66.249.66.84 - - [02/Aug/2018:19:04:00 -0700] "GET /honeypot/Honeypot%20-%20Howto.pdf HTTP/1.1" 200 1279418 "-" "Mozilla/5.0 (compatible; Googlebot/2.1; +http://www.google.com/bot.html)" 
12.107.201.132 - - [02/Aug/2018:19:12:39 -0700] "GET / HTTP/1.1" 200 11357 "https://www.google.com/" "Mozilla/5.0 (X11; Linux x86_64) AppleWebKit/537.36 (KHTML, like Gecko) Ubuntu Chromium/67.0.3396.99 Chrome/67.0.3396.99 Safari/537.36" 
12.107.201.132 - - [02/Aug/2018:19:12:40 -0700] "GET /twitter-icon.png HTTP/1.1" 200 27788 "http://www.secrepo.com/" "Mozilla/5.0 (X11; Linux x86_64) AppleWebKit/537.36 (KHTML, like Gecko) Ubuntu Chromium/67.0.3396.99 Chrome/67.0.3396.99 Safari/537.36" 
12.107.201.132 - - [02/Aug/2018:19:12:40 -0700] "GET /GitHub-Mark.png HTTP/1.1" 200 7427 "http://www.secrepo.com/" "Mozilla/5.0 (X11; Linux x86_64) AppleWebKit/537.36 (KHTML, like Gecko) Ubuntu Chromium/67.0.3396.99 Chrome/67.0.3396.99 Safari/537.36" 
12.107.201.132 - - [02/Aug/2018:19:12:42 -0700] "GET /bootstrap/img/favicon.ico HTTP/1.1" 200 589 "http://www.secrepo.com/" "Mozilla/5.0 (X11; Linux x86_64) AppleWebKit/537.36 (KHTML, like Gecko) Ubuntu Chromium/67.0.3396.99 Chrome/67.0.3396.99 Safari/537.36" 
12.107.201.132 - - [02/Aug/2018:19:12:50 -0700] "GET /maccdc2012/dhcp.log.gz HTTP/1.1" 200 45019 "-" "Mozilla/5.0 (X11; Linux x86_64) AppleWebKit/537.36 (KHTML, like Gecko) Ubuntu Chromium/67.0.3396.99 Chrome/67.0.3396.99 Safari/537.36" 
12.107.201.132 - - [02/Aug/2018:19:13:31 -0700] "GET /maccdc2012/weird.log.gz HTTP/1.1" 200 1242777 "-" "Mozilla/5.0 (X11; Linux x86_64) AppleWebKit/537.36 (KHTML, like Gecko) Ubuntu Chromium/67.0.3396.99 Chrome/67.0.3396.99 Safari/537.36" 
12.107.201.132 - - [02/Aug/2018:19:13:16 -0700] "GET /maccdc2012/conn.log.gz HTTP/1.1" 200 551041635 "-" "Mozilla/5.0 (X11; Linux x86_64) AppleWebKit/537.36 (KHTML, like Gecko) Ubuntu Chromium/67.0.3396.99 Chrome/67.0.3396.99 Safari/537.36" 
12.107.201.132 - - [02/Aug/2018:19:17:36 -0700] "GET /self.logs/ HTTP/1.1" 200 11325 "http://www.secrepo.com/" "Mozilla/5.0 (X11; Linux x86_64) AppleWebKit/537.36 (KHTML, like Gecko) Ubuntu Chromium/67.0.3396.99 Chrome/67.0.3396.99 Safari/537.36" 
12.107.201.132 - - [02/Aug/2018:19:17:36 -0700] "GET /favicon.ico HTTP/1.1" 200 267 "http://www.secrepo.com/self.logs/" "Mozilla/5.0 (X11; Linux x86_64) AppleWebKit/537.36 (KHTML, like Gecko) Ubuntu Chromium/67.0.3396.99 Chrome/67.0.3396.99 Safari/537.36" 
12.107.201.132 - - [02/Aug/2018:19:17:39 -0700] "GET /self.logs/access.log.2017-01-01.gz HTTP/1.1" 200 17655 "http://www.secrepo.com/self.logs/" "Mozilla/5.0 (X11; Linux x86_64) AppleWebKit/537.36 (KHTML, like Gecko) Ubuntu Chromium/67.0.3396.99 Chrome/67.0.3396.99 Safari/537.36" 
101.199.110.112 - - [02/Aug/2018:19:18:23 -0700] "GET /twitter-icon.png HTTP/1.1" 200 27788 "-" "Mozilla/5.0 (Windows NT 6.1) AppleWebKit/537.36 (KHTML, like Gecko) Chrome/36.0.1985.125 Safari/537.36" 
66.249.66.83 - - [02/Aug/2018:19:22:56 -0700] "GET /self.logs/ HTTP/1.1" 200 11325 "-" "Mozilla/5.0 (Linux; Android 6.0.1; Nexus 5X Build/MMB29P) AppleWebKit/537.36 (KHTML, like Gecko) Chrome/41.0.2272.96 Mobile Safari/537.36 (compatible; Googlebot/2.1; +http://www.google.com/bot.html)" 
54.36.148.228 - - [02/Aug/2018:19:23:34 -0700] "GET /self.logs/error.log.2017-02-10.gz HTTP/1.1" 200 1114 "-" "Mozilla/5.0 (compatible; AhrefsBot/5.2; +http://ahrefs.com/robot/)" 
71.192.162.27 - - [02/Aug/2018:19:24:54 -0700] "GET / HTTP/1.1" 200 11357 "https://www.google.com/" "Mozilla/5.0 (Macintosh; Intel Mac OS X 10_13_6) AppleWebKit/537.36 (KHTML, like Gecko) Chrome/67.0.3396.99 Safari/537.36" 
