54.36.148.187 - - [26/May/2018:09:47:11 -0700] "GET /self.logs/2016/access.log.2016-08-10.gz HTTP/1.1" 200 5926 "-" "Mozilla/5.0 (compatible; AhrefsBot/5.2; +http://ahrefs.com/robot/)" 
82.244.149.134 - - [26/May/2018:09:47:12 -0700] "GET /favicon.ico HTTP/1.1" 200 268 "-" "Java/1.8.0_92" 
85.99.86.199 - - [26/May/2018:09:50:22 -0700] "GET /wp-login.php HTTP/1.1" 418 732 "-" "Mozilla/5.0 (Windows NT 6.1; WOW64; rv:40.0) Gecko/20100101 Firefox/40.1" 
85.99.86.199 - - [26/May/2018:09:50:22 -0700] "GET / HTTP/1.1" 418 732 "-" "Mozilla/5.0 (Windows NT 6.1; WOW64; rv:40.0) Gecko/20100101 Firefox/40.1" 
157.55.39.11 - - [26/May/2018:09:50:58 -0700] "GET /self.logs/access.log.2017-03-25.gz HTTP/1.1" 200 13554 "-" "Mozilla/5.0 (compatible; bingbot/2.0; +http://www.bing.com/bingbot.htm)" 
54.36.149.44 - - [26/May/2018:09:51:50 -0700] "GET /self.logs/2016/access.log.2016-01-30.gz HTTP/1.1" 200 34254 "-" "Mozilla/5.0 (compatible; AhrefsBot/5.2; +http://ahrefs.com/robot/)" 
66.249.66.84 - - [26/May/2018:09:54:27 -0700] "GET /favicon.ico HTTP/1.1" 304 163 "-" "Googlebot-Image/1.0" 
54.36.149.62 - - [26/May/2018:09:54:33 -0700] "GET /self.logs/2015/error.log.2015-04-05.gz HTTP/1.1" 200 993 "-" "Mozilla/5.0 (compatible; AhrefsBot/5.2; +http://ahrefs.com/robot/)" 
54.36.148.241 - - [26/May/2018:09:56:54 -0700] "GET /self.logs/2016/error.log.2016-05-28.gz HTTP/1.1" 200 570 "-" "Mozilla/5.0 (compatible; AhrefsBot/5.2; +http://ahrefs.com/robot/)" 
54.36.149.43 - - [26/May/2018:09:58:02 -0700] "GET /self.logs/access.log.2018-05-10.gz HTTP/1.1" 200 22271 "-" "Mozilla/5.0 (compatible; AhrefsBot/5.2; +http://ahrefs.com/robot/)" 
207.46.13.218 - - [26/May/2018:09:58:43 -0700] "GET /self.logs/error.log.2018-05-23.gz HTTP/1.1" 200 4407 "-" "Mozilla/5.0 (compatible; bingbot/2.0; +http://www.bing.com/bingbot.htm)" 
54.36.148.178 - - [26/May/2018:10:02:06 -0700] "GET /self.logs/2016/access.log.2016-06-01.gz HTTP/1.1" 200 9897 "-" "Mozilla/5.0 (compatible; AhrefsBot/5.2; +http://ahrefs.com/robot/)" 
157.55.39.11 - - [26/May/2018:10:05:04 -0700] "GET /self.logs/error.log.2017-04-27.gz HTTP/1.1" 200 728 "-" "Mozilla/5.0 (compatible; bingbot/2.0; +http://www.bing.com/bingbot.htm)" 
54.36.149.51 - - [26/May/2018:10:09:28 -0700] "GET /self.logs/error.log.2016-03-02.gz HTTP/1.1" 404 284 "-" "Mozilla/5.0 (compatible; AhrefsBot/5.2; +http://ahrefs.com/robot/)" 
54.36.148.219 - - [26/May/2018:10:10:22 -0700] "GET /self.logs/access.log.2016-08-22.gz HTTP/1.1" 404 284 "-" "Mozilla/5.0 (compatible; AhrefsBot/5.2; +http://ahrefs.com/robot/)" 
136.33.159.93 - - [26/May/2018:10:13:22 -0700] "GET /bootstrap/img/favicon.ico HTTP/1.1" 200 590 "http://rnwwwy.com:3000/" "Mozilla/5.0 (Windows NT 10.0; Win64; x64) AppleWebKit/537.36 (KHTML, like Gecko) Chrome/66.0.3359.181 Safari/537.36" 
54.36.148.98 - - [26/May/2018:10:15:42 -0700] "GET /self.logs/?C=S;O=D HTTP/1.1" 200 11398 "-" "Mozilla/5.0 (compatible; AhrefsBot/5.2; +http://ahrefs.com/robot/)" 
75.188.230.139 - - [26/May/2018:10:17:55 -0700] "GET / HTTP/1.1" 200 11353 "-" "Mozilla/5.0 (Windows NT 10.0; Win64; x64) AppleWebKit/537.36 (KHTML, like Gecko) Chrome/66.0.3359.181 Safari/537.36" 
75.188.230.139 - - [26/May/2018:10:17:55 -0700] "GET /twitter-icon.png HTTP/1.1" 200 27787 "http://www.secrepo.com/" "Mozilla/5.0 (Windows NT 10.0; Win64; x64) AppleWebKit/537.36 (KHTML, like Gecko) Chrome/66.0.3359.181 Safari/537.36" 
75.188.230.139 - - [26/May/2018:10:17:55 -0700] "GET /GitHub-Mark.png HTTP/1.1" 200 7428 "http://www.secrepo.com/" "Mozilla/5.0 (Windows NT 10.0; Win64; x64) AppleWebKit/537.36 (KHTML, like Gecko) Chrome/66.0.3359.181 Safari/537.36" 
75.188.230.139 - - [26/May/2018:10:17:56 -0700] "GET /bootstrap/img/favicon.ico HTTP/1.1" 200 589 "http://www.secrepo.com/" "Mozilla/5.0 (Windows NT 10.0; Win64; x64) AppleWebKit/537.36 (KHTML, like Gecko) Chrome/66.0.3359.181 Safari/537.36" 
75.188.230.139 - - [26/May/2018:10:20:49 -0700] "GET /self.logs/ HTTP/1.1" 200 10119 "http://www.secrepo.com/" "Mozilla/5.0 (Windows NT 10.0; Win64; x64) AppleWebKit/537.36 (KHTML, like Gecko) Chrome/66.0.3359.181 Safari/537.36" 
75.188.230.139 - - [26/May/2018:10:20:49 -0700] "GET /favicon.ico HTTP/1.1" 200 267 "http://www.secrepo.com/self.logs/" "Mozilla/5.0 (Windows NT 10.0; Win64; x64) AppleWebKit/537.36 (KHTML, like Gecko) Chrome/66.0.3359.181 Safari/537.36" 
54.36.148.185 - - [26/May/2018:10:24:28 -0700] "GET /self.logs/access.log.2015-08-23.gz HTTP/1.1" 404 284 "-" "Mozilla/5.0 (compatible; AhrefsBot/5.2; +http://ahrefs.com/robot/)" 
54.36.148.47 - - [26/May/2018:10:26:24 -0700] "GET /self.logs/access.log.2017-12-09.gz HTTP/1.1" 200 47627 "-" "Mozilla/5.0 (compatible; AhrefsBot/5.2; +http://ahrefs.com/robot/)" 
209.171.88.125 - - [26/May/2018:10:34:22 -0700] "GET / HTTP/1.1" 200 11297 "https://www.google.ca/" "Mozilla/5.0 (Linux; Android 8.0.0; SM-N950W Build/R16NW) AppleWebKit/537.36 (KHTML, like Gecko) Chrome/66.0.3359.158 Mobile Safari/537.36" 
209.171.88.125 - - [26/May/2018:10:34:23 -0700] "GET /twitter-icon.png HTTP/1.1" 200 27732 "http://www.secrepo.com/" "Mozilla/5.0 (Linux; Android 8.0.0; SM-N950W Build/R16NW) AppleWebKit/537.36 (KHTML, like Gecko) Chrome/66.0.3359.158 Mobile Safari/537.36" 
209.171.88.125 - - [26/May/2018:10:34:23 -0700] "GET /GitHub-Mark.png HTTP/1.1" 200 7372 "http://www.secrepo.com/" "Mozilla/5.0 (Linux; Android 8.0.0; SM-N950W Build/R16NW) AppleWebKit/537.36 (KHTML, like Gecko) Chrome/66.0.3359.158 Mobile Safari/537.36" 
209.171.88.125 - - [26/May/2018:10:34:24 -0700] "GET /bootstrap/img/favicon.ico HTTP/1.1" 200 534 "http://www.secrepo.com/" "Mozilla/5.0 (Linux; Android 8.0.0; SM-N950W Build/R16NW) AppleWebKit/537.36 (KHTML, like Gecko) Chrome/66.0.3359.158 Mobile Safari/537.36" 
46.134.183.232 - - [26/May/2018:10:34:38 -0700] "GET /wp-login.php HTTP/1.1" 418 732 "-" "Mozilla/5.0 (Windows NT 6.1; WOW64; rv:40.0) Gecko/20100101 Firefox/40.1" 
46.134.183.232 - - [26/May/2018:10:34:39 -0700] "GET / HTTP/1.1" 418 732 "-" "Mozilla/5.0 (Windows NT 6.1; WOW64; rv:40.0) Gecko/20100101 Firefox/40.1" 
54.36.148.40 - - [26/May/2018:10:35:34 -0700] "GET /self.logs/error.log.2017-10-04.gz HTTP/1.1" 200 4278 "-" "Mozilla/5.0 (compatible; AhrefsBot/5.2; +http://ahrefs.com/robot/)" 
104.194.25.156 - - [26/May/2018:10:38:10 -0700] "GET / HTTP/1.1" 200 11353 "-" "Mozilla/5.0 (Windows NT 6.3; Win64; x64) AppleWebKit/537.36 (KHTML, like Gecko) Chrome/66.0.3359.181 Safari/537.36" 
104.194.25.156 - - [26/May/2018:10:38:12 -0700] "GET /GitHub-Mark.png HTTP/1.1" 200 7428 "http://www.secrepo.com/" "Mozilla/5.0 (Windows NT 6.3; Win64; x64) AppleWebKit/537.36 (KHTML, like Gecko) Chrome/66.0.3359.181 Safari/537.36" 
104.194.25.156 - - [26/May/2018:10:38:12 -0700] "GET /twitter-icon.png HTTP/1.1" 200 27787 "http://www.secrepo.com/" "Mozilla/5.0 (Windows NT 6.3; Win64; x64) AppleWebKit/537.36 (KHTML, like Gecko) Chrome/66.0.3359.181 Safari/537.36" 
104.194.25.156 - - [26/May/2018:10:38:16 -0700] "GET /bootstrap/img/favicon.ico HTTP/1.1" 200 590 "http://www.secrepo.com/" "Mozilla/5.0 (Windows NT 6.3; Win64; x64) AppleWebKit/537.36 (KHTML, like Gecko) Chrome/66.0.3359.181 Safari/537.36" 
113.171.224.176 - - [26/May/2018:10:38:34 -0700] "GET /honeypot/Honeypot%20-%20Howto.pdf HTTP/1.1" 200 46720 "-" "Mozilla/5.0 Gecko/20100115 Firefox/3.6" 
54.37.85.105 - - [26/May/2018:10:40:18 -0700] "GET /robots.txt HTTP/1.1" 301 502 "-" "Barkrowler/0.7 (+http://www.exensa.com/crawl)" 
54.37.85.105 - - [26/May/2018:10:40:18 -0700] "GET /robots.txt HTTP/1.1" 200 334 "-" "Barkrowler/0.7 (+http://www.exensa.com/crawl)" 
54.37.85.105 - - [26/May/2018:10:40:54 -0700] "GET / HTTP/1.1" 301 483 "-" "Barkrowler/0.7 (+http://www.exensa.com/crawl)" 
40.77.167.160 - - [26/May/2018:10:41:54 -0700] "GET /self.logs/access.log.2018-05-23.gz HTTP/1.1" 200 18515 "-" "Mozilla/5.0 (compatible; bingbot/2.0; +http://www.bing.com/bingbot.htm)" 
54.36.148.126 - - [26/May/2018:10:43:55 -0700] "GET /self.logs/access.log.2015-04-01.gz HTTP/1.1" 404 284 "-" "Mozilla/5.0 (compatible; AhrefsBot/5.2; +http://ahrefs.com/robot/)" 
75.188.230.139 - - [26/May/2018:10:43:59 -0700] "GET /self.logs/ HTTP/1.1" 200 10119 "-" "Mozilla/5.0 (Windows NT 6.3; Win64; x64) AppleWebKit/537.36 (KHTML, like Gecko) Chrome/66.0.3359.181 Safari/537.36" 
75.188.230.139 - - [26/May/2018:10:44:00 -0700] "GET /favicon.ico HTTP/1.1" 200 267 "http://www.secrepo.com/self.logs/" "Mozilla/5.0 (Windows NT 6.3; Win64; x64) AppleWebKit/537.36 (KHTML, like Gecko) Chrome/66.0.3359.181 Safari/537.36" 
75.188.230.139 - - [26/May/2018:10:44:13 -0700] "GET /self.logs/error.log.2018-02-23.gz HTTP/1.1" 200 3922 "http://www.secrepo.com/self.logs/" "Mozilla/5.0 (Windows NT 6.3; Win64; x64) AppleWebKit/537.36 (KHTML, like Gecko) Chrome/66.0.3359.181 Safari/537.36" 
75.188.230.139 - - [26/May/2018:10:45:24 -0700] "GET /self.logs/access.log.2018-01-30.gz HTTP/1.1" 200 22417 "http://www.secrepo.com/self.logs/" "Mozilla/5.0 (Windows NT 6.3; Win64; x64) AppleWebKit/537.36 (KHTML, like Gecko) Chrome/66.0.3359.181 Safari/537.36" 
104.194.25.156 - - [26/May/2018:10:48:15 -0700] "GET /maccdc2012/dhcp.log.gz HTTP/1.1" 200 45019 "http://www.secrepo.com/" "Mozilla/5.0 (Windows NT 6.3; Win64; x64) AppleWebKit/537.36 (KHTML, like Gecko) Chrome/66.0.3359.181 Safari/537.36" 
54.36.148.148 - - [26/May/2018:10:53:21 -0700] "GET /self.logs/2016/error.log.2016-04-05.gz HTTP/1.1" 200 1383 "-" "Mozilla/5.0 (compatible; AhrefsBot/5.2; +http://ahrefs.com/robot/)" 
54.36.148.210 - - [26/May/2018:10:54:24 -0700] "GET /self.logs/error.log.2016-08-12.gz HTTP/1.1" 404 284 "-" "Mozilla/5.0 (compatible; AhrefsBot/5.2; +http://ahrefs.com/robot/)" 
216.244.66.245 - - [26/May/2018:10:55:34 -0700] "GET /robots.txt HTTP/1.1" 200 233 "-" "Mozilla/5.0 (compatible; DotBot/1.1; http://www.opensiteexplorer.org/dotbot, help@moz.com)" 
42.3.18.57 - - [26/May/2018:10:56:03 -0700] "GET / HTTP/1.1" 200 11353 "https://www.google.com.hk/" "Mozilla/5.0 (Macintosh; Intel Mac OS X 10_13_4) AppleWebKit/537.36 (KHTML, like Gecko) Chrome/66.0.3359.139 Safari/537.36" 
42.3.18.57 - - [26/May/2018:10:56:04 -0700] "GET /GitHub-Mark.png HTTP/1.1" 200 7428 "http://www.secrepo.com/" "Mozilla/5.0 (Macintosh; Intel Mac OS X 10_13_4) AppleWebKit/537.36 (KHTML, like Gecko) Chrome/66.0.3359.139 Safari/537.36" 
42.3.18.57 - - [26/May/2018:10:56:04 -0700] "GET /twitter-icon.png HTTP/1.1" 200 27787 "http://www.secrepo.com/" "Mozilla/5.0 (Macintosh; Intel Mac OS X 10_13_4) AppleWebKit/537.36 (KHTML, like Gecko) Chrome/66.0.3359.139 Safari/537.36" 
42.3.18.57 - - [26/May/2018:10:56:07 -0700] "GET /bootstrap/img/favicon.ico HTTP/1.1" 200 590 "http://www.secrepo.com/" "Mozilla/5.0 (Macintosh; Intel Mac OS X 10_13_4) AppleWebKit/537.36 (KHTML, like Gecko) Chrome/66.0.3359.139 Safari/537.36" 
208.80.194.31 - - [26/May/2018:10:56:08 -0700] "GET / HTTP/1.0" 200 38584 "-" "Mozilla/5.0 (Windows NT 5.1) AppleWebKit/535.7 (KHTML, like Gecko) Chrome/16.0.912.63 Safari/535.7" 
42.3.18.57 - - [26/May/2018:10:57:38 -0700] "GET /tg/a.zip HTTP/1.1" 200 773800 "-" "Mozilla/5.0 (Macintosh; Intel Mac OS X 10_13_4) AppleWebKit/537.36 (KHTML, like Gecko) Chrome/66.0.3359.139 Safari/537.36" 
104.194.25.156 - - [26/May/2018:10:58:16 -0700] "GET /maccdc2012/tunnel.log.gz HTTP/1.1" 200 5229 "-" "Mozilla/5.0 (Windows NT 6.3; Win64; x64) AppleWebKit/537.36 (KHTML, like Gecko) Chrome/66.0.3359.181 Safari/537.36" 
54.36.149.25 - - [26/May/2018:10:58:47 -0700] "GET /self.logs/error.log.2016-08-07.gz HTTP/1.1" 404 284 "-" "Mozilla/5.0 (compatible; AhrefsBot/5.2; +http://ahrefs.com/robot/)" 
42.3.18.57 - - [26/May/2018:10:58:17 -0700] "GET /maccdc2012/conn.log.gz HTTP/1.1" 200 290358555 "-" "Mozilla/5.0 (Macintosh; Intel Mac OS X 10_13_4) AppleWebKit/537.36 (KHTML, like Gecko) Chrome/66.0.3359.139 Safari/537.36" 
42.3.18.57 - - [26/May/2018:11:01:44 -0700] "GET /tg/tg_snort_fast.7z HTTP/1.1" 200 4274093 "-" "Mozilla/5.0 (Macintosh; Intel Mac OS X 10_13_4) AppleWebKit/537.36 (KHTML, like Gecko) Chrome/66.0.3359.139 Safari/537.36" 
42.3.18.57 - - [26/May/2018:11:01:49 -0700] "GET /tg/tg_snort_full.7z HTTP/1.1" 200 8847794 "-" "Mozilla/5.0 (Macintosh; Intel Mac OS X 10_13_4) AppleWebKit/537.36 (KHTML, like Gecko) Chrome/66.0.3359.139 Safari/537.36" 
216.244.66.245 - - [26/May/2018:11:02:12 -0700] "GET /self.logs/error.log.2018-02-10.gz HTTP/1.1" 200 3671 "-" "Mozilla/5.0 (compatible; DotBot/1.1; http://www.opensiteexplorer.org/dotbot, help@moz.com)" 
216.244.66.245 - - [26/May/2018:11:02:40 -0700] "GET /self.logs/2015/access.log.2015-02-17.gz HTTP/1.1" 200 11147 "-" "Mozilla/5.0 (compatible; DotBot/1.1; http://www.opensiteexplorer.org/dotbot, help@moz.com)" 
216.244.66.245 - - [26/May/2018:11:02:41 -0700] "GET /self.logs/2015/access.log.2015-10-04.gz HTTP/1.1" 200 6029 "-" "Mozilla/5.0 (compatible; DotBot/1.1; http://www.opensiteexplorer.org/dotbot, help@moz.com)" 
216.244.66.245 - - [26/May/2018:11:02:42 -0700] "GET /self.logs/2015/access.log.2015-10-27.gz HTTP/1.1" 200 6381 "-" "Mozilla/5.0 (compatible; DotBot/1.1; http://www.opensiteexplorer.org/dotbot, help@moz.com)" 
216.244.66.245 - - [26/May/2018:11:02:43 -0700] "GET /self.logs/2015/access.log.2015-11-10.gz HTTP/1.1" 200 7495 "-" "Mozilla/5.0 (compatible; DotBot/1.1; http://www.opensiteexplorer.org/dotbot, help@moz.com)" 
216.244.66.245 - - [26/May/2018:11:02:44 -0700] "GET /self.logs/2015/error.log.2015-07-30.gz HTTP/1.1" 200 722 "-" "Mozilla/5.0 (compatible; DotBot/1.1; http://www.opensiteexplorer.org/dotbot, help@moz.com)" 
216.244.66.245 - - [26/May/2018:11:02:45 -0700] "GET /self.logs/2015/error.log.2015-09-27.gz HTTP/1.1" 200 667 "-" "Mozilla/5.0 (compatible; DotBot/1.1; http://www.opensiteexplorer.org/dotbot, help@moz.com)" 
216.244.66.245 - - [26/May/2018:11:02:46 -0700] "GET /self.logs/2016/access.log.2016-05-29.gz HTTP/1.1" 200 8007 "-" "Mozilla/5.0 (compatible; DotBot/1.1; http://www.opensiteexplorer.org/dotbot, help@moz.com)" 
216.244.66.245 - - [26/May/2018:11:02:47 -0700] "GET /self.logs/2016/access.log.2016-06-03.gz HTTP/1.1" 200 11460 "-" "Mozilla/5.0 (compatible; DotBot/1.1; http://www.opensiteexplorer.org/dotbot, help@moz.com)" 
216.244.66.245 - - [26/May/2018:11:02:48 -0700] "GET /self.logs/2016/access.log.2016-06-26.gz HTTP/1.1" 200 6699 "-" "Mozilla/5.0 (compatible; DotBot/1.1; http://www.opensiteexplorer.org/dotbot, help@moz.com)" 
216.244.66.245 - - [26/May/2018:11:02:49 -0700] "GET /self.logs/2016/access.log.2016-08-01.gz HTTP/1.1" 200 10293 "-" "Mozilla/5.0 (compatible; DotBot/1.1; http://www.opensiteexplorer.org/dotbot, help@moz.com)" 
216.244.66.245 - - [26/May/2018:11:02:50 -0700] "GET /self.logs/2016/error.log.2016-03-06.gz HTTP/1.1" 200 1006 "-" "Mozilla/5.0 (compatible; DotBot/1.1; http://www.opensiteexplorer.org/dotbot, help@moz.com)" 
216.244.66.245 - - [26/May/2018:11:02:52 -0700] "GET /self.logs/2016/error.log.2016-07-08.gz HTTP/1.1" 200 612 "-" "Mozilla/5.0 (compatible; DotBot/1.1; http://www.opensiteexplorer.org/dotbot, help@moz.com)" 
216.244.66.245 - - [26/May/2018:11:02:53 -0700] "GET /self.logs/2016/error.log.2016-09-25.gz HTTP/1.1" 200 1347 "-" "Mozilla/5.0 (compatible; DotBot/1.1; http://www.opensiteexplorer.org/dotbot, help@moz.com)" 
216.244.66.245 - - [26/May/2018:11:02:54 -0700] "GET /self.logs/2016/error.log.2016-10-23.gz HTTP/1.1" 200 1175 "-" "Mozilla/5.0 (compatible; DotBot/1.1; http://www.opensiteexplorer.org/dotbot, help@moz.com)" 
216.244.66.245 - - [26/May/2018:11:02:55 -0700] "GET /self.logs/2016/error.log.2016-11-05.gz HTTP/1.1" 200 710 "-" "Mozilla/5.0 (compatible; DotBot/1.1; http://www.opensiteexplorer.org/dotbot, help@moz.com)" 
216.244.66.245 - - [26/May/2018:11:02:56 -0700] "GET /self.logs/2016/error.log.2016-11-19.gz HTTP/1.1" 200 524 "-" "Mozilla/5.0 (compatible; DotBot/1.1; http://www.opensiteexplorer.org/dotbot, help@moz.com)" 
216.244.66.245 - - [26/May/2018:11:02:57 -0700] "GET /self.logs/2016/error.log.2016-12-06.gz HTTP/1.1" 200 664 "-" "Mozilla/5.0 (compatible; DotBot/1.1; http://www.opensiteexplorer.org/dotbot, help@moz.com)" 
157.55.39.11 - - [26/May/2018:11:05:16 -0700] "GET /self.logs/ HTTP/1.1" 200 10119 "-" "Mozilla/5.0 (compatible; bingbot/2.0; +http://www.bing.com/bingbot.htm)" 
123.125.67.156 - - [26/May/2018:11:05:32 -0700] "GET /robots.txt HTTP/1.1" 301 465 "-" "Mozilla/5.0 (Windows NT 10.0; WOW64) AppleWebKit/537.36 (KHTML, like Gecko) Chrome/45.0.2454.93 Safari/537.36" 
123.125.67.159 - - [26/May/2018:11:05:33 -0700] "GET /robots.txt HTTP/1.1" 200 297 "-" "Mozilla/5.0 (Windows NT 10.0; WOW64) AppleWebKit/537.36 (KHTML, like Gecko) Chrome/45.0.2454.93 Safari/537.36" 
123.125.67.221 - - [26/May/2018:11:05:33 -0700] "GET /robots.txt HTTP/1.1" 200 297 "-" "Mozilla/5.0 (Windows NT 10.0; WOW64) AppleWebKit/537.36 (KHTML, like Gecko) Chrome/45.0.2454.93 Safari/537.36" 
123.125.71.36 - - [26/May/2018:11:05:34 -0700] "GET /robots.txt HTTP/1.1" 301 465 "-" "Mozilla/5.0 (compatible; Baiduspider/2.0; +http://www.baidu.com/search/spider.html)" 
123.125.71.53 - - [26/May/2018:11:05:35 -0700] "GET /robots.txt HTTP/1.1" 200 297 "-" "Mozilla/5.0 (compatible; Baiduspider/2.0; +http://www.baidu.com/search/spider.html)" 
123.125.67.224 - - [26/May/2018:11:05:35 -0700] "GET /robots.txt HTTP/1.1" 200 297 "-" "Mozilla/5.0 (Windows NT 10.0; WOW64) AppleWebKit/537.36 (KHTML, like Gecko) Chrome/45.0.2454.93 Safari/537.36" 
123.125.67.226 - - [26/May/2018:11:05:36 -0700] "GET /robots.txt HTTP/1.1" 301 465 "-" "Mozilla/5.0 (Windows NT 10.0; WOW64) AppleWebKit/537.36 (KHTML, like Gecko) Chrome/45.0.2454.93 Safari/537.36" 
123.125.67.221 - - [26/May/2018:11:05:37 -0700] "GET /robots.txt HTTP/1.1" 200 297 "-" "Mozilla/5.0 (Windows NT 10.0; WOW64) AppleWebKit/537.36 (KHTML, like Gecko) Chrome/45.0.2454.93 Safari/537.36" 
123.125.71.48 - - [26/May/2018:11:05:38 -0700] "GET /robots.txt HTTP/1.1" 200 297 "-" "Mozilla/5.0 (compatible; Baiduspider/2.0; +http://www.baidu.com/search/spider.html)" 
54.36.148.173 - - [26/May/2018:11:07:21 -0700] "GET /self.logs/2015/error.log.2015-06-25.gz HTTP/1.1" 200 1070 "-" "Mozilla/5.0 (compatible; AhrefsBot/5.2; +http://ahrefs.com/robot/)" 
115.186.153.76 - - [26/May/2018:11:08:56 -0700] "GET /wp-login.php HTTP/1.1" 418 732 "-" "Mozilla/5.0 (Windows NT 6.1; WOW64; rv:40.0) Gecko/20100101 Firefox/40.1" 
115.186.153.76 - - [26/May/2018:11:08:57 -0700] "GET / HTTP/1.1" 418 732 "-" "Mozilla/5.0 (Windows NT 6.1; WOW64; rv:40.0) Gecko/20100101 Firefox/40.1" 
104.194.25.156 - - [26/May/2018:10:59:50 -0700] "GET /pe_static/zeus.zip HTTP/1.1" 200 37980476 "-" "Mozilla/5.0 (Windows NT 6.3; Win64; x64) AppleWebKit/537.36 (KHTML, like Gecko) Chrome/66.0.3359.181 Safari/537.36" 
66.249.66.82 - - [26/May/2018:11:10:47 -0700] "GET /favicon.ico HTTP/1.1" 200 268 "-" "Googlebot-Image/1.0" 
112.215.151.15 - - [26/May/2018:11:11:30 -0700] "GET /wp-login.php HTTP/1.1" 418 732 "-" "Mozilla/5.0 (Windows NT 6.1; WOW64; rv:40.0) Gecko/20100101 Firefox/40.1" 
112.215.151.15 - - [26/May/2018:11:11:31 -0700] "GET / HTTP/1.1" 418 732 "-" "Mozilla/5.0 (Windows NT 6.1; WOW64; rv:40.0) Gecko/20100101 Firefox/40.1" 
104.194.25.156 - - [26/May/2018:11:14:20 -0700] "GET /pe_static/zeus.zip HTTP/1.1" 206 13386981 "-" "Mozilla/5.0 (Windows NT 6.3; Win64; x64) AppleWebKit/537.36 (KHTML, like Gecko) Chrome/66.0.3359.181 Safari/537.36" 
216.244.66.245 - - [26/May/2018:11:19:35 -0700] "GET /robots.txt HTTP/1.1" 200 233 "-" "Mozilla/5.0 (compatible; DotBot/1.1; http://www.opensiteexplorer.org/dotbot, help@moz.com)" 
94.55.170.39 - - [26/May/2018:11:21:15 -0700] "GET /wp-login.php HTTP/1.1" 418 732 "-" "Mozilla/5.0 (Windows NT 6.1; WOW64; rv:40.0) Gecko/20100101 Firefox/40.1" 
94.55.170.39 - - [26/May/2018:11:21:16 -0700] "GET / HTTP/1.1" 418 732 "-" "Mozilla/5.0 (Windows NT 6.1; WOW64; rv:40.0) Gecko/20100101 Firefox/40.1" 
93.113.41.192 - - [26/May/2018:11:22:02 -0700] "GET /wp-login.php HTTP/1.1" 418 732 "-" "Mozilla/5.0 (Windows NT 6.1; WOW64; rv:40.0) Gecko/20100101 Firefox/40.1" 
93.113.41.192 - - [26/May/2018:11:22:03 -0700] "GET / HTTP/1.1" 418 732 "-" "Mozilla/5.0 (Windows NT 6.1; WOW64; rv:40.0) Gecko/20100101 Firefox/40.1" 
54.211.61.175 - - [26/May/2018:11:22:16 -0700] "GET /favicon.ico HTTP/1.1" 301 445 "http://secrepo.com" "Mozilla/5.0 (Macintosh; Intel Mac OS X 10.12; rv:52.0) Gecko/20100101 Firefox/52.0" 
54.211.61.175 - - [26/May/2018:11:22:16 -0700] "GET /favicon.ico HTTP/1.1" 200 212 "http://secrepo.com" "Mozilla/5.0 (Macintosh; Intel Mac OS X 10.12; rv:52.0) Gecko/20100101 Firefox/52.0" 
36.110.163.110 - - [26/May/2018:11:24:49 -0700] "GET / HTTP/1.1" 200 11353 "http://www.secrepo.com" "Mozilla/5.0 (Linux; Android 6.0; Nexus 5 Build/MRA58N) AppleWebKit/537.36 (KHTML, like Gecko) Chrome/65.0.3325.181 Mobile Safari/537.36" 
66.249.66.82 - - [26/May/2018:11:26:21 -0700] "GET /bootstrap/img/favicon.ico HTTP/1.1" 304 165 "-" "Googlebot-Image/1.0" 
216.244.66.245 - - [26/May/2018:11:26:54 -0700] "GET /self.logs/2015/access.log.2015-02-04.gz HTTP/1.1" 200 3876 "-" "Mozilla/5.0 (compatible; DotBot/1.1; http://www.opensiteexplorer.org/dotbot, help@moz.com)" 
216.244.66.245 - - [26/May/2018:11:26:56 -0700] "GET /self.logs/2015/access.log.2015-04-02.gz HTTP/1.1" 200 3214 "-" "Mozilla/5.0 (compatible; DotBot/1.1; http://www.opensiteexplorer.org/dotbot, help@moz.com)" 
216.244.66.245 - - [26/May/2018:11:26:57 -0700] "GET /self.logs/2015/access.log.2015-04-12.gz HTTP/1.1" 200 3002 "-" "Mozilla/5.0 (compatible; DotBot/1.1; http://www.opensiteexplorer.org/dotbot, help@moz.com)" 
216.244.66.245 - - [26/May/2018:11:26:58 -0700] "GET /self.logs/2015/error.log.2015-02-02.gz HTTP/1.1" 200 574 "-" "Mozilla/5.0 (compatible; DotBot/1.1; http://www.opensiteexplorer.org/dotbot, help@moz.com)" 
216.244.66.245 - - [26/May/2018:11:26:59 -0700] "GET /self.logs/2015/error.log.2015-04-25.gz HTTP/1.1" 200 890 "-" "Mozilla/5.0 (compatible; DotBot/1.1; http://www.opensiteexplorer.org/dotbot, help@moz.com)" 
216.244.66.245 - - [26/May/2018:11:27:01 -0700] "GET /self.logs/2015/error.log.2015-07-16.gz HTTP/1.1" 200 580 "-" "Mozilla/5.0 (compatible; DotBot/1.1; http://www.opensiteexplorer.org/dotbot, help@moz.com)" 
216.244.66.245 - - [26/May/2018:11:27:02 -0700] "GET /self.logs/2015/error.log.2015-12-02.gz HTTP/1.1" 200 555 "-" "Mozilla/5.0 (compatible; DotBot/1.1; http://www.opensiteexplorer.org/dotbot, help@moz.com)" 
216.244.66.245 - - [26/May/2018:11:27:03 -0700] "GET /self.logs/2016/access.log.2016-03-07.gz HTTP/1.1" 200 9356 "-" "Mozilla/5.0 (compatible; DotBot/1.1; http://www.opensiteexplorer.org/dotbot, help@moz.com)" 
216.244.66.245 - - [26/May/2018:11:27:04 -0700] "GET /self.logs/2016/error.log.2016-01-01.gz HTTP/1.1" 200 473 "-" "Mozilla/5.0 (compatible; DotBot/1.1; http://www.opensiteexplorer.org/dotbot, help@moz.com)" 
216.244.66.245 - - [26/May/2018:11:27:05 -0700] "GET /self.logs/2016/error.log.2016-01-13.gz HTTP/1.1" 200 408 "-" "Mozilla/5.0 (compatible; DotBot/1.1; http://www.opensiteexplorer.org/dotbot, help@moz.com)" 
216.244.66.245 - - [26/May/2018:11:27:07 -0700] "GET /self.logs/2016/error.log.2016-05-15.gz HTTP/1.1" 200 456 "-" "Mozilla/5.0 (compatible; DotBot/1.1; http://www.opensiteexplorer.org/dotbot, help@moz.com)" 
216.244.66.245 - - [26/May/2018:11:27:08 -0700] "GET /self.logs/2016/error.log.2016-08-24.gz HTTP/1.1" 200 1032 "-" "Mozilla/5.0 (compatible; DotBot/1.1; http://www.opensiteexplorer.org/dotbot, help@moz.com)" 
216.244.66.245 - - [26/May/2018:11:27:09 -0700] "GET /self.logs/2016/error.log.2016-09-07.gz HTTP/1.1" 200 1320 "-" "Mozilla/5.0 (compatible; DotBot/1.1; http://www.opensiteexplorer.org/dotbot, help@moz.com)" 
73.151.77.231 - - [26/May/2018:11:29:45 -0700] "GET / HTTP/1.1" 200 11353 "-" "Mozilla/5.0 (Macintosh; Intel Mac OS X 10.13; rv:60.0) Gecko/20100101 Firefox/60.0" 
73.151.77.231 - - [26/May/2018:11:29:45 -0700] "GET /GitHub-Mark.png HTTP/1.1" 200 7427 "http://www.secrepo.com/" "Mozilla/5.0 (Macintosh; Intel Mac OS X 10.13; rv:60.0) Gecko/20100101 Firefox/60.0" 
73.151.77.231 - - [26/May/2018:11:29:45 -0700] "GET /twitter-icon.png HTTP/1.1" 200 27788 "http://www.secrepo.com/" "Mozilla/5.0 (Macintosh; Intel Mac OS X 10.13; rv:60.0) Gecko/20100101 Firefox/60.0" 
73.151.77.231 - - [26/May/2018:11:29:46 -0700] "GET /bootstrap/img/favicon.ico HTTP/1.1" 200 589 "-" "Mozilla/5.0 (Macintosh; Intel Mac OS X 10.13; rv:60.0) Gecko/20100101 Firefox/60.0" 
75.188.230.139 - - [26/May/2018:11:29:50 -0700] "GET /self.logs/access.log.2017-01-01.gz HTTP/1.1" 200 17557 "-" "Python-urllib/2.7" 
54.36.148.73 - - [26/May/2018:11:30:02 -0700] "GET /self.logs/2015/error.log.2015-04-06.gz HTTP/1.1" 200 610 "-" "Mozilla/5.0 (compatible; AhrefsBot/5.2; +http://ahrefs.com/robot/)" 
73.151.77.231 - - [26/May/2018:11:29:52 -0700] "GET /maccdc2012/conn.log.gz HTTP/1.1" 200 551041635 "http://www.secrepo.com/" "Mozilla/5.0 (Macintosh; Intel Mac OS X 10.13; rv:60.0) Gecko/20100101 Firefox/60.0" 
75.188.230.139 - - [26/May/2018:11:31:39 -0700] "GET /self.logs/access.log.2017-01-01.gz HTTP/1.1" 200 17557 "-" "Python-urllib/2.7" 
75.188.230.139 - - [26/May/2018:11:32:52 -0700] "GET /self.logs/access.log.2017-01-01.gz HTTP/1.1" 200 17557 "-" "Python-urllib/2.7" 
75.188.230.139 - - [26/May/2018:11:33:26 -0700] "GET /self.logs/access.log.2017-01-01.gz HTTP/1.1" 200 17557 "-" "Python-urllib/2.7" 
75.188.230.139 - - [26/May/2018:11:35:01 -0700] "GET /self.logs/access.log.2017-01-01.gz HTTP/1.1" 200 17557 "-" "Python-urllib/2.7" 
54.36.148.41 - - [26/May/2018:11:35:11 -0700] "GET /self.logs/error.log.2018-05-10.gz HTTP/1.1" 200 3879 "-" "Mozilla/5.0 (compatible; AhrefsBot/5.2; +http://ahrefs.com/robot/)" 
75.188.230.139 - - [26/May/2018:11:35:14 -0700] "GET /self.logs/access.log.2017-01-01.gz HTTP/1.1" 200 17557 "-" "Python-urllib/2.7" 
75.188.230.139 - - [26/May/2018:11:37:21 -0700] "GET /self.logs/access.log.2017-01-01.gz HTTP/1.1" 200 17557 "-" "Python-urllib/2.7" 
75.188.230.139 - - [26/May/2018:11:37:49 -0700] "GET /self.logs/access.log.2017-01-01.gz HTTP/1.1" 200 17557 "-" "Python-urllib/2.7" 
75.188.230.139 - - [26/May/2018:11:38:16 -0700] "GET /self.logs/access.log.2017-01-01.gz HTTP/1.1" 200 17557 "-" "Python-urllib/2.7" 
113.171.224.176 - - [26/May/2018:11:38:37 -0700] "GET /honeypot/Honeypot%20-%20Howto.pdf HTTP/1.1" 200 46720 "-" "Mozilla/5.0 Gecko/20100115 Firefox/3.6" 
73.185.4.255 - - [26/May/2018:11:40:14 -0700] "GET /wp-login.php HTTP/1.1" 418 732 "-" "Mozilla/5.0 (Windows NT 6.1; WOW64; rv:40.0) Gecko/20100101 Firefox/40.1" 
157.55.39.160 - - [26/May/2018:11:43:15 -0700] "GET /honeypot/Honeypot%20-%20Howto%20-%20BSides%20Austin.pdf HTTP/1.1" 200 2928460 "-" "Mozilla/5.0 (iPhone; CPU iPhone OS 7_0 like Mac OS X) AppleWebKit/537.51.1 (KHTML, like Gecko) Version/7.0 Mobile/11A465 Safari/9537.53 (compatible; bingbot/2.0; +http://www.bing.com/bingbot.htm)" 
216.244.66.245 - - [26/May/2018:11:43:25 -0700] "GET /robots.txt HTTP/1.1" 200 233 "-" "Mozilla/5.0 (compatible; DotBot/1.1; http://www.opensiteexplorer.org/dotbot, help@moz.com)" 
46.19.85.51 - - [26/May/2018:11:43:34 -0700] "GET / HTTP/1.1" 200 11353 "-" "Mozilla/5.0 (Linux; Android 7.0; MI 5s Build/NRD90M) AppleWebKit/537.36 (KHTML, like Gecko) Chrome/66.0.3359.158 Mobile Safari/537.36" 
46.19.85.51 - - [26/May/2018:11:43:34 -0700] "GET /twitter-icon.png HTTP/1.1" 200 27787 "http://www.secrepo.com/" "Mozilla/5.0 (Linux; Android 7.0; MI 5s Build/NRD90M) AppleWebKit/537.36 (KHTML, like Gecko) Chrome/66.0.3359.158 Mobile Safari/537.36" 
46.19.85.51 - - [26/May/2018:11:43:34 -0700] "GET /GitHub-Mark.png HTTP/1.1" 200 7428 "http://www.secrepo.com/" "Mozilla/5.0 (Linux; Android 7.0; MI 5s Build/NRD90M) AppleWebKit/537.36 (KHTML, like Gecko) Chrome/66.0.3359.158 Mobile Safari/537.36" 
46.19.85.51 - - [26/May/2018:11:43:35 -0700] "GET /bootstrap/img/favicon.ico HTTP/1.1" 200 589 "http://www.secrepo.com/" "Mozilla/5.0 (Linux; Android 7.0; MI 5s Build/NRD90M) AppleWebKit/537.36 (KHTML, like Gecko) Chrome/66.0.3359.158 Mobile Safari/537.36" 
76.64.157.130 - - [26/May/2018:11:43:41 -0700] "GET /favicon.ico HTTP/1.1" 200 268 "http://www.secrepo.com/honeypot/Honeypot%20-%20Howto.pdf" "Mozilla/5.0 (X11; Linux x86_64) AppleWebKit/537.36 (KHTML, like Gecko) Chrome/66.0.3359.117 Safari/537.36" 
76.64.157.130 - - [26/May/2018:11:43:41 -0700] "GET /honeypot/Honeypot%20-%20Howto.pdf HTTP/1.1" 200 1279418 "https://www.google.ca/" "Mozilla/5.0 (X11; Linux x86_64) AppleWebKit/537.36 (KHTML, like Gecko) Chrome/66.0.3359.117 Safari/537.36" 
54.36.149.73 - - [26/May/2018:11:43:46 -0700] "GET /self.logs/2015/access.log.2015-02-19.gz HTTP/1.1" 200 12892 "-" "Mozilla/5.0 (compatible; AhrefsBot/5.2; +http://ahrefs.com/robot/)" 
54.36.148.232 - - [26/May/2018:11:48:25 -0700] "GET /self.logs/2016/error.log.2016-05-07.gz HTTP/1.1" 200 786 "-" "Mozilla/5.0 (compatible; AhrefsBot/5.2; +http://ahrefs.com/robot/)" 
75.188.230.139 - - [26/May/2018:11:48:55 -0700] "GET /self.logs/access.log.2017-01-01.gz HTTP/1.1" 200 17557 "-" "Python-urllib/2.7" 
216.244.66.245 - - [26/May/2018:11:50:37 -0700] "GET /self.logs/2015/access.log.2015-02-01.gz HTTP/1.1" 200 2540 "-" "Mozilla/5.0 (compatible; DotBot/1.1; http://www.opensiteexplorer.org/dotbot, help@moz.com)" 
216.244.66.245 - - [26/May/2018:11:50:38 -0700] "GET /self.logs/2015/access.log.2015-10-02.gz HTTP/1.1" 200 3702 "-" "Mozilla/5.0 (compatible; DotBot/1.1; http://www.opensiteexplorer.org/dotbot, help@moz.com)" 
216.244.66.245 - - [26/May/2018:11:50:40 -0700] "GET /self.logs/2015/error.log.2015-05-07.gz HTTP/1.1" 200 2541 "-" "Mozilla/5.0 (compatible; DotBot/1.1; http://www.opensiteexplorer.org/dotbot, help@moz.com)" 
216.244.66.245 - - [26/May/2018:11:50:41 -0700] "GET /self.logs/2015/error.log.2015-06-11.gz HTTP/1.1" 200 608 "-" "Mozilla/5.0 (compatible; DotBot/1.1; http://www.opensiteexplorer.org/dotbot, help@moz.com)" 
216.244.66.245 - - [26/May/2018:11:50:42 -0700] "GET /self.logs/2015/error.log.2015-07-05.gz HTTP/1.1" 200 776 "-" "Mozilla/5.0 (compatible; DotBot/1.1; http://www.opensiteexplorer.org/dotbot, help@moz.com)" 
216.244.66.245 - - [26/May/2018:11:50:43 -0700] "GET /self.logs/2015/error.log.2015-08-03.gz HTTP/1.1" 200 620 "-" "Mozilla/5.0 (compatible; DotBot/1.1; http://www.opensiteexplorer.org/dotbot, help@moz.com)" 
216.244.66.245 - - [26/May/2018:11:50:44 -0700] "GET /self.logs/2015/error.log.2015-11-18.gz HTTP/1.1" 200 901 "-" "Mozilla/5.0 (compatible; DotBot/1.1; http://www.opensiteexplorer.org/dotbot, help@moz.com)" 
216.244.66.245 - - [26/May/2018:11:50:46 -0700] "GET /self.logs/2015/error.log.2015-12-21.gz HTTP/1.1" 200 1858 "-" "Mozilla/5.0 (compatible; DotBot/1.1; http://www.opensiteexplorer.org/dotbot, help@moz.com)" 
216.244.66.245 - - [26/May/2018:11:50:47 -0700] "GET /self.logs/2016/access.log.2016-01-03.gz HTTP/1.1" 200 5104 "-" "Mozilla/5.0 (compatible; DotBot/1.1; http://www.opensiteexplorer.org/dotbot, help@moz.com)" 
216.244.66.245 - - [26/May/2018:11:50:48 -0700] "GET /self.logs/2016/access.log.2016-07-08.gz HTTP/1.1" 200 6999 "-" "Mozilla/5.0 (compatible; DotBot/1.1; http://www.opensiteexplorer.org/dotbot, help@moz.com)" 
216.244.66.245 - - [26/May/2018:11:50:50 -0700] "GET /self.logs/2016/error.log.2016-03-12.gz HTTP/1.1" 200 640 "-" "Mozilla/5.0 (compatible; DotBot/1.1; http://www.opensiteexplorer.org/dotbot, help@moz.com)" 
216.244.66.245 - - [26/May/2018:11:50:51 -0700] "GET /self.logs/2016/error.log.2016-06-07.gz HTTP/1.1" 200 799 "-" "Mozilla/5.0 (compatible; DotBot/1.1; http://www.opensiteexplorer.org/dotbot, help@moz.com)" 
54.36.148.67 - - [26/May/2018:11:51:50 -0700] "GET /self.logs/2016/error.log.2016-09-13.gz HTTP/1.1" 200 948 "-" "Mozilla/5.0 (compatible; AhrefsBot/5.2; +http://ahrefs.com/robot/)" 
117.224.131.151 - - [26/May/2018:11:54:18 -0700] "GET /wp-login.php HTTP/1.1" 418 732 "-" "Mozilla/5.0 (Windows NT 6.1; WOW64; rv:40.0) Gecko/20100101 Firefox/40.1" 
117.224.131.151 - - [26/May/2018:11:54:19 -0700] "GET / HTTP/1.1" 418 732 "-" "Mozilla/5.0 (Windows NT 6.1; WOW64; rv:40.0) Gecko/20100101 Firefox/40.1" 
75.188.230.139 - - [26/May/2018:11:55:48 -0700] "GET /self.logs/access.log.2017-01-01.gz HTTP/1.1" 200 17557 "-" "Python-urllib/2.7" 
75.188.230.139 - - [26/May/2018:11:55:57 -0700] "GET /self.logs/access.log.2017-01-01.gz HTTP/1.1" 200 17557 "-" "Python-urllib/2.7" 
75.188.230.139 - - [26/May/2018:11:57:50 -0700] "GET /self.logs/access.log.2017-01-01.gz HTTP/1.1" 200 17557 "-" "Python-urllib/2.7" 
75.188.230.139 - - [26/May/2018:11:58:18 -0700] "GET /self.logs/access.log.2017-01-01.gz HTTP/1.1" 200 17557 "-" "Python-urllib/2.7" 
75.188.230.139 - - [26/May/2018:11:58:30 -0700] "GET /self.logs/access.log.2017-01-01.gz HTTP/1.1" 200 17557 "-" "Python-urllib/2.7" 
75.188.230.139 - - [26/May/2018:11:58:53 -0700] "GET /self.logs/access.log.2017-01-01.gz HTTP/1.1" 200 17557 "-" "Python-urllib/2.7" 
75.188.230.139 - - [26/May/2018:11:59:28 -0700] "GET /self.logs/access.log.2017-01-01.gz HTTP/1.1" 200 17557 "-" "Python-urllib/2.7" 
182.177.7.225 - - [26/May/2018:11:59:37 -0700] "GET /wp-login.php HTTP/1.1" 418 732 "-" "Mozilla/5.0 (Windows NT 6.1; WOW64; rv:40.0) Gecko/20100101 Firefox/40.1" 
182.177.7.225 - - [26/May/2018:11:59:38 -0700] "GET / HTTP/1.1" 418 732 "-" "Mozilla/5.0 (Windows NT 6.1; WOW64; rv:40.0) Gecko/20100101 Firefox/40.1" 
75.188.230.139 - - [26/May/2018:11:59:43 -0700] "GET /self.logs/access.log.2017-01-01.gz HTTP/1.1" 200 17557 "-" "Python-urllib/2.7" 
192.241.106.40 - - [26/May/2018:12:06:04 -0700] "GET /honeypot/Honeypot%20-%20Howto%20-%20BSides%20Austin.pdf HTTP/1.1" 200 2928460 "http://www.secrepo.com/" "Mozilla/5.0 (Macintosh; Intel Mac OS X 10_13_1) AppleWebKit/537.36 (KHTML, like Gecko) Chrome/63.0.3239.132 Safari/537.36" 
157.55.39.33 - - [26/May/2018:12:06:36 -0700] "GET /robots.txt HTTP/1.1" 200 334 "-" "Mozilla/5.0 (compatible; bingbot/2.0; +http://www.bing.com/bingbot.htm)" 
157.55.39.160 - - [26/May/2018:12:06:44 -0700] "GET /self.logs/access.log.2018-04-12.gz HTTP/1.1" 200 21425 "-" "Mozilla/5.0 (compatible; bingbot/2.0; +http://www.bing.com/bingbot.htm)" 
216.244.66.245 - - [26/May/2018:12:07:05 -0700] "GET /robots.txt HTTP/1.1" 200 233 "-" "Mozilla/5.0 (compatible; DotBot/1.1; http://www.opensiteexplorer.org/dotbot, help@moz.com)" 
75.188.230.139 - - [26/May/2018:12:10:30 -0700] "GET /self.logs/access.log.2017-01-01.gz HTTP/1.1" 200 17557 "-" "Python-urllib/2.7" 
216.244.66.245 - - [26/May/2018:12:11:19 -0700] "GET /self.logs/2015/access.log.2015-01-23.gz HTTP/1.1" 200 2056 "-" "Mozilla/5.0 (compatible; DotBot/1.1; http://www.opensiteexplorer.org/dotbot, help@moz.com)" 
216.244.66.245 - - [26/May/2018:12:11:21 -0700] "GET /self.logs/2015/access.log.2015-04-13.gz HTTP/1.1" 200 3607 "-" "Mozilla/5.0 (compatible; DotBot/1.1; http://www.opensiteexplorer.org/dotbot, help@moz.com)" 
216.244.66.245 - - [26/May/2018:12:11:22 -0700] "GET /self.logs/2015/access.log.2015-05-04.gz HTTP/1.1" 200 3757 "-" "Mozilla/5.0 (compatible; DotBot/1.1; http://www.opensiteexplorer.org/dotbot, help@moz.com)" 
216.244.66.245 - - [26/May/2018:12:11:24 -0700] "GET /self.logs/2015/access.log.2015-11-20.gz HTTP/1.1" 200 8288 "-" "Mozilla/5.0 (compatible; DotBot/1.1; http://www.opensiteexplorer.org/dotbot, help@moz.com)" 
216.244.66.245 - - [26/May/2018:12:11:25 -0700] "GET /self.logs/2015/access.log.2015-11-23.gz HTTP/1.1" 200 8799 "-" "Mozilla/5.0 (compatible; DotBot/1.1; http://www.opensiteexplorer.org/dotbot, help@moz.com)" 
216.244.66.245 - - [26/May/2018:12:11:26 -0700] "GET /self.logs/2015/error.log.2015-06-19.gz HTTP/1.1" 200 716 "-" "Mozilla/5.0 (compatible; DotBot/1.1; http://www.opensiteexplorer.org/dotbot, help@moz.com)" 
216.244.66.245 - - [26/May/2018:12:11:27 -0700] "GET /self.logs/2016/access.log.2016-08-26.gz HTTP/1.1" 200 5833 "-" "Mozilla/5.0 (compatible; DotBot/1.1; http://www.opensiteexplorer.org/dotbot, help@moz.com)" 
216.244.66.245 - - [26/May/2018:12:11:29 -0700] "GET /self.logs/2016/access.log.2016-11-22.gz HTTP/1.1" 200 10454 "-" "Mozilla/5.0 (compatible; DotBot/1.1; http://www.opensiteexplorer.org/dotbot, help@moz.com)" 
216.244.66.245 - - [26/May/2018:12:11:30 -0700] "GET /self.logs/2016/error.log.2016-07-03.gz HTTP/1.1" 200 520 "-" "Mozilla/5.0 (compatible; DotBot/1.1; http://www.opensiteexplorer.org/dotbot, help@moz.com)" 
216.244.66.245 - - [26/May/2018:12:11:31 -0700] "GET /self.logs/2016/error.log.2016-07-13.gz HTTP/1.1" 200 542 "-" "Mozilla/5.0 (compatible; DotBot/1.1; http://www.opensiteexplorer.org/dotbot, help@moz.com)" 
216.244.66.245 - - [26/May/2018:12:11:33 -0700] "GET /self.logs/error.log.2018-02-18.gz HTTP/1.1" 200 3356 "-" "Mozilla/5.0 (compatible; DotBot/1.1; http://www.opensiteexplorer.org/dotbot, help@moz.com)" 
75.188.230.139 - - [26/May/2018:12:11:36 -0700] "GET /self.logs/access.log.2017-01-01.gz HTTP/1.1" 200 17557 "-" "Python-urllib/2.7" 
75.188.230.139 - - [26/May/2018:12:11:49 -0700] "GET /self.logs/access.log.2017-01-01.gz HTTP/1.1" 200 17557 "-" "Python-urllib/2.7" 
51.255.65.46 - - [26/May/2018:12:12:35 -0700] "GET /self.logs/access.log.2015-10-18.gz HTTP/1.1" 404 284 "-" "Mozilla/5.0 (compatible; AhrefsBot/5.2; +http://ahrefs.com/robot/)" 
54.36.148.113 - - [26/May/2018:12:15:06 -0700] "GET /self.logs/access.log.2016-06-30.gz HTTP/1.1" 404 284 "-" "Mozilla/5.0 (compatible; AhrefsBot/5.2; +http://ahrefs.com/robot/)" 
54.36.149.92 - - [26/May/2018:12:15:09 -0700] "GET /self.logs/2016/access.log.2016-01-21.gz HTTP/1.1" 200 5536 "-" "Mozilla/5.0 (compatible; AhrefsBot/5.2; +http://ahrefs.com/robot/)" 
173.245.219.41 - - [26/May/2018:12:15:48 -0700] "GET /wp-login.php HTTP/1.1" 418 732 "-" "Mozilla/5.0 (Windows NT 6.1; WOW64; rv:40.0) Gecko/20100101 Firefox/40.1" 
173.245.219.41 - - [26/May/2018:12:15:49 -0700] "GET / HTTP/1.1" 418 732 "-" "Mozilla/5.0 (Windows NT 6.1; WOW64; rv:40.0) Gecko/20100101 Firefox/40.1" 
75.188.230.139 - - [26/May/2018:12:20:13 -0700] "GET /self.logs/access.log.2017-01-01.gz HTTP/1.1" 200 17557 "-" "Python-urllib/2.7" 
54.36.148.142 - - [26/May/2018:12:20:17 -0700] "GET /self.logs/access.log.2017-04-19.gz HTTP/1.1" 200 19578 "-" "Mozilla/5.0 (compatible; AhrefsBot/5.2; +http://ahrefs.com/robot/)" 
75.188.230.139 - - [26/May/2018:12:22:36 -0700] "GET /self.logs/access.log.2017-01-01.gz HTTP/1.1" 200 17557 "-" "Python-urllib/2.7" 
75.188.230.139 - - [26/May/2018:12:22:47 -0700] "GET /self.logs/access.log.2017-01-01.gz HTTP/1.1" 200 17557 "-" "Python-urllib/2.7" 
54.36.148.161 - - [26/May/2018:12:22:56 -0700] "GET /self.logs/2015/access.log.2015-05-18.gz HTTP/1.1" 200 4617 "-" "Mozilla/5.0 (compatible; AhrefsBot/5.2; +http://ahrefs.com/robot/)" 
75.188.230.139 - - [26/May/2018:12:23:56 -0700] "GET /self.logs/access.log.2017-01-01.gz HTTP/1.1" 200 17557 "-" "Python-urllib/2.7" 
75.188.230.139 - - [26/May/2018:12:25:21 -0700] "GET /self.logs/access.log.2017-01-01.gz HTTP/1.1" 200 17557 "-" "Python-urllib/2.7" 
75.188.230.139 - - [26/May/2018:12:25:32 -0700] "GET /self.logs/access.log.2017-01-01.gz HTTP/1.1" 200 17557 "-" "Python-urllib/2.7" 
75.188.230.139 - - [26/May/2018:12:26:01 -0700] "GET /self.logs/access.log.2017-01-01.gz HTTP/1.1" 200 17557 "-" "Python-urllib/2.7" 
75.188.230.139 - - [26/May/2018:12:26:42 -0700] "GET /self.logs/access.log.2017-01-01.gz HTTP/1.1" 200 17557 "-" "Python-urllib/2.7" 
75.188.230.139 - - [26/May/2018:12:26:51 -0700] "GET /self.logs/access.log.2017-01-01.gz HTTP/1.1" 200 17557 "-" "Python-urllib/2.7" 
42.3.18.57 - - [26/May/2018:12:28:42 -0700] "GET /maccdc2012/maccdc2012_fast_alert.7z HTTP/1.1" 200 9478149 "-" "Mozilla/5.0 (Macintosh; Intel Mac OS X 10_13_4) AppleWebKit/537.36 (KHTML, like Gecko) Chrome/66.0.3359.139 Safari/537.36" 
216.244.66.245 - - [26/May/2018:12:29:57 -0700] "GET /robots.txt HTTP/1.1" 200 233 "-" "Mozilla/5.0 (compatible; DotBot/1.1; http://www.opensiteexplorer.org/dotbot, help@moz.com)" 
206.180.165.147 - - [26/May/2018:12:32:07 -0700] "GET / HTTP/1.1" 301 483 "-" "Mozilla/5.0 (Windows NT 10.0; Win64; x64) AppleWebKit/537.36 (KHTML, like Gecko) Chrome/65.0.3325.181 Safari/537.36" 
206.180.165.147 - - [26/May/2018:12:32:07 -0700] "GET / HTTP/1.1" 200 11297 "-" "Mozilla/5.0 (Windows NT 10.0; Win64; x64) AppleWebKit/537.36 (KHTML, like Gecko) Chrome/65.0.3325.181 Safari/537.36" 
54.36.148.235 - - [26/May/2018:12:32:16 -0700] "GET /self.logs/access.log.2016-02-26.gz HTTP/1.1" 404 284 "-" "Mozilla/5.0 (compatible; AhrefsBot/5.2; +http://ahrefs.com/robot/)" 
75.188.230.139 - - [26/May/2018:12:32:53 -0700] "GET /self.logs/access.log.2018-05-23.gz HTTP/1.1" 200 18417 "-" "Python-urllib/2.7" 
216.244.66.245 - - [26/May/2018:12:34:00 -0700] "GET /self.logs/error.log.2018-02-14.gz HTTP/1.1" 200 3945 "-" "Mozilla/5.0 (compatible; DotBot/1.1; http://www.opensiteexplorer.org/dotbot, help@moz.com)" 
216.244.66.245 - - [26/May/2018:12:34:06 -0700] "GET /self.logs/2015/access.log.2015-03-05.gz HTTP/1.1" 200 3217 "-" "Mozilla/5.0 (compatible; DotBot/1.1; http://www.opensiteexplorer.org/dotbot, help@moz.com)" 
216.244.66.245 - - [26/May/2018:12:34:07 -0700] "GET /self.logs/2015/access.log.2015-06-12.gz HTTP/1.1" 200 6114 "-" "Mozilla/5.0 (compatible; DotBot/1.1; http://www.opensiteexplorer.org/dotbot, help@moz.com)" 
216.244.66.245 - - [26/May/2018:12:34:08 -0700] "GET /self.logs/2015/access.log.2015-09-22.gz HTTP/1.1" 200 4956 "-" "Mozilla/5.0 (compatible; DotBot/1.1; http://www.opensiteexplorer.org/dotbot, help@moz.com)" 
216.244.66.245 - - [26/May/2018:12:34:10 -0700] "GET /self.logs/2015/access.log.2015-11-26.gz HTTP/1.1" 200 4626 "-" "Mozilla/5.0 (compatible; DotBot/1.1; http://www.opensiteexplorer.org/dotbot, help@moz.com)" 
216.244.66.245 - - [26/May/2018:12:34:11 -0700] "GET /self.logs/2015/error.log.2015-04-02.gz HTTP/1.1" 200 953 "-" "Mozilla/5.0 (compatible; DotBot/1.1; http://www.opensiteexplorer.org/dotbot, help@moz.com)" 
216.244.66.245 - - [26/May/2018:12:34:12 -0700] "GET /self.logs/2015/error.log.2015-04-06.gz HTTP/1.1" 200 563 "-" "Mozilla/5.0 (compatible; DotBot/1.1; http://www.opensiteexplorer.org/dotbot, help@moz.com)" 
216.244.66.245 - - [26/May/2018:12:34:13 -0700] "GET /self.logs/2016/access.log.2016-03-17.gz HTTP/1.1" 200 16400 "-" "Mozilla/5.0 (compatible; DotBot/1.1; http://www.opensiteexplorer.org/dotbot, help@moz.com)" 
216.244.66.245 - - [26/May/2018:12:34:14 -0700] "GET /self.logs/2016/access.log.2016-07-28.gz HTTP/1.1" 200 6421 "-" "Mozilla/5.0 (compatible; DotBot/1.1; http://www.opensiteexplorer.org/dotbot, help@moz.com)" 
216.244.66.245 - - [26/May/2018:12:34:15 -0700] "GET /self.logs/2016/access.log.2016-12-12.gz HTTP/1.1" 200 13193 "-" "Mozilla/5.0 (compatible; DotBot/1.1; http://www.opensiteexplorer.org/dotbot, help@moz.com)" 
216.244.66.245 - - [26/May/2018:12:34:17 -0700] "GET /self.logs/2016/error.log.2016-01-15.gz HTTP/1.1" 200 635 "-" "Mozilla/5.0 (compatible; DotBot/1.1; http://www.opensiteexplorer.org/dotbot, help@moz.com)" 
216.244.66.245 - - [26/May/2018:12:34:18 -0700] "GET /self.logs/2016/error.log.2016-03-03.gz HTTP/1.1" 200 1077 "-" "Mozilla/5.0 (compatible; DotBot/1.1; http://www.opensiteexplorer.org/dotbot, help@moz.com)" 
216.244.66.245 - - [26/May/2018:12:34:19 -0700] "GET /self.logs/2016/error.log.2016-06-24.gz HTTP/1.1" 200 1259 "-" "Mozilla/5.0 (compatible; DotBot/1.1; http://www.opensiteexplorer.org/dotbot, help@moz.com)" 
216.244.66.245 - - [26/May/2018:12:34:20 -0700] "GET /self.logs/2016/error.log.2016-11-04.gz HTTP/1.1" 200 858 "-" "Mozilla/5.0 (compatible; DotBot/1.1; http://www.opensiteexplorer.org/dotbot, help@moz.com)" 
75.188.230.139 - - [26/May/2018:12:34:54 -0700] "GET /self.logs/access.log.2018-05-23.gz HTTP/1.1" 200 18417 "-" "Python-urllib/2.7" 
66.249.66.84 - - [26/May/2018:12:37:38 -0700] "GET /favicon.ico HTTP/1.1" 304 163 "-" "Googlebot-Image/1.0" 
113.171.224.176 - - [26/May/2018:12:39:39 -0700] "GET /honeypot/Honeypot%20-%20Howto.pdf HTTP/1.1" 200 46720 "-" "Mozilla/5.0 Gecko/20100115 Firefox/3.6" 
111.206.36.144 - - [26/May/2018:12:40:21 -0700] "GET / HTTP/1.1" 200 11353 "http://www.baidu.com/s?wd=PNE" "Mozilla/5.0 (Windows NT 6.1; WOW64; rv:43.0) Gecko/20100101 Firefox/43.0" 
185.182.81.49 - - [26/May/2018:12:45:34 -0700] "GET / HTTP/1.1" 304 189 "-" "Mozilla/5.0 (Windows NT 10.0; Win64; x64) AppleWebKit/537.36 (KHTML, like Gecko) Chrome/66.0.3359.181 Safari/537.36" 
54.36.148.111 - - [26/May/2018:12:45:49 -0700] "GET /self.logs/error.log.2016-05-11.gz HTTP/1.1" 404 284 "-" "Mozilla/5.0 (compatible; AhrefsBot/5.2; +http://ahrefs.com/robot/)" 
104.194.24.109 - - [26/May/2018:12:46:58 -0700] "GET / HTTP/1.1" 200 11353 "-" "Mozilla/5.0 (Windows NT 6.3; Win64; x64) AppleWebKit/537.36 (KHTML, like Gecko) Chrome/66.0.3359.181 Safari/537.36" 
54.36.148.250 - - [26/May/2018:12:47:23 -0700] "GET /self.logs/access.log.2016-05-28.gz HTTP/1.1" 404 284 "-" "Mozilla/5.0 (compatible; AhrefsBot/5.2; +http://ahrefs.com/robot/)" 
104.194.24.109 - - [26/May/2018:12:47:41 -0700] "GET /twitter-icon.png HTTP/1.1" 200 27788 "http://www.secrepo.com/" "Mozilla/5.0 (Windows NT 6.3; Win64; x64) AppleWebKit/537.36 (KHTML, like Gecko) Chrome/66.0.3359.181 Safari/537.36" 
104.194.24.109 - - [26/May/2018:12:47:41 -0700] "GET /GitHub-Mark.png HTTP/1.1" 200 7428 "http://www.secrepo.com/" "Mozilla/5.0 (Windows NT 6.3; Win64; x64) AppleWebKit/537.36 (KHTML, like Gecko) Chrome/66.0.3359.181 Safari/537.36" 
178.220.76.111 - - [26/May/2018:12:48:24 -0700] "GET /wp-login.php HTTP/1.1" 418 732 "-" "Mozilla/5.0 (Windows NT 6.1; WOW64; rv:40.0) Gecko/20100101 Firefox/40.1" 
178.220.76.111 - - [26/May/2018:12:48:24 -0700] "GET / HTTP/1.1" 418 732 "-" "Mozilla/5.0 (Windows NT 6.1; WOW64; rv:40.0) Gecko/20100101 Firefox/40.1" 
84.201.133.53 - - [26/May/2018:12:50:44 -0700] "GET /robots.txt HTTP/1.1" 301 518 "-" "Mozilla/5.0 (compatible; YandexBot/3.0; +http://yandex.com/bots)" 
5.255.250.148 - - [26/May/2018:12:50:44 -0700] "GET /robots.txt HTTP/1.1" 200 289 "-" "Mozilla/5.0 (compatible; YandexBot/3.0; +http://yandex.com/bots)" 
84.201.133.53 - - [26/May/2018:12:50:48 -0700] "GET / HTTP/1.1" 301 483 "-" "Mozilla/5.0 (compatible; YandexBot/3.0; +http://yandex.com/bots)" 
5.255.250.94 - - [26/May/2018:12:50:48 -0700] "GET / HTTP/1.1" 200 11352 "-" "Mozilla/5.0 (compatible; YandexBot/3.0; +http://yandex.com/bots)" 
216.244.66.245 - - [26/May/2018:12:53:22 -0700] "GET /robots.txt HTTP/1.1" 200 233 "-" "Mozilla/5.0 (compatible; DotBot/1.1; http://www.opensiteexplorer.org/dotbot, help@moz.com)" 
216.244.66.245 - - [26/May/2018:12:57:36 -0700] "GET /self.logs/2015/access.log.2015-05-19.gz HTTP/1.1" 200 4668 "-" "Mozilla/5.0 (compatible; DotBot/1.1; http://www.opensiteexplorer.org/dotbot, help@moz.com)" 
216.244.66.245 - - [26/May/2018:12:57:37 -0700] "GET /self.logs/2015/access.log.2015-09-27.gz HTTP/1.1" 200 4724 "-" "Mozilla/5.0 (compatible; DotBot/1.1; http://www.opensiteexplorer.org/dotbot, help@moz.com)" 
216.244.66.245 - - [26/May/2018:12:57:39 -0700] "GET /self.logs/2015/access.log.2015-12-01.gz HTTP/1.1" 200 7604 "-" "Mozilla/5.0 (compatible; DotBot/1.1; http://www.opensiteexplorer.org/dotbot, help@moz.com)" 
216.244.66.245 - - [26/May/2018:12:57:40 -0700] "GET /self.logs/2015/error.log.2015-02-22.gz HTTP/1.1" 200 4296 "-" "Mozilla/5.0 (compatible; DotBot/1.1; http://www.opensiteexplorer.org/dotbot, help@moz.com)" 
216.244.66.245 - - [26/May/2018:12:57:41 -0700] "GET /self.logs/2015/error.log.2015-05-24.gz HTTP/1.1" 200 584 "-" "Mozilla/5.0 (compatible; DotBot/1.1; http://www.opensiteexplorer.org/dotbot, help@moz.com)" 
216.244.66.245 - - [26/May/2018:12:57:42 -0700] "GET /self.logs/2015/error.log.2015-09-24.gz HTTP/1.1" 200 630 "-" "Mozilla/5.0 (compatible; DotBot/1.1; http://www.opensiteexplorer.org/dotbot, help@moz.com)" 
216.244.66.245 - - [26/May/2018:12:57:44 -0700] "GET /self.logs/2015/error.log.2015-10-20.gz HTTP/1.1" 200 688 "-" "Mozilla/5.0 (compatible; DotBot/1.1; http://www.opensiteexplorer.org/dotbot, help@moz.com)" 
216.244.66.245 - - [26/May/2018:12:57:45 -0700] "GET /self.logs/2016/error.log.2016-08-27.gz HTTP/1.1" 200 548 "-" "Mozilla/5.0 (compatible; DotBot/1.1; http://www.opensiteexplorer.org/dotbot, help@moz.com)" 
216.244.66.245 - - [26/May/2018:12:57:46 -0700] "GET /self.logs/2016/error.log.2016-09-29.gz HTTP/1.1" 200 484 "-" "Mozilla/5.0 (compatible; DotBot/1.1; http://www.opensiteexplorer.org/dotbot, help@moz.com)" 
216.244.66.245 - - [26/May/2018:12:57:48 -0700] "GET /self.logs/2016/error.log.2016-12-14.gz HTTP/1.1" 200 871 "-" "Mozilla/5.0 (compatible; DotBot/1.1; http://www.opensiteexplorer.org/dotbot, help@moz.com)" 
188.146.169.171 - - [26/May/2018:12:58:55 -0700] "GET /wp-login.php HTTP/1.1" 418 732 "-" "Mozilla/5.0 (Windows NT 6.1; WOW64; rv:40.0) Gecko/20100101 Firefox/40.1" 
188.146.169.171 - - [26/May/2018:12:58:56 -0700] "GET / HTTP/1.1" 418 732 "-" "Mozilla/5.0 (Windows NT 6.1; WOW64; rv:40.0) Gecko/20100101 Firefox/40.1" 
54.36.148.155 - - [26/May/2018:13:03:00 -0700] "GET /self.logs/access.log.2015-03-10.gz HTTP/1.1" 404 284 "-" "Mozilla/5.0 (compatible; AhrefsBot/5.2; +http://ahrefs.com/robot/)" 
103.78.164.196 - - [26/May/2018:13:03:01 -0700] "GET /wp-login.php HTTP/1.1" 418 732 "-" "Mozilla/5.0 (Windows NT 6.1; WOW64; rv:40.0) Gecko/20100101 Firefox/40.1" 
54.36.148.66 - - [26/May/2018:13:07:41 -0700] "GET /self.logs/2016/error.log.2016-06-26.gz HTTP/1.1" 200 747 "-" "Mozilla/5.0 (compatible; AhrefsBot/5.2; +http://ahrefs.com/robot/)" 
66.249.66.84 - - [26/May/2018:13:08:09 -0700] "GET /bootstrap/img/favicon.ico HTTP/1.1" 304 165 "-" "Googlebot-Image/1.0" 
104.131.147.112 - - [26/May/2018:13:12:06 -0700] "GET / HTTP/1.1" 301 483 "-" "Mozilla/5.0 (compatible; Gluten Free Crawler/1.0; +http://glutenfreepleasure.com/)" 
104.131.147.112 - - [26/May/2018:13:12:07 -0700] "GET / HTTP/1.1" 200 11353 "-" "Mozilla/5.0 (compatible; Gluten Free Crawler/1.0; +http://glutenfreepleasure.com/)" 
86.250.255.78 - - [26/May/2018:13:13:13 -0700] "GET /wp-login.php HTTP/1.1" 418 732 "-" "Mozilla/5.0 (Windows NT 6.1; WOW64; rv:40.0) Gecko/20100101 Firefox/40.1" 
86.250.255.78 - - [26/May/2018:13:13:14 -0700] "GET / HTTP/1.1" 418 732 "-" "Mozilla/5.0 (Windows NT 6.1; WOW64; rv:40.0) Gecko/20100101 Firefox/40.1" 
