75.188.230.139 - - [28/May/2018:00:46:36 -0700] "GET /self.logs/access.log.2018-01-15.gz HTTP/1.1" 200 30267 "-" "Python-urllib/2.7" 
75.188.230.139 - - [28/May/2018:00:48:13 -0700] "GET /self.logs/access.log.2018-01-16.gz HTTP/1.1" 200 30155 "-" "Python-urllib/2.7" 
97.79.236.99 - - [28/May/2018:00:49:17 -0700] "GET /wp/wp-admin/ HTTP/1.1" 301 485 "-" "-" 
75.188.230.139 - - [28/May/2018:00:49:46 -0700] "GET /self.logs/access.log.2018-01-17.gz HTTP/1.1" 200 31030 "-" "Python-urllib/2.7" 
41.141.205.140 - - [28/May/2018:00:51:12 -0700] "GET / HTTP/1.1" 200 11353 "-" "Mozilla/5.0 (Windows NT 10.0; Win64; x64; rv:60.0) Gecko/20100101 Firefox/60.0" 
41.141.205.140 - - [28/May/2018:00:51:24 -0700] "GET /twitter-icon.png HTTP/1.1" 200 27788 "http://www.secrepo.com/" "Mozilla/5.0 (Windows NT 10.0; Win64; x64; rv:60.0) Gecko/20100101 Firefox/60.0" 
41.141.205.140 - - [28/May/2018:00:51:24 -0700] "GET /GitHub-Mark.png HTTP/1.1" 200 7428 "http://www.secrepo.com/" "Mozilla/5.0 (Windows NT 10.0; Win64; x64; rv:60.0) Gecko/20100101 Firefox/60.0" 
41.141.205.140 - - [28/May/2018:00:51:24 -0700] "GET /bootstrap/img/favicon.ico HTTP/1.1" 200 590 "-" "Mozilla/5.0 (Windows NT 10.0; Win64; x64; rv:60.0) Gecko/20100101 Firefox/60.0" 
75.188.230.139 - - [28/May/2018:00:51:25 -0700] "GET /self.logs/access.log.2018-01-18.gz HTTP/1.1" 200 26964 "-" "Python-urllib/2.7" 
75.188.230.139 - - [28/May/2018:00:52:49 -0700] "GET /self.logs/access.log.2018-01-19.gz HTTP/1.1" 200 23878 "-" "Python-urllib/2.7" 
54.36.149.42 - - [28/May/2018:00:53:36 -0700] "GET /self.logs/2016/access.log.2016-04-23.gz HTTP/1.1" 200 6378 "-" "Mozilla/5.0 (compatible; AhrefsBot/5.2; +http://ahrefs.com/robot/)" 
75.188.230.139 - - [28/May/2018:00:54:07 -0700] "GET /self.logs/access.log.2018-01-20.gz HTTP/1.1" 200 18766 "-" "Python-urllib/2.7" 
75.188.230.139 - - [28/May/2018:00:55:09 -0700] "GET /self.logs/access.log.2018-01-21.gz HTTP/1.1" 200 24641 "-" "Python-urllib/2.7" 
192.185.82.99 - - [28/May/2018:00:56:21 -0700] "GET /old/wp-admin/ HTTP/1.1" 301 487 "-" "-" 
75.188.230.139 - - [28/May/2018:00:56:26 -0700] "GET /self.logs/access.log.2018-01-22.gz HTTP/1.1" 200 28348 "-" "Python-urllib/2.7" 
216.244.66.245 - - [28/May/2018:00:57:33 -0700] "GET /robots.txt HTTP/1.1" 200 233 "-" "Mozilla/5.0 (compatible; DotBot/1.1; http://www.opensiteexplorer.org/dotbot, help@moz.com)" 
75.188.230.139 - - [28/May/2018:00:58:22 -0700] "GET /self.logs/access.log.2018-01-23.gz HTTP/1.1" 200 31779 "-" "Python-urllib/2.7" 
75.188.230.139 - - [28/May/2018:01:00:55 -0700] "GET /self.logs/access.log.2018-01-24.gz HTTP/1.1" 200 25861 "-" "Python-urllib/2.7" 
75.188.230.139 - - [28/May/2018:01:02:37 -0700] "GET /self.logs/access.log.2018-01-25.gz HTTP/1.1" 200 20865 "-" "Python-urllib/2.7" 
54.36.148.26 - - [28/May/2018:01:03:14 -0700] "GET /self.logs/error.log.2017-08-26.gz HTTP/1.1" 200 455 "-" "Mozilla/5.0 (compatible; AhrefsBot/5.2; +http://ahrefs.com/robot/)" 
75.188.230.139 - - [28/May/2018:01:03:45 -0700] "GET /self.logs/access.log.2018-01-26.gz HTTP/1.1" 200 36928 "-" "Python-urllib/2.7" 
54.36.149.74 - - [28/May/2018:01:04:28 -0700] "GET /self.logs/access.log.2016-11-07.gz HTTP/1.1" 404 284 "-" "Mozilla/5.0 (compatible; AhrefsBot/5.2; +http://ahrefs.com/robot/)" 
216.244.66.245 - - [28/May/2018:01:04:54 -0700] "GET /self.logs/2015/access.log.2015-01-26.gz HTTP/1.1" 200 3149 "-" "Mozilla/5.0 (compatible; DotBot/1.1; http://www.opensiteexplorer.org/dotbot, help@moz.com)" 
216.244.66.245 - - [28/May/2018:01:04:56 -0700] "GET /self.logs/2015/access.log.2015-04-05.gz HTTP/1.1" 200 3416 "-" "Mozilla/5.0 (compatible; DotBot/1.1; http://www.opensiteexplorer.org/dotbot, help@moz.com)" 
216.244.66.245 - - [28/May/2018:01:04:57 -0700] "GET /self.logs/2015/access.log.2015-04-19.gz HTTP/1.1" 200 4732 "-" "Mozilla/5.0 (compatible; DotBot/1.1; http://www.opensiteexplorer.org/dotbot, help@moz.com)" 
216.244.66.245 - - [28/May/2018:01:04:58 -0700] "GET /self.logs/2015/access.log.2015-07-22.gz HTTP/1.1" 200 4575 "-" "Mozilla/5.0 (compatible; DotBot/1.1; http://www.opensiteexplorer.org/dotbot, help@moz.com)" 
216.244.66.245 - - [28/May/2018:01:04:59 -0700] "GET /self.logs/2015/access.log.2015-09-30.gz HTTP/1.1" 200 4973 "-" "Mozilla/5.0 (compatible; DotBot/1.1; http://www.opensiteexplorer.org/dotbot, help@moz.com)" 
216.244.66.245 - - [28/May/2018:01:05:00 -0700] "GET /self.logs/2015/access.log.2015-11-12.gz HTTP/1.1" 200 5998 "-" "Mozilla/5.0 (compatible; DotBot/1.1; http://www.opensiteexplorer.org/dotbot, help@moz.com)" 
216.244.66.245 - - [28/May/2018:01:05:01 -0700] "GET /self.logs/2015/error.log.2015-08-01.gz HTTP/1.1" 200 604 "-" "Mozilla/5.0 (compatible; DotBot/1.1; http://www.opensiteexplorer.org/dotbot, help@moz.com)" 
216.244.66.245 - - [28/May/2018:01:05:03 -0700] "GET /self.logs/2015/error.log.2015-09-04.gz HTTP/1.1" 200 1929 "-" "Mozilla/5.0 (compatible; DotBot/1.1; http://www.opensiteexplorer.org/dotbot, help@moz.com)" 
216.244.66.245 - - [28/May/2018:01:05:04 -0700] "GET /self.logs/2015/error.log.2015-10-27.gz HTTP/1.1" 200 630 "-" "Mozilla/5.0 (compatible; DotBot/1.1; http://www.opensiteexplorer.org/dotbot, help@moz.com)" 
216.244.66.245 - - [28/May/2018:01:05:05 -0700] "GET /self.logs/2015/error.log.2015-11-20.gz HTTP/1.1" 200 923 "-" "Mozilla/5.0 (compatible; DotBot/1.1; http://www.opensiteexplorer.org/dotbot, help@moz.com)" 
216.244.66.245 - - [28/May/2018:01:05:06 -0700] "GET /self.logs/2015/error.log.2015-11-22.gz HTTP/1.1" 200 897 "-" "Mozilla/5.0 (compatible; DotBot/1.1; http://www.opensiteexplorer.org/dotbot, help@moz.com)" 
216.244.66.245 - - [28/May/2018:01:05:07 -0700] "GET /self.logs/2016/access.log.2016-01-29.gz HTTP/1.1" 200 12762 "-" "Mozilla/5.0 (compatible; DotBot/1.1; http://www.opensiteexplorer.org/dotbot, help@moz.com)" 
216.244.66.245 - - [28/May/2018:01:05:08 -0700] "GET /self.logs/2016/access.log.2016-02-16.gz HTTP/1.1" 200 7062 "-" "Mozilla/5.0 (compatible; DotBot/1.1; http://www.opensiteexplorer.org/dotbot, help@moz.com)" 
216.244.66.245 - - [28/May/2018:01:05:09 -0700] "GET /self.logs/2016/access.log.2016-05-19.gz HTTP/1.1" 200 10080 "-" "Mozilla/5.0 (compatible; DotBot/1.1; http://www.opensiteexplorer.org/dotbot, help@moz.com)" 
216.244.66.245 - - [28/May/2018:01:05:11 -0700] "GET /self.logs/2016/error.log.2016-11-17.gz HTTP/1.1" 200 669 "-" "Mozilla/5.0 (compatible; DotBot/1.1; http://www.opensiteexplorer.org/dotbot, help@moz.com)" 
216.244.66.245 - - [28/May/2018:01:05:10 -0700] "GET /self.logs/2016/error.log.2016-07-01.gz HTTP/1.1" 200 866 "-" "Mozilla/5.0 (compatible; DotBot/1.1; http://www.opensiteexplorer.org/dotbot, help@moz.com)" 
113.171.224.176 - - [28/May/2018:01:06:08 -0700] "GET /honeypot/Honeypot%20-%20Howto.pdf HTTP/1.1" 200 46720 "-" "Mozilla/5.0 Gecko/20100115 Firefox/3.6" 
75.188.230.139 - - [28/May/2018:01:06:37 -0700] "GET /self.logs/access.log.2018-01-27.gz HTTP/1.1" 200 15412 "-" "Python-urllib/2.7" 
31.24.231.239 - - [28/May/2018:01:06:51 -0700] "GET / HTTP/1.1" 200 11353 "-" "Mozilla/5.0 (Linux; Android 8.0.0; HTC U11 plus Build/OPR6.170623.013) AppleWebKit/537.36 (KHTML, like Gecko) Chrome/66.0.3359.158 Mobile Safari/537.36" 
31.24.231.239 - - [28/May/2018:01:06:51 -0700] "GET /twitter-icon.png HTTP/1.1" 200 27787 "http://www.secrepo.com/" "Mozilla/5.0 (Linux; Android 8.0.0; HTC U11 plus Build/OPR6.170623.013) AppleWebKit/537.36 (KHTML, like Gecko) Chrome/66.0.3359.158 Mobile Safari/537.36" 
31.24.231.239 - - [28/May/2018:01:06:51 -0700] "GET /GitHub-Mark.png HTTP/1.1" 200 7428 "http://www.secrepo.com/" "Mozilla/5.0 (Linux; Android 8.0.0; HTC U11 plus Build/OPR6.170623.013) AppleWebKit/537.36 (KHTML, like Gecko) Chrome/66.0.3359.158 Mobile Safari/537.36" 
31.24.231.239 - - [28/May/2018:01:06:52 -0700] "GET /bootstrap/img/favicon.ico HTTP/1.1" 200 589 "http://www.secrepo.com/" "Mozilla/5.0 (Linux; Android 8.0.0; HTC U11 plus Build/OPR6.170623.013) AppleWebKit/537.36 (KHTML, like Gecko) Chrome/66.0.3359.158 Mobile Safari/537.36" 
75.188.230.139 - - [28/May/2018:01:07:23 -0700] "GET /self.logs/access.log.2018-01-28.gz HTTP/1.1" 200 18032 "-" "Python-urllib/2.7" 
75.188.230.139 - - [28/May/2018:01:08:20 -0700] "GET /self.logs/access.log.2018-01-29.gz HTTP/1.1" 200 22398 "-" "Python-urllib/2.7" 
75.188.230.139 - - [28/May/2018:01:09:28 -0700] "GET /self.logs/access.log.2018-01-30.gz HTTP/1.1" 200 22309 "-" "Python-urllib/2.7" 
75.188.230.139 - - [28/May/2018:01:10:44 -0700] "GET /self.logs/access.log.2018-01-31.gz HTTP/1.1" 200 37078 "-" "Python-urllib/2.7" 
75.188.230.139 - - [28/May/2018:01:13:17 -0700] "GET /self.logs/access.log.2018-02-01.gz HTTP/1.1" 200 30761 "-" "Python-urllib/2.7" 
75.188.230.139 - - [28/May/2018:01:15:01 -0700] "GET /self.logs/access.log.2018-02-02.gz HTTP/1.1" 200 24481 "-" "Python-urllib/2.7" 
75.188.230.139 - - [28/May/2018:01:16:06 -0700] "GET /self.logs/access.log.2018-02-03.gz HTTP/1.1" 200 22964 "-" "Python-urllib/2.7" 
67.216.201.149 - - [28/May/2018:01:16:09 -0700] "GET /self.logs/ HTTP/1.1" 200 10098 "http://enigmater.blogspot.fr/2017/03/intrusion-detection-based-on-supervised.html" "Mozilla/5.0 (Windows NT 10.0; Win64; x64) AppleWebKit/537.36 (KHTML, like Gecko) Chrome/66.0.3359.181 Safari/537.36" 
67.216.201.149 - - [28/May/2018:01:16:10 -0700] "GET /favicon.ico HTTP/1.1" 200 231 "http://www.secrepo.com/self.logs/" "Mozilla/5.0 (Windows NT 10.0; Win64; x64) AppleWebKit/537.36 (KHTML, like Gecko) Chrome/66.0.3359.181 Safari/537.36" 
67.216.201.149 - - [28/May/2018:01:16:18 -0700] "GET / HTTP/1.1" 200 11316 "-" "Mozilla/5.0 (Windows NT 10.0; Win64; x64) AppleWebKit/537.36 (KHTML, like Gecko) Chrome/66.0.3359.181 Safari/537.36" 
67.216.201.149 - - [28/May/2018:01:16:19 -0700] "GET /twitter-icon.png HTTP/1.1" 200 27751 "http://www.secrepo.com/" "Mozilla/5.0 (Windows NT 10.0; Win64; x64) AppleWebKit/537.36 (KHTML, like Gecko) Chrome/66.0.3359.181 Safari/537.36" 
67.216.201.149 - - [28/May/2018:01:16:19 -0700] "GET /GitHub-Mark.png HTTP/1.1" 200 7391 "http://www.secrepo.com/" "Mozilla/5.0 (Windows NT 10.0; Win64; x64) AppleWebKit/537.36 (KHTML, like Gecko) Chrome/66.0.3359.181 Safari/537.36" 
67.216.201.149 - - [28/May/2018:01:16:21 -0700] "GET /bootstrap/img/favicon.ico HTTP/1.1" 200 553 "http://www.secrepo.com/" "Mozilla/5.0 (Windows NT 10.0; Win64; x64) AppleWebKit/537.36 (KHTML, like Gecko) Chrome/66.0.3359.181 Safari/537.36" 
54.36.148.245 - - [28/May/2018:01:17:25 -0700] "GET /self.logs/2015/access.log.2015-06-30.gz HTTP/1.1" 200 5302 "-" "Mozilla/5.0 (compatible; AhrefsBot/5.2; +http://ahrefs.com/robot/)" 
75.188.230.139 - - [28/May/2018:01:19:53 -0700] "GET /self.logs/access.log.2018-02-04.gz HTTP/1.1" 200 21532 "-" "Python-urllib/2.7" 
75.188.230.139 - - [28/May/2018:01:20:53 -0700] "GET /self.logs/access.log.2018-02-05.gz HTTP/1.1" 200 21880 "-" "Python-urllib/2.7" 
54.36.148.218 - - [28/May/2018:01:21:03 -0700] "GET /self.logs/2015/access.log.2015-10-13.gz HTTP/1.1" 200 12261 "-" "Mozilla/5.0 (compatible; AhrefsBot/5.2; +http://ahrefs.com/robot/)" 
75.188.230.139 - - [28/May/2018:01:21:52 -0700] "GET /self.logs/access.log.2018-02-06.gz HTTP/1.1" 200 29185 "-" "Python-urllib/2.7" 
80.78.5.111 - - [28/May/2018:01:22:11 -0700] "GET /bootstrap/img/favicon.ico HTTP/1.1" 304 165 "-" "Mozilla/5.0 (Windows NT 6.1; Win64; x64; rv:60.0) Gecko/20100101 Firefox/60.0" 
80.78.5.111 - - [28/May/2018:01:22:13 -0700] "GET /bootstrap/img/favicon.ico HTTP/1.1" 304 165 "-" "Mozilla/5.0 (Windows NT 6.1; Win64; x64; rv:60.0) Gecko/20100101 Firefox/60.0" 
80.78.5.111 - - [28/May/2018:01:22:31 -0700] "GET /bootstrap/img/favicon.ico HTTP/1.1" 304 165 "-" "Mozilla/5.0 (Windows NT 6.1; Win64; x64; rv:60.0) Gecko/20100101 Firefox/60.0" 
193.56.241.24 - - [28/May/2018:01:23:07 -0700] "GET /bootstrap/img/favicon.ico HTTP/1.1" 304 165 "-" "Mozilla/5.0 (Windows NT 6.1; Win64; x64; rv:60.0) Gecko/20100101 Firefox/60.0" 
216.244.66.245 - - [28/May/2018:01:23:08 -0700] "GET /robots.txt HTTP/1.1" 200 233 "-" "Mozilla/5.0 (compatible; DotBot/1.1; http://www.opensiteexplorer.org/dotbot, help@moz.com)" 
75.188.230.139 - - [28/May/2018:01:23:13 -0700] "GET /self.logs/access.log.2018-02-07.gz HTTP/1.1" 200 29329 "-" "Python-urllib/2.7" 
75.188.230.139 - - [28/May/2018:01:24:42 -0700] "GET /self.logs/access.log.2018-02-08.gz HTTP/1.1" 200 21748 "-" "Python-urllib/2.7" 
75.188.230.139 - - [28/May/2018:01:25:42 -0700] "GET /self.logs/access.log.2018-02-09.gz HTTP/1.1" 200 20893 "-" "Python-urllib/2.7" 
117.206.112.126 - - [28/May/2018:01:26:08 -0700] "GET /wp-login.php HTTP/1.1" 418 732 "-" "Mozilla/5.0 (Windows NT 6.1; WOW64; rv:40.0) Gecko/20100101 Firefox/40.1" 
117.206.112.126 - - [28/May/2018:01:26:09 -0700] "GET / HTTP/1.1" 418 732 "-" "Mozilla/5.0 (Windows NT 6.1; WOW64; rv:40.0) Gecko/20100101 Firefox/40.1" 
75.188.230.139 - - [28/May/2018:01:26:46 -0700] "GET /self.logs/access.log.2018-02-10.gz HTTP/1.1" 200 15070 "-" "Python-urllib/2.7" 
54.36.148.93 - - [28/May/2018:01:27:27 -0700] "GET /self.logs/error.log.2015-05-17.gz HTTP/1.1" 404 284 "-" "Mozilla/5.0 (compatible; AhrefsBot/5.2; +http://ahrefs.com/robot/)" 
75.188.230.139 - - [28/May/2018:01:27:28 -0700] "GET /self.logs/access.log.2018-02-11.gz HTTP/1.1" 200 29442 "-" "Python-urllib/2.7" 
54.36.148.127 - - [28/May/2018:01:29:17 -0700] "GET /self.logs/2015/access.log.2015-07-02.gz HTTP/1.1" 200 3989 "-" "Mozilla/5.0 (compatible; AhrefsBot/5.2; +http://ahrefs.com/robot/)" 
115.160.217.130 - - [28/May/2018:01:29:23 -0700] "GET /misc/zeus_dga_domains.txt.zip HTTP/1.1" 200 594360 "http://www.secrepo.com/" "Mozilla/5.0 (Windows NT 10.0; Win64; x64) AppleWebKit/537.36 (KHTML, like Gecko) Chrome/66.0.3359.181 Safari/537.36" 
75.188.230.139 - - [28/May/2018:01:29:27 -0700] "GET /self.logs/access.log.2018-02-12.gz HTTP/1.1" 200 21525 "-" "Python-urllib/2.7" 
216.244.66.245 - - [28/May/2018:01:30:23 -0700] "GET /self.logs/2015/access.log.2015-02-14.gz HTTP/1.1" 200 25789 "-" "Mozilla/5.0 (compatible; DotBot/1.1; http://www.opensiteexplorer.org/dotbot, help@moz.com)" 
216.244.66.245 - - [28/May/2018:01:30:24 -0700] "GET /self.logs/2015/access.log.2015-05-03.gz HTTP/1.1" 200 3040 "-" "Mozilla/5.0 (compatible; DotBot/1.1; http://www.opensiteexplorer.org/dotbot, help@moz.com)" 
216.244.66.245 - - [28/May/2018:01:30:25 -0700] "GET /self.logs/2015/access.log.2015-06-26.gz HTTP/1.1" 200 3962 "-" "Mozilla/5.0 (compatible; DotBot/1.1; http://www.opensiteexplorer.org/dotbot, help@moz.com)" 
75.188.230.139 - - [28/May/2018:01:30:26 -0700] "GET /self.logs/access.log.2018-02-13.gz HTTP/1.1" 200 38064 "-" "Python-urllib/2.7" 
216.244.66.245 - - [28/May/2018:01:30:26 -0700] "GET /self.logs/2015/access.log.2015-08-24.gz HTTP/1.1" 200 22670 "-" "Mozilla/5.0 (compatible; DotBot/1.1; http://www.opensiteexplorer.org/dotbot, help@moz.com)" 
216.244.66.245 - - [28/May/2018:01:30:28 -0700] "GET /self.logs/2015/access.log.2015-10-01.gz HTTP/1.1" 200 4393 "-" "Mozilla/5.0 (compatible; DotBot/1.1; http://www.opensiteexplorer.org/dotbot, help@moz.com)" 
216.244.66.245 - - [28/May/2018:01:30:28 -0700] "GET /self.logs/2015/access.log.2015-11-06.gz HTTP/1.1" 200 8533 "-" "Mozilla/5.0 (compatible; DotBot/1.1; http://www.opensiteexplorer.org/dotbot, help@moz.com)" 
216.244.66.245 - - [28/May/2018:01:30:29 -0700] "GET /self.logs/2015/error.log.2015-01-26.gz HTTP/1.1" 200 546 "-" "Mozilla/5.0 (compatible; DotBot/1.1; http://www.opensiteexplorer.org/dotbot, help@moz.com)" 
216.244.66.245 - - [28/May/2018:01:30:30 -0700] "GET /self.logs/2015/error.log.2015-03-23.gz HTTP/1.1" 200 1340 "-" "Mozilla/5.0 (compatible; DotBot/1.1; http://www.opensiteexplorer.org/dotbot, help@moz.com)" 
216.244.66.245 - - [28/May/2018:01:30:31 -0700] "GET /self.logs/2015/error.log.2015-04-04.gz HTTP/1.1" 200 2158 "-" "Mozilla/5.0 (compatible; DotBot/1.1; http://www.opensiteexplorer.org/dotbot, help@moz.com)" 
216.244.66.245 - - [28/May/2018:01:30:32 -0700] "GET /self.logs/2015/error.log.2015-07-26.gz HTTP/1.1" 200 624 "-" "Mozilla/5.0 (compatible; DotBot/1.1; http://www.opensiteexplorer.org/dotbot, help@moz.com)" 
216.244.66.245 - - [28/May/2018:01:30:33 -0700] "GET /self.logs/2015/error.log.2015-07-27.gz HTTP/1.1" 200 691 "-" "Mozilla/5.0 (compatible; DotBot/1.1; http://www.opensiteexplorer.org/dotbot, help@moz.com)" 
216.244.66.245 - - [28/May/2018:01:30:34 -0700] "GET /self.logs/2015/error.log.2015-11-04.gz HTTP/1.1" 200 980 "-" "Mozilla/5.0 (compatible; DotBot/1.1; http://www.opensiteexplorer.org/dotbot, help@moz.com)" 
216.244.66.245 - - [28/May/2018:01:30:35 -0700] "GET /self.logs/2016/access.log.2016-06-19.gz HTTP/1.1" 200 5741 "-" "Mozilla/5.0 (compatible; DotBot/1.1; http://www.opensiteexplorer.org/dotbot, help@moz.com)" 
216.244.66.245 - - [28/May/2018:01:30:36 -0700] "GET /self.logs/2016/error.log.2016-02-20.gz HTTP/1.1" 200 462 "-" "Mozilla/5.0 (compatible; DotBot/1.1; http://www.opensiteexplorer.org/dotbot, help@moz.com)" 
216.244.66.245 - - [28/May/2018:01:30:37 -0700] "GET /self.logs/2016/error.log.2016-03-20.gz HTTP/1.1" 200 788 "-" "Mozilla/5.0 (compatible; DotBot/1.1; http://www.opensiteexplorer.org/dotbot, help@moz.com)" 
216.244.66.245 - - [28/May/2018:01:30:38 -0700] "GET /self.logs/2016/error.log.2016-06-23.gz HTTP/1.1" 200 723 "-" "Mozilla/5.0 (compatible; DotBot/1.1; http://www.opensiteexplorer.org/dotbot, help@moz.com)" 
216.244.66.245 - - [28/May/2018:01:30:39 -0700] "GET /self.logs/2016/error.log.2016-07-18.gz HTTP/1.1" 200 702 "-" "Mozilla/5.0 (compatible; DotBot/1.1; http://www.opensiteexplorer.org/dotbot, help@moz.com)" 
216.244.66.245 - - [28/May/2018:01:30:40 -0700] "GET /self.logs/2016/error.log.2016-07-23.gz HTTP/1.1" 200 1259 "-" "Mozilla/5.0 (compatible; DotBot/1.1; http://www.opensiteexplorer.org/dotbot, help@moz.com)" 
216.244.66.245 - - [28/May/2018:01:30:41 -0700] "GET /self.logs/2016/error.log.2016-08-13.gz HTTP/1.1" 200 802 "-" "Mozilla/5.0 (compatible; DotBot/1.1; http://www.opensiteexplorer.org/dotbot, help@moz.com)" 
216.244.66.245 - - [28/May/2018:01:30:42 -0700] "GET /self.logs/2016/error.log.2016-10-21.gz HTTP/1.1" 200 598 "-" "Mozilla/5.0 (compatible; DotBot/1.1; http://www.opensiteexplorer.org/dotbot, help@moz.com)" 
216.244.66.245 - - [28/May/2018:01:30:43 -0700] "GET /self.logs/2016/error.log.2016-10-26.gz HTTP/1.1" 200 753 "-" "Mozilla/5.0 (compatible; DotBot/1.1; http://www.opensiteexplorer.org/dotbot, help@moz.com)" 
115.160.217.130 - - [28/May/2018:01:29:09 -0700] "GET /tg/a.zip HTTP/1.1" 200 1039520 "-" "Mozilla/5.0 (Windows NT 10.0; Win64; x64) AppleWebKit/537.36 (KHTML, like Gecko) Chrome/66.0.3359.181 Safari/537.36" 
216.244.66.245 - - [28/May/2018:01:30:43 -0700] "GET /self.logs/2016/error.log.2016-12-17.gz HTTP/1.1" 200 689 "-" "Mozilla/5.0 (compatible; DotBot/1.1; http://www.opensiteexplorer.org/dotbot, help@moz.com)" 
14.204.90.181 - - [28/May/2018:01:31:57 -0700] "GET /robots.txt HTTP/1.1" 200 334 "-" "Mozilla/5.0 (Windows NT 6.1; Win64; x64) AppleWebKit/537.36 (KHTML, like Gecko) Chrome/66.0.3359.181 Safari/537.36" 
14.204.90.181 - - [28/May/2018:01:31:57 -0700] "GET / HTTP/1.1" 200 11353 "-" "Mozilla/5.0 (Windows NT 6.1; Win64; x64) AppleWebKit/537.36 (KHTML, like Gecko) Chrome/66.0.3359.181 Safari/537.36" 
14.204.90.181 - - [28/May/2018:01:31:58 -0700] "GET /twitter-icon.png HTTP/1.1" 200 27787 "http://www.secrepo.com/" "Mozilla/5.0 (Windows NT 6.1; Win64; x64) AppleWebKit/537.36 (KHTML, like Gecko) Chrome/66.0.3359.181 Safari/537.36" 
14.204.90.181 - - [28/May/2018:01:31:58 -0700] "GET /GitHub-Mark.png HTTP/1.1" 200 7428 "http://www.secrepo.com/" "Mozilla/5.0 (Windows NT 6.1; Win64; x64) AppleWebKit/537.36 (KHTML, like Gecko) Chrome/66.0.3359.181 Safari/537.36" 
14.204.90.181 - - [28/May/2018:01:32:01 -0700] "GET /bootstrap/img/favicon.ico HTTP/1.1" 200 590 "http://www.secrepo.com/" "Mozilla/5.0 (Windows NT 6.1; Win64; x64) AppleWebKit/537.36 (KHTML, like Gecko) Chrome/66.0.3359.181 Safari/537.36" 
75.188.230.139 - - [28/May/2018:01:32:55 -0700] "GET /self.logs/access.log.2018-02-14.gz HTTP/1.1" 200 21620 "-" "Python-urllib/2.7" 
75.188.230.139 - - [28/May/2018:01:33:55 -0700] "GET /self.logs/access.log.2018-02-15.gz HTTP/1.1" 200 27548 "-" "Python-urllib/2.7" 
178.149.102.178 - - [28/May/2018:01:35:09 -0700] "GET /wp-login.php HTTP/1.1" 418 732 "-" "Mozilla/5.0 (Windows NT 6.1; WOW64; rv:40.0) Gecko/20100101 Firefox/40.1" 
178.149.102.178 - - [28/May/2018:01:35:10 -0700] "GET / HTTP/1.1" 418 732 "-" "Mozilla/5.0 (Windows NT 6.1; WOW64; rv:40.0) Gecko/20100101 Firefox/40.1" 
75.188.230.139 - - [28/May/2018:01:35:15 -0700] "GET /self.logs/access.log.2018-02-16.gz HTTP/1.1" 200 41313 "-" "Python-urllib/2.7" 
75.188.230.139 - - [28/May/2018:01:37:53 -0700] "GET /self.logs/access.log.2018-02-17.gz HTTP/1.1" 200 15094 "-" "Python-urllib/2.7" 
75.188.230.139 - - [28/May/2018:01:38:33 -0700] "GET /self.logs/access.log.2018-02-18.gz HTTP/1.1" 200 14796 "-" "Python-urllib/2.7" 
75.188.230.139 - - [28/May/2018:01:39:13 -0700] "GET /self.logs/access.log.2018-02-19.gz HTTP/1.1" 200 20132 "-" "Python-urllib/2.7" 
106.38.121.194 - - [28/May/2018:01:39:13 -0700] "GET /favicon.ico HTTP/1.1" 200 268 "-" "Mozilla/5.0 (Windows NT 10.0; WOW64) AppleWebKit/537.36 (KHTML, like Gecko) Chrome/49.0.2623.221 Safari/537.36 SE 2.X MetaSr 1.0" 
75.188.230.139 - - [28/May/2018:01:40:08 -0700] "GET /self.logs/access.log.2018-02-20.gz HTTP/1.1" 200 24318 "-" "Python-urllib/2.7" 
75.188.230.139 - - [28/May/2018:01:41:16 -0700] "GET /self.logs/access.log.2018-02-21.gz HTTP/1.1" 200 23975 "-" "Python-urllib/2.7" 
75.188.230.139 - - [28/May/2018:01:42:21 -0700] "GET /self.logs/access.log.2018-02-22.gz HTTP/1.1" 200 22452 "-" "Python-urllib/2.7" 
75.188.230.139 - - [28/May/2018:01:43:24 -0700] "GET /self.logs/access.log.2018-02-23.gz HTTP/1.1" 200 24874 "-" "Python-urllib/2.7" 
75.188.230.139 - - [28/May/2018:01:44:37 -0700] "GET /self.logs/access.log.2018-02-24.gz HTTP/1.1" 200 24115 "-" "Python-urllib/2.7" 
192.185.176.156 - - [28/May/2018:01:45:47 -0700] "GET /test/wp-admin/ HTTP/1.1" 301 489 "-" "-" 
75.188.230.139 - - [28/May/2018:01:45:50 -0700] "GET /self.logs/access.log.2018-02-25.gz HTTP/1.1" 200 29540 "-" "Python-urllib/2.7" 
75.188.230.139 - - [28/May/2018:01:47:22 -0700] "GET /self.logs/access.log.2018-02-26.gz HTTP/1.1" 200 33078 "-" "Python-urllib/2.7" 
216.244.66.245 - - [28/May/2018:01:47:36 -0700] "GET /robots.txt HTTP/1.1" 200 233 "-" "Mozilla/5.0 (compatible; DotBot/1.1; http://www.opensiteexplorer.org/dotbot, help@moz.com)" 
120.92.11.126 - - [28/May/2018:01:47:46 -0700] "GET / HTTP/1.1" 301 483 "-" "Mozilla/5.0 (Windows NT 10.0; Trident/7.0; rv 11.0) like Gecko" 
120.92.11.152 - - [28/May/2018:01:47:47 -0700] "GET / HTTP/1.1" 200 11353 "-" "Mozilla/5.0 (Windows NT 10.0; Trident/7.0; rv 11.0) like Gecko" 
75.188.230.139 - - [28/May/2018:01:49:08 -0700] "GET /self.logs/access.log.2018-02-27.gz HTTP/1.1" 200 23611 "-" "Python-urllib/2.7" 
75.188.230.139 - - [28/May/2018:01:50:16 -0700] "GET /self.logs/access.log.2018-02-28.gz HTTP/1.1" 200 24477 "-" "Python-urllib/2.7" 
75.188.230.139 - - [28/May/2018:01:51:26 -0700] "GET /self.logs/access.log.2018-03-01.gz HTTP/1.1" 200 23646 "-" "Python-urllib/2.7" 
75.188.230.139 - - [28/May/2018:01:52:28 -0700] "GET /self.logs/access.log.2018-03-02.gz HTTP/1.1" 200 16329 "-" "Python-urllib/2.7" 
79.170.44.141 - - [28/May/2018:01:52:51 -0700] "GET /wordpress/wp-admin/ HTTP/1.1" 301 499 "-" "-" 
75.188.230.139 - - [28/May/2018:01:53:16 -0700] "GET /self.logs/access.log.2018-03-03.gz HTTP/1.1" 200 16454 "-" "Python-urllib/2.7" 
75.188.230.139 - - [28/May/2018:01:54:07 -0700] "GET /self.logs/access.log.2018-03-04.gz HTTP/1.1" 200 25933 "-" "Python-urllib/2.7" 
139.199.125.96 - - [28/May/2018:01:54:42 -0700] "GET http://www.secrepo.com/favicon.ico HTTP/1.1" 200 212 "-" "Mozilla/5.0 (Windows NT 6.1; WOW64) AppleWebKit/537.36 (KHTML, like Gecko) Chrome/55.0.2883.87 Safari/537.36" 
216.244.66.245 - - [28/May/2018:01:54:50 -0700] "GET /self.logs/2015/access.log.2015-01-27.gz HTTP/1.1" 200 2149 "-" "Mozilla/5.0 (compatible; DotBot/1.1; http://www.opensiteexplorer.org/dotbot, help@moz.com)" 
216.244.66.245 - - [28/May/2018:01:54:50 -0700] "GET /self.logs/2015/access.log.2015-02-02.gz HTTP/1.1" 200 3248 "-" "Mozilla/5.0 (compatible; DotBot/1.1; http://www.opensiteexplorer.org/dotbot, help@moz.com)" 
216.244.66.245 - - [28/May/2018:01:54:51 -0700] "GET /self.logs/2015/access.log.2015-03-21.gz HTTP/1.1" 200 2826 "-" "Mozilla/5.0 (compatible; DotBot/1.1; http://www.opensiteexplorer.org/dotbot, help@moz.com)" 
216.244.66.245 - - [28/May/2018:01:54:53 -0700] "GET /self.logs/2015/access.log.2015-05-14.gz HTTP/1.1" 200 6007 "-" "Mozilla/5.0 (compatible; DotBot/1.1; http://www.opensiteexplorer.org/dotbot, help@moz.com)" 
216.244.66.245 - - [28/May/2018:01:54:54 -0700] "GET /self.logs/2015/access.log.2015-06-03.gz HTTP/1.1" 200 3292 "-" "Mozilla/5.0 (compatible; DotBot/1.1; http://www.opensiteexplorer.org/dotbot, help@moz.com)" 
216.244.66.245 - - [28/May/2018:01:54:55 -0700] "GET /self.logs/2015/access.log.2015-08-06.gz HTTP/1.1" 200 6053 "-" "Mozilla/5.0 (compatible; DotBot/1.1; http://www.opensiteexplorer.org/dotbot, help@moz.com)" 
216.244.66.245 - - [28/May/2018:01:54:56 -0700] "GET /self.logs/2015/access.log.2015-08-31.gz HTTP/1.1" 200 5513 "-" "Mozilla/5.0 (compatible; DotBot/1.1; http://www.opensiteexplorer.org/dotbot, help@moz.com)" 
216.244.66.245 - - [28/May/2018:01:54:57 -0700] "GET /self.logs/2015/access.log.2015-09-28.gz HTTP/1.1" 200 4819 "-" "Mozilla/5.0 (compatible; DotBot/1.1; http://www.opensiteexplorer.org/dotbot, help@moz.com)" 
216.244.66.245 - - [28/May/2018:01:54:58 -0700] "GET /self.logs/2015/access.log.2015-12-02.gz HTTP/1.1" 200 5881 "-" "Mozilla/5.0 (compatible; DotBot/1.1; http://www.opensiteexplorer.org/dotbot, help@moz.com)" 
216.244.66.245 - - [28/May/2018:01:54:59 -0700] "GET /self.logs/2015/error.log.2015-01-31.gz HTTP/1.1" 200 666 "-" "Mozilla/5.0 (compatible; DotBot/1.1; http://www.opensiteexplorer.org/dotbot, help@moz.com)" 
216.244.66.245 - - [28/May/2018:01:55:00 -0700] "GET /self.logs/2016/access.log.2016-01-27.gz HTTP/1.1" 200 7559 "-" "Mozilla/5.0 (compatible; DotBot/1.1; http://www.opensiteexplorer.org/dotbot, help@moz.com)" 
216.244.66.245 - - [28/May/2018:01:55:01 -0700] "GET /self.logs/2016/access.log.2016-03-01.gz HTTP/1.1" 200 9114 "-" "Mozilla/5.0 (compatible; DotBot/1.1; http://www.opensiteexplorer.org/dotbot, help@moz.com)" 
216.244.66.245 - - [28/May/2018:01:55:02 -0700] "GET /self.logs/2016/access.log.2016-04-06.gz HTTP/1.1" 200 9241 "-" "Mozilla/5.0 (compatible; DotBot/1.1; http://www.opensiteexplorer.org/dotbot, help@moz.com)" 
216.244.66.245 - - [28/May/2018:01:55:03 -0700] "GET /self.logs/2016/access.log.2016-11-14.gz HTTP/1.1" 200 27770 "-" "Mozilla/5.0 (compatible; DotBot/1.1; http://www.opensiteexplorer.org/dotbot, help@moz.com)" 
216.244.66.245 - - [28/May/2018:01:55:04 -0700] "GET /self.logs/2016/access.log.2016-11-29.gz HTTP/1.1" 200 11549 "-" "Mozilla/5.0 (compatible; DotBot/1.1; http://www.opensiteexplorer.org/dotbot, help@moz.com)" 
216.244.66.245 - - [28/May/2018:01:55:05 -0700] "GET /self.logs/2016/error.log.2016-05-02.gz HTTP/1.1" 200 586 "-" "Mozilla/5.0 (compatible; DotBot/1.1; http://www.opensiteexplorer.org/dotbot, help@moz.com)" 
216.244.66.245 - - [28/May/2018:01:55:06 -0700] "GET /self.logs/2016/error.log.2016-10-09.gz HTTP/1.1" 200 734 "-" "Mozilla/5.0 (compatible; DotBot/1.1; http://www.opensiteexplorer.org/dotbot, help@moz.com)" 
216.244.66.245 - - [28/May/2018:01:55:07 -0700] "GET /self.logs/2016/error.log.2016-10-28.gz HTTP/1.1" 200 553 "-" "Mozilla/5.0 (compatible; DotBot/1.1; http://www.opensiteexplorer.org/dotbot, help@moz.com)" 
216.244.66.245 - - [28/May/2018:01:55:08 -0700] "GET /self.logs/2016/error.log.2016-11-25.gz HTTP/1.1" 200 1081 "-" "Mozilla/5.0 (compatible; DotBot/1.1; http://www.opensiteexplorer.org/dotbot, help@moz.com)" 
216.244.66.245 - - [28/May/2018:01:55:09 -0700] "GET /self.logs/error.log.2018-02-16.gz HTTP/1.1" 200 5135 "-" "Mozilla/5.0 (compatible; DotBot/1.1; http://www.opensiteexplorer.org/dotbot, help@moz.com)" 
75.188.230.139 - - [28/May/2018:01:55:39 -0700] "GET /self.logs/access.log.2018-03-05.gz HTTP/1.1" 200 21146 "-" "Python-urllib/2.7" 
211.197.27.73 - - [28/May/2018:01:56:36 -0700] "GET /wp-login.php HTTP/1.1" 418 732 "-" "Mozilla/5.0 (Windows NT 6.1; WOW64; rv:40.0) Gecko/20100101 Firefox/40.1" 
211.197.27.73 - - [28/May/2018:01:56:36 -0700] "GET / HTTP/1.1" 418 732 "-" "Mozilla/5.0 (Windows NT 6.1; WOW64; rv:40.0) Gecko/20100101 Firefox/40.1" 
75.188.230.139 - - [28/May/2018:01:56:39 -0700] "GET /self.logs/access.log.2018-03-06.gz HTTP/1.1" 200 23865 "-" "Python-urllib/2.7" 
31.16.231.101 - - [28/May/2018:01:57:15 -0700] "GET / HTTP/1.1" 200 11353 "-" "Mozilla/5.0 (X11; Ubuntu; Linux x86_64; rv:60.0) Gecko/20100101 Firefox/60.0" 
31.16.231.101 - - [28/May/2018:01:57:15 -0700] "GET /twitter-icon.png HTTP/1.1" 200 27787 "http://www.secrepo.com/" "Mozilla/5.0 (X11; Ubuntu; Linux x86_64; rv:60.0) Gecko/20100101 Firefox/60.0" 
31.16.231.101 - - [28/May/2018:01:57:15 -0700] "GET /GitHub-Mark.png HTTP/1.1" 200 7428 "http://www.secrepo.com/" "Mozilla/5.0 (X11; Ubuntu; Linux x86_64; rv:60.0) Gecko/20100101 Firefox/60.0" 
75.188.230.139 - - [28/May/2018:01:57:47 -0700] "GET /self.logs/access.log.2018-03-07.gz HTTP/1.1" 200 29309 "-" "Python-urllib/2.7" 
75.188.230.139 - - [28/May/2018:01:59:11 -0700] "GET /self.logs/access.log.2018-03-08.gz HTTP/1.1" 200 40412 "-" "Python-urllib/2.7" 
67.227.213.209 - - [28/May/2018:01:59:49 -0700] "GET /blog/wp-admin/ HTTP/1.1" 301 489 "-" "-" 
14.215.176.136 - - [28/May/2018:02:01:17 -0700] "GET / HTTP/1.1" 200 11353 "http://www.baidu.com/s?wd=EZJ" "Mozilla/5.0 (Windows NT 6.1; WOW64; rv:43.0) Gecko/20100101 Firefox/43.0" 
75.188.230.139 - - [28/May/2018:02:01:40 -0700] "GET /self.logs/access.log.2018-03-09.gz HTTP/1.1" 200 23461 "-" "Python-urllib/2.7" 
75.188.230.139 - - [28/May/2018:02:02:50 -0700] "GET /self.logs/access.log.2018-03-10.gz HTTP/1.1" 200 24352 "-" "Python-urllib/2.7" 
116.231.255.111 - - [28/May/2018:02:03:35 -0700] "GET / HTTP/1.1" 200 11353 "-" "Mozilla/5.0 (Windows NT 6.1; WOW64) AppleWebKit/537.36 (KHTML, like Gecko) Chrome/56.0.2924.87 Safari/537.36" 
116.231.255.111 - - [28/May/2018:02:03:38 -0700] "GET /twitter-icon.png HTTP/1.1" 200 27788 "http://www.secrepo.com/" "Mozilla/5.0 (Windows NT 6.1; WOW64) AppleWebKit/537.36 (KHTML, like Gecko) Chrome/56.0.2924.87 Safari/537.36" 
116.231.255.111 - - [28/May/2018:02:03:38 -0700] "GET /GitHub-Mark.png HTTP/1.1" 200 7428 "http://www.secrepo.com/" "Mozilla/5.0 (Windows NT 6.1; WOW64) AppleWebKit/537.36 (KHTML, like Gecko) Chrome/56.0.2924.87 Safari/537.36" 
209.15.209.89 - - [28/May/2018:02:03:58 -0700] "HEAD / HTTP/1.1" 200 239 "-" "-" 
75.188.230.139 - - [28/May/2018:02:04:04 -0700] "GET /self.logs/access.log.2018-03-12.gz HTTP/1.1" 200 46296 "-" "Python-urllib/2.7" 
54.36.148.112 - - [28/May/2018:02:04:04 -0700] "GET /self.logs/access.log.2017-04-28.gz HTTP/1.1" 200 14279 "-" "Mozilla/5.0 (compatible; AhrefsBot/5.2; +http://ahrefs.com/robot/)" 
78.13.107.57 - - [28/May/2018:02:04:04 -0700] "GET / HTTP/1.1" 200 11353 "-" "Mozilla/5.0 (Macintosh; Intel Mac OS X 10_11_6) AppleWebKit/605.1.15 (KHTML, like Gecko) Version/11.1 Safari/605.1.15" 
78.13.107.57 - - [28/May/2018:02:04:05 -0700] "GET /twitter-icon.png HTTP/1.1" 200 27787 "http://www.secrepo.com/" "Mozilla/5.0 (Macintosh; Intel Mac OS X 10_11_6) AppleWebKit/605.1.15 (KHTML, like Gecko) Version/11.1 Safari/605.1.15" 
78.13.107.57 - - [28/May/2018:02:04:05 -0700] "GET /GitHub-Mark.png HTTP/1.1" 200 7428 "http://www.secrepo.com/" "Mozilla/5.0 (Macintosh; Intel Mac OS X 10_11_6) AppleWebKit/605.1.15 (KHTML, like Gecko) Version/11.1 Safari/605.1.15" 
78.13.107.57 - - [28/May/2018:02:04:05 -0700] "GET /bootstrap/img/favicon.ico HTTP/1.1" 200 590 "http://www.secrepo.com/" "Mozilla/5.0 (Macintosh; Intel Mac OS X 10_11_6) AppleWebKit/605.1.15 (KHTML, like Gecko) Version/11.1 Safari/605.1.15" 
101.88.233.9 - - [28/May/2018:02:04:20 -0700] "GET / HTTP/1.1" 301 483 "http://www.secrepo.com/" "Mozilla/5.0 (Windows NT 6.1; WOW64) AppleWebKit/537.36 (KHTML, like Gecko) Chrome/56.0.2924.87 Safari/537.36" 
75.188.230.139 - - [28/May/2018:02:06:18 -0700] "GET /self.logs/access.log.2018-03-13.gz HTTP/1.1" 200 33474 "-" "Python-urllib/2.7" 
113.171.224.176 - - [28/May/2018:02:06:36 -0700] "GET /honeypot/Honeypot%20-%20Howto.pdf HTTP/1.1" 200 46720 "-" "Mozilla/5.0 Gecko/20100115 Firefox/3.6" 
101.88.230.183 - - [28/May/2018:02:06:39 -0700] "GET /bootstrap/img/favicon.ico HTTP/1.1" 200 590 "http://www.secrepo.com/" "Mozilla/5.0 (Windows NT 6.1; WOW64) AppleWebKit/537.36 (KHTML, like Gecko) Chrome/56.0.2924.87 Safari/537.36" 
192.185.82.240 - - [28/May/2018:02:06:53 -0700] "GET /wp/wp-admin/ HTTP/1.1" 301 485 "-" "-" 
72.188.100.68 - - [28/May/2018:02:07:48 -0700] "GET / HTTP/1.1" 200 11353 "https://www.google.com/" "Mozilla/5.0 (Windows NT 10.0; Win64; x64) AppleWebKit/537.36 (KHTML, like Gecko) Chrome/58.0.3029.110 Safari/537.36 Edge/16.16299" 
72.188.100.68 - - [28/May/2018:02:07:49 -0700] "GET /twitter-icon.png HTTP/1.1" 200 27787 "http://www.secrepo.com/" "Mozilla/5.0 (Windows NT 10.0; Win64; x64) AppleWebKit/537.36 (KHTML, like Gecko) Chrome/58.0.3029.110 Safari/537.36 Edge/16.16299" 
72.188.100.68 - - [28/May/2018:02:07:49 -0700] "GET /GitHub-Mark.png HTTP/1.1" 200 7428 "http://www.secrepo.com/" "Mozilla/5.0 (Windows NT 10.0; Win64; x64) AppleWebKit/537.36 (KHTML, like Gecko) Chrome/58.0.3029.110 Safari/537.36 Edge/16.16299" 
52.165.150.117 - - [28/May/2018:02:07:52 -0700] "GET / HTTP/1.1" 301 427 "-" "Mozilla/5.0 (Windows NT 10.0; Win64; x64) AppleWebKit/537.36 (KHTML, like Gecko) Chrome/65.0.3325.181 Safari/537.36" 
75.188.230.139 - - [28/May/2018:02:07:54 -0700] "GET /self.logs/access.log.2018-03-14.gz HTTP/1.1" 200 54670 "-" "Python-urllib/2.7" 
202.117.43.75 - - [28/May/2018:02:09:19 -0700] "GET / HTTP/1.1" 200 11353 "-" "Mozilla/5.0 (Macintosh; Intel Mac OS X 10_13_4) AppleWebKit/605.1.15 (KHTML, like Gecko) Version/11.1 Safari/605.1.15" 
202.117.43.75 - - [28/May/2018:02:09:19 -0700] "GET /twitter-icon.png HTTP/1.1" 200 27787 "http://www.secrepo.com/" "Mozilla/5.0 (Macintosh; Intel Mac OS X 10_13_4) AppleWebKit/605.1.15 (KHTML, like Gecko) Version/11.1 Safari/605.1.15" 
202.117.43.75 - - [28/May/2018:02:09:19 -0700] "GET /GitHub-Mark.png HTTP/1.1" 200 7428 "http://www.secrepo.com/" "Mozilla/5.0 (Macintosh; Intel Mac OS X 10_13_4) AppleWebKit/605.1.15 (KHTML, like Gecko) Version/11.1 Safari/605.1.15" 
202.117.43.75 - - [28/May/2018:02:09:22 -0700] "GET /apple-touch-icon-precomposed.png HTTP/1.1" 404 340 "-" "Safari%20%E6%B5%8F%E8%A7%88%E5%99%A8/13605.1.33.1.4 CFNetwork/897.15 Darwin/17.5.0 (x86_64)" 
202.117.43.75 - - [28/May/2018:02:09:22 -0700] "GET /apple-touch-icon.png HTTP/1.1" 404 339 "-" "Safari%20%E6%B5%8F%E8%A7%88%E5%99%A8/13605.1.33.1.4 CFNetwork/897.15 Darwin/17.5.0 (x86_64)" 
178.137.88.90 - - [28/May/2018:02:09:37 -0700] "GET /honeypot/ HTTP/1.1" 200 1077 "http://xn----7sbabn5abjehfwi8bj.xn--p1ai/" "Opera/9.00 (Windows NT 5.1; U; en)" 
178.137.88.90 - - [28/May/2018:02:09:39 -0700] "GET /honeypot/ HTTP/1.1" 200 1077 "http://xn----7sbabn5abjehfwi8bj.xn--p1ai/" "Opera/9.00 (Windows NT 5.1; U; en)" 
216.244.66.245 - - [28/May/2018:02:12:30 -0700] "GET /robots.txt HTTP/1.1" 200 233 "-" "Mozilla/5.0 (compatible; DotBot/1.1; http://www.opensiteexplorer.org/dotbot, help@moz.com)" 
