84.45.210.169 - - [03/Jul/2018:11:16:33 -0700] "GET /GitHub-Mark.png HTTP/1.1" 200 7428 "http://www.secrepo.com/" "Mozilla/5.0 (X11; Linux x86_64; rv:52.0) Gecko/20100101 Firefox/52.0" 
190.112.253.194 - - [03/Jul/2018:11:17:04 -0700] "GET /wp-login.php HTTP/1.1" 418 732 "-" "Mozilla/5.0 (Windows NT 6.1; WOW64; rv:40.0) Gecko/20100101 Firefox/40.1" 
190.112.253.194 - - [03/Jul/2018:11:17:04 -0700] "GET / HTTP/1.1" 418 732 "-" "Mozilla/5.0 (Windows NT 6.1; WOW64; rv:40.0) Gecko/20100101 Firefox/40.1" 
54.36.148.105 - - [03/Jul/2018:11:17:48 -0700] "GET /self.logs/error.log.2017-06-19.gz HTTP/1.1" 200 799 "-" "Mozilla/5.0 (compatible; AhrefsBot/5.2; +http://ahrefs.com/robot/)" 
84.45.210.169 - - [03/Jul/2018:11:19:12 -0700] "GET /self.logs/ HTTP/1.1" 200 10804 "http://www.secrepo.com/" "Mozilla/5.0 (X11; Linux x86_64; rv:52.0) Gecko/20100101 Firefox/52.0" 
84.45.210.169 - - [03/Jul/2018:11:19:13 -0700] "GET /favicon.ico HTTP/1.1" 200 267 "-" "Mozilla/5.0 (X11; Linux x86_64; rv:52.0) Gecko/20100101 Firefox/52.0" 
84.45.210.169 - - [03/Jul/2018:11:19:14 -0700] "GET /auth.log/auth.log.gz HTTP/1.1" 200 554523 "http://www.secrepo.com/" "Mozilla/5.0 (X11; Linux x86_64; rv:52.0) Gecko/20100101 Firefox/52.0" 
84.45.210.169 - - [03/Jul/2018:11:19:31 -0700] "GET /self.logs/ HTTP/1.1" 200 10804 "http://www.secrepo.com/" "Mozilla/5.0 (X11; Linux x86_64; rv:52.0) Gecko/20100101 Firefox/52.0" 
84.45.210.169 - - [03/Jul/2018:11:19:42 -0700] "GET /maccdc2012/ssh.log.gz HTTP/1.1" 200 182517 "http://www.secrepo.com/" "Mozilla/5.0 (X11; Linux x86_64; rv:52.0) Gecko/20100101 Firefox/52.0" 
84.45.210.169 - - [03/Jul/2018:11:19:45 -0700] "GET /maccdc2012/smtp.log.gz HTTP/1.1" 200 6907 "http://www.secrepo.com/" "Mozilla/5.0 (X11; Linux x86_64; rv:52.0) Gecko/20100101 Firefox/52.0" 
84.45.210.169 - - [03/Jul/2018:11:19:48 -0700] "GET /maccdc2012/ftp.log.gz HTTP/1.1" 200 128116 "http://www.secrepo.com/" "Mozilla/5.0 (X11; Linux x86_64; rv:52.0) Gecko/20100101 Firefox/52.0" 
84.45.210.169 - - [03/Jul/2018:11:19:44 -0700] "GET /maccdc2012/ssl.log.gz HTTP/1.1" 200 1313675 "http://www.secrepo.com/" "Mozilla/5.0 (X11; Linux x86_64; rv:52.0) Gecko/20100101 Firefox/52.0" 
193.200.150.125 - - [03/Jul/2018:11:21:31 -0700] "GET /self.logs/ HTTP/1.0" 200 105238 "-" "http://Anonymouse.org/ (Unix)" 
84.45.210.169 - - [03/Jul/2018:11:19:59 -0700] "GET /maccdc2012/dns.log.gz HTTP/1.1" 200 6629419 "http://www.secrepo.com/" "Mozilla/5.0 (X11; Linux x86_64; rv:52.0) Gecko/20100101 Firefox/52.0" 
84.45.210.169 - - [03/Jul/2018:11:21:33 -0700] "GET /maccdc2012/dhcp.log.gz HTTP/1.1" 200 45018 "http://www.secrepo.com/" "Mozilla/5.0 (X11; Linux x86_64; rv:52.0) Gecko/20100101 Firefox/52.0" 
193.200.150.125 - - [03/Jul/2018:11:21:47 -0700] "GET /self.logs/access.log.2018-06-29.gz HTTP/1.0" 200 39889 "-" "http://Anonymouse.org/ (Unix)" 
193.200.150.125 - - [03/Jul/2018:11:21:53 -0700] "GET /self.logs/access.log.2018-06-30.gz HTTP/1.0" 200 21034 "-" "http://Anonymouse.org/ (Unix)" 
54.36.148.246 - - [03/Jul/2018:11:22:12 -0700] "GET /self.logs/2015/access.log.2015-05-02.gz HTTP/1.1" 200 4107 "-" "Mozilla/5.0 (compatible; AhrefsBot/5.2; +http://ahrefs.com/robot/)" 
54.36.149.9 - - [03/Jul/2018:11:22:59 -0700] "GET /self.logs/error.log.2017-06-30.gz HTTP/1.1" 200 1189 "-" "Mozilla/5.0 (compatible; AhrefsBot/5.2; +http://ahrefs.com/robot/)" 
84.45.210.169 - - [03/Jul/2018:11:19:15 -0700] "GET /honeypot/honeypot.json.zip HTTP/1.1" 200 23085976 "http://www.secrepo.com/" "Mozilla/5.0 (X11; Linux x86_64; rv:52.0) Gecko/20100101 Firefox/52.0" 
84.45.210.169 - - [03/Jul/2018:11:19:29 -0700] "GET /squid/access.log.gz HTTP/1.1" 200 23177322 "http://www.secrepo.com/" "Mozilla/5.0 (X11; Linux x86_64; rv:52.0) Gecko/20100101 Firefox/52.0" 
84.45.210.169 - - [03/Jul/2018:11:23:36 -0700] "GET /maccdc2012/maccdc2012_fast_alert.7z HTTP/1.1" 200 9478148 "http://www.secrepo.com/" "Mozilla/5.0 (X11; Linux x86_64; rv:52.0) Gecko/20100101 Firefox/52.0" 
84.45.210.169 - - [03/Jul/2018:11:25:38 -0700] "GET /maccdc2012/weird.log.gz HTTP/1.1" 200 1242776 "http://www.secrepo.com/" "Mozilla/5.0 (X11; Linux x86_64; rv:52.0) Gecko/20100101 Firefox/52.0" 
84.45.210.169 - - [03/Jul/2018:11:25:58 -0700] "GET /maccdc2012/dhcp.log.gz HTTP/1.1" 200 45019 "http://www.secrepo.com/" "Mozilla/5.0 (X11; Linux x86_64; rv:52.0) Gecko/20100101 Firefox/52.0" 
84.45.210.169 - - [03/Jul/2018:11:25:59 -0700] "GET /self.logs/access.log.2017-06-06.gz HTTP/1.1" 200 31714 "http://www.secrepo.com/self.logs/" "Mozilla/5.0 (X11; Linux x86_64; rv:52.0) Gecko/20100101 Firefox/52.0" 
84.45.210.169 - - [03/Jul/2018:11:25:59 -0700] "GET /self.logs/access.log.2017-06-05.gz HTTP/1.1" 200 25298 "http://www.secrepo.com/self.logs/" "Mozilla/5.0 (X11; Linux x86_64; rv:52.0) Gecko/20100101 Firefox/52.0" 
84.45.210.169 - - [03/Jul/2018:11:26:00 -0700] "GET /maccdc2012/tunnel.log.gz HTTP/1.1" 200 5228 "http://www.secrepo.com/" "Mozilla/5.0 (X11; Linux x86_64; rv:52.0) Gecko/20100101 Firefox/52.0" 
84.45.210.169 - - [03/Jul/2018:11:24:22 -0700] "GET /maccdc2012/maccdc2012_full_alert.7z HTTP/1.1" 200 24978941 "http://www.secrepo.com/" "Mozilla/5.0 (X11; Linux x86_64; rv:52.0) Gecko/20100101 Firefox/52.0" 
84.45.210.169 - - [03/Jul/2018:11:19:01 -0700] "GET /Security-Data-Analysis/Lab_1/conn.log.zip HTTP/1.1" 200 49601888 "http://www.secrepo.com/" "Mozilla/5.0 (X11; Linux x86_64; rv:52.0) Gecko/20100101 Firefox/52.0" 
84.45.210.169 - - [03/Jul/2018:11:19:50 -0700] "GET /maccdc2012/files.log.gz HTTP/1.1" 200 51408671 "http://www.secrepo.com/" "Mozilla/5.0 (X11; Linux x86_64; rv:52.0) Gecko/20100101 Firefox/52.0" 
84.45.210.169 - - [03/Jul/2018:11:19:47 -0700] "GET /maccdc2012/http.log.gz HTTP/1.1" 200 54258816 "http://www.secrepo.com/" "Mozilla/5.0 (X11; Linux x86_64; rv:52.0) Gecko/20100101 Firefox/52.0" 
66.249.93.64 - - [03/Jul/2018:11:31:04 -0700] "GET / HTTP/1.1" 200 11355 "-" "Mozilla/5.0 (X11; Linux x86_64) AppleWebKit/537.36 (KHTML, like Gecko) Chrome/49.0.2623.75 Safari/537.36 Google Favicon" 
66.249.93.93 - - [03/Jul/2018:11:31:04 -0700] "GET /bootstrap/img/favicon.ico HTTP/1.1" 200 590 "-" "Mozilla/5.0 (X11; Linux x86_64) AppleWebKit/537.36 (KHTML, like Gecko) Chrome/49.0.2623.75 Safari/537.36 Google Favicon" 
84.45.210.169 - - [03/Jul/2018:11:32:52 -0700] "GET /maccdc2012/smtp.log.gz HTTP/1.1" 200 6908 "http://www.secrepo.com/" "Mozilla/5.0 (X11; Linux x86_64; rv:52.0) Gecko/20100101 Firefox/52.0" 
84.45.210.169 - - [03/Jul/2018:11:32:59 -0700] "GET /maccdc2012/ftp.log.gz HTTP/1.1" 200 128116 "http://www.secrepo.com/" "Mozilla/5.0 (X11; Linux x86_64; rv:52.0) Gecko/20100101 Firefox/52.0" 
174.99.27.117 - - [03/Jul/2018:11:33:14 -0700] "GET /wp-login.php HTTP/1.1" 418 732 "-" "Mozilla/5.0 (Windows NT 6.1; WOW64; rv:40.0) Gecko/20100101 Firefox/40.1" 
174.99.27.117 - - [03/Jul/2018:11:33:14 -0700] "GET / HTTP/1.1" 418 732 "-" "Mozilla/5.0 (Windows NT 6.1; WOW64; rv:40.0) Gecko/20100101 Firefox/40.1" 
84.45.210.169 - - [03/Jul/2018:11:32:08 -0700] "GET /honeypot/honeypot.json.zip HTTP/1.1" 200 652400 "-" "Mozilla/5.0 (X11; Linux x86_64; rv:52.0) Gecko/20100101 Firefox/52.0" 
46.119.121.187 - - [03/Jul/2018:11:33:49 -0700] "GET /honeypot/ HTTP/1.1" 200 1077 "https://sinhronperevod.ru/" "Mozilla/4.0 (compatible; MSIE 5.01; Windows 95; MSIECrawler)" 
46.119.121.187 - - [03/Jul/2018:11:33:52 -0700] "GET /honeypot/ HTTP/1.1" 200 1077 "https://sinhronperevod.ru/" "Mozilla/4.0 (compatible; MSIE 5.01; Windows 95; MSIECrawler)" 
84.45.210.169 - - [03/Jul/2018:11:21:35 -0700] "GET /maccdc2012/conn.log.gz HTTP/1.1" 200 88315794 "http://www.secrepo.com/" "Mozilla/5.0 (X11; Linux x86_64; rv:52.0) Gecko/20100101 Firefox/52.0" 
84.45.210.169 - - [03/Jul/2018:11:32:21 -0700] "GET /squid/access.log.gz HTTP/1.1" 200 23177322 "http://www.secrepo.com/" "Mozilla/5.0 (X11; Linux x86_64; rv:52.0) Gecko/20100101 Firefox/52.0" 
113.171.224.176 - - [03/Jul/2018:11:37:15 -0700] "GET /honeypot/Honeypot%20-%20Howto.pdf HTTP/1.1" 200 46720 "-" "Mozilla/5.0 Gecko/20100115 Firefox/3.6" 
54.36.148.198 - - [03/Jul/2018:11:37:26 -0700] "GET /self.logs/access.log.2015-03-18.gz HTTP/1.1" 404 284 "-" "Mozilla/5.0 (compatible; AhrefsBot/5.2; +http://ahrefs.com/robot/)" 
84.45.210.169 - - [03/Jul/2018:11:33:01 -0700] "GET /maccdc2012/files.log.gz HTTP/1.1" 200 51408671 "http://www.secrepo.com/" "Mozilla/5.0 (X11; Linux x86_64; rv:52.0) Gecko/20100101 Firefox/52.0" 
84.45.210.169 - - [03/Jul/2018:11:32:56 -0700] "GET /maccdc2012/http.log.gz HTTP/1.1" 200 54258816 "http://www.secrepo.com/" "Mozilla/5.0 (X11; Linux x86_64; rv:52.0) Gecko/20100101 Firefox/52.0" 
66.249.66.84 - - [03/Jul/2018:11:43:22 -0700] "GET / HTTP/1.1" 200 11355 "-" "Mozilla/5.0 (Linux; Android 6.0.1; Nexus 5X Build/MMB29P) AppleWebKit/537.36 (KHTML, like Gecko) Chrome/41.0.2272.96 Mobile Safari/537.36 (compatible; Googlebot/2.1; +http://www.google.com/bot.html)" 
129.55.200.20 - - [03/Jul/2018:11:47:54 -0700] "GET / HTTP/1.1" 200 11355 "http://vizsec.org/data/" "Mozilla/5.0 (Macintosh; Intel Mac OS X 10_13_5) AppleWebKit/537.36 (KHTML, like Gecko) Chrome/67.0.3396.99 Safari/537.36" 
129.55.200.20 - - [03/Jul/2018:11:47:54 -0700] "GET /twitter-icon.png HTTP/1.1" 200 27787 "http://www.secrepo.com/" "Mozilla/5.0 (Macintosh; Intel Mac OS X 10_13_5) AppleWebKit/537.36 (KHTML, like Gecko) Chrome/67.0.3396.99 Safari/537.36" 
129.55.200.20 - - [03/Jul/2018:11:47:54 -0700] "GET /GitHub-Mark.png HTTP/1.1" 200 7428 "http://www.secrepo.com/" "Mozilla/5.0 (Macintosh; Intel Mac OS X 10_13_5) AppleWebKit/537.36 (KHTML, like Gecko) Chrome/67.0.3396.99 Safari/537.36" 
129.55.200.20 - - [03/Jul/2018:11:47:55 -0700] "GET /bootstrap/img/favicon.ico HTTP/1.1" 200 589 "http://www.secrepo.com/" "Mozilla/5.0 (Macintosh; Intel Mac OS X 10_13_5) AppleWebKit/537.36 (KHTML, like Gecko) Chrome/67.0.3396.99 Safari/537.36" 
162.213.39.252 - - [03/Jul/2018:11:48:19 -0700] "GET / HTTP/1.1" 301 483 "-" "Mozilla/5.0 (Macintosh; Intel Mac OS X 10_10_5) AppleWebKit/537.36 (KHTML, like Gecko) Chrome/45.0.2454.101 Safari/537.36" 
162.213.38.195 - - [03/Jul/2018:11:48:19 -0700] "GET / HTTP/1.1" 200 11355 "-" "Mozilla/5.0 (Macintosh; Intel Mac OS X 10_10_5) AppleWebKit/537.36 (KHTML, like Gecko) Chrome/45.0.2454.101 Safari/537.36" 
84.202.228.5 - - [03/Jul/2018:11:50:47 -0700] "GET /wp-login.php HTTP/1.1" 418 732 "-" "Mozilla/5.0 (Windows NT 6.1; WOW64; rv:40.0) Gecko/20100101 Firefox/40.1" 
84.202.228.5 - - [03/Jul/2018:11:50:47 -0700] "GET / HTTP/1.1" 418 732 "-" "Mozilla/5.0 (Windows NT 6.1; WOW64; rv:40.0) Gecko/20100101 Firefox/40.1" 
72.140.70.27 - - [03/Jul/2018:11:49:00 -0700] "GET /Security-Data-Analysis/Lab_1/conn.log.zip HTTP/1.1" 200 549098528 "-" "Mozilla/5.0 (Macintosh; Intel Mac OS X 10_13_2) AppleWebKit/537.36 (KHTML, like Gecko) Chrome/67.0.3396.87 Safari/537.36" 
162.232.84.59 - - [03/Jul/2018:11:53:04 -0700] "GET /wp-login.php HTTP/1.1" 418 732 "-" "Mozilla/5.0 (Windows NT 6.1; WOW64; rv:40.0) Gecko/20100101 Firefox/40.1" 
162.232.84.59 - - [03/Jul/2018:11:53:04 -0700] "GET / HTTP/1.1" 418 732 "-" "Mozilla/5.0 (Windows NT 6.1; WOW64; rv:40.0) Gecko/20100101 Firefox/40.1" 
84.45.210.169 - - [03/Jul/2018:11:33:04 -0700] "GET /maccdc2012/conn.log.gz HTTP/1.1" 200 551041635 "http://www.secrepo.com/" "Mozilla/5.0 (X11; Linux x86_64; rv:52.0) Gecko/20100101 Firefox/52.0" 
208.80.194.27 - - [03/Jul/2018:12:01:22 -0700] "GET / HTTP/1.0" 200 38584 "-" "Mozilla/5.0 (X11; U; Linux i686; en-US; rv:1.9.2.11) Gecko/20101013 Ubuntu/10.04 (lucid) Firefox/3.6.11" 
189.71.11.238 - - [03/Jul/2018:12:03:10 -0700] "GET / HTTP/1.1" 200 11355 "-" "Mozilla/5.0 (Macintosh; Intel Mac OS X 10_13_4) AppleWebKit/605.1.15 (KHTML, like Gecko) Version/11.1 Safari/605.1.15" 
189.71.11.238 - - [03/Jul/2018:12:03:10 -0700] "GET /twitter-icon.png HTTP/1.1" 200 27787 "http://www.secrepo.com/" "Mozilla/5.0 (Macintosh; Intel Mac OS X 10_13_4) AppleWebKit/605.1.15 (KHTML, like Gecko) Version/11.1 Safari/605.1.15" 
189.71.11.238 - - [03/Jul/2018:12:03:11 -0700] "GET /GitHub-Mark.png HTTP/1.1" 200 7428 "http://www.secrepo.com/" "Mozilla/5.0 (Macintosh; Intel Mac OS X 10_13_4) AppleWebKit/605.1.15 (KHTML, like Gecko) Version/11.1 Safari/605.1.15" 
189.71.11.238 - - [03/Jul/2018:12:03:12 -0700] "GET /apple-touch-icon-precomposed.png HTTP/1.1" 404 340 "-" "Safari/13605.1.33.1.4 CFNetwork/897.15 Darwin/17.5.0 (x86_64)" 
189.71.11.238 - - [03/Jul/2018:12:03:12 -0700] "GET /apple-touch-icon.png HTTP/1.1" 404 339 "-" "Safari/13605.1.33.1.4 CFNetwork/897.15 Darwin/17.5.0 (x86_64)" 
189.71.11.238 - - [03/Jul/2018:12:03:31 -0700] "GET /maccdc2012/ssh.log.gz HTTP/1.1" 200 182517 "http://www.secrepo.com/" "Mozilla/5.0 (Macintosh; Intel Mac OS X 10_13_4) AppleWebKit/605.1.15 (KHTML, like Gecko) Version/11.1 Safari/605.1.15" 
173.36.240.175 - - [03/Jul/2018:12:04:50 -0700] "GET / HTTP/1.1" 200 11355 "-" "Mozilla/5.0 (Macintosh; Intel Mac OS X 10_13_5) AppleWebKit/605.1.15 (KHTML, like Gecko) Version/11.1.1 Safari/605.1.15" 
173.36.240.175 - - [03/Jul/2018:12:04:50 -0700] "GET /twitter-icon.png HTTP/1.1" 200 27787 "http://www.secrepo.com/" "Mozilla/5.0 (Macintosh; Intel Mac OS X 10_13_5) AppleWebKit/605.1.15 (KHTML, like Gecko) Version/11.1.1 Safari/605.1.15" 
173.36.240.175 - - [03/Jul/2018:12:04:50 -0700] "GET /GitHub-Mark.png HTTP/1.1" 200 7428 "http://www.secrepo.com/" "Mozilla/5.0 (Macintosh; Intel Mac OS X 10_13_5) AppleWebKit/605.1.15 (KHTML, like Gecko) Version/11.1.1 Safari/605.1.15" 
173.36.240.175 - - [03/Jul/2018:12:04:59 -0700] "GET /bootstrap/img/favicon.ico HTTP/1.1" 200 590 "http://www.secrepo.com/" "Mozilla/5.0 (Macintosh; Intel Mac OS X 10_13_5) AppleWebKit/605.1.15 (KHTML, like Gecko) Version/11.1.1 Safari/605.1.15" 
173.166.36.33 - - [03/Jul/2018:12:07:23 -0700] "GET / HTTP/1.1" 200 11355 "-" "Mozilla/5.0 (Windows NT 10.0; Win64; x64) AppleWebKit/537.36 (KHTML, like Gecko) Chrome/67.0.3396.99 Safari/537.36" 
173.166.36.33 - - [03/Jul/2018:12:07:23 -0700] "GET /GitHub-Mark.png HTTP/1.1" 200 7428 "http://www.secrepo.com/" "Mozilla/5.0 (Windows NT 10.0; Win64; x64) AppleWebKit/537.36 (KHTML, like Gecko) Chrome/67.0.3396.99 Safari/537.36" 
173.166.36.33 - - [03/Jul/2018:12:07:23 -0700] "GET /twitter-icon.png HTTP/1.1" 200 27787 "http://www.secrepo.com/" "Mozilla/5.0 (Windows NT 10.0; Win64; x64) AppleWebKit/537.36 (KHTML, like Gecko) Chrome/67.0.3396.99 Safari/537.36" 
173.166.36.33 - - [03/Jul/2018:12:07:26 -0700] "GET /bootstrap/img/favicon.ico HTTP/1.1" 200 590 "http://www.secrepo.com/" "Mozilla/5.0 (Windows NT 10.0; Win64; x64) AppleWebKit/537.36 (KHTML, like Gecko) Chrome/67.0.3396.99 Safari/537.36" 
173.166.36.33 - - [03/Jul/2018:12:08:21 -0700] "GET /honeypot/BSidesDFW%20-%202014.ipynb HTTP/1.1" 200 930836 "http://www.secrepo.com/" "Mozilla/5.0 (Windows NT 10.0; Win64; x64) AppleWebKit/537.36 (KHTML, like Gecko) Chrome/67.0.3396.99 Safari/537.36" 
173.166.36.33 - - [03/Jul/2018:12:08:25 -0700] "GET /favicon.ico HTTP/1.1" 200 267 "http://www.secrepo.com/honeypot/BSidesDFW%20-%202014.ipynb" "Mozilla/5.0 (Windows NT 10.0; Win64; x64) AppleWebKit/537.36 (KHTML, like Gecko) Chrome/67.0.3396.99 Safari/537.36" 
173.166.36.33 - - [03/Jul/2018:12:08:31 -0700] "GET /honeypot/honeypot.json.zip HTTP/1.1" 200 3068036 "-" "Mozilla/5.0 (Windows NT 10.0; Win64; x64) AppleWebKit/537.36 (KHTML, like Gecko) Chrome/67.0.3396.99 Safari/537.36" 
50.245.136.118 - - [03/Jul/2018:12:09:06 -0700] "GET / HTTP/1.1" 200 11355 "-" "Mozilla/5.0 (Windows NT 10.0; Win64; x64) AppleWebKit/537.36 (KHTML, like Gecko) Chrome/67.0.3396.99 Safari/537.36" 
50.245.136.118 - - [03/Jul/2018:12:09:06 -0700] "GET /GitHub-Mark.png HTTP/1.1" 200 7428 "http://www.secrepo.com/" "Mozilla/5.0 (Windows NT 10.0; Win64; x64) AppleWebKit/537.36 (KHTML, like Gecko) Chrome/67.0.3396.99 Safari/537.36" 
50.245.136.118 - - [03/Jul/2018:12:09:06 -0700] "GET /twitter-icon.png HTTP/1.1" 200 27787 "http://www.secrepo.com/" "Mozilla/5.0 (Windows NT 10.0; Win64; x64) AppleWebKit/537.36 (KHTML, like Gecko) Chrome/67.0.3396.99 Safari/537.36" 
173.166.36.33 - - [03/Jul/2018:12:08:54 -0700] "GET /squid/access.log.gz HTTP/1.1" 200 23177322 "-" "Mozilla/5.0 (Windows NT 10.0; Win64; x64) AppleWebKit/537.36 (KHTML, like Gecko) Chrome/67.0.3396.99 Safari/537.36" 
43.251.175.164 - - [03/Jul/2018:12:09:20 -0700] "GET /wp-login.php HTTP/1.1" 418 732 "-" "Mozilla/5.0 (Windows NT 6.1; WOW64; rv:40.0) Gecko/20100101 Firefox/40.1" 
43.251.175.164 - - [03/Jul/2018:12:09:22 -0700] "GET / HTTP/1.1" 418 732 "-" "Mozilla/5.0 (Windows NT 6.1; WOW64; rv:40.0) Gecko/20100101 Firefox/40.1" 
105.155.249.13 - - [03/Jul/2018:12:09:42 -0700] "GET / HTTP/1.1" 200 11355 "https://www.google.com/" "Mozilla/5.0 (Windows NT 6.1) AppleWebKit/537.36 (KHTML, like Gecko) Chrome/67.0.3396.99 Safari/537.36" 
105.155.249.13 - - [03/Jul/2018:12:09:46 -0700] "GET /twitter-icon.png HTTP/1.1" 200 27788 "http://www.secrepo.com/" "Mozilla/5.0 (Windows NT 6.1) AppleWebKit/537.36 (KHTML, like Gecko) Chrome/67.0.3396.99 Safari/537.36" 
105.155.249.13 - - [03/Jul/2018:12:09:46 -0700] "GET /GitHub-Mark.png HTTP/1.1" 200 7428 "http://www.secrepo.com/" "Mozilla/5.0 (Windows NT 6.1) AppleWebKit/537.36 (KHTML, like Gecko) Chrome/67.0.3396.99 Safari/537.36" 
105.155.249.13 - - [03/Jul/2018:12:09:46 -0700] "GET /bootstrap/img/favicon.ico HTTP/1.1" 200 589 "http://www.secrepo.com/" "Mozilla/5.0 (Windows NT 6.1) AppleWebKit/537.36 (KHTML, like Gecko) Chrome/67.0.3396.99 Safari/537.36" 
35.153.83.126 - - [03/Jul/2018:12:10:22 -0700] "GET /robots.txt HTTP/1.1" 200 334 "-" "MauiBot (crawler.feedback+wc@gmail.com)" 
35.153.83.126 - - [03/Jul/2018:12:10:22 -0700] "GET /self.logs/ HTTP/1.1" 200 10803 "-" "MauiBot (crawler.feedback+wc@gmail.com)" 
35.153.83.126 - - [03/Jul/2018:12:14:00 -0700] "GET /self.logs/?C=N;O=D HTTP/1.1" 200 10803 "-" "MauiBot (crawler.feedback+wc@gmail.com)" 
35.153.83.126 - - [03/Jul/2018:12:18:11 -0700] "GET /self.logs/?C=M;O=A HTTP/1.1" 200 11168 "-" "MauiBot (crawler.feedback+wc@gmail.com)" 
173.36.240.175 - - [03/Jul/2018:12:22:01 -0700] "GET /pe_static/apt1.zip HTTP/1.1" 200 1983328 "http://www.secrepo.com/" "Mozilla/5.0 (Macintosh; Intel Mac OS X 10_13_5) AppleWebKit/605.1.15 (KHTML, like Gecko) Version/11.1.1 Safari/605.1.15" 
173.36.240.175 - - [03/Jul/2018:12:21:02 -0700] "GET /pe_static/zeus.zip HTTP/1.1" 200 4128960 "http://www.secrepo.com/" "Mozilla/5.0 (Macintosh; Intel Mac OS X 10_13_5) AppleWebKit/605.1.15 (KHTML, like Gecko) Version/11.1.1 Safari/605.1.15" 
35.153.83.126 - - [03/Jul/2018:12:23:08 -0700] "GET /self.logs/?C=S;O=A HTTP/1.1" 200 12190 "-" "MauiBot (crawler.feedback+wc@gmail.com)" 
35.153.83.126 - - [03/Jul/2018:12:23:09 -0700] "GET /self.logs/?C=D;O=A HTTP/1.1" 200 10803 "-" "MauiBot (crawler.feedback+wc@gmail.com)" 
66.228.162.44 - - [03/Jul/2018:12:24:17 -0700] "GET / HTTP/1.1" 200 11355 "-" "Mozilla/5.0 (Macintosh; Intel Mac OS X 10_13_5) AppleWebKit/537.36 (KHTML, like Gecko) Chrome/67.0.3396.99 Safari/537.36" 
66.228.162.44 - - [03/Jul/2018:12:24:18 -0700] "GET /twitter-icon.png HTTP/1.1" 200 27787 "http://www.secrepo.com/" "Mozilla/5.0 (Macintosh; Intel Mac OS X 10_13_5) AppleWebKit/537.36 (KHTML, like Gecko) Chrome/67.0.3396.99 Safari/537.36" 
66.228.162.44 - - [03/Jul/2018:12:24:18 -0700] "GET /GitHub-Mark.png HTTP/1.1" 200 7428 "http://www.secrepo.com/" "Mozilla/5.0 (Macintosh; Intel Mac OS X 10_13_5) AppleWebKit/537.36 (KHTML, like Gecko) Chrome/67.0.3396.99 Safari/537.36" 
66.228.162.44 - - [03/Jul/2018:12:24:19 -0700] "GET /bootstrap/img/favicon.ico HTTP/1.1" 200 589 "http://www.secrepo.com/" "Mozilla/5.0 (Macintosh; Intel Mac OS X 10_13_5) AppleWebKit/537.36 (KHTML, like Gecko) Chrome/67.0.3396.99 Safari/537.36" 
117.242.94.107 - - [03/Jul/2018:12:26:15 -0700] "GET /wp-login.php HTTP/1.1" 418 732 "-" "Mozilla/5.0 (Windows NT 6.1; WOW64; rv:40.0) Gecko/20100101 Firefox/40.1" 
117.242.94.107 - - [03/Jul/2018:12:26:16 -0700] "GET / HTTP/1.1" 418 732 "-" "Mozilla/5.0 (Windows NT 6.1; WOW64; rv:40.0) Gecko/20100101 Firefox/40.1" 
35.153.83.126 - - [03/Jul/2018:12:27:25 -0700] "GET / HTTP/1.1" 200 11355 "-" "MauiBot (crawler.feedback+wc@gmail.com)" 
35.153.83.126 - - [03/Jul/2018:12:27:25 -0700] "GET /self.logs/2015/ HTTP/1.1" 200 7436 "-" "MauiBot (crawler.feedback+wc@gmail.com)" 
129.21.27.8 - - [03/Jul/2018:12:27:57 -0700] "GET /twitter-icon.png HTTP/1.1" 200 27788 "http://www.secrepo.com/" "Mozilla/5.0 (Windows NT 6.1; Win64; x64) AppleWebKit/537.36 (KHTML, like Gecko) Chrome/67.0.3396.87 Safari/537.36" 
129.21.27.8 - - [03/Jul/2018:12:27:57 -0700] "GET /GitHub-Mark.png HTTP/1.1" 200 7428 "http://www.secrepo.com/" "Mozilla/5.0 (Windows NT 6.1; Win64; x64) AppleWebKit/537.36 (KHTML, like Gecko) Chrome/67.0.3396.87 Safari/537.36" 
35.153.83.126 - - [03/Jul/2018:12:32:20 -0700] "GET /robots.txt HTTP/1.1" 301 502 "-" "MauiBot (crawler.feedback+wc@gmail.com)" 
35.153.83.126 - - [03/Jul/2018:12:32:20 -0700] "GET /robots.txt HTTP/1.1" 200 334 "-" "MauiBot (crawler.feedback+wc@gmail.com)" 
54.36.148.67 - - [03/Jul/2018:12:34:46 -0700] "GET /self.logs/error.log.2018-03-26.gz HTTP/1.1" 200 4366 "-" "Mozilla/5.0 (compatible; AhrefsBot/5.2; +http://ahrefs.com/robot/)" 
35.153.83.126 - - [03/Jul/2018:12:37:21 -0700] "GET /self.logs/2016/ HTTP/1.1" 200 7741 "-" "MauiBot (crawler.feedback+wc@gmail.com)" 
113.171.224.176 - - [03/Jul/2018:12:37:30 -0700] "GET /honeypot/Honeypot%20-%20Howto.pdf HTTP/1.1" 200 46720 "-" "Mozilla/5.0 Gecko/20100115 Firefox/3.6" 
132.170.212.17 - - [03/Jul/2018:12:37:37 -0700] "GET / HTTP/1.1" 200 11355 "https://www.google.com/" "Mozilla/5.0 (Windows NT 10.0; Win64; x64) AppleWebKit/537.36 (KHTML, like Gecko) Chrome/64.0.3282.140 Safari/537.36 Edge/17.17134" 
132.170.212.17 - - [03/Jul/2018:12:37:38 -0700] "GET /twitter-icon.png HTTP/1.1" 200 27787 "http://www.secrepo.com/" "Mozilla/5.0 (Windows NT 10.0; Win64; x64) AppleWebKit/537.36 (KHTML, like Gecko) Chrome/64.0.3282.140 Safari/537.36 Edge/17.17134" 
132.170.212.17 - - [03/Jul/2018:12:37:38 -0700] "GET /GitHub-Mark.png HTTP/1.1" 200 7428 "http://www.secrepo.com/" "Mozilla/5.0 (Windows NT 10.0; Win64; x64) AppleWebKit/537.36 (KHTML, like Gecko) Chrome/64.0.3282.140 Safari/537.36 Edge/17.17134" 
132.170.212.17 - - [03/Jul/2018:12:37:38 -0700] "GET /bootstrap/img/favicon.ico HTTP/1.1" 200 590 "-" "Mozilla/5.0 (Windows NT 10.0; Win64; x64) AppleWebKit/537.36 (KHTML, like Gecko) Chrome/64.0.3282.140 Safari/537.36 Edge/17.17134" 
77.75.79.36 - - [03/Jul/2018:12:40:50 -0700] "GET /robots.txt HTTP/1.1" 200 334 "-" "Mozilla/5.0 (compatible; SeznamBot/3.2; +http://napoveda.seznam.cz/en/seznambot-intro/)" 
77.75.79.36 - - [03/Jul/2018:12:40:54 -0700] "GET /tg/a.zip HTTP/1.1" 200 66189337 "-" "Mozilla/5.0 (compatible; SeznamBot/3.2; +http://napoveda.seznam.cz/en/seznambot-intro/)" 
54.36.148.139 - - [03/Jul/2018:12:41:13 -0700] "GET /self.logs/2015/access.log.2015-02-10.gz HTTP/1.1" 200 13644 "-" "Mozilla/5.0 (compatible; AhrefsBot/5.2; +http://ahrefs.com/robot/)" 
35.153.83.126 - - [03/Jul/2018:12:42:45 -0700] "GET / HTTP/1.1" 301 483 "-" "MauiBot (crawler.feedback+wc@gmail.com)" 
157.55.39.163 - - [03/Jul/2018:12:42:56 -0700] "GET /self.logs/error.log.2018-05-23.gz HTTP/1.1" 301 545 "-" "Mozilla/5.0 (compatible; bingbot/2.0; +http://www.bing.com/bingbot.htm)" 
199.58.86.209 - - [03/Jul/2018:12:45:41 -0700] "GET /robots.txt HTTP/1.1" 200 289 "-" "Mozilla/5.0 (compatible; MJ12bot/v1.4.8; http://mj12bot.com/)" 
199.58.86.209 - - [03/Jul/2018:12:45:43 -0700] "GET / HTTP/1.1" 200 38539 "-" "Mozilla/5.0 (compatible; MJ12bot/v1.4.8; http://mj12bot.com/)" 
35.153.83.126 - - [03/Jul/2018:12:46:23 -0700] "GET /self.logs/2016/ HTTP/1.1" 200 7741 "-" "MauiBot (crawler.feedback+wc@gmail.com)" 
35.153.83.126 - - [03/Jul/2018:12:46:24 -0700] "GET /self.logs/?C=N;O=A HTTP/1.1" 200 10803 "-" "MauiBot (crawler.feedback+wc@gmail.com)" 
71.176.222.48 - - [03/Jul/2018:12:46:41 -0700] "GET / HTTP/1.1" 200 11355 "https://www.google.com/" "Mozilla/5.0 (Macintosh; Intel Mac OS X 10_13_5) AppleWebKit/537.36 (KHTML, like Gecko) Chrome/67.0.3396.99 Safari/537.36" 
71.176.222.48 - - [03/Jul/2018:12:47:14 -0700] "GET /twitter-icon.png HTTP/1.1" 200 27788 "http://www.secrepo.com/" "Mozilla/5.0 (Macintosh; Intel Mac OS X 10_13_5) AppleWebKit/537.36 (KHTML, like Gecko) Chrome/67.0.3396.99 Safari/537.36" 
71.176.222.48 - - [03/Jul/2018:12:47:14 -0700] "GET /GitHub-Mark.png HTTP/1.1" 200 7427 "http://www.secrepo.com/" "Mozilla/5.0 (Macintosh; Intel Mac OS X 10_13_5) AppleWebKit/537.36 (KHTML, like Gecko) Chrome/67.0.3396.99 Safari/537.36" 
71.176.222.48 - - [03/Jul/2018:12:47:15 -0700] "GET /bootstrap/img/favicon.ico HTTP/1.1" 200 589 "http://www.secrepo.com/" "Mozilla/5.0 (Macintosh; Intel Mac OS X 10_13_5) AppleWebKit/537.36 (KHTML, like Gecko) Chrome/67.0.3396.99 Safari/537.36" 
71.176.222.48 - - [03/Jul/2018:12:47:27 -0700] "GET /maccdc2012/notice.log.gz HTTP/1.1" 200 20779 "-" "Mozilla/5.0 (Macintosh; Intel Mac OS X 10_13_5) AppleWebKit/537.36 (KHTML, like Gecko) Chrome/67.0.3396.99 Safari/537.36" 
71.176.222.48 - - [03/Jul/2018:12:47:19 -0700] "GET /maccdc2012/conn.log.gz HTTP/1.1" 200 551041635 "-" "Mozilla/5.0 (Macintosh; Intel Mac OS X 10_13_5) AppleWebKit/537.36 (KHTML, like Gecko) Chrome/67.0.3396.99 Safari/537.36" 
35.153.83.126 - - [03/Jul/2018:12:49:47 -0700] "GET /self.logs/?C=M;O=D HTTP/1.1" 200 11282 "-" "MauiBot (crawler.feedback+wc@gmail.com)" 
35.153.83.126 - - [03/Jul/2018:12:49:48 -0700] "GET /self.logs/?C=S;O=D HTTP/1.1" 200 12269 "-" "MauiBot (crawler.feedback+wc@gmail.com)" 
35.153.83.126 - - [03/Jul/2018:12:53:10 -0700] "GET /data HTTP/1.1" 404 340 "-" "MauiBot (crawler.feedback+wc@gmail.com)" 
35.153.83.126 - - [03/Jul/2018:12:53:11 -0700] "GET /maccdc2012/maccdc2012_fast_alert.7z HTTP/1.1" 200 3530280 "-" "MauiBot (crawler.feedback+wc@gmail.com)" 
216.244.66.245 - - [03/Jul/2018:12:55:34 -0700] "GET /robots.txt HTTP/1.1" 200 233 "-" "Mozilla/5.0 (compatible; DotBot/1.1; http://www.opensiteexplorer.org/dotbot, help@moz.com)" 
35.153.83.126 - - [03/Jul/2018:12:57:06 -0700] "GET /maccdc2012/maccdc2012_full_alert.7z HTTP/1.1" 200 7475200 "-" "MauiBot (crawler.feedback+wc@gmail.com)" 
66.102.7.191 - - [03/Jul/2018:12:58:47 -0700] "GET / HTTP/1.1" 200 11355 "-" "Mozilla/5.0 (X11; Linux x86_64) AppleWebKit/537.36 (KHTML, like Gecko) Chrome/49.0.2623.75 Safari/537.36 Google Favicon" 
66.102.7.191 - - [03/Jul/2018:12:58:48 -0700] "GET /bootstrap/img/favicon.ico HTTP/1.1" 200 589 "-" "Mozilla/5.0 (X11; Linux x86_64) AppleWebKit/537.36 (KHTML, like Gecko) Chrome/49.0.2623.75 Safari/537.36 Google Favicon" 
54.36.150.82 - - [03/Jul/2018:12:59:39 -0700] "GET /robots.txt HTTP/1.1" 200 304 "-" "Mozilla/5.0 (compatible; AhrefsBot/5.2; +http://ahrefs.com/robot/)" 
54.36.148.195 - - [03/Jul/2018:12:59:40 -0700] "GET /self.logs/error.log.2017-03-18.gz HTTP/1.1" 200 1040 "-" "Mozilla/5.0 (compatible; AhrefsBot/5.2; +http://ahrefs.com/robot/)" 
95.90.204.150 - - [03/Jul/2018:13:00:22 -0700] "GET / HTTP/1.1" 200 11355 "-" "Mozilla/5.0 (Macintosh; Intel Mac OS X 10_13_5) AppleWebKit/537.36 (KHTML, like Gecko) Chrome/67.0.3396.99 Safari/537.36" 
95.90.204.150 - - [03/Jul/2018:13:00:22 -0700] "GET /twitter-icon.png HTTP/1.1" 200 27787 "http://www.secrepo.com/" "Mozilla/5.0 (Macintosh; Intel Mac OS X 10_13_5) AppleWebKit/537.36 (KHTML, like Gecko) Chrome/67.0.3396.99 Safari/537.36" 
95.90.204.150 - - [03/Jul/2018:13:00:22 -0700] "GET /GitHub-Mark.png HTTP/1.1" 200 7428 "http://www.secrepo.com/" "Mozilla/5.0 (Macintosh; Intel Mac OS X 10_13_5) AppleWebKit/537.36 (KHTML, like Gecko) Chrome/67.0.3396.99 Safari/537.36" 
95.90.204.150 - - [03/Jul/2018:13:00:23 -0700] "GET /bootstrap/img/favicon.ico HTTP/1.1" 200 589 "http://www.secrepo.com/" "Mozilla/5.0 (Macintosh; Intel Mac OS X 10_13_5) AppleWebKit/537.36 (KHTML, like Gecko) Chrome/67.0.3396.99 Safari/537.36" 
35.153.83.126 - - [03/Jul/2018:13:00:33 -0700] "GET /tg/tg_snort_fast.7z HTTP/1.1" 200 2827230 "-" "MauiBot (crawler.feedback+wc@gmail.com)" 
216.244.66.245 - - [03/Jul/2018:13:03:28 -0700] "GET /self.logs/access.log.2017-03-01.gz HTTP/1.1" 200 20579 "-" "Mozilla/5.0 (compatible; DotBot/1.1; http://www.opensiteexplorer.org/dotbot, help@moz.com)" 
216.244.66.245 - - [03/Jul/2018:13:03:30 -0700] "GET /self.logs/access.log.2017-04-24.gz HTTP/1.1" 200 17032 "-" "Mozilla/5.0 (compatible; DotBot/1.1; http://www.opensiteexplorer.org/dotbot, help@moz.com)" 
216.244.66.245 - - [03/Jul/2018:13:03:31 -0700] "GET /self.logs/access.log.2017-05-27.gz HTTP/1.1" 200 11827 "-" "Mozilla/5.0 (compatible; DotBot/1.1; http://www.opensiteexplorer.org/dotbot, help@moz.com)" 
216.244.66.245 - - [03/Jul/2018:13:03:33 -0700] "GET /self.logs/access.log.2017-08-04.gz HTTP/1.1" 200 16188 "-" "Mozilla/5.0 (compatible; DotBot/1.1; http://www.opensiteexplorer.org/dotbot, help@moz.com)" 
216.244.66.245 - - [03/Jul/2018:13:03:34 -0700] "GET /self.logs/error.log.2017-01-20.gz HTTP/1.1" 200 726 "-" "Mozilla/5.0 (compatible; DotBot/1.1; http://www.opensiteexplorer.org/dotbot, help@moz.com)" 
216.244.66.245 - - [03/Jul/2018:13:03:36 -0700] "GET /self.logs/error.log.2017-04-25.gz HTTP/1.1" 200 877 "-" "Mozilla/5.0 (compatible; DotBot/1.1; http://www.opensiteexplorer.org/dotbot, help@moz.com)" 
216.244.66.245 - - [03/Jul/2018:13:03:37 -0700] "GET /self.logs/error.log.2017-10-23.gz HTTP/1.1" 200 2285 "-" "Mozilla/5.0 (compatible; DotBot/1.1; http://www.opensiteexplorer.org/dotbot, help@moz.com)" 
216.244.66.245 - - [03/Jul/2018:13:03:39 -0700] "GET /self.logs/error.log.2017-11-21.gz HTTP/1.1" 200 1806 "-" "Mozilla/5.0 (compatible; DotBot/1.1; http://www.opensiteexplorer.org/dotbot, help@moz.com)" 
216.244.66.245 - - [03/Jul/2018:13:04:31 -0700] "GET /self.logs/access.log.2016-07-26.gz HTTP/1.1" 404 239 "-" "Mozilla/5.0 (compatible; DotBot/1.1; http://www.opensiteexplorer.org/dotbot, help@moz.com)" 
216.244.66.245 - - [03/Jul/2018:13:04:32 -0700] "GET /self.logs/access.log.2016-08-24.gz HTTP/1.1" 404 239 "-" "Mozilla/5.0 (compatible; DotBot/1.1; http://www.opensiteexplorer.org/dotbot, help@moz.com)" 
216.244.66.245 - - [03/Jul/2018:13:04:33 -0700] "GET /self.logs/error.log.2016-06-02.gz HTTP/1.1" 404 239 "-" "Mozilla/5.0 (compatible; DotBot/1.1; http://www.opensiteexplorer.org/dotbot, help@moz.com)" 
216.244.66.245 - - [03/Jul/2018:13:04:34 -0700] "GET /self.logs/error.log.2016-09-04.gz HTTP/1.1" 404 239 "-" "Mozilla/5.0 (compatible; DotBot/1.1; http://www.opensiteexplorer.org/dotbot, help@moz.com)" 
35.153.83.126 - - [03/Jul/2018:13:07:31 -0700] "GET /tg/tg_snort_full.7z HTTP/1.1" 200 2310438 "-" "MauiBot (crawler.feedback+wc@gmail.com)" 
35.153.83.126 - - [03/Jul/2018:13:11:04 -0700] "GET /robots.txt HTTP/1.1" 200 334 "-" "MauiBot (crawler.feedback+wc@gmail.com)" 
35.153.83.126 - - [03/Jul/2018:13:11:05 -0700] "GET /honeypot/BSidesDFW%20-%202014.ipynb HTTP/1.1" 200 930835 "-" "MauiBot (crawler.feedback+wc@gmail.com)" 
35.153.83.126 - - [03/Jul/2018:13:14:52 -0700] "GET /self.logs/2015/?C=N;O=D HTTP/1.1" 200 7480 "-" "MauiBot (crawler.feedback+wc@gmail.com)" 
35.153.83.126 - - [03/Jul/2018:13:14:53 -0700] "GET /self.logs/2015/?C=M;O=A HTTP/1.1" 200 7659 "-" "MauiBot (crawler.feedback+wc@gmail.com)" 
35.153.83.126 - - [03/Jul/2018:13:18:43 -0700] "GET /self.logs/2015/?C=S;O=A HTTP/1.1" 200 8283 "-" "MauiBot (crawler.feedback+wc@gmail.com)" 
35.153.83.126 - - [03/Jul/2018:13:18:44 -0700] "GET /self.logs/2015/?C=D;O=A HTTP/1.1" 200 7436 "-" "MauiBot (crawler.feedback+wc@gmail.com)" 
216.244.66.245 - - [03/Jul/2018:13:19:30 -0700] "GET /robots.txt HTTP/1.1" 200 233 "-" "Mozilla/5.0 (compatible; DotBot/1.1; http://www.opensiteexplorer.org/dotbot, help@moz.com)" 
35.153.83.126 - - [03/Jul/2018:13:22:47 -0700] "GET /self.logs/2015/?C=N;O=A HTTP/1.1" 200 7437 "-" "MauiBot (crawler.feedback+wc@gmail.com)" 
54.36.148.59 - - [03/Jul/2018:13:24:34 -0700] "GET /self.logs/2016/error.log.2016-04-20.gz HTTP/1.1" 200 761 "-" "Mozilla/5.0 (compatible; AhrefsBot/5.2; +http://ahrefs.com/robot/)" 
35.153.83.126 - - [03/Jul/2018:13:26:36 -0700] "GET /self.logs/2015/?C=M;O=D HTTP/1.1" 200 7666 "-" "MauiBot (crawler.feedback+wc@gmail.com)" 
216.244.66.245 - - [03/Jul/2018:13:28:08 -0700] "GET /self.logs/access.log.2017-01-28.gz HTTP/1.1" 200 17423 "-" "Mozilla/5.0 (compatible; DotBot/1.1; http://www.opensiteexplorer.org/dotbot, help@moz.com)" 
216.244.66.245 - - [03/Jul/2018:13:28:10 -0700] "GET /self.logs/access.log.2017-03-08.gz HTTP/1.1" 200 17899 "-" "Mozilla/5.0 (compatible; DotBot/1.1; http://www.opensiteexplorer.org/dotbot, help@moz.com)" 
216.244.66.245 - - [03/Jul/2018:13:28:12 -0700] "GET /self.logs/access.log.2017-04-07.gz HTTP/1.1" 200 27746 "-" "Mozilla/5.0 (compatible; DotBot/1.1; http://www.opensiteexplorer.org/dotbot, help@moz.com)" 
216.244.66.245 - - [03/Jul/2018:13:28:13 -0700] "GET /self.logs/access.log.2017-06-24.gz HTTP/1.1" 200 32888 "-" "Mozilla/5.0 (compatible; DotBot/1.1; http://www.opensiteexplorer.org/dotbot, help@moz.com)" 
216.244.66.245 - - [03/Jul/2018:13:28:15 -0700] "GET /self.logs/access.log.2017-07-01.gz HTTP/1.1" 200 12520 "-" "Mozilla/5.0 (compatible; DotBot/1.1; http://www.opensiteexplorer.org/dotbot, help@moz.com)" 
216.244.66.245 - - [03/Jul/2018:13:28:16 -0700] "GET /self.logs/error.log.2017-05-05.gz HTTP/1.1" 200 802 "-" "Mozilla/5.0 (compatible; DotBot/1.1; http://www.opensiteexplorer.org/dotbot, help@moz.com)" 
216.244.66.245 - - [03/Jul/2018:13:28:18 -0700] "GET /self.logs/error.log.2017-07-20.gz HTTP/1.1" 200 780 "-" "Mozilla/5.0 (compatible; DotBot/1.1; http://www.opensiteexplorer.org/dotbot, help@moz.com)" 
216.244.66.245 - - [03/Jul/2018:13:28:20 -0700] "GET /self.logs/error.log.2017-07-31.gz HTTP/1.1" 200 889 "-" "Mozilla/5.0 (compatible; DotBot/1.1; http://www.opensiteexplorer.org/dotbot, help@moz.com)" 
216.244.66.245 - - [03/Jul/2018:13:29:02 -0700] "GET /self.logs/access.log.2015-04-07.gz HTTP/1.1" 404 239 "-" "Mozilla/5.0 (compatible; DotBot/1.1; http://www.opensiteexplorer.org/dotbot, help@moz.com)" 
216.244.66.245 - - [03/Jul/2018:13:29:03 -0700] "GET /self.logs/access.log.2015-06-16.gz HTTP/1.1" 404 239 "-" "Mozilla/5.0 (compatible; DotBot/1.1; http://www.opensiteexplorer.org/dotbot, help@moz.com)" 
216.244.66.245 - - [03/Jul/2018:13:29:04 -0700] "GET /self.logs/access.log.2015-08-29.gz HTTP/1.1" 404 239 "-" "Mozilla/5.0 (compatible; DotBot/1.1; http://www.opensiteexplorer.org/dotbot, help@moz.com)" 
216.244.66.245 - - [03/Jul/2018:13:29:05 -0700] "GET /self.logs/access.log.2015-10-09.gz HTTP/1.1" 404 239 "-" "Mozilla/5.0 (compatible; DotBot/1.1; http://www.opensiteexplorer.org/dotbot, help@moz.com)" 
216.244.66.245 - - [03/Jul/2018:13:29:06 -0700] "GET /self.logs/access.log.2015-11-08.gz HTTP/1.1" 404 239 "-" "Mozilla/5.0 (compatible; DotBot/1.1; http://www.opensiteexplorer.org/dotbot, help@moz.com)" 
216.244.66.245 - - [03/Jul/2018:13:29:07 -0700] "GET /self.logs/error.log.2015-01-31.gz HTTP/1.1" 404 239 "-" "Mozilla/5.0 (compatible; DotBot/1.1; http://www.opensiteexplorer.org/dotbot, help@moz.com)" 
216.244.66.245 - - [03/Jul/2018:13:29:08 -0700] "GET /self.logs/error.log.2015-02-12.gz HTTP/1.1" 404 239 "-" "Mozilla/5.0 (compatible; DotBot/1.1; http://www.opensiteexplorer.org/dotbot, help@moz.com)" 
216.244.66.245 - - [03/Jul/2018:13:29:09 -0700] "GET /self.logs/error.log.2015-06-24.gz HTTP/1.1" 404 239 "-" "Mozilla/5.0 (compatible; DotBot/1.1; http://www.opensiteexplorer.org/dotbot, help@moz.com)" 
216.244.66.245 - - [03/Jul/2018:13:29:09 -0700] "GET /self.logs/error.log.2015-07-14.gz HTTP/1.1" 404 239 "-" "Mozilla/5.0 (compatible; DotBot/1.1; http://www.opensiteexplorer.org/dotbot, help@moz.com)" 
216.244.66.245 - - [03/Jul/2018:13:29:10 -0700] "GET /self.logs/error.log.2016-05-03.gz HTTP/1.1" 404 239 "-" "Mozilla/5.0 (compatible; DotBot/1.1; http://www.opensiteexplorer.org/dotbot, help@moz.com)" 
216.244.66.245 - - [03/Jul/2018:13:29:11 -0700] "GET /self.logs/error.log.2016-08-07.gz HTTP/1.1" 404 239 "-" "Mozilla/5.0 (compatible; DotBot/1.1; http://www.opensiteexplorer.org/dotbot, help@moz.com)" 
216.244.66.245 - - [03/Jul/2018:13:29:12 -0700] "GET /self.logs/error.log.2016-11-30.gz HTTP/1.1" 404 239 "-" "Mozilla/5.0 (compatible; DotBot/1.1; http://www.opensiteexplorer.org/dotbot, help@moz.com)" 
35.153.83.126 - - [03/Jul/2018:13:30:26 -0700] "GET /self.logs/2015/?C=S;O=D HTTP/1.1" 200 8253 "-" "MauiBot (crawler.feedback+wc@gmail.com)" 
54.36.148.103 - - [03/Jul/2018:13:30:27 -0700] "GET /self.logs/2015/access.log.2015-04-11.gz HTTP/1.1" 200 5482 "-" "Mozilla/5.0 (compatible; AhrefsBot/5.2; +http://ahrefs.com/robot/)" 
54.36.148.160 - - [03/Jul/2018:13:31:00 -0700] "GET /self.logs/error.log.2017-07-13.gz HTTP/1.1" 200 731 "-" "Mozilla/5.0 (compatible; AhrefsBot/5.2; +http://ahrefs.com/robot/)" 
62.47.35.16 - - [03/Jul/2018:13:31:51 -0700] "GET /wp-login.php HTTP/1.1" 418 732 "-" "Mozilla/5.0 (Windows NT 6.1; WOW64; rv:40.0) Gecko/20100101 Firefox/40.1" 
62.47.35.16 - - [03/Jul/2018:13:31:51 -0700] "GET / HTTP/1.1" 418 732 "-" "Mozilla/5.0 (Windows NT 6.1; WOW64; rv:40.0) Gecko/20100101 Firefox/40.1" 
130.63.224.26 - - [03/Jul/2018:13:33:04 -0700] "GET / HTTP/1.1" 200 11355 "-" "Mozilla/5.0 (Macintosh; Intel Mac OS X 10_12_6) AppleWebKit/537.36 (KHTML, like Gecko) Chrome/67.0.3396.87 Safari/537.36" 
130.63.224.26 - - [03/Jul/2018:13:33:04 -0700] "GET /twitter-icon.png HTTP/1.1" 200 27787 "http://www.secrepo.com/" "Mozilla/5.0 (Macintosh; Intel Mac OS X 10_12_6) AppleWebKit/537.36 (KHTML, like Gecko) Chrome/67.0.3396.87 Safari/537.36" 
130.63.224.26 - - [03/Jul/2018:13:33:04 -0700] "GET /GitHub-Mark.png HTTP/1.1" 200 7428 "http://www.secrepo.com/" "Mozilla/5.0 (Macintosh; Intel Mac OS X 10_12_6) AppleWebKit/537.36 (KHTML, like Gecko) Chrome/67.0.3396.87 Safari/537.36" 
130.63.224.26 - - [03/Jul/2018:13:33:05 -0700] "GET /bootstrap/img/favicon.ico HTTP/1.1" 200 589 "http://www.secrepo.com/" "Mozilla/5.0 (Macintosh; Intel Mac OS X 10_12_6) AppleWebKit/537.36 (KHTML, like Gecko) Chrome/67.0.3396.87 Safari/537.36" 
113.171.224.176 - - [03/Jul/2018:13:37:44 -0700] "GET /honeypot/Honeypot%20-%20Howto.pdf HTTP/1.1" 200 46720 "-" "Mozilla/5.0 Gecko/20100115 Firefox/3.6" 
216.244.66.245 - - [03/Jul/2018:13:44:09 -0700] "GET /self.logs/access.log.2017-01-28.gz HTTP/1.1" 200 17423 "-" "Mozilla/5.0 (compatible; DotBot/1.1; http://www.opensiteexplorer.org/dotbot, help@moz.com)" 
216.244.66.245 - - [03/Jul/2018:13:44:10 -0700] "GET /self.logs/access.log.2017-03-08.gz HTTP/1.1" 200 17899 "-" "Mozilla/5.0 (compatible; DotBot/1.1; http://www.opensiteexplorer.org/dotbot, help@moz.com)" 
216.244.66.245 - - [03/Jul/2018:13:44:12 -0700] "GET /self.logs/access.log.2017-04-07.gz HTTP/1.1" 200 27746 "-" "Mozilla/5.0 (compatible; DotBot/1.1; http://www.opensiteexplorer.org/dotbot, help@moz.com)" 
216.244.66.245 - - [03/Jul/2018:13:44:13 -0700] "GET /self.logs/access.log.2017-06-24.gz HTTP/1.1" 200 32888 "-" "Mozilla/5.0 (compatible; DotBot/1.1; http://www.opensiteexplorer.org/dotbot, help@moz.com)" 
216.244.66.245 - - [03/Jul/2018:13:44:15 -0700] "GET /self.logs/access.log.2017-07-01.gz HTTP/1.1" 200 12520 "-" "Mozilla/5.0 (compatible; DotBot/1.1; http://www.opensiteexplorer.org/dotbot, help@moz.com)" 
216.244.66.245 - - [03/Jul/2018:13:44:16 -0700] "GET /self.logs/error.log.2017-05-05.gz HTTP/1.1" 200 802 "-" "Mozilla/5.0 (compatible; DotBot/1.1; http://www.opensiteexplorer.org/dotbot, help@moz.com)" 
216.244.66.245 - - [03/Jul/2018:13:44:18 -0700] "GET /self.logs/error.log.2017-07-20.gz HTTP/1.1" 200 780 "-" "Mozilla/5.0 (compatible; DotBot/1.1; http://www.opensiteexplorer.org/dotbot, help@moz.com)" 
216.244.66.245 - - [03/Jul/2018:13:44:19 -0700] "GET /self.logs/error.log.2017-07-31.gz HTTP/1.1" 200 889 "-" "Mozilla/5.0 (compatible; DotBot/1.1; http://www.opensiteexplorer.org/dotbot, help@moz.com)" 
216.244.66.245 - - [03/Jul/2018:13:45:16 -0700] "GET /self.logs/access.log.2015-04-07.gz HTTP/1.1" 404 239 "-" "Mozilla/5.0 (compatible; DotBot/1.1; http://www.opensiteexplorer.org/dotbot, help@moz.com)" 
216.244.66.245 - - [03/Jul/2018:13:45:17 -0700] "GET /self.logs/access.log.2015-06-16.gz HTTP/1.1" 404 239 "-" "Mozilla/5.0 (compatible; DotBot/1.1; http://www.opensiteexplorer.org/dotbot, help@moz.com)" 
216.244.66.245 - - [03/Jul/2018:13:45:18 -0700] "GET /self.logs/access.log.2015-08-29.gz HTTP/1.1" 404 239 "-" "Mozilla/5.0 (compatible; DotBot/1.1; http://www.opensiteexplorer.org/dotbot, help@moz.com)" 
216.244.66.245 - - [03/Jul/2018:13:45:19 -0700] "GET /self.logs/access.log.2015-10-09.gz HTTP/1.1" 404 239 "-" "Mozilla/5.0 (compatible; DotBot/1.1; http://www.opensiteexplorer.org/dotbot, help@moz.com)" 
216.244.66.245 - - [03/Jul/2018:13:45:20 -0700] "GET /self.logs/access.log.2015-11-08.gz HTTP/1.1" 404 239 "-" "Mozilla/5.0 (compatible; DotBot/1.1; http://www.opensiteexplorer.org/dotbot, help@moz.com)" 
216.244.66.245 - - [03/Jul/2018:13:45:21 -0700] "GET /self.logs/error.log.2015-01-31.gz HTTP/1.1" 404 239 "-" "Mozilla/5.0 (compatible; DotBot/1.1; http://www.opensiteexplorer.org/dotbot, help@moz.com)" 
216.244.66.245 - - [03/Jul/2018:13:45:22 -0700] "GET /self.logs/error.log.2015-02-12.gz HTTP/1.1" 404 239 "-" "Mozilla/5.0 (compatible; DotBot/1.1; http://www.opensiteexplorer.org/dotbot, help@moz.com)" 
216.244.66.245 - - [03/Jul/2018:13:45:23 -0700] "GET /self.logs/error.log.2015-06-24.gz HTTP/1.1" 404 239 "-" "Mozilla/5.0 (compatible; DotBot/1.1; http://www.opensiteexplorer.org/dotbot, help@moz.com)" 
216.244.66.245 - - [03/Jul/2018:13:45:24 -0700] "GET /self.logs/error.log.2015-07-14.gz HTTP/1.1" 404 239 "-" "Mozilla/5.0 (compatible; DotBot/1.1; http://www.opensiteexplorer.org/dotbot, help@moz.com)" 
216.244.66.245 - - [03/Jul/2018:13:45:25 -0700] "GET /self.logs/error.log.2016-05-03.gz HTTP/1.1" 404 239 "-" "Mozilla/5.0 (compatible; DotBot/1.1; http://www.opensiteexplorer.org/dotbot, help@moz.com)" 
216.244.66.245 - - [03/Jul/2018:13:45:26 -0700] "GET /self.logs/error.log.2016-08-07.gz HTTP/1.1" 404 239 "-" "Mozilla/5.0 (compatible; DotBot/1.1; http://www.opensiteexplorer.org/dotbot, help@moz.com)" 
216.244.66.245 - - [03/Jul/2018:13:45:26 -0700] "GET /self.logs/error.log.2016-11-30.gz HTTP/1.1" 404 239 "-" "Mozilla/5.0 (compatible; DotBot/1.1; http://www.opensiteexplorer.org/dotbot, help@moz.com)" 
54.36.149.39 - - [03/Jul/2018:13:47:27 -0700] "GET /self.logs/2015/access.log.2015-03-05.gz HTTP/1.1" 200 3269 "-" "Mozilla/5.0 (compatible; AhrefsBot/5.2; +http://ahrefs.com/robot/)" 
54.36.148.102 - - [03/Jul/2018:13:48:07 -0700] "GET /self.logs/2015/error.log.2015-10-24.gz HTTP/1.1" 200 811 "-" "Mozilla/5.0 (compatible; AhrefsBot/5.2; +http://ahrefs.com/robot/)" 
54.36.148.217 - - [03/Jul/2018:13:53:54 -0700] "GET /self.logs/2015/access.log.2015-12-20.gz HTTP/1.1" 200 6442 "-" "Mozilla/5.0 (compatible; AhrefsBot/5.2; +http://ahrefs.com/robot/)" 
130.63.224.26 - - [03/Jul/2018:14:04:13 -0700] "GET / HTTP/1.1" 200 11355 "-" "Mozilla/5.0 (Macintosh; Intel Mac OS X 10_12_6) AppleWebKit/537.36 (KHTML, like Gecko) Chrome/67.0.3396.87 Safari/537.36" 
130.63.224.26 - - [03/Jul/2018:14:04:13 -0700] "GET /GitHub-Mark.png HTTP/1.1" 200 7428 "http://www.secrepo.com/" "Mozilla/5.0 (Macintosh; Intel Mac OS X 10_12_6) AppleWebKit/537.36 (KHTML, like Gecko) Chrome/67.0.3396.87 Safari/537.36" 
130.63.224.26 - - [03/Jul/2018:14:04:13 -0700] "GET /twitter-icon.png HTTP/1.1" 200 27787 "http://www.secrepo.com/" "Mozilla/5.0 (Macintosh; Intel Mac OS X 10_12_6) AppleWebKit/537.36 (KHTML, like Gecko) Chrome/67.0.3396.87 Safari/537.36" 
54.36.149.44 - - [03/Jul/2018:14:04:44 -0700] "GET /self.logs/2016/error.log.2016-04-22.gz HTTP/1.1" 200 694 "-" "Mozilla/5.0 (compatible; AhrefsBot/5.2; +http://ahrefs.com/robot/)" 
192.80.55.242 - - [03/Jul/2018:14:07:59 -0700] "GET / HTTP/1.1" 200 11355 "https://www.google.com/" "Mozilla/5.0 (Windows NT 10.0; Win64; x64; rv:61.0) Gecko/20100101 Firefox/61.0" 
52.27.63.130 - - [03/Jul/2018:14:07:59 -0700] "GET / HTTP/1.1" 200 11355 "https://www.google.com/" "Mozilla/5.0 (Macintosh; Intel Mac OS X 10_13_5) AppleWebKit/605.1.15 (KHTML, like Gecko) Version/11.1.1 Safari/605.1.15" 
192.80.55.242 - - [03/Jul/2018:14:07:59 -0700] "GET / HTTP/1.1" 200 11355 "https://www.google.com/" "Mozilla/5.0 (Windows NT 10.0; Win64; x64; rv:61.0) Gecko/20100101 Firefox/61.0" 
52.27.63.130 - - [03/Jul/2018:14:08:00 -0700] "GET /twitter-icon.png HTTP/1.1" 200 27787 "http://www.secrepo.com/" "Mozilla/5.0 (Macintosh; Intel Mac OS X 10_13_5) AppleWebKit/605.1.15 (KHTML, like Gecko) Version/11.1.1 Safari/605.1.15" 
192.80.55.242 - - [03/Jul/2018:14:08:00 -0700] "GET /twitter-icon.png HTTP/1.1" 200 27787 "http://www.secrepo.com/" "Mozilla/5.0 (Windows NT 10.0; Win64; x64; rv:61.0) Gecko/20100101 Firefox/61.0" 
52.27.63.130 - - [03/Jul/2018:14:08:00 -0700] "GET /GitHub-Mark.png HTTP/1.1" 200 7428 "http://www.secrepo.com/" "Mozilla/5.0 (Macintosh; Intel Mac OS X 10_13_5) AppleWebKit/605.1.15 (KHTML, like Gecko) Version/11.1.1 Safari/605.1.15" 
192.80.55.242 - - [03/Jul/2018:14:08:00 -0700] "GET /GitHub-Mark.png HTTP/1.1" 200 7428 "http://www.secrepo.com/" "Mozilla/5.0 (Windows NT 10.0; Win64; x64; rv:61.0) Gecko/20100101 Firefox/61.0" 
192.80.55.242 - - [03/Jul/2018:14:08:00 -0700] "GET /bootstrap/img/favicon.ico HTTP/1.1" 200 589 "-" "Mozilla/5.0 (Windows NT 10.0; Win64; x64; rv:61.0) Gecko/20100101 Firefox/61.0" 
52.27.63.130 - - [03/Jul/2018:14:08:02 -0700] "GET /bootstrap/img/favicon.ico HTTP/1.1" 200 590 "http://www.secrepo.com/" "Mozilla/5.0 (Macintosh; Intel Mac OS X 10_13_5) AppleWebKit/605.1.15 (KHTML, like Gecko) Version/11.1.1 Safari/605.1.15" 
54.36.149.41 - - [03/Jul/2018:14:08:11 -0700] "GET /self.logs/access.log.2015-08-10.gz HTTP/1.1" 404 284 "-" "Mozilla/5.0 (compatible; AhrefsBot/5.2; +http://ahrefs.com/robot/)" 
52.27.63.130 - - [03/Jul/2018:14:08:09 -0700] "GET /tg/tg_snort_full.7z HTTP/1.1" 200 8847794 "http://www.secrepo.com/" "Mozilla/5.0 (Macintosh; Intel Mac OS X 10_13_5) AppleWebKit/605.1.15 (KHTML, like Gecko) Version/11.1.1 Safari/605.1.15" 
54.36.148.13 - - [03/Jul/2018:14:22:54 -0700] "GET /self.logs/access.log.2017-02-03.gz HTTP/1.1" 200 16244 "-" "Mozilla/5.0 (compatible; AhrefsBot/5.2; +http://ahrefs.com/robot/)" 
216.244.66.245 - - [03/Jul/2018:14:23:04 -0700] "GET /robots.txt HTTP/1.1" 200 233 "-" "Mozilla/5.0 (compatible; DotBot/1.1; http://www.opensiteexplorer.org/dotbot, help@moz.com)" 
14.215.176.8 - - [03/Jul/2018:14:24:03 -0700] "GET / HTTP/1.1" 200 11355 "http://www.baidu.com/s?wd=learnki3" "Mozilla/5.0 (Windows NT 6.1; WOW64; rv:43.0) Gecko/20100101 Firefox/43.0" 
216.244.66.245 - - [03/Jul/2018:14:31:51 -0700] "GET /self.logs/access.log.2017-04-22.gz HTTP/1.1" 200 12859 "-" "Mozilla/5.0 (compatible; DotBot/1.1; http://www.opensiteexplorer.org/dotbot, help@moz.com)" 
216.244.66.245 - - [03/Jul/2018:14:31:53 -0700] "GET /self.logs/access.log.2017-05-03.gz HTTP/1.1" 200 28889 "-" "Mozilla/5.0 (compatible; DotBot/1.1; http://www.opensiteexplorer.org/dotbot, help@moz.com)" 
216.244.66.245 - - [03/Jul/2018:14:31:55 -0700] "GET /self.logs/access.log.2017-08-17.gz HTTP/1.1" 200 21205 "-" "Mozilla/5.0 (compatible; DotBot/1.1; http://www.opensiteexplorer.org/dotbot, help@moz.com)" 
216.244.66.245 - - [03/Jul/2018:14:31:57 -0700] "GET /self.logs/access.log.2017-08-26.gz HTTP/1.1" 200 16482 "-" "Mozilla/5.0 (compatible; DotBot/1.1; http://www.opensiteexplorer.org/dotbot, help@moz.com)" 
216.244.66.245 - - [03/Jul/2018:14:31:58 -0700] "GET /self.logs/error.log.2017-09-09.gz HTTP/1.1" 200 864 "-" "Mozilla/5.0 (compatible; DotBot/1.1; http://www.opensiteexplorer.org/dotbot, help@moz.com)" 
216.244.66.245 - - [03/Jul/2018:14:33:05 -0700] "GET /self.logs/access.log.2015-02-28.gz HTTP/1.1" 404 239 "-" "Mozilla/5.0 (compatible; DotBot/1.1; http://www.opensiteexplorer.org/dotbot, help@moz.com)" 
216.244.66.245 - - [03/Jul/2018:14:33:06 -0700] "GET /self.logs/access.log.2015-07-31.gz HTTP/1.1" 404 239 "-" "Mozilla/5.0 (compatible; DotBot/1.1; http://www.opensiteexplorer.org/dotbot, help@moz.com)" 
216.244.66.245 - - [03/Jul/2018:14:33:07 -0700] "GET /self.logs/access.log.2016-04-24.gz HTTP/1.1" 404 239 "-" "Mozilla/5.0 (compatible; DotBot/1.1; http://www.opensiteexplorer.org/dotbot, help@moz.com)" 
216.244.66.245 - - [03/Jul/2018:14:33:08 -0700] "GET /self.logs/access.log.2016-05-25.gz HTTP/1.1" 404 239 "-" "Mozilla/5.0 (compatible; DotBot/1.1; http://www.opensiteexplorer.org/dotbot, help@moz.com)" 
216.244.66.245 - - [03/Jul/2018:14:33:09 -0700] "GET /self.logs/access.log.2016-07-09.gz HTTP/1.1" 404 239 "-" "Mozilla/5.0 (compatible; DotBot/1.1; http://www.opensiteexplorer.org/dotbot, help@moz.com)" 
216.244.66.245 - - [03/Jul/2018:14:33:10 -0700] "GET /self.logs/access.log.2016-09-23.gz HTTP/1.1" 404 239 "-" "Mozilla/5.0 (compatible; DotBot/1.1; http://www.opensiteexplorer.org/dotbot, help@moz.com)" 
216.244.66.245 - - [03/Jul/2018:14:33:11 -0700] "GET /self.logs/error.log.2015-03-07.gz HTTP/1.1" 404 239 "-" "Mozilla/5.0 (compatible; DotBot/1.1; http://www.opensiteexplorer.org/dotbot, help@moz.com)" 
216.244.66.245 - - [03/Jul/2018:14:33:11 -0700] "GET /self.logs/error.log.2015-05-20.gz HTTP/1.1" 404 239 "-" "Mozilla/5.0 (compatible; DotBot/1.1; http://www.opensiteexplorer.org/dotbot, help@moz.com)" 
216.244.66.245 - - [03/Jul/2018:14:33:12 -0700] "GET /self.logs/error.log.2015-06-20.gz HTTP/1.1" 404 239 "-" "Mozilla/5.0 (compatible; DotBot/1.1; http://www.opensiteexplorer.org/dotbot, help@moz.com)" 
216.244.66.245 - - [03/Jul/2018:14:33:13 -0700] "GET /self.logs/error.log.2015-12-11.gz HTTP/1.1" 404 239 "-" "Mozilla/5.0 (compatible; DotBot/1.1; http://www.opensiteexplorer.org/dotbot, help@moz.com)" 
216.244.66.245 - - [03/Jul/2018:14:33:14 -0700] "GET /self.logs/error.log.2016-01-15.gz HTTP/1.1" 404 239 "-" "Mozilla/5.0 (compatible; DotBot/1.1; http://www.opensiteexplorer.org/dotbot, help@moz.com)" 
216.244.66.245 - - [03/Jul/2018:14:33:15 -0700] "GET /self.logs/error.log.2016-02-24.gz HTTP/1.1" 404 239 "-" "Mozilla/5.0 (compatible; DotBot/1.1; http://www.opensiteexplorer.org/dotbot, help@moz.com)" 
