109.232.57.147 - - [16/Jul/2018:09:29:22 -0700] "GET /self.logs/access.log.2017-01-08.gz HTTP/1.1" 200 14918 "http://www.secrepo.com/self.logs/" "Mozilla/5.0 (Macintosh; Intel Mac OS X 10.12; rv:61.0) Gecko/20100101 Firefox/61.0" 
109.232.57.147 - - [16/Jul/2018:09:29:32 -0700] "GET /squid/access.log.gz HTTP/1.1" 200 4759034 "http://www.secrepo.com/" "Mozilla/5.0 (Macintosh; Intel Mac OS X 10.12; rv:61.0) Gecko/20100101 Firefox/61.0" 
155.8.223.29 - - [16/Jul/2018:09:31:07 -0700] "GET / HTTP/1.1" 200 11357 "-" "Mozilla/5.0 (Windows NT 10.0; WOW64) AppleWebKit/537.36 (KHTML, like Gecko) Chrome/67.0.3396.99 Safari/537.36" 
155.8.223.29 - - [16/Jul/2018:09:31:07 -0700] "GET /twitter-icon.png HTTP/1.1" 200 27787 "http://www.secrepo.com/" "Mozilla/5.0 (Windows NT 10.0; WOW64) AppleWebKit/537.36 (KHTML, like Gecko) Chrome/67.0.3396.99 Safari/537.36" 
155.8.223.29 - - [16/Jul/2018:09:31:08 -0700] "GET /GitHub-Mark.png HTTP/1.1" 200 7428 "http://www.secrepo.com/" "Mozilla/5.0 (Windows NT 10.0; WOW64) AppleWebKit/537.36 (KHTML, like Gecko) Chrome/67.0.3396.99 Safari/537.36" 
155.8.223.29 - - [16/Jul/2018:09:31:17 -0700] "GET /bootstrap/img/favicon.ico HTTP/1.1" 200 590 "http://www.secrepo.com/" "Mozilla/5.0 (Windows NT 10.0; WOW64) AppleWebKit/537.36 (KHTML, like Gecko) Chrome/67.0.3396.99 Safari/537.36" 
34.226.200.251 - - [16/Jul/2018:09:31:59 -0700] "GET / HTTP/1.1" 206 11406 "-" "Slackbot-LinkExpanding 1.0 (+https://api.slack.com/robots)" 
52.72.111.29 - - [16/Jul/2018:09:31:59 -0700] "GET /bootstrap/img/apple-touch-icon.png HTTP/1.1" 404 340 "-" "Slackbot 1.0 (+https://api.slack.com/robots)" 
52.91.127.96 - - [16/Jul/2018:09:31:59 -0700] "GET /favicon.ico HTTP/1.1" 200 268 "-" "Slackbot 1.0 (+https://api.slack.com/robots)" 
54.36.148.124 - - [16/Jul/2018:09:41:41 -0700] "GET /self.logs/2015/error.log.2015-04-16.gz HTTP/1.1" 200 2650 "-" "Mozilla/5.0 (compatible; AhrefsBot/5.2; +http://ahrefs.com/robot/)" 
128.229.4.2 - - [16/Jul/2018:09:43:17 -0700] "GET / HTTP/1.1" 200 11357 "-" "Mozilla/5.0 (Macintosh; Intel Mac OS X 10_13_3) AppleWebKit/537.36 (KHTML, like Gecko) Chrome/67.0.3396.99 Safari/537.36" 
54.36.148.75 - - [16/Jul/2018:09:47:11 -0700] "GET /self.logs/access.log.2017-04-10.gz HTTP/1.1" 200 49939 "-" "Mozilla/5.0 (compatible; AhrefsBot/5.2; +http://ahrefs.com/robot/)" 
111.206.36.140 - - [16/Jul/2018:09:47:23 -0700] "GET / HTTP/1.1" 200 11357 "http://www.baidu.com/s?wd=exclaimed3u6" "Mozilla/5.0 (Windows NT 6.1; WOW64; rv:43.0) Gecko/20100101 Firefox/43.0" 
209.15.209.85 - - [16/Jul/2018:09:47:57 -0700] "HEAD / HTTP/1.1" 200 239 "-" "-" 
47.252.1.133 - - [16/Jul/2018:09:47:57 -0700] "GET / HTTP/1.1" 200 11357 "https://www.researchgate.net/" "Mozilla/5.0 (Macintosh; Intel Mac OS X 10_13_3) AppleWebKit/537.36 (KHTML, like Gecko) Chrome/67.0.3396.99 Safari/537.36" 
47.252.1.133 - - [16/Jul/2018:09:47:58 -0700] "GET /twitter-icon.png HTTP/1.1" 200 27787 "http://www.secrepo.com/" "Mozilla/5.0 (Macintosh; Intel Mac OS X 10_13_3) AppleWebKit/537.36 (KHTML, like Gecko) Chrome/67.0.3396.99 Safari/537.36" 
47.252.1.133 - - [16/Jul/2018:09:47:58 -0700] "GET /GitHub-Mark.png HTTP/1.1" 200 7428 "http://www.secrepo.com/" "Mozilla/5.0 (Macintosh; Intel Mac OS X 10_13_3) AppleWebKit/537.36 (KHTML, like Gecko) Chrome/67.0.3396.99 Safari/537.36" 
47.252.1.133 - - [16/Jul/2018:09:48:06 -0700] "GET /bootstrap/img/favicon.ico HTTP/1.1" 200 590 "http://www.secrepo.com/" "Mozilla/5.0 (Macintosh; Intel Mac OS X 10_13_3) AppleWebKit/537.36 (KHTML, like Gecko) Chrome/67.0.3396.99 Safari/537.36" 
72.35.208.25 - - [16/Jul/2018:09:49:48 -0700] "GET / HTTP/1.1" 200 11357 "https://www.researchgate.net/" "Mozilla/5.0 (Windows NT 10.0; Win64; x64) AppleWebKit/537.36 (KHTML, like Gecko) Chrome/67.0.3396.99 Safari/537.36" 
72.35.208.25 - - [16/Jul/2018:09:49:48 -0700] "GET /twitter-icon.png HTTP/1.1" 200 27787 "http://www.secrepo.com/" "Mozilla/5.0 (Windows NT 10.0; Win64; x64) AppleWebKit/537.36 (KHTML, like Gecko) Chrome/67.0.3396.99 Safari/537.36" 
72.35.208.25 - - [16/Jul/2018:09:49:48 -0700] "GET /GitHub-Mark.png HTTP/1.1" 200 7428 "http://www.secrepo.com/" "Mozilla/5.0 (Windows NT 10.0; Win64; x64) AppleWebKit/537.36 (KHTML, like Gecko) Chrome/67.0.3396.99 Safari/537.36" 
113.171.224.176 - - [16/Jul/2018:09:51:15 -0700] "GET /honeypot/Honeypot%20-%20Howto.pdf HTTP/1.1" 200 46720 "-" "Mozilla/5.0 Gecko/20100115 Firefox/3.6" 
173.73.181.58 - - [16/Jul/2018:09:51:33 -0700] "GET / HTTP/1.1" 200 11357 "https://www.google.com/" "Mozilla/5.0 (Windows NT 10.0; WOW64) AppleWebKit/537.36 (KHTML, like Gecko) Chrome/67.0.3396.87 Safari/537.36 OPR/54.0.2952.51" 
173.73.181.58 - - [16/Jul/2018:09:51:33 -0700] "GET /GitHub-Mark.png HTTP/1.1" 200 7428 "http://www.secrepo.com/" "Mozilla/5.0 (Windows NT 10.0; WOW64) AppleWebKit/537.36 (KHTML, like Gecko) Chrome/67.0.3396.87 Safari/537.36 OPR/54.0.2952.51" 
173.73.181.58 - - [16/Jul/2018:09:51:33 -0700] "GET /twitter-icon.png HTTP/1.1" 200 27787 "http://www.secrepo.com/" "Mozilla/5.0 (Windows NT 10.0; WOW64) AppleWebKit/537.36 (KHTML, like Gecko) Chrome/67.0.3396.87 Safari/537.36 OPR/54.0.2952.51" 
173.73.181.58 - - [16/Jul/2018:09:51:33 -0700] "GET /bootstrap/img/favicon.ico HTTP/1.1" 200 589 "http://www.secrepo.com/" "Mozilla/5.0 (Windows NT 10.0; WOW64) AppleWebKit/537.36 (KHTML, like Gecko) Chrome/67.0.3396.87 Safari/537.36 OPR/54.0.2952.51" 
70.168.53.212 - - [16/Jul/2018:09:53:32 -0700] "GET / HTTP/1.1" 304 189 "https://www.google.com/" "Mozilla/5.0 (X11; Ubuntu; Linux x86_64; rv:61.0) Gecko/20100101 Firefox/61.0" 
70.168.53.212 - - [16/Jul/2018:09:53:33 -0700] "GET /twitter-icon.png HTTP/1.1" 200 27787 "http://www.secrepo.com/" "Mozilla/5.0 (X11; Ubuntu; Linux x86_64; rv:61.0) Gecko/20100101 Firefox/61.0" 
192.16.26.2 - - [16/Jul/2018:09:53:45 -0700] "GET / HTTP/1.1" 200 11357 "-" "Mozilla/5.0 (Macintosh; Intel Mac OS X 10_13_5) AppleWebKit/537.36 (KHTML, like Gecko) Chrome/67.0.3396.99 Safari/537.36" 
192.16.26.2 - - [16/Jul/2018:09:54:28 -0700] "GET /twitter-icon.png HTTP/1.1" 200 27788 "http://www.secrepo.com/" "Mozilla/5.0 (Macintosh; Intel Mac OS X 10_13_5) AppleWebKit/537.36 (KHTML, like Gecko) Chrome/67.0.3396.99 Safari/537.36" 
192.16.26.2 - - [16/Jul/2018:09:54:28 -0700] "GET /GitHub-Mark.png HTTP/1.1" 200 7428 "http://www.secrepo.com/" "Mozilla/5.0 (Macintosh; Intel Mac OS X 10_13_5) AppleWebKit/537.36 (KHTML, like Gecko) Chrome/67.0.3396.99 Safari/537.36" 
173.73.181.58 - - [16/Jul/2018:10:01:12 -0700] "GET /tg/a.zip HTTP/1.1" 200 66189337 "-" "Mozilla/5.0 (Windows NT 10.0; WOW64) AppleWebKit/537.36 (KHTML, like Gecko) Chrome/67.0.3396.87 Safari/537.36 OPR/54.0.2952.51" 
173.73.181.58 - - [16/Jul/2018:10:02:59 -0700] "GET /maccdc2012/dhcp.log.gz HTTP/1.1" 200 45019 "-" "Mozilla/5.0 (Windows NT 10.0; WOW64) AppleWebKit/537.36 (KHTML, like Gecko) Chrome/67.0.3396.87 Safari/537.36 OPR/54.0.2952.51" 
173.73.181.58 - - [16/Jul/2018:10:03:00 -0700] "GET /maccdc2012/dns.log.gz HTTP/1.1" 200 6629419 "-" "Mozilla/5.0 (Windows NT 10.0; WOW64) AppleWebKit/537.36 (KHTML, like Gecko) Chrome/67.0.3396.87 Safari/537.36 OPR/54.0.2952.51" 
173.73.181.58 - - [16/Jul/2018:10:03:02 -0700] "GET /maccdc2012/ftp.log.gz HTTP/1.1" 200 128115 "-" "Mozilla/5.0 (Windows NT 10.0; WOW64) AppleWebKit/537.36 (KHTML, like Gecko) Chrome/67.0.3396.87 Safari/537.36 OPR/54.0.2952.51" 
173.73.181.58 - - [16/Jul/2018:10:03:04 -0700] "GET /maccdc2012/notice.log.gz HTTP/1.1" 200 20779 "-" "Mozilla/5.0 (Windows NT 10.0; WOW64) AppleWebKit/537.36 (KHTML, like Gecko) Chrome/67.0.3396.87 Safari/537.36 OPR/54.0.2952.51" 
173.73.181.58 - - [16/Jul/2018:10:03:05 -0700] "GET /maccdc2012/signatures.log.gz HTTP/1.1" 200 604 "-" "Mozilla/5.0 (Windows NT 10.0; WOW64) AppleWebKit/537.36 (KHTML, like Gecko) Chrome/67.0.3396.87 Safari/537.36 OPR/54.0.2952.51" 
173.73.181.58 - - [16/Jul/2018:10:03:06 -0700] "GET /maccdc2012/smtp.log.gz HTTP/1.1" 200 6907 "-" "Mozilla/5.0 (Windows NT 10.0; WOW64) AppleWebKit/537.36 (KHTML, like Gecko) Chrome/67.0.3396.87 Safari/537.36 OPR/54.0.2952.51" 
173.73.181.58 - - [16/Jul/2018:10:03:07 -0700] "GET /maccdc2012/ssh.log.gz HTTP/1.1" 200 182516 "-" "Mozilla/5.0 (Windows NT 10.0; WOW64) AppleWebKit/537.36 (KHTML, like Gecko) Chrome/67.0.3396.87 Safari/537.36 OPR/54.0.2952.51" 
173.73.181.58 - - [16/Jul/2018:10:03:08 -0700] "GET /maccdc2012/ssl.log.gz HTTP/1.1" 200 1313674 "-" "Mozilla/5.0 (Windows NT 10.0; WOW64) AppleWebKit/537.36 (KHTML, like Gecko) Chrome/67.0.3396.87 Safari/537.36 OPR/54.0.2952.51" 
173.73.181.58 - - [16/Jul/2018:10:03:09 -0700] "GET /maccdc2012/tunnel.log.gz HTTP/1.1" 200 5228 "-" "Mozilla/5.0 (Windows NT 10.0; WOW64) AppleWebKit/537.36 (KHTML, like Gecko) Chrome/67.0.3396.87 Safari/537.36 OPR/54.0.2952.51" 
173.73.181.58 - - [16/Jul/2018:10:03:01 -0700] "GET /maccdc2012/files.log.gz HTTP/1.1" 200 51408672 "-" "Mozilla/5.0 (Windows NT 10.0; WOW64) AppleWebKit/537.36 (KHTML, like Gecko) Chrome/67.0.3396.87 Safari/537.36 OPR/54.0.2952.51" 
173.73.181.58 - - [16/Jul/2018:10:03:09 -0700] "GET /maccdc2012/weird.log.gz HTTP/1.1" 200 1242776 "-" "Mozilla/5.0 (Windows NT 10.0; WOW64) AppleWebKit/537.36 (KHTML, like Gecko) Chrome/67.0.3396.87 Safari/537.36 OPR/54.0.2952.51" 
173.73.181.58 - - [16/Jul/2018:10:03:03 -0700] "GET /maccdc2012/http.log.gz HTTP/1.1" 200 54258815 "-" "Mozilla/5.0 (Windows NT 10.0; WOW64) AppleWebKit/537.36 (KHTML, like Gecko) Chrome/67.0.3396.87 Safari/537.36 OPR/54.0.2952.51" 
173.73.181.58 - - [16/Jul/2018:10:02:58 -0700] "GET /maccdc2012/conn.log.gz HTTP/1.1" 200 551041635 "-" "Mozilla/5.0 (Windows NT 10.0; WOW64) AppleWebKit/537.36 (KHTML, like Gecko) Chrome/67.0.3396.87 Safari/537.36 OPR/54.0.2952.51" 
103.231.216.102 - - [16/Jul/2018:10:05:03 -0700] "GET / HTTP/1.1" 200 11357 "-" "Mozilla/5.0 (Macintosh; Intel Mac OS X 10_13_4) AppleWebKit/537.36 (KHTML, like Gecko) Chrome/67.0.3396.99 Safari/537.36" 
103.231.216.102 - - [16/Jul/2018:10:05:04 -0700] "GET /twitter-icon.png HTTP/1.1" 200 27787 "http://www.secrepo.com/" "Mozilla/5.0 (Macintosh; Intel Mac OS X 10_13_4) AppleWebKit/537.36 (KHTML, like Gecko) Chrome/67.0.3396.99 Safari/537.36" 
103.231.216.102 - - [16/Jul/2018:10:05:04 -0700] "GET /GitHub-Mark.png HTTP/1.1" 200 7428 "http://www.secrepo.com/" "Mozilla/5.0 (Macintosh; Intel Mac OS X 10_13_4) AppleWebKit/537.36 (KHTML, like Gecko) Chrome/67.0.3396.99 Safari/537.36" 
103.231.216.102 - - [16/Jul/2018:10:05:05 -0700] "GET /bootstrap/img/favicon.ico HTTP/1.1" 200 589 "http://www.secrepo.com/" "Mozilla/5.0 (Macintosh; Intel Mac OS X 10_13_4) AppleWebKit/537.36 (KHTML, like Gecko) Chrome/67.0.3396.99 Safari/537.36" 
119.160.69.21 - - [16/Jul/2018:10:09:07 -0700] "GET / HTTP/1.1" 200 11357 "-" "Mozilla/5.0 (Windows NT 10.0; Win64; x64) AppleWebKit/537.36 (KHTML, like Gecko) Chrome/64.0.3282.140 Safari/537.36 Edge/17.17134" 
119.160.69.21 - - [16/Jul/2018:10:09:07 -0700] "GET /twitter-icon.png HTTP/1.1" 200 27787 "http://www.secrepo.com/" "Mozilla/5.0 (Windows NT 10.0; Win64; x64) AppleWebKit/537.36 (KHTML, like Gecko) Chrome/64.0.3282.140 Safari/537.36 Edge/17.17134" 
119.160.69.21 - - [16/Jul/2018:10:09:07 -0700] "GET /GitHub-Mark.png HTTP/1.1" 200 7428 "http://www.secrepo.com/" "Mozilla/5.0 (Windows NT 10.0; Win64; x64) AppleWebKit/537.36 (KHTML, like Gecko) Chrome/64.0.3282.140 Safari/537.36 Edge/17.17134" 
71.255.246.193 - - [16/Jul/2018:10:09:45 -0700] "GET / HTTP/1.1" 200 11357 "-" "Mozilla/5.0 (Windows NT 10.0; Win64; x64) AppleWebKit/537.36 (KHTML, like Gecko) Chrome/67.0.3396.99 Safari/537.36" 
71.255.246.193 - - [16/Jul/2018:10:09:45 -0700] "GET /GitHub-Mark.png HTTP/1.1" 200 7428 "http://www.secrepo.com/" "Mozilla/5.0 (Windows NT 10.0; Win64; x64) AppleWebKit/537.36 (KHTML, like Gecko) Chrome/67.0.3396.99 Safari/537.36" 
71.255.246.193 - - [16/Jul/2018:10:09:45 -0700] "GET /twitter-icon.png HTTP/1.1" 200 27787 "http://www.secrepo.com/" "Mozilla/5.0 (Windows NT 10.0; Win64; x64) AppleWebKit/537.36 (KHTML, like Gecko) Chrome/67.0.3396.99 Safari/537.36" 
71.255.246.193 - - [16/Jul/2018:10:09:46 -0700] "GET /bootstrap/img/favicon.ico HTTP/1.1" 200 589 "http://www.secrepo.com/" "Mozilla/5.0 (Windows NT 10.0; Win64; x64) AppleWebKit/537.36 (KHTML, like Gecko) Chrome/67.0.3396.99 Safari/537.36" 
119.160.69.21 - - [16/Jul/2018:10:09:26 -0700] "GET /maccdc2012/files.log.gz HTTP/1.1" 200 51408672 "http://www.secrepo.com/" "Mozilla/5.0 (Windows NT 10.0; Win64; x64) AppleWebKit/537.36 (KHTML, like Gecko) Chrome/64.0.3282.140 Safari/537.36 Edge/17.17134" 
173.73.181.58 - - [16/Jul/2018:10:12:50 -0700] "GET /tg/b.zip HTTP/1.1" 200 42298164 "-" "Mozilla/5.0 (Windows NT 10.0; WOW64) AppleWebKit/537.36 (KHTML, like Gecko) Chrome/67.0.3396.87 Safari/537.36 OPR/54.0.2952.51" 
173.73.181.58 - - [16/Jul/2018:10:12:49 -0700] "GET /tg/a.zip HTTP/1.1" 200 66189337 "-" "Mozilla/5.0 (Windows NT 10.0; WOW64) AppleWebKit/537.36 (KHTML, like Gecko) Chrome/67.0.3396.87 Safari/537.36 OPR/54.0.2952.51" 
173.73.181.58 - - [16/Jul/2018:10:12:51 -0700] "GET /tg/c.zip HTTP/1.1" 200 63359117 "-" "Mozilla/5.0 (Windows NT 10.0; WOW64) AppleWebKit/537.36 (KHTML, like Gecko) Chrome/67.0.3396.87 Safari/537.36 OPR/54.0.2952.51" 
157.55.39.222 - - [16/Jul/2018:10:13:58 -0700] "GET /honeypot/honeypot%20-%20howto.pdf HTTP/1.1" 301 531 "-" "Mozilla/5.0 (iPhone; CPU iPhone OS 7_0 like Mac OS X) AppleWebKit/537.51.1 (KHTML, like Gecko) Version/7.0 Mobile/11A465 Safari/9537.53 (compatible; bingbot/2.0; +http://www.bing.com/bingbot.htm)" 
157.55.39.222 - - [16/Jul/2018:10:14:03 -0700] "GET /honeypot/honeypot%20-%20howto.pdf HTTP/1.1" 404 340 "-" "Mozilla/5.0 (iPhone; CPU iPhone OS 7_0 like Mac OS X) AppleWebKit/537.51.1 (KHTML, like Gecko) Version/7.0 Mobile/11A465 Safari/9537.53 (compatible; bingbot/2.0; +http://www.bing.com/bingbot.htm)" 
186.179.211.228 - - [16/Jul/2018:10:14:10 -0700] "GET /wp-login.php HTTP/1.1" 418 732 "-" "Mozilla/5.0 (Windows NT 6.1; WOW64; rv:40.0) Gecko/20100101 Firefox/40.1" 
186.179.211.228 - - [16/Jul/2018:10:14:10 -0700] "GET / HTTP/1.1" 418 732 "-" "Mozilla/5.0 (Windows NT 6.1; WOW64; rv:40.0) Gecko/20100101 Firefox/40.1" 
192.16.26.2 - - [16/Jul/2018:10:14:35 -0700] "GET / HTTP/1.1" 200 11357 "-" "Mozilla/5.0 (Macintosh; Intel Mac OS X 10_13_5) AppleWebKit/537.36 (KHTML, like Gecko) Chrome/67.0.3396.99 Safari/537.36" 
192.16.26.2 - - [16/Jul/2018:10:15:24 -0700] "GET /twitter-icon.png HTTP/1.1" 200 27788 "http://www.secrepo.com/" "Mozilla/5.0 (Macintosh; Intel Mac OS X 10_13_5) AppleWebKit/537.36 (KHTML, like Gecko) Chrome/67.0.3396.99 Safari/537.36" 
192.16.26.2 - - [16/Jul/2018:10:15:24 -0700] "GET /GitHub-Mark.png HTTP/1.1" 200 7428 "http://www.secrepo.com/" "Mozilla/5.0 (Macintosh; Intel Mac OS X 10_13_5) AppleWebKit/537.36 (KHTML, like Gecko) Chrome/67.0.3396.99 Safari/537.36" 
63.65.184.214 - - [16/Jul/2018:10:21:03 -0700] "GET /squid/access.log.gz HTTP/1.1" 200 23177322 "http://www.secrepo.com/" "Mozilla/5.0 (Macintosh; Intel Mac OS X 10_13_3) AppleWebKit/537.36 (KHTML, like Gecko) Chrome/67.0.3396.87 Safari/537.36" 
63.65.184.214 - - [16/Jul/2018:10:27:08 -0700] "GET /self.logs/ HTTP/1.1" 200 11036 "http://www.secrepo.com/" "Mozilla/5.0 (Macintosh; Intel Mac OS X 10_13_3) AppleWebKit/537.36 (KHTML, like Gecko) Chrome/67.0.3396.87 Safari/537.36" 
63.65.184.214 - - [16/Jul/2018:10:27:08 -0700] "GET /favicon.ico HTTP/1.1" 200 267 "http://www.secrepo.com/self.logs/" "Mozilla/5.0 (Macintosh; Intel Mac OS X 10_13_3) AppleWebKit/537.36 (KHTML, like Gecko) Chrome/67.0.3396.87 Safari/537.36" 
63.65.184.214 - - [16/Jul/2018:10:27:22 -0700] "GET /self.logs/access.log.2017-01-01.gz HTTP/1.1" 200 17655 "http://www.secrepo.com/self.logs/" "Mozilla/5.0 (Macintosh; Intel Mac OS X 10_13_3) AppleWebKit/537.36 (KHTML, like Gecko) Chrome/67.0.3396.87 Safari/537.36" 
136.24.115.2 - - [16/Jul/2018:10:30:49 -0700] "GET /self.logs/ HTTP/1.1" 200 11036 "http://www.secrepo.com/" "Mozilla/5.0 (Macintosh; Intel Mac OS X 10_12_6) AppleWebKit/537.36 (KHTML, like Gecko) Chrome/67.0.3396.99 Safari/537.36" 
136.24.115.2 - - [16/Jul/2018:10:30:50 -0700] "GET /favicon.ico HTTP/1.1" 200 267 "http://www.secrepo.com/self.logs/" "Mozilla/5.0 (Macintosh; Intel Mac OS X 10_12_6) AppleWebKit/537.36 (KHTML, like Gecko) Chrome/67.0.3396.99 Safari/537.36" 
63.65.184.214 - - [16/Jul/2018:10:29:45 -0700] "GET /Security-Data-Analysis/Lab_1/conn.log.zip HTTP/1.1" 200 549098528 "-" "Mozilla/5.0 (Macintosh; Intel Mac OS X 10_13_3) AppleWebKit/537.36 (KHTML, like Gecko) Chrome/67.0.3396.87 Safari/537.36" 
54.36.148.254 - - [16/Jul/2018:10:31:23 -0700] "GET /self.logs/access.log.2016-10-19.gz HTTP/1.1" 404 284 "-" "Mozilla/5.0 (compatible; AhrefsBot/5.2; +http://ahrefs.com/robot/)" 
54.36.149.77 - - [16/Jul/2018:10:35:26 -0700] "GET /self.logs/2016/access.log.2016-08-22.gz HTTP/1.1" 200 8811 "-" "Mozilla/5.0 (compatible; AhrefsBot/5.2; +http://ahrefs.com/robot/)" 
17.58.100.204 - - [16/Jul/2018:10:36:13 -0700] "GET /robots.txt HTTP/1.1" 200 334 "-" "Mozilla/5.0 (Macintosh; Intel Mac OS X 10_10_1) AppleWebKit/600.2.5 (KHTML, like Gecko) Version/8.0.2 Safari/600.2.5 (Applebot/0.1; +http://www.apple.com/go/applebot)" 
17.58.100.204 - - [16/Jul/2018:10:36:13 -0700] "GET /honeypot/BSidesDFW%20-%202014.ipynb HTTP/1.1" 200 930835 "-" "Mozilla/5.0 (Macintosh; Intel Mac OS X 10_10_1) AppleWebKit/600.2.5 (KHTML, like Gecko) Version/8.0.2 Safari/600.2.5 (Applebot/0.1; +http://www.apple.com/go/applebot)" 
115.72.249.199 - - [16/Jul/2018:10:39:52 -0700] "GET / HTTP/1.1" 200 11357 "-" "Mozilla/5.0 (Windows NT 10.0; Win64; x64) AppleWebKit/537.36 (KHTML, like Gecko) Chrome/67.0.3396.99 Safari/537.36" 
115.72.249.199 - - [16/Jul/2018:10:39:53 -0700] "GET /twitter-icon.png HTTP/1.1" 200 27787 "http://www.secrepo.com/" "Mozilla/5.0 (Windows NT 10.0; Win64; x64) AppleWebKit/537.36 (KHTML, like Gecko) Chrome/67.0.3396.99 Safari/537.36" 
115.72.249.199 - - [16/Jul/2018:10:39:53 -0700] "GET /GitHub-Mark.png HTTP/1.1" 200 7428 "http://www.secrepo.com/" "Mozilla/5.0 (Windows NT 10.0; Win64; x64) AppleWebKit/537.36 (KHTML, like Gecko) Chrome/67.0.3396.99 Safari/537.36" 
115.72.249.199 - - [16/Jul/2018:10:39:56 -0700] "GET /bootstrap/img/favicon.ico HTTP/1.1" 200 590 "http://www.secrepo.com/" "Mozilla/5.0 (Windows NT 10.0; Win64; x64) AppleWebKit/537.36 (KHTML, like Gecko) Chrome/67.0.3396.99 Safari/537.36" 
54.36.148.171 - - [16/Jul/2018:10:41:11 -0700] "GET /self.logs/error.log.2018-03-06.gz HTTP/1.1" 200 3626 "-" "Mozilla/5.0 (compatible; AhrefsBot/5.2; +http://ahrefs.com/robot/)" 
54.36.148.211 - - [16/Jul/2018:10:41:52 -0700] "GET /self.logs/access.log.2015-10-08.gz HTTP/1.1" 404 284 "-" "Mozilla/5.0 (compatible; AhrefsBot/5.2; +http://ahrefs.com/robot/)" 
220.181.108.95 - - [16/Jul/2018:10:43:02 -0700] "GET /robots.txt HTTP/1.1" 200 297 "-" "Mozilla/5.0 (compatible; Baiduspider/2.0; +http://www.baidu.com/search/spider.html)" 
123.125.71.111 - - [16/Jul/2018:10:43:04 -0700] "GET /robots.txt HTTP/1.1" 200 297 "-" "Mozilla/5.0 (compatible; Baiduspider/2.0; +http://www.baidu.com/search/spider.html)" 
123.125.67.160 - - [16/Jul/2018:10:43:05 -0700] "GET /robots.txt HTTP/1.1" 200 297 "-" "Mozilla/5.0 (Windows NT 10.0; WOW64) AppleWebKit/537.36 (KHTML, like Gecko) Chrome/45.0.2454.93 Safari/537.36" 
41.223.160.173 - - [16/Jul/2018:10:47:29 -0700] "GET /maccdc2012/dns.log.gz HTTP/1.1" 304 154 "-" "Mozilla/5.0 Gecko/20100115 Firefox/3.6" 
35.161.55.221 - - [16/Jul/2018:10:49:25 -0700] "GET /bootstrap/img/favicon.ico HTTP/1.1" 200 590 "-" "python-requests/2.19.0" 
182.68.18.40 - - [16/Jul/2018:10:52:35 -0700] "GET /honeypot/BSidesDFW%20-%202014.ipynb HTTP/1.1" 200 930836 "http://www.secrepo.com/" "Mozilla/5.0 (Windows NT 10.0; Win64; x64) AppleWebKit/537.36 (KHTML, like Gecko) Chrome/67.0.3396.99 Safari/537.36" 
182.68.18.40 - - [16/Jul/2018:10:52:43 -0700] "GET /favicon.ico HTTP/1.1" 200 268 "http://www.secrepo.com/honeypot/BSidesDFW%20-%202014.ipynb" "Mozilla/5.0 (Windows NT 10.0; Win64; x64) AppleWebKit/537.36 (KHTML, like Gecko) Chrome/67.0.3396.99 Safari/537.36" 
23.253.92.35 - - [16/Jul/2018:10:53:35 -0700] "GET /robots.txt HTTP/1.1" 304 130 "-" "Tornado-Async-Client" 
23.253.92.35 - - [16/Jul/2018:10:53:35 -0700] "GET /honeypot/BSidesDFW%20-%202014.ipynb HTTP/1.1" 200 930780 "-" "Tornado-Async-Client" 
113.171.224.176 - - [16/Jul/2018:11:02:43 -0700] "GET /honeypot/Honeypot%20-%20Howto.pdf HTTP/1.1" 200 46720 "-" "Mozilla/5.0 Gecko/20100115 Firefox/3.6" 
216.75.233.98 - - [16/Jul/2018:11:03:03 -0700] "GET / HTTP/1.1" 200 38595 "-" "Mozilla/5.0 (X11; Linux x86_64) AppleWebKit/537.36 (KHTML, like Gecko) Chrome/67.0.3396.99 Safari/537.36" 
216.75.233.98 - - [16/Jul/2018:11:03:12 -0700] "GET /twitter-icon.png HTTP/1.1" 200 27788 "http://www.secrepo.com/" "Mozilla/5.0 (X11; Linux x86_64) AppleWebKit/537.36 (KHTML, like Gecko) Chrome/67.0.3396.99 Safari/537.36" 
216.75.233.98 - - [16/Jul/2018:11:03:12 -0700] "GET /GitHub-Mark.png HTTP/1.1" 200 7428 "http://www.secrepo.com/" "Mozilla/5.0 (X11; Linux x86_64) AppleWebKit/537.36 (KHTML, like Gecko) Chrome/67.0.3396.99 Safari/537.36" 
66.249.64.25 - - [16/Jul/2018:11:05:06 -0700] "GET /robots.txt HTTP/1.1" 301 502 "-" "Mozilla/5.0 (compatible; Googlebot/2.1; +http://www.google.com/bot.html)" 
66.249.64.157 - - [16/Jul/2018:11:05:06 -0700] "GET /robots.txt HTTP/1.1" 200 334 "-" "Mozilla/5.0 (compatible; Googlebot/2.1; +http://www.google.com/bot.html)" 
66.249.64.23 - - [16/Jul/2018:11:05:06 -0700] "GET / HTTP/1.1" 301 483 "-" "Mozilla/5.0 (compatible; Googlebot/2.1; +http://www.google.com/bot.html)" 
72.35.208.25 - - [16/Jul/2018:11:18:18 -0700] "GET /twitter-icon.png HTTP/1.1" 200 27788 "-" "Mozilla/5.0 (Windows NT 10.0; Win64; x64) AppleWebKit/537.36 (KHTML, like Gecko) Chrome/67.0.3396.99 Safari/537.36" 
72.35.208.25 - - [16/Jul/2018:11:18:18 -0700] "GET /GitHub-Mark.png HTTP/1.1" 200 7428 "-" "Mozilla/5.0 (Windows NT 10.0; Win64; x64) AppleWebKit/537.36 (KHTML, like Gecko) Chrome/67.0.3396.99 Safari/537.36" 
72.35.208.25 - - [16/Jul/2018:11:18:20 -0700] "GET / HTTP/1.1" 200 11357 "https://www.researchgate.net/" "Mozilla/5.0 (Windows NT 10.0; Win64; x64) AppleWebKit/537.36 (KHTML, like Gecko) Chrome/67.0.3396.99 Safari/537.36" 
136.56.73.6 - - [16/Jul/2018:11:19:04 -0700] "GET / HTTP/1.1" 200 11357 "android-app://com.Slack" "Mozilla/5.0 (Linux; Android 8.0.0; SAMSUNG-SM-G891A Build/R16NW) AppleWebKit/537.36 (KHTML, like Gecko) Chrome/67.0.3396.87 Mobile Safari/537.36" 
136.56.73.6 - - [16/Jul/2018:11:19:04 -0700] "GET /twitter-icon.png HTTP/1.1" 200 27787 "http://www.secrepo.com/" "Mozilla/5.0 (Linux; Android 8.0.0; SAMSUNG-SM-G891A Build/R16NW) AppleWebKit/537.36 (KHTML, like Gecko) Chrome/67.0.3396.87 Mobile Safari/537.36" 
136.56.73.6 - - [16/Jul/2018:11:19:04 -0700] "GET /GitHub-Mark.png HTTP/1.1" 200 7428 "http://www.secrepo.com/" "Mozilla/5.0 (Linux; Android 8.0.0; SAMSUNG-SM-G891A Build/R16NW) AppleWebKit/537.36 (KHTML, like Gecko) Chrome/67.0.3396.87 Mobile Safari/537.36" 
136.56.73.6 - - [16/Jul/2018:11:19:05 -0700] "GET /bootstrap/img/favicon.ico HTTP/1.1" 200 589 "http://www.secrepo.com/" "Mozilla/5.0 (Linux; Android 8.0.0; SAMSUNG-SM-G891A Build/R16NW) AppleWebKit/537.36 (KHTML, like Gecko) Chrome/67.0.3396.87 Mobile Safari/537.36" 
54.36.148.245 - - [16/Jul/2018:11:20:48 -0700] "GET /self.logs/2016/access.log.2016-11-17.gz HTTP/1.1" 200 15076 "-" "Mozilla/5.0 (compatible; AhrefsBot/5.2; +http://ahrefs.com/robot/)" 
54.36.149.20 - - [16/Jul/2018:11:26:29 -0700] "GET /self.logs/error.log.2018-03-31.gz HTTP/1.1" 200 3847 "-" "Mozilla/5.0 (compatible; AhrefsBot/5.2; +http://ahrefs.com/robot/)" 
54.36.149.70 - - [16/Jul/2018:11:29:56 -0700] "GET /self.logs/error.log.2015-10-29.gz HTTP/1.1" 404 284 "-" "Mozilla/5.0 (compatible; AhrefsBot/5.2; +http://ahrefs.com/robot/)" 
54.36.149.75 - - [16/Jul/2018:11:36:46 -0700] "GET /self.logs/2015/error.log.2015-06-17.gz HTTP/1.1" 200 1096 "-" "Mozilla/5.0 (compatible; AhrefsBot/5.2; +http://ahrefs.com/robot/)" 
209.15.209.85 - - [16/Jul/2018:11:42:51 -0700] "HEAD / HTTP/1.1" 200 239 "-" "-" 
70.168.53.212 - - [16/Jul/2018:11:42:51 -0700] "GET / HTTP/1.1" 200 11357 "https://www.researchgate.net/" "Mozilla/5.0 (X11; Ubuntu; Linux x86_64; rv:61.0) Gecko/20100101 Firefox/61.0" 
70.168.53.212 - - [16/Jul/2018:11:42:51 -0700] "GET /twitter-icon.png HTTP/1.1" 200 27787 "http://www.secrepo.com/" "Mozilla/5.0 (X11; Ubuntu; Linux x86_64; rv:61.0) Gecko/20100101 Firefox/61.0" 
70.168.53.212 - - [16/Jul/2018:11:42:52 -0700] "GET /GitHub-Mark.png HTTP/1.1" 200 7428 "http://www.secrepo.com/" "Mozilla/5.0 (X11; Ubuntu; Linux x86_64; rv:61.0) Gecko/20100101 Firefox/61.0" 
70.168.53.212 - - [16/Jul/2018:11:42:52 -0700] "GET /bootstrap/img/favicon.ico HTTP/1.1" 200 589 "-" "Mozilla/5.0 (X11; Ubuntu; Linux x86_64; rv:61.0) Gecko/20100101 Firefox/61.0" 
41.223.160.173 - - [16/Jul/2018:11:44:35 -0700] "GET /tg/tg_snort_fast.7z HTTP/1.1" 304 131 "-" "Mozilla/5.0 Gecko/20100115 Firefox/3.6" 
104.225.219.142 - - [16/Jul/2018:11:45:19 -0700] "GET / HTTP/1.1" 301 498 "-" "Mozilla/5.0" 
104.225.219.142 - - [16/Jul/2018:11:45:19 -0700] "GET / HTTP/1.1" 200 38595 "-" "Mozilla/5.0" 
149.32.192.44 - - [16/Jul/2018:11:47:46 -0700] "GET / HTTP/1.1" 200 38595 "https://www.google.com/" "Mozilla/5.0 (Windows NT 10.0; Win64; x64) AppleWebKit/537.36 (KHTML, like Gecko) Chrome/67.0.3396.99 Safari/537.36" 
149.32.192.44 - - [16/Jul/2018:11:47:46 -0700] "GET /twitter-icon.png HTTP/1.1" 200 27787 "http://www.secrepo.com/" "Mozilla/5.0 (Windows NT 10.0; Win64; x64) AppleWebKit/537.36 (KHTML, like Gecko) Chrome/67.0.3396.99 Safari/537.36" 
149.32.192.44 - - [16/Jul/2018:11:47:46 -0700] "GET /GitHub-Mark.png HTTP/1.1" 200 7428 "http://www.secrepo.com/" "Mozilla/5.0 (Windows NT 10.0; Win64; x64) AppleWebKit/537.36 (KHTML, like Gecko) Chrome/67.0.3396.99 Safari/537.36" 
149.32.192.44 - - [16/Jul/2018:11:47:49 -0700] "GET /bootstrap/img/favicon.ico HTTP/1.1" 200 590 "http://www.secrepo.com/" "Mozilla/5.0 (Windows NT 10.0; Win64; x64) AppleWebKit/537.36 (KHTML, like Gecko) Chrome/67.0.3396.99 Safari/537.36" 
52.72.111.29 - - [16/Jul/2018:11:47:55 -0700] "GET / HTTP/1.1" 206 11406 "-" "Slackbot-LinkExpanding 1.0 (+https://api.slack.com/robots)" 
34.228.6.255 - - [16/Jul/2018:11:47:55 -0700] "GET /bootstrap/img/apple-touch-icon.png HTTP/1.1" 404 340 "-" "Slackbot 1.0 (+https://api.slack.com/robots)" 
54.152.0.39 - - [16/Jul/2018:11:47:56 -0700] "GET /favicon.ico HTTP/1.1" 200 268 "-" "Slackbot 1.0 (+https://api.slack.com/robots)" 
92.233.216.61 - - [16/Jul/2018:11:56:55 -0700] "GET /wp-login.php HTTP/1.1" 418 732 "-" "Mozilla/5.0 (Windows NT 6.1; WOW64; rv:40.0) Gecko/20100101 Firefox/40.1" 
108.59.8.80 - - [16/Jul/2018:12:01:47 -0700] "GET /robots.txt HTTP/1.1" 200 289 "-" "Mozilla/5.0 (compatible; MJ12bot/v1.4.8; http://mj12bot.com/)" 
108.59.8.80 - - [16/Jul/2018:12:01:50 -0700] "GET / HTTP/1.1" 200 38539 "-" "Mozilla/5.0 (compatible; MJ12bot/v1.4.8; http://mj12bot.com/)" 
87.116.179.181 - - [16/Jul/2018:12:02:32 -0700] "GET /wp-login.php HTTP/1.1" 418 732 "-" "Mozilla/5.0 (Windows NT 6.1; WOW64; rv:40.0) Gecko/20100101 Firefox/40.1" 
87.116.179.181 - - [16/Jul/2018:12:02:33 -0700] "GET / HTTP/1.1" 418 732 "-" "Mozilla/5.0 (Windows NT 6.1; WOW64; rv:40.0) Gecko/20100101 Firefox/40.1" 
113.171.224.176 - - [16/Jul/2018:12:02:50 -0700] "GET /honeypot/Honeypot%20-%20Howto.pdf HTTP/1.1" 200 46720 "-" "Mozilla/5.0 Gecko/20100115 Firefox/3.6" 
50.206.232.130 - - [16/Jul/2018:12:03:55 -0700] "GET / HTTP/1.1" 200 11357 "-" "Mozilla/5.0 (Windows NT 10.0; Win64; x64) AppleWebKit/537.36 (KHTML, like Gecko) Chrome/64.0.3282.140 Safari/537.36 Edge/17.17134" 
50.206.232.130 - - [16/Jul/2018:12:03:55 -0700] "GET /twitter-icon.png HTTP/1.1" 200 27787 "http://www.secrepo.com/" "Mozilla/5.0 (Windows NT 10.0; Win64; x64) AppleWebKit/537.36 (KHTML, like Gecko) Chrome/64.0.3282.140 Safari/537.36 Edge/17.17134" 
50.206.232.130 - - [16/Jul/2018:12:03:55 -0700] "GET /GitHub-Mark.png HTTP/1.1" 200 7428 "http://www.secrepo.com/" "Mozilla/5.0 (Windows NT 10.0; Win64; x64) AppleWebKit/537.36 (KHTML, like Gecko) Chrome/64.0.3282.140 Safari/537.36 Edge/17.17134" 
24.51.113.148 - - [16/Jul/2018:12:06:40 -0700] "GET / HTTP/1.0" 206 38644 "-" "Mozilla/5.0 (Windows; U; MSIE 9.0; Windows NT 9.0; en-US)" 
24.51.113.148 - - [16/Jul/2018:12:06:49 -0700] "GET / HTTP/1.0" 206 38644 "-" "Mozilla/5.0 (Windows; U; MSIE 9.0; Windows NT 9.0; en-US)" 
24.51.113.148 - - [16/Jul/2018:12:06:55 -0700] "GET /maccdc2012/ftp.log.gz HTTP/1.0" 206 127702 "-" "Mozilla/5.0 (Windows; U; MSIE 9.0; Windows NT 9.0; en-US)" 
87.1.249.59 - - [16/Jul/2018:12:07:04 -0700] "GET /wp-login.php HTTP/1.1" 418 732 "-" "Mozilla/5.0 (Windows NT 6.1; WOW64; rv:40.0) Gecko/20100101 Firefox/40.1" 
87.1.249.59 - - [16/Jul/2018:12:07:04 -0700] "GET / HTTP/1.1" 418 732 "-" "Mozilla/5.0 (Windows NT 6.1; WOW64; rv:40.0) Gecko/20100101 Firefox/40.1" 
24.51.113.148 - - [16/Jul/2018:12:07:04 -0700] "GET /maccdc2012/ftp.log.gz HTTP/1.0" 206 127702 "-" "Mozilla/5.0 (Windows; U; MSIE 9.0; Windows NT 9.0; en-US)" 
24.51.113.148 - - [16/Jul/2018:12:07:12 -0700] "GET /tg/a.zip HTTP/1.0" 206 1048914 "-" "Mozilla/5.0 (Windows; U; MSIE 9.0; Windows NT 9.0; en-US)" 
39.104.176.208 - - [16/Jul/2018:12:07:19 -0700] "GET / HTTP/1.1" 301 498 "-" "Mozilla/5.0 (Windows NT 6.1; Win64; x64) AppleWebKit/537.36 (KHTML,   like Gecko) Chrome/61.0.3163.100 Safari/537.36" 
39.104.176.208 - - [16/Jul/2018:12:07:20 -0700] "GET / HTTP/1.1" 200 38595 "-" "Mozilla/5.0 (Windows NT 6.1; Win64; x64) AppleWebKit/537.36 (KHTML,   like Gecko) Chrome/61.0.3163.100 Safari/537.36" 
24.51.113.148 - - [16/Jul/2018:12:07:30 -0700] "GET /tg/a.zip HTTP/1.0" 206 1048914 "-" "Mozilla/5.0 (Windows; U; MSIE 9.0; Windows NT 9.0; en-US)" 
39.104.22.174 - - [16/Jul/2018:12:07:48 -0700] "GET / HTTP/1.1" 301 498 "-" "Mozilla/5.0 (Windows NT 6.1; Win64; x64) AppleWebKit/537.36 (KHTML,   like Gecko) Chrome/61.0.3163.100 Safari/537.36" 
39.104.22.174 - - [16/Jul/2018:12:07:49 -0700] "GET / HTTP/1.1" 200 38595 "-" "Mozilla/5.0 (Windows NT 6.1; Win64; x64) AppleWebKit/537.36 (KHTML,   like Gecko) Chrome/61.0.3163.100 Safari/537.36" 
24.51.113.148 - - [16/Jul/2018:12:07:48 -0700] "GET /maccdc2012/dns.log.gz HTTP/1.0" 206 1048930 "-" "Mozilla/5.0 (Windows; U; MSIE 9.0; Windows NT 9.0; en-US)" 
39.104.176.208 - - [16/Jul/2018:12:07:51 -0700] "GET / HTTP/1.1" 301 498 "-" "Mozilla/5.0 (Windows NT 6.1; Win64; x64) AppleWebKit/537.36 (KHTML,   like Gecko) Chrome/61.0.3163.100 Safari/537.36" 
39.104.176.208 - - [16/Jul/2018:12:07:51 -0700] "GET / HTTP/1.1" 200 38595 "-" "Mozilla/5.0 (Windows NT 6.1; Win64; x64) AppleWebKit/537.36 (KHTML,   like Gecko) Chrome/61.0.3163.100 Safari/537.36" 
24.51.113.148 - - [16/Jul/2018:12:08:00 -0700] "GET /maccdc2012/dns.log.gz HTTP/1.0" 206 1048930 "-" "Mozilla/5.0 (Windows; U; MSIE 9.0; Windows NT 9.0; en-US)" 
24.51.113.148 - - [16/Jul/2018:12:08:20 -0700] "GET /tg/b.zip HTTP/1.0" 206 1048914 "-" "Mozilla/5.0 (Windows; U; MSIE 9.0; Windows NT 9.0; en-US)" 
24.51.113.148 - - [16/Jul/2018:12:08:34 -0700] "GET /tg/b.zip HTTP/1.0" 206 1048914 "-" "Mozilla/5.0 (Windows; U; MSIE 9.0; Windows NT 9.0; en-US)" 
24.51.113.148 - - [16/Jul/2018:12:09:00 -0700] "GET /maccdc2012/ssl.log.gz HTTP/1.0" 206 1048930 "-" "Mozilla/5.0 (Windows; U; MSIE 9.0; Windows NT 9.0; en-US)" 
24.51.113.148 - - [16/Jul/2018:12:09:15 -0700] "GET /maccdc2012/ssl.log.gz HTTP/1.0" 206 1048930 "-" "Mozilla/5.0 (Windows; U; MSIE 9.0; Windows NT 9.0; en-US)" 
24.51.113.148 - - [16/Jul/2018:12:09:28 -0700] "GET /maccdc2012/http.log.gz HTTP/1.0" 206 1048932 "-" "Mozilla/5.0 (Windows; U; MSIE 9.0; Windows NT 9.0; en-US)" 
24.51.113.148 - - [16/Jul/2018:12:09:47 -0700] "GET /maccdc2012/http.log.gz HTTP/1.0" 206 1048932 "-" "Mozilla/5.0 (Windows; U; MSIE 9.0; Windows NT 9.0; en-US)" 
24.51.113.148 - - [16/Jul/2018:12:10:01 -0700] "GET /scada/scada_logs.zip HTTP/1.0" 206 364952 "-" "Mozilla/5.0 (Windows; U; MSIE 9.0; Windows NT 9.0; en-US)" 
24.51.113.148 - - [16/Jul/2018:12:10:11 -0700] "GET /scada/scada_logs.zip HTTP/1.0" 206 364952 "-" "Mozilla/5.0 (Windows; U; MSIE 9.0; Windows NT 9.0; en-US)" 
24.51.113.148 - - [16/Jul/2018:12:10:21 -0700] "GET /maccdc2012/maccdc2012_full_alert.7z HTTP/1.0" 206 1048926 "-" "Mozilla/5.0 (Windows; U; MSIE 9.0; Windows NT 9.0; en-US)" 
24.51.113.148 - - [16/Jul/2018:12:10:39 -0700] "GET /maccdc2012/maccdc2012_full_alert.7z HTTP/1.0" 206 1048926 "-" "Mozilla/5.0 (Windows; U; MSIE 9.0; Windows NT 9.0; en-US)" 
24.51.113.148 - - [16/Jul/2018:12:10:55 -0700] "GET /maccdc2012/maccdc2012_fast_alert.7z HTTP/1.0" 206 1048924 "-" "Mozilla/5.0 (Windows; U; MSIE 9.0; Windows NT 9.0; en-US)" 
24.51.113.148 - - [16/Jul/2018:12:11:07 -0700] "GET /maccdc2012/maccdc2012_fast_alert.7z HTTP/1.0" 206 1048924 "-" "Mozilla/5.0 (Windows; U; MSIE 9.0; Windows NT 9.0; en-US)" 
24.51.113.148 - - [16/Jul/2018:12:11:27 -0700] "GET /domaindata/domainmovement.zip HTTP/1.0" 206 1048912 "-" "Mozilla/5.0 (Windows; U; MSIE 9.0; Windows NT 9.0; en-US)" 
39.104.176.208 - - [16/Jul/2018:12:11:37 -0700] "GET / HTTP/1.1" 301 498 "-" "Mozilla/5.0 (Windows NT 6.1; Win64; x64) AppleWebKit/537.36 (KHTML,   like Gecko) Chrome/61.0.3163.100 Safari/537.36" 
39.104.176.208 - - [16/Jul/2018:12:11:38 -0700] "GET / HTTP/1.1" 200 38595 "-" "Mozilla/5.0 (Windows NT 6.1; Win64; x64) AppleWebKit/537.36 (KHTML,   like Gecko) Chrome/61.0.3163.100 Safari/537.36" 
24.51.113.148 - - [16/Jul/2018:12:11:41 -0700] "GET /domaindata/domainmovement.zip HTTP/1.0" 206 1048912 "-" "Mozilla/5.0 (Windows; U; MSIE 9.0; Windows NT 9.0; en-US)" 
24.51.113.148 - - [16/Jul/2018:12:12:03 -0700] "GET /maccdc2012/smtp.log.gz HTTP/1.0" 206 6893 "-" "Mozilla/5.0 (Windows; U; MSIE 9.0; Windows NT 9.0; en-US)" 
24.51.113.148 - - [16/Jul/2018:12:12:08 -0700] "GET /maccdc2012/smtp.log.gz HTTP/1.0" 206 6893 "-" "Mozilla/5.0 (Windows; U; MSIE 9.0; Windows NT 9.0; en-US)" 
39.104.22.174 - - [16/Jul/2018:12:12:15 -0700] "GET / HTTP/1.1" 301 498 "-" "Mozilla/5.0 (Windows NT 6.1; Win64; x64) AppleWebKit/537.36 (KHTML,   like Gecko) Chrome/61.0.3163.100 Safari/537.36" 
39.104.22.174 - - [16/Jul/2018:12:12:16 -0700] "GET / HTTP/1.1" 200 38595 "-" "Mozilla/5.0 (Windows NT 6.1; Win64; x64) AppleWebKit/537.36 (KHTML,   like Gecko) Chrome/61.0.3163.100 Safari/537.36" 
24.51.113.148 - - [16/Jul/2018:12:12:20 -0700] "GET /tg/tg_snort_fast.7z HTTP/1.0" 206 1048924 "-" "Mozilla/5.0 (Windows; U; MSIE 9.0; Windows NT 9.0; en-US)" 
24.51.113.148 - - [16/Jul/2018:12:12:36 -0700] "GET /tg/tg_snort_fast.7z HTTP/1.0" 206 1048924 "-" "Mozilla/5.0 (Windows; U; MSIE 9.0; Windows NT 9.0; en-US)" 
24.51.113.148 - - [16/Jul/2018:12:12:54 -0700] "GET /maccdc2012/notice.log.gz HTTP/1.0" 206 20736 "-" "Mozilla/5.0 (Windows; U; MSIE 9.0; Windows NT 9.0; en-US)" 
24.51.113.148 - - [16/Jul/2018:12:13:02 -0700] "GET /maccdc2012/notice.log.gz HTTP/1.0" 206 20736 "-" "Mozilla/5.0 (Windows; U; MSIE 9.0; Windows NT 9.0; en-US)" 
39.104.22.174 - - [16/Jul/2018:12:13:03 -0700] "GET / HTTP/1.1" 301 498 "-" "Mozilla/5.0 (Windows NT 6.1; Win64; x64) AppleWebKit/537.36 (KHTML,   like Gecko) Chrome/61.0.3163.100 Safari/537.36" 
39.104.22.174 - - [16/Jul/2018:12:13:04 -0700] "GET / HTTP/1.1" 200 38595 "-" "Mozilla/5.0 (Windows NT 6.1; Win64; x64) AppleWebKit/537.36 (KHTML,   like Gecko) Chrome/61.0.3163.100 Safari/537.36" 
24.51.113.148 - - [16/Jul/2018:12:13:20 -0700] "GET /maccdc2012/conn.log.gz HTTP/1.0" 206 1048934 "-" "Mozilla/5.0 (Windows; U; MSIE 9.0; Windows NT 9.0; en-US)" 
24.51.113.148 - - [16/Jul/2018:12:13:44 -0700] "GET /maccdc2012/conn.log.gz HTTP/1.0" 206 1048934 "-" "Mozilla/5.0 (Windows; U; MSIE 9.0; Windows NT 9.0; en-US)" 
46.160.183.68 - - [16/Jul/2018:12:14:02 -0700] "GET / HTTP/1.1" 200 11357 "https://www.google.ru/" "Mozilla/5.0 (Windows NT 6.1; Win64; x64) AppleWebKit/537.36 (KHTML, like Gecko) Chrome/67.0.3396.99 Safari/537.36" 
46.160.183.68 - - [16/Jul/2018:12:14:02 -0700] "GET /twitter-icon.png HTTP/1.1" 200 27787 "http://www.secrepo.com/" "Mozilla/5.0 (Windows NT 6.1; Win64; x64) AppleWebKit/537.36 (KHTML, like Gecko) Chrome/67.0.3396.99 Safari/537.36" 
46.160.183.68 - - [16/Jul/2018:12:14:02 -0700] "GET /GitHub-Mark.png HTTP/1.1" 200 7428 "http://www.secrepo.com/" "Mozilla/5.0 (Windows NT 6.1; Win64; x64) AppleWebKit/537.36 (KHTML, like Gecko) Chrome/67.0.3396.99 Safari/537.36" 
46.160.183.68 - - [16/Jul/2018:12:14:05 -0700] "GET /bootstrap/img/favicon.ico HTTP/1.1" 200 590 "http://www.secrepo.com/" "Mozilla/5.0 (Windows NT 6.1; Win64; x64) AppleWebKit/537.36 (KHTML, like Gecko) Chrome/67.0.3396.99 Safari/537.36" 
24.51.113.148 - - [16/Jul/2018:12:14:02 -0700] "GET /tg/c.zip HTTP/1.0" 206 1048914 "-" "Mozilla/5.0 (Windows; U; MSIE 9.0; Windows NT 9.0; en-US)" 
24.51.113.148 - - [16/Jul/2018:12:14:15 -0700] "GET /tg/c.zip HTTP/1.0" 206 1048914 "-" "Mozilla/5.0 (Windows; U; MSIE 9.0; Windows NT 9.0; en-US)" 
24.51.113.148 - - [16/Jul/2018:12:14:34 -0700] "GET /maccdc2012/weird.log.gz HTTP/1.0" 206 1048930 "-" "Mozilla/5.0 (Windows; U; MSIE 9.0; Windows NT 9.0; en-US)" 
24.51.113.148 - - [16/Jul/2018:12:14:49 -0700] "GET /maccdc2012/weird.log.gz HTTP/1.0" 206 1048930 "-" "Mozilla/5.0 (Windows; U; MSIE 9.0; Windows NT 9.0; en-US)" 
24.51.113.148 - - [16/Jul/2018:12:15:05 -0700] "GET /maccdc2012/files.log.gz HTTP/1.0" 206 1048932 "-" "Mozilla/5.0 (Windows; U; MSIE 9.0; Windows NT 9.0; en-US)" 
24.51.113.148 - - [16/Jul/2018:12:15:26 -0700] "GET /maccdc2012/files.log.gz HTTP/1.0" 206 1048932 "-" "Mozilla/5.0 (Windows; U; MSIE 9.0; Windows NT 9.0; en-US)" 
24.51.113.148 - - [16/Jul/2018:12:15:48 -0700] "GET / HTTP/1.0" 301 498 "-" "Mozilla/5.0 (Windows; U; MSIE 9.0; Windows NT 9.0; en-US)" 
24.51.113.148 - - [16/Jul/2018:12:15:53 -0700] "GET / HTTP/1.0" 206 38644 "-" "Mozilla/5.0 (Windows; U; MSIE 9.0; Windows NT 9.0; en-US)" 
24.51.113.148 - - [16/Jul/2018:12:15:57 -0700] "GET / HTTP/1.0" 301 498 "-" "Mozilla/5.0 (Windows; U; MSIE 9.0; Windows NT 9.0; en-US)" 
24.51.113.148 - - [16/Jul/2018:12:16:01 -0700] "GET / HTTP/1.0" 206 38644 "-" "Mozilla/5.0 (Windows; U; MSIE 9.0; Windows NT 9.0; en-US)" 
24.51.113.148 - - [16/Jul/2018:12:16:09 -0700] "GET /maccdc2012/signatures.log.gz HTTP/1.0" 206 603 "-" "Mozilla/5.0 (Windows; U; MSIE 9.0; Windows NT 9.0; en-US)" 
24.51.113.148 - - [16/Jul/2018:12:16:19 -0700] "GET /maccdc2012/signatures.log.gz HTTP/1.0" 206 603 "-" "Mozilla/5.0 (Windows; U; MSIE 9.0; Windows NT 9.0; en-US)" 
24.51.113.148 - - [16/Jul/2018:12:16:36 -0700] "GET /data HTTP/1.0" 404 295 "-" "Mozilla/5.0 (Windows; U; MSIE 9.0; Windows NT 9.0; en-US)" 
24.51.113.148 - - [16/Jul/2018:12:16:52 -0700] "GET /misc/zeus_dga_domains.txt.zip HTTP/1.0" 206 592344 "-" "Mozilla/5.0 (Windows; U; MSIE 9.0; Windows NT 9.0; en-US)" 
24.51.113.148 - - [16/Jul/2018:12:17:08 -0700] "GET /misc/zeus_dga_domains.txt.zip HTTP/1.0" 206 592344 "-" "Mozilla/5.0 (Windows; U; MSIE 9.0; Windows NT 9.0; en-US)" 
24.51.113.148 - - [16/Jul/2018:12:17:23 -0700] "GET /maccdc2012/dhcp.log.gz HTTP/1.0" 206 44916 "-" "Mozilla/5.0 (Windows; U; MSIE 9.0; Windows NT 9.0; en-US)" 
24.51.113.148 - - [16/Jul/2018:12:17:27 -0700] "GET /maccdc2012/dhcp.log.gz HTTP/1.0" 206 44916 "-" "Mozilla/5.0 (Windows; U; MSIE 9.0; Windows NT 9.0; en-US)" 
24.51.113.148 - - [16/Jul/2018:12:17:36 -0700] "GET /maccdc2012/tunnel.log.gz HTTP/1.0" 206 5219 "-" "Mozilla/5.0 (Windows; U; MSIE 9.0; Windows NT 9.0; en-US)" 
24.51.113.148 - - [16/Jul/2018:12:17:39 -0700] "GET /maccdc2012/tunnel.log.gz HTTP/1.0" 206 5219 "-" "Mozilla/5.0 (Windows; U; MSIE 9.0; Windows NT 9.0; en-US)" 
24.51.113.148 - - [16/Jul/2018:12:17:49 -0700] "GET /maccdc2012/ssh.log.gz HTTP/1.0" 206 182508 "-" "Mozilla/5.0 (Windows; U; MSIE 9.0; Windows NT 9.0; en-US)" 
24.51.113.148 - - [16/Jul/2018:12:17:57 -0700] "GET /maccdc2012/ssh.log.gz HTTP/1.0" 206 182508 "-" "Mozilla/5.0 (Windows; U; MSIE 9.0; Windows NT 9.0; en-US)" 
24.51.113.148 - - [16/Jul/2018:12:18:11 -0700] "GET /tg/tg_snort_full.7z HTTP/1.0" 206 1048924 "-" "Mozilla/5.0 (Windows; U; MSIE 9.0; Windows NT 9.0; en-US)" 
24.51.113.148 - - [16/Jul/2018:12:18:19 -0700] "GET /tg/tg_snort_full.7z HTTP/1.0" 206 1048924 "-" "Mozilla/5.0 (Windows; U; MSIE 9.0; Windows NT 9.0; en-US)" 
40.77.167.156 - - [16/Jul/2018:12:18:48 -0700] "GET /auth.log/auth.log.gz HTTP/1.1" 200 554524 "-" "Mozilla/5.0 (compatible; bingbot/2.0; +http://www.bing.com/bingbot.htm)" 
5.80.156.112 - - [16/Jul/2018:12:19:10 -0700] "GET / HTTP/1.1" 200 11357 "-" "Mozilla/5.0 (X11; Linux x86_64) AppleWebKit/537.36 (KHTML, like Gecko) Version/4.0 Chrome/67.0.3396.87 Safari/537.36" 
5.80.156.112 - - [16/Jul/2018:12:19:10 -0700] "GET /twitter-icon.png HTTP/1.1" 200 27787 "-" "Mozilla/5.0 (X11; Linux x86_64) AppleWebKit/537.36 (KHTML, like Gecko) Version/4.0 Chrome/67.0.3396.87 Safari/537.36" 
5.80.156.112 - - [16/Jul/2018:12:19:10 -0700] "GET /GitHub-Mark.png HTTP/1.1" 200 7428 "-" "Mozilla/5.0 (X11; Linux x86_64) AppleWebKit/537.36 (KHTML, like Gecko) Version/4.0 Chrome/67.0.3396.87 Safari/537.36" 
134.193.237.161 - - [16/Jul/2018:12:22:35 -0700] "GET / HTTP/1.1" 200 11357 "-" "Mozilla/5.0 (Macintosh; Intel Mac OS X 10_11_6) AppleWebKit/537.36 (KHTML, like Gecko) Chrome/67.0.3396.99 Safari/537.36" 
134.193.237.161 - - [16/Jul/2018:12:22:35 -0700] "GET /twitter-icon.png HTTP/1.1" 200 27787 "http://www.secrepo.com/" "Mozilla/5.0 (Macintosh; Intel Mac OS X 10_11_6) AppleWebKit/537.36 (KHTML, like Gecko) Chrome/67.0.3396.99 Safari/537.36" 
134.193.237.161 - - [16/Jul/2018:12:22:36 -0700] "GET /GitHub-Mark.png HTTP/1.1" 200 7427 "http://www.secrepo.com/" "Mozilla/5.0 (Macintosh; Intel Mac OS X 10_11_6) AppleWebKit/537.36 (KHTML, like Gecko) Chrome/67.0.3396.99 Safari/537.36" 
134.193.237.161 - - [16/Jul/2018:12:22:36 -0700] "GET /bootstrap/img/favicon.ico HTTP/1.1" 200 589 "http://www.secrepo.com/" "Mozilla/5.0 (Macintosh; Intel Mac OS X 10_11_6) AppleWebKit/537.36 (KHTML, like Gecko) Chrome/67.0.3396.99 Safari/537.36" 
157.55.39.46 - - [16/Jul/2018:12:23:05 -0700] "GET /self.logs/access.log.2017-06-11.gz HTTP/1.1" 200 20317 "-" "Mozilla/5.0 (compatible; bingbot/2.0; +http://www.bing.com/bingbot.htm)" 
54.36.149.103 - - [16/Jul/2018:12:26:14 -0700] "GET /self.logs/error.log.2016-03-25.gz HTTP/1.1" 404 284 "-" "Mozilla/5.0 (compatible; AhrefsBot/5.2; +http://ahrefs.com/robot/)" 
178.137.160.220 - - [16/Jul/2018:12:29:12 -0700] "GET /honeypot/ HTTP/1.1" 200 1077 "http://xn-----6kcamwewcd9bayelq.xn--p1ai/" "Opera/8.01 (Windows NT 5.1)" 
178.137.160.220 - - [16/Jul/2018:12:29:14 -0700] "GET /honeypot/ HTTP/1.1" 200 1077 "http://xn-----6kcamwewcd9bayelq.xn--p1ai/" "Opera/8.01 (Windows NT 5.1)" 
70.168.53.212 - - [16/Jul/2018:12:32:12 -0700] "GET /maccdc2012/signatures.log.gz HTTP/1.1" 200 605 "http://www.secrepo.com/" "Mozilla/5.0 (X11; Ubuntu; Linux x86_64; rv:61.0) Gecko/20100101 Firefox/61.0" 
70.168.53.212 - - [16/Jul/2018:12:32:23 -0700] "GET /maccdc2012/notice.log.gz HTTP/1.1" 200 20779 "http://www.secrepo.com/" "Mozilla/5.0 (X11; Ubuntu; Linux x86_64; rv:61.0) Gecko/20100101 Firefox/61.0" 
70.168.53.212 - - [16/Jul/2018:12:32:55 -0700] "GET /maccdc2012/notice.log.gz HTTP/1.1" 200 20779 "http://www.secrepo.com/" "Mozilla/5.0 (X11; Ubuntu; Linux x86_64; rv:61.0) Gecko/20100101 Firefox/61.0" 
70.168.53.212 - - [16/Jul/2018:12:33:57 -0700] "GET /maccdc2012/weird.log.gz HTTP/1.1" 200 1242777 "http://www.secrepo.com/" "Mozilla/5.0 (X11; Ubuntu; Linux x86_64; rv:61.0) Gecko/20100101 Firefox/61.0" 
207.215.78.126 - - [16/Jul/2018:12:42:55 -0700] "GET / HTTP/1.1" 200 11357 "https://www.google.com/" "Mozilla/5.0 (Windows NT 10.0; Win64; x64) AppleWebKit/537.36 (KHTML, like Gecko) Chrome/64.0.3282.119 Safari/537.36" 
207.215.78.126 - - [16/Jul/2018:12:42:55 -0700] "GET /twitter-icon.png HTTP/1.1" 200 27787 "http://www.secrepo.com/" "Mozilla/5.0 (Windows NT 10.0; Win64; x64) AppleWebKit/537.36 (KHTML, like Gecko) Chrome/64.0.3282.119 Safari/537.36" 
207.215.78.126 - - [16/Jul/2018:12:42:55 -0700] "GET /GitHub-Mark.png HTTP/1.1" 200 7428 "http://www.secrepo.com/" "Mozilla/5.0 (Windows NT 10.0; Win64; x64) AppleWebKit/537.36 (KHTML, like Gecko) Chrome/64.0.3282.119 Safari/537.36" 
207.215.78.126 - - [16/Jul/2018:12:42:55 -0700] "GET /bootstrap/img/favicon.ico HTTP/1.1" 200 589 "http://www.secrepo.com/" "Mozilla/5.0 (Windows NT 10.0; Win64; x64) AppleWebKit/537.36 (KHTML, like Gecko) Chrome/64.0.3282.119 Safari/537.36" 
39.104.22.174 - - [16/Jul/2018:12:43:04 -0700] "GET / HTTP/1.1" 301 498 "-" "Mozilla/5.0 (Windows NT 6.1; Win64; x64) AppleWebKit/537.36 (KHTML,   like Gecko) Chrome/61.0.3163.100 Safari/537.36" 
39.104.22.174 - - [16/Jul/2018:12:43:04 -0700] "GET / HTTP/1.1" 200 38595 "-" "Mozilla/5.0 (Windows NT 6.1; Win64; x64) AppleWebKit/537.36 (KHTML,   like Gecko) Chrome/61.0.3163.100 Safari/537.36" 
39.104.22.174 - - [16/Jul/2018:12:44:13 -0700] "GET / HTTP/1.1" 301 498 "-" "Mozilla/5.0 (Windows NT 6.1; Win64; x64) AppleWebKit/537.36 (KHTML,   like Gecko) Chrome/61.0.3163.100 Safari/537.36" 
39.104.22.174 - - [16/Jul/2018:12:44:14 -0700] "GET / HTTP/1.1" 200 38595 "-" "Mozilla/5.0 (Windows NT 6.1; Win64; x64) AppleWebKit/537.36 (KHTML,   like Gecko) Chrome/61.0.3163.100 Safari/537.36" 
54.36.148.84 - - [16/Jul/2018:12:47:17 -0700] "GET /self.logs/access.log.2016-01-17.gz HTTP/1.1" 404 284 "-" "Mozilla/5.0 (compatible; AhrefsBot/5.2; +http://ahrefs.com/robot/)" 
41.104.52.110 - - [16/Jul/2018:12:48:12 -0700] "GET /wp-login.php HTTP/1.1" 418 732 "-" "Mozilla/5.0 (Windows NT 6.1; WOW64; rv:40.0) Gecko/20100101 Firefox/40.1" 
41.104.52.110 - - [16/Jul/2018:12:48:12 -0700] "GET / HTTP/1.1" 418 732 "-" "Mozilla/5.0 (Windows NT 6.1; WOW64; rv:40.0) Gecko/20100101 Firefox/40.1" 
54.36.148.127 - - [16/Jul/2018:12:48:30 -0700] "GET /self.logs/access.log.2015-03-27.gz HTTP/1.1" 404 284 "-" "Mozilla/5.0 (compatible; AhrefsBot/5.2; +http://ahrefs.com/robot/)" 
54.234.37.47 - - [16/Jul/2018:12:54:36 -0700] "GET / HTTP/1.1" 206 11406 "-" "Slackbot-LinkExpanding 1.0 (+https://api.slack.com/robots)" 
54.174.23.4 - - [16/Jul/2018:12:54:36 -0700] "GET /bootstrap/img/apple-touch-icon.png HTTP/1.1" 404 340 "-" "Slackbot 1.0 (+https://api.slack.com/robots)" 
54.164.194.74 - - [16/Jul/2018:12:54:36 -0700] "GET /favicon.ico HTTP/1.1" 200 268 "-" "Slackbot 1.0 (+https://api.slack.com/robots)" 
54.36.150.82 - - [16/Jul/2018:12:55:32 -0700] "GET /robots.txt HTTP/1.1" 301 446 "-" "Mozilla/5.0 (compatible; AhrefsBot/5.2; +http://ahrefs.com/robot/)" 
54.36.150.82 - - [16/Jul/2018:12:55:32 -0700] "GET /robots.txt HTTP/1.1" 200 304 "-" "Mozilla/5.0 (compatible; AhrefsBot/5.2; +http://ahrefs.com/robot/)" 
88.230.87.77 - - [16/Jul/2018:13:00:51 -0700] "GET / HTTP/1.1" 200 11357 "https://www.google.com.tr/" "Mozilla/5.0 (Windows NT 10.0; Win64; x64) AppleWebKit/537.36 (KHTML, like Gecko) Chrome/67.0.3396.99 Safari/537.36" 
88.230.87.77 - - [16/Jul/2018:13:00:51 -0700] "GET /twitter-icon.png HTTP/1.1" 200 27787 "http://www.secrepo.com/" "Mozilla/5.0 (Windows NT 10.0; Win64; x64) AppleWebKit/537.36 (KHTML, like Gecko) Chrome/67.0.3396.99 Safari/537.36" 
88.230.87.77 - - [16/Jul/2018:13:00:51 -0700] "GET /GitHub-Mark.png HTTP/1.1" 200 7428 "http://www.secrepo.com/" "Mozilla/5.0 (Windows NT 10.0; Win64; x64) AppleWebKit/537.36 (KHTML, like Gecko) Chrome/67.0.3396.99 Safari/537.36" 
88.230.87.77 - - [16/Jul/2018:13:00:52 -0700] "GET /bootstrap/img/favicon.ico HTTP/1.1" 200 589 "http://www.secrepo.com/" "Mozilla/5.0 (Windows NT 10.0; Win64; x64) AppleWebKit/537.36 (KHTML, like Gecko) Chrome/67.0.3396.99 Safari/537.36" 
113.171.224.176 - - [16/Jul/2018:13:02:54 -0700] "GET /honeypot/Honeypot%20-%20Howto.pdf HTTP/1.1" 200 46720 "-" "Mozilla/5.0 Gecko/20100115 Firefox/3.6" 
178.137.86.234 - - [16/Jul/2018:13:04:02 -0700] "GET /honeypot/ HTTP/1.1" 200 1077 "https://allergija.com/" "Opera/9.00 (Windows NT 4.0; U; en)" 
176.27.183.54 - - [16/Jul/2018:13:04:43 -0700] "GET / HTTP/1.1" 200 11357 "https://www.google.com/" "Mozilla/5.0 (Macintosh; Intel Mac OS X 10_13_5) AppleWebKit/537.36 (KHTML, like Gecko) Chrome/67.0.3396.99 Safari/537.36" 
176.27.183.54 - - [16/Jul/2018:13:04:45 -0700] "GET /GitHub-Mark.png HTTP/1.1" 200 7428 "http://www.secrepo.com/" "Mozilla/5.0 (Macintosh; Intel Mac OS X 10_13_5) AppleWebKit/537.36 (KHTML, like Gecko) Chrome/67.0.3396.99 Safari/537.36" 
176.27.183.54 - - [16/Jul/2018:13:04:45 -0700] "GET /twitter-icon.png HTTP/1.1" 200 27788 "http://www.secrepo.com/" "Mozilla/5.0 (Macintosh; Intel Mac OS X 10_13_5) AppleWebKit/537.36 (KHTML, like Gecko) Chrome/67.0.3396.99 Safari/537.36" 
188.168.136.29 - - [16/Jul/2018:13:05:26 -0700] "GET /wp-login.php HTTP/1.1" 418 732 "-" "Mozilla/5.0 (Windows NT 6.1; WOW64; rv:40.0) Gecko/20100101 Firefox/40.1" 
188.168.136.29 - - [16/Jul/2018:13:05:26 -0700] "GET / HTTP/1.1" 418 732 "-" "Mozilla/5.0 (Windows NT 6.1; WOW64; rv:40.0) Gecko/20100101 Firefox/40.1" 
39.104.176.208 - - [16/Jul/2018:13:25:40 -0700] "GET / HTTP/1.1" 301 498 "-" "Mozilla/5.0 (Windows NT 6.1; Win64; x64) AppleWebKit/537.36 (KHTML,   like Gecko) Chrome/61.0.3163.100 Safari/537.36" 
39.104.176.208 - - [16/Jul/2018:13:25:41 -0700] "GET / HTTP/1.1" 200 38595 "-" "Mozilla/5.0 (Windows NT 6.1; Win64; x64) AppleWebKit/537.36 (KHTML,   like Gecko) Chrome/61.0.3163.100 Safari/537.36" 
197.15.23.69 - - [16/Jul/2018:13:28:39 -0700] "GET / HTTP/1.1" 200 11357 "-" "Mozilla/5.0 (Windows NT 10.0; Win64; x64) AppleWebKit/537.36 (KHTML, like Gecko) Chrome/67.0.3396.99 Safari/537.36" 
197.15.23.69 - - [16/Jul/2018:13:28:39 -0700] "GET /twitter-icon.png HTTP/1.1" 200 27787 "http://www.secrepo.com/" "Mozilla/5.0 (Windows NT 10.0; Win64; x64) AppleWebKit/537.36 (KHTML, like Gecko) Chrome/67.0.3396.99 Safari/537.36" 
197.15.23.69 - - [16/Jul/2018:13:28:40 -0700] "GET /GitHub-Mark.png HTTP/1.1" 200 7428 "http://www.secrepo.com/" "Mozilla/5.0 (Windows NT 10.0; Win64; x64) AppleWebKit/537.36 (KHTML, like Gecko) Chrome/67.0.3396.99 Safari/537.36" 
197.15.23.69 - - [16/Jul/2018:13:28:41 -0700] "GET /bootstrap/img/favicon.ico HTTP/1.1" 200 589 "http://www.secrepo.com/" "Mozilla/5.0 (Windows NT 10.0; Win64; x64) AppleWebKit/537.36 (KHTML, like Gecko) Chrome/67.0.3396.99 Safari/537.36" 
