103.60.213.55 - - [31/Jul/2018:02:57:51 -0700] "GET /self.logs/error.log.2017-06-13.gz HTTP/1.1" 200 970 "http://www.secrepo.com/self.logs/" "Mozilla/5.0 (Windows NT 10.0; Win64; x64) AppleWebKit/537.36 (KHTML, like Gecko) Chrome/67.0.3396.99 Safari/537.36" 
112.200.95.158 - - [31/Jul/2018:02:57:51 -0700] "GET / HTTP/1.1" 200 11301 "-" "Mozilla/5.0 (Windows NT 6.1; Win64; x64) AppleWebKit/537.36 (KHTML, like Gecko) Chrome/66.0.3359.181 Safari/537.36" 
103.60.213.55 - - [31/Jul/2018:02:57:52 -0700] "GET /self.logs/error.log.2017-06-14.gz HTTP/1.1" 200 981 "http://www.secrepo.com/self.logs/" "Mozilla/5.0 (Windows NT 10.0; Win64; x64) AppleWebKit/537.36 (KHTML, like Gecko) Chrome/67.0.3396.99 Safari/537.36" 
112.200.95.158 - - [31/Jul/2018:02:57:57 -0700] "GET /maccdc2012/conn.log.gz HTTP/1.1" 200 79443 "http://www.secrepo.com/" "Mozilla/5.0 (Windows NT 6.1; Win64; x64) AppleWebKit/537.36 (KHTML, like Gecko) Chrome/66.0.3359.181 Safari/537.36" 
103.60.213.55 - - [31/Jul/2018:02:57:59 -0700] "GET /self.logs/error.log.2017-06-15.gz HTTP/1.1" 200 1001 "http://www.secrepo.com/self.logs/" "Mozilla/5.0 (Windows NT 10.0; Win64; x64) AppleWebKit/537.36 (KHTML, like Gecko) Chrome/67.0.3396.99 Safari/537.36" 
103.60.213.55 - - [31/Jul/2018:02:58:06 -0700] "GET /self.logs/error.log.2017-06-16.gz HTTP/1.1" 200 912 "http://www.secrepo.com/self.logs/" "Mozilla/5.0 (Windows NT 10.0; Win64; x64) AppleWebKit/537.36 (KHTML, like Gecko) Chrome/67.0.3396.99 Safari/537.36" 
103.60.213.55 - - [31/Jul/2018:02:58:07 -0700] "GET /self.logs/error.log.2017-06-17.gz HTTP/1.1" 200 1073 "http://www.secrepo.com/self.logs/" "Mozilla/5.0 (Windows NT 10.0; Win64; x64) AppleWebKit/537.36 (KHTML, like Gecko) Chrome/67.0.3396.99 Safari/537.36" 
103.60.213.55 - - [31/Jul/2018:02:58:08 -0700] "GET /self.logs/error.log.2017-06-18.gz HTTP/1.1" 200 991 "http://www.secrepo.com/self.logs/" "Mozilla/5.0 (Windows NT 10.0; Win64; x64) AppleWebKit/537.36 (KHTML, like Gecko) Chrome/67.0.3396.99 Safari/537.36" 
103.60.213.55 - - [31/Jul/2018:02:58:09 -0700] "GET /self.logs/error.log.2017-06-19.gz HTTP/1.1" 200 854 "http://www.secrepo.com/self.logs/" "Mozilla/5.0 (Windows NT 10.0; Win64; x64) AppleWebKit/537.36 (KHTML, like Gecko) Chrome/67.0.3396.99 Safari/537.36" 
103.60.213.55 - - [31/Jul/2018:02:58:10 -0700] "GET /self.logs/error.log.2017-06-20.gz HTTP/1.1" 200 1051 "http://www.secrepo.com/self.logs/" "Mozilla/5.0 (Windows NT 10.0; Win64; x64) AppleWebKit/537.36 (KHTML, like Gecko) Chrome/67.0.3396.99 Safari/537.36" 
103.60.213.55 - - [31/Jul/2018:02:58:12 -0700] "GET /self.logs/error.log.2017-06-21.gz HTTP/1.1" 200 933 "http://www.secrepo.com/self.logs/" "Mozilla/5.0 (Windows NT 10.0; Win64; x64) AppleWebKit/537.36 (KHTML, like Gecko) Chrome/67.0.3396.99 Safari/537.36" 
103.60.213.55 - - [31/Jul/2018:02:58:13 -0700] "GET /self.logs/error.log.2017-06-22.gz HTTP/1.1" 200 1560 "http://www.secrepo.com/self.logs/" "Mozilla/5.0 (Windows NT 10.0; Win64; x64) AppleWebKit/537.36 (KHTML, like Gecko) Chrome/67.0.3396.99 Safari/537.36" 
103.60.213.55 - - [31/Jul/2018:02:58:14 -0700] "GET /self.logs/error.log.2017-06-23.gz HTTP/1.1" 200 768 "http://www.secrepo.com/self.logs/" "Mozilla/5.0 (Windows NT 10.0; Win64; x64) AppleWebKit/537.36 (KHTML, like Gecko) Chrome/67.0.3396.99 Safari/537.36" 
103.60.213.55 - - [31/Jul/2018:02:58:16 -0700] "GET /self.logs/error.log.2017-06-24.gz HTTP/1.1" 200 1185 "http://www.secrepo.com/self.logs/" "Mozilla/5.0 (Windows NT 10.0; Win64; x64) AppleWebKit/537.36 (KHTML, like Gecko) Chrome/67.0.3396.99 Safari/537.36" 
103.60.213.55 - - [31/Jul/2018:02:58:17 -0700] "GET /self.logs/error.log.2017-06-25.gz HTTP/1.1" 200 783 "http://www.secrepo.com/self.logs/" "Mozilla/5.0 (Windows NT 10.0; Win64; x64) AppleWebKit/537.36 (KHTML, like Gecko) Chrome/67.0.3396.99 Safari/537.36" 
103.60.213.55 - - [31/Jul/2018:02:58:19 -0700] "GET /self.logs/error.log.2017-06-26.gz HTTP/1.1" 200 2810 "http://www.secrepo.com/self.logs/" "Mozilla/5.0 (Windows NT 10.0; Win64; x64) AppleWebKit/537.36 (KHTML, like Gecko) Chrome/67.0.3396.99 Safari/537.36" 
103.60.213.55 - - [31/Jul/2018:02:58:21 -0700] "GET /self.logs/error.log.2017-06-27.gz HTTP/1.1" 200 866 "http://www.secrepo.com/self.logs/" "Mozilla/5.0 (Windows NT 10.0; Win64; x64) AppleWebKit/537.36 (KHTML, like Gecko) Chrome/67.0.3396.99 Safari/537.36" 
103.60.213.55 - - [31/Jul/2018:02:58:22 -0700] "GET /self.logs/error.log.2017-06-28.gz HTTP/1.1" 200 903 "http://www.secrepo.com/self.logs/" "Mozilla/5.0 (Windows NT 10.0; Win64; x64) AppleWebKit/537.36 (KHTML, like Gecko) Chrome/67.0.3396.99 Safari/537.36" 
103.60.213.55 - - [31/Jul/2018:02:58:23 -0700] "GET /self.logs/error.log.2017-06-29.gz HTTP/1.1" 200 805 "http://www.secrepo.com/self.logs/" "Mozilla/5.0 (Windows NT 10.0; Win64; x64) AppleWebKit/537.36 (KHTML, like Gecko) Chrome/67.0.3396.99 Safari/537.36" 
103.60.213.55 - - [31/Jul/2018:02:58:24 -0700] "GET /self.logs/error.log.2017-06-30.gz HTTP/1.1" 200 1244 "http://www.secrepo.com/self.logs/" "Mozilla/5.0 (Windows NT 10.0; Win64; x64) AppleWebKit/537.36 (KHTML, like Gecko) Chrome/67.0.3396.99 Safari/537.36" 
103.60.213.55 - - [31/Jul/2018:02:58:27 -0700] "GET /self.logs/error.log.2017-07-01.gz HTTP/1.1" 200 845 "http://www.secrepo.com/self.logs/" "Mozilla/5.0 (Windows NT 10.0; Win64; x64) AppleWebKit/537.36 (KHTML, like Gecko) Chrome/67.0.3396.99 Safari/537.36" 
103.60.213.55 - - [31/Jul/2018:02:58:33 -0700] "GET /self.logs/error.log.2017-07-02.gz HTTP/1.1" 200 742 "http://www.secrepo.com/self.logs/" "Mozilla/5.0 (Windows NT 10.0; Win64; x64) AppleWebKit/537.36 (KHTML, like Gecko) Chrome/67.0.3396.99 Safari/537.36" 
103.60.213.55 - - [31/Jul/2018:02:58:35 -0700] "GET /self.logs/error.log.2017-07-03.gz HTTP/1.1" 200 946 "http://www.secrepo.com/self.logs/" "Mozilla/5.0 (Windows NT 10.0; Win64; x64) AppleWebKit/537.36 (KHTML, like Gecko) Chrome/67.0.3396.99 Safari/537.36" 
103.60.213.55 - - [31/Jul/2018:02:58:36 -0700] "GET /self.logs/error.log.2017-07-04.gz HTTP/1.1" 200 863 "http://www.secrepo.com/self.logs/" "Mozilla/5.0 (Windows NT 10.0; Win64; x64) AppleWebKit/537.36 (KHTML, like Gecko) Chrome/67.0.3396.99 Safari/537.36" 
103.60.213.55 - - [31/Jul/2018:02:58:38 -0700] "GET /self.logs/error.log.2017-07-05.gz HTTP/1.1" 200 1073 "http://www.secrepo.com/self.logs/" "Mozilla/5.0 (Windows NT 10.0; Win64; x64) AppleWebKit/537.36 (KHTML, like Gecko) Chrome/67.0.3396.99 Safari/537.36" 
103.60.213.55 - - [31/Jul/2018:02:58:39 -0700] "GET /self.logs/error.log.2017-07-06.gz HTTP/1.1" 200 1145 "http://www.secrepo.com/self.logs/" "Mozilla/5.0 (Windows NT 10.0; Win64; x64) AppleWebKit/537.36 (KHTML, like Gecko) Chrome/67.0.3396.99 Safari/537.36" 
103.60.213.55 - - [31/Jul/2018:02:58:40 -0700] "GET /self.logs/error.log.2017-07-07.gz HTTP/1.1" 200 976 "http://www.secrepo.com/self.logs/" "Mozilla/5.0 (Windows NT 10.0; Win64; x64) AppleWebKit/537.36 (KHTML, like Gecko) Chrome/67.0.3396.99 Safari/537.36" 
103.60.213.55 - - [31/Jul/2018:02:58:41 -0700] "GET /self.logs/error.log.2017-07-08.gz HTTP/1.1" 200 680 "http://www.secrepo.com/self.logs/" "Mozilla/5.0 (Windows NT 10.0; Win64; x64) AppleWebKit/537.36 (KHTML, like Gecko) Chrome/67.0.3396.99 Safari/537.36" 
103.60.213.55 - - [31/Jul/2018:02:58:42 -0700] "GET /self.logs/error.log.2017-07-09.gz HTTP/1.1" 200 780 "http://www.secrepo.com/self.logs/" "Mozilla/5.0 (Windows NT 10.0; Win64; x64) AppleWebKit/537.36 (KHTML, like Gecko) Chrome/67.0.3396.99 Safari/537.36" 
103.60.213.55 - - [31/Jul/2018:02:58:44 -0700] "GET /self.logs/error.log.2017-07-10.gz HTTP/1.1" 200 670 "http://www.secrepo.com/self.logs/" "Mozilla/5.0 (Windows NT 10.0; Win64; x64) AppleWebKit/537.36 (KHTML, like Gecko) Chrome/67.0.3396.99 Safari/537.36" 
103.60.213.55 - - [31/Jul/2018:02:58:45 -0700] "GET /self.logs/error.log.2017-07-11.gz HTTP/1.1" 200 752 "http://www.secrepo.com/self.logs/" "Mozilla/5.0 (Windows NT 10.0; Win64; x64) AppleWebKit/537.36 (KHTML, like Gecko) Chrome/67.0.3396.99 Safari/537.36" 
103.60.213.55 - - [31/Jul/2018:02:58:46 -0700] "GET /self.logs/error.log.2017-07-12.gz HTTP/1.1" 200 913 "http://www.secrepo.com/self.logs/" "Mozilla/5.0 (Windows NT 10.0; Win64; x64) AppleWebKit/537.36 (KHTML, like Gecko) Chrome/67.0.3396.99 Safari/537.36" 
103.60.213.55 - - [31/Jul/2018:02:58:47 -0700] "GET /self.logs/error.log.2017-07-13.gz HTTP/1.1" 200 786 "http://www.secrepo.com/self.logs/" "Mozilla/5.0 (Windows NT 10.0; Win64; x64) AppleWebKit/537.36 (KHTML, like Gecko) Chrome/67.0.3396.99 Safari/537.36" 
103.60.213.55 - - [31/Jul/2018:02:58:49 -0700] "GET /self.logs/error.log.2017-07-14.gz HTTP/1.1" 200 965 "http://www.secrepo.com/self.logs/" "Mozilla/5.0 (Windows NT 10.0; Win64; x64) AppleWebKit/537.36 (KHTML, like Gecko) Chrome/67.0.3396.99 Safari/537.36" 
103.60.213.55 - - [31/Jul/2018:02:58:50 -0700] "GET /self.logs/error.log.2017-07-15.gz HTTP/1.1" 200 851 "http://www.secrepo.com/self.logs/" "Mozilla/5.0 (Windows NT 10.0; Win64; x64) AppleWebKit/537.36 (KHTML, like Gecko) Chrome/67.0.3396.99 Safari/537.36" 
103.60.213.55 - - [31/Jul/2018:02:58:51 -0700] "GET /self.logs/error.log.2017-07-16.gz HTTP/1.1" 200 707 "http://www.secrepo.com/self.logs/" "Mozilla/5.0 (Windows NT 10.0; Win64; x64) AppleWebKit/537.36 (KHTML, like Gecko) Chrome/67.0.3396.99 Safari/537.36" 
103.60.213.55 - - [31/Jul/2018:02:58:52 -0700] "GET /self.logs/error.log.2017-07-17.gz HTTP/1.1" 200 910 "http://www.secrepo.com/self.logs/" "Mozilla/5.0 (Windows NT 10.0; Win64; x64) AppleWebKit/537.36 (KHTML, like Gecko) Chrome/67.0.3396.99 Safari/537.36" 
103.60.213.55 - - [31/Jul/2018:02:58:53 -0700] "GET /self.logs/error.log.2017-07-18.gz HTTP/1.1" 200 875 "http://www.secrepo.com/self.logs/" "Mozilla/5.0 (Windows NT 10.0; Win64; x64) AppleWebKit/537.36 (KHTML, like Gecko) Chrome/67.0.3396.99 Safari/537.36" 
103.60.213.55 - - [31/Jul/2018:02:58:54 -0700] "GET /self.logs/error.log.2017-07-19.gz HTTP/1.1" 200 945 "http://www.secrepo.com/self.logs/" "Mozilla/5.0 (Windows NT 10.0; Win64; x64) AppleWebKit/537.36 (KHTML, like Gecko) Chrome/67.0.3396.99 Safari/537.36" 
103.60.213.55 - - [31/Jul/2018:02:58:55 -0700] "GET /self.logs/error.log.2017-07-20.gz HTTP/1.1" 200 882 "http://www.secrepo.com/self.logs/" "Mozilla/5.0 (Windows NT 10.0; Win64; x64) AppleWebKit/537.36 (KHTML, like Gecko) Chrome/67.0.3396.99 Safari/537.36" 
103.60.213.55 - - [31/Jul/2018:02:58:57 -0700] "GET /self.logs/error.log.2017-07-21.gz HTTP/1.1" 200 836 "http://www.secrepo.com/self.logs/" "Mozilla/5.0 (Windows NT 10.0; Win64; x64) AppleWebKit/537.36 (KHTML, like Gecko) Chrome/67.0.3396.99 Safari/537.36" 
103.60.213.55 - - [31/Jul/2018:02:58:58 -0700] "GET /self.logs/error.log.2017-07-22.gz HTTP/1.1" 200 924 "http://www.secrepo.com/self.logs/" "Mozilla/5.0 (Windows NT 10.0; Win64; x64) AppleWebKit/537.36 (KHTML, like Gecko) Chrome/67.0.3396.99 Safari/537.36" 
103.60.213.55 - - [31/Jul/2018:02:58:59 -0700] "GET /self.logs/error.log.2017-07-23.gz HTTP/1.1" 200 772 "http://www.secrepo.com/self.logs/" "Mozilla/5.0 (Windows NT 10.0; Win64; x64) AppleWebKit/537.36 (KHTML, like Gecko) Chrome/67.0.3396.99 Safari/537.36" 
103.60.213.55 - - [31/Jul/2018:02:59:02 -0700] "GET /self.logs/error.log.2017-07-24.gz HTTP/1.1" 200 1026 "http://www.secrepo.com/self.logs/" "Mozilla/5.0 (Windows NT 10.0; Win64; x64) AppleWebKit/537.36 (KHTML, like Gecko) Chrome/67.0.3396.99 Safari/537.36" 
54.36.149.85 - - [31/Jul/2018:03:01:20 -0700] "GET /self.logs/error.log.2017-11-08.gz HTTP/1.1" 200 2382 "-" "Mozilla/5.0 (compatible; AhrefsBot/5.2; +http://ahrefs.com/robot/)" 
112.200.95.158 - - [31/Jul/2018:03:01:30 -0700] "GET /maccdc2012/conn.log.gz HTTP/1.1" 200 717023 "http://www.secrepo.com/" "Mozilla/5.0 (Windows NT 6.1; Win64; x64; rv:56.0) Gecko/20100101 Firefox/56.0" 
197.1.121.156 - - [31/Jul/2018:03:04:25 -0700] "GET /wp-login.php HTTP/1.1" 418 732 "-" "Mozilla/5.0 (Windows NT 6.1; WOW64; rv:40.0) Gecko/20100101 Firefox/40.1" 
41.223.160.173 - - [31/Jul/2018:03:06:28 -0700] "GET /tg/tg_snort_fast.7z HTTP/1.1" 304 131 "-" "Mozilla/5.0 Gecko/20100115 Firefox/3.6" 
103.60.213.55 - - [31/Jul/2018:03:06:44 -0700] "GET /self.logs/access.log.2018-07-27.gz HTTP/1.1" 200 25988 "http://www.secrepo.com/self.logs/" "Mozilla/5.0 (Windows NT 10.0; Win64; x64) AppleWebKit/537.36 (KHTML, like Gecko) Chrome/67.0.3396.99 Safari/537.36" 
103.60.213.55 - - [31/Jul/2018:03:06:45 -0700] "GET /self.logs/access.log.2018-07-26.gz HTTP/1.1" 200 19741 "http://www.secrepo.com/self.logs/" "Mozilla/5.0 (Windows NT 10.0; Win64; x64) AppleWebKit/537.36 (KHTML, like Gecko) Chrome/67.0.3396.99 Safari/537.36" 
103.60.213.55 - - [31/Jul/2018:03:06:47 -0700] "GET /self.logs/access.log.2018-07-25.gz HTTP/1.1" 200 25277 "http://www.secrepo.com/self.logs/" "Mozilla/5.0 (Windows NT 10.0; Win64; x64) AppleWebKit/537.36 (KHTML, like Gecko) Chrome/67.0.3396.99 Safari/537.36" 
112.200.95.158 - - [31/Jul/2018:03:07:08 -0700] "GET / HTTP/1.1" 200 11301 "-" "Mozilla/5.0 (Windows NT 6.1; Win64; x64) AppleWebKit/537.36 (KHTML, like Gecko) Chrome/66.0.3359.181 Safari/537.36" 
112.200.95.158 - - [31/Jul/2018:03:07:19 -0700] "GET /maccdc2012/conn.log.gz HTTP/1.1" 200 79443 "http://www.secrepo.com/" "Mozilla/5.0 (Windows NT 6.1; Win64; x64) AppleWebKit/537.36 (KHTML, like Gecko) Chrome/66.0.3359.181 Safari/537.36" 
54.36.149.55 - - [31/Jul/2018:03:20:14 -0700] "GET /self.logs/access.log.2015-10-17.gz HTTP/1.1" 404 284 "-" "Mozilla/5.0 (compatible; AhrefsBot/5.2; +http://ahrefs.com/robot/)" 
77.69.155.27 - - [31/Jul/2018:03:20:35 -0700] "GET / HTTP/1.1" 200 11357 "-" "Mozilla/5.0 (Windows NT 10.0; Win64; x64; rv:61.0) Gecko/20100101 Firefox/61.0" 
77.69.155.27 - - [31/Jul/2018:03:20:35 -0700] "GET /GitHub-Mark.png HTTP/1.1" 200 7428 "http://www.secrepo.com/" "Mozilla/5.0 (Windows NT 10.0; Win64; x64; rv:61.0) Gecko/20100101 Firefox/61.0" 
77.69.155.27 - - [31/Jul/2018:03:20:35 -0700] "GET /twitter-icon.png HTTP/1.1" 200 27788 "http://www.secrepo.com/" "Mozilla/5.0 (Windows NT 10.0; Win64; x64; rv:61.0) Gecko/20100101 Firefox/61.0" 
77.69.155.27 - - [31/Jul/2018:03:20:36 -0700] "GET /bootstrap/img/favicon.ico HTTP/1.1" 200 589 "-" "Mozilla/5.0 (Windows NT 10.0; Win64; x64; rv:61.0) Gecko/20100101 Firefox/61.0" 
66.249.93.93 - - [31/Jul/2018:03:21:26 -0700] "GET / HTTP/1.1" 200 11357 "-" "Mozilla/5.0 (X11; Linux x86_64) AppleWebKit/537.36 (KHTML, like Gecko) Chrome/49.0.2623.75 Safari/537.36 Google Favicon" 
66.249.93.93 - - [31/Jul/2018:03:21:26 -0700] "GET /bootstrap/img/favicon.ico HTTP/1.1" 200 589 "-" "Mozilla/5.0 (X11; Linux x86_64) AppleWebKit/537.36 (KHTML, like Gecko) Chrome/49.0.2623.75 Safari/537.36 Google Favicon" 
112.200.95.158 - - [31/Jul/2018:03:23:04 -0700] "GET / HTTP/1.1" 200 11301 "-" "Mozilla/5.0 (Windows NT 6.1; Win64; x64) AppleWebKit/537.36 (KHTML, like Gecko) Chrome/66.0.3359.181 Safari/537.36" 
112.200.95.158 - - [31/Jul/2018:03:23:10 -0700] "GET /maccdc2012/conn.log.gz HTTP/1.1" 200 279663 "http://www.secrepo.com/" "Mozilla/5.0 (Windows NT 6.1; Win64; x64) AppleWebKit/537.36 (KHTML, like Gecko) Chrome/66.0.3359.181 Safari/537.36" 
160.153.154.26 - - [31/Jul/2018:03:27:02 -0700] "GET / HTTP/1.1" 200 38539 "-" "Mozilla/5.0 (Windows NT 6.1; WOW64) AppleWebKit/537.36 (KHTML, like Gecko) Chrome/33.0.1750.154 Safari/537.36" 
112.200.95.158 - - [31/Jul/2018:03:29:06 -0700] "GET / HTTP/1.1" 200 11301 "-" "Mozilla/5.0 (Windows NT 6.1; Win64; x64) AppleWebKit/537.36 (KHTML, like Gecko) Chrome/66.0.3359.181 Safari/537.36" 
112.200.95.158 - - [31/Jul/2018:03:29:14 -0700] "GET /maccdc2012/conn.log.gz HTTP/1.1" 200 278759 "http://www.secrepo.com/" "Mozilla/5.0 (Windows NT 6.1; Win64; x64) AppleWebKit/537.36 (KHTML, like Gecko) Chrome/66.0.3359.181 Safari/537.36" 
112.200.95.158 - - [31/Jul/2018:03:29:54 -0700] "GET / HTTP/1.1" 200 11301 "-" "Mozilla/5.0 (Windows NT 6.1; Win64; x64) AppleWebKit/537.36 (KHTML, like Gecko) Chrome/66.0.3359.181 Safari/537.36" 
54.36.149.55 - - [31/Jul/2018:03:30:38 -0700] "GET /self.logs/access.log.2018-07-17.gz HTTP/1.1" 200 24678 "-" "Mozilla/5.0 (compatible; AhrefsBot/5.2; +http://ahrefs.com/robot/)" 
95.163.255.55 - - [31/Jul/2018:03:31:03 -0700] "GET /robots.txt HTTP/1.0" 200 252 "-" "Mozilla/5.0 (compatible; Linux x86_64; Mail.RU_Bot/2.0; +http://go.mail.ru/help/robots)" 
95.163.255.59 - - [31/Jul/2018:03:31:04 -0700] "GET /honeypot/BSidesDFW%20-%202014.ipynb HTTP/1.1" 200 930799 "-" "Mozilla/5.0 (compatible; Linux x86_64; Mail.RU_Bot/2.0; +http://go.mail.ru/help/robots)" 
185.99.97.18 - - [31/Jul/2018:03:34:38 -0700] "GET /honeypot/BSidesDFW%20-%202014.ipynb HTTP/1.1" 200 930780 "http://www.secrepo.com/" "Mozilla/5.0 (Windows NT 6.1; Win64; x64; rv:45.9) Gecko/20100101 Goanna/3.0 Firefox/45.9 PaleMoon/27.0.2" 
54.36.148.241 - - [31/Jul/2018:03:34:59 -0700] "GET /self.logs/2015/access.log.2015-10-12.gz HTTP/1.1" 200 7684 "-" "Mozilla/5.0 (compatible; AhrefsBot/5.2; +http://ahrefs.com/robot/)" 
103.60.213.55 - - [31/Jul/2018:03:36:38 -0700] "GET / HTTP/1.1" 200 11357 "-" "Mozilla/5.0 (Windows NT 10.0; Win64; x64) AppleWebKit/537.36 (KHTML, like Gecko) Chrome/67.0.3396.99 Safari/537.36" 
103.60.213.55 - - [31/Jul/2018:03:36:38 -0700] "GET /twitter-icon.png HTTP/1.1" 200 27787 "http://www.secrepo.com/" "Mozilla/5.0 (Windows NT 10.0; Win64; x64) AppleWebKit/537.36 (KHTML, like Gecko) Chrome/67.0.3396.99 Safari/537.36" 
103.60.213.55 - - [31/Jul/2018:03:36:38 -0700] "GET /GitHub-Mark.png HTTP/1.1" 200 7428 "http://www.secrepo.com/" "Mozilla/5.0 (Windows NT 10.0; Win64; x64) AppleWebKit/537.36 (KHTML, like Gecko) Chrome/67.0.3396.99 Safari/537.36" 
103.60.213.55 - - [31/Jul/2018:03:36:40 -0700] "GET /bootstrap/img/favicon.ico HTTP/1.1" 200 589 "http://www.secrepo.com/" "Mozilla/5.0 (Windows NT 10.0; Win64; x64) AppleWebKit/537.36 (KHTML, like Gecko) Chrome/67.0.3396.99 Safari/537.36" 
40.77.167.162 - - [31/Jul/2018:03:42:08 -0700] "GET /self.logs/error.log.2018-02-07.gz HTTP/1.1" 200 4093 "-" "Mozilla/5.0 (compatible; bingbot/2.0; +http://www.bing.com/bingbot.htm)" 
40.77.167.162 - - [31/Jul/2018:03:42:39 -0700] "GET /auth.log/auth.log.gz HTTP/1.1" 200 554524 "-" "Mozilla/5.0 (iPhone; CPU iPhone OS 7_0 like Mac OS X) AppleWebKit/537.51.1 (KHTML, like Gecko) Version/7.0 Mobile/11A465 Safari/9537.53 (compatible; bingbot/2.0; +http://www.bing.com/bingbot.htm)" 
157.55.39.9 - - [31/Jul/2018:03:42:58 -0700] "GET /robots.txt HTTP/1.1" 200 334 "-" "Mozilla/5.0 (compatible; bingbot/2.0; +http://www.bing.com/bingbot.htm)" 
92.8.66.236 - - [31/Jul/2018:03:43:13 -0700] "GET /wp-login.php HTTP/1.1" 418 732 "-" "Mozilla/5.0 (Windows NT 6.1; WOW64; rv:40.0) Gecko/20100101 Firefox/40.1" 
92.8.66.236 - - [31/Jul/2018:03:43:13 -0700] "GET / HTTP/1.1" 418 732 "-" "Mozilla/5.0 (Windows NT 6.1; WOW64; rv:40.0) Gecko/20100101 Firefox/40.1" 
103.60.213.55 - - [31/Jul/2018:03:44:11 -0700] "GET /self.logs/ HTTP/1.1" 200 11276 "-" "Mozilla/5.0 (Windows NT 10.0; Win64; x64) AppleWebKit/537.36 (KHTML, like Gecko) Chrome/67.0.3396.99 Safari/537.36" 
89.165.48.131 - - [31/Jul/2018:03:44:33 -0700] "GET /twitter-icon.png HTTP/1.1" 200 27788 "http://www.secrepo.com/" "Mozilla/5.0 (X11; Linux x86_64) AppleWebKit/537.36 (KHTML, like Gecko) Ubuntu Chromium/67.0.3396.99 Chrome/67.0.3396.99 Safari/537.36" 
103.60.213.55 - - [31/Jul/2018:03:44:57 -0700] "GET /self.logs/2016/ HTTP/1.1" 200 7741 "http://www.secrepo.com/self.logs/" "Mozilla/5.0 (Windows NT 10.0; Win64; x64) AppleWebKit/537.36 (KHTML, like Gecko) Chrome/67.0.3396.99 Safari/537.36" 
222.138.223.136 - - [31/Jul/2018:03:45:06 -0700] "GET /favicon.ico HTTP/1.1" 200 268 "-" "Mozilla/5.0 (Windows NT 6.1) AppleWebKit/537.36 (KHTML, like Gecko) Chrome/55.0.2883.87 Safari/537.36" 
139.47.15.168 - - [31/Jul/2018:03:45:17 -0700] "GET / HTTP/1.1" 200 11357 "-" "Mozilla/5.0 (X11; Linux x86_64) AppleWebKit/537.36 (KHTML, like Gecko) Version/4.0 Chrome/65.0.3325.109 Safari/537.36" 
139.47.15.168 - - [31/Jul/2018:03:45:17 -0700] "GET /twitter-icon.png HTTP/1.1" 200 27787 "-" "Mozilla/5.0 (X11; Linux x86_64) AppleWebKit/537.36 (KHTML, like Gecko) Version/4.0 Chrome/65.0.3325.109 Safari/537.36" 
139.47.15.168 - - [31/Jul/2018:03:45:18 -0700] "GET /GitHub-Mark.png HTTP/1.1" 200 7427 "-" "Mozilla/5.0 (X11; Linux x86_64) AppleWebKit/537.36 (KHTML, like Gecko) Version/4.0 Chrome/65.0.3325.109 Safari/537.36" 
103.60.213.55 - - [31/Jul/2018:03:45:47 -0700] "GET /self.logs/2015/ HTTP/1.1" 200 7437 "http://www.secrepo.com/self.logs/" "Mozilla/5.0 (Windows NT 10.0; Win64; x64) AppleWebKit/537.36 (KHTML, like Gecko) Chrome/67.0.3396.99 Safari/537.36" 
54.36.148.119 - - [31/Jul/2018:03:46:11 -0700] "GET /self.logs/access.log.2018-03-30.gz HTTP/1.1" 200 18771 "-" "Mozilla/5.0 (compatible; AhrefsBot/5.2; +http://ahrefs.com/robot/)" 
112.200.95.158 - - [31/Jul/2018:03:30:01 -0700] "GET /maccdc2012/conn.log.gz HTTP/1.1" 200 81990723 "http://www.secrepo.com/" "Mozilla/5.0 (Windows NT 6.1; Win64; x64) AppleWebKit/537.36 (KHTML, like Gecko) Chrome/66.0.3359.181 Safari/537.36" 
103.60.213.55 - - [31/Jul/2018:03:47:43 -0700] "GET /self.logs/2015/ HTTP/1.1" 200 7437 "http://www.secrepo.com/self.logs/" "Mozilla/5.0 (Windows NT 10.0; Win64; x64) AppleWebKit/537.36 (KHTML, like Gecko) Chrome/67.0.3396.99 Safari/537.36" 
103.60.213.55 - - [31/Jul/2018:03:47:51 -0700] "GET /self.logs/2016/ HTTP/1.1" 200 7741 "http://www.secrepo.com/self.logs/" "Mozilla/5.0 (Windows NT 10.0; Win64; x64) AppleWebKit/537.36 (KHTML, like Gecko) Chrome/67.0.3396.99 Safari/537.36" 
51.38.42.195 - - [31/Jul/2018:03:50:16 -0700] "GET / HTTP/1.1" 200 38584 "-" "-" 
79.46.37.44 - - [31/Jul/2018:03:50:56 -0700] "GET /wp-login.php HTTP/1.1" 418 732 "-" "Mozilla/5.0 (Windows NT 6.1; WOW64; rv:40.0) Gecko/20100101 Firefox/40.1" 
79.46.37.44 - - [31/Jul/2018:03:50:56 -0700] "GET / HTTP/1.1" 418 732 "-" "Mozilla/5.0 (Windows NT 6.1; WOW64; rv:40.0) Gecko/20100101 Firefox/40.1" 
103.244.145.23 - - [31/Jul/2018:03:51:00 -0700] "GET /wp-login.php HTTP/1.1" 418 732 "-" "Mozilla/5.0 (Windows NT 6.1; WOW64; rv:40.0) Gecko/20100101 Firefox/40.1" 
103.244.145.23 - - [31/Jul/2018:03:51:01 -0700] "GET / HTTP/1.1" 418 732 "-" "Mozilla/5.0 (Windows NT 6.1; WOW64; rv:40.0) Gecko/20100101 Firefox/40.1" 
113.171.224.176 - - [31/Jul/2018:03:52:21 -0700] "GET /honeypot/Honeypot%20-%20Howto.pdf HTTP/1.1" 200 46720 "-" "Mozilla/5.0 Gecko/20100115 Firefox/3.6" 
112.200.95.158 - - [31/Jul/2018:03:53:51 -0700] "GET / HTTP/1.1" 200 11301 "-" "Mozilla/5.0 (Windows NT 6.1; Win64; x64) AppleWebKit/537.36 (KHTML, like Gecko) Chrome/66.0.3359.181 Safari/537.36" 
112.200.95.158 - - [31/Jul/2018:03:53:57 -0700] "GET /maccdc2012/conn.log.gz HTTP/1.1" 200 2244943 "http://www.secrepo.com/" "Mozilla/5.0 (Windows NT 6.1; Win64; x64) AppleWebKit/537.36 (KHTML, like Gecko) Chrome/66.0.3359.181 Safari/537.36" 
171.61.235.188 - - [31/Jul/2018:03:58:57 -0700] "GET /wp-login.php HTTP/1.1" 418 732 "-" "Mozilla/5.0 (Windows NT 6.1; WOW64; rv:40.0) Gecko/20100101 Firefox/40.1" 
171.61.235.188 - - [31/Jul/2018:03:58:58 -0700] "GET / HTTP/1.1" 418 732 "-" "Mozilla/5.0 (Windows NT 6.1; WOW64; rv:40.0) Gecko/20100101 Firefox/40.1" 
112.200.95.158 - - [31/Jul/2018:03:59:29 -0700] "GET / HTTP/1.1" 200 11301 "-" "Mozilla/5.0 (Windows NT 6.1; Win64; x64) AppleWebKit/537.36 (KHTML, like Gecko) Chrome/66.0.3359.181 Safari/537.36" 
201.6.142.199 - - [31/Jul/2018:04:00:18 -0700] "GET /wp-login.php HTTP/1.1" 418 732 "-" "Mozilla/5.0 (Windows NT 6.1; WOW64; rv:40.0) Gecko/20100101 Firefox/40.1" 
201.6.142.199 - - [31/Jul/2018:04:00:18 -0700] "GET / HTTP/1.1" 418 732 "-" "Mozilla/5.0 (Windows NT 6.1; WOW64; rv:40.0) Gecko/20100101 Firefox/40.1" 
112.200.95.158 - - [31/Jul/2018:03:59:35 -0700] "GET /maccdc2012/conn.log.gz HTTP/1.1" 200 8962963 "http://www.secrepo.com/" "Mozilla/5.0 (Windows NT 6.1; Win64; x64) AppleWebKit/537.36 (KHTML, like Gecko) Chrome/66.0.3359.181 Safari/537.36" 
176.135.231.87 - - [31/Jul/2018:04:03:06 -0700] "GET /wp-login.php HTTP/1.1" 418 732 "-" "Mozilla/5.0 (Windows NT 6.1; WOW64; rv:40.0) Gecko/20100101 Firefox/40.1" 
176.135.231.87 - - [31/Jul/2018:04:03:06 -0700] "GET / HTTP/1.1" 418 732 "-" "Mozilla/5.0 (Windows NT 6.1; WOW64; rv:40.0) Gecko/20100101 Firefox/40.1" 
54.36.148.253 - - [31/Jul/2018:04:06:19 -0700] "GET /self.logs/access.log.2017-02-01.gz HTTP/1.1" 200 27022 "-" "Mozilla/5.0 (compatible; AhrefsBot/5.2; +http://ahrefs.com/robot/)" 
112.200.95.158 - - [31/Jul/2018:04:17:41 -0700] "GET / HTTP/1.1" 200 11301 "-" "Mozilla/5.0 (Windows NT 6.1; Win64; x64) AppleWebKit/537.36 (KHTML, like Gecko) Chrome/66.0.3359.181 Safari/537.36" 
112.200.95.158 - - [31/Jul/2018:04:17:49 -0700] "GET /maccdc2012/conn.log.gz HTTP/1.1" 200 79443 "http://www.secrepo.com/" "Mozilla/5.0 (Windows NT 6.1; Win64; x64) AppleWebKit/537.36 (KHTML, like Gecko) Chrome/66.0.3359.181 Safari/537.36" 
112.200.95.158 - - [31/Jul/2018:04:19:25 -0700] "GET / HTTP/1.1" 200 11301 "-" "Mozilla/5.0 (Windows NT 6.1; Win64; x64) AppleWebKit/537.36 (KHTML, like Gecko) Chrome/66.0.3359.181 Safari/537.36" 
157.55.39.237 - - [31/Jul/2018:04:20:36 -0700] "GET /maccdc2012/dns.log.gz HTTP/1.1" 301 522 "-" "Mozilla/5.0 (compatible; bingbot/2.0; +http://www.bing.com/bingbot.htm)" 
112.200.95.158 - - [31/Jul/2018:04:19:33 -0700] "GET /maccdc2012/conn.log.gz HTTP/1.1" 200 12514383 "http://www.secrepo.com/" "Mozilla/5.0 (Windows NT 6.1; Win64; x64) AppleWebKit/537.36 (KHTML, like Gecko) Chrome/66.0.3359.181 Safari/537.36" 
112.200.95.158 - - [31/Jul/2018:04:24:43 -0700] "GET / HTTP/1.1" 200 11301 "-" "Mozilla/5.0 (Windows NT 6.1; Win64; x64) AppleWebKit/537.36 (KHTML, like Gecko) Chrome/66.0.3359.181 Safari/537.36" 
118.189.100.51 - - [31/Jul/2018:04:25:07 -0700] "GET / HTTP/1.1" 200 11357 "https://www.google.com/" "Mozilla/5.0 (Windows NT 10.0; Win64; x64) AppleWebKit/537.36 (KHTML, like Gecko) Chrome/52.0.2743.116 Safari/537.36 Edge/15.15063" 
118.189.100.51 - - [31/Jul/2018:04:25:07 -0700] "GET /GitHub-Mark.png HTTP/1.1" 200 7428 "http://www.secrepo.com/" "Mozilla/5.0 (Windows NT 10.0; Win64; x64) AppleWebKit/537.36 (KHTML, like Gecko) Chrome/52.0.2743.116 Safari/537.36 Edge/15.15063" 
118.189.100.51 - - [31/Jul/2018:04:25:07 -0700] "GET /twitter-icon.png HTTP/1.1" 200 27787 "http://www.secrepo.com/" "Mozilla/5.0 (Windows NT 10.0; Win64; x64) AppleWebKit/537.36 (KHTML, like Gecko) Chrome/52.0.2743.116 Safari/537.36 Edge/15.15063" 
118.189.100.51 - - [31/Jul/2018:04:25:08 -0700] "GET /bootstrap/img/favicon.ico HTTP/1.1" 200 590 "-" "Mozilla/5.0 (Windows NT 10.0; Win64; x64) AppleWebKit/537.36 (KHTML, like Gecko) Chrome/52.0.2743.116 Safari/537.36 Edge/15.15063" 
112.200.95.158 - - [31/Jul/2018:04:24:50 -0700] "GET /maccdc2012/conn.log.gz HTTP/1.1" 200 1577543 "http://www.secrepo.com/" "Mozilla/5.0 (Windows NT 6.1; Win64; x64) AppleWebKit/537.36 (KHTML, like Gecko) Chrome/66.0.3359.181 Safari/537.36" 
164.78.248.244 - - [31/Jul/2018:04:26:18 -0700] "GET / HTTP/1.1" 301 427 "-" "Mozilla/5.0 (Windows NT 10.0; Win64; x64) AppleWebKit/537.36 (KHTML, like Gecko) Chrome/58.0.3029.110 Safari/537.36 Edge/16.16299" 
164.78.248.244 - - [31/Jul/2018:04:26:19 -0700] "GET / HTTP/1.1" 200 11301 "-" "Mozilla/5.0 (Windows NT 10.0; Win64; x64) AppleWebKit/537.36 (KHTML, like Gecko) Chrome/58.0.3029.110 Safari/537.36 Edge/16.16299" 
164.78.248.244 - - [31/Jul/2018:04:26:20 -0700] "GET /GitHub-Mark.png HTTP/1.1" 200 7372 "http://www.secrepo.com/" "Mozilla/5.0 (Windows NT 10.0; Win64; x64) AppleWebKit/537.36 (KHTML, like Gecko) Chrome/58.0.3029.110 Safari/537.36 Edge/16.16299" 
164.78.248.244 - - [31/Jul/2018:04:26:20 -0700] "GET /twitter-icon.png HTTP/1.1" 200 27732 "http://www.secrepo.com/" "Mozilla/5.0 (Windows NT 10.0; Win64; x64) AppleWebKit/537.36 (KHTML, like Gecko) Chrome/58.0.3029.110 Safari/537.36 Edge/16.16299" 
164.78.248.244 - - [31/Jul/2018:04:26:21 -0700] "GET /bootstrap/img/favicon.ico HTTP/1.1" 200 534 "-" "Mozilla/5.0 (Windows NT 10.0; Win64; x64) AppleWebKit/537.36 (KHTML, like Gecko) Chrome/58.0.3029.110 Safari/537.36 Edge/16.16299" 
164.78.248.244 - - [31/Jul/2018:04:28:12 -0700] "GET /maccdc2012/weird.log.gz HTTP/1.1" 200 1242721 "http://www.secrepo.com/" "Mozilla/5.0 (Windows NT 10.0; Win64; x64) AppleWebKit/537.36 (KHTML, like Gecko) Chrome/58.0.3029.110 Safari/537.36 Edge/16.16299" 
112.200.95.158 - - [31/Jul/2018:04:29:09 -0700] "GET / HTTP/1.1" 200 11301 "-" "Mozilla/5.0 (Windows NT 6.1; Win64; x64) AppleWebKit/537.36 (KHTML, like Gecko) Chrome/66.0.3359.181 Safari/537.36" 
112.200.95.158 - - [31/Jul/2018:04:29:16 -0700] "GET /maccdc2012/conn.log.gz HTTP/1.1" 200 163223 "http://www.secrepo.com/" "Mozilla/5.0 (Windows NT 6.1; Win64; x64) AppleWebKit/537.36 (KHTML, like Gecko) Chrome/66.0.3359.181 Safari/537.36" 
45.116.241.145 - - [31/Jul/2018:04:29:37 -0700] "GET /wp-login.php HTTP/1.1" 418 732 "-" "Mozilla/5.0 (Windows NT 6.1; WOW64; rv:40.0) Gecko/20100101 Firefox/40.1" 
45.116.241.145 - - [31/Jul/2018:04:29:38 -0700] "GET / HTTP/1.1" 418 732 "-" "Mozilla/5.0 (Windows NT 6.1; WOW64; rv:40.0) Gecko/20100101 Firefox/40.1" 
210.18.181.115 - - [31/Jul/2018:04:30:15 -0700] "GET / HTTP/1.1" 200 11357 "http://www.google.com/url?sa=t&rct=j&q=&esrc=s&source=web&cd=8&ved=2ahUKEwi9r_WHnsncAhWKe30KHYyfBqwQFjAHegQIBxAB&url=http%3A%2F%2Fwww.secrepo.com%2F&usg=AOvVaw0jIonH_9-JWfo0lP0X5Pvo" "Mozilla/5.0 (X11; Ubuntu; Linux x86_64; rv:31.0) Gecko/20100101 Firefox/31.0" 
210.18.181.115 - - [31/Jul/2018:04:30:15 -0700] "GET /bootstrap/img/favicon.ico HTTP/1.1" 200 589 "-" "Mozilla/5.0 (X11; Ubuntu; Linux x86_64; rv:31.0) Gecko/20100101 Firefox/31.0" 
210.18.181.115 - - [31/Jul/2018:04:30:16 -0700] "GET /twitter-icon.png HTTP/1.1" 200 27787 "http://www.secrepo.com/" "Mozilla/5.0 (X11; Ubuntu; Linux x86_64; rv:31.0) Gecko/20100101 Firefox/31.0" 
210.18.181.115 - - [31/Jul/2018:04:30:16 -0700] "GET /GitHub-Mark.png HTTP/1.1" 200 7428 "http://www.secrepo.com/" "Mozilla/5.0 (X11; Ubuntu; Linux x86_64; rv:31.0) Gecko/20100101 Firefox/31.0" 
112.200.95.158 - - [31/Jul/2018:04:30:28 -0700] "GET / HTTP/1.1" 200 11301 "-" "Mozilla/5.0 (Windows NT 6.1; Win64; x64) AppleWebKit/537.36 (KHTML, like Gecko) Chrome/66.0.3359.181 Safari/537.36" 
112.200.95.158 - - [31/Jul/2018:04:30:34 -0700] "GET /maccdc2012/conn.log.gz HTTP/1.1" 200 6672187 "http://www.secrepo.com/" "Mozilla/5.0 (Windows NT 6.1; Win64; x64) AppleWebKit/537.36 (KHTML, like Gecko) Chrome/66.0.3359.181 Safari/537.36" 
112.200.95.158 - - [31/Jul/2018:04:33:06 -0700] "GET / HTTP/1.1" 200 11301 "-" "Mozilla/5.0 (Windows NT 6.1; Win64; x64) AppleWebKit/537.36 (KHTML, like Gecko) Chrome/66.0.3359.181 Safari/537.36" 
164.78.248.244 - - [31/Jul/2018:04:27:44 -0700] "GET /Security-Data-Analysis/Lab_1/conn.log.zip HTTP/1.1" 200 549098472 "http://www.secrepo.com/" "Mozilla/5.0 (Windows NT 10.0; Win64; x64) AppleWebKit/537.36 (KHTML, like Gecko) Chrome/58.0.3029.110 Safari/537.36 Edge/16.16299" 
54.36.148.150 - - [31/Jul/2018:04:37:13 -0700] "GET /self.logs/access.log.2016-09-25.gz HTTP/1.1" 404 284 "-" "Mozilla/5.0 (compatible; AhrefsBot/5.2; +http://ahrefs.com/robot/)" 
180.244.234.114 - - [31/Jul/2018:04:39:38 -0700] "GET /wp-login.php HTTP/1.1" 418 732 "-" "Mozilla/5.0 (Windows NT 6.1; WOW64; rv:40.0) Gecko/20100101 Firefox/40.1" 
180.244.234.114 - - [31/Jul/2018:04:39:39 -0700] "GET / HTTP/1.1" 418 732 "-" "Mozilla/5.0 (Windows NT 6.1; WOW64; rv:40.0) Gecko/20100101 Firefox/40.1" 
157.55.39.3 - - [31/Jul/2018:04:48:18 -0700] "GET /robots.txt HTTP/1.1" 301 502 "-" "Mozilla/5.0 (compatible; bingbot/2.0; +http://www.bing.com/bingbot.htm)" 
157.55.39.3 - - [31/Jul/2018:04:48:19 -0700] "GET /robots.txt HTTP/1.1" 200 334 "-" "Mozilla/5.0 (compatible; bingbot/2.0; +http://www.bing.com/bingbot.htm)" 
40.77.167.162 - - [31/Jul/2018:04:48:20 -0700] "GET /self.logs/error.log.2017-01-31.gz HTTP/1.1" 301 544 "-" "Mozilla/5.0 (compatible; bingbot/2.0; +http://www.bing.com/bingbot.htm)" 
78.90.215.146 - - [31/Jul/2018:04:48:28 -0700] "GET / HTTP/1.1" 200 11357 "-" "Mozilla/5.0 (X11; Linux x86_64) AppleWebKit/537.36 (KHTML, like Gecko) Chrome/68.0.3440.75 Safari/537.36" 
78.90.215.146 - - [31/Jul/2018:04:48:29 -0700] "GET /twitter-icon.png HTTP/1.1" 200 27787 "http://www.secrepo.com/" "Mozilla/5.0 (X11; Linux x86_64) AppleWebKit/537.36 (KHTML, like Gecko) Chrome/68.0.3440.75 Safari/537.36" 
78.90.215.146 - - [31/Jul/2018:04:48:29 -0700] "GET /GitHub-Mark.png HTTP/1.1" 200 7428 "http://www.secrepo.com/" "Mozilla/5.0 (X11; Linux x86_64) AppleWebKit/537.36 (KHTML, like Gecko) Chrome/68.0.3440.75 Safari/537.36" 
78.90.215.146 - - [31/Jul/2018:04:48:29 -0700] "GET /bootstrap/img/favicon.ico HTTP/1.1" 200 589 "http://www.secrepo.com/" "Mozilla/5.0 (X11; Linux x86_64) AppleWebKit/537.36 (KHTML, like Gecko) Chrome/68.0.3440.75 Safari/537.36" 
216.244.66.245 - - [31/Jul/2018:04:49:46 -0700] "GET /robots.txt HTTP/1.1" 200 233 "-" "Mozilla/5.0 (compatible; DotBot/1.1; http://www.opensiteexplorer.org/dotbot, help@moz.com)" 
112.238.71.10 - - [31/Jul/2018:04:50:06 -0700] "GET /favicon.ico HTTP/1.1" 200 268 "-" "Mozilla/5.0 (Windows NT 10.0; WOW64) AppleWebKit/537.36 (KHTML, like Gecko) Chrome/63.0.3239.132 Safari/537.36" 
157.55.39.237 - - [31/Jul/2018:04:50:41 -0700] "GET /self.logs/access.log.2017-09-19.gz HTTP/1.1" 200 26349 "-" "Mozilla/5.0 (compatible; bingbot/2.0; +http://www.bing.com/bingbot.htm)" 
220.121.47.197 - - [31/Jul/2018:04:51:27 -0700] "GET / HTTP/1.1" 200 11357 "http://vizsec.org/data/" "Mozilla/5.0 (Windows NT 10.0; Win64; x64) AppleWebKit/537.36 (KHTML, like Gecko) Chrome/67.0.3396.99 Safari/537.36" 
220.121.47.197 - - [31/Jul/2018:04:51:27 -0700] "GET /twitter-icon.png HTTP/1.1" 200 27787 "http://www.secrepo.com/" "Mozilla/5.0 (Windows NT 10.0; Win64; x64) AppleWebKit/537.36 (KHTML, like Gecko) Chrome/67.0.3396.99 Safari/537.36" 
220.121.47.197 - - [31/Jul/2018:04:51:27 -0700] "GET /GitHub-Mark.png HTTP/1.1" 200 7428 "http://www.secrepo.com/" "Mozilla/5.0 (Windows NT 10.0; Win64; x64) AppleWebKit/537.36 (KHTML, like Gecko) Chrome/67.0.3396.99 Safari/537.36" 
220.121.47.197 - - [31/Jul/2018:04:51:28 -0700] "GET /bootstrap/img/favicon.ico HTTP/1.1" 200 589 "http://www.secrepo.com/" "Mozilla/5.0 (Windows NT 10.0; Win64; x64) AppleWebKit/537.36 (KHTML, like Gecko) Chrome/67.0.3396.99 Safari/537.36" 
113.171.224.176 - - [31/Jul/2018:04:52:38 -0700] "GET /honeypot/Honeypot%20-%20Howto.pdf HTTP/1.1" 200 46720 "-" "Mozilla/5.0 Gecko/20100115 Firefox/3.6" 
54.36.148.126 - - [31/Jul/2018:04:54:12 -0700] "GET /self.logs/access.log.2017-04-11.gz HTTP/1.1" 200 32342 "-" "Mozilla/5.0 (compatible; AhrefsBot/5.2; +http://ahrefs.com/robot/)" 
54.36.148.78 - - [31/Jul/2018:04:54:23 -0700] "GET /self.logs/error.log.2015-06-16.gz HTTP/1.1" 404 284 "-" "Mozilla/5.0 (compatible; AhrefsBot/5.2; +http://ahrefs.com/robot/)" 
112.200.95.158 - - [31/Jul/2018:04:54:25 -0700] "GET / HTTP/1.1" 200 11301 "-" "Mozilla/5.0 (Windows NT 6.1; Win64; x64) AppleWebKit/537.36 (KHTML, like Gecko) Chrome/66.0.3359.181 Safari/537.36" 
112.200.95.158 - - [31/Jul/2018:04:54:29 -0700] "GET /maccdc2012/dhcp.log.gz HTTP/1.1" 200 45019 "http://www.secrepo.com/" "Mozilla/5.0 (Windows NT 6.1; Win64; x64) AppleWebKit/537.36 (KHTML, like Gecko) Chrome/66.0.3359.181 Safari/537.36" 
112.200.95.158 - - [31/Jul/2018:04:55:51 -0700] "GET /maccdc2012/dhcp.log.gz HTTP/1.1" 200 45019 "http://www.secrepo.com/" "Mozilla/5.0 (Windows NT 6.1; Win64; x64; rv:56.0) Gecko/20100101 Firefox/56.0" 
216.244.66.245 - - [31/Jul/2018:04:56:52 -0700] "GET /self.logs/access.log.2018-01-22.gz HTTP/1.1" 200 28303 "-" "Mozilla/5.0 (compatible; DotBot/1.1; http://www.opensiteexplorer.org/dotbot, help@moz.com)" 
112.200.95.158 - - [31/Jul/2018:05:00:13 -0700] "GET /maccdc2012/dhcp.log.gz HTTP/1.1" 200 45019 "http://www.secrepo.com/" "Mozilla/5.0 (Windows NT 6.1; Win64; x64; rv:56.0) Gecko/20100101 Firefox/56.0" 
112.200.95.158 - - [31/Jul/2018:05:01:33 -0700] "GET /maccdc2012/dhcp.log.gz HTTP/1.1" 200 45019 "-" "Mozilla/5.0 (Windows NT 6.1; Win64; x64) AppleWebKit/537.36 (KHTML, like Gecko) Chrome/68.0.3440.75 Safari/537.36" 
112.200.95.158 - - [31/Jul/2018:04:33:13 -0700] "GET /maccdc2012/conn.log.gz HTTP/1.1" 200 86232263 "http://www.secrepo.com/" "Mozilla/5.0 (Windows NT 6.1; Win64; x64) AppleWebKit/537.36 (KHTML, like Gecko) Chrome/66.0.3359.181 Safari/537.36" 
54.36.149.22 - - [31/Jul/2018:05:03:27 -0700] "GET /self.logs/2016/error.log.2016-05-11.gz HTTP/1.1" 200 839 "-" "Mozilla/5.0 (compatible; AhrefsBot/5.2; +http://ahrefs.com/robot/)" 
54.36.148.109 - - [31/Jul/2018:05:04:05 -0700] "GET /self.logs/error.log.2015-10-31.gz HTTP/1.1" 404 284 "-" "Mozilla/5.0 (compatible; AhrefsBot/5.2; +http://ahrefs.com/robot/)" 
112.200.95.158 - - [31/Jul/2018:05:07:08 -0700] "GET / HTTP/1.1" 200 11301 "-" "Mozilla/5.0 (Windows NT 6.1; Win64; x64) AppleWebKit/537.36 (KHTML, like Gecko) Chrome/66.0.3359.181 Safari/537.36" 
41.223.160.173 - - [31/Jul/2018:05:07:15 -0700] "GET /maccdc2012/dns.log.gz HTTP/1.1" 304 154 "-" "Mozilla/5.0 Gecko/20100115 Firefox/3.6" 
154.125.36.30 - - [31/Jul/2018:05:09:02 -0700] "GET / HTTP/1.1" 200 11357 "https://www.google.sn/" "Mozilla/5.0 (Windows NT 6.1; Win64; x64) AppleWebKit/537.36 (KHTML, like Gecko) Chrome/67.0.3396.99 Safari/537.36" 
154.125.36.30 - - [31/Jul/2018:05:09:07 -0700] "GET /twitter-icon.png HTTP/1.1" 200 27788 "http://www.secrepo.com/" "Mozilla/5.0 (Windows NT 6.1; Win64; x64) AppleWebKit/537.36 (KHTML, like Gecko) Chrome/67.0.3396.99 Safari/537.36" 
154.125.36.30 - - [31/Jul/2018:05:09:07 -0700] "GET /GitHub-Mark.png HTTP/1.1" 200 7428 "http://www.secrepo.com/" "Mozilla/5.0 (Windows NT 6.1; Win64; x64) AppleWebKit/537.36 (KHTML, like Gecko) Chrome/67.0.3396.99 Safari/537.36" 
154.125.36.30 - - [31/Jul/2018:05:09:09 -0700] "GET /bootstrap/img/favicon.ico HTTP/1.1" 200 589 "http://www.secrepo.com/" "Mozilla/5.0 (Windows NT 6.1; Win64; x64) AppleWebKit/537.36 (KHTML, like Gecko) Chrome/67.0.3396.99 Safari/537.36" 
103.60.213.55 - - [31/Jul/2018:05:10:10 -0700] "GET /self.logs/ HTTP/1.1" 200 110577 "-" "Python-urllib/3.6" 
112.200.95.158 - - [31/Jul/2018:05:11:39 -0700] "GET / HTTP/1.1" 304 189 "-" "Mozilla/5.0 (Windows NT 6.1; Win64; x64) AppleWebKit/537.36 (KHTML, like Gecko) Chrome/68.0.3440.75 Safari/537.36" 
112.200.95.158 - - [31/Jul/2018:05:11:41 -0700] "GET /bootstrap/img/favicon.ico HTTP/1.1" 200 589 "http://www.secrepo.com/" "Mozilla/5.0 (Windows NT 6.1; Win64; x64) AppleWebKit/537.36 (KHTML, like Gecko) Chrome/68.0.3440.75 Safari/537.36" 
112.200.95.158 - - [31/Jul/2018:05:12:37 -0700] "GET / HTTP/1.1" 200 11301 "-" "Mozilla/5.0 (Windows NT 6.1; Win64; x64) AppleWebKit/537.36 (KHTML, like Gecko) Chrome/66.0.3359.181 Safari/537.36" 
86.164.240.96 - - [31/Jul/2018:05:13:06 -0700] "GET /wp-login.php HTTP/1.1" 418 732 "-" "Mozilla/5.0 (Windows NT 6.1; WOW64; rv:40.0) Gecko/20100101 Firefox/40.1" 
86.164.240.96 - - [31/Jul/2018:05:13:06 -0700] "GET / HTTP/1.1" 418 732 "-" "Mozilla/5.0 (Windows NT 6.1; WOW64; rv:40.0) Gecko/20100101 Firefox/40.1" 
103.60.213.55 - - [31/Jul/2018:05:13:15 -0700] "GET /self.logs/ HTTP/1.1" 200 11292 "-" "python-requests/2.19.1" 
103.60.213.55 - - [31/Jul/2018:05:14:00 -0700] "GET /self.logs/ HTTP/1.1" 200 11292 "-" "python-requests/2.19.1" 
103.60.213.55 - - [31/Jul/2018:05:17:52 -0700] "GET /self.logs/ HTTP/1.1" 200 11292 "-" "python-requests/2.19.1" 
103.60.213.55 - - [31/Jul/2018:05:18:46 -0700] "GET /self.logs/ HTTP/1.1" 200 11292 "-" "python-requests/2.19.1" 
103.60.213.55 - - [31/Jul/2018:05:24:47 -0700] "GET /self.logs/access.log.2017-01-01.gz HTTP/1.1" 200 17655 "http://www.secrepo.com/self.logs/" "Mozilla/5.0 (Windows NT 10.0; Win64; x64) AppleWebKit/537.36 (KHTML, like Gecko) Chrome/67.0.3396.99 Safari/537.36" 
112.200.95.158 - - [31/Jul/2018:05:12:42 -0700] "GET /maccdc2012/files.log.gz HTTP/1.1" 200 51408672 "http://www.secrepo.com/" "Mozilla/5.0 (Windows NT 6.1; Win64; x64) AppleWebKit/537.36 (KHTML, like Gecko) Chrome/66.0.3359.181 Safari/537.36" 
69.138.222.199 - - [31/Jul/2018:05:26:48 -0700] "GET / HTTP/1.1" 200 11357 "android-app://com.google.android.googlequicksearchbox" "Mozilla/5.0 (Linux; Android 8.0.0; SM-G955U Build/R16NW) AppleWebKit/537.36 (KHTML, like Gecko) Chrome/67.0.3396.87 Mobile Safari/537.36" 
69.138.222.199 - - [31/Jul/2018:05:26:48 -0700] "GET /GitHub-Mark.png HTTP/1.1" 200 7428 "http://www.secrepo.com/" "Mozilla/5.0 (Linux; Android 8.0.0; SM-G955U Build/R16NW) AppleWebKit/537.36 (KHTML, like Gecko) Chrome/67.0.3396.87 Mobile Safari/537.36" 
69.138.222.199 - - [31/Jul/2018:05:26:48 -0700] "GET /twitter-icon.png HTTP/1.1" 200 27787 "http://www.secrepo.com/" "Mozilla/5.0 (Linux; Android 8.0.0; SM-G955U Build/R16NW) AppleWebKit/537.36 (KHTML, like Gecko) Chrome/67.0.3396.87 Mobile Safari/537.36" 
69.138.222.199 - - [31/Jul/2018:05:26:49 -0700] "GET /bootstrap/img/favicon.ico HTTP/1.1" 200 589 "http://www.secrepo.com/" "Mozilla/5.0 (Linux; Android 8.0.0; SM-G955U Build/R16NW) AppleWebKit/537.36 (KHTML, like Gecko) Chrome/67.0.3396.87 Mobile Safari/537.36" 
112.200.95.158 - - [31/Jul/2018:05:13:52 -0700] "GET /maccdc2012/files.log.gz HTTP/1.1" 200 51408672 "-" "Mozilla/5.0 (Windows NT 6.1; Win64; x64) AppleWebKit/537.36 (KHTML, like Gecko) Chrome/68.0.3440.75 Safari/537.36" 
103.60.213.55 - - [31/Jul/2018:05:27:14 -0700] "GET /self.logs/access.log.2017-02-26.gz HTTP/1.1" 200 39637 "-" "Mozilla/5.0 (Windows NT 10.0; Win64; x64) AppleWebKit/537.36 (KHTML, like Gecko) Chrome/67.0.3396.99 Safari/537.36" 
103.60.213.55 - - [31/Jul/2018:05:29:23 -0700] "GET /self.logs/access.log.2017-01-01.gz HTTP/1.1" 200 17655 "-" "Mozilla/5.0 (Windows NT 10.0; Win64; x64) AppleWebKit/537.36 (KHTML, like Gecko) Chrome/67.0.3396.99 Safari/537.36" 
82.167.248.127 - - [31/Jul/2018:05:30:35 -0700] "GET /wp-login.php HTTP/1.1" 418 732 "-" "Mozilla/5.0 (Windows NT 6.1; WOW64; rv:40.0) Gecko/20100101 Firefox/40.1" 
82.167.248.127 - - [31/Jul/2018:05:30:35 -0700] "GET / HTTP/1.1" 418 732 "-" "Mozilla/5.0 (Windows NT 6.1; WOW64; rv:40.0) Gecko/20100101 Firefox/40.1" 
103.60.213.55 - - [31/Jul/2018:05:30:50 -0700] "GET /self.logs/access.log.2017-05-05.gz HTTP/1.1" 200 14649 "-" "Mozilla/5.0 (Windows NT 10.0; Win64; x64) AppleWebKit/537.36 (KHTML, like Gecko) Chrome/67.0.3396.99 Safari/537.36" 
52.72.111.29 - - [31/Jul/2018:05:33:13 -0700] "GET /self.logs/ HTTP/1.1" 206 11341 "-" "Slackbot-LinkExpanding 1.0 (+https://api.slack.com/robots)" 
54.152.0.39 - - [31/Jul/2018:05:33:13 -0700] "GET /favicon.ico HTTP/1.1" 200 268 "-" "Slackbot 1.0 (+https://api.slack.com/robots)" 
103.60.213.55 - - [31/Jul/2018:05:34:05 -0700] "GET /self.logs/ HTTP/1.1" 200 11292 "-" "PostmanRuntime/7.1.5" 
200.2.175.7 - - [31/Jul/2018:05:34:09 -0700] "GET /wp-login.php HTTP/1.1" 418 732 "-" "Mozilla/5.0 (Windows NT 6.1; WOW64; rv:40.0) Gecko/20100101 Firefox/40.1" 
112.200.95.158 - - [31/Jul/2018:05:37:27 -0700] "GET / HTTP/1.1" 200 11301 "-" "Mozilla/5.0 (Windows NT 6.1; Win64; x64) AppleWebKit/537.36 (KHTML, like Gecko) Chrome/66.0.3359.181 Safari/537.36" 
54.36.148.177 - - [31/Jul/2018:05:37:28 -0700] "GET /self.logs/error.log.2017-09-09.gz HTTP/1.1" 200 911 "-" "Mozilla/5.0 (compatible; AhrefsBot/5.2; +http://ahrefs.com/robot/)" 
175.138.201.10 - - [31/Jul/2018:05:38:12 -0700] "GET /wp-login.php HTTP/1.1" 418 732 "-" "Mozilla/5.0 (Windows NT 6.1; WOW64; rv:40.0) Gecko/20100101 Firefox/40.1" 
175.138.201.10 - - [31/Jul/2018:05:38:13 -0700] "GET / HTTP/1.1" 418 732 "-" "Mozilla/5.0 (Windows NT 6.1; WOW64; rv:40.0) Gecko/20100101 Firefox/40.1" 
112.200.95.158 - - [31/Jul/2018:05:38:39 -0700] "GET / HTTP/1.1" 200 11301 "-" "Mozilla/5.0 (Windows NT 6.1; Win64; x64) AppleWebKit/537.36 (KHTML, like Gecko) Chrome/66.0.3359.181 Safari/537.36" 
112.200.95.158 - - [31/Jul/2018:05:38:47 -0700] "GET /maccdc2012/dhcp.log.gz HTTP/1.1" 200 45019 "http://www.secrepo.com/" "Mozilla/5.0 (Windows NT 6.1; Win64; x64) AppleWebKit/537.36 (KHTML, like Gecko) Chrome/66.0.3359.181 Safari/537.36" 
222.90.67.204 - - [31/Jul/2018:05:38:53 -0700] "GET /favicon.ico HTTP/1.1" 200 268 "-" "Mozilla/5.0 (Windows NT 10.0; WOW64) AppleWebKit/537.36 (KHTML, like Gecko) Chrome/49.0.2623.221 Safari/537.36 SE 2.X MetaSr 1.0" 
112.200.95.158 - - [31/Jul/2018:05:41:28 -0700] "GET / HTTP/1.1" 200 11301 "-" "Mozilla/5.0 (Windows NT 6.1; Win64; x64) AppleWebKit/537.36 (KHTML, like Gecko) Chrome/66.0.3359.181 Safari/537.36" 
112.200.95.158 - - [31/Jul/2018:05:42:42 -0700] "GET / HTTP/1.1" 200 11301 "-" "Mozilla/5.0 (Windows NT 6.1; Win64; x64) AppleWebKit/537.36 (KHTML, like Gecko) Chrome/66.0.3359.181 Safari/537.36" 
112.200.95.158 - - [31/Jul/2018:05:41:33 -0700] "GET /maccdc2012/dns.log.gz HTTP/1.1" 200 6629420 "http://www.secrepo.com/" "Mozilla/5.0 (Windows NT 6.1; Win64; x64) AppleWebKit/537.36 (KHTML, like Gecko) Chrome/66.0.3359.181 Safari/537.36" 
31.162.7.147 - - [31/Jul/2018:05:44:32 -0700] "GET / HTTP/1.1" 200 11357 "-" "Mozilla/5.0 (Windows NT 6.1; Win64; x64; rv:54.0) Gecko/20100101 Firefox/54.0" 
54.36.148.35 - - [31/Jul/2018:05:46:44 -0700] "GET /self.logs/access.log.2015-04-15.gz HTTP/1.1" 404 284 "-" "Mozilla/5.0 (compatible; AhrefsBot/5.2; +http://ahrefs.com/robot/)" 
66.249.64.129 - - [31/Jul/2018:05:48:38 -0700] "GET /Mike HTTP/1.1" 404 340 "-" "Mozilla/5.0 (compatible; Googlebot/2.1; +http://www.google.com/bot.html)" 
112.200.95.158 - - [31/Jul/2018:05:42:59 -0700] "GET /maccdc2012/maccdc2012_full_alert.7z HTTP/1.1" 200 24978942 "http://www.secrepo.com/" "Mozilla/5.0 (Windows NT 6.1; Win64; x64) AppleWebKit/537.36 (KHTML, like Gecko) Chrome/66.0.3359.181 Safari/537.36" 
46.46.142.163 - - [31/Jul/2018:05:52:28 -0700] "GET / HTTP/1.1" 200 11357 "https://www.google.ru/" "Mozilla/5.0 (Windows NT 10.0; Win64; x64) AppleWebKit/537.36 (KHTML, like Gecko) Chrome/67.0.3396.99 Safari/537.36" 
46.46.142.163 - - [31/Jul/2018:05:52:28 -0700] "GET /twitter-icon.png HTTP/1.1" 200 27787 "http://www.secrepo.com/" "Mozilla/5.0 (Windows NT 10.0; Win64; x64) AppleWebKit/537.36 (KHTML, like Gecko) Chrome/67.0.3396.99 Safari/537.36" 
46.46.142.163 - - [31/Jul/2018:05:52:28 -0700] "GET /GitHub-Mark.png HTTP/1.1" 200 7428 "http://www.secrepo.com/" "Mozilla/5.0 (Windows NT 10.0; Win64; x64) AppleWebKit/537.36 (KHTML, like Gecko) Chrome/67.0.3396.99 Safari/537.36" 
46.46.142.163 - - [31/Jul/2018:05:52:30 -0700] "GET /bootstrap/img/favicon.ico HTTP/1.1" 200 589 "http://www.secrepo.com/" "Mozilla/5.0 (Windows NT 10.0; Win64; x64) AppleWebKit/537.36 (KHTML, like Gecko) Chrome/67.0.3396.99 Safari/537.36" 
113.171.224.176 - - [31/Jul/2018:05:52:54 -0700] "GET /honeypot/Honeypot%20-%20Howto.pdf HTTP/1.1" 200 46720 "-" "Mozilla/5.0 Gecko/20100115 Firefox/3.6" 
112.200.95.158 - - [31/Jul/2018:05:53:27 -0700] "GET / HTTP/1.1" 200 11301 "-" "Mozilla/5.0 (Windows NT 6.1; Win64; x64) AppleWebKit/537.36 (KHTML, like Gecko) Chrome/66.0.3359.181 Safari/537.36" 
46.46.142.163 - - [31/Jul/2018:05:54:54 -0700] "GET /self.logs/ HTTP/1.1" 200 11292 "http://www.secrepo.com/" "Mozilla/5.0 (Windows NT 10.0; Win64; x64) AppleWebKit/537.36 (KHTML, like Gecko) Chrome/67.0.3396.99 Safari/537.36" 
46.46.142.163 - - [31/Jul/2018:05:54:54 -0700] "GET /favicon.ico HTTP/1.1" 200 267 "http://www.secrepo.com/self.logs/" "Mozilla/5.0 (Windows NT 10.0; Win64; x64) AppleWebKit/537.36 (KHTML, like Gecko) Chrome/67.0.3396.99 Safari/537.36" 
46.46.142.163 - - [31/Jul/2018:05:54:58 -0700] "GET /self.logs/access.log.2017-01-01.gz HTTP/1.1" 200 17655 "http://www.secrepo.com/self.logs/" "Mozilla/5.0 (Windows NT 10.0; Win64; x64) AppleWebKit/537.36 (KHTML, like Gecko) Chrome/67.0.3396.99 Safari/537.36" 
46.46.142.163 - - [31/Jul/2018:05:54:32 -0700] "GET /maccdc2012/maccdc2012_full_alert.7z HTTP/1.1" 200 24978942 "-" "Mozilla/5.0 (Windows NT 10.0; Win64; x64) AppleWebKit/537.36 (KHTML, like Gecko) Chrome/67.0.3396.99 Safari/537.36" 
97.77.77.11 - - [31/Jul/2018:05:56:24 -0700] "GET / HTTP/1.1" 304 189 "https://www.google.com/" "Mozilla/5.0 (Windows NT 10.0; Win64; x64) AppleWebKit/537.36 (KHTML, like Gecko) Chrome/67.0.3396.99 Safari/537.36" 
97.77.77.11 - - [31/Jul/2018:05:57:37 -0700] "GET /tg/a.zip HTTP/1.1" 200 2357028 "-" "Mozilla/5.0 (Windows NT 10.0; Win64; x64) AppleWebKit/537.36 (KHTML, like Gecko) Chrome/67.0.3396.99 Safari/537.36" 
46.46.142.163 - - [31/Jul/2018:05:54:01 -0700] "GET /maccdc2012/http.log.gz HTTP/1.1" 200 54258816 "-" "Mozilla/5.0 (Windows NT 10.0; Win64; x64) AppleWebKit/537.36 (KHTML, like Gecko) Chrome/67.0.3396.99 Safari/537.36" 
46.46.142.163 - - [31/Jul/2018:05:54:04 -0700] "GET /maccdc2012/http.log.gz HTTP/1.1" 200 54258816 "-" "Mozilla/5.0 (Windows NT 10.0; Win64; x64) AppleWebKit/537.36 (KHTML, like Gecko) Chrome/67.0.3396.99 Safari/537.36" 
59.96.54.93 - - [31/Jul/2018:05:58:51 -0700] "GET /wp-login.php HTTP/1.1" 418 732 "-" "Mozilla/5.0 (Windows NT 6.1; WOW64; rv:40.0) Gecko/20100101 Firefox/40.1" 
59.96.54.93 - - [31/Jul/2018:05:58:51 -0700] "GET / HTTP/1.1" 418 732 "-" "Mozilla/5.0 (Windows NT 6.1; WOW64; rv:40.0) Gecko/20100101 Firefox/40.1" 
112.200.95.158 - - [31/Jul/2018:05:53:32 -0700] "GET /maccdc2012/files.log.gz HTTP/1.1" 200 51408672 "http://www.secrepo.com/" "Mozilla/5.0 (Windows NT 6.1; Win64; x64) AppleWebKit/537.36 (KHTML, like Gecko) Chrome/66.0.3359.181 Safari/537.36" 
41.223.160.173 - - [31/Jul/2018:06:06:37 -0700] "GET /tg/tg_snort_fast.7z HTTP/1.1" 304 131 "-" "Mozilla/5.0 Gecko/20100115 Firefox/3.6" 
123.125.143.15 - - [31/Jul/2018:06:15:50 -0700] "GET / HTTP/1.1" 301 483 "http://www.baidu.com/s?wd=6X2X" "Mozilla/5.0 (Windows NT 6.1; WOW64; rv:43.0) Gecko/20100101 Firefox/43.0" 
123.125.143.146 - - [31/Jul/2018:06:15:51 -0700] "GET / HTTP/1.1" 200 11357 "http://www.baidu.com/s?wd=6X2X" "Mozilla/5.0 (Windows NT 6.1; WOW64; rv:43.0) Gecko/20100101 Firefox/43.0" 
31.131.158.53 - - [31/Jul/2018:06:20:32 -0700] "GET /self.logs/ HTTP/1.1" 200 11292 "https://www.google.com/" "Mozilla/5.0 (Windows NT 6.1; Win64; x64) AppleWebKit/537.36 (KHTML, like Gecko) Chrome/67.0.3396.99 Safari/537.36" 
31.131.158.53 - - [31/Jul/2018:06:20:33 -0700] "GET /favicon.ico HTTP/1.1" 200 267 "http://www.secrepo.com/self.logs/" "Mozilla/5.0 (Windows NT 6.1; Win64; x64) AppleWebKit/537.36 (KHTML, like Gecko) Chrome/67.0.3396.99 Safari/537.36" 
