100.16.148.252 - - [07/Oct/2018:16:39:47 -0700] "GET /twitter-icon.png HTTP/1.1" 200 27788 "http://www.secrepo.com/" "Mozilla/5.0 (Windows NT 10.0; Win64; x64; rv:62.0) Gecko/20100101 Firefox/62.0" 
100.16.148.252 - - [07/Oct/2018:16:39:48 -0700] "GET /bootstrap/img/favicon.ico HTTP/1.1" 200 589 "-" "Mozilla/5.0 (Windows NT 10.0; Win64; x64; rv:62.0) Gecko/20100101 Firefox/62.0" 
110.87.211.128 - - [07/Oct/2018:16:40:02 -0700] "HEAD //data/admin/ver.txt HTTP/1.1" 404 276 "-" "-" 
142.93.99.152 - - [07/Oct/2018:16:40:58 -0700] "GET / HTTP/1.1" 301 446 "-" "node-fetch/1.0 (+https://github.com/bitinn/node-fetch)" 
142.93.99.152 - - [07/Oct/2018:16:40:58 -0700] "GET / HTTP/1.1" 200 12346 "-" "node-fetch/1.0 (+https://github.com/bitinn/node-fetch)" 
142.93.99.152 - - [07/Oct/2018:16:40:58 -0700] "GET /twitter-icon.png HTTP/1.1" 200 27751 "-" "node-fetch/1.0 (+https://github.com/bitinn/node-fetch)" 
142.93.99.152 - - [07/Oct/2018:16:40:58 -0700] "GET /GitHub-Mark.png HTTP/1.1" 200 7391 "-" "node-fetch/1.0 (+https://github.com/bitinn/node-fetch)" 
207.46.13.166 - - [07/Oct/2018:16:41:02 -0700] "GET /self.logs/error.log.2017-09-23.gz HTTP/1.1" 304 188 "-" "Mozilla/5.0 (compatible; bingbot/2.0; +http://www.bing.com/bingbot.htm)" 
216.244.66.245 - - [07/Oct/2018:16:41:13 -0700] "GET /self.logs/access.log.2015-06-28.gz HTTP/1.1" 404 239 "-" "Mozilla/5.0 (compatible; DotBot/1.1; http://www.opensiteexplorer.org/dotbot, help@moz.com)" 
216.244.66.245 - - [07/Oct/2018:16:41:14 -0700] "GET /self.logs/access.log.2016-01-25.gz HTTP/1.1" 404 239 "-" "Mozilla/5.0 (compatible; DotBot/1.1; http://www.opensiteexplorer.org/dotbot, help@moz.com)" 
216.244.66.245 - - [07/Oct/2018:16:41:15 -0700] "GET /self.logs/access.log.2016-03-21.gz HTTP/1.1" 404 239 "-" "Mozilla/5.0 (compatible; DotBot/1.1; http://www.opensiteexplorer.org/dotbot, help@moz.com)" 
216.244.66.245 - - [07/Oct/2018:16:41:16 -0700] "GET /self.logs/access.log.2016-07-18.gz HTTP/1.1" 404 239 "-" "Mozilla/5.0 (compatible; DotBot/1.1; http://www.opensiteexplorer.org/dotbot, help@moz.com)" 
216.244.66.245 - - [07/Oct/2018:16:41:16 -0700] "GET /self.logs/error.log.2015-05-08.gz HTTP/1.1" 404 239 "-" "Mozilla/5.0 (compatible; DotBot/1.1; http://www.opensiteexplorer.org/dotbot, help@moz.com)" 
216.244.66.245 - - [07/Oct/2018:16:41:17 -0700] "GET /self.logs/error.log.2015-05-21.gz HTTP/1.1" 404 239 "-" "Mozilla/5.0 (compatible; DotBot/1.1; http://www.opensiteexplorer.org/dotbot, help@moz.com)" 
216.244.66.245 - - [07/Oct/2018:16:41:18 -0700] "GET /self.logs/error.log.2015-10-04.gz HTTP/1.1" 404 239 "-" "Mozilla/5.0 (compatible; DotBot/1.1; http://www.opensiteexplorer.org/dotbot, help@moz.com)" 
216.244.66.245 - - [07/Oct/2018:16:41:19 -0700] "GET /self.logs/error.log.2016-02-28.gz HTTP/1.1" 404 239 "-" "Mozilla/5.0 (compatible; DotBot/1.1; http://www.opensiteexplorer.org/dotbot, help@moz.com)" 
216.244.66.245 - - [07/Oct/2018:16:41:20 -0700] "GET /self.logs/error.log.2016-03-28.gz HTTP/1.1" 404 239 "-" "Mozilla/5.0 (compatible; DotBot/1.1; http://www.opensiteexplorer.org/dotbot, help@moz.com)" 
216.244.66.245 - - [07/Oct/2018:16:41:21 -0700] "GET /self.logs/error.log.2016-04-02.gz HTTP/1.1" 404 239 "-" "Mozilla/5.0 (compatible; DotBot/1.1; http://www.opensiteexplorer.org/dotbot, help@moz.com)" 
216.244.66.245 - - [07/Oct/2018:16:41:22 -0700] "GET /self.logs/error.log.2016-05-07.gz HTTP/1.1" 404 239 "-" "Mozilla/5.0 (compatible; DotBot/1.1; http://www.opensiteexplorer.org/dotbot, help@moz.com)" 
216.244.66.245 - - [07/Oct/2018:16:41:23 -0700] "GET /self.logs/error.log.2016-06-18.gz HTTP/1.1" 404 239 "-" "Mozilla/5.0 (compatible; DotBot/1.1; http://www.opensiteexplorer.org/dotbot, help@moz.com)" 
216.244.66.245 - - [07/Oct/2018:16:41:24 -0700] "GET /self.logs/error.log.2016-06-20.gz HTTP/1.1" 404 239 "-" "Mozilla/5.0 (compatible; DotBot/1.1; http://www.opensiteexplorer.org/dotbot, help@moz.com)" 
216.244.66.245 - - [07/Oct/2018:16:41:25 -0700] "GET /self.logs/error.log.2016-07-27.gz HTTP/1.1" 404 239 "-" "Mozilla/5.0 (compatible; DotBot/1.1; http://www.opensiteexplorer.org/dotbot, help@moz.com)" 
216.244.66.245 - - [07/Oct/2018:16:41:26 -0700] "GET /self.logs/error.log.2016-09-26.gz HTTP/1.1" 404 239 "-" "Mozilla/5.0 (compatible; DotBot/1.1; http://www.opensiteexplorer.org/dotbot, help@moz.com)" 
216.244.66.245 - - [07/Oct/2018:16:41:26 -0700] "GET /self.logs/error.log.2016-10-25.gz HTTP/1.1" 404 239 "-" "Mozilla/5.0 (compatible; DotBot/1.1; http://www.opensiteexplorer.org/dotbot, help@moz.com)" 
216.244.66.245 - - [07/Oct/2018:16:41:27 -0700] "GET /self.logs/error.log.2016-11-06.gz HTTP/1.1" 404 239 "-" "Mozilla/5.0 (compatible; DotBot/1.1; http://www.opensiteexplorer.org/dotbot, help@moz.com)" 
216.244.66.245 - - [07/Oct/2018:16:42:18 -0700] "GET /Datasets%20Description/Network/?C=D;O=D HTTP/1.1" 200 1523 "-" "Mozilla/5.0 (compatible; DotBot/1.1; http://www.opensiteexplorer.org/dotbot, help@moz.com)" 
207.46.13.53 - - [07/Oct/2018:16:42:44 -0700] "GET /self.logs/error.log.2016-03-02.gz HTTP/1.1" 404 340 "-" "Mozilla/5.0 (compatible; bingbot/2.0; +http://www.bing.com/bingbot.htm)" 
18.216.137.18 - - [07/Oct/2018:16:44:14 -0700] "GET / HTTP/1.1" 200 12383 "-" "Mozilla/5.0 (Macintosh; Intel Mac OS X x.y; rv:42.0) AppleWebKit/537.36 (KHTML, like Gecko) Safari/602.1" 
73.155.4.203 - - [07/Oct/2018:16:49:09 -0700] "GET / HTTP/1.1" 200 12383 "-" "Mozilla/5.0 (X11; Ubuntu; Linux x86_64; rv:62.0) Gecko/20100101 Firefox/62.0" 
73.155.4.203 - - [07/Oct/2018:16:49:09 -0700] "GET /twitter-icon.png HTTP/1.1" 200 27787 "http://www.secrepo.com/" "Mozilla/5.0 (X11; Ubuntu; Linux x86_64; rv:62.0) Gecko/20100101 Firefox/62.0" 
73.155.4.203 - - [07/Oct/2018:16:49:10 -0700] "GET /GitHub-Mark.png HTTP/1.1" 200 7428 "http://www.secrepo.com/" "Mozilla/5.0 (X11; Ubuntu; Linux x86_64; rv:62.0) Gecko/20100101 Firefox/62.0" 
73.155.4.203 - - [07/Oct/2018:16:49:11 -0700] "GET /bootstrap/img/favicon.ico HTTP/1.1" 200 589 "-" "Mozilla/5.0 (X11; Ubuntu; Linux x86_64; rv:62.0) Gecko/20100101 Firefox/62.0" 
216.244.66.245 - - [07/Oct/2018:16:55:29 -0700] "GET /robots.txt HTTP/1.1" 200 233 "-" "Mozilla/5.0 (compatible; DotBot/1.1; http://www.opensiteexplorer.org/dotbot, help@moz.com)" 
66.249.66.82 - - [07/Oct/2018:17:01:09 -0700] "GET /tg_snort_fast.7z HTTP/1.1" 404 340 "-" "Mozilla/5.0 (Linux; Android 6.0.1; Nexus 5X Build/MMB29P) AppleWebKit/537.36 (KHTML, like Gecko) Chrome/41.0.2272.96 Mobile Safari/537.36 (compatible; Googlebot/2.1; +http://www.google.com/bot.html)" 
82.55.250.17 - - [07/Oct/2018:17:01:40 -0700] "GET /wp-login.php HTTP/1.1" 418 732 "-" "Mozilla/5.0 (Windows NT 6.1; WOW64; rv:40.0) Gecko/20100101 Firefox/40.1" 
82.55.250.17 - - [07/Oct/2018:17:01:40 -0700] "GET / HTTP/1.1" 418 732 "-" "Mozilla/5.0 (Windows NT 6.1; WOW64; rv:40.0) Gecko/20100101 Firefox/40.1" 
207.46.13.166 - - [07/Oct/2018:17:04:06 -0700] "GET /self.logs/error.log.2018-09-04.gz HTTP/1.1" 304 189 "-" "Mozilla/5.0 (compatible; bingbot/2.0; +http://www.bing.com/bingbot.htm)" 
54.36.149.26 - - [07/Oct/2018:17:07:52 -0700] "GET /self.logs/?C=S;O=D HTTP/1.1" 200 14098 "-" "Mozilla/5.0 (compatible; AhrefsBot/5.2; +http://ahrefs.com/robot/)" 
110.87.211.128 - - [07/Oct/2018:17:10:29 -0700] "HEAD //data/admin/ver.txt HTTP/1.1" 404 276 "-" "-" 
216.244.66.245 - - [07/Oct/2018:17:10:35 -0700] "GET /self.logs/access.log.2017-04-17.gz HTTP/1.1" 200 20055 "-" "Mozilla/5.0 (compatible; DotBot/1.1; http://www.opensiteexplorer.org/dotbot, help@moz.com)" 
216.244.66.245 - - [07/Oct/2018:17:10:37 -0700] "GET /self.logs/access.log.2017-12-10.gz HTTP/1.1" 200 21534 "-" "Mozilla/5.0 (compatible; DotBot/1.1; http://www.opensiteexplorer.org/dotbot, help@moz.com)" 
216.244.66.245 - - [07/Oct/2018:17:10:40 -0700] "GET /self.logs/error.log.2017-05-02.gz HTTP/1.1" 200 828 "-" "Mozilla/5.0 (compatible; DotBot/1.1; http://www.opensiteexplorer.org/dotbot, help@moz.com)" 
40.77.167.94 - - [07/Oct/2018:17:11:18 -0700] "GET /self.logs/access.log.2017-05-06.gz HTTP/1.1" 200 21607 "-" "Mozilla/5.0 (compatible; bingbot/2.0; +http://www.bing.com/bingbot.htm)" 
41.223.160.173 - - [07/Oct/2018:17:12:49 -0700] "GET /tg/tg_snort_fast.7z HTTP/1.1" 304 131 "-" "Mozilla/5.0 Gecko/20100115 Firefox/3.6" 
18.222.108.192 - - [07/Oct/2018:17:14:34 -0700] "GET / HTTP/1.1" 200 12383 "-" "Mozilla/5.0 (X11; Linux x86_64) Gecko/20100101 Chrome/51.0.2704.106 Safari/537.36 OPR/38.0.2220.41" 
41.223.160.173 - - [07/Oct/2018:17:18:56 -0700] "GET /maccdc2012/dns.log.gz HTTP/1.1" 304 154 "-" "Mozilla/5.0 Gecko/20100115 Firefox/3.6" 
216.244.66.245 - - [07/Oct/2018:17:21:29 -0700] "GET /self.logs/?C=D;O=A HTTP/1.1" 200 123614 "-" "Mozilla/5.0 (compatible; DotBot/1.1; http://www.opensiteexplorer.org/dotbot, help@moz.com)" 
216.244.66.245 - - [07/Oct/2018:17:24:21 -0700] "GET /self.logs/access.log.2015-02-25.gz HTTP/1.1" 404 239 "-" "Mozilla/5.0 (compatible; DotBot/1.1; http://www.opensiteexplorer.org/dotbot, help@moz.com)" 
216.244.66.245 - - [07/Oct/2018:17:24:22 -0700] "GET /self.logs/access.log.2015-03-12.gz HTTP/1.1" 404 239 "-" "Mozilla/5.0 (compatible; DotBot/1.1; http://www.opensiteexplorer.org/dotbot, help@moz.com)" 
216.244.66.245 - - [07/Oct/2018:17:24:23 -0700] "GET /self.logs/access.log.2015-10-22.gz HTTP/1.1" 404 239 "-" "Mozilla/5.0 (compatible; DotBot/1.1; http://www.opensiteexplorer.org/dotbot, help@moz.com)" 
216.244.66.245 - - [07/Oct/2018:17:24:24 -0700] "GET /self.logs/access.log.2015-11-03.gz HTTP/1.1" 404 239 "-" "Mozilla/5.0 (compatible; DotBot/1.1; http://www.opensiteexplorer.org/dotbot, help@moz.com)" 
216.244.66.245 - - [07/Oct/2018:17:24:25 -0700] "GET /self.logs/access.log.2016-06-28.gz HTTP/1.1" 404 239 "-" "Mozilla/5.0 (compatible; DotBot/1.1; http://www.opensiteexplorer.org/dotbot, help@moz.com)" 
216.244.66.245 - - [07/Oct/2018:17:24:26 -0700] "GET /self.logs/access.log.2016-09-09.gz HTTP/1.1" 404 239 "-" "Mozilla/5.0 (compatible; DotBot/1.1; http://www.opensiteexplorer.org/dotbot, help@moz.com)" 
216.244.66.245 - - [07/Oct/2018:17:24:27 -0700] "GET /self.logs/access.log.2016-12-19.gz HTTP/1.1" 404 239 "-" "Mozilla/5.0 (compatible; DotBot/1.1; http://www.opensiteexplorer.org/dotbot, help@moz.com)" 
216.244.66.245 - - [07/Oct/2018:17:24:28 -0700] "GET /self.logs/error.log.2015-09-08.gz HTTP/1.1" 404 239 "-" "Mozilla/5.0 (compatible; DotBot/1.1; http://www.opensiteexplorer.org/dotbot, help@moz.com)" 
216.244.66.245 - - [07/Oct/2018:17:24:29 -0700] "GET /self.logs/error.log.2015-12-27.gz HTTP/1.1" 404 239 "-" "Mozilla/5.0 (compatible; DotBot/1.1; http://www.opensiteexplorer.org/dotbot, help@moz.com)" 
216.244.66.245 - - [07/Oct/2018:17:24:30 -0700] "GET /self.logs/error.log.2016-05-29.gz HTTP/1.1" 404 239 "-" "Mozilla/5.0 (compatible; DotBot/1.1; http://www.opensiteexplorer.org/dotbot, help@moz.com)" 
216.244.66.245 - - [07/Oct/2018:17:24:31 -0700] "GET /self.logs/error.log.2016-10-30.gz HTTP/1.1" 404 239 "-" "Mozilla/5.0 (compatible; DotBot/1.1; http://www.opensiteexplorer.org/dotbot, help@moz.com)" 
216.244.66.245 - - [07/Oct/2018:17:24:32 -0700] "GET /self.logs/error.log.2016-10-31.gz HTTP/1.1" 404 239 "-" "Mozilla/5.0 (compatible; DotBot/1.1; http://www.opensiteexplorer.org/dotbot, help@moz.com)" 
13.58.201.75 - - [07/Oct/2018:17:24:53 -0700] "GET / HTTP/1.1" 200 12383 "-" "Mozilla/5.0 (Macintosh; Intel Mac OS X x.y; rv:42.0) AppleWebKit/537.36 (KHTML, like Gecko) Chrome/67.0.3396.79 Safari/537.36" 
54.36.149.107 - - [07/Oct/2018:17:26:50 -0700] "GET /self.logs/access.log.2018-05-31.gz HTTP/1.1" 200 23610 "-" "Mozilla/5.0 (compatible; AhrefsBot/5.2; +http://ahrefs.com/robot/)" 
207.46.13.53 - - [07/Oct/2018:17:38:16 -0700] "GET /self.logs/error.log.2015-10-23.gz HTTP/1.1" 404 340 "-" "Mozilla/5.0 (compatible; bingbot/2.0; +http://www.bing.com/bingbot.htm)" 
207.46.13.53 - - [07/Oct/2018:17:38:17 -0700] "GET /self.logs/error.log.2017-06-02.gz HTTP/1.1" 200 861 "-" "Mozilla/5.0 (compatible; bingbot/2.0; +http://www.bing.com/bingbot.htm)" 
216.244.66.245 - - [07/Oct/2018:17:38:22 -0700] "GET /robots.txt HTTP/1.1" 200 233 "-" "Mozilla/5.0 (compatible; DotBot/1.1; http://www.opensiteexplorer.org/dotbot, help@moz.com)" 
106.34.44.142 - - [07/Oct/2018:17:39:11 -0700] "GET /favicon.ico HTTP/1.1" 200 268 "-" "Mozilla/5.0 (Windows NT 6.1; WOW64) AppleWebKit/537.36 (KHTML, like Gecko) Chrome/58.0.3029.110 Safari/537.36 SE 2.X MetaSr 1.0" 
113.171.224.176 - - [07/Oct/2018:17:40:21 -0700] "GET /honeypot/Honeypot%20-%20Howto.pdf HTTP/1.1" 200 46720 "-" "Mozilla/5.0 Gecko/20100115 Firefox/3.6" 
54.36.148.127 - - [07/Oct/2018:17:41:53 -0700] "GET /self.logs/error.log.2017-09-06.gz HTTP/1.1" 200 3432 "-" "Mozilla/5.0 (compatible; AhrefsBot/5.2; +http://ahrefs.com/robot/)" 
18.223.172.176 - - [07/Oct/2018:17:44:08 -0700] "GET / HTTP/1.1" 200 12383 "-" "Mozilla/5.0 (Macintosh; Intel Mac OS X x.y; rv:42.0) AppleWebKit/537.36 (KHTML, like Gecko) Safari/602.1" 
218.199.207.88 - - [07/Oct/2018:17:46:58 -0700] "GET / HTTP/1.1" 200 12383 "-" "Mozilla/5.0 (Windows NT 10.0; WOW64) AppleWebKit/537.36 (KHTML, like Gecko) Chrome/69.0.3497.100 Safari/537.36" 
218.199.207.88 - - [07/Oct/2018:17:47:27 -0700] "GET /twitter-icon.png HTTP/1.1" 200 27788 "http://www.secrepo.com/" "Mozilla/5.0 (Windows NT 10.0; WOW64) AppleWebKit/537.36 (KHTML, like Gecko) Chrome/69.0.3497.100 Safari/537.36" 
218.199.207.88 - - [07/Oct/2018:17:47:28 -0700] "GET /GitHub-Mark.png HTTP/1.1" 200 7428 "http://www.secrepo.com/" "Mozilla/5.0 (Windows NT 10.0; WOW64) AppleWebKit/537.36 (KHTML, like Gecko) Chrome/69.0.3497.100 Safari/537.36" 
54.36.148.92 - - [07/Oct/2018:17:53:44 -0700] "GET /self.logs/2015/error.log.2015-02-13.gz HTTP/1.1" 200 5400 "-" "Mozilla/5.0 (compatible; AhrefsBot/5.2; +http://ahrefs.com/robot/)" 
216.244.66.245 - - [07/Oct/2018:17:53:44 -0700] "GET /self.logs/access.log.2017-02-01.gz HTTP/1.1" 200 26974 "-" "Mozilla/5.0 (compatible; DotBot/1.1; http://www.opensiteexplorer.org/dotbot, help@moz.com)" 
216.244.66.245 - - [07/Oct/2018:17:53:46 -0700] "GET /self.logs/access.log.2017-09-04.gz HTTP/1.1" 200 20829 "-" "Mozilla/5.0 (compatible; DotBot/1.1; http://www.opensiteexplorer.org/dotbot, help@moz.com)" 
216.244.66.245 - - [07/Oct/2018:17:53:48 -0700] "GET /self.logs/access.log.2017-12-11.gz HTTP/1.1" 200 31282 "-" "Mozilla/5.0 (compatible; DotBot/1.1; http://www.opensiteexplorer.org/dotbot, help@moz.com)" 
216.244.66.245 - - [07/Oct/2018:17:53:50 -0700] "GET /self.logs/error.log.2017-06-13.gz HTTP/1.1" 200 868 "-" "Mozilla/5.0 (compatible; DotBot/1.1; http://www.opensiteexplorer.org/dotbot, help@moz.com)" 
216.244.66.245 - - [07/Oct/2018:17:53:51 -0700] "GET /self.logs/error.log.2017-09-11.gz HTTP/1.1" 200 1134 "-" "Mozilla/5.0 (compatible; DotBot/1.1; http://www.opensiteexplorer.org/dotbot, help@moz.com)" 
216.244.66.245 - - [07/Oct/2018:17:53:53 -0700] "GET /self.logs/error.log.2017-12-03.gz HTTP/1.1" 200 1702 "-" "Mozilla/5.0 (compatible; DotBot/1.1; http://www.opensiteexplorer.org/dotbot, help@moz.com)" 
54.36.148.196 - - [07/Oct/2018:17:56:41 -0700] "GET /self.logs/error.log.2015-05-28.gz HTTP/1.1" 404 284 "-" "Mozilla/5.0 (compatible; AhrefsBot/5.2; +http://ahrefs.com/robot/)" 
59.64.129.235 - - [07/Oct/2018:17:56:42 -0700] "GET /favicon.ico HTTP/1.1" 200 268 "-" "Mozilla/5.0 (Windows NT 10.0; WOW64) AppleWebKit/537.36 (KHTML, like Gecko) Chrome/63.0.3239.132 Safari/537.36" 
207.46.13.186 - - [07/Oct/2018:17:57:24 -0700] "GET / HTTP/1.1" 301 483 "-" "Mozilla/5.0 (compatible; bingbot/2.0; +http://www.bing.com/bingbot.htm)" 
34.207.130.114 - - [07/Oct/2018:17:58:24 -0700] "GET /robots.txt HTTP/1.1" 301 502 "-" "Mozilla/5.0 (compatible; linkdexbot/2.2; +http://www.linkdex.com/bots/)" 
34.207.130.114 - - [07/Oct/2018:17:58:24 -0700] "GET /robots.txt HTTP/1.1" 200 334 "-" "Mozilla/5.0 (compatible; linkdexbot/2.2; +http://www.linkdex.com/bots/)" 
66.249.66.84 - - [07/Oct/2018:17:58:39 -0700] "GET /honeypot/BSidesDFW%20-%202014.ipynb HTTP/1.1" 200 930836 "-" "Mozilla/5.0 (Linux; Android 6.0.1; Nexus 5X Build/MMB29P) AppleWebKit/537.36 (KHTML, like Gecko) Chrome/41.0.2272.96 Mobile Safari/537.36 (compatible; Googlebot/2.1; +http://www.google.com/bot.html)" 
54.36.148.86 - - [07/Oct/2018:17:59:04 -0700] "GET /self.logs/access.log.2017-10-15.gz HTTP/1.1" 200 58024 "-" "Mozilla/5.0 (compatible; AhrefsBot/5.2; +http://ahrefs.com/robot/)" 
207.46.13.186 - - [07/Oct/2018:18:00:34 -0700] "GET / HTTP/1.1" 200 12383 "-" "Mozilla/5.0 (compatible; bingbot/2.0; +http://www.bing.com/bingbot.htm)" 
61.183.207.98 - - [07/Oct/2018:18:04:12 -0700] "GET / HTTP/1.1" 200 12383 "-" "Mozilla/5.0 (Windows NT 10.0; WOW64) AppleWebKit/537.36 (KHTML, like Gecko) Chrome/63.0.3239.132 Safari/537.36" 
61.183.207.98 - - [07/Oct/2018:18:04:16 -0700] "GET /twitter-icon.png HTTP/1.1" 200 27788 "http://www.secrepo.com/" "Mozilla/5.0 (Windows NT 10.0; WOW64) AppleWebKit/537.36 (KHTML, like Gecko) Chrome/63.0.3239.132 Safari/537.36" 
61.183.207.98 - - [07/Oct/2018:18:04:16 -0700] "GET /GitHub-Mark.png HTTP/1.1" 200 7428 "http://www.secrepo.com/" "Mozilla/5.0 (Windows NT 10.0; WOW64) AppleWebKit/537.36 (KHTML, like Gecko) Chrome/63.0.3239.132 Safari/537.36" 
61.183.207.98 - - [07/Oct/2018:18:05:37 -0700] "GET /bootstrap/img/favicon.ico HTTP/1.1" 200 590 "http://www.secrepo.com/" "Mozilla/5.0 (Windows NT 10.0; WOW64) AppleWebKit/537.36 (KHTML, like Gecko) Chrome/63.0.3239.132 Safari/537.36" 
42.236.99.218 - - [07/Oct/2018:18:07:30 -0700] "GET / HTTP/1.1" 200 12383 "http://www.secrepo.com/" "Mozilla/5.0 (compatible; MSIE 9.0; Windows NT 6.1; Trident/5.0); 360Spider" 
216.244.66.245 - - [07/Oct/2018:18:07:53 -0700] "GET /self.logs/access.log.2015-05-12.gz HTTP/1.1" 404 239 "-" "Mozilla/5.0 (compatible; DotBot/1.1; http://www.opensiteexplorer.org/dotbot, help@moz.com)" 
216.244.66.245 - - [07/Oct/2018:18:07:54 -0700] "GET /self.logs/access.log.2015-05-26.gz HTTP/1.1" 404 239 "-" "Mozilla/5.0 (compatible; DotBot/1.1; http://www.opensiteexplorer.org/dotbot, help@moz.com)" 
216.244.66.245 - - [07/Oct/2018:18:07:55 -0700] "GET /self.logs/access.log.2015-07-02.gz HTTP/1.1" 404 239 "-" "Mozilla/5.0 (compatible; DotBot/1.1; http://www.opensiteexplorer.org/dotbot, help@moz.com)" 
216.244.66.245 - - [07/Oct/2018:18:07:56 -0700] "GET /self.logs/access.log.2015-10-14.gz HTTP/1.1" 404 239 "-" "Mozilla/5.0 (compatible; DotBot/1.1; http://www.opensiteexplorer.org/dotbot, help@moz.com)" 
216.244.66.245 - - [07/Oct/2018:18:07:57 -0700] "GET /self.logs/access.log.2016-03-09.gz HTTP/1.1" 404 239 "-" "Mozilla/5.0 (compatible; DotBot/1.1; http://www.opensiteexplorer.org/dotbot, help@moz.com)" 
216.244.66.245 - - [07/Oct/2018:18:07:58 -0700] "GET /self.logs/access.log.2016-06-24.gz HTTP/1.1" 404 239 "-" "Mozilla/5.0 (compatible; DotBot/1.1; http://www.opensiteexplorer.org/dotbot, help@moz.com)" 
216.244.66.245 - - [07/Oct/2018:18:07:59 -0700] "GET /self.logs/access.log.2016-10-30.gz HTTP/1.1" 404 239 "-" "Mozilla/5.0 (compatible; DotBot/1.1; http://www.opensiteexplorer.org/dotbot, help@moz.com)" 
216.244.66.245 - - [07/Oct/2018:18:08:00 -0700] "GET /self.logs/access.log.2016-11-04.gz HTTP/1.1" 404 239 "-" "Mozilla/5.0 (compatible; DotBot/1.1; http://www.opensiteexplorer.org/dotbot, help@moz.com)" 
216.244.66.245 - - [07/Oct/2018:18:08:00 -0700] "GET /self.logs/error.log.2015-04-09.gz HTTP/1.1" 404 239 "-" "Mozilla/5.0 (compatible; DotBot/1.1; http://www.opensiteexplorer.org/dotbot, help@moz.com)" 
216.244.66.245 - - [07/Oct/2018:18:08:01 -0700] "GET /self.logs/error.log.2015-06-15.gz HTTP/1.1" 404 239 "-" "Mozilla/5.0 (compatible; DotBot/1.1; http://www.opensiteexplorer.org/dotbot, help@moz.com)" 
216.244.66.245 - - [07/Oct/2018:18:08:02 -0700] "GET /self.logs/error.log.2015-06-30.gz HTTP/1.1" 404 239 "-" "Mozilla/5.0 (compatible; DotBot/1.1; http://www.opensiteexplorer.org/dotbot, help@moz.com)" 
216.244.66.245 - - [07/Oct/2018:18:08:03 -0700] "GET /self.logs/error.log.2015-10-29.gz HTTP/1.1" 404 239 "-" "Mozilla/5.0 (compatible; DotBot/1.1; http://www.opensiteexplorer.org/dotbot, help@moz.com)" 
216.244.66.245 - - [07/Oct/2018:18:08:04 -0700] "GET /self.logs/error.log.2015-12-13.gz HTTP/1.1" 404 239 "-" "Mozilla/5.0 (compatible; DotBot/1.1; http://www.opensiteexplorer.org/dotbot, help@moz.com)" 
216.244.66.245 - - [07/Oct/2018:18:08:05 -0700] "GET /self.logs/error.log.2016-03-14.gz HTTP/1.1" 404 239 "-" "Mozilla/5.0 (compatible; DotBot/1.1; http://www.opensiteexplorer.org/dotbot, help@moz.com)" 
216.244.66.245 - - [07/Oct/2018:18:08:06 -0700] "GET /self.logs/error.log.2016-05-25.gz HTTP/1.1" 404 239 "-" "Mozilla/5.0 (compatible; DotBot/1.1; http://www.opensiteexplorer.org/dotbot, help@moz.com)" 
216.244.66.245 - - [07/Oct/2018:18:08:07 -0700] "GET /self.logs/error.log.2016-11-03.gz HTTP/1.1" 404 239 "-" "Mozilla/5.0 (compatible; DotBot/1.1; http://www.opensiteexplorer.org/dotbot, help@moz.com)" 
216.244.66.245 - - [07/Oct/2018:18:08:07 -0700] "GET /self.logs/error.log.2016-11-22.gz HTTP/1.1" 404 239 "-" "Mozilla/5.0 (compatible; DotBot/1.1; http://www.opensiteexplorer.org/dotbot, help@moz.com)" 
216.244.66.245 - - [07/Oct/2018:18:08:08 -0700] "GET /self.logs/error.log.2016-12-26.gz HTTP/1.1" 404 239 "-" "Mozilla/5.0 (compatible; DotBot/1.1; http://www.opensiteexplorer.org/dotbot, help@moz.com)" 
138.44.176.114 - - [07/Oct/2018:18:08:40 -0700] "GET / HTTP/1.1" 200 12383 "-" "Mozilla/5.0 (Windows NT 10.0; Win64; x64; rv:62.0) Gecko/20100101 Firefox/62.0" 
138.44.176.114 - - [07/Oct/2018:18:08:40 -0700] "GET /twitter-icon.png HTTP/1.1" 200 27788 "http://www.secrepo.com/" "Mozilla/5.0 (Windows NT 10.0; Win64; x64; rv:62.0) Gecko/20100101 Firefox/62.0" 
138.44.176.114 - - [07/Oct/2018:18:08:40 -0700] "GET /GitHub-Mark.png HTTP/1.1" 200 7427 "http://www.secrepo.com/" "Mozilla/5.0 (Windows NT 10.0; Win64; x64; rv:62.0) Gecko/20100101 Firefox/62.0" 
138.44.176.114 - - [07/Oct/2018:18:08:40 -0700] "GET /bootstrap/img/favicon.ico HTTP/1.1" 200 589 "-" "Mozilla/5.0 (Windows NT 10.0; Win64; x64; rv:62.0) Gecko/20100101 Firefox/62.0" 
159.226.95.79 - - [07/Oct/2018:18:09:09 -0700] "GET /favicon.ico HTTP/1.1" 200 268 "-" "Mozilla/5.0 (Windows NT 6.1; WOW64) AppleWebKit/537.36 (KHTML, like Gecko) Chrome/58.0.3029.110 Safari/537.36 SE 2.X MetaSr 1.0" 
159.226.95.79 - - [07/Oct/2018:18:09:09 -0700] "GET / HTTP/1.1" 200 12383 "-" "Mozilla/5.0 (Windows NT 6.1; WOW64) AppleWebKit/537.36 (KHTML, like Gecko) Chrome/58.0.3029.110 Safari/537.36 SE 2.X MetaSr 1.0" 
159.226.95.79 - - [07/Oct/2018:18:09:10 -0700] "GET /bootstrap/img/favicon.ico HTTP/1.1" 200 589 "-" "Mozilla/5.0 (Windows NT 6.1; WOW64) AppleWebKit/537.36 (KHTML, like Gecko) Chrome/58.0.3029.110 Safari/537.36 SE 2.X MetaSr 1.0" 
159.226.95.79 - - [07/Oct/2018:18:09:10 -0700] "GET /GitHub-Mark.png HTTP/1.1" 200 7428 "http://www.secrepo.com/" "Mozilla/5.0 (Windows NT 6.1; WOW64) AppleWebKit/537.36 (KHTML, like Gecko) Chrome/58.0.3029.110 Safari/537.36 SE 2.X MetaSr 1.0" 
159.226.95.79 - - [07/Oct/2018:18:09:10 -0700] "GET /twitter-icon.png HTTP/1.1" 200 27787 "http://www.secrepo.com/" "Mozilla/5.0 (Windows NT 6.1; WOW64) AppleWebKit/537.36 (KHTML, like Gecko) Chrome/58.0.3029.110 Safari/537.36 SE 2.X MetaSr 1.0" 
101.89.239.216 - - [07/Oct/2018:18:10:09 -0700] "GET / HTTP/1.1" 200 46212 "C1039329C53FED3C5C159.226.95.79" "Mozilla/5.0 (Windows NT 6.1; WOW64; Trident/7.0; SLCC2; .NET CLR 2.0.50727; .NET CLR 3.5.30729; .NET CLR 3.0.30729; Media Center PC 6.0; .NET4.0C; .NET4.0E; InfoPath.3; rv:11.0) like Gecko" 
221.237.156.146 - - [07/Oct/2018:18:12:00 -0700] "GET /bootstrap/img/favicon.ico HTTP/1.1" 200 590 "http://www.secrepo.com/" "Mozilla/5.0 (Windows NT 10.0; WOW64) AppleWebKit/537.36 (KHTML, like Gecko) Chrome/69.0.3497.100 Safari/537.36" 
176.122.177.217 - - [07/Oct/2018:18:12:01 -0700] "GET / HTTP/1.1" 200 12346 "-" "Mozilla/5.0 (Windows NT 6.1; Win64; x64) AppleWebKit/537.36 (KHTML, like Gecko) Chrome/68.0.3440.75 Safari/537.36" 
176.122.177.217 - - [07/Oct/2018:18:12:01 -0700] "GET /GitHub-Mark.png HTTP/1.1" 200 7391 "http://www.secrepo.com/" "Mozilla/5.0 (Windows NT 6.1; Win64; x64) AppleWebKit/537.36 (KHTML, like Gecko) Chrome/68.0.3440.75 Safari/537.36" 
176.122.177.217 - - [07/Oct/2018:18:12:01 -0700] "GET /twitter-icon.png HTTP/1.1" 200 27751 "http://www.secrepo.com/" "Mozilla/5.0 (Windows NT 6.1; Win64; x64) AppleWebKit/537.36 (KHTML, like Gecko) Chrome/68.0.3440.75 Safari/537.36" 
176.122.177.217 - - [07/Oct/2018:18:12:07 -0700] "GET /bootstrap/img/favicon.ico HTTP/1.1" 200 553 "http://www.secrepo.com/" "Mozilla/5.0 (Windows NT 6.1; Win64; x64) AppleWebKit/537.36 (KHTML, like Gecko) Chrome/68.0.3440.75 Safari/537.36" 
52.14.43.100 - - [07/Oct/2018:18:14:21 -0700] "GET / HTTP/1.1" 200 12383 "-" "Mozilla/5.0 (Macintosh; Intel Mac OS X x.y; rv:42.0) AppleWebKit/537.36 (KHTML, like Gecko) Firefox/42.0" 
211.65.196.18 - - [07/Oct/2018:18:14:47 -0700] "GET /maccdc2012 HTTP/1.1" 301 500 "-" "Mozilla/5.0 (Windows NT 10.0; Win64; x64) AppleWebKit/537.36 (KHTML, like Gecko) Chrome/69.0.3497.100 Safari/537.36" 
211.65.196.18 - - [07/Oct/2018:18:14:47 -0700] "GET /maccdc2012/ HTTP/1.1" 200 764 "-" "Mozilla/5.0 (Windows NT 10.0; Win64; x64) AppleWebKit/537.36 (KHTML, like Gecko) Chrome/69.0.3497.100 Safari/537.36" 
211.65.196.18 - - [07/Oct/2018:18:14:48 -0700] "GET /favicon.ico HTTP/1.1" 200 267 "http://www.secrepo.com/maccdc2012/" "Mozilla/5.0 (Windows NT 10.0; Win64; x64) AppleWebKit/537.36 (KHTML, like Gecko) Chrome/69.0.3497.100 Safari/537.36" 
211.65.196.18 - - [07/Oct/2018:18:16:10 -0700] "GET / HTTP/1.1" 200 12383 "-" "Mozilla/5.0 (Windows NT 10.0; Win64; x64) AppleWebKit/537.36 (KHTML, like Gecko) Chrome/69.0.3497.100 Safari/537.36" 
211.65.196.18 - - [07/Oct/2018:18:16:11 -0700] "GET /twitter-icon.png HTTP/1.1" 200 27787 "http://www.secrepo.com/" "Mozilla/5.0 (Windows NT 10.0; Win64; x64) AppleWebKit/537.36 (KHTML, like Gecko) Chrome/69.0.3497.100 Safari/537.36" 
211.65.196.18 - - [07/Oct/2018:18:16:11 -0700] "GET /GitHub-Mark.png HTTP/1.1" 200 7428 "http://www.secrepo.com/" "Mozilla/5.0 (Windows NT 10.0; Win64; x64) AppleWebKit/537.36 (KHTML, like Gecko) Chrome/69.0.3497.100 Safari/537.36" 
211.65.196.18 - - [07/Oct/2018:18:16:14 -0700] "GET /bootstrap/img/favicon.ico HTTP/1.1" 200 590 "http://www.secrepo.com/" "Mozilla/5.0 (Windows NT 10.0; Win64; x64) AppleWebKit/537.36 (KHTML, like Gecko) Chrome/69.0.3497.100 Safari/537.36" 
66.249.66.83 - - [07/Oct/2018:18:16:50 -0700] "GET /tg_snort_full.7z HTTP/1.1" 404 340 "-" "Mozilla/5.0 (Linux; Android 6.0.1; Nexus 5X Build/MMB29P) AppleWebKit/537.36 (KHTML, like Gecko) Chrome/41.0.2272.96 Mobile Safari/537.36 (compatible; Googlebot/2.1; +http://www.google.com/bot.html)" 
211.65.196.18 - - [07/Oct/2018:18:14:59 -0700] "GET /maccdc2012/http.log.gz HTTP/1.1" 200 54258816 "http://www.secrepo.com/maccdc2012/" "Mozilla/5.0 (Windows NT 10.0; Win64; x64) AppleWebKit/537.36 (KHTML, like Gecko) Chrome/69.0.3497.100 Safari/537.36" 
216.244.66.245 - - [07/Oct/2018:18:20:57 -0700] "GET /robots.txt HTTP/1.1" 200 233 "-" "Mozilla/5.0 (compatible; DotBot/1.1; http://www.opensiteexplorer.org/dotbot, help@moz.com)" 
77.165.197.31 - - [07/Oct/2018:18:22:49 -0700] "GET / HTTP/1.1" 200 12383 "-" "Mozilla/5.0 (Windows NT 10.0; Win64; x64; rv:62.0) Gecko/20100101 Firefox/62.0" 
77.165.197.31 - - [07/Oct/2018:18:22:49 -0700] "GET /twitter-icon.png HTTP/1.1" 200 27787 "http://www.secrepo.com/" "Mozilla/5.0 (Windows NT 10.0; Win64; x64; rv:62.0) Gecko/20100101 Firefox/62.0" 
77.165.197.31 - - [07/Oct/2018:18:22:50 -0700] "GET /GitHub-Mark.png HTTP/1.1" 200 7428 "http://www.secrepo.com/" "Mozilla/5.0 (Windows NT 10.0; Win64; x64; rv:62.0) Gecko/20100101 Firefox/62.0" 
77.165.197.31 - - [07/Oct/2018:18:22:50 -0700] "GET /bootstrap/img/favicon.ico HTTP/1.1" 200 589 "-" "Mozilla/5.0 (Windows NT 10.0; Win64; x64; rv:62.0) Gecko/20100101 Firefox/62.0" 
211.65.196.18 - - [07/Oct/2018:18:23:46 -0700] "GET /auth.log/auth.log.gz HTTP/1.1" 200 554524 "http://www.secrepo.com/" "Mozilla/5.0 (Windows NT 10.0; Win64; x64) AppleWebKit/537.36 (KHTML, like Gecko) Chrome/69.0.3497.100 Safari/537.36" 
211.65.196.18 - - [07/Oct/2018:18:23:52 -0700] "GET /self.logs/ HTTP/1.1" 200 12554 "http://www.secrepo.com/" "Mozilla/5.0 (Windows NT 10.0; Win64; x64) AppleWebKit/537.36 (KHTML, like Gecko) Chrome/69.0.3497.100 Safari/537.36" 
54.36.148.189 - - [07/Oct/2018:18:26:05 -0700] "GET /self.logs/access.log.2015-10-26.gz HTTP/1.1" 404 284 "-" "Mozilla/5.0 (compatible; AhrefsBot/5.2; +http://ahrefs.com/robot/)" 
18.224.45.232 - - [07/Oct/2018:18:27:03 -0700] "GET / HTTP/1.1" 200 12383 "-" "Mozilla/5.0 (Windows NT 6.1; Win64; x64; rv:47.0) Trident/5.0 Chrome/67.0.3396.79 Safari/537.36" 
207.46.13.166 - - [07/Oct/2018:18:27:07 -0700] "GET /self.logs/error.log.2016-08-15.gz HTTP/1.1" 404 340 "-" "Mozilla/5.0 (compatible; bingbot/2.0; +http://www.bing.com/bingbot.htm)" 
54.36.148.35 - - [07/Oct/2018:18:29:02 -0700] "GET /self.logs/2016/access.log.2016-03-19.gz HTTP/1.1" 200 6239 "-" "Mozilla/5.0 (compatible; AhrefsBot/5.2; +http://ahrefs.com/robot/)" 
77.165.197.31 - - [07/Oct/2018:18:28:30 -0700] "GET /honeypot/honeypot.json.zip HTTP/1.1" 200 23085976 "http://www.secrepo.com/" "Mozilla/5.0 (Windows NT 10.0; Win64; x64; rv:62.0) Gecko/20100101 Firefox/62.0" 
115.236.45.238 - - [07/Oct/2018:18:32:55 -0700] "GET /bootstrap/img/favicon.ico HTTP/1.1" 200 590 "-" "Mozilla/5.0 (Windows NT 10.0; Win64; x64) AppleWebKit/537.36 (KHTML, like Gecko) Chrome/69.0.3497.100 Safari/537.36" 
216.244.66.245 - - [07/Oct/2018:18:36:42 -0700] "GET /self.logs/access.log.2017-03-05.gz HTTP/1.1" 200 14559 "-" "Mozilla/5.0 (compatible; DotBot/1.1; http://www.opensiteexplorer.org/dotbot, help@moz.com)" 
216.244.66.245 - - [07/Oct/2018:18:36:44 -0700] "GET /self.logs/access.log.2017-10-11.gz HTTP/1.1" 200 46100 "-" "Mozilla/5.0 (compatible; DotBot/1.1; http://www.opensiteexplorer.org/dotbot, help@moz.com)" 
216.244.66.245 - - [07/Oct/2018:18:36:46 -0700] "GET /self.logs/access.log.2017-12-15.gz HTTP/1.1" 200 24394 "-" "Mozilla/5.0 (compatible; DotBot/1.1; http://www.opensiteexplorer.org/dotbot, help@moz.com)" 
216.244.66.245 - - [07/Oct/2018:18:36:48 -0700] "GET /self.logs/error.log.2017-03-30.gz HTTP/1.1" 200 991 "-" "Mozilla/5.0 (compatible; DotBot/1.1; http://www.opensiteexplorer.org/dotbot, help@moz.com)" 
216.244.66.245 - - [07/Oct/2018:18:36:49 -0700] "GET /self.logs/error.log.2017-04-26.gz HTTP/1.1" 200 767 "-" "Mozilla/5.0 (compatible; DotBot/1.1; http://www.opensiteexplorer.org/dotbot, help@moz.com)" 
54.36.149.97 - - [07/Oct/2018:18:40:17 -0700] "GET /self.logs/2015/access.log.2015-05-01.gz HTTP/1.1" 200 4431 "-" "Mozilla/5.0 (compatible; AhrefsBot/5.2; +http://ahrefs.com/robot/)" 
113.171.224.176 - - [07/Oct/2018:18:42:04 -0700] "GET /honeypot/Honeypot%20-%20Howto.pdf HTTP/1.1" 200 46720 "-" "Mozilla/5.0 Gecko/20100115 Firefox/3.6" 
54.36.148.221 - - [07/Oct/2018:18:42:26 -0700] "GET /self.logs/2016/error.log.2016-06-19.gz HTTP/1.1" 200 602 "-" "Mozilla/5.0 (compatible; AhrefsBot/5.2; +http://ahrefs.com/robot/)" 
162.210.196.130 - - [07/Oct/2018:18:43:34 -0700] "GET /robots.txt HTTP/1.1" 200 289 "-" "Mozilla/5.0 (compatible; MJ12bot/v1.4.8; http://mj12bot.com/)" 
162.210.196.130 - - [07/Oct/2018:18:43:35 -0700] "GET / HTTP/1.1" 200 46156 "-" "Mozilla/5.0 (compatible; MJ12bot/v1.4.8; http://mj12bot.com/)" 
18.219.142.57 - - [07/Oct/2018:18:44:31 -0700] "GET / HTTP/1.1" 200 12383 "-" "Mozilla/5.0 (Macintosh; Intel Mac OS X x.y; rv:42.0) Trident/5.0 Safari/602.1" 
117.214.121.61 - - [07/Oct/2018:18:44:38 -0700] "GET / HTTP/1.1" 301 483 "-" "Mozilla/5.0 (Windows NT 6.1; WOW64) AppleWebKit/537.36 (KHTML, like Gecko) Chrome/55.0.2883.87 UBrowser/7.0.185.1002 Safari/537.36" 
117.214.121.61 - - [07/Oct/2018:18:44:39 -0700] "GET / HTTP/1.1" 200 12383 "-" "Mozilla/5.0 (Windows NT 6.1; WOW64) AppleWebKit/537.36 (KHTML, like Gecko) Chrome/55.0.2883.87 UBrowser/7.0.185.1002 Safari/537.36" 
117.214.121.61 - - [07/Oct/2018:18:44:41 -0700] "GET /twitter-icon.png HTTP/1.1" 200 27787 "http://www.secrepo.com/" "Mozilla/5.0 (Windows NT 6.1; WOW64) AppleWebKit/537.36 (KHTML, like Gecko) Chrome/55.0.2883.87 UBrowser/7.0.185.1002 Safari/537.36" 
117.214.121.61 - - [07/Oct/2018:18:44:41 -0700] "GET /GitHub-Mark.png HTTP/1.1" 200 7428 "http://www.secrepo.com/" "Mozilla/5.0 (Windows NT 6.1; WOW64) AppleWebKit/537.36 (KHTML, like Gecko) Chrome/55.0.2883.87 UBrowser/7.0.185.1002 Safari/537.36" 
117.214.121.61 - - [07/Oct/2018:18:44:43 -0700] "GET /bootstrap/img/favicon.ico HTTP/1.1" 200 589 "http://www.secrepo.com/" "Mozilla/5.0 (Windows NT 6.1; WOW64) AppleWebKit/537.36 (KHTML, like Gecko) Chrome/55.0.2883.87 UBrowser/7.0.185.1002 Safari/537.36" 
216.244.66.245 - - [07/Oct/2018:18:49:35 -0700] "GET /self.logs/access.log.2015-03-09.gz HTTP/1.1" 404 239 "-" "Mozilla/5.0 (compatible; DotBot/1.1; http://www.opensiteexplorer.org/dotbot, help@moz.com)" 
216.244.66.245 - - [07/Oct/2018:18:49:36 -0700] "GET /self.logs/access.log.2015-06-26.gz HTTP/1.1" 404 239 "-" "Mozilla/5.0 (compatible; DotBot/1.1; http://www.opensiteexplorer.org/dotbot, help@moz.com)" 
216.244.66.245 - - [07/Oct/2018:18:49:37 -0700] "GET /self.logs/access.log.2016-03-10.gz HTTP/1.1" 404 239 "-" "Mozilla/5.0 (compatible; DotBot/1.1; http://www.opensiteexplorer.org/dotbot, help@moz.com)" 
216.244.66.245 - - [07/Oct/2018:18:49:38 -0700] "GET /self.logs/access.log.2016-05-28.gz HTTP/1.1" 404 239 "-" "Mozilla/5.0 (compatible; DotBot/1.1; http://www.opensiteexplorer.org/dotbot, help@moz.com)" 
216.244.66.245 - - [07/Oct/2018:18:49:39 -0700] "GET /self.logs/error.log.2016-03-27.gz HTTP/1.1" 404 239 "-" "Mozilla/5.0 (compatible; DotBot/1.1; http://www.opensiteexplorer.org/dotbot, help@moz.com)" 
216.244.66.245 - - [07/Oct/2018:18:49:40 -0700] "GET /self.logs/error.log.2016-05-06.gz HTTP/1.1" 404 239 "-" "Mozilla/5.0 (compatible; DotBot/1.1; http://www.opensiteexplorer.org/dotbot, help@moz.com)" 
216.244.66.245 - - [07/Oct/2018:18:49:41 -0700] "GET /self.logs/error.log.2016-10-15.gz HTTP/1.1" 404 239 "-" "Mozilla/5.0 (compatible; DotBot/1.1; http://www.opensiteexplorer.org/dotbot, help@moz.com)" 
216.244.66.245 - - [07/Oct/2018:18:49:42 -0700] "GET /self.logs/error.log.2016-12-03.gz HTTP/1.1" 404 239 "-" "Mozilla/5.0 (compatible; DotBot/1.1; http://www.opensiteexplorer.org/dotbot, help@moz.com)" 
47.18.98.161 - - [07/Oct/2018:18:51:14 -0700] "GET / HTTP/1.1" 200 12383 "-" "Mozilla/5.0 (Windows NT 10.0; Win64; x64; rv:62.0) Gecko/20100101 Firefox/62.0" 
47.18.98.161 - - [07/Oct/2018:18:51:14 -0700] "GET /twitter-icon.png HTTP/1.1" 200 27788 "http://www.secrepo.com/" "Mozilla/5.0 (Windows NT 10.0; Win64; x64; rv:62.0) Gecko/20100101 Firefox/62.0" 
47.18.98.161 - - [07/Oct/2018:18:51:14 -0700] "GET /GitHub-Mark.png HTTP/1.1" 200 7427 "http://www.secrepo.com/" "Mozilla/5.0 (Windows NT 10.0; Win64; x64; rv:62.0) Gecko/20100101 Firefox/62.0" 
47.18.98.161 - - [07/Oct/2018:18:51:15 -0700] "GET /bootstrap/img/favicon.ico HTTP/1.1" 200 589 "-" "Mozilla/5.0 (Windows NT 10.0; Win64; x64; rv:62.0) Gecko/20100101 Firefox/62.0" 
47.18.98.161 - - [07/Oct/2018:18:52:43 -0700] "GET / HTTP/1.1" 200 12383 "-" "Mozilla/5.0 (Windows NT 10.0; Win64; x64; rv:62.0) Gecko/20100101 Firefox/62.0" 
47.18.98.161 - - [07/Oct/2018:18:52:43 -0700] "GET /twitter-icon.png HTTP/1.1" 200 27787 "http://www.secrepo.com/" "Mozilla/5.0 (Windows NT 10.0; Win64; x64; rv:62.0) Gecko/20100101 Firefox/62.0" 
47.18.98.161 - - [07/Oct/2018:18:52:43 -0700] "GET /GitHub-Mark.png HTTP/1.1" 200 7428 "http://www.secrepo.com/" "Mozilla/5.0 (Windows NT 10.0; Win64; x64; rv:62.0) Gecko/20100101 Firefox/62.0" 
14.215.176.136 - - [07/Oct/2018:18:54:28 -0700] "GET / HTTP/1.1" 200 12383 "http://www.baidu.com/s?wd=solargru" "Mozilla/5.0 (Windows NT 6.1; WOW64; rv:43.0) Gecko/20100101 Firefox/43.0" 
113.140.11.120 - - [07/Oct/2018:19:00:19 -0700] "GET /honeypot/honeypot.json.zip HTTP/1.1" 206 177120 "-" "Mozilla/5.0 (Windows NT 6.1; WOW64) AppleWebKit/537.36 (KHTML, like Gecko) Chrome/58.0.3029.110 Safari/537.36 SE 2.X MetaSr 1.0" 
113.140.11.120 - - [07/Oct/2018:19:00:17 -0700] "GET /honeypot/honeypot.json.zip HTTP/1.1" 200 23085976 "-" "Mozilla/5.0 (Windows NT 6.1; WOW64) AppleWebKit/537.36 (KHTML, like Gecko) Chrome/58.0.3029.110 Safari/537.36 SE 2.X MetaSr 1.0" 
61.151.179.84 - - [07/Oct/2018:19:01:16 -0700] "GET /honeypot/honeypot.json.zip HTTP/1.1" 200 908120 "4D5F3E8D559CC05DE1113.140.11.120" "Mozilla/5.0 (Windows NT 6.1; WOW64) AppleWebKit/537.36 (KHTML, like Gecko) Chrome/43.0.2357.124 Safari/537.36" 
216.244.66.245 - - [07/Oct/2018:19:03:51 -0700] "GET /robots.txt HTTP/1.1" 200 233 "-" "Mozilla/5.0 (compatible; DotBot/1.1; http://www.opensiteexplorer.org/dotbot, help@moz.com)" 
54.81.237.193 - - [07/Oct/2018:19:07:30 -0700] "GET / HTTP/1.1" 200 12327 "-" "Mozilla/5.0 (compatible; Googlebot/2.1; startmebot/1.0; +https://start.me/bot)" 
113.140.11.120 - - [07/Oct/2018:19:08:31 -0700] "GET /auth.log/auth.log.gz HTTP/1.1" 200 554524 "-" "Mozilla/5.0 (Windows NT 6.1; WOW64) AppleWebKit/537.36 (KHTML, like Gecko) Chrome/58.0.3029.110 Safari/537.36 SE 2.X MetaSr 1.0" 
207.46.13.193 - - [07/Oct/2018:19:09:23 -0700] "GET /self.logs/?C=D;O=D HTTP/1.1" 200 12524 "-" "Mozilla/5.0 (compatible; bingbot/2.0; +http://www.bing.com/bingbot.htm)" 
61.151.179.83 - - [07/Oct/2018:19:09:31 -0700] "GET /auth.log/auth.log.gz HTTP/1.1" 200 615569 "4D5F3E8D559CC05DE1113.140.11.120" "Mozilla/5.0 (Macintosh; Intel Mac OS X 10_12_4) AppleWebKit/537.36 (KHTML, like Gecko) \t\t\tChrome/55.0.2883.95 Safari/537.36" 
54.36.149.99 - - [07/Oct/2018:19:10:17 -0700] "GET /self.logs/2016/access.log.2016-03-23.gz HTTP/1.1" 200 9766 "-" "Mozilla/5.0 (compatible; AhrefsBot/5.2; +http://ahrefs.com/robot/)" 
85.145.220.17 - - [07/Oct/2018:19:11:49 -0700] "GET / HTTP/1.1" 200 12383 "-" "Mozilla/5.0 (Windows NT 10.0; Win64; x64) AppleWebKit/537.36 (KHTML, like Gecko) Chrome/69.0.3497.100 Safari/537.36" 
85.145.220.17 - - [07/Oct/2018:19:11:51 -0700] "GET /twitter-icon.png HTTP/1.1" 200 27787 "http://www.secrepo.com/" "Mozilla/5.0 (Windows NT 10.0; Win64; x64) AppleWebKit/537.36 (KHTML, like Gecko) Chrome/69.0.3497.100 Safari/537.36" 
85.145.220.17 - - [07/Oct/2018:19:11:51 -0700] "GET /GitHub-Mark.png HTTP/1.1" 200 7428 "http://www.secrepo.com/" "Mozilla/5.0 (Windows NT 10.0; Win64; x64) AppleWebKit/537.36 (KHTML, like Gecko) Chrome/69.0.3497.100 Safari/537.36" 
85.145.220.17 - - [07/Oct/2018:19:11:59 -0700] "GET / HTTP/1.1" 200 12383 "http://www.secrepo.com/" "Mozilla/5.0 (Windows NT 10.0; Win64; x64) AppleWebKit/537.36 (KHTML, like Gecko) Chrome/69.0.3497.100 Safari/537.36" 
18.191.165.71 - - [07/Oct/2018:19:14:08 -0700] "GET / HTTP/1.1" 200 12383 "-" "Mozilla/5.0 (Macintosh; Intel Mac OS X x.y; rv:42.0) AppleWebKit/537.36 (KHTML, like Gecko) Chrome/51.0.2704.106 Safari/537.36 OPR/38.0.2220.41" 
207.46.13.166 - - [07/Oct/2018:19:17:36 -0700] "GET /self.logs/error.log.2015-10-20.gz HTTP/1.1" 404 340 "-" "Mozilla/5.0 (compatible; bingbot/2.0; +http://www.bing.com/bingbot.htm)" 
114.102.130.50 - - [07/Oct/2018:19:18:53 -0700] "GET /favicon.ico HTTP/1.1" 200 268 "-" "Mozilla/5.0 (Windows NT 10.0; WOW64) AppleWebKit/537.36 (KHTML, like Gecko) Chrome/63.0.3239.132 Safari/537.36" 
106.120.173.142 - - [07/Oct/2018:19:23:46 -0700] "GET /robots.txt HTTP/1.1" 200 252 "-" "Sogou web spider/4.0(+http://www.sogou.com/docs/help/webmasters.htm#07)" 
106.120.173.142 - - [07/Oct/2018:19:23:47 -0700] "GET / HTTP/1.1" 200 12346 "-" "Sogou web spider/4.0(+http://www.sogou.com/docs/help/webmasters.htm#07)" 
18.221.232.130 - - [07/Oct/2018:19:25:59 -0700] "GET / HTTP/1.1" 200 12383 "-" "Mozilla/5.0 (Macintosh; Intel Mac OS X x.y; rv:42.0) Trident/5.0 Chrome/67.0.3396.79 Safari/537.36" 
140.117.74.243 - - [07/Oct/2018:19:29:10 -0700] "GET / HTTP/1.1" 200 12383 "-" "Mozilla/5.0 (Windows NT 10.0; Win64; x64) AppleWebKit/537.36 (KHTML, like Gecko) Chrome/69.0.3497.100 Safari/537.36" 
140.117.74.243 - - [07/Oct/2018:19:29:10 -0700] "GET /twitter-icon.png HTTP/1.1" 200 27787 "http://www.secrepo.com/" "Mozilla/5.0 (Windows NT 10.0; Win64; x64) AppleWebKit/537.36 (KHTML, like Gecko) Chrome/69.0.3497.100 Safari/537.36" 
140.117.74.243 - - [07/Oct/2018:19:29:10 -0700] "GET /GitHub-Mark.png HTTP/1.1" 200 7428 "http://www.secrepo.com/" "Mozilla/5.0 (Windows NT 10.0; Win64; x64) AppleWebKit/537.36 (KHTML, like Gecko) Chrome/69.0.3497.100 Safari/537.36" 
182.140.168.98 - - [07/Oct/2018:19:30:00 -0700] "GET /misc/zeus_dga_domains.txt.zip HTTP/1.1" 200 592237 "https://www.vdisk.cn/webmax/%E8%A7%A3%E5%8E%8B%E7%BC%A9%E8%BD%AF%E4%BB%B6%E4%B8%8B%E8%BD%BDWinRAR.exe" "Mozilla/5.0 (Linux; U; Android 4.4.2; zh-cn; GT-I9500 Build/KOT49H) AppleWebKit/537.36 (KHTML, like Gecko)Version/4.0 MQQBrowser/5.0 Mobile Safari/537.36" 
52.212.146.96 - - [07/Oct/2018:19:30:01 -0700] "GET /self.logs/access.log.2018-10-01.gz HTTP/1.1" 200 22057 "-" "python-requests/2.12.1" 
52.212.146.96 - - [07/Oct/2018:19:30:02 -0700] "GET /self.logs/access.log.2018-10-02.gz HTTP/1.1" 200 25382 "-" "python-requests/2.12.1" 
113.140.11.120 - - [07/Oct/2018:19:29:59 -0700] "GET /misc/zeus_dga_domains.txt.zip HTTP/1.1" 200 594360 "-" "Mozilla/5.0 (Windows NT 6.1; WOW64) AppleWebKit/537.36 (KHTML, like Gecko) Chrome/58.0.3029.110 Safari/537.36 SE 2.X MetaSr 1.0" 
52.212.146.96 - - [07/Oct/2018:19:30:02 -0700] "GET /self.logs/access.log.2018-10-03.gz HTTP/1.1" 200 29165 "-" "python-requests/2.12.1" 
52.212.146.96 - - [07/Oct/2018:19:30:02 -0700] "GET /self.logs/access.log.2018-10-04.gz HTTP/1.1" 200 21184 "-" "python-requests/2.12.1" 
52.212.146.96 - - [07/Oct/2018:19:30:03 -0700] "GET /self.logs/access.log.2018-10-05.gz HTTP/1.1" 404 340 "-" "python-requests/2.12.1" 
52.212.146.96 - - [07/Oct/2018:19:30:03 -0700] "GET /self.logs/access.log.2018-10-06.gz HTTP/1.1" 404 340 "-" "python-requests/2.12.1" 
52.212.146.96 - - [07/Oct/2018:19:30:03 -0700] "GET /self.logs/access.log.2018-10-07.gz HTTP/1.1" 404 340 "-" "python-requests/2.12.1" 
58.247.206.154 - - [07/Oct/2018:19:30:59 -0700] "GET /misc/zeus_dga_domains.txt.zip HTTP/1.1" 200 592293 "4D5F3E8D559CC05DE1113.140.11.120" "Mozilla/5.0 (Windows NT 6.1; WOW64) AppleWebKit/537.36 (KHTML, like Gecko) Chrome/45.0.2454.101 Safari/537.36" 
42.236.10.75 - - [07/Oct/2018:19:31:04 -0700] "GET /auth.log/auth.log.gz HTTP/1.1" 200 554524 "-" "Mozilla/5.0 (Windows NT 6.1) AppleWebKit/537.36 (KHTML, like Gecko) Chrome/36.0.1985.125 Safari/537.36" 
107.173.177.44 - - [07/Oct/2018:19:33:43 -0700] "GET / HTTP/1.0" 301 446 "-" "Mozilla/5.0 (Windows NT 6.3; Win64; x64) AppleWebKit/537.36 (KHTML, like Gecko) Chrome/67.0.3396.99 Safari/537.36" 
107.173.177.44 - - [07/Oct/2018:19:33:44 -0700] "GET / HTTP/1.0" 200 12346 "http://secrepo.com" "Mozilla/5.0 (Windows NT 6.3; Win64; x64) AppleWebKit/537.36 (KHTML, like Gecko) Chrome/67.0.3396.99 Safari/537.36" 
138.128.67.109 - - [07/Oct/2018:19:33:45 -0700] "GET /honeypot/Honeypot%20-%20Howto%20-%20BSides%20Austin.pdf HTTP/1.0" 200 2928423 "http://www.secrepo.com/" "Mozilla/5.0 (Windows NT 6.3; Win64; x64) AppleWebKit/537.36 (KHTML, like Gecko) Chrome/67.0.3396.99 Safari/537.36" 
138.128.67.109 - - [07/Oct/2018:19:33:51 -0700] "GET /honeypot/Honeypot%20-%20Howto.pdf HTTP/1.0" 200 1279381 "http://www.secrepo.com/" "Mozilla/5.0 (Windows NT 6.3; Win64; x64) AppleWebKit/537.36 (KHTML, like Gecko) Chrome/67.0.3396.99 Safari/537.36" 
138.128.67.109 - - [07/Oct/2018:19:33:55 -0700] "GET /ftp://download.iwlab.foi.se/dataset/ HTTP/1.0" 404 303 "http://www.secrepo.com/" "Mozilla/5.0 (Windows NT 6.3; Win64; x64) AppleWebKit/537.36 (KHTML, like Gecko) Chrome/67.0.3396.99 Safari/537.36" 
138.128.67.109 - - [07/Oct/2018:19:33:55 -0700] "GET /ftp://download.iwlab.foi.se/dataset/ HTTP/1.0" 404 284 "http://www.secrepo.com/" "Mozilla/5.0 (Windows NT 6.3; Win64; x64) AppleWebKit/537.36 (KHTML, like Gecko) Chrome/67.0.3396.99 Safari/537.36" 
138.128.67.109 - - [07/Oct/2018:19:33:56 -0700] "GET /Security-Data-Analysis/Lab_1/conn.log.zip HTTP/1.0" 200 2368119 "http://www.secrepo.com/" "Mozilla/5.0 (Windows NT 6.3; Win64; x64) AppleWebKit/537.36 (KHTML, like Gecko) Chrome/67.0.3396.99 Safari/537.36" 
23.244.230.178 - - [07/Oct/2018:19:34:01 -0700] "GET /honeypot/BSidesDFW%20-%202014.ipynb HTTP/1.0" 200 930799 "http://www.secrepo.com/" "Mozilla/5.0 (Windows NT 6.3; Win64; x64) AppleWebKit/537.36 (KHTML, like Gecko) Chrome/67.0.3396.99 Safari/537.36" 
23.244.230.178 - - [07/Oct/2018:19:34:04 -0700] "GET /honeypot/honeypot.json.zip HTTP/1.0" 200 4712880 "http://www.secrepo.com/" "Mozilla/5.0 (Windows NT 6.3; Win64; x64) AppleWebKit/537.36 (KHTML, like Gecko) Chrome/67.0.3396.99 Safari/537.36" 
23.244.230.178 - - [07/Oct/2018:19:34:16 -0700] "GET /auth.log/auth.log.gz HTTP/1.0" 200 553926 "http://www.secrepo.com/" "Mozilla/5.0 (Windows NT 6.3; Win64; x64) AppleWebKit/537.36 (KHTML, like Gecko) Chrome/67.0.3396.99 Safari/537.36" 
23.244.230.178 - - [07/Oct/2018:19:34:21 -0700] "GET /squid/access.log.gz HTTP/1.0" 200 3027825 "http://www.secrepo.com/" "Mozilla/5.0 (Windows NT 6.3; Win64; x64) AppleWebKit/537.36 (KHTML, like Gecko) Chrome/67.0.3396.99 Safari/537.36" 
138.128.67.109 - - [07/Oct/2018:19:34:26 -0700] "GET /self.logs/ HTTP/1.0" 200 12468 "http://www.secrepo.com/" "Mozilla/5.0 (Windows NT 6.3; Win64; x64) AppleWebKit/537.36 (KHTML, like Gecko) Chrome/67.0.3396.99 Safari/537.36" 
138.128.67.109 - - [07/Oct/2018:19:34:29 -0700] "GET /Datasets%20Description/PE_malware/OPCleaver.html HTTP/1.0" 200 1315 "http://www.secrepo.com/" "Mozilla/5.0 (Windows NT 6.3; Win64; x64) AppleWebKit/537.36 (KHTML, like Gecko) Chrome/67.0.3396.99 Safari/537.36" 
138.128.67.109 - - [07/Oct/2018:19:34:30 -0700] "GET /pe_static/op-cleaver.zip HTTP/1.0" 200 710028 "http://www.secrepo.com/" "Mozilla/5.0 (Windows NT 6.3; Win64; x64) AppleWebKit/537.36 (KHTML, like Gecko) Chrome/67.0.3396.99 Safari/537.36" 
138.128.67.109 - - [07/Oct/2018:19:34:33 -0700] "GET /Datasets%20Description/PE_malware/VirusShare.html HTTP/1.0" 200 1508 "http://www.secrepo.com/" "Mozilla/5.0 (Windows NT 6.3; Win64; x64) AppleWebKit/537.36 (KHTML, like Gecko) Chrome/67.0.3396.99 Safari/537.36" 
138.128.67.109 - - [07/Oct/2018:19:34:34 -0700] "GET /pe_static/apt1.zip HTTP/1.0" 200 1983291 "http://www.secrepo.com/" "Mozilla/5.0 (Windows NT 6.3; Win64; x64) AppleWebKit/537.36 (KHTML, like Gecko) Chrome/67.0.3396.99 Safari/537.36" 
138.128.67.109 - - [07/Oct/2018:19:34:45 -0700] "GET /Datasets%20Description/PE_malware/Zeus.html HTTP/1.0" 200 1555 "http://www.secrepo.com/" "Mozilla/5.0 (Windows NT 6.3; Win64; x64) AppleWebKit/537.36 (KHTML, like Gecko) Chrome/67.0.3396.99 Safari/537.36" 
138.128.67.109 - - [07/Oct/2018:19:34:45 -0700] "GET /pe_static/zeus.zip HTTP/1.0" 200 3095200 "http://www.secrepo.com/" "Mozilla/5.0 (Windows NT 6.3; Win64; x64) AppleWebKit/537.36 (KHTML, like Gecko) Chrome/67.0.3396.99 Safari/537.36" 
138.128.67.109 - - [07/Oct/2018:19:34:53 -0700] "GET /scada/scada_logs.zip HTTP/1.0" 200 364864 "http://www.secrepo.com/" "Mozilla/5.0 (Windows NT 6.3; Win64; x64) AppleWebKit/537.36 (KHTML, like Gecko) Chrome/67.0.3396.99 Safari/537.36" 
138.128.67.109 - - [07/Oct/2018:19:34:56 -0700] "GET /domaindata/domainmovement.zip HTTP/1.0" 200 2785680 "http://www.secrepo.com/" "Mozilla/5.0 (Windows NT 6.3; Win64; x64) AppleWebKit/537.36 (KHTML, like Gecko) Chrome/67.0.3396.99 Safari/537.36" 
138.128.67.109 - - [07/Oct/2018:19:35:03 -0700] "GET /misc/zeus_dga_domains.txt.zip HTTP/1.0" 200 593706 "http://www.secrepo.com/" "Mozilla/5.0 (Windows NT 6.3; Win64; x64) AppleWebKit/537.36 (KHTML, like Gecko) Chrome/67.0.3396.99 Safari/537.36" 
138.128.67.109 - - [07/Oct/2018:19:35:05 -0700] "GET /tg/tg_snort_full.7z HTTP/1.0" 200 5536320 "http://www.secrepo.com/" "Mozilla/5.0 (Windows NT 6.3; Win64; x64) AppleWebKit/537.36 (KHTML, like Gecko) Chrome/67.0.3396.99 Safari/537.36" 
138.128.67.109 - - [07/Oct/2018:19:35:24 -0700] "GET /tg/tg_snort_fast.7z HTTP/1.0" 200 3826660 "http://www.secrepo.com/" "Mozilla/5.0 (Windows NT 6.3; Win64; x64) AppleWebKit/537.36 (KHTML, like Gecko) Chrome/67.0.3396.99 Safari/537.36" 
183.3.205.29 - - [07/Oct/2018:19:35:27 -0700] "GET //dede/login.php HTTP/1.1" 404 295 "-" "Mozilla/4.0 (compatible; Win32; WinHttp.WinHttpRequest.5)" 
138.128.67.109 - - [07/Oct/2018:19:35:29 -0700] "GET /Datasets%20Description/HTML_Bro_log_2 HTTP/1.0" 301 515 "http://www.secrepo.com/" "Mozilla/5.0 (Windows NT 6.3; Win64; x64) AppleWebKit/537.36 (KHTML, like Gecko) Chrome/67.0.3396.99 Safari/537.36" 
138.128.67.109 - - [07/Oct/2018:19:35:29 -0700] "GET /Datasets%20Description/HTML_Bro_log_2/ HTTP/1.0" 200 696 "http://www.secrepo.com/Datasets%20Description/HTML_Bro_log_2" "Mozilla/5.0 (Windows NT 6.3; Win64; x64) AppleWebKit/537.36 (KHTML, like Gecko) Chrome/67.0.3396.99 Safari/537.36" 
138.128.67.109 - - [07/Oct/2018:19:35:29 -0700] "GET /tg/c.zip HTTP/1.0" 200 5213660 "http://www.secrepo.com/" "Mozilla/5.0 (Windows NT 6.3; Win64; x64) AppleWebKit/537.36 (KHTML, like Gecko) Chrome/67.0.3396.99 Safari/537.36" 
138.128.67.109 - - [07/Oct/2018:19:35:46 -0700] "GET /tg/b.zip HTTP/1.0" 200 4307000 "http://www.secrepo.com/" "Mozilla/5.0 (Windows NT 6.3; Win64; x64) AppleWebKit/537.36 (KHTML, like Gecko) Chrome/67.0.3396.99 Safari/537.36" 
216.244.66.245 - - [07/Oct/2018:19:38:41 -0700] "GET /self.logs/2015/?C=S;O=D HTTP/1.1" 200 67417 "-" "Mozilla/5.0 (compatible; DotBot/1.1; http://www.opensiteexplorer.org/dotbot, help@moz.com)" 
54.36.148.252 - - [07/Oct/2018:19:39:58 -0700] "GET /self.logs/access.log.2016-09-22.gz HTTP/1.1" 404 284 "-" "Mozilla/5.0 (compatible; AhrefsBot/5.2; +http://ahrefs.com/robot/)" 
113.140.11.120 - - [07/Oct/2018:19:42:26 -0700] "GET / HTTP/1.1" 200 12383 "-" "Mozilla/5.0 (Windows NT 6.1; WOW64) AppleWebKit/537.36 (KHTML, like Gecko) Chrome/58.0.3029.110 Safari/537.36 SE 2.X MetaSr 1.0" 
113.140.11.120 - - [07/Oct/2018:19:42:27 -0700] "GET /twitter-icon.png HTTP/1.1" 200 27787 "http://www.secrepo.com/" "Mozilla/5.0 (Windows NT 6.1; WOW64) AppleWebKit/537.36 (KHTML, like Gecko) Chrome/58.0.3029.110 Safari/537.36 SE 2.X MetaSr 1.0" 
