80.11.181.193 - - [09/Apr/2018:01:23:29 -0700] "GET /self.logs/access.log.2017-11-28.gz HTTP/1.1" 200 23690 "-" "Python-urllib/3.5" 
80.11.181.193 - - [09/Apr/2018:01:23:29 -0700] "GET /self.logs/access.log.2017-11-29.gz HTTP/1.1" 200 20612 "-" "Python-urllib/3.5" 
80.11.181.193 - - [09/Apr/2018:01:23:30 -0700] "GET /self.logs/access.log.2017-11-30.gz HTTP/1.1" 200 21521 "-" "Python-urllib/3.5" 
80.11.181.193 - - [09/Apr/2018:01:23:31 -0700] "GET /self.logs/access.log.2017-12-01.gz HTTP/1.1" 200 21842 "-" "Python-urllib/3.5" 
80.11.181.193 - - [09/Apr/2018:01:23:32 -0700] "GET /self.logs/access.log.2017-12-02.gz HTTP/1.1" 200 15228 "-" "Python-urllib/3.5" 
80.11.181.193 - - [09/Apr/2018:01:23:32 -0700] "GET /self.logs/access.log.2017-12-03.gz HTTP/1.1" 200 19195 "-" "Python-urllib/3.5" 
80.11.181.193 - - [09/Apr/2018:01:23:33 -0700] "GET /self.logs/access.log.2017-12-04.gz HTTP/1.1" 200 24578 "-" "Python-urllib/3.5" 
80.11.181.193 - - [09/Apr/2018:01:23:34 -0700] "GET /self.logs/access.log.2017-12-05.gz HTTP/1.1" 200 25500 "-" "Python-urllib/3.5" 
80.11.181.193 - - [09/Apr/2018:01:23:35 -0700] "GET /self.logs/access.log.2017-12-06.gz HTTP/1.1" 200 32759 "-" "Python-urllib/3.5" 
80.11.181.193 - - [09/Apr/2018:01:23:36 -0700] "GET /self.logs/access.log.2017-12-07.gz HTTP/1.1" 200 57637 "-" "Python-urllib/3.5" 
80.11.181.193 - - [09/Apr/2018:01:23:37 -0700] "GET /self.logs/access.log.2017-12-08.gz HTTP/1.1" 200 69307 "-" "Python-urllib/3.5" 
80.11.181.193 - - [09/Apr/2018:01:23:38 -0700] "GET /self.logs/access.log.2017-12-09.gz HTTP/1.1" 200 48246 "-" "Python-urllib/3.5" 
80.11.181.193 - - [09/Apr/2018:01:23:39 -0700] "GET /self.logs/access.log.2017-12-10.gz HTTP/1.1" 200 21579 "-" "Python-urllib/3.5" 
80.11.181.193 - - [09/Apr/2018:01:23:39 -0700] "GET /self.logs/access.log.2017-12-11.gz HTTP/1.1" 200 31327 "-" "Python-urllib/3.5" 
80.11.181.193 - - [09/Apr/2018:01:23:40 -0700] "GET /self.logs/access.log.2017-12-12.gz HTTP/1.1" 200 38567 "-" "Python-urllib/3.5" 
80.11.181.193 - - [09/Apr/2018:01:23:50 -0700] "GET /self.logs/access.log.2017-12-13.gz HTTP/1.1" 200 32421 "-" "Python-urllib/3.5" 
80.11.181.193 - - [09/Apr/2018:01:23:51 -0700] "GET /self.logs/access.log.2017-12-14.gz HTTP/1.1" 200 24781 "-" "Python-urllib/3.5" 
80.11.181.193 - - [09/Apr/2018:01:23:52 -0700] "GET /self.logs/access.log.2017-12-15.gz HTTP/1.1" 200 24439 "-" "Python-urllib/3.5" 
80.11.181.193 - - [09/Apr/2018:01:23:53 -0700] "GET /self.logs/access.log.2017-12-16.gz HTTP/1.1" 200 19512 "-" "Python-urllib/3.5" 
80.11.181.193 - - [09/Apr/2018:01:23:53 -0700] "GET /self.logs/access.log.2017-12-17.gz HTTP/1.1" 200 21229 "-" "Python-urllib/3.5" 
80.11.181.193 - - [09/Apr/2018:01:23:54 -0700] "GET /self.logs/access.log.2017-12-18.gz HTTP/1.1" 200 22587 "-" "Python-urllib/3.5" 
80.11.181.193 - - [09/Apr/2018:01:23:55 -0700] "GET /self.logs/access.log.2017-12-19.gz HTTP/1.1" 200 24100 "-" "Python-urllib/3.5" 
80.11.181.193 - - [09/Apr/2018:01:23:55 -0700] "GET /self.logs/access.log.2017-12-20.gz HTTP/1.1" 200 24741 "-" "Python-urllib/3.5" 
80.11.181.193 - - [09/Apr/2018:01:23:56 -0700] "GET /self.logs/access.log.2017-12-21.gz HTTP/1.1" 200 23891 "-" "Python-urllib/3.5" 
80.11.181.193 - - [09/Apr/2018:01:23:57 -0700] "GET /self.logs/access.log.2017-12-22.gz HTTP/1.1" 200 19134 "-" "Python-urllib/3.5" 
80.11.181.193 - - [09/Apr/2018:01:23:57 -0700] "GET /self.logs/access.log.2017-12-23.gz HTTP/1.1" 200 19151 "-" "Python-urllib/3.5" 
80.11.181.193 - - [09/Apr/2018:01:23:58 -0700] "GET /self.logs/access.log.2017-12-24.gz HTTP/1.1" 200 15277 "-" "Python-urllib/3.5" 
80.11.181.193 - - [09/Apr/2018:01:23:59 -0700] "GET /self.logs/access.log.2017-12-25.gz HTTP/1.1" 200 17506 "-" "Python-urllib/3.5" 
80.11.181.193 - - [09/Apr/2018:01:23:59 -0700] "GET /self.logs/access.log.2017-12-26.gz HTTP/1.1" 200 100326 "-" "Python-urllib/3.5" 
80.11.181.193 - - [09/Apr/2018:01:24:01 -0700] "GET /self.logs/access.log.2017-12-27.gz HTTP/1.1" 200 20472 "-" "Python-urllib/3.5" 
80.11.181.193 - - [09/Apr/2018:01:24:01 -0700] "GET /self.logs/access.log.2017-12-28.gz HTTP/1.1" 200 23965 "-" "Python-urllib/3.5" 
80.11.181.193 - - [09/Apr/2018:01:24:02 -0700] "GET /self.logs/access.log.2017-12-29.gz HTTP/1.1" 200 20117 "-" "Python-urllib/3.5" 
80.11.181.193 - - [09/Apr/2018:01:24:03 -0700] "GET /self.logs/access.log.2017-12-30.gz HTTP/1.1" 200 15008 "-" "Python-urllib/3.5" 
80.11.181.193 - - [09/Apr/2018:01:24:03 -0700] "GET /self.logs/access.log.2017-12-31.gz HTTP/1.1" 200 18649 "-" "Python-urllib/3.5" 
80.11.181.193 - - [09/Apr/2018:01:24:04 -0700] "GET /self.logs/access.log.2018-01-01.gz HTTP/1.1" 200 25036 "-" "Python-urllib/3.5" 
80.11.181.193 - - [09/Apr/2018:01:24:05 -0700] "GET /self.logs/access.log.2018-01-02.gz HTTP/1.1" 200 25121 "-" "Python-urllib/3.5" 
80.11.181.193 - - [09/Apr/2018:01:24:05 -0700] "GET /self.logs/access.log.2018-01-03.gz HTTP/1.1" 200 27740 "-" "Python-urllib/3.5" 
80.11.181.193 - - [09/Apr/2018:01:24:06 -0700] "GET /self.logs/access.log.2018-01-04.gz HTTP/1.1" 200 25258 "-" "Python-urllib/3.5" 
80.11.181.193 - - [09/Apr/2018:01:24:07 -0700] "GET /self.logs/access.log.2018-01-05.gz HTTP/1.1" 200 25277 "-" "Python-urllib/3.5" 
80.11.181.193 - - [09/Apr/2018:01:24:08 -0700] "GET /self.logs/access.log.2018-01-06.gz HTTP/1.1" 200 37141 "-" "Python-urllib/3.5" 
80.11.181.193 - - [09/Apr/2018:01:24:08 -0700] "GET /self.logs/access.log.2018-01-07.gz HTTP/1.1" 200 30948 "-" "Python-urllib/3.5" 
80.11.181.193 - - [09/Apr/2018:01:24:09 -0700] "GET /self.logs/access.log.2018-01-08.gz HTTP/1.1" 200 39174 "-" "Python-urllib/3.5" 
80.11.181.193 - - [09/Apr/2018:01:24:10 -0700] "GET /self.logs/access.log.2018-01-09.gz HTTP/1.1" 200 24691 "-" "Python-urllib/3.5" 
80.11.181.193 - - [09/Apr/2018:01:24:11 -0700] "GET /self.logs/access.log.2018-01-10.gz HTTP/1.1" 200 21163 "-" "Python-urllib/3.5" 
80.11.181.193 - - [09/Apr/2018:01:24:12 -0700] "GET /self.logs/access.log.2018-01-11.gz HTTP/1.1" 200 22037 "-" "Python-urllib/3.5" 
80.11.181.193 - - [09/Apr/2018:01:24:12 -0700] "GET /self.logs/access.log.2018-01-12.gz HTTP/1.1" 200 18814 "-" "Python-urllib/3.5" 
80.11.181.193 - - [09/Apr/2018:01:24:13 -0700] "GET /self.logs/access.log.2018-01-13.gz HTTP/1.1" 200 20271 "-" "Python-urllib/3.5" 
80.11.181.193 - - [09/Apr/2018:01:24:14 -0700] "GET /self.logs/access.log.2018-01-14.gz HTTP/1.1" 200 18843 "-" "Python-urllib/3.5" 
80.11.181.193 - - [09/Apr/2018:01:24:15 -0700] "GET /self.logs/access.log.2018-01-15.gz HTTP/1.1" 200 30267 "-" "Python-urllib/3.5" 
80.11.181.193 - - [09/Apr/2018:01:24:16 -0700] "GET /self.logs/access.log.2018-01-16.gz HTTP/1.1" 200 30155 "-" "Python-urllib/3.5" 
80.11.181.193 - - [09/Apr/2018:01:24:17 -0700] "GET /self.logs/access.log.2018-01-17.gz HTTP/1.1" 200 31030 "-" "Python-urllib/3.5" 
80.11.181.193 - - [09/Apr/2018:01:24:18 -0700] "GET /self.logs/access.log.2018-01-18.gz HTTP/1.1" 200 26964 "-" "Python-urllib/3.5" 
80.11.181.193 - - [09/Apr/2018:01:24:19 -0700] "GET /self.logs/access.log.2018-01-19.gz HTTP/1.1" 200 23878 "-" "Python-urllib/3.5" 
80.11.181.193 - - [09/Apr/2018:01:24:20 -0700] "GET /self.logs/access.log.2018-01-20.gz HTTP/1.1" 200 18766 "-" "Python-urllib/3.5" 
80.11.181.193 - - [09/Apr/2018:01:24:21 -0700] "GET /self.logs/access.log.2018-01-21.gz HTTP/1.1" 200 24641 "-" "Python-urllib/3.5" 
80.11.181.193 - - [09/Apr/2018:01:24:22 -0700] "GET /self.logs/access.log.2018-01-22.gz HTTP/1.1" 200 28348 "-" "Python-urllib/3.5" 
80.11.181.193 - - [09/Apr/2018:01:24:23 -0700] "GET /self.logs/access.log.2018-01-23.gz HTTP/1.1" 200 31779 "-" "Python-urllib/3.5" 
80.11.181.193 - - [09/Apr/2018:01:24:25 -0700] "GET /self.logs/access.log.2018-01-24.gz HTTP/1.1" 200 25861 "-" "Python-urllib/3.5" 
80.11.181.193 - - [09/Apr/2018:01:24:27 -0700] "GET /self.logs/access.log.2018-01-25.gz HTTP/1.1" 200 20865 "-" "Python-urllib/3.5" 
80.11.181.193 - - [09/Apr/2018:01:24:28 -0700] "GET /self.logs/access.log.2018-01-26.gz HTTP/1.1" 200 36928 "-" "Python-urllib/3.5" 
80.11.181.193 - - [09/Apr/2018:01:24:29 -0700] "GET /self.logs/access.log.2018-01-27.gz HTTP/1.1" 200 15412 "-" "Python-urllib/3.5" 
216.244.66.227 - - [09/Apr/2018:01:24:30 -0700] "GET /self.logs/access.log.2017-01-21.gz HTTP/1.1" 200 19478 "-" "Mozilla/5.0 (compatible; DotBot/1.1; http://www.opensiteexplorer.org/dotbot, help@moz.com)" 
80.11.181.193 - - [09/Apr/2018:01:24:30 -0700] "GET /self.logs/access.log.2018-01-28.gz HTTP/1.1" 200 18032 "-" "Python-urllib/3.5" 
80.11.181.193 - - [09/Apr/2018:01:24:31 -0700] "GET /self.logs/access.log.2018-01-29.gz HTTP/1.1" 200 22398 "-" "Python-urllib/3.5" 
216.244.66.227 - - [09/Apr/2018:01:24:31 -0700] "GET /self.logs/access.log.2017-02-13.gz HTTP/1.1" 200 25367 "-" "Mozilla/5.0 (compatible; DotBot/1.1; http://www.opensiteexplorer.org/dotbot, help@moz.com)" 
80.11.181.193 - - [09/Apr/2018:01:24:31 -0700] "GET /self.logs/access.log.2018-01-30.gz HTTP/1.1" 200 22309 "-" "Python-urllib/3.5" 
80.11.181.193 - - [09/Apr/2018:01:24:33 -0700] "GET /self.logs/access.log.2018-01-31.gz HTTP/1.1" 200 37078 "-" "Python-urllib/3.5" 
216.244.66.227 - - [09/Apr/2018:01:24:33 -0700] "GET /self.logs/error.log.2017-06-04.gz HTTP/1.1" 200 992 "-" "Mozilla/5.0 (compatible; DotBot/1.1; http://www.opensiteexplorer.org/dotbot, help@moz.com)" 
216.244.66.227 - - [09/Apr/2018:01:24:34 -0700] "GET /self.logs/error.log.2017-07-15.gz HTTP/1.1" 200 749 "-" "Mozilla/5.0 (compatible; DotBot/1.1; http://www.opensiteexplorer.org/dotbot, help@moz.com)" 
80.11.181.193 - - [09/Apr/2018:01:24:35 -0700] "GET /self.logs/access.log.2018-02-01.gz HTTP/1.1" 200 30761 "-" "Python-urllib/3.5" 
216.244.66.227 - - [09/Apr/2018:01:24:36 -0700] "GET /self.logs/error.log.2017-07-30.gz HTTP/1.1" 200 874 "-" "Mozilla/5.0 (compatible; DotBot/1.1; http://www.opensiteexplorer.org/dotbot, help@moz.com)" 
80.11.181.193 - - [09/Apr/2018:01:24:36 -0700] "GET /self.logs/access.log.2018-02-02.gz HTTP/1.1" 200 24481 "-" "Python-urllib/3.5" 
216.244.66.227 - - [09/Apr/2018:01:24:37 -0700] "GET /self.logs/error.log.2017-12-12.gz HTTP/1.1" 200 1700 "-" "Mozilla/5.0 (compatible; DotBot/1.1; http://www.opensiteexplorer.org/dotbot, help@moz.com)" 
80.11.181.193 - - [09/Apr/2018:01:24:38 -0700] "GET /self.logs/access.log.2018-02-03.gz HTTP/1.1" 200 22964 "-" "Python-urllib/3.5" 
216.244.66.227 - - [09/Apr/2018:01:24:39 -0700] "GET /self.logs/error.log.2017-12-16.gz HTTP/1.1" 200 1930 "-" "Mozilla/5.0 (compatible; DotBot/1.1; http://www.opensiteexplorer.org/dotbot, help@moz.com)" 
80.11.181.193 - - [09/Apr/2018:01:24:39 -0700] "GET /self.logs/access.log.2018-02-04.gz HTTP/1.1" 200 21532 "-" "Python-urllib/3.5" 
80.11.181.193 - - [09/Apr/2018:01:24:41 -0700] "GET /self.logs/access.log.2018-02-05.gz HTTP/1.1" 200 21880 "-" "Python-urllib/3.5" 
80.11.181.193 - - [09/Apr/2018:01:24:42 -0700] "GET /self.logs/access.log.2018-02-06.gz HTTP/1.1" 200 29185 "-" "Python-urllib/3.5" 
80.11.181.193 - - [09/Apr/2018:01:24:43 -0700] "GET /self.logs/access.log.2018-02-07.gz HTTP/1.1" 200 29329 "-" "Python-urllib/3.5" 
80.11.181.193 - - [09/Apr/2018:01:24:45 -0700] "GET /self.logs/access.log.2018-02-08.gz HTTP/1.1" 200 21748 "-" "Python-urllib/3.5" 
80.11.181.193 - - [09/Apr/2018:01:24:46 -0700] "GET /self.logs/access.log.2018-02-09.gz HTTP/1.1" 200 20893 "-" "Python-urllib/3.5" 
80.11.181.193 - - [09/Apr/2018:01:24:49 -0700] "GET /self.logs/access.log.2018-02-10.gz HTTP/1.1" 200 15070 "-" "Python-urllib/3.5" 
80.11.181.193 - - [09/Apr/2018:01:24:50 -0700] "GET /self.logs/access.log.2018-02-11.gz HTTP/1.1" 200 29442 "-" "Python-urllib/3.5" 
80.11.181.193 - - [09/Apr/2018:01:24:52 -0700] "GET /self.logs/access.log.2018-02-12.gz HTTP/1.1" 200 21525 "-" "Python-urllib/3.5" 
80.11.181.193 - - [09/Apr/2018:01:24:54 -0700] "GET /self.logs/access.log.2018-02-13.gz HTTP/1.1" 200 38064 "-" "Python-urllib/3.5" 
80.11.181.193 - - [09/Apr/2018:01:24:56 -0700] "GET /self.logs/access.log.2018-02-14.gz HTTP/1.1" 200 21620 "-" "Python-urllib/3.5" 
80.11.181.193 - - [09/Apr/2018:01:24:57 -0700] "GET /self.logs/access.log.2018-02-15.gz HTTP/1.1" 200 27548 "-" "Python-urllib/3.5" 
80.11.181.193 - - [09/Apr/2018:01:24:58 -0700] "GET /self.logs/access.log.2018-02-16.gz HTTP/1.1" 200 41313 "-" "Python-urllib/3.5" 
80.11.181.193 - - [09/Apr/2018:01:25:00 -0700] "GET /self.logs/access.log.2018-02-17.gz HTTP/1.1" 200 15094 "-" "Python-urllib/3.5" 
80.11.181.193 - - [09/Apr/2018:01:25:01 -0700] "GET /self.logs/access.log.2018-02-18.gz HTTP/1.1" 200 14796 "-" "Python-urllib/3.5" 
80.11.181.193 - - [09/Apr/2018:01:25:01 -0700] "GET /self.logs/access.log.2018-02-19.gz HTTP/1.1" 200 20132 "-" "Python-urllib/3.5" 
80.11.181.193 - - [09/Apr/2018:01:25:02 -0700] "GET /self.logs/access.log.2018-02-20.gz HTTP/1.1" 200 24318 "-" "Python-urllib/3.5" 
80.11.181.193 - - [09/Apr/2018:01:25:03 -0700] "GET /self.logs/access.log.2018-02-21.gz HTTP/1.1" 200 23975 "-" "Python-urllib/3.5" 
80.11.181.193 - - [09/Apr/2018:01:25:05 -0700] "GET /self.logs/access.log.2018-02-22.gz HTTP/1.1" 200 22452 "-" "Python-urllib/3.5" 
80.11.181.193 - - [09/Apr/2018:01:25:06 -0700] "GET /self.logs/access.log.2018-02-23.gz HTTP/1.1" 200 24874 "-" "Python-urllib/3.5" 
80.11.181.193 - - [09/Apr/2018:01:25:07 -0700] "GET /self.logs/access.log.2018-02-24.gz HTTP/1.1" 200 24115 "-" "Python-urllib/3.5" 
80.11.181.193 - - [09/Apr/2018:01:25:08 -0700] "GET /self.logs/access.log.2018-02-25.gz HTTP/1.1" 200 29540 "-" "Python-urllib/3.5" 
80.11.181.193 - - [09/Apr/2018:01:25:09 -0700] "GET /self.logs/access.log.2018-02-26.gz HTTP/1.1" 200 33078 "-" "Python-urllib/3.5" 
80.11.181.193 - - [09/Apr/2018:01:25:10 -0700] "GET /self.logs/access.log.2018-02-27.gz HTTP/1.1" 200 23611 "-" "Python-urllib/3.5" 
80.11.181.193 - - [09/Apr/2018:01:25:11 -0700] "GET /self.logs/access.log.2018-02-28.gz HTTP/1.1" 200 24477 "-" "Python-urllib/3.5" 
80.11.181.193 - - [09/Apr/2018:01:25:12 -0700] "GET /self.logs/access.log.2018-03-01.gz HTTP/1.1" 200 23646 "-" "Python-urllib/3.5" 
54.36.149.81 - - [09/Apr/2018:01:25:16 -0700] "GET /self.logs/error.log.2017-04-08.gz HTTP/1.1" 200 713 "-" "Mozilla/5.0 (compatible; AhrefsBot/5.2; +http://ahrefs.com/robot/)" 
80.11.181.193 - - [09/Apr/2018:01:25:19 -0700] "GET /self.logs/access.log.2018-03-02.gz HTTP/1.1" 200 16329 "-" "Python-urllib/3.5" 
80.11.181.193 - - [09/Apr/2018:01:25:23 -0700] "GET /self.logs/access.log.2018-03-03.gz HTTP/1.1" 200 16454 "-" "Python-urllib/3.5" 
41.82.0.240 - - [09/Apr/2018:01:25:25 -0700] "HEAD /maccdc2012/http.log.gz HTTP/1.1" 200 302 "-" "Microsoft Office Excel 2013" 
80.11.181.193 - - [09/Apr/2018:01:25:26 -0700] "GET /self.logs/access.log.2018-03-04.gz HTTP/1.1" 200 25933 "-" "Python-urllib/3.5" 
80.11.181.193 - - [09/Apr/2018:01:25:27 -0700] "GET /self.logs/access.log.2018-03-05.gz HTTP/1.1" 200 21146 "-" "Python-urllib/3.5" 
80.11.181.193 - - [09/Apr/2018:01:25:28 -0700] "GET /self.logs/access.log.2018-03-06.gz HTTP/1.1" 200 23865 "-" "Python-urllib/3.5" 
80.11.181.193 - - [09/Apr/2018:01:25:30 -0700] "GET /self.logs/access.log.2018-03-07.gz HTTP/1.1" 200 29309 "-" "Python-urllib/3.5" 
80.11.181.193 - - [09/Apr/2018:01:25:31 -0700] "GET /self.logs/access.log.2018-03-08.gz HTTP/1.1" 200 40412 "-" "Python-urllib/3.5" 
80.11.181.193 - - [09/Apr/2018:01:25:32 -0700] "GET /self.logs/access.log.2018-03-09.gz HTTP/1.1" 200 23461 "-" "Python-urllib/3.5" 
80.11.181.193 - - [09/Apr/2018:01:25:35 -0700] "GET /self.logs/access.log.2018-03-10.gz HTTP/1.1" 200 24352 "-" "Python-urllib/3.5" 
80.11.181.193 - - [09/Apr/2018:01:25:38 -0700] "GET /self.logs/access.log.2018-03-12.gz HTTP/1.1" 200 46296 "-" "Python-urllib/3.5" 
41.82.0.240 - - [09/Apr/2018:01:25:32 -0700] "GET /maccdc2012/http.log.gz HTTP/1.1" 200 229962 "-" "Mozilla/4.0 (compatible; MSIE 7.0; Windows NT 6.2; WOW64; Trident/7.0; .NET4.0C; .NET4.0E; InfoPath.3; .NET CLR 2.0.50727; .NET CLR 3.0.30729; .NET CLR 3.5.30729; ms-office)" 
216.244.66.227 - - [09/Apr/2018:01:25:42 -0700] "GET /self.logs/access.log.2015-05-22.gz HTTP/1.1" 404 239 "-" "Mozilla/5.0 (compatible; DotBot/1.1; http://www.opensiteexplorer.org/dotbot, help@moz.com)" 
216.244.66.227 - - [09/Apr/2018:01:25:43 -0700] "GET /self.logs/access.log.2015-07-15.gz HTTP/1.1" 404 239 "-" "Mozilla/5.0 (compatible; DotBot/1.1; http://www.opensiteexplorer.org/dotbot, help@moz.com)" 
80.11.181.193 - - [09/Apr/2018:01:25:44 -0700] "GET /self.logs/access.log.2018-03-13.gz HTTP/1.1" 200 33474 "-" "Python-urllib/3.5" 
216.244.66.227 - - [09/Apr/2018:01:25:44 -0700] "GET /self.logs/access.log.2015-10-24.gz HTTP/1.1" 404 239 "-" "Mozilla/5.0 (compatible; DotBot/1.1; http://www.opensiteexplorer.org/dotbot, help@moz.com)" 
216.244.66.227 - - [09/Apr/2018:01:25:46 -0700] "GET /self.logs/access.log.2016-04-09.gz HTTP/1.1" 404 239 "-" "Mozilla/5.0 (compatible; DotBot/1.1; http://www.opensiteexplorer.org/dotbot, help@moz.com)" 
216.244.66.227 - - [09/Apr/2018:01:25:46 -0700] "GET /self.logs/access.log.2015-12-09.gz HTTP/1.1" 404 239 "-" "Mozilla/5.0 (compatible; DotBot/1.1; http://www.opensiteexplorer.org/dotbot, help@moz.com)" 
41.82.0.240 - - [09/Apr/2018:01:25:43 -0700] "GET /maccdc2012/http.log.gz HTTP/1.1" 200 56722 "-" "Mozilla/5.0 (Windows NT 10.0; Win64; x64) AppleWebKit/537.36 (KHTML, like Gecko) Chrome/65.0.3325.181 Safari/537.36" 
80.11.181.193 - - [09/Apr/2018:01:25:47 -0700] "GET /self.logs/access.log.2018-03-14.gz HTTP/1.1" 200 54670 "-" "Python-urllib/3.5" 
216.244.66.227 - - [09/Apr/2018:01:25:47 -0700] "GET /self.logs/error.log.2015-02-08.gz HTTP/1.1" 404 239 "-" "Mozilla/5.0 (compatible; DotBot/1.1; http://www.opensiteexplorer.org/dotbot, help@moz.com)" 
216.244.66.227 - - [09/Apr/2018:01:25:48 -0700] "GET /self.logs/error.log.2015-06-01.gz HTTP/1.1" 404 239 "-" "Mozilla/5.0 (compatible; DotBot/1.1; http://www.opensiteexplorer.org/dotbot, help@moz.com)" 
216.244.66.227 - - [09/Apr/2018:01:25:49 -0700] "GET /self.logs/error.log.2016-01-04.gz HTTP/1.1" 404 239 "-" "Mozilla/5.0 (compatible; DotBot/1.1; http://www.opensiteexplorer.org/dotbot, help@moz.com)" 
27.17.72.57 - - [09/Apr/2018:01:25:50 -0700] "GET / HTTP/1.1" 200 11061 "https://blog.csdn.net/omnispace/article/details/54922316" "Mozilla/5.0 (X11; Linux x86_64) AppleWebKit/537.36 (KHTML, like Gecko) Chrome/65.0.3325.181 Safari/537.36" 
216.244.66.227 - - [09/Apr/2018:01:25:50 -0700] "GET /self.logs/error.log.2016-02-02.gz HTTP/1.1" 404 239 "-" "Mozilla/5.0 (compatible; DotBot/1.1; http://www.opensiteexplorer.org/dotbot, help@moz.com)" 
80.11.181.193 - - [09/Apr/2018:01:25:51 -0700] "GET /self.logs/access.log.2018-03-15.gz HTTP/1.1" 200 50453 "-" "Python-urllib/3.5" 
216.244.66.227 - - [09/Apr/2018:01:25:51 -0700] "GET /self.logs/error.log.2016-02-25.gz HTTP/1.1" 404 239 "-" "Mozilla/5.0 (compatible; DotBot/1.1; http://www.opensiteexplorer.org/dotbot, help@moz.com)" 
27.17.72.57 - - [09/Apr/2018:01:25:51 -0700] "GET /twitter-icon.png HTTP/1.1" 200 27787 "http://www.secrepo.com/" "Mozilla/5.0 (X11; Linux x86_64) AppleWebKit/537.36 (KHTML, like Gecko) Chrome/65.0.3325.181 Safari/537.36" 
27.17.72.57 - - [09/Apr/2018:01:25:51 -0700] "GET /GitHub-Mark.png HTTP/1.1" 200 7428 "http://www.secrepo.com/" "Mozilla/5.0 (X11; Linux x86_64) AppleWebKit/537.36 (KHTML, like Gecko) Chrome/65.0.3325.181 Safari/537.36" 
216.244.66.227 - - [09/Apr/2018:01:25:52 -0700] "GET /self.logs/error.log.2016-09-11.gz HTTP/1.1" 404 239 "-" "Mozilla/5.0 (compatible; DotBot/1.1; http://www.opensiteexplorer.org/dotbot, help@moz.com)" 
216.244.66.227 - - [09/Apr/2018:01:25:53 -0700] "GET /self.logs/error.log.2016-10-02.gz HTTP/1.1" 404 239 "-" "Mozilla/5.0 (compatible; DotBot/1.1; http://www.opensiteexplorer.org/dotbot, help@moz.com)" 
41.82.0.240 - - [09/Apr/2018:01:25:51 -0700] "GET /maccdc2012/files.log.gz HTTP/1.1" 200 79442 "-" "Mozilla/4.0 (compatible; MSIE 7.0; Windows NT 6.2; WOW64; Trident/7.0; .NET4.0C; .NET4.0E; InfoPath.3; .NET CLR 2.0.50727; .NET CLR 3.0.30729; .NET CLR 3.5.30729; ms-office)" 
41.82.0.240 - - [09/Apr/2018:01:25:56 -0700] "GET /maccdc2012/files.log.gz HTTP/1.1" 200 56722 "-" "Mozilla/5.0 (Windows NT 10.0; Win64; x64) AppleWebKit/537.36 (KHTML, like Gecko) Chrome/65.0.3325.181 Safari/537.36" 
80.11.181.193 - - [09/Apr/2018:01:26:00 -0700] "GET /self.logs/access.log.2018-03-16.gz HTTP/1.1" 200 21480 "-" "Python-urllib/3.5" 
80.11.181.193 - - [09/Apr/2018:01:26:05 -0700] "GET /self.logs/access.log.2018-03-17.gz HTTP/1.1" 200 28107 "-" "Python-urllib/3.5" 
27.17.72.57 - - [09/Apr/2018:01:26:07 -0700] "GET /bootstrap/img/favicon.ico HTTP/1.1" 200 590 "http://www.secrepo.com/" "Mozilla/5.0 (X11; Linux x86_64) AppleWebKit/537.36 (KHTML, like Gecko) Chrome/65.0.3325.181 Safari/537.36" 
80.11.181.193 - - [09/Apr/2018:01:26:39 -0700] "GET /self.logs/access.log.2018-03-18.gz HTTP/1.1" 200 24861 "-" "Python-urllib/3.5" 
80.11.181.193 - - [09/Apr/2018:01:26:48 -0700] "GET /self.logs/access.log.2018-03-19.gz HTTP/1.1" 200 22141 "-" "Python-urllib/3.5" 
80.11.181.193 - - [09/Apr/2018:01:26:57 -0700] "GET /self.logs/access.log.2018-03-20.gz HTTP/1.1" 200 21025 "-" "Python-urllib/3.5" 
80.11.181.193 - - [09/Apr/2018:01:27:02 -0700] "GET /self.logs/access.log.2018-03-21.gz HTTP/1.1" 200 22084 "-" "Python-urllib/3.5" 
80.11.181.193 - - [09/Apr/2018:01:27:09 -0700] "GET /self.logs/access.log.2018-03-22.gz HTTP/1.1" 200 19033 "-" "Python-urllib/3.5" 
80.11.181.193 - - [09/Apr/2018:01:27:23 -0700] "GET /self.logs/access.log.2018-03-23.gz HTTP/1.1" 200 16382 "-" "Python-urllib/3.5" 
80.11.181.193 - - [09/Apr/2018:01:27:31 -0700] "GET /self.logs/access.log.2018-03-24.gz HTTP/1.1" 200 31503 "-" "Python-urllib/3.5" 
80.11.181.193 - - [09/Apr/2018:01:27:37 -0700] "GET /self.logs/access.log.2018-03-25.gz HTTP/1.1" 200 17192 "-" "Python-urllib/3.5" 
80.11.181.193 - - [09/Apr/2018:01:27:43 -0700] "GET /self.logs/access.log.2018-03-26.gz HTTP/1.1" 200 21060 "-" "Python-urllib/3.5" 
80.11.181.193 - - [09/Apr/2018:01:27:49 -0700] "GET /self.logs/access.log.2018-03-27.gz HTTP/1.1" 200 37272 "-" "Python-urllib/3.5" 
80.11.181.193 - - [09/Apr/2018:01:27:56 -0700] "GET /self.logs/access.log.2018-03-28.gz HTTP/1.1" 200 27465 "-" "Python-urllib/3.5" 
54.36.148.123 - - [09/Apr/2018:01:27:58 -0700] "GET /self.logs/error.log.2017-04-07.gz HTTP/1.1" 200 803 "-" "Mozilla/5.0 (compatible; AhrefsBot/5.2; +http://ahrefs.com/robot/)" 
80.11.181.193 - - [09/Apr/2018:01:28:03 -0700] "GET /self.logs/access.log.2018-03-29.gz HTTP/1.1" 200 20978 "-" "Python-urllib/3.5" 
80.11.181.193 - - [09/Apr/2018:01:28:12 -0700] "GET /self.logs/access.log.2018-03-30.gz HTTP/1.1" 200 18729 "-" "Python-urllib/3.5" 
80.11.181.193 - - [09/Apr/2018:01:28:19 -0700] "GET /self.logs/access.log.2018-03-31.gz HTTP/1.1" 200 16020 "-" "Python-urllib/3.5" 
80.11.181.193 - - [09/Apr/2018:01:28:27 -0700] "GET /self.logs/access.log.2018-04-01.gz HTTP/1.1" 200 18535 "-" "Python-urllib/3.5" 
80.11.181.193 - - [09/Apr/2018:01:28:31 -0700] "GET /self.logs/access.log.2018-04-02.gz HTTP/1.1" 200 20457 "-" "Python-urllib/3.5" 
41.82.0.240 - - [09/Apr/2018:01:20:58 -0700] "GET /maccdc2012/conn.log.gz HTTP/1.1" 200 121364483 "http://www.secrepo.com/" "Mozilla/5.0 (Windows NT 10.0; Win64; x64) AppleWebKit/537.36 (KHTML, like Gecko) Chrome/65.0.3325.181 Safari/537.36" 
80.11.181.193 - - [09/Apr/2018:01:28:37 -0700] "GET /self.logs/access.log.2018-04-03.gz HTTP/1.1" 200 27563 "-" "Python-urllib/3.5" 
80.11.181.193 - - [09/Apr/2018:01:28:44 -0700] "GET /self.logs/access.log.2018-04-04.gz HTTP/1.1" 200 56165 "-" "Python-urllib/3.5" 
80.11.181.193 - - [09/Apr/2018:01:28:48 -0700] "GET /self.logs/access.log.2018-04-05.gz HTTP/1.1" 200 24326 "-" "Python-urllib/3.5" 
113.171.224.176 - - [09/Apr/2018:01:28:49 -0700] "GET /honeypot/Honeypot%20-%20Howto.pdf HTTP/1.1" 200 46720 "-" "Mozilla/5.0 Gecko/20100115 Firefox/3.6" 
80.11.181.193 - - [09/Apr/2018:01:33:29 -0700] "GET /self.logs/access.log.2018-04-03.gz HTTP/1.1" 200 27563 "-" "Python-urllib/3.5" 
80.11.181.193 - - [09/Apr/2018:01:34:00 -0700] "GET /self.logs/access.log.2018-04-03.gz HTTP/1.1" 200 27563 "-" "Python-urllib/3.5" 
168.196.126.2 - - [09/Apr/2018:01:34:26 -0700] "GET /wp-login.php HTTP/1.1" 418 732 "-" "Mozilla/5.0 (Windows NT 6.1; WOW64; rv:40.0) Gecko/20100101 Firefox/40.1" 
45.65.244.126 - - [09/Apr/2018:01:34:26 -0700] "GET / HTTP/1.1" 418 732 "-" "Mozilla/5.0 (Windows NT 6.1; WOW64; rv:40.0) Gecko/20100101 Firefox/40.1" 
80.11.181.193 - - [09/Apr/2018:01:35:03 -0700] "GET /self.logs HTTP/1.1" 301 499 "-" "python-requests/2.18.4" 
80.11.181.193 - - [09/Apr/2018:01:35:03 -0700] "GET /self.logs/ HTTP/1.1" 200 9241 "-" "python-requests/2.18.4" 
80.11.181.193 - - [09/Apr/2018:01:35:03 -0700] "GET /self.logs/access.log.2018-01-01.gz HTTP/1.1" 200 25036 "-" "Python-urllib/3.5" 
80.11.181.193 - - [09/Apr/2018:01:35:05 -0700] "GET /self.logs/access.log.2018-01-02.gz HTTP/1.1" 200 25121 "-" "Python-urllib/3.5" 
80.11.181.193 - - [09/Apr/2018:01:35:06 -0700] "GET /self.logs/access.log.2018-01-03.gz HTTP/1.1" 200 27740 "-" "Python-urllib/3.5" 
80.11.181.193 - - [09/Apr/2018:01:35:06 -0700] "GET /self.logs/access.log.2018-01-04.gz HTTP/1.1" 200 25258 "-" "Python-urllib/3.5" 
80.11.181.193 - - [09/Apr/2018:01:35:07 -0700] "GET /self.logs/access.log.2018-01-05.gz HTTP/1.1" 200 25277 "-" "Python-urllib/3.5" 
80.11.181.193 - - [09/Apr/2018:01:35:07 -0700] "GET /self.logs/access.log.2018-01-06.gz HTTP/1.1" 200 37141 "-" "Python-urllib/3.5" 
80.11.181.193 - - [09/Apr/2018:01:35:08 -0700] "GET /self.logs/access.log.2018-01-07.gz HTTP/1.1" 200 30948 "-" "Python-urllib/3.5" 
80.11.181.193 - - [09/Apr/2018:01:35:08 -0700] "GET /self.logs/access.log.2018-01-08.gz HTTP/1.1" 200 39174 "-" "Python-urllib/3.5" 
80.11.181.193 - - [09/Apr/2018:01:35:09 -0700] "GET /self.logs/access.log.2018-01-09.gz HTTP/1.1" 200 24691 "-" "Python-urllib/3.5" 
80.11.181.193 - - [09/Apr/2018:01:35:10 -0700] "GET /self.logs/access.log.2018-01-10.gz HTTP/1.1" 200 21163 "-" "Python-urllib/3.5" 
80.11.181.193 - - [09/Apr/2018:01:35:10 -0700] "GET /self.logs/access.log.2018-01-11.gz HTTP/1.1" 200 22037 "-" "Python-urllib/3.5" 
80.11.181.193 - - [09/Apr/2018:01:35:11 -0700] "GET /self.logs/access.log.2018-01-12.gz HTTP/1.1" 200 18814 "-" "Python-urllib/3.5" 
80.11.181.193 - - [09/Apr/2018:01:35:11 -0700] "GET /self.logs/access.log.2018-01-13.gz HTTP/1.1" 200 20271 "-" "Python-urllib/3.5" 
80.11.181.193 - - [09/Apr/2018:01:35:12 -0700] "GET /self.logs/access.log.2018-01-14.gz HTTP/1.1" 200 18843 "-" "Python-urllib/3.5" 
80.11.181.193 - - [09/Apr/2018:01:35:12 -0700] "GET /self.logs/access.log.2018-01-15.gz HTTP/1.1" 200 30267 "-" "Python-urllib/3.5" 
80.11.181.193 - - [09/Apr/2018:01:35:13 -0700] "GET /self.logs/access.log.2018-01-16.gz HTTP/1.1" 200 30155 "-" "Python-urllib/3.5" 
80.11.181.193 - - [09/Apr/2018:01:35:13 -0700] "GET /self.logs/access.log.2018-01-17.gz HTTP/1.1" 200 31030 "-" "Python-urllib/3.5" 
80.11.181.193 - - [09/Apr/2018:01:35:13 -0700] "GET /self.logs/access.log.2018-01-18.gz HTTP/1.1" 200 26964 "-" "Python-urllib/3.5" 
80.11.181.193 - - [09/Apr/2018:01:35:14 -0700] "GET /self.logs/access.log.2018-01-19.gz HTTP/1.1" 200 23878 "-" "Python-urllib/3.5" 
80.11.181.193 - - [09/Apr/2018:01:35:14 -0700] "GET /self.logs/access.log.2018-01-20.gz HTTP/1.1" 200 18766 "-" "Python-urllib/3.5" 
80.11.181.193 - - [09/Apr/2018:01:35:15 -0700] "GET /self.logs/access.log.2018-01-21.gz HTTP/1.1" 200 24641 "-" "Python-urllib/3.5" 
80.11.181.193 - - [09/Apr/2018:01:35:15 -0700] "GET /self.logs/access.log.2018-01-22.gz HTTP/1.1" 200 28348 "-" "Python-urllib/3.5" 
80.11.181.193 - - [09/Apr/2018:01:35:15 -0700] "GET /self.logs/access.log.2018-01-23.gz HTTP/1.1" 200 31779 "-" "Python-urllib/3.5" 
80.11.181.193 - - [09/Apr/2018:01:35:16 -0700] "GET /self.logs/access.log.2018-01-24.gz HTTP/1.1" 200 25861 "-" "Python-urllib/3.5" 
80.11.181.193 - - [09/Apr/2018:01:35:16 -0700] "GET /self.logs/access.log.2018-01-25.gz HTTP/1.1" 200 20865 "-" "Python-urllib/3.5" 
80.11.181.193 - - [09/Apr/2018:01:35:17 -0700] "GET /self.logs/access.log.2018-01-26.gz HTTP/1.1" 200 36928 "-" "Python-urllib/3.5" 
80.11.181.193 - - [09/Apr/2018:01:35:17 -0700] "GET /self.logs/access.log.2018-01-27.gz HTTP/1.1" 200 15412 "-" "Python-urllib/3.5" 
80.11.181.193 - - [09/Apr/2018:01:35:18 -0700] "GET /self.logs/access.log.2018-01-28.gz HTTP/1.1" 200 18032 "-" "Python-urllib/3.5" 
80.11.181.193 - - [09/Apr/2018:01:35:18 -0700] "GET /self.logs/access.log.2018-01-29.gz HTTP/1.1" 200 22398 "-" "Python-urllib/3.5" 
80.11.181.193 - - [09/Apr/2018:01:35:18 -0700] "GET /self.logs/access.log.2018-01-30.gz HTTP/1.1" 200 22309 "-" "Python-urllib/3.5" 
80.11.181.193 - - [09/Apr/2018:01:35:19 -0700] "GET /self.logs/access.log.2018-01-31.gz HTTP/1.1" 200 37078 "-" "Python-urllib/3.5" 
52.165.148.51 - - [09/Apr/2018:01:35:29 -0700] "GET / HTTP/1.1" 301 446 "-" "Mozilla/5.0 (Windows NT 6.1; Win64; x64) AppleWebKit/537.36 (KHTML, like Gecko) Chrome/62.0.3202.94 Safari/537.36" 
80.11.181.193 - - [09/Apr/2018:01:35:38 -0700] "GET /self.logs HTTP/1.1" 301 499 "-" "python-requests/2.18.4" 
80.11.181.193 - - [09/Apr/2018:01:35:38 -0700] "GET /self.logs/ HTTP/1.1" 200 9241 "-" "python-requests/2.18.4" 
80.11.181.193 - - [09/Apr/2018:01:35:38 -0700] "GET /self.logs/access.log.2018-02-01.gz HTTP/1.1" 200 30761 "-" "Python-urllib/3.5" 
80.11.181.193 - - [09/Apr/2018:01:35:38 -0700] "GET /self.logs/access.log.2018-02-02.gz HTTP/1.1" 200 24481 "-" "Python-urllib/3.5" 
80.11.181.193 - - [09/Apr/2018:01:35:39 -0700] "GET /self.logs/access.log.2018-02-03.gz HTTP/1.1" 200 22964 "-" "Python-urllib/3.5" 
80.11.181.193 - - [09/Apr/2018:01:35:39 -0700] "GET /self.logs/access.log.2018-02-04.gz HTTP/1.1" 200 21532 "-" "Python-urllib/3.5" 
80.11.181.193 - - [09/Apr/2018:01:35:40 -0700] "GET /self.logs/access.log.2018-02-05.gz HTTP/1.1" 200 21880 "-" "Python-urllib/3.5" 
80.11.181.193 - - [09/Apr/2018:01:35:40 -0700] "GET /self.logs/access.log.2018-02-06.gz HTTP/1.1" 200 29185 "-" "Python-urllib/3.5" 
54.36.148.153 - - [09/Apr/2018:01:35:45 -0700] "GET /self.logs/2016/error.log.2016-05-30.gz HTTP/1.1" 200 869 "-" "Mozilla/5.0 (compatible; AhrefsBot/5.2; +http://ahrefs.com/robot/)" 
80.11.181.193 - - [09/Apr/2018:01:35:52 -0700] "GET /self.logs/access.log.2018-02-07.gz HTTP/1.1" 200 29329 "-" "Python-urllib/3.5" 
80.11.181.193 - - [09/Apr/2018:01:35:53 -0700] "GET /self.logs/access.log.2018-02-08.gz HTTP/1.1" 200 21748 "-" "Python-urllib/3.5" 
80.11.181.193 - - [09/Apr/2018:01:35:53 -0700] "GET /self.logs/access.log.2018-02-09.gz HTTP/1.1" 200 20893 "-" "Python-urllib/3.5" 
80.11.181.193 - - [09/Apr/2018:01:35:53 -0700] "GET /self.logs/access.log.2018-02-10.gz HTTP/1.1" 200 15070 "-" "Python-urllib/3.5" 
80.11.181.193 - - [09/Apr/2018:01:35:54 -0700] "GET /self.logs/access.log.2018-02-11.gz HTTP/1.1" 200 29442 "-" "Python-urllib/3.5" 
80.11.181.193 - - [09/Apr/2018:01:35:54 -0700] "GET /self.logs/access.log.2018-02-12.gz HTTP/1.1" 200 21525 "-" "Python-urllib/3.5" 
80.11.181.193 - - [09/Apr/2018:01:35:55 -0700] "GET /self.logs/access.log.2018-02-13.gz HTTP/1.1" 200 38064 "-" "Python-urllib/3.5" 
80.11.181.193 - - [09/Apr/2018:01:35:55 -0700] "GET /self.logs/access.log.2018-02-14.gz HTTP/1.1" 200 21620 "-" "Python-urllib/3.5" 
80.11.181.193 - - [09/Apr/2018:01:35:55 -0700] "GET /self.logs/access.log.2018-02-15.gz HTTP/1.1" 200 27548 "-" "Python-urllib/3.5" 
80.11.181.193 - - [09/Apr/2018:01:35:56 -0700] "GET /self.logs/access.log.2018-02-16.gz HTTP/1.1" 200 41313 "-" "Python-urllib/3.5" 
80.11.181.193 - - [09/Apr/2018:01:35:56 -0700] "GET /self.logs/access.log.2018-02-17.gz HTTP/1.1" 200 15094 "-" "Python-urllib/3.5" 
80.11.181.193 - - [09/Apr/2018:01:35:57 -0700] "GET /self.logs/access.log.2018-02-18.gz HTTP/1.1" 200 14796 "-" "Python-urllib/3.5" 
80.11.181.193 - - [09/Apr/2018:01:35:57 -0700] "GET /self.logs/access.log.2018-02-19.gz HTTP/1.1" 200 20132 "-" "Python-urllib/3.5" 
80.11.181.193 - - [09/Apr/2018:01:35:57 -0700] "GET /self.logs/access.log.2018-02-20.gz HTTP/1.1" 200 24318 "-" "Python-urllib/3.5" 
80.11.181.193 - - [09/Apr/2018:01:35:58 -0700] "GET /self.logs/access.log.2018-02-21.gz HTTP/1.1" 200 23975 "-" "Python-urllib/3.5" 
80.11.181.193 - - [09/Apr/2018:01:35:58 -0700] "GET /self.logs/access.log.2018-02-22.gz HTTP/1.1" 200 22452 "-" "Python-urllib/3.5" 
80.11.181.193 - - [09/Apr/2018:01:35:59 -0700] "GET /self.logs/access.log.2018-02-23.gz HTTP/1.1" 200 24874 "-" "Python-urllib/3.5" 
80.11.181.193 - - [09/Apr/2018:01:35:59 -0700] "GET /self.logs/access.log.2018-02-24.gz HTTP/1.1" 200 24115 "-" "Python-urllib/3.5" 
80.11.181.193 - - [09/Apr/2018:01:35:59 -0700] "GET /self.logs/access.log.2018-02-25.gz HTTP/1.1" 200 29540 "-" "Python-urllib/3.5" 
80.11.181.193 - - [09/Apr/2018:01:36:00 -0700] "GET /self.logs/access.log.2018-02-26.gz HTTP/1.1" 200 33078 "-" "Python-urllib/3.5" 
80.11.181.193 - - [09/Apr/2018:01:36:00 -0700] "GET /self.logs/access.log.2018-02-27.gz HTTP/1.1" 200 23611 "-" "Python-urllib/3.5" 
80.11.181.193 - - [09/Apr/2018:01:36:01 -0700] "GET /self.logs/access.log.2018-02-28.gz HTTP/1.1" 200 24477 "-" "Python-urllib/3.5" 
80.11.181.193 - - [09/Apr/2018:01:36:29 -0700] "GET /self.logs HTTP/1.1" 301 499 "-" "python-requests/2.18.4" 
80.11.181.193 - - [09/Apr/2018:01:36:29 -0700] "GET /self.logs/ HTTP/1.1" 200 9241 "-" "python-requests/2.18.4" 
80.11.181.193 - - [09/Apr/2018:01:36:30 -0700] "GET /self.logs/access.log.2018-03-01.gz HTTP/1.1" 200 23646 "-" "Python-urllib/3.5" 
80.11.181.193 - - [09/Apr/2018:01:36:30 -0700] "GET /self.logs/access.log.2018-03-02.gz HTTP/1.1" 200 16329 "-" "Python-urllib/3.5" 
80.11.181.193 - - [09/Apr/2018:01:36:31 -0700] "GET /self.logs/access.log.2018-03-03.gz HTTP/1.1" 200 16454 "-" "Python-urllib/3.5" 
80.11.181.193 - - [09/Apr/2018:01:36:31 -0700] "GET /self.logs/access.log.2018-03-04.gz HTTP/1.1" 200 25933 "-" "Python-urllib/3.5" 
80.11.181.193 - - [09/Apr/2018:01:36:31 -0700] "GET /self.logs/access.log.2018-03-05.gz HTTP/1.1" 200 21146 "-" "Python-urllib/3.5" 
80.11.181.193 - - [09/Apr/2018:01:36:32 -0700] "GET /self.logs/access.log.2018-03-06.gz HTTP/1.1" 200 23865 "-" "Python-urllib/3.5" 
80.11.181.193 - - [09/Apr/2018:01:36:32 -0700] "GET /self.logs/access.log.2018-03-07.gz HTTP/1.1" 200 29309 "-" "Python-urllib/3.5" 
80.11.181.193 - - [09/Apr/2018:01:36:32 -0700] "GET /self.logs/access.log.2018-03-08.gz HTTP/1.1" 200 40412 "-" "Python-urllib/3.5" 
80.11.181.193 - - [09/Apr/2018:01:36:33 -0700] "GET /self.logs/access.log.2018-03-09.gz HTTP/1.1" 200 23461 "-" "Python-urllib/3.5" 
80.11.181.193 - - [09/Apr/2018:01:36:33 -0700] "GET /self.logs/access.log.2018-03-10.gz HTTP/1.1" 200 24352 "-" "Python-urllib/3.5" 
80.11.181.193 - - [09/Apr/2018:01:36:34 -0700] "GET /self.logs/access.log.2018-03-12.gz HTTP/1.1" 200 46296 "-" "Python-urllib/3.5" 
80.11.181.193 - - [09/Apr/2018:01:36:34 -0700] "GET /self.logs/access.log.2018-03-13.gz HTTP/1.1" 200 33474 "-" "Python-urllib/3.5" 
80.11.181.193 - - [09/Apr/2018:01:36:35 -0700] "GET /self.logs/access.log.2018-03-14.gz HTTP/1.1" 200 54670 "-" "Python-urllib/3.5" 
80.11.181.193 - - [09/Apr/2018:01:36:37 -0700] "GET /self.logs/access.log.2018-03-15.gz HTTP/1.1" 200 50453 "-" "Python-urllib/3.5" 
80.11.181.193 - - [09/Apr/2018:01:36:38 -0700] "GET /self.logs/access.log.2018-03-16.gz HTTP/1.1" 200 21480 "-" "Python-urllib/3.5" 
80.11.181.193 - - [09/Apr/2018:01:36:38 -0700] "GET /self.logs/access.log.2018-03-17.gz HTTP/1.1" 200 28107 "-" "Python-urllib/3.5" 
80.11.181.193 - - [09/Apr/2018:01:36:38 -0700] "GET /self.logs/access.log.2018-03-18.gz HTTP/1.1" 200 24861 "-" "Python-urllib/3.5" 
80.11.181.193 - - [09/Apr/2018:01:36:39 -0700] "GET /self.logs/access.log.2018-03-19.gz HTTP/1.1" 200 22141 "-" "Python-urllib/3.5" 
80.11.181.193 - - [09/Apr/2018:01:36:39 -0700] "GET /self.logs/access.log.2018-03-20.gz HTTP/1.1" 200 21025 "-" "Python-urllib/3.5" 
80.11.181.193 - - [09/Apr/2018:01:36:40 -0700] "GET /self.logs/access.log.2018-03-21.gz HTTP/1.1" 200 22084 "-" "Python-urllib/3.5" 
80.11.181.193 - - [09/Apr/2018:01:36:40 -0700] "GET /self.logs/access.log.2018-03-22.gz HTTP/1.1" 200 19033 "-" "Python-urllib/3.5" 
80.11.181.193 - - [09/Apr/2018:01:36:40 -0700] "GET /self.logs/access.log.2018-03-23.gz HTTP/1.1" 200 16382 "-" "Python-urllib/3.5" 
80.11.181.193 - - [09/Apr/2018:01:36:41 -0700] "GET /self.logs/access.log.2018-03-24.gz HTTP/1.1" 200 31503 "-" "Python-urllib/3.5" 
80.11.181.193 - - [09/Apr/2018:01:36:41 -0700] "GET /self.logs/access.log.2018-03-25.gz HTTP/1.1" 200 17192 "-" "Python-urllib/3.5" 
80.11.181.193 - - [09/Apr/2018:01:36:42 -0700] "GET /self.logs/access.log.2018-03-26.gz HTTP/1.1" 200 21060 "-" "Python-urllib/3.5" 
80.11.181.193 - - [09/Apr/2018:01:36:42 -0700] "GET /self.logs/access.log.2018-03-27.gz HTTP/1.1" 200 37272 "-" "Python-urllib/3.5" 
80.11.181.193 - - [09/Apr/2018:01:36:43 -0700] "GET /self.logs/access.log.2018-03-28.gz HTTP/1.1" 200 27465 "-" "Python-urllib/3.5" 
80.11.181.193 - - [09/Apr/2018:01:36:43 -0700] "GET /self.logs/access.log.2018-03-29.gz HTTP/1.1" 200 20978 "-" "Python-urllib/3.5" 
80.11.181.193 - - [09/Apr/2018:01:36:44 -0700] "GET /self.logs/access.log.2018-03-30.gz HTTP/1.1" 200 18729 "-" "Python-urllib/3.5" 
80.11.181.193 - - [09/Apr/2018:01:36:44 -0700] "GET /self.logs/access.log.2018-03-31.gz HTTP/1.1" 200 16020 "-" "Python-urllib/3.5" 
81.20.146.51 - - [09/Apr/2018:01:37:26 -0700] "GET / HTTP/1.1" 200 11061 "https://www.google.ee/" "Mozilla/5.0 (Windows NT 10.0; Win64; x64; rv:59.0) Gecko/20100101 Firefox/59.0" 
81.20.146.51 - - [09/Apr/2018:01:37:26 -0700] "GET /twitter-icon.png HTTP/1.1" 200 27787 "http://www.secrepo.com/" "Mozilla/5.0 (Windows NT 10.0; Win64; x64; rv:59.0) Gecko/20100101 Firefox/59.0" 
81.20.146.51 - - [09/Apr/2018:01:37:26 -0700] "GET /GitHub-Mark.png HTTP/1.1" 200 7428 "http://www.secrepo.com/" "Mozilla/5.0 (Windows NT 10.0; Win64; x64; rv:59.0) Gecko/20100101 Firefox/59.0" 
81.20.146.51 - - [09/Apr/2018:01:37:26 -0700] "GET /bootstrap/img/favicon.ico HTTP/1.1" 200 589 "-" "Mozilla/5.0 (Windows NT 10.0; Win64; x64; rv:59.0) Gecko/20100101 Firefox/59.0" 
54.36.149.60 - - [09/Apr/2018:01:38:39 -0700] "GET /self.logs/access.log.2015-11-19.gz HTTP/1.1" 404 284 "-" "Mozilla/5.0 (compatible; AhrefsBot/5.2; +http://ahrefs.com/robot/)" 
80.11.181.193 - - [09/Apr/2018:01:39:32 -0700] "GET /self.logs/access.log.2018-03-01.gz HTTP/1.1" 200 23646 "-" "Python-urllib/3.5" 
80.11.181.193 - - [09/Apr/2018:01:39:38 -0700] "GET /self.logs/access.log.2018-03-02.gz HTTP/1.1" 200 16329 "-" "Python-urllib/3.5" 
80.11.181.193 - - [09/Apr/2018:01:40:56 -0700] "GET /self.logs/access.log.2018-03-02.gz HTTP/1.1" 200 16329 "-" "Python-urllib/3.5" 
138.197.111.93 - - [09/Apr/2018:01:43:16 -0700] "GET / HTTP/1.1" 200 11061 "-" "Mozilla/5.0 (compatible; DnyzBot/1.0) AppleWebKit/537.36 (KHTML, like Gecko) HeadlessChrome/64.0.3282.167 Safari/537.36" 
80.11.181.193 - - [09/Apr/2018:01:44:10 -0700] "GET /self.logs/access.log.2018-03-02.gz HTTP/1.1" 200 16329 "-" "Python-urllib/3.5" 
54.36.148.68 - - [09/Apr/2018:01:51:42 -0700] "GET /self.logs/2015/access.log.2015-03-21.gz HTTP/1.1" 200 2878 "-" "Mozilla/5.0 (compatible; AhrefsBot/5.2; +http://ahrefs.com/robot/)" 
91.121.114.64 - - [09/Apr/2018:01:52:39 -0700] "GET / HTTP/1.1" 301 442 "-" "Mozilla/5.0 (Macintosh; Intel Mac OS X 10_12_6) AppleWebKit/537.36 (KHTML, like Gecko) Chrome/60.0.3112.113 Safari/537.36" 
91.121.114.64 - - [09/Apr/2018:01:52:39 -0700] "GET / HTTP/1.1" 200 37359 "-" "Mozilla/5.0 (Macintosh; Intel Mac OS X 10_12_6) AppleWebKit/537.36 (KHTML, like Gecko) Chrome/60.0.3112.113 Safari/537.36" 
80.11.181.193 - - [09/Apr/2018:01:53:06 -0700] "GET /self.logs/access.log.2018-03-02.gz HTTP/1.1" 200 16329 "-" "Python-urllib/3.5" 
80.11.181.193 - - [09/Apr/2018:01:53:13 -0700] "GET /self.logs/access.log.2018-03-02.gz HTTP/1.1" 200 16329 "-" "Python-urllib/3.5" 
80.11.181.193 - - [09/Apr/2018:01:54:41 -0700] "GET /self.logs/access.log.2018-03-02.gz HTTP/1.1" 200 16329 "-" "Python-urllib/3.5" 
80.11.181.193 - - [09/Apr/2018:01:54:44 -0700] "GET /self.logs/access.log.2018-03-02.gz HTTP/1.1" 200 16329 "-" "Python-urllib/3.5" 
66.249.82.223 - - [09/Apr/2018:01:55:11 -0700] "GET / HTTP/1.1" 200 11061 "-" "Mozilla/5.0 (Linux; Android 6.0.1; SM-J210F Build/MMB29Q) AppleWebKit/537.36 (KHTML, like Gecko) Chrome/52.0.2743.98 Mobile Safari/537.36" 
66.249.82.127 - - [09/Apr/2018:01:55:12 -0700] "GET /twitter-icon.png HTTP/1.1" 200 27788 "http://www.secrepo.com/" "Mozilla/5.0 (Linux; Android 6.0.1; SM-J210F Build/MMB29Q) AppleWebKit/537.36 (KHTML, like Gecko) Chrome/52.0.2743.98 Mobile Safari/537.36" 
66.249.82.127 - - [09/Apr/2018:01:55:12 -0700] "GET /GitHub-Mark.png HTTP/1.1" 200 7428 "http://www.secrepo.com/" "Mozilla/5.0 (Linux; Android 6.0.1; SM-J210F Build/MMB29Q) AppleWebKit/537.36 (KHTML, like Gecko) Chrome/52.0.2743.98 Mobile Safari/537.36" 
66.249.82.127 - - [09/Apr/2018:01:55:15 -0700] "GET /bootstrap/img/favicon.ico HTTP/1.1" 200 590 "http://www.secrepo.com/" "Mozilla/5.0 (Linux; Android 6.0.1; SM-J210F Build/MMB29Q) AppleWebKit/537.36 (KHTML, like Gecko) Chrome/52.0.2743.98 Mobile Safari/537.36" 
80.11.181.193 - - [09/Apr/2018:01:55:34 -0700] "GET /self.logs/access.log.2018-03-02.gz HTTP/1.1" 200 16329 "-" "Python-urllib/3.5" 
80.11.181.193 - - [09/Apr/2018:01:55:52 -0700] "GET /self.logs/access.log.2018-03-02.gz HTTP/1.1" 200 16329 "-" "Python-urllib/3.5" 
80.11.181.193 - - [09/Apr/2018:01:56:15 -0700] "GET /self.logs/access.log.2018-03-02.gz HTTP/1.1" 200 16329 "-" "Python-urllib/3.5" 
80.11.181.193 - - [09/Apr/2018:01:57:03 -0700] "GET /self.logs/access.log.2018-03-02.gz HTTP/1.1" 200 16329 "-" "Python-urllib/3.5" 
80.11.181.193 - - [09/Apr/2018:01:58:07 -0700] "GET /self.logs HTTP/1.1" 301 499 "-" "python-requests/2.18.4" 
80.11.181.193 - - [09/Apr/2018:01:58:07 -0700] "GET /self.logs/ HTTP/1.1" 200 9241 "-" "python-requests/2.18.4" 
80.11.181.193 - - [09/Apr/2018:01:58:10 -0700] "GET /self.logs/access.log.2017-01-01.gz HTTP/1.1" 200 17557 "-" "Python-urllib/3.5" 
80.11.181.193 - - [09/Apr/2018:01:58:11 -0700] "GET /self.logs/access.log.2017-01-02.gz HTTP/1.1" 200 26708 "-" "Python-urllib/3.5" 
80.11.181.193 - - [09/Apr/2018:01:58:11 -0700] "GET /self.logs/access.log.2017-01-03.gz HTTP/1.1" 200 41043 "-" "Python-urllib/3.5" 
80.11.181.193 - - [09/Apr/2018:01:58:12 -0700] "GET /self.logs/access.log.2017-01-04.gz HTTP/1.1" 200 33743 "-" "Python-urllib/3.5" 
80.11.181.193 - - [09/Apr/2018:01:58:12 -0700] "GET /self.logs/access.log.2017-01-05.gz HTTP/1.1" 200 42589 "-" "Python-urllib/3.5" 
80.11.181.193 - - [09/Apr/2018:01:58:13 -0700] "GET /self.logs/access.log.2017-01-06.gz HTTP/1.1" 200 20502 "-" "Python-urllib/3.5" 
80.11.181.193 - - [09/Apr/2018:01:58:13 -0700] "GET /self.logs/access.log.2017-01-07.gz HTTP/1.1" 200 17198 "-" "Python-urllib/3.5" 
80.11.181.193 - - [09/Apr/2018:01:58:13 -0700] "GET /self.logs/access.log.2017-01-08.gz HTTP/1.1" 200 14826 "-" "Python-urllib/3.5" 
80.11.181.193 - - [09/Apr/2018:01:58:14 -0700] "GET /self.logs/access.log.2017-01-09.gz HTTP/1.1" 200 24842 "-" "Python-urllib/3.5" 
80.11.181.193 - - [09/Apr/2018:01:58:14 -0700] "GET /self.logs/access.log.2017-01-10.gz HTTP/1.1" 200 96079 "-" "Python-urllib/3.5" 
80.11.181.193 - - [09/Apr/2018:01:58:16 -0700] "GET /self.logs/access.log.2017-01-11.gz HTTP/1.1" 200 92909 "-" "Python-urllib/3.5" 
80.11.181.193 - - [09/Apr/2018:01:58:17 -0700] "GET /self.logs/access.log.2017-01-12.gz HTTP/1.1" 200 86427 "-" "Python-urllib/3.5" 
80.11.181.193 - - [09/Apr/2018:01:58:18 -0700] "GET /self.logs/access.log.2017-01-13.gz HTTP/1.1" 200 16583 "-" "Python-urllib/3.5" 
80.11.181.193 - - [09/Apr/2018:01:58:19 -0700] "GET /self.logs/access.log.2017-01-14.gz HTTP/1.1" 200 10736 "-" "Python-urllib/3.5" 
80.11.181.193 - - [09/Apr/2018:01:58:19 -0700] "GET /self.logs/access.log.2017-01-15.gz HTTP/1.1" 200 13625 "-" "Python-urllib/3.5" 
80.11.181.193 - - [09/Apr/2018:01:58:19 -0700] "GET /self.logs/access.log.2017-01-16.gz HTTP/1.1" 200 42964 "-" "Python-urllib/3.5" 
80.11.181.193 - - [09/Apr/2018:01:58:20 -0700] "GET /self.logs/access.log.2017-01-17.gz HTTP/1.1" 200 18372 "-" "Python-urllib/3.5" 
80.11.181.193 - - [09/Apr/2018:01:58:20 -0700] "GET /self.logs/access.log.2017-01-18.gz HTTP/1.1" 200 15247 "-" "Python-urllib/3.5" 
80.11.181.193 - - [09/Apr/2018:01:58:20 -0700] "GET /self.logs/access.log.2017-01-19.gz HTTP/1.1" 200 18265 "-" "Python-urllib/3.5" 
80.11.181.193 - - [09/Apr/2018:01:58:21 -0700] "GET /self.logs/access.log.2017-01-20.gz HTTP/1.1" 200 12893 "-" "Python-urllib/3.5" 
80.11.181.193 - - [09/Apr/2018:01:58:21 -0700] "GET /self.logs/access.log.2017-01-21.gz HTTP/1.1" 200 19523 "-" "Python-urllib/3.5" 
80.11.181.193 - - [09/Apr/2018:01:58:21 -0700] "GET /self.logs/access.log.2017-01-22.gz HTTP/1.1" 200 12344 "-" "Python-urllib/3.5" 
80.11.181.193 - - [09/Apr/2018:01:58:22 -0700] "GET /self.logs/access.log.2017-01-23.gz HTTP/1.1" 200 45579 "-" "Python-urllib/3.5" 
80.11.181.193 - - [09/Apr/2018:01:58:22 -0700] "GET /self.logs/access.log.2017-01-24.gz HTTP/1.1" 200 16992 "-" "Python-urllib/3.5" 
80.11.181.193 - - [09/Apr/2018:01:58:23 -0700] "GET /self.logs/access.log.2017-01-25.gz HTTP/1.1" 200 19058 "-" "Python-urllib/3.5" 
80.11.181.193 - - [09/Apr/2018:01:58:23 -0700] "GET /self.logs/access.log.2017-01-26.gz HTTP/1.1" 200 23952 "-" "Python-urllib/3.5" 
80.11.181.193 - - [09/Apr/2018:01:58:24 -0700] "GET /self.logs/access.log.2017-01-27.gz HTTP/1.1" 200 18172 "-" "Python-urllib/3.5" 
80.11.181.193 - - [09/Apr/2018:01:58:24 -0700] "GET /self.logs/access.log.2017-01-28.gz HTTP/1.1" 200 17468 "-" "Python-urllib/3.5" 
80.11.181.193 - - [09/Apr/2018:01:58:25 -0700] "GET /self.logs/access.log.2017-01-29.gz HTTP/1.1" 200 31287 "-" "Python-urllib/3.5" 
80.11.181.193 - - [09/Apr/2018:01:58:25 -0700] "GET /self.logs/access.log.2017-01-30.gz HTTP/1.1" 200 29663 "-" "Python-urllib/3.5" 
80.11.181.193 - - [09/Apr/2018:01:58:25 -0700] "GET /self.logs/access.log.2017-01-31.gz HTTP/1.1" 200 19777 "-" "Python-urllib/3.5" 
80.11.181.193 - - [09/Apr/2018:01:58:26 -0700] "GET /self.logs/access.log.2017-02-01.gz HTTP/1.1" 200 27019 "-" "Python-urllib/3.5" 
80.11.181.193 - - [09/Apr/2018:01:58:26 -0700] "GET /self.logs/access.log.2017-02-02.gz HTTP/1.1" 200 23936 "-" "Python-urllib/3.5" 
80.11.181.193 - - [09/Apr/2018:01:58:27 -0700] "GET /self.logs/access.log.2017-02-03.gz HTTP/1.1" 200 16207 "-" "Python-urllib/3.5" 
80.11.181.193 - - [09/Apr/2018:01:58:27 -0700] "GET /self.logs/access.log.2017-02-04.gz HTTP/1.1" 200 13181 "-" "Python-urllib/3.5" 
80.11.181.193 - - [09/Apr/2018:01:58:27 -0700] "GET /self.logs/access.log.2017-02-05.gz HTTP/1.1" 200 17875 "-" "Python-urllib/3.5" 
80.11.181.193 - - [09/Apr/2018:01:58:28 -0700] "GET /self.logs/access.log.2017-02-06.gz HTTP/1.1" 200 29989 "-" "Python-urllib/3.5" 
80.11.181.193 - - [09/Apr/2018:01:58:28 -0700] "GET /self.logs/access.log.2017-02-07.gz HTTP/1.1" 200 19853 "-" "Python-urllib/3.5" 
80.11.181.193 - - [09/Apr/2018:01:58:29 -0700] "GET /self.logs/access.log.2017-02-08.gz HTTP/1.1" 200 31178 "-" "Python-urllib/3.5" 
80.11.181.193 - - [09/Apr/2018:01:58:29 -0700] "GET /self.logs/access.log.2017-02-09.gz HTTP/1.1" 200 22732 "-" "Python-urllib/3.5" 
80.11.181.193 - - [09/Apr/2018:01:58:30 -0700] "GET /self.logs/access.log.2017-02-10.gz HTTP/1.1" 200 36447 "-" "Python-urllib/3.5" 
80.11.181.193 - - [09/Apr/2018:01:58:30 -0700] "GET /self.logs/access.log.2017-02-11.gz HTTP/1.1" 200 35529 "-" "Python-urllib/3.5" 
80.11.181.193 - - [09/Apr/2018:01:58:31 -0700] "GET /self.logs/access.log.2017-02-12.gz HTTP/1.1" 200 17698 "-" "Python-urllib/3.5" 
80.11.181.193 - - [09/Apr/2018:01:58:31 -0700] "GET /self.logs/access.log.2017-02-13.gz HTTP/1.1" 200 25412 "-" "Python-urllib/3.5" 
80.11.181.193 - - [09/Apr/2018:01:58:32 -0700] "GET /self.logs/access.log.2017-02-14.gz HTTP/1.1" 200 53621 "-" "Python-urllib/3.5" 
80.11.181.193 - - [09/Apr/2018:01:58:32 -0700] "GET /self.logs/access.log.2017-02-15.gz HTTP/1.1" 200 25098 "-" "Python-urllib/3.5" 
80.11.181.193 - - [09/Apr/2018:01:58:33 -0700] "GET /self.logs/access.log.2017-02-16.gz HTTP/1.1" 200 17522 "-" "Python-urllib/3.5" 
80.11.181.193 - - [09/Apr/2018:01:58:33 -0700] "GET /self.logs/access.log.2017-02-17.gz HTTP/1.1" 200 14900 "-" "Python-urllib/3.5" 
80.11.181.193 - - [09/Apr/2018:01:58:34 -0700] "GET /self.logs/access.log.2017-02-18.gz HTTP/1.1" 200 20937 "-" "Python-urllib/3.5" 
80.11.181.193 - - [09/Apr/2018:01:58:34 -0700] "GET /self.logs/access.log.2017-02-19.gz HTTP/1.1" 200 16348 "-" "Python-urllib/3.5" 
80.11.181.193 - - [09/Apr/2018:01:58:35 -0700] "GET /self.logs/access.log.2017-02-20.gz HTTP/1.1" 200 18976 "-" "Python-urllib/3.5" 
80.11.181.193 - - [09/Apr/2018:01:58:35 -0700] "GET /self.logs/access.log.2017-02-21.gz HTTP/1.1" 200 15902 "-" "Python-urllib/3.5" 
80.11.181.193 - - [09/Apr/2018:01:58:36 -0700] "GET /self.logs/access.log.2017-02-22.gz HTTP/1.1" 200 24290 "-" "Python-urllib/3.5" 
80.11.181.193 - - [09/Apr/2018:01:58:36 -0700] "GET /self.logs/access.log.2017-02-23.gz HTTP/1.1" 200 20583 "-" "Python-urllib/3.5" 
80.11.181.193 - - [09/Apr/2018:01:58:36 -0700] "GET /self.logs/access.log.2017-02-24.gz HTTP/1.1" 200 66949 "-" "Python-urllib/3.5" 
80.11.181.193 - - [09/Apr/2018:01:58:37 -0700] "GET /self.logs/access.log.2017-02-25.gz HTTP/1.1" 200 13166 "-" "Python-urllib/3.5" 
80.11.181.193 - - [09/Apr/2018:01:58:38 -0700] "GET /self.logs/access.log.2017-02-26.gz HTTP/1.1" 200 39620 "-" "Python-urllib/3.5" 
80.11.181.193 - - [09/Apr/2018:01:58:38 -0700] "GET /self.logs/access.log.2017-02-27.gz HTTP/1.1" 200 37687 "-" "Python-urllib/3.5" 
80.11.181.193 - - [09/Apr/2018:01:58:39 -0700] "GET /self.logs/access.log.2017-02-28.gz HTTP/1.1" 200 21516 "-" "Python-urllib/3.5" 
80.11.181.193 - - [09/Apr/2018:01:58:39 -0700] "GET /self.logs/access.log.2017-03-01.gz HTTP/1.1" 200 20624 "-" "Python-urllib/3.5" 
80.11.181.193 - - [09/Apr/2018:01:58:40 -0700] "GET /self.logs/access.log.2017-03-02.gz HTTP/1.1" 200 25252 "-" "Python-urllib/3.5" 
80.11.181.193 - - [09/Apr/2018:01:58:40 -0700] "GET /self.logs/access.log.2017-03-03.gz HTTP/1.1" 200 18168 "-" "Python-urllib/3.5" 
