54.36.148.95 - - [11/Jul/2018:07:54:39 -0700] "GET /self.logs/error.log.2017-08-03.gz HTTP/1.1" 200 1037 "-" "Mozilla/5.0 (compatible; AhrefsBot/5.2; +http://ahrefs.com/robot/)" 
131.131.64.20 - - [11/Jul/2018:07:57:33 -0700] "GET / HTTP/1.1" 304 189 "-" "Mozilla/5.0 (X11; Fedora; Linux x86_64; rv:61.0) Gecko/20100101 Firefox/61.0" 
131.131.64.20 - - [11/Jul/2018:07:57:33 -0700] "GET /GitHub-Mark.png HTTP/1.1" 304 165 "http://www.secrepo.com/" "Mozilla/5.0 (X11; Fedora; Linux x86_64; rv:61.0) Gecko/20100101 Firefox/61.0" 
131.131.64.20 - - [11/Jul/2018:07:57:33 -0700] "GET /twitter-icon.png HTTP/1.1" 304 166 "http://www.secrepo.com/" "Mozilla/5.0 (X11; Fedora; Linux x86_64; rv:61.0) Gecko/20100101 Firefox/61.0" 
189.72.148.143 - - [11/Jul/2018:07:57:40 -0700] "GET /wp-login.php HTTP/1.1" 418 732 "-" "Mozilla/5.0 (Windows NT 6.1; WOW64; rv:40.0) Gecko/20100101 Firefox/40.1" 
189.72.148.143 - - [11/Jul/2018:07:57:41 -0700] "GET / HTTP/1.1" 418 732 "-" "Mozilla/5.0 (Windows NT 6.1; WOW64; rv:40.0) Gecko/20100101 Firefox/40.1" 
216.244.66.245 - - [11/Jul/2018:07:57:53 -0700] "GET /self.logs/error.log.2018-07-01.gz HTTP/1.1" 200 5641 "-" "Mozilla/5.0 (compatible; DotBot/1.1; http://www.opensiteexplorer.org/dotbot, help@moz.com)" 
78.87.46.48 - - [11/Jul/2018:07:58:00 -0700] "GET /wp-login.php HTTP/1.1" 418 732 "-" "Mozilla/5.0 (Windows NT 6.1; WOW64; rv:40.0) Gecko/20100101 Firefox/40.1" 
78.87.46.48 - - [11/Jul/2018:07:58:01 -0700] "GET / HTTP/1.1" 418 732 "-" "Mozilla/5.0 (Windows NT 6.1; WOW64; rv:40.0) Gecko/20100101 Firefox/40.1" 
52.207.53.149 - - [11/Jul/2018:07:59:19 -0700] "GET / HTTP/1.1" 206 11406 "-" "Slackbot-LinkExpanding 1.0 (+https://api.slack.com/robots)" 
54.164.194.74 - - [11/Jul/2018:07:59:19 -0700] "GET /bootstrap/img/apple-touch-icon.png HTTP/1.1" 404 340 "-" "Slackbot 1.0 (+https://api.slack.com/robots)" 
54.85.176.102 - - [11/Jul/2018:07:59:19 -0700] "GET /favicon.ico HTTP/1.1" 200 268 "-" "Slackbot 1.0 (+https://api.slack.com/robots)" 
64.125.71.178 - - [11/Jul/2018:07:59:49 -0700] "GET / HTTP/1.1" 200 11357 "-" "Mozilla/5.0 (Windows NT 10.0; Win64; x64) AppleWebKit/537.36 (KHTML, like Gecko) Chrome/67.0.3396.99 Safari/537.36" 
64.125.71.178 - - [11/Jul/2018:07:59:50 -0700] "GET /twitter-icon.png HTTP/1.1" 200 27787 "http://www.secrepo.com/" "Mozilla/5.0 (Windows NT 10.0; Win64; x64) AppleWebKit/537.36 (KHTML, like Gecko) Chrome/67.0.3396.99 Safari/537.36" 
64.125.71.178 - - [11/Jul/2018:07:59:50 -0700] "GET /GitHub-Mark.png HTTP/1.1" 200 7428 "http://www.secrepo.com/" "Mozilla/5.0 (Windows NT 10.0; Win64; x64) AppleWebKit/537.36 (KHTML, like Gecko) Chrome/67.0.3396.99 Safari/537.36" 
64.125.71.178 - - [11/Jul/2018:07:59:50 -0700] "GET /bootstrap/img/favicon.ico HTTP/1.1" 200 589 "http://www.secrepo.com/" "Mozilla/5.0 (Windows NT 10.0; Win64; x64) AppleWebKit/537.36 (KHTML, like Gecko) Chrome/67.0.3396.99 Safari/537.36" 
163.252.254.202 - - [11/Jul/2018:08:00:12 -0700] "GET / HTTP/1.1" 200 11357 "-" "Mozilla/5.0 (Windows NT 10.0; Win64; x64) AppleWebKit/537.36 (KHTML, like Gecko) Chrome/51.0.2704.79 Safari/537.36 Edge/14.14393" 
163.252.254.202 - - [11/Jul/2018:08:00:12 -0700] "GET /GitHub-Mark.png HTTP/1.1" 200 7427 "http://www.secrepo.com/" "Mozilla/5.0 (Windows NT 10.0; Win64; x64) AppleWebKit/537.36 (KHTML, like Gecko) Chrome/51.0.2704.79 Safari/537.36 Edge/14.14393" 
163.252.254.202 - - [11/Jul/2018:08:00:12 -0700] "GET /twitter-icon.png HTTP/1.1" 200 27788 "http://www.secrepo.com/" "Mozilla/5.0 (Windows NT 10.0; Win64; x64) AppleWebKit/537.36 (KHTML, like Gecko) Chrome/51.0.2704.79 Safari/537.36 Edge/14.14393" 
163.252.254.202 - - [11/Jul/2018:08:00:12 -0700] "GET /bootstrap/img/favicon.ico HTTP/1.1" 200 590 "-" "Mozilla/5.0 (Windows NT 10.0; Win64; x64) AppleWebKit/537.36 (KHTML, like Gecko) Chrome/51.0.2704.79 Safari/537.36 Edge/14.14393" 
131.131.64.20 - - [11/Jul/2018:08:00:23 -0700] "GET /twitter-icon.png HTTP/1.1" 200 27788 "http://www.secrepo.com/" "Mozilla/5.0 (Windows NT 10.0; Win64; x64) AppleWebKit/537.36 (KHTML, like Gecko) Chrome/67.0.3396.99 Safari/537.36" 
131.131.64.20 - - [11/Jul/2018:08:00:23 -0700] "GET /GitHub-Mark.png HTTP/1.1" 200 7428 "http://www.secrepo.com/" "Mozilla/5.0 (Windows NT 10.0; Win64; x64) AppleWebKit/537.36 (KHTML, like Gecko) Chrome/67.0.3396.99 Safari/537.36" 
216.244.66.245 - - [11/Jul/2018:08:01:27 -0700] "GET /self.logs/access.log.2017-05-13.gz HTTP/1.1" 200 14742 "-" "Mozilla/5.0 (compatible; DotBot/1.1; http://www.opensiteexplorer.org/dotbot, help@moz.com)" 
216.244.66.245 - - [11/Jul/2018:08:01:29 -0700] "GET /self.logs/access.log.2017-07-19.gz HTTP/1.1" 200 22450 "-" "Mozilla/5.0 (compatible; DotBot/1.1; http://www.opensiteexplorer.org/dotbot, help@moz.com)" 
216.244.66.245 - - [11/Jul/2018:08:01:30 -0700] "GET /self.logs/error.log.2017-01-10.gz HTTP/1.1" 200 2532 "-" "Mozilla/5.0 (compatible; DotBot/1.1; http://www.opensiteexplorer.org/dotbot, help@moz.com)" 
216.244.66.245 - - [11/Jul/2018:08:01:31 -0700] "GET /self.logs/error.log.2017-01-24.gz HTTP/1.1" 200 1136 "-" "Mozilla/5.0 (compatible; DotBot/1.1; http://www.opensiteexplorer.org/dotbot, help@moz.com)" 
216.244.66.245 - - [11/Jul/2018:08:01:33 -0700] "GET /self.logs/error.log.2017-06-11.gz HTTP/1.1" 200 830 "-" "Mozilla/5.0 (compatible; DotBot/1.1; http://www.opensiteexplorer.org/dotbot, help@moz.com)" 
216.244.66.245 - - [11/Jul/2018:08:01:34 -0700] "GET /self.logs/error.log.2017-06-23.gz HTTP/1.1" 200 666 "-" "Mozilla/5.0 (compatible; DotBot/1.1; http://www.opensiteexplorer.org/dotbot, help@moz.com)" 
216.244.66.245 - - [11/Jul/2018:08:01:35 -0700] "GET /self.logs/error.log.2017-08-23.gz HTTP/1.1" 200 722 "-" "Mozilla/5.0 (compatible; DotBot/1.1; http://www.opensiteexplorer.org/dotbot, help@moz.com)" 
216.244.66.245 - - [11/Jul/2018:08:01:36 -0700] "GET /self.logs/error.log.2017-09-06.gz HTTP/1.1" 200 3380 "-" "Mozilla/5.0 (compatible; DotBot/1.1; http://www.opensiteexplorer.org/dotbot, help@moz.com)" 
216.244.66.245 - - [11/Jul/2018:08:01:37 -0700] "GET /self.logs/error.log.2018-03-15.gz HTTP/1.1" 200 4440 "-" "Mozilla/5.0 (compatible; DotBot/1.1; http://www.opensiteexplorer.org/dotbot, help@moz.com)" 
216.244.66.245 - - [11/Jul/2018:08:01:39 -0700] "GET /self.logs/error.log.2018-03-25.gz HTTP/1.1" 200 3833 "-" "Mozilla/5.0 (compatible; DotBot/1.1; http://www.opensiteexplorer.org/dotbot, help@moz.com)" 
163.252.254.202 - - [11/Jul/2018:08:01:44 -0700] "GET / HTTP/1.1" 200 11357 "https://www.google.com/" "Mozilla/5.0 (Windows NT 10.0; Win64; x64) AppleWebKit/537.36 (KHTML, like Gecko) Chrome/51.0.2704.79 Safari/537.36 Edge/14.14393" 
163.252.254.202 - - [11/Jul/2018:08:01:44 -0700] "GET /twitter-icon.png HTTP/1.1" 200 27788 "http://www.secrepo.com/" "Mozilla/5.0 (Windows NT 10.0; Win64; x64) AppleWebKit/537.36 (KHTML, like Gecko) Chrome/51.0.2704.79 Safari/537.36 Edge/14.14393" 
163.252.254.202 - - [11/Jul/2018:08:01:44 -0700] "GET /GitHub-Mark.png HTTP/1.1" 200 7427 "http://www.secrepo.com/" "Mozilla/5.0 (Windows NT 10.0; Win64; x64) AppleWebKit/537.36 (KHTML, like Gecko) Chrome/51.0.2704.79 Safari/537.36 Edge/14.14393" 
163.252.254.202 - - [11/Jul/2018:08:01:45 -0700] "GET /bootstrap/img/favicon.ico HTTP/1.1" 200 590 "-" "Mozilla/5.0 (Windows NT 10.0; Win64; x64) AppleWebKit/537.36 (KHTML, like Gecko) Chrome/51.0.2704.79 Safari/537.36 Edge/14.14393" 
162.210.196.100 - - [11/Jul/2018:08:01:52 -0700] "GET /robots.txt HTTP/1.1" 200 289 "-" "Mozilla/5.0 (compatible; MJ12bot/v1.4.8; http://mj12bot.com/)" 
162.210.196.100 - - [11/Jul/2018:08:01:54 -0700] "GET / HTTP/1.1" 200 38539 "-" "Mozilla/5.0 (compatible; MJ12bot/v1.4.8; http://mj12bot.com/)" 
163.252.254.202 - - [11/Jul/2018:08:02:20 -0700] "GET /auth.log/auth.log.gz HTTP/1.1" 200 554524 "http://www.secrepo.com/" "Mozilla/5.0 (Windows NT 10.0; Win64; x64) AppleWebKit/537.36 (KHTML, like Gecko) Chrome/51.0.2704.79 Safari/537.36 Edge/14.14393" 
40.77.167.155 - - [11/Jul/2018:08:02:26 -0700] "GET /self.logs/error.log.2017-07-13.gz HTTP/1.1" 200 787 "-" "Mozilla/5.0 (compatible; bingbot/2.0; +http://www.bing.com/bingbot.htm)" 
216.244.66.245 - - [11/Jul/2018:08:02:33 -0700] "GET /self.logs/access.log.2015-05-28.gz HTTP/1.1" 404 239 "-" "Mozilla/5.0 (compatible; DotBot/1.1; http://www.opensiteexplorer.org/dotbot, help@moz.com)" 
216.244.66.245 - - [11/Jul/2018:08:02:34 -0700] "GET /self.logs/access.log.2016-01-16.gz HTTP/1.1" 404 239 "-" "Mozilla/5.0 (compatible; DotBot/1.1; http://www.opensiteexplorer.org/dotbot, help@moz.com)" 
216.244.66.245 - - [11/Jul/2018:08:02:35 -0700] "GET /self.logs/access.log.2016-07-11.gz HTTP/1.1" 404 239 "-" "Mozilla/5.0 (compatible; DotBot/1.1; http://www.opensiteexplorer.org/dotbot, help@moz.com)" 
216.244.66.245 - - [11/Jul/2018:08:02:36 -0700] "GET /self.logs/error.log.2015-01-28.gz HTTP/1.1" 404 239 "-" "Mozilla/5.0 (compatible; DotBot/1.1; http://www.opensiteexplorer.org/dotbot, help@moz.com)" 
216.244.66.245 - - [11/Jul/2018:08:02:37 -0700] "GET /self.logs/error.log.2015-09-07.gz HTTP/1.1" 404 239 "-" "Mozilla/5.0 (compatible; DotBot/1.1; http://www.opensiteexplorer.org/dotbot, help@moz.com)" 
216.244.66.245 - - [11/Jul/2018:08:02:38 -0700] "GET /self.logs/error.log.2016-02-07.gz HTTP/1.1" 404 239 "-" "Mozilla/5.0 (compatible; DotBot/1.1; http://www.opensiteexplorer.org/dotbot, help@moz.com)" 
216.244.66.245 - - [11/Jul/2018:08:02:39 -0700] "GET /self.logs/error.log.2016-03-16.gz HTTP/1.1" 404 239 "-" "Mozilla/5.0 (compatible; DotBot/1.1; http://www.opensiteexplorer.org/dotbot, help@moz.com)" 
216.244.66.245 - - [11/Jul/2018:08:02:40 -0700] "GET /self.logs/error.log.2016-05-22.gz HTTP/1.1" 404 239 "-" "Mozilla/5.0 (compatible; DotBot/1.1; http://www.opensiteexplorer.org/dotbot, help@moz.com)" 
216.244.66.245 - - [11/Jul/2018:08:02:41 -0700] "GET /self.logs/error.log.2016-06-01.gz HTTP/1.1" 404 239 "-" "Mozilla/5.0 (compatible; DotBot/1.1; http://www.opensiteexplorer.org/dotbot, help@moz.com)" 
216.244.66.245 - - [11/Jul/2018:08:02:41 -0700] "GET /self.logs/error.log.2016-10-10.gz HTTP/1.1" 404 239 "-" "Mozilla/5.0 (compatible; DotBot/1.1; http://www.opensiteexplorer.org/dotbot, help@moz.com)" 
163.252.254.202 - - [11/Jul/2018:08:06:37 -0700] "GET / HTTP/1.1" 200 11357 "-" "Mozilla/5.0 (Windows NT 10.0; Win64; x64) AppleWebKit/537.36 (KHTML, like Gecko) Chrome/67.0.3396.99 Safari/537.36" 
163.252.254.202 - - [11/Jul/2018:08:06:37 -0700] "GET /twitter-icon.png HTTP/1.1" 200 27787 "http://www.secrepo.com/" "Mozilla/5.0 (Windows NT 10.0; Win64; x64) AppleWebKit/537.36 (KHTML, like Gecko) Chrome/67.0.3396.99 Safari/537.36" 
163.252.254.202 - - [11/Jul/2018:08:06:37 -0700] "GET /GitHub-Mark.png HTTP/1.1" 200 7428 "http://www.secrepo.com/" "Mozilla/5.0 (Windows NT 10.0; Win64; x64) AppleWebKit/537.36 (KHTML, like Gecko) Chrome/67.0.3396.99 Safari/537.36" 
163.252.254.202 - - [11/Jul/2018:08:06:39 -0700] "GET /bootstrap/img/favicon.ico HTTP/1.1" 200 589 "http://www.secrepo.com/" "Mozilla/5.0 (Windows NT 10.0; Win64; x64) AppleWebKit/537.36 (KHTML, like Gecko) Chrome/67.0.3396.99 Safari/537.36" 
66.249.66.30 - - [11/Jul/2018:08:11:55 -0700] "GET /self.logs/ HTTP/1.1" 200 10952 "-" "Mozilla/5.0 (Linux; Android 6.0.1; Nexus 5X Build/MMB29P) AppleWebKit/537.36 (KHTML, like Gecko) Chrome/41.0.2272.96 Mobile Safari/537.36 (compatible; Googlebot/2.1; +http://www.google.com/bot.html)" 
12.181.2.228 - - [11/Jul/2018:08:12:52 -0700] "GET / HTTP/1.1" 200 11357 "-" "Mozilla/5.0 (Windows NT 6.1; Win64; x64) AppleWebKit/537.36 (KHTML, like Gecko) Chrome/67.0.3396.99 Safari/537.36" 
12.181.2.228 - - [11/Jul/2018:08:12:52 -0700] "GET /twitter-icon.png HTTP/1.1" 200 27787 "http://www.secrepo.com/" "Mozilla/5.0 (Windows NT 6.1; Win64; x64) AppleWebKit/537.36 (KHTML, like Gecko) Chrome/67.0.3396.99 Safari/537.36" 
12.181.2.228 - - [11/Jul/2018:08:12:52 -0700] "GET /GitHub-Mark.png HTTP/1.1" 200 7428 "http://www.secrepo.com/" "Mozilla/5.0 (Windows NT 6.1; Win64; x64) AppleWebKit/537.36 (KHTML, like Gecko) Chrome/67.0.3396.99 Safari/537.36" 
12.181.2.228 - - [11/Jul/2018:08:12:53 -0700] "GET /bootstrap/img/favicon.ico HTTP/1.1" 200 589 "http://www.secrepo.com/" "Mozilla/5.0 (Windows NT 6.1; Win64; x64) AppleWebKit/537.36 (KHTML, like Gecko) Chrome/67.0.3396.99 Safari/537.36" 
54.36.148.55 - - [11/Jul/2018:08:13:57 -0700] "GET /self.logs/2015/access.log.2015-02-02.gz HTTP/1.1" 200 3300 "-" "Mozilla/5.0 (compatible; AhrefsBot/5.2; +http://ahrefs.com/robot/)" 
12.181.2.228 - - [11/Jul/2018:08:14:39 -0700] "GET /maccdc2012/dhcp.log.gz HTTP/1.1" 200 45019 "-" "Mozilla/5.0 (Windows NT 6.1; Win64; x64) AppleWebKit/537.36 (KHTML, like Gecko) Chrome/67.0.3396.99 Safari/537.36" 
41.102.178.206 - - [11/Jul/2018:08:15:49 -0700] "GET /wp-login.php HTTP/1.1" 418 732 "-" "Mozilla/5.0 (Windows NT 6.1; WOW64; rv:40.0) Gecko/20100101 Firefox/40.1" 
41.102.178.206 - - [11/Jul/2018:08:15:50 -0700] "GET / HTTP/1.1" 418 732 "-" "Mozilla/5.0 (Windows NT 6.1; WOW64; rv:40.0) Gecko/20100101 Firefox/40.1" 
216.244.66.245 - - [11/Jul/2018:08:17:03 -0700] "GET /robots.txt HTTP/1.1" 200 233 "-" "Mozilla/5.0 (compatible; DotBot/1.1; http://www.opensiteexplorer.org/dotbot, help@moz.com)" 
216.244.66.245 - - [11/Jul/2018:08:23:23 -0700] "GET /self.logs/access.log.2017-03-23.gz HTTP/1.1" 200 17023 "-" "Mozilla/5.0 (compatible; DotBot/1.1; http://www.opensiteexplorer.org/dotbot, help@moz.com)" 
216.244.66.245 - - [11/Jul/2018:08:23:25 -0700] "GET /self.logs/access.log.2017-05-11.gz HTTP/1.1" 200 14991 "-" "Mozilla/5.0 (compatible; DotBot/1.1; http://www.opensiteexplorer.org/dotbot, help@moz.com)" 
216.244.66.245 - - [11/Jul/2018:08:23:26 -0700] "GET /self.logs/access.log.2017-08-05.gz HTTP/1.1" 200 31676 "-" "Mozilla/5.0 (compatible; DotBot/1.1; http://www.opensiteexplorer.org/dotbot, help@moz.com)" 
216.244.66.245 - - [11/Jul/2018:08:23:28 -0700] "GET /self.logs/access.log.2017-12-06.gz HTTP/1.1" 200 32714 "-" "Mozilla/5.0 (compatible; DotBot/1.1; http://www.opensiteexplorer.org/dotbot, help@moz.com)" 
216.244.66.245 - - [11/Jul/2018:08:23:29 -0700] "GET /self.logs/access.log.2017-12-14.gz HTTP/1.1" 200 24736 "-" "Mozilla/5.0 (compatible; DotBot/1.1; http://www.opensiteexplorer.org/dotbot, help@moz.com)" 
216.244.66.245 - - [11/Jul/2018:08:23:31 -0700] "GET /self.logs/error.log.2017-05-28.gz HTTP/1.1" 200 781 "-" "Mozilla/5.0 (compatible; DotBot/1.1; http://www.opensiteexplorer.org/dotbot, help@moz.com)" 
216.244.66.245 - - [11/Jul/2018:08:23:32 -0700] "GET /self.logs/error.log.2017-06-25.gz HTTP/1.1" 200 681 "-" "Mozilla/5.0 (compatible; DotBot/1.1; http://www.opensiteexplorer.org/dotbot, help@moz.com)" 
216.244.66.245 - - [11/Jul/2018:08:23:33 -0700] "GET /self.logs/error.log.2017-10-18.gz HTTP/1.1" 200 2675 "-" "Mozilla/5.0 (compatible; DotBot/1.1; http://www.opensiteexplorer.org/dotbot, help@moz.com)" 
216.244.66.245 - - [11/Jul/2018:08:23:35 -0700] "GET /self.logs/error.log.2017-10-24.gz HTTP/1.1" 200 5827 "-" "Mozilla/5.0 (compatible; DotBot/1.1; http://www.opensiteexplorer.org/dotbot, help@moz.com)" 
90.224.9.190 - - [11/Jul/2018:08:23:48 -0700] "GET /self.logs/ HTTP/1.1" 200 10952 "http://www.secrepo.com/" "Mozilla/5.0 (Macintosh; Intel Mac OS X 10_13_5) AppleWebKit/537.36 (KHTML, like Gecko) Chrome/67.0.3396.99 Safari/537.36" 
90.224.9.190 - - [11/Jul/2018:08:23:48 -0700] "GET /favicon.ico HTTP/1.1" 200 267 "http://www.secrepo.com/self.logs/" "Mozilla/5.0 (Macintosh; Intel Mac OS X 10_13_5) AppleWebKit/537.36 (KHTML, like Gecko) Chrome/67.0.3396.99 Safari/537.36" 
90.224.9.190 - - [11/Jul/2018:08:23:50 -0700] "GET /self.logs/access.log.2017-01-01.gz HTTP/1.1" 200 17654 "http://www.secrepo.com/self.logs/" "Mozilla/5.0 (Macintosh; Intel Mac OS X 10_13_5) AppleWebKit/537.36 (KHTML, like Gecko) Chrome/67.0.3396.99 Safari/537.36" 
216.244.66.245 - - [11/Jul/2018:08:25:03 -0700] "GET /self.logs/access.log.2016-03-06.gz HTTP/1.1" 404 239 "-" "Mozilla/5.0 (compatible; DotBot/1.1; http://www.opensiteexplorer.org/dotbot, help@moz.com)" 
216.244.66.245 - - [11/Jul/2018:08:25:04 -0700] "GET /self.logs/access.log.2016-10-21.gz HTTP/1.1" 404 239 "-" "Mozilla/5.0 (compatible; DotBot/1.1; http://www.opensiteexplorer.org/dotbot, help@moz.com)" 
216.244.66.245 - - [11/Jul/2018:08:25:05 -0700] "GET /self.logs/error.log.2015-02-14.gz HTTP/1.1" 404 239 "-" "Mozilla/5.0 (compatible; DotBot/1.1; http://www.opensiteexplorer.org/dotbot, help@moz.com)" 
216.244.66.245 - - [11/Jul/2018:08:25:06 -0700] "GET /self.logs/error.log.2015-05-12.gz HTTP/1.1" 404 239 "-" "Mozilla/5.0 (compatible; DotBot/1.1; http://www.opensiteexplorer.org/dotbot, help@moz.com)" 
216.244.66.245 - - [11/Jul/2018:08:25:07 -0700] "GET /self.logs/error.log.2015-08-22.gz HTTP/1.1" 404 239 "-" "Mozilla/5.0 (compatible; DotBot/1.1; http://www.opensiteexplorer.org/dotbot, help@moz.com)" 
216.244.66.245 - - [11/Jul/2018:08:25:08 -0700] "GET /self.logs/error.log.2016-07-06.gz HTTP/1.1" 404 239 "-" "Mozilla/5.0 (compatible; DotBot/1.1; http://www.opensiteexplorer.org/dotbot, help@moz.com)" 
216.244.66.245 - - [11/Jul/2018:08:25:09 -0700] "GET /self.logs/error.log.2016-08-09.gz HTTP/1.1" 404 239 "-" "Mozilla/5.0 (compatible; DotBot/1.1; http://www.opensiteexplorer.org/dotbot, help@moz.com)" 
216.244.66.245 - - [11/Jul/2018:08:25:10 -0700] "GET /self.logs/error.log.2016-08-21.gz HTTP/1.1" 404 239 "-" "Mozilla/5.0 (compatible; DotBot/1.1; http://www.opensiteexplorer.org/dotbot, help@moz.com)" 
54.36.148.54 - - [11/Jul/2018:08:27:07 -0700] "GET /self.logs/access.log.2016-04-24.gz HTTP/1.1" 404 284 "-" "Mozilla/5.0 (compatible; AhrefsBot/5.2; +http://ahrefs.com/robot/)" 
66.249.66.2 - - [11/Jul/2018:08:32:04 -0700] "GET /favicon.ico HTTP/1.1" 200 268 "-" "Googlebot-Image/1.0" 
190.4.184.57 - - [11/Jul/2018:08:35:55 -0700] "GET /wp-login.php HTTP/1.1" 418 732 "-" "Mozilla/5.0 (Windows NT 6.1; WOW64; rv:40.0) Gecko/20100101 Firefox/40.1" 
190.4.184.57 - - [11/Jul/2018:08:35:55 -0700] "GET / HTTP/1.1" 418 732 "-" "Mozilla/5.0 (Windows NT 6.1; WOW64; rv:40.0) Gecko/20100101 Firefox/40.1" 
54.36.149.72 - - [11/Jul/2018:08:36:06 -0700] "GET /self.logs/access.log.2017-10-12.gz HTTP/1.1" 200 29825 "-" "Mozilla/5.0 (compatible; AhrefsBot/5.2; +http://ahrefs.com/robot/)" 
54.36.149.81 - - [11/Jul/2018:08:37:17 -0700] "GET /self.logs/access.log.2015-06-11.gz HTTP/1.1" 404 284 "-" "Mozilla/5.0 (compatible; AhrefsBot/5.2; +http://ahrefs.com/robot/)" 
54.36.149.40 - - [11/Jul/2018:08:38:43 -0700] "GET /self.logs/access.log.2017-11-03.gz HTTP/1.1" 200 26070 "-" "Mozilla/5.0 (compatible; AhrefsBot/5.2; +http://ahrefs.com/robot/)" 
216.244.66.245 - - [11/Jul/2018:08:40:45 -0700] "GET /robots.txt HTTP/1.1" 200 233 "-" "Mozilla/5.0 (compatible; DotBot/1.1; http://www.opensiteexplorer.org/dotbot, help@moz.com)" 
204.115.183.4 - - [11/Jul/2018:08:43:19 -0700] "GET / HTTP/1.1" 304 189 "https://www.google.com/" "Mozilla/5.0 (Windows NT 6.1; Win64; x64) AppleWebKit/537.36 (KHTML, like Gecko) Chrome/67.0.3396.99 Safari/537.36" 
216.244.66.245 - - [11/Jul/2018:08:44:14 -0700] "GET /self.logs/error.log.2018-06-29.gz HTTP/1.1" 200 5308 "-" "Mozilla/5.0 (compatible; DotBot/1.1; http://www.opensiteexplorer.org/dotbot, help@moz.com)" 
128.237.136.218 - - [11/Jul/2018:08:44:39 -0700] "GET / HTTP/1.1" 200 11357 "-" "Mozilla/5.0 (Macintosh; Intel Mac OS X 10_13_5) AppleWebKit/537.36 (KHTML, like Gecko) Chrome/67.0.3396.87 Safari/537.36" 
128.237.136.218 - - [11/Jul/2018:08:44:39 -0700] "GET /twitter-icon.png HTTP/1.1" 200 27787 "http://www.secrepo.com/" "Mozilla/5.0 (Macintosh; Intel Mac OS X 10_13_5) AppleWebKit/537.36 (KHTML, like Gecko) Chrome/67.0.3396.87 Safari/537.36" 
128.237.136.218 - - [11/Jul/2018:08:44:39 -0700] "GET /GitHub-Mark.png HTTP/1.1" 200 7427 "http://www.secrepo.com/" "Mozilla/5.0 (Macintosh; Intel Mac OS X 10_13_5) AppleWebKit/537.36 (KHTML, like Gecko) Chrome/67.0.3396.87 Safari/537.36" 
128.237.136.218 - - [11/Jul/2018:08:44:40 -0700] "GET /bootstrap/img/favicon.ico HTTP/1.1" 200 589 "http://www.secrepo.com/" "Mozilla/5.0 (Macintosh; Intel Mac OS X 10_13_5) AppleWebKit/537.36 (KHTML, like Gecko) Chrome/67.0.3396.87 Safari/537.36" 
113.171.224.176 - - [11/Jul/2018:08:45:10 -0700] "GET /honeypot/Honeypot%20-%20Howto.pdf HTTP/1.1" 200 46720 "-" "Mozilla/5.0 Gecko/20100115 Firefox/3.6" 
54.36.148.39 - - [11/Jul/2018:08:45:58 -0700] "GET /self.logs/error.log.2016-06-26.gz HTTP/1.1" 404 284 "-" "Mozilla/5.0 (compatible; AhrefsBot/5.2; +http://ahrefs.com/robot/)" 
216.244.66.245 - - [11/Jul/2018:08:47:03 -0700] "GET /self.logs/access.log.2017-01-22.gz HTTP/1.1" 200 12299 "-" "Mozilla/5.0 (compatible; DotBot/1.1; http://www.opensiteexplorer.org/dotbot, help@moz.com)" 
216.244.66.245 - - [11/Jul/2018:08:47:06 -0700] "GET /self.logs/access.log.2017-10-03.gz HTTP/1.1" 200 31260 "-" "Mozilla/5.0 (compatible; DotBot/1.1; http://www.opensiteexplorer.org/dotbot, help@moz.com)" 
216.244.66.245 - - [11/Jul/2018:08:47:08 -0700] "GET /self.logs/error.log.2017-05-13.gz HTTP/1.1" 200 804 "-" "Mozilla/5.0 (compatible; DotBot/1.1; http://www.opensiteexplorer.org/dotbot, help@moz.com)" 
46.119.125.180 - - [11/Jul/2018:08:47:35 -0700] "GET /honeypot/ HTTP/1.1" 200 1077 "http://technika-remont.ru/" "Mozilla/4.0 (compatible; MSIE 6.0; AOL 9.0; Windows NT 5.1)" 
46.119.125.180 - - [11/Jul/2018:08:47:38 -0700] "GET /honeypot/ HTTP/1.1" 200 1077 "http://technika-remont.ru/" "Mozilla/4.0 (compatible; MSIE 6.0; AOL 9.0; Windows NT 5.1)" 
216.244.66.245 - - [11/Jul/2018:08:48:28 -0700] "GET /self.logs/access.log.2015-03-13.gz HTTP/1.1" 404 239 "-" "Mozilla/5.0 (compatible; DotBot/1.1; http://www.opensiteexplorer.org/dotbot, help@moz.com)" 
216.244.66.245 - - [11/Jul/2018:08:48:29 -0700] "GET /self.logs/access.log.2015-08-20.gz HTTP/1.1" 404 239 "-" "Mozilla/5.0 (compatible; DotBot/1.1; http://www.opensiteexplorer.org/dotbot, help@moz.com)" 
216.244.66.245 - - [11/Jul/2018:08:48:30 -0700] "GET /self.logs/access.log.2016-04-26.gz HTTP/1.1" 404 239 "-" "Mozilla/5.0 (compatible; DotBot/1.1; http://www.opensiteexplorer.org/dotbot, help@moz.com)" 
216.244.66.245 - - [11/Jul/2018:08:48:31 -0700] "GET /self.logs/access.log.2016-12-07.gz HTTP/1.1" 404 239 "-" "Mozilla/5.0 (compatible; DotBot/1.1; http://www.opensiteexplorer.org/dotbot, help@moz.com)" 
216.244.66.245 - - [11/Jul/2018:08:48:33 -0700] "GET /self.logs/error.log.2015-08-12.gz HTTP/1.1" 404 239 "-" "Mozilla/5.0 (compatible; DotBot/1.1; http://www.opensiteexplorer.org/dotbot, help@moz.com)" 
216.244.66.245 - - [11/Jul/2018:08:48:34 -0700] "GET /self.logs/error.log.2015-12-23.gz HTTP/1.1" 404 239 "-" "Mozilla/5.0 (compatible; DotBot/1.1; http://www.opensiteexplorer.org/dotbot, help@moz.com)" 
216.244.66.245 - - [11/Jul/2018:08:48:35 -0700] "GET /self.logs/error.log.2016-11-12.gz HTTP/1.1" 404 239 "-" "Mozilla/5.0 (compatible; DotBot/1.1; http://www.opensiteexplorer.org/dotbot, help@moz.com)" 
216.244.66.245 - - [11/Jul/2018:08:48:36 -0700] "GET /self.logs/error.log.2016-12-24.gz HTTP/1.1" 404 239 "-" "Mozilla/5.0 (compatible; DotBot/1.1; http://www.opensiteexplorer.org/dotbot, help@moz.com)" 
117.213.97.21 - - [11/Jul/2018:08:54:40 -0700] "GET / HTTP/1.1" 200 11357 "-" "Mozilla/5.0 (Linux; Android 6.0.1; Redmi 3S Build/MMB29M) AppleWebKit/537.36 (KHTML, like Gecko) Chrome/67.0.3396.87 Mobile Safari/537.36" 
117.213.97.21 - - [11/Jul/2018:08:54:41 -0700] "GET /GitHub-Mark.png HTTP/1.1" 200 7428 "http://www.secrepo.com/" "Mozilla/5.0 (Linux; Android 6.0.1; Redmi 3S Build/MMB29M) AppleWebKit/537.36 (KHTML, like Gecko) Chrome/67.0.3396.87 Mobile Safari/537.36" 
117.213.97.21 - - [11/Jul/2018:08:54:41 -0700] "GET /twitter-icon.png HTTP/1.1" 200 27787 "http://www.secrepo.com/" "Mozilla/5.0 (Linux; Android 6.0.1; Redmi 3S Build/MMB29M) AppleWebKit/537.36 (KHTML, like Gecko) Chrome/67.0.3396.87 Mobile Safari/537.36" 
117.213.97.21 - - [11/Jul/2018:08:54:43 -0700] "GET /bootstrap/img/favicon.ico HTTP/1.1" 200 589 "http://www.secrepo.com/" "Mozilla/5.0 (Linux; Android 6.0.1; Redmi 3S Build/MMB29M) AppleWebKit/537.36 (KHTML, like Gecko) Chrome/67.0.3396.87 Mobile Safari/537.36" 
193.137.92.106 - - [11/Jul/2018:08:59:47 -0700] "GET /bootstrap/img/favicon.ico HTTP/1.1" 200 590 "-" "Mozilla/5.0 (Windows NT 10.0; Win64; x64; rv:61.0) Gecko/20100101 Firefox/61.0" 
221.150.43.162 - - [11/Jul/2018:08:59:49 -0700] "GET / HTTP/1.1" 304 189 "https://www.google.co.kr/" "Mozilla/5.0 (Windows NT 10.0; Win64; x64) AppleWebKit/537.36 (KHTML, like Gecko) Chrome/67.0.3396.99 Safari/537.36" 
207.243.254.53 - - [11/Jul/2018:09:01:36 -0700] "GET / HTTP/1.1" 301 483 "-" "Mozilla/5.0 (Macintosh; Intel Mac OS X 10_13_3) AppleWebKit/537.36 (KHTML, like Gecko) Chrome/67.0.3396.99 Safari/537.36" 
207.243.254.53 - - [11/Jul/2018:09:01:36 -0700] "GET / HTTP/1.1" 200 11357 "-" "Mozilla/5.0 (Macintosh; Intel Mac OS X 10_13_3) AppleWebKit/537.36 (KHTML, like Gecko) Chrome/67.0.3396.99 Safari/537.36" 
207.243.254.53 - - [11/Jul/2018:09:01:36 -0700] "GET /twitter-icon.png HTTP/1.1" 200 27787 "http://www.secrepo.com/" "Mozilla/5.0 (Macintosh; Intel Mac OS X 10_13_3) AppleWebKit/537.36 (KHTML, like Gecko) Chrome/67.0.3396.99 Safari/537.36" 
207.243.254.53 - - [11/Jul/2018:09:01:36 -0700] "GET /GitHub-Mark.png HTTP/1.1" 200 7428 "http://www.secrepo.com/" "Mozilla/5.0 (Macintosh; Intel Mac OS X 10_13_3) AppleWebKit/537.36 (KHTML, like Gecko) Chrome/67.0.3396.99 Safari/537.36" 
207.243.254.53 - - [11/Jul/2018:09:01:37 -0700] "GET /bootstrap/img/favicon.ico HTTP/1.1" 200 589 "http://www.secrepo.com/" "Mozilla/5.0 (Macintosh; Intel Mac OS X 10_13_3) AppleWebKit/537.36 (KHTML, like Gecko) Chrome/67.0.3396.99 Safari/537.36" 
80.78.5.111 - - [11/Jul/2018:09:02:04 -0700] "GET /bootstrap/img/favicon.ico HTTP/1.1" 304 165 "-" "Mozilla/5.0 (Windows NT 6.1; Win64; x64; rv:61.0) Gecko/20100101 Firefox/61.0" 
80.78.5.111 - - [11/Jul/2018:09:02:11 -0700] "GET /bootstrap/img/favicon.ico HTTP/1.1" 304 165 "-" "Mozilla/5.0 (Windows NT 6.1; Win64; x64; rv:61.0) Gecko/20100101 Firefox/61.0" 
128.237.28.17 - - [11/Jul/2018:09:02:21 -0700] "GET / HTTP/1.1" 200 11357 "-" "Mozilla/5.0 (Macintosh; Intel Mac OS X 10.13; rv:61.0) Gecko/20100101 Firefox/61.0" 
128.237.28.17 - - [11/Jul/2018:09:02:22 -0700] "GET /GitHub-Mark.png HTTP/1.1" 200 7427 "http://www.secrepo.com/" "Mozilla/5.0 (Macintosh; Intel Mac OS X 10.13; rv:61.0) Gecko/20100101 Firefox/61.0" 
128.237.28.17 - - [11/Jul/2018:09:02:22 -0700] "GET /twitter-icon.png HTTP/1.1" 200 27788 "http://www.secrepo.com/" "Mozilla/5.0 (Macintosh; Intel Mac OS X 10.13; rv:61.0) Gecko/20100101 Firefox/61.0" 
128.237.28.17 - - [11/Jul/2018:09:02:22 -0700] "GET /bootstrap/img/favicon.ico HTTP/1.1" 200 589 "-" "Mozilla/5.0 (Macintosh; Intel Mac OS X 10.13; rv:61.0) Gecko/20100101 Firefox/61.0" 
198.60.24.141 - - [11/Jul/2018:09:03:17 -0700] "GET / HTTP/1.1" 200 11357 "-" "Mozilla/5.0 (Macintosh; Intel Mac OS X 10_12_6) AppleWebKit/605.1.15 (KHTML, like Gecko)" 
198.60.24.141 - - [11/Jul/2018:09:03:20 -0700] "GET /apple-touch-icon-precomposed.png HTTP/1.1" 404 340 "-" "Safari/12605.2.8 CFNetwork/811.9 Darwin/16.7.0 (x86_64)" 
198.60.24.141 - - [11/Jul/2018:09:03:20 -0700] "GET /apple-touch-icon.png HTTP/1.1" 404 339 "-" "Safari/12605.2.8 CFNetwork/811.9 Darwin/16.7.0 (x86_64)" 
198.60.24.141 - - [11/Jul/2018:09:03:20 -0700] "GET /bootstrap/img/favicon.ico HTTP/1.1" 200 589 "-" "Safari/12605.2.8 CFNetwork/811.9 Darwin/16.7.0 (x86_64)" 
198.60.24.141 - - [11/Jul/2018:09:03:20 -0700] "GET / HTTP/1.1" 200 11357 "-" "\"Mozilla/5.0 (iPhone; CPU iPhone OS 11_0 like Mac OS X) AppleWebKit/604.1.38 (KHTML, like Gecko) Version/11.0 Mobile/15A372 Safari/604.1\"" 
198.60.24.141 - - [11/Jul/2018:09:03:20 -0700] "GET /apple-touch-icon-precomposed.png HTTP/1.1" 404 339 "-" "Safari/12605.2.8 CFNetwork/811.9 Darwin/16.7.0 (x86_64)" 
198.60.24.141 - - [11/Jul/2018:09:03:21 -0700] "GET /apple-touch-icon.png HTTP/1.1" 404 339 "-" "Safari/12605.2.8 CFNetwork/811.9 Darwin/16.7.0 (x86_64)" 
198.60.24.141 - - [11/Jul/2018:09:03:21 -0700] "GET /bootstrap/img/favicon.ico HTTP/1.1" 200 589 "-" "Safari/12605.2.8 CFNetwork/811.9 Darwin/16.7.0 (x86_64)" 
90.224.9.190 - - [11/Jul/2018:09:02:48 -0700] "GET /maccdc2012/http.log.gz HTTP/1.1" 200 54258816 "-" "Mozilla/5.0 (Macintosh; Intel Mac OS X 10_13_5) AppleWebKit/537.36 (KHTML, like Gecko) Chrome/67.0.3396.99 Safari/537.36" 
128.237.28.17 - - [11/Jul/2018:09:03:32 -0700] "GET / HTTP/1.1" 200 11357 "-" "Mozilla/5.0 (Macintosh; Intel Mac OS X 10.13; rv:61.0) Gecko/20100101 Firefox/61.0" 
128.237.28.17 - - [11/Jul/2018:09:03:32 -0700] "GET /twitter-icon.png HTTP/1.1" 200 27787 "http://www.secrepo.com/" "Mozilla/5.0 (Macintosh; Intel Mac OS X 10.13; rv:61.0) Gecko/20100101 Firefox/61.0" 
128.237.28.17 - - [11/Jul/2018:09:03:32 -0700] "GET /GitHub-Mark.png HTTP/1.1" 200 7428 "http://www.secrepo.com/" "Mozilla/5.0 (Macintosh; Intel Mac OS X 10.13; rv:61.0) Gecko/20100101 Firefox/61.0" 
90.224.9.190 - - [11/Jul/2018:09:03:28 -0700] "GET /squid/access.log.gz HTTP/1.1" 200 23177322 "-" "Mozilla/5.0 (Macintosh; Intel Mac OS X 10_13_5) AppleWebKit/537.36 (KHTML, like Gecko) Chrome/67.0.3396.99 Safari/537.36" 
24.193.25.138 - - [11/Jul/2018:09:03:56 -0700] "GET / HTTP/1.1" 200 11357 "https://www.google.com/" "Mozilla/5.0 (Windows NT 10.0; Win64; x64) AppleWebKit/537.36 (KHTML, like Gecko) Chrome/64.0.3282.140 Safari/537.36 Edge/17.17134" 
24.193.25.138 - - [11/Jul/2018:09:03:56 -0700] "GET /GitHub-Mark.png HTTP/1.1" 200 7427 "http://www.secrepo.com/" "Mozilla/5.0 (Windows NT 10.0; Win64; x64) AppleWebKit/537.36 (KHTML, like Gecko) Chrome/64.0.3282.140 Safari/537.36 Edge/17.17134" 
24.193.25.138 - - [11/Jul/2018:09:03:56 -0700] "GET /twitter-icon.png HTTP/1.1" 200 27788 "http://www.secrepo.com/" "Mozilla/5.0 (Windows NT 10.0; Win64; x64) AppleWebKit/537.36 (KHTML, like Gecko) Chrome/64.0.3282.140 Safari/537.36 Edge/17.17134" 
24.193.25.138 - - [11/Jul/2018:09:03:57 -0700] "GET /bootstrap/img/favicon.ico HTTP/1.1" 200 590 "-" "Mozilla/5.0 (Windows NT 10.0; Win64; x64) AppleWebKit/537.36 (KHTML, like Gecko) Chrome/64.0.3282.140 Safari/537.36 Edge/17.17134" 
216.244.66.245 - - [11/Jul/2018:09:04:02 -0700] "GET /robots.txt HTTP/1.1" 200 233 "-" "Mozilla/5.0 (compatible; DotBot/1.1; http://www.opensiteexplorer.org/dotbot, help@moz.com)" 
131.131.64.20 - - [11/Jul/2018:09:08:30 -0700] "GET /maccdc2012/ftp.log.gz HTTP/1.1" 200 128116 "-" "Mozilla/5.0 (Windows NT 10.0; Win64; x64) AppleWebKit/537.36 (KHTML, like Gecko) Chrome/66.0.3359.181 Safari/537.36" 
134.164.184.122 - - [11/Jul/2018:09:09:56 -0700] "GET / HTTP/1.1" 200 11357 "-" "Mozilla/5.0 (Windows NT 10.0; Win64; x64) AppleWebKit/537.36 (KHTML, like Gecko) Chrome/67.0.3396.99 Safari/537.36" 
134.164.184.122 - - [11/Jul/2018:09:09:56 -0700] "GET /twitter-icon.png HTTP/1.1" 200 27787 "http://www.secrepo.com/" "Mozilla/5.0 (Windows NT 10.0; Win64; x64) AppleWebKit/537.36 (KHTML, like Gecko) Chrome/67.0.3396.99 Safari/537.36" 
134.164.184.122 - - [11/Jul/2018:09:09:56 -0700] "GET /GitHub-Mark.png HTTP/1.1" 200 7428 "http://www.secrepo.com/" "Mozilla/5.0 (Windows NT 10.0; Win64; x64) AppleWebKit/537.36 (KHTML, like Gecko) Chrome/67.0.3396.99 Safari/537.36" 
134.164.184.122 - - [11/Jul/2018:09:09:57 -0700] "GET /bootstrap/img/favicon.ico HTTP/1.1" 200 589 "http://www.secrepo.com/" "Mozilla/5.0 (Windows NT 10.0; Win64; x64) AppleWebKit/537.36 (KHTML, like Gecko) Chrome/67.0.3396.99 Safari/537.36" 
134.164.184.122 - - [11/Jul/2018:09:10:02 -0700] "GET /maccdc2012/dhcp.log.gz HTTP/1.1" 200 45019 "-" "Mozilla/5.0 (Windows NT 10.0; Win64; x64) AppleWebKit/537.36 (KHTML, like Gecko) Chrome/67.0.3396.99 Safari/537.36" 
62.173.145.191 - - [11/Jul/2018:09:10:04 -0700] "GET /honeypot/Honeypot%20-%20Howto.pdf HTTP/1.1" 200 1279418 "http://www.secrepo.com/" "Mozilla/5.0 (Macintosh; Intel Mac OS X 10_13_2) AppleWebKit/537.36 (KHTML, like Gecko) Chrome/63.0.3239.84 Safari/537.36" 
61.19.212.189 - - [11/Jul/2018:09:10:04 -0700] "GET /honeypot/Honeypot%20-%20Howto%20-%20BSides%20Austin.pdf HTTP/1.1" 200 1808940 "http://www.secrepo.com/" "Mozilla/5.0 (compatible; MSIE 9.0; Windows NT 6.1; Trident/5.0;  Trident/5.0)" 
216.244.66.245 - - [11/Jul/2018:09:10:42 -0700] "GET /self.logs/access.log.2017-10-15.gz HTTP/1.1" 200 78058 "-" "Mozilla/5.0 (compatible; DotBot/1.1; http://www.opensiteexplorer.org/dotbot, help@moz.com)" 
216.244.66.245 - - [11/Jul/2018:09:10:45 -0700] "GET /self.logs/access.log.2017-11-14.gz HTTP/1.1" 200 22835 "-" "Mozilla/5.0 (compatible; DotBot/1.1; http://www.opensiteexplorer.org/dotbot, help@moz.com)" 
216.244.66.245 - - [11/Jul/2018:09:10:47 -0700] "GET /self.logs/error.log.2017-07-24.gz HTTP/1.1" 200 923 "-" "Mozilla/5.0 (compatible; DotBot/1.1; http://www.opensiteexplorer.org/dotbot, help@moz.com)" 
216.244.66.245 - - [11/Jul/2018:09:10:49 -0700] "GET /self.logs/error.log.2017-09-02.gz HTTP/1.1" 200 934 "-" "Mozilla/5.0 (compatible; DotBot/1.1; http://www.opensiteexplorer.org/dotbot, help@moz.com)" 
12.181.2.228 - - [11/Jul/2018:09:09:54 -0700] "GET /maccdc2012/conn.log.gz HTTP/1.1" 200 551041635 "-" "Mozilla/5.0 (Windows NT 6.1; Win64; x64) AppleWebKit/537.36 (KHTML, like Gecko) Chrome/67.0.3396.99 Safari/537.36" 
12.181.2.228 - - [11/Jul/2018:09:12:23 -0700] "GET /maccdc2012/dns.log.gz HTTP/1.1" 200 6629420 "http://www.secrepo.com/" "Mozilla/5.0 (Windows NT 6.1; Win64; x64) AppleWebKit/537.36 (KHTML, like Gecko) Chrome/67.0.3396.99 Safari/537.36" 
216.244.66.245 - - [11/Jul/2018:09:12:30 -0700] "GET /self.logs/access.log.2015-04-27.gz HTTP/1.1" 404 239 "-" "Mozilla/5.0 (compatible; DotBot/1.1; http://www.opensiteexplorer.org/dotbot, help@moz.com)" 
216.244.66.245 - - [11/Jul/2018:09:12:32 -0700] "GET /self.logs/access.log.2015-08-22.gz HTTP/1.1" 404 239 "-" "Mozilla/5.0 (compatible; DotBot/1.1; http://www.opensiteexplorer.org/dotbot, help@moz.com)" 
216.244.66.245 - - [11/Jul/2018:09:12:33 -0700] "GET /self.logs/access.log.2016-01-31.gz HTTP/1.1" 404 239 "-" "Mozilla/5.0 (compatible; DotBot/1.1; http://www.opensiteexplorer.org/dotbot, help@moz.com)" 
216.244.66.245 - - [11/Jul/2018:09:12:34 -0700] "GET /self.logs/access.log.2016-07-15.gz HTTP/1.1" 404 239 "-" "Mozilla/5.0 (compatible; DotBot/1.1; http://www.opensiteexplorer.org/dotbot, help@moz.com)" 
216.244.66.245 - - [11/Jul/2018:09:12:36 -0700] "GET /self.logs/error.log.2015-04-30.gz HTTP/1.1" 404 239 "-" "Mozilla/5.0 (compatible; DotBot/1.1; http://www.opensiteexplorer.org/dotbot, help@moz.com)" 
216.244.66.245 - - [11/Jul/2018:09:12:37 -0700] "GET /self.logs/error.log.2016-03-24.gz HTTP/1.1" 404 239 "-" "Mozilla/5.0 (compatible; DotBot/1.1; http://www.opensiteexplorer.org/dotbot, help@moz.com)" 
134.164.184.122 - - [11/Jul/2018:09:12:41 -0700] "GET /maccdc2012/dns.log.gz HTTP/1.1" 200 6629420 "-" "Mozilla/5.0 (Windows NT 10.0; Win64; x64) AppleWebKit/537.36 (KHTML, like Gecko) Chrome/67.0.3396.99 Safari/537.36" 
141.168.178.181 - - [11/Jul/2018:09:16:01 -0700] "GET /wp-login.php HTTP/1.1" 418 732 "-" "Mozilla/5.0 (Windows NT 6.1; WOW64; rv:40.0) Gecko/20100101 Firefox/40.1" 
141.168.178.181 - - [11/Jul/2018:09:16:01 -0700] "GET / HTTP/1.1" 418 732 "-" "Mozilla/5.0 (Windows NT 6.1; WOW64; rv:40.0) Gecko/20100101 Firefox/40.1" 
54.36.148.235 - - [11/Jul/2018:09:16:52 -0700] "GET /self.logs/access.log.2017-08-26.gz HTTP/1.1" 200 16564 "-" "Mozilla/5.0 (compatible; AhrefsBot/5.2; +http://ahrefs.com/robot/)" 
54.36.148.113 - - [11/Jul/2018:09:18:52 -0700] "GET /self.logs/access.log.2015-08-06.gz HTTP/1.1" 404 284 "-" "Mozilla/5.0 (compatible; AhrefsBot/5.2; +http://ahrefs.com/robot/)" 
155.95.80.246 - - [11/Jul/2018:09:19:20 -0700] "GET / HTTP/1.1" 200 11357 "-" "Mozilla/5.0 (Windows NT 10.0; WOW64; Trident/7.0; rv:11.0) like Gecko" 
155.95.80.246 - - [11/Jul/2018:09:19:20 -0700] "GET /twitter-icon.png HTTP/1.1" 200 27787 "http://www.secrepo.com/" "Mozilla/5.0 (Windows NT 10.0; WOW64; Trident/7.0; rv:11.0) like Gecko" 
155.95.80.246 - - [11/Jul/2018:09:19:20 -0700] "GET /GitHub-Mark.png HTTP/1.1" 200 7427 "http://www.secrepo.com/" "Mozilla/5.0 (Windows NT 10.0; WOW64; Trident/7.0; rv:11.0) like Gecko" 
155.95.80.246 - - [11/Jul/2018:09:19:21 -0700] "GET /bootstrap/img/favicon.ico HTTP/1.1" 200 589 "-" "Mozilla/5.0 (Windows NT 10.0; Win64; x64; Trident/7.0; rv:11.0) like Gecko" 
155.95.80.246 - - [11/Jul/2018:09:19:27 -0700] "GET /maccdc2012/ftp.log.gz HTTP/1.1" 200 128116 "http://www.secrepo.com/" "Mozilla/5.0 (Windows NT 10.0; WOW64; Trident/7.0; rv:11.0) like Gecko" 
134.19.212.86 - - [11/Jul/2018:09:20:34 -0700] "GET /wp-login.php HTTP/1.1" 418 732 "-" "Mozilla/5.0 (Windows NT 6.1; WOW64; rv:40.0) Gecko/20100101 Firefox/40.1" 
134.19.212.86 - - [11/Jul/2018:09:20:34 -0700] "GET / HTTP/1.1" 418 732 "-" "Mozilla/5.0 (Windows NT 6.1; WOW64; rv:40.0) Gecko/20100101 Firefox/40.1" 
220.181.108.157 - - [11/Jul/2018:09:22:14 -0700] "GET /robots.txt HTTP/1.1" 301 465 "-" "Mozilla/5.0 (compatible; Baiduspider/2.0; +http://www.baidu.com/search/spider.html)" 
220.181.108.177 - - [11/Jul/2018:09:22:15 -0700] "GET /robots.txt HTTP/1.1" 200 297 "-" "Mozilla/5.0 (compatible; Baiduspider/2.0; +http://www.baidu.com/search/spider.html)" 
123.125.67.226 - - [11/Jul/2018:09:22:20 -0700] "GET /robots.txt HTTP/1.1" 301 465 "-" "Mozilla/5.0 (Windows NT 10.0; WOW64) AppleWebKit/537.36 (KHTML, like Gecko) Chrome/45.0.2454.93 Safari/537.36" 
123.125.67.163 - - [11/Jul/2018:09:22:21 -0700] "GET /robots.txt HTTP/1.1" 200 297 "-" "Mozilla/5.0 (Windows NT 10.0; WOW64) AppleWebKit/537.36 (KHTML, like Gecko) Chrome/45.0.2454.93 Safari/537.36" 
220.181.108.169 - - [11/Jul/2018:09:22:21 -0700] "GET /robots.txt HTTP/1.1" 200 297 "-" "Mozilla/5.0 (compatible; Baiduspider/2.0; +http://www.baidu.com/search/spider.html)" 
123.125.71.26 - - [11/Jul/2018:09:22:23 -0700] "GET /robots.txt HTTP/1.1" 200 297 "-" "Mozilla/5.0 (compatible; Baiduspider/2.0; +http://www.baidu.com/search/spider.html)" 
69.171.225.150 - - [11/Jul/2018:09:22:25 -0700] "GET /twitter-icon.png HTTP/1.1" 200 27788 "-" "facebookexternalhit/1.1 (+http://www.facebook.com/externalhit_uatext.php)" 
220.181.108.172 - - [11/Jul/2018:09:22:25 -0700] "GET /robots.txt HTTP/1.1" 200 297 "-" "Mozilla/5.0 (compatible; Baiduspider/2.0; +http://www.baidu.com/search/spider.html)" 
97.86.130.157 - - [11/Jul/2018:09:23:02 -0700] "GET / HTTP/1.1" 200 11357 "https://www.google.com/" "Mozilla/5.0 (Windows NT 10.0; Win64; x64) AppleWebKit/537.36 (KHTML, like Gecko) Chrome/67.0.3396.99 Safari/537.36" 
220.181.108.112 - - [11/Jul/2018:09:24:22 -0700] "GET / HTTP/1.1" 301 446 "-" "Mozilla/5.0 (compatible; Baiduspider/2.0; +http://www.baidu.com/search/spider.html)" 
220.181.108.84 - - [11/Jul/2018:09:24:24 -0700] "GET / HTTP/1.1" 200 11320 "-" "Mozilla/5.0 (compatible; Baiduspider/2.0; +http://www.baidu.com/search/spider.html)" 
216.244.66.245 - - [11/Jul/2018:09:29:19 -0700] "GET /robots.txt HTTP/1.1" 200 233 "-" "Mozilla/5.0 (compatible; DotBot/1.1; http://www.opensiteexplorer.org/dotbot, help@moz.com)" 
216.244.66.245 - - [11/Jul/2018:09:32:58 -0700] "GET /self.logs/access.log.2018-06-30.gz HTTP/1.1" 200 20978 "-" "Mozilla/5.0 (compatible; DotBot/1.1; http://www.opensiteexplorer.org/dotbot, help@moz.com)" 
54.36.149.40 - - [11/Jul/2018:09:33:30 -0700] "GET /self.logs/error.log.2017-01-09.gz HTTP/1.1" 200 842 "-" "Mozilla/5.0 (compatible; AhrefsBot/5.2; +http://ahrefs.com/robot/)" 
89.248.113.148 - - [11/Jul/2018:09:34:22 -0700] "GET /honeypot/Honeypot%20-%20Howto%20-%20BSides%20Austin.pdf HTTP/1.1" 200 1762560 "http://www.secrepo.com/" "Mozilla/5.0 (Windows NT 6.1; WOW64) AppleWebKit/537.36 (KHTML, like Gecko) Chrome/47.0.2526.80 Safari/537.36 Core/1.47.516.400 QQBrowser/9.4.8186.400" 
176.232.43.229 - - [11/Jul/2018:09:36:13 -0700] "GET /wp-login.php HTTP/1.1" 418 732 "-" "Mozilla/5.0 (Windows NT 6.1; WOW64; rv:40.0) Gecko/20100101 Firefox/40.1" 
176.232.43.229 - - [11/Jul/2018:09:36:13 -0700] "GET / HTTP/1.1" 418 732 "-" "Mozilla/5.0 (Windows NT 6.1; WOW64; rv:40.0) Gecko/20100101 Firefox/40.1" 
113.171.224.176 - - [11/Jul/2018:09:46:06 -0700] "GET /honeypot/Honeypot%20-%20Howto.pdf HTTP/1.1" 200 46720 "-" "Mozilla/5.0 Gecko/20100115 Firefox/3.6" 
54.36.148.75 - - [11/Jul/2018:09:50:17 -0700] "GET /self.logs/2015/error.log.2015-07-17.gz HTTP/1.1" 200 703 "-" "Mozilla/5.0 (compatible; AhrefsBot/5.2; +http://ahrefs.com/robot/)" 
199.47.87.140 - - [11/Jul/2018:09:51:29 -0700] "GET /robots.txt HTTP/1.1" 301 446 "-" "TurnitinBot (https://turnitin.com/robot/crawlerinfo.html)" 
199.47.87.140 - - [11/Jul/2018:09:51:29 -0700] "GET /robots.txt HTTP/1.1" 200 304 "-" "TurnitinBot (https://turnitin.com/robot/crawlerinfo.html)" 
199.47.87.140 - - [11/Jul/2018:09:51:29 -0700] "GET /robots.txt HTTP/1.1" 200 304 "-" "TurnitinBot (https://turnitin.com/robot/crawlerinfo.html)" 
199.47.87.140 - - [11/Jul/2018:09:51:30 -0700] "GET / HTTP/1.1" 200 11301 "-" "TurnitinBot (https://turnitin.com/robot/crawlerinfo.html)" 
216.244.66.245 - - [11/Jul/2018:09:54:52 -0700] "GET /robots.txt HTTP/1.1" 200 233 "-" "Mozilla/5.0 (compatible; DotBot/1.1; http://www.opensiteexplorer.org/dotbot, help@moz.com)" 
216.244.66.245 - - [11/Jul/2018:10:01:35 -0700] "GET /self.logs/access.log.2017-06-22.gz HTTP/1.1" 200 28992 "-" "Mozilla/5.0 (compatible; DotBot/1.1; http://www.opensiteexplorer.org/dotbot, help@moz.com)" 
216.244.66.245 - - [11/Jul/2018:10:01:37 -0700] "GET /self.logs/error.log.2017-05-03.gz HTTP/1.1" 200 1920 "-" "Mozilla/5.0 (compatible; DotBot/1.1; http://www.opensiteexplorer.org/dotbot, help@moz.com)" 
216.244.66.245 - - [11/Jul/2018:10:01:39 -0700] "GET /self.logs/error.log.2017-12-05.gz HTTP/1.1" 200 2584 "-" "Mozilla/5.0 (compatible; DotBot/1.1; http://www.opensiteexplorer.org/dotbot, help@moz.com)" 
216.244.66.245 - - [11/Jul/2018:10:01:41 -0700] "GET /self.logs/error.log.2017-12-08.gz HTTP/1.1" 200 4376 "-" "Mozilla/5.0 (compatible; DotBot/1.1; http://www.opensiteexplorer.org/dotbot, help@moz.com)" 
199.58.86.206 - - [11/Jul/2018:10:02:46 -0700] "GET /robots.txt HTTP/1.1" 200 289 "-" "Mozilla/5.0 (compatible; MJ12bot/v1.4.8; http://mj12bot.com/)" 
199.58.86.206 - - [11/Jul/2018:10:02:48 -0700] "GET / HTTP/1.1" 200 38539 "-" "Mozilla/5.0 (compatible; MJ12bot/v1.4.8; http://mj12bot.com/)" 
216.244.66.245 - - [11/Jul/2018:10:02:49 -0700] "GET /self.logs/access.log.2015-04-21.gz HTTP/1.1" 404 239 "-" "Mozilla/5.0 (compatible; DotBot/1.1; http://www.opensiteexplorer.org/dotbot, help@moz.com)" 
216.244.66.245 - - [11/Jul/2018:10:02:50 -0700] "GET /self.logs/access.log.2016-02-21.gz HTTP/1.1" 404 239 "-" "Mozilla/5.0 (compatible; DotBot/1.1; http://www.opensiteexplorer.org/dotbot, help@moz.com)" 
216.244.66.245 - - [11/Jul/2018:10:02:52 -0700] "GET /self.logs/access.log.2016-09-26.gz HTTP/1.1" 404 239 "-" "Mozilla/5.0 (compatible; DotBot/1.1; http://www.opensiteexplorer.org/dotbot, help@moz.com)" 
216.244.66.245 - - [11/Jul/2018:10:02:53 -0700] "GET /self.logs/error.log.2016-04-24.gz HTTP/1.1" 404 239 "-" "Mozilla/5.0 (compatible; DotBot/1.1; http://www.opensiteexplorer.org/dotbot, help@moz.com)" 
102.181.194.40 - - [11/Jul/2018:10:08:21 -0700] "GET /maccdc2012/dns.log.gz HTTP/1.1" 304 154 "-" "Mozilla/5.0 Gecko/20100115 Firefox/3.6" 
87.116.176.129 - - [11/Jul/2018:10:10:11 -0700] "GET /wp-login.php HTTP/1.1" 418 732 "-" "Mozilla/5.0 (Windows NT 6.1; WOW64; rv:40.0) Gecko/20100101 Firefox/40.1" 
87.116.176.129 - - [11/Jul/2018:10:10:11 -0700] "GET / HTTP/1.1" 418 732 "-" "Mozilla/5.0 (Windows NT 6.1; WOW64; rv:40.0) Gecko/20100101 Firefox/40.1" 
208.80.194.31 - - [11/Jul/2018:10:14:57 -0700] "GET / HTTP/1.0" 200 38584 "-" "Mozilla/5.0 (Windows; U; Windows NT 6.1; en-US; rv:1.9.2.13) Gecko/20101203 Firefox/3.6.13" 
216.244.66.245 - - [11/Jul/2018:10:17:49 -0700] "GET /robots.txt HTTP/1.1" 200 233 "-" "Mozilla/5.0 (compatible; DotBot/1.1; http://www.opensiteexplorer.org/dotbot, help@moz.com)" 
193.1.209.156 - - [11/Jul/2018:10:19:51 -0700] "GET / HTTP/1.1" 200 11357 "-" "Mozilla/5.0 (Windows NT 10.0; Win64; x64) AppleWebKit/537.36 (KHTML, like Gecko) Chrome/67.0.3396.99 Safari/537.36" 
193.1.209.156 - - [11/Jul/2018:10:19:51 -0700] "GET /twitter-icon.png HTTP/1.1" 200 27787 "http://www.secrepo.com/" "Mozilla/5.0 (Windows NT 10.0; Win64; x64) AppleWebKit/537.36 (KHTML, like Gecko) Chrome/67.0.3396.99 Safari/537.36" 
193.1.209.156 - - [11/Jul/2018:10:19:51 -0700] "GET /GitHub-Mark.png HTTP/1.1" 200 7428 "http://www.secrepo.com/" "Mozilla/5.0 (Windows NT 10.0; Win64; x64) AppleWebKit/537.36 (KHTML, like Gecko) Chrome/67.0.3396.99 Safari/537.36" 
193.1.209.156 - - [11/Jul/2018:10:19:52 -0700] "GET /bootstrap/img/favicon.ico HTTP/1.1" 200 589 "http://www.secrepo.com/" "Mozilla/5.0 (Windows NT 10.0; Win64; x64) AppleWebKit/537.36 (KHTML, like Gecko) Chrome/67.0.3396.99 Safari/537.36" 
79.177.223.106 - - [11/Jul/2018:10:20:39 -0700] "GET / HTTP/1.1" 200 11357 "-" "Mozilla/5.0 (Windows NT 10.0; Win64; x64) AppleWebKit/537.36 (KHTML, like Gecko) Chrome/67.0.3396.99 Safari/537.36" 
79.177.223.106 - - [11/Jul/2018:10:20:40 -0700] "GET /twitter-icon.png HTTP/1.1" 200 27787 "http://www.secrepo.com/" "Mozilla/5.0 (Windows NT 10.0; Win64; x64) AppleWebKit/537.36 (KHTML, like Gecko) Chrome/67.0.3396.99 Safari/537.36" 
79.177.223.106 - - [11/Jul/2018:10:20:40 -0700] "GET /GitHub-Mark.png HTTP/1.1" 200 7428 "http://www.secrepo.com/" "Mozilla/5.0 (Windows NT 10.0; Win64; x64) AppleWebKit/537.36 (KHTML, like Gecko) Chrome/67.0.3396.99 Safari/537.36" 
79.177.223.106 - - [11/Jul/2018:10:20:42 -0700] "GET /bootstrap/img/favicon.ico HTTP/1.1" 200 590 "http://www.secrepo.com/" "Mozilla/5.0 (Windows NT 10.0; Win64; x64) AppleWebKit/537.36 (KHTML, like Gecko) Chrome/67.0.3396.99 Safari/537.36" 
193.1.209.156 - - [11/Jul/2018:10:21:55 -0700] "GET /maccdc2012/ssh.log.gz HTTP/1.1" 200 182517 "-" "Mozilla/5.0 (Windows NT 10.0; Win64; x64) AppleWebKit/537.36 (KHTML, like Gecko) Chrome/67.0.3396.99 Safari/537.36" 
216.244.66.245 - - [11/Jul/2018:10:24:09 -0700] "GET /self.logs/access.log.2017-09-27.gz HTTP/1.1" 200 32091 "-" "Mozilla/5.0 (compatible; DotBot/1.1; http://www.opensiteexplorer.org/dotbot, help@moz.com)" 
216.244.66.245 - - [11/Jul/2018:10:24:11 -0700] "GET /self.logs/access.log.2017-11-03.gz HTTP/1.1" 200 25963 "-" "Mozilla/5.0 (compatible; DotBot/1.1; http://www.opensiteexplorer.org/dotbot, help@moz.com)" 
216.244.66.245 - - [11/Jul/2018:10:24:12 -0700] "GET /self.logs/access.log.2017-11-06.gz HTTP/1.1" 200 28078 "-" "Mozilla/5.0 (compatible; DotBot/1.1; http://www.opensiteexplorer.org/dotbot, help@moz.com)" 
216.244.66.245 - - [11/Jul/2018:10:24:14 -0700] "GET /self.logs/error.log.2017-05-24.gz HTTP/1.1" 200 897 "-" "Mozilla/5.0 (compatible; DotBot/1.1; http://www.opensiteexplorer.org/dotbot, help@moz.com)" 
216.244.66.245 - - [11/Jul/2018:10:24:15 -0700] "GET /self.logs/error.log.2017-06-02.gz HTTP/1.1" 200 758 "-" "Mozilla/5.0 (compatible; DotBot/1.1; http://www.opensiteexplorer.org/dotbot, help@moz.com)" 
216.244.66.245 - - [11/Jul/2018:10:24:17 -0700] "GET /self.logs/error.log.2017-07-19.gz HTTP/1.1" 200 843 "-" "Mozilla/5.0 (compatible; DotBot/1.1; http://www.opensiteexplorer.org/dotbot, help@moz.com)" 
216.244.66.245 - - [11/Jul/2018:10:24:18 -0700] "GET /self.logs/error.log.2017-07-29.gz HTTP/1.1" 200 842 "-" "Mozilla/5.0 (compatible; DotBot/1.1; http://www.opensiteexplorer.org/dotbot, help@moz.com)" 
32.97.110.60 - - [11/Jul/2018:10:24:33 -0700] "GET / HTTP/1.1" 304 189 "https://www.google.com/" "Mozilla/5.0 (Macintosh; Intel Mac OS X 10_13_3) AppleWebKit/537.36 (KHTML, like Gecko) Chrome/67.0.3396.99 Safari/537.36" 
54.36.149.27 - - [11/Jul/2018:10:24:53 -0700] "GET /self.logs/2016/access.log.2016-01-20.gz HTTP/1.1" 200 10398 "-" "Mozilla/5.0 (compatible; AhrefsBot/5.2; +http://ahrefs.com/robot/)" 
216.244.66.245 - - [11/Jul/2018:10:25:39 -0700] "GET /self.logs/access.log.2015-03-21.gz HTTP/1.1" 404 239 "-" "Mozilla/5.0 (compatible; DotBot/1.1; http://www.opensiteexplorer.org/dotbot, help@moz.com)" 
216.244.66.245 - - [11/Jul/2018:10:25:40 -0700] "GET /self.logs/access.log.2016-06-20.gz HTTP/1.1" 404 239 "-" "Mozilla/5.0 (compatible; DotBot/1.1; http://www.opensiteexplorer.org/dotbot, help@moz.com)" 
216.244.66.245 - - [11/Jul/2018:10:25:41 -0700] "GET /self.logs/access.log.2016-09-16.gz HTTP/1.1" 404 239 "-" "Mozilla/5.0 (compatible; DotBot/1.1; http://www.opensiteexplorer.org/dotbot, help@moz.com)" 
216.244.66.245 - - [11/Jul/2018:10:25:42 -0700] "GET /self.logs/access.log.2016-11-17.gz HTTP/1.1" 404 239 "-" "Mozilla/5.0 (compatible; DotBot/1.1; http://www.opensiteexplorer.org/dotbot, help@moz.com)" 
216.244.66.245 - - [11/Jul/2018:10:25:43 -0700] "GET /self.logs/error.log.2015-06-07.gz HTTP/1.1" 404 239 "-" "Mozilla/5.0 (compatible; DotBot/1.1; http://www.opensiteexplorer.org/dotbot, help@moz.com)" 
216.244.66.245 - - [11/Jul/2018:10:25:44 -0700] "GET /self.logs/error.log.2015-06-27.gz HTTP/1.1" 404 239 "-" "Mozilla/5.0 (compatible; DotBot/1.1; http://www.opensiteexplorer.org/dotbot, help@moz.com)" 
216.244.66.245 - - [11/Jul/2018:10:25:45 -0700] "GET /self.logs/error.log.2016-04-01.gz HTTP/1.1" 404 239 "-" "Mozilla/5.0 (compatible; DotBot/1.1; http://www.opensiteexplorer.org/dotbot, help@moz.com)" 
54.36.149.48 - - [11/Jul/2018:10:25:49 -0700] "GET /self.logs/access.log.2017-08-14.gz HTTP/1.1" 200 19624 "-" "Mozilla/5.0 (compatible; AhrefsBot/5.2; +http://ahrefs.com/robot/)" 
123.125.143.30 - - [11/Jul/2018:10:26:53 -0700] "GET / HTTP/1.1" 200 11357 "http://www.baidu.com/s?wd=EPIZ" "Mozilla/5.0 (Windows NT 6.1; WOW64; rv:43.0) Gecko/20100101 Firefox/43.0" 
98.194.177.83 - - [11/Jul/2018:10:34:16 -0700] "GET / HTTP/1.1" 200 11357 "https://www.google.com/" "Mozilla/5.0 (Windows NT 10.0; Win64; x64) AppleWebKit/537.36 (KHTML, like Gecko) Chrome/67.0.3396.99 Safari/537.36" 
98.194.177.83 - - [11/Jul/2018:10:34:16 -0700] "GET /twitter-icon.png HTTP/1.1" 200 27787 "http://www.secrepo.com/" "Mozilla/5.0 (Windows NT 10.0; Win64; x64) AppleWebKit/537.36 (KHTML, like Gecko) Chrome/67.0.3396.99 Safari/537.36" 
98.194.177.83 - - [11/Jul/2018:10:34:16 -0700] "GET /GitHub-Mark.png HTTP/1.1" 200 7428 "http://www.secrepo.com/" "Mozilla/5.0 (Windows NT 10.0; Win64; x64) AppleWebKit/537.36 (KHTML, like Gecko) Chrome/67.0.3396.99 Safari/537.36" 
