195.22.127.231 - - [27/Apr/2018:13:20:16 -0700] "GET /mysqldumper/sql.php HTTP/1.1" 301 516 "-" "Mozilla/5.0 (Windows NT 6.3; Win64; x64) AppleWebKit/537.36 (KHTML, like Gecko) Chrome/62.0.3202.94 Safari/537.36" 
195.22.127.231 - - [27/Apr/2018:13:20:16 -0700] "GET /mysqldumper/sql.php HTTP/1.1" 404 339 "-" "Mozilla/5.0 (Windows NT 6.3; Win64; x64) AppleWebKit/537.36 (KHTML, like Gecko) Chrome/62.0.3202.94 Safari/537.36" 
195.22.127.231 - - [27/Apr/2018:13:20:16 -0700] "GET /sql/sql.php HTTP/1.1" 301 499 "-" "Mozilla/5.0 (Windows NT 6.3; Win64; x64) AppleWebKit/537.36 (KHTML, like Gecko) Chrome/62.0.3202.94 Safari/537.36" 
195.22.127.231 - - [27/Apr/2018:13:20:16 -0700] "GET /sql/sql.php HTTP/1.1" 404 339 "-" "Mozilla/5.0 (Windows NT 6.3; Win64; x64) AppleWebKit/537.36 (KHTML, like Gecko) Chrome/62.0.3202.94 Safari/537.36" 
120.221.1.28 - - [27/Apr/2018:13:21:42 -0700] "GET /maccdc2012/files.log.gz HTTP/1.1" 304 155 "-" "Mozilla/5.0 Gecko/20100115 Firefox/3.6" 
47.75.75.73 - - [27/Apr/2018:13:27:47 -0700] "POST /?q=user%2Fpassword&name%5B%23post_render%5D%5B%5D=passthru&name%5B%23markup%5D=whoami&name%5B%23type%5D=markup HTTP/1.1" 418 584 "-" "Mozilla/5.0 (Macintosh; Intel Mac OS X 10_12_3) AppleWebKit/537.36 (KHTML, like Gecko) Chrome/56.0.2924.87 Safari/537.36" 
120.221.0.34 - - [27/Apr/2018:13:27:58 -0700] "GET /honeypot/Honeypot%20-%20Howto.pdf HTTP/1.1" 304 131 "-" "Mozilla/5.0 Gecko/20100115 Firefox/3.6" 
54.36.148.215 - - [27/Apr/2018:13:31:31 -0700] "GET /self.logs/access.log.2015-06-01.gz HTTP/1.1" 404 284 "-" "Mozilla/5.0 (compatible; AhrefsBot/5.2; +http://ahrefs.com/robot/)" 
113.171.224.176 - - [27/Apr/2018:13:37:50 -0700] "GET /honeypot/Honeypot%20-%20Howto.pdf HTTP/1.1" 200 46720 "-" "Mozilla/5.0 Gecko/20100115 Firefox/3.6" 
89.136.247.89 - - [27/Apr/2018:13:43:46 -0700] "GET /wp-login.php HTTP/1.1" 418 732 "-" "Mozilla/5.0 (Windows NT 6.1; WOW64; rv:40.0) Gecko/20100101 Firefox/40.1" 
89.136.247.89 - - [27/Apr/2018:13:43:46 -0700] "GET / HTTP/1.1" 418 732 "-" "Mozilla/5.0 (Windows NT 6.1; WOW64; rv:40.0) Gecko/20100101 Firefox/40.1" 
211.243.248.252 - - [27/Apr/2018:13:46:36 -0700] "GET / HTTP/1.1" 200 11061 "http://www.hakawati.co.kr/416?category=585685" "Mozilla/5.0 (Windows NT 6.1) AppleWebKit/537.36 (KHTML, like Gecko) Chrome/66.0.3359.117 Safari/537.36" 
211.243.248.252 - - [27/Apr/2018:13:46:37 -0700] "GET /twitter-icon.png HTTP/1.1" 200 27787 "http://www.secrepo.com/" "Mozilla/5.0 (Windows NT 6.1) AppleWebKit/537.36 (KHTML, like Gecko) Chrome/66.0.3359.117 Safari/537.36" 
211.243.248.252 - - [27/Apr/2018:13:46:37 -0700] "GET /GitHub-Mark.png HTTP/1.1" 200 7428 "http://www.secrepo.com/" "Mozilla/5.0 (Windows NT 6.1) AppleWebKit/537.36 (KHTML, like Gecko) Chrome/66.0.3359.117 Safari/537.36" 
211.243.248.252 - - [27/Apr/2018:13:46:37 -0700] "GET /bootstrap/img/favicon.ico HTTP/1.1" 200 589 "http://www.secrepo.com/" "Mozilla/5.0 (Windows NT 6.1) AppleWebKit/537.36 (KHTML, like Gecko) Chrome/66.0.3359.117 Safari/537.36" 
54.36.148.119 - - [27/Apr/2018:13:47:20 -0700] "GET /self.logs/error.log.2017-02-07.gz HTTP/1.1" 200 1278 "-" "Mozilla/5.0 (compatible; AhrefsBot/5.2; +http://ahrefs.com/robot/)" 
54.36.148.224 - - [27/Apr/2018:13:48:21 -0700] "GET /self.logs/2016/error.log.2016-08-17.gz HTTP/1.1" 200 969 "-" "Mozilla/5.0 (compatible; AhrefsBot/5.2; +http://ahrefs.com/robot/)" 
184.12.136.17 - - [27/Apr/2018:13:49:33 -0700] "GET / HTTP/1.1" 200 11061 "http://www.google.com/url?sa=t&rct=j&q=&esrc=s&source=web&cd=4&cad=rja&uact=8&ved=0ahUKEwii-IrzqdvaAhUP-lQKHVLMDe4QFgg6MAM&url=http%3A%2F%2Fwww.secrepo.com%2F&usg=AOvVaw0jIonH_9-JWfo0lP0X5Pvo" "Mozilla/5.0 (Windows NT 10.0; WOW64; Trident/7.0; Touch; rv:11.0) like Gecko" 
184.12.136.17 - - [27/Apr/2018:13:49:34 -0700] "GET /GitHub-Mark.png HTTP/1.1" 200 7427 "http://www.secrepo.com/" "Mozilla/5.0 (Windows NT 10.0; WOW64; Trident/7.0; Touch; rv:11.0) like Gecko" 
184.12.136.17 - - [27/Apr/2018:13:49:34 -0700] "GET /twitter-icon.png HTTP/1.1" 200 27788 "http://www.secrepo.com/" "Mozilla/5.0 (Windows NT 10.0; WOW64; Trident/7.0; Touch; rv:11.0) like Gecko" 
184.12.136.17 - - [27/Apr/2018:13:49:38 -0700] "GET /bootstrap/img/favicon.ico HTTP/1.1" 200 590 "-" "Mozilla/5.0 (Windows NT 10.0; Win64; x64; Trident/7.0; Touch; rv:11.0) like Gecko" 
199.58.86.211 - - [27/Apr/2018:13:51:03 -0700] "GET /robots.txt HTTP/1.1" 200 289 "-" "Mozilla/5.0 (compatible; MJ12bot/v1.4.8; http://mj12bot.com/)" 
199.58.86.211 - - [27/Apr/2018:13:51:06 -0700] "GET / HTTP/1.1" 200 37359 "-" "Mozilla/5.0 (compatible; MJ12bot/v1.4.8; http://mj12bot.com/)" 
120.221.1.28 - - [27/Apr/2018:13:51:42 -0700] "GET /maccdc2012/files.log.gz HTTP/1.1" 304 155 "-" "Mozilla/5.0 Gecko/20100115 Firefox/3.6" 
47.75.75.185 - - [27/Apr/2018:13:52:01 -0700] "POST /?q=user%2Fpassword&name%5B%23post_render%5D%5B%5D=passthru&name%5B%23markup%5D=whoami&name%5B%23type%5D=markup HTTP/1.1" 418 584 "-" "Mozilla/5.0 (Macintosh; Intel Mac OS X 10_12_3) AppleWebKit/537.36 (KHTML, like Gecko) Chrome/56.0.2924.87 Safari/537.36" 
54.36.149.76 - - [27/Apr/2018:13:56:10 -0700] "GET /self.logs/access.log.2017-06-14.gz HTTP/1.1" 200 37159 "-" "Mozilla/5.0 (compatible; AhrefsBot/5.2; +http://ahrefs.com/robot/)" 
120.221.0.34 - - [27/Apr/2018:13:57:59 -0700] "GET /honeypot/Honeypot%20-%20Howto.pdf HTTP/1.1" 304 131 "-" "Mozilla/5.0 Gecko/20100115 Firefox/3.6" 
94.230.208.148 - - [27/Apr/2018:14:04:08 -0700] "GET / HTTP/1.1" 301 442 "http://www.google.com/" "Mozilla/4.0 (compatible; MSIE 7.0; Windows NT 5.1)" 
190.27.135.119 - - [27/Apr/2018:14:04:10 -0700] "GET / HTTP/1.1" 200 11061 "https://www.reddit.com/r/datasets/comments/3tbxap/cyber_security_datasets/" "Mozilla/5.0 (X11; Ubuntu; Linux x86_64; rv:59.0) Gecko/20100101 Firefox/59.0" 
190.27.135.119 - - [27/Apr/2018:14:04:10 -0700] "GET /GitHub-Mark.png HTTP/1.1" 200 7427 "http://www.secrepo.com/" "Mozilla/5.0 (X11; Ubuntu; Linux x86_64; rv:59.0) Gecko/20100101 Firefox/59.0" 
190.27.135.119 - - [27/Apr/2018:14:04:10 -0700] "GET /twitter-icon.png HTTP/1.1" 200 27788 "http://www.secrepo.com/" "Mozilla/5.0 (X11; Ubuntu; Linux x86_64; rv:59.0) Gecko/20100101 Firefox/59.0" 
190.27.135.119 - - [27/Apr/2018:14:04:11 -0700] "GET /bootstrap/img/favicon.ico HTTP/1.1" 200 589 "-" "Mozilla/5.0 (X11; Ubuntu; Linux x86_64; rv:59.0) Gecko/20100101 Firefox/59.0" 
102.181.194.40 - - [27/Apr/2018:14:06:39 -0700] "GET /maccdc2012/dns.log.gz HTTP/1.1" 304 154 "-" "Mozilla/5.0 Gecko/20100115 Firefox/3.6" 
176.14.121.90 - - [27/Apr/2018:14:07:16 -0700] "GET / HTTP/1.1" 301 442 "http://www.google.com/" "Mozilla/5.0 (Windows; U; Windows NT 5.1; en-GB; rv:1.8.1.6) Gecko/20070725 Firefox/2.0.0.6" 
54.36.148.220 - - [27/Apr/2018:14:11:10 -0700] "GET /self.logs/access.log.2017-05-25.gz HTTP/1.1" 200 36248 "-" "Mozilla/5.0 (compatible; AhrefsBot/5.2; +http://ahrefs.com/robot/)" 
54.36.148.78 - - [27/Apr/2018:14:14:22 -0700] "GET /self.logs/access.log.2016-12-12.gz HTTP/1.1" 404 284 "-" "Mozilla/5.0 (compatible; AhrefsBot/5.2; +http://ahrefs.com/robot/)" 
52.165.148.51 - - [27/Apr/2018:14:15:00 -0700] "GET / HTTP/1.1" 301 446 "-" "Mozilla/5.0 (Macintosh; Intel Mac OS X 10_12_6) AppleWebKit/537.36 (KHTML, like Gecko) Chrome/62.0.3202.94 Safari/537.36" 
120.221.1.28 - - [27/Apr/2018:14:21:44 -0700] "GET /maccdc2012/files.log.gz HTTP/1.1" 304 155 "-" "Mozilla/5.0 Gecko/20100115 Firefox/3.6" 
120.221.0.34 - - [27/Apr/2018:14:28:00 -0700] "GET /honeypot/Honeypot%20-%20Howto.pdf HTTP/1.1" 304 131 "-" "Mozilla/5.0 Gecko/20100115 Firefox/3.6" 
63.157.13.131 - - [27/Apr/2018:14:34:43 -0700] "GET / HTTP/1.1" 200 11061 "-" "Mozilla/5.0 (Macintosh; Intel Mac OS X 10.12; rv:59.0) Gecko/20100101 Firefox/59.0" 
63.157.13.131 - - [27/Apr/2018:14:34:43 -0700] "GET /twitter-icon.png HTTP/1.1" 200 27787 "http://www.secrepo.com/" "Mozilla/5.0 (Macintosh; Intel Mac OS X 10.12; rv:59.0) Gecko/20100101 Firefox/59.0" 
63.157.13.131 - - [27/Apr/2018:14:34:43 -0700] "GET /GitHub-Mark.png HTTP/1.1" 200 7428 "http://www.secrepo.com/" "Mozilla/5.0 (Macintosh; Intel Mac OS X 10.12; rv:59.0) Gecko/20100101 Firefox/59.0" 
63.157.13.131 - - [27/Apr/2018:14:34:44 -0700] "GET /bootstrap/img/favicon.ico HTTP/1.1" 200 589 "-" "Mozilla/5.0 (Macintosh; Intel Mac OS X 10.12; rv:59.0) Gecko/20100101 Firefox/59.0" 
113.171.224.176 - - [27/Apr/2018:14:38:45 -0700] "GET /honeypot/Honeypot%20-%20Howto.pdf HTTP/1.1" 200 46720 "-" "Mozilla/5.0 Gecko/20100115 Firefox/3.6" 
102.181.194.40 - - [27/Apr/2018:14:40:41 -0700] "GET /tg/tg_snort_fast.7z HTTP/1.1" 304 131 "-" "Mozilla/5.0 Gecko/20100115 Firefox/3.6" 
54.36.149.54 - - [27/Apr/2018:14:42:12 -0700] "GET /self.logs/error.log.2018-04-04.gz HTTP/1.1" 200 9459 "-" "Mozilla/5.0 (compatible; AhrefsBot/5.2; +http://ahrefs.com/robot/)" 
186.159.199.213 - - [27/Apr/2018:14:49:34 -0700] "GET / HTTP/1.1" 200 11061 "-" "Mozilla/5.0 (X11; Linux x86_64) AppleWebKit/537.36 (KHTML, like Gecko) Chrome/65.0.3325.183 Safari/537.36 Vivaldi/1.96.1147.36" 
186.159.199.213 - - [27/Apr/2018:14:49:34 -0700] "GET /twitter-icon.png HTTP/1.1" 200 27787 "http://www.secrepo.com/" "Mozilla/5.0 (X11; Linux x86_64) AppleWebKit/537.36 (KHTML, like Gecko) Chrome/65.0.3325.183 Safari/537.36 Vivaldi/1.96.1147.36" 
186.159.199.213 - - [27/Apr/2018:14:49:34 -0700] "GET /GitHub-Mark.png HTTP/1.1" 200 7428 "http://www.secrepo.com/" "Mozilla/5.0 (X11; Linux x86_64) AppleWebKit/537.36 (KHTML, like Gecko) Chrome/65.0.3325.183 Safari/537.36 Vivaldi/1.96.1147.36" 
186.159.199.213 - - [27/Apr/2018:14:49:35 -0700] "GET /bootstrap/img/favicon.ico HTTP/1.1" 200 589 "http://www.secrepo.com/" "Mozilla/5.0 (X11; Linux x86_64) AppleWebKit/537.36 (KHTML, like Gecko) Chrome/65.0.3325.183 Safari/537.36 Vivaldi/1.96.1147.36" 
120.221.1.28 - - [27/Apr/2018:14:51:44 -0700] "GET /maccdc2012/files.log.gz HTTP/1.1" 304 155 "-" "Mozilla/5.0 Gecko/20100115 Firefox/3.6" 
120.221.0.34 - - [27/Apr/2018:14:58:03 -0700] "GET /honeypot/Honeypot%20-%20Howto.pdf HTTP/1.1" 304 131 "-" "Mozilla/5.0 Gecko/20100115 Firefox/3.6" 
92.58.184.16 - - [27/Apr/2018:14:58:49 -0700] "GET /wp-login.php HTTP/1.1" 418 732 "-" "Mozilla/5.0 (Windows NT 6.1; WOW64; rv:40.0) Gecko/20100101 Firefox/40.1" 
92.58.184.16 - - [27/Apr/2018:14:58:49 -0700] "GET / HTTP/1.1" 418 732 "-" "Mozilla/5.0 (Windows NT 6.1; WOW64; rv:40.0) Gecko/20100101 Firefox/40.1" 
31.157.83.177 - - [27/Apr/2018:14:59:32 -0700] "GET / HTTP/1.1" 200 11061 "-" "Mozilla/5.0 (Macintosh; Intel Mac OS X 10_13_4) AppleWebKit/605.1.15 (KHTML, like Gecko)" 
31.157.83.177 - - [27/Apr/2018:14:59:32 -0700] "GET /apple-touch-icon-precomposed.png HTTP/1.1" 404 339 "-" "Safari/13605.1.33.1.2 CFNetwork/897.15 Darwin/17.5.0 (x86_64)" 
31.157.83.177 - - [27/Apr/2018:14:59:32 -0700] "GET /apple-touch-icon.png HTTP/1.1" 404 339 "-" "Safari/13605.1.33.1.2 CFNetwork/897.15 Darwin/17.5.0 (x86_64)" 
31.157.83.177 - - [27/Apr/2018:14:59:32 -0700] "GET /bootstrap/img/favicon.ico HTTP/1.1" 200 589 "-" "Safari/13605.1.33.1.2 CFNetwork/897.15 Darwin/17.5.0 (x86_64)" 
54.36.149.5 - - [27/Apr/2018:15:09:52 -0700] "GET / HTTP/1.1" 200 11005 "-" "Mozilla/5.0 (compatible; AhrefsBot/5.2; +http://ahrefs.com/robot/)" 
54.36.149.14 - - [27/Apr/2018:15:15:34 -0700] "GET /self.logs/error.log.2016-11-09.gz HTTP/1.1" 404 284 "-" "Mozilla/5.0 (compatible; AhrefsBot/5.2; +http://ahrefs.com/robot/)" 
216.93.147.53 - - [27/Apr/2018:15:16:50 -0700] "GET / HTTP/1.1" 200 11061 "-" "Mozilla/5.0 (Windows NT 10.0; Win64; x64) AppleWebKit/537.36 (KHTML, like Gecko) Chrome/65.0.3325.181 Safari/537.36" 
216.93.147.53 - - [27/Apr/2018:15:16:50 -0700] "GET /twitter-icon.png HTTP/1.1" 200 27787 "http://www.secrepo.com/" "Mozilla/5.0 (Windows NT 10.0; Win64; x64) AppleWebKit/537.36 (KHTML, like Gecko) Chrome/65.0.3325.181 Safari/537.36" 
216.93.147.53 - - [27/Apr/2018:15:16:50 -0700] "GET /GitHub-Mark.png HTTP/1.1" 200 7428 "http://www.secrepo.com/" "Mozilla/5.0 (Windows NT 10.0; Win64; x64) AppleWebKit/537.36 (KHTML, like Gecko) Chrome/65.0.3325.181 Safari/537.36" 
66.249.83.83 - - [27/Apr/2018:15:16:51 -0700] "GET / HTTP/1.1" 200 11061 "-" "Mozilla/5.0 (X11; Linux x86_64) AppleWebKit/537.36 (KHTML, like Gecko) Chrome/49.0.2623.75 Safari/537.36 Google Favicon" 
66.249.83.83 - - [27/Apr/2018:15:16:51 -0700] "GET /bootstrap/img/favicon.ico HTTP/1.1" 200 589 "-" "Mozilla/5.0 (X11; Linux x86_64) AppleWebKit/537.36 (KHTML, like Gecko) Chrome/49.0.2623.75 Safari/537.36 Google Favicon" 
216.93.147.53 - - [27/Apr/2018:15:16:51 -0700] "GET /bootstrap/img/favicon.ico HTTP/1.1" 200 589 "http://www.secrepo.com/" "Mozilla/5.0 (Windows NT 10.0; Win64; x64) AppleWebKit/537.36 (KHTML, like Gecko) Chrome/65.0.3325.181 Safari/537.36" 
157.55.39.86 - - [27/Apr/2018:15:17:45 -0700] "GET /self.logs/access.log.2016-01-09.gz HTTP/1.1" 404 340 "-" "Mozilla/5.0 (compatible; bingbot/2.0; +http://www.bing.com/bingbot.htm)" 
66.249.83.82 - - [27/Apr/2018:15:20:07 -0700] "GET /maccdc2012/http.log.gz HTTP/1.1" 200 2074962 "-" "Mozilla/5.0 (X11; Linux x86_64) AppleWebKit/537.36 (KHTML, like Gecko) Chrome/49.0.2623.75 Safari/537.36 Google Favicon" 
66.249.83.82 - - [27/Apr/2018:15:20:08 -0700] "GET /favicon.ico HTTP/1.1" 200 268 "-" "Mozilla/5.0 (X11; Linux x86_64) AppleWebKit/537.36 (KHTML, like Gecko) Chrome/49.0.2623.75 Safari/537.36 Google Favicon" 
216.93.147.53 - - [27/Apr/2018:15:20:07 -0700] "GET /maccdc2012/http.log.gz HTTP/1.1" 200 1742878 "http://www.secrepo.com/" "Mozilla/5.0 (Windows NT 10.0; Win64; x64) AppleWebKit/537.36 (KHTML, like Gecko) Chrome/65.0.3325.181 Safari/537.36" 
216.93.147.53 - - [27/Apr/2018:15:20:12 -0700] "GET /maccdc2012/http.log.gz HTTP/1.1" 200 1777962 "http://www.secrepo.com/" "Mozilla/5.0 (Windows NT 10.0; Win64; x64) AppleWebKit/537.36 (KHTML, like Gecko) Chrome/65.0.3325.181 Safari/537.36" 
216.93.147.53 - - [27/Apr/2018:15:20:18 -0700] "GET /maccdc2012/http.log.gz HTTP/1.1" 200 1802782 "http://www.secrepo.com/" "Mozilla/5.0 (Windows NT 10.0; Win64; x64) AppleWebKit/537.36 (KHTML, like Gecko) Chrome/65.0.3325.181 Safari/537.36" 
216.93.147.53 - - [27/Apr/2018:15:20:23 -0700] "GET /maccdc2012/http.log.gz HTTP/1.1" 200 1830902 "http://www.secrepo.com/" "Mozilla/5.0 (Windows NT 10.0; Win64; x64) AppleWebKit/537.36 (KHTML, like Gecko) Chrome/65.0.3325.181 Safari/537.36" 
216.93.147.53 - - [27/Apr/2018:15:20:27 -0700] "GET /maccdc2012/http.log.gz HTTP/1.1" 200 1863422 "http://www.secrepo.com/" "Mozilla/5.0 (Windows NT 10.0; Win64; x64) AppleWebKit/537.36 (KHTML, like Gecko) Chrome/65.0.3325.181 Safari/537.36" 
216.93.147.53 - - [27/Apr/2018:15:20:31 -0700] "GET / HTTP/1.1" 304 189 "-" "Mozilla/5.0 (Windows NT 10.0; Win64; x64) AppleWebKit/537.36 (KHTML, like Gecko) Chrome/65.0.3325.181 Safari/537.36" 
216.93.147.53 - - [27/Apr/2018:15:20:31 -0700] "GET /bootstrap/img/favicon.ico HTTP/1.1" 200 589 "http://www.secrepo.com/" "Mozilla/5.0 (Windows NT 10.0; Win64; x64) AppleWebKit/537.36 (KHTML, like Gecko) Chrome/65.0.3325.181 Safari/537.36" 
216.93.147.53 - - [27/Apr/2018:15:20:47 -0700] "GET /maccdc2012/http.log.gz HTTP/1.1" 200 1859994 "http://www.secrepo.com/" "Mozilla/5.0 (Windows NT 10.0; Win64; x64) AppleWebKit/537.36 (KHTML, like Gecko) Chrome/65.0.3325.181 Safari/537.36" 
216.93.147.53 - - [27/Apr/2018:15:20:51 -0700] "GET /maccdc2012/http.log.gz HTTP/1.1" 200 1813762 "http://www.secrepo.com/" "Mozilla/5.0 (Windows NT 10.0; Win64; x64) AppleWebKit/537.36 (KHTML, like Gecko) Chrome/65.0.3325.181 Safari/537.36" 
216.93.147.53 - - [27/Apr/2018:15:20:59 -0700] "GET /maccdc2012/dhcp.log.gz HTTP/1.1" 200 45019 "http://www.secrepo.com/" "Mozilla/5.0 (Windows NT 10.0; Win64; x64) AppleWebKit/537.36 (KHTML, like Gecko) Chrome/65.0.3325.181 Safari/537.36" 
66.249.83.84 - - [27/Apr/2018:15:20:59 -0700] "GET /maccdc2012/dhcp.log.gz HTTP/1.1" 200 45019 "-" "Mozilla/5.0 (X11; Linux x86_64) AppleWebKit/537.36 (KHTML, like Gecko) Chrome/49.0.2623.75 Safari/537.36 Google Favicon" 
216.93.147.53 - - [27/Apr/2018:15:21:07 -0700] "GET /maccdc2012/http.log.gz HTTP/1.1" 200 1858262 "http://www.secrepo.com/" "Mozilla/5.0 (Windows NT 10.0; Win64; x64) AppleWebKit/537.36 (KHTML, like Gecko) Chrome/65.0.3325.181 Safari/537.36" 
216.93.147.53 - - [27/Apr/2018:15:21:15 -0700] "GET /maccdc2012/http.log.gz HTTP/1.1" 200 1730162 "http://www.secrepo.com/" "Mozilla/5.0 (Windows NT 10.0; Win64; x64) AppleWebKit/537.36 (KHTML, like Gecko) Chrome/65.0.3325.181 Safari/537.36" 
66.249.83.82 - - [27/Apr/2018:15:21:21 -0700] "GET /maccdc2012/conn.log.gz HTTP/1.1" 200 2147899 "-" "Mozilla/5.0 (X11; Linux x86_64) AppleWebKit/537.36 (KHTML, like Gecko) Chrome/49.0.2623.75 Safari/537.36 Google Favicon" 
216.93.147.53 - - [27/Apr/2018:15:21:21 -0700] "GET /maccdc2012/conn.log.gz HTTP/1.1" 200 10154651 "http://www.secrepo.com/" "Mozilla/5.0 (Windows NT 10.0; Win64; x64) AppleWebKit/537.36 (KHTML, like Gecko) Chrome/65.0.3325.181 Safari/537.36" 
216.93.147.53 - - [27/Apr/2018:15:21:31 -0700] "GET / HTTP/1.1" 304 189 "-" "Mozilla/5.0 (Windows NT 10.0; Win64; x64) AppleWebKit/537.36 (KHTML, like Gecko) Chrome/65.0.3325.181 Safari/537.36" 
216.93.147.53 - - [27/Apr/2018:15:21:31 -0700] "GET /bootstrap/img/favicon.ico HTTP/1.1" 200 589 "http://www.secrepo.com/" "Mozilla/5.0 (Windows NT 10.0; Win64; x64) AppleWebKit/537.36 (KHTML, like Gecko) Chrome/65.0.3325.181 Safari/537.36" 
216.93.147.53 - - [27/Apr/2018:15:21:33 -0700] "GET / HTTP/1.1" 304 188 "-" "Mozilla/5.0 (Windows NT 10.0; Win64; x64) AppleWebKit/537.36 (KHTML, like Gecko) Chrome/65.0.3325.181 Safari/537.36" 
216.93.147.53 - - [27/Apr/2018:15:21:33 -0700] "GET /bootstrap/img/favicon.ico HTTP/1.1" 200 589 "http://www.secrepo.com/" "Mozilla/5.0 (Windows NT 10.0; Win64; x64) AppleWebKit/537.36 (KHTML, like Gecko) Chrome/65.0.3325.181 Safari/537.36" 
216.93.147.53 - - [27/Apr/2018:15:21:36 -0700] "GET /maccdc2012/http.log.gz HTTP/1.1" 200 1795800 "http://www.secrepo.com/" "Mozilla/5.0 (Windows NT 10.0; Win64; x64) AppleWebKit/537.36 (KHTML, like Gecko) Chrome/65.0.3325.181 Safari/537.36" 
120.221.1.28 - - [27/Apr/2018:15:21:44 -0700] "GET /maccdc2012/files.log.gz HTTP/1.1" 304 155 "-" "Mozilla/5.0 Gecko/20100115 Firefox/3.6" 
216.93.147.53 - - [27/Apr/2018:15:21:56 -0700] "GET /maccdc2012/http.log.gz HTTP/1.1" 200 1747302 "http://www.secrepo.com/" "Mozilla/5.0 (Windows NT 10.0; Win64; x64) AppleWebKit/537.36 (KHTML, like Gecko) Chrome/65.0.3325.181 Safari/537.36" 
54.36.148.238 - - [27/Apr/2018:15:22:36 -0700] "GET /self.logs/error.log.2015-03-31.gz HTTP/1.1" 404 284 "-" "Mozilla/5.0 (compatible; AhrefsBot/5.2; +http://ahrefs.com/robot/)" 
54.36.148.233 - - [27/Apr/2018:15:22:59 -0700] "GET /self.logs/access.log.2016-09-26.gz HTTP/1.1" 404 284 "-" "Mozilla/5.0 (compatible; AhrefsBot/5.2; +http://ahrefs.com/robot/)" 
216.93.147.53 - - [27/Apr/2018:15:24:45 -0700] "GET /maccdc2012/http.log.gz HTTP/1.1" 200 1856154 "http://www.secrepo.com/" "Mozilla/5.0 (Windows NT 10.0; Win64; x64) AppleWebKit/537.36 (KHTML, like Gecko) Chrome/65.0.3325.181 Safari/537.36" 
216.93.147.53 - - [27/Apr/2018:15:25:02 -0700] "GET /maccdc2012/http.log.gz HTTP/1.1" 200 1734162 "http://www.secrepo.com/" "Mozilla/5.0 (Windows NT 10.0; Win64; x64) AppleWebKit/537.36 (KHTML, like Gecko) Chrome/65.0.3325.181 Safari/537.36" 
216.93.147.53 - - [27/Apr/2018:15:25:07 -0700] "GET /maccdc2012/http.log.gz HTTP/1.1" 200 1780882 "http://www.secrepo.com/" "Mozilla/5.0 (Windows NT 10.0; Win64; x64) AppleWebKit/537.36 (KHTML, like Gecko) Chrome/65.0.3325.181 Safari/537.36" 
216.93.147.53 - - [27/Apr/2018:15:25:37 -0700] "GET /maccdc2012/notice.log.gz HTTP/1.1" 200 20779 "http://www.secrepo.com/" "Mozilla/5.0 (Windows NT 10.0; Win64; x64) AppleWebKit/537.36 (KHTML, like Gecko) Chrome/65.0.3325.181 Safari/537.36" 
66.249.83.84 - - [27/Apr/2018:15:25:37 -0700] "GET /maccdc2012/notice.log.gz HTTP/1.1" 200 20779 "-" "Mozilla/5.0 (X11; Linux x86_64) AppleWebKit/537.36 (KHTML, like Gecko) Chrome/49.0.2623.75 Safari/537.36 Google Favicon" 
120.221.0.34 - - [27/Apr/2018:15:28:06 -0700] "GET /honeypot/Honeypot%20-%20Howto.pdf HTTP/1.1" 304 131 "-" "Mozilla/5.0 Gecko/20100115 Firefox/3.6" 
216.93.147.53 - - [27/Apr/2018:15:32:22 -0700] "GET /maccdc2012/http.log.gz HTTP/1.1" 200 1833990 "http://www.secrepo.com/" "Mozilla/5.0 (Windows NT 10.0; Win64; x64) AppleWebKit/537.36 (KHTML, like Gecko) Chrome/65.0.3325.181 Safari/537.36" 
216.93.147.53 - - [27/Apr/2018:15:31:03 -0700] "GET /maccdc2012/conn.log.gz HTTP/1.1" 200 163767155 "http://www.secrepo.com/" "Mozilla/5.0 (Windows NT 10.0; Win64; x64) AppleWebKit/537.36 (KHTML, like Gecko) Chrome/65.0.3325.181 Safari/537.36" 
216.93.147.152 - - [27/Apr/2018:15:34:32 -0700] "GET / HTTP/1.1" 200 11061 "-" "Mozilla/5.0 (Windows NT 10.0; Win64; x64) AppleWebKit/537.36 (KHTML, like Gecko) Chrome/65.0.3325.181 Safari/537.36" 
216.93.147.152 - - [27/Apr/2018:15:34:32 -0700] "GET /twitter-icon.png HTTP/1.1" 200 27787 "http://www.secrepo.com/" "Mozilla/5.0 (Windows NT 10.0; Win64; x64) AppleWebKit/537.36 (KHTML, like Gecko) Chrome/65.0.3325.181 Safari/537.36" 
216.93.147.152 - - [27/Apr/2018:15:34:32 -0700] "GET /GitHub-Mark.png HTTP/1.1" 200 7428 "http://www.secrepo.com/" "Mozilla/5.0 (Windows NT 10.0; Win64; x64) AppleWebKit/537.36 (KHTML, like Gecko) Chrome/65.0.3325.181 Safari/537.36" 
216.93.147.152 - - [27/Apr/2018:15:34:32 -0700] "GET /bootstrap/img/favicon.ico HTTP/1.1" 200 589 "http://www.secrepo.com/" "Mozilla/5.0 (Windows NT 10.0; Win64; x64) AppleWebKit/537.36 (KHTML, like Gecko) Chrome/65.0.3325.181 Safari/537.36" 
216.93.147.152 - - [27/Apr/2018:15:35:07 -0700] "GET /maccdc2012/http.log.gz HTTP/1.1" 200 1763742 "http://www.secrepo.com/" "Mozilla/5.0 (Windows NT 10.0; Win64; x64) AppleWebKit/537.36 (KHTML, like Gecko) Chrome/65.0.3325.181 Safari/537.36" 
216.93.147.53 - - [27/Apr/2018:15:35:47 -0700] "GET /maccdc2012/http.log.gz HTTP/1.1" 200 1840742 "-" "Mozilla/5.0 (Windows NT 10.0; Win64; x64) AppleWebKit/537.36 (KHTML, like Gecko) Chrome/65.0.3325.181 Safari/537.36" 
216.93.147.152 - - [27/Apr/2018:15:36:11 -0700] "GET / HTTP/1.1" 200 11061 "-" "Mozilla/5.0 (X11; Ubuntu; Linux i686; rv:52.0) Gecko/20100101 Firefox/52.0" 
216.93.147.152 - - [27/Apr/2018:15:36:11 -0700] "GET /bootstrap/img/favicon.ico HTTP/1.1" 200 589 "-" "Mozilla/5.0 (X11; Ubuntu; Linux i686; rv:52.0) Gecko/20100101 Firefox/52.0" 
216.93.147.152 - - [27/Apr/2018:15:36:11 -0700] "GET /twitter-icon.png HTTP/1.1" 200 27787 "http://www.secrepo.com/" "Mozilla/5.0 (X11; Ubuntu; Linux i686; rv:52.0) Gecko/20100101 Firefox/52.0" 
216.93.147.152 - - [27/Apr/2018:15:36:11 -0700] "GET /GitHub-Mark.png HTTP/1.1" 200 7427 "http://www.secrepo.com/" "Mozilla/5.0 (X11; Ubuntu; Linux i686; rv:52.0) Gecko/20100101 Firefox/52.0" 
94.103.232.82 - - [27/Apr/2018:15:36:16 -0700] "GET /honeypot/BSidesDFW%20-%202014.ipynb HTTP/1.1" 200 930836 "http://www.secrepo.com/" "Mozilla/5.0 (X11; Linux x86_64) AppleWebKit/537.36 (KHTML, like Gecko) Chrome/63.0.3239.84 Safari/537.36" 
216.93.147.152 - - [27/Apr/2018:15:36:17 -0700] "GET /maccdc2012/http.log.gz HTTP/1.1" 200 1753142 "http://www.secrepo.com/" "Mozilla/5.0 (X11; Ubuntu; Linux i686; rv:52.0) Gecko/20100101 Firefox/52.0" 
216.93.147.152 - - [27/Apr/2018:15:36:27 -0700] "GET /maccdc2012/http.log.gz HTTP/1.1" 200 1788182 "http://www.secrepo.com/" "Mozilla/5.0 (X11; Ubuntu; Linux i686; rv:52.0) Gecko/20100101 Firefox/52.0" 
216.93.147.152 - - [27/Apr/2018:15:37:05 -0700] "GET /maccdc2012/weird.log.gz HTTP/1.1" 200 1242777 "http://www.secrepo.com/" "Mozilla/5.0 (X11; Ubuntu; Linux i686; rv:52.0) Gecko/20100101 Firefox/52.0" 
66.249.83.83 - - [27/Apr/2018:15:37:08 -0700] "GET /maccdc2012/weird.log.gz HTTP/1.1" 200 1242777 "-" "Mozilla/5.0 (X11; Linux x86_64) AppleWebKit/537.36 (KHTML, like Gecko) Chrome/49.0.2623.75 Safari/537.36 Google Favicon" 
216.93.147.53 - - [27/Apr/2018:15:37:08 -0700] "GET /maccdc2012/weird.log.gz HTTP/1.1" 200 1242777 "http://www.secrepo.com/" "Mozilla/5.0 (Windows NT 10.0; Win64; x64) AppleWebKit/537.36 (KHTML, like Gecko) Chrome/65.0.3325.181 Safari/537.36" 
216.93.147.152 - - [27/Apr/2018:15:37:12 -0700] "GET /maccdc2012/http.log.gz HTTP/1.1" 200 1749118 "http://www.secrepo.com/" "Mozilla/5.0 (X11; Ubuntu; Linux i686; rv:52.0) Gecko/20100101 Firefox/52.0" 
216.93.147.152 - - [27/Apr/2018:15:37:29 -0700] "GET /maccdc2012/http.log.gz HTTP/1.1" 200 1865562 "http://www.secrepo.com/" "Mozilla/5.0 (X11; Ubuntu; Linux i686; rv:52.0) Gecko/20100101 Firefox/52.0" 
216.93.147.152 - - [27/Apr/2018:15:37:40 -0700] "HEAD /maccdc2012/http.log.gz HTTP/1.1" 200 300 "-" "gvfs/1.30.4" 
216.93.147.152 - - [27/Apr/2018:15:37:43 -0700] "HEAD /maccdc2012/http.log.gz HTTP/1.1" 200 300 "-" "gvfs/1.30.4" 
216.93.147.152 - - [27/Apr/2018:15:37:44 -0700] "HEAD /maccdc2012/http.log.gz HTTP/1.1" 200 300 "-" "gvfs/1.30.4" 
216.93.147.152 - - [27/Apr/2018:15:37:44 -0700] "HEAD /maccdc2012/http.log.gz HTTP/1.1" 200 300 "-" "gvfs/1.30.4" 
216.93.147.152 - - [27/Apr/2018:15:37:45 -0700] "HEAD /maccdc2012/http.log.gz HTTP/1.1" 200 300 "-" "gvfs/1.30.4" 
216.93.147.152 - - [27/Apr/2018:15:37:46 -0700] "HEAD /maccdc2012/http.log.gz HTTP/1.1" 200 300 "-" "gvfs/1.30.4" 
216.93.147.152 - - [27/Apr/2018:15:37:48 -0700] "GET /maccdc2012/http.log.gz HTTP/1.1" 200 553402 "-" "gvfs/1.30.4" 
216.93.147.152 - - [27/Apr/2018:15:37:48 -0700] "GET /maccdc2012/http.log.gz HTTP/1.1" 200 493162 "-" "gvfs/1.30.4" 
216.93.147.152 - - [27/Apr/2018:15:37:56 -0700] "HEAD /maccdc2012/http.log.gz HTTP/1.1" 200 300 "-" "gvfs/1.30.4" 
216.93.147.152 - - [27/Apr/2018:15:37:56 -0700] "HEAD /maccdc2012/http.log.gz HTTP/1.1" 200 300 "-" "gvfs/1.30.4" 
216.244.66.227 - - [27/Apr/2018:15:38:41 -0700] "GET /robots.txt HTTP/1.1" 200 233 "-" "Mozilla/5.0 (compatible; DotBot/1.1; http://www.opensiteexplorer.org/dotbot, help@moz.com)" 
216.93.147.53 - - [27/Apr/2018:15:38:55 -0700] "GET /maccdc2012/http.log.gz HTTP/1.1" 200 1837822 "http://www.secrepo.com/" "Mozilla/5.0 (Windows NT 10.0; Win64; x64) AppleWebKit/537.36 (KHTML, like Gecko) Chrome/65.0.3325.181 Safari/537.36" 
216.93.147.53 - - [27/Apr/2018:15:39:00 -0700] "GET / HTTP/1.1" 304 189 "-" "Mozilla/5.0 (Windows NT 10.0; Win64; x64) AppleWebKit/537.36 (KHTML, like Gecko) Chrome/65.0.3325.181 Safari/537.36" 
216.93.147.53 - - [27/Apr/2018:15:39:00 -0700] "GET /bootstrap/img/favicon.ico HTTP/1.1" 200 589 "http://www.secrepo.com/" "Mozilla/5.0 (Windows NT 10.0; Win64; x64) AppleWebKit/537.36 (KHTML, like Gecko) Chrome/65.0.3325.181 Safari/537.36" 
216.93.147.53 - - [27/Apr/2018:15:39:01 -0700] "GET / HTTP/1.1" 304 188 "-" "Mozilla/5.0 (Windows NT 10.0; Win64; x64) AppleWebKit/537.36 (KHTML, like Gecko) Chrome/65.0.3325.181 Safari/537.36" 
216.93.147.53 - - [27/Apr/2018:15:39:01 -0700] "GET /bootstrap/img/favicon.ico HTTP/1.1" 200 589 "http://www.secrepo.com/" "Mozilla/5.0 (Windows NT 10.0; Win64; x64) AppleWebKit/537.36 (KHTML, like Gecko) Chrome/65.0.3325.181 Safari/537.36" 
113.171.224.176 - - [27/Apr/2018:15:39:50 -0700] "GET /honeypot/Honeypot%20-%20Howto.pdf HTTP/1.1" 200 46720 "-" "Mozilla/5.0 Gecko/20100115 Firefox/3.6" 
66.249.88.25 - - [27/Apr/2018:15:42:50 -0700] "GET / HTTP/1.1" 200 11061 "https://www.google.com/" "Mozilla/5.0 (Linux; Android 8.0.0; SM-G892A Build/R16NW) AppleWebKit/537.36 (KHTML, like Gecko) Chrome/66.0.3359.126 Mobile Safari/537.36" 
66.249.88.25 - - [27/Apr/2018:15:42:50 -0700] "GET /twitter-icon.png HTTP/1.1" 200 27787 "http://www.secrepo.com/" "Mozilla/5.0 (Linux; Android 8.0.0; SM-G892A Build/R16NW) AppleWebKit/537.36 (KHTML, like Gecko) Chrome/66.0.3359.126 Mobile Safari/537.36" 
66.249.88.25 - - [27/Apr/2018:15:42:50 -0700] "GET /GitHub-Mark.png HTTP/1.1" 200 7428 "http://www.secrepo.com/" "Mozilla/5.0 (Linux; Android 8.0.0; SM-G892A Build/R16NW) AppleWebKit/537.36 (KHTML, like Gecko) Chrome/66.0.3359.126 Mobile Safari/537.36" 
66.249.88.23 - - [27/Apr/2018:15:42:51 -0700] "GET /bootstrap/img/favicon.ico HTTP/1.1" 200 590 "http://www.secrepo.com/" "Mozilla/5.0 (Linux; Android 8.0.0; SM-G892A Build/R16NW) AppleWebKit/537.36 (KHTML, like Gecko) Chrome/66.0.3359.126 Mobile Safari/537.36" 
66.249.88.27 - - [27/Apr/2018:15:42:53 -0700] "GET /maccdc2012/http.log.gz HTTP/1.1" 200 54258816 "-" "Mozilla/5.0 (Linux; Android 8.0.0; SM-G892A Build/R16NW) AppleWebKit/537.36 (KHTML, like Gecko) Chrome/66.0.3359.126 Mobile Safari/537.36" 
216.244.66.227 - - [27/Apr/2018:15:43:36 -0700] "GET /self.logs/access.log.2018-01-23.gz HTTP/1.1" 200 31734 "-" "Mozilla/5.0 (compatible; DotBot/1.1; http://www.opensiteexplorer.org/dotbot, help@moz.com)" 
120.221.1.28 - - [27/Apr/2018:15:51:45 -0700] "GET /maccdc2012/files.log.gz HTTP/1.1" 304 155 "-" "Mozilla/5.0 Gecko/20100115 Firefox/3.6" 
120.221.0.34 - - [27/Apr/2018:15:58:08 -0700] "GET /honeypot/Honeypot%20-%20Howto.pdf HTTP/1.1" 304 131 "-" "Mozilla/5.0 Gecko/20100115 Firefox/3.6" 
151.80.39.236 - - [27/Apr/2018:16:05:02 -0700] "GET /robots.txt HTTP/1.1" 200 304 "-" "Mozilla/5.0 (compatible; AhrefsBot/5.2; +http://ahrefs.com/robot/)" 
54.36.148.207 - - [27/Apr/2018:16:05:02 -0700] "GET /self.logs/error.log.2017-01-27.gz HTTP/1.1" 200 1652 "-" "Mozilla/5.0 (compatible; AhrefsBot/5.2; +http://ahrefs.com/robot/)" 
52.165.148.51 - - [27/Apr/2018:16:05:34 -0700] "GET / HTTP/1.1" 301 446 "-" "Mozilla/5.0 (Windows NT 10.0; Win64; x64) AppleWebKit/537.36 (KHTML, like Gecko) Chrome/61.0.3163.100 Safari/537.36" 
158.85.81.125 - - [27/Apr/2018:16:05:52 -0700] "GET / HTTP/1.1" 301 442 "-" "-" 
120.221.1.28 - - [27/Apr/2018:16:21:46 -0700] "GET /maccdc2012/files.log.gz HTTP/1.1" 304 155 "-" "Mozilla/5.0 Gecko/20100115 Firefox/3.6" 
216.93.147.152 - - [27/Apr/2018:16:22:07 -0700] "GET /maccdc2012/dns.log.gz HTTP/1.1" 200 6629420 "http://www.secrepo.com/" "Mozilla/5.0 (Windows NT 10.0; Win64; x64) AppleWebKit/537.36 (KHTML, like Gecko) Chrome/65.0.3325.181 Safari/537.36" 
207.46.13.63 - - [27/Apr/2018:16:23:26 -0700] "GET /self.logs/access.log.2017-02-27.gz HTTP/1.1" 200 37505 "-" "Mozilla/5.0 (compatible; bingbot/2.0; +http://www.bing.com/bingbot.htm)" 
120.221.0.34 - - [27/Apr/2018:16:28:09 -0700] "GET /honeypot/Honeypot%20-%20Howto.pdf HTTP/1.1" 304 131 "-" "Mozilla/5.0 Gecko/20100115 Firefox/3.6" 
157.55.39.174 - - [27/Apr/2018:16:32:47 -0700] "GET /self.logs/access.log.2017-07-01.gz HTTP/1.1" 200 12648 "-" "Mozilla/5.0 (compatible; bingbot/2.0; +http://www.bing.com/bingbot.htm)" 
111.201.196.56 - - [27/Apr/2018:16:33:16 -0700] "GET / HTTP/1.1" 200 37415 "http://www.secrepo.com/" "Mozilla/4.0 (compatible; MSIE 7.0; Windows NT 5.1; .NET CLR 1.1.4322; .NET CLR 2.0.50727; .NET CLR 3.0.04506.30)" 
216.93.147.152 - - [27/Apr/2018:16:34:19 -0700] "GET /maccdc2012/dns.log.gz HTTP/1.1" 200 6629420 "http://www.secrepo.com/" "Mozilla/5.0 (X11; Ubuntu; Linux i686; rv:52.0) Gecko/20100101 Firefox/52.0" 
113.171.224.176 - - [27/Apr/2018:16:40:57 -0700] "GET /honeypot/Honeypot%20-%20Howto.pdf HTTP/1.1" 200 46720 "-" "Mozilla/5.0 Gecko/20100115 Firefox/3.6" 
54.36.148.182 - - [27/Apr/2018:16:41:19 -0700] "GET /self.logs/error.log.2017-04-23.gz HTTP/1.1" 200 1121 "-" "Mozilla/5.0 (compatible; AhrefsBot/5.2; +http://ahrefs.com/robot/)" 
66.249.64.129 - - [27/Apr/2018:16:47:30 -0700] "GET /bootstrap/img/favicon.ico HTTP/1.1" 304 165 "-" "Googlebot-Image/1.0" 
120.221.1.28 - - [27/Apr/2018:16:51:45 -0700] "GET /maccdc2012/files.log.gz HTTP/1.1" 304 155 "-" "Mozilla/5.0 Gecko/20100115 Firefox/3.6" 
157.55.39.174 - - [27/Apr/2018:16:55:01 -0700] "GET /self.logs/2015/access.log.2015-03-16.gz HTTP/1.1" 200 8169 "-" "Mozilla/5.0 (compatible; bingbot/2.0; +http://www.bing.com/bingbot.htm)" 
120.221.0.34 - - [27/Apr/2018:16:58:12 -0700] "GET /honeypot/Honeypot%20-%20Howto.pdf HTTP/1.1" 304 131 "-" "Mozilla/5.0 Gecko/20100115 Firefox/3.6" 
54.36.148.58 - - [27/Apr/2018:17:01:20 -0700] "GET /self.logs/access.log.2017-09-09.gz HTTP/1.1" 200 15222 "-" "Mozilla/5.0 (compatible; AhrefsBot/5.2; +http://ahrefs.com/robot/)" 
54.36.148.175 - - [27/Apr/2018:17:06:27 -0700] "GET /self.logs/error.log.2017-08-16.gz HTTP/1.1" 200 685 "-" "Mozilla/5.0 (compatible; AhrefsBot/5.2; +http://ahrefs.com/robot/)" 
172.56.44.0 - - [27/Apr/2018:17:09:25 -0700] "GET / HTTP/1.1" 200 11061 "-" "Mozilla/5.0 (Macintosh; Intel Mac OS X 10_11_6) AppleWebKit/537.36 (KHTML, like Gecko) Chrome/65.0.3325.181 Safari/537.36" 
172.56.44.0 - - [27/Apr/2018:17:09:25 -0700] "GET /twitter-icon.png HTTP/1.1" 200 27787 "http://www.secrepo.com/" "Mozilla/5.0 (Macintosh; Intel Mac OS X 10_11_6) AppleWebKit/537.36 (KHTML, like Gecko) Chrome/65.0.3325.181 Safari/537.36" 
172.56.44.0 - - [27/Apr/2018:17:09:25 -0700] "GET /GitHub-Mark.png HTTP/1.1" 200 7428 "http://www.secrepo.com/" "Mozilla/5.0 (Macintosh; Intel Mac OS X 10_11_6) AppleWebKit/537.36 (KHTML, like Gecko) Chrome/65.0.3325.181 Safari/537.36" 
172.56.44.0 - - [27/Apr/2018:17:09:27 -0700] "GET /bootstrap/img/favicon.ico HTTP/1.1" 200 589 "http://www.secrepo.com/" "Mozilla/5.0 (Macintosh; Intel Mac OS X 10_11_6) AppleWebKit/537.36 (KHTML, like Gecko) Chrome/65.0.3325.181 Safari/537.36" 
199.16.196.4 - - [27/Apr/2018:17:09:39 -0700] "GET / HTTP/1.1" 301 483 "-" "Mozilla/5.0 (Macintosh; Intel Mac OS X 10_12_6) AppleWebKit/537.36 (KHTML, like Gecko) Chrome/65.0.3325.181 Safari/537.36" 
199.16.196.4 - - [27/Apr/2018:17:09:40 -0700] "GET / HTTP/1.1" 200 11061 "-" "Mozilla/5.0 (Macintosh; Intel Mac OS X 10_12_6) AppleWebKit/537.36 (KHTML, like Gecko) Chrome/65.0.3325.181 Safari/537.36" 
199.16.196.4 - - [27/Apr/2018:17:09:41 -0700] "GET /twitter-icon.png HTTP/1.1" 200 27787 "http://www.secrepo.com/" "Mozilla/5.0 (Macintosh; Intel Mac OS X 10_12_6) AppleWebKit/537.36 (KHTML, like Gecko) Chrome/65.0.3325.181 Safari/537.36" 
199.16.196.4 - - [27/Apr/2018:17:09:41 -0700] "GET /GitHub-Mark.png HTTP/1.1" 200 7428 "http://www.secrepo.com/" "Mozilla/5.0 (Macintosh; Intel Mac OS X 10_12_6) AppleWebKit/537.36 (KHTML, like Gecko) Chrome/65.0.3325.181 Safari/537.36" 
199.16.196.4 - - [27/Apr/2018:17:09:42 -0700] "GET /bootstrap/img/favicon.ico HTTP/1.1" 200 589 "http://www.secrepo.com/" "Mozilla/5.0 (Macintosh; Intel Mac OS X 10_12_6) AppleWebKit/537.36 (KHTML, like Gecko) Chrome/65.0.3325.181 Safari/537.36" 
199.16.196.4 - - [27/Apr/2018:17:13:57 -0700] "GET /squid/access.log.gz HTTP/1.1" 200 2039684 "http://www.secrepo.com/" "Mozilla/5.0 (Macintosh; Intel Mac OS X 10_12_6) AppleWebKit/537.36 (KHTML, like Gecko) Chrome/65.0.3325.181 Safari/537.36" 
184.171.152.77 - - [27/Apr/2018:17:14:38 -0700] "GET /maccdc2012/http.log.gz HTTP/1.1" 200 54258816 "-" "Mozilla/5.0 (Windows NT 10.0; Win64; x64) AppleWebKit/537.36 (KHTML, like Gecko) Chrome/66.0.3359.117 Safari/537.36" 
54.36.148.177 - - [27/Apr/2018:17:15:48 -0700] "GET /self.logs/2016/access.log.2016-01-20.gz HTTP/1.1" 200 10398 "-" "Mozilla/5.0 (compatible; AhrefsBot/5.2; +http://ahrefs.com/robot/)" 
184.171.152.77 - - [27/Apr/2018:17:15:51 -0700] "GET /maccdc2012/dhcp.log.gz HTTP/1.1" 200 45019 "-" "Mozilla/5.0 (Windows NT 10.0; Win64; x64) AppleWebKit/537.36 (KHTML, like Gecko) Chrome/66.0.3359.117 Safari/537.36" 
199.16.196.4 - - [27/Apr/2018:17:16:09 -0700] "GET /honeypot/BSidesDFW%20-%202014.ipynb HTTP/1.1" 200 930836 "http://www.secrepo.com/" "Mozilla/5.0 (Macintosh; Intel Mac OS X 10_12_6) AppleWebKit/537.36 (KHTML, like Gecko) Chrome/65.0.3325.181 Safari/537.36" 
199.16.196.4 - - [27/Apr/2018:17:16:18 -0700] "GET /favicon.ico HTTP/1.1" 200 267 "http://www.secrepo.com/honeypot/BSidesDFW%20-%202014.ipynb" "Mozilla/5.0 (Macintosh; Intel Mac OS X 10_12_6) AppleWebKit/537.36 (KHTML, like Gecko) Chrome/65.0.3325.181 Safari/537.36" 
120.221.1.28 - - [27/Apr/2018:17:21:47 -0700] "GET /maccdc2012/files.log.gz HTTP/1.1" 304 155 "-" "Mozilla/5.0 Gecko/20100115 Firefox/3.6" 
82.9.92.140 - - [27/Apr/2018:17:25:13 -0700] "GET / HTTP/1.1" 200 11061 "-" "Mozilla/5.0 (X11; Ubuntu; Linux i686; rv:38.0) Gecko/20100101 Firefox/38.0" 
82.9.92.140 - - [27/Apr/2018:17:25:13 -0700] "GET /twitter-icon.png HTTP/1.1" 200 27787 "http://www.secrepo.com/" "Mozilla/5.0 (X11; Ubuntu; Linux i686; rv:38.0) Gecko/20100101 Firefox/38.0" 
82.9.92.140 - - [27/Apr/2018:17:25:13 -0700] "GET /GitHub-Mark.png HTTP/1.1" 200 7428 "http://www.secrepo.com/" "Mozilla/5.0 (X11; Ubuntu; Linux i686; rv:38.0) Gecko/20100101 Firefox/38.0" 
82.9.92.140 - - [27/Apr/2018:17:25:13 -0700] "GET /bootstrap/img/favicon.ico HTTP/1.1" 200 589 "-" "Mozilla/5.0 (X11; Ubuntu; Linux i686; rv:38.0) Gecko/20100101 Firefox/38.0" 
23.253.92.35 - - [27/Apr/2018:17:25:54 -0700] "GET /robots.txt HTTP/1.1" 301 446 "-" "Tornado-Async-Client" 
23.253.92.35 - - [27/Apr/2018:17:25:54 -0700] "GET /robots.txt HTTP/1.1" 304 130 "-" "Tornado-Async-Client" 
23.253.92.35 - - [27/Apr/2018:17:25:54 -0700] "GET /honeypot/BSidesDFW%20-%202014.ipynb HTTP/1.1" 301 484 "-" "Tornado-Async-Client" 
23.253.92.35 - - [27/Apr/2018:17:25:54 -0700] "GET /honeypot/BSidesDFW%20-%202014.ipynb HTTP/1.1" 200 930780 "-" "Tornado-Async-Client" 
120.221.0.34 - - [27/Apr/2018:17:28:13 -0700] "GET /honeypot/Honeypot%20-%20Howto.pdf HTTP/1.1" 304 131 "-" "Mozilla/5.0 Gecko/20100115 Firefox/3.6" 
186.225.101.59 - - [27/Apr/2018:17:28:25 -0700] "GET / HTTP/1.1" 200 11061 "https://www.google.com.br/" "Mozilla/5.0 (Windows NT 6.3; Win64; x64) AppleWebKit/537.36 (KHTML, like Gecko) Chrome/65.0.3325.181 Safari/537.36" 
186.225.101.59 - - [27/Apr/2018:17:28:26 -0700] "GET /twitter-icon.png HTTP/1.1" 200 27787 "http://www.secrepo.com/" "Mozilla/5.0 (Windows NT 6.3; Win64; x64) AppleWebKit/537.36 (KHTML, like Gecko) Chrome/65.0.3325.181 Safari/537.36" 
186.225.101.59 - - [27/Apr/2018:17:28:26 -0700] "GET /GitHub-Mark.png HTTP/1.1" 200 7428 "http://www.secrepo.com/" "Mozilla/5.0 (Windows NT 6.3; Win64; x64) AppleWebKit/537.36 (KHTML, like Gecko) Chrome/65.0.3325.181 Safari/537.36" 
186.225.101.59 - - [27/Apr/2018:17:28:29 -0700] "GET /bootstrap/img/favicon.ico HTTP/1.1" 200 590 "http://www.secrepo.com/" "Mozilla/5.0 (Windows NT 6.3; Win64; x64) AppleWebKit/537.36 (KHTML, like Gecko) Chrome/65.0.3325.181 Safari/537.36" 
180.76.15.19 - - [27/Apr/2018:17:40:45 -0700] "GET /honeypot/Honeypot%20-%20Howto%20-%20BSides%20Austin.pdf HTTP/1.1" 200 826360 "-" "Mozilla/5.0 (compatible; Baiduspider/2.0; +http://www.baidu.com/search/spider.html)" 
113.171.224.176 - - [27/Apr/2018:17:42:26 -0700] "GET /honeypot/Honeypot%20-%20Howto.pdf HTTP/1.1" 200 46720 "-" "Mozilla/5.0 Gecko/20100115 Firefox/3.6" 
107.77.72.108 - - [27/Apr/2018:17:47:54 -0700] "GET / HTTP/1.1" 301 483 "-" "Mozilla/5.0 (iPhone; CPU iPhone OS 11_2_6 like Mac OS X) AppleWebKit/604.1.34 (KHTML, like Gecko) CriOS/66.0.3359.122 Mobile/15D100 Safari/604.1" 
107.77.72.108 - - [27/Apr/2018:17:47:54 -0700] "GET / HTTP/1.1" 200 11061 "-" "Mozilla/5.0 (iPhone; CPU iPhone OS 11_2_6 like Mac OS X) AppleWebKit/604.1.34 (KHTML, like Gecko) CriOS/66.0.3359.122 Mobile/15D100 Safari/604.1" 
107.77.72.108 - - [27/Apr/2018:17:47:55 -0700] "GET /twitter-icon.png HTTP/1.1" 200 27787 "http://www.secrepo.com/" "Mozilla/5.0 (iPhone; CPU iPhone OS 11_2_6 like Mac OS X) AppleWebKit/604.1.34 (KHTML, like Gecko) CriOS/66.0.3359.122 Mobile/15D100 Safari/604.1" 
107.77.72.108 - - [27/Apr/2018:17:47:55 -0700] "GET /GitHub-Mark.png HTTP/1.1" 200 7428 "http://www.secrepo.com/" "Mozilla/5.0 (iPhone; CPU iPhone OS 11_2_6 like Mac OS X) AppleWebKit/604.1.34 (KHTML, like Gecko) CriOS/66.0.3359.122 Mobile/15D100 Safari/604.1" 
107.77.72.108 - - [27/Apr/2018:17:47:56 -0700] "GET /bootstrap/img/favicon.ico HTTP/1.1" 200 590 "-" "Mozilla/5.0 (iPhone; CPU iPhone OS 11_2_6 like Mac OS X) AppleWebKit/604.1.34 (KHTML, like Gecko) CriOS/66.0.3359.122 Mobile/15D100 Safari/604.1" 
107.77.72.108 - - [27/Apr/2018:17:48:51 -0700] "GET / HTTP/1.1" 200 11061 "http://www.secrepo.com/" "Mozilla/5.0 (iPhone; CPU iPhone OS 11_2_6 like Mac OS X) AppleWebKit/604.1.34 (KHTML, like Gecko) CriOS/66.0.3359.122 Mobile/15D100 Safari/604.1" 
120.221.1.28 - - [27/Apr/2018:17:51:48 -0700] "GET /maccdc2012/files.log.gz HTTP/1.1" 304 155 "-" "Mozilla/5.0 Gecko/20100115 Firefox/3.6" 
54.36.148.73 - - [27/Apr/2018:17:51:54 -0700] "GET /maccdc2012/http.log.gz HTTP/1.1" 200 1579134 "-" "Mozilla/5.0 (compatible; AhrefsBot/5.2; +http://ahrefs.com/robot/)" 
54.36.148.173 - - [27/Apr/2018:17:52:48 -0700] "GET /self.logs/error.log.2016-08-22.gz HTTP/1.1" 404 284 "-" "Mozilla/5.0 (compatible; AhrefsBot/5.2; +http://ahrefs.com/robot/)" 
52.165.148.51 - - [27/Apr/2018:17:55:31 -0700] "GET / HTTP/1.1" 301 446 "-" "Mozilla/5.0 (Macintosh; Intel Mac OS X 10_12_6) AppleWebKit/537.36 (KHTML, like Gecko) Chrome/62.0.3202.94 Safari/537.36" 
120.221.0.34 - - [27/Apr/2018:17:58:15 -0700] "GET /honeypot/Honeypot%20-%20Howto.pdf HTTP/1.1" 304 131 "-" "Mozilla/5.0 Gecko/20100115 Firefox/3.6" 
108.59.8.70 - - [27/Apr/2018:18:02:43 -0700] "GET /robots.txt HTTP/1.1" 200 289 "-" "Mozilla/5.0 (compatible; MJ12bot/v1.4.8; http://mj12bot.com/)" 
108.59.8.70 - - [27/Apr/2018:18:02:47 -0700] "GET / HTTP/1.1" 200 37359 "-" "Mozilla/5.0 (compatible; MJ12bot/v1.4.8; http://mj12bot.com/)" 
218.249.50.39 - - [27/Apr/2018:18:10:02 -0700] "GET /favicon.ico HTTP/1.1" 200 268 "-" "Mozilla/5.0 (Windows NT 6.1; WOW64) AppleWebKit/537.36 (KHTML, like Gecko) Chrome/49.0.2623.221 Safari/537.36 SE 2.X MetaSr 1.0" 
54.36.148.171 - - [27/Apr/2018:18:12:42 -0700] "GET /self.logs/access.log.2015-01-23.gz HTTP/1.1" 404 284 "-" "Mozilla/5.0 (compatible; AhrefsBot/5.2; +http://ahrefs.com/robot/)" 
23.253.92.35 - - [27/Apr/2018:18:12:51 -0700] "GET /robots.txt HTTP/1.1" 301 446 "-" "Tornado-Async-Client" 
23.253.92.35 - - [27/Apr/2018:18:12:51 -0700] "GET /robots.txt HTTP/1.1" 304 130 "-" "Tornado-Async-Client" 
23.253.92.35 - - [27/Apr/2018:18:12:51 -0700] "GET /honeypot/BSidesDFW%20-%202014.ipynb HTTP/1.1" 301 484 "-" "Tornado-Async-Client" 
23.253.92.35 - - [27/Apr/2018:18:12:51 -0700] "GET /honeypot/BSidesDFW%20-%202014.ipynb HTTP/1.1" 200 930780 "-" "Tornado-Async-Client" 
180.76.15.28 - - [27/Apr/2018:18:14:05 -0700] "GET /self.logs/?C=D;O=D HTTP/1.1" 200 9585 "-" "Mozilla/5.0 (compatible; Baiduspider/2.0; +http://www.baidu.com/search/spider.html)" 
186.159.199.213 - - [27/Apr/2018:18:15:17 -0700] "GET /maccdc2012/smtp.log.gz HTTP/1.1" 200 6908 "http://www.secrepo.com/" "Mozilla/5.0 (X11; Linux x86_64) AppleWebKit/537.36 (KHTML, like Gecko) Chrome/65.0.3325.183 Safari/537.36 Vivaldi/1.96.1147.36" 
154.232.234.108 - - [27/Apr/2018:18:21:09 -0700] "GET /wp-login.php HTTP/1.1" 418 732 "-" "Mozilla/5.0 (Windows NT 6.1; WOW64; rv:40.0) Gecko/20100101 Firefox/40.1" 
154.232.234.108 - - [27/Apr/2018:18:21:10 -0700] "GET / HTTP/1.1" 418 732 "-" "Mozilla/5.0 (Windows NT 6.1; WOW64; rv:40.0) Gecko/20100101 Firefox/40.1" 
120.221.1.28 - - [27/Apr/2018:18:21:50 -0700] "GET /maccdc2012/files.log.gz HTTP/1.1" 304 155 "-" "Mozilla/5.0 Gecko/20100115 Firefox/3.6" 
66.249.64.129 - - [27/Apr/2018:18:23:50 -0700] "GET /favicon.ico HTTP/1.1" 304 163 "-" "Googlebot-Image/1.0" 
120.221.0.34 - - [27/Apr/2018:18:28:18 -0700] "GET /honeypot/Honeypot%20-%20Howto.pdf HTTP/1.1" 304 131 "-" "Mozilla/5.0 Gecko/20100115 Firefox/3.6" 
102.181.194.40 - - [27/Apr/2018:18:29:43 -0700] "GET /maccdc2012/dns.log.gz HTTP/1.1" 304 154 "-" "Mozilla/5.0 Gecko/20100115 Firefox/3.6" 
50.236.19.102 - - [27/Apr/2018:18:33:22 -0700] "GET / HTTP/1.1" 200 11061 "-" "Mozilla/5.0 (Macintosh; Intel Mac OS X 10_12_6) AppleWebKit/537.36 (KHTML, like Gecko) Chrome/65.0.3325.181 Safari/537.36" 
50.236.19.102 - - [27/Apr/2018:18:33:23 -0700] "GET /twitter-icon.png HTTP/1.1" 200 27787 "http://www.secrepo.com/" "Mozilla/5.0 (Macintosh; Intel Mac OS X 10_12_6) AppleWebKit/537.36 (KHTML, like Gecko) Chrome/65.0.3325.181 Safari/537.36" 
50.236.19.102 - - [27/Apr/2018:18:33:23 -0700] "GET /GitHub-Mark.png HTTP/1.1" 200 7428 "http://www.secrepo.com/" "Mozilla/5.0 (Macintosh; Intel Mac OS X 10_12_6) AppleWebKit/537.36 (KHTML, like Gecko) Chrome/65.0.3325.181 Safari/537.36" 
50.236.19.102 - - [27/Apr/2018:18:33:23 -0700] "GET /bootstrap/img/favicon.ico HTTP/1.1" 200 589 "http://www.secrepo.com/" "Mozilla/5.0 (Macintosh; Intel Mac OS X 10_12_6) AppleWebKit/537.36 (KHTML, like Gecko) Chrome/65.0.3325.181 Safari/537.36" 
54.36.149.86 - - [27/Apr/2018:18:33:50 -0700] "GET /self.logs/error.log.2017-11-07.gz HTTP/1.1" 200 1946 "-" "Mozilla/5.0 (compatible; AhrefsBot/5.2; +http://ahrefs.com/robot/)" 
216.244.66.227 - - [27/Apr/2018:18:34:46 -0700] "GET /robots.txt HTTP/1.1" 200 233 "-" "Mozilla/5.0 (compatible; DotBot/1.1; http://www.opensiteexplorer.org/dotbot, help@moz.com)" 
128.171.10.188 - - [27/Apr/2018:18:34:49 -0700] "GET / HTTP/1.1" 301 483 "-" "Mozilla/5.0 (Macintosh; Intel Mac OS X 10_10_5) AppleWebKit/537.36 (KHTML, like Gecko) Chrome/63.0.3239.132 Safari/537.36" 
128.171.10.188 - - [27/Apr/2018:18:34:49 -0700] "GET / HTTP/1.1" 200 11061 "-" "Mozilla/5.0 (Macintosh; Intel Mac OS X 10_10_5) AppleWebKit/537.36 (KHTML, like Gecko) Chrome/63.0.3239.132 Safari/537.36" 
128.171.10.188 - - [27/Apr/2018:18:34:50 -0700] "GET /GitHub-Mark.png HTTP/1.1" 200 7428 "http://www.secrepo.com/" "Mozilla/5.0 (Macintosh; Intel Mac OS X 10_10_5) AppleWebKit/537.36 (KHTML, like Gecko) Chrome/63.0.3239.132 Safari/537.36" 
128.171.10.188 - - [27/Apr/2018:18:34:50 -0700] "GET /twitter-icon.png HTTP/1.1" 200 27787 "http://www.secrepo.com/" "Mozilla/5.0 (Macintosh; Intel Mac OS X 10_10_5) AppleWebKit/537.36 (KHTML, like Gecko) Chrome/63.0.3239.132 Safari/537.36" 
128.171.10.188 - - [27/Apr/2018:18:34:51 -0700] "GET /bootstrap/img/favicon.ico HTTP/1.1" 200 589 "http://www.secrepo.com/" "Mozilla/5.0 (Macintosh; Intel Mac OS X 10_10_5) AppleWebKit/537.36 (KHTML, like Gecko) Chrome/63.0.3239.132 Safari/537.36" 
54.36.148.178 - - [27/Apr/2018:18:36:37 -0700] "GET /self.logs/access.log.2018-04-06.gz HTTP/1.1" 200 27003 "-" "Mozilla/5.0 (compatible; AhrefsBot/5.2; +http://ahrefs.com/robot/)" 
209.15.209.89 - - [27/Apr/2018:18:38:26 -0700] "HEAD / HTTP/1.1" 301 190 "-" "-" 
209.15.209.89 - - [27/Apr/2018:18:38:27 -0700] "HEAD / HTTP/1.1" 200 239 "-" "-" 
202.114.6.137 - - [27/Apr/2018:18:38:28 -0700] "GET /bootstrap/img/favicon.ico HTTP/1.1" 200 590 "-" "Mozilla/5.0 (Windows NT 10.0; Win64; x64; rv:59.0) Gecko/20100101 Firefox/59.0" 
157.55.39.86 - - [27/Apr/2018:18:39:09 -0700] "GET /self.logs/error.log.2017-05-12.gz HTTP/1.1" 200 898 "-" "Mozilla/5.0 (compatible; bingbot/2.0; +http://www.bing.com/bingbot.htm)" 
157.55.39.86 - - [27/Apr/2018:18:39:09 -0700] "GET /self.logs/2015/?C=M;O=A HTTP/1.1" 200 7659 "-" "Mozilla/5.0 (compatible; bingbot/2.0; +http://www.bing.com/bingbot.htm)" 
207.46.13.63 - - [27/Apr/2018:18:39:07 -0700] "GET /self.logs/2015/?C=D;O=A HTTP/1.1" 200 7437 "-" "Mozilla/5.0 (compatible; bingbot/2.0; +http://www.bing.com/bingbot.htm)" 
157.55.39.86 - - [27/Apr/2018:18:39:10 -0700] "GET /self.logs/2015/access.log.2015-01-20.gz HTTP/1.1" 200 3669 "-" "Mozilla/5.0 (compatible; bingbot/2.0; +http://www.bing.com/bingbot.htm)" 
207.46.13.63 - - [27/Apr/2018:18:39:10 -0700] "GET /self.logs/error.log.2017-05-10.gz HTTP/1.1" 200 1147 "-" "Mozilla/5.0 (compatible; bingbot/2.0; +http://www.bing.com/bingbot.htm)" 
157.55.39.86 - - [27/Apr/2018:18:39:10 -0700] "GET /self.logs/2015/?C=S;O=D HTTP/1.1" 200 8252 "-" "Mozilla/5.0 (compatible; bingbot/2.0; +http://www.bing.com/bingbot.htm)" 
207.46.13.63 - - [27/Apr/2018:18:39:10 -0700] "GET /self.logs/2015/access.log.2015-02-15.gz HTTP/1.1" 200 15639 "-" "Mozilla/5.0 (compatible; bingbot/2.0; +http://www.bing.com/bingbot.htm)" 
157.55.39.86 - - [27/Apr/2018:18:39:11 -0700] "GET /self.logs/access.log.2017-05-11.gz HTTP/1.1" 200 15128 "-" "Mozilla/5.0 (compatible; bingbot/2.0; +http://www.bing.com/bingbot.htm)" 
207.46.13.63 - - [27/Apr/2018:18:39:11 -0700] "GET /self.logs/2015/access.log.2015-02-06.gz HTTP/1.1" 200 2878 "-" "Mozilla/5.0 (compatible; bingbot/2.0; +http://www.bing.com/bingbot.htm)" 
207.46.13.63 - - [27/Apr/2018:18:39:11 -0700] "GET /self.logs/2015/access.log.2015-01-19.gz HTTP/1.1" 200 2835 "-" "Mozilla/5.0 (compatible; bingbot/2.0; +http://www.bing.com/bingbot.htm)" 
207.46.13.63 - - [27/Apr/2018:18:39:11 -0700] "GET /self.logs/2015/?C=N;O=A HTTP/1.1" 200 7436 "-" "Mozilla/5.0 (compatible; bingbot/2.0; +http://www.bing.com/bingbot.htm)" 
207.46.13.63 - - [27/Apr/2018:18:39:11 -0700] "GET /self.logs/access.log.2017-05-13.gz HTTP/1.1" 200 14879 "-" "Mozilla/5.0 (compatible; bingbot/2.0; +http://www.bing.com/bingbot.htm)" 
207.46.13.63 - - [27/Apr/2018:18:39:11 -0700] "GET /self.logs/access.log.2017-05-09.gz HTTP/1.1" 200 19763 "-" "Mozilla/5.0 (compatible; bingbot/2.0; +http://www.bing.com/bingbot.htm)" 
157.55.39.174 - - [27/Apr/2018:18:39:13 -0700] "GET /data HTTP/1.1" 404 340 "-" "Mozilla/5.0 (compatible; bingbot/2.0; +http://www.bing.com/bingbot.htm)" 
157.55.39.174 - - [27/Apr/2018:18:39:13 -0700] "GET /self.logs/2015/?C=S;O=A HTTP/1.1" 200 8282 "-" "Mozilla/5.0 (compatible; bingbot/2.0; +http://www.bing.com/bingbot.htm)" 
157.55.39.174 - - [27/Apr/2018:18:39:14 -0700] "GET /self.logs/2015/?C=M;O=D HTTP/1.1" 200 7665 "-" "Mozilla/5.0 (compatible; bingbot/2.0; +http://www.bing.com/bingbot.htm)" 
157.55.39.174 - - [27/Apr/2018:18:39:14 -0700] "GET /self.logs/error.log.2017-05-11.gz HTTP/1.1" 200 909 "-" "Mozilla/5.0 (compatible; bingbot/2.0; +http://www.bing.com/bingbot.htm)" 
157.55.39.174 - - [27/Apr/2018:18:39:14 -0700] "GET /self.logs/access.log.2017-05-12.gz HTTP/1.1" 200 56793 "-" "Mozilla/5.0 (compatible; bingbot/2.0; +http://www.bing.com/bingbot.htm)" 
157.55.39.174 - - [27/Apr/2018:18:39:14 -0700] "GET /self.logs/2015/access.log.2015-04-17.gz HTTP/1.1" 200 6216 "-" "Mozilla/5.0 (compatible; bingbot/2.0; +http://www.bing.com/bingbot.htm)" 
157.55.39.188 - - [27/Apr/2018:18:39:28 -0700] "GET /self.logs/2015/?C=D;O=D HTTP/1.1" 200 7480 "-" "Mozilla/5.0 (compatible; bingbot/2.0; +http://www.bing.com/bingbot.htm)" 
157.55.39.188 - - [27/Apr/2018:18:39:28 -0700] "GET /self.logs/error.log.2017-05-09.gz HTTP/1.1" 200 916 "-" "Mozilla/5.0 (compatible; bingbot/2.0; +http://www.bing.com/bingbot.htm)" 
157.55.39.188 - - [27/Apr/2018:18:39:28 -0700] "GET /self.logs/error.log.2017-05-13.gz HTTP/1.1" 200 906 "-" "Mozilla/5.0 (compatible; bingbot/2.0; +http://www.bing.com/bingbot.htm)" 
