66.102.239.66 - - [26/Jul/2018:11:50:03 -0700] "GET / HTTP/1.1" 200 11357 "-" "Mozilla/5.0 (Macintosh; Intel Mac OS X 10_13_5) AppleWebKit/537.36 (KHTML, like Gecko) Chrome/67.0.3396.99 Safari/537.36" 
66.102.239.66 - - [26/Jul/2018:11:50:03 -0700] "GET /twitter-icon.png HTTP/1.1" 200 27787 "http://www.secrepo.com/" "Mozilla/5.0 (Macintosh; Intel Mac OS X 10_13_5) AppleWebKit/537.36 (KHTML, like Gecko) Chrome/67.0.3396.99 Safari/537.36" 
66.102.239.66 - - [26/Jul/2018:11:50:03 -0700] "GET /GitHub-Mark.png HTTP/1.1" 200 7428 "http://www.secrepo.com/" "Mozilla/5.0 (Macintosh; Intel Mac OS X 10_13_5) AppleWebKit/537.36 (KHTML, like Gecko) Chrome/67.0.3396.99 Safari/537.36" 
66.102.239.66 - - [26/Jul/2018:11:50:03 -0700] "GET /bootstrap/img/favicon.ico HTTP/1.1" 200 589 "http://www.secrepo.com/" "Mozilla/5.0 (Macintosh; Intel Mac OS X 10_13_5) AppleWebKit/537.36 (KHTML, like Gecko) Chrome/67.0.3396.99 Safari/537.36" 
54.36.148.254 - - [26/Jul/2018:11:50:48 -0700] "GET /self.logs/2016/error.log.2016-02-19.gz HTTP/1.1" 200 552 "-" "Mozilla/5.0 (compatible; AhrefsBot/5.2; +http://ahrefs.com/robot/)" 
54.36.148.176 - - [26/Jul/2018:11:52:00 -0700] "GET /self.logs/error.log.2017-07-06.gz HTTP/1.1" 200 1090 "-" "Mozilla/5.0 (compatible; AhrefsBot/5.2; +http://ahrefs.com/robot/)" 
47.15.205.114 - - [26/Jul/2018:11:54:20 -0700] "GET /wp-login.php HTTP/1.1" 418 732 "-" "Mozilla/5.0 (Windows NT 6.1; WOW64; rv:40.0) Gecko/20100101 Firefox/40.1" 
47.15.205.114 - - [26/Jul/2018:11:54:21 -0700] "GET / HTTP/1.1" 418 732 "-" "Mozilla/5.0 (Windows NT 6.1; WOW64; rv:40.0) Gecko/20100101 Firefox/40.1" 
37.47.109.135 - - [26/Jul/2018:11:54:43 -0700] "GET /wp-login.php HTTP/1.1" 418 732 "-" "Mozilla/5.0 (Windows NT 6.1; WOW64; rv:40.0) Gecko/20100101 Firefox/40.1" 
37.47.109.135 - - [26/Jul/2018:11:54:44 -0700] "GET / HTTP/1.1" 418 732 "-" "Mozilla/5.0 (Windows NT 6.1; WOW64; rv:40.0) Gecko/20100101 Firefox/40.1" 
157.55.39.242 - - [26/Jul/2018:11:56:06 -0700] "GET /self.logs/error.log.2017-11-12.gz HTTP/1.1" 200 1783 "-" "Mozilla/5.0 (compatible; bingbot/2.0; +http://www.bing.com/bingbot.htm)" 
54.36.148.20 - - [26/Jul/2018:11:56:21 -0700] "GET /self.logs/2015/access.log.2015-02-28.gz HTTP/1.1" 200 2930 "-" "Mozilla/5.0 (compatible; AhrefsBot/5.2; +http://ahrefs.com/robot/)" 
175.196.127.153 - - [26/Jul/2018:11:57:16 -0700] "GET / HTTP/1.1" 301 498 "-" "Mozilla/5.0 (Linux; Android 4.4.2; Nexus 4 Build/KOT49H) AppleWebKit/537.36 (KHTML, like Gecko) Chrome/34.0.1847.114 Mobile Safari/537.36" 
175.196.127.153 - - [26/Jul/2018:11:57:17 -0700] "GET / HTTP/1.1" 200 38595 "-" "Mozilla/5.0 (Linux; Android 4.4.2; Nexus 4 Build/KOT49H) AppleWebKit/537.36 (KHTML, like Gecko) Chrome/34.0.1847.114 Mobile Safari/537.36" 
175.196.127.153 - - [26/Jul/2018:11:57:18 -0700] "GET /Security-Data-Analysis/Lab_1/conn.log.zip HTTP/1.1" 200 67160 "-" "Mozilla/5.0 (Linux; Android 4.4.2; Nexus 4 Build/KOT49H) AppleWebKit/537.36 (KHTML, like Gecko) Chrome/34.0.1847.114 Mobile Safari/537.36" 
72.35.208.23 - - [26/Jul/2018:11:57:45 -0700] "GET / HTTP/1.1" 200 11357 "https://www.researchgate.net/" "Mozilla/5.0 (Windows NT 10.0; Win64; x64) AppleWebKit/537.36 (KHTML, like Gecko) Chrome/67.0.3396.99 Safari/537.36" 
72.35.208.23 - - [26/Jul/2018:11:57:45 -0700] "GET /twitter-icon.png HTTP/1.1" 200 27787 "http://www.secrepo.com/" "Mozilla/5.0 (Windows NT 10.0; Win64; x64) AppleWebKit/537.36 (KHTML, like Gecko) Chrome/67.0.3396.99 Safari/537.36" 
72.35.208.23 - - [26/Jul/2018:11:57:45 -0700] "GET /GitHub-Mark.png HTTP/1.1" 200 7428 "http://www.secrepo.com/" "Mozilla/5.0 (Windows NT 10.0; Win64; x64) AppleWebKit/537.36 (KHTML, like Gecko) Chrome/67.0.3396.99 Safari/537.36" 
175.196.127.153 - - [26/Jul/2018:11:57:45 -0700] "GET /tg/c.zip HTTP/1.1" 200 67160 "-" "Mozilla/5.0 (Linux; Android 4.4.2; Nexus 4 Build/KOT49H) AppleWebKit/537.36 (KHTML, like Gecko) Chrome/34.0.1847.114 Mobile Safari/537.36" 
175.196.127.153 - - [26/Jul/2018:11:57:58 -0700] "GET /maccdc2012/ftp.log.gz HTTP/1.1" 200 70080 "-" "Mozilla/5.0 (Linux; Android 4.4.2; Nexus 4 Build/KOT49H) AppleWebKit/537.36 (KHTML, like Gecko) Chrome/34.0.1847.114 Mobile Safari/537.36" 
175.196.127.153 - - [26/Jul/2018:11:57:59 -0700] "GET /maccdc2012/signatures.log.gz HTTP/1.1" 200 558 "-" "Mozilla/5.0 (Linux; Android 4.4.2; Nexus 4 Build/KOT49H) AppleWebKit/537.36 (KHTML, like Gecko) Chrome/34.0.1847.114 Mobile Safari/537.36" 
175.196.127.153 - - [26/Jul/2018:11:57:59 -0700] "GET /tg/a.zip HTTP/1.1" 200 67160 "-" "Mozilla/5.0 (Linux; Android 4.4.2; Nexus 4 Build/KOT49H) AppleWebKit/537.36 (KHTML, like Gecko) Chrome/34.0.1847.114 Mobile Safari/537.36" 
175.196.127.153 - - [26/Jul/2018:11:58:00 -0700] "GET /maccdc2012/ssl.log.gz HTTP/1.1" 200 70080 "-" "Mozilla/5.0 (Linux; Android 4.4.2; Nexus 4 Build/KOT49H) AppleWebKit/537.36 (KHTML, like Gecko) Chrome/34.0.1847.114 Mobile Safari/537.36" 
175.196.127.153 - - [26/Jul/2018:11:58:03 -0700] "GET /maccdc2012/tunnel.log.gz HTTP/1.1" 200 5172 "-" "Mozilla/5.0 (Linux; Android 4.4.2; Nexus 4 Build/KOT49H) AppleWebKit/537.36 (KHTML, like Gecko) Chrome/34.0.1847.114 Mobile Safari/537.36" 
175.196.127.153 - - [26/Jul/2018:11:58:05 -0700] "GET /tg/tg_snort_full.7z HTTP/1.1" 200 67160 "-" "Mozilla/5.0 (Linux; Android 4.4.2; Nexus 4 Build/KOT49H) AppleWebKit/537.36 (KHTML, like Gecko) Chrome/34.0.1847.114 Mobile Safari/537.36" 
175.196.127.153 - - [26/Jul/2018:11:58:05 -0700] "GET /maccdc2012/files.log.gz HTTP/1.1" 200 70080 "-" "Mozilla/5.0 (Linux; Android 4.4.2; Nexus 4 Build/KOT49H) AppleWebKit/537.36 (KHTML, like Gecko) Chrome/34.0.1847.114 Mobile Safari/537.36" 
175.196.127.153 - - [26/Jul/2018:11:58:13 -0700] "GET /maccdc2012/http.log.gz HTTP/1.1" 200 70080 "-" "Mozilla/5.0 (Linux; Android 4.4.2; Nexus 4 Build/KOT49H) AppleWebKit/537.36 (KHTML, like Gecko) Chrome/34.0.1847.114 Mobile Safari/537.36" 
175.196.127.153 - - [26/Jul/2018:11:58:23 -0700] "GET /misc/zeus_dga_domains.txt.zip HTTP/1.1" 200 67160 "-" "Mozilla/5.0 (Linux; Android 4.4.2; Nexus 4 Build/KOT49H) AppleWebKit/537.36 (KHTML, like Gecko) Chrome/34.0.1847.114 Mobile Safari/537.36" 
175.196.127.153 - - [26/Jul/2018:11:58:31 -0700] "GET /self.logs/ HTTP/1.1" 200 109654 "-" "Mozilla/5.0 (Linux; Android 4.4.2; Nexus 4 Build/KOT49H) AppleWebKit/537.36 (KHTML, like Gecko) Chrome/34.0.1847.114 Mobile Safari/537.36" 
175.196.127.153 - - [26/Jul/2018:11:58:32 -0700] "GET /ftp://download.iwlab.foi.se/dataset/ HTTP/1.1" 404 294 "-" "Mozilla/5.0 (Linux; Android 4.4.2; Nexus 4 Build/KOT49H) AppleWebKit/537.36 (KHTML, like Gecko) Chrome/34.0.1847.114 Mobile Safari/537.36" 
175.196.127.153 - - [26/Jul/2018:11:58:37 -0700] "GET /maccdc2012/smtp.log.gz HTTP/1.1" 200 6846 "-" "Mozilla/5.0 (Linux; Android 4.4.2; Nexus 4 Build/KOT49H) AppleWebKit/537.36 (KHTML, like Gecko) Chrome/34.0.1847.114 Mobile Safari/537.36" 
175.196.127.153 - - [26/Jul/2018:11:58:39 -0700] "GET /auth.log/auth.log.gz HTTP/1.1" 200 70080 "-" "Mozilla/5.0 (Linux; Android 4.4.2; Nexus 4 Build/KOT49H) AppleWebKit/537.36 (KHTML, like Gecko) Chrome/34.0.1847.114 Mobile Safari/537.36" 
175.196.127.153 - - [26/Jul/2018:11:57:17 -0700] "GET /maccdc2012/ssh.log.gz HTTP/1.1" 200 116800 "-" "Mozilla/5.0 (Linux; Android 4.4.2; Nexus 4 Build/KOT49H) AppleWebKit/537.36 (KHTML, like Gecko) Chrome/34.0.1847.114 Mobile Safari/537.36" 
175.196.127.153 - - [26/Jul/2018:11:58:51 -0700] "GET /maccdc2012/dns.log.gz HTTP/1.1" 200 70080 "-" "Mozilla/5.0 (Linux; Android 4.4.2; Nexus 4 Build/KOT49H) AppleWebKit/537.36 (KHTML, like Gecko) Chrome/34.0.1847.114 Mobile Safari/537.36" 
175.196.127.153 - - [26/Jul/2018:11:59:12 -0700] "GET /bootstrap/img/apple-touch-icon-72x72.png HTTP/1.1" 404 295 "-" "Mozilla/5.0 (Linux; Android 4.4.2; Nexus 4 Build/KOT49H) AppleWebKit/537.36 (KHTML, like Gecko) Chrome/34.0.1847.114 Mobile Safari/537.36" 
175.196.127.153 - - [26/Jul/2018:11:59:33 -0700] "GET /maccdc2012/weird.log.gz HTTP/1.1" 200 70080 "-" "Mozilla/5.0 (Linux; Android 4.4.2; Nexus 4 Build/KOT49H) AppleWebKit/537.36 (KHTML, like Gecko) Chrome/34.0.1847.114 Mobile Safari/537.36" 
175.196.127.153 - - [26/Jul/2018:11:59:34 -0700] "GET /tg/tg_snort_fast.7z HTTP/1.1" 200 67160 "-" "Mozilla/5.0 (Linux; Android 4.4.2; Nexus 4 Build/KOT49H) AppleWebKit/537.36 (KHTML, like Gecko) Chrome/34.0.1847.114 Mobile Safari/537.36" 
175.196.127.153 - - [26/Jul/2018:11:59:43 -0700] "GET /maccdc2012/conn.log.gz HTTP/1.1" 200 70080 "-" "Mozilla/5.0 (Linux; Android 4.4.2; Nexus 4 Build/KOT49H) AppleWebKit/537.36 (KHTML, like Gecko) Chrome/34.0.1847.114 Mobile Safari/537.36" 
175.196.127.153 - - [26/Jul/2018:11:59:44 -0700] "GET /tg/b.zip HTTP/1.1" 200 67160 "-" "Mozilla/5.0 (Linux; Android 4.4.2; Nexus 4 Build/KOT49H) AppleWebKit/537.36 (KHTML, like Gecko) Chrome/34.0.1847.114 Mobile Safari/537.36" 
175.196.127.153 - - [26/Jul/2018:11:59:47 -0700] "GET /maccdc2012/maccdc2012_fast_alert.7z HTTP/1.1" 200 67160 "-" "Mozilla/5.0 (Linux; Android 4.4.2; Nexus 4 Build/KOT49H) AppleWebKit/537.36 (KHTML, like Gecko) Chrome/34.0.1847.114 Mobile Safari/537.36" 
175.196.127.153 - - [26/Jul/2018:11:59:49 -0700] "GET /maccdc2012/notice.log.gz HTTP/1.1" 200 20687 "-" "Mozilla/5.0 (Linux; Android 4.4.2; Nexus 4 Build/KOT49H) AppleWebKit/537.36 (KHTML, like Gecko) Chrome/34.0.1847.114 Mobile Safari/537.36" 
175.196.127.153 - - [26/Jul/2018:11:59:54 -0700] "GET /pe_static/apt1.zip HTTP/1.1" 200 67160 "-" "Mozilla/5.0 (Linux; Android 4.4.2; Nexus 4 Build/KOT49H) AppleWebKit/537.36 (KHTML, like Gecko) Chrome/34.0.1847.114 Mobile Safari/537.36" 
175.196.127.153 - - [26/Jul/2018:11:59:56 -0700] "GET /domaindata/domainmovement.zip HTTP/1.1" 200 67160 "-" "Mozilla/5.0 (Linux; Android 4.4.2; Nexus 4 Build/KOT49H) AppleWebKit/537.36 (KHTML, like Gecko) Chrome/34.0.1847.114 Mobile Safari/537.36" 
175.196.127.153 - - [26/Jul/2018:11:59:59 -0700] "GET /bootstrap/img/apple-touch-icon-114x114.png HTTP/1.1" 404 295 "-" "Mozilla/5.0 (Linux; Android 4.4.2; Nexus 4 Build/KOT49H) AppleWebKit/537.36 (KHTML, like Gecko) Chrome/34.0.1847.114 Mobile Safari/537.36" 
175.196.127.153 - - [26/Jul/2018:12:00:05 -0700] "GET /maccdc2012/maccdc2012_full_alert.7z HTTP/1.1" 200 67160 "-" "Mozilla/5.0 (Linux; Android 4.4.2; Nexus 4 Build/KOT49H) AppleWebKit/537.36 (KHTML, like Gecko) Chrome/34.0.1847.114 Mobile Safari/537.36" 
175.196.127.153 - - [26/Jul/2018:12:00:09 -0700] "GET /pe_static/op-cleaver.zip HTTP/1.1" 200 67160 "-" "Mozilla/5.0 (Linux; Android 4.4.2; Nexus 4 Build/KOT49H) AppleWebKit/537.36 (KHTML, like Gecko) Chrome/34.0.1847.114 Mobile Safari/537.36" 
175.196.127.153 - - [26/Jul/2018:12:00:11 -0700] "GET /maccdc2012/dhcp.log.gz HTTP/1.1" 200 44867 "-" "Mozilla/5.0 (Linux; Android 4.4.2; Nexus 4 Build/KOT49H) AppleWebKit/537.36 (KHTML, like Gecko) Chrome/34.0.1847.114 Mobile Safari/537.36" 
46.158.128.237 - - [26/Jul/2018:12:00:12 -0700] "GET /wp-login.php HTTP/1.1" 418 732 "-" "Mozilla/5.0 (Windows NT 6.1; WOW64; rv:40.0) Gecko/20100101 Firefox/40.1" 
175.196.127.153 - - [26/Jul/2018:12:00:13 -0700] "GET /bootstrap/img/apple-touch-icon.png HTTP/1.1" 404 295 "-" "Mozilla/5.0 (Linux; Android 4.4.2; Nexus 4 Build/KOT49H) AppleWebKit/537.36 (KHTML, like Gecko) Chrome/34.0.1847.114 Mobile Safari/537.36" 
46.158.128.237 - - [26/Jul/2018:12:00:13 -0700] "GET / HTTP/1.1" 418 732 "-" "Mozilla/5.0 (Windows NT 6.1; WOW64; rv:40.0) Gecko/20100101 Firefox/40.1" 
175.196.127.153 - - [26/Jul/2018:12:00:13 -0700] "GET /bootstrap/img/favicon.ico HTTP/1.1" 200 589 "-" "Mozilla/5.0 (Linux; Android 4.4.2; Nexus 4 Build/KOT49H) AppleWebKit/537.36 (KHTML, like Gecko) Chrome/34.0.1847.114 Mobile Safari/537.36" 
162.242.144.71 - - [26/Jul/2018:12:00:19 -0700] "GET /robots.txt HTTP/1.1" 301 446 "-" "Tornado-Async-Client" 
162.242.144.71 - - [26/Jul/2018:12:00:19 -0700] "GET /robots.txt HTTP/1.1" 304 130 "-" "Tornado-Async-Client" 
162.242.144.71 - - [26/Jul/2018:12:00:19 -0700] "GET /honeypot/BSidesDFW%20-%202014.ipynb HTTP/1.1" 301 484 "-" "Tornado-Async-Client" 
162.242.144.71 - - [26/Jul/2018:12:00:19 -0700] "GET /honeypot/BSidesDFW%20-%202014.ipynb HTTP/1.1" 200 930780 "-" "Tornado-Async-Client" 
175.196.127.153 - - [26/Jul/2018:12:00:25 -0700] "GET /pe_static/zeus.zip HTTP/1.1" 200 67160 "-" "Mozilla/5.0 (Linux; Android 4.4.2; Nexus 4 Build/KOT49H) AppleWebKit/537.36 (KHTML, like Gecko) Chrome/34.0.1847.114 Mobile Safari/537.36" 
175.196.127.153 - - [26/Jul/2018:12:00:26 -0700] "GET / HTTP/1.1" 301 498 "-" "Mozilla/5.0 (Linux; Android 4.4.2; Nexus 4 Build/KOT49H) AppleWebKit/537.36 (KHTML, like Gecko) Chrome/34.0.1847.114 Mobile Safari/537.36" 
175.196.127.153 - - [26/Jul/2018:12:00:26 -0700] "GET / HTTP/1.1" 200 38595 "-" "Mozilla/5.0 (Linux; Android 4.4.2; Nexus 4 Build/KOT49H) AppleWebKit/537.36 (KHTML, like Gecko) Chrome/34.0.1847.114 Mobile Safari/537.36" 
175.196.127.153 - - [26/Jul/2018:12:01:36 -0700] "GET /scada/scada_logs.zip HTTP/1.1" 200 67160 "-" "Mozilla/5.0 (Linux; Android 4.4.2; Nexus 4 Build/KOT49H) AppleWebKit/537.36 (KHTML, like Gecko) Chrome/34.0.1847.114 Mobile Safari/537.36" 
175.196.127.153 - - [26/Jul/2018:12:00:27 -0700] "GET /honeypot/honeypot.json.zip HTTP/1.1" 200 61320 "-" "Mozilla/5.0 (Linux; Android 4.4.2; Nexus 4 Build/KOT49H) AppleWebKit/537.36 (KHTML, like Gecko) Chrome/34.0.1847.114 Mobile Safari/537.36" 
175.196.127.153 - - [26/Jul/2018:12:01:59 -0700] "GET /squid/access.log.gz HTTP/1.1" 200 70080 "-" "Mozilla/5.0 (Linux; Android 4.4.2; Nexus 4 Build/KOT49H) AppleWebKit/537.36 (KHTML, like Gecko) Chrome/34.0.1847.114 Mobile Safari/537.36" 
41.223.160.173 - - [26/Jul/2018:12:03:22 -0700] "GET /tg/tg_snort_fast.7z HTTP/1.1" 304 131 "-" "Mozilla/5.0 Gecko/20100115 Firefox/3.6" 
199.46.182.23 - - [26/Jul/2018:12:05:56 -0700] "GET /maccdc2012/dhcp.log.gz HTTP/1.1" 200 44963 "http://www.secrepo.com/" "Mozilla/5.0 (Windows NT 10.0; WOW64; Trident/7.0; rv:11.0) like Gecko" 
199.46.182.23 - - [26/Jul/2018:12:06:06 -0700] "GET /maccdc2012/dns.log.gz HTTP/1.1" 200 6629364 "http://www.secrepo.com/" "Mozilla/5.0 (Windows NT 10.0; WOW64; Trident/7.0; rv:11.0) like Gecko" 
199.46.182.23 - - [26/Jul/2018:12:07:16 -0700] "GET /maccdc2012/files.log.gz HTTP/1.1" 200 9048766 "http://www.secrepo.com/" "Mozilla/5.0 (Windows NT 10.0; WOW64; Trident/7.0; rv:11.0) like Gecko" 
157.55.39.243 - - [26/Jul/2018:12:11:10 -0700] "GET /self.logs/access.log.2018-04-21.gz HTTP/1.1" 200 16110 "-" "Mozilla/5.0 (compatible; bingbot/2.0; +http://www.bing.com/bingbot.htm)" 
199.46.182.23 - - [26/Jul/2018:12:09:31 -0700] "GET /maccdc2012/dns.log.gz HTTP/1.1" 200 6629364 "http://www.secrepo.com/" "Mozilla/5.0 (Windows NT 10.0; WOW64; Trident/7.0; rv:11.0) like Gecko" 
199.46.182.23 - - [26/Jul/2018:12:09:17 -0700] "GET /maccdc2012/files.log.gz HTTP/1.1" 200 9996826 "http://www.secrepo.com/" "Mozilla/5.0 (Windows NT 10.0; WOW64; Trident/7.0; rv:11.0) like Gecko" 
199.46.182.23 - - [26/Jul/2018:12:07:10 -0700] "GET /maccdc2012/files.log.gz HTTP/1.1" 200 51408616 "http://www.secrepo.com/" "Mozilla/5.0 (Windows NT 10.0; WOW64; Trident/7.0; rv:11.0) like Gecko" 
199.46.182.23 - - [26/Jul/2018:12:11:18 -0700] "GET /maccdc2012/files.log.gz HTTP/1.1" 200 51408616 "http://www.secrepo.com/" "Mozilla/5.0 (Windows NT 10.0; WOW64; Trident/7.0; rv:11.0) like Gecko" 
113.171.224.176 - - [26/Jul/2018:12:26:34 -0700] "GET /honeypot/Honeypot%20-%20Howto.pdf HTTP/1.1" 200 46720 "-" "Mozilla/5.0 Gecko/20100115 Firefox/3.6" 
54.36.148.22 - - [26/Jul/2018:12:27:25 -0700] "GET /self.logs/2016/access.log.2016-02-05.gz HTTP/1.1" 200 5610 "-" "Mozilla/5.0 (compatible; AhrefsBot/5.2; +http://ahrefs.com/robot/)" 
77.115.60.45 - - [26/Jul/2018:12:28:15 -0700] "GET /wp-login.php HTTP/1.1" 418 732 "-" "Mozilla/5.0 (Windows NT 6.1; WOW64; rv:40.0) Gecko/20100101 Firefox/40.1" 
77.115.60.45 - - [26/Jul/2018:12:28:15 -0700] "GET / HTTP/1.1" 418 732 "-" "Mozilla/5.0 (Windows NT 6.1; WOW64; rv:40.0) Gecko/20100101 Firefox/40.1" 
200.161.226.53 - - [26/Jul/2018:12:32:20 -0700] "GET /wp-login.php HTTP/1.1" 418 732 "-" "Mozilla/5.0 (Windows NT 6.1; WOW64; rv:40.0) Gecko/20100101 Firefox/40.1" 
200.161.226.53 - - [26/Jul/2018:12:32:21 -0700] "GET / HTTP/1.1" 418 732 "-" "Mozilla/5.0 (Windows NT 6.1; WOW64; rv:40.0) Gecko/20100101 Firefox/40.1" 
186.101.216.194 - - [26/Jul/2018:12:35:51 -0700] "GET /wp-login.php HTTP/1.1" 418 732 "-" "Mozilla/5.0 (Windows NT 6.1; WOW64; rv:40.0) Gecko/20100101 Firefox/40.1" 
186.101.216.194 - - [26/Jul/2018:12:35:52 -0700] "GET / HTTP/1.1" 418 732 "-" "Mozilla/5.0 (Windows NT 6.1; WOW64; rv:40.0) Gecko/20100101 Firefox/40.1" 
66.249.93.95 - - [26/Jul/2018:12:39:20 -0700] "GET / HTTP/1.1" 200 11357 "-" "Mozilla/5.0 (X11; Linux x86_64) AppleWebKit/537.36 (KHTML, like Gecko) Chrome/49.0.2623.75 Safari/537.36 Google Favicon" 
66.249.93.93 - - [26/Jul/2018:12:39:21 -0700] "GET /bootstrap/img/favicon.ico HTTP/1.1" 200 590 "-" "Mozilla/5.0 (X11; Linux x86_64) AppleWebKit/537.36 (KHTML, like Gecko) Chrome/49.0.2623.75 Safari/537.36 Google Favicon" 
35.176.131.132 - - [26/Jul/2018:12:42:10 -0700] "GET / HTTP/1.1" 301 442 "-" "AHC/2.1" 
35.176.131.132 - - [26/Jul/2018:12:42:11 -0700] "GET / HTTP/1.1" 200 38539 "-" "AHC/2.1" 
112.200.95.158 - - [26/Jul/2018:12:46:31 -0700] "GET / HTTP/1.1" 200 11357 "-" "Mozilla/5.0 (Windows NT 6.1; Win64; x64) AppleWebKit/537.36 (KHTML, like Gecko) Chrome/68.0.3440.75 Safari/537.36" 
112.200.95.158 - - [26/Jul/2018:12:46:31 -0700] "GET /twitter-icon.png HTTP/1.1" 200 27787 "http://www.secrepo.com/" "Mozilla/5.0 (Windows NT 6.1; Win64; x64) AppleWebKit/537.36 (KHTML, like Gecko) Chrome/68.0.3440.75 Safari/537.36" 
112.200.95.158 - - [26/Jul/2018:12:46:31 -0700] "GET /GitHub-Mark.png HTTP/1.1" 200 7428 "http://www.secrepo.com/" "Mozilla/5.0 (Windows NT 6.1; Win64; x64) AppleWebKit/537.36 (KHTML, like Gecko) Chrome/68.0.3440.75 Safari/537.36" 
112.200.95.158 - - [26/Jul/2018:12:46:33 -0700] "GET /bootstrap/img/favicon.ico HTTP/1.1" 200 590 "http://www.secrepo.com/" "Mozilla/5.0 (Windows NT 6.1; Win64; x64) AppleWebKit/537.36 (KHTML, like Gecko) Chrome/68.0.3440.75 Safari/537.36" 
66.249.83.76 - - [26/Jul/2018:12:49:46 -0700] "GET / HTTP/1.1" 200 11357 "-" "Mozilla/5.0 (X11; Linux x86_64) AppleWebKit/537.36 (KHTML, like Gecko) Chrome/49.0.2623.75 Safari/537.36 Google Favicon" 
66.249.83.77 - - [26/Jul/2018:12:49:46 -0700] "GET /bootstrap/img/favicon.ico HTTP/1.1" 200 590 "-" "Mozilla/5.0 (X11; Linux x86_64) AppleWebKit/537.36 (KHTML, like Gecko) Chrome/49.0.2623.75 Safari/537.36 Google Favicon" 
66.249.93.93 - - [26/Jul/2018:13:02:03 -0700] "GET / HTTP/1.1" 200 11357 "-" "Mozilla/5.0 (X11; Linux x86_64) AppleWebKit/537.36 (KHTML, like Gecko) Chrome/49.0.2623.75 Safari/537.36 Google Favicon" 
86.110.34.204 - - [26/Jul/2018:13:07:56 -0700] "GET /wp-login.php HTTP/1.1" 418 732 "-" "Mozilla/5.0 (Windows NT 6.1; WOW64; rv:40.0) Gecko/20100101 Firefox/40.1" 
86.110.34.204 - - [26/Jul/2018:13:07:57 -0700] "GET / HTTP/1.1" 418 732 "-" "Mozilla/5.0 (Windows NT 6.1; WOW64; rv:40.0) Gecko/20100101 Firefox/40.1" 
129.83.31.1 - - [26/Jul/2018:13:11:52 -0700] "GET / HTTP/1.1" 200 11357 "https://www.bing.com/" "Mozilla/5.0 (Windows NT 10.0; WOW64; Trident/7.0; Touch; rv:11.0) like Gecko" 
129.83.31.1 - - [26/Jul/2018:13:11:52 -0700] "GET /twitter-icon.png HTTP/1.1" 200 27787 "http://www.secrepo.com/" "Mozilla/5.0 (Windows NT 10.0; WOW64; Trident/7.0; Touch; rv:11.0) like Gecko" 
129.83.31.1 - - [26/Jul/2018:13:11:52 -0700] "GET /GitHub-Mark.png HTTP/1.1" 200 7428 "http://www.secrepo.com/" "Mozilla/5.0 (Windows NT 10.0; WOW64; Trident/7.0; Touch; rv:11.0) like Gecko" 
129.83.31.1 - - [26/Jul/2018:13:11:53 -0700] "GET /bootstrap/img/favicon.ico HTTP/1.1" 200 589 "-" "Mozilla/5.0 (Windows NT 10.0; Win64; x64; Trident/7.0; Touch; rv:11.0) like Gecko" 
54.36.148.251 - - [26/Jul/2018:13:12:47 -0700] "GET /self.logs/access.log.2016-08-03.gz HTTP/1.1" 404 284 "-" "Mozilla/5.0 (compatible; AhrefsBot/5.2; +http://ahrefs.com/robot/)" 
67.23.238.10 - - [26/Jul/2018:13:15:14 -0700] "GET / HTTP/1.1" 200 38539 "-" "Mozilla/5.0 (Windows NT 6.1; WOW64) AppleWebKit/537.36 (KHTML, like Gecko) Chrome/33.0.1750.154 Safari/537.36" 
66.249.89.66 - - [26/Jul/2018:13:15:38 -0700] "GET / HTTP/1.1" 200 11357 "-" "Mozilla/5.0 (Macintosh; Intel Mac OS X 10_8_4) AppleWebKit/537.36 (KHTML, like Gecko) Chrome/28.0.1500.71 Safari/537.36" 
66.249.89.25 - - [26/Jul/2018:13:15:39 -0700] "GET / HTTP/1.1" 301 483 "-" "Mozilla/5.0 (Macintosh; Intel Mac OS X 10_8_4) AppleWebKit/537.36 (KHTML, like Gecko) Chrome/28.0.1500.71 Safari/537.36" 
66.249.89.92 - - [26/Jul/2018:13:15:39 -0700] "GET /&amp HTTP/1.1" 404 340 "-" "Mozilla/5.0 (Macintosh; Intel Mac OS X 10_8_4) AppleWebKit/537.36 (KHTML, like Gecko) Chrome/28.0.1500.71 Safari/537.36" 
66.249.89.66 - - [26/Jul/2018:13:15:40 -0700] "GET /&nbsp HTTP/1.1" 404 340 "-" "Mozilla/5.0 (Macintosh; Intel Mac OS X 10_8_4) AppleWebKit/537.36 (KHTML, like Gecko) Chrome/28.0.1500.71 Safari/537.36" 
66.249.89.92 - - [26/Jul/2018:13:15:40 -0700] "GET / HTTP/1.1" 200 11356 "-" "Mozilla/5.0 (Macintosh; Intel Mac OS X 10_8_4) AppleWebKit/537.36 (KHTML, like Gecko) Chrome/28.0.1500.71 Safari/537.36" 
66.249.89.66 - - [26/Jul/2018:13:15:41 -0700] "GET /&amp HTTP/1.1" 404 339 "-" "Mozilla/5.0 (Macintosh; Intel Mac OS X 10_8_4) AppleWebKit/537.36 (KHTML, like Gecko) Chrome/28.0.1500.71 Safari/537.36" 
66.249.89.94 - - [26/Jul/2018:13:15:41 -0700] "GET / HTTP/1.1" 200 11357 "-" "Mozilla/5.0 (Macintosh; Intel Mac OS X 10_8_4) AppleWebKit/537.36 (KHTML, like Gecko) Chrome/28.0.1500.71 Safari/537.36" 
205.155.154.1 - - [26/Jul/2018:13:15:33 -0700] "GET /squid/access.log.gz HTTP/1.1" 200 23177322 "-" "Mozilla/5.0 (Windows NT 10.0; Win64; x64) AppleWebKit/537.36 (KHTML, like Gecko) Chrome/67.0.3396.99 Safari/537.36" 
54.36.148.84 - - [26/Jul/2018:13:15:56 -0700] "GET /self.logs/2015/access.log.2015-07-26.gz HTTP/1.1" 200 3445 "-" "Mozilla/5.0 (compatible; AhrefsBot/5.2; +http://ahrefs.com/robot/)" 
205.155.154.1 - - [26/Jul/2018:13:15:54 -0700] "GET /maccdc2012/files.log.gz HTTP/1.1" 200 51408672 "-" "Mozilla/5.0 (Windows NT 10.0; Win64; x64) AppleWebKit/537.36 (KHTML, like Gecko) Chrome/67.0.3396.99 Safari/537.36" 
205.155.154.1 - - [26/Jul/2018:13:19:04 -0700] "GET /maccdc2012/http.log.gz HTTP/1.1" 200 54258816 "-" "Mozilla/5.0 (Windows NT 10.0; Win64; x64) AppleWebKit/537.36 (KHTML, like Gecko) Chrome/67.0.3396.99 Safari/537.36" 
177.224.42.29 - - [26/Jul/2018:13:24:13 -0700] "GET /wp-login.php HTTP/1.1" 418 732 "-" "Mozilla/5.0 (Windows NT 6.1; WOW64; rv:40.0) Gecko/20100101 Firefox/40.1" 
177.224.42.29 - - [26/Jul/2018:13:24:13 -0700] "GET / HTTP/1.1" 418 732 "-" "Mozilla/5.0 (Windows NT 6.1; WOW64; rv:40.0) Gecko/20100101 Firefox/40.1" 
199.58.86.209 - - [26/Jul/2018:13:24:48 -0700] "GET /robots.txt HTTP/1.1" 200 289 "-" "Mozilla/5.0 (compatible; MJ12bot/v1.4.8; http://mj12bot.com/)" 
199.58.86.209 - - [26/Jul/2018:13:24:50 -0700] "GET / HTTP/1.1" 200 38539 "-" "Mozilla/5.0 (compatible; MJ12bot/v1.4.8; http://mj12bot.com/)" 
129.83.31.1 - - [26/Jul/2018:13:24:56 -0700] "GET /maccdc2012/weird.log.gz HTTP/1.1" 200 1242777 "http://www.secrepo.com/" "Mozilla/5.0 (Windows NT 10.0; WOW64; Trident/7.0; Touch; rv:11.0) like Gecko" 
83.10.165.153 - - [26/Jul/2018:13:25:41 -0700] "GET /wp-login.php HTTP/1.1" 418 732 "-" "Mozilla/5.0 (Windows NT 6.1; WOW64; rv:40.0) Gecko/20100101 Firefox/40.1" 
83.10.165.153 - - [26/Jul/2018:13:25:42 -0700] "GET / HTTP/1.1" 418 732 "-" "Mozilla/5.0 (Windows NT 6.1; WOW64; rv:40.0) Gecko/20100101 Firefox/40.1" 
113.171.224.176 - - [26/Jul/2018:13:27:19 -0700] "GET /honeypot/Honeypot%20-%20Howto.pdf HTTP/1.1" 200 46720 "-" "Mozilla/5.0 Gecko/20100115 Firefox/3.6" 
69.73.44.219 - - [26/Jul/2018:13:32:04 -0700] "GET / HTTP/1.1" 301 483 "-" "Mozilla/5.0 (Windows NT 10.0; Win64; x64) AppleWebKit/537.36 (KHTML, like Gecko) Chrome/67.0.3396.99 Safari/537.36" 
69.73.44.219 - - [26/Jul/2018:13:32:04 -0700] "GET / HTTP/1.1" 200 11357 "-" "Mozilla/5.0 (Windows NT 10.0; Win64; x64) AppleWebKit/537.36 (KHTML, like Gecko) Chrome/67.0.3396.99 Safari/537.36" 
69.73.44.219 - - [26/Jul/2018:13:32:05 -0700] "GET /twitter-icon.png HTTP/1.1" 200 27787 "http://www.secrepo.com/" "Mozilla/5.0 (Windows NT 10.0; Win64; x64) AppleWebKit/537.36 (KHTML, like Gecko) Chrome/67.0.3396.99 Safari/537.36" 
69.73.44.219 - - [26/Jul/2018:13:32:05 -0700] "GET /GitHub-Mark.png HTTP/1.1" 200 7428 "http://www.secrepo.com/" "Mozilla/5.0 (Windows NT 10.0; Win64; x64) AppleWebKit/537.36 (KHTML, like Gecko) Chrome/67.0.3396.99 Safari/537.36" 
69.73.44.219 - - [26/Jul/2018:13:33:05 -0700] "GET /bootstrap/img/favicon.ico HTTP/1.1" 200 590 "http://www.secrepo.com/" "Mozilla/5.0 (Windows NT 10.0; Win64; x64) AppleWebKit/537.36 (KHTML, like Gecko) Chrome/67.0.3396.99 Safari/537.36" 
199.46.182.23 - - [26/Jul/2018:12:04:47 -0700] "GET /maccdc2012/conn.log.gz HTTP/1.1" 200 551041579 "http://www.secrepo.com/" "Mozilla/5.0 (Windows NT 10.0; WOW64; Trident/7.0; rv:11.0) like Gecko" 
205.155.154.1 - - [26/Jul/2018:13:33:59 -0700] "GET /maccdc2012/http.log.gz HTTP/1.1" 200 54258816 "-" "Mozilla/5.0 (Windows NT 10.0; Win64; x64) AppleWebKit/537.36 (KHTML, like Gecko) Chrome/67.0.3396.99 Safari/537.36" 
54.36.149.31 - - [26/Jul/2018:13:43:37 -0700] "GET /self.logs/2016/access.log.2016-06-09.gz HTTP/1.1" 200 43726 "-" "Mozilla/5.0 (compatible; AhrefsBot/5.2; +http://ahrefs.com/robot/)" 
14.204.119.241 - - [26/Jul/2018:13:46:05 -0700] "HEAD //admin.asp HTTP/1.1" 404 276 "-" "-" 
14.204.119.241 - - [26/Jul/2018:13:46:05 -0700] "HEAD //admin/admin_login.asp HTTP/1.1" 404 220 "-" "-" 
54.36.148.73 - - [26/Jul/2018:13:56:23 -0700] "GET /self.logs/2015/error.log.2015-05-03.gz HTTP/1.1" 200 936 "-" "Mozilla/5.0 (compatible; AhrefsBot/5.2; +http://ahrefs.com/robot/)" 
72.24.232.24 - - [26/Jul/2018:13:58:18 -0700] "GET / HTTP/1.1" 200 11357 "https://www.google.com/" "Mozilla/5.0 (X11; Linux x86_64) AppleWebKit/537.36 (KHTML, like Gecko) Ubuntu Chromium/67.0.3396.99 Chrome/67.0.3396.99 Safari/537.36" 
72.24.232.24 - - [26/Jul/2018:13:58:18 -0700] "GET /GitHub-Mark.png HTTP/1.1" 200 7427 "http://www.secrepo.com/" "Mozilla/5.0 (X11; Linux x86_64) AppleWebKit/537.36 (KHTML, like Gecko) Ubuntu Chromium/67.0.3396.99 Chrome/67.0.3396.99 Safari/537.36" 
50.204.132.195 - - [26/Jul/2018:13:58:22 -0700] "GET / HTTP/1.1" 200 11357 "http://vizsec.org/data/" "Mozilla/5.0 (Macintosh; Intel Mac OS X 10_13_6) AppleWebKit/605.1.15 (KHTML, like Gecko) Version/11.1.2 Safari/605.1.15" 
50.204.132.195 - - [26/Jul/2018:13:58:22 -0700] "GET /GitHub-Mark.png HTTP/1.1" 200 7428 "http://www.secrepo.com/" "Mozilla/5.0 (Macintosh; Intel Mac OS X 10_13_6) AppleWebKit/605.1.15 (KHTML, like Gecko) Version/11.1.2 Safari/605.1.15" 
50.204.132.195 - - [26/Jul/2018:13:58:22 -0700] "GET /twitter-icon.png HTTP/1.1" 200 27788 "http://www.secrepo.com/" "Mozilla/5.0 (Macintosh; Intel Mac OS X 10_13_6) AppleWebKit/605.1.15 (KHTML, like Gecko) Version/11.1.2 Safari/605.1.15" 
50.204.132.195 - - [26/Jul/2018:13:58:23 -0700] "GET /bootstrap/img/favicon.ico HTTP/1.1" 200 590 "http://www.secrepo.com/" "Mozilla/5.0 (Macintosh; Intel Mac OS X 10_13_6) AppleWebKit/605.1.15 (KHTML, like Gecko) Version/11.1.2 Safari/605.1.15" 
67.222.38.91 - - [26/Jul/2018:13:58:35 -0700] "GET / HTTP/1.1" 200 38539 "-" "Mozilla/5.0 (Windows NT 6.1; WOW64) AppleWebKit/537.36 (KHTML, like Gecko) Chrome/33.0.1750.154 Safari/537.36" 
70.66.248.25 - - [26/Jul/2018:13:59:21 -0700] "GET / HTTP/1.1" 200 11357 "https://www.google.ca/" "Mozilla/5.0 (Windows NT 10.0; Win64; x64) AppleWebKit/537.36 (KHTML, like Gecko) Chrome/67.0.3396.99 Safari/537.36" 
70.66.248.25 - - [26/Jul/2018:13:59:26 -0700] "GET /twitter-icon.png HTTP/1.1" 200 27788 "http://www.secrepo.com/" "Mozilla/5.0 (Windows NT 10.0; Win64; x64) AppleWebKit/537.36 (KHTML, like Gecko) Chrome/67.0.3396.99 Safari/537.36" 
70.66.248.25 - - [26/Jul/2018:13:59:26 -0700] "GET /GitHub-Mark.png HTTP/1.1" 200 7427 "http://www.secrepo.com/" "Mozilla/5.0 (Windows NT 10.0; Win64; x64) AppleWebKit/537.36 (KHTML, like Gecko) Chrome/67.0.3396.99 Safari/537.36" 
70.66.248.25 - - [26/Jul/2018:13:59:27 -0700] "GET /bootstrap/img/favicon.ico HTTP/1.1" 200 589 "http://www.secrepo.com/" "Mozilla/5.0 (Windows NT 10.0; Win64; x64) AppleWebKit/537.36 (KHTML, like Gecko) Chrome/67.0.3396.99 Safari/537.36" 
41.223.160.173 - - [26/Jul/2018:14:00:59 -0700] "GET /maccdc2012/dns.log.gz HTTP/1.1" 304 154 "-" "Mozilla/5.0 Gecko/20100115 Firefox/3.6" 
72.24.232.24 - - [26/Jul/2018:13:58:26 -0700] "GET /maccdc2012/conn.log.gz HTTP/1.1" 200 549157643 "-" "Wget/1.19.4 (linux-gnu)" 
66.249.89.25 - - [26/Jul/2018:14:04:56 -0700] "GET / HTTP/1.1" 301 483 "-" "Mozilla/5.0 (Macintosh; Intel Mac OS X 10_8_4) AppleWebKit/537.36 (KHTML, like Gecko) Chrome/28.0.1500.71 Safari/537.36" 
66.249.89.94 - - [26/Jul/2018:14:04:57 -0700] "GET / HTTP/1.1" 200 11357 "-" "Mozilla/5.0 (Macintosh; Intel Mac OS X 10_8_4) AppleWebKit/537.36 (KHTML, like Gecko) Chrome/28.0.1500.71 Safari/537.36" 
54.36.148.253 - - [26/Jul/2018:14:05:41 -0700] "GET /self.logs/2015/?C=M;O=D HTTP/1.1" 200 7610 "-" "Mozilla/5.0 (compatible; AhrefsBot/5.2; +http://ahrefs.com/robot/)" 
144.138.12.154 - - [26/Jul/2018:14:10:01 -0700] "GET /wp-login.php HTTP/1.1" 418 732 "-" "Mozilla/5.0 (Windows NT 6.1; WOW64; rv:40.0) Gecko/20100101 Firefox/40.1" 
144.138.12.154 - - [26/Jul/2018:14:10:02 -0700] "GET / HTTP/1.1" 418 732 "-" "Mozilla/5.0 (Windows NT 6.1; WOW64; rv:40.0) Gecko/20100101 Firefox/40.1" 
94.130.65.53 - - [26/Jul/2018:14:10:41 -0700] "GET /robots.txt HTTP/1.1" 301 502 "-" "Mozilla/5.0 (compatible; BLEXBot/1.0; +http://webmeup-crawler.com/)" 
94.130.65.53 - - [26/Jul/2018:14:10:42 -0700] "GET /robots.txt HTTP/1.1" 200 334 "-" "Mozilla/5.0 (compatible; BLEXBot/1.0; +http://webmeup-crawler.com/)" 
94.130.65.53 - - [26/Jul/2018:14:10:42 -0700] "GET /sitemap.xml HTTP/1.1" 301 500 "-" "Mozilla/5.0 (compatible; BLEXBot/1.0; +http://webmeup-crawler.com/)" 
94.130.65.53 - - [26/Jul/2018:14:10:42 -0700] "GET /sitemap.xml HTTP/1.1" 404 339 "-" "Mozilla/5.0 (compatible; BLEXBot/1.0; +http://webmeup-crawler.com/)" 
94.130.65.53 - - [26/Jul/2018:14:11:07 -0700] "GET /sitemap.xml HTTP/1.1" 404 340 "-" "Mozilla/5.0 (compatible; BLEXBot/1.0; +http://webmeup-crawler.com/)" 
94.130.65.53 - - [26/Jul/2018:14:11:24 -0700] "GET / HTTP/1.1" 200 11357 "-" "Mozilla/5.0 (compatible; BLEXBot/1.0; +http://webmeup-crawler.com/)" 
129.83.31.3 - - [26/Jul/2018:14:11:32 -0700] "GET / HTTP/1.1" 304 189 "https://www.bing.com/" "Mozilla/5.0 (Windows NT 10.0; WOW64; Trident/7.0; Touch; rv:11.0) like Gecko" 
129.83.31.3 - - [26/Jul/2018:14:11:32 -0700] "GET /twitter-icon.png HTTP/1.1" 304 166 "http://www.secrepo.com/" "Mozilla/5.0 (Windows NT 10.0; WOW64; Trident/7.0; Touch; rv:11.0) like Gecko" 
129.83.31.3 - - [26/Jul/2018:14:11:32 -0700] "GET /GitHub-Mark.png HTTP/1.1" 304 166 "http://www.secrepo.com/" "Mozilla/5.0 (Windows NT 10.0; WOW64; Trident/7.0; Touch; rv:11.0) like Gecko" 
129.83.31.3 - - [26/Jul/2018:14:11:32 -0700] "GET /bootstrap/img/favicon.ico HTTP/1.1" 304 165 "-" "Mozilla/5.0 (Windows NT 10.0; Win64; x64; Trident/7.0; Touch; rv:11.0) like Gecko" 
94.130.65.53 - - [26/Jul/2018:14:12:31 -0700] "GET /data HTTP/1.1" 404 340 "-" "Mozilla/5.0 (compatible; BLEXBot/1.0; +http://webmeup-crawler.com/)" 
94.130.65.53 - - [26/Jul/2018:14:20:34 -0700] "GET /self.logs/ HTTP/1.1" 200 11212 "-" "Mozilla/5.0 (compatible; BLEXBot/1.0; +http://webmeup-crawler.com/)" 
94.130.65.53 - - [26/Jul/2018:14:20:55 -0700] "GET /robots.txt HTTP/1.1" 301 502 "-" "Mozilla/5.0 (compatible; BLEXBot/1.0; +http://webmeup-crawler.com/)" 
94.130.65.53 - - [26/Jul/2018:14:20:55 -0700] "GET /robots.txt HTTP/1.1" 200 334 "-" "Mozilla/5.0 (compatible; BLEXBot/1.0; +http://webmeup-crawler.com/)" 
66.249.64.159 - - [26/Jul/2018:14:21:34 -0700] "GET /robots.txt HTTP/1.1" 200 334 "-" "Mozilla/5.0 (compatible; Googlebot/2.1; +http://www.google.com/bot.html)" 
66.249.64.157 - - [26/Jul/2018:14:21:34 -0700] "GET /favicon.ico HTTP/1.1" 200 268 "-" "Googlebot-Image/1.0" 
178.137.95.1 - - [26/Jul/2018:14:25:15 -0700] "GET /honeypot/ HTTP/1.1" 200 1077 "http://rusochineniya.ru/" "Mozilla/4.0 (compatible; MSIE 6.0; Windows NT 5.1; SV1; YPC 3.0.2; .NET CLR 1.1.4322; yplus 4.4.02b)" 
113.171.224.176 - - [26/Jul/2018:14:28:05 -0700] "GET /honeypot/Honeypot%20-%20Howto.pdf HTTP/1.1" 200 46720 "-" "Mozilla/5.0 Gecko/20100115 Firefox/3.6" 
54.36.149.23 - - [26/Jul/2018:14:36:28 -0700] "GET /self.logs/error.log.2017-05-13.gz HTTP/1.1" 200 851 "-" "Mozilla/5.0 (compatible; AhrefsBot/5.2; +http://ahrefs.com/robot/)" 
66.249.89.25 - - [26/Jul/2018:14:37:23 -0700] "GET / HTTP/1.1" 301 483 "-" "Mozilla/5.0 (Macintosh; Intel Mac OS X 10_8_4) AppleWebKit/537.36 (KHTML, like Gecko) Chrome/28.0.1500.71 Safari/537.36" 
66.249.89.66 - - [26/Jul/2018:14:37:24 -0700] "GET / HTTP/1.1" 200 11357 "-" "Mozilla/5.0 (Macintosh; Intel Mac OS X 10_8_4) AppleWebKit/537.36 (KHTML, like Gecko) Chrome/28.0.1500.71 Safari/537.36" 
130.20.91.37 - - [26/Jul/2018:14:37:43 -0700] "GET / HTTP/1.1" 200 11357 "-" "Mozilla/5.0 (Macintosh; Intel Mac OS X 10_13_1) AppleWebKit/604.3.5 (KHTML, like Gecko) Version/11.0.1 Safari/604.3.5" 
130.20.91.37 - - [26/Jul/2018:14:37:43 -0700] "GET /twitter-icon.png HTTP/1.1" 200 27787 "http://www.secrepo.com/" "Mozilla/5.0 (Macintosh; Intel Mac OS X 10_13_1) AppleWebKit/604.3.5 (KHTML, like Gecko) Version/11.0.1 Safari/604.3.5" 
130.20.91.37 - - [26/Jul/2018:14:37:43 -0700] "GET /GitHub-Mark.png HTTP/1.1" 200 7428 "http://www.secrepo.com/" "Mozilla/5.0 (Macintosh; Intel Mac OS X 10_13_1) AppleWebKit/604.3.5 (KHTML, like Gecko) Version/11.0.1 Safari/604.3.5" 
130.20.91.37 - - [26/Jul/2018:14:37:44 -0700] "GET /bootstrap/img/favicon.ico HTTP/1.1" 200 590 "http://www.secrepo.com/" "Mozilla/5.0 (Macintosh; Intel Mac OS X 10_13_1) AppleWebKit/604.3.5 (KHTML, like Gecko) Version/11.0.1 Safari/604.3.5" 
100.43.85.128 - - [26/Jul/2018:14:45:14 -0700] "GET /robots.txt HTTP/1.1" 301 518 "-" "Mozilla/5.0 (compatible; YandexBot/3.0; +http://yandex.com/bots)" 
5.255.250.94 - - [26/Jul/2018:14:45:14 -0700] "GET /robots.txt HTTP/1.1" 200 289 "-" "Mozilla/5.0 (compatible; YandexBot/3.0; +http://yandex.com/bots)" 
100.43.85.128 - - [26/Jul/2018:14:45:18 -0700] "GET / HTTP/1.1" 301 483 "-" "Mozilla/5.0 (compatible; YandexBot/3.0; +http://yandex.com/bots)" 
5.255.250.94 - - [26/Jul/2018:14:45:18 -0700] "GET / HTTP/1.1" 200 11357 "-" "Mozilla/5.0 (compatible; YandexBot/3.0; +http://yandex.com/bots)" 
123.231.110.228 - - [26/Jul/2018:15:03:28 -0700] "GET /wp-login.php HTTP/1.1" 418 732 "-" "Mozilla/5.0 (Windows NT 6.1; WOW64; rv:40.0) Gecko/20100101 Firefox/40.1" 
123.231.110.228 - - [26/Jul/2018:15:03:29 -0700] "GET / HTTP/1.1" 418 732 "-" "Mozilla/5.0 (Windows NT 6.1; WOW64; rv:40.0) Gecko/20100101 Firefox/40.1" 
41.223.160.173 - - [26/Jul/2018:15:03:31 -0700] "GET /tg/tg_snort_fast.7z HTTP/1.1" 304 131 "-" "Mozilla/5.0 Gecko/20100115 Firefox/3.6" 
162.210.196.100 - - [26/Jul/2018:15:08:09 -0700] "GET /robots.txt HTTP/1.1" 200 289 "-" "Mozilla/5.0 (compatible; MJ12bot/v1.4.8; http://mj12bot.com/)" 
162.210.196.100 - - [26/Jul/2018:15:08:10 -0700] "GET / HTTP/1.1" 200 38539 "-" "Mozilla/5.0 (compatible; MJ12bot/v1.4.8; http://mj12bot.com/)" 
157.55.39.242 - - [26/Jul/2018:15:12:36 -0700] "GET /self.logs/ HTTP/1.1" 200 11212 "-" "Mozilla/5.0 (compatible; bingbot/2.0; +http://www.bing.com/bingbot.htm)" 
66.249.64.157 - - [26/Jul/2018:15:18:31 -0700] "GET / HTTP/1.1" 200 11357 "-" "Mozilla/5.0 (Linux; Android 6.0.1; Nexus 5X Build/MMB29P) AppleWebKit/537.36 (KHTML, like Gecko) Chrome/41.0.2272.96 Mobile Safari/537.36 (compatible; Googlebot/2.1; +http://www.google.com/bot.html)" 
205.155.154.1 - - [26/Jul/2018:15:19:58 -0700] "GET / HTTP/1.1" 200 11357 "-" "Mozilla/5.0 (Macintosh; Intel Mac OS X 10_13_3) AppleWebKit/537.36 (KHTML, like Gecko) Chrome/67.0.3396.99 Safari/537.36" 
205.155.154.1 - - [26/Jul/2018:15:19:58 -0700] "GET /GitHub-Mark.png HTTP/1.1" 200 7428 "http://www.secrepo.com/" "Mozilla/5.0 (Macintosh; Intel Mac OS X 10_13_3) AppleWebKit/537.36 (KHTML, like Gecko) Chrome/67.0.3396.99 Safari/537.36" 
205.155.154.1 - - [26/Jul/2018:15:19:58 -0700] "GET /twitter-icon.png HTTP/1.1" 200 27787 "http://www.secrepo.com/" "Mozilla/5.0 (Macintosh; Intel Mac OS X 10_13_3) AppleWebKit/537.36 (KHTML, like Gecko) Chrome/67.0.3396.99 Safari/537.36" 
66.249.89.23 - - [26/Jul/2018:15:29:02 -0700] "GET / HTTP/1.1" 301 483 "-" "Mozilla/5.0 (Macintosh; Intel Mac OS X 10_8_4) AppleWebKit/537.36 (KHTML, like Gecko) Chrome/28.0.1500.71 Safari/537.36" 
66.249.89.94 - - [26/Jul/2018:15:29:03 -0700] "GET / HTTP/1.1" 200 11357 "-" "Mozilla/5.0 (Macintosh; Intel Mac OS X 10_8_4) AppleWebKit/537.36 (KHTML, like Gecko) Chrome/28.0.1500.71 Safari/537.36" 
113.171.224.176 - - [26/Jul/2018:15:29:35 -0700] "GET /honeypot/Honeypot%20-%20Howto.pdf HTTP/1.1" 200 46720 "-" "Mozilla/5.0 Gecko/20100115 Firefox/3.6" 
66.249.89.94 - - [26/Jul/2018:15:30:06 -0700] "GET / HTTP/1.1" 200 11357 "-" "Mozilla/5.0 (Macintosh; Intel Mac OS X 10_8_4) AppleWebKit/537.36 (KHTML, like Gecko) Chrome/28.0.1500.71 Safari/537.36" 
66.249.89.92 - - [26/Jul/2018:15:30:07 -0700] "GET /&amp HTTP/1.1" 404 340 "-" "Mozilla/5.0 (Macintosh; Intel Mac OS X 10_8_4) AppleWebKit/537.36 (KHTML, like Gecko) Chrome/28.0.1500.71 Safari/537.36" 
66.249.89.92 - - [26/Jul/2018:15:30:07 -0700] "GET / HTTP/1.1" 200 11356 "-" "Mozilla/5.0 (Macintosh; Intel Mac OS X 10_8_4) AppleWebKit/537.36 (KHTML, like Gecko) Chrome/28.0.1500.71 Safari/537.36" 
66.249.89.66 - - [26/Jul/2018:15:30:08 -0700] "GET /&nbsp HTTP/1.1" 404 340 "-" "Mozilla/5.0 (Macintosh; Intel Mac OS X 10_8_4) AppleWebKit/537.36 (KHTML, like Gecko) Chrome/28.0.1500.71 Safari/537.36" 
66.249.89.92 - - [26/Jul/2018:15:30:08 -0700] "GET /&amp HTTP/1.1" 404 339 "-" "Mozilla/5.0 (Macintosh; Intel Mac OS X 10_8_4) AppleWebKit/537.36 (KHTML, like Gecko) Chrome/28.0.1500.71 Safari/537.36" 
66.249.89.25 - - [26/Jul/2018:15:30:09 -0700] "GET / HTTP/1.1" 301 483 "-" "Mozilla/5.0 (Macintosh; Intel Mac OS X 10_8_4) AppleWebKit/537.36 (KHTML, like Gecko) Chrome/28.0.1500.71 Safari/537.36" 
66.249.89.94 - - [26/Jul/2018:15:30:09 -0700] "GET / HTTP/1.1" 200 11357 "-" "Mozilla/5.0 (Macintosh; Intel Mac OS X 10_8_4) AppleWebKit/537.36 (KHTML, like Gecko) Chrome/28.0.1500.71 Safari/537.36" 
23.253.92.35 - - [26/Jul/2018:15:31:25 -0700] "GET /robots.txt HTTP/1.1" 301 446 "-" "Tornado-Async-Client" 
23.253.92.35 - - [26/Jul/2018:15:31:26 -0700] "GET /robots.txt HTTP/1.1" 304 130 "-" "Tornado-Async-Client" 
23.253.92.35 - - [26/Jul/2018:15:31:26 -0700] "GET /honeypot/BSidesDFW%20-%202014.ipynb HTTP/1.1" 301 484 "-" "Tornado-Async-Client" 
23.253.92.35 - - [26/Jul/2018:15:31:26 -0700] "GET /honeypot/BSidesDFW%20-%202014.ipynb HTTP/1.1" 200 930780 "-" "Tornado-Async-Client" 
54.36.149.37 - - [26/Jul/2018:15:33:39 -0700] "GET /self.logs/error.log.2018-06-03.gz HTTP/1.1" 200 4835 "-" "Mozilla/5.0 (compatible; AhrefsBot/5.2; +http://ahrefs.com/robot/)" 
66.249.64.157 - - [26/Jul/2018:15:50:26 -0700] "GET /favicon.ico HTTP/1.1" 200 268 "-" "Googlebot-Image/1.0" 
157.55.39.243 - - [26/Jul/2018:15:52:37 -0700] "GET /self.logs/error.log.2016-04-04.gz HTTP/1.1" 404 340 "-" "Mozilla/5.0 (compatible; bingbot/2.0; +http://www.bing.com/bingbot.htm)" 
23.253.92.35 - - [26/Jul/2018:15:59:52 -0700] "GET /robots.txt HTTP/1.1" 301 446 "-" "Tornado-Async-Client" 
23.253.92.35 - - [26/Jul/2018:15:59:52 -0700] "GET /robots.txt HTTP/1.1" 304 130 "-" "Tornado-Async-Client" 
23.253.92.35 - - [26/Jul/2018:15:59:52 -0700] "GET /honeypot/BSidesDFW%20-%202014.ipynb HTTP/1.1" 301 484 "-" "Tornado-Async-Client" 
23.253.92.35 - - [26/Jul/2018:15:59:52 -0700] "GET /honeypot/BSidesDFW%20-%202014.ipynb HTTP/1.1" 200 930780 "-" "Tornado-Async-Client" 
66.249.89.25 - - [26/Jul/2018:16:02:09 -0700] "GET / HTTP/1.1" 301 483 "-" "Mozilla/5.0 (Macintosh; Intel Mac OS X 10_8_4) AppleWebKit/537.36 (KHTML, like Gecko) Chrome/28.0.1500.71 Safari/537.36" 
66.249.89.94 - - [26/Jul/2018:16:02:09 -0700] "GET /&nbsp HTTP/1.1" 404 340 "-" "Mozilla/5.0 (Macintosh; Intel Mac OS X 10_8_4) AppleWebKit/537.36 (KHTML, like Gecko) Chrome/28.0.1500.71 Safari/537.36" 
66.249.89.92 - - [26/Jul/2018:16:02:10 -0700] "GET / HTTP/1.1" 200 11357 "-" "Mozilla/5.0 (Macintosh; Intel Mac OS X 10_8_4) AppleWebKit/537.36 (KHTML, like Gecko) Chrome/28.0.1500.71 Safari/537.36" 
66.249.89.66 - - [26/Jul/2018:16:02:11 -0700] "GET / HTTP/1.1" 200 11357 "-" "Mozilla/5.0 (Macintosh; Intel Mac OS X 10_8_4) AppleWebKit/537.36 (KHTML, like Gecko) Chrome/28.0.1500.71 Safari/537.36" 
66.249.89.92 - - [26/Jul/2018:16:02:12 -0700] "GET /&amp HTTP/1.1" 404 340 "-" "Mozilla/5.0 (Macintosh; Intel Mac OS X 10_8_4) AppleWebKit/537.36 (KHTML, like Gecko) Chrome/28.0.1500.71 Safari/537.36" 
24.253.53.63 - - [26/Jul/2018:16:02:54 -0700] "GET /wp-login.php HTTP/1.1" 418 732 "-" "Mozilla/5.0 (Windows NT 6.1; WOW64; rv:40.0) Gecko/20100101 Firefox/40.1" 
24.253.53.63 - - [26/Jul/2018:16:02:54 -0700] "GET / HTTP/1.1" 418 732 "-" "Mozilla/5.0 (Windows NT 6.1; WOW64; rv:40.0) Gecko/20100101 Firefox/40.1" 
12.196.122.120 - - [26/Jul/2018:16:03:59 -0700] "GET / HTTP/1.1" 301 483 "-" "Mozilla/5.0 (Macintosh; Intel Mac OS X 10_13_6) AppleWebKit/537.36 (KHTML, like Gecko) Chrome/68.0.3440.75 Safari/537.36" 
12.196.122.120 - - [26/Jul/2018:16:03:59 -0700] "GET / HTTP/1.1" 200 11357 "-" "Mozilla/5.0 (Macintosh; Intel Mac OS X 10_13_6) AppleWebKit/537.36 (KHTML, like Gecko) Chrome/68.0.3440.75 Safari/537.36" 
12.196.122.120 - - [26/Jul/2018:16:03:59 -0700] "GET /twitter-icon.png HTTP/1.1" 200 27787 "http://www.secrepo.com/" "Mozilla/5.0 (Macintosh; Intel Mac OS X 10_13_6) AppleWebKit/537.36 (KHTML, like Gecko) Chrome/68.0.3440.75 Safari/537.36" 
12.196.122.120 - - [26/Jul/2018:16:03:59 -0700] "GET /GitHub-Mark.png HTTP/1.1" 200 7427 "http://www.secrepo.com/" "Mozilla/5.0 (Macintosh; Intel Mac OS X 10_13_6) AppleWebKit/537.36 (KHTML, like Gecko) Chrome/68.0.3440.75 Safari/537.36" 
12.196.122.120 - - [26/Jul/2018:16:04:00 -0700] "GET /bootstrap/img/favicon.ico HTTP/1.1" 200 589 "http://www.secrepo.com/" "Mozilla/5.0 (Macintosh; Intel Mac OS X 10_13_6) AppleWebKit/537.36 (KHTML, like Gecko) Chrome/68.0.3440.75 Safari/537.36" 
73.158.187.146 - - [26/Jul/2018:16:04:13 -0700] "GET / HTTP/1.1" 200 11357 "-" "Mozilla/5.0 (Macintosh; Intel Mac OS X 10_13_6) AppleWebKit/537.36 (KHTML, like Gecko) Chrome/67.0.3396.99 Safari/537.36" 
73.158.187.146 - - [26/Jul/2018:16:04:13 -0700] "GET /twitter-icon.png HTTP/1.1" 200 27787 "http://www.secrepo.com/" "Mozilla/5.0 (Macintosh; Intel Mac OS X 10_13_6) AppleWebKit/537.36 (KHTML, like Gecko) Chrome/67.0.3396.99 Safari/537.36" 
73.158.187.146 - - [26/Jul/2018:16:04:15 -0700] "GET /GitHub-Mark.png HTTP/1.1" 200 7427 "http://www.secrepo.com/" "Mozilla/5.0 (Macintosh; Intel Mac OS X 10_13_6) AppleWebKit/537.36 (KHTML, like Gecko) Chrome/67.0.3396.99 Safari/537.36" 
73.158.187.146 - - [26/Jul/2018:16:04:23 -0700] "GET / HTTP/1.1" 301 483 "http://www.secrepo.com/" "Mozilla/5.0 (Macintosh; Intel Mac OS X 10_13_6) AppleWebKit/537.36 (KHTML, like Gecko) Chrome/67.0.3396.99 Safari/537.36" 
54.36.148.245 - - [26/Jul/2018:16:12:35 -0700] "GET /self.logs/2016/access.log.2016-06-14.gz HTTP/1.1" 200 14362 "-" "Mozilla/5.0 (compatible; AhrefsBot/5.2; +http://ahrefs.com/robot/)" 
66.249.89.94 - - [26/Jul/2018:16:12:57 -0700] "GET / HTTP/1.1" 200 11357 "-" "Mozilla/5.0 (Macintosh; Intel Mac OS X 10_8_4) AppleWebKit/537.36 (KHTML, like Gecko) Chrome/28.0.1500.71 Safari/537.36" 
66.249.89.94 - - [26/Jul/2018:16:12:57 -0700] "GET /&amp HTTP/1.1" 404 339 "-" "Mozilla/5.0 (Macintosh; Intel Mac OS X 10_8_4) AppleWebKit/537.36 (KHTML, like Gecko) Chrome/28.0.1500.71 Safari/537.36" 
66.249.89.94 - - [26/Jul/2018:16:12:58 -0700] "GET /&nbsp HTTP/1.1" 404 339 "-" "Mozilla/5.0 (Macintosh; Intel Mac OS X 10_8_4) AppleWebKit/537.36 (KHTML, like Gecko) Chrome/28.0.1500.71 Safari/537.36" 
66.249.89.66 - - [26/Jul/2018:16:12:58 -0700] "GET /&amp HTTP/1.1" 404 340 "-" "Mozilla/5.0 (Macintosh; Intel Mac OS X 10_8_4) AppleWebKit/537.36 (KHTML, like Gecko) Chrome/28.0.1500.71 Safari/537.36" 
66.249.89.66 - - [26/Jul/2018:16:12:59 -0700] "GET / HTTP/1.1" 200 11356 "-" "Mozilla/5.0 (Macintosh; Intel Mac OS X 10_8_4) AppleWebKit/537.36 (KHTML, like Gecko) Chrome/28.0.1500.71 Safari/537.36" 
14.215.176.11 - - [26/Jul/2018:16:13:15 -0700] "GET / HTTP/1.1" 200 11357 "http://www.baidu.com/s?wd=wheelars" "Mozilla/5.0 (Windows NT 6.1; WOW64; rv:43.0) Gecko/20100101 Firefox/43.0" 
54.36.149.70 - - [26/Jul/2018:16:17:59 -0700] "GET /self.logs/access.log.2017-04-21.gz HTTP/1.1" 200 22238 "-" "Mozilla/5.0 (compatible; AhrefsBot/5.2; +http://ahrefs.com/robot/)" 
91.35.43.178 - - [26/Jul/2018:16:21:42 -0700] "GET /wp-login.php HTTP/1.1" 418 732 "-" "Mozilla/5.0 (Windows NT 6.1; WOW64; rv:40.0) Gecko/20100101 Firefox/40.1" 
91.35.43.178 - - [26/Jul/2018:16:21:42 -0700] "GET / HTTP/1.1" 418 732 "-" "Mozilla/5.0 (Windows NT 6.1; WOW64; rv:40.0) Gecko/20100101 Firefox/40.1" 
205.186.176.12 - - [26/Jul/2018:16:24:50 -0700] "GET / HTTP/1.1" 200 38539 "-" "Mozilla/5.0 (Windows NT 6.1; WOW64) AppleWebKit/537.36 (KHTML, like Gecko) Chrome/33.0.1750.154 Safari/537.36" 
113.171.224.176 - - [26/Jul/2018:16:29:41 -0700] "GET /honeypot/Honeypot%20-%20Howto.pdf HTTP/1.1" 200 46720 "-" "Mozilla/5.0 Gecko/20100115 Firefox/3.6" 
113.171.224.176 - - [26/Jul/2018:16:29:41 -0700] "GET /honeypot/Honeypot%20-%20Howto.pdf HTTP/1.1" 200 46720 "-" "Mozilla/5.0 Gecko/20100115 Firefox/3.6" 
182.182.109.133 - - [26/Jul/2018:16:31:08 -0700] "GET /wp-login.php HTTP/1.1" 418 732 "-" "Mozilla/5.0 (Windows NT 6.1; WOW64; rv:40.0) Gecko/20100101 Firefox/40.1" 
182.182.109.133 - - [26/Jul/2018:16:31:09 -0700] "GET / HTTP/1.1" 418 732 "-" "Mozilla/5.0 (Windows NT 6.1; WOW64; rv:40.0) Gecko/20100101 Firefox/40.1" 
216.244.66.245 - - [26/Jul/2018:16:31:17 -0700] "GET /robots.txt HTTP/1.1" 200 233 "-" "Mozilla/5.0 (compatible; DotBot/1.1; http://www.opensiteexplorer.org/dotbot, help@moz.com)" 
123.125.143.31 - - [26/Jul/2018:16:32:39 -0700] "GET / HTTP/1.1" 301 483 "http://www.baidu.com/s?wd=atomic7u6" "Mozilla/5.0 (Windows NT 6.1; WOW64; rv:43.0) Gecko/20100101 Firefox/43.0" 
123.125.143.159 - - [26/Jul/2018:16:32:40 -0700] "GET / HTTP/1.1" 200 11357 "-" "Mozilla/5.0 (Windows NT 6.1; WOW64; rv:43.0) Gecko/20100101 Firefox/43.0" 
157.55.39.240 - - [26/Jul/2018:16:33:19 -0700] "GET /self.logs/error.log.2017-11-10.gz HTTP/1.1" 200 1548 "-" "Mozilla/5.0 (compatible; bingbot/2.0; +http://www.bing.com/bingbot.htm)" 
8.37.96.32 - - [26/Jul/2018:16:33:42 -0700] "GET / HTTP/1.1" 200 11357 "https://www.researchgate.net/" "Mozilla/5.0 (Macintosh; Intel Mac OS X 10_12_6) AppleWebKit/537.36 (KHTML, like Gecko) Chrome/67.0.3396.99 Safari/537.36" 
8.37.96.32 - - [26/Jul/2018:16:33:42 -0700] "GET /GitHub-Mark.png HTTP/1.1" 200 7428 "http://www.secrepo.com/" "Mozilla/5.0 (Macintosh; Intel Mac OS X 10_12_6) AppleWebKit/537.36 (KHTML, like Gecko) Chrome/67.0.3396.99 Safari/537.36" 
8.37.96.32 - - [26/Jul/2018:16:33:42 -0700] "GET /twitter-icon.png HTTP/1.1" 200 27787 "http://www.secrepo.com/" "Mozilla/5.0 (Macintosh; Intel Mac OS X 10_12_6) AppleWebKit/537.36 (KHTML, like Gecko) Chrome/67.0.3396.99 Safari/537.36" 
66.249.89.23 - - [26/Jul/2018:16:34:32 -0700] "GET / HTTP/1.1" 301 483 "-" "Mozilla/5.0 (Macintosh; Intel Mac OS X 10_8_4) AppleWebKit/537.36 (KHTML, like Gecko) Chrome/28.0.1500.71 Safari/537.36" 
66.249.89.92 - - [26/Jul/2018:16:34:33 -0700] "GET /&nbsp HTTP/1.1" 404 340 "-" "Mozilla/5.0 (Macintosh; Intel Mac OS X 10_8_4) AppleWebKit/537.36 (KHTML, like Gecko) Chrome/28.0.1500.71 Safari/537.36" 
66.249.89.94 - - [26/Jul/2018:16:34:34 -0700] "GET / HTTP/1.1" 200 11357 "-" "Mozilla/5.0 (Macintosh; Intel Mac OS X 10_8_4) AppleWebKit/537.36 (KHTML, like Gecko) Chrome/28.0.1500.71 Safari/537.36" 
66.249.89.66 - - [26/Jul/2018:16:34:34 -0700] "GET / HTTP/1.1" 200 11357 "-" "Mozilla/5.0 (Macintosh; Intel Mac OS X 10_8_4) AppleWebKit/537.36 (KHTML, like Gecko) Chrome/28.0.1500.71 Safari/537.36" 
66.249.89.66 - - [26/Jul/2018:16:34:35 -0700] "GET /&amp HTTP/1.1" 404 339 "-" "Mozilla/5.0 (Macintosh; Intel Mac OS X 10_8_4) AppleWebKit/537.36 (KHTML, like Gecko) Chrome/28.0.1500.71 Safari/537.36" 
66.249.89.94 - - [26/Jul/2018:16:34:35 -0700] "GET / HTTP/1.1" 200 11357 "-" "Mozilla/5.0 (Macintosh; Intel Mac OS X 10_8_4) AppleWebKit/537.36 (KHTML, like Gecko) Chrome/28.0.1500.71 Safari/537.36" 
66.249.89.92 - - [26/Jul/2018:16:34:36 -0700] "GET /&amp HTTP/1.1" 404 340 "-" "Mozilla/5.0 (Macintosh; Intel Mac OS X 10_8_4) AppleWebKit/537.36 (KHTML, like Gecko) Chrome/28.0.1500.71 Safari/537.36" 
14.115.104.176 - - [26/Jul/2018:16:35:11 -0700] "GET / HTTP/1.1" 200 38584 "-" "Python-urllib/2.7" 
216.244.66.245 - - [26/Jul/2018:16:38:32 -0700] "GET /self.logs/error.log.2018-01-20.gz HTTP/1.1" 200 1543 "-" "Mozilla/5.0 (compatible; DotBot/1.1; http://www.opensiteexplorer.org/dotbot, help@moz.com)" 
157.55.39.241 - - [26/Jul/2018:16:45:41 -0700] "GET /robots.txt HTTP/1.1" 200 334 "-" "Mozilla/5.0 (compatible; bingbot/2.0; +http://www.bing.com/bingbot.htm)" 
54.36.148.155 - - [26/Jul/2018:16:55:46 -0700] "GET /self.logs/2015/access.log.2015-04-09.gz HTTP/1.1" 200 3559 "-" "Mozilla/5.0 (compatible; AhrefsBot/5.2; +http://ahrefs.com/robot/)" 
54.36.148.204 - - [26/Jul/2018:16:56:52 -0700] "GET /self.logs/error.log.2015-01-19.gz HTTP/1.1" 404 284 "-" "Mozilla/5.0 (compatible; AhrefsBot/5.2; +http://ahrefs.com/robot/)" 
41.223.160.173 - - [26/Jul/2018:17:00:59 -0700] "GET /maccdc2012/dns.log.gz HTTP/1.1" 304 154 "-" "Mozilla/5.0 Gecko/20100115 Firefox/3.6" 
162.210.196.130 - - [26/Jul/2018:17:02:14 -0700] "GET /robots.txt HTTP/1.1" 200 289 "-" "Mozilla/5.0 (compatible; MJ12bot/v1.4.8; http://mj12bot.com/)" 
162.210.196.130 - - [26/Jul/2018:17:02:16 -0700] "GET / HTTP/1.1" 200 38539 "-" "Mozilla/5.0 (compatible; MJ12bot/v1.4.8; http://mj12bot.com/)" 
47.249.75.144 - - [26/Jul/2018:17:02:19 -0700] "GET / HTTP/1.1" 301 498 "-" "Mozilla/4.0 (compatible; Win32; WinHttp.WinHttpRequest.5)" 
