193.175.2.18 - - [04/Jan/2018:02:47:45 -0800] "GET / HTTP/1.1" 200 11061 "https://www.google.de/" "Mozilla/5.0 (Macintosh; Intel Mac OS X 10_12_6) AppleWebKit/604.4.7 (KHTML, like Gecko) Version/11.0.2 Safari/604.4.7" 
193.175.2.18 - - [04/Jan/2018:02:47:45 -0800] "GET /twitter-icon.png HTTP/1.1" 200 27787 "http://www.secrepo.com/" "Mozilla/5.0 (Macintosh; Intel Mac OS X 10_12_6) AppleWebKit/604.4.7 (KHTML, like Gecko) Version/11.0.2 Safari/604.4.7" 
193.175.2.18 - - [04/Jan/2018:02:47:46 -0800] "GET /GitHub-Mark.png HTTP/1.1" 200 7428 "http://www.secrepo.com/" "Mozilla/5.0 (Macintosh; Intel Mac OS X 10_12_6) AppleWebKit/604.4.7 (KHTML, like Gecko) Version/11.0.2 Safari/604.4.7" 
193.175.2.18 - - [04/Jan/2018:02:47:47 -0800] "GET /bootstrap/img/favicon.ico HTTP/1.1" 200 590 "http://www.secrepo.com/" "Mozilla/5.0 (Macintosh; Intel Mac OS X 10_12_6) AppleWebKit/604.4.7 (KHTML, like Gecko) Version/11.0.2 Safari/604.4.7" 
193.175.2.18 - - [04/Jan/2018:02:48:18 -0800] "GET /pe_static/apt1.zip HTTP/1.1" 200 1983328 "http://www.secrepo.com/" "Mozilla/5.0 (Macintosh; Intel Mac OS X 10_12_6) AppleWebKit/604.4.7 (KHTML, like Gecko) Version/11.0.2 Safari/604.4.7" 
183.3.239.162 - - [04/Jan/2018:02:53:10 -0800] "GET / HTTP/1.0" 200 37415 "-" "Mozilla/5.0 (compatible; MSIE 9.0; Windows NT 6.1; Trident/5.0)" 
61.151.218.118 - - [04/Jan/2018:02:54:10 -0800] "GET / HTTP/1.1" 200 11061 "-" "Mozilla/5.0 (Windows NT 6.1; WOW64; Trident/7.0; SLCC2; .NET CLR 2.0.50727; .NET CLR 3.5.30729; .NET CLR 3.0.30729; Media Center PC 6.0; .NET4.0C; .NET4.0E; InfoPath.3; rv:11.0) like Gecko" 
66.249.83.84 - - [04/Jan/2018:02:54:16 -0800] "GET / HTTP/1.1" 200 11061 "-" "Mozilla/5.0 (X11; Linux x86_64) AppleWebKit/537.36 (KHTML, like Gecko) Chrome/49.0.2623.75 Safari/537.36 Google Favicon" 
66.249.83.84 - - [04/Jan/2018:02:54:16 -0800] "GET /bootstrap/img/favicon.ico HTTP/1.1" 200 589 "-" "Mozilla/5.0 (X11; Linux x86_64) AppleWebKit/537.36 (KHTML, like Gecko) Chrome/49.0.2623.75 Safari/537.36 Google Favicon" 
85.93.91.84 - - [04/Jan/2018:02:55:03 -0800] "GET /robots.txt HTTP/1.0" 200 252 "-" "Mozilla/5.0 (compatible; DeuSu/5.0.2; +https://deusu.de/robot.html)" 
85.93.91.84 - - [04/Jan/2018:02:55:03 -0800] "GET /self.logs/2016/?C=N;O=D HTTP/1.0" 200 70697 "-" "Mozilla/5.0 (compatible; DeuSu/5.0.2; +https://deusu.de/robot.html)" 
216.244.66.227 - - [04/Jan/2018:02:55:30 -0800] "GET /robots.txt HTTP/1.1" 200 233 "-" "Mozilla/5.0 (compatible; DotBot/1.1; http://www.opensiteexplorer.org/dotbot, help@moz.com)" 
131.236.13.192 - - [04/Jan/2018:02:56:19 -0800] "GET / HTTP/1.1" 200 11061 "https://www.google.com.au/" "Mozilla/5.0 (Windows NT 6.1; Win64; x64) AppleWebKit/537.36 (KHTML, like Gecko) Chrome/58.0.3029.96 Safari/537.36" 
131.236.13.192 - - [04/Jan/2018:02:56:24 -0800] "GET /twitter-icon.png HTTP/1.1" 200 27788 "http://www.secrepo.com/" "Mozilla/5.0 (Windows NT 6.1; Win64; x64) AppleWebKit/537.36 (KHTML, like Gecko) Chrome/58.0.3029.96 Safari/537.36" 
131.236.13.192 - - [04/Jan/2018:02:56:24 -0800] "GET /GitHub-Mark.png HTTP/1.1" 200 7428 "http://www.secrepo.com/" "Mozilla/5.0 (Windows NT 6.1; Win64; x64) AppleWebKit/537.36 (KHTML, like Gecko) Chrome/58.0.3029.96 Safari/537.36" 
54.36.148.168 - - [04/Jan/2018:02:56:25 -0800] "GET /self.logs/access.log.2016-05-19.gz HTTP/1.1" 404 284 "-" "Mozilla/5.0 (compatible; AhrefsBot/5.2; +http://ahrefs.com/robot/)" 
131.236.13.192 - - [04/Jan/2018:02:56:26 -0800] "GET /bootstrap/img/favicon.ico HTTP/1.1" 200 590 "http://www.secrepo.com/" "Mozilla/5.0 (Windows NT 6.1; Win64; x64) AppleWebKit/537.36 (KHTML, like Gecko) Chrome/58.0.3029.96 Safari/537.36" 
197.156.104.113 - - [04/Jan/2018:02:57:55 -0800] "GET / HTTP/1.1" 304 189 "-" "Mozilla/4.0 (compatible; MSIE 8.0; Windows NT 6.1; Trident/4.0; SLCC2; .NET CLR 2.0.50727; .NET CLR 3.5.30729; .NET CLR 3.0.30729; Media Center PC 6.0; .NET4.0C; .NET4.0E; InfoPath.3)" 
197.156.104.113 - - [04/Jan/2018:02:57:56 -0800] "GET /twitter-icon.png HTTP/1.1" 304 165 "http://www.secrepo.com/" "Mozilla/4.0 (compatible; MSIE 8.0; Windows NT 6.1; Trident/4.0; SLCC2; .NET CLR 2.0.50727; .NET CLR 3.5.30729; .NET CLR 3.0.30729; Media Center PC 6.0; .NET4.0C; .NET4.0E; InfoPath.3)" 
197.156.104.113 - - [04/Jan/2018:02:57:56 -0800] "GET /GitHub-Mark.png HTTP/1.1" 304 166 "http://www.secrepo.com/" "Mozilla/4.0 (compatible; MSIE 8.0; Windows NT 6.1; Trident/4.0; SLCC2; .NET CLR 2.0.50727; .NET CLR 3.5.30729; .NET CLR 3.0.30729; Media Center PC 6.0; .NET4.0C; .NET4.0E; InfoPath.3)" 
120.29.77.109 - - [04/Jan/2018:03:05:43 -0800] "GET /wp-login.php HTTP/1.1" 404 295 "-" "Mozilla/5.0 (Windows NT 6.1; WOW64; rv:40.0) Gecko/20100101 Firefox/40.1" 
120.29.77.109 - - [04/Jan/2018:03:05:49 -0800] "GET /wp-login.php HTTP/1.1" 404 295 "-" "Mozilla/5.0 (Windows NT 6.1; WOW64; rv:40.0) Gecko/20100101 Firefox/40.1" 
120.29.77.109 - - [04/Jan/2018:03:05:55 -0800] "GET / HTTP/1.1" 200 37415 "-" "Mozilla/5.0 (Windows NT 6.1; WOW64; rv:40.0) Gecko/20100101 Firefox/40.1" 
213.231.159.241 - - [04/Jan/2018:03:07:54 -0800] "GET /wp-login.php HTTP/1.1" 404 295 "-" "Mozilla/5.0 (Windows NT 6.1; WOW64; rv:40.0) Gecko/20100101 Firefox/40.1" 
213.231.159.241 - - [04/Jan/2018:03:07:59 -0800] "GET /wp-login.php HTTP/1.1" 404 295 "-" "Mozilla/5.0 (Windows NT 6.1; WOW64; rv:40.0) Gecko/20100101 Firefox/40.1" 
213.231.159.241 - - [04/Jan/2018:03:08:04 -0800] "GET / HTTP/1.1" 200 37415 "-" "Mozilla/5.0 (Windows NT 6.1; WOW64; rv:40.0) Gecko/20100101 Firefox/40.1" 
177.130.113.240 - - [04/Jan/2018:03:14:47 -0800] "GET / HTTP/1.1" 200 11061 "https://www.google.com.br/" "Mozilla/5.0 (Windows NT 6.1; Win64; x64) AppleWebKit/537.36 (KHTML, like Gecko) Chrome/63.0.3239.108 Safari/537.36" 
177.130.113.240 - - [04/Jan/2018:03:14:47 -0800] "GET /twitter-icon.png HTTP/1.1" 200 27787 "http://www.secrepo.com/" "Mozilla/5.0 (Windows NT 6.1; Win64; x64) AppleWebKit/537.36 (KHTML, like Gecko) Chrome/63.0.3239.108 Safari/537.36" 
177.130.114.26 - - [04/Jan/2018:03:14:47 -0800] "GET /GitHub-Mark.png HTTP/1.1" 200 7428 "http://www.secrepo.com/" "Mozilla/5.0 (Windows NT 6.1; Win64; x64) AppleWebKit/537.36 (KHTML, like Gecko) Chrome/63.0.3239.108 Safari/537.36" 
177.130.114.26 - - [04/Jan/2018:03:15:00 -0800] "GET /bootstrap/img/favicon.ico HTTP/1.1" 200 590 "http://www.secrepo.com/" "Mozilla/5.0 (Windows NT 6.1; Win64; x64) AppleWebKit/537.36 (KHTML, like Gecko) Chrome/63.0.3239.108 Safari/537.36" 
49.144.148.129 - - [04/Jan/2018:03:17:47 -0800] "GET /wp-login.php HTTP/1.1" 404 295 "-" "Mozilla/5.0 (Windows NT 6.1; WOW64; rv:40.0) Gecko/20100101 Firefox/40.1" 
49.144.148.129 - - [04/Jan/2018:03:17:53 -0800] "GET /wp-login.php HTTP/1.1" 404 295 "-" "Mozilla/5.0 (Windows NT 6.1; WOW64; rv:40.0) Gecko/20100101 Firefox/40.1" 
49.144.148.129 - - [04/Jan/2018:03:17:59 -0800] "GET / HTTP/1.1" 200 37415 "-" "Mozilla/5.0 (Windows NT 6.1; WOW64; rv:40.0) Gecko/20100101 Firefox/40.1" 
54.36.148.144 - - [04/Jan/2018:03:20:04 -0800] "GET /self.logs/2016/access.log.2016-07-31.gz HTTP/1.1" 200 7105 "-" "Mozilla/5.0 (compatible; AhrefsBot/5.2; +http://ahrefs.com/robot/)" 
213.231.159.241 - - [04/Jan/2018:03:21:45 -0800] "GET /wp-login.php HTTP/1.1" 301 522 "-" "Mozilla/5.0 (Windows NT 6.1; WOW64; rv:40.0) Gecko/20100101 Firefox/40.1" 
213.231.159.241 - - [04/Jan/2018:03:21:46 -0800] "GET /wp-login.php HTTP/1.1" 404 295 "-" "Mozilla/5.0 (Windows NT 6.1; WOW64; rv:40.0) Gecko/20100101 Firefox/40.1" 
213.231.159.241 - - [04/Jan/2018:03:21:51 -0800] "GET /wp-login.php HTTP/1.1" 301 522 "-" "Mozilla/5.0 (Windows NT 6.1; WOW64; rv:40.0) Gecko/20100101 Firefox/40.1" 
213.231.159.241 - - [04/Jan/2018:03:21:52 -0800] "GET /wp-login.php HTTP/1.1" 404 295 "-" "Mozilla/5.0 (Windows NT 6.1; WOW64; rv:40.0) Gecko/20100101 Firefox/40.1" 
213.231.159.241 - - [04/Jan/2018:03:21:57 -0800] "GET / HTTP/1.1" 301 498 "-" "Mozilla/5.0 (Windows NT 6.1; WOW64; rv:40.0) Gecko/20100101 Firefox/40.1" 
213.231.159.241 - - [04/Jan/2018:03:21:57 -0800] "GET / HTTP/1.1" 200 37415 "-" "Mozilla/5.0 (Windows NT 6.1; WOW64; rv:40.0) Gecko/20100101 Firefox/40.1" 
54.36.148.162 - - [04/Jan/2018:03:22:06 -0800] "GET /self.logs/2015/error.log.2015-08-01.gz HTTP/1.1" 200 651 "-" "Mozilla/5.0 (compatible; AhrefsBot/5.2; +http://ahrefs.com/robot/)" 
216.244.66.227 - - [04/Jan/2018:03:22:33 -0800] "GET /robots.txt HTTP/1.1" 200 233 "-" "Mozilla/5.0 (compatible; DotBot/1.1; http://www.opensiteexplorer.org/dotbot, help@moz.com)" 
82.117.254.10 - - [04/Jan/2018:03:22:47 -0800] "GET / HTTP/1.1" 200 11061 "https://www.google.com.ua/" "Mozilla/5.0 (Windows NT 10.0; Win64; x64) AppleWebKit/537.36 (KHTML, like Gecko) Chrome/63.0.3239.84 Safari/537.36" 
82.117.254.10 - - [04/Jan/2018:03:22:50 -0800] "GET /twitter-icon.png HTTP/1.1" 200 27788 "http://www.secrepo.com/" "Mozilla/5.0 (Windows NT 10.0; Win64; x64) AppleWebKit/537.36 (KHTML, like Gecko) Chrome/63.0.3239.84 Safari/537.36" 
82.117.254.10 - - [04/Jan/2018:03:22:50 -0800] "GET /GitHub-Mark.png HTTP/1.1" 200 7428 "http://www.secrepo.com/" "Mozilla/5.0 (Windows NT 10.0; Win64; x64) AppleWebKit/537.36 (KHTML, like Gecko) Chrome/63.0.3239.84 Safari/537.36" 
82.117.254.10 - - [04/Jan/2018:03:22:53 -0800] "GET /bootstrap/img/favicon.ico HTTP/1.1" 200 590 "http://www.secrepo.com/" "Mozilla/5.0 (Windows NT 10.0; Win64; x64) AppleWebKit/537.36 (KHTML, like Gecko) Chrome/63.0.3239.84 Safari/537.36" 
40.77.167.95 - - [04/Jan/2018:03:28:04 -0800] "GET /self.logs/access.log.2016-09-16.gz HTTP/1.1" 404 340 "-" "Mozilla/5.0 (compatible; bingbot/2.0; +http://www.bing.com/bingbot.htm)" 
190.183.76.128 - - [04/Jan/2018:03:28:07 -0800] "GET /wp-login.php HTTP/1.1" 404 295 "-" "Mozilla/5.0 (Windows NT 6.1; WOW64; rv:40.0) Gecko/20100101 Firefox/40.1" 
190.183.76.128 - - [04/Jan/2018:03:28:12 -0800] "GET /wp-login.php HTTP/1.1" 404 295 "-" "Mozilla/5.0 (Windows NT 6.1; WOW64; rv:40.0) Gecko/20100101 Firefox/40.1" 
190.183.76.128 - - [04/Jan/2018:03:28:17 -0800] "GET / HTTP/1.1" 200 37415 "-" "Mozilla/5.0 (Windows NT 6.1; WOW64; rv:40.0) Gecko/20100101 Firefox/40.1" 
190.183.76.128 - - [04/Jan/2018:03:29:11 -0800] "GET /wp-login.php HTTP/1.1" 301 522 "-" "Mozilla/5.0 (Windows NT 6.1; WOW64; rv:40.0) Gecko/20100101 Firefox/40.1" 
190.183.76.128 - - [04/Jan/2018:03:29:11 -0800] "GET /wp-login.php HTTP/1.1" 404 295 "-" "Mozilla/5.0 (Windows NT 6.1; WOW64; rv:40.0) Gecko/20100101 Firefox/40.1" 
190.183.76.128 - - [04/Jan/2018:03:29:16 -0800] "GET /wp-login.php HTTP/1.1" 301 522 "-" "Mozilla/5.0 (Windows NT 6.1; WOW64; rv:40.0) Gecko/20100101 Firefox/40.1" 
190.183.76.128 - - [04/Jan/2018:03:29:17 -0800] "GET /wp-login.php HTTP/1.1" 404 295 "-" "Mozilla/5.0 (Windows NT 6.1; WOW64; rv:40.0) Gecko/20100101 Firefox/40.1" 
190.183.76.128 - - [04/Jan/2018:03:29:22 -0800] "GET / HTTP/1.1" 301 498 "-" "Mozilla/5.0 (Windows NT 6.1; WOW64; rv:40.0) Gecko/20100101 Firefox/40.1" 
190.183.76.128 - - [04/Jan/2018:03:29:23 -0800] "GET / HTTP/1.1" 200 37415 "-" "Mozilla/5.0 (Windows NT 6.1; WOW64; rv:40.0) Gecko/20100101 Firefox/40.1" 
111.93.146.90 - - [04/Jan/2018:03:31:41 -0800] "GET / HTTP/1.1" 200 11061 "https://www.google.co.in/" "Mozilla/5.0 (Windows NT 10.0; Win64; x64) AppleWebKit/537.36 (KHTML, like Gecko) Chrome/63.0.3239.84 Safari/537.36" 
111.93.146.90 - - [04/Jan/2018:03:31:42 -0800] "GET /twitter-icon.png HTTP/1.1" 200 27787 "http://www.secrepo.com/" "Mozilla/5.0 (Windows NT 10.0; Win64; x64) AppleWebKit/537.36 (KHTML, like Gecko) Chrome/63.0.3239.84 Safari/537.36" 
111.93.146.90 - - [04/Jan/2018:03:31:42 -0800] "GET /GitHub-Mark.png HTTP/1.1" 200 7428 "http://www.secrepo.com/" "Mozilla/5.0 (Windows NT 10.0; Win64; x64) AppleWebKit/537.36 (KHTML, like Gecko) Chrome/63.0.3239.84 Safari/537.36" 
111.93.146.90 - - [04/Jan/2018:03:31:45 -0800] "GET /bootstrap/img/favicon.ico HTTP/1.1" 200 590 "http://www.secrepo.com/" "Mozilla/5.0 (Windows NT 10.0; Win64; x64) AppleWebKit/537.36 (KHTML, like Gecko) Chrome/63.0.3239.84 Safari/537.36" 
111.93.146.90 - - [04/Jan/2018:03:31:52 -0800] "GET /maccdc2012/ssl.log.gz HTTP/1.1" 200 1313675 "-" "Mozilla/5.0 (Windows NT 10.0; Win64; x64) AppleWebKit/537.36 (KHTML, like Gecko) Chrome/63.0.3239.84 Safari/537.36" 
52.27.2.86 - - [04/Jan/2018:03:33:20 -0800] "GET / HTTP/1.1" 200 37359 "-" "Mozilla/4.0 (compatible; MSIE 8.0; Windows NT 5.1; Trident/4.0)" 
24.135.128.140 - - [04/Jan/2018:03:36:57 -0800] "GET / HTTP/1.1" 200 11061 "https://www.google.rs/" "Mozilla/5.0 (Windows NT 10.0; Win64; x64) AppleWebKit/537.36 (KHTML, like Gecko) Chrome/62.0.3202.94 Safari/537.36 OPR/49.0.2725.64" 
24.135.128.140 - - [04/Jan/2018:03:36:57 -0800] "GET /GitHub-Mark.png HTTP/1.1" 200 7428 "http://www.secrepo.com/" "Mozilla/5.0 (Windows NT 10.0; Win64; x64) AppleWebKit/537.36 (KHTML, like Gecko) Chrome/62.0.3202.94 Safari/537.36 OPR/49.0.2725.64" 
24.135.128.140 - - [04/Jan/2018:03:36:57 -0800] "GET /twitter-icon.png HTTP/1.1" 200 27787 "http://www.secrepo.com/" "Mozilla/5.0 (Windows NT 10.0; Win64; x64) AppleWebKit/537.36 (KHTML, like Gecko) Chrome/62.0.3202.94 Safari/537.36 OPR/49.0.2725.64" 
24.135.128.140 - - [04/Jan/2018:03:36:58 -0800] "GET /bootstrap/img/favicon.ico HTTP/1.1" 200 589 "http://www.secrepo.com/" "Mozilla/5.0 (Windows NT 10.0; Win64; x64) AppleWebKit/537.36 (KHTML, like Gecko) Chrome/62.0.3202.94 Safari/537.36 OPR/49.0.2725.64" 
114.251.228.131 - - [04/Jan/2018:03:37:16 -0800] "GET / HTTP/1.1" 200 11061 "-" "Mozilla/5.0 (Windows NT 6.1; Win64; x64) AppleWebKit/537.36 (KHTML, like Gecko) Chrome/63.0.3239.84 Safari/537.36" 
114.251.228.131 - - [04/Jan/2018:03:37:16 -0800] "GET /GitHub-Mark.png HTTP/1.1" 200 7428 "http://www.secrepo.com/" "Mozilla/5.0 (Windows NT 6.1; Win64; x64) AppleWebKit/537.36 (KHTML, like Gecko) Chrome/63.0.3239.84 Safari/537.36" 
114.251.228.131 - - [04/Jan/2018:03:37:16 -0800] "GET /twitter-icon.png HTTP/1.1" 200 27787 "http://www.secrepo.com/" "Mozilla/5.0 (Windows NT 6.1; Win64; x64) AppleWebKit/537.36 (KHTML, like Gecko) Chrome/63.0.3239.84 Safari/537.36" 
114.251.228.131 - - [04/Jan/2018:03:37:31 -0800] "GET /auth.log/auth.log.gz HTTP/1.1" 200 554524 "-" "Mozilla/5.0 (Windows NT 6.1; Win64; x64) AppleWebKit/537.36 (KHTML, like Gecko) Chrome/63.0.3239.84 Safari/537.36" 
114.251.228.131 - - [04/Jan/2018:03:37:40 -0800] "GET /bootstrap/img/favicon.ico HTTP/1.1" 200 590 "http://www.secrepo.com/" "Mozilla/5.0 (Windows NT 6.1; Win64; x64) AppleWebKit/537.36 (KHTML, like Gecko) Chrome/63.0.3239.84 Safari/537.36" 
2.238.149.9 - - [04/Jan/2018:03:37:51 -0800] "GET / HTTP/1.1" 304 189 "-" "Mozilla/5.0 (Macintosh; Intel Mac OS X 10_13_2) AppleWebKit/604.4.7 (KHTML, like Gecko) Version/11.0.2 Safari/604.4.7" 
2.238.149.9 - - [04/Jan/2018:03:37:51 -0800] "GET /twitter-icon.png HTTP/1.1" 200 27787 "http://www.secrepo.com/" "Mozilla/5.0 (Macintosh; Intel Mac OS X 10_13_2) AppleWebKit/604.4.7 (KHTML, like Gecko) Version/11.0.2 Safari/604.4.7" 
2.238.149.9 - - [04/Jan/2018:03:37:52 -0800] "GET /GitHub-Mark.png HTTP/1.1" 200 7428 "http://www.secrepo.com/" "Mozilla/5.0 (Macintosh; Intel Mac OS X 10_13_2) AppleWebKit/604.4.7 (KHTML, like Gecko) Version/11.0.2 Safari/604.4.7" 
40.77.167.187 - - [04/Jan/2018:03:42:47 -0800] "GET /self.logs/error.log.2017-09-25.gz HTTP/1.1" 200 1829 "-" "Mozilla/5.0 (compatible; bingbot/2.0; +http://www.bing.com/bingbot.htm)" 
89.64.23.114 - - [04/Jan/2018:03:53:12 -0800] "GET /wp-login.php HTTP/1.1" 404 295 "-" "Mozilla/5.0 (Windows NT 6.1; WOW64; rv:40.0) Gecko/20100101 Firefox/40.1" 
89.64.23.114 - - [04/Jan/2018:03:53:17 -0800] "GET /wp-login.php HTTP/1.1" 404 295 "-" "Mozilla/5.0 (Windows NT 6.1; WOW64; rv:40.0) Gecko/20100101 Firefox/40.1" 
89.64.23.114 - - [04/Jan/2018:03:53:22 -0800] "GET / HTTP/1.1" 200 37415 "-" "Mozilla/5.0 (Windows NT 6.1; WOW64; rv:40.0) Gecko/20100101 Firefox/40.1" 
54.36.148.232 - - [04/Jan/2018:03:53:54 -0800] "GET /self.logs/access.log.2015-12-11.gz HTTP/1.1" 404 284 "-" "Mozilla/5.0 (compatible; AhrefsBot/5.2; +http://ahrefs.com/robot/)" 
216.244.66.227 - - [04/Jan/2018:03:55:51 -0800] "GET /robots.txt HTTP/1.1" 200 233 "-" "Mozilla/5.0 (compatible; DotBot/1.1; http://www.opensiteexplorer.org/dotbot, help@moz.com)" 
54.36.148.127 - - [04/Jan/2018:03:55:56 -0800] "GET /self.logs/access.log.2017-09-30.gz HTTP/1.1" 200 19241 "-" "Mozilla/5.0 (compatible; AhrefsBot/5.2; +http://ahrefs.com/robot/)" 
31.180.129.207 - - [04/Jan/2018:04:05:16 -0800] "GET /wp-login.php HTTP/1.1" 404 295 "-" "Mozilla/5.0 (Windows NT 6.1; WOW64; rv:40.0) Gecko/20100101 Firefox/40.1" 
31.180.129.207 - - [04/Jan/2018:04:05:21 -0800] "GET /wp-login.php HTTP/1.1" 404 295 "-" "Mozilla/5.0 (Windows NT 6.1; WOW64; rv:40.0) Gecko/20100101 Firefox/40.1" 
31.180.129.207 - - [04/Jan/2018:04:05:26 -0800] "GET / HTTP/1.1" 200 37415 "-" "Mozilla/5.0 (Windows NT 6.1; WOW64; rv:40.0) Gecko/20100101 Firefox/40.1" 
177.130.113.240 - - [04/Jan/2018:03:17:59 -0800] "GET /maccdc2012/conn.log.gz HTTP/1.1" 200 551041635 "-" "Mozilla/5.0 (Windows NT 6.1; Win64; x64) AppleWebKit/537.36 (KHTML, like Gecko) Chrome/63.0.3239.108 Safari/537.36" 
54.36.148.84 - - [04/Jan/2018:04:07:58 -0800] "GET /self.logs/2016/error.log.2016-08-05.gz HTTP/1.1" 200 2253 "-" "Mozilla/5.0 (compatible; AhrefsBot/5.2; +http://ahrefs.com/robot/)" 
78.24.111.225 - - [04/Jan/2018:04:09:30 -0800] "GET / HTTP/1.1" 200 11061 "-" "Mozilla/5.0 (Windows NT 10.0; Win64; x64) AppleWebKit/537.36 (KHTML, like Gecko) Chrome/63.0.3239.84 Safari/537.36" 
78.24.111.225 - - [04/Jan/2018:04:09:31 -0800] "GET /twitter-icon.png HTTP/1.1" 200 27787 "http://www.secrepo.com/" "Mozilla/5.0 (Windows NT 10.0; Win64; x64) AppleWebKit/537.36 (KHTML, like Gecko) Chrome/63.0.3239.84 Safari/537.36" 
78.24.111.225 - - [04/Jan/2018:04:09:31 -0800] "GET /GitHub-Mark.png HTTP/1.1" 200 7428 "http://www.secrepo.com/" "Mozilla/5.0 (Windows NT 10.0; Win64; x64) AppleWebKit/537.36 (KHTML, like Gecko) Chrome/63.0.3239.84 Safari/537.36" 
78.24.111.225 - - [04/Jan/2018:04:09:31 -0800] "GET /bootstrap/img/favicon.ico HTTP/1.1" 200 589 "http://www.secrepo.com/" "Mozilla/5.0 (Windows NT 10.0; Win64; x64) AppleWebKit/537.36 (KHTML, like Gecko) Chrome/63.0.3239.84 Safari/537.36" 
54.36.148.182 - - [04/Jan/2018:04:13:27 -0800] "GET /self.logs/error.log.2015-03-11.gz HTTP/1.1" 404 284 "-" "Mozilla/5.0 (compatible; AhrefsBot/5.2; +http://ahrefs.com/robot/)" 
190.5.48.240 - - [04/Jan/2018:04:20:38 -0800] "GET /wp-login.php HTTP/1.1" 404 295 "-" "Mozilla/5.0 (Windows NT 6.1; WOW64; rv:40.0) Gecko/20100101 Firefox/40.1" 
190.5.48.240 - - [04/Jan/2018:04:20:44 -0800] "GET /wp-login.php HTTP/1.1" 404 295 "-" "Mozilla/5.0 (Windows NT 6.1; WOW64; rv:40.0) Gecko/20100101 Firefox/40.1" 
190.5.48.240 - - [04/Jan/2018:04:20:49 -0800] "GET / HTTP/1.1" 200 37415 "-" "Mozilla/5.0 (Windows NT 6.1; WOW64; rv:40.0) Gecko/20100101 Firefox/40.1" 
222.211.225.198 - - [04/Jan/2018:04:21:20 -0800] "GET /favicon.ico HTTP/1.1" 200 268 "-" "Mozilla/5.0 (Windows NT 6.1; WOW64) AppleWebKit/537.36 (KHTML, like Gecko) Chrome/55.0.2883.87 Safari/537.36" 
50.243.99.17 - - [04/Jan/2018:04:24:11 -0800] "GET /self.logs/ HTTP/1.0" 200 7441 "http://www.secrepo.com/" "Mozilla/5.0 (Windows NT 5.1; rv:31.0) Gecko/20100101 Firefox/31.0" 
120.82.94.171 - - [04/Jan/2018:04:24:19 -0800] "GET / HTTP/1.1" 200 11024 "-" "Mozilla/5.0 (Windows NT 10.0; Win64; x64) AppleWebKit/537.36 (KHTML, like Gecko) Chrome/63.0.3239.108 Safari/537.36" 
120.82.94.171 - - [04/Jan/2018:04:24:34 -0800] "GET /twitter-icon.png HTTP/1.1" 200 27751 "http://www.secrepo.com/" "Mozilla/5.0 (Windows NT 10.0; Win64; x64) AppleWebKit/537.36 (KHTML, like Gecko) Chrome/63.0.3239.108 Safari/537.36" 
120.82.94.171 - - [04/Jan/2018:04:24:37 -0800] "GET /GitHub-Mark.png HTTP/1.1" 200 7391 "http://www.secrepo.com/" "Mozilla/5.0 (Windows NT 10.0; Win64; x64) AppleWebKit/537.36 (KHTML, like Gecko) Chrome/63.0.3239.108 Safari/537.36" 
120.82.94.171 - - [04/Jan/2018:04:24:41 -0800] "GET /bootstrap/img/favicon.ico HTTP/1.1" 200 553 "http://www.secrepo.com/" "Mozilla/5.0 (Windows NT 10.0; Win64; x64) AppleWebKit/537.36 (KHTML, like Gecko) Chrome/63.0.3239.108 Safari/537.36" 
120.82.94.171 - - [04/Jan/2018:04:26:23 -0800] "GET / HTTP/1.1" 304 152 "-" "Mozilla/5.0 (Windows NT 10.0; Win64; x64) AppleWebKit/537.36 (KHTML, like Gecko) Chrome/63.0.3239.108 Safari/537.36" 
120.82.94.171 - - [04/Jan/2018:04:26:55 -0800] "GET /bootstrap/img/favicon.ico HTTP/1.1" 200 553 "http://www.secrepo.com/" "Mozilla/5.0 (Windows NT 10.0; Win64; x64) AppleWebKit/537.36 (KHTML, like Gecko) Chrome/63.0.3239.108 Safari/537.36" 
120.82.94.171 - - [04/Jan/2018:04:27:45 -0800] "GET / HTTP/1.1" 304 152 "-" "Mozilla/5.0 (Windows NT 10.0; Win64; x64) AppleWebKit/537.36 (KHTML, like Gecko) Chrome/63.0.3239.108 Safari/537.36" 
120.82.94.171 - - [04/Jan/2018:04:27:47 -0800] "GET /bootstrap/img/favicon.ico HTTP/1.1" 200 553 "http://www.secrepo.com/" "Mozilla/5.0 (Windows NT 10.0; Win64; x64) AppleWebKit/537.36 (KHTML, like Gecko) Chrome/63.0.3239.108 Safari/537.36" 
216.244.66.227 - - [04/Jan/2018:04:27:48 -0800] "GET /robots.txt HTTP/1.1" 200 233 "-" "Mozilla/5.0 (compatible; DotBot/1.1; http://www.opensiteexplorer.org/dotbot, help@moz.com)" 
31.180.129.207 - - [04/Jan/2018:04:33:58 -0800] "GET /wp-login.php HTTP/1.1" 301 522 "-" "Mozilla/5.0 (Windows NT 6.1; WOW64; rv:40.0) Gecko/20100101 Firefox/40.1" 
31.180.129.207 - - [04/Jan/2018:04:33:59 -0800] "GET /wp-login.php HTTP/1.1" 404 295 "-" "Mozilla/5.0 (Windows NT 6.1; WOW64; rv:40.0) Gecko/20100101 Firefox/40.1" 
31.180.129.207 - - [04/Jan/2018:04:34:04 -0800] "GET /wp-login.php HTTP/1.1" 301 522 "-" "Mozilla/5.0 (Windows NT 6.1; WOW64; rv:40.0) Gecko/20100101 Firefox/40.1" 
31.180.129.207 - - [04/Jan/2018:04:34:04 -0800] "GET /wp-login.php HTTP/1.1" 404 295 "-" "Mozilla/5.0 (Windows NT 6.1; WOW64; rv:40.0) Gecko/20100101 Firefox/40.1" 
31.180.129.207 - - [04/Jan/2018:04:34:10 -0800] "GET / HTTP/1.1" 301 498 "-" "Mozilla/5.0 (Windows NT 6.1; WOW64; rv:40.0) Gecko/20100101 Firefox/40.1" 
31.180.129.207 - - [04/Jan/2018:04:34:10 -0800] "GET / HTTP/1.1" 200 37415 "-" "Mozilla/5.0 (Windows NT 6.1; WOW64; rv:40.0) Gecko/20100101 Firefox/40.1" 
54.36.148.247 - - [04/Jan/2018:04:37:44 -0800] "GET /self.logs/2015/access.log.2015-08-06.gz HTTP/1.1" 200 6110 "-" "Mozilla/5.0 (compatible; AhrefsBot/5.2; +http://ahrefs.com/robot/)" 
61.68.172.145 - - [04/Jan/2018:04:37:57 -0800] "GET / HTTP/1.1" 200 11061 "-" "Mozilla/5.0 (Windows NT 6.1; WOW64) AppleWebKit/537.36 (KHTML, like Gecko) Chrome/63.0.3239.84 Safari/537.36" 
61.68.172.145 - - [04/Jan/2018:04:37:58 -0800] "GET /twitter-icon.png HTTP/1.1" 200 27787 "http://www.secrepo.com/" "Mozilla/5.0 (Windows NT 6.1; WOW64) AppleWebKit/537.36 (KHTML, like Gecko) Chrome/63.0.3239.84 Safari/537.36" 
61.68.172.145 - - [04/Jan/2018:04:37:58 -0800] "GET /GitHub-Mark.png HTTP/1.1" 200 7428 "http://www.secrepo.com/" "Mozilla/5.0 (Windows NT 6.1; WOW64) AppleWebKit/537.36 (KHTML, like Gecko) Chrome/63.0.3239.84 Safari/537.36" 
61.68.172.145 - - [04/Jan/2018:04:37:59 -0800] "GET /bootstrap/img/favicon.ico HTTP/1.1" 200 589 "http://www.secrepo.com/" "Mozilla/5.0 (Windows NT 6.1; WOW64) AppleWebKit/537.36 (KHTML, like Gecko) Chrome/63.0.3239.84 Safari/537.36" 
64.102.249.13 - - [04/Jan/2018:04:39:22 -0800] "GET /bootstrap/img/favicon.ico HTTP/1.1" 200 590 "-" "Mozilla/5.0 (Macintosh; Intel Mac OS X 10.12; rv:57.0) Gecko/20100101 Firefox/57.0" 
146.64.8.10 - - [04/Jan/2018:04:43:59 -0800] "GET / HTTP/1.1" 200 11061 "-" "Mozilla/5.0 (X11; Linux x86_64; rv:57.0) Gecko/20100101 Firefox/57.0" 
172.56.26.182 - - [04/Jan/2018:04:43:59 -0800] "GET / HTTP/1.1" 200 11061 "https://www.google.com/" "Mozilla/5.0 (Linux; Android 8.1.0; Pixel 2 XL Build/OPM1.171019.011) AppleWebKit/537.36 (KHTML, like Gecko) Chrome/63.0.3239.111 Mobile Safari/537.36" 
146.64.8.10 - - [04/Jan/2018:04:44:00 -0800] "GET /twitter-icon.png HTTP/1.1" 200 27787 "http://www.secrepo.com/" "Mozilla/5.0 (X11; Linux x86_64; rv:57.0) Gecko/20100101 Firefox/57.0" 
172.56.26.182 - - [04/Jan/2018:04:44:00 -0800] "GET /GitHub-Mark.png HTTP/1.1" 200 7428 "http://www.secrepo.com/" "Mozilla/5.0 (Linux; Android 8.1.0; Pixel 2 XL Build/OPM1.171019.011) AppleWebKit/537.36 (KHTML, like Gecko) Chrome/63.0.3239.111 Mobile Safari/537.36" 
172.56.26.182 - - [04/Jan/2018:04:44:00 -0800] "GET /twitter-icon.png HTTP/1.1" 200 27787 "http://www.secrepo.com/" "Mozilla/5.0 (Linux; Android 8.1.0; Pixel 2 XL Build/OPM1.171019.011) AppleWebKit/537.36 (KHTML, like Gecko) Chrome/63.0.3239.111 Mobile Safari/537.36" 
146.64.8.10 - - [04/Jan/2018:04:44:00 -0800] "GET /GitHub-Mark.png HTTP/1.1" 200 7428 "http://www.secrepo.com/" "Mozilla/5.0 (X11; Linux x86_64; rv:57.0) Gecko/20100101 Firefox/57.0" 
172.56.26.182 - - [04/Jan/2018:04:44:01 -0800] "GET /bootstrap/img/favicon.ico HTTP/1.1" 200 589 "http://www.secrepo.com/" "Mozilla/5.0 (Linux; Android 8.1.0; Pixel 2 XL Build/OPM1.171019.011) AppleWebKit/537.36 (KHTML, like Gecko) Chrome/63.0.3239.111 Mobile Safari/537.36" 
146.64.8.10 - - [04/Jan/2018:04:44:12 -0800] "GET /bootstrap/img/favicon.ico HTTP/1.1" 200 590 "-" "Mozilla/5.0 (X11; Linux x86_64; rv:57.0) Gecko/20100101 Firefox/57.0" 
54.36.148.45 - - [04/Jan/2018:04:51:31 -0800] "GET /self.logs/access.log.2017-09-01.gz HTTP/1.1" 200 22705 "-" "Mozilla/5.0 (compatible; AhrefsBot/5.2; +http://ahrefs.com/robot/)" 
146.64.8.10 - - [04/Jan/2018:04:44:17 -0800] "GET /pe_static/zeus.zip HTTP/1.1" 200 51367111 "http://www.secrepo.com/" "Mozilla/5.0 (X11; Linux x86_64; rv:57.0) Gecko/20100101 Firefox/57.0" 
54.36.149.98 - - [04/Jan/2018:04:52:26 -0800] "GET /self.logs/access.log.2015-02-06.gz HTTP/1.1" 404 284 "-" "Mozilla/5.0 (compatible; AhrefsBot/5.2; +http://ahrefs.com/robot/)" 
216.244.66.227 - - [04/Jan/2018:04:57:55 -0800] "GET /robots.txt HTTP/1.1" 200 233 "-" "Mozilla/5.0 (compatible; DotBot/1.1; http://www.opensiteexplorer.org/dotbot, help@moz.com)" 
120.221.0.34 - - [04/Jan/2018:05:03:22 -0800] "GET /honeypot/Honeypot%20-%20Howto.pdf HTTP/1.1" 304 131 "-" "Mozilla/5.0 Gecko/20100115 Firefox/3.6" 
46.17.121.230 - - [04/Jan/2018:05:04:02 -0800] "GET /wp-login.php HTTP/1.1" 404 295 "-" "Mozilla/5.0 (Windows NT 6.1; WOW64; rv:40.0) Gecko/20100101 Firefox/40.1" 
46.17.121.230 - - [04/Jan/2018:05:04:07 -0800] "GET /wp-login.php HTTP/1.1" 404 295 "-" "Mozilla/5.0 (Windows NT 6.1; WOW64; rv:40.0) Gecko/20100101 Firefox/40.1" 
46.17.121.230 - - [04/Jan/2018:05:04:13 -0800] "GET / HTTP/1.1" 200 37415 "-" "Mozilla/5.0 (Windows NT 6.1; WOW64; rv:40.0) Gecko/20100101 Firefox/40.1" 
46.17.121.230 - - [04/Jan/2018:05:05:07 -0800] "GET /wp-login.php HTTP/1.1" 301 522 "-" "Mozilla/5.0 (Windows NT 6.1; WOW64; rv:40.0) Gecko/20100101 Firefox/40.1" 
46.17.121.230 - - [04/Jan/2018:05:05:10 -0800] "GET /wp-login.php HTTP/1.1" 404 295 "-" "Mozilla/5.0 (Windows NT 6.1; WOW64; rv:40.0) Gecko/20100101 Firefox/40.1" 
46.17.121.230 - - [04/Jan/2018:05:05:19 -0800] "GET /wp-login.php HTTP/1.1" 301 522 "-" "Mozilla/5.0 (Windows NT 6.1; WOW64; rv:40.0) Gecko/20100101 Firefox/40.1" 
46.17.121.230 - - [04/Jan/2018:05:05:19 -0800] "GET /wp-login.php HTTP/1.1" 404 295 "-" "Mozilla/5.0 (Windows NT 6.1; WOW64; rv:40.0) Gecko/20100101 Firefox/40.1" 
46.17.121.230 - - [04/Jan/2018:05:05:25 -0800] "GET / HTTP/1.1" 301 498 "-" "Mozilla/5.0 (Windows NT 6.1; WOW64; rv:40.0) Gecko/20100101 Firefox/40.1" 
46.17.121.230 - - [04/Jan/2018:05:05:25 -0800] "GET / HTTP/1.1" 200 37415 "-" "Mozilla/5.0 (Windows NT 6.1; WOW64; rv:40.0) Gecko/20100101 Firefox/40.1" 
120.221.1.28 - - [04/Jan/2018:05:08:42 -0800] "GET /maccdc2012/files.log.gz HTTP/1.1" 304 155 "-" "Mozilla/5.0 Gecko/20100115 Firefox/3.6" 
216.244.66.227 - - [04/Jan/2018:05:17:16 -0800] "GET /self.logs/access.log.2015-03-10.gz HTTP/1.1" 404 239 "-" "Mozilla/5.0 (compatible; DotBot/1.1; http://www.opensiteexplorer.org/dotbot, help@moz.com)" 
216.244.66.227 - - [04/Jan/2018:05:17:24 -0800] "GET /self.logs/access.log.2015-11-17.gz HTTP/1.1" 404 239 "-" "Mozilla/5.0 (compatible; DotBot/1.1; http://www.opensiteexplorer.org/dotbot, help@moz.com)" 
216.244.66.227 - - [04/Jan/2018:05:17:26 -0800] "GET /self.logs/access.log.2016-10-26.gz HTTP/1.1" 404 239 "-" "Mozilla/5.0 (compatible; DotBot/1.1; http://www.opensiteexplorer.org/dotbot, help@moz.com)" 
216.244.66.227 - - [04/Jan/2018:05:17:28 -0800] "GET /self.logs/access.log.2017-03-16.gz HTTP/1.1" 200 30738 "-" "Mozilla/5.0 (compatible; DotBot/1.1; http://www.opensiteexplorer.org/dotbot, help@moz.com)" 
216.244.66.227 - - [04/Jan/2018:05:17:30 -0800] "GET /self.logs/error.log.2016-03-08.gz HTTP/1.1" 404 239 "-" "Mozilla/5.0 (compatible; DotBot/1.1; http://www.opensiteexplorer.org/dotbot, help@moz.com)" 
216.244.66.227 - - [04/Jan/2018:05:17:32 -0800] "GET /self.logs/error.log.2016-12-14.gz HTTP/1.1" 404 239 "-" "Mozilla/5.0 (compatible; DotBot/1.1; http://www.opensiteexplorer.org/dotbot, help@moz.com)" 
216.244.66.227 - - [04/Jan/2018:05:17:33 -0800] "GET /self.logs/error.log.2017-03-15.gz HTTP/1.1" 200 841 "-" "Mozilla/5.0 (compatible; DotBot/1.1; http://www.opensiteexplorer.org/dotbot, help@moz.com)" 
216.244.66.227 - - [04/Jan/2018:05:17:35 -0800] "GET /self.logs/error.log.2017-11-19.gz HTTP/1.1" 200 1100 "-" "Mozilla/5.0 (compatible; DotBot/1.1; http://www.opensiteexplorer.org/dotbot, help@moz.com)" 
154.118.43.245 - - [04/Jan/2018:05:18:26 -0800] "GET /twitter-icon.png HTTP/1.1" 200 27788 "-" "Mozilla/5.0 (Windows NT 10.0; Win64; x64) AppleWebKit/537.36 (KHTML, like Gecko) Chrome/52.0.2743.116 Safari/537.36 Edge/15.15063" 
154.118.43.245 - - [04/Jan/2018:05:18:26 -0800] "GET /GitHub-Mark.png HTTP/1.1" 200 7428 "-" "Mozilla/5.0 (Windows NT 10.0; Win64; x64) AppleWebKit/537.36 (KHTML, like Gecko) Chrome/52.0.2743.116 Safari/537.36 Edge/15.15063" 
54.36.149.97 - - [04/Jan/2018:05:22:35 -0800] "GET /self.logs/access.log.2017-08-14.gz HTTP/1.1" 200 19624 "-" "Mozilla/5.0 (compatible; AhrefsBot/5.2; +http://ahrefs.com/robot/)" 
216.244.66.227 - - [04/Jan/2018:05:27:37 -0800] "GET /robots.txt HTTP/1.1" 200 233 "-" "Mozilla/5.0 (compatible; DotBot/1.1; http://www.opensiteexplorer.org/dotbot, help@moz.com)" 
74.115.214.130 - - [04/Jan/2018:05:27:52 -0800] "HEAD / HTTP/1.1" 200 284 "http://uptime-as.net/www.secrepo.com" "Mozilla/5.0 (compatible; Uptimebot/1.0; +http://www.uptime.com/uptimebot)" 
141.71.31.233 - - [04/Jan/2018:05:34:33 -0800] "GET /bootstrap/img/favicon.ico HTTP/1.1" 200 590 "-" "Mozilla/5.0 (Windows NT 10.0; Win64; x64; rv:57.0) Gecko/20100101 Firefox/57.0" 
141.71.31.233 - - [04/Jan/2018:05:34:33 -0800] "GET /bootstrap/img/favicon.ico HTTP/1.1" 200 590 "-" "Mozilla/5.0 (Windows NT 10.0; Win64; x64; rv:57.0) Gecko/20100101 Firefox/57.0" 
66.102.6.129 - - [04/Jan/2018:05:37:29 -0800] "GET / HTTP/1.1" 200 11061 "-" "Mozilla/5.0 (X11; Linux x86_64) AppleWebKit/537.36 (KHTML, like Gecko) Chrome/49.0.2623.75 Safari/537.36 Google Favicon" 
66.102.6.159 - - [04/Jan/2018:05:37:29 -0800] "GET /bootstrap/img/favicon.ico HTTP/1.1" 200 590 "-" "Mozilla/5.0 (X11; Linux x86_64) AppleWebKit/537.36 (KHTML, like Gecko) Chrome/49.0.2623.75 Safari/537.36 Google Favicon" 
219.217.246.70 - - [04/Jan/2018:05:37:42 -0800] "GET / HTTP/1.1" 301 483 "-" "Mozilla/5.0 (X11; Ubuntu; Linux x86_64; rv:57.0) Gecko/20100101 Firefox/57.0" 
219.217.246.70 - - [04/Jan/2018:05:37:43 -0800] "GET / HTTP/1.1" 200 11061 "-" "Mozilla/5.0 (X11; Ubuntu; Linux x86_64; rv:57.0) Gecko/20100101 Firefox/57.0" 
219.217.246.70 - - [04/Jan/2018:05:37:43 -0800] "GET /twitter-icon.png HTTP/1.1" 200 27787 "http://www.secrepo.com/" "Mozilla/5.0 (X11; Ubuntu; Linux x86_64; rv:57.0) Gecko/20100101 Firefox/57.0" 
219.217.246.70 - - [04/Jan/2018:05:37:43 -0800] "GET /GitHub-Mark.png HTTP/1.1" 200 7428 "http://www.secrepo.com/" "Mozilla/5.0 (X11; Ubuntu; Linux x86_64; rv:57.0) Gecko/20100101 Firefox/57.0" 
219.217.246.70 - - [04/Jan/2018:05:37:43 -0800] "GET /bootstrap/img/favicon.ico HTTP/1.1" 200 589 "-" "Mozilla/5.0 (X11; Ubuntu; Linux x86_64; rv:57.0) Gecko/20100101 Firefox/57.0" 
219.217.246.70 - - [04/Jan/2018:05:39:14 -0800] "GET /data HTTP/1.1" 404 340 "http://www.secrepo.com/" "Mozilla/5.0 (X11; Ubuntu; Linux x86_64; rv:57.0) Gecko/20100101 Firefox/57.0" 
219.217.246.70 - - [04/Jan/2018:05:39:14 -0800] "GET /favicon.ico HTTP/1.1" 200 267 "-" "Mozilla/5.0 (X11; Ubuntu; Linux x86_64; rv:57.0) Gecko/20100101 Firefox/57.0" 
219.217.246.70 - - [04/Jan/2018:05:40:19 -0800] "GET / HTTP/1.1" 200 11061 "-" "Mozilla/5.0 (X11; Ubuntu; Linux x86_64; rv:57.0) Gecko/20100101 Firefox/57.0" 
219.217.246.70 - - [04/Jan/2018:05:40:20 -0800] "GET /twitter-icon.png HTTP/1.1" 200 27787 "http://www.secrepo.com/" "Mozilla/5.0 (X11; Ubuntu; Linux x86_64; rv:57.0) Gecko/20100101 Firefox/57.0" 
219.217.246.70 - - [04/Jan/2018:05:40:20 -0800] "GET /GitHub-Mark.png HTTP/1.1" 200 7428 "http://www.secrepo.com/" "Mozilla/5.0 (X11; Ubuntu; Linux x86_64; rv:57.0) Gecko/20100101 Firefox/57.0" 
219.217.246.70 - - [04/Jan/2018:05:39:50 -0800] "GET /maccdc2012/http.log.gz HTTP/1.1" 200 34545854 "http://www.secrepo.com/" "Mozilla/5.0 (X11; Ubuntu; Linux x86_64; rv:57.0) Gecko/20100101 Firefox/57.0" 
219.217.246.70 - - [04/Jan/2018:05:44:19 -0800] "GET /self.logs/ HTTP/1.1" 200 7512 "http://www.secrepo.com/" "Mozilla/5.0 (X11; Ubuntu; Linux x86_64; rv:57.0) Gecko/20100101 Firefox/57.0" 
219.217.246.70 - - [04/Jan/2018:05:44:24 -0800] "GET /self.logs/ HTTP/1.1" 200 7512 "http://www.secrepo.com/" "Mozilla/5.0 (X11; Ubuntu; Linux x86_64; rv:57.0) Gecko/20100101 Firefox/57.0" 
40.77.167.187 - - [04/Jan/2018:05:44:28 -0800] "GET /self.logs/?C=D;O=A HTTP/1.1" 200 7512 "-" "Mozilla/5.0 (compatible; bingbot/2.0; +http://www.bing.com/bingbot.htm)" 
40.77.167.189 - - [04/Jan/2018:05:44:28 -0800] "GET /self.logs/access.log.2017-06-18.gz HTTP/1.1" 200 17207 "-" "Mozilla/5.0 (compatible; bingbot/2.0; +http://www.bing.com/bingbot.htm)" 
219.217.246.70 - - [04/Jan/2018:05:44:31 -0800] "GET /self.logs/2016/ HTTP/1.1" 200 7741 "http://www.secrepo.com/self.logs/" "Mozilla/5.0 (X11; Ubuntu; Linux x86_64; rv:57.0) Gecko/20100101 Firefox/57.0" 
157.55.39.59 - - [04/Jan/2018:05:44:32 -0800] "GET / HTTP/1.1" 200 11061 "-" "Mozilla/5.0 (compatible; bingbot/2.0; +http://www.bing.com/bingbot.htm)" 
157.55.39.59 - - [04/Jan/2018:05:44:32 -0800] "GET /self.logs/?C=M;O=A HTTP/1.1" 200 7847 "-" "Mozilla/5.0 (compatible; bingbot/2.0; +http://www.bing.com/bingbot.htm)" 
219.217.246.70 - - [04/Jan/2018:05:44:33 -0800] "GET /self.logs/2016/access.log.2016-01-01.gz HTTP/1.1" 200 5504 "http://www.secrepo.com/self.logs/2016/" "Mozilla/5.0 (X11; Ubuntu; Linux x86_64; rv:57.0) Gecko/20100101 Firefox/57.0" 
219.217.246.70 - - [04/Jan/2018:05:45:06 -0800] "GET /Security-Data-Analysis/Lab_1/conn.log.zip HTTP/1.1" 200 1268428 "http://www.secrepo.com/" "Mozilla/5.0 (X11; Ubuntu; Linux x86_64; rv:57.0) Gecko/20100101 Firefox/57.0" 
219.217.246.70 - - [04/Jan/2018:05:45:35 -0800] "GET /self.logs/ HTTP/1.1" 200 7512 "http://www.secrepo.com/" "Mozilla/5.0 (X11; Ubuntu; Linux x86_64; rv:57.0) Gecko/20100101 Firefox/57.0" 
219.217.246.70 - - [04/Jan/2018:05:45:40 -0800] "GET /self.logs/access.log.2017-01-05.gz HTTP/1.1" 200 42279 "http://www.secrepo.com/self.logs/" "Mozilla/5.0 (X11; Ubuntu; Linux x86_64; rv:57.0) Gecko/20100101 Firefox/57.0" 
216.244.66.227 - - [04/Jan/2018:05:45:55 -0800] "GET /self.logs/access.log.2015-10-26.gz HTTP/1.1" 404 239 "-" "Mozilla/5.0 (compatible; DotBot/1.1; http://www.opensiteexplorer.org/dotbot, help@moz.com)" 
216.244.66.227 - - [04/Jan/2018:05:45:59 -0800] "GET /self.logs/access.log.2017-05-07.gz HTTP/1.1" 200 16544 "-" "Mozilla/5.0 (compatible; DotBot/1.1; http://www.opensiteexplorer.org/dotbot, help@moz.com)" 
216.244.66.227 - - [04/Jan/2018:05:46:03 -0800] "GET /self.logs/access.log.2017-09-25.gz HTTP/1.1" 200 31808 "-" "Mozilla/5.0 (compatible; DotBot/1.1; http://www.opensiteexplorer.org/dotbot, help@moz.com)" 
216.244.66.227 - - [04/Jan/2018:05:46:05 -0800] "GET /self.logs/access.log.2017-10-31.gz HTTP/1.1" 200 28100 "-" "Mozilla/5.0 (compatible; DotBot/1.1; http://www.opensiteexplorer.org/dotbot, help@moz.com)" 
216.244.66.227 - - [04/Jan/2018:05:46:08 -0800] "GET /self.logs/error.log.2015-08-09.gz HTTP/1.1" 404 239 "-" "Mozilla/5.0 (compatible; DotBot/1.1; http://www.opensiteexplorer.org/dotbot, help@moz.com)" 
216.244.66.227 - - [04/Jan/2018:05:46:10 -0800] "GET /self.logs/error.log.2017-04-21.gz HTTP/1.1" 200 770 "-" "Mozilla/5.0 (compatible; DotBot/1.1; http://www.opensiteexplorer.org/dotbot, help@moz.com)" 
216.244.66.227 - - [04/Jan/2018:05:46:12 -0800] "GET /self.logs/error.log.2017-11-13.gz HTTP/1.1" 200 1877 "-" "Mozilla/5.0 (compatible; DotBot/1.1; http://www.opensiteexplorer.org/dotbot, help@moz.com)" 
219.217.246.70 - - [04/Jan/2018:05:43:22 -0800] "GET /maccdc2012/http.log.gz HTTP/1.1" 200 54258816 "http://www.secrepo.com/" "Mozilla/5.0 (X11; Ubuntu; Linux x86_64; rv:57.0) Gecko/20100101 Firefox/57.0" 
219.217.246.70 - - [04/Jan/2018:05:47:31 -0800] "GET / HTTP/1.1" 200 11061 "-" "Mozilla/5.0 (X11; Ubuntu; Linux x86_64; rv:57.0) Gecko/20100101 Firefox/57.0" 
219.217.246.70 - - [04/Jan/2018:05:47:32 -0800] "GET /GitHub-Mark.png HTTP/1.1" 200 7428 "http://www.secrepo.com/" "Mozilla/5.0 (X11; Ubuntu; Linux x86_64; rv:57.0) Gecko/20100101 Firefox/57.0" 
219.217.246.70 - - [04/Jan/2018:05:47:32 -0800] "GET /twitter-icon.png HTTP/1.1" 200 27787 "http://www.secrepo.com/" "Mozilla/5.0 (X11; Ubuntu; Linux x86_64; rv:57.0) Gecko/20100101 Firefox/57.0" 
111.125.207.102 - - [04/Jan/2018:05:48:42 -0800] "GET /wp-login.php HTTP/1.1" 404 295 "-" "Mozilla/5.0 (Windows NT 6.1; WOW64; rv:40.0) Gecko/20100101 Firefox/40.1" 
111.125.207.102 - - [04/Jan/2018:05:48:48 -0800] "GET /wp-login.php HTTP/1.1" 404 295 "-" "Mozilla/5.0 (Windows NT 6.1; WOW64; rv:40.0) Gecko/20100101 Firefox/40.1" 
111.125.207.102 - - [04/Jan/2018:05:48:54 -0800] "GET / HTTP/1.1" 200 37415 "-" "Mozilla/5.0 (Windows NT 6.1; WOW64; rv:40.0) Gecko/20100101 Firefox/40.1" 
216.244.66.227 - - [04/Jan/2018:05:53:14 -0800] "GET /robots.txt HTTP/1.1" 200 233 "-" "Mozilla/5.0 (compatible; DotBot/1.1; http://www.opensiteexplorer.org/dotbot, help@moz.com)" 
34.227.158.18 - - [04/Jan/2018:05:58:19 -0800] "GET / HTTP/1.1" 200 37415 "-" "Mozilla/5.0 (Windows NT 10.0; WOW64; rv:50.0) Gecko/20100101 Firefox/50.0" 
24.184.95.170 - - [04/Jan/2018:05:58:22 -0800] "GET / HTTP/1.1" 200 11061 "-" "Mozilla/5.0 (Windows NT 10.0; Win64; x64) AppleWebKit/537.36 (KHTML, like Gecko) Chrome/63.0.3239.84 Safari/537.36" 
162.242.144.71 - - [04/Jan/2018:05:58:22 -0800] "GET /robots.txt HTTP/1.1" 301 446 "-" "Tornado-Async-Client" 
24.184.95.170 - - [04/Jan/2018:05:58:22 -0800] "GET /twitter-icon.png HTTP/1.1" 200 27787 "http://www.secrepo.com/" "Mozilla/5.0 (Windows NT 10.0; Win64; x64) AppleWebKit/537.36 (KHTML, like Gecko) Chrome/63.0.3239.84 Safari/537.36" 
24.184.95.170 - - [04/Jan/2018:05:58:22 -0800] "GET /GitHub-Mark.png HTTP/1.1" 200 7428 "http://www.secrepo.com/" "Mozilla/5.0 (Windows NT 10.0; Win64; x64) AppleWebKit/537.36 (KHTML, like Gecko) Chrome/63.0.3239.84 Safari/537.36" 
162.242.144.71 - - [04/Jan/2018:05:58:22 -0800] "GET /robots.txt HTTP/1.1" 304 130 "-" "Tornado-Async-Client" 
162.242.144.71 - - [04/Jan/2018:05:58:22 -0800] "GET /honeypot/BSidesDFW%20-%202014.ipynb HTTP/1.1" 301 484 "-" "Tornado-Async-Client" 
162.242.144.71 - - [04/Jan/2018:05:58:22 -0800] "GET /honeypot/BSidesDFW%20-%202014.ipynb HTTP/1.1" 200 930780 "-" "Tornado-Async-Client" 
50.112.194.65 - - [04/Jan/2018:05:59:38 -0800] "GET / HTTP/1.1" 200 37359 "-" "Mozilla/4.0 (compatible; MSIE 8.0; Windows NT 5.1; Trident/4.0)" 
121.22.111.218 - - [04/Jan/2018:06:01:35 -0800] "GET / HTTP/1.1" 200 11005 "-" "Mozilla/5.0 (Windows NT 10.0; Win64; x64) AppleWebKit/537.36 (KHTML, like Gecko) Chrome/63.0.3239.84 Safari/537.36" 
121.22.111.218 - - [04/Jan/2018:06:01:36 -0800] "GET /GitHub-Mark.png HTTP/1.1" 200 7372 "http://www.secrepo.com/" "Mozilla/5.0 (Windows NT 10.0; Win64; x64) AppleWebKit/537.36 (KHTML, like Gecko) Chrome/63.0.3239.84 Safari/537.36" 
121.22.111.218 - - [04/Jan/2018:06:01:36 -0800] "GET /twitter-icon.png HTTP/1.1" 200 27732 "http://www.secrepo.com/" "Mozilla/5.0 (Windows NT 10.0; Win64; x64) AppleWebKit/537.36 (KHTML, like Gecko) Chrome/63.0.3239.84 Safari/537.36" 
121.22.111.218 - - [04/Jan/2018:06:01:45 -0800] "GET /bootstrap/img/favicon.ico HTTP/1.1" 200 534 "http://www.secrepo.com/" "Mozilla/5.0 (Windows NT 10.0; Win64; x64) AppleWebKit/537.36 (KHTML, like Gecko) Chrome/63.0.3239.84 Safari/537.36" 
188.146.98.118 - - [04/Jan/2018:06:02:07 -0800] "GET /wp-login.php HTTP/1.1" 404 295 "-" "Mozilla/5.0 (Windows NT 6.1; WOW64; rv:40.0) Gecko/20100101 Firefox/40.1" 
188.146.98.118 - - [04/Jan/2018:06:02:12 -0800] "GET /wp-login.php HTTP/1.1" 404 295 "-" "Mozilla/5.0 (Windows NT 6.1; WOW64; rv:40.0) Gecko/20100101 Firefox/40.1" 
188.146.98.118 - - [04/Jan/2018:06:02:17 -0800] "GET / HTTP/1.1" 200 37415 "-" "Mozilla/5.0 (Windows NT 6.1; WOW64; rv:40.0) Gecko/20100101 Firefox/40.1" 
219.217.246.70 - - [04/Jan/2018:06:03:11 -0800] "GET / HTTP/1.1" 200 11061 "-" "Mozilla/5.0 (X11; Ubuntu; Linux x86_64; rv:57.0) Gecko/20100101 Firefox/57.0" 
219.217.246.70 - - [04/Jan/2018:06:03:12 -0800] "GET /twitter-icon.png HTTP/1.1" 200 27787 "http://www.secrepo.com/" "Mozilla/5.0 (X11; Ubuntu; Linux x86_64; rv:57.0) Gecko/20100101 Firefox/57.0" 
219.217.246.70 - - [04/Jan/2018:06:03:12 -0800] "GET /GitHub-Mark.png HTTP/1.1" 200 7428 "http://www.secrepo.com/" "Mozilla/5.0 (X11; Ubuntu; Linux x86_64; rv:57.0) Gecko/20100101 Firefox/57.0" 
177.94.238.16 - - [04/Jan/2018:06:05:14 -0800] "GET /wp-login.php HTTP/1.1" 404 295 "-" "Mozilla/5.0 (Windows NT 6.1; WOW64; rv:40.0) Gecko/20100101 Firefox/40.1" 
177.94.238.16 - - [04/Jan/2018:06:05:20 -0800] "GET /wp-login.php HTTP/1.1" 404 295 "-" "Mozilla/5.0 (Windows NT 6.1; WOW64; rv:40.0) Gecko/20100101 Firefox/40.1" 
81.255.194.221 - - [04/Jan/2018:06:05:21 -0800] "GET /self.logs/ HTTP/1.1" 200 7512 "http://enigmater.blogspot.fr/2017/03/intrusion-detection-based-on-supervised.html" "Mozilla/5.0 (Windows NT 10.0; Win64; x64) AppleWebKit/537.36 (KHTML, like Gecko) Chrome/63.0.3239.84 Safari/537.36" 
81.255.194.221 - - [04/Jan/2018:06:05:22 -0800] "GET /favicon.ico HTTP/1.1" 200 267 "http://www.secrepo.com/self.logs/" "Mozilla/5.0 (Windows NT 10.0; Win64; x64) AppleWebKit/537.36 (KHTML, like Gecko) Chrome/63.0.3239.84 Safari/537.36" 
81.255.194.221 - - [04/Jan/2018:06:05:24 -0800] "GET /self.logs/access.log.2017-01-01.gz HTTP/1.1" 200 17655 "http://www.secrepo.com/self.logs/" "Mozilla/5.0 (Windows NT 10.0; Win64; x64) AppleWebKit/537.36 (KHTML, like Gecko) Chrome/63.0.3239.84 Safari/537.36" 
177.94.238.16 - - [04/Jan/2018:06:05:25 -0800] "GET / HTTP/1.1" 200 37415 "-" "Mozilla/5.0 (Windows NT 6.1; WOW64; rv:40.0) Gecko/20100101 Firefox/40.1" 
216.244.66.227 - - [04/Jan/2018:06:09:08 -0800] "GET /self.logs/error.log.2017-03-13.gz HTTP/1.1" 200 1101 "-" "Mozilla/5.0 (compatible; DotBot/1.1; http://www.opensiteexplorer.org/dotbot, help@moz.com)" 
216.244.66.227 - - [04/Jan/2018:06:09:11 -0800] "GET /self.logs/error.log.2017-07-01.gz HTTP/1.1" 200 742 "-" "Mozilla/5.0 (compatible; DotBot/1.1; http://www.opensiteexplorer.org/dotbot, help@moz.com)" 
52.168.161.70 - - [04/Jan/2018:06:09:29 -0800] "HEAD / HTTP/1.1" 301 253 "https://www.google.com/" "Mozilla/5.0 (compatible; epicbot; +http://www.epictions.com/epicbot)" 
52.168.161.70 - - [04/Jan/2018:06:09:31 -0800] "HEAD / HTTP/1.1" 301 253 "https://www.google.com/" "Mozilla/5.0 (compatible; epicbot; +http://www.epictions.com/epicbot)" 
52.168.161.70 - - [04/Jan/2018:06:09:31 -0800] "HEAD / HTTP/1.1" 301 253 "https://www.google.com/" "Mozilla/5.0 (compatible; epicbot; +http://www.epictions.com/epicbot)" 
102.181.194.40 - - [04/Jan/2018:06:14:31 -0800] "GET /tg/tg_snort_fast.7z HTTP/1.1" 304 131 "-" "Mozilla/5.0 Gecko/20100115 Firefox/3.6" 
216.244.66.227 - - [04/Jan/2018:06:19:39 -0800] "GET /robots.txt HTTP/1.1" 200 233 "-" "Mozilla/5.0 (compatible; DotBot/1.1; http://www.opensiteexplorer.org/dotbot, help@moz.com)" 
146.64.8.10 - - [04/Jan/2018:06:12:41 -0800] "GET /tg/b.zip HTTP/1.1" 200 42298164 "http://www.secrepo.com/" "Mozilla/5.0 (X11; Ubuntu; Linux x86_64; rv:57.0) Gecko/20100101 Firefox/57.0" 
146.64.8.10 - - [04/Jan/2018:06:10:45 -0800] "GET /tg/a.zip HTTP/1.1" 200 66189337 "http://www.secrepo.com/" "Mozilla/5.0 (X11; Ubuntu; Linux x86_64; rv:57.0) Gecko/20100101 Firefox/57.0" 
137.194.161.199 - - [04/Jan/2018:06:23:19 -0800] "GET / HTTP/1.1" 200 11061 "-" "Mozilla/5.0 (Macintosh; Intel Mac OS X 10_13_2) AppleWebKit/604.4.7 (KHTML, like Gecko)" 
137.194.161.199 - - [04/Jan/2018:06:23:19 -0800] "GET /apple-touch-icon-precomposed.png HTTP/1.1" 404 340 "-" "Safari/13604.4.7.1.3 CFNetwork/893.13.1 Darwin/17.3.0 (x86_64)" 
137.194.161.199 - - [04/Jan/2018:06:23:19 -0800] "GET /apple-touch-icon.png HTTP/1.1" 404 339 "-" "Safari/13604.4.7.1.3 CFNetwork/893.13.1 Darwin/17.3.0 (x86_64)" 
137.194.161.199 - - [04/Jan/2018:06:23:19 -0800] "GET /bootstrap/img/favicon.ico HTTP/1.1" 200 589 "-" "Safari/13604.4.7.1.3 CFNetwork/893.13.1 Darwin/17.3.0 (x86_64)" 
137.194.161.199 - - [04/Jan/2018:06:23:19 -0800] "GET / HTTP/1.1" 200 11060 "-" "\"Mozilla/5.0 (iPhone; CPU iPhone OS 11_0 like Mac OS X) AppleWebKit/604.1.38 (KHTML, like Gecko) Version/11.0 Mobile/15A372 Safari/604.1\"" 
137.194.161.199 - - [04/Jan/2018:06:23:19 -0800] "GET /apple-touch-icon-precomposed.png HTTP/1.1" 404 339 "-" "Safari/13604.4.7.1.3 CFNetwork/893.13.1 Darwin/17.3.0 (x86_64)" 
137.194.161.199 - - [04/Jan/2018:06:23:19 -0800] "GET /apple-touch-icon.png HTTP/1.1" 404 339 "-" "Safari/13604.4.7.1.3 CFNetwork/893.13.1 Darwin/17.3.0 (x86_64)" 
137.194.161.199 - - [04/Jan/2018:06:23:19 -0800] "GET /bootstrap/img/favicon.ico HTTP/1.1" 200 589 "-" "Safari/13604.4.7.1.3 CFNetwork/893.13.1 Darwin/17.3.0 (x86_64)" 
146.64.8.10 - - [04/Jan/2018:06:12:48 -0800] "GET /tg/c.zip HTTP/1.1" 200 63359118 "http://www.secrepo.com/" "Mozilla/5.0 (X11; Ubuntu; Linux x86_64; rv:57.0) Gecko/20100101 Firefox/57.0" 
219.217.246.70 - - [04/Jan/2018:05:46:02 -0800] "GET /Security-Data-Analysis/Lab_1/conn.log.zip HTTP/1.1" 200 457057212 "http://www.secrepo.com/" "Mozilla/5.0 (X11; Ubuntu; Linux x86_64; rv:57.0) Gecko/20100101 Firefox/57.0" 
219.217.246.70 - - [04/Jan/2018:05:45:15 -0800] "GET /maccdc2012/conn.log.gz HTTP/1.1" 200 504019423 "http://www.secrepo.com/" "Mozilla/5.0 (X11; Ubuntu; Linux x86_64; rv:57.0) Gecko/20100101 Firefox/57.0" 
39.50.252.183 - - [04/Jan/2018:06:28:34 -0800] "GET /wp-login.php HTTP/1.1" 404 295 "-" "Mozilla/5.0 (Windows NT 6.1; WOW64; rv:40.0) Gecko/20100101 Firefox/40.1" 
39.50.252.183 - - [04/Jan/2018:06:28:40 -0800] "GET /wp-login.php HTTP/1.1" 404 295 "-" "Mozilla/5.0 (Windows NT 6.1; WOW64; rv:40.0) Gecko/20100101 Firefox/40.1" 
39.50.252.183 - - [04/Jan/2018:06:28:45 -0800] "GET / HTTP/1.1" 200 37415 "-" "Mozilla/5.0 (Windows NT 6.1; WOW64; rv:40.0) Gecko/20100101 Firefox/40.1" 
168.194.161.145 - - [04/Jan/2018:06:29:36 -0800] "GET /wp-login.php HTTP/1.1" 404 295 "-" "Mozilla/5.0 (Windows NT 6.1; WOW64; rv:40.0) Gecko/20100101 Firefox/40.1" 
168.194.161.145 - - [04/Jan/2018:06:29:41 -0800] "GET /wp-login.php HTTP/1.1" 404 295 "-" "Mozilla/5.0 (Windows NT 6.1; WOW64; rv:40.0) Gecko/20100101 Firefox/40.1" 
168.194.161.145 - - [04/Jan/2018:06:29:47 -0800] "GET / HTTP/1.1" 200 37415 "-" "Mozilla/5.0 (Windows NT 6.1; WOW64; rv:40.0) Gecko/20100101 Firefox/40.1" 
109.164.201.164 - - [04/Jan/2018:06:40:22 -0800] "GET /GitHub-Mark.png HTTP/1.1" 200 7428 "-" "Mozilla/5.0 (Macintosh; Intel Mac OS X 10_13_2) AppleWebKit/604.4.7 (KHTML, like Gecko) Version/11.0.2 Safari/604.4.7" 
109.164.201.164 - - [04/Jan/2018:06:40:22 -0800] "GET /twitter-icon.png HTTP/1.1" 200 27788 "-" "Mozilla/5.0 (Macintosh; Intel Mac OS X 10_13_2) AppleWebKit/604.4.7 (KHTML, like Gecko) Version/11.0.2 Safari/604.4.7" 
85.93.91.84 - - [04/Jan/2018:06:42:59 -0800] "GET /self.logs/2016/?C=N;O=A HTTP/1.0" 200 70697 "-" "Mozilla/5.0 (compatible; DeuSu/5.0.2; +https://deusu.de/robot.html)" 
73.132.238.200 - - [04/Jan/2018:06:44:54 -0800] "GET / HTTP/1.1" 200 11061 "-" "Mozilla/5.0 (Macintosh; Intel Mac OS X 10_12_6) AppleWebKit/537.36 (KHTML, like Gecko) Chrome/63.0.3239.108 Safari/537.36" 
73.132.238.200 - - [04/Jan/2018:06:44:54 -0800] "GET /GitHub-Mark.png HTTP/1.1" 200 7428 "http://www.secrepo.com/" "Mozilla/5.0 (Macintosh; Intel Mac OS X 10_12_6) AppleWebKit/537.36 (KHTML, like Gecko) Chrome/63.0.3239.108 Safari/537.36" 
73.132.238.200 - - [04/Jan/2018:06:44:54 -0800] "GET /twitter-icon.png HTTP/1.1" 200 27787 "http://www.secrepo.com/" "Mozilla/5.0 (Macintosh; Intel Mac OS X 10_12_6) AppleWebKit/537.36 (KHTML, like Gecko) Chrome/63.0.3239.108 Safari/537.36" 
177.94.238.16 - - [04/Jan/2018:06:45:24 -0800] "GET /wp-login.php HTTP/1.1" 301 522 "-" "Mozilla/5.0 (Windows NT 6.1; WOW64; rv:40.0) Gecko/20100101 Firefox/40.1" 
177.94.238.16 - - [04/Jan/2018:06:45:24 -0800] "GET /wp-login.php HTTP/1.1" 404 295 "-" "Mozilla/5.0 (Windows NT 6.1; WOW64; rv:40.0) Gecko/20100101 Firefox/40.1" 
177.94.238.16 - - [04/Jan/2018:06:45:30 -0800] "GET /wp-login.php HTTP/1.1" 301 522 "-" "Mozilla/5.0 (Windows NT 6.1; WOW64; rv:40.0) Gecko/20100101 Firefox/40.1" 
177.94.238.16 - - [04/Jan/2018:06:45:30 -0800] "GET /wp-login.php HTTP/1.1" 404 295 "-" "Mozilla/5.0 (Windows NT 6.1; WOW64; rv:40.0) Gecko/20100101 Firefox/40.1" 
177.94.238.16 - - [04/Jan/2018:06:45:35 -0800] "GET / HTTP/1.1" 301 498 "-" "Mozilla/5.0 (Windows NT 6.1; WOW64; rv:40.0) Gecko/20100101 Firefox/40.1" 
177.94.238.16 - - [04/Jan/2018:06:45:36 -0800] "GET / HTTP/1.1" 200 37415 "-" "Mozilla/5.0 (Windows NT 6.1; WOW64; rv:40.0) Gecko/20100101 Firefox/40.1" 
138.128.224.25 - - [04/Jan/2018:06:45:27 -0800] "GET /honeypot/Honeypot%20-%20Howto.pdf HTTP/1.0" 200 521220 "http://www.secrepo.com/" "Mozilla/5.0 (Windows NT 10.0; Win64; x64) AppleWebKit/537.36 (KHTML, like Gecko) Chrome/59.0.3071.115 Safari/537.36" 
107.172.153.135 - - [04/Jan/2018:06:45:59 -0800] "GET /honeypot/Honeypot%20-%20Howto.pdf HTTP/1.0" 200 1279381 "http://www.secrepo.com/" "Mozilla/5.0 (Windows NT 10.0; Win64; x64) AppleWebKit/537.36 (KHTML, like Gecko) Chrome/59.0.3071.115 Safari/537.36" 
