73.207.101.117 - - [02/Oct/2018:02:37:23 -0700] "GET /wp-login.php HTTP/1.1" 418 732 "-" "Mozilla/5.0 (Windows NT 6.1; WOW64; rv:40.0) Gecko/20100101 Firefox/40.1" 
62.102.148.164 - - [02/Oct/2018:02:41:32 -0700] "GET /bitrix/admin/ HTTP/1.1" 301 468 "http://secrepo.com/bitrix/admin/" "Mozilla/5.0 (Windows NT 10.0; WOW64) AppleWebKit/537.36 (KHTML, like Gecko) Chrome/62.0.3198.0 Safari/537.36 OPR/49.0.2711.0" 
62.102.148.164 - - [02/Oct/2018:02:41:33 -0700] "GET /bitrix/admin/ HTTP/1.1" 301 468 "http://secrepo.com/bitrix/admin/" "Mozilla/5.0 (Windows NT 10.0; WOW64) AppleWebKit/537.36 (KHTML, like Gecko) Chrome/62.0.3198.0 Safari/537.36 OPR/49.0.2711.0" 
18.223.172.176 - - [02/Oct/2018:02:44:36 -0700] "GET / HTTP/1.1" 200 12383 "-" "Mozilla/5.0 (Windows NT 6.1; Win64; x64; rv:47.0) Trident/5.0 Chrome/67.0.3396.79 Safari/537.36" 
114.221.244.174 - - [02/Oct/2018:02:46:38 -0700] "GET /favicon.ico HTTP/1.1" 200 268 "-" "Mozilla/5.0 (Windows NT 6.1; WOW64) AppleWebKit/537.36 (KHTML, like Gecko) Chrome/63.0.3239.132 Safari/537.36" 
64.89.234.161 - - [02/Oct/2018:02:48:19 -0700] "GET / HTTP/1.1" 301 427 "-" "Mozilla/5.0 (Macintosh; Intel Mac OS X 10_9_2) AppleWebKit/537.36 (KHTML, like Gecko) Chrome/36.0.1944.0 Safari/537.36" 
64.89.234.161 - - [02/Oct/2018:02:48:19 -0700] "GET / HTTP/1.1" 200 12327 "-" "Mozilla/5.0 (Macintosh; Intel Mac OS X 10_9_2) AppleWebKit/537.36 (KHTML, like Gecko) Chrome/36.0.1944.0 Safari/537.36" 
64.89.234.161 - - [02/Oct/2018:02:48:19 -0700] "GET / HTTP/1.1" 200 12327 "-" "Mozilla/5.0 (Macintosh; Intel Mac OS X 10_9_2) AppleWebKit/537.36 (KHTML, like Gecko) Chrome/36.0.1944.0 Safari/537.36" 
193.56.241.24 - - [02/Oct/2018:02:49:04 -0700] "GET / HTTP/1.1" 200 12383 "https://www.google.com/" "Mozilla/5.0 (X11; Linux x86_64; rv:62.0) Gecko/20100101 Firefox/62.0" 
193.56.241.24 - - [02/Oct/2018:02:49:04 -0700] "GET /twitter-icon.png HTTP/1.1" 200 27787 "http://www.secrepo.com/" "Mozilla/5.0 (X11; Linux x86_64; rv:62.0) Gecko/20100101 Firefox/62.0" 
193.56.241.24 - - [02/Oct/2018:02:49:04 -0700] "GET /GitHub-Mark.png HTTP/1.1" 200 7428 "http://www.secrepo.com/" "Mozilla/5.0 (X11; Linux x86_64; rv:62.0) Gecko/20100101 Firefox/62.0" 
193.56.241.24 - - [02/Oct/2018:02:49:04 -0700] "GET /bootstrap/img/favicon.ico HTTP/1.1" 200 589 "-" "Mozilla/5.0 (X11; Linux x86_64; rv:62.0) Gecko/20100101 Firefox/62.0" 
193.56.241.25 - - [02/Oct/2018:02:49:28 -0700] "GET /maccdc2012/notice.log.gz HTTP/1.1" 200 20779 "http://www.secrepo.com/" "Mozilla/5.0 (X11; Linux x86_64; rv:62.0) Gecko/20100101 Firefox/62.0" 
193.56.241.25 - - [02/Oct/2018:02:50:28 -0700] "GET /self.logs/ HTTP/1.1" 200 12432 "http://www.secrepo.com/" "Mozilla/5.0 (X11; Linux x86_64; rv:62.0) Gecko/20100101 Firefox/62.0" 
193.56.241.24 - - [02/Oct/2018:02:50:28 -0700] "GET /favicon.ico HTTP/1.1" 200 268 "-" "Mozilla/5.0 (X11; Linux x86_64; rv:62.0) Gecko/20100101 Firefox/62.0" 
193.56.241.25 - - [02/Oct/2018:02:50:37 -0700] "GET /self.logs/2016/ HTTP/1.1" 200 7741 "http://www.secrepo.com/self.logs/" "Mozilla/5.0 (X11; Linux x86_64; rv:62.0) Gecko/20100101 Firefox/62.0" 
193.56.241.24 - - [02/Oct/2018:02:50:58 -0700] "GET /self.logs/error.log.2018-09-28.gz HTTP/1.1" 200 4452 "http://www.secrepo.com/self.logs/" "Mozilla/5.0 (X11; Linux x86_64; rv:62.0) Gecko/20100101 Firefox/62.0" 
193.56.241.25 - - [02/Oct/2018:02:51:11 -0700] "GET /self.logs/error.log.2018-09-27.gz HTTP/1.1" 200 8404 "http://www.secrepo.com/self.logs/" "Mozilla/5.0 (X11; Linux x86_64; rv:62.0) Gecko/20100101 Firefox/62.0" 
62.102.148.164 - - [02/Oct/2018:02:56:58 -0700] "GET /admin.php HTTP/1.1" 301 460 "http://secrepo.com/admin.php" "Mozilla/5.0 (Windows NT 10.0; WOW64) AppleWebKit/537.36 (KHTML, like Gecko) Chrome/62.0.3198.0 Safari/537.36 OPR/49.0.2711.0" 
62.102.148.164 - - [02/Oct/2018:02:56:58 -0700] "GET /admin.php HTTP/1.1" 301 460 "http://secrepo.com/admin.php" "Mozilla/5.0 (Windows NT 10.0; WOW64) AppleWebKit/537.36 (KHTML, like Gecko) Chrome/62.0.3198.0 Safari/537.36 OPR/49.0.2711.0" 
46.209.53.15 - - [02/Oct/2018:02:57:16 -0700] "GET / HTTP/1.1" 200 12383 "https://www.google.com/" "Mozilla/5.0 (Macintosh; Intel Mac OS X 10_14_1) AppleWebKit/537.36 (KHTML, like Gecko) Chrome/69.0.3497.100 Safari/537.36" 
46.209.53.15 - - [02/Oct/2018:02:57:17 -0700] "GET /twitter-icon.png HTTP/1.1" 200 27787 "http://www.secrepo.com/" "Mozilla/5.0 (Macintosh; Intel Mac OS X 10_14_1) AppleWebKit/537.36 (KHTML, like Gecko) Chrome/69.0.3497.100 Safari/537.36" 
46.209.53.15 - - [02/Oct/2018:02:57:17 -0700] "GET /GitHub-Mark.png HTTP/1.1" 200 7428 "http://www.secrepo.com/" "Mozilla/5.0 (Macintosh; Intel Mac OS X 10_14_1) AppleWebKit/537.36 (KHTML, like Gecko) Chrome/69.0.3497.100 Safari/537.36" 
183.82.177.72 - - [02/Oct/2018:02:58:59 -0700] "GET /wp-login.php HTTP/1.1" 418 732 "-" "Mozilla/5.0 (Windows NT 6.1; WOW64; rv:40.0) Gecko/20100101 Firefox/40.1" 
183.82.177.72 - - [02/Oct/2018:02:58:59 -0700] "GET / HTTP/1.1" 418 732 "-" "Mozilla/5.0 (Windows NT 6.1; WOW64; rv:40.0) Gecko/20100101 Firefox/40.1" 
157.55.39.76 - - [02/Oct/2018:03:12:38 -0700] "GET /self.logs/access.log.2017-03-11.gz HTTP/1.1" 301 545 "-" "Mozilla/5.0 (compatible; bingbot/2.0; +http://www.bing.com/bingbot.htm)" 
62.102.148.164 - - [02/Oct/2018:03:12:51 -0700] "GET /user/login HTTP/1.1" 301 462 "http://secrepo.com/user/login" "Mozilla/5.0 (Windows NT 10.0; WOW64) AppleWebKit/537.36 (KHTML, like Gecko) Chrome/62.0.3198.0 Safari/537.36 OPR/49.0.2711.0" 
62.102.148.164 - - [02/Oct/2018:03:12:51 -0700] "GET /user/login HTTP/1.1" 301 462 "http://secrepo.com/user/login" "Mozilla/5.0 (Windows NT 10.0; WOW64) AppleWebKit/537.36 (KHTML, like Gecko) Chrome/62.0.3198.0 Safari/537.36 OPR/49.0.2711.0" 
18.188.94.118 - - [02/Oct/2018:03:13:47 -0700] "GET / HTTP/1.1" 200 12383 "-" "Mozilla/5.0 (Windows NT 6.1; Win64; x64; rv:47.0) Trident/5.0 Firefox/42.0" 
40.77.167.50 - - [02/Oct/2018:03:17:11 -0700] "GET /self.logs/error.log.2016-07-08.gz HTTP/1.1" 404 340 "-" "Mozilla/5.0 (compatible; bingbot/2.0; +http://www.bing.com/bingbot.htm)" 
18.221.232.130 - - [02/Oct/2018:03:25:42 -0700] "GET / HTTP/1.1" 200 12383 "-" "Mozilla/5.0 (Macintosh; Intel Mac OS X x.y; rv:42.0) Gecko/20100101 Firefox/42.0" 
62.102.148.164 - - [02/Oct/2018:03:27:25 -0700] "GET /admin/index.php?route=common/login HTTP/1.1" 301 510 "http://secrepo.com/admin/index.php?route=common/login" "Mozilla/5.0 (Windows NT 10.0; WOW64) AppleWebKit/537.36 (KHTML, like Gecko) Chrome/62.0.3198.0 Safari/537.36 OPR/49.0.2711.0" 
62.102.148.164 - - [02/Oct/2018:03:27:26 -0700] "GET /admin/index.php?route=common/login HTTP/1.1" 301 510 "http://secrepo.com/admin/index.php?route=common/login" "Mozilla/5.0 (Windows NT 10.0; WOW64) AppleWebKit/537.36 (KHTML, like Gecko) Chrome/62.0.3198.0 Safari/537.36 OPR/49.0.2711.0" 
43.245.211.195 - - [02/Oct/2018:03:30:57 -0700] "GET /wp-login.php HTTP/1.1" 418 732 "-" "Mozilla/5.0 (Windows NT 6.1; WOW64; rv:40.0) Gecko/20100101 Firefox/40.1" 
43.245.211.195 - - [02/Oct/2018:03:30:58 -0700] "GET / HTTP/1.1" 418 732 "-" "Mozilla/5.0 (Windows NT 6.1; WOW64; rv:40.0) Gecko/20100101 Firefox/40.1" 
113.171.224.176 - - [02/Oct/2018:03:35:40 -0700] "GET /honeypot/Honeypot%20-%20Howto.pdf HTTP/1.1" 200 46720 "-" "Mozilla/5.0 Gecko/20100115 Firefox/3.6" 
216.244.66.245 - - [02/Oct/2018:03:37:55 -0700] "GET /robots.txt HTTP/1.1" 200 233 "-" "Mozilla/5.0 (compatible; DotBot/1.1; http://www.opensiteexplorer.org/dotbot, help@moz.com)" 
62.102.148.164 - - [02/Oct/2018:03:42:48 -0700] "GET /index.php/admin/ HTTP/1.1" 301 474 "http://secrepo.com/index.php/admin/" "Mozilla/5.0 (Windows NT 10.0; WOW64) AppleWebKit/537.36 (KHTML, like Gecko) Chrome/62.0.3198.0 Safari/537.36 OPR/49.0.2711.0" 
62.102.148.164 - - [02/Oct/2018:03:42:48 -0700] "GET /index.php/admin/ HTTP/1.1" 301 474 "http://secrepo.com/index.php/admin/" "Mozilla/5.0 (Windows NT 10.0; WOW64) AppleWebKit/537.36 (KHTML, like Gecko) Chrome/62.0.3198.0 Safari/537.36 OPR/49.0.2711.0" 
18.188.94.118 - - [02/Oct/2018:03:44:23 -0700] "GET / HTTP/1.1" 200 12383 "-" "Mozilla/5.0 (Windows NT 6.1; Win64; x64; rv:47.0) AppleWebKit/537.36 (KHTML, like Gecko) Safari/602.1" 
183.83.225.50 - - [02/Oct/2018:03:45:26 -0700] "GET /wp-login.php HTTP/1.1" 418 732 "-" "Mozilla/5.0 (Windows NT 6.1; WOW64; rv:40.0) Gecko/20100101 Firefox/40.1" 
183.83.225.50 - - [02/Oct/2018:03:45:26 -0700] "GET / HTTP/1.1" 418 732 "-" "Mozilla/5.0 (Windows NT 6.1; WOW64; rv:40.0) Gecko/20100101 Firefox/40.1" 
91.198.10.19 - - [02/Oct/2018:03:46:42 -0700] "GET / HTTP/1.1" 200 12383 "https://www.google.com/" "Mozilla/5.0 (Macintosh; Intel Mac OS X 10_13_6) AppleWebKit/605.1.15 (KHTML, like Gecko) Version/12.0 Safari/605.1.15" 
91.198.10.19 - - [02/Oct/2018:03:46:42 -0700] "GET /twitter-icon.png HTTP/1.1" 200 27787 "http://www.secrepo.com/" "Mozilla/5.0 (Macintosh; Intel Mac OS X 10_13_6) AppleWebKit/605.1.15 (KHTML, like Gecko) Version/12.0 Safari/605.1.15" 
91.198.10.19 - - [02/Oct/2018:03:46:42 -0700] "GET /GitHub-Mark.png HTTP/1.1" 200 7428 "http://www.secrepo.com/" "Mozilla/5.0 (Macintosh; Intel Mac OS X 10_13_6) AppleWebKit/605.1.15 (KHTML, like Gecko) Version/12.0 Safari/605.1.15" 
91.198.10.19 - - [02/Oct/2018:03:46:42 -0700] "GET /bootstrap/img/favicon.ico HTTP/1.1" 200 590 "http://www.secrepo.com/" "Mozilla/5.0 (Macintosh; Intel Mac OS X 10_13_6) AppleWebKit/605.1.15 (KHTML, like Gecko) Version/12.0 Safari/605.1.15" 
188.147.70.28 - - [02/Oct/2018:03:49:04 -0700] "GET /wp-login.php HTTP/1.1" 418 732 "-" "Mozilla/5.0 (Windows NT 6.1; WOW64; rv:40.0) Gecko/20100101 Firefox/40.1" 
188.147.70.28 - - [02/Oct/2018:03:49:04 -0700] "GET / HTTP/1.1" 418 732 "-" "Mozilla/5.0 (Windows NT 6.1; WOW64; rv:40.0) Gecko/20100101 Firefox/40.1" 
108.59.8.70 - - [02/Oct/2018:03:49:31 -0700] "GET /robots.txt HTTP/1.1" 200 289 "-" "Mozilla/5.0 (compatible; MJ12bot/v1.4.8; http://mj12bot.com/)" 
108.59.8.70 - - [02/Oct/2018:03:49:33 -0700] "GET / HTTP/1.1" 200 46156 "-" "Mozilla/5.0 (compatible; MJ12bot/v1.4.8; http://mj12bot.com/)" 
216.244.66.245 - - [02/Oct/2018:03:52:24 -0700] "GET /self.logs/access.log.2017-06-09.gz HTTP/1.1" 200 26378 "-" "Mozilla/5.0 (compatible; DotBot/1.1; http://www.opensiteexplorer.org/dotbot, help@moz.com)" 
216.244.66.245 - - [02/Oct/2018:03:52:26 -0700] "GET /self.logs/access.log.2017-09-02.gz HTTP/1.1" 200 16289 "-" "Mozilla/5.0 (compatible; DotBot/1.1; http://www.opensiteexplorer.org/dotbot, help@moz.com)" 
216.244.66.245 - - [02/Oct/2018:03:52:28 -0700] "GET /self.logs/error.log.2017-08-07.gz HTTP/1.1" 200 784 "-" "Mozilla/5.0 (compatible; DotBot/1.1; http://www.opensiteexplorer.org/dotbot, help@moz.com)" 
123.125.71.85 - - [02/Oct/2018:03:54:05 -0700] "GET /robots.txt HTTP/1.1" 301 465 "-" "Mozilla/5.0 (compatible; Baiduspider/2.0; +http://www.baidu.com/search/spider.html)" 
123.125.71.114 - - [02/Oct/2018:03:54:05 -0700] "GET /robots.txt HTTP/1.1" 200 297 "-" "Mozilla/5.0 (compatible; Baiduspider/2.0; +http://www.baidu.com/search/spider.html)" 
123.125.71.20 - - [02/Oct/2018:03:54:06 -0700] "GET /robots.txt HTTP/1.1" 200 297 "-" "Mozilla/5.0 (compatible; Baiduspider/2.0; +http://www.baidu.com/search/spider.html)" 
123.125.67.224 - - [02/Oct/2018:03:54:07 -0700] "GET /robots.txt HTTP/1.1" 301 465 "-" "Mozilla/5.0 (Windows NT 10.0; WOW64) AppleWebKit/537.36 (KHTML, like Gecko) Chrome/45.0.2454.93 Safari/537.36" 
123.125.67.166 - - [02/Oct/2018:03:54:07 -0700] "GET /robots.txt HTTP/1.1" 200 297 "-" "Mozilla/5.0 (Windows NT 10.0; WOW64) AppleWebKit/537.36 (KHTML, like Gecko) Chrome/45.0.2454.93 Safari/537.36" 
123.125.71.36 - - [02/Oct/2018:03:54:08 -0700] "GET /robots.txt HTTP/1.1" 200 297 "-" "Mozilla/5.0 (compatible; Baiduspider/2.0; +http://www.baidu.com/search/spider.html)" 
123.125.67.228 - - [02/Oct/2018:03:54:10 -0700] "GET /robots.txt HTTP/1.1" 301 465 "-" "Mozilla/5.0 (Windows NT 10.0; WOW64) AppleWebKit/537.36 (KHTML, like Gecko) Chrome/45.0.2454.93 Safari/537.36" 
123.125.67.158 - - [02/Oct/2018:03:54:10 -0700] "GET /robots.txt HTTP/1.1" 200 297 "-" "Mozilla/5.0 (Windows NT 10.0; WOW64) AppleWebKit/537.36 (KHTML, like Gecko) Chrome/45.0.2454.93 Safari/537.36" 
123.125.67.160 - - [02/Oct/2018:03:54:10 -0700] "GET /robots.txt HTTP/1.1" 200 297 "-" "Mozilla/5.0 (Windows NT 10.0; WOW64) AppleWebKit/537.36 (KHTML, like Gecko) Chrome/45.0.2454.93 Safari/537.36" 
220.181.108.163 - - [02/Oct/2018:03:55:45 -0700] "GET /honeypot/BSidesDFW%20-%202014.ipynb HTTP/1.1" 301 503 "-" "Mozilla/5.0 (compatible; Baiduspider/2.0; +http://www.baidu.com/search/spider.html)" 
123.125.71.115 - - [02/Oct/2018:03:55:46 -0700] "GET /honeypot/BSidesDFW%20-%202014.ipynb HTTP/1.1" 200 930799 "-" "Mozilla/5.0 (compatible; Baiduspider/2.0; +http://www.baidu.com/search/spider.html)" 
157.55.39.76 - - [02/Oct/2018:03:56:46 -0700] "GET /self.logs/access.log.2015-05-10.gz HTTP/1.1" 404 340 "-" "Mozilla/5.0 (compatible; bingbot/2.0; +http://www.bing.com/bingbot.htm)" 
157.55.39.76 - - [02/Oct/2018:03:56:46 -0700] "GET /self.logs/error.log.2016-11-08.gz HTTP/1.1" 404 339 "-" "Mozilla/5.0 (compatible; bingbot/2.0; +http://www.bing.com/bingbot.htm)" 
157.55.39.76 - - [02/Oct/2018:03:56:46 -0700] "GET /self.logs/error.log.2016-10-03.gz HTTP/1.1" 404 340 "-" "Mozilla/5.0 (compatible; bingbot/2.0; +http://www.bing.com/bingbot.htm)" 
62.102.148.164 - - [02/Oct/2018:03:58:17 -0700] "GET /manager/ HTTP/1.1" 301 458 "http://secrepo.com/manager/" "Mozilla/5.0 (Windows NT 10.0; WOW64) AppleWebKit/537.36 (KHTML, like Gecko) Chrome/62.0.3198.0 Safari/537.36 OPR/49.0.2711.0" 
62.102.148.164 - - [02/Oct/2018:03:58:17 -0700] "GET /manager/ HTTP/1.1" 301 458 "http://secrepo.com/manager/" "Mozilla/5.0 (Windows NT 10.0; WOW64) AppleWebKit/537.36 (KHTML, like Gecko) Chrome/62.0.3198.0 Safari/537.36 OPR/49.0.2711.0" 
157.55.39.233 - - [02/Oct/2018:04:06:47 -0700] "GET /Datasets%20Description/PE_malware/VirusShare.html HTTP/1.1" 304 189 "-" "Mozilla/5.0 (compatible; bingbot/2.0; +http://www.bing.com/bingbot.htm)" 
216.244.66.245 - - [02/Oct/2018:04:06:55 -0700] "GET /self.logs/access.log.2015-02-06.gz HTTP/1.1" 404 239 "-" "Mozilla/5.0 (compatible; DotBot/1.1; http://www.opensiteexplorer.org/dotbot, help@moz.com)" 
216.244.66.245 - - [02/Oct/2018:04:06:56 -0700] "GET /self.logs/access.log.2015-06-15.gz HTTP/1.1" 404 239 "-" "Mozilla/5.0 (compatible; DotBot/1.1; http://www.opensiteexplorer.org/dotbot, help@moz.com)" 
216.244.66.245 - - [02/Oct/2018:04:06:57 -0700] "GET /self.logs/access.log.2015-09-12.gz HTTP/1.1" 404 239 "-" "Mozilla/5.0 (compatible; DotBot/1.1; http://www.opensiteexplorer.org/dotbot, help@moz.com)" 
216.244.66.245 - - [02/Oct/2018:04:06:58 -0700] "GET /self.logs/access.log.2016-01-26.gz HTTP/1.1" 404 239 "-" "Mozilla/5.0 (compatible; DotBot/1.1; http://www.opensiteexplorer.org/dotbot, help@moz.com)" 
216.244.66.245 - - [02/Oct/2018:04:06:59 -0700] "GET /self.logs/access.log.2016-02-16.gz HTTP/1.1" 404 239 "-" "Mozilla/5.0 (compatible; DotBot/1.1; http://www.opensiteexplorer.org/dotbot, help@moz.com)" 
216.244.66.245 - - [02/Oct/2018:04:07:00 -0700] "GET /self.logs/access.log.2016-11-02.gz HTTP/1.1" 404 239 "-" "Mozilla/5.0 (compatible; DotBot/1.1; http://www.opensiteexplorer.org/dotbot, help@moz.com)" 
216.244.66.245 - - [02/Oct/2018:04:07:02 -0700] "GET /self.logs/access.log.2016-12-29.gz HTTP/1.1" 404 239 "-" "Mozilla/5.0 (compatible; DotBot/1.1; http://www.opensiteexplorer.org/dotbot, help@moz.com)" 
216.244.66.245 - - [02/Oct/2018:04:07:03 -0700] "GET /self.logs/error.log.2015-09-25.gz HTTP/1.1" 404 239 "-" "Mozilla/5.0 (compatible; DotBot/1.1; http://www.opensiteexplorer.org/dotbot, help@moz.com)" 
216.244.66.245 - - [02/Oct/2018:04:07:04 -0700] "GET /self.logs/error.log.2015-11-07.gz HTTP/1.1" 404 239 "-" "Mozilla/5.0 (compatible; DotBot/1.1; http://www.opensiteexplorer.org/dotbot, help@moz.com)" 
216.244.66.245 - - [02/Oct/2018:04:07:05 -0700] "GET /self.logs/error.log.2015-11-25.gz HTTP/1.1" 404 239 "-" "Mozilla/5.0 (compatible; DotBot/1.1; http://www.opensiteexplorer.org/dotbot, help@moz.com)" 
216.244.66.245 - - [02/Oct/2018:04:07:06 -0700] "GET /self.logs/error.log.2016-09-14.gz HTTP/1.1" 404 239 "-" "Mozilla/5.0 (compatible; DotBot/1.1; http://www.opensiteexplorer.org/dotbot, help@moz.com)" 
114.70.235.168 - - [02/Oct/2018:04:14:01 -0700] "GET / HTTP/1.1" 200 12383 "-" "Mozilla/5.0 (Windows NT 10.0; Win64; x64) AppleWebKit/537.36 (KHTML, like Gecko) Chrome/69.0.3497.100 Safari/537.36" 
18.216.137.18 - - [02/Oct/2018:04:14:26 -0700] "GET / HTTP/1.1" 200 12383 "-" "Mozilla/5.0 (Macintosh; Intel Mac OS X x.y; rv:42.0) Gecko/20100101 Chrome/67.0.3396.79 Safari/537.36" 
62.102.148.164 - - [02/Oct/2018:04:14:31 -0700] "GET /netcat/admin/ HTTP/1.1" 301 468 "http://secrepo.com/netcat/admin/" "Mozilla/5.0 (Windows NT 10.0; WOW64) AppleWebKit/537.36 (KHTML, like Gecko) Chrome/62.0.3198.0 Safari/537.36 OPR/49.0.2711.0" 
62.102.148.164 - - [02/Oct/2018:04:14:31 -0700] "GET /netcat/admin/ HTTP/1.1" 301 468 "http://secrepo.com/netcat/admin/" "Mozilla/5.0 (Windows NT 10.0; WOW64) AppleWebKit/537.36 (KHTML, like Gecko) Chrome/62.0.3198.0 Safari/537.36 OPR/49.0.2711.0" 
114.70.235.168 - - [02/Oct/2018:04:14:32 -0700] "GET /GitHub-Mark.png HTTP/1.1" 200 7428 "http://www.secrepo.com/" "Mozilla/5.0 (Windows NT 10.0; Win64; x64) AppleWebKit/537.36 (KHTML, like Gecko) Chrome/69.0.3497.100 Safari/537.36" 
114.70.235.168 - - [02/Oct/2018:04:14:32 -0700] "GET /twitter-icon.png HTTP/1.1" 200 27788 "http://www.secrepo.com/" "Mozilla/5.0 (Windows NT 10.0; Win64; x64) AppleWebKit/537.36 (KHTML, like Gecko) Chrome/69.0.3497.100 Safari/537.36" 
42.188.153.146 - - [02/Oct/2018:04:23:33 -0700] "GET /wp-login.php HTTP/1.1" 418 732 "-" "Mozilla/5.0 (Windows NT 6.1; WOW64; rv:40.0) Gecko/20100101 Firefox/40.1" 
42.188.153.146 - - [02/Oct/2018:04:23:33 -0700] "GET / HTTP/1.1" 418 732 "-" "Mozilla/5.0 (Windows NT 6.1; WOW64; rv:40.0) Gecko/20100101 Firefox/40.1" 
153.155.144.104 - - [02/Oct/2018:04:27:17 -0700] "GET / HTTP/1.1" 200 12383 "http://www.google.com/" "Mozilla/5.0 (Linux; Android 9; ONEPLUS A6000 Build/PKQ1.180716.001) AppleWebKit/537.36 (KHTML, like Gecko) Chrome/69.0.3497.100 Mobile Safari/537.36" 
153.155.144.104 - - [02/Oct/2018:04:27:18 -0700] "GET /GitHub-Mark.png HTTP/1.1" 200 7428 "http://www.secrepo.com/" "Mozilla/5.0 (Linux; Android 9; ONEPLUS A6000 Build/PKQ1.180716.001) AppleWebKit/537.36 (KHTML, like Gecko) Chrome/69.0.3497.100 Mobile Safari/537.36" 
153.155.144.104 - - [02/Oct/2018:04:27:18 -0700] "GET /twitter-icon.png HTTP/1.1" 200 27787 "http://www.secrepo.com/" "Mozilla/5.0 (Linux; Android 9; ONEPLUS A6000 Build/PKQ1.180716.001) AppleWebKit/537.36 (KHTML, like Gecko) Chrome/69.0.3497.100 Mobile Safari/537.36" 
153.155.144.104 - - [02/Oct/2018:04:27:22 -0700] "GET /bootstrap/img/favicon.ico HTTP/1.1" 200 590 "http://www.secrepo.com/" "Mozilla/5.0 (Linux; Android 9; ONEPLUS A6000 Build/PKQ1.180716.001) AppleWebKit/537.36 (KHTML, like Gecko) Chrome/69.0.3497.100 Mobile Safari/537.36" 
18.221.45.138 - - [02/Oct/2018:04:27:34 -0700] "GET / HTTP/1.1" 200 12383 "-" "Mozilla/5.0 (Macintosh; Intel Mac OS X x.y; rv:42.0) Trident/5.0 Safari/602.1" 
62.102.148.164 - - [02/Oct/2018:04:30:43 -0700] "GET /admin/login.php HTTP/1.1" 301 472 "http://secrepo.com/admin/login.php" "Mozilla/5.0 (Windows NT 10.0; WOW64) AppleWebKit/537.36 (KHTML, like Gecko) Chrome/62.0.3198.0 Safari/537.36 OPR/49.0.2711.0" 
62.102.148.164 - - [02/Oct/2018:04:30:44 -0700] "GET /admin/login.php HTTP/1.1" 301 472 "http://secrepo.com/admin/login.php" "Mozilla/5.0 (Windows NT 10.0; WOW64) AppleWebKit/537.36 (KHTML, like Gecko) Chrome/62.0.3198.0 Safari/537.36 OPR/49.0.2711.0" 
35.188.10.244 - - [02/Oct/2018:04:36:07 -0700] "GET / HTTP/1.1" 200 12383 "https://google.com" "Mozilla/5.0 (Windows NT 6.1) AppleWebKit/537.36 (KHTML, like Gecko) Chrome/41.0.2228.0 Safari/537.36" 
113.171.224.176 - - [02/Oct/2018:04:37:00 -0700] "GET /honeypot/Honeypot%20-%20Howto.pdf HTTP/1.1" 200 46720 "-" "Mozilla/5.0 Gecko/20100115 Firefox/3.6" 
47.96.149.171 - - [02/Oct/2018:04:38:18 -0700] "GET /status?full HTTP/1.1" 301 464 "-" "Mozilla/5.0 (Windows NT 10.0; Win64; x64; rv:57.0) Gecko/20100101 Firefox/57.0" 
47.96.149.171 - - [02/Oct/2018:04:38:20 -0700] "GET /status?full HTTP/1.1" 404 239 "-" "Mozilla/5.0 (Windows NT 10.0; Win64; x64; rv:57.0) Gecko/20100101 Firefox/57.0" 
47.96.149.171 - - [02/Oct/2018:04:38:21 -0700] "GET /phpMyAdmin/scripts/setup.php HTTP/1.1" 301 498 "-" "Mozilla/5.0 (Windows NT 10.0; Win64; x64; rv:57.0) Gecko/20100101 Firefox/57.0" 
47.96.149.171 - - [02/Oct/2018:04:38:22 -0700] "GET /phpMyAdmin/scripts/setup.php HTTP/1.1" 404 239 "-" "Mozilla/5.0 (Windows NT 10.0; Win64; x64; rv:57.0) Gecko/20100101 Firefox/57.0" 
47.96.149.171 - - [02/Oct/2018:04:38:23 -0700] "GET /phpmyadmin/scripts/setup.php HTTP/1.1" 301 498 "-" "Mozilla/5.0 (Windows NT 10.0; Win64; x64; rv:57.0) Gecko/20100101 Firefox/57.0" 
47.96.149.171 - - [02/Oct/2018:04:38:24 -0700] "GET /phpmyadmin/scripts/setup.php HTTP/1.1" 404 239 "-" "Mozilla/5.0 (Windows NT 10.0; Win64; x64; rv:57.0) Gecko/20100101 Firefox/57.0" 
47.96.149.171 - - [02/Oct/2018:04:38:24 -0700] "GET /_phpMyAdmin/scripts/setup.php HTTP/1.1" 301 500 "-" "Mozilla/5.0 (Windows NT 10.0; Win64; x64; rv:57.0) Gecko/20100101 Firefox/57.0" 
47.96.149.171 - - [02/Oct/2018:04:38:25 -0700] "GET /_phpMyAdmin/scripts/setup.php HTTP/1.1" 404 239 "-" "Mozilla/5.0 (Windows NT 10.0; Win64; x64; rv:57.0) Gecko/20100101 Firefox/57.0" 
47.96.149.171 - - [02/Oct/2018:04:38:26 -0700] "GET /admin/scripts/setup.php HTTP/1.1" 301 488 "-" "Mozilla/5.0 (Windows NT 10.0; Win64; x64; rv:57.0) Gecko/20100101 Firefox/57.0" 
47.96.149.171 - - [02/Oct/2018:04:38:26 -0700] "GET /admin/scripts/setup.php HTTP/1.1" 404 239 "-" "Mozilla/5.0 (Windows NT 10.0; Win64; x64; rv:57.0) Gecko/20100101 Firefox/57.0" 
47.96.149.171 - - [02/Oct/2018:04:38:27 -0700] "GET /scripts/setup.php HTTP/1.1" 301 476 "-" "Mozilla/5.0 (Windows NT 10.0; Win64; x64; rv:57.0) Gecko/20100101 Firefox/57.0" 
47.96.149.171 - - [02/Oct/2018:04:38:28 -0700] "GET /scripts/setup.php HTTP/1.1" 404 239 "-" "Mozilla/5.0 (Windows NT 10.0; Win64; x64; rv:57.0) Gecko/20100101 Firefox/57.0" 
47.96.149.171 - - [02/Oct/2018:04:38:28 -0700] "GET /pma/scripts/setup.php HTTP/1.1" 301 484 "-" "Mozilla/5.0 (Windows NT 10.0; Win64; x64; rv:57.0) Gecko/20100101 Firefox/57.0" 
47.96.149.171 - - [02/Oct/2018:04:38:29 -0700] "GET /pma/scripts/setup.php HTTP/1.1" 404 239 "-" "Mozilla/5.0 (Windows NT 10.0; Win64; x64; rv:57.0) Gecko/20100101 Firefox/57.0" 
157.55.39.76 - - [02/Oct/2018:04:39:21 -0700] "GET /self.logs/error.log.2016-08-07.gz HTTP/1.1" 404 340 "-" "Mozilla/5.0 (compatible; bingbot/2.0; +http://www.bing.com/bingbot.htm)" 
98.243.11.182 - - [02/Oct/2018:04:40:27 -0700] "GET / HTTP/1.1" 200 12383 "-" "Mozilla/5.0 (Macintosh; Intel Mac OS X 10_13_6) AppleWebKit/605.1.15 (KHTML, like Gecko) Version/12.0 Safari/605.1.15" 
98.243.11.182 - - [02/Oct/2018:04:40:28 -0700] "GET /GitHub-Mark.png HTTP/1.1" 200 7427 "http://www.secrepo.com/" "Mozilla/5.0 (Macintosh; Intel Mac OS X 10_13_6) AppleWebKit/605.1.15 (KHTML, like Gecko) Version/12.0 Safari/605.1.15" 
98.243.11.182 - - [02/Oct/2018:04:40:28 -0700] "GET /twitter-icon.png HTTP/1.1" 200 27788 "http://www.secrepo.com/" "Mozilla/5.0 (Macintosh; Intel Mac OS X 10_13_6) AppleWebKit/605.1.15 (KHTML, like Gecko) Version/12.0 Safari/605.1.15" 
98.243.11.182 - - [02/Oct/2018:04:40:28 -0700] "GET /bootstrap/img/favicon.ico HTTP/1.1" 200 590 "http://www.secrepo.com/" "Mozilla/5.0 (Macintosh; Intel Mac OS X 10_13_6) AppleWebKit/605.1.15 (KHTML, like Gecko) Version/12.0 Safari/605.1.15" 
117.199.72.61 - - [02/Oct/2018:04:41:26 -0700] "GET /wp-login.php HTTP/1.1" 418 732 "-" "Mozilla/5.0 (Windows NT 6.1; WOW64; rv:40.0) Gecko/20100101 Firefox/40.1" 
117.199.72.61 - - [02/Oct/2018:04:41:26 -0700] "GET / HTTP/1.1" 418 732 "-" "Mozilla/5.0 (Windows NT 6.1; WOW64; rv:40.0) Gecko/20100101 Firefox/40.1" 
18.191.165.71 - - [02/Oct/2018:04:44:16 -0700] "GET / HTTP/1.1" 200 12383 "-" "Mozilla/5.0 (Macintosh; Intel Mac OS X x.y; rv:42.0) AppleWebKit/537.36 (KHTML, like Gecko) Chrome/67.0.3396.79 Safari/537.36" 
62.102.148.164 - - [02/Oct/2018:04:45:12 -0700] "GET /admin/index.php HTTP/1.1" 301 472 "http://secrepo.com/admin/index.php" "Mozilla/5.0 (Windows NT 10.0; WOW64) AppleWebKit/537.36 (KHTML, like Gecko) Chrome/62.0.3198.0 Safari/537.36 OPR/49.0.2711.0" 
62.102.148.164 - - [02/Oct/2018:04:45:13 -0700] "GET /admin/index.php HTTP/1.1" 301 472 "http://secrepo.com/admin/index.php" "Mozilla/5.0 (Windows NT 10.0; WOW64) AppleWebKit/537.36 (KHTML, like Gecko) Chrome/62.0.3198.0 Safari/537.36 OPR/49.0.2711.0" 
206.208.229.7 - - [02/Oct/2018:04:48:00 -0700] "GET / HTTP/1.1" 200 12383 "https://www.google.com/" "Mozilla/5.0 (Windows NT 10.0; Win64; x64) AppleWebKit/537.36 (KHTML, like Gecko) Chrome/69.0.3497.100 Safari/537.36" 
198.108.66.176 - - [02/Oct/2018:04:56:49 -0700] "GET / HTTP/1.1" 301 427 "-" "Mozilla/5.0 zgrab/0.x" 
198.108.66.176 - - [02/Oct/2018:04:56:50 -0700] "GET / HTTP/1.1" 200 12327 "http://66.33.221.139:80/" "Mozilla/5.0 zgrab/0.x" 
62.102.148.164 - - [02/Oct/2018:04:59:56 -0700] "GET /e107_admin/admin.php HTTP/1.1" 301 482 "http://secrepo.com/e107_admin/admin.php" "Mozilla/5.0 (Windows NT 10.0; WOW64) AppleWebKit/537.36 (KHTML, like Gecko) Chrome/62.0.3198.0 Safari/537.36 OPR/49.0.2711.0" 
62.102.148.164 - - [02/Oct/2018:04:59:57 -0700] "GET /e107_admin/admin.php HTTP/1.1" 301 482 "http://secrepo.com/e107_admin/admin.php" "Mozilla/5.0 (Windows NT 10.0; WOW64) AppleWebKit/537.36 (KHTML, like Gecko) Chrome/62.0.3198.0 Safari/537.36 OPR/49.0.2711.0" 
41.223.160.173 - - [02/Oct/2018:05:01:25 -0700] "GET /tg/tg_snort_fast.7z HTTP/1.1" 304 131 "-" "Mozilla/5.0 Gecko/20100115 Firefox/3.6" 
41.223.160.173 - - [02/Oct/2018:05:02:47 -0700] "GET /maccdc2012/dns.log.gz HTTP/1.1" 304 154 "-" "Mozilla/5.0 Gecko/20100115 Firefox/3.6" 
122.249.231.214 - - [02/Oct/2018:05:13:31 -0700] "GET /pe_static/zeus.zip HTTP/1.1" 200 23612386 "-" "Mozilla/5.0 (Linux; Android 9; ONEPLUS A6000 Build/PKQ1.180716.001) AppleWebKit/537.36 (KHTML, like Gecko) Chrome/69.0.3497.100 Mobile Safari/537.36" 
122.249.231.214 - - [02/Oct/2018:05:13:31 -0700] "GET /pe_static/zeus.zip HTTP/1.1" 206 20501586 "-" "Mozilla/5.0 (Linux; Android 9; ONEPLUS A6000 Build/PKQ1.180716.001) AppleWebKit/537.36 (KHTML, like Gecko) Chrome/69.0.3497.100 Mobile Safari/537.36" 
122.249.231.214 - - [02/Oct/2018:05:13:31 -0700] "GET /pe_static/zeus.zip HTTP/1.1" 206 17122623 "-" "Mozilla/5.0 (Linux; Android 9; ONEPLUS A6000 Build/PKQ1.180716.001) AppleWebKit/537.36 (KHTML, like Gecko) Chrome/69.0.3497.100 Mobile Safari/537.36" 
18.222.108.192 - - [02/Oct/2018:05:14:05 -0700] "GET / HTTP/1.1" 200 12383 "-" "Mozilla/5.0 (Windows NT 6.1; Win64; x64; rv:47.0) Gecko/20100101 Chrome/67.0.3396.79 Safari/537.36" 
122.249.231.214 - - [02/Oct/2018:05:14:15 -0700] "GET /Datasets%20Description/PE_malware/Zeus.html HTTP/1.1" 200 1592 "http://www.secrepo.com/" "Mozilla/5.0 (Linux; Android 9; ONEPLUS A6000 Build/PKQ1.180716.001) AppleWebKit/537.36 (KHTML, like Gecko) Chrome/69.0.3497.100 Mobile Safari/537.36" 
122.249.231.214 - - [02/Oct/2018:05:14:15 -0700] "GET /favicon.ico HTTP/1.1" 200 267 "http://www.secrepo.com/Datasets%20Description/PE_malware/Zeus.html" "Mozilla/5.0 (Linux; Android 9; ONEPLUS A6000 Build/PKQ1.180716.001) AppleWebKit/537.36 (KHTML, like Gecko) Chrome/69.0.3497.100 Mobile Safari/537.36" 
62.102.148.164 - - [02/Oct/2018:05:15:28 -0700] "GET /admin.php?dispatch=auth.login_form&return_url=admin.php HTTP/1.1" 301 556 "http://secrepo.com/admin.php?dispatch=auth.login_form&return_url=admin.php" "Mozilla/5.0 (Windows NT 10.0; WOW64) AppleWebKit/537.36 (KHTML, like Gecko) Chrome/62.0.3198.0 Safari/537.36 OPR/49.0.2711.0" 
62.102.148.164 - - [02/Oct/2018:05:15:28 -0700] "GET /admin.php?dispatch=auth.login_form&return_url=admin.php HTTP/1.1" 301 556 "http://secrepo.com/admin.php?dispatch=auth.login_form&return_url=admin.php" "Mozilla/5.0 (Windows NT 10.0; WOW64) AppleWebKit/537.36 (KHTML, like Gecko) Chrome/62.0.3198.0 Safari/537.36 OPR/49.0.2711.0" 
18.224.45.232 - - [02/Oct/2018:05:27:22 -0700] "GET / HTTP/1.1" 200 12383 "-" "Mozilla/5.0 (Windows NT 6.1; Win64; x64; rv:47.0) Trident/5.0 Safari/602.1" 
62.102.148.164 - - [02/Oct/2018:05:30:09 -0700] "GET /index.php/login HTTP/1.1" 301 472 "http://secrepo.com/index.php/login" "Mozilla/5.0 (Windows NT 10.0; WOW64) AppleWebKit/537.36 (KHTML, like Gecko) Chrome/62.0.3198.0 Safari/537.36 OPR/49.0.2711.0" 
62.102.148.164 - - [02/Oct/2018:05:30:09 -0700] "GET /index.php/login HTTP/1.1" 301 472 "http://secrepo.com/index.php/login" "Mozilla/5.0 (Windows NT 10.0; WOW64) AppleWebKit/537.36 (KHTML, like Gecko) Chrome/62.0.3198.0 Safari/537.36 OPR/49.0.2711.0" 
61.6.237.119 - - [02/Oct/2018:05:31:34 -0700] "GET /wp-login.php HTTP/1.1" 418 732 "-" "Mozilla/5.0 (Windows NT 6.1; WOW64; rv:40.0) Gecko/20100101 Firefox/40.1" 
61.6.237.119 - - [02/Oct/2018:05:31:38 -0700] "GET / HTTP/1.1" 418 732 "-" "Mozilla/5.0 (Windows NT 6.1; WOW64; rv:40.0) Gecko/20100101 Firefox/40.1" 
153.104.35.20 - - [02/Oct/2018:05:32:20 -0700] "GET / HTTP/1.1" 200 12383 "https://www.google.com/" "Mozilla/5.0 (Windows NT 6.3; Win64; x64) AppleWebKit/537.36 (KHTML, like Gecko) Chrome/69.0.3497.100 Safari/537.36" 
153.104.35.20 - - [02/Oct/2018:05:32:38 -0700] "GET /twitter-icon.png HTTP/1.1" 200 27788 "http://www.secrepo.com/" "Mozilla/5.0 (Windows NT 6.3; Win64; x64) AppleWebKit/537.36 (KHTML, like Gecko) Chrome/69.0.3497.100 Safari/537.36" 
153.104.35.20 - - [02/Oct/2018:05:32:38 -0700] "GET /GitHub-Mark.png HTTP/1.1" 200 7428 "http://www.secrepo.com/" "Mozilla/5.0 (Windows NT 6.3; Win64; x64) AppleWebKit/537.36 (KHTML, like Gecko) Chrome/69.0.3497.100 Safari/537.36" 
157.55.39.76 - - [02/Oct/2018:05:32:42 -0700] "GET /self.logs/error.log.2018-08-28.gz HTTP/1.1" 200 6996 "-" "Mozilla/5.0 (compatible; bingbot/2.0; +http://www.bing.com/bingbot.htm)" 
157.55.39.76 - - [02/Oct/2018:05:32:42 -0700] "GET /self.logs/error.log.2016-03-14.gz HTTP/1.1" 404 340 "-" "Mozilla/5.0 (compatible; bingbot/2.0; +http://www.bing.com/bingbot.htm)" 
153.104.35.20 - - [02/Oct/2018:05:32:43 -0700] "GET /bootstrap/img/favicon.ico HTTP/1.1" 200 590 "http://www.secrepo.com/" "Mozilla/5.0 (Windows NT 6.3; Win64; x64) AppleWebKit/537.36 (KHTML, like Gecko) Chrome/69.0.3497.100 Safari/537.36" 
52.38.236.245 - - [02/Oct/2018:05:33:19 -0700] "GET / HTTP/1.1" 301 483 "-" "Mozilla/5.0 (Macintosh; Intel Mac OS X 10_10_2) AppleWebKit/600.3.18 (KHTML, like Gecko) Version/8.0.3 Safari/600.3.18" 
180.191.118.144 - - [02/Oct/2018:05:33:19 -0700] "GET /wp-login.php HTTP/1.1" 418 732 "-" "Mozilla/5.0 (Windows NT 6.1; WOW64; rv:40.0) Gecko/20100101 Firefox/40.1" 
180.191.118.144 - - [02/Oct/2018:05:33:19 -0700] "GET / HTTP/1.1" 418 732 "-" "Mozilla/5.0 (Windows NT 6.1; WOW64; rv:40.0) Gecko/20100101 Firefox/40.1" 
52.38.236.245 - - [02/Oct/2018:05:33:20 -0700] "GET / HTTP/1.1" 200 12383 "-" "Mozilla/5.0 (Macintosh; Intel Mac OS X 10_10_2) AppleWebKit/600.3.18 (KHTML, like Gecko) Version/8.0.3 Safari/600.3.18" 
93.144.204.99 - - [02/Oct/2018:05:32:49 -0700] "GET /Security-Data-Analysis/Lab_1/conn.log.zip HTTP/1.1" 200 32174604 "http://www.secrepo.com/" "Mozilla/5.0 (Windows NT 10.0; Win64; x64; rv:62.0) Gecko/20100101 Firefox/62.0" 
87.142.114.192 - - [02/Oct/2018:05:34:18 -0700] "GET /wp-login.php HTTP/1.1" 418 732 "-" "Mozilla/5.0 (Windows NT 6.1; WOW64; rv:40.0) Gecko/20100101 Firefox/40.1" 
87.142.114.192 - - [02/Oct/2018:05:34:18 -0700] "GET / HTTP/1.1" 418 732 "-" "Mozilla/5.0 (Windows NT 6.1; WOW64; rv:40.0) Gecko/20100101 Firefox/40.1" 
93.64.172.114 - - [02/Oct/2018:05:35:42 -0700] "GET /Datasets%20Description/HTML_Bro_log_1/ HTTP/1.1" 200 734 "http://www.secrepo.com/" "Mozilla/5.0 (Windows NT 10.0; Win64; x64; rv:62.0) Gecko/20100101 Firefox/62.0" 
199.58.86.209 - - [02/Oct/2018:05:36:29 -0700] "GET /robots.txt HTTP/1.1" 200 289 "-" "Mozilla/5.0 (compatible; MJ12bot/v1.4.8; http://mj12bot.com/)" 
199.58.86.209 - - [02/Oct/2018:05:36:31 -0700] "GET / HTTP/1.1" 200 46156 "-" "Mozilla/5.0 (compatible; MJ12bot/v1.4.8; http://mj12bot.com/)" 
112.82.236.24 - - [02/Oct/2018:05:37:54 -0700] "GET / HTTP/1.1" 200 12383 "-" "Mozilla/5.0 (Macintosh; Intel Mac OS X 10_14) AppleWebKit/605.1.15 (KHTML, like Gecko) Version/12.0 Safari/605.1.15" 
112.82.236.24 - - [02/Oct/2018:05:37:54 -0700] "GET /twitter-icon.png HTTP/1.1" 200 27787 "http://www.secrepo.com/" "Mozilla/5.0 (Macintosh; Intel Mac OS X 10_14) AppleWebKit/605.1.15 (KHTML, like Gecko) Version/12.0 Safari/605.1.15" 
112.82.236.24 - - [02/Oct/2018:05:37:55 -0700] "GET /GitHub-Mark.png HTTP/1.1" 200 7428 "http://www.secrepo.com/" "Mozilla/5.0 (Macintosh; Intel Mac OS X 10_14) AppleWebKit/605.1.15 (KHTML, like Gecko) Version/12.0 Safari/605.1.15" 
112.82.236.24 - - [02/Oct/2018:05:37:59 -0700] "GET /bootstrap/img/favicon.ico HTTP/1.1" 200 590 "http://www.secrepo.com/" "Mozilla/5.0 (Macintosh; Intel Mac OS X 10_14) AppleWebKit/605.1.15 (KHTML, like Gecko) Version/12.0 Safari/605.1.15" 
113.171.224.176 - - [02/Oct/2018:05:38:54 -0700] "GET /honeypot/Honeypot%20-%20Howto.pdf HTTP/1.1" 200 46720 "-" "Mozilla/5.0 Gecko/20100115 Firefox/3.6" 
188.164.201.121 - - [02/Oct/2018:05:41:39 -0700] "GET / HTTP/1.1" 200 12383 "-" "Mozilla/5.0 (Windows NT 10.0; Win64; x64) AppleWebKit/537.36 (KHTML, like Gecko) Chrome/69.0.3497.100 Safari/537.36" 
188.164.201.121 - - [02/Oct/2018:05:41:40 -0700] "GET /twitter-icon.png HTTP/1.1" 200 27787 "http://www.secrepo.com/" "Mozilla/5.0 (Windows NT 10.0; Win64; x64) AppleWebKit/537.36 (KHTML, like Gecko) Chrome/69.0.3497.100 Safari/537.36" 
188.164.201.121 - - [02/Oct/2018:05:41:40 -0700] "GET /GitHub-Mark.png HTTP/1.1" 200 7427 "http://www.secrepo.com/" "Mozilla/5.0 (Windows NT 10.0; Win64; x64) AppleWebKit/537.36 (KHTML, like Gecko) Chrome/69.0.3497.100 Safari/537.36" 
188.164.201.121 - - [02/Oct/2018:05:41:41 -0700] "GET /bootstrap/img/favicon.ico HTTP/1.1" 200 589 "http://www.secrepo.com/" "Mozilla/5.0 (Windows NT 10.0; Win64; x64) AppleWebKit/537.36 (KHTML, like Gecko) Chrome/69.0.3497.100 Safari/537.36" 
188.164.201.121 - - [02/Oct/2018:05:42:37 -0700] "GET /honeypot/honeypot.json.zip HTTP/1.1" 200 3263040 "-" "Mozilla/5.0 (Windows NT 10.0; Win64; x64) AppleWebKit/537.36 (KHTML, like Gecko) Chrome/69.0.3497.100 Safari/537.36" 
23.253.92.35 - - [02/Oct/2018:05:42:43 -0700] "GET /robots.txt HTTP/1.1" 301 446 "-" "Tornado-Async-Client" 
23.253.92.35 - - [02/Oct/2018:05:42:43 -0700] "GET /robots.txt HTTP/1.1" 304 130 "-" "Tornado-Async-Client" 
23.253.92.35 - - [02/Oct/2018:05:42:43 -0700] "GET /honeypot/BSidesDFW%20-%202014.ipynb HTTP/1.1" 301 484 "-" "Tornado-Async-Client" 
23.253.92.35 - - [02/Oct/2018:05:42:43 -0700] "GET /honeypot/BSidesDFW%20-%202014.ipynb HTTP/1.1" 200 930780 "-" "Tornado-Async-Client" 
110.23.194.166 - - [02/Oct/2018:05:44:09 -0700] "GET / HTTP/1.1" 200 12383 "https://www.google.com.au/" "Mozilla/5.0 (Macintosh; Intel Mac OS X 10_13_6) AppleWebKit/537.36 (KHTML, like Gecko) Chrome/69.0.3497.100 Safari/537.36" 
110.23.194.166 - - [02/Oct/2018:05:44:09 -0700] "GET /twitter-icon.png HTTP/1.1" 200 27787 "http://www.secrepo.com/" "Mozilla/5.0 (Macintosh; Intel Mac OS X 10_13_6) AppleWebKit/537.36 (KHTML, like Gecko) Chrome/69.0.3497.100 Safari/537.36" 
110.23.194.166 - - [02/Oct/2018:05:44:09 -0700] "GET /GitHub-Mark.png HTTP/1.1" 200 7428 "http://www.secrepo.com/" "Mozilla/5.0 (Macintosh; Intel Mac OS X 10_13_6) AppleWebKit/537.36 (KHTML, like Gecko) Chrome/69.0.3497.100 Safari/537.36" 
110.23.194.166 - - [02/Oct/2018:05:44:12 -0700] "GET /bootstrap/img/favicon.ico HTTP/1.1" 200 590 "http://www.secrepo.com/" "Mozilla/5.0 (Macintosh; Intel Mac OS X 10_13_6) AppleWebKit/537.36 (KHTML, like Gecko) Chrome/69.0.3497.100 Safari/537.36" 
52.14.175.39 - - [02/Oct/2018:05:44:20 -0700] "GET / HTTP/1.1" 200 12383 "-" "Mozilla/5.0 (Windows NT 6.1; Win64; x64; rv:47.0) Trident/5.0 Chrome/51.0.2704.106 Safari/537.36 OPR/38.0.2220.41" 
110.23.194.166 - - [02/Oct/2018:05:45:37 -0700] "GET /honeypot/honeypot.json.zip HTTP/1.1" 200 23085976 "-" "Mozilla/5.0 (Macintosh; Intel Mac OS X 10_13_6) AppleWebKit/537.36 (KHTML, like Gecko) Chrome/69.0.3497.100 Safari/537.36" 
93.64.172.114 - - [02/Oct/2018:05:46:18 -0700] "GET /tg/tg_snort_full.7z HTTP/1.1" 200 5524640 "http://www.secrepo.com/" "Mozilla/5.0 (Windows NT 10.0; Win64; x64; rv:62.0) Gecko/20100101 Firefox/62.0" 
216.244.66.245 - - [02/Oct/2018:05:46:24 -0700] "GET /robots.txt HTTP/1.1" 200 233 "-" "Mozilla/5.0 (compatible; DotBot/1.1; http://www.opensiteexplorer.org/dotbot, help@moz.com)" 
134.83.1.243 - - [02/Oct/2018:05:46:37 -0700] "GET / HTTP/1.1" 200 12383 "-" "Mozilla/5.0 (X11; Linux x86_64) AppleWebKit/537.36 (KHTML, like Gecko) Chrome/69.0.3497.81 Safari/537.36" 
134.83.1.243 - - [02/Oct/2018:05:46:37 -0700] "GET /twitter-icon.png HTTP/1.1" 200 27787 "http://www.secrepo.com/" "Mozilla/5.0 (X11; Linux x86_64) AppleWebKit/537.36 (KHTML, like Gecko) Chrome/69.0.3497.81 Safari/537.36" 
134.83.1.243 - - [02/Oct/2018:05:46:37 -0700] "GET /GitHub-Mark.png HTTP/1.1" 200 7428 "http://www.secrepo.com/" "Mozilla/5.0 (X11; Linux x86_64) AppleWebKit/537.36 (KHTML, like Gecko) Chrome/69.0.3497.81 Safari/537.36" 
134.83.1.243 - - [02/Oct/2018:05:46:38 -0700] "GET /bootstrap/img/favicon.ico HTTP/1.1" 200 589 "http://www.secrepo.com/" "Mozilla/5.0 (X11; Linux x86_64) AppleWebKit/537.36 (KHTML, like Gecko) Chrome/69.0.3497.81 Safari/537.36" 
122.15.156.73 - - [02/Oct/2018:05:50:54 -0700] "GET / HTTP/1.1" 304 189 "-" "Mozilla/4.0 (compatible;)" 
216.244.66.245 - - [02/Oct/2018:06:00:07 -0700] "GET /self.logs/access.log.2017-11-16.gz HTTP/1.1" 200 27033 "-" "Mozilla/5.0 (compatible; DotBot/1.1; http://www.opensiteexplorer.org/dotbot, help@moz.com)" 
216.244.66.245 - - [02/Oct/2018:06:00:10 -0700] "GET /self.logs/error.log.2017-12-13.gz HTTP/1.1" 200 1915 "-" "Mozilla/5.0 (compatible; DotBot/1.1; http://www.opensiteexplorer.org/dotbot, help@moz.com)" 
66.249.93.95 - - [02/Oct/2018:06:01:41 -0700] "GET / HTTP/1.1" 200 12383 "-" "Mozilla/5.0 (X11; Linux x86_64) AppleWebKit/537.36 (KHTML, like Gecko) Chrome/49.0.2623.75 Safari/537.36 Google Favicon" 
66.249.93.93 - - [02/Oct/2018:06:01:42 -0700] "GET /bootstrap/img/favicon.ico HTTP/1.1" 200 590 "-" "Mozilla/5.0 (X11; Linux x86_64) AppleWebKit/537.36 (KHTML, like Gecko) Chrome/49.0.2623.75 Safari/537.36 Google Favicon" 
183.83.37.147 - - [02/Oct/2018:06:03:26 -0700] "GET / HTTP/1.1" 200 12383 "-" "Mozilla/5.0 (Windows NT 10.0) AppleWebKit/537.36 (KHTML, like Gecko) Chrome/58.0.3029.110 Safari/537.36 Edge/16.16299" 
183.83.37.147 - - [02/Oct/2018:06:03:26 -0700] "GET /twitter-icon.png HTTP/1.1" 200 27787 "http://www.secrepo.com/" "Mozilla/5.0 (Windows NT 10.0) AppleWebKit/537.36 (KHTML, like Gecko) Chrome/58.0.3029.110 Safari/537.36 Edge/16.16299" 
183.83.37.147 - - [02/Oct/2018:06:03:26 -0700] "GET /GitHub-Mark.png HTTP/1.1" 200 7428 "http://www.secrepo.com/" "Mozilla/5.0 (Windows NT 10.0) AppleWebKit/537.36 (KHTML, like Gecko) Chrome/58.0.3029.110 Safari/537.36 Edge/16.16299" 
183.83.37.147 - - [02/Oct/2018:06:03:27 -0700] "GET /bootstrap/img/favicon.ico HTTP/1.1" 200 590 "-" "Mozilla/5.0 (Windows NT 10.0) AppleWebKit/537.36 (KHTML, like Gecko) Chrome/58.0.3029.110 Safari/537.36 Edge/16.16299" 
111.88.35.61 - - [02/Oct/2018:06:05:17 -0700] "GET /wp-login.php HTTP/1.1" 418 732 "-" "Mozilla/5.0 (Windows NT 6.1; WOW64; rv:40.0) Gecko/20100101 Firefox/40.1" 
66.249.93.95 - - [02/Oct/2018:06:11:08 -0700] "GET / HTTP/1.1" 200 12383 "-" "Mozilla/5.0 (X11; Linux x86_64) AppleWebKit/537.36 (KHTML, like Gecko) Chrome/49.0.2623.75 Safari/537.36 Google Favicon" 
66.249.93.64 - - [02/Oct/2018:06:11:08 -0700] "GET /bootstrap/img/favicon.ico HTTP/1.1" 200 590 "-" "Mozilla/5.0 (X11; Linux x86_64) AppleWebKit/537.36 (KHTML, like Gecko) Chrome/49.0.2623.75 Safari/537.36 Google Favicon" 
18.188.94.118 - - [02/Oct/2018:06:14:19 -0700] "GET / HTTP/1.1" 200 12383 "-" "Mozilla/5.0 (Macintosh; Intel Mac OS X x.y; rv:42.0) Trident/5.0 Safari/602.1" 
216.244.66.245 - - [02/Oct/2018:06:14:38 -0700] "GET /self.logs/access.log.2015-04-15.gz HTTP/1.1" 404 239 "-" "Mozilla/5.0 (compatible; DotBot/1.1; http://www.opensiteexplorer.org/dotbot, help@moz.com)" 
216.244.66.245 - - [02/Oct/2018:06:14:39 -0700] "GET /self.logs/access.log.2015-08-10.gz HTTP/1.1" 404 239 "-" "Mozilla/5.0 (compatible; DotBot/1.1; http://www.opensiteexplorer.org/dotbot, help@moz.com)" 
216.244.66.245 - - [02/Oct/2018:06:14:40 -0700] "GET /self.logs/access.log.2015-10-15.gz HTTP/1.1" 404 239 "-" "Mozilla/5.0 (compatible; DotBot/1.1; http://www.opensiteexplorer.org/dotbot, help@moz.com)" 
216.244.66.245 - - [02/Oct/2018:06:14:42 -0700] "GET /self.logs/access.log.2015-12-03.gz HTTP/1.1" 404 239 "-" "Mozilla/5.0 (compatible; DotBot/1.1; http://www.opensiteexplorer.org/dotbot, help@moz.com)" 
216.244.66.245 - - [02/Oct/2018:06:14:43 -0700] "GET /self.logs/access.log.2016-04-05.gz HTTP/1.1" 404 239 "-" "Mozilla/5.0 (compatible; DotBot/1.1; http://www.opensiteexplorer.org/dotbot, help@moz.com)" 
216.244.66.245 - - [02/Oct/2018:06:14:44 -0700] "GET /self.logs/access.log.2016-04-14.gz HTTP/1.1" 404 239 "-" "Mozilla/5.0 (compatible; DotBot/1.1; http://www.opensiteexplorer.org/dotbot, help@moz.com)" 
216.244.66.245 - - [02/Oct/2018:06:14:45 -0700] "GET /self.logs/access.log.2016-09-21.gz HTTP/1.1" 404 239 "-" "Mozilla/5.0 (compatible; DotBot/1.1; http://www.opensiteexplorer.org/dotbot, help@moz.com)" 
216.244.66.245 - - [02/Oct/2018:06:14:46 -0700] "GET /self.logs/error.log.2015-11-11.gz HTTP/1.1" 404 239 "-" "Mozilla/5.0 (compatible; DotBot/1.1; http://www.opensiteexplorer.org/dotbot, help@moz.com)" 
216.244.66.245 - - [02/Oct/2018:06:14:47 -0700] "GET /self.logs/error.log.2015-11-17.gz HTTP/1.1" 404 239 "-" "Mozilla/5.0 (compatible; DotBot/1.1; http://www.opensiteexplorer.org/dotbot, help@moz.com)" 
216.244.66.245 - - [02/Oct/2018:06:14:48 -0700] "GET /self.logs/error.log.2015-11-22.gz HTTP/1.1" 404 239 "-" "Mozilla/5.0 (compatible; DotBot/1.1; http://www.opensiteexplorer.org/dotbot, help@moz.com)" 
216.244.66.245 - - [02/Oct/2018:06:14:49 -0700] "GET /self.logs/error.log.2016-06-19.gz HTTP/1.1" 404 239 "-" "Mozilla/5.0 (compatible; DotBot/1.1; http://www.opensiteexplorer.org/dotbot, help@moz.com)" 
54.36.149.64 - - [02/Oct/2018:06:15:40 -0700] "GET /self.logs/2015/access.log.2015-01-18.gz HTTP/1.1" 200 3416 "-" "Mozilla/5.0 (compatible; AhrefsBot/5.2; +http://ahrefs.com/robot/)" 
62.24.102.116 - - [02/Oct/2018:06:08:16 -0700] "GET /Security-Data-Analysis/Lab_1/conn.log.zip HTTP/1.1" 200 1448320 "-" "Wget/1.19.5 (linux-gnu)" 
93.64.172.114 - - [02/Oct/2018:06:17:29 -0700] "GET /Datasets%20Description/HTML_Bro_log_2 HTTP/1.1" 301 552 "http://www.secrepo.com/" "Mozilla/5.0 (Windows NT 10.0; Win64; x64; rv:62.0) Gecko/20100101 Firefox/62.0" 
93.64.172.114 - - [02/Oct/2018:06:17:30 -0700] "GET /Datasets%20Description/HTML_Bro_log_2/ HTTP/1.1" 200 732 "http://www.secrepo.com/" "Mozilla/5.0 (Windows NT 10.0; Win64; x64; rv:62.0) Gecko/20100101 Firefox/62.0" 
93.64.172.114 - - [02/Oct/2018:06:17:43 -0700] "GET /Datasets%20Description/HTML_Bro_log_2/ HTTP/1.1" 200 733 "http://www.secrepo.com/" "Mozilla/5.0 (Windows NT 10.0; Win64; x64; rv:62.0) Gecko/20100101 Firefox/62.0" 
93.64.172.114 - - [02/Oct/2018:06:17:49 -0700] "GET /Datasets%20Description/HTML_Bro_log_2/weird.html HTTP/1.1" 200 1829 "http://www.secrepo.com/Datasets%20Description/HTML_Bro_log_2/" "Mozilla/5.0 (Windows NT 10.0; Win64; x64; rv:62.0) Gecko/20100101 Firefox/62.0" 
93.64.172.114 - - [02/Oct/2018:06:18:14 -0700] "GET /tg/tg_snort_fast.7z HTTP/1.1" 200 4274093 "http://www.secrepo.com/" "Mozilla/5.0 (Windows NT 10.0; Win64; x64; rv:62.0) Gecko/20100101 Firefox/62.0" 
93.64.172.114 - - [02/Oct/2018:06:18:19 -0700] "GET /tg/tg_snort_full.7z HTTP/1.1" 206 4548447 "http://www.secrepo.com/" "Mozilla/5.0 (Windows NT 10.0; Win64; x64; rv:62.0) Gecko/20100101 Firefox/62.0" 
186.143.135.146 - - [02/Oct/2018:06:18:33 -0700] "GET / HTTP/1.1" 200 12383 "-" "Mozilla/5.0 (Linux; Android 8.0.0; SAMSUNG SM-G950F Build/R16NW) AppleWebKit/537.36 (KHTML, like Gecko) SamsungBrowser/7.4 Chrome/59.0.3071.125 Mobile Safari/537.36" 
186.143.135.146 - - [02/Oct/2018:06:18:36 -0700] "GET /twitter-icon.png HTTP/1.1" 200 27788 "http://www.secrepo.com/" "Mozilla/5.0 (Linux; Android 8.0.0; SAMSUNG SM-G950F Build/R16NW) AppleWebKit/537.36 (KHTML, like Gecko) SamsungBrowser/7.4 Chrome/59.0.3071.125 Mobile Safari/537.36" 
186.143.135.146 - - [02/Oct/2018:06:18:36 -0700] "GET /GitHub-Mark.png HTTP/1.1" 200 7428 "http://www.secrepo.com/" "Mozilla/5.0 (Linux; Android 8.0.0; SAMSUNG SM-G950F Build/R16NW) AppleWebKit/537.36 (KHTML, like Gecko) SamsungBrowser/7.4 Chrome/59.0.3071.125 Mobile Safari/537.36" 
186.143.135.146 - - [02/Oct/2018:06:18:43 -0700] "GET /bootstrap/img/favicon.ico HTTP/1.1" 200 590 "http://www.secrepo.com/" "Mozilla/5.0 (Linux; Android 8.0.0; SAMSUNG SM-G950F Build/R16NW) AppleWebKit/537.36 (KHTML, like Gecko) SamsungBrowser/7.4 Chrome/59.0.3071.125 Mobile Safari/537.36" 
93.64.172.114 - - [02/Oct/2018:06:18:43 -0700] "GET /misc/zeus_dga_domains.txt.zip HTTP/1.1" 200 594360 "http://www.secrepo.com/" "Mozilla/5.0 (Windows NT 10.0; Win64; x64; rv:62.0) Gecko/20100101 Firefox/62.0" 
196.188.12.47 - - [02/Oct/2018:06:18:47 -0700] "GET /wp-login.php HTTP/1.1" 418 732 "-" "Mozilla/5.0 (Windows NT 6.1; WOW64; rv:40.0) Gecko/20100101 Firefox/40.1" 
196.188.12.47 - - [02/Oct/2018:06:18:48 -0700] "GET / HTTP/1.1" 418 732 "-" "Mozilla/5.0 (Windows NT 6.1; WOW64; rv:40.0) Gecko/20100101 Firefox/40.1" 
93.64.172.114 - - [02/Oct/2018:06:18:58 -0700] "GET /Datasets%20Description/PE_malware/Zeus.html HTTP/1.1" 200 1592 "http://www.secrepo.com/" "Mozilla/5.0 (Windows NT 10.0; Win64; x64; rv:62.0) Gecko/20100101 Firefox/62.0" 
93.108.248.34 - - [02/Oct/2018:06:19:32 -0700] "GET /wp-login.php HTTP/1.1" 418 732 "-" "Mozilla/5.0 (Windows NT 6.1; WOW64; rv:40.0) Gecko/20100101 Firefox/40.1" 
93.108.248.34 - - [02/Oct/2018:06:19:32 -0700] "GET / HTTP/1.1" 418 732 "-" "Mozilla/5.0 (Windows NT 6.1; WOW64; rv:40.0) Gecko/20100101 Firefox/40.1" 
54.36.149.21 - - [02/Oct/2018:06:20:35 -0700] "GET /self.logs/2015/access.log.2015-01-24.gz HTTP/1.1" 200 2221 "-" "Mozilla/5.0 (compatible; AhrefsBot/5.2; +http://ahrefs.com/robot/)" 
209.15.209.85 - - [02/Oct/2018:06:24:48 -0700] "HEAD / HTTP/1.1" 200 239 "-" "-" 
71.178.51.113 - - [02/Oct/2018:06:24:49 -0700] "GET / HTTP/1.1" 200 12383 "https://www.researchgate.net/" "Mozilla/5.0 (Macintosh; Intel Mac OS X 10_11_6) AppleWebKit/537.36 (KHTML, like Gecko) Chrome/69.0.3497.100 Safari/537.36" 
71.178.51.113 - - [02/Oct/2018:06:24:49 -0700] "GET /twitter-icon.png HTTP/1.1" 200 27787 "http://www.secrepo.com/" "Mozilla/5.0 (Macintosh; Intel Mac OS X 10_11_6) AppleWebKit/537.36 (KHTML, like Gecko) Chrome/69.0.3497.100 Safari/537.36" 
71.178.51.113 - - [02/Oct/2018:06:24:49 -0700] "GET /GitHub-Mark.png HTTP/1.1" 200 7427 "http://www.secrepo.com/" "Mozilla/5.0 (Macintosh; Intel Mac OS X 10_11_6) AppleWebKit/537.36 (KHTML, like Gecko) Chrome/69.0.3497.100 Safari/537.36" 
71.178.51.113 - - [02/Oct/2018:06:24:50 -0700] "GET /bootstrap/img/favicon.ico HTTP/1.1" 200 589 "http://www.secrepo.com/" "Mozilla/5.0 (Macintosh; Intel Mac OS X 10_11_6) AppleWebKit/537.36 (KHTML, like Gecko) Chrome/69.0.3497.100 Safari/537.36" 
62.24.102.116 - - [02/Oct/2018:06:19:03 -0700] "GET /Security-Data-Analysis/Lab_1/conn.log.zip HTTP/1.1" 206 1661744 "-" "Wget/1.19.5 (linux-gnu)" 
62.24.102.116 - - [02/Oct/2018:06:09:44 -0700] "GET /Security-Data-Analysis/Lab_1/conn.log.zip HTTP/1.1" 200 4677840 "-" "Mozilla/5.0 (X11; Linux x86_64; rv:61.0) Gecko/20100101 Firefox/61.0" 
41.204.44.99 - - [02/Oct/2018:06:25:42 -0700] "GET /wp-login.php HTTP/1.1" 418 732 "-" "Mozilla/5.0 (Windows NT 6.1; WOW64; rv:40.0) Gecko/20100101 Firefox/40.1" 
41.204.44.99 - - [02/Oct/2018:06:25:43 -0700] "GET / HTTP/1.1" 418 732 "-" "Mozilla/5.0 (Windows NT 6.1; WOW64; rv:40.0) Gecko/20100101 Firefox/40.1" 
218.88.120.110 - - [02/Oct/2018:06:27:57 -0700] "GET /favicon.ico HTTP/1.1" 200 268 "-" "Mozilla/5.0 (Windows NT 6.1; WOW64) AppleWebKit/537.36 (KHTML, like Gecko) Chrome/63.0.3239.132 Safari/537.36" 
18.224.45.232 - - [02/Oct/2018:06:30:41 -0700] "GET / HTTP/1.1" 200 12383 "-" "Mozilla/5.0 (Macintosh; Intel Mac OS X x.y; rv:42.0) Trident/5.0 Chrome/51.0.2704.106 Safari/537.36 OPR/38.0.2220.41" 
93.64.172.114 - - [02/Oct/2018:06:31:03 -0700] "GET /tg/b.zip HTTP/1.1" 200 1162160 "http://www.secrepo.com/" "Mozilla/5.0 (Windows NT 10.0; Win64; x64; rv:62.0) Gecko/20100101 Firefox/62.0" 
54.36.149.81 - - [02/Oct/2018:06:33:28 -0700] "GET /self.logs/access.log.2016-11-11.gz HTTP/1.1" 404 284 "-" "Mozilla/5.0 (compatible; AhrefsBot/5.2; +http://ahrefs.com/robot/)" 
54.36.148.193 - - [02/Oct/2018:06:34:29 -0700] "GET /self.logs/2016/error.log.2016-04-30.gz HTTP/1.1" 200 635 "-" "Mozilla/5.0 (compatible; AhrefsBot/5.2; +http://ahrefs.com/robot/)" 
62.24.102.116 - - [02/Oct/2018:06:34:45 -0700] "GET /Security-Data-Analysis/Lab_1/conn.log.zip HTTP/1.1" 200 52560 "-" "Mozilla/5.0 (X11; Linux x86_64; rv:61.0) Gecko/20100101 Firefox/61.0" 
62.24.102.116 - - [02/Oct/2018:06:35:00 -0700] "GET /Security-Data-Analysis/Lab_1/conn.log.zip HTTP/1.1" 200 52560 "-" "Mozilla/5.0 (X11; Linux x86_64; rv:61.0) Gecko/20100101 Firefox/61.0" 
178.15.2.163 - - [02/Oct/2018:06:35:25 -0700] "GET /wp-login.php HTTP/1.1" 418 732 "-" "Mozilla/5.0 (Windows NT 6.1; WOW64; rv:40.0) Gecko/20100101 Firefox/40.1" 
178.15.2.163 - - [02/Oct/2018:06:35:25 -0700] "GET / HTTP/1.1" 418 732 "-" "Mozilla/5.0 (Windows NT 6.1; WOW64; rv:40.0) Gecko/20100101 Firefox/40.1" 
58.34.34.237 - - [02/Oct/2018:06:36:30 -0700] "GET /favicon.ico HTTP/1.1" 301 501 "-" "Mozilla/5.0 (Windows NT 10.0; WOW64) AppleWebKit/537.36 (KHTML, like Gecko) Chrome/58.0.3029.110 Safari/537.36 SE 2.X MetaSr 1.0" 
