119.14.83.127 - - [15/Jul/2018:06:12:58 -0700] "GET /self.logs/access.log.2018-06-02.gz HTTP/1.1" 200 13956 "-" "python-requests/2.18.0" 
119.14.83.127 - - [15/Jul/2018:06:12:59 -0700] "GET /self.logs/access.log.2018-06-03.gz HTTP/1.1" 200 16377 "-" "python-requests/2.18.0" 
119.14.83.127 - - [15/Jul/2018:06:13:00 -0700] "GET /self.logs/access.log.2018-06-04.gz HTTP/1.1" 200 19964 "-" "python-requests/2.18.0" 
113.171.224.176 - - [15/Jul/2018:06:13:00 -0700] "GET /honeypot/Honeypot%20-%20Howto.pdf HTTP/1.1" 200 46720 "-" "Mozilla/5.0 Gecko/20100115 Firefox/3.6" 
119.14.83.127 - - [15/Jul/2018:06:13:01 -0700] "GET /self.logs/access.log.2018-06-05.gz HTTP/1.1" 200 20876 "-" "python-requests/2.18.0" 
119.14.83.127 - - [15/Jul/2018:06:13:02 -0700] "GET /self.logs/access.log.2018-06-06.gz HTTP/1.1" 200 20811 "-" "python-requests/2.18.0" 
119.14.83.127 - - [15/Jul/2018:06:13:03 -0700] "GET /self.logs/access.log.2018-06-07.gz HTTP/1.1" 200 21278 "-" "python-requests/2.18.0" 
119.14.83.127 - - [15/Jul/2018:06:13:04 -0700] "GET /self.logs/access.log.2018-06-08.gz HTTP/1.1" 200 20532 "-" "python-requests/2.18.0" 
119.14.83.127 - - [15/Jul/2018:06:13:04 -0700] "GET /self.logs/access.log.2018-06-09.gz HTTP/1.1" 200 20233 "-" "python-requests/2.18.0" 
119.14.83.127 - - [15/Jul/2018:06:13:05 -0700] "GET /self.logs/access.log.2018-06-10.gz HTTP/1.1" 200 23779 "-" "python-requests/2.18.0" 
119.14.83.127 - - [15/Jul/2018:06:13:06 -0700] "GET /self.logs/access.log.2018-06-11.gz HTTP/1.1" 200 21334 "-" "python-requests/2.18.0" 
119.14.83.127 - - [15/Jul/2018:06:13:07 -0700] "GET /self.logs/access.log.2018-06-12.gz HTTP/1.1" 200 25362 "-" "python-requests/2.18.0" 
119.14.83.127 - - [15/Jul/2018:06:13:08 -0700] "GET /self.logs/access.log.2018-06-13.gz HTTP/1.1" 200 27046 "-" "python-requests/2.18.0" 
119.14.83.127 - - [15/Jul/2018:06:13:08 -0700] "GET /self.logs/access.log.2018-06-14.gz HTTP/1.1" 200 25971 "-" "python-requests/2.18.0" 
119.14.83.127 - - [15/Jul/2018:06:13:09 -0700] "GET /self.logs/access.log.2018-06-15.gz HTTP/1.1" 200 111994 "-" "python-requests/2.18.0" 
119.14.83.127 - - [15/Jul/2018:06:13:11 -0700] "GET /self.logs/access.log.2018-06-16.gz HTTP/1.1" 200 17456 "-" "python-requests/2.18.0" 
119.14.83.127 - - [15/Jul/2018:06:13:12 -0700] "GET /self.logs/access.log.2018-06-17.gz HTTP/1.1" 200 21993 "-" "python-requests/2.18.0" 
119.14.83.127 - - [15/Jul/2018:06:13:13 -0700] "GET /self.logs/access.log.2018-06-18.gz HTTP/1.1" 200 26539 "-" "python-requests/2.18.0" 
119.14.83.127 - - [15/Jul/2018:06:13:14 -0700] "GET /self.logs/access.log.2018-06-19.gz HTTP/1.1" 200 25804 "-" "python-requests/2.18.0" 
119.14.83.127 - - [15/Jul/2018:06:13:14 -0700] "GET /self.logs/access.log.2018-06-20.gz HTTP/1.1" 200 24271 "-" "python-requests/2.18.0" 
119.14.83.127 - - [15/Jul/2018:06:13:15 -0700] "GET /self.logs/access.log.2018-06-21.gz HTTP/1.1" 200 21790 "-" "python-requests/2.18.0" 
119.14.83.127 - - [15/Jul/2018:06:13:16 -0700] "GET /self.logs/access.log.2018-06-22.gz HTTP/1.1" 200 19085 "-" "python-requests/2.18.0" 
119.14.83.127 - - [15/Jul/2018:06:13:17 -0700] "GET /self.logs/access.log.2018-06-23.gz HTTP/1.1" 200 16159 "-" "python-requests/2.18.0" 
119.14.83.127 - - [15/Jul/2018:06:13:17 -0700] "GET /self.logs/access.log.2018-06-24.gz HTTP/1.1" 200 17204 "-" "python-requests/2.18.0" 
119.14.83.127 - - [15/Jul/2018:06:13:18 -0700] "GET /self.logs/access.log.2018-06-25.gz HTTP/1.1" 200 19705 "-" "python-requests/2.18.0" 
119.14.83.127 - - [15/Jul/2018:06:13:19 -0700] "GET /self.logs/access.log.2018-06-26.gz HTTP/1.1" 200 19106 "-" "python-requests/2.18.0" 
119.14.83.127 - - [15/Jul/2018:06:13:20 -0700] "GET /self.logs/access.log.2018-06-27.gz HTTP/1.1" 200 30082 "-" "python-requests/2.18.0" 
119.14.83.127 - - [15/Jul/2018:06:13:21 -0700] "GET /self.logs/access.log.2018-06-28.gz HTTP/1.1" 200 35178 "-" "python-requests/2.18.0" 
119.14.83.127 - - [15/Jul/2018:06:13:22 -0700] "GET /self.logs/access.log.2018-06-29.gz HTTP/1.1" 200 39779 "-" "python-requests/2.18.0" 
119.14.83.127 - - [15/Jul/2018:06:13:23 -0700] "GET /self.logs/access.log.2018-06-30.gz HTTP/1.1" 200 20997 "-" "python-requests/2.18.0" 
119.14.83.127 - - [15/Jul/2018:06:13:24 -0700] "GET /self.logs/access.log.2018-07-01.gz HTTP/1.1" 200 18705 "-" "python-requests/2.18.0" 
119.14.83.127 - - [15/Jul/2018:06:13:24 -0700] "GET /self.logs/access.log.2018-07-02.gz HTTP/1.1" 200 44919 "-" "python-requests/2.18.0" 
119.14.83.127 - - [15/Jul/2018:06:13:26 -0700] "GET /self.logs/access.log.2018-07-03.gz HTTP/1.1" 200 37905 "-" "python-requests/2.18.0" 
119.14.83.127 - - [15/Jul/2018:06:13:27 -0700] "GET /self.logs/access.log.2018-07-04.gz HTTP/1.1" 200 21928 "-" "python-requests/2.18.0" 
119.14.83.127 - - [15/Jul/2018:06:13:27 -0700] "GET /self.logs/access.log.2018-07-05.gz HTTP/1.1" 200 22451 "-" "python-requests/2.18.0" 
119.14.83.127 - - [15/Jul/2018:06:13:28 -0700] "GET /self.logs/access.log.2018-07-06.gz HTTP/1.1" 200 28056 "-" "python-requests/2.18.0" 
119.14.83.127 - - [15/Jul/2018:06:13:29 -0700] "GET /self.logs/access.log.2018-07-07.gz HTTP/1.1" 200 72965 "-" "python-requests/2.18.0" 
119.14.83.127 - - [15/Jul/2018:06:13:31 -0700] "GET /self.logs/access.log.2018-07-08.gz HTTP/1.1" 200 30533 "-" "python-requests/2.18.0" 
119.14.83.127 - - [15/Jul/2018:06:13:32 -0700] "GET /self.logs/access.log.2018-07-09.gz HTTP/1.1" 200 24000 "-" "python-requests/2.18.0" 
119.14.83.127 - - [15/Jul/2018:06:13:33 -0700] "GET /self.logs/access.log.2018-07-10.gz HTTP/1.1" 200 33776 "-" "python-requests/2.18.0" 
119.14.83.127 - - [15/Jul/2018:06:13:34 -0700] "GET /self.logs/access.log.2018-07-11.gz HTTP/1.1" 200 32658 "-" "python-requests/2.18.0" 
119.14.83.127 - - [15/Jul/2018:06:13:37 -0700] "GET /self.logs/access.log.2018-07-12.gz HTTP/1.1" 200 18943 "-" "python-requests/2.18.0" 
119.14.83.127 - - [15/Jul/2018:06:13:37 -0700] "GET /self.logs/access.log.2018-07-13.gz HTTP/1.1" 404 340 "-" "python-requests/2.18.0" 
119.14.83.127 - - [15/Jul/2018:06:13:38 -0700] "GET /self.logs/access.log.2018-07-14.gz HTTP/1.1" 404 340 "-" "python-requests/2.18.0" 
74.137.205.63 - - [15/Jul/2018:06:18:17 -0700] "GET /wp-login.php HTTP/1.1" 418 732 "-" "Mozilla/5.0 (Windows NT 6.1; WOW64; rv:40.0) Gecko/20100101 Firefox/40.1" 
74.137.205.63 - - [15/Jul/2018:06:18:18 -0700] "GET / HTTP/1.1" 418 732 "-" "Mozilla/5.0 (Windows NT 6.1; WOW64; rv:40.0) Gecko/20100101 Firefox/40.1" 
122.118.223.46 - - [15/Jul/2018:06:21:42 -0700] "GET /self.logs/ HTTP/1.1" 200 11022 "-" "Mozilla/5.0 (X11; Ubuntu; Linux x86_64; rv:61.0) Gecko/20100101 Firefox/61.0" 
122.118.223.46 - - [15/Jul/2018:06:21:43 -0700] "GET /favicon.ico HTTP/1.1" 200 267 "-" "Mozilla/5.0 (X11; Ubuntu; Linux x86_64; rv:61.0) Gecko/20100101 Firefox/61.0" 
122.118.223.46 - - [15/Jul/2018:06:21:46 -0700] "GET /self.logs/access.log.2017-01-01.gz HTTP/1.1" 200 17655 "http://www.secrepo.com/self.logs/" "Mozilla/5.0 (X11; Ubuntu; Linux x86_64; rv:61.0) Gecko/20100101 Firefox/61.0" 
122.118.223.46 - - [15/Jul/2018:06:21:50 -0700] "GET /self.logs/access.log.2017-01-03.gz HTTP/1.1" 200 40945 "http://www.secrepo.com/self.logs/" "Mozilla/5.0 (X11; Ubuntu; Linux x86_64; rv:61.0) Gecko/20100101 Firefox/61.0" 
122.118.223.46 - - [15/Jul/2018:06:21:51 -0700] "GET /self.logs/access.log.2017-01-02.gz HTTP/1.1" 200 26822 "http://www.secrepo.com/self.logs/" "Mozilla/5.0 (X11; Ubuntu; Linux x86_64; rv:61.0) Gecko/20100101 Firefox/61.0" 
122.118.223.46 - - [15/Jul/2018:06:21:54 -0700] "GET /self.logs/access.log.2017-01-04.gz HTTP/1.1" 200 33744 "http://www.secrepo.com/self.logs/" "Mozilla/5.0 (X11; Ubuntu; Linux x86_64; rv:61.0) Gecko/20100101 Firefox/61.0" 
122.118.223.46 - - [15/Jul/2018:06:22:03 -0700] "GET /self.logs/2016/ HTTP/1.1" 200 7741 "http://www.secrepo.com/self.logs/" "Mozilla/5.0 (X11; Ubuntu; Linux x86_64; rv:61.0) Gecko/20100101 Firefox/61.0" 
122.118.223.46 - - [15/Jul/2018:06:22:09 -0700] "GET /self.logs/2016/access.log.2016-01-01.gz HTTP/1.1" 200 5505 "http://www.secrepo.com/self.logs/2016/" "Mozilla/5.0 (X11; Ubuntu; Linux x86_64; rv:61.0) Gecko/20100101 Firefox/61.0" 
122.118.223.46 - - [15/Jul/2018:06:22:12 -0700] "GET /self.logs/2016/access.log.2016-01-12.gz HTTP/1.1" 200 7484 "http://www.secrepo.com/self.logs/2016/" "Mozilla/5.0 (X11; Ubuntu; Linux x86_64; rv:61.0) Gecko/20100101 Firefox/61.0" 
122.118.223.46 - - [15/Jul/2018:06:22:15 -0700] "GET /self.logs/2016/error.log.2016-12-31.gz HTTP/1.1" 200 771 "http://www.secrepo.com/self.logs/2016/" "Mozilla/5.0 (X11; Ubuntu; Linux x86_64; rv:61.0) Gecko/20100101 Firefox/61.0" 
122.118.223.46 - - [15/Jul/2018:06:22:22 -0700] "GET /self.logs/ HTTP/1.1" 200 11022 "http://www.secrepo.com/self.logs/2016/" "Mozilla/5.0 (X11; Ubuntu; Linux x86_64; rv:61.0) Gecko/20100101 Firefox/61.0" 
122.118.223.46 - - [15/Jul/2018:06:22:25 -0700] "GET /self.logs/2016/ HTTP/1.1" 200 7741 "http://www.secrepo.com/self.logs/" "Mozilla/5.0 (X11; Ubuntu; Linux x86_64; rv:61.0) Gecko/20100101 Firefox/61.0" 
2.134.197.244 - - [15/Jul/2018:06:22:29 -0700] "GET /wp-login.php HTTP/1.1" 418 732 "-" "Mozilla/5.0 (Windows NT 6.1; WOW64; rv:40.0) Gecko/20100101 Firefox/40.1" 
2.134.197.244 - - [15/Jul/2018:06:22:29 -0700] "GET / HTTP/1.1" 418 732 "-" "Mozilla/5.0 (Windows NT 6.1; WOW64; rv:40.0) Gecko/20100101 Firefox/40.1" 
218.76.29.43 - - [15/Jul/2018:06:22:59 -0700] "GET / HTTP/1.1" 200 11357 "-" "Mozilla/5.0 (Windows NT 10.0; WOW64) AppleWebKit/537.36 (KHTML, like Gecko) Chrome/65.0.3325.181 Safari/537.36" 
218.76.29.43 - - [15/Jul/2018:06:22:59 -0700] "GET /GitHub-Mark.png HTTP/1.1" 200 7428 "http://www.secrepo.com/" "Mozilla/5.0 (Windows NT 10.0; WOW64) AppleWebKit/537.36 (KHTML, like Gecko) Chrome/65.0.3325.181 Safari/537.36" 
218.76.29.43 - - [15/Jul/2018:06:22:59 -0700] "GET /twitter-icon.png HTTP/1.1" 200 27787 "http://www.secrepo.com/" "Mozilla/5.0 (Windows NT 10.0; WOW64) AppleWebKit/537.36 (KHTML, like Gecko) Chrome/65.0.3325.181 Safari/537.36" 
119.92.91.107 - - [15/Jul/2018:06:24:30 -0700] "GET /wp-login.php HTTP/1.1" 418 732 "-" "Mozilla/5.0 (Windows NT 6.1; WOW64; rv:40.0) Gecko/20100101 Firefox/40.1" 
119.92.91.107 - - [15/Jul/2018:06:24:30 -0700] "GET / HTTP/1.1" 418 732 "-" "Mozilla/5.0 (Windows NT 6.1; WOW64; rv:40.0) Gecko/20100101 Firefox/40.1" 
122.118.223.46 - - [15/Jul/2018:06:25:13 -0700] "GET /self.logs/ HTTP/1.1" 200 11022 "http://www.secrepo.com/self.logs/2016/" "Mozilla/5.0 (X11; Ubuntu; Linux x86_64; rv:61.0) Gecko/20100101 Firefox/61.0" 
218.76.29.43 - - [15/Jul/2018:06:25:50 -0700] "GET /bootstrap/img/favicon.ico HTTP/1.1" 200 590 "http://www.secrepo.com/" "Mozilla/5.0 (Windows NT 10.0; WOW64) AppleWebKit/537.36 (KHTML, like Gecko) Chrome/65.0.3325.181 Safari/537.36" 
74.220.219.130 - - [15/Jul/2018:06:26:03 -0700] "GET / HTTP/1.1" 200 38539 "-" "Mozilla/5.0 (Windows NT 6.1; WOW64) AppleWebKit/537.36 (KHTML, like Gecko) Chrome/33.0.1750.154 Safari/537.36" 
100.16.221.250 - - [15/Jul/2018:06:26:47 -0700] "GET / HTTP/1.1" 200 11357 "https://www.google.com/" "Mozilla/5.0 (X11; Linux x86_64) AppleWebKit/537.36 (KHTML, like Gecko) Chrome/67.0.3396.99 Safari/537.36" 
100.16.221.250 - - [15/Jul/2018:06:26:53 -0700] "GET /twitter-icon.png HTTP/1.1" 200 27788 "http://www.secrepo.com/" "Mozilla/5.0 (X11; Linux x86_64) AppleWebKit/537.36 (KHTML, like Gecko) Chrome/67.0.3396.99 Safari/537.36" 
100.16.221.250 - - [15/Jul/2018:06:26:53 -0700] "GET /GitHub-Mark.png HTTP/1.1" 200 7428 "http://www.secrepo.com/" "Mozilla/5.0 (X11; Linux x86_64) AppleWebKit/537.36 (KHTML, like Gecko) Chrome/67.0.3396.99 Safari/537.36" 
100.16.221.250 - - [15/Jul/2018:06:26:54 -0700] "GET /bootstrap/img/favicon.ico HTTP/1.1" 200 589 "http://www.secrepo.com/" "Mozilla/5.0 (X11; Linux x86_64) AppleWebKit/537.36 (KHTML, like Gecko) Chrome/67.0.3396.99 Safari/537.36" 
54.36.148.54 - - [15/Jul/2018:06:28:29 -0700] "GET /self.logs/error.log.2016-05-16.gz HTTP/1.1" 404 284 "-" "Mozilla/5.0 (compatible; AhrefsBot/5.2; +http://ahrefs.com/robot/)" 
104.217.194.178 - - [15/Jul/2018:06:28:56 -0700] "GET / HTTP/1.1" 200 11357 "-" "Mozilla/5.0 (Macintosh; Intel Mac OS X 10_13_6) AppleWebKit/605.1.15 (KHTML, like Gecko)" 
104.217.194.178 - - [15/Jul/2018:06:29:04 -0700] "GET /apple-touch-icon-precomposed.png HTTP/1.1" 404 340 "-" "Safari%20%E6%B5%8F%E8%A7%88%E5%99%A8/13605.3.8 CFNetwork/902.1 Darwin/17.7.0 (x86_64)" 
61.148.244.80 - - [15/Jul/2018:06:29:05 -0700] "GET /apple-touch-icon.png HTTP/1.1" 404 340 "-" "Safari%20%E6%B5%8F%E8%A7%88%E5%99%A8/13605.3.8 CFNetwork/902.1 Darwin/17.7.0 (x86_64)" 
61.148.244.80 - - [15/Jul/2018:06:29:06 -0700] "GET /bootstrap/img/favicon.ico HTTP/1.1" 200 589 "-" "Safari%20%E6%B5%8F%E8%A7%88%E5%99%A8/13605.3.8 CFNetwork/902.1 Darwin/17.7.0 (x86_64)" 
61.148.244.80 - - [15/Jul/2018:06:29:06 -0700] "GET / HTTP/1.1" 200 11357 "-" "\"Mozilla/5.0 (iPhone; CPU iPhone OS 11_0 like Mac OS X) AppleWebKit/604.1.38 (KHTML, like Gecko) Version/11.0 Mobile/15A372 Safari/604.1\"" 
61.148.244.80 - - [15/Jul/2018:06:29:07 -0700] "GET /apple-touch-icon-precomposed.png HTTP/1.1" 404 339 "-" "Safari%20%E6%B5%8F%E8%A7%88%E5%99%A8/13605.3.8 CFNetwork/902.1 Darwin/17.7.0 (x86_64)" 
61.148.244.80 - - [15/Jul/2018:06:29:07 -0700] "GET /apple-touch-icon.png HTTP/1.1" 404 339 "-" "Safari%20%E6%B5%8F%E8%A7%88%E5%99%A8/13605.3.8 CFNetwork/902.1 Darwin/17.7.0 (x86_64)" 
61.148.244.80 - - [15/Jul/2018:06:29:08 -0700] "GET /bootstrap/img/favicon.ico HTTP/1.1" 200 589 "-" "Safari%20%E6%B5%8F%E8%A7%88%E5%99%A8/13605.3.8 CFNetwork/902.1 Darwin/17.7.0 (x86_64)" 
100.16.221.250 - - [15/Jul/2018:06:29:24 -0700] "GET /maccdc2012/conn.log.gz HTTP/1.1" 200 551041635 "-" "Mozilla/5.0 (X11; Linux x86_64) AppleWebKit/537.36 (KHTML, like Gecko) Chrome/67.0.3396.99 Safari/537.36" 
122.118.223.46 - - [15/Jul/2018:06:30:51 -0700] "GET /self.logs/2016/access.log.2016-01-01.gz HTTP/1.1" 200 5437 "-" "Python-urllib/3.6" 
122.118.223.46 - - [15/Jul/2018:06:31:13 -0700] "GET /self.logs/2016/access.log.2016-01-01.gz HTTP/1.1" 200 5437 "-" "Python-urllib/3.6" 
122.118.223.46 - - [15/Jul/2018:06:31:29 -0700] "GET /self.logs/2016/access.log.2016-01-01.gz HTTP/1.1" 200 5437 "-" "Python-urllib/3.6" 
222.67.78.54 - - [15/Jul/2018:06:27:10 -0700] "GET /maccdc2012/maccdc2012_full_alert.7z HTTP/1.1" 200 24978886 "-" "Mozilla/5.0 (Windows NT 6.1; Win64; x64) AppleWebKit/537.36 (KHTML, like Gecko) Chrome/62.0.3202.94 Safari/537.36" 
122.118.223.46 - - [15/Jul/2018:06:32:32 -0700] "GET /self.logs/2016/access.log.2016-01-01.gz HTTP/1.1" 200 5437 "-" "Python-urllib/3.6" 
54.36.148.64 - - [15/Jul/2018:06:33:28 -0700] "GET /self.logs/2016/access.log.2016-01-26.gz HTTP/1.1" 200 5527 "-" "Mozilla/5.0 (compatible; AhrefsBot/5.2; +http://ahrefs.com/robot/)" 
122.118.223.46 - - [15/Jul/2018:06:34:29 -0700] "GET /self.logs/2016/access.log.2016-01-06.gz HTTP/1.1" 200 5494 "http://www.secrepo.com/self.logs/2016/" "Mozilla/5.0 (X11; Ubuntu; Linux x86_64; rv:61.0) Gecko/20100101 Firefox/61.0" 
122.118.223.46 - - [15/Jul/2018:06:35:32 -0700] "GET /self.logs/2016/access.log.2016-01-01.gz HTTP/1.1" 200 5437 "-" "Python-urllib/3.6" 
122.118.223.46 - - [15/Jul/2018:06:35:37 -0700] "GET /self.logs/2016/access.log.2016-01-01.gz HTTP/1.1" 200 5437 "-" "Python-urllib/3.6" 
31.223.24.167 - - [15/Jul/2018:06:35:48 -0700] "GET /bootstrap/img/favicon.ico HTTP/1.1" 200 590 "-" "Mozilla/5.0 (X11; Linux x86_64; rv:61.0) Gecko/20100101 Firefox/61.0" 
60.51.29.238 - - [15/Jul/2018:06:35:55 -0700] "GET /wp-login.php HTTP/1.1" 418 732 "-" "Mozilla/5.0 (Windows NT 6.1; WOW64; rv:40.0) Gecko/20100101 Firefox/40.1" 
60.51.29.238 - - [15/Jul/2018:06:35:55 -0700] "GET / HTTP/1.1" 418 732 "-" "Mozilla/5.0 (Windows NT 6.1; WOW64; rv:40.0) Gecko/20100101 Firefox/40.1" 
122.118.223.46 - - [15/Jul/2018:06:36:00 -0700] "GET /self.logs/2016/access.log.2016-01-01.gz HTTP/1.1" 200 5437 "-" "Python-urllib/3.6" 
122.118.223.46 - - [15/Jul/2018:06:37:10 -0700] "GET /self.logs/2016/access.log.2016-01-01.gz HTTP/1.1" 200 5437 "-" "Python-urllib/3.6" 
122.118.223.46 - - [15/Jul/2018:06:38:07 -0700] "GET /self.logs/2016/access.log.2016-01-01.gz HTTP/1.1" 200 5437 "-" "Python-urllib/3.6" 
122.118.223.46 - - [15/Jul/2018:06:38:44 -0700] "GET /self.logs/2016/access.log.2016-01-01.gz HTTP/1.1" 200 5437 "-" "Python-urllib/3.6" 
222.67.78.54 - - [15/Jul/2018:06:27:08 -0700] "GET /maccdc2012/maccdc2012_fast_alert.7z HTTP/1.1" 200 9478093 "-" "Mozilla/5.0 (Windows NT 6.1; Win64; x64) AppleWebKit/537.36 (KHTML, like Gecko) Chrome/62.0.3202.94 Safari/537.36" 
122.118.223.46 - - [15/Jul/2018:06:41:05 -0700] "GET /self.logs/2016/access.log.2016-01-01.gz HTTP/1.1" 200 5437 "-" "Python-urllib/3.6" 
122.118.223.46 - - [15/Jul/2018:06:41:06 -0700] "GET /self.logs/2016/access.log.2016-01-02.gz HTTP/1.1" 200 5877 "-" "Python-urllib/3.6" 
122.118.223.46 - - [15/Jul/2018:06:41:23 -0700] "GET /self.logs/2016/access.log.2016-01-01.gz HTTP/1.1" 200 5437 "-" "Python-urllib/3.6" 
122.118.223.46 - - [15/Jul/2018:06:41:23 -0700] "GET /self.logs/2016/access.log.2016-01-02.gz HTTP/1.1" 200 5877 "-" "Python-urllib/3.6" 
122.118.223.46 - - [15/Jul/2018:06:41:24 -0700] "GET /self.logs/2016/access.log.2016-01-03.gz HTTP/1.1" 200 5149 "-" "Python-urllib/3.6" 
122.118.223.46 - - [15/Jul/2018:06:41:24 -0700] "GET /self.logs/2016/access.log.2016-01-04.gz HTTP/1.1" 200 10195 "-" "Python-urllib/3.6" 
122.118.223.46 - - [15/Jul/2018:06:41:24 -0700] "GET /self.logs/2016/access.log.2016-01-05.gz HTTP/1.1" 200 6171 "-" "Python-urllib/3.6" 
122.118.223.46 - - [15/Jul/2018:06:41:25 -0700] "GET /self.logs/2016/access.log.2016-01-06.gz HTTP/1.1" 200 5426 "-" "Python-urllib/3.6" 
122.118.223.46 - - [15/Jul/2018:06:41:25 -0700] "GET /self.logs/2016/access.log.2016-01-07.gz HTTP/1.1" 200 7300 "-" "Python-urllib/3.6" 
122.118.223.46 - - [15/Jul/2018:06:41:26 -0700] "GET /self.logs/2016/access.log.2016-01-08.gz HTTP/1.1" 200 7364 "-" "Python-urllib/3.6" 
122.118.223.46 - - [15/Jul/2018:06:41:26 -0700] "GET /self.logs/2016/access.log.2016-01-09.gz HTTP/1.1" 200 12957 "-" "Python-urllib/3.6" 
122.118.223.46 - - [15/Jul/2018:06:41:28 -0700] "GET /self.logs/2016/access.log.2016-01-10.gz HTTP/1.1" 200 7041 "-" "Python-urllib/3.6" 
122.118.223.46 - - [15/Jul/2018:06:41:28 -0700] "GET /self.logs/2016/access.log.2016-01-11.gz HTTP/1.1" 200 6506 "-" "Python-urllib/3.6" 
122.118.223.46 - - [15/Jul/2018:06:41:28 -0700] "GET /self.logs/2016/access.log.2016-01-12.gz HTTP/1.1" 200 7411 "-" "Python-urllib/3.6" 
122.118.223.46 - - [15/Jul/2018:06:41:29 -0700] "GET /self.logs/2016/access.log.2016-01-13.gz HTTP/1.1" 200 6479 "-" "Python-urllib/3.6" 
122.118.223.46 - - [15/Jul/2018:06:41:29 -0700] "GET /self.logs/2016/access.log.2016-01-14.gz HTTP/1.1" 200 7796 "-" "Python-urllib/3.6" 
122.118.223.46 - - [15/Jul/2018:06:41:30 -0700] "GET /self.logs/2016/access.log.2016-01-15.gz HTTP/1.1" 200 7454 "-" "Python-urllib/3.6" 
122.118.223.46 - - [15/Jul/2018:06:41:30 -0700] "GET /self.logs/2016/access.log.2016-01-16.gz HTTP/1.1" 200 5019 "-" "Python-urllib/3.6" 
122.118.223.46 - - [15/Jul/2018:06:41:31 -0700] "GET /self.logs/2016/access.log.2016-01-17.gz HTTP/1.1" 200 4331 "-" "Python-urllib/3.6" 
122.118.223.46 - - [15/Jul/2018:06:41:31 -0700] "GET /self.logs/2016/access.log.2016-01-18.gz HTTP/1.1" 200 7274 "-" "Python-urllib/3.6" 
122.118.223.46 - - [15/Jul/2018:06:41:32 -0700] "GET /self.logs/2016/access.log.2016-01-19.gz HTTP/1.1" 200 6633 "-" "Python-urllib/3.6" 
122.118.223.46 - - [15/Jul/2018:06:41:32 -0700] "GET /self.logs/2016/access.log.2016-01-20.gz HTTP/1.1" 200 10376 "-" "Python-urllib/3.6" 
122.118.223.46 - - [15/Jul/2018:06:41:33 -0700] "GET /self.logs/2016/access.log.2016-01-21.gz HTTP/1.1" 200 5524 "-" "Python-urllib/3.6" 
122.118.223.46 - - [15/Jul/2018:06:41:33 -0700] "GET /self.logs/2016/access.log.2016-01-22.gz HTTP/1.1" 200 5607 "-" "Python-urllib/3.6" 
122.118.223.46 - - [15/Jul/2018:06:41:33 -0700] "GET /self.logs/2016/access.log.2016-01-23.gz HTTP/1.1" 200 4798 "-" "Python-urllib/3.6" 
122.118.223.46 - - [15/Jul/2018:06:41:34 -0700] "GET /self.logs/2016/access.log.2016-01-24.gz HTTP/1.1" 200 6201 "-" "Python-urllib/3.6" 
122.118.223.46 - - [15/Jul/2018:06:41:34 -0700] "GET /self.logs/2016/access.log.2016-01-25.gz HTTP/1.1" 200 6604 "-" "Python-urllib/3.6" 
122.118.223.46 - - [15/Jul/2018:06:41:35 -0700] "GET /self.logs/2016/access.log.2016-01-26.gz HTTP/1.1" 200 5515 "-" "Python-urllib/3.6" 
122.118.223.46 - - [15/Jul/2018:06:41:35 -0700] "GET /self.logs/2016/access.log.2016-01-27.gz HTTP/1.1" 200 7604 "-" "Python-urllib/3.6" 
122.118.223.46 - - [15/Jul/2018:06:41:36 -0700] "GET /self.logs/2016/access.log.2016-01-28.gz HTTP/1.1" 200 14845 "-" "Python-urllib/3.6" 
122.118.223.46 - - [15/Jul/2018:06:41:36 -0700] "GET /self.logs/2016/access.log.2016-01-29.gz HTTP/1.1" 200 12807 "-" "Python-urllib/3.6" 
122.118.223.46 - - [15/Jul/2018:06:41:37 -0700] "GET /self.logs/2016/access.log.2016-01-30.gz HTTP/1.1" 200 34188 "-" "Python-urllib/3.6" 
122.118.223.46 - - [15/Jul/2018:06:41:37 -0700] "GET /self.logs/2016/access.log.2016-01-31.gz HTTP/1.1" 200 5743 "-" "Python-urllib/3.6" 
122.118.223.46 - - [15/Jul/2018:06:41:38 -0700] "GET /self.logs/2016/access.log.2016-02-01.gz HTTP/1.1" 200 6855 "-" "Python-urllib/3.6" 
122.118.223.46 - - [15/Jul/2018:06:41:38 -0700] "GET /self.logs/2016/access.log.2016-02-02.gz HTTP/1.1" 200 7937 "-" "Python-urllib/3.6" 
122.118.223.46 - - [15/Jul/2018:06:41:39 -0700] "GET /self.logs/2016/access.log.2016-02-03.gz HTTP/1.1" 200 7213 "-" "Python-urllib/3.6" 
122.118.223.46 - - [15/Jul/2018:06:41:39 -0700] "GET /self.logs/2016/access.log.2016-02-04.gz HTTP/1.1" 200 7187 "-" "Python-urllib/3.6" 
122.118.223.46 - - [15/Jul/2018:06:41:40 -0700] "GET /self.logs/2016/access.log.2016-02-05.gz HTTP/1.1" 200 5598 "-" "Python-urllib/3.6" 
122.118.223.46 - - [15/Jul/2018:06:41:40 -0700] "GET /self.logs/2016/access.log.2016-02-06.gz HTTP/1.1" 200 5706 "-" "Python-urllib/3.6" 
122.118.223.46 - - [15/Jul/2018:06:41:40 -0700] "GET /self.logs/2016/access.log.2016-02-07.gz HTTP/1.1" 200 9060 "-" "Python-urllib/3.6" 
122.118.223.46 - - [15/Jul/2018:06:41:41 -0700] "GET /self.logs/2016/access.log.2016-02-08.gz HTTP/1.1" 200 6641 "-" "Python-urllib/3.6" 
122.118.223.46 - - [15/Jul/2018:06:41:41 -0700] "GET /self.logs/2016/access.log.2016-02-09.gz HTTP/1.1" 200 9324 "-" "Python-urllib/3.6" 
122.118.223.46 - - [15/Jul/2018:06:41:42 -0700] "GET /self.logs/2016/access.log.2016-02-10.gz HTTP/1.1" 200 9192 "-" "Python-urllib/3.6" 
122.118.223.46 - - [15/Jul/2018:06:41:42 -0700] "GET /self.logs/2016/access.log.2016-02-11.gz HTTP/1.1" 200 9089 "-" "Python-urllib/3.6" 
122.118.223.46 - - [15/Jul/2018:06:41:43 -0700] "GET /self.logs/2016/access.log.2016-02-12.gz HTTP/1.1" 200 9191 "-" "Python-urllib/3.6" 
122.118.223.46 - - [15/Jul/2018:06:41:44 -0700] "GET /self.logs/2016/access.log.2016-02-13.gz HTTP/1.1" 200 7071 "-" "Python-urllib/3.6" 
122.118.223.46 - - [15/Jul/2018:06:41:44 -0700] "GET /self.logs/2016/access.log.2016-02-14.gz HTTP/1.1" 200 12597 "-" "Python-urllib/3.6" 
122.118.223.46 - - [15/Jul/2018:06:41:44 -0700] "GET /self.logs/2016/access.log.2016-02-15.gz HTTP/1.1" 200 8148 "-" "Python-urllib/3.6" 
122.118.223.46 - - [15/Jul/2018:06:41:45 -0700] "GET /self.logs/2016/access.log.2016-02-16.gz HTTP/1.1" 200 7107 "-" "Python-urllib/3.6" 
122.118.223.46 - - [15/Jul/2018:06:41:45 -0700] "GET /self.logs/2016/access.log.2016-02-17.gz HTTP/1.1" 200 11122 "-" "Python-urllib/3.6" 
122.118.223.46 - - [15/Jul/2018:06:41:46 -0700] "GET /self.logs/2016/access.log.2016-02-18.gz HTTP/1.1" 200 9746 "-" "Python-urllib/3.6" 
122.118.223.46 - - [15/Jul/2018:06:41:46 -0700] "GET /self.logs/2016/access.log.2016-02-19.gz HTTP/1.1" 200 6896 "-" "Python-urllib/3.6" 
122.118.223.46 - - [15/Jul/2018:06:41:47 -0700] "GET /self.logs/2016/access.log.2016-02-20.gz HTTP/1.1" 200 10060 "-" "Python-urllib/3.6" 
122.118.223.46 - - [15/Jul/2018:06:41:47 -0700] "GET /self.logs/2016/access.log.2016-02-21.gz HTTP/1.1" 200 7926 "-" "Python-urllib/3.6" 
122.118.223.46 - - [15/Jul/2018:06:41:48 -0700] "GET /self.logs/2016/access.log.2016-02-22.gz HTTP/1.1" 200 10310 "-" "Python-urllib/3.6" 
122.118.223.46 - - [15/Jul/2018:06:41:48 -0700] "GET /self.logs/2016/access.log.2016-02-23.gz HTTP/1.1" 200 10135 "-" "Python-urllib/3.6" 
122.118.223.46 - - [15/Jul/2018:06:41:49 -0700] "GET /self.logs/2016/access.log.2016-02-24.gz HTTP/1.1" 200 26764 "-" "Python-urllib/3.6" 
122.118.223.46 - - [15/Jul/2018:06:41:49 -0700] "GET /self.logs/2016/access.log.2016-02-25.gz HTTP/1.1" 200 11384 "-" "Python-urllib/3.6" 
122.118.223.46 - - [15/Jul/2018:06:41:50 -0700] "GET /self.logs/2016/access.log.2016-02-26.gz HTTP/1.1" 200 13263 "-" "Python-urllib/3.6" 
122.118.223.46 - - [15/Jul/2018:06:41:50 -0700] "GET /self.logs/2016/access.log.2016-02-27.gz HTTP/1.1" 200 10804 "-" "Python-urllib/3.6" 
122.118.223.46 - - [15/Jul/2018:06:41:51 -0700] "GET /self.logs/2016/access.log.2016-02-28.gz HTTP/1.1" 200 9355 "-" "Python-urllib/3.6" 
122.118.223.46 - - [15/Jul/2018:06:41:51 -0700] "GET /self.logs/2016/access.log.2016-02-29.gz HTTP/1.1" 200 8577 "-" "Python-urllib/3.6" 
122.118.223.46 - - [15/Jul/2018:06:41:52 -0700] "GET /self.logs/2016/access.log.2016-03-01.gz HTTP/1.1" 200 9159 "-" "Python-urllib/3.6" 
122.118.223.46 - - [15/Jul/2018:06:41:52 -0700] "GET /self.logs/2016/access.log.2016-03-02.gz HTTP/1.1" 200 8412 "-" "Python-urllib/3.6" 
122.118.223.46 - - [15/Jul/2018:06:41:52 -0700] "GET /self.logs/2016/access.log.2016-03-03.gz HTTP/1.1" 200 14143 "-" "Python-urllib/3.6" 
122.118.223.46 - - [15/Jul/2018:06:41:53 -0700] "GET /self.logs/2016/access.log.2016-03-04.gz HTTP/1.1" 200 10934 "-" "Python-urllib/3.6" 
122.118.223.46 - - [15/Jul/2018:06:41:53 -0700] "GET /self.logs/2016/access.log.2016-03-05.gz HTTP/1.1" 200 6691 "-" "Python-urllib/3.6" 
122.118.223.46 - - [15/Jul/2018:06:41:54 -0700] "GET /self.logs/2016/access.log.2016-03-06.gz HTTP/1.1" 200 7408 "-" "Python-urllib/3.6" 
122.118.223.46 - - [15/Jul/2018:06:41:54 -0700] "GET /self.logs/2016/access.log.2016-03-07.gz HTTP/1.1" 200 9401 "-" "Python-urllib/3.6" 
122.118.223.46 - - [15/Jul/2018:06:41:55 -0700] "GET /self.logs/2016/access.log.2016-03-08.gz HTTP/1.1" 200 8141 "-" "Python-urllib/3.6" 
122.118.223.46 - - [15/Jul/2018:06:41:55 -0700] "GET /self.logs/2016/access.log.2016-03-09.gz HTTP/1.1" 200 8302 "-" "Python-urllib/3.6" 
122.118.223.46 - - [15/Jul/2018:06:41:56 -0700] "GET /self.logs/2016/access.log.2016-03-10.gz HTTP/1.1" 200 11880 "-" "Python-urllib/3.6" 
122.118.223.46 - - [15/Jul/2018:06:41:56 -0700] "GET /self.logs/2016/access.log.2016-03-11.gz HTTP/1.1" 200 23273 "-" "Python-urllib/3.6" 
122.118.223.46 - - [15/Jul/2018:06:41:57 -0700] "GET /self.logs/2016/access.log.2016-03-12.gz HTTP/1.1" 200 12025 "-" "Python-urllib/3.6" 
122.118.223.46 - - [15/Jul/2018:06:41:58 -0700] "GET /self.logs/2016/access.log.2016-03-13.gz HTTP/1.1" 404 284 "-" "Python-urllib/3.6" 
54.36.148.56 - - [15/Jul/2018:06:46:38 -0700] "GET /self.logs/access.log.2015-03-15.gz HTTP/1.1" 404 284 "-" "Mozilla/5.0 (compatible; AhrefsBot/5.2; +http://ahrefs.com/robot/)" 
61.135.165.8 - - [15/Jul/2018:06:47:47 -0700] "GET / HTTP/1.1" 200 11357 "http://www.secrepo.com/" "Mozilla/5.0 (Windows NT 6.1; WOW64) AppleWebKit/537.36 (KHTML, like Gecko) Chrome/42.0.2311.90 Safari/537.36" 
122.118.223.46 - - [15/Jul/2018:06:48:29 -0700] "GET /self.logs/2016/access.log.2016-01-01.gz HTTP/1.1" 200 5437 "-" "Python-urllib/3.6" 
61.135.165.7 - - [15/Jul/2018:06:48:29 -0700] "GET / HTTP/1.1" 200 11357 "http://www.secrepo.com/" "Mozilla/5.0 (Windows NT 6.1; WOW64) AppleWebKit/537.36 (KHTML, like Gecko) Chrome/42.0.2311.90 Safari/537.36" 
122.118.223.46 - - [15/Jul/2018:06:48:30 -0700] "GET /self.logs/2016/access.log.2016-01-02.gz HTTP/1.1" 200 5877 "-" "Python-urllib/3.6" 
122.118.223.46 - - [15/Jul/2018:06:48:30 -0700] "GET /self.logs/2016/access.log.2016-01-03.gz HTTP/1.1" 200 5149 "-" "Python-urllib/3.6" 
122.118.223.46 - - [15/Jul/2018:06:48:30 -0700] "GET /self.logs/2016/access.log.2016-01-04.gz HTTP/1.1" 200 10195 "-" "Python-urllib/3.6" 
122.118.223.46 - - [15/Jul/2018:06:48:31 -0700] "GET /self.logs/2016/access.log.2016-01-05.gz HTTP/1.1" 200 6171 "-" "Python-urllib/3.6" 
122.118.223.46 - - [15/Jul/2018:06:48:31 -0700] "GET /self.logs/2016/access.log.2016-01-06.gz HTTP/1.1" 200 5426 "-" "Python-urllib/3.6" 
122.118.223.46 - - [15/Jul/2018:06:48:32 -0700] "GET /self.logs/2016/access.log.2016-01-07.gz HTTP/1.1" 200 7300 "-" "Python-urllib/3.6" 
122.118.223.46 - - [15/Jul/2018:06:48:32 -0700] "GET /self.logs/2016/access.log.2016-01-08.gz HTTP/1.1" 200 7364 "-" "Python-urllib/3.6" 
122.118.223.46 - - [15/Jul/2018:06:48:33 -0700] "GET /self.logs/2016/access.log.2016-01-09.gz HTTP/1.1" 200 12957 "-" "Python-urllib/3.6" 
122.118.223.46 - - [15/Jul/2018:06:48:33 -0700] "GET /self.logs/2016/access.log.2016-01-10.gz HTTP/1.1" 200 7041 "-" "Python-urllib/3.6" 
122.118.223.46 - - [15/Jul/2018:06:48:33 -0700] "GET /self.logs/2016/access.log.2016-01-11.gz HTTP/1.1" 200 6506 "-" "Python-urllib/3.6" 
122.118.223.46 - - [15/Jul/2018:06:48:34 -0700] "GET /self.logs/2016/access.log.2016-01-12.gz HTTP/1.1" 200 7411 "-" "Python-urllib/3.6" 
122.118.223.46 - - [15/Jul/2018:06:48:34 -0700] "GET /self.logs/2016/access.log.2016-01-13.gz HTTP/1.1" 200 6479 "-" "Python-urllib/3.6" 
122.118.223.46 - - [15/Jul/2018:06:48:35 -0700] "GET /self.logs/2016/access.log.2016-01-14.gz HTTP/1.1" 200 7796 "-" "Python-urllib/3.6" 
122.118.223.46 - - [15/Jul/2018:06:48:41 -0700] "GET /self.logs/2016/access.log.2016-03-13.gz HTTP/1.1" 404 284 "-" "Python-urllib/3.6" 
122.118.223.46 - - [15/Jul/2018:06:49:09 -0700] "GET /self.logs/2016/access.log.2016-03-13.gz HTTP/1.1" 404 284 "-" "Python-urllib/3.6" 
104.217.194.178 - - [15/Jul/2018:06:49:21 -0700] "GET / HTTP/1.1" 200 11357 "-" "Mozilla/5.0 (Macintosh; Intel Mac OS X 10_13_6) AppleWebKit/605.1.15 (KHTML, like Gecko) Version/11.1.2 Safari/605.1.15" 
58.108.107.36 - - [15/Jul/2018:06:49:26 -0700] "GET /self.logs/access.log.2018-01-01.gz HTTP/1.0" 200 25036 "-" "Python-urllib/1.17" 
61.148.244.80 - - [15/Jul/2018:06:49:27 -0700] "GET /twitter-icon.png HTTP/1.1" 200 27788 "http://www.secrepo.com/" "Mozilla/5.0 (Macintosh; Intel Mac OS X 10_13_6) AppleWebKit/605.1.15 (KHTML, like Gecko) Version/11.1.2 Safari/605.1.15" 
58.108.107.36 - - [15/Jul/2018:06:49:28 -0700] "GET /self.logs/access.log.2018-01-02.gz HTTP/1.0" 200 25121 "-" "Python-urllib/1.17" 
122.118.223.46 - - [15/Jul/2018:06:49:28 -0700] "GET /self.logs HTTP/1.1" 301 499 "-" "Mozilla/5.0 (X11; Ubuntu; Linux x86_64; rv:61.0) Gecko/20100101 Firefox/61.0" 
122.118.223.46 - - [15/Jul/2018:06:49:29 -0700] "GET /self.logs/ HTTP/1.1" 200 11021 "-" "Mozilla/5.0 (X11; Ubuntu; Linux x86_64; rv:61.0) Gecko/20100101 Firefox/61.0" 
58.108.107.36 - - [15/Jul/2018:06:49:30 -0700] "GET /self.logs/access.log.2018-01-03.gz HTTP/1.0" 200 27740 "-" "Python-urllib/1.17" 
122.118.223.46 - - [15/Jul/2018:06:49:30 -0700] "GET /self.logs/2016/ HTTP/1.1" 200 7740 "http://www.secrepo.com/self.logs/" "Mozilla/5.0 (X11; Ubuntu; Linux x86_64; rv:61.0) Gecko/20100101 Firefox/61.0" 
104.217.194.178 - - [15/Jul/2018:06:49:31 -0700] "GET /GitHub-Mark.png HTTP/1.1" 200 7428 "http://www.secrepo.com/" "Mozilla/5.0 (Macintosh; Intel Mac OS X 10_13_6) AppleWebKit/605.1.15 (KHTML, like Gecko) Version/11.1.2 Safari/605.1.15" 
58.108.107.36 - - [15/Jul/2018:06:49:32 -0700] "GET /self.logs/access.log.2018-01-04.gz HTTP/1.0" 200 25258 "-" "Python-urllib/1.17" 
58.108.107.36 - - [15/Jul/2018:06:49:34 -0700] "GET /self.logs/access.log.2018-01-05.gz HTTP/1.0" 200 25277 "-" "Python-urllib/1.17" 
58.108.107.36 - - [15/Jul/2018:06:49:36 -0700] "GET /self.logs/access.log.2018-01-06.gz HTTP/1.0" 200 37141 "-" "Python-urllib/1.17" 
58.108.107.36 - - [15/Jul/2018:06:49:38 -0700] "GET /self.logs/access.log.2018-01-07.gz HTTP/1.0" 200 30948 "-" "Python-urllib/1.17" 
58.108.107.36 - - [15/Jul/2018:06:49:39 -0700] "GET /self.logs/access.log.2018-01-08.gz HTTP/1.0" 200 39174 "-" "Python-urllib/1.17" 
58.108.107.36 - - [15/Jul/2018:06:49:41 -0700] "GET /self.logs/access.log.2018-01-09.gz HTTP/1.0" 200 24691 "-" "Python-urllib/1.17" 
58.108.107.36 - - [15/Jul/2018:06:49:43 -0700] "GET /self.logs/access.log.2018-01-10.gz HTTP/1.0" 200 21163 "-" "Python-urllib/1.17" 
58.108.107.36 - - [15/Jul/2018:06:49:45 -0700] "GET /self.logs/access.log.2018-01-11.gz HTTP/1.0" 200 22037 "-" "Python-urllib/1.17" 
58.108.107.36 - - [15/Jul/2018:06:49:47 -0700] "GET /self.logs/access.log.2018-01-12.gz HTTP/1.0" 200 18814 "-" "Python-urllib/1.17" 
58.108.107.36 - - [15/Jul/2018:06:49:49 -0700] "GET /self.logs/access.log.2018-01-13.gz HTTP/1.0" 200 20271 "-" "Python-urllib/1.17" 
58.108.107.36 - - [15/Jul/2018:06:49:51 -0700] "GET /self.logs/access.log.2018-01-14.gz HTTP/1.0" 200 18843 "-" "Python-urllib/1.17" 
58.108.107.36 - - [15/Jul/2018:06:49:53 -0700] "GET /self.logs/access.log.2018-01-15.gz HTTP/1.0" 200 30267 "-" "Python-urllib/1.17" 
58.108.107.36 - - [15/Jul/2018:06:49:55 -0700] "GET /self.logs/access.log.2018-01-16.gz HTTP/1.0" 200 30155 "-" "Python-urllib/1.17" 
58.108.107.36 - - [15/Jul/2018:06:49:56 -0700] "GET /self.logs/access.log.2018-01-17.gz HTTP/1.0" 200 31030 "-" "Python-urllib/1.17" 
61.148.244.80 - - [15/Jul/2018:06:49:57 -0700] "GET /apple-touch-icon-precomposed.png HTTP/1.1" 404 340 "-" "Safari%20%E6%B5%8F%E8%A7%88%E5%99%A8/13605.3.8 CFNetwork/902.1 Darwin/17.7.0 (x86_64)" 
61.148.244.80 - - [15/Jul/2018:06:49:58 -0700] "GET /apple-touch-icon.png HTTP/1.1" 404 339 "-" "Safari%20%E6%B5%8F%E8%A7%88%E5%99%A8/13605.3.8 CFNetwork/902.1 Darwin/17.7.0 (x86_64)" 
58.108.107.36 - - [15/Jul/2018:06:49:58 -0700] "GET /self.logs/access.log.2018-01-18.gz HTTP/1.0" 200 26964 "-" "Python-urllib/1.17" 
58.108.107.36 - - [15/Jul/2018:06:50:00 -0700] "GET /self.logs/access.log.2018-01-19.gz HTTP/1.0" 200 23878 "-" "Python-urllib/1.17" 
61.148.244.80 - - [15/Jul/2018:06:50:02 -0700] "GET /bootstrap/img/favicon.ico HTTP/1.1" 200 590 "http://www.secrepo.com/" "Mozilla/5.0 (Macintosh; Intel Mac OS X 10_13_6) AppleWebKit/605.1.15 (KHTML, like Gecko) Version/11.1.2 Safari/605.1.15" 
58.108.107.36 - - [15/Jul/2018:06:50:02 -0700] "GET /self.logs/access.log.2018-01-20.gz HTTP/1.0" 200 18766 "-" "Python-urllib/1.17" 
58.108.107.36 - - [15/Jul/2018:06:50:04 -0700] "GET /self.logs/access.log.2018-01-21.gz HTTP/1.0" 200 24641 "-" "Python-urllib/1.17" 
58.108.107.36 - - [15/Jul/2018:06:50:06 -0700] "GET /self.logs/access.log.2018-01-22.gz HTTP/1.0" 200 28348 "-" "Python-urllib/1.17" 
58.108.107.36 - - [15/Jul/2018:06:50:08 -0700] "GET /self.logs/access.log.2018-01-23.gz HTTP/1.0" 200 31779 "-" "Python-urllib/1.17" 
58.108.107.36 - - [15/Jul/2018:06:50:10 -0700] "GET /self.logs/access.log.2018-01-24.gz HTTP/1.0" 200 25861 "-" "Python-urllib/1.17" 
58.108.107.36 - - [15/Jul/2018:06:50:12 -0700] "GET /self.logs/access.log.2018-01-25.gz HTTP/1.0" 200 20865 "-" "Python-urllib/1.17" 
58.108.107.36 - - [15/Jul/2018:06:50:14 -0700] "GET /self.logs/access.log.2018-01-26.gz HTTP/1.0" 200 36928 "-" "Python-urllib/1.17" 
58.108.107.36 - - [15/Jul/2018:06:50:16 -0700] "GET /self.logs/access.log.2018-01-27.gz HTTP/1.0" 200 15412 "-" "Python-urllib/1.17" 
58.108.107.36 - - [15/Jul/2018:06:50:17 -0700] "GET /self.logs/access.log.2018-01-28.gz HTTP/1.0" 200 18032 "-" "Python-urllib/1.17" 
122.118.223.46 - - [15/Jul/2018:06:50:19 -0700] "GET /self.logs/2016/access.log.2016-03-13.gz HTTP/1.1" 404 284 "-" "Python-urllib/3.6" 
58.108.107.36 - - [15/Jul/2018:06:50:19 -0700] "GET /self.logs/access.log.2018-01-29.gz HTTP/1.0" 200 22398 "-" "Python-urllib/1.17" 
58.108.107.36 - - [15/Jul/2018:06:50:21 -0700] "GET /self.logs/access.log.2018-01-30.gz HTTP/1.0" 200 22309 "-" "Python-urllib/1.17" 
58.108.107.36 - - [15/Jul/2018:06:50:23 -0700] "GET /self.logs/access.log.2018-01-31.gz HTTP/1.0" 200 37078 "-" "Python-urllib/1.17" 
58.108.107.36 - - [15/Jul/2018:06:50:25 -0700] "GET /self.logs/access.log.2018-02-01.gz HTTP/1.0" 200 30761 "-" "Python-urllib/1.17" 
58.108.107.36 - - [15/Jul/2018:06:50:27 -0700] "GET /self.logs/access.log.2018-02-02.gz HTTP/1.0" 200 24481 "-" "Python-urllib/1.17" 
58.108.107.36 - - [15/Jul/2018:06:50:29 -0700] "GET /self.logs/access.log.2018-02-03.gz HTTP/1.0" 200 22964 "-" "Python-urllib/1.17" 
58.108.107.36 - - [15/Jul/2018:06:50:31 -0700] "GET /self.logs/access.log.2018-02-04.gz HTTP/1.0" 200 21532 "-" "Python-urllib/1.17" 
58.108.107.36 - - [15/Jul/2018:06:50:33 -0700] "GET /self.logs/access.log.2018-02-05.gz HTTP/1.0" 200 21880 "-" "Python-urllib/1.17" 
58.108.107.36 - - [15/Jul/2018:06:50:35 -0700] "GET /self.logs/access.log.2018-02-06.gz HTTP/1.0" 200 29185 "-" "Python-urllib/1.17" 
58.108.107.36 - - [15/Jul/2018:06:50:36 -0700] "GET /self.logs/access.log.2018-02-07.gz HTTP/1.0" 200 29329 "-" "Python-urllib/1.17" 
122.118.223.46 - - [15/Jul/2018:06:50:37 -0700] "GET /self.logs/2016/access.log.2016-03-13.gz HTTP/1.1" 404 284 "-" "Python-urllib/3.6" 
122.118.223.46 - - [15/Jul/2018:06:50:37 -0700] "GET /self.logs/2016/access.log.2016-03-14.gz HTTP/1.1" 200 13492 "-" "Python-urllib/3.6" 
122.118.223.46 - - [15/Jul/2018:06:50:38 -0700] "GET /self.logs/2016/access.log.2016-03-15.gz HTTP/1.1" 200 7078 "-" "Python-urllib/3.6" 
122.118.223.46 - - [15/Jul/2018:06:50:38 -0700] "GET /self.logs/2016/access.log.2016-03-16.gz HTTP/1.1" 200 8152 "-" "Python-urllib/3.6" 
58.108.107.36 - - [15/Jul/2018:06:50:38 -0700] "GET /self.logs/access.log.2018-02-08.gz HTTP/1.0" 200 21748 "-" "Python-urllib/1.17" 
122.118.223.46 - - [15/Jul/2018:06:50:38 -0700] "GET /self.logs/2016/access.log.2016-03-17.gz HTTP/1.1" 200 16445 "-" "Python-urllib/3.6" 
122.118.223.46 - - [15/Jul/2018:06:50:39 -0700] "GET /self.logs/2016/access.log.2016-03-18.gz HTTP/1.1" 200 12737 "-" "Python-urllib/3.6" 
122.118.223.46 - - [15/Jul/2018:06:50:40 -0700] "GET /self.logs/2016/access.log.2016-03-19.gz HTTP/1.1" 200 6227 "-" "Python-urllib/3.6" 
122.118.223.46 - - [15/Jul/2018:06:50:40 -0700] "GET /self.logs/2016/access.log.2016-03-20.gz HTTP/1.1" 200 6780 "-" "Python-urllib/3.6" 
58.108.107.36 - - [15/Jul/2018:06:50:40 -0700] "GET /self.logs/access.log.2018-02-09.gz HTTP/1.0" 200 20893 "-" "Python-urllib/1.17" 
122.118.223.46 - - [15/Jul/2018:06:50:41 -0700] "GET /self.logs/2016/access.log.2016-03-21.gz HTTP/1.1" 200 6549 "-" "Python-urllib/3.6" 
122.118.223.46 - - [15/Jul/2018:06:50:41 -0700] "GET /self.logs/2016/access.log.2016-03-22.gz HTTP/1.1" 200 8221 "-" "Python-urllib/3.6" 
122.118.223.46 - - [15/Jul/2018:06:50:42 -0700] "GET /self.logs/2016/access.log.2016-03-23.gz HTTP/1.1" 200 9744 "-" "Python-urllib/3.6" 
58.108.107.36 - - [15/Jul/2018:06:50:42 -0700] "GET /self.logs/access.log.2018-02-10.gz HTTP/1.0" 200 15070 "-" "Python-urllib/1.17" 
122.118.223.46 - - [15/Jul/2018:06:50:42 -0700] "GET /self.logs/2016/access.log.2016-03-24.gz HTTP/1.1" 200 11151 "-" "Python-urllib/3.6" 
122.118.223.46 - - [15/Jul/2018:06:50:43 -0700] "GET /self.logs/2016/access.log.2016-03-25.gz HTTP/1.1" 200 11390 "-" "Python-urllib/3.6" 
122.118.223.46 - - [15/Jul/2018:06:50:43 -0700] "GET /self.logs/2016/access.log.2016-03-26.gz HTTP/1.1" 200 10146 "-" "Python-urllib/3.6" 
122.118.223.46 - - [15/Jul/2018:06:50:44 -0700] "GET /self.logs/2016/access.log.2016-03-27.gz HTTP/1.1" 200 7360 "-" "Python-urllib/3.6" 
58.108.107.36 - - [15/Jul/2018:06:50:44 -0700] "GET /self.logs/access.log.2018-02-11.gz HTTP/1.0" 200 29442 "-" "Python-urllib/1.17" 
122.118.223.46 - - [15/Jul/2018:06:50:44 -0700] "GET /self.logs/2016/access.log.2016-03-28.gz HTTP/1.1" 200 12305 "-" "Python-urllib/3.6" 
122.118.223.46 - - [15/Jul/2018:06:50:45 -0700] "GET /self.logs/2016/access.log.2016-03-29.gz HTTP/1.1" 200 8842 "-" "Python-urllib/3.6" 
122.118.223.46 - - [15/Jul/2018:06:50:45 -0700] "GET /self.logs/2016/access.log.2016-03-30.gz HTTP/1.1" 200 8734 "-" "Python-urllib/3.6" 
122.118.223.46 - - [15/Jul/2018:06:50:45 -0700] "GET /self.logs/2016/access.log.2016-03-31.gz HTTP/1.1" 200 8319 "-" "Python-urllib/3.6" 
58.108.107.36 - - [15/Jul/2018:06:50:46 -0700] "GET /self.logs/access.log.2018-02-12.gz HTTP/1.0" 200 21525 "-" "Python-urllib/1.17" 
122.118.223.46 - - [15/Jul/2018:06:50:46 -0700] "GET /self.logs/2016/access.log.2016-04-01.gz HTTP/1.1" 200 7598 "-" "Python-urllib/3.6" 
122.118.223.46 - - [15/Jul/2018:06:50:46 -0700] "GET /self.logs/2016/access.log.2016-04-02.gz HTTP/1.1" 200 19919 "-" "Python-urllib/3.6" 
122.118.223.46 - - [15/Jul/2018:06:50:47 -0700] "GET /self.logs/2016/access.log.2016-04-03.gz HTTP/1.1" 200 14204 "-" "Python-urllib/3.6" 
122.118.223.46 - - [15/Jul/2018:06:50:47 -0700] "GET /self.logs/2016/access.log.2016-04-04.gz HTTP/1.1" 200 9399 "-" "Python-urllib/3.6" 
58.108.107.36 - - [15/Jul/2018:06:50:48 -0700] "GET /self.logs/access.log.2018-02-13.gz HTTP/1.0" 200 38064 "-" "Python-urllib/1.17" 
122.118.223.46 - - [15/Jul/2018:06:50:48 -0700] "GET /self.logs/2016/access.log.2016-04-05.gz HTTP/1.1" 200 12662 "-" "Python-urllib/3.6" 
54.36.148.96 - - [15/Jul/2018:06:50:48 -0700] "GET /self.logs/2016/access.log.2016-12-13.gz HTTP/1.1" 200 12155 "-" "Mozilla/5.0 (compatible; AhrefsBot/5.2; +http://ahrefs.com/robot/)" 
122.118.223.46 - - [15/Jul/2018:06:50:48 -0700] "GET /self.logs/2016/access.log.2016-04-06.gz HTTP/1.1" 200 9286 "-" "Python-urllib/3.6" 
122.118.223.46 - - [15/Jul/2018:06:50:49 -0700] "GET /self.logs/2016/access.log.2016-04-07.gz HTTP/1.1" 200 8153 "-" "Python-urllib/3.6" 
122.118.223.46 - - [15/Jul/2018:06:50:50 -0700] "GET /self.logs/2016/access.log.2016-04-08.gz HTTP/1.1" 200 19950 "-" "Python-urllib/3.6" 
58.108.107.36 - - [15/Jul/2018:06:50:50 -0700] "GET /self.logs/access.log.2018-02-14.gz HTTP/1.0" 200 21620 "-" "Python-urllib/1.17" 
122.118.223.46 - - [15/Jul/2018:06:50:51 -0700] "GET /self.logs/2016/access.log.2016-04-09.gz HTTP/1.1" 200 11378 "-" "Python-urllib/3.6" 
122.118.223.46 - - [15/Jul/2018:06:50:51 -0700] "GET /self.logs/2016/access.log.2016-04-10.gz HTTP/1.1" 200 8340 "-" "Python-urllib/3.6" 
58.108.107.36 - - [15/Jul/2018:06:50:52 -0700] "GET /self.logs/access.log.2018-02-15.gz HTTP/1.0" 200 27548 "-" "Python-urllib/1.17" 
122.118.223.46 - - [15/Jul/2018:06:50:52 -0700] "GET /self.logs/2016/access.log.2016-04-11.gz HTTP/1.1" 200 8737 "-" "Python-urllib/3.6" 
122.118.223.46 - - [15/Jul/2018:06:50:52 -0700] "GET /self.logs/2016/access.log.2016-04-12.gz HTTP/1.1" 200 8738 "-" "Python-urllib/3.6" 
122.118.223.46 - - [15/Jul/2018:06:50:53 -0700] "GET /self.logs/2016/access.log.2016-04-13.gz HTTP/1.1" 200 16118 "-" "Python-urllib/3.6" 
122.118.223.46 - - [15/Jul/2018:06:50:53 -0700] "GET /self.logs/2016/access.log.2016-04-14.gz HTTP/1.1" 200 9192 "-" "Python-urllib/3.6" 
58.108.107.36 - - [15/Jul/2018:06:50:54 -0700] "GET /self.logs/access.log.2018-02-16.gz HTTP/1.0" 200 41313 "-" "Python-urllib/1.17" 
122.118.223.46 - - [15/Jul/2018:06:50:54 -0700] "GET /self.logs/2016/access.log.2016-04-15.gz HTTP/1.1" 200 11734 "-" "Python-urllib/3.6" 
122.118.223.46 - - [15/Jul/2018:06:50:54 -0700] "GET /self.logs/2016/access.log.2016-04-16.gz HTTP/1.1" 200 9756 "-" "Python-urllib/3.6" 
122.118.223.46 - - [15/Jul/2018:06:50:55 -0700] "GET /self.logs/2016/access.log.2016-04-17.gz HTTP/1.1" 200 8910 "-" "Python-urllib/3.6" 
122.118.223.46 - - [15/Jul/2018:06:50:55 -0700] "GET /self.logs/2016/access.log.2016-04-18.gz HTTP/1.1" 200 9093 "-" "Python-urllib/3.6" 
122.118.223.46 - - [15/Jul/2018:06:50:56 -0700] "GET /self.logs/2016/access.log.2016-04-19.gz HTTP/1.1" 200 23587 "-" "Python-urllib/3.6" 
58.108.107.36 - - [15/Jul/2018:06:50:56 -0700] "GET /self.logs/access.log.2018-02-17.gz HTTP/1.0" 200 15094 "-" "Python-urllib/1.17" 
122.118.223.46 - - [15/Jul/2018:06:50:56 -0700] "GET /self.logs/2016/access.log.2016-04-20.gz HTTP/1.1" 200 9310 "-" "Python-urllib/3.6" 
122.118.223.46 - - [15/Jul/2018:06:50:57 -0700] "GET /self.logs/2016/access.log.2016-04-21.gz HTTP/1.1" 200 23568 "-" "Python-urllib/3.6" 
122.118.223.46 - - [15/Jul/2018:06:50:57 -0700] "GET /self.logs/2016/access.log.2016-04-22.gz HTTP/1.1" 200 7961 "-" "Python-urllib/3.6" 
58.108.107.36 - - [15/Jul/2018:06:50:57 -0700] "GET /self.logs/access.log.2018-02-18.gz HTTP/1.0" 200 14796 "-" "Python-urllib/1.17" 
122.118.223.46 - - [15/Jul/2018:06:50:58 -0700] "GET /self.logs/2016/access.log.2016-04-23.gz HTTP/1.1" 200 6366 "-" "Python-urllib/3.6" 
122.118.223.46 - - [15/Jul/2018:06:51:00 -0700] "GET /self.logs/2016/access.log.2016-04-24.gz HTTP/1.1" 200 7762 "-" "Python-urllib/3.6" 
122.118.223.46 - - [15/Jul/2018:06:51:00 -0700] "GET /self.logs/2016/access.log.2016-04-25.gz HTTP/1.1" 200 9351 "-" "Python-urllib/3.6" 
122.118.223.46 - - [15/Jul/2018:06:51:00 -0700] "GET /self.logs/2016/access.log.2016-04-26.gz HTTP/1.1" 200 8152 "-" "Python-urllib/3.6" 
58.108.107.36 - - [15/Jul/2018:06:51:01 -0700] "GET /self.logs/access.log.2018-02-19.gz HTTP/1.0" 200 20132 "-" "Python-urllib/1.17" 
122.118.223.46 - - [15/Jul/2018:06:51:01 -0700] "GET /self.logs/2016/access.log.2016-04-27.gz HTTP/1.1" 200 9871 "-" "Python-urllib/3.6" 
122.118.223.46 - - [15/Jul/2018:06:51:01 -0700] "GET /self.logs/2016/access.log.2016-04-28.gz HTTP/1.1" 200 10755 "-" "Python-urllib/3.6" 
122.118.223.46 - - [15/Jul/2018:06:51:02 -0700] "GET /self.logs/2016/access.log.2016-04-29.gz HTTP/1.1" 200 7614 "-" "Python-urllib/3.6" 
122.118.223.46 - - [15/Jul/2018:06:51:02 -0700] "GET /self.logs/2016/access.log.2016-04-30.gz HTTP/1.1" 200 7557 "-" "Python-urllib/3.6" 
58.108.107.36 - - [15/Jul/2018:06:51:02 -0700] "GET /self.logs/access.log.2018-02-20.gz HTTP/1.0" 200 24318 "-" "Python-urllib/1.17" 
122.118.223.46 - - [15/Jul/2018:06:51:03 -0700] "GET /self.logs/2016/access.log.2016-05-01.gz HTTP/1.1" 200 9994 "-" "Python-urllib/3.6" 
122.118.223.46 - - [15/Jul/2018:06:51:03 -0700] "GET /self.logs/2016/access.log.2016-05-02.gz HTTP/1.1" 200 11061 "-" "Python-urllib/3.6" 
122.118.223.46 - - [15/Jul/2018:06:51:04 -0700] "GET /self.logs/2016/access.log.2016-05-03.gz HTTP/1.1" 200 8686 "-" "Python-urllib/3.6" 
122.118.223.46 - - [15/Jul/2018:06:51:04 -0700] "GET /self.logs/2016/access.log.2016-05-04.gz HTTP/1.1" 200 17052 "-" "Python-urllib/3.6" 
58.108.107.36 - - [15/Jul/2018:06:51:04 -0700] "GET /self.logs/access.log.2018-02-21.gz HTTP/1.0" 200 23975 "-" "Python-urllib/1.17" 
122.118.223.46 - - [15/Jul/2018:06:51:05 -0700] "GET /self.logs/2016/access.log.2016-05-05.gz HTTP/1.1" 200 8622 "-" "Python-urllib/3.6" 
122.118.223.46 - - [15/Jul/2018:06:51:05 -0700] "GET /self.logs/2016/access.log.2016-05-06.gz HTTP/1.1" 200 8403 "-" "Python-urllib/3.6" 
122.118.223.46 - - [15/Jul/2018:06:51:06 -0700] "GET /self.logs/2016/access.log.2016-05-07.gz HTTP/1.1" 200 8198 "-" "Python-urllib/3.6" 
122.118.223.46 - - [15/Jul/2018:06:51:06 -0700] "GET /self.logs/2016/access.log.2016-05-08.gz HTTP/1.1" 200 21313 "-" "Python-urllib/3.6" 
58.108.107.36 - - [15/Jul/2018:06:51:06 -0700] "GET /self.logs/access.log.2018-02-22.gz HTTP/1.0" 200 22452 "-" "Python-urllib/1.17" 
122.118.223.46 - - [15/Jul/2018:06:51:07 -0700] "GET /self.logs/2016/access.log.2016-05-09.gz HTTP/1.1" 200 8349 "-" "Python-urllib/3.6" 
122.118.223.46 - - [15/Jul/2018:06:51:08 -0700] "GET /self.logs/2016/access.log.2016-05-10.gz HTTP/1.1" 200 11207 "-" "Python-urllib/3.6" 
58.108.107.36 - - [15/Jul/2018:06:51:08 -0700] "GET /self.logs/access.log.2018-02-23.gz HTTP/1.0" 200 24874 "-" "Python-urllib/1.17" 
122.118.223.46 - - [15/Jul/2018:06:51:08 -0700] "GET /self.logs/2016/access.log.2016-05-11.gz HTTP/1.1" 200 18309 "-" "Python-urllib/3.6" 
122.118.223.46 - - [15/Jul/2018:06:51:09 -0700] "GET /self.logs/2016/access.log.2016-05-12.gz HTTP/1.1" 200 14451 "-" "Python-urllib/3.6" 
122.118.223.46 - - [15/Jul/2018:06:51:09 -0700] "GET /self.logs/2016/access.log.2016-05-13.gz HTTP/1.1" 200 13482 "-" "Python-urllib/3.6" 
122.118.223.46 - - [15/Jul/2018:06:51:10 -0700] "GET /self.logs/2016/access.log.2016-05-14.gz HTTP/1.1" 200 7844 "-" "Python-urllib/3.6" 
58.108.107.36 - - [15/Jul/2018:06:51:10 -0700] "GET /self.logs/access.log.2018-02-24.gz HTTP/1.0" 200 24115 "-" "Python-urllib/1.17" 
122.118.223.46 - - [15/Jul/2018:06:51:10 -0700] "GET /self.logs/2016/access.log.2016-05-15.gz HTTP/1.1" 200 7255 "-" "Python-urllib/3.6" 
122.118.223.46 - - [15/Jul/2018:06:51:11 -0700] "GET /self.logs/2016/access.log.2016-05-16.gz HTTP/1.1" 200 10597 "-" "Python-urllib/3.6" 
122.118.223.46 - - [15/Jul/2018:06:51:11 -0700] "GET /self.logs/2016/access.log.2016-05-17.gz HTTP/1.1" 200 13695 "-" "Python-urllib/3.6" 
122.118.223.46 - - [15/Jul/2018:06:51:12 -0700] "GET /self.logs/2016/access.log.2016-05-18.gz HTTP/1.1" 200 9919 "-" "Python-urllib/3.6" 
122.118.223.46 - - [15/Jul/2018:06:51:12 -0700] "GET /self.logs/2016/access.log.2016-05-19.gz HTTP/1.1" 200 10125 "-" "Python-urllib/3.6" 
58.108.107.36 - - [15/Jul/2018:06:51:12 -0700] "GET /self.logs/access.log.2018-02-25.gz HTTP/1.0" 200 29540 "-" "Python-urllib/1.17" 
122.118.223.46 - - [15/Jul/2018:06:51:12 -0700] "GET /self.logs/2016/access.log.2016-05-20.gz HTTP/1.1" 200 7995 "-" "Python-urllib/3.6" 
122.118.223.46 - - [15/Jul/2018:06:51:13 -0700] "GET /self.logs/2016/access.log.2016-05-21.gz HTTP/1.1" 200 7968 "-" "Python-urllib/3.6" 
122.118.223.46 - - [15/Jul/2018:06:51:13 -0700] "GET /self.logs/2016/access.log.2016-05-22.gz HTTP/1.1" 200 11525 "-" "Python-urllib/3.6" 
122.118.223.46 - - [15/Jul/2018:06:51:14 -0700] "GET /self.logs/2016/access.log.2016-05-23.gz HTTP/1.1" 200 15137 "-" "Python-urllib/3.6" 
58.108.107.36 - - [15/Jul/2018:06:51:14 -0700] "GET /self.logs/access.log.2018-02-26.gz HTTP/1.0" 200 33078 "-" "Python-urllib/1.17" 
122.118.223.46 - - [15/Jul/2018:06:51:14 -0700] "GET /self.logs/2016/access.log.2016-05-24.gz HTTP/1.1" 200 11376 "-" "Python-urllib/3.6" 
122.118.223.46 - - [15/Jul/2018:06:51:15 -0700] "GET /self.logs/2016/access.log.2016-05-25.gz HTTP/1.1" 200 22483 "-" "Python-urllib/3.6" 
122.118.223.46 - - [15/Jul/2018:06:51:15 -0700] "GET /self.logs/2016/access.log.2016-05-26.gz HTTP/1.1" 200 8630 "-" "Python-urllib/3.6" 
122.118.223.46 - - [15/Jul/2018:06:51:16 -0700] "GET /self.logs/2016/access.log.2016-05-27.gz HTTP/1.1" 200 10621 "-" "Python-urllib/3.6" 
