222.175.198.4 - - [10/Apr/2018:19:11:51 -0700] "GET / HTTP/1.1" 200 11061 "http://www.lucien116.com/archives/407" "Mozilla/5.0 (Windows NT 6.1; Win64; x64) AppleWebKit/537.36 (KHTML, like Gecko) Chrome/63.0.3239.108 Safari/537.36" 
222.175.198.4 - - [10/Apr/2018:19:11:53 -0700] "GET /twitter-icon.png HTTP/1.1" 200 27787 "http://www.secrepo.com/" "Mozilla/5.0 (Windows NT 6.1; Win64; x64) AppleWebKit/537.36 (KHTML, like Gecko) Chrome/63.0.3239.108 Safari/537.36" 
222.175.198.4 - - [10/Apr/2018:19:11:53 -0700] "GET /GitHub-Mark.png HTTP/1.1" 200 7428 "http://www.secrepo.com/" "Mozilla/5.0 (Windows NT 6.1; Win64; x64) AppleWebKit/537.36 (KHTML, like Gecko) Chrome/63.0.3239.108 Safari/537.36" 
222.175.198.4 - - [10/Apr/2018:19:11:56 -0700] "GET /bootstrap/img/favicon.ico HTTP/1.1" 200 590 "http://www.secrepo.com/" "Mozilla/5.0 (Windows NT 6.1; Win64; x64) AppleWebKit/537.36 (KHTML, like Gecko) Chrome/63.0.3239.108 Safari/537.36" 
120.221.1.28 - - [10/Apr/2018:19:13:36 -0700] "GET /maccdc2012/files.log.gz HTTP/1.1" 304 155 "-" "Mozilla/5.0 Gecko/20100115 Firefox/3.6" 
222.91.125.82 - - [10/Apr/2018:19:15:57 -0700] "GET / HTTP/1.1" 200 11061 "-" "Mozilla/5.0 (Windows NT 6.1; WOW64) AppleWebKit/537.36 (KHTML, like Gecko) Chrome/65.0.3325.181 Safari/537.36" 
222.91.125.82 - - [10/Apr/2018:19:16:00 -0700] "GET /twitter-icon.png HTTP/1.1" 200 27788 "http://www.secrepo.com/" "Mozilla/5.0 (Windows NT 6.1; WOW64) AppleWebKit/537.36 (KHTML, like Gecko) Chrome/65.0.3325.181 Safari/537.36" 
222.91.125.82 - - [10/Apr/2018:19:16:00 -0700] "GET /GitHub-Mark.png HTTP/1.1" 200 7428 "http://www.secrepo.com/" "Mozilla/5.0 (Windows NT 6.1; WOW64) AppleWebKit/537.36 (KHTML, like Gecko) Chrome/65.0.3325.181 Safari/537.36" 
222.91.125.82 - - [10/Apr/2018:19:16:03 -0700] "GET /bootstrap/img/favicon.ico HTTP/1.1" 200 590 "http://www.secrepo.com/" "Mozilla/5.0 (Windows NT 6.1; WOW64) AppleWebKit/537.36 (KHTML, like Gecko) Chrome/65.0.3325.181 Safari/537.36" 
99.228.65.25 - - [10/Apr/2018:19:16:29 -0700] "GET / HTTP/1.1" 200 11061 "https://www.google.ca/" "Mozilla/5.0 (Windows NT 10.0; Win64; x64; rv:60.0) Gecko/20100101 Firefox/60.0" 
99.228.65.25 - - [10/Apr/2018:19:16:29 -0700] "GET /twitter-icon.png HTTP/1.1" 200 27787 "http://www.secrepo.com/" "Mozilla/5.0 (Windows NT 10.0; Win64; x64; rv:60.0) Gecko/20100101 Firefox/60.0" 
99.228.65.25 - - [10/Apr/2018:19:16:29 -0700] "GET /GitHub-Mark.png HTTP/1.1" 200 7428 "http://www.secrepo.com/" "Mozilla/5.0 (Windows NT 10.0; Win64; x64; rv:60.0) Gecko/20100101 Firefox/60.0" 
99.228.65.25 - - [10/Apr/2018:19:16:29 -0700] "GET /bootstrap/img/favicon.ico HTTP/1.1" 200 589 "-" "Mozilla/5.0 (Windows NT 10.0; Win64; x64; rv:60.0) Gecko/20100101 Firefox/60.0" 
99.228.65.25 - - [10/Apr/2018:19:16:43 -0700] "GET /maccdc2012/dns.log.gz HTTP/1.1" 200 6398861 "http://www.secrepo.com/" "Mozilla/5.0 (Windows NT 10.0; Win64; x64; rv:60.0) Gecko/20100101 Firefox/60.0" 
99.228.65.25 - - [10/Apr/2018:19:16:52 -0700] "GET /maccdc2012/http.log.gz HTTP/1.1" 200 37143542 "http://www.secrepo.com/" "Mozilla/5.0 (Windows NT 10.0; Win64; x64; rv:60.0) Gecko/20100101 Firefox/60.0" 
99.228.65.25 - - [10/Apr/2018:19:17:26 -0700] "GET /domaindata/domainmovement.zip HTTP/1.1" 200 1039520 "http://www.secrepo.com/" "Mozilla/5.0 (Windows NT 10.0; Win64; x64; rv:60.0) Gecko/20100101 Firefox/60.0" 
99.228.65.25 - - [10/Apr/2018:19:17:38 -0700] "GET /honeypot/honeypot.json.zip HTTP/1.1" 200 1061420 "http://www.secrepo.com/" "Mozilla/5.0 (Windows NT 10.0; Win64; x64; rv:60.0) Gecko/20100101 Firefox/60.0" 
162.242.144.71 - - [10/Apr/2018:19:17:47 -0700] "GET /robots.txt HTTP/1.1" 301 446 "-" "Tornado-Async-Client" 
162.242.144.71 - - [10/Apr/2018:19:17:48 -0700] "GET /robots.txt HTTP/1.1" 304 130 "-" "Tornado-Async-Client" 
162.242.144.71 - - [10/Apr/2018:19:17:48 -0700] "GET /honeypot/BSidesDFW%20-%202014.ipynb HTTP/1.1" 301 484 "-" "Tornado-Async-Client" 
162.242.144.71 - - [10/Apr/2018:19:17:48 -0700] "GET /honeypot/BSidesDFW%20-%202014.ipynb HTTP/1.1" 200 930780 "-" "Tornado-Async-Client" 
99.228.65.25 - - [10/Apr/2018:19:18:10 -0700] "GET /honeypot/honeypot.json.zip HTTP/1.1" 200 23085976 "http://www.secrepo.com/" "Mozilla/5.0 (Windows NT 10.0; Win64; x64; rv:60.0) Gecko/20100101 Firefox/60.0" 
211.83.110.104 - - [10/Apr/2018:19:24:36 -0700] "GET /favicon.ico HTTP/1.1" 200 268 "-" "Mozilla/5.0 (Windows NT 10.0; WOW64) AppleWebKit/537.36 (KHTML, like Gecko) Chrome/55.0.2883.87 Safari/537.36" 
52.165.148.51 - - [10/Apr/2018:19:25:53 -0700] "GET / HTTP/1.1" 301 446 "-" "Mozilla/5.0 (Windows NT 10.0; Win64; x64) AppleWebKit/537.36 (KHTML, like Gecko) Chrome/62.0.3202.94 Safari/537.36" 
216.244.66.227 - - [10/Apr/2018:19:26:27 -0700] "GET /robots.txt HTTP/1.1" 200 233 "-" "Mozilla/5.0 (compatible; DotBot/1.1; http://www.opensiteexplorer.org/dotbot, help@moz.com)" 
99.228.65.25 - - [10/Apr/2018:19:28:14 -0700] "GET /honeypot/BSidesDFW%20-%202014.ipynb HTTP/1.1" 200 930836 "http://www.secrepo.com/" "Mozilla/5.0 (Windows NT 10.0; Win64; x64; rv:60.0) Gecko/20100101 Firefox/60.0" 
99.228.65.25 - - [10/Apr/2018:19:28:16 -0700] "GET /favicon.ico HTTP/1.1" 200 267 "-" "Mozilla/5.0 (Windows NT 10.0; Win64; x64; rv:60.0) Gecko/20100101 Firefox/60.0" 
182.118.20.157 - - [10/Apr/2018:19:28:35 -0700] "GET / HTTP/1.1" 200 37415 "http://www.secrepo.com/" "Mozilla/4.0 (compatible; MSIE 8.0; Windows NT 6.1; Trident/4.0; SLCC2; .NET CLR 2.0.50727; .NET CLR 3.5.30729; .NET CLR 3.0.30729; Media Center PC 6.0; Tablet PC 2.0)" 
52.212.146.96 - - [10/Apr/2018:19:30:02 -0700] "GET /self.logs/access.log.2018-04-04.gz HTTP/1.1" 200 55565 "-" "python-requests/2.12.1" 
52.212.146.96 - - [10/Apr/2018:19:30:02 -0700] "GET /self.logs/access.log.2018-04-05.gz HTTP/1.1" 200 24439 "-" "python-requests/2.12.1" 
52.212.146.96 - - [10/Apr/2018:19:30:03 -0700] "GET /self.logs/access.log.2018-04-06.gz HTTP/1.1" 200 27059 "-" "python-requests/2.12.1" 
52.212.146.96 - - [10/Apr/2018:19:30:03 -0700] "GET /self.logs/access.log.2018-04-07.gz HTTP/1.1" 200 16825 "-" "python-requests/2.12.1" 
52.212.146.96 - - [10/Apr/2018:19:30:03 -0700] "GET /self.logs/access.log.2018-04-08.gz HTTP/1.1" 404 340 "-" "python-requests/2.12.1" 
52.212.146.96 - - [10/Apr/2018:19:30:04 -0700] "GET /self.logs/access.log.2018-04-09.gz HTTP/1.1" 404 340 "-" "python-requests/2.12.1" 
52.212.146.96 - - [10/Apr/2018:19:30:04 -0700] "GET /self.logs/access.log.2018-04-10.gz HTTP/1.1" 404 340 "-" "python-requests/2.12.1" 
211.103.220.197 - - [10/Apr/2018:19:30:06 -0700] "GET /favicon.ico HTTP/1.1" 200 268 "-" "Mozilla/5.0 (Windows NT 6.1) AppleWebKit/537.36 (KHTML, like Gecko) Chrome/49.0.2623.221 Safari/537.36 SE 2.X MetaSr 1.0" 
113.171.224.176 - - [10/Apr/2018:19:30:31 -0700] "GET /honeypot/Honeypot%20-%20Howto.pdf HTTP/1.1" 200 46720 "-" "Mozilla/5.0 Gecko/20100115 Firefox/3.6" 
99.228.65.25 - - [10/Apr/2018:19:31:20 -0700] "GET /pe_static/zeus.zip HTTP/1.1" 200 2882040 "http://www.secrepo.com/" "Mozilla/5.0 (Windows NT 10.0; Win64; x64; rv:60.0) Gecko/20100101 Firefox/60.0" 
216.244.66.227 - - [10/Apr/2018:19:32:33 -0700] "GET /self.logs/access.log.2017-09-27.gz HTTP/1.1" 200 32091 "-" "Mozilla/5.0 (compatible; DotBot/1.1; http://www.opensiteexplorer.org/dotbot, help@moz.com)" 
216.244.66.227 - - [10/Apr/2018:19:32:35 -0700] "GET /self.logs/access.log.2017-11-03.gz HTTP/1.1" 200 25963 "-" "Mozilla/5.0 (compatible; DotBot/1.1; http://www.opensiteexplorer.org/dotbot, help@moz.com)" 
216.244.66.227 - - [10/Apr/2018:19:32:37 -0700] "GET /self.logs/access.log.2017-11-06.gz HTTP/1.1" 200 28078 "-" "Mozilla/5.0 (compatible; DotBot/1.1; http://www.opensiteexplorer.org/dotbot, help@moz.com)" 
216.244.66.227 - - [10/Apr/2018:19:32:38 -0700] "GET /self.logs/error.log.2017-05-24.gz HTTP/1.1" 200 897 "-" "Mozilla/5.0 (compatible; DotBot/1.1; http://www.opensiteexplorer.org/dotbot, help@moz.com)" 
216.244.66.227 - - [10/Apr/2018:19:32:41 -0700] "GET /self.logs/error.log.2017-06-02.gz HTTP/1.1" 200 758 "-" "Mozilla/5.0 (compatible; DotBot/1.1; http://www.opensiteexplorer.org/dotbot, help@moz.com)" 
216.244.66.227 - - [10/Apr/2018:19:32:42 -0700] "GET /self.logs/error.log.2017-07-19.gz HTTP/1.1" 200 843 "-" "Mozilla/5.0 (compatible; DotBot/1.1; http://www.opensiteexplorer.org/dotbot, help@moz.com)" 
216.244.66.227 - - [10/Apr/2018:19:32:44 -0700] "GET /self.logs/error.log.2017-07-29.gz HTTP/1.1" 200 842 "-" "Mozilla/5.0 (compatible; DotBot/1.1; http://www.opensiteexplorer.org/dotbot, help@moz.com)" 
216.244.66.227 - - [10/Apr/2018:19:34:11 -0700] "GET /self.logs/access.log.2015-03-21.gz HTTP/1.1" 404 239 "-" "Mozilla/5.0 (compatible; DotBot/1.1; http://www.opensiteexplorer.org/dotbot, help@moz.com)" 
216.244.66.227 - - [10/Apr/2018:19:34:12 -0700] "GET /self.logs/access.log.2016-06-20.gz HTTP/1.1" 404 239 "-" "Mozilla/5.0 (compatible; DotBot/1.1; http://www.opensiteexplorer.org/dotbot, help@moz.com)" 
216.244.66.227 - - [10/Apr/2018:19:34:13 -0700] "GET /self.logs/access.log.2016-09-16.gz HTTP/1.1" 404 239 "-" "Mozilla/5.0 (compatible; DotBot/1.1; http://www.opensiteexplorer.org/dotbot, help@moz.com)" 
216.244.66.227 - - [10/Apr/2018:19:34:14 -0700] "GET /self.logs/access.log.2016-11-17.gz HTTP/1.1" 404 239 "-" "Mozilla/5.0 (compatible; DotBot/1.1; http://www.opensiteexplorer.org/dotbot, help@moz.com)" 
216.244.66.227 - - [10/Apr/2018:19:34:16 -0700] "GET /self.logs/error.log.2015-06-27.gz HTTP/1.1" 404 239 "-" "Mozilla/5.0 (compatible; DotBot/1.1; http://www.opensiteexplorer.org/dotbot, help@moz.com)" 
216.244.66.227 - - [10/Apr/2018:19:34:16 -0700] "GET /self.logs/error.log.2015-06-07.gz HTTP/1.1" 404 239 "-" "Mozilla/5.0 (compatible; DotBot/1.1; http://www.opensiteexplorer.org/dotbot, help@moz.com)" 
216.244.66.227 - - [10/Apr/2018:19:34:17 -0700] "GET /self.logs/error.log.2016-04-01.gz HTTP/1.1" 404 239 "-" "Mozilla/5.0 (compatible; DotBot/1.1; http://www.opensiteexplorer.org/dotbot, help@moz.com)" 
99.228.65.25 - - [10/Apr/2018:19:36:10 -0700] "GET /Security-Data-Analysis/Lab_1/conn.log.zip HTTP/1.1" 200 2453948 "http://www.secrepo.com/" "Mozilla/5.0 (Windows NT 10.0; Win64; x64; rv:60.0) Gecko/20100101 Firefox/60.0" 
99.228.65.25 - - [10/Apr/2018:19:37:31 -0700] "GET /misc/zeus_dga_domains.txt.zip HTTP/1.1" 200 594360 "http://www.secrepo.com/" "Mozilla/5.0 (Windows NT 10.0; Win64; x64; rv:60.0) Gecko/20100101 Firefox/60.0" 
54.36.149.70 - - [10/Apr/2018:19:38:21 -0700] "GET /self.logs/2015/access.log.2015-09-05.gz HTTP/1.1" 200 2914 "-" "Mozilla/5.0 (compatible; AhrefsBot/5.2; +http://ahrefs.com/robot/)" 
66.249.64.159 - - [10/Apr/2018:19:39:43 -0700] "GET / HTTP/1.1" 200 11061 "-" "Mozilla/5.0 (compatible; Googlebot/2.1; +http://www.google.com/bot.html)" 
99.228.65.25 - - [10/Apr/2018:19:38:43 -0700] "GET /pe_static/zeus.zip HTTP/1.1" 200 51367111 "http://www.secrepo.com/" "Mozilla/5.0 (Windows NT 10.0; Win64; x64; rv:60.0) Gecko/20100101 Firefox/60.0" 
171.209.159.20 - - [10/Apr/2018:19:39:56 -0700] "GET / HTTP/1.1" 301 483 "-" "Mozilla/5.0 (iPhone; CPU iPhone OS 11_1_1 like Mac OS X) AppleWebKit/604.3.5 (KHTML, like Gecko) Mobile/15B150 MicroMessenger/6.6.6 NetType/4G Language/zh_CN" 
171.209.159.20 - - [10/Apr/2018:19:39:58 -0700] "GET / HTTP/1.1" 200 11061 "-" "Mozilla/5.0 (iPhone; CPU iPhone OS 11_1_1 like Mac OS X) AppleWebKit/604.3.5 (KHTML, like Gecko) Mobile/15B150 MicroMessenger/6.6.6 NetType/4G Language/zh_CN" 
171.209.159.20 - - [10/Apr/2018:19:39:59 -0700] "GET /twitter-icon.png HTTP/1.1" 200 27787 "http://www.secrepo.com/" "Mozilla/5.0 (iPhone; CPU iPhone OS 11_1_1 like Mac OS X) AppleWebKit/604.3.5 (KHTML, like Gecko) Mobile/15B150 MicroMessenger/6.6.6 NetType/4G Language/zh_CN" 
73.208.69.142 - - [10/Apr/2018:19:40:07 -0700] "GET /maccdc2012/dhcp.log.gz HTTP/1.1" 200 45019 "http://www.secrepo.com/" "Mozilla/5.0 (Macintosh; Intel Mac OS X 10_13_4) AppleWebKit/537.36 (KHTML, like Gecko) Chrome/65.0.3325.181 Safari/537.36" 
99.228.65.25 - - [10/Apr/2018:19:36:15 -0700] "GET /Security-Data-Analysis/Lab_1/conn.log.zip HTTP/1.1" 200 549098528 "http://www.secrepo.com/" "Mozilla/5.0 (Windows NT 10.0; Win64; x64; rv:60.0) Gecko/20100101 Firefox/60.0" 
100.43.85.128 - - [10/Apr/2018:19:45:24 -0700] "GET /self.logs/?C=N;O=A HTTP/1.1" 200 9281 "-" "Mozilla/5.0 (compatible; YandexBot/3.0; +http://yandex.com/bots)" 
69.180.187.27 - - [10/Apr/2018:19:46:18 -0700] "GET / HTTP/1.1" 200 11061 "-" "Mozilla/5.0 (Macintosh; Intel Mac OS X 10_13_3) AppleWebKit/604.5.6 (KHTML, like Gecko)" 
69.180.187.27 - - [10/Apr/2018:19:46:18 -0700] "GET /apple-touch-icon-precomposed.png HTTP/1.1" 404 340 "-" "Safari/13604.5.6 CFNetwork/893.13.1 Darwin/17.4.0 (x86_64)" 
69.180.187.27 - - [10/Apr/2018:19:46:19 -0700] "GET /apple-touch-icon.png HTTP/1.1" 404 339 "-" "Safari/13604.5.6 CFNetwork/893.13.1 Darwin/17.4.0 (x86_64)" 
69.180.187.27 - - [10/Apr/2018:19:46:19 -0700] "GET /bootstrap/img/favicon.ico HTTP/1.1" 200 589 "-" "Safari/13604.5.6 CFNetwork/893.13.1 Darwin/17.4.0 (x86_64)" 
69.180.187.27 - - [10/Apr/2018:19:46:19 -0700] "GET / HTTP/1.1" 200 11060 "-" "\"Mozilla/5.0 (iPhone; CPU iPhone OS 11_0 like Mac OS X) AppleWebKit/604.1.38 (KHTML, like Gecko) Version/11.0 Mobile/15A372 Safari/604.1\"" 
69.180.187.27 - - [10/Apr/2018:19:46:19 -0700] "GET /apple-touch-icon-precomposed.png HTTP/1.1" 404 339 "-" "Safari/13604.5.6 CFNetwork/893.13.1 Darwin/17.4.0 (x86_64)" 
69.180.187.27 - - [10/Apr/2018:19:46:19 -0700] "GET /apple-touch-icon.png HTTP/1.1" 404 339 "-" "Safari/13604.5.6 CFNetwork/893.13.1 Darwin/17.4.0 (x86_64)" 
69.180.187.27 - - [10/Apr/2018:19:46:19 -0700] "GET /bootstrap/img/favicon.ico HTTP/1.1" 200 589 "-" "Safari/13604.5.6 CFNetwork/893.13.1 Darwin/17.4.0 (x86_64)" 
171.209.159.20 - - [10/Apr/2018:19:47:58 -0700] "GET / HTTP/1.1" 200 11061 "-" "Mozilla/5.0 (iPhone; CPU iPhone OS 11_1_1 like Mac OS X) AppleWebKit/604.3.5 (KHTML, like Gecko) Mobile/15B150 MicroMessenger/6.6.6 NetType/4G Language/zh_CN" 
99.228.65.25 - - [10/Apr/2018:19:50:58 -0700] "GET /honeypot/honeypot.json.zip HTTP/1.1" 200 4406280 "http://www.secrepo.com/" "Mozilla/5.0 (Windows NT 10.0; Win64; x64; rv:60.0) Gecko/20100101 Firefox/60.0" 
99.228.65.25 - - [10/Apr/2018:19:51:02 -0700] "GET /honeypot/honeypot.json.zip HTTP/1.1" 200 23085976 "http://www.secrepo.com/" "Mozilla/5.0 (Windows NT 10.0; Win64; x64; rv:60.0) Gecko/20100101 Firefox/60.0" 
119.254.197.164 - - [10/Apr/2018:19:52:03 -0700] "GET / HTTP/1.1" 200 11061 "-" "Mozilla/5.0 (Windows NT 6.1; WOW64) AppleWebKit/537.36 (KHTML, like Gecko) Chrome/39.0.2171.95 Safari/537.36 MicroMessenger/6.5.2.501 NetType/WIFI WindowsWechat QBCore/3.43.691.400 QQBrowser/9.0.2524.400" 
119.254.197.164 - - [10/Apr/2018:19:52:04 -0700] "GET /twitter-icon.png HTTP/1.1" 200 27787 "http://www.secrepo.com/" "Mozilla/5.0 (Windows NT 6.1; WOW64) AppleWebKit/537.36 (KHTML, like Gecko) Chrome/39.0.2171.95 Safari/537.36 MicroMessenger/6.5.2.501 NetType/WIFI WindowsWechat QBCore/3.43.691.400 QQBrowser/9.0.2524.400" 
119.254.197.164 - - [10/Apr/2018:19:52:04 -0700] "GET /GitHub-Mark.png HTTP/1.1" 200 7428 "http://www.secrepo.com/" "Mozilla/5.0 (Windows NT 6.1; WOW64) AppleWebKit/537.36 (KHTML, like Gecko) Chrome/39.0.2171.95 Safari/537.36 MicroMessenger/6.5.2.501 NetType/WIFI WindowsWechat QBCore/3.43.691.400 QQBrowser/9.0.2524.400" 
216.244.66.227 - - [10/Apr/2018:19:52:30 -0700] "GET /robots.txt HTTP/1.1" 200 233 "-" "Mozilla/5.0 (compatible; DotBot/1.1; http://www.opensiteexplorer.org/dotbot, help@moz.com)" 
5.133.176.3 - - [10/Apr/2018:19:53:49 -0700] "GET / HTTP/1.0" 200 37404 "http://www.secrepo.com/" "Mozilla/5.0 (Windows NT 10.0; Win64; x64) AppleWebKit/537.36 (KHTML, like Gecko) Chrome/62.0.3202.62 Safari/537.36" 
27.115.79.130 - - [10/Apr/2018:19:55:10 -0700] "GET / HTTP/1.1" 200 11061 "-" "Mozilla/5.0 (Windows NT 10.0; Win64; x64; rv:59.0) Gecko/20100101 Firefox/59.0" 
27.115.79.130 - - [10/Apr/2018:19:55:11 -0700] "GET /twitter-icon.png HTTP/1.1" 200 27788 "http://www.secrepo.com/" "Mozilla/5.0 (Windows NT 10.0; Win64; x64; rv:59.0) Gecko/20100101 Firefox/59.0" 
27.115.79.130 - - [10/Apr/2018:19:55:11 -0700] "GET /GitHub-Mark.png HTTP/1.1" 200 7427 "http://www.secrepo.com/" "Mozilla/5.0 (Windows NT 10.0; Win64; x64; rv:59.0) Gecko/20100101 Firefox/59.0" 
27.115.79.130 - - [10/Apr/2018:19:55:12 -0700] "GET /bootstrap/img/favicon.ico HTTP/1.1" 200 589 "-" "Mozilla/5.0 (Windows NT 10.0; Win64; x64; rv:59.0) Gecko/20100101 Firefox/59.0" 
113.240.234.220 - - [10/Apr/2018:19:55:33 -0700] "GET /favicon.ico HTTP/1.1" 200 268 "-" "Mozilla/5.0 (Windows NT 6.1) AppleWebKit/537.36 (KHTML, like Gecko) Chrome/55.0.2883.87 Safari/537.36" 
99.228.65.25 - - [10/Apr/2018:19:55:48 -0700] "GET /self.logs/ HTTP/1.1" 200 9281 "http://www.secrepo.com/" "Mozilla/5.0 (Windows NT 10.0; Win64; x64; rv:60.0) Gecko/20100101 Firefox/60.0" 
99.228.65.25 - - [10/Apr/2018:19:55:45 -0700] "GET /squid/access.log.gz HTTP/1.1" 200 23177322 "http://www.secrepo.com/" "Mozilla/5.0 (Windows NT 10.0; Win64; x64; rv:60.0) Gecko/20100101 Firefox/60.0" 
158.140.140.205 - - [10/Apr/2018:19:56:48 -0700] "GET / HTTP/1.1" 200 11061 "-" "Mozilla/5.0 (X11; Linux x86_64; rv:58.0) Gecko/20100101 Firefox/58.0" 
158.140.140.205 - - [10/Apr/2018:19:56:49 -0700] "GET /twitter-icon.png HTTP/1.1" 200 27787 "http://www.secrepo.com/" "Mozilla/5.0 (X11; Linux x86_64; rv:58.0) Gecko/20100101 Firefox/58.0" 
158.140.140.205 - - [10/Apr/2018:19:56:49 -0700] "GET /GitHub-Mark.png HTTP/1.1" 200 7428 "http://www.secrepo.com/" "Mozilla/5.0 (X11; Linux x86_64; rv:58.0) Gecko/20100101 Firefox/58.0" 
158.140.140.205 - - [10/Apr/2018:19:56:49 -0700] "GET /bootstrap/img/favicon.ico HTTP/1.1" 200 589 "-" "Mozilla/5.0 (X11; Linux x86_64; rv:58.0) Gecko/20100101 Firefox/58.0" 
221.237.152.89 - - [10/Apr/2018:19:58:04 -0700] "GET / HTTP/1.1" 301 483 "-" "Mozilla/5.0 (Windows NT 6.1; WOW64) AppleWebKit/537.36 (KHTML, like Gecko) Chrome/65.0.3325.181 Safari/537.36" 
221.237.152.89 - - [10/Apr/2018:19:58:06 -0700] "GET / HTTP/1.1" 200 11061 "-" "Mozilla/5.0 (Windows NT 6.1; WOW64) AppleWebKit/537.36 (KHTML, like Gecko) Chrome/65.0.3325.181 Safari/537.36" 
221.237.152.89 - - [10/Apr/2018:19:58:07 -0700] "GET /twitter-icon.png HTTP/1.1" 200 27787 "http://www.secrepo.com/" "Mozilla/5.0 (Windows NT 6.1; WOW64) AppleWebKit/537.36 (KHTML, like Gecko) Chrome/65.0.3325.181 Safari/537.36" 
221.237.152.89 - - [10/Apr/2018:19:58:07 -0700] "GET /GitHub-Mark.png HTTP/1.1" 200 7428 "http://www.secrepo.com/" "Mozilla/5.0 (Windows NT 6.1; WOW64) AppleWebKit/537.36 (KHTML, like Gecko) Chrome/65.0.3325.181 Safari/537.36" 
221.237.152.89 - - [10/Apr/2018:19:58:09 -0700] "GET /bootstrap/img/favicon.ico HTTP/1.1" 200 590 "http://www.secrepo.com/" "Mozilla/5.0 (Windows NT 6.1; WOW64) AppleWebKit/537.36 (KHTML, like Gecko) Chrome/65.0.3325.181 Safari/537.36" 
101.199.108.51 - - [10/Apr/2018:19:58:41 -0700] "GET / HTTP/1.1" 200 11061 "-" "Mozilla/5.0 (Windows NT 6.1) AppleWebKit/537.36 (KHTML, like Gecko) Chrome/36.0.1985.125 Safari/537.36" 
216.244.66.227 - - [10/Apr/2018:19:58:42 -0700] "GET /self.logs/access.log.2017-04-30.gz HTTP/1.1" 200 11814 "-" "Mozilla/5.0 (compatible; DotBot/1.1; http://www.opensiteexplorer.org/dotbot, help@moz.com)" 
216.244.66.227 - - [10/Apr/2018:19:58:44 -0700] "GET /self.logs/access.log.2017-06-25.gz HTTP/1.1" 200 16341 "-" "Mozilla/5.0 (compatible; DotBot/1.1; http://www.opensiteexplorer.org/dotbot, help@moz.com)" 
216.244.66.227 - - [10/Apr/2018:19:58:45 -0700] "GET /self.logs/access.log.2017-07-17.gz HTTP/1.1" 200 78888 "-" "Mozilla/5.0 (compatible; DotBot/1.1; http://www.opensiteexplorer.org/dotbot, help@moz.com)" 
216.244.66.227 - - [10/Apr/2018:19:58:50 -0700] "GET /self.logs/access.log.2017-07-18.gz HTTP/1.1" 200 20278 "-" "Mozilla/5.0 (compatible; DotBot/1.1; http://www.opensiteexplorer.org/dotbot, help@moz.com)" 
216.244.66.227 - - [10/Apr/2018:19:58:52 -0700] "GET /self.logs/access.log.2017-11-11.gz HTTP/1.1" 200 29691 "-" "Mozilla/5.0 (compatible; DotBot/1.1; http://www.opensiteexplorer.org/dotbot, help@moz.com)" 
216.244.66.227 - - [10/Apr/2018:19:58:53 -0700] "GET /self.logs/error.log.2017-01-19.gz HTTP/1.1" 200 772 "-" "Mozilla/5.0 (compatible; DotBot/1.1; http://www.opensiteexplorer.org/dotbot, help@moz.com)" 
216.244.66.227 - - [10/Apr/2018:19:58:54 -0700] "GET /self.logs/error.log.2017-02-02.gz HTTP/1.1" 200 791 "-" "Mozilla/5.0 (compatible; DotBot/1.1; http://www.opensiteexplorer.org/dotbot, help@moz.com)" 
216.244.66.227 - - [10/Apr/2018:19:58:56 -0700] "GET /self.logs/error.log.2017-06-22.gz HTTP/1.1" 200 1458 "-" "Mozilla/5.0 (compatible; DotBot/1.1; http://www.opensiteexplorer.org/dotbot, help@moz.com)" 
216.244.66.227 - - [10/Apr/2018:19:58:57 -0700] "GET /self.logs/error.log.2017-08-28.gz HTTP/1.1" 200 787 "-" "Mozilla/5.0 (compatible; DotBot/1.1; http://www.opensiteexplorer.org/dotbot, help@moz.com)" 
216.244.66.227 - - [10/Apr/2018:20:00:22 -0700] "GET /self.logs/access.log.2015-01-25.gz HTTP/1.1" 404 239 "-" "Mozilla/5.0 (compatible; DotBot/1.1; http://www.opensiteexplorer.org/dotbot, help@moz.com)" 
216.244.66.227 - - [10/Apr/2018:20:00:23 -0700] "GET /self.logs/access.log.2015-05-09.gz HTTP/1.1" 404 239 "-" "Mozilla/5.0 (compatible; DotBot/1.1; http://www.opensiteexplorer.org/dotbot, help@moz.com)" 
216.244.66.227 - - [10/Apr/2018:20:00:24 -0700] "GET /self.logs/access.log.2015-06-30.gz HTTP/1.1" 404 239 "-" "Mozilla/5.0 (compatible; DotBot/1.1; http://www.opensiteexplorer.org/dotbot, help@moz.com)" 
216.244.66.227 - - [10/Apr/2018:20:00:25 -0700] "GET /self.logs/access.log.2015-09-16.gz HTTP/1.1" 404 239 "-" "Mozilla/5.0 (compatible; DotBot/1.1; http://www.opensiteexplorer.org/dotbot, help@moz.com)" 
216.244.66.227 - - [10/Apr/2018:20:00:26 -0700] "GET /self.logs/access.log.2016-01-20.gz HTTP/1.1" 404 239 "-" "Mozilla/5.0 (compatible; DotBot/1.1; http://www.opensiteexplorer.org/dotbot, help@moz.com)" 
216.244.66.227 - - [10/Apr/2018:20:00:27 -0700] "GET /self.logs/access.log.2016-03-23.gz HTTP/1.1" 404 239 "-" "Mozilla/5.0 (compatible; DotBot/1.1; http://www.opensiteexplorer.org/dotbot, help@moz.com)" 
216.244.66.227 - - [10/Apr/2018:20:00:29 -0700] "GET /self.logs/access.log.2016-07-16.gz HTTP/1.1" 404 239 "-" "Mozilla/5.0 (compatible; DotBot/1.1; http://www.opensiteexplorer.org/dotbot, help@moz.com)" 
216.244.66.227 - - [10/Apr/2018:20:00:29 -0700] "GET /self.logs/access.log.2016-05-02.gz HTTP/1.1" 404 239 "-" "Mozilla/5.0 (compatible; DotBot/1.1; http://www.opensiteexplorer.org/dotbot, help@moz.com)" 
216.244.66.227 - - [10/Apr/2018:20:00:30 -0700] "GET /self.logs/access.log.2016-11-18.gz HTTP/1.1" 404 239 "-" "Mozilla/5.0 (compatible; DotBot/1.1; http://www.opensiteexplorer.org/dotbot, help@moz.com)" 
216.244.66.227 - - [10/Apr/2018:20:00:31 -0700] "GET /self.logs/error.log.2015-11-29.gz HTTP/1.1" 404 239 "-" "Mozilla/5.0 (compatible; DotBot/1.1; http://www.opensiteexplorer.org/dotbot, help@moz.com)" 
216.244.66.227 - - [10/Apr/2018:20:00:32 -0700] "GET /self.logs/error.log.2016-05-01.gz HTTP/1.1" 404 239 "-" "Mozilla/5.0 (compatible; DotBot/1.1; http://www.opensiteexplorer.org/dotbot, help@moz.com)" 
108.18.28.31 - - [10/Apr/2018:20:04:58 -0700] "GET / HTTP/1.1" 200 11061 "-" "Mozilla/5.0 (Windows NT 10.0; Win64; x64) AppleWebKit/537.36 (KHTML, like Gecko) Chrome/65.0.3325.181 Safari/537.36" 
108.18.28.31 - - [10/Apr/2018:20:04:59 -0700] "GET /twitter-icon.png HTTP/1.1" 200 27787 "http://www.secrepo.com/" "Mozilla/5.0 (Windows NT 10.0; Win64; x64) AppleWebKit/537.36 (KHTML, like Gecko) Chrome/65.0.3325.181 Safari/537.36" 
108.18.28.31 - - [10/Apr/2018:20:04:59 -0700] "GET /GitHub-Mark.png HTTP/1.1" 200 7428 "http://www.secrepo.com/" "Mozilla/5.0 (Windows NT 10.0; Win64; x64) AppleWebKit/537.36 (KHTML, like Gecko) Chrome/65.0.3325.181 Safari/537.36" 
108.18.28.31 - - [10/Apr/2018:20:05:01 -0700] "GET /bootstrap/img/favicon.ico HTTP/1.1" 200 590 "http://www.secrepo.com/" "Mozilla/5.0 (Windows NT 10.0; Win64; x64) AppleWebKit/537.36 (KHTML, like Gecko) Chrome/65.0.3325.181 Safari/537.36" 
1.47.230.76 - - [10/Apr/2018:20:05:57 -0700] "GET / HTTP/1.1" 200 11061 "-" "Mozilla/5.0 (Windows NT 10.0; Win64; x64) AppleWebKit/537.36 (KHTML, like Gecko) Chrome/65.0.3325.181 Safari/537.36" 
1.47.230.76 - - [10/Apr/2018:20:05:59 -0700] "GET /twitter-icon.png HTTP/1.1" 200 27787 "http://www.secrepo.com/" "Mozilla/5.0 (Windows NT 10.0; Win64; x64) AppleWebKit/537.36 (KHTML, like Gecko) Chrome/65.0.3325.181 Safari/537.36" 
1.47.230.76 - - [10/Apr/2018:20:05:59 -0700] "GET /GitHub-Mark.png HTTP/1.1" 200 7428 "http://www.secrepo.com/" "Mozilla/5.0 (Windows NT 10.0; Win64; x64) AppleWebKit/537.36 (KHTML, like Gecko) Chrome/65.0.3325.181 Safari/537.36" 
1.47.230.76 - - [10/Apr/2018:20:06:01 -0700] "GET /bootstrap/img/favicon.ico HTTP/1.1" 200 590 "http://www.secrepo.com/" "Mozilla/5.0 (Windows NT 10.0; Win64; x64) AppleWebKit/537.36 (KHTML, like Gecko) Chrome/65.0.3325.181 Safari/537.36" 
69.180.187.27 - - [10/Apr/2018:20:06:10 -0700] "GET / HTTP/1.1" 200 11061 "-" "Mozilla/5.0 (Macintosh; Intel Mac OS X 10_13_3) AppleWebKit/604.5.6 (KHTML, like Gecko)" 
69.180.187.27 - - [10/Apr/2018:20:06:10 -0700] "GET /apple-touch-icon-precomposed.png HTTP/1.1" 404 340 "-" "Safari/13604.5.6 CFNetwork/893.13.1 Darwin/17.4.0 (x86_64)" 
69.180.187.27 - - [10/Apr/2018:20:06:10 -0700] "GET /apple-touch-icon.png HTTP/1.1" 404 339 "-" "Safari/13604.5.6 CFNetwork/893.13.1 Darwin/17.4.0 (x86_64)" 
69.180.187.27 - - [10/Apr/2018:20:06:10 -0700] "GET /bootstrap/img/favicon.ico HTTP/1.1" 200 589 "-" "Safari/13604.5.6 CFNetwork/893.13.1 Darwin/17.4.0 (x86_64)" 
69.180.187.27 - - [10/Apr/2018:20:06:10 -0700] "GET / HTTP/1.1" 200 11060 "-" "\"Mozilla/5.0 (iPhone; CPU iPhone OS 11_0 like Mac OS X) AppleWebKit/604.1.38 (KHTML, like Gecko) Version/11.0 Mobile/15A372 Safari/604.1\"" 
69.180.187.27 - - [10/Apr/2018:20:06:10 -0700] "GET /apple-touch-icon-precomposed.png HTTP/1.1" 404 339 "-" "Safari/13604.5.6 CFNetwork/893.13.1 Darwin/17.4.0 (x86_64)" 
69.180.187.27 - - [10/Apr/2018:20:06:10 -0700] "GET /apple-touch-icon.png HTTP/1.1" 404 339 "-" "Safari/13604.5.6 CFNetwork/893.13.1 Darwin/17.4.0 (x86_64)" 
69.180.187.27 - - [10/Apr/2018:20:06:10 -0700] "GET /bootstrap/img/favicon.ico HTTP/1.1" 200 589 "-" "Safari/13604.5.6 CFNetwork/893.13.1 Darwin/17.4.0 (x86_64)" 
211.72.124.13 - - [10/Apr/2018:20:10:11 -0700] "GET / HTTP/1.1" 200 11061 "https://www.google.com.tw/" "Mozilla/5.0 (Windows NT 10.0; Win64; x64) AppleWebKit/537.36 (KHTML, like Gecko) Chrome/65.0.3325.181 Safari/537.36" 
211.72.124.13 - - [10/Apr/2018:20:10:12 -0700] "GET /twitter-icon.png HTTP/1.1" 200 27787 "http://www.secrepo.com/" "Mozilla/5.0 (Windows NT 10.0; Win64; x64) AppleWebKit/537.36 (KHTML, like Gecko) Chrome/65.0.3325.181 Safari/537.36" 
211.72.124.13 - - [10/Apr/2018:20:10:12 -0700] "GET /GitHub-Mark.png HTTP/1.1" 200 7428 "http://www.secrepo.com/" "Mozilla/5.0 (Windows NT 10.0; Win64; x64) AppleWebKit/537.36 (KHTML, like Gecko) Chrome/65.0.3325.181 Safari/537.36" 
211.72.124.13 - - [10/Apr/2018:20:10:18 -0700] "GET /maccdc2012/conn.log.gz HTTP/1.1" 200 29628563 "http://www.secrepo.com/" "Mozilla/5.0 (Windows NT 10.0; Win64; x64) AppleWebKit/537.36 (KHTML, like Gecko) Chrome/65.0.3325.181 Safari/537.36" 
54.36.149.2 - - [10/Apr/2018:20:14:08 -0700] "GET /self.logs/2016/error.log.2016-04-11.gz HTTP/1.1" 200 928 "-" "Mozilla/5.0 (compatible; AhrefsBot/5.2; +http://ahrefs.com/robot/)" 
210.12.101.154 - - [10/Apr/2018:20:15:01 -0700] "GET /favicon.ico HTTP/1.1" 200 268 "-" "Mozilla/5.0 (Windows NT 10.0; WOW64) AppleWebKit/537.36 (KHTML, like Gecko) Chrome/55.0.2883.87 Safari/537.36" 
211.72.124.13 - - [10/Apr/2018:20:15:29 -0700] "GET /bootstrap/img/favicon.ico HTTP/1.1" 200 590 "http://www.secrepo.com/" "Mozilla/5.0 (Windows NT 10.0; Win64; x64) AppleWebKit/537.36 (KHTML, like Gecko) Chrome/65.0.3325.181 Safari/537.36" 
5.133.176.3 - - [10/Apr/2018:20:15:36 -0700] "GET / HTTP/1.0" 200 37404 "http://www.secrepo.com/" "Mozilla/5.0 (Windows NT 6.1; Win64; x64; rv:53.0) Gecko/20100101 Firefox/53.0" 
216.244.66.227 - - [10/Apr/2018:20:18:28 -0700] "GET /robots.txt HTTP/1.1" 200 233 "-" "Mozilla/5.0 (compatible; DotBot/1.1; http://www.opensiteexplorer.org/dotbot, help@moz.com)" 
54.36.148.80 - - [10/Apr/2018:20:19:08 -0700] "GET /self.logs/2016/access.log.2016-10-07.gz HTTP/1.1" 200 19582 "-" "Mozilla/5.0 (compatible; AhrefsBot/5.2; +http://ahrefs.com/robot/)" 
5.133.176.3 - - [10/Apr/2018:20:21:04 -0700] "GET / HTTP/1.0" 200 37404 "http://www.secrepo.com/" "Mozilla/5.0 (Windows NT 10.0; Win64; x64) AppleWebKit/537.36 (KHTML, like Gecko) Chrome/62.0.3202.94 Safari/537.36" 
157.37.187.67 - - [10/Apr/2018:20:21:36 -0700] "GET / HTTP/1.1" 200 11061 "http://r.search.yahoo.com/_ylt=Awr9IlAqf81awhYAcyBx.9w4;_ylu=X3oDMTByM3V1YTVuBGNvbG8DZ3ExBHBvcwMzBHZ0aWQDBHNlYwNzcg--/RV=2/RE=1523445674/RO=10/RU=http%3a%2f%2fwww.secrepo.com%2f/RK=2/RS=fmu_A5vPsgPNwhfJ9C1rAdwJl7c-" "Mozilla/5.0 Linux: Android/5.1 /Aqua Craze Build/KOT49H Browser/AppleWebKit537.36 Chrome/39.0.0.0 Mobile Safari/537.36 System/Android 5.1;" 
157.37.187.67 - - [10/Apr/2018:20:21:38 -0700] "GET /twitter-icon.png HTTP/1.1" 200 27787 "http://www.secrepo.com/" "Mozilla/5.0 Linux: Android/5.1 /Aqua Craze Build/KOT49H Browser/AppleWebKit537.36 Chrome/39.0.0.0 Mobile Safari/537.36 System/Android 5.1;" 
157.37.187.67 - - [10/Apr/2018:20:21:38 -0700] "GET /GitHub-Mark.png HTTP/1.1" 200 7428 "http://www.secrepo.com/" "Mozilla/5.0 Linux: Android/5.1 /Aqua Craze Build/KOT49H Browser/AppleWebKit537.36 Chrome/39.0.0.0 Mobile Safari/537.36 System/Android 5.1;" 
157.37.187.67 - - [10/Apr/2018:20:21:42 -0700] "GET /bootstrap/img/favicon.ico HTTP/1.1" 200 590 "http://www.secrepo.com/" "Mozilla/5.0 Linux: Android/5.1 /Aqua Craze Build/KOT49H Browser/AppleWebKit537.36 Chrome/39.0.0.0 Mobile Safari/537.36 System/Android 5.1;" 
216.244.66.227 - - [10/Apr/2018:20:24:33 -0700] "GET /self.logs/access.log.2017-02-19.gz HTTP/1.1" 200 16303 "-" "Mozilla/5.0 (compatible; DotBot/1.1; http://www.opensiteexplorer.org/dotbot, help@moz.com)" 
216.244.66.227 - - [10/Apr/2018:20:24:35 -0700] "GET /self.logs/access.log.2017-08-18.gz HTTP/1.1" 200 15304 "-" "Mozilla/5.0 (compatible; DotBot/1.1; http://www.opensiteexplorer.org/dotbot, help@moz.com)" 
216.244.66.227 - - [10/Apr/2018:20:24:37 -0700] "GET /self.logs/error.log.2017-05-31.gz HTTP/1.1" 200 872 "-" "Mozilla/5.0 (compatible; DotBot/1.1; http://www.opensiteexplorer.org/dotbot, help@moz.com)" 
216.244.66.227 - - [10/Apr/2018:20:24:39 -0700] "GET /self.logs/error.log.2017-06-15.gz HTTP/1.1" 200 898 "-" "Mozilla/5.0 (compatible; DotBot/1.1; http://www.opensiteexplorer.org/dotbot, help@moz.com)" 
216.244.66.227 - - [10/Apr/2018:20:24:41 -0700] "GET /self.logs/error.log.2017-07-08.gz HTTP/1.1" 200 578 "-" "Mozilla/5.0 (compatible; DotBot/1.1; http://www.opensiteexplorer.org/dotbot, help@moz.com)" 
216.244.66.227 - - [10/Apr/2018:20:25:03 -0700] "GET /self.logs/access.log.2018-03-16.gz HTTP/1.1" 200 21435 "-" "Mozilla/5.0 (compatible; DotBot/1.1; http://www.opensiteexplorer.org/dotbot, help@moz.com)" 
216.244.66.227 - - [10/Apr/2018:20:26:11 -0700] "GET /self.logs/access.log.2015-05-01.gz HTTP/1.1" 404 239 "-" "Mozilla/5.0 (compatible; DotBot/1.1; http://www.opensiteexplorer.org/dotbot, help@moz.com)" 
216.244.66.227 - - [10/Apr/2018:20:26:12 -0700] "GET /self.logs/access.log.2015-07-18.gz HTTP/1.1" 404 239 "-" "Mozilla/5.0 (compatible; DotBot/1.1; http://www.opensiteexplorer.org/dotbot, help@moz.com)" 
216.244.66.227 - - [10/Apr/2018:20:26:13 -0700] "GET /self.logs/access.log.2015-12-11.gz HTTP/1.1" 404 239 "-" "Mozilla/5.0 (compatible; DotBot/1.1; http://www.opensiteexplorer.org/dotbot, help@moz.com)" 
216.244.66.227 - - [10/Apr/2018:20:26:14 -0700] "GET /self.logs/access.log.2016-08-15.gz HTTP/1.1" 404 239 "-" "Mozilla/5.0 (compatible; DotBot/1.1; http://www.opensiteexplorer.org/dotbot, help@moz.com)" 
216.244.66.227 - - [10/Apr/2018:20:26:15 -0700] "GET /self.logs/error.log.2015-02-10.gz HTTP/1.1" 404 239 "-" "Mozilla/5.0 (compatible; DotBot/1.1; http://www.opensiteexplorer.org/dotbot, help@moz.com)" 
216.244.66.227 - - [10/Apr/2018:20:26:17 -0700] "GET /self.logs/error.log.2016-10-07.gz HTTP/1.1" 404 239 "-" "Mozilla/5.0 (compatible; DotBot/1.1; http://www.opensiteexplorer.org/dotbot, help@moz.com)" 
216.244.66.227 - - [10/Apr/2018:20:26:18 -0700] "GET /self.logs/error.log.2016-11-18.gz HTTP/1.1" 404 239 "-" "Mozilla/5.0 (compatible; DotBot/1.1; http://www.opensiteexplorer.org/dotbot, help@moz.com)" 
113.171.224.176 - - [10/Apr/2018:20:30:35 -0700] "GET /honeypot/Honeypot%20-%20Howto.pdf HTTP/1.1" 200 46720 "-" "Mozilla/5.0 Gecko/20100115 Firefox/3.6" 
54.36.148.10 - - [10/Apr/2018:20:32:05 -0700] "GET /self.logs/2015/access.log.2015-03-26.gz HTTP/1.1" 200 4039 "-" "Mozilla/5.0 (compatible; AhrefsBot/5.2; +http://ahrefs.com/robot/)" 
37.236.130.54 - - [10/Apr/2018:20:33:16 -0700] "GET /wp-login.php HTTP/1.1" 418 732 "-" "Mozilla/5.0 (Windows NT 6.1; WOW64; rv:40.0) Gecko/20100101 Firefox/40.1" 
37.236.130.54 - - [10/Apr/2018:20:33:16 -0700] "GET / HTTP/1.1" 418 732 "-" "Mozilla/5.0 (Windows NT 6.1; WOW64; rv:40.0) Gecko/20100101 Firefox/40.1" 
99.228.65.25 - - [10/Apr/2018:20:36:31 -0700] "GET /scada/scada_logs.zip HTTP/1.1" 200 364901 "http://www.secrepo.com/" "Mozilla/5.0 (Windows NT 10.0; Win64; x64; rv:60.0) Gecko/20100101 Firefox/60.0" 
99.228.65.25 - - [10/Apr/2018:20:36:37 -0700] "GET /misc/zeus_dga_domains.txt.zip HTTP/1.1" 200 594360 "http://www.secrepo.com/" "Mozilla/5.0 (Windows NT 10.0; Win64; x64; rv:60.0) Gecko/20100101 Firefox/60.0" 
99.228.65.25 - - [10/Apr/2018:20:37:37 -0700] "GET /pe_static/op-cleaver.zip HTTP/1.1" 200 710065 "http://www.secrepo.com/" "Mozilla/5.0 (Windows NT 10.0; Win64; x64; rv:60.0) Gecko/20100101 Firefox/60.0" 
5.133.176.3 - - [10/Apr/2018:20:39:43 -0700] "GET / HTTP/1.0" 200 37404 "http://www.secrepo.com/" "Mozilla/5.0 (Windows NT 10.0; WOW64; rv:45.0) Gecko/20100101 Firefox/45.0" 
220.184.233.120 - - [10/Apr/2018:20:41:03 -0700] "GET / HTTP/1.1" 200 11061 "-" "Mozilla/5.0 (Windows NT 6.1; WOW64) AppleWebKit/537.36 (KHTML, like Gecko) Chrome/47.0.2526.108 Safari/537.36 2345Explorer/8.8.3.16721" 
220.184.233.120 - - [10/Apr/2018:20:41:05 -0700] "GET /twitter-icon.png HTTP/1.1" 200 27788 "http://www.secrepo.com/" "Mozilla/5.0 (Windows NT 6.1; WOW64) AppleWebKit/537.36 (KHTML, like Gecko) Chrome/47.0.2526.108 Safari/537.36 2345Explorer/8.8.3.16721" 
220.184.233.120 - - [10/Apr/2018:20:41:05 -0700] "GET /GitHub-Mark.png HTTP/1.1" 200 7428 "http://www.secrepo.com/" "Mozilla/5.0 (Windows NT 6.1; WOW64) AppleWebKit/537.36 (KHTML, like Gecko) Chrome/47.0.2526.108 Safari/537.36 2345Explorer/8.8.3.16721" 
220.184.233.120 - - [10/Apr/2018:20:41:08 -0700] "GET /bootstrap/img/favicon.ico HTTP/1.1" 200 590 "http://www.secrepo.com/" "Mozilla/5.0 (Windows NT 6.1; WOW64) AppleWebKit/537.36 (KHTML, like Gecko) Chrome/47.0.2526.108 Safari/537.36 2345Explorer/8.8.3.16721" 
157.55.39.24 - - [10/Apr/2018:20:43:04 -0700] "GET /robots.txt HTTP/1.1" 200 334 "-" "Mozilla/5.0 (compatible; bingbot/2.0; +http://www.bing.com/bingbot.htm)" 
40.77.167.170 - - [10/Apr/2018:20:43:27 -0700] "GET /self.logs/error.log.2018-03-04.gz HTTP/1.1" 200 3254 "-" "Mozilla/5.0 (compatible; bingbot/2.0; +http://www.bing.com/bingbot.htm)" 
50.112.194.65 - - [10/Apr/2018:20:44:13 -0700] "GET / HTTP/1.1" 301 442 "-" "Mozilla/4.0 (compatible; MSIE 8.0; Windows NT 5.1; Trident/4.0)" 
50.112.194.65 - - [10/Apr/2018:20:44:16 -0700] "GET / HTTP/1.1" 200 37359 "-" "Mozilla/4.0 (compatible; MSIE 8.0; Windows NT 5.1; Trident/4.0)" 
216.244.66.227 - - [10/Apr/2018:20:44:31 -0700] "GET /robots.txt HTTP/1.1" 200 233 "-" "Mozilla/5.0 (compatible; DotBot/1.1; http://www.opensiteexplorer.org/dotbot, help@moz.com)" 
23.253.92.35 - - [10/Apr/2018:20:44:38 -0700] "GET /robots.txt HTTP/1.1" 301 446 "-" "Tornado-Async-Client" 
23.253.92.35 - - [10/Apr/2018:20:44:38 -0700] "GET /robots.txt HTTP/1.1" 304 130 "-" "Tornado-Async-Client" 
23.253.92.35 - - [10/Apr/2018:20:44:38 -0700] "GET /honeypot/BSidesDFW%20-%202014.ipynb HTTP/1.1" 301 484 "-" "Tornado-Async-Client" 
23.253.92.35 - - [10/Apr/2018:20:44:38 -0700] "GET /honeypot/BSidesDFW%20-%202014.ipynb HTTP/1.1" 200 930780 "-" "Tornado-Async-Client" 
54.36.148.174 - - [10/Apr/2018:20:44:50 -0700] "GET /self.logs/2015/access.log.2015-11-16.gz HTTP/1.1" 200 5746 "-" "Mozilla/5.0 (compatible; AhrefsBot/5.2; +http://ahrefs.com/robot/)" 
99.228.65.25 - - [10/Apr/2018:20:44:52 -0700] "GET /honeypot/honeypot.json.zip HTTP/1.1" 200 5787440 "http://www.secrepo.com/" "Mozilla/5.0 (Windows NT 10.0; Win64; x64; rv:60.0) Gecko/20100101 Firefox/60.0" 
99.228.65.25 - - [10/Apr/2018:20:45:27 -0700] "GET /honeypot/honeypot.json.zip HTTP/1.1" 200 23085976 "http://www.secrepo.com/" "Mozilla/5.0 (Windows NT 10.0; Win64; x64; rv:60.0) Gecko/20100101 Firefox/60.0" 
216.244.66.227 - - [10/Apr/2018:20:50:34 -0700] "GET /self.logs/access.log.2017-02-04.gz HTTP/1.1" 200 13136 "-" "Mozilla/5.0 (compatible; DotBot/1.1; http://www.opensiteexplorer.org/dotbot, help@moz.com)" 
216.244.66.227 - - [10/Apr/2018:20:50:36 -0700] "GET /self.logs/access.log.2017-03-11.gz HTTP/1.1" 200 14631 "-" "Mozilla/5.0 (compatible; DotBot/1.1; http://www.opensiteexplorer.org/dotbot, help@moz.com)" 
216.244.66.227 - - [10/Apr/2018:20:50:37 -0700] "GET /self.logs/access.log.2017-05-15.gz HTTP/1.1" 200 39602 "-" "Mozilla/5.0 (compatible; DotBot/1.1; http://www.opensiteexplorer.org/dotbot, help@moz.com)" 
216.244.66.227 - - [10/Apr/2018:20:50:39 -0700] "GET /self.logs/access.log.2017-05-20.gz HTTP/1.1" 200 21533 "-" "Mozilla/5.0 (compatible; DotBot/1.1; http://www.opensiteexplorer.org/dotbot, help@moz.com)" 
216.244.66.227 - - [10/Apr/2018:20:50:41 -0700] "GET /self.logs/error.log.2017-01-18.gz HTTP/1.1" 200 587 "-" "Mozilla/5.0 (compatible; DotBot/1.1; http://www.opensiteexplorer.org/dotbot, help@moz.com)" 
216.244.66.227 - - [10/Apr/2018:20:50:43 -0700] "GET /self.logs/error.log.2017-08-03.gz HTTP/1.1" 200 990 "-" "Mozilla/5.0 (compatible; DotBot/1.1; http://www.opensiteexplorer.org/dotbot, help@moz.com)" 
216.244.66.227 - - [10/Apr/2018:20:51:05 -0700] "GET /self.logs/access.log.2018-03-21.gz HTTP/1.1" 200 22039 "-" "Mozilla/5.0 (compatible; DotBot/1.1; http://www.opensiteexplorer.org/dotbot, help@moz.com)" 
49.176.218.96 - - [10/Apr/2018:20:51:39 -0700] "GET /wp-login.php HTTP/1.1" 418 732 "-" "Mozilla/5.0 (Windows NT 6.1; WOW64; rv:40.0) Gecko/20100101 Firefox/40.1" 
49.176.218.96 - - [10/Apr/2018:20:51:39 -0700] "GET / HTTP/1.1" 418 732 "-" "Mozilla/5.0 (Windows NT 6.1; WOW64; rv:40.0) Gecko/20100101 Firefox/40.1" 
216.244.66.227 - - [10/Apr/2018:20:51:58 -0700] "GET /self.logs/access.log.2016-05-13.gz HTTP/1.1" 404 239 "-" "Mozilla/5.0 (compatible; DotBot/1.1; http://www.opensiteexplorer.org/dotbot, help@moz.com)" 
216.244.66.227 - - [10/Apr/2018:20:51:59 -0700] "GET /self.logs/access.log.2016-10-10.gz HTTP/1.1" 404 239 "-" "Mozilla/5.0 (compatible; DotBot/1.1; http://www.opensiteexplorer.org/dotbot, help@moz.com)" 
216.244.66.227 - - [10/Apr/2018:20:52:00 -0700] "GET /self.logs/access.log.2016-11-25.gz HTTP/1.1" 404 239 "-" "Mozilla/5.0 (compatible; DotBot/1.1; http://www.opensiteexplorer.org/dotbot, help@moz.com)" 
216.244.66.227 - - [10/Apr/2018:20:52:01 -0700] "GET /self.logs/error.log.2015-01-19.gz HTTP/1.1" 404 239 "-" "Mozilla/5.0 (compatible; DotBot/1.1; http://www.opensiteexplorer.org/dotbot, help@moz.com)" 
216.244.66.227 - - [10/Apr/2018:20:52:02 -0700] "GET /self.logs/error.log.2016-01-25.gz HTTP/1.1" 404 239 "-" "Mozilla/5.0 (compatible; DotBot/1.1; http://www.opensiteexplorer.org/dotbot, help@moz.com)" 
216.244.66.227 - - [10/Apr/2018:20:52:03 -0700] "GET /self.logs/error.log.2016-03-05.gz HTTP/1.1" 404 239 "-" "Mozilla/5.0 (compatible; DotBot/1.1; http://www.opensiteexplorer.org/dotbot, help@moz.com)" 
216.244.66.227 - - [10/Apr/2018:20:52:05 -0700] "GET /self.logs/error.log.2016-05-02.gz HTTP/1.1" 404 239 "-" "Mozilla/5.0 (compatible; DotBot/1.1; http://www.opensiteexplorer.org/dotbot, help@moz.com)" 
54.36.148.180 - - [10/Apr/2018:20:53:34 -0700] "GET /self.logs/2015/error.log.2015-12-02.gz HTTP/1.1" 200 602 "-" "Mozilla/5.0 (compatible; AhrefsBot/5.2; +http://ahrefs.com/robot/)" 
54.36.148.42 - - [10/Apr/2018:20:56:14 -0700] "GET /self.logs/access.log.2016-05-24.gz HTTP/1.1" 404 284 "-" "Mozilla/5.0 (compatible; AhrefsBot/5.2; +http://ahrefs.com/robot/)" 
14.139.187.130 - - [10/Apr/2018:21:02:36 -0700] "GET / HTTP/1.1" 200 11061 "https://www.google.co.in/" "Mozilla/5.0 (Windows NT 6.3; Win64; x64; rv:59.0) Gecko/20100101 Firefox/59.0" 
14.139.187.130 - - [10/Apr/2018:21:02:37 -0700] "GET /twitter-icon.png HTTP/1.1" 200 27788 "http://www.secrepo.com/" "Mozilla/5.0 (Windows NT 6.3; Win64; x64; rv:59.0) Gecko/20100101 Firefox/59.0" 
14.139.187.130 - - [10/Apr/2018:21:02:37 -0700] "GET /GitHub-Mark.png HTTP/1.1" 200 7427 "http://www.secrepo.com/" "Mozilla/5.0 (Windows NT 6.3; Win64; x64; rv:59.0) Gecko/20100101 Firefox/59.0" 
14.139.187.130 - - [10/Apr/2018:21:02:38 -0700] "GET /bootstrap/img/favicon.ico HTTP/1.1" 200 589 "-" "Mozilla/5.0 (Windows NT 6.3; Win64; x64; rv:59.0) Gecko/20100101 Firefox/59.0" 
124.114.148.28 - - [10/Apr/2018:21:02:56 -0700] "GET /favicon.ico HTTP/1.1" 200 268 "-" "Mozilla/5.0 (Windows NT 10.0; WOW64) AppleWebKit/537.36 (KHTML, like Gecko) Chrome/49.0.2623.221 Safari/537.36 SE 2.X MetaSr 1.0" 
27.34.16.116 - - [10/Apr/2018:21:04:19 -0700] "GET /wp-login.php HTTP/1.1" 418 732 "-" "Mozilla/5.0 (Windows NT 6.1; WOW64; rv:40.0) Gecko/20100101 Firefox/40.1" 
27.34.16.116 - - [10/Apr/2018:21:04:20 -0700] "GET / HTTP/1.1" 418 732 "-" "Mozilla/5.0 (Windows NT 6.1; WOW64; rv:40.0) Gecko/20100101 Firefox/40.1" 
182.239.115.10 - - [10/Apr/2018:21:07:04 -0700] "GET / HTTP/1.1" 200 11061 "-" "Mozilla/5.0 (iPhone; CPU iPhone OS 11_2_6 like Mac OS X) AppleWebKit/604.5.6 (KHTML, like Gecko) Mobile/15D100 QQ/7.5.5.426 V1_IPH_SQ_7.5.5_1_APP_A Pixel/1080 Core/UIWebView Device/Apple(iPhone 6sPlus) NetType/3G QBWebViewType/1" 
182.239.115.10 - - [10/Apr/2018:21:07:05 -0700] "GET /twitter-icon.png HTTP/1.1" 200 27787 "http://www.secrepo.com/" "Mozilla/5.0 (iPhone; CPU iPhone OS 11_2_6 like Mac OS X) AppleWebKit/604.5.6 (KHTML, like Gecko) Mobile/15D100 QQ/7.5.5.426 V1_IPH_SQ_7.5.5_1_APP_A Pixel/1080 Core/UIWebView Device/Apple(iPhone 6sPlus) NetType/3G QBWebViewType/1" 
182.239.115.10 - - [10/Apr/2018:21:07:06 -0700] "GET /GitHub-Mark.png HTTP/1.1" 200 7428 "http://www.secrepo.com/" "Mozilla/5.0 (iPhone; CPU iPhone OS 11_2_6 like Mac OS X) AppleWebKit/604.5.6 (KHTML, like Gecko) Mobile/15D100 QQ/7.5.5.426 V1_IPH_SQ_7.5.5_1_APP_A Pixel/1080 Core/UIWebView Device/Apple(iPhone 6sPlus) NetType/3G QBWebViewType/1" 
49.146.38.241 - - [10/Apr/2018:21:13:06 -0700] "GET /wp-login.php HTTP/1.1" 418 732 "-" "Mozilla/5.0 (Windows NT 6.1; WOW64; rv:40.0) Gecko/20100101 Firefox/40.1" 
49.146.38.241 - - [10/Apr/2018:21:13:06 -0700] "GET / HTTP/1.1" 418 732 "-" "Mozilla/5.0 (Windows NT 6.1; WOW64; rv:40.0) Gecko/20100101 Firefox/40.1" 
52.165.148.51 - - [10/Apr/2018:21:15:30 -0700] "GET / HTTP/1.1" 301 446 "-" "Mozilla/5.0 (Macintosh; Intel Mac OS X 10_12_6) AppleWebKit/537.36 (KHTML, like Gecko) Chrome/62.0.3202.94 Safari/537.36" 
5.133.176.3 - - [10/Apr/2018:21:20:14 -0700] "GET / HTTP/1.0" 200 37404 "http://www.secrepo.com/" "Mozilla/5.0 (Windows NT 7.1; rv:44.1) Gecko/20100101 Firefox/44.1" 
100.43.85.128 - - [10/Apr/2018:21:22:17 -0700] "GET /honeypot/Honeypot%20-%20Howto.pdf HTTP/1.1" 200 1279418 "-" "Mozilla/5.0 (compatible; YandexBot/3.0; +http://yandex.com/bots)" 
31.58.80.107 - - [10/Apr/2018:21:26:20 -0700] "GET /wp-login.php HTTP/1.1" 418 732 "-" "Mozilla/5.0 (Windows NT 6.1; WOW64; rv:40.0) Gecko/20100101 Firefox/40.1" 
31.58.80.107 - - [10/Apr/2018:21:26:20 -0700] "GET / HTTP/1.1" 418 732 "-" "Mozilla/5.0 (Windows NT 6.1; WOW64; rv:40.0) Gecko/20100101 Firefox/40.1" 
1.47.230.76 - - [10/Apr/2018:21:29:42 -0700] "GET / HTTP/1.1" 200 11061 "-" "Mozilla/5.0 (Windows NT 10.0; Win64; x64) AppleWebKit/537.36 (KHTML, like Gecko) Chrome/65.0.3325.181 Safari/537.36" 
1.47.230.76 - - [10/Apr/2018:21:29:42 -0700] "GET /twitter-icon.png HTTP/1.1" 200 27787 "http://www.secrepo.com/" "Mozilla/5.0 (Windows NT 10.0; Win64; x64) AppleWebKit/537.36 (KHTML, like Gecko) Chrome/65.0.3325.181 Safari/537.36" 
1.47.230.76 - - [10/Apr/2018:21:29:42 -0700] "GET /GitHub-Mark.png HTTP/1.1" 200 7428 "http://www.secrepo.com/" "Mozilla/5.0 (Windows NT 10.0; Win64; x64) AppleWebKit/537.36 (KHTML, like Gecko) Chrome/65.0.3325.181 Safari/537.36" 
103.65.232.42 - - [10/Apr/2018:21:30:21 -0700] "GET /bootstrap/img/favicon.ico HTTP/1.1" 200 590 "-" "Mozilla/5.0 (Macintosh; Intel Mac OS X 10.13; rv:59.0) Gecko/20100101 Firefox/59.0" 
1.47.230.76 - - [10/Apr/2018:21:30:16 -0700] "GET /tg/a.zip HTTP/1.1" 200 9664200 "http://www.secrepo.com/" "Mozilla/5.0 (Windows NT 10.0; Win64; x64) AppleWebKit/537.36 (KHTML, like Gecko) Chrome/65.0.3325.181 Safari/537.36" 
1.47.230.76 - - [10/Apr/2018:21:30:39 -0700] "GET /self.logs/ HTTP/1.1" 200 9281 "http://www.secrepo.com/" "Mozilla/5.0 (Windows NT 10.0; Win64; x64) AppleWebKit/537.36 (KHTML, like Gecko) Chrome/65.0.3325.181 Safari/537.36" 
1.47.230.76 - - [10/Apr/2018:21:30:40 -0700] "GET /favicon.ico HTTP/1.1" 200 267 "http://www.secrepo.com/self.logs/" "Mozilla/5.0 (Windows NT 10.0; Win64; x64) AppleWebKit/537.36 (KHTML, like Gecko) Chrome/65.0.3325.181 Safari/537.36" 
113.171.224.176 - - [10/Apr/2018:21:30:45 -0700] "GET /honeypot/Honeypot%20-%20Howto.pdf HTTP/1.1" 200 46720 "-" "Mozilla/5.0 Gecko/20100115 Firefox/3.6" 
163.152.219.202 - - [10/Apr/2018:21:31:15 -0700] "GET / HTTP/1.1" 200 11061 "https://www.google.co.kr/" "Mozilla/5.0 (Windows NT 10.0; Win64; x64) AppleWebKit/537.36 (KHTML, like Gecko) Chrome/65.0.3325.181 Safari/537.36" 
163.152.219.202 - - [10/Apr/2018:21:31:16 -0700] "GET /twitter-icon.png HTTP/1.1" 200 27787 "http://www.secrepo.com/" "Mozilla/5.0 (Windows NT 10.0; Win64; x64) AppleWebKit/537.36 (KHTML, like Gecko) Chrome/65.0.3325.181 Safari/537.36" 
163.152.219.202 - - [10/Apr/2018:21:31:16 -0700] "GET /GitHub-Mark.png HTTP/1.1" 200 7428 "http://www.secrepo.com/" "Mozilla/5.0 (Windows NT 10.0; Win64; x64) AppleWebKit/537.36 (KHTML, like Gecko) Chrome/65.0.3325.181 Safari/537.36" 
163.152.219.202 - - [10/Apr/2018:21:31:19 -0700] "GET /bootstrap/img/favicon.ico HTTP/1.1" 200 590 "http://www.secrepo.com/" "Mozilla/5.0 (Windows NT 10.0; Win64; x64) AppleWebKit/537.36 (KHTML, like Gecko) Chrome/65.0.3325.181 Safari/537.36" 
120.221.0.34 - - [10/Apr/2018:21:34:21 -0700] "GET /honeypot/Honeypot%20-%20Howto.pdf HTTP/1.1" 304 131 "-" "Mozilla/5.0 Gecko/20100115 Firefox/3.6" 
216.244.66.227 - - [10/Apr/2018:21:36:25 -0700] "GET /robots.txt HTTP/1.1" 200 233 "-" "Mozilla/5.0 (compatible; DotBot/1.1; http://www.opensiteexplorer.org/dotbot, help@moz.com)" 
99.228.65.25 - - [10/Apr/2018:21:36:28 -0700] "GET /bootstrap/img/favicon.ico HTTP/1.1" 200 590 "-" "Mozilla/5.0 (Windows NT 10.0; Win64; x64; rv:60.0) Gecko/20100101 Firefox/60.0" 
54.36.149.59 - - [10/Apr/2018:21:38:55 -0700] "GET /self.logs/2016/error.log.2016-01-22 HTTP/1.1" 200 304 "-" "Mozilla/5.0 (compatible; AhrefsBot/5.2; +http://ahrefs.com/robot/)" 
102.181.194.40 - - [10/Apr/2018:21:41:30 -0700] "GET /maccdc2012/dns.log.gz HTTP/1.1" 304 154 "-" "Mozilla/5.0 Gecko/20100115 Firefox/3.6" 
216.244.66.227 - - [10/Apr/2018:21:42:24 -0700] "GET /self.logs/access.log.2017-01-16.gz HTTP/1.1" 200 42919 "-" "Mozilla/5.0 (compatible; DotBot/1.1; http://www.opensiteexplorer.org/dotbot, help@moz.com)" 
216.244.66.227 - - [10/Apr/2018:21:42:26 -0700] "GET /self.logs/access.log.2017-03-19.gz HTTP/1.1" 200 15827 "-" "Mozilla/5.0 (compatible; DotBot/1.1; http://www.opensiteexplorer.org/dotbot, help@moz.com)" 
216.244.66.227 - - [10/Apr/2018:21:42:28 -0700] "GET /self.logs/access.log.2017-04-18.gz HTTP/1.1" 200 20168 "-" "Mozilla/5.0 (compatible; DotBot/1.1; http://www.opensiteexplorer.org/dotbot, help@moz.com)" 
216.244.66.227 - - [10/Apr/2018:21:42:29 -0700] "GET /self.logs/access.log.2017-05-19.gz HTTP/1.1" 200 14782 "-" "Mozilla/5.0 (compatible; DotBot/1.1; http://www.opensiteexplorer.org/dotbot, help@moz.com)" 
216.244.66.227 - - [10/Apr/2018:21:42:30 -0700] "GET /self.logs/access.log.2017-07-07.gz HTTP/1.1" 200 20538 "-" "Mozilla/5.0 (compatible; DotBot/1.1; http://www.opensiteexplorer.org/dotbot, help@moz.com)" 
216.244.66.227 - - [10/Apr/2018:21:42:32 -0700] "GET /self.logs/access.log.2017-10-22.gz HTTP/1.1" 200 22111 "-" "Mozilla/5.0 (compatible; DotBot/1.1; http://www.opensiteexplorer.org/dotbot, help@moz.com)" 
216.244.66.227 - - [10/Apr/2018:21:42:33 -0700] "GET /self.logs/access.log.2017-11-13.gz HTTP/1.1" 200 28072 "-" "Mozilla/5.0 (compatible; DotBot/1.1; http://www.opensiteexplorer.org/dotbot, help@moz.com)" 
216.244.66.227 - - [10/Apr/2018:21:42:35 -0700] "GET /self.logs/error.log.2017-05-16.gz HTTP/1.1" 200 940 "-" "Mozilla/5.0 (compatible; DotBot/1.1; http://www.opensiteexplorer.org/dotbot, help@moz.com)" 
216.244.66.227 - - [10/Apr/2018:21:42:36 -0700] "GET /self.logs/error.log.2017-09-26.gz HTTP/1.1" 200 9030 "-" "Mozilla/5.0 (compatible; DotBot/1.1; http://www.opensiteexplorer.org/dotbot, help@moz.com)" 
216.244.66.227 - - [10/Apr/2018:21:42:38 -0700] "GET /self.logs/error.log.2017-10-05.gz HTTP/1.1" 200 2158 "-" "Mozilla/5.0 (compatible; DotBot/1.1; http://www.opensiteexplorer.org/dotbot, help@moz.com)" 
216.244.66.227 - - [10/Apr/2018:21:42:58 -0700] "GET /self.logs/error.log.2018-04-01.gz HTTP/1.1" 200 4280 "-" "Mozilla/5.0 (compatible; DotBot/1.1; http://www.opensiteexplorer.org/dotbot, help@moz.com)" 
216.244.66.227 - - [10/Apr/2018:21:44:13 -0700] "GET /self.logs/access.log.2015-06-24.gz HTTP/1.1" 404 239 "-" "Mozilla/5.0 (compatible; DotBot/1.1; http://www.opensiteexplorer.org/dotbot, help@moz.com)" 
216.244.66.227 - - [10/Apr/2018:21:44:14 -0700] "GET /self.logs/access.log.2016-04-08.gz HTTP/1.1" 404 239 "-" "Mozilla/5.0 (compatible; DotBot/1.1; http://www.opensiteexplorer.org/dotbot, help@moz.com)" 
