216.244.66.227 - - [26/Feb/2018:22:36:22 -0800] "GET /self.logs/2015/error.log.2015-12-03.gz HTTP/1.1" 200 616 "-" "Mozilla/5.0 (compatible; DotBot/1.1; http://www.opensiteexplorer.org/dotbot, help@moz.com)" 
216.244.66.227 - - [26/Feb/2018:22:36:23 -0800] "GET /self.logs/2015/error.log.2015-12-28.gz HTTP/1.1" 200 634 "-" "Mozilla/5.0 (compatible; DotBot/1.1; http://www.opensiteexplorer.org/dotbot, help@moz.com)" 
216.244.66.227 - - [26/Feb/2018:22:36:24 -0800] "GET /self.logs/2015/error.log.2015-12-30.gz HTTP/1.1" 200 768 "-" "Mozilla/5.0 (compatible; DotBot/1.1; http://www.opensiteexplorer.org/dotbot, help@moz.com)" 
216.244.66.227 - - [26/Feb/2018:22:36:25 -0800] "GET /self.logs/2016/access.log.2016-03-19.gz HTTP/1.1" 200 6182 "-" "Mozilla/5.0 (compatible; DotBot/1.1; http://www.opensiteexplorer.org/dotbot, help@moz.com)" 
216.244.66.227 - - [26/Feb/2018:22:36:26 -0800] "GET /self.logs/2016/access.log.2016-06-17.gz HTTP/1.1" 200 12001 "-" "Mozilla/5.0 (compatible; DotBot/1.1; http://www.opensiteexplorer.org/dotbot, help@moz.com)" 
216.244.66.227 - - [26/Feb/2018:22:36:27 -0800] "GET /self.logs/2016/access.log.2016-09-24.gz HTTP/1.1" 200 5418 "-" "Mozilla/5.0 (compatible; DotBot/1.1; http://www.opensiteexplorer.org/dotbot, help@moz.com)" 
216.244.66.227 - - [26/Feb/2018:22:36:28 -0800] "GET /self.logs/2016/error.log.2016-09-15.gz HTTP/1.1" 200 604 "-" "Mozilla/5.0 (compatible; DotBot/1.1; http://www.opensiteexplorer.org/dotbot, help@moz.com)" 
216.244.66.227 - - [26/Feb/2018:22:36:29 -0800] "GET /self.logs/2016/error.log.2016-09-18.gz HTTP/1.1" 200 750 "-" "Mozilla/5.0 (compatible; DotBot/1.1; http://www.opensiteexplorer.org/dotbot, help@moz.com)" 
216.244.66.227 - - [26/Feb/2018:22:36:30 -0800] "GET /self.logs/2016/error.log.2016-09-23.gz HTTP/1.1" 200 812 "-" "Mozilla/5.0 (compatible; DotBot/1.1; http://www.opensiteexplorer.org/dotbot, help@moz.com)" 
216.244.66.227 - - [26/Feb/2018:22:36:32 -0800] "GET /self.logs/2016/error.log.2016-10-25.gz HTTP/1.1" 200 1590 "-" "Mozilla/5.0 (compatible; DotBot/1.1; http://www.opensiteexplorer.org/dotbot, help@moz.com)" 
203.99.198.46 - - [26/Feb/2018:22:37:24 -0800] "GET /self.logs/access.log.2018-02-23.gz HTTP/1.1" 200 24931 "http://www.secrepo.com/self.logs/" "Mozilla/5.0 (Windows NT 6.1; Trident/7.0; rv:11.0) like Gecko" 
203.99.198.46 - - [26/Feb/2018:22:37:36 -0800] "GET /self.logs/error.log.2017-01-01.gz HTTP/1.1" 200 987 "http://www.secrepo.com/self.logs/" "Mozilla/5.0 (Windows NT 6.1; Trident/7.0; rv:11.0) like Gecko" 
54.36.148.36 - - [26/Feb/2018:22:42:19 -0800] "GET /self.logs/2015/error.log.2015-02-21.gz HTTP/1.1" 200 6475 "-" "Mozilla/5.0 (compatible; AhrefsBot/5.2; +http://ahrefs.com/robot/)" 
54.36.148.225 - - [26/Feb/2018:22:42:47 -0800] "GET /self.logs/2016/access.log.2016-12-22.gz HTTP/1.1" 200 16511 "-" "Mozilla/5.0 (compatible; AhrefsBot/5.2; +http://ahrefs.com/robot/)" 
54.36.148.31 - - [26/Feb/2018:22:43:07 -0800] "GET /self.logs/2015/access.log.2015-10-07.gz HTTP/1.1" 200 6981 "-" "Mozilla/5.0 (compatible; AhrefsBot/5.2; +http://ahrefs.com/robot/)" 
113.171.224.176 - - [26/Feb/2018:22:43:56 -0800] "GET /honeypot/Honeypot%20-%20Howto.pdf HTTP/1.1" 200 46720 "-" "Mozilla/5.0 Gecko/20100115 Firefox/3.6" 
54.36.149.73 - - [26/Feb/2018:22:46:00 -0800] "GET /self.logs/2015/error.log.2015-07-08.gz HTTP/1.1" 200 1156 "-" "Mozilla/5.0 (compatible; AhrefsBot/5.2; +http://ahrefs.com/robot/)" 
216.244.66.227 - - [26/Feb/2018:22:50:53 -0800] "GET /robots.txt HTTP/1.1" 200 233 "-" "Mozilla/5.0 (compatible; DotBot/1.1; http://www.opensiteexplorer.org/dotbot, help@moz.com)" 
54.36.148.106 - - [26/Feb/2018:22:52:26 -0800] "GET /self.logs/2015/access.log.2015-01-25.gz HTTP/1.1" 200 3005 "-" "Mozilla/5.0 (compatible; AhrefsBot/5.2; +http://ahrefs.com/robot/)" 
103.216.160.81 - - [26/Feb/2018:22:53:12 -0800] "GET /wp-login.php HTTP/1.1" 418 732 "-" "Mozilla/5.0 (Windows NT 6.1; WOW64; rv:40.0) Gecko/20100101 Firefox/40.1" 
103.216.160.81 - - [26/Feb/2018:22:53:12 -0800] "GET / HTTP/1.1" 418 732 "-" "Mozilla/5.0 (Windows NT 6.1; WOW64; rv:40.0) Gecko/20100101 Firefox/40.1" 
73.209.145.98 - - [26/Feb/2018:22:56:57 -0800] "GET / HTTP/1.1" 200 11061 "-" "Mozilla/5.0 (iPhone; CPU iPhone OS 11_2_6 like Mac OS X) AppleWebKit/604.5.6 (KHTML, like Gecko) Version/11.0 Mobile/15D100 Safari/604.1" 
73.209.145.98 - - [26/Feb/2018:22:56:57 -0800] "GET /apple-touch-icon-120x120-precomposed.png HTTP/1.1" 404 340 "-" "MobileSafari/604.1 CFNetwork/894 Darwin/17.4.0" 
73.209.145.98 - - [26/Feb/2018:22:56:57 -0800] "GET /apple-touch-icon-120x120.png HTTP/1.1" 404 339 "-" "MobileSafari/604.1 CFNetwork/894 Darwin/17.4.0" 
73.209.145.98 - - [26/Feb/2018:22:56:57 -0800] "GET /apple-touch-icon-precomposed.png HTTP/1.1" 404 339 "-" "MobileSafari/604.1 CFNetwork/894 Darwin/17.4.0" 
73.209.145.98 - - [26/Feb/2018:22:56:57 -0800] "GET /apple-touch-icon.png HTTP/1.1" 404 339 "-" "MobileSafari/604.1 CFNetwork/894 Darwin/17.4.0" 
73.209.145.98 - - [26/Feb/2018:22:56:57 -0800] "GET /bootstrap/img/favicon.ico HTTP/1.1" 200 589 "-" "MobileSafari/604.1 CFNetwork/894 Darwin/17.4.0" 
216.244.66.250 - - [26/Feb/2018:23:02:27 -0800] "GET /self.logs/ HTTP/1.1" 200 80989 "-" "Mozilla/5.0 (compatible; DotBot/1.1; http://www.opensiteexplorer.org/dotbot, help@moz.com)" 
107.181.188.35 - - [26/Feb/2018:23:03:26 -0800] "GET /self.logs/access.log.2015-02-14.gz HTTP/1.1" 404 239 "-" "Python-urllib/3.5" 
54.36.148.88 - - [26/Feb/2018:23:04:31 -0800] "GET /self.logs/2015/access.log.2015-10-29.gz HTTP/1.1" 200 5280 "-" "Mozilla/5.0 (compatible; AhrefsBot/5.2; +http://ahrefs.com/robot/)" 
66.249.66.82 - - [26/Feb/2018:23:04:44 -0800] "GET / HTTP/1.1" 200 11061 "-" "Mozilla/5.0 (compatible; Googlebot/2.1; +http://www.google.com/bot.html)" 
54.36.148.185 - - [26/Feb/2018:23:05:35 -0800] "GET /self.logs/error.log.2016-03-24.gz HTTP/1.1" 404 284 "-" "Mozilla/5.0 (compatible; AhrefsBot/5.2; +http://ahrefs.com/robot/)" 
14.18.249.35 - - [26/Feb/2018:23:06:10 -0800] "GET / HTTP/1.1" 200 11061 "https://www.baidu.com/link?url=1Q5vaGVV5Zoys1cuNQjSfnfZeF03YoqP0EkwwRw2RXGQAeSCr8qOhgLABWeY8DOZ&wd=&eqid=de297d990003e062000000065a95033f" "Mozilla/5.0 (Windows NT 6.1; Win64; x64) AppleWebKit/537.36 (KHTML, like Gecko) Chrome/60.0.3112.90 Safari/537.36" 
14.18.249.35 - - [26/Feb/2018:23:06:11 -0800] "GET /twitter-icon.png HTTP/1.1" 200 27787 "http://www.secrepo.com/" "Mozilla/5.0 (Windows NT 6.1; Win64; x64) AppleWebKit/537.36 (KHTML, like Gecko) Chrome/60.0.3112.90 Safari/537.36" 
14.18.249.35 - - [26/Feb/2018:23:06:11 -0800] "GET /GitHub-Mark.png HTTP/1.1" 200 7428 "http://www.secrepo.com/" "Mozilla/5.0 (Windows NT 6.1; Win64; x64) AppleWebKit/537.36 (KHTML, like Gecko) Chrome/60.0.3112.90 Safari/537.36" 
54.36.148.73 - - [26/Feb/2018:23:06:25 -0800] "GET /self.logs/2015/error.log.2015-05-27.gz HTTP/1.1" 200 646 "-" "Mozilla/5.0 (compatible; AhrefsBot/5.2; +http://ahrefs.com/robot/)" 
14.18.249.35 - - [26/Feb/2018:23:06:34 -0800] "GET /bootstrap/img/favicon.ico HTTP/1.1" 200 590 "http://www.secrepo.com/" "Mozilla/5.0 (Windows NT 6.1; Win64; x64) AppleWebKit/537.36 (KHTML, like Gecko) Chrome/60.0.3112.90 Safari/537.36" 
71.218.58.77 - - [26/Feb/2018:23:06:50 -0800] "GET / HTTP/1.1" 301 483 "-" "Mozilla/5.0 (Macintosh; Intel Mac OS X 10_12_6) AppleWebKit/537.36 (KHTML, like Gecko) Chrome/64.0.3282.167 Safari/537.36" 
71.218.58.77 - - [26/Feb/2018:23:06:50 -0800] "GET / HTTP/1.1" 200 11061 "-" "Mozilla/5.0 (Macintosh; Intel Mac OS X 10_12_6) AppleWebKit/537.36 (KHTML, like Gecko) Chrome/64.0.3282.167 Safari/537.36" 
71.218.58.77 - - [26/Feb/2018:23:06:50 -0800] "GET /twitter-icon.png HTTP/1.1" 200 27787 "http://www.secrepo.com/" "Mozilla/5.0 (Macintosh; Intel Mac OS X 10_12_6) AppleWebKit/537.36 (KHTML, like Gecko) Chrome/64.0.3282.167 Safari/537.36" 
71.218.58.77 - - [26/Feb/2018:23:06:50 -0800] "GET /GitHub-Mark.png HTTP/1.1" 200 7428 "http://www.secrepo.com/" "Mozilla/5.0 (Macintosh; Intel Mac OS X 10_12_6) AppleWebKit/537.36 (KHTML, like Gecko) Chrome/64.0.3282.167 Safari/537.36" 
49.44.84.138 - - [26/Feb/2018:23:07:47 -0800] "GET / HTTP/1.1" 200 11005 "-" "Mozilla/5.0 (Linux; Android 8.1.0; Redmi Note 4 Build/OPM1.171019.018) AppleWebKit/537.36 (KHTML, like Gecko) Chrome/64.0.3282.137 Mobile Safari/537.36" 
49.44.84.138 - - [26/Feb/2018:23:07:48 -0800] "GET /twitter-icon.png HTTP/1.1" 200 27732 "http://www.secrepo.com/" "Mozilla/5.0 (Linux; Android 8.1.0; Redmi Note 4 Build/OPM1.171019.018) AppleWebKit/537.36 (KHTML, like Gecko) Chrome/64.0.3282.137 Mobile Safari/537.36" 
49.44.84.138 - - [26/Feb/2018:23:07:48 -0800] "GET /GitHub-Mark.png HTTP/1.1" 200 7372 "http://www.secrepo.com/" "Mozilla/5.0 (Linux; Android 8.1.0; Redmi Note 4 Build/OPM1.171019.018) AppleWebKit/537.36 (KHTML, like Gecko) Chrome/64.0.3282.137 Mobile Safari/537.36" 
162.210.196.130 - - [26/Feb/2018:23:07:51 -0800] "GET /robots.txt HTTP/1.1" 200 289 "-" "Mozilla/5.0 (compatible; MJ12bot/v1.4.8; http://mj12bot.com/)" 
49.44.84.138 - - [26/Feb/2018:23:07:52 -0800] "GET /bootstrap/img/favicon.ico HTTP/1.1" 200 534 "http://www.secrepo.com/" "Mozilla/5.0 (Linux; Android 8.1.0; Redmi Note 4 Build/OPM1.171019.018) AppleWebKit/537.36 (KHTML, like Gecko) Chrome/64.0.3282.137 Mobile Safari/537.36" 
162.210.196.130 - - [26/Feb/2018:23:07:55 -0800] "GET / HTTP/1.1" 200 37359 "-" "Mozilla/5.0 (compatible; MJ12bot/v1.4.8; http://mj12bot.com/)" 
123.125.67.218 - - [26/Feb/2018:23:08:59 -0800] "GET /robots.txt HTTP/1.1" 200 297 "-" "Mozilla/5.0 (Windows NT 10.0; WOW64) AppleWebKit/537.36 (KHTML, like Gecko) Chrome/45.0.2454.93 Safari/537.36" 
216.244.66.198 - - [26/Feb/2018:23:10:22 -0800] "GET / HTTP/1.1" 200 37359 "-" "Mozilla/5.0 (compatible; DotBot/1.1; http://www.opensiteexplorer.org/dotbot, help@moz.com)" 
216.244.66.227 - - [26/Feb/2018:23:10:38 -0800] "GET /self.logs/2015/error.log.2015-04-28.gz HTTP/1.1" 200 1244 "-" "Mozilla/5.0 (compatible; DotBot/1.1; http://www.opensiteexplorer.org/dotbot, help@moz.com)" 
216.244.66.227 - - [26/Feb/2018:23:10:40 -0800] "GET /self.logs/2015/error.log.2015-10-25.gz HTTP/1.1" 200 629 "-" "Mozilla/5.0 (compatible; DotBot/1.1; http://www.opensiteexplorer.org/dotbot, help@moz.com)" 
216.244.66.227 - - [26/Feb/2018:23:10:41 -0800] "GET /self.logs/2015/error.log.2015-11-30.gz HTTP/1.1" 200 787 "-" "Mozilla/5.0 (compatible; DotBot/1.1; http://www.opensiteexplorer.org/dotbot, help@moz.com)" 
216.244.66.227 - - [26/Feb/2018:23:10:43 -0800] "GET /self.logs/2016/access.log.2016-05-03.gz HTTP/1.1" 200 8641 "-" "Mozilla/5.0 (compatible; DotBot/1.1; http://www.opensiteexplorer.org/dotbot, help@moz.com)" 
216.244.66.227 - - [26/Feb/2018:23:10:44 -0800] "GET /self.logs/2016/access.log.2016-09-03.gz HTTP/1.1" 200 5217 "-" "Mozilla/5.0 (compatible; DotBot/1.1; http://www.opensiteexplorer.org/dotbot, help@moz.com)" 
216.244.66.227 - - [26/Feb/2018:23:10:45 -0800] "GET /self.logs/2016/error.log.2016-03-23.gz HTTP/1.1" 200 1137 "-" "Mozilla/5.0 (compatible; DotBot/1.1; http://www.opensiteexplorer.org/dotbot, help@moz.com)" 
216.244.66.227 - - [26/Feb/2018:23:10:47 -0800] "GET /self.logs/2016/error.log.2016-03-26.gz HTTP/1.1" 200 758 "-" "Mozilla/5.0 (compatible; DotBot/1.1; http://www.opensiteexplorer.org/dotbot, help@moz.com)" 
216.244.66.227 - - [26/Feb/2018:23:10:48 -0800] "GET /self.logs/2016/error.log.2016-04-21.gz HTTP/1.1" 200 661 "-" "Mozilla/5.0 (compatible; DotBot/1.1; http://www.opensiteexplorer.org/dotbot, help@moz.com)" 
216.244.66.227 - - [26/Feb/2018:23:10:49 -0800] "GET /self.logs/2016/error.log.2016-05-26.gz HTTP/1.1" 200 705 "-" "Mozilla/5.0 (compatible; DotBot/1.1; http://www.opensiteexplorer.org/dotbot, help@moz.com)" 
216.244.66.227 - - [26/Feb/2018:23:10:50 -0800] "GET /self.logs/2016/error.log.2016-06-13.gz HTTP/1.1" 200 1141 "-" "Mozilla/5.0 (compatible; DotBot/1.1; http://www.opensiteexplorer.org/dotbot, help@moz.com)" 
216.244.66.227 - - [26/Feb/2018:23:10:52 -0800] "GET /self.logs/2016/error.log.2016-06-25.gz HTTP/1.1" 200 779 "-" "Mozilla/5.0 (compatible; DotBot/1.1; http://www.opensiteexplorer.org/dotbot, help@moz.com)" 
54.36.148.190 - - [26/Feb/2018:23:12:06 -0800] "GET /self.logs/error.log.2016-10-02.gz HTTP/1.1" 404 284 "-" "Mozilla/5.0 (compatible; AhrefsBot/5.2; +http://ahrefs.com/robot/)" 
220.181.108.177 - - [26/Feb/2018:23:12:12 -0800] "GET / HTTP/1.1" 200 11024 "-" "Mozilla/5.0 (compatible; Baiduspider/2.0; +http://www.baidu.com/search/spider.html)" 
54.36.148.104 - - [26/Feb/2018:23:14:28 -0800] "GET /self.logs/error.log.2017-11-26.gz HTTP/1.1" 200 1977 "-" "Mozilla/5.0 (compatible; AhrefsBot/5.2; +http://ahrefs.com/robot/)" 
78.186.139.208 - - [26/Feb/2018:23:14:48 -0800] "GET /maccdc2012/http.log.gz HTTP/1.1" 200 1965738 "-" "Mozilla/5.0 (Windows NT 6.1; Win64; x64; rv:57.0) Gecko/20100101 Firefox/57.0" 
78.186.139.208 - - [26/Feb/2018:23:14:53 -0800] "GET /maccdc2012/ HTTP/1.1" 200 765 "-" "Mozilla/5.0 (Windows NT 6.1; Win64; x64; rv:57.0) Gecko/20100101 Firefox/57.0" 
78.186.139.208 - - [26/Feb/2018:23:14:58 -0800] "GET /maccdc2012/http.log.gz HTTP/1.1" 200 54258816 "http://www.secrepo.com/maccdc2012/" "Mozilla/5.0 (Windows NT 6.1; Win64; x64; rv:57.0) Gecko/20100101 Firefox/57.0" 
118.163.49.209 - - [26/Feb/2018:23:17:06 -0800] "GET / HTTP/1.1" 200 11061 "-" "Mozilla/5.0 (Macintosh; Intel Mac OS X 10_6_8) AppleWebKit/537.36 (KHTML, like Gecko) Chrome/49.0.2623.112 Safari/537.36" 
118.163.49.209 - - [26/Feb/2018:23:17:07 -0800] "GET /twitter-icon.png HTTP/1.1" 200 27787 "http://www.secrepo.com/" "Mozilla/5.0 (Macintosh; Intel Mac OS X 10_6_8) AppleWebKit/537.36 (KHTML, like Gecko) Chrome/49.0.2623.112 Safari/537.36" 
118.163.49.209 - - [26/Feb/2018:23:17:07 -0800] "GET /GitHub-Mark.png HTTP/1.1" 200 7428 "http://www.secrepo.com/" "Mozilla/5.0 (Macintosh; Intel Mac OS X 10_6_8) AppleWebKit/537.36 (KHTML, like Gecko) Chrome/49.0.2623.112 Safari/537.36" 
118.163.49.209 - - [26/Feb/2018:23:17:08 -0800] "GET /bootstrap/img/favicon.ico HTTP/1.1" 200 589 "http://www.secrepo.com/" "Mozilla/5.0 (Macintosh; Intel Mac OS X 10_6_8) AppleWebKit/537.36 (KHTML, like Gecko) Chrome/49.0.2623.112 Safari/537.36" 
54.36.148.196 - - [26/Feb/2018:23:17:26 -0800] "GET /self.logs/2016/access.log.2016-02-10.gz HTTP/1.1" 200 9214 "-" "Mozilla/5.0 (compatible; AhrefsBot/5.2; +http://ahrefs.com/robot/)" 
78.186.139.208 - - [26/Feb/2018:23:17:29 -0800] "GET /maccdc2012/http.log.gz HTTP/1.1" 200 54258816 "http://www.secrepo.com/maccdc2012/" "Mozilla/5.0 (X11; Linux x86_64; rv:45.0) Gecko/20100101 Firefox/45.0" 
216.244.66.227 - - [26/Feb/2018:23:24:41 -0800] "GET /robots.txt HTTP/1.1" 200 233 "-" "Mozilla/5.0 (compatible; DotBot/1.1; http://www.opensiteexplorer.org/dotbot, help@moz.com)" 
100.43.85.128 - - [26/Feb/2018:23:25:01 -0800] "GET /robots.txt HTTP/1.1" 200 289 "-" "Mozilla/5.0 (compatible; YandexBot/3.0; +http://yandex.com/bots)" 
100.43.85.128 - - [26/Feb/2018:23:25:05 -0800] "GET / HTTP/1.1" 200 11061 "-" "Mozilla/5.0 (compatible; YandexBot/3.0; +http://yandex.com/bots)" 
54.36.148.62 - - [26/Feb/2018:23:25:25 -0800] "GET /self.logs/2015/error.log.2015-08-14.gz HTTP/1.1" 200 3160 "-" "Mozilla/5.0 (compatible; AhrefsBot/5.2; +http://ahrefs.com/robot/)" 
78.186.139.208 - - [26/Feb/2018:23:21:22 -0800] "GET /maccdc2012/http.log.gz HTTP/1.1" 200 54258816 "http://www.secrepo.com/maccdc2012/" "Mozilla/5.0 (X11; Linux x86_64; rv:45.0) Gecko/20100101 Firefox/45.0" 
120.221.1.28 - - [26/Feb/2018:23:26:58 -0800] "GET /maccdc2012/files.log.gz HTTP/1.1" 304 155 "-" "Mozilla/5.0 Gecko/20100115 Firefox/3.6" 
126.186.56.125 - - [26/Feb/2018:23:27:36 -0800] "GET /favicon.ico HTTP/1.1" 200 268 "-" "MavenPlus/5.9.2 CFNetwork/808.3 Darwin/16.3.0" 
78.186.139.208 - - [26/Feb/2018:23:30:57 -0800] "GET /maccdc2012/http.log.gz HTTP/1.1" 200 1196178 "http://www.secrepo.com/maccdc2012/" "Mozilla/5.0 (X11; Linux x86_64; rv:45.0) Gecko/20100101 Firefox/45.0" 
78.186.139.208 - - [26/Feb/2018:23:31:06 -0800] "GET / HTTP/1.1" 301 483 "-" "Mozilla/5.0 (Windows NT 6.1; Win64; x64) AppleWebKit/537.36 (KHTML, like Gecko) Chrome/64.0.3282.186 Safari/537.36" 
78.186.139.208 - - [26/Feb/2018:23:31:07 -0800] "GET / HTTP/1.1" 200 11061 "-" "Mozilla/5.0 (Windows NT 6.1; Win64; x64) AppleWebKit/537.36 (KHTML, like Gecko) Chrome/64.0.3282.186 Safari/537.36" 
209.15.209.89 - - [26/Feb/2018:23:31:07 -0800] "HEAD / HTTP/1.1" 200 239 "-" "-" 
78.186.139.208 - - [26/Feb/2018:23:31:07 -0800] "GET / HTTP/1.1" 301 483 "-" "Mozilla/5.0 (Windows NT 6.1; Win64; x64) AppleWebKit/537.36 (KHTML, like Gecko) Chrome/64.0.3282.186 Safari/537.36" 
78.186.139.208 - - [26/Feb/2018:23:31:07 -0800] "GET /twitter-icon.png HTTP/1.1" 200 27787 "http://www.secrepo.com/" "Mozilla/5.0 (Windows NT 6.1; Win64; x64) AppleWebKit/537.36 (KHTML, like Gecko) Chrome/64.0.3282.186 Safari/537.36" 
78.186.139.208 - - [26/Feb/2018:23:31:07 -0800] "GET /GitHub-Mark.png HTTP/1.1" 200 7428 "http://www.secrepo.com/" "Mozilla/5.0 (Windows NT 6.1; Win64; x64) AppleWebKit/537.36 (KHTML, like Gecko) Chrome/64.0.3282.186 Safari/537.36" 
78.186.139.208 - - [26/Feb/2018:23:31:07 -0800] "GET / HTTP/1.1" 200 11061 "-" "Mozilla/5.0 (Windows NT 6.1; Win64; x64) AppleWebKit/537.36 (KHTML, like Gecko) Chrome/64.0.3282.186 Safari/537.36" 
220.250.21.82 - - [26/Feb/2018:23:31:08 -0800] "GET / HTTP/1.1" 200 11061 "https://www.researchgate.net/" "Mozilla/5.0 (Windows NT 6.1; Win64; x64) AppleWebKit/537.36 (KHTML, like Gecko) Chrome/64.0.3282.186 Safari/537.36" 
78.186.139.208 - - [26/Feb/2018:23:31:08 -0800] "GET /twitter-icon.png HTTP/1.1" 200 27787 "http://www.secrepo.com/" "Mozilla/5.0 (Windows NT 6.1; Win64; x64) AppleWebKit/537.36 (KHTML, like Gecko) Chrome/64.0.3282.186 Safari/537.36" 
78.186.139.208 - - [26/Feb/2018:23:31:08 -0800] "GET /GitHub-Mark.png HTTP/1.1" 200 7428 "http://www.secrepo.com/" "Mozilla/5.0 (Windows NT 6.1; Win64; x64) AppleWebKit/537.36 (KHTML, like Gecko) Chrome/64.0.3282.186 Safari/537.36" 
220.250.21.82 - - [26/Feb/2018:23:31:09 -0800] "GET /twitter-icon.png HTTP/1.1" 200 27787 "http://www.secrepo.com/" "Mozilla/5.0 (Windows NT 6.1; Win64; x64) AppleWebKit/537.36 (KHTML, like Gecko) Chrome/64.0.3282.186 Safari/537.36" 
220.250.21.82 - - [26/Feb/2018:23:31:09 -0800] "GET /GitHub-Mark.png HTTP/1.1" 200 7428 "http://www.secrepo.com/" "Mozilla/5.0 (Windows NT 6.1; Win64; x64) AppleWebKit/537.36 (KHTML, like Gecko) Chrome/64.0.3282.186 Safari/537.36" 
78.186.139.208 - - [26/Feb/2018:23:31:09 -0800] "GET /bootstrap/img/favicon.ico HTTP/1.1" 200 589 "http://www.secrepo.com/" "Mozilla/5.0 (Windows NT 6.1; Win64; x64) AppleWebKit/537.36 (KHTML, like Gecko) Chrome/64.0.3282.186 Safari/537.36" 
78.186.139.208 - - [26/Feb/2018:23:31:09 -0800] "GET /bootstrap/img/favicon.ico HTTP/1.1" 200 589 "http://www.secrepo.com/" "Mozilla/5.0 (Windows NT 6.1; Win64; x64) AppleWebKit/537.36 (KHTML, like Gecko) Chrome/64.0.3282.186 Safari/537.36" 
78.186.139.208 - - [26/Feb/2018:23:31:09 -0800] "GET / HTTP/1.1" 301 483 "-" "Mozilla/5.0 (Windows NT 6.1; Win64; x64) AppleWebKit/537.36 (KHTML, like Gecko) Chrome/63.0.3239.84 Safari/537.36" 
78.186.139.208 - - [26/Feb/2018:23:31:10 -0800] "GET / HTTP/1.1" 200 11061 "-" "Mozilla/5.0 (Windows NT 6.1; Win64; x64) AppleWebKit/537.36 (KHTML, like Gecko) Chrome/63.0.3239.84 Safari/537.36" 
78.186.139.208 - - [26/Feb/2018:23:31:10 -0800] "GET / HTTP/1.1" 200 11061 "-" "Mozilla/5.0 (X11; Linux x86_64; rv:45.0) Gecko/20100101 Firefox/45.0" 
213.144.110.50 - - [26/Feb/2018:23:31:10 -0800] "GET / HTTP/1.1" 200 11061 "-" "Mozilla/5.0 (Macintosh; Intel Mac OS X 10_13_3) AppleWebKit/537.36 (KHTML, like Gecko) Chrome/64.0.3282.167 Safari/537.36" 
78.186.139.208 - - [26/Feb/2018:23:31:10 -0800] "GET /bootstrap/img/favicon.ico HTTP/1.1" 200 589 "-" "Mozilla/5.0 (X11; Linux x86_64; rv:45.0) Gecko/20100101 Firefox/45.0" 
78.186.139.208 - - [26/Feb/2018:23:31:10 -0800] "GET /twitter-icon.png HTTP/1.1" 200 27787 "http://www.secrepo.com/" "Mozilla/5.0 (Windows NT 6.1; Win64; x64) AppleWebKit/537.36 (KHTML, like Gecko) Chrome/63.0.3239.84 Safari/537.36" 
78.186.139.208 - - [26/Feb/2018:23:31:10 -0800] "GET /GitHub-Mark.png HTTP/1.1" 200 7428 "http://www.secrepo.com/" "Mozilla/5.0 (Windows NT 6.1; Win64; x64) AppleWebKit/537.36 (KHTML, like Gecko) Chrome/63.0.3239.84 Safari/537.36" 
78.186.139.208 - - [26/Feb/2018:23:31:10 -0800] "GET /twitter-icon.png HTTP/1.1" 200 27787 "http://www.secrepo.com/" "Mozilla/5.0 (X11; Linux x86_64; rv:45.0) Gecko/20100101 Firefox/45.0" 
213.144.110.50 - - [26/Feb/2018:23:31:10 -0800] "GET /twitter-icon.png HTTP/1.1" 200 27787 "http://www.secrepo.com/" "Mozilla/5.0 (Macintosh; Intel Mac OS X 10_13_3) AppleWebKit/537.36 (KHTML, like Gecko) Chrome/64.0.3282.167 Safari/537.36" 
78.186.139.208 - - [26/Feb/2018:23:31:10 -0800] "GET /GitHub-Mark.png HTTP/1.1" 200 7428 "http://www.secrepo.com/" "Mozilla/5.0 (X11; Linux x86_64; rv:45.0) Gecko/20100101 Firefox/45.0" 
213.144.110.50 - - [26/Feb/2018:23:31:10 -0800] "GET /GitHub-Mark.png HTTP/1.1" 200 7428 "http://www.secrepo.com/" "Mozilla/5.0 (Macintosh; Intel Mac OS X 10_13_3) AppleWebKit/537.36 (KHTML, like Gecko) Chrome/64.0.3282.167 Safari/537.36" 
78.186.139.208 - - [26/Feb/2018:23:31:11 -0800] "GET /bootstrap/img/favicon.ico HTTP/1.1" 200 589 "http://www.secrepo.com/" "Mozilla/5.0 (Windows NT 6.1; Win64; x64) AppleWebKit/537.36 (KHTML, like Gecko) Chrome/63.0.3239.84 Safari/537.36" 
213.144.110.50 - - [26/Feb/2018:23:31:11 -0800] "GET /bootstrap/img/favicon.ico HTTP/1.1" 200 589 "http://www.secrepo.com/" "Mozilla/5.0 (Macintosh; Intel Mac OS X 10_13_3) AppleWebKit/537.36 (KHTML, like Gecko) Chrome/64.0.3282.167 Safari/537.36" 
220.250.21.82 - - [26/Feb/2018:23:31:12 -0800] "GET /bootstrap/img/favicon.ico HTTP/1.1" 200 590 "http://www.secrepo.com/" "Mozilla/5.0 (Windows NT 6.1; Win64; x64) AppleWebKit/537.36 (KHTML, like Gecko) Chrome/64.0.3282.186 Safari/537.36" 
78.186.139.208 - - [26/Feb/2018:23:31:44 -0800] "GET / HTTP/1.1" 200 11061 "https://www.google.com.tr/" "Mozilla/5.0 (Windows NT 6.1; WOW64; rv:50.0) Gecko/20100101 Firefox/50.0" 
78.186.139.208 - - [26/Feb/2018:23:31:44 -0800] "GET /bootstrap/img/favicon.ico HTTP/1.1" 200 589 "-" "Mozilla/5.0 (Windows NT 6.1; WOW64; rv:50.0) Gecko/20100101 Firefox/50.0" 
78.186.139.208 - - [26/Feb/2018:23:31:45 -0800] "GET /twitter-icon.png HTTP/1.1" 200 27787 "http://www.secrepo.com/" "Mozilla/5.0 (Windows NT 6.1; WOW64; rv:50.0) Gecko/20100101 Firefox/50.0" 
78.186.139.208 - - [26/Feb/2018:23:31:45 -0800] "GET /GitHub-Mark.png HTTP/1.1" 200 7428 "http://www.secrepo.com/" "Mozilla/5.0 (Windows NT 6.1; WOW64; rv:50.0) Gecko/20100101 Firefox/50.0" 
78.186.139.208 - - [26/Feb/2018:23:31:46 -0800] "GET / HTTP/1.1" 301 483 "-" "Mozilla/5.0 (X11; Linux x86_64; rv:52.0) Gecko/20100101 Firefox/52.0" 
78.186.139.208 - - [26/Feb/2018:23:31:46 -0800] "GET / HTTP/1.1" 200 11061 "-" "Mozilla/5.0 (X11; Linux x86_64; rv:52.0) Gecko/20100101 Firefox/52.0" 
78.186.139.208 - - [26/Feb/2018:23:31:47 -0800] "GET /bootstrap/img/favicon.ico HTTP/1.1" 200 590 "-" "Mozilla/5.0 (X11; Linux x86_64; rv:52.0) Gecko/20100101 Firefox/52.0" 
78.186.139.208 - - [26/Feb/2018:23:31:48 -0800] "GET /twitter-icon.png HTTP/1.1" 200 27787 "http://www.secrepo.com/" "Mozilla/5.0 (X11; Linux x86_64; rv:52.0) Gecko/20100101 Firefox/52.0" 
78.186.139.208 - - [26/Feb/2018:23:31:48 -0800] "GET /GitHub-Mark.png HTTP/1.1" 200 7427 "http://www.secrepo.com/" "Mozilla/5.0 (X11; Linux x86_64; rv:52.0) Gecko/20100101 Firefox/52.0" 
52.165.166.139 - - [26/Feb/2018:23:31:48 -0800] "GET / HTTP/1.1" 301 461 "-" "Mozilla/5.0 (Windows NT 10.0; Win64; x64) AppleWebKit/537.36 (KHTML, like Gecko) Chrome/61.0.3163.100 Safari/537.36" 
78.186.139.208 - - [26/Feb/2018:23:31:48 -0800] "GET /maccdc2012/signatures.log.gz HTTP/1.1" 200 605 "http://www.secrepo.com/" "Mozilla/5.0 (X11; Linux x86_64; rv:45.0) Gecko/20100101 Firefox/45.0" 
78.186.139.208 - - [26/Feb/2018:23:32:39 -0800] "GET /maccdc2012/http.log.gz HTTP/1.1" 200 1739226 "-" "Mozilla/5.0 (Windows NT 6.1; Win64; x64) AppleWebKit/537.36 (KHTML, like Gecko) Chrome/63.0.3239.84 Safari/537.36" 
78.186.139.208 - - [26/Feb/2018:23:32:54 -0800] "GET / HTTP/1.1" 200 11061 "-" "Mozilla/5.0 (Windows NT 6.1; Win64; x64) AppleWebKit/537.36 (KHTML, like Gecko) Chrome/64.0.3282.167 Safari/537.36" 
78.186.139.208 - - [26/Feb/2018:23:32:54 -0800] "GET /twitter-icon.png HTTP/1.1" 200 27787 "http://www.secrepo.com/" "Mozilla/5.0 (Windows NT 6.1; Win64; x64) AppleWebKit/537.36 (KHTML, like Gecko) Chrome/64.0.3282.167 Safari/537.36" 
78.186.139.208 - - [26/Feb/2018:23:32:54 -0800] "GET /GitHub-Mark.png HTTP/1.1" 200 7428 "http://www.secrepo.com/" "Mozilla/5.0 (Windows NT 6.1; Win64; x64) AppleWebKit/537.36 (KHTML, like Gecko) Chrome/64.0.3282.167 Safari/537.36" 
78.186.139.208 - - [26/Feb/2018:23:32:55 -0800] "GET /bootstrap/img/favicon.ico HTTP/1.1" 200 589 "http://www.secrepo.com/" "Mozilla/5.0 (Windows NT 6.1; Win64; x64) AppleWebKit/537.36 (KHTML, like Gecko) Chrome/64.0.3282.167 Safari/537.36" 
78.186.139.208 - - [26/Feb/2018:23:33:14 -0800] "GET /maccdc2012/signatures.log.gz HTTP/1.1" 200 605 "http://www.secrepo.com/" "Mozilla/5.0 (X11; Linux x86_64; rv:45.0) Gecko/20100101 Firefox/45.0" 
78.186.139.208 - - [26/Feb/2018:23:31:34 -0800] "GET /maccdc2012/http.log.gz HTTP/1.1" 200 54258816 "-" "Mozilla/5.0 (Windows NT 6.1; Win64; x64) AppleWebKit/537.36 (KHTML, like Gecko) Chrome/63.0.3239.84 Safari/537.36" 
109.121.61.195 - - [26/Feb/2018:23:34:52 -0800] "GET /wp-login.php HTTP/1.1" 418 732 "-" "Mozilla/5.0 (Windows NT 6.1; WOW64; rv:40.0) Gecko/20100101 Firefox/40.1" 
109.121.61.195 - - [26/Feb/2018:23:34:53 -0800] "GET / HTTP/1.1" 418 732 "-" "Mozilla/5.0 (Windows NT 6.1; WOW64; rv:40.0) Gecko/20100101 Firefox/40.1" 
78.186.139.208 - - [26/Feb/2018:23:34:57 -0800] "GET /maccdc2012/ssh.log.gz HTTP/1.1" 200 182517 "http://www.secrepo.com/" "Mozilla/5.0 (X11; Linux x86_64; rv:45.0) Gecko/20100101 Firefox/45.0" 
78.186.139.208 - - [26/Feb/2018:23:33:08 -0800] "GET /maccdc2012/http.log.gz HTTP/1.1" 200 54258816 "-" "Mozilla/5.0 (Windows NT 6.1; Win64; x64) AppleWebKit/537.36 (KHTML, like Gecko) Chrome/64.0.3282.167 Safari/537.36" 
78.186.139.208 - - [26/Feb/2018:23:31:21 -0800] "GET /maccdc2012/http.log.gz HTTP/1.1" 200 54258816 "-" "Mozilla/5.0 (Windows NT 6.1; Win64; x64) AppleWebKit/537.36 (KHTML, like Gecko) Chrome/64.0.3282.186 Safari/537.36" 
78.186.139.208 - - [26/Feb/2018:23:32:01 -0800] "GET /maccdc2012/http.log.gz HTTP/1.1" 200 54258816 "http://www.secrepo.com/" "Mozilla/5.0 (Windows NT 6.1; WOW64; rv:50.0) Gecko/20100101 Firefox/50.0" 
78.186.139.208 - - [26/Feb/2018:23:32:04 -0800] "GET /maccdc2012/http.log.gz HTTP/1.1" 200 54258816 "http://www.secrepo.com/" "Mozilla/5.0 (X11; Linux x86_64; rv:52.0) Gecko/20100101 Firefox/52.0" 
78.186.139.208 - - [26/Feb/2018:23:31:20 -0800] "GET /maccdc2012/http.log.gz HTTP/1.1" 200 54258816 "http://www.secrepo.com/" "Mozilla/5.0 (X11; Linux x86_64; rv:45.0) Gecko/20100101 Firefox/45.0" 
102.181.194.40 - - [26/Feb/2018:23:36:08 -0800] "GET /maccdc2012/dns.log.gz HTTP/1.1" 304 154 "-" "Mozilla/5.0 Gecko/20100115 Firefox/3.6" 
68.235.35.188 - - [26/Feb/2018:23:36:25 -0800] "GET / HTTP/1.1" 200 11061 "-" "Mozilla/5.0 (Windows NT 10.0; Win64; x64; rv:58.0) Gecko/20100101 Firefox/58.0" 
68.235.35.188 - - [26/Feb/2018:23:36:25 -0800] "GET /GitHub-Mark.png HTTP/1.1" 200 7427 "http://www.secrepo.com/" "Mozilla/5.0 (Windows NT 10.0; Win64; x64; rv:58.0) Gecko/20100101 Firefox/58.0" 
78.186.139.208 - - [26/Feb/2018:23:36:31 -0800] "GET /maccdc2012/http.log.gz HTTP/1.1" 200 14283054 "-" "Mozilla/5.0 (Windows NT 6.1; Win64; x64) AppleWebKit/537.36 (KHTML, like Gecko) Chrome/64.0.3282.186 Safari/537.36" 
202.113.41.20 - - [26/Feb/2018:23:37:27 -0800] "GET / HTTP/1.1" 200 11061 "-" "Mozilla/5.0 (Windows NT 10.0; WOW64) AppleWebKit/537.36 (KHTML, like Gecko) Chrome/49.0.2623.221 Safari/537.36 SE 2.X MetaSr 1.0" 
202.113.41.20 - - [26/Feb/2018:23:37:38 -0800] "GET /twitter-icon.png HTTP/1.1" 200 27788 "http://www.secrepo.com/" "Mozilla/5.0 (Windows NT 10.0; WOW64) AppleWebKit/537.36 (KHTML, like Gecko) Chrome/49.0.2623.221 Safari/537.36 SE 2.X MetaSr 1.0" 
202.113.41.20 - - [26/Feb/2018:23:37:38 -0800] "GET /GitHub-Mark.png HTTP/1.1" 200 7428 "http://www.secrepo.com/" "Mozilla/5.0 (Windows NT 10.0; WOW64) AppleWebKit/537.36 (KHTML, like Gecko) Chrome/49.0.2623.221 Safari/537.36 SE 2.X MetaSr 1.0" 
78.186.139.208 - - [26/Feb/2018:23:31:19 -0800] "GET /maccdc2012/http.log.gz HTTP/1.1" 200 54258816 "-" "Mozilla/5.0 (Windows NT 6.1; Win64; x64) AppleWebKit/537.36 (KHTML, like Gecko) Chrome/64.0.3282.186 Safari/537.36" 
78.186.139.208 - - [26/Feb/2018:23:39:42 -0800] "GET /maccdc2012/http.log.g HTTP/1.1" 404 340 "-" "Mozilla/5.0 (Windows NT 6.1; Win64; x64) AppleWebKit/537.36 (KHTML, like Gecko) Chrome/64.0.3282.186 Safari/537.36" 
78.186.139.208 - - [26/Feb/2018:23:40:06 -0800] "GET / HTTP/1.1" 200 11061 "https://www.google.com.tr/" "Mozilla/5.0 (Windows NT 6.1; Win64; x64) AppleWebKit/537.36 (KHTML, like Gecko) Chrome/64.0.3282.186 Safari/537.36" 
78.186.139.208 - - [26/Feb/2018:23:40:06 -0800] "GET /twitter-icon.png HTTP/1.1" 200 27787 "http://www.secrepo.com/" "Mozilla/5.0 (Windows NT 6.1; Win64; x64) AppleWebKit/537.36 (KHTML, like Gecko) Chrome/64.0.3282.186 Safari/537.36" 
78.186.139.208 - - [26/Feb/2018:23:40:06 -0800] "GET /GitHub-Mark.png HTTP/1.1" 200 7428 "http://www.secrepo.com/" "Mozilla/5.0 (Windows NT 6.1; Win64; x64) AppleWebKit/537.36 (KHTML, like Gecko) Chrome/64.0.3282.186 Safari/537.36" 
78.186.139.208 - - [26/Feb/2018:23:40:07 -0800] "GET /bootstrap/img/favicon.ico HTTP/1.1" 200 589 "http://www.secrepo.com/" "Mozilla/5.0 (Windows NT 6.1; Win64; x64) AppleWebKit/537.36 (KHTML, like Gecko) Chrome/64.0.3282.186 Safari/537.36" 
78.186.139.208 - - [26/Feb/2018:23:40:10 -0800] "GET /maccdc2012/ssh.log.gz HTTP/1.1" 200 182517 "-" "Mozilla/5.0 (Windows NT 6.1; Win64; x64) AppleWebKit/537.36 (KHTML, like Gecko) Chrome/64.0.3282.186 Safari/537.36" 
41.138.88.3 - - [26/Feb/2018:23:40:37 -0800] "GET /wp-login.php HTTP/1.1" 418 732 "-" "Mozilla/5.0 (Windows NT 6.1; WOW64; rv:40.0) Gecko/20100101 Firefox/40.1" 
41.138.88.3 - - [26/Feb/2018:23:40:37 -0800] "GET / HTTP/1.1" 418 732 "-" "Mozilla/5.0 (Windows NT 6.1; WOW64; rv:40.0) Gecko/20100101 Firefox/40.1" 
78.186.139.208 - - [26/Feb/2018:23:39:48 -0800] "GET /maccdc2012/http.log.gz HTTP/1.1" 200 54258816 "-" "Mozilla/5.0 (Windows NT 6.1; Win64; x64) AppleWebKit/537.36 (KHTML, like Gecko) Chrome/64.0.3282.186 Safari/537.36" 
61.151.218.119 - - [26/Feb/2018:23:42:49 -0800] "GET / HTTP/1.1" 200 37415 "-" "Mozilla/5.0 (Macintosh; Intel Mac OS X 10_12_4) AppleWebKit/537.36 (KHTML, like Gecko) \t\t\tChrome/55.0.2883.95 Safari/537.36" 
78.186.139.208 - - [26/Feb/2018:23:43:13 -0800] "GET /maccdc2012/ssh.log.gz HTTP/1.1" 200 182517 "http://www.secrepo.com/" "Mozilla/5.0 (X11; Linux x86_64; rv:45.0) Gecko/20100101 Firefox/45.0" 
14.148.126.173 - - [26/Feb/2018:23:43:19 -0800] "GET / HTTP/1.1" 200 11005 "https://www.google.com.tw/" "Mozilla/5.0 (Windows NT 6.1; Win64; x64; rv:58.0) Gecko/20100101 Firefox/58.0" 
14.148.126.173 - - [26/Feb/2018:23:43:20 -0800] "GET /twitter-icon.png HTTP/1.1" 200 27732 "http://www.secrepo.com/" "Mozilla/5.0 (Windows NT 6.1; Win64; x64; rv:58.0) Gecko/20100101 Firefox/58.0" 
14.148.126.173 - - [26/Feb/2018:23:43:20 -0800] "GET /GitHub-Mark.png HTTP/1.1" 200 7372 "http://www.secrepo.com/" "Mozilla/5.0 (Windows NT 6.1; Win64; x64; rv:58.0) Gecko/20100101 Firefox/58.0" 
14.148.126.173 - - [26/Feb/2018:23:43:22 -0800] "GET /bootstrap/img/favicon.ico HTTP/1.1" 200 534 "-" "Mozilla/5.0 (Windows NT 6.1; Win64; x64; rv:58.0) Gecko/20100101 Firefox/58.0" 
54.36.149.50 - - [26/Feb/2018:23:43:45 -0800] "GET /self.logs/?C=S;O=D HTTP/1.1" 200 9443 "-" "Mozilla/5.0 (compatible; AhrefsBot/5.2; +http://ahrefs.com/robot/)" 
113.171.224.176 - - [26/Feb/2018:23:43:59 -0800] "GET /honeypot/Honeypot%20-%20Howto.pdf HTTP/1.1" 200 46720 "-" "Mozilla/5.0 Gecko/20100115 Firefox/3.6" 
216.244.66.227 - - [26/Feb/2018:23:44:05 -0800] "GET /self.logs/2015/access.log.2015-04-09.gz HTTP/1.1" 200 3507 "-" "Mozilla/5.0 (compatible; DotBot/1.1; http://www.opensiteexplorer.org/dotbot, help@moz.com)" 
216.244.66.227 - - [26/Feb/2018:23:44:06 -0800] "GET /self.logs/2015/access.log.2015-06-15.gz HTTP/1.1" 200 7868 "-" "Mozilla/5.0 (compatible; DotBot/1.1; http://www.opensiteexplorer.org/dotbot, help@moz.com)" 
216.244.66.227 - - [26/Feb/2018:23:44:08 -0800] "GET /self.logs/2015/error.log.2015-02-06.gz HTTP/1.1" 200 560 "-" "Mozilla/5.0 (compatible; DotBot/1.1; http://www.opensiteexplorer.org/dotbot, help@moz.com)" 
216.244.66.227 - - [26/Feb/2018:23:44:09 -0800] "GET /self.logs/2015/error.log.2015-07-02.gz HTTP/1.1" 200 737 "-" "Mozilla/5.0 (compatible; DotBot/1.1; http://www.opensiteexplorer.org/dotbot, help@moz.com)" 
216.244.66.227 - - [26/Feb/2018:23:44:10 -0800] "GET /self.logs/2015/error.log.2015-11-24.gz HTTP/1.1" 200 958 "-" "Mozilla/5.0 (compatible; DotBot/1.1; http://www.opensiteexplorer.org/dotbot, help@moz.com)" 
216.244.66.227 - - [26/Feb/2018:23:44:11 -0800] "GET /self.logs/2016/access.log.2016-02-18.gz HTTP/1.1" 200 9701 "-" "Mozilla/5.0 (compatible; DotBot/1.1; http://www.opensiteexplorer.org/dotbot, help@moz.com)" 
216.244.66.227 - - [26/Feb/2018:23:44:12 -0800] "GET /self.logs/2016/access.log.2016-02-25.gz HTTP/1.1" 200 11339 "-" "Mozilla/5.0 (compatible; DotBot/1.1; http://www.opensiteexplorer.org/dotbot, help@moz.com)" 
216.244.66.227 - - [26/Feb/2018:23:44:13 -0800] "GET /self.logs/2016/access.log.2016-05-23.gz HTTP/1.1" 200 15092 "-" "Mozilla/5.0 (compatible; DotBot/1.1; http://www.opensiteexplorer.org/dotbot, help@moz.com)" 
73.252.184.25 - - [26/Feb/2018:23:44:14 -0800] "GET / HTTP/1.1" 200 11061 "https://www.google.com/" "Mozilla/5.0 (Macintosh; Intel Mac OS X 10_13_2) AppleWebKit/537.36 (KHTML, like Gecko) Chrome/64.0.3282.167 Safari/537.36" 
73.252.184.25 - - [26/Feb/2018:23:44:14 -0800] "GET /GitHub-Mark.png HTTP/1.1" 200 7428 "http://www.secrepo.com/" "Mozilla/5.0 (Macintosh; Intel Mac OS X 10_13_2) AppleWebKit/537.36 (KHTML, like Gecko) Chrome/64.0.3282.167 Safari/537.36" 
73.252.184.25 - - [26/Feb/2018:23:44:14 -0800] "GET /twitter-icon.png HTTP/1.1" 200 27787 "http://www.secrepo.com/" "Mozilla/5.0 (Macintosh; Intel Mac OS X 10_13_2) AppleWebKit/537.36 (KHTML, like Gecko) Chrome/64.0.3282.167 Safari/537.36" 
216.244.66.227 - - [26/Feb/2018:23:44:15 -0800] "GET /self.logs/2016/access.log.2016-06-28.gz HTTP/1.1" 200 11007 "-" "Mozilla/5.0 (compatible; DotBot/1.1; http://www.opensiteexplorer.org/dotbot, help@moz.com)" 
216.244.66.227 - - [26/Feb/2018:23:44:16 -0800] "GET /self.logs/2016/access.log.2016-10-22.gz HTTP/1.1" 200 6355 "-" "Mozilla/5.0 (compatible; DotBot/1.1; http://www.opensiteexplorer.org/dotbot, help@moz.com)" 
216.244.66.227 - - [26/Feb/2018:23:44:17 -0800] "GET /self.logs/2016/access.log.2016-12-22.gz HTTP/1.1" 200 16429 "-" "Mozilla/5.0 (compatible; DotBot/1.1; http://www.opensiteexplorer.org/dotbot, help@moz.com)" 
216.244.66.227 - - [26/Feb/2018:23:44:18 -0800] "GET /self.logs/2016/error.log.2016-02-08.gz HTTP/1.1" 200 610 "-" "Mozilla/5.0 (compatible; DotBot/1.1; http://www.opensiteexplorer.org/dotbot, help@moz.com)" 
73.252.184.25 - - [26/Feb/2018:23:44:19 -0800] "GET /bootstrap/img/favicon.ico HTTP/1.1" 200 590 "http://www.secrepo.com/" "Mozilla/5.0 (Macintosh; Intel Mac OS X 10_13_2) AppleWebKit/537.36 (KHTML, like Gecko) Chrome/64.0.3282.167 Safari/537.36" 
216.244.66.227 - - [26/Feb/2018:23:44:20 -0800] "GET /self.logs/2016/error.log.2016-02-26.gz HTTP/1.1" 200 793 "-" "Mozilla/5.0 (compatible; DotBot/1.1; http://www.opensiteexplorer.org/dotbot, help@moz.com)" 
216.244.66.227 - - [26/Feb/2018:23:44:21 -0800] "GET /self.logs/2016/error.log.2016-09-06.gz HTTP/1.1" 200 904 "-" "Mozilla/5.0 (compatible; DotBot/1.1; http://www.opensiteexplorer.org/dotbot, help@moz.com)" 
216.244.66.227 - - [26/Feb/2018:23:44:22 -0800] "GET /self.logs/2016/error.log.2016-12-09.gz HTTP/1.1" 200 711 "-" "Mozilla/5.0 (compatible; DotBot/1.1; http://www.opensiteexplorer.org/dotbot, help@moz.com)" 
183.3.239.158 - - [26/Feb/2018:23:45:14 -0800] "GET / HTTP/1.0" 200 37415 "-" "Mozilla/5.0 (compatible; MSIE 9.0; Windows NT 6.1; Trident/5.0)" 
183.3.239.168 - - [26/Feb/2018:23:45:16 -0800] "GET / HTTP/1.0" 200 37415 "-" "Mozilla/5.0 (compatible; MSIE 9.0; Windows NT 6.1; Trident/5.0)" 
183.7.125.75 - - [26/Feb/2018:23:45:27 -0800] "GET / HTTP/1.1" 200 11061 "-" "Mozilla/5.0 (Windows NT 6.1; Win64; x64) AppleWebKit/537.36 (KHTML, like Gecko) Chrome/64.0.3282.167 Safari/537.36" 
183.7.125.75 - - [26/Feb/2018:23:45:28 -0800] "GET /GitHub-Mark.png HTTP/1.1" 200 7428 "http://www.secrepo.com/" "Mozilla/5.0 (Windows NT 6.1; Win64; x64) AppleWebKit/537.36 (KHTML, like Gecko) Chrome/64.0.3282.167 Safari/537.36" 
183.7.125.75 - - [26/Feb/2018:23:45:28 -0800] "GET /twitter-icon.png HTTP/1.1" 200 27787 "http://www.secrepo.com/" "Mozilla/5.0 (Windows NT 6.1; Win64; x64) AppleWebKit/537.36 (KHTML, like Gecko) Chrome/64.0.3282.167 Safari/537.36" 
183.7.125.75 - - [26/Feb/2018:23:45:30 -0800] "GET /bootstrap/img/favicon.ico HTTP/1.1" 200 590 "http://www.secrepo.com/" "Mozilla/5.0 (Windows NT 6.1; Win64; x64) AppleWebKit/537.36 (KHTML, like Gecko) Chrome/64.0.3282.167 Safari/537.36" 
220.130.162.28 - - [26/Feb/2018:23:46:02 -0800] "GET / HTTP/1.1" 200 11061 "-" "Mozilla/5.0 (Windows NT 6.1; WOW64) AppleWebKit/537.36 (KHTML, like Gecko) Chrome/64.0.3282.167 Safari/537.36" 
220.130.162.28 - - [26/Feb/2018:23:46:03 -0800] "GET /GitHub-Mark.png HTTP/1.1" 200 7428 "http://www.secrepo.com/" "Mozilla/5.0 (Windows NT 6.1; WOW64) AppleWebKit/537.36 (KHTML, like Gecko) Chrome/64.0.3282.167 Safari/537.36" 
220.130.162.28 - - [26/Feb/2018:23:46:03 -0800] "GET /twitter-icon.png HTTP/1.1" 200 27787 "http://www.secrepo.com/" "Mozilla/5.0 (Windows NT 6.1; WOW64) AppleWebKit/537.36 (KHTML, like Gecko) Chrome/64.0.3282.167 Safari/537.36" 
78.186.139.208 - - [26/Feb/2018:23:46:09 -0800] "GET /maccdc2012/ssh.log.gz HTTP/1.1" 200 182517 "http://www.secrepo.com/" "Mozilla/5.0 (X11; Linux x86_64; rv:45.0) Gecko/20100101 Firefox/45.0" 
220.130.162.28 - - [26/Feb/2018:23:46:43 -0800] "GET /bootstrap/img/favicon.ico HTTP/1.1" 200 590 "http://www.secrepo.com/" "Mozilla/5.0 (Windows NT 6.1; WOW64) AppleWebKit/537.36 (KHTML, like Gecko) Chrome/64.0.3282.167 Safari/537.36" 
14.148.126.173 - - [26/Feb/2018:23:49:39 -0800] "GET /maccdc2012/dhcp.log.gz HTTP/1.1" 200 44867 "-" "Mozilla/4.0 (compatible; MSIE 7.0; Windows NT 6.2; WOW64; Trident/7.0; .NET4.0E; .NET4.0C; .NET CLR 3.5.30729; .NET CLR 2.0.50727; .NET CLR 3.0.30729)" 
14.148.126.173 - - [26/Feb/2018:23:49:17 -0800] "GET /maccdc2012/conn.log.gz HTTP/1.1" 206 79200 "-" "Mozilla/4.0 (compatible; MSIE 7.0; Windows NT 6.2; WOW64; Trident/7.0; .NET4.0E; .NET4.0C; .NET CLR 3.5.30729; .NET CLR 2.0.50727; .NET CLR 3.0.30729)" 
14.148.126.173 - - [26/Feb/2018:23:48:28 -0800] "GET /maccdc2012/conn.log.gz HTTP/1.1" 200 3552227 "http://www.secrepo.com/" "Mozilla/5.0 (Windows NT 6.1; Win64; x64; rv:58.0) Gecko/20100101 Firefox/58.0" 
14.148.126.173 - - [26/Feb/2018:23:49:17 -0800] "GET /maccdc2012/conn.log.gz HTTP/1.1" 206 204480 "-" "Mozilla/4.0 (compatible; MSIE 7.0; Windows NT 6.2; WOW64; Trident/7.0; .NET4.0E; .NET4.0C; .NET CLR 3.5.30729; .NET CLR 2.0.50727; .NET CLR 3.0.30729)" 
14.148.126.173 - - [26/Feb/2018:23:50:08 -0800] "GET /maccdc2012/dns.log.gz HTTP/1.1" 206 57600 "-" "Mozilla/4.0 (compatible; MSIE 7.0; Windows NT 6.2; WOW64; Trident/7.0; .NET4.0E; .NET4.0C; .NET CLR 3.5.30729; .NET CLR 2.0.50727; .NET CLR 3.0.30729)" 
14.148.126.173 - - [26/Feb/2018:23:50:41 -0800] "GET /maccdc2012/conn.log.gz HTTP/1.1" 206 295966 "-" "Mozilla/4.0 (compatible; MSIE 7.0; Windows NT 6.2; WOW64; Trident/7.0; .NET4.0E; .NET4.0C; .NET CLR 3.5.30729; .NET CLR 2.0.50727; .NET CLR 3.0.30729)" 
14.148.126.173 - - [26/Feb/2018:23:49:15 -0800] "GET /maccdc2012/conn.log.gz HTTP/1.1" 200 309600 "-" "Mozilla/4.0 (compatible; MSIE 7.0; Windows NT 6.2; WOW64; Trident/7.0; .NET4.0E; .NET4.0C; .NET CLR 3.5.30729; .NET CLR 2.0.50727; .NET CLR 3.0.30729)" 
14.148.126.173 - - [26/Feb/2018:23:50:59 -0800] "GET /bootstrap/img/favicon.ico HTTP/1.1" 200 590 "-" "Mozilla/5.0 (Windows NT 6.1; Win64; x64; rv:58.0) Gecko/20100101 Firefox/58.0" 
14.148.126.173 - - [26/Feb/2018:23:49:24 -0800] "GET /maccdc2012/conn.log.gz HTTP/1.1" 206 930240 "-" "Mozilla/4.0 (compatible; MSIE 7.0; Windows NT 6.2; WOW64; Trident/7.0; .NET4.0E; .NET4.0C; .NET CLR 3.5.30729; .NET CLR 2.0.50727; .NET CLR 3.0.30729)" 
14.148.126.173 - - [26/Feb/2018:23:51:27 -0800] "GET /maccdc2012/ftp.log.gz HTTP/1.1" 200 127651 "-" "Mozilla/4.0 (compatible; MSIE 7.0; Windows NT 6.2; WOW64; Trident/7.0; .NET4.0E; .NET4.0C; .NET CLR 3.5.30729; .NET CLR 2.0.50727; .NET CLR 3.0.30729)" 
14.148.126.173 - - [26/Feb/2018:23:49:24 -0800] "GET /maccdc2012/conn.log.gz HTTP/1.1" 206 964800 "-" "Mozilla/4.0 (compatible; MSIE 7.0; Windows NT 6.2; WOW64; Trident/7.0; .NET4.0E; .NET4.0C; .NET CLR 3.5.30729; .NET CLR 2.0.50727; .NET CLR 3.0.30729)" 
14.148.126.173 - - [26/Feb/2018:23:50:12 -0800] "GET /maccdc2012/files.log.gz HTTP/1.1" 200 496546 "http://www.secrepo.com/" "Mozilla/5.0 (Windows NT 6.1; Win64; x64; rv:58.0) Gecko/20100101 Firefox/58.0" 
14.148.126.173 - - [26/Feb/2018:23:51:13 -0800] "GET /maccdc2012/conn.log.gz HTTP/1.1" 206 561600 "-" "Mozilla/4.0 (compatible; MSIE 7.0; Windows NT 6.2; WOW64; Trident/7.0; .NET4.0E; .NET4.0C; .NET CLR 3.5.30729; .NET CLR 2.0.50727; .NET CLR 3.0.30729)" 
14.148.126.173 - - [26/Feb/2018:23:50:08 -0800] "GET /maccdc2012/dns.log.gz HTTP/1.1" 206 1048935 "-" "Mozilla/4.0 (compatible; MSIE 7.0; Windows NT 6.2; WOW64; Trident/7.0; .NET4.0E; .NET4.0C; .NET CLR 3.5.30729; .NET CLR 2.0.50727; .NET CLR 3.0.30729)" 
14.148.126.173 - - [26/Feb/2018:23:50:49 -0800] "GET /maccdc2012/dns.log.gz HTTP/1.1" 206 1039214 "-" "Mozilla/4.0 (compatible; MSIE 7.0; Windows NT 6.2; WOW64; Trident/7.0; .NET4.0E; .NET4.0C; .NET CLR 3.5.30729; .NET CLR 2.0.50727; .NET CLR 3.0.30729)" 
14.148.126.173 - - [26/Feb/2018:23:51:04 -0800] "GET /maccdc2012/files.log.gz HTTP/1.1" 206 1048939 "-" "Mozilla/4.0 (compatible; MSIE 7.0; Windows NT 6.2; WOW64; Trident/7.0; .NET4.0E; .NET4.0C; .NET CLR 3.5.30729; .NET CLR 2.0.50727; .NET CLR 3.0.30729)" 
66.249.66.82 - - [26/Feb/2018:23:52:23 -0800] "GET / HTTP/1.1" 200 11061 "-" "Mozilla/5.0 (Linux; Android 6.0.1; Nexus 5X Build/MMB29P) AppleWebKit/537.36 (KHTML, like Gecko) Chrome/41.0.2272.96 Mobile Safari/537.36 (compatible; Googlebot/2.1; +http://www.google.com/bot.html)" 
14.148.126.173 - - [26/Feb/2018:23:52:15 -0800] "GET /maccdc2012/dns.log.gz HTTP/1.1" 206 533867 "-" "Mozilla/4.0 (compatible; MSIE 7.0; Windows NT 6.2; WOW64; Trident/7.0; .NET4.0E; .NET4.0C; .NET CLR 3.5.30729; .NET CLR 2.0.50727; .NET CLR 3.0.30729)" 
14.148.126.173 - - [26/Feb/2018:23:52:02 -0800] "GET /maccdc2012/dns.log.gz HTTP/1.1" 206 1590057 "-" "Mozilla/4.0 (compatible; MSIE 7.0; Windows NT 6.2; WOW64; Trident/7.0; .NET4.0E; .NET4.0C; .NET CLR 3.5.30729; .NET CLR 2.0.50727; .NET CLR 3.0.30729)" 
14.148.126.173 - - [26/Feb/2018:23:51:04 -0800] "GET /maccdc2012/files.log.gz HTTP/1.1" 206 1048939 "-" "Mozilla/4.0 (compatible; MSIE 7.0; Windows NT 6.2; WOW64; Trident/7.0; .NET4.0E; .NET4.0C; .NET CLR 3.5.30729; .NET CLR 2.0.50727; .NET CLR 3.0.30729)" 
14.148.126.173 - - [26/Feb/2018:23:49:49 -0800] "GET /maccdc2012/conn.log.gz HTTP/1.1" 206 705600 "-" "Mozilla/4.0 (compatible; MSIE 7.0; Windows NT 6.2; WOW64; Trident/7.0; .NET4.0E; .NET4.0C; .NET CLR 3.5.30729; .NET CLR 2.0.50727; .NET CLR 3.0.30729)" 
14.148.126.173 - - [26/Feb/2018:23:50:07 -0800] "GET /maccdc2012/dns.log.gz HTTP/1.1" 200 1598400 "-" "Mozilla/4.0 (compatible; MSIE 7.0; Windows NT 6.2; WOW64; Trident/7.0; .NET4.0E; .NET4.0C; .NET CLR 3.5.30729; .NET CLR 2.0.50727; .NET CLR 3.0.30729)" 
14.148.126.173 - - [26/Feb/2018:23:52:32 -0800] "GET /maccdc2012/dns.log.gz HTTP/1.1" 206 638283 "-" "Mozilla/4.0 (compatible; MSIE 7.0; Windows NT 6.2; WOW64; Trident/7.0; .NET4.0E; .NET4.0C; .NET CLR 3.5.30729; .NET CLR 2.0.50727; .NET CLR 3.0.30729)" 
89.164.98.251 - - [26/Feb/2018:23:52:53 -0800] "GET / HTTP/1.1" 200 11061 "https://www.google.hr/" "Mozilla/5.0 (X11; Ubuntu; Linux x86_64; rv:58.0) Gecko/20100101 Firefox/58.0" 
89.164.98.251 - - [26/Feb/2018:23:52:53 -0800] "GET /twitter-icon.png HTTP/1.1" 200 27787 "http://www.secrepo.com/" "Mozilla/5.0 (X11; Ubuntu; Linux x86_64; rv:58.0) Gecko/20100101 Firefox/58.0" 
89.164.98.251 - - [26/Feb/2018:23:52:53 -0800] "GET /GitHub-Mark.png HTTP/1.1" 200 7428 "http://www.secrepo.com/" "Mozilla/5.0 (X11; Ubuntu; Linux x86_64; rv:58.0) Gecko/20100101 Firefox/58.0" 
89.164.98.251 - - [26/Feb/2018:23:52:53 -0800] "GET /bootstrap/img/favicon.ico HTTP/1.1" 200 589 "-" "Mozilla/5.0 (X11; Ubuntu; Linux x86_64; rv:58.0) Gecko/20100101 Firefox/58.0" 
14.148.126.173 - - [26/Feb/2018:23:51:46 -0800] "GET /maccdc2012/http.log.gz HTTP/1.1" 206 1048939 "-" "Mozilla/4.0 (compatible; MSIE 7.0; Windows NT 6.2; WOW64; Trident/7.0; .NET4.0E; .NET4.0C; .NET CLR 3.5.30729; .NET CLR 2.0.50727; .NET CLR 3.0.30729)" 
14.148.126.173 - - [26/Feb/2018:23:52:56 -0800] "GET /maccdc2012/dns.log.gz HTTP/1.1" 206 107636 "-" "Mozilla/4.0 (compatible; MSIE 7.0; Windows NT 6.2; WOW64; Trident/7.0; .NET4.0E; .NET4.0C; .NET CLR 3.5.30729; .NET CLR 2.0.50727; .NET CLR 3.0.30729)" 
14.148.126.173 - - [26/Feb/2018:23:52:50 -0800] "GET /maccdc2012/dns.log.gz HTTP/1.1" 206 171360 "-" "Mozilla/4.0 (compatible; MSIE 7.0; Windows NT 6.2; WOW64; Trident/7.0; .NET4.0E; .NET4.0C; .NET CLR 3.5.30729; .NET CLR 2.0.50727; .NET CLR 3.0.30729)" 
14.148.126.173 - - [26/Feb/2018:23:53:16 -0800] "GET / HTTP/1.1" 200 11061 "-" "Mozilla/5.0 (Windows NT 6.1; Win64; x64; rv:58.0) Gecko/20100101 Firefox/58.0" 
14.148.126.173 - - [26/Feb/2018:23:53:16 -0800] "GET /GitHub-Mark.png HTTP/1.1" 200 7428 "http://www.secrepo.com/" "Mozilla/5.0 (Windows NT 6.1; Win64; x64; rv:58.0) Gecko/20100101 Firefox/58.0" 
14.148.126.173 - - [26/Feb/2018:23:53:16 -0800] "GET /twitter-icon.png HTTP/1.1" 200 27787 "http://www.secrepo.com/" "Mozilla/5.0 (Windows NT 6.1; Win64; x64; rv:58.0) Gecko/20100101 Firefox/58.0" 
14.148.126.173 - - [26/Feb/2018:23:52:55 -0800] "GET /maccdc2012/maccdc2012_fast_alert.7z HTTP/1.1" 206 1048929 "-" "Mozilla/4.0 (compatible; MSIE 7.0; Windows NT 6.2; WOW64; Trident/7.0; .NET4.0E; .NET4.0C; .NET CLR 3.5.30729; .NET CLR 2.0.50727; .NET CLR 3.0.30729)" 
14.148.126.173 - - [26/Feb/2018:23:53:05 -0800] "GET /maccdc2012/maccdc2012_full_alert.7z HTTP/1.1" 206 1048933 "-" "Mozilla/4.0 (compatible; MSIE 7.0; Windows NT 6.2; WOW64; Trident/7.0; .NET4.0E; .NET4.0C; .NET CLR 3.5.30729; .NET CLR 2.0.50727; .NET CLR 3.0.30729)" 
14.148.126.173 - - [26/Feb/2018:23:53:05 -0800] "GET /maccdc2012/maccdc2012_full_alert.7z HTTP/1.1" 206 1048933 "-" "Mozilla/4.0 (compatible; MSIE 7.0; Windows NT 6.2; WOW64; Trident/7.0; .NET4.0E; .NET4.0C; .NET CLR 3.5.30729; .NET CLR 2.0.50727; .NET CLR 3.0.30729)" 
106.120.161.68 - - [26/Feb/2018:23:53:56 -0800] "GET /maccdc2012/dns.log.gz HTTP/1.1" 200 58400 "http://www.secrepo.com/maccdc2012/dns.log.gz" "Mozilla/4.0 (compatible; MSIE 8.0; Windows NT 6.1; Trident/4.0; SLCC2; .NET CLR 2.0.50727; .NET CLR 3.5.30729; .NET CLR 3.0.30729; Media Center PC 6.0; Tablet PC 2.0)" 
14.148.126.173 - - [26/Feb/2018:23:52:55 -0800] "GET /maccdc2012/maccdc2012_fast_alert.7z HTTP/1.1" 206 1048929 "-" "Mozilla/4.0 (compatible; MSIE 7.0; Windows NT 6.2; WOW64; Trident/7.0; .NET4.0E; .NET4.0C; .NET CLR 3.5.30729; .NET CLR 2.0.50727; .NET CLR 3.0.30729)" 
101.199.121.223 - - [26/Feb/2018:23:54:02 -0800] "GET / HTTP/1.1" 200 11061 "-" "Mozilla/5.0 (X11; Linux x86_64) AppleWebKit/537.36 (KHTML, like Gecko) HeadlessChrome/63.0.3239.132 Safari/537.36" 
101.199.121.223 - - [26/Feb/2018:23:54:04 -0800] "GET /GitHub-Mark.png HTTP/1.1" 200 7428 "http://www.secrepo.com/" "Mozilla/5.0 (X11; Linux x86_64) AppleWebKit/537.36 (KHTML, like Gecko) HeadlessChrome/63.0.3239.132 Safari/537.36" 
101.199.121.223 - - [26/Feb/2018:23:54:04 -0800] "GET /twitter-icon.png HTTP/1.1" 200 27787 "http://www.secrepo.com/" "Mozilla/5.0 (X11; Linux x86_64) AppleWebKit/537.36 (KHTML, like Gecko) HeadlessChrome/63.0.3239.132 Safari/537.36" 
101.199.112.53 - - [26/Feb/2018:23:54:04 -0800] "GET / HTTP/1.1" 200 11061 "http://www.secrepo.com/" "Mozilla/5.0 (Windows NT 6.1) AppleWebKit/537.36 (KHTML, like Gecko) Chrome/36.0.1985.125 Safari/537.36" 
106.120.162.111 - - [26/Feb/2018:23:54:10 -0800] "GET / HTTP/1.1" 200 11061 "-" "Mozilla/5.0 (Windows NT 6.1; WOW64) AppleWebKit/537.36 (KHTML, like Gecko) Chrome/50.0.2661.102 Safari/537.36" 
106.120.162.111 - - [26/Feb/2018:23:54:10 -0800] "GET /twitter-icon.png HTTP/1.1" 200 27787 "http://www.secrepo.com/" "Mozilla/5.0 (Windows NT 6.1; WOW64) AppleWebKit/537.36 (KHTML, like Gecko) Chrome/50.0.2661.102 Safari/537.36" 
106.120.162.111 - - [26/Feb/2018:23:54:10 -0800] "GET /GitHub-Mark.png HTTP/1.1" 200 7428 "http://www.secrepo.com/" "Mozilla/5.0 (Windows NT 6.1; WOW64) AppleWebKit/537.36 (KHTML, like Gecko) Chrome/50.0.2661.102 Safari/537.36" 
14.18.249.35 - - [26/Feb/2018:23:54:37 -0800] "GET / HTTP/1.1" 200 11061 "-" "Mozilla/5.0 (Windows NT 6.1; Win64; x64) AppleWebKit/537.36 (KHTML, like Gecko) Chrome/60.0.3112.90 Safari/537.36" 
14.18.249.35 - - [26/Feb/2018:23:54:38 -0800] "GET /twitter-icon.png HTTP/1.1" 200 27787 "http://www.secrepo.com/" "Mozilla/5.0 (Windows NT 6.1; Win64; x64) AppleWebKit/537.36 (KHTML, like Gecko) Chrome/60.0.3112.90 Safari/537.36" 
14.18.249.35 - - [26/Feb/2018:23:54:38 -0800] "GET /GitHub-Mark.png HTTP/1.1" 200 7428 "http://www.secrepo.com/" "Mozilla/5.0 (Windows NT 6.1; Win64; x64) AppleWebKit/537.36 (KHTML, like Gecko) Chrome/60.0.3112.90 Safari/537.36" 
14.18.249.35 - - [26/Feb/2018:23:50:44 -0800] "GET /maccdc2012/http.log.gz HTTP/1.1" 200 54258816 "-" "Mozilla/5.0 (Windows NT 6.1; Win64; x64) AppleWebKit/537.36 (KHTML, like Gecko) Chrome/60.0.3112.90 Safari/537.36" 
