207.46.13.156 - - [17/Jan/2018:07:55:44 -0800] "GET /self.logs/access.log.2015-12-26.gz HTTP/1.1" 404 339 "-" "Mozilla/5.0 (compatible; bingbot/2.0; +http://www.bing.com/bingbot.htm)" 
207.46.13.140 - - [17/Jan/2018:07:55:49 -0800] "GET /self.logs/access.log.2017-04-10.gz HTTP/1.1" 200 49995 "-" "Mozilla/5.0 (compatible; bingbot/2.0; +http://www.bing.com/bingbot.htm)" 
207.46.13.140 - - [17/Jan/2018:07:56:03 -0800] "GET /self.logs/access.log.2017-01-24.gz HTTP/1.1" 200 17090 "-" "Mozilla/5.0 (compatible; bingbot/2.0; +http://www.bing.com/bingbot.htm)" 
40.77.167.172 - - [17/Jan/2018:07:56:25 -0800] "GET /self.logs/error.log.2015-10-29.gz HTTP/1.1" 404 340 "-" "Mozilla/5.0 (compatible; bingbot/2.0; +http://www.bing.com/bingbot.htm)" 
80.12.110.202 - - [17/Jan/2018:07:56:43 -0800] "GET / HTTP/1.1" 200 11061 "https://www.google.fr/" "Mozilla/5.0 (Windows NT 6.1; Win64; x64) AppleWebKit/537.36 (KHTML, like Gecko) Chrome/63.0.3239.132 Safari/537.36" 
80.12.110.202 - - [17/Jan/2018:07:56:43 -0800] "GET /twitter-icon.png HTTP/1.1" 200 27787 "http://www.secrepo.com/" "Mozilla/5.0 (Windows NT 6.1; Win64; x64) AppleWebKit/537.36 (KHTML, like Gecko) Chrome/63.0.3239.132 Safari/537.36" 
80.12.110.202 - - [17/Jan/2018:07:56:44 -0800] "GET /GitHub-Mark.png HTTP/1.1" 200 7428 "http://www.secrepo.com/" "Mozilla/5.0 (Windows NT 6.1; Win64; x64) AppleWebKit/537.36 (KHTML, like Gecko) Chrome/63.0.3239.132 Safari/537.36" 
193.146.109.24 - - [17/Jan/2018:07:56:47 -0800] "GET /honeypot/BSidesDFW%20-%202014.ipynb HTTP/1.1" 200 930836 "http://www.secrepo.com/" "Mozilla/5.0 (X11; Linux x86_64; rv:52.0) Gecko/20100101 Firefox/52.0" 
193.146.109.24 - - [17/Jan/2018:07:56:48 -0800] "GET /favicon.ico HTTP/1.1" 200 267 "-" "Mozilla/5.0 (X11; Linux x86_64; rv:52.0) Gecko/20100101 Firefox/52.0" 
193.146.109.24 - - [17/Jan/2018:07:56:50 -0800] "GET /honeypot/honeypot.json.zip HTTP/1.1" 200 16003060 "http://www.secrepo.com/" "Mozilla/5.0 (X11; Linux x86_64; rv:52.0) Gecko/20100101 Firefox/52.0" 
23.253.92.35 - - [17/Jan/2018:07:56:55 -0800] "GET /robots.txt HTTP/1.1" 301 446 "-" "Tornado-Async-Client" 
23.253.92.35 - - [17/Jan/2018:07:56:55 -0800] "GET /robots.txt HTTP/1.1" 200 304 "-" "Tornado-Async-Client" 
23.253.92.35 - - [17/Jan/2018:07:56:55 -0800] "GET /honeypot/BSidesDFW%20-%202014.ipynb HTTP/1.1" 301 484 "-" "Tornado-Async-Client" 
23.253.92.35 - - [17/Jan/2018:07:56:55 -0800] "GET /honeypot/BSidesDFW%20-%202014.ipynb HTTP/1.1" 200 930780 "-" "Tornado-Async-Client" 
40.77.167.172 - - [17/Jan/2018:07:58:57 -0800] "GET /self.logs/error.log.2016-05-11.gz HTTP/1.1" 404 340 "-" "Mozilla/5.0 (compatible; bingbot/2.0; +http://www.bing.com/bingbot.htm)" 
40.77.167.32 - - [17/Jan/2018:07:59:56 -0800] "GET /self.logs/access.log.2017-04-01.gz HTTP/1.1" 200 12040 "-" "Mozilla/5.0 (compatible; bingbot/2.0; +http://www.bing.com/bingbot.htm)" 
40.77.167.32 - - [17/Jan/2018:08:01:56 -0800] "GET /self.logs/error.log.2015-12-16.gz HTTP/1.1" 404 340 "-" "Mozilla/5.0 (compatible; bingbot/2.0; +http://www.bing.com/bingbot.htm)" 
80.62.174.194 - - [17/Jan/2018:08:03:10 -0800] "GET /pe_static/apt1.zip HTTP/1.1" 200 1983328 "http://www.secrepo.com/" "Mozilla/5.0 (Windows NT 10.0; Win64; x64; rv:57.0) Gecko/20100101 Firefox/57.0" 
80.62.174.194 - - [17/Jan/2018:08:03:16 -0800] "GET /pe_static/op-cleaver.zip HTTP/1.1" 200 710065 "http://www.secrepo.com/" "Mozilla/5.0 (Windows NT 10.0; Win64; x64; rv:57.0) Gecko/20100101 Firefox/57.0" 
65.49.2.181 - - [17/Jan/2018:08:04:37 -0800] "GET /robots.txt HTTP/1.1" 200 304 "-" "Mozilla/5.0 (compatible; Go-http-client/1.1; +centurybot9@gmail.com)" 
65.49.2.181 - - [17/Jan/2018:08:05:40 -0800] "GET / HTTP/1.1" 200 11005 "-" "Mozilla/5.0 (compatible; Go-http-client/1.1; +centurybot9@gmail.com)" 
207.46.13.156 - - [17/Jan/2018:08:06:13 -0800] "GET /self.logs/access.log.2017-01-08.gz HTTP/1.1" 200 14919 "-" "Mozilla/5.0 (compatible; bingbot/2.0; +http://www.bing.com/bingbot.htm)" 
120.221.0.34 - - [17/Jan/2018:08:06:27 -0800] "GET /honeypot/Honeypot%20-%20Howto.pdf HTTP/1.1" 304 131 "-" "Mozilla/5.0 Gecko/20100115 Firefox/3.6" 
223.190.37.166 - - [17/Jan/2018:08:06:30 -0800] "GET / HTTP/1.1" 200 11061 "http://www.secrepo.com/" "Mozilla/5.0 (Windows NT 10.0; Win64; x64) AppleWebKit/537.36 (KHTML, like Gecko) Chrome/63.0.3239.132 Safari/537.36" 
40.77.167.32 - - [17/Jan/2018:08:06:36 -0800] "GET /self.logs/error.log.2017-03-25.gz HTTP/1.1" 200 983 "-" "Mozilla/5.0 (compatible; bingbot/2.0; +http://www.bing.com/bingbot.htm)" 
207.46.13.140 - - [17/Jan/2018:08:07:01 -0800] "GET /self.logs/error.log.2017-03-29.gz HTTP/1.1" 200 767 "-" "Mozilla/5.0 (compatible; bingbot/2.0; +http://www.bing.com/bingbot.htm)" 
80.62.174.194 - - [17/Jan/2018:08:07:21 -0800] "GET /tg/a.zip HTTP/1.1" 200 66189337 "http://www.secrepo.com/" "Mozilla/5.0 (Windows NT 10.0; Win64; x64; rv:57.0) Gecko/20100101 Firefox/57.0" 
207.46.13.156 - - [17/Jan/2018:08:09:57 -0800] "GET /self.logs/error.log.2016-08-22.gz HTTP/1.1" 404 340 "-" "Mozilla/5.0 (compatible; bingbot/2.0; +http://www.bing.com/bingbot.htm)" 
207.46.13.156 - - [17/Jan/2018:08:09:57 -0800] "GET /self.logs/error.log.2016-05-07.gz HTTP/1.1" 404 339 "-" "Mozilla/5.0 (compatible; bingbot/2.0; +http://www.bing.com/bingbot.htm)" 
207.46.13.156 - - [17/Jan/2018:08:09:56 -0800] "GET /squid/access.log.gz HTTP/1.1" 200 10841622 "-" "Mozilla/5.0 (compatible; bingbot/2.0; +http://www.bing.com/bingbot.htm)" 
8.46.40.253 - - [17/Jan/2018:08:10:25 -0800] "GET /GitHub-Mark.png HTTP/1.1" 200 7428 "-" "Mozilla/5.0 (Macintosh; Intel Mac OS X 10_12_6) AppleWebKit/537.36 (KHTML, like Gecko) Chrome/63.0.3239.84 Safari/537.36" 
8.46.40.253 - - [17/Jan/2018:08:10:25 -0800] "GET /twitter-icon.png HTTP/1.1" 200 27788 "-" "Mozilla/5.0 (Macintosh; Intel Mac OS X 10_12_6) AppleWebKit/537.36 (KHTML, like Gecko) Chrome/63.0.3239.84 Safari/537.36" 
120.221.1.28 - - [17/Jan/2018:08:13:24 -0800] "GET /maccdc2012/files.log.gz HTTP/1.1" 304 155 "-" "Mozilla/5.0 Gecko/20100115 Firefox/3.6" 
207.46.13.156 - - [17/Jan/2018:08:13:37 -0800] "GET /self.logs/error.log.2015-11-08.gz HTTP/1.1" 404 340 "-" "Mozilla/5.0 (compatible; bingbot/2.0; +http://www.bing.com/bingbot.htm)" 
40.77.167.172 - - [17/Jan/2018:08:13:53 -0800] "GET /self.logs/error.log.2016-05-30.gz HTTP/1.1" 404 340 "-" "Mozilla/5.0 (compatible; bingbot/2.0; +http://www.bing.com/bingbot.htm)" 
80.62.174.194 - - [17/Jan/2018:08:14:04 -0800] "GET /maccdc2012/files.log.gz HTTP/1.1" 200 412362 "http://www.secrepo.com/" "Mozilla/5.0 (Windows NT 10.0; Win64; x64; rv:57.0) Gecko/20100101 Firefox/57.0" 
80.62.174.194 - - [17/Jan/2018:08:14:07 -0800] "GET /maccdc2012/notice.log.gz HTTP/1.1" 200 20779 "http://www.secrepo.com/" "Mozilla/5.0 (Windows NT 10.0; Win64; x64; rv:57.0) Gecko/20100101 Firefox/57.0" 
80.62.174.194 - - [17/Jan/2018:08:14:13 -0800] "GET /maccdc2012/signatures.log.gz HTTP/1.1" 200 605 "http://www.secrepo.com/" "Mozilla/5.0 (Windows NT 10.0; Win64; x64; rv:57.0) Gecko/20100101 Firefox/57.0" 
207.46.13.156 - - [17/Jan/2018:08:15:57 -0800] "GET /self.logs/error.log.2016-01-25.gz HTTP/1.1" 404 340 "-" "Mozilla/5.0 (compatible; bingbot/2.0; +http://www.bing.com/bingbot.htm)" 
80.62.174.194 - - [17/Jan/2018:08:16:50 -0800] "GET /misc/zeus_dga_domains.txt.zip HTTP/1.1" 200 594360 "http://www.secrepo.com/" "Mozilla/5.0 (Windows NT 10.0; Win64; x64; rv:57.0) Gecko/20100101 Firefox/57.0" 
123.125.67.159 - - [17/Jan/2018:08:17:25 -0800] "GET /robots.txt HTTP/1.1" 200 297 "-" "Mozilla/5.0 (Windows NT 10.0; WOW64) AppleWebKit/537.36 (KHTML, like Gecko) Chrome/45.0.2454.93 Safari/537.36" 
209.15.209.89 - - [17/Jan/2018:08:17:37 -0800] "HEAD / HTTP/1.1" 200 239 "-" "-" 
77.189.19.20 - - [17/Jan/2018:08:17:37 -0800] "GET / HTTP/1.1" 200 11061 "https://www.researchgate.net/" "Mozilla/5.0 (X11; Fedora; Linux x86_64; rv:57.0) Gecko/20100101 Firefox/57.0" 
77.189.19.20 - - [17/Jan/2018:08:17:38 -0800] "GET /GitHub-Mark.png HTTP/1.1" 200 7427 "http://www.secrepo.com/" "Mozilla/5.0 (X11; Fedora; Linux x86_64; rv:57.0) Gecko/20100101 Firefox/57.0" 
77.189.19.20 - - [17/Jan/2018:08:17:38 -0800] "GET /bootstrap/img/favicon.ico HTTP/1.1" 200 589 "-" "Mozilla/5.0 (X11; Fedora; Linux x86_64; rv:57.0) Gecko/20100101 Firefox/57.0" 
220.181.108.146 - - [17/Jan/2018:08:18:46 -0800] "GET / HTTP/1.1" 200 11024 "-" "Mozilla/5.0 (compatible; Baiduspider/2.0; +http://www.baidu.com/search/spider.html)" 
65.49.2.181 - - [17/Jan/2018:08:18:50 -0800] "GET /honeypot/BSidesDFW%20-%202014.ipynb HTTP/1.1" 200 930780 "-" "Mozilla/5.0 (compatible; Go-http-client/1.1; +centurybot9@gmail.com)" 
190.80.60.115 - - [17/Jan/2018:08:18:53 -0800] "GET /wp-login.php HTTP/1.1" 404 295 "-" "Mozilla/5.0 (Windows NT 6.1; WOW64; rv:40.0) Gecko/20100101 Firefox/40.1" 
190.80.60.115 - - [17/Jan/2018:08:18:58 -0800] "GET /wp-login.php HTTP/1.1" 404 295 "-" "Mozilla/5.0 (Windows NT 6.1; WOW64; rv:40.0) Gecko/20100101 Firefox/40.1" 
190.80.60.115 - - [17/Jan/2018:08:19:04 -0800] "GET / HTTP/1.1" 200 37415 "-" "Mozilla/5.0 (Windows NT 6.1; WOW64; rv:40.0) Gecko/20100101 Firefox/40.1" 
54.36.149.34 - - [17/Jan/2018:08:19:50 -0800] "GET /self.logs/2016/access.log.2016-02-15.gz HTTP/1.1" 200 8165 "-" "Mozilla/5.0 (compatible; AhrefsBot/5.2; +http://ahrefs.com/robot/)" 
190.80.60.115 - - [17/Jan/2018:08:21:05 -0800] "GET /wp-login.php HTTP/1.1" 301 522 "-" "Mozilla/5.0 (Windows NT 6.1; WOW64; rv:40.0) Gecko/20100101 Firefox/40.1" 
190.80.60.115 - - [17/Jan/2018:08:21:05 -0800] "GET /wp-login.php HTTP/1.1" 404 295 "-" "Mozilla/5.0 (Windows NT 6.1; WOW64; rv:40.0) Gecko/20100101 Firefox/40.1" 
190.80.60.115 - - [17/Jan/2018:08:21:10 -0800] "GET /wp-login.php HTTP/1.1" 301 522 "-" "Mozilla/5.0 (Windows NT 6.1; WOW64; rv:40.0) Gecko/20100101 Firefox/40.1" 
190.80.60.115 - - [17/Jan/2018:08:21:11 -0800] "GET /wp-login.php HTTP/1.1" 404 295 "-" "Mozilla/5.0 (Windows NT 6.1; WOW64; rv:40.0) Gecko/20100101 Firefox/40.1" 
190.80.60.115 - - [17/Jan/2018:08:21:16 -0800] "GET / HTTP/1.1" 301 498 "-" "Mozilla/5.0 (Windows NT 6.1; WOW64; rv:40.0) Gecko/20100101 Firefox/40.1" 
190.80.60.115 - - [17/Jan/2018:08:21:16 -0800] "GET / HTTP/1.1" 200 37415 "-" "Mozilla/5.0 (Windows NT 6.1; WOW64; rv:40.0) Gecko/20100101 Firefox/40.1" 
77.189.19.20 - - [17/Jan/2018:08:21:53 -0800] "GET /maccdc2012/dhcp.log.gz HTTP/1.1" 200 45019 "http://www.secrepo.com/" "Mozilla/5.0 (X11; Fedora; Linux x86_64; rv:57.0) Gecko/20100101 Firefox/57.0" 
77.189.19.20 - - [17/Jan/2018:08:21:53 -0800] "GET /favicon.ico HTTP/1.1" 200 267 "-" "Mozilla/5.0 (X11; Fedora; Linux x86_64; rv:57.0) Gecko/20100101 Firefox/57.0" 
77.189.19.20 - - [17/Jan/2018:08:21:58 -0800] "GET /maccdc2012/dhcp.log.gz HTTP/1.1" 200 45019 "http://www.secrepo.com/" "Mozilla/5.0 (X11; Fedora; Linux x86_64; rv:57.0) Gecko/20100101 Firefox/57.0" 
207.46.13.140 - - [17/Jan/2018:08:22:10 -0800] "GET /self.logs/error.log.2015-11-30.gz HTTP/1.1" 404 340 "-" "Mozilla/5.0 (compatible; bingbot/2.0; +http://www.bing.com/bingbot.htm)" 
80.62.174.194 - - [17/Jan/2018:08:23:03 -0800] "GET /domaindata/domainmovement.zip HTTP/1.1" 200 395760 "http://www.secrepo.com/" "Mozilla/5.0 (Windows NT 10.0; Win64; x64; rv:57.0) Gecko/20100101 Firefox/57.0" 
77.189.19.20 - - [17/Jan/2018:08:24:27 -0800] "GET /maccdc2012/dns.log.gz HTTP/1.1" 200 6002297 "http://www.secrepo.com/" "Mozilla/5.0 (X11; Fedora; Linux x86_64; rv:57.0) Gecko/20100101 Firefox/57.0" 
77.189.19.20 - - [17/Jan/2018:08:24:30 -0800] "GET /maccdc2012/dhcp.log.gz HTTP/1.1" 200 45019 "http://www.secrepo.com/" "Mozilla/5.0 (X11; Fedora; Linux x86_64; rv:57.0) Gecko/20100101 Firefox/57.0" 
77.189.19.20 - - [17/Jan/2018:08:24:43 -0800] "GET /maccdc2012/dns.log.gz HTTP/1.1" 200 6629420 "http://www.secrepo.com/" "Mozilla/5.0 (X11; Fedora; Linux x86_64; rv:57.0) Gecko/20100101 Firefox/57.0" 
207.46.13.205 - - [17/Jan/2018:08:24:53 -0800] "GET /robots.txt HTTP/1.1" 200 334 "-" "Mozilla/5.0 (compatible; bingbot/2.0; +http://www.bing.com/bingbot.htm)" 
207.46.13.140 - - [17/Jan/2018:08:24:54 -0800] "GET /self.logs/access.log.2017-04-17.gz HTTP/1.1" 200 20203 "-" "Mozilla/5.0 (compatible; bingbot/2.0; +http://www.bing.com/bingbot.htm)" 
178.152.122.101 - - [17/Jan/2018:08:25:32 -0800] "GET /wp-login.php HTTP/1.1" 404 295 "-" "Mozilla/5.0 (Windows NT 6.1; WOW64; rv:40.0) Gecko/20100101 Firefox/40.1" 
178.152.122.101 - - [17/Jan/2018:08:25:38 -0800] "GET /wp-login.php HTTP/1.1" 404 295 "-" "Mozilla/5.0 (Windows NT 6.1; WOW64; rv:40.0) Gecko/20100101 Firefox/40.1" 
178.152.122.101 - - [17/Jan/2018:08:25:44 -0800] "GET / HTTP/1.1" 200 37415 "-" "Mozilla/5.0 (Windows NT 6.1; WOW64; rv:40.0) Gecko/20100101 Firefox/40.1" 
54.36.148.191 - - [17/Jan/2018:08:28:19 -0800] "GET /self.logs/2016/error.log.2016-02-26.gz HTTP/1.1" 200 840 "-" "Mozilla/5.0 (compatible; AhrefsBot/5.2; +http://ahrefs.com/robot/)" 
40.77.167.172 - - [17/Jan/2018:08:29:57 -0800] "GET /self.logs/error.log.2017-01-07.gz HTTP/1.1" 200 847 "-" "Mozilla/5.0 (compatible; bingbot/2.0; +http://www.bing.com/bingbot.htm)" 
80.62.174.194 - - [17/Jan/2018:08:32:31 -0800] "GET /self.logs/ HTTP/1.1" 200 7807 "http://www.secrepo.com/" "Mozilla/5.0 (Windows NT 10.0; Win64; x64; rv:57.0) Gecko/20100101 Firefox/57.0" 
80.62.174.194 - - [17/Jan/2018:08:32:33 -0800] "GET /self.logs/access.log.2017-01-13.gz HTTP/1.1" 200 16675 "http://www.secrepo.com/self.logs/" "Mozilla/5.0 (Windows NT 10.0; Win64; x64; rv:57.0) Gecko/20100101 Firefox/57.0" 
40.77.167.172 - - [17/Jan/2018:08:32:52 -0800] "GET /self.logs/access.log.2016-05-12.gz HTTP/1.1" 404 340 "-" "Mozilla/5.0 (compatible; bingbot/2.0; +http://www.bing.com/bingbot.htm)" 
80.62.174.194 - - [17/Jan/2018:08:32:59 -0800] "GET /squid/access.log.gz HTTP/1.1" 200 17043050 "http://www.secrepo.com/" "Mozilla/5.0 (Windows NT 10.0; Win64; x64; rv:57.0) Gecko/20100101 Firefox/57.0" 
207.46.13.140 - - [17/Jan/2018:08:33:10 -0800] "GET /self.logs/access.log.2015-08-07.gz HTTP/1.1" 404 340 "-" "Mozilla/5.0 (compatible; bingbot/2.0; +http://www.bing.com/bingbot.htm)" 
207.46.13.156 - - [17/Jan/2018:08:33:39 -0800] "GET /self.logs/error.log.2016-06-24.gz HTTP/1.1" 404 340 "-" "Mozilla/5.0 (compatible; bingbot/2.0; +http://www.bing.com/bingbot.htm)" 
54.36.148.185 - - [17/Jan/2018:08:34:38 -0800] "GET /self.logs/error.log.2017-10-11.gz HTTP/1.1" 200 2064 "-" "Mozilla/5.0 (compatible; AhrefsBot/5.2; +http://ahrefs.com/robot/)" 
207.46.13.140 - - [17/Jan/2018:08:34:53 -0800] "GET /self.logs/access.log.2016-11-16.gz HTTP/1.1" 404 340 "-" "Mozilla/5.0 (compatible; bingbot/2.0; +http://www.bing.com/bingbot.htm)" 
207.46.13.140 - - [17/Jan/2018:08:34:53 -0800] "GET /self.logs/access.log.2015-09-30.gz HTTP/1.1" 404 339 "-" "Mozilla/5.0 (compatible; bingbot/2.0; +http://www.bing.com/bingbot.htm)" 
207.46.13.140 - - [17/Jan/2018:08:34:53 -0800] "GET /self.logs/error.log.2015-11-11.gz HTTP/1.1" 404 339 "-" "Mozilla/5.0 (compatible; bingbot/2.0; +http://www.bing.com/bingbot.htm)" 
54.36.148.138 - - [17/Jan/2018:08:35:54 -0800] "GET /self.logs/error.log.2016-06-27.gz HTTP/1.1" 404 284 "-" "Mozilla/5.0 (compatible; AhrefsBot/5.2; +http://ahrefs.com/robot/)" 
207.46.13.156 - - [17/Jan/2018:08:36:02 -0800] "GET /self.logs/access.log.2017-01-20.gz HTTP/1.1" 200 12981 "-" "Mozilla/5.0 (compatible; bingbot/2.0; +http://www.bing.com/bingbot.htm)" 
207.46.13.140 - - [17/Jan/2018:08:36:22 -0800] "GET /self.logs/access.log.2016-08-10.gz HTTP/1.1" 404 340 "-" "Mozilla/5.0 (compatible; bingbot/2.0; +http://www.bing.com/bingbot.htm)" 
46.39.163.18 - - [17/Jan/2018:08:36:22 -0800] "GET / HTTP/1.1" 200 11061 "-" "Mozilla/5.0 (Macintosh; Intel Mac OS X 10_13_2) AppleWebKit/604.4.7 (KHTML, like Gecko)" 
46.39.163.18 - - [17/Jan/2018:08:36:22 -0800] "GET /apple-touch-icon-precomposed.png HTTP/1.1" 404 340 "-" "Safari/13604.4.7.1.3 CFNetwork/893.13.1 Darwin/17.3.0 (x86_64)" 
46.39.163.18 - - [17/Jan/2018:08:36:22 -0800] "GET /apple-touch-icon.png HTTP/1.1" 404 339 "-" "Safari/13604.4.7.1.3 CFNetwork/893.13.1 Darwin/17.3.0 (x86_64)" 
46.39.163.18 - - [17/Jan/2018:08:36:22 -0800] "GET /bootstrap/img/favicon.ico HTTP/1.1" 200 589 "-" "Safari/13604.4.7.1.3 CFNetwork/893.13.1 Darwin/17.3.0 (x86_64)" 
46.39.163.18 - - [17/Jan/2018:08:36:22 -0800] "GET / HTTP/1.1" 200 11060 "-" "\"Mozilla/5.0 (iPhone; CPU iPhone OS 11_0 like Mac OS X) AppleWebKit/604.1.38 (KHTML, like Gecko) Version/11.0 Mobile/15A372 Safari/604.1\"" 
46.39.163.18 - - [17/Jan/2018:08:36:23 -0800] "GET /apple-touch-icon-precomposed.png HTTP/1.1" 404 339 "-" "Safari/13604.4.7.1.3 CFNetwork/893.13.1 Darwin/17.3.0 (x86_64)" 
46.39.163.18 - - [17/Jan/2018:08:36:23 -0800] "GET /apple-touch-icon.png HTTP/1.1" 404 339 "-" "Safari/13604.4.7.1.3 CFNetwork/893.13.1 Darwin/17.3.0 (x86_64)" 
46.39.163.18 - - [17/Jan/2018:08:36:23 -0800] "GET /bootstrap/img/favicon.ico HTTP/1.1" 200 589 "-" "Safari/13604.4.7.1.3 CFNetwork/893.13.1 Darwin/17.3.0 (x86_64)" 
180.76.98.119 - - [17/Jan/2018:08:37:34 -0800] "GET /install.php?finish=1 HTTP/1.1" 404 340 "http://www.secrepo.com/install.php" "Mozilla/5.0 (Macintosh; U; Intel Mac OS X 10_6_8; en-us) AppleWebKit/534.50 (KHTML, like Gecko) Version/5.1 Safari/534.50" 
180.76.98.119 - - [17/Jan/2018:08:37:35 -0800] "POST /da.php HTTP/1.1" 404 340 "http://www.secrepo.com/install.php" "Mozilla/5.0 (Macintosh; U; Intel Mac OS X 10_6_8; en-us) AppleWebKit/534.50 (KHTML, like Gecko) Version/5.1 Safari/534.50" 
54.36.148.139 - - [17/Jan/2018:08:39:30 -0800] "GET /self.logs/2015/error.log.2015-02-08.gz HTTP/1.1" 200 1048 "-" "Mozilla/5.0 (compatible; AhrefsBot/5.2; +http://ahrefs.com/robot/)" 
40.77.167.172 - - [17/Jan/2018:08:40:01 -0800] "GET /self.logs/error.log.2017-04-12.gz HTTP/1.1" 200 932 "-" "Mozilla/5.0 (compatible; bingbot/2.0; +http://www.bing.com/bingbot.htm)" 
80.62.174.194 - - [17/Jan/2018:08:41:45 -0800] "GET /pe_static/zeus.zip HTTP/1.1" 200 51367111 "http://www.secrepo.com/" "Mozilla/5.0 (Windows NT 10.0; Win64; x64; rv:57.0) Gecko/20100101 Firefox/57.0" 
88.99.197.83 - - [17/Jan/2018:08:41:53 -0800] "GET /robots.txt HTTP/1.1" 200 297 "-" "Mozilla/5.0 (X11; U; Linux i686; de-DE; rv:1.7.5) Gecko/20041108 Firefox/1.0" 
88.99.197.83 - - [17/Jan/2018:08:41:54 -0800] "GET / HTTP/1.1" 200 11024 "-" "Mozilla/5.0 (X11; U; Linux i686; de-DE; rv:1.7.5) Gecko/20041108 Firefox/1.0" 
54.36.149.89 - - [17/Jan/2018:08:42:28 -0800] "GET /self.logs/2015/error.log.2015-12-17.gz HTTP/1.1" 200 716 "-" "Mozilla/5.0 (compatible; AhrefsBot/5.2; +http://ahrefs.com/robot/)" 
40.77.167.32 - - [17/Jan/2018:08:42:36 -0800] "GET /self.logs/access.log.2015-03-23.gz HTTP/1.1" 404 340 "-" "Mozilla/5.0 (compatible; bingbot/2.0; +http://www.bing.com/bingbot.htm)" 
102.181.194.40 - - [17/Jan/2018:08:43:13 -0800] "GET /tg/tg_snort_fast.7z HTTP/1.1" 304 131 "-" "Mozilla/5.0 Gecko/20100115 Firefox/3.6" 
54.36.149.98 - - [17/Jan/2018:08:43:23 -0800] "GET /self.logs/error.log.2015-12-27.gz HTTP/1.1" 404 284 "-" "Mozilla/5.0 (compatible; AhrefsBot/5.2; +http://ahrefs.com/robot/)" 
207.46.13.156 - - [17/Jan/2018:08:45:07 -0800] "GET /self.logs/error.log.2015-04-15.gz HTTP/1.1" 404 340 "-" "Mozilla/5.0 (compatible; bingbot/2.0; +http://www.bing.com/bingbot.htm)" 
207.46.13.156 - - [17/Jan/2018:08:48:22 -0800] "GET /self.logs/access.log.2017-03-01.gz HTTP/1.1" 301 545 "-" "Mozilla/5.0 (compatible; bingbot/2.0; +http://www.bing.com/bingbot.htm)" 
207.46.13.140 - - [17/Jan/2018:08:49:08 -0800] "GET /self.logs/error.log.2015-03-19.gz HTTP/1.1" 404 340 "-" "Mozilla/5.0 (compatible; bingbot/2.0; +http://www.bing.com/bingbot.htm)" 
40.77.167.32 - - [17/Jan/2018:08:49:32 -0800] "GET /self.logs/error.log.2016-06-25.gz HTTP/1.1" 404 340 "-" "Mozilla/5.0 (compatible; bingbot/2.0; +http://www.bing.com/bingbot.htm)" 
188.165.2.183 - - [17/Jan/2018:08:52:10 -0800] "GET / HTTP/1.1" 301 483 "https://google.com/" "Mozilla/5.0 (X11; Ubuntu; Linux x86_64; rv:26.0) Gecko/20100101 Firefox/26.0" 
188.165.2.183 - - [17/Jan/2018:08:52:11 -0800] "GET / HTTP/1.1" 200 11061 "https://google.com/" "Mozilla/5.0 (X11; Ubuntu; Linux x86_64; rv:26.0) Gecko/20100101 Firefox/26.0" 
207.46.13.140 - - [17/Jan/2018:08:54:23 -0800] "GET /self.logs/access.log.2017-01-02.gz HTTP/1.1" 200 26823 "-" "Mozilla/5.0 (compatible; bingbot/2.0; +http://www.bing.com/bingbot.htm)" 
40.77.167.172 - - [17/Jan/2018:08:56:40 -0800] "GET /self.logs/access.log.2015-02-22.gz HTTP/1.1" 404 340 "-" "Mozilla/5.0 (compatible; bingbot/2.0; +http://www.bing.com/bingbot.htm)" 
162.242.144.71 - - [17/Jan/2018:08:58:23 -0800] "GET /robots.txt HTTP/1.1" 301 446 "-" "Tornado-Async-Client" 
162.242.144.71 - - [17/Jan/2018:08:58:24 -0800] "GET /robots.txt HTTP/1.1" 304 130 "-" "Tornado-Async-Client" 
162.242.144.71 - - [17/Jan/2018:08:58:24 -0800] "GET /honeypot/BSidesDFW%20-%202014.ipynb HTTP/1.1" 301 484 "-" "Tornado-Async-Client" 
162.242.144.71 - - [17/Jan/2018:08:58:24 -0800] "GET /honeypot/BSidesDFW%20-%202014.ipynb HTTP/1.1" 200 930780 "-" "Tornado-Async-Client" 
52.168.161.70 - - [17/Jan/2018:08:58:50 -0800] "HEAD / HTTP/1.1" 301 253 "https://www.google.com/" "Mozilla/5.0 (compatible; epicbot; +http://www.epictions.com/epicbot)" 
52.168.161.70 - - [17/Jan/2018:08:58:52 -0800] "HEAD / HTTP/1.1" 301 253 "https://www.google.com/" "Mozilla/5.0 (compatible; epicbot; +http://www.epictions.com/epicbot)" 
52.168.161.70 - - [17/Jan/2018:08:58:52 -0800] "HEAD / HTTP/1.1" 301 253 "https://www.google.com/" "Mozilla/5.0 (compatible; epicbot; +http://www.epictions.com/epicbot)" 
207.46.13.140 - - [17/Jan/2018:08:59:03 -0800] "GET /self.logs/access.log.2015-06-15.gz HTTP/1.1" 404 340 "-" "Mozilla/5.0 (compatible; bingbot/2.0; +http://www.bing.com/bingbot.htm)" 
40.77.167.32 - - [17/Jan/2018:08:59:07 -0800] "GET /self.logs/access.log.2016-08-06.gz HTTP/1.1" 404 340 "-" "Mozilla/5.0 (compatible; bingbot/2.0; +http://www.bing.com/bingbot.htm)" 
40.77.167.32 - - [17/Jan/2018:08:59:07 -0800] "GET /self.logs/error.log.2017-02-12.gz HTTP/1.1" 200 1159 "-" "Mozilla/5.0 (compatible; bingbot/2.0; +http://www.bing.com/bingbot.htm)" 
72.35.208.24 - - [17/Jan/2018:08:59:26 -0800] "GET / HTTP/1.1" 200 11061 "https://www.researchgate.net/" "Mozilla/5.0 (Windows NT 10.0; Win64; x64) AppleWebKit/537.36 (KHTML, like Gecko) Chrome/63.0.3239.132 Safari/537.36" 
72.35.208.24 - - [17/Jan/2018:08:59:28 -0800] "GET /twitter-icon.png HTTP/1.1" 200 27787 "http://www.secrepo.com/" "Mozilla/5.0 (Windows NT 10.0; Win64; x64) AppleWebKit/537.36 (KHTML, like Gecko) Chrome/63.0.3239.132 Safari/537.36" 
72.35.208.24 - - [17/Jan/2018:08:59:28 -0800] "GET /GitHub-Mark.png HTTP/1.1" 200 7428 "http://www.secrepo.com/" "Mozilla/5.0 (Windows NT 10.0; Win64; x64) AppleWebKit/537.36 (KHTML, like Gecko) Chrome/63.0.3239.132 Safari/537.36" 
72.35.208.24 - - [17/Jan/2018:08:59:29 -0800] "GET /bootstrap/img/favicon.ico HTTP/1.1" 200 589 "http://www.secrepo.com/" "Mozilla/5.0 (Windows NT 10.0; Win64; x64) AppleWebKit/537.36 (KHTML, like Gecko) Chrome/63.0.3239.132 Safari/537.36" 
207.46.13.140 - - [17/Jan/2018:09:01:42 -0800] "GET /self.logs/access.log.2015-07-22.gz HTTP/1.1" 404 340 "-" "Mozilla/5.0 (compatible; bingbot/2.0; +http://www.bing.com/bingbot.htm)" 
207.46.13.156 - - [17/Jan/2018:09:02:08 -0800] "GET /self.logs/access.log.2016-05-10.gz HTTP/1.1" 404 340 "-" "Mozilla/5.0 (compatible; bingbot/2.0; +http://www.bing.com/bingbot.htm)" 
207.46.13.156 - - [17/Jan/2018:09:02:43 -0800] "GET /self.logs/error.log.2015-09-24.gz HTTP/1.1" 404 340 "-" "Mozilla/5.0 (compatible; bingbot/2.0; +http://www.bing.com/bingbot.htm)" 
40.77.167.32 - - [17/Jan/2018:09:08:18 -0800] "GET / HTTP/1.1" 200 11061 "-" "Mozilla/5.0 (compatible; bingbot/2.0; +http://www.bing.com/bingbot.htm)" 
173.252.99.23 - - [17/Jan/2018:09:09:05 -0800] "GET /twitter-icon.png HTTP/1.1" 200 27788 "-" "facebookexternalhit/1.1 (+http://www.facebook.com/externalhit_uatext.php)" 
173.252.124.80 - - [17/Jan/2018:09:09:18 -0800] "GET /twitter-icon.png HTTP/1.1" 200 27788 "-" "facebookexternalhit/1.1 (+http://www.facebook.com/externalhit_uatext.php)" 
94.200.75.150 - - [17/Jan/2018:09:09:29 -0800] "GET /wp-login.php HTTP/1.1" 404 295 "-" "Mozilla/5.0 (Windows NT 6.1; WOW64; rv:40.0) Gecko/20100101 Firefox/40.1" 
94.200.75.150 - - [17/Jan/2018:09:09:35 -0800] "GET /wp-login.php HTTP/1.1" 404 295 "-" "Mozilla/5.0 (Windows NT 6.1; WOW64; rv:40.0) Gecko/20100101 Firefox/40.1" 
94.200.75.150 - - [17/Jan/2018:09:09:41 -0800] "GET / HTTP/1.1" 200 37415 "-" "Mozilla/5.0 (Windows NT 6.1; WOW64; rv:40.0) Gecko/20100101 Firefox/40.1" 
54.36.148.165 - - [17/Jan/2018:09:09:44 -0800] "GET /self.logs/access.log.2017-06-18.gz HTTP/1.1" 200 17151 "-" "Mozilla/5.0 (compatible; AhrefsBot/5.2; +http://ahrefs.com/robot/)" 
8.46.40.253 - - [17/Jan/2018:09:16:15 -0800] "GET /twitter-icon.png HTTP/1.1" 200 27788 "-" "Mozilla/5.0 (Macintosh; Intel Mac OS X 10_12_6) AppleWebKit/537.36 (KHTML, like Gecko) Chrome/63.0.3239.132 Safari/537.36" 
8.46.40.253 - - [17/Jan/2018:09:16:15 -0800] "GET /GitHub-Mark.png HTTP/1.1" 200 7428 "-" "Mozilla/5.0 (Macintosh; Intel Mac OS X 10_12_6) AppleWebKit/537.36 (KHTML, like Gecko) Chrome/63.0.3239.132 Safari/537.36" 
40.77.167.32 - - [17/Jan/2018:09:18:02 -0800] "GET /self.logs/access.log.2016-03-29.gz HTTP/1.1" 404 340 "-" "Mozilla/5.0 (compatible; bingbot/2.0; +http://www.bing.com/bingbot.htm)" 
207.46.13.140 - - [17/Jan/2018:09:19:59 -0800] "GET /self.logs/access.log.2016-05-14.gz HTTP/1.1" 404 340 "-" "Mozilla/5.0 (compatible; bingbot/2.0; +http://www.bing.com/bingbot.htm)" 
202.153.81.93 - - [17/Jan/2018:09:20:59 -0800] "GET /wp-login.php HTTP/1.1" 404 295 "-" "Mozilla/5.0 (Windows NT 6.1; WOW64; rv:40.0) Gecko/20100101 Firefox/40.1" 
202.153.81.93 - - [17/Jan/2018:09:21:05 -0800] "GET /wp-login.php HTTP/1.1" 404 295 "-" "Mozilla/5.0 (Windows NT 6.1; WOW64; rv:40.0) Gecko/20100101 Firefox/40.1" 
202.153.81.93 - - [17/Jan/2018:09:21:11 -0800] "GET / HTTP/1.1" 200 37415 "-" "Mozilla/5.0 (Windows NT 6.1; WOW64; rv:40.0) Gecko/20100101 Firefox/40.1" 
202.153.81.93 - - [17/Jan/2018:09:21:33 -0800] "GET /wp-login.php HTTP/1.1" 301 522 "-" "Mozilla/5.0 (Windows NT 6.1; WOW64; rv:40.0) Gecko/20100101 Firefox/40.1" 
202.153.81.93 - - [17/Jan/2018:09:21:33 -0800] "GET /wp-login.php HTTP/1.1" 404 295 "-" "Mozilla/5.0 (Windows NT 6.1; WOW64; rv:40.0) Gecko/20100101 Firefox/40.1" 
202.153.81.93 - - [17/Jan/2018:09:21:39 -0800] "GET /wp-login.php HTTP/1.1" 301 522 "-" "Mozilla/5.0 (Windows NT 6.1; WOW64; rv:40.0) Gecko/20100101 Firefox/40.1" 
202.153.81.93 - - [17/Jan/2018:09:21:40 -0800] "GET /wp-login.php HTTP/1.1" 404 295 "-" "Mozilla/5.0 (Windows NT 6.1; WOW64; rv:40.0) Gecko/20100101 Firefox/40.1" 
202.153.81.93 - - [17/Jan/2018:09:21:45 -0800] "GET / HTTP/1.1" 301 498 "-" "Mozilla/5.0 (Windows NT 6.1; WOW64; rv:40.0) Gecko/20100101 Firefox/40.1" 
202.153.81.93 - - [17/Jan/2018:09:21:46 -0800] "GET / HTTP/1.1" 200 37415 "-" "Mozilla/5.0 (Windows NT 6.1; WOW64; rv:40.0) Gecko/20100101 Firefox/40.1" 
40.77.167.172 - - [17/Jan/2018:09:23:03 -0800] "GET /self.logs/error.log.2015-12-29.gz HTTP/1.1" 404 340 "-" "Mozilla/5.0 (compatible; bingbot/2.0; +http://www.bing.com/bingbot.htm)" 
207.46.13.140 - - [17/Jan/2018:09:23:18 -0800] "GET /self.logs/access.log.2015-09-11.gz HTTP/1.1" 404 340 "-" "Mozilla/5.0 (compatible; bingbot/2.0; +http://www.bing.com/bingbot.htm)" 
207.46.13.140 - - [17/Jan/2018:09:27:35 -0800] "GET /self.logs/error.log.2016-01-09.gz HTTP/1.1" 404 340 "-" "Mozilla/5.0 (compatible; bingbot/2.0; +http://www.bing.com/bingbot.htm)" 
54.36.148.138 - - [17/Jan/2018:09:29:07 -0800] "GET /self.logs/access.log.2015-10-24.gz HTTP/1.1" 404 284 "-" "Mozilla/5.0 (compatible; AhrefsBot/5.2; +http://ahrefs.com/robot/)" 
160.33.195.20 - - [17/Jan/2018:09:29:29 -0800] "GET / HTTP/1.1" 200 11061 "-" "Mozilla/5.0 (Windows NT 6.1; WOW64) AppleWebKit/537.36 (KHTML, like Gecko) Chrome/63.0.3239.132 Safari/537.36" 
160.33.195.20 - - [17/Jan/2018:09:29:29 -0800] "GET /twitter-icon.png HTTP/1.1" 200 27787 "http://www.secrepo.com/" "Mozilla/5.0 (Windows NT 6.1; WOW64) AppleWebKit/537.36 (KHTML, like Gecko) Chrome/63.0.3239.132 Safari/537.36" 
160.33.195.20 - - [17/Jan/2018:09:29:29 -0800] "GET /GitHub-Mark.png HTTP/1.1" 200 7427 "http://www.secrepo.com/" "Mozilla/5.0 (Windows NT 6.1; WOW64) AppleWebKit/537.36 (KHTML, like Gecko) Chrome/63.0.3239.132 Safari/537.36" 
160.33.195.20 - - [17/Jan/2018:09:29:30 -0800] "GET /bootstrap/img/favicon.ico HTTP/1.1" 200 589 "http://www.secrepo.com/" "Mozilla/5.0 (Windows NT 6.1; WOW64) AppleWebKit/537.36 (KHTML, like Gecko) Chrome/63.0.3239.132 Safari/537.36" 
54.36.149.8 - - [17/Jan/2018:09:34:28 -0800] "GET /self.logs/access.log.2017-01-09.gz HTTP/1.1" 200 24745 "-" "Mozilla/5.0 (compatible; AhrefsBot/5.2; +http://ahrefs.com/robot/)" 
207.46.13.140 - - [17/Jan/2018:09:36:53 -0800] "GET /self.logs/access.log.2017-03-30.gz HTTP/1.1" 200 15755 "-" "Mozilla/5.0 (compatible; bingbot/2.0; +http://www.bing.com/bingbot.htm)" 
119.155.62.81 - - [17/Jan/2018:09:38:07 -0800] "GET /wp-login.php HTTP/1.1" 404 295 "-" "Mozilla/5.0 (Windows NT 6.1; WOW64; rv:40.0) Gecko/20100101 Firefox/40.1" 
119.155.62.81 - - [17/Jan/2018:09:38:13 -0800] "GET /wp-login.php HTTP/1.1" 404 295 "-" "Mozilla/5.0 (Windows NT 6.1; WOW64; rv:40.0) Gecko/20100101 Firefox/40.1" 
119.155.62.81 - - [17/Jan/2018:09:38:18 -0800] "GET / HTTP/1.1" 200 37415 "-" "Mozilla/5.0 (Windows NT 6.1; WOW64; rv:40.0) Gecko/20100101 Firefox/40.1" 
94.175.242.24 - - [17/Jan/2018:09:40:54 -0800] "GET / HTTP/1.1" 200 11061 "https://www.google.co.uk/" "Mozilla/5.0 (X11; Ubuntu; Linux x86_64; rv:57.0) Gecko/20100101 Firefox/57.0" 
94.175.242.24 - - [17/Jan/2018:09:40:54 -0800] "GET /twitter-icon.png HTTP/1.1" 200 27787 "http://www.secrepo.com/" "Mozilla/5.0 (X11; Ubuntu; Linux x86_64; rv:57.0) Gecko/20100101 Firefox/57.0" 
94.175.242.24 - - [17/Jan/2018:09:40:55 -0800] "GET /GitHub-Mark.png HTTP/1.1" 200 7428 "http://www.secrepo.com/" "Mozilla/5.0 (X11; Ubuntu; Linux x86_64; rv:57.0) Gecko/20100101 Firefox/57.0" 
94.175.242.24 - - [17/Jan/2018:09:40:55 -0800] "GET /bootstrap/img/favicon.ico HTTP/1.1" 200 590 "-" "Mozilla/5.0 (X11; Ubuntu; Linux x86_64; rv:57.0) Gecko/20100101 Firefox/57.0" 
207.46.13.156 - - [17/Jan/2018:09:42:42 -0800] "GET /self.logs/access.log.2015-05-21.gz HTTP/1.1" 404 340 "-" "Mozilla/5.0 (compatible; bingbot/2.0; +http://www.bing.com/bingbot.htm)" 
109.195.85.122 - - [17/Jan/2018:09:42:42 -0800] "GET /honeypot/BSidesDFW%20-%202014.ipynb HTTP/1.0" 200 930799 "http://www.secrepo.com/honeypot/BSidesDFW%20-%202014.ipynb" "Mozilla/5.0 (Windows NT 6.1; rv:52.0) Gecko/20100101 Firefox/52.0" 
39.54.155.98 - - [17/Jan/2018:09:44:11 -0800] "GET /wp-login.php HTTP/1.1" 404 295 "-" "Mozilla/5.0 (Windows NT 6.1; WOW64; rv:40.0) Gecko/20100101 Firefox/40.1" 
39.54.155.98 - - [17/Jan/2018:09:44:16 -0800] "GET /wp-login.php HTTP/1.1" 404 295 "-" "Mozilla/5.0 (Windows NT 6.1; WOW64; rv:40.0) Gecko/20100101 Firefox/40.1" 
39.54.155.98 - - [17/Jan/2018:09:44:22 -0800] "GET / HTTP/1.1" 200 37415 "-" "Mozilla/5.0 (Windows NT 6.1; WOW64; rv:40.0) Gecko/20100101 Firefox/40.1" 
207.46.13.156 - - [17/Jan/2018:09:44:32 -0800] "GET /self.logs/access.log.2017-04-26.gz HTTP/1.1" 200 15934 "-" "Mozilla/5.0 (compatible; bingbot/2.0; +http://www.bing.com/bingbot.htm)" 
109.65.144.239 - - [17/Jan/2018:09:44:50 -0800] "GET /wp-login.php HTTP/1.1" 404 295 "-" "Mozilla/5.0 (Windows NT 6.1; WOW64; rv:40.0) Gecko/20100101 Firefox/40.1" 
109.65.144.239 - - [17/Jan/2018:09:44:55 -0800] "GET /wp-login.php HTTP/1.1" 404 295 "-" "Mozilla/5.0 (Windows NT 6.1; WOW64; rv:40.0) Gecko/20100101 Firefox/40.1" 
109.65.144.239 - - [17/Jan/2018:09:45:00 -0800] "GET / HTTP/1.1" 200 37415 "-" "Mozilla/5.0 (Windows NT 6.1; WOW64; rv:40.0) Gecko/20100101 Firefox/40.1" 
54.36.148.206 - - [17/Jan/2018:09:45:54 -0800] "GET /self.logs/2015/error.log.2015-09-10.gz HTTP/1.1" 200 605 "-" "Mozilla/5.0 (compatible; AhrefsBot/5.2; +http://ahrefs.com/robot/)" 
54.36.148.63 - - [17/Jan/2018:09:46:22 -0800] "GET /self.logs/error.log.2016-12-06.gz HTTP/1.1" 404 284 "-" "Mozilla/5.0 (compatible; AhrefsBot/5.2; +http://ahrefs.com/robot/)" 
109.65.144.239 - - [17/Jan/2018:09:48:07 -0800] "GET /wp-login.php HTTP/1.1" 301 522 "-" "Mozilla/5.0 (Windows NT 6.1; WOW64; rv:40.0) Gecko/20100101 Firefox/40.1" 
109.65.144.239 - - [17/Jan/2018:09:48:07 -0800] "GET /wp-login.php HTTP/1.1" 404 295 "-" "Mozilla/5.0 (Windows NT 6.1; WOW64; rv:40.0) Gecko/20100101 Firefox/40.1" 
109.65.144.239 - - [17/Jan/2018:09:48:12 -0800] "GET /wp-login.php HTTP/1.1" 301 522 "-" "Mozilla/5.0 (Windows NT 6.1; WOW64; rv:40.0) Gecko/20100101 Firefox/40.1" 
109.65.144.239 - - [17/Jan/2018:09:48:13 -0800] "GET /wp-login.php HTTP/1.1" 404 295 "-" "Mozilla/5.0 (Windows NT 6.1; WOW64; rv:40.0) Gecko/20100101 Firefox/40.1" 
109.65.144.239 - - [17/Jan/2018:09:48:18 -0800] "GET / HTTP/1.1" 301 498 "-" "Mozilla/5.0 (Windows NT 6.1; WOW64; rv:40.0) Gecko/20100101 Firefox/40.1" 
109.65.144.239 - - [17/Jan/2018:09:48:18 -0800] "GET / HTTP/1.1" 200 37415 "-" "Mozilla/5.0 (Windows NT 6.1; WOW64; rv:40.0) Gecko/20100101 Firefox/40.1" 
82.30.183.173 - - [17/Jan/2018:09:48:32 -0800] "GET /wp-login.php HTTP/1.1" 404 295 "-" "Mozilla/5.0 (Windows NT 6.1; WOW64; rv:40.0) Gecko/20100101 Firefox/40.1" 
82.30.183.173 - - [17/Jan/2018:09:48:37 -0800] "GET /wp-login.php HTTP/1.1" 404 295 "-" "Mozilla/5.0 (Windows NT 6.1; WOW64; rv:40.0) Gecko/20100101 Firefox/40.1" 
82.30.183.173 - - [17/Jan/2018:09:48:42 -0800] "GET / HTTP/1.1" 200 37415 "-" "Mozilla/5.0 (Windows NT 6.1; WOW64; rv:40.0) Gecko/20100101 Firefox/40.1" 
123.231.124.247 - - [17/Jan/2018:09:48:56 -0800] "GET / HTTP/1.1" 200 11061 "https://www.google.com/" "Mozilla/5.0 (Windows NT 10.0; Win64; x64) AppleWebKit/537.36 (KHTML, like Gecko) Chrome/63.0.3239.132 Safari/537.36 OPR/50.0.2762.58" 
123.231.124.247 - - [17/Jan/2018:09:48:57 -0800] "GET /twitter-icon.png HTTP/1.1" 200 27787 "http://www.secrepo.com/" "Mozilla/5.0 (Windows NT 10.0; Win64; x64) AppleWebKit/537.36 (KHTML, like Gecko) Chrome/63.0.3239.132 Safari/537.36 OPR/50.0.2762.58" 
123.231.124.247 - - [17/Jan/2018:09:48:57 -0800] "GET /GitHub-Mark.png HTTP/1.1" 200 7428 "http://www.secrepo.com/" "Mozilla/5.0 (Windows NT 10.0; Win64; x64) AppleWebKit/537.36 (KHTML, like Gecko) Chrome/63.0.3239.132 Safari/537.36 OPR/50.0.2762.58" 
123.231.124.247 - - [17/Jan/2018:09:48:58 -0800] "GET /bootstrap/img/favicon.ico HTTP/1.1" 200 589 "http://www.secrepo.com/" "Mozilla/5.0 (Windows NT 10.0; Win64; x64) AppleWebKit/537.36 (KHTML, like Gecko) Chrome/63.0.3239.132 Safari/537.36 OPR/50.0.2762.58" 
104.247.55.102 - - [17/Jan/2018:09:49:06 -0800] "GET / HTTP/1.1" 200 11061 "https://www.google.com/" "Mozilla/5.0 (Macintosh; Intel Mac OS X 10_12_6) AppleWebKit/537.36 (KHTML, like Gecko) Chrome/63.0.3239.132 Safari/537.36" 
104.247.55.102 - - [17/Jan/2018:09:49:06 -0800] "GET /twitter-icon.png HTTP/1.1" 200 27787 "http://www.secrepo.com/" "Mozilla/5.0 (Macintosh; Intel Mac OS X 10_12_6) AppleWebKit/537.36 (KHTML, like Gecko) Chrome/63.0.3239.132 Safari/537.36" 
104.247.55.102 - - [17/Jan/2018:09:49:06 -0800] "GET /GitHub-Mark.png HTTP/1.1" 200 7428 "http://www.secrepo.com/" "Mozilla/5.0 (Macintosh; Intel Mac OS X 10_12_6) AppleWebKit/537.36 (KHTML, like Gecko) Chrome/63.0.3239.132 Safari/537.36" 
73.61.19.126 - - [17/Jan/2018:09:49:44 -0800] "GET / HTTP/1.1" 200 11061 "-" "Mozilla/5.0 (Macintosh; Intel Mac OS X 10_10_5) AppleWebKit/537.36 (KHTML, like Gecko) Chrome/63.0.3239.132 Safari/537.36" 
73.61.19.126 - - [17/Jan/2018:09:49:44 -0800] "GET /twitter-icon.png HTTP/1.1" 200 27787 "http://www.secrepo.com/" "Mozilla/5.0 (Macintosh; Intel Mac OS X 10_10_5) AppleWebKit/537.36 (KHTML, like Gecko) Chrome/63.0.3239.132 Safari/537.36" 
73.61.19.126 - - [17/Jan/2018:09:49:44 -0800] "GET /GitHub-Mark.png HTTP/1.1" 200 7428 "http://www.secrepo.com/" "Mozilla/5.0 (Macintosh; Intel Mac OS X 10_10_5) AppleWebKit/537.36 (KHTML, like Gecko) Chrome/63.0.3239.132 Safari/537.36" 
73.61.19.126 - - [17/Jan/2018:09:49:46 -0800] "GET /bootstrap/img/favicon.ico HTTP/1.1" 200 589 "http://www.secrepo.com/" "Mozilla/5.0 (Macintosh; Intel Mac OS X 10_10_5) AppleWebKit/537.36 (KHTML, like Gecko) Chrome/63.0.3239.132 Safari/537.36" 
207.46.13.156 - - [17/Jan/2018:09:50:54 -0800] "GET /self.logs/error.log.2015-08-13.gz HTTP/1.1" 404 340 "-" "Mozilla/5.0 (compatible; bingbot/2.0; +http://www.bing.com/bingbot.htm)" 
46.210.13.221 - - [17/Jan/2018:09:53:46 -0800] "GET / HTTP/1.1" 200 11061 "https://www.google.co.il/" "Mozilla/5.0 (Windows NT 10.0; Win64; x64) AppleWebKit/537.36 (KHTML, like Gecko) Chrome/63.0.3239.132 Safari/537.36" 
46.210.13.221 - - [17/Jan/2018:09:53:46 -0800] "GET /GitHub-Mark.png HTTP/1.1" 200 7428 "http://www.secrepo.com/" "Mozilla/5.0 (Windows NT 10.0; Win64; x64) AppleWebKit/537.36 (KHTML, like Gecko) Chrome/63.0.3239.132 Safari/537.36" 
46.210.13.221 - - [17/Jan/2018:09:53:46 -0800] "GET /twitter-icon.png HTTP/1.1" 200 27787 "http://www.secrepo.com/" "Mozilla/5.0 (Windows NT 10.0; Win64; x64) AppleWebKit/537.36 (KHTML, like Gecko) Chrome/63.0.3239.132 Safari/537.36" 
46.210.13.221 - - [17/Jan/2018:09:53:47 -0800] "GET /bootstrap/img/favicon.ico HTTP/1.1" 200 589 "http://www.secrepo.com/" "Mozilla/5.0 (Windows NT 10.0; Win64; x64) AppleWebKit/537.36 (KHTML, like Gecko) Chrome/63.0.3239.132 Safari/537.36" 
109.166.136.66 - - [17/Jan/2018:09:56:57 -0800] "GET /wp-login.php HTTP/1.1" 404 295 "-" "Mozilla/5.0 (Windows NT 6.1; WOW64; rv:40.0) Gecko/20100101 Firefox/40.1" 
109.166.136.66 - - [17/Jan/2018:09:57:03 -0800] "GET /wp-login.php HTTP/1.1" 404 295 "-" "Mozilla/5.0 (Windows NT 6.1; WOW64; rv:40.0) Gecko/20100101 Firefox/40.1" 
109.166.136.66 - - [17/Jan/2018:09:57:08 -0800] "GET / HTTP/1.1" 200 37415 "-" "Mozilla/5.0 (Windows NT 6.1; WOW64; rv:40.0) Gecko/20100101 Firefox/40.1" 
207.46.13.140 - - [17/Jan/2018:09:57:15 -0800] "GET /self.logs/error.log.2015-07-26.gz HTTP/1.1" 404 340 "-" "Mozilla/5.0 (compatible; bingbot/2.0; +http://www.bing.com/bingbot.htm)" 
177.223.52.6 - - [17/Jan/2018:09:57:44 -0800] "GET /wp-login.php HTTP/1.1" 404 295 "-" "Mozilla/5.0 (Windows NT 6.1; WOW64; rv:40.0) Gecko/20100101 Firefox/40.1" 
177.223.52.6 - - [17/Jan/2018:09:57:49 -0800] "GET /wp-login.php HTTP/1.1" 404 295 "-" "Mozilla/5.0 (Windows NT 6.1; WOW64; rv:40.0) Gecko/20100101 Firefox/40.1" 
177.223.52.6 - - [17/Jan/2018:09:57:54 -0800] "GET / HTTP/1.1" 200 37415 "-" "Mozilla/5.0 (Windows NT 6.1; WOW64; rv:40.0) Gecko/20100101 Firefox/40.1" 
52.168.161.70 - - [17/Jan/2018:09:59:20 -0800] "HEAD / HTTP/1.1" 200 282 "https://www.google.com/" "Mozilla/5.0 (compatible; epicbot; +http://www.epictions.com/epicbot)" 
73.27.7.121 - - [17/Jan/2018:09:59:22 -0800] "GET /wp-login.php HTTP/1.1" 404 295 "-" "Mozilla/5.0 (Windows NT 6.1; WOW64; rv:40.0) Gecko/20100101 Firefox/40.1" 
52.168.161.70 - - [17/Jan/2018:09:59:23 -0800] "HEAD / HTTP/1.1" 200 282 "https://www.google.com/" "Mozilla/5.0 (compatible; epicbot; +http://www.epictions.com/epicbot)" 
52.168.161.70 - - [17/Jan/2018:09:59:23 -0800] "HEAD / HTTP/1.1" 200 282 "https://www.google.com/" "Mozilla/5.0 (compatible; epicbot; +http://www.epictions.com/epicbot)" 
73.27.7.121 - - [17/Jan/2018:09:59:27 -0800] "GET /wp-login.php HTTP/1.1" 404 295 "-" "Mozilla/5.0 (Windows NT 6.1; WOW64; rv:40.0) Gecko/20100101 Firefox/40.1" 
73.27.7.121 - - [17/Jan/2018:09:59:32 -0800] "GET / HTTP/1.1" 200 37415 "-" "Mozilla/5.0 (Windows NT 6.1; WOW64; rv:40.0) Gecko/20100101 Firefox/40.1" 
40.77.167.189 - - [17/Jan/2018:10:02:34 -0800] "GET /self.logs/error.log.2015-08-11.gz HTTP/1.1" 404 340 "-" "Mozilla/5.0 (compatible; bingbot/2.0; +http://www.bing.com/bingbot.htm)" 
103.99.180.170 - - [17/Jan/2018:10:03:07 -0800] "GET /wp-login.php HTTP/1.1" 404 295 "-" "Mozilla/5.0 (Windows NT 6.1; WOW64; rv:40.0) Gecko/20100101 Firefox/40.1" 
103.99.180.170 - - [17/Jan/2018:10:03:12 -0800] "GET /wp-login.php HTTP/1.1" 404 295 "-" "Mozilla/5.0 (Windows NT 6.1; WOW64; rv:40.0) Gecko/20100101 Firefox/40.1" 
103.99.180.170 - - [17/Jan/2018:10:03:18 -0800] "GET / HTTP/1.1" 200 37415 "-" "Mozilla/5.0 (Windows NT 6.1; WOW64; rv:40.0) Gecko/20100101 Firefox/40.1" 
40.77.167.189 - - [17/Jan/2018:10:03:26 -0800] "GET /self.logs/error.log.2016-12-23.gz HTTP/1.1" 404 340 "-" "Mozilla/5.0 (compatible; bingbot/2.0; +http://www.bing.com/bingbot.htm)" 
207.46.13.156 - - [17/Jan/2018:10:03:36 -0800] "GET /self.logs/access.log.2015-08-19.gz HTTP/1.1" 404 340 "-" "Mozilla/5.0 (compatible; bingbot/2.0; +http://www.bing.com/bingbot.htm)" 
40.77.167.107 - - [17/Jan/2018:10:06:18 -0800] "GET /self.logs/access.log.2015-02-14.gz HTTP/1.1" 404 340 "-" "Mozilla/5.0 (compatible; bingbot/2.0; +http://www.bing.com/bingbot.htm)" 
8.46.40.253 - - [17/Jan/2018:10:07:44 -0800] "GET /maccdc2012/ssh.log.gz HTTP/1.1" 200 182517 "-" "Mozilla/5.0 (Macintosh; Intel Mac OS X 10_12_6) AppleWebKit/537.36 (KHTML, like Gecko) Chrome/63.0.3239.84 Safari/537.36" 
73.27.7.121 - - [17/Jan/2018:10:10:16 -0800] "GET /wp-login.php HTTP/1.1" 301 522 "-" "Mozilla/5.0 (Windows NT 6.1; WOW64; rv:40.0) Gecko/20100101 Firefox/40.1" 
73.27.7.121 - - [17/Jan/2018:10:10:16 -0800] "GET /wp-login.php HTTP/1.1" 404 295 "-" "Mozilla/5.0 (Windows NT 6.1; WOW64; rv:40.0) Gecko/20100101 Firefox/40.1" 
73.27.7.121 - - [17/Jan/2018:10:10:21 -0800] "GET /wp-login.php HTTP/1.1" 301 522 "-" "Mozilla/5.0 (Windows NT 6.1; WOW64; rv:40.0) Gecko/20100101 Firefox/40.1" 
73.27.7.121 - - [17/Jan/2018:10:10:21 -0800] "GET /wp-login.php HTTP/1.1" 404 295 "-" "Mozilla/5.0 (Windows NT 6.1; WOW64; rv:40.0) Gecko/20100101 Firefox/40.1" 
73.27.7.121 - - [17/Jan/2018:10:10:26 -0800] "GET / HTTP/1.1" 301 498 "-" "Mozilla/5.0 (Windows NT 6.1; WOW64; rv:40.0) Gecko/20100101 Firefox/40.1" 
73.27.7.121 - - [17/Jan/2018:10:10:26 -0800] "GET / HTTP/1.1" 200 37415 "-" "Mozilla/5.0 (Windows NT 6.1; WOW64; rv:40.0) Gecko/20100101 Firefox/40.1" 
207.46.13.156 - - [17/Jan/2018:10:12:39 -0800] "GET /self.logs/error.log.2016-11-18.gz HTTP/1.1" 404 340 "-" "Mozilla/5.0 (compatible; bingbot/2.0; +http://www.bing.com/bingbot.htm)" 
84.155.43.189 - - [17/Jan/2018:10:14:57 -0800] "GET /wp-login.php HTTP/1.1" 404 295 "-" "Mozilla/5.0 (Windows NT 6.1; WOW64; rv:40.0) Gecko/20100101 Firefox/40.1" 
84.155.43.189 - - [17/Jan/2018:10:15:02 -0800] "GET /wp-login.php HTTP/1.1" 404 295 "-" "Mozilla/5.0 (Windows NT 6.1; WOW64; rv:40.0) Gecko/20100101 Firefox/40.1" 
84.155.43.189 - - [17/Jan/2018:10:15:07 -0800] "GET / HTTP/1.1" 200 37415 "-" "Mozilla/5.0 (Windows NT 6.1; WOW64; rv:40.0) Gecko/20100101 Firefox/40.1" 
54.36.148.134 - - [17/Jan/2018:10:18:49 -0800] "GET /self.logs/2016/error.log.2016-03-17.gz HTTP/1.1" 200 780 "-" "Mozilla/5.0 (compatible; AhrefsBot/5.2; +http://ahrefs.com/robot/)" 
40.77.167.189 - - [17/Jan/2018:10:19:58 -0800] "GET /self.logs/error.log.2015-08-16.gz HTTP/1.1" 404 340 "-" "Mozilla/5.0 (compatible; bingbot/2.0; +http://www.bing.com/bingbot.htm)" 
207.46.13.156 - - [17/Jan/2018:10:22:05 -0800] "GET /self.logs/error.log.2017-03-24.gz HTTP/1.1" 200 1024 "-" "Mozilla/5.0 (compatible; bingbot/2.0; +http://www.bing.com/bingbot.htm)" 
123.125.67.220 - - [17/Jan/2018:10:23:06 -0800] "GET /robots.txt HTTP/1.1" 200 297 "-" "Mozilla/5.0 (Windows NT 10.0; WOW64) AppleWebKit/537.36 (KHTML, like Gecko) Chrome/45.0.2454.93 Safari/537.36" 
39.54.155.98 - - [17/Jan/2018:10:24:04 -0800] "GET /wp-login.php HTTP/1.1" 301 522 "-" "Mozilla/5.0 (Windows NT 6.1; WOW64; rv:40.0) Gecko/20100101 Firefox/40.1" 
39.54.155.98 - - [17/Jan/2018:10:24:05 -0800] "GET /wp-login.php HTTP/1.1" 404 295 "-" "Mozilla/5.0 (Windows NT 6.1; WOW64; rv:40.0) Gecko/20100101 Firefox/40.1" 
39.54.155.98 - - [17/Jan/2018:10:24:10 -0800] "GET /wp-login.php HTTP/1.1" 301 522 "-" "Mozilla/5.0 (Windows NT 6.1; WOW64; rv:40.0) Gecko/20100101 Firefox/40.1" 
39.54.155.98 - - [17/Jan/2018:10:24:13 -0800] "GET /wp-login.php HTTP/1.1" 404 295 "-" "Mozilla/5.0 (Windows NT 6.1; WOW64; rv:40.0) Gecko/20100101 Firefox/40.1" 
40.77.167.189 - - [17/Jan/2018:10:24:14 -0800] "GET /self.logs/access.log.2017-02-12.gz HTTP/1.1" 200 17796 "-" "Mozilla/5.0 (compatible; bingbot/2.0; +http://www.bing.com/bingbot.htm)" 
39.54.155.98 - - [17/Jan/2018:10:24:18 -0800] "GET / HTTP/1.1" 301 498 "-" "Mozilla/5.0 (Windows NT 6.1; WOW64; rv:40.0) Gecko/20100101 Firefox/40.1" 
39.54.155.98 - - [17/Jan/2018:10:24:19 -0800] "GET / HTTP/1.1" 200 37415 "-" "Mozilla/5.0 (Windows NT 6.1; WOW64; rv:40.0) Gecko/20100101 Firefox/40.1" 
207.46.13.156 - - [17/Jan/2018:10:24:40 -0800] "GET /self.logs/access.log.2015-11-16.gz HTTP/1.1" 404 340 "-" "Mozilla/5.0 (compatible; bingbot/2.0; +http://www.bing.com/bingbot.htm)" 
207.46.13.140 - - [17/Jan/2018:10:25:20 -0800] "GET /self.logs/error.log.2016-08-28.gz HTTP/1.1" 404 340 "-" "Mozilla/5.0 (compatible; bingbot/2.0; +http://www.bing.com/bingbot.htm)" 
40.77.167.189 - - [17/Jan/2018:10:26:04 -0800] "GET /self.logs/error.log.2016-12-11.gz HTTP/1.1" 404 340 "-" "Mozilla/5.0 (compatible; bingbot/2.0; +http://www.bing.com/bingbot.htm)" 
40.77.167.189 - - [17/Jan/2018:10:26:35 -0800] "GET /self.logs/error.log.2015-11-04.gz HTTP/1.1" 404 340 "-" "Mozilla/5.0 (compatible; bingbot/2.0; +http://www.bing.com/bingbot.htm)" 
40.77.167.189 - - [17/Jan/2018:10:27:40 -0800] "GET /self.logs/error.log.2016-05-02.gz HTTP/1.1" 404 340 "-" "Mozilla/5.0 (compatible; bingbot/2.0; +http://www.bing.com/bingbot.htm)" 
40.77.167.189 - - [17/Jan/2018:10:28:50 -0800] "GET /self.logs/access.log.2015-05-16.gz HTTP/1.1" 404 340 "-" "Mozilla/5.0 (compatible; bingbot/2.0; +http://www.bing.com/bingbot.htm)" 
54.36.149.36 - - [17/Jan/2018:10:28:55 -0800] "GET /self.logs/access.log.2018-01-11.gz HTTP/1.1" 200 22089 "-" "Mozilla/5.0 (compatible; AhrefsBot/5.2; +http://ahrefs.com/robot/)" 
40.77.167.189 - - [17/Jan/2018:10:30:05 -0800] "GET /self.logs/access.log.2015-04-14.gz HTTP/1.1" 404 340 "-" "Mozilla/5.0 (compatible; bingbot/2.0; +http://www.bing.com/bingbot.htm)" 
54.36.148.14 - - [17/Jan/2018:10:32:31 -0800] "GET /self.logs/2016/access.log.2016-12-17.gz HTTP/1.1" 200 9880 "-" "Mozilla/5.0 (compatible; AhrefsBot/5.2; +http://ahrefs.com/robot/)" 
103.99.180.170 - - [17/Jan/2018:10:33:43 -0800] "GET /wp-login.php HTTP/1.1" 301 522 "-" "Mozilla/5.0 (Windows NT 6.1; WOW64; rv:40.0) Gecko/20100101 Firefox/40.1" 
103.99.180.170 - - [17/Jan/2018:10:33:44 -0800] "GET /wp-login.php HTTP/1.1" 404 295 "-" "Mozilla/5.0 (Windows NT 6.1; WOW64; rv:40.0) Gecko/20100101 Firefox/40.1" 
103.99.180.170 - - [17/Jan/2018:10:33:49 -0800] "GET /wp-login.php HTTP/1.1" 301 522 "-" "Mozilla/5.0 (Windows NT 6.1; WOW64; rv:40.0) Gecko/20100101 Firefox/40.1" 
103.99.180.170 - - [17/Jan/2018:10:33:50 -0800] "GET /wp-login.php HTTP/1.1" 404 295 "-" "Mozilla/5.0 (Windows NT 6.1; WOW64; rv:40.0) Gecko/20100101 Firefox/40.1" 
103.99.180.170 - - [17/Jan/2018:10:33:55 -0800] "GET / HTTP/1.1" 301 498 "-" "Mozilla/5.0 (Windows NT 6.1; WOW64; rv:40.0) Gecko/20100101 Firefox/40.1" 
103.99.180.170 - - [17/Jan/2018:10:33:56 -0800] "GET / HTTP/1.1" 200 37415 "-" "Mozilla/5.0 (Windows NT 6.1; WOW64; rv:40.0) Gecko/20100101 Firefox/40.1" 
156.80.4.2 - - [17/Jan/2018:10:35:22 -0800] "GET / HTTP/1.1" 200 11061 "https://www.bing.com/" "Mozilla/5.0 (Windows NT 10.0; Win64; x64) AppleWebKit/537.36 (KHTML, like Gecko) Chrome/51.0.2704.79 Safari/537.36 Edge/14.14393" 
156.80.4.2 - - [17/Jan/2018:10:35:23 -0800] "GET /bootstrap/img/favicon.ico HTTP/1.1" 200 589 "-" "Mozilla/5.0 (Windows NT 10.0; Win64; x64) AppleWebKit/537.36 (KHTML, like Gecko) Chrome/51.0.2704.79 Safari/537.36 Edge/14.14393" 
84.155.43.189 - - [17/Jan/2018:10:36:21 -0800] "GET /wp-login.php HTTP/1.1" 301 522 "-" "Mozilla/5.0 (Windows NT 6.1; WOW64; rv:40.0) Gecko/20100101 Firefox/40.1" 
84.155.43.189 - - [17/Jan/2018:10:36:21 -0800] "GET /wp-login.php HTTP/1.1" 404 295 "-" "Mozilla/5.0 (Windows NT 6.1; WOW64; rv:40.0) Gecko/20100101 Firefox/40.1" 
84.155.43.189 - - [17/Jan/2018:10:36:26 -0800] "GET /wp-login.php HTTP/1.1" 301 522 "-" "Mozilla/5.0 (Windows NT 6.1; WOW64; rv:40.0) Gecko/20100101 Firefox/40.1" 
84.155.43.189 - - [17/Jan/2018:10:36:26 -0800] "GET /wp-login.php HTTP/1.1" 404 295 "-" "Mozilla/5.0 (Windows NT 6.1; WOW64; rv:40.0) Gecko/20100101 Firefox/40.1" 
84.155.43.189 - - [17/Jan/2018:10:36:32 -0800] "GET / HTTP/1.1" 301 498 "-" "Mozilla/5.0 (Windows NT 6.1; WOW64; rv:40.0) Gecko/20100101 Firefox/40.1" 
84.155.43.189 - - [17/Jan/2018:10:36:32 -0800] "GET / HTTP/1.1" 200 37415 "-" "Mozilla/5.0 (Windows NT 6.1; WOW64; rv:40.0) Gecko/20100101 Firefox/40.1" 
40.77.167.107 - - [17/Jan/2018:10:37:44 -0800] "GET /self.logs/error.log.2016-10-15.gz HTTP/1.1" 404 340 "-" "Mozilla/5.0 (compatible; bingbot/2.0; +http://www.bing.com/bingbot.htm)" 
216.244.66.250 - - [17/Jan/2018:10:39:14 -0800] "GET /robots.txt HTTP/1.1" 200 233 "-" "Mozilla/5.0 (compatible; DotBot/1.1; http://www.opensiteexplorer.org/dotbot, help@moz.com)" 
207.46.13.140 - - [17/Jan/2018:10:39:18 -0800] "GET /self.logs/error.log.2017-01-15.gz HTTP/1.1" 200 816 "-" "Mozilla/5.0 (compatible; bingbot/2.0; +http://www.bing.com/bingbot.htm)" 
40.77.167.107 - - [17/Jan/2018:10:39:20 -0800] "GET /self.logs/error.log.2015-07-18.gz HTTP/1.1" 404 340 "-" "Mozilla/5.0 (compatible; bingbot/2.0; +http://www.bing.com/bingbot.htm)" 
216.244.66.227 - - [17/Jan/2018:10:41:35 -0800] "GET /robots.txt HTTP/1.1" 200 233 "-" "Mozilla/5.0 (compatible; DotBot/1.1; http://www.opensiteexplorer.org/dotbot, help@moz.com)" 
71.68.41.54 - - [17/Jan/2018:10:42:05 -0800] "GET /self.logs/ HTTP/1.1" 200 7807 "http://enigmater.blogspot.fr/2017/03/intrusion-detection-based-on-supervised.html" "Mozilla/5.0 (Macintosh; Intel Mac OS X 10.13; rv:52.0) Gecko/20100101 Firefox/52.0" 
71.68.41.54 - - [17/Jan/2018:10:42:05 -0800] "GET /favicon.ico HTTP/1.1" 200 267 "-" "Mozilla/5.0 (Macintosh; Intel Mac OS X 10.13; rv:52.0) Gecko/20100101 Firefox/52.0" 
71.68.41.54 - - [17/Jan/2018:10:42:13 -0800] "GET /self.logs/access.log.2017-01-03.gz HTTP/1.1" 200 40945 "http://www.secrepo.com/self.logs/" "Mozilla/5.0 (Macintosh; Intel Mac OS X 10.13; rv:52.0) Gecko/20100101 Firefox/52.0" 
