54.36.148.232 - - [31/Jan/2018:14:42:54 -0800] "GET /self.logs/error.log.2016-11-18.gz HTTP/1.1" 404 284 "-" "Mozilla/5.0 (compatible; AhrefsBot/5.2; +http://ahrefs.com/robot/)" 
54.36.149.6 - - [31/Jan/2018:14:42:56 -0800] "GET /self.logs/2016/access.log.2016-07-13.gz HTTP/1.1" 200 9767 "-" "Mozilla/5.0 (compatible; AhrefsBot/5.2; +http://ahrefs.com/robot/)" 
94.54.56.69 - - [31/Jan/2018:14:44:36 -0800] "GET /wp-login.php HTTP/1.1" 404 295 "-" "Mozilla/5.0 (Windows NT 6.1; WOW64; rv:40.0) Gecko/20100101 Firefox/40.1" 
94.54.56.69 - - [31/Jan/2018:14:44:41 -0800] "GET /wp-login.php HTTP/1.1" 404 295 "-" "Mozilla/5.0 (Windows NT 6.1; WOW64; rv:40.0) Gecko/20100101 Firefox/40.1" 
94.54.56.69 - - [31/Jan/2018:14:44:47 -0800] "GET / HTTP/1.1" 200 37415 "-" "Mozilla/5.0 (Windows NT 6.1; WOW64; rv:40.0) Gecko/20100101 Firefox/40.1" 
207.46.13.8 - - [31/Jan/2018:14:46:03 -0800] "GET /self.logs/access.log.2017-06-16.gz HTTP/1.1" 200 15921 "-" "Mozilla/5.0 (compatible; bingbot/2.0; +http://www.bing.com/bingbot.htm)" 
5.133.146.111 - - [31/Jan/2018:14:46:59 -0800] "GET /wp-login.php HTTP/1.1" 404 295 "-" "Mozilla/5.0 (Windows NT 6.1; WOW64; rv:40.0) Gecko/20100101 Firefox/40.1" 
5.133.146.111 - - [31/Jan/2018:14:47:04 -0800] "GET /wp-login.php HTTP/1.1" 404 295 "-" "Mozilla/5.0 (Windows NT 6.1; WOW64; rv:40.0) Gecko/20100101 Firefox/40.1" 
5.133.146.111 - - [31/Jan/2018:14:47:10 -0800] "GET / HTTP/1.1" 200 37415 "-" "Mozilla/5.0 (Windows NT 6.1; WOW64; rv:40.0) Gecko/20100101 Firefox/40.1" 
5.133.146.111 - - [31/Jan/2018:14:47:12 -0800] "GET /wp-login.php HTTP/1.1" 301 522 "-" "Mozilla/5.0 (Windows NT 6.1; WOW64; rv:40.0) Gecko/20100101 Firefox/40.1" 
5.133.146.111 - - [31/Jan/2018:14:47:13 -0800] "GET /wp-login.php HTTP/1.1" 404 295 "-" "Mozilla/5.0 (Windows NT 6.1; WOW64; rv:40.0) Gecko/20100101 Firefox/40.1" 
5.133.146.111 - - [31/Jan/2018:14:47:18 -0800] "GET /wp-login.php HTTP/1.1" 301 522 "-" "Mozilla/5.0 (Windows NT 6.1; WOW64; rv:40.0) Gecko/20100101 Firefox/40.1" 
5.133.146.111 - - [31/Jan/2018:14:47:18 -0800] "GET /wp-login.php HTTP/1.1" 404 295 "-" "Mozilla/5.0 (Windows NT 6.1; WOW64; rv:40.0) Gecko/20100101 Firefox/40.1" 
5.133.146.111 - - [31/Jan/2018:14:47:23 -0800] "GET / HTTP/1.1" 301 498 "-" "Mozilla/5.0 (Windows NT 6.1; WOW64; rv:40.0) Gecko/20100101 Firefox/40.1" 
5.133.146.111 - - [31/Jan/2018:14:47:24 -0800] "GET / HTTP/1.1" 200 37415 "-" "Mozilla/5.0 (Windows NT 6.1; WOW64; rv:40.0) Gecko/20100101 Firefox/40.1" 
111.1.50.106 - - [31/Jan/2018:14:53:04 -0800] "GET /tg/b.zip HTTP/1.1" 304 169 "-" "Java/1.6.0_24" 
100.43.85.128 - - [31/Jan/2018:14:53:19 -0800] "GET /robots.txt HTTP/1.1" 200 289 "-" "Mozilla/5.0 (compatible; YandexBot/3.0; +http://yandex.com/bots)" 
100.43.85.128 - - [31/Jan/2018:14:53:23 -0800] "GET /bootstrap/img/favicon.ico HTTP/1.1" 200 590 "-" "Mozilla/5.0 (compatible; YandexBot/3.0; +http://yandex.com/bots)" 
35.153.18.89 - - [31/Jan/2018:14:54:07 -0800] "GET /robots.txt HTTP/1.1" 200 334 "-" "BUbiNG (+http://law.di.unimi.it/BUbiNG.html)" 
35.153.18.89 - - [31/Jan/2018:14:55:59 -0800] "GET / HTTP/1.1" 200 11061 "-" "BUbiNG (+http://law.di.unimi.it/BUbiNG.html)" 
35.153.18.89 - - [31/Jan/2018:14:57:17 -0800] "GET /maccdc2012/maccdc2012_fast_alert.7z HTTP/1.1" 200 3272226 "-" "BUbiNG (+http://law.di.unimi.it/BUbiNG.html)" 
35.153.18.89 - - [31/Jan/2018:14:59:46 -0800] "GET /maccdc2012/maccdc2012_full_alert.7z HTTP/1.1" 200 2182996 "-" "BUbiNG (+http://law.di.unimi.it/BUbiNG.html)" 
35.153.18.89 - - [31/Jan/2018:15:00:21 -0800] "GET /tg_snort_fast.7z HTTP/1.1" 404 340 "-" "BUbiNG (+http://law.di.unimi.it/BUbiNG.html)" 
35.153.18.89 - - [31/Jan/2018:15:00:51 -0800] "GET /tg_snort_full.7z HTTP/1.1" 404 340 "-" "BUbiNG (+http://law.di.unimi.it/BUbiNG.html)" 
35.153.18.89 - - [31/Jan/2018:15:01:21 -0800] "GET /self.logs/ HTTP/1.1" 200 8073 "-" "BUbiNG (+http://law.di.unimi.it/BUbiNG.html)" 
35.153.18.89 - - [31/Jan/2018:15:01:52 -0800] "GET /data HTTP/1.1" 404 340 "-" "BUbiNG (+http://law.di.unimi.it/BUbiNG.html)" 
109.192.251.169 - - [31/Jan/2018:15:02:09 -0800] "GET / HTTP/1.1" 200 11061 "https://www.google.de/" "Mozilla/5.0 (Macintosh; Intel Mac OS X 10_13_2) AppleWebKit/537.36 (KHTML, like Gecko) Chrome/63.0.3239.132 Safari/537.36" 
109.192.251.169 - - [31/Jan/2018:15:02:10 -0800] "GET /GitHub-Mark.png HTTP/1.1" 200 7427 "http://www.secrepo.com/" "Mozilla/5.0 (Macintosh; Intel Mac OS X 10_13_2) AppleWebKit/537.36 (KHTML, like Gecko) Chrome/63.0.3239.132 Safari/537.36" 
109.192.251.169 - - [31/Jan/2018:15:02:10 -0800] "GET /bootstrap/img/favicon.ico HTTP/1.1" 200 589 "http://www.secrepo.com/" "Mozilla/5.0 (Macintosh; Intel Mac OS X 10_13_2) AppleWebKit/537.36 (KHTML, like Gecko) Chrome/63.0.3239.132 Safari/537.36" 
35.153.18.89 - - [31/Jan/2018:15:02:23 -0800] "GET /tg/tg_snort_fast.7z HTTP/1.1" 200 2252780 "-" "BUbiNG (+http://law.di.unimi.it/BUbiNG.html)" 
109.192.251.169 - - [31/Jan/2018:15:02:42 -0800] "GET /maccdc2012/ssl.log.gz HTTP/1.1" 200 1313675 "-" "Mozilla/5.0 (Macintosh; Intel Mac OS X 10_13_2) AppleWebKit/537.36 (KHTML, like Gecko) Chrome/63.0.3239.132 Safari/537.36" 
109.192.251.169 - - [31/Jan/2018:15:02:42 -0800] "GET /maccdc2012/ssl.log.gz HTTP/1.1" 200 1313675 "-" "Mozilla/5.0 (Macintosh; Intel Mac OS X 10_13_2) AppleWebKit/537.36 (KHTML, like Gecko) Chrome/63.0.3239.132 Safari/537.36" 
35.153.18.89 - - [31/Jan/2018:15:02:53 -0800] "GET /tg/tg_snort_full.7z HTTP/1.1" 200 2434878 "-" "BUbiNG (+http://law.di.unimi.it/BUbiNG.html)" 
35.153.18.89 - - [31/Jan/2018:15:03:25 -0800] "GET /honeypot/BSidesDFW%20-%202014.ipynb HTTP/1.1" 200 930836 "-" "BUbiNG (+http://law.di.unimi.it/BUbiNG.html)" 
130.85.238.234 - - [31/Jan/2018:15:04:06 -0800] "GET / HTTP/1.1" 200 11061 "-" "Mozilla/5.0 (X11; Ubuntu; Linux x86_64; rv:58.0) Gecko/20100101 Firefox/58.0" 
130.85.238.234 - - [31/Jan/2018:15:04:06 -0800] "GET / HTTP/1.1" 200 11061 "-" "Mozilla/5.0 (X11; Ubuntu; Linux x86_64; rv:58.0) Gecko/20100101 Firefox/58.0" 
130.85.238.234 - - [31/Jan/2018:15:04:06 -0800] "GET /GitHub-Mark.png HTTP/1.1" 200 7428 "http://www.secrepo.com/" "Mozilla/5.0 (X11; Ubuntu; Linux x86_64; rv:58.0) Gecko/20100101 Firefox/58.0" 
130.85.238.234 - - [31/Jan/2018:15:04:06 -0800] "GET /twitter-icon.png HTTP/1.1" 200 27787 "http://www.secrepo.com/" "Mozilla/5.0 (X11; Ubuntu; Linux x86_64; rv:58.0) Gecko/20100101 Firefox/58.0" 
130.85.238.234 - - [31/Jan/2018:15:04:07 -0800] "GET /bootstrap/img/favicon.ico HTTP/1.1" 200 589 "-" "Mozilla/5.0 (X11; Ubuntu; Linux x86_64; rv:58.0) Gecko/20100101 Firefox/58.0" 
35.153.18.89 - - [31/Jan/2018:15:04:22 -0800] "GET /self.logs/?C=N;O=D HTTP/1.1" 200 8100 "-" "BUbiNG (+http://law.di.unimi.it/BUbiNG.html)" 
35.153.18.89 - - [31/Jan/2018:15:05:12 -0800] "GET /self.logs/?C=M;O=A HTTP/1.1" 200 8354 "-" "BUbiNG (+http://law.di.unimi.it/BUbiNG.html)" 
77.75.76.164 - - [31/Jan/2018:15:05:38 -0800] "GET /robots.txt HTTP/1.1" 200 334 "-" "Mozilla/5.0 (compatible; SeznamBot/3.2; +http://napoveda.seznam.cz/en/seznambot-intro/)" 
77.75.76.164 - - [31/Jan/2018:15:05:39 -0800] "GET /self.logs/2016/ HTTP/1.1" 200 7741 "-" "Mozilla/5.0 (compatible; SeznamBot/3.2; +http://napoveda.seznam.cz/en/seznambot-intro/)" 
35.153.18.89 - - [31/Jan/2018:15:05:49 -0800] "GET /self.logs/?C=S;O=A HTTP/1.1" 200 9008 "-" "BUbiNG (+http://law.di.unimi.it/BUbiNG.html)" 
109.192.251.169 - - [31/Jan/2018:15:06:20 -0800] "GET /maccdc2012/weird.log.gz HTTP/1.1" 200 1242777 "-" "Mozilla/5.0 (Macintosh; Intel Mac OS X 10_13_2) AppleWebKit/537.36 (KHTML, like Gecko) Chrome/63.0.3239.132 Safari/537.36" 
35.153.18.89 - - [31/Jan/2018:15:06:25 -0800] "GET /self.logs/?C=D;O=A HTTP/1.1" 200 8073 "-" "BUbiNG (+http://law.di.unimi.it/BUbiNG.html)" 
109.192.251.169 - - [31/Jan/2018:15:06:10 -0800] "GET /maccdc2012/http.log.gz HTTP/1.1" 200 54258816 "-" "Mozilla/5.0 (Macintosh; Intel Mac OS X 10_13_2) AppleWebKit/537.36 (KHTML, like Gecko) Chrome/63.0.3239.132 Safari/537.36" 
40.77.167.184 - - [31/Jan/2018:15:07:02 -0800] "GET /self.logs/error.log.2017-04-24.gz HTTP/1.1" 200 838 "-" "Mozilla/5.0 (compatible; bingbot/2.0; +http://www.bing.com/bingbot.htm)" 
35.153.18.89 - - [31/Jan/2018:15:07:03 -0800] "GET /self.logs/2015/ HTTP/1.1" 200 7437 "-" "BUbiNG (+http://law.di.unimi.it/BUbiNG.html)" 
35.153.18.89 - - [31/Jan/2018:15:07:45 -0800] "GET /self.logs/2016/ HTTP/1.1" 200 7741 "-" "BUbiNG (+http://law.di.unimi.it/BUbiNG.html)" 
164.132.162.157 - - [31/Jan/2018:15:13:23 -0800] "GET /self.logs/error.log.2015-10-20.gz HTTP/1.1" 404 284 "-" "Mozilla/5.0 (compatible; AhrefsBot/5.2; +http://ahrefs.com/robot/)" 
134.83.1.243 - - [31/Jan/2018:15:14:17 -0800] "GET / HTTP/1.1" 200 11061 "https://www.google.co.uk/" "Mozilla/5.0 (Windows NT 6.3; Win64; x64) AppleWebKit/537.36 (KHTML, like Gecko) Chrome/63.0.3239.132 Safari/537.36" 
134.83.1.243 - - [31/Jan/2018:15:14:18 -0800] "GET /GitHub-Mark.png HTTP/1.1" 200 7428 "http://www.secrepo.com/" "Mozilla/5.0 (Windows NT 6.3; Win64; x64) AppleWebKit/537.36 (KHTML, like Gecko) Chrome/63.0.3239.132 Safari/537.36" 
134.83.1.243 - - [31/Jan/2018:15:14:18 -0800] "GET /twitter-icon.png HTTP/1.1" 200 27787 "http://www.secrepo.com/" "Mozilla/5.0 (Windows NT 6.3; Win64; x64) AppleWebKit/537.36 (KHTML, like Gecko) Chrome/63.0.3239.132 Safari/537.36" 
134.83.1.243 - - [31/Jan/2018:15:14:19 -0800] "GET /bootstrap/img/favicon.ico HTTP/1.1" 200 589 "http://www.secrepo.com/" "Mozilla/5.0 (Windows NT 6.3; Win64; x64) AppleWebKit/537.36 (KHTML, like Gecko) Chrome/63.0.3239.132 Safari/537.36" 
35.153.18.89 - - [31/Jan/2018:15:14:42 -0800] "GET /%22https:/twitter.com/sooshie/%22 HTTP/1.1" 404 340 "-" "BUbiNG (+http://law.di.unimi.it/BUbiNG.html)" 
134.83.1.243 - - [31/Jan/2018:15:14:56 -0800] "GET /self.logs/ HTTP/1.1" 200 8073 "http://www.secrepo.com/" "Mozilla/5.0 (Windows NT 6.3; Win64; x64) AppleWebKit/537.36 (KHTML, like Gecko) Chrome/63.0.3239.132 Safari/537.36" 
134.83.1.243 - - [31/Jan/2018:15:14:57 -0800] "GET /favicon.ico HTTP/1.1" 200 267 "http://www.secrepo.com/self.logs/" "Mozilla/5.0 (Windows NT 6.3; Win64; x64) AppleWebKit/537.36 (KHTML, like Gecko) Chrome/63.0.3239.132 Safari/537.36" 
134.83.1.243 - - [31/Jan/2018:15:15:12 -0800] "GET /self.logs/access.log.2017-01-01.gz HTTP/1.1" 200 17655 "http://www.secrepo.com/self.logs/" "Mozilla/5.0 (Windows NT 6.3; Win64; x64) AppleWebKit/537.36 (KHTML, like Gecko) Chrome/63.0.3239.132 Safari/537.36" 
35.153.18.89 - - [31/Jan/2018:15:15:21 -0800] "GET /%22https:/twitter.com/theroxyd/%22 HTTP/1.1" 404 340 "-" "BUbiNG (+http://law.di.unimi.it/BUbiNG.html)" 
35.153.18.89 - - [31/Jan/2018:15:16:14 -0800] "GET /%22http:/amunhoney.sourceforge.net/%22 HTTP/1.1" 404 340 "-" "BUbiNG (+http://law.di.unimi.it/BUbiNG.html)" 
35.153.18.89 - - [31/Jan/2018:15:16:52 -0800] "GET /%22http:/glastopf.org/%22 HTTP/1.1" 404 340 "-" "BUbiNG (+http://law.di.unimi.it/BUbiNG.html)" 
134.83.1.243 - - [31/Jan/2018:15:17:15 -0800] "GET /auth.log/auth.log.gz HTTP/1.1" 200 554524 "-" "Mozilla/5.0 (Windows NT 6.3; Win64; x64) AppleWebKit/537.36 (KHTML, like Gecko) Chrome/63.0.3239.132 Safari/537.36" 
35.153.18.89 - - [31/Jan/2018:15:17:32 -0800] "GET /%22http:/www.maxmind.com/%22 HTTP/1.1" 404 340 "-" "BUbiNG (+http://law.di.unimi.it/BUbiNG.html)" 
35.153.18.89 - - [31/Jan/2018:15:18:10 -0800] "GET /self.logs/?C=N;O=A HTTP/1.1" 200 8073 "-" "BUbiNG (+http://law.di.unimi.it/BUbiNG.html)" 
35.153.18.89 - - [31/Jan/2018:15:18:46 -0800] "GET /self.logs/?C=M;O=D HTTP/1.1" 200 8436 "-" "BUbiNG (+http://law.di.unimi.it/BUbiNG.html)" 
35.153.18.89 - - [31/Jan/2018:15:19:25 -0800] "GET /self.logs/?C=S;O=D HTTP/1.1" 200 8925 "-" "BUbiNG (+http://law.di.unimi.it/BUbiNG.html)" 
35.153.18.89 - - [31/Jan/2018:15:20:02 -0800] "GET /self.logs/2015/?C=N;O=D HTTP/1.1" 200 7480 "-" "BUbiNG (+http://law.di.unimi.it/BUbiNG.html)" 
35.153.18.89 - - [31/Jan/2018:15:20:40 -0800] "GET /self.logs/2015/?C=M;O=A HTTP/1.1" 200 7660 "-" "BUbiNG (+http://law.di.unimi.it/BUbiNG.html)" 
100.43.85.128 - - [31/Jan/2018:15:20:51 -0800] "GET /honeypot/Honeypot%20-%20Howto%20-%20BSides%20Austin.pdf HTTP/1.1" 200 2928460 "-" "Mozilla/5.0 (compatible; YandexBot/3.0; +http://yandex.com/bots)" 
35.153.18.89 - - [31/Jan/2018:15:21:24 -0800] "GET /self.logs/2015/?C=S;O=A HTTP/1.1" 200 8283 "-" "BUbiNG (+http://law.di.unimi.it/BUbiNG.html)" 
35.153.18.89 - - [31/Jan/2018:15:22:04 -0800] "GET /self.logs/2015/?C=D;O=A HTTP/1.1" 200 7437 "-" "BUbiNG (+http://law.di.unimi.it/BUbiNG.html)" 
35.153.18.89 - - [31/Jan/2018:15:22:45 -0800] "GET /self.logs/2016/?C=N;O=D HTTP/1.1" 200 7767 "-" "BUbiNG (+http://law.di.unimi.it/BUbiNG.html)" 
35.153.18.89 - - [31/Jan/2018:15:23:25 -0800] "GET /self.logs/2016/?C=M;O=A HTTP/1.1" 200 8047 "-" "BUbiNG (+http://law.di.unimi.it/BUbiNG.html)" 
102.181.194.40 - - [31/Jan/2018:15:23:51 -0800] "GET /tg/tg_snort_fast.7z HTTP/1.1" 304 131 "-" "Mozilla/5.0 Gecko/20100115 Firefox/3.6" 
35.153.18.89 - - [31/Jan/2018:15:24:07 -0800] "GET /self.logs/2016/?C=S;O=A HTTP/1.1" 200 8646 "-" "BUbiNG (+http://law.di.unimi.it/BUbiNG.html)" 
157.55.39.77 - - [31/Jan/2018:15:24:22 -0800] "GET /self.logs/access.log.2016-06-18.gz HTTP/1.1" 404 340 "-" "Mozilla/5.0 (compatible; bingbot/2.0; +http://www.bing.com/bingbot.htm)" 
86.127.242.186 - - [31/Jan/2018:15:24:44 -0800] "GET /wp-login.php HTTP/1.1" 404 295 "-" "Mozilla/5.0 (Windows NT 6.1; WOW64; rv:40.0) Gecko/20100101 Firefox/40.1" 
86.127.242.186 - - [31/Jan/2018:15:24:49 -0800] "GET /wp-login.php HTTP/1.1" 404 295 "-" "Mozilla/5.0 (Windows NT 6.1; WOW64; rv:40.0) Gecko/20100101 Firefox/40.1" 
86.127.242.186 - - [31/Jan/2018:15:24:54 -0800] "GET / HTTP/1.1" 200 37415 "-" "Mozilla/5.0 (Windows NT 6.1; WOW64; rv:40.0) Gecko/20100101 Firefox/40.1" 
35.153.18.89 - - [31/Jan/2018:15:25:00 -0800] "GET /self.logs/2016/?C=D;O=A HTTP/1.1" 200 7741 "-" "BUbiNG (+http://law.di.unimi.it/BUbiNG.html)" 
35.153.18.89 - - [31/Jan/2018:15:25:41 -0800] "GET /self.logs/2016/error.log.2016-01-22 HTTP/1.1" 200 334 "-" "BUbiNG (+http://law.di.unimi.it/BUbiNG.html)" 
76.169.234.221 - - [31/Jan/2018:15:33:36 -0800] "GET /bootstrap/img/favicon.ico HTTP/1.1" 200 590 "-" "Mozilla/5.0 (X11; Linux x86_64) AppleWebKit/537.36 (KHTML, like Gecko) Chrome/59.0.3071.115 Safari/537.36" 
54.36.148.126 - - [31/Jan/2018:15:35:53 -0800] "GET /self.logs/2015/error.log.2015-11-11.gz HTTP/1.1" 200 562 "-" "Mozilla/5.0 (compatible; AhrefsBot/5.2; +http://ahrefs.com/robot/)" 
34.239.253.144 - - [31/Jan/2018:15:42:16 -0800] "GET /robots.txt HTTP/1.1" 301 502 "-" "BUbiNG (+http://law.di.unimi.it/BUbiNG.html)" 
34.239.253.144 - - [31/Jan/2018:15:42:16 -0800] "GET /robots.txt HTTP/1.1" 200 334 "-" "BUbiNG (+http://law.di.unimi.it/BUbiNG.html)" 
51.255.65.83 - - [31/Jan/2018:15:42:40 -0800] "GET /self.logs/error.log.2016-10-10.gz HTTP/1.1" 404 284 "-" "Mozilla/5.0 (compatible; AhrefsBot/5.2; +http://ahrefs.com/robot/)" 
34.239.253.144 - - [31/Jan/2018:15:42:58 -0800] "GET / HTTP/1.1" 301 483 "-" "BUbiNG (+http://law.di.unimi.it/BUbiNG.html)" 
34.239.253.144 - - [31/Jan/2018:15:42:58 -0800] "GET / HTTP/1.1" 200 11061 "-" "BUbiNG (+http://law.di.unimi.it/BUbiNG.html)" 
23.253.92.35 - - [31/Jan/2018:15:44:01 -0800] "GET /robots.txt HTTP/1.1" 301 446 "-" "Tornado-Async-Client" 
23.253.92.35 - - [31/Jan/2018:15:44:01 -0800] "GET /honeypot/BSidesDFW%20-%202014.ipynb HTTP/1.1" 301 484 "-" "Tornado-Async-Client" 
23.253.92.35 - - [31/Jan/2018:15:44:01 -0800] "GET /robots.txt HTTP/1.1" 304 130 "-" "Tornado-Async-Client" 
23.253.92.35 - - [31/Jan/2018:15:44:01 -0800] "GET /honeypot/BSidesDFW%20-%202014.ipynb HTTP/1.1" 200 930780 "-" "Tornado-Async-Client" 
66.249.66.84 - - [31/Jan/2018:15:44:57 -0800] "GET /favicon.ico HTTP/1.1" 200 268 "-" "Googlebot-Image/1.0" 
144.48.9.47 - - [31/Jan/2018:15:45:37 -0800] "OPTIONS / HTTP/1.1" 200 270 "-" "Mozilla/5.0 (Windows NT 6.2; WOW64) AppleWebKit/537.36 (KHTML, like Gecko) Chrome/29.0.1547.0 Safari/537.36" 
152.99.104.253 - - [31/Jan/2018:15:47:02 -0800] "GET / HTTP/1.1" 200 11061 "-" "Mozilla/5.0 (Windows NT 10.0; Win64; x64) AppleWebKit/537.36 (KHTML, like Gecko) Chrome/58.0.3029.110 Safari/537.36 Edge/16.16299" 
152.99.104.253 - - [31/Jan/2018:15:47:03 -0800] "GET /twitter-icon.png HTTP/1.1" 200 27787 "http://www.secrepo.com/" "Mozilla/5.0 (Windows NT 10.0; Win64; x64) AppleWebKit/537.36 (KHTML, like Gecko) Chrome/58.0.3029.110 Safari/537.36 Edge/16.16299" 
152.99.104.253 - - [31/Jan/2018:15:47:03 -0800] "GET /GitHub-Mark.png HTTP/1.1" 200 7428 "http://www.secrepo.com/" "Mozilla/5.0 (Windows NT 10.0; Win64; x64) AppleWebKit/537.36 (KHTML, like Gecko) Chrome/58.0.3029.110 Safari/537.36 Edge/16.16299" 
162.230.117.145 - - [31/Jan/2018:15:47:03 -0800] "GET / HTTP/1.1" 200 11061 "https://www.google.com/" "Mozilla/5.0 (Windows NT 6.3; Win64; x64; rv:58.0) Gecko/20100101 Firefox/58.0" 
162.230.117.145 - - [31/Jan/2018:15:47:03 -0800] "GET /twitter-icon.png HTTP/1.1" 200 27787 "http://www.secrepo.com/" "Mozilla/5.0 (Windows NT 6.3; Win64; x64; rv:58.0) Gecko/20100101 Firefox/58.0" 
162.230.117.145 - - [31/Jan/2018:15:47:03 -0800] "GET /GitHub-Mark.png HTTP/1.1" 200 7427 "http://www.secrepo.com/" "Mozilla/5.0 (Windows NT 6.3; Win64; x64; rv:58.0) Gecko/20100101 Firefox/58.0" 
162.230.117.145 - - [31/Jan/2018:15:47:04 -0800] "GET /bootstrap/img/favicon.ico HTTP/1.1" 200 589 "-" "Mozilla/5.0 (Windows NT 6.3; Win64; x64; rv:58.0) Gecko/20100101 Firefox/58.0" 
152.99.104.253 - - [31/Jan/2018:15:47:05 -0800] "GET /bootstrap/img/favicon.ico HTTP/1.1" 200 590 "-" "Mozilla/5.0 (Windows NT 10.0; Win64; x64) AppleWebKit/537.36 (KHTML, like Gecko) Chrome/58.0.3029.110 Safari/537.36 Edge/16.16299" 
162.230.117.145 - - [31/Jan/2018:15:47:59 -0800] "GET /self.logs/ HTTP/1.1" 200 8073 "http://www.secrepo.com/" "Mozilla/5.0 (Windows NT 6.3; Win64; x64; rv:58.0) Gecko/20100101 Firefox/58.0" 
162.230.117.145 - - [31/Jan/2018:15:48:00 -0800] "GET /favicon.ico HTTP/1.1" 200 267 "-" "Mozilla/5.0 (Windows NT 6.3; Win64; x64; rv:58.0) Gecko/20100101 Firefox/58.0" 
162.230.117.145 - - [31/Jan/2018:15:48:14 -0800] "GET /self.logs/access.log.2017-10-13.gz HTTP/1.1" 200 169598 "http://www.secrepo.com/self.logs/" "Mozilla/5.0 (Windows NT 6.3; Win64; x64; rv:58.0) Gecko/20100101 Firefox/58.0" 
162.230.117.145 - - [31/Jan/2018:15:48:23 -0800] "GET /self.logs/2016/ HTTP/1.1" 200 7741 "http://www.secrepo.com/self.logs/" "Mozilla/5.0 (Windows NT 6.3; Win64; x64; rv:58.0) Gecko/20100101 Firefox/58.0" 
162.230.117.145 - - [31/Jan/2018:15:48:32 -0800] "GET /self.logs/2016/access.log.2016-01-02.gz HTTP/1.1" 200 5945 "http://www.secrepo.com/self.logs/2016/" "Mozilla/5.0 (Windows NT 6.3; Win64; x64; rv:58.0) Gecko/20100101 Firefox/58.0" 
162.230.117.145 - - [31/Jan/2018:15:48:41 -0800] "GET /self.logs/ HTTP/1.1" 200 8073 "http://www.secrepo.com/self.logs/2016/" "Mozilla/5.0 (Windows NT 6.3; Win64; x64; rv:58.0) Gecko/20100101 Firefox/58.0" 
162.230.117.145 - - [31/Jan/2018:15:48:43 -0800] "GET /self.logs/?C=S;O=A HTTP/1.1" 200 9007 "http://www.secrepo.com/self.logs/" "Mozilla/5.0 (Windows NT 6.3; Win64; x64; rv:58.0) Gecko/20100101 Firefox/58.0" 
162.230.117.145 - - [31/Jan/2018:15:49:06 -0800] "GET /self.logs/access.log.2017-10-13.gz HTTP/1.1" 200 169598 "http://www.secrepo.com/self.logs/?C=S;O=A" "Mozilla/5.0 (Windows NT 6.3; Win64; x64; rv:58.0) Gecko/20100101 Firefox/58.0" 
162.230.117.145 - - [31/Jan/2018:15:49:22 -0800] "GET /self.logs/2016/ HTTP/1.1" 200 7741 "http://www.secrepo.com/self.logs/?C=S;O=A" "Mozilla/5.0 (Windows NT 6.3; Win64; x64; rv:58.0) Gecko/20100101 Firefox/58.0" 
162.230.117.145 - - [31/Jan/2018:15:49:24 -0800] "GET /self.logs/2016/?C=S;O=A HTTP/1.1" 200 8646 "http://www.secrepo.com/self.logs/2016/" "Mozilla/5.0 (Windows NT 6.3; Win64; x64; rv:58.0) Gecko/20100101 Firefox/58.0" 
162.230.117.145 - - [31/Jan/2018:15:49:34 -0800] "GET /self.logs/2016/access.log.2016-10-21.gz HTTP/1.1" 200 58580 "http://www.secrepo.com/self.logs/2016/?C=S;O=A" "Mozilla/5.0 (Windows NT 6.3; Win64; x64; rv:58.0) Gecko/20100101 Firefox/58.0" 
162.230.117.145 - - [31/Jan/2018:15:47:51 -0800] "GET /maccdc2012/http.log.gz HTTP/1.1" 200 54258816 "http://www.secrepo.com/" "Mozilla/5.0 (Windows NT 6.3; Win64; x64; rv:58.0) Gecko/20100101 Firefox/58.0" 
35.153.18.89 - - [31/Jan/2018:15:51:46 -0800] "GET /self.logs/2015/?C=N;O=A HTTP/1.1" 200 7437 "-" "BUbiNG (+http://law.di.unimi.it/BUbiNG.html)" 
102.181.194.40 - - [31/Jan/2018:15:52:36 -0800] "GET /maccdc2012/dns.log.gz HTTP/1.1" 304 154 "-" "Mozilla/5.0 Gecko/20100115 Firefox/3.6" 
211.244.1.221 - - [31/Jan/2018:15:53:13 -0800] "GET /wp-login.php HTTP/1.1" 404 295 "-" "Mozilla/5.0 (Windows NT 6.1; WOW64; rv:40.0) Gecko/20100101 Firefox/40.1" 
211.244.1.221 - - [31/Jan/2018:15:53:18 -0800] "GET /wp-login.php HTTP/1.1" 404 295 "-" "Mozilla/5.0 (Windows NT 6.1; WOW64; rv:40.0) Gecko/20100101 Firefox/40.1" 
211.244.1.221 - - [31/Jan/2018:15:53:24 -0800] "GET / HTTP/1.1" 200 37415 "-" "Mozilla/5.0 (Windows NT 6.1; WOW64; rv:40.0) Gecko/20100101 Firefox/40.1" 
35.153.18.89 - - [31/Jan/2018:15:53:55 -0800] "GET /self.logs/2015/?C=M;O=D HTTP/1.1" 200 7666 "-" "BUbiNG (+http://law.di.unimi.it/BUbiNG.html)" 
69.180.187.27 - - [31/Jan/2018:15:55:06 -0800] "GET / HTTP/1.1" 200 11061 "-" "Mozilla/5.0 (Macintosh; Intel Mac OS X 10_13_2) AppleWebKit/604.4.7 (KHTML, like Gecko)" 
69.180.187.27 - - [31/Jan/2018:15:55:06 -0800] "GET /apple-touch-icon-precomposed.png HTTP/1.1" 404 340 "-" "Safari/13604.4.7.1.3 CFNetwork/893.13.1 Darwin/17.3.0 (x86_64)" 
69.180.187.27 - - [31/Jan/2018:15:55:06 -0800] "GET /apple-touch-icon.png HTTP/1.1" 404 339 "-" "Safari/13604.4.7.1.3 CFNetwork/893.13.1 Darwin/17.3.0 (x86_64)" 
69.180.187.27 - - [31/Jan/2018:15:55:06 -0800] "GET /bootstrap/img/favicon.ico HTTP/1.1" 200 589 "-" "Safari/13604.4.7.1.3 CFNetwork/893.13.1 Darwin/17.3.0 (x86_64)" 
69.180.187.27 - - [31/Jan/2018:15:55:06 -0800] "GET / HTTP/1.1" 200 11060 "-" "\"Mozilla/5.0 (iPhone; CPU iPhone OS 11_0 like Mac OS X) AppleWebKit/604.1.38 (KHTML, like Gecko) Version/11.0 Mobile/15A372 Safari/604.1\"" 
69.180.187.27 - - [31/Jan/2018:15:55:06 -0800] "GET /apple-touch-icon-precomposed.png HTTP/1.1" 404 339 "-" "Safari/13604.4.7.1.3 CFNetwork/893.13.1 Darwin/17.3.0 (x86_64)" 
69.180.187.27 - - [31/Jan/2018:15:55:06 -0800] "GET /apple-touch-icon.png HTTP/1.1" 404 339 "-" "Safari/13604.4.7.1.3 CFNetwork/893.13.1 Darwin/17.3.0 (x86_64)" 
69.180.187.27 - - [31/Jan/2018:15:55:06 -0800] "GET /bootstrap/img/favicon.ico HTTP/1.1" 200 589 "-" "Safari/13604.4.7.1.3 CFNetwork/893.13.1 Darwin/17.3.0 (x86_64)" 
35.153.18.89 - - [31/Jan/2018:15:55:15 -0800] "GET /self.logs/2015/?C=S;O=D HTTP/1.1" 200 8253 "-" "BUbiNG (+http://law.di.unimi.it/BUbiNG.html)" 
51.255.71.123 - - [31/Jan/2018:15:59:06 -0800] "GET /self.logs/2015/access.log.2015-10-18.gz HTTP/1.1" 200 4357 "-" "Mozilla/5.0 (compatible; AhrefsBot/5.2; +http://ahrefs.com/robot/)" 
162.230.117.145 - - [31/Jan/2018:16:01:14 -0800] "GET /self.logs/ HTTP/1.1" 200 8073 "http://www.secrepo.com/" "Mozilla/5.0 (Windows NT 6.3; Win64; x64; rv:58.0) Gecko/20100101 Firefox/58.0" 
162.230.117.145 - - [31/Jan/2018:16:01:17 -0800] "GET /self.logs/access.log.2017-01-05.gz HTTP/1.1" 200 42279 "http://www.secrepo.com/self.logs/" "Mozilla/5.0 (Windows NT 6.3; Win64; x64; rv:58.0) Gecko/20100101 Firefox/58.0" 
162.230.117.145 - - [31/Jan/2018:16:01:30 -0800] "GET /self.logs/ HTTP/1.1" 200 8073 "http://www.secrepo.com/" "Mozilla/5.0 (Windows NT 6.3; Win64; x64; rv:58.0) Gecko/20100101 Firefox/58.0" 
162.230.117.145 - - [31/Jan/2018:16:01:43 -0800] "GET /self.logs/access.log.2017-01-06.gz HTTP/1.1" 200 20513 "-" "Wget/1.17.1 (linux-gnu)" 
35.153.18.89 - - [31/Jan/2018:16:01:56 -0800] "GET /self.logs/2016/?C=N;O=A HTTP/1.1" 200 7741 "-" "BUbiNG (+http://law.di.unimi.it/BUbiNG.html)" 
35.153.18.89 - - [31/Jan/2018:16:02:56 -0800] "GET /self.logs/2016/?C=M;O=D HTTP/1.1" 200 8020 "-" "BUbiNG (+http://law.di.unimi.it/BUbiNG.html)" 
35.153.18.89 - - [31/Jan/2018:16:03:51 -0800] "GET /self.logs/2016/?C=S;O=D HTTP/1.1" 200 8572 "-" "BUbiNG (+http://law.di.unimi.it/BUbiNG.html)" 
162.230.117.145 - - [31/Jan/2018:16:03:58 -0800] "GET /self.logs/ HTTP/1.1" 200 76053 "-" "Wget/1.17.1 (linux-gnu)" 
162.230.117.145 - - [31/Jan/2018:16:03:58 -0800] "GET /robots.txt HTTP/1.1" 200 288 "-" "Wget/1.17.1 (linux-gnu)" 
162.230.117.145 - - [31/Jan/2018:16:03:59 -0800] "GET /self.logs/?C=N;O=D HTTP/1.1" 200 76052 "http://www.secrepo.com/self.logs/" "Wget/1.17.1 (linux-gnu)" 
162.230.117.145 - - [31/Jan/2018:16:03:59 -0800] "GET /self.logs/?C=M;O=A HTTP/1.1" 200 76052 "http://www.secrepo.com/self.logs/" "Wget/1.17.1 (linux-gnu)" 
162.230.117.145 - - [31/Jan/2018:16:03:59 -0800] "GET /self.logs/?C=S;O=A HTTP/1.1" 200 76052 "http://www.secrepo.com/self.logs/" "Wget/1.17.1 (linux-gnu)" 
162.230.117.145 - - [31/Jan/2018:16:03:59 -0800] "GET /self.logs/?C=D;O=A HTTP/1.1" 200 76052 "http://www.secrepo.com/self.logs/" "Wget/1.17.1 (linux-gnu)" 
162.230.117.145 - - [31/Jan/2018:16:04:00 -0800] "GET /self.logs/2015/ HTTP/1.1" 200 67472 "http://www.secrepo.com/self.logs/" "Wget/1.17.1 (linux-gnu)" 
162.230.117.145 - - [31/Jan/2018:16:04:00 -0800] "GET /self.logs/2016/ HTTP/1.1" 200 70733 "http://www.secrepo.com/self.logs/" "Wget/1.17.1 (linux-gnu)" 
162.230.117.145 - - [31/Jan/2018:16:04:00 -0800] "GET /self.logs/access.log.2017-01-01.gz HTTP/1.1" 200 17567 "http://www.secrepo.com/self.logs/" "Wget/1.17.1 (linux-gnu)" 
162.230.117.145 - - [31/Jan/2018:16:04:00 -0800] "GET /self.logs/access.log.2017-01-02.gz HTTP/1.1" 200 26718 "http://www.secrepo.com/self.logs/" "Wget/1.17.1 (linux-gnu)" 
162.230.117.145 - - [31/Jan/2018:16:04:00 -0800] "GET /self.logs/access.log.2017-01-03.gz HTTP/1.1" 200 41053 "http://www.secrepo.com/self.logs/" "Wget/1.17.1 (linux-gnu)" 
162.230.117.145 - - [31/Jan/2018:16:04:00 -0800] "GET /self.logs/access.log.2017-01-04.gz HTTP/1.1" 200 33753 "http://www.secrepo.com/self.logs/" "Wget/1.17.1 (linux-gnu)" 
162.230.117.145 - - [31/Jan/2018:16:04:01 -0800] "GET /self.logs/access.log.2017-01-05.gz HTTP/1.1" 200 42599 "http://www.secrepo.com/self.logs/" "Wget/1.17.1 (linux-gnu)" 
162.230.117.145 - - [31/Jan/2018:16:04:01 -0800] "GET /self.logs/access.log.2017-01-06.gz HTTP/1.1" 200 20512 "http://www.secrepo.com/self.logs/" "Wget/1.17.1 (linux-gnu)" 
162.230.117.145 - - [31/Jan/2018:16:04:01 -0800] "GET /self.logs/access.log.2017-01-07.gz HTTP/1.1" 200 17208 "http://www.secrepo.com/self.logs/" "Wget/1.17.1 (linux-gnu)" 
162.230.117.145 - - [31/Jan/2018:16:04:01 -0800] "GET /self.logs/access.log.2017-01-08.gz HTTP/1.1" 200 14836 "http://www.secrepo.com/self.logs/" "Wget/1.17.1 (linux-gnu)" 
162.230.117.145 - - [31/Jan/2018:16:04:01 -0800] "GET /self.logs/access.log.2017-01-09.gz HTTP/1.1" 200 24852 "http://www.secrepo.com/self.logs/" "Wget/1.17.1 (linux-gnu)" 
162.230.117.145 - - [31/Jan/2018:16:04:01 -0800] "GET /self.logs/access.log.2017-01-10.gz HTTP/1.1" 200 96115 "http://www.secrepo.com/self.logs/" "Wget/1.17.1 (linux-gnu)" 
162.230.117.145 - - [31/Jan/2018:16:04:01 -0800] "GET /self.logs/access.log.2017-01-11.gz HTTP/1.1" 200 92945 "http://www.secrepo.com/self.logs/" "Wget/1.17.1 (linux-gnu)" 
162.230.117.145 - - [31/Jan/2018:16:04:02 -0800] "GET /self.logs/access.log.2017-01-12.gz HTTP/1.1" 200 86463 "http://www.secrepo.com/self.logs/" "Wget/1.17.1 (linux-gnu)" 
162.230.117.145 - - [31/Jan/2018:16:04:02 -0800] "GET /self.logs/access.log.2017-01-13.gz HTTP/1.1" 200 16593 "http://www.secrepo.com/self.logs/" "Wget/1.17.1 (linux-gnu)" 
162.230.117.145 - - [31/Jan/2018:16:04:02 -0800] "GET /self.logs/access.log.2017-01-14.gz HTTP/1.1" 200 10746 "http://www.secrepo.com/self.logs/" "Wget/1.17.1 (linux-gnu)" 
162.230.117.145 - - [31/Jan/2018:16:04:02 -0800] "GET /self.logs/access.log.2017-01-15.gz HTTP/1.1" 200 13635 "http://www.secrepo.com/self.logs/" "Wget/1.17.1 (linux-gnu)" 
162.230.117.145 - - [31/Jan/2018:16:04:02 -0800] "GET /self.logs/access.log.2017-01-16.gz HTTP/1.1" 200 42974 "http://www.secrepo.com/self.logs/" "Wget/1.17.1 (linux-gnu)" 
162.230.117.145 - - [31/Jan/2018:16:04:02 -0800] "GET /self.logs/access.log.2017-01-17.gz HTTP/1.1" 200 18382 "http://www.secrepo.com/self.logs/" "Wget/1.17.1 (linux-gnu)" 
162.230.117.145 - - [31/Jan/2018:16:04:03 -0800] "GET /self.logs/access.log.2017-01-18.gz HTTP/1.1" 200 15257 "http://www.secrepo.com/self.logs/" "Wget/1.17.1 (linux-gnu)" 
162.230.117.145 - - [31/Jan/2018:16:04:03 -0800] "GET /self.logs/access.log.2017-01-19.gz HTTP/1.1" 200 18275 "http://www.secrepo.com/self.logs/" "Wget/1.17.1 (linux-gnu)" 
162.230.117.145 - - [31/Jan/2018:16:04:03 -0800] "GET /self.logs/access.log.2017-01-20.gz HTTP/1.1" 200 12903 "http://www.secrepo.com/self.logs/" "Wget/1.17.1 (linux-gnu)" 
162.230.117.145 - - [31/Jan/2018:16:04:03 -0800] "GET /self.logs/access.log.2017-01-21.gz HTTP/1.1" 200 19533 "http://www.secrepo.com/self.logs/" "Wget/1.17.1 (linux-gnu)" 
162.230.117.145 - - [31/Jan/2018:16:04:03 -0800] "GET /self.logs/access.log.2017-01-22.gz HTTP/1.1" 200 12354 "http://www.secrepo.com/self.logs/" "Wget/1.17.1 (linux-gnu)" 
162.230.117.145 - - [31/Jan/2018:16:04:03 -0800] "GET /self.logs/access.log.2017-01-23.gz HTTP/1.1" 200 45589 "http://www.secrepo.com/self.logs/" "Wget/1.17.1 (linux-gnu)" 
162.230.117.145 - - [31/Jan/2018:16:04:03 -0800] "GET /self.logs/access.log.2017-01-24.gz HTTP/1.1" 200 17002 "http://www.secrepo.com/self.logs/" "Wget/1.17.1 (linux-gnu)" 
162.230.117.145 - - [31/Jan/2018:16:04:03 -0800] "GET /self.logs/access.log.2017-01-25.gz HTTP/1.1" 200 19068 "http://www.secrepo.com/self.logs/" "Wget/1.17.1 (linux-gnu)" 
162.230.117.145 - - [31/Jan/2018:16:04:03 -0800] "GET /self.logs/access.log.2017-01-26.gz HTTP/1.1" 200 23962 "http://www.secrepo.com/self.logs/" "Wget/1.17.1 (linux-gnu)" 
162.230.117.145 - - [31/Jan/2018:16:04:04 -0800] "GET /self.logs/access.log.2017-01-27.gz HTTP/1.1" 200 18182 "http://www.secrepo.com/self.logs/" "Wget/1.17.1 (linux-gnu)" 
162.230.117.145 - - [31/Jan/2018:16:04:04 -0800] "GET /self.logs/access.log.2017-01-28.gz HTTP/1.1" 200 17478 "http://www.secrepo.com/self.logs/" "Wget/1.17.1 (linux-gnu)" 
162.230.117.145 - - [31/Jan/2018:16:04:04 -0800] "GET /self.logs/access.log.2017-01-29.gz HTTP/1.1" 200 31297 "http://www.secrepo.com/self.logs/" "Wget/1.17.1 (linux-gnu)" 
162.230.117.145 - - [31/Jan/2018:16:04:04 -0800] "GET /self.logs/access.log.2017-01-30.gz HTTP/1.1" 200 29673 "http://www.secrepo.com/self.logs/" "Wget/1.17.1 (linux-gnu)" 
162.230.117.145 - - [31/Jan/2018:16:04:04 -0800] "GET /self.logs/access.log.2017-01-31.gz HTTP/1.1" 200 19787 "http://www.secrepo.com/self.logs/" "Wget/1.17.1 (linux-gnu)" 
162.230.117.145 - - [31/Jan/2018:16:04:04 -0800] "GET /self.logs/access.log.2017-02-01.gz HTTP/1.1" 200 27029 "http://www.secrepo.com/self.logs/" "Wget/1.17.1 (linux-gnu)" 
185.200.214.45 - - [31/Jan/2018:16:04:04 -0800] "GET /wp-login.php HTTP/1.1" 404 295 "-" "Mozilla/5.0 (Windows NT 6.1; WOW64; rv:40.0) Gecko/20100101 Firefox/40.1" 
162.230.117.145 - - [31/Jan/2018:16:04:04 -0800] "GET /self.logs/access.log.2017-02-02.gz HTTP/1.1" 200 23946 "http://www.secrepo.com/self.logs/" "Wget/1.17.1 (linux-gnu)" 
162.230.117.145 - - [31/Jan/2018:16:04:04 -0800] "GET /self.logs/access.log.2017-02-03.gz HTTP/1.1" 200 16217 "http://www.secrepo.com/self.logs/" "Wget/1.17.1 (linux-gnu)" 
162.230.117.145 - - [31/Jan/2018:16:04:05 -0800] "GET /self.logs/access.log.2017-02-04.gz HTTP/1.1" 200 13191 "http://www.secrepo.com/self.logs/" "Wget/1.17.1 (linux-gnu)" 
162.230.117.145 - - [31/Jan/2018:16:04:05 -0800] "GET /self.logs/access.log.2017-02-05.gz HTTP/1.1" 200 17885 "http://www.secrepo.com/self.logs/" "Wget/1.17.1 (linux-gnu)" 
162.230.117.145 - - [31/Jan/2018:16:04:05 -0800] "GET /self.logs/access.log.2017-02-06.gz HTTP/1.1" 200 29999 "http://www.secrepo.com/self.logs/" "Wget/1.17.1 (linux-gnu)" 
162.230.117.145 - - [31/Jan/2018:16:04:05 -0800] "GET /self.logs/access.log.2017-02-07.gz HTTP/1.1" 200 19863 "http://www.secrepo.com/self.logs/" "Wget/1.17.1 (linux-gnu)" 
162.230.117.145 - - [31/Jan/2018:16:04:05 -0800] "GET /self.logs/access.log.2017-02-08.gz HTTP/1.1" 200 31188 "http://www.secrepo.com/self.logs/" "Wget/1.17.1 (linux-gnu)" 
162.230.117.145 - - [31/Jan/2018:16:04:05 -0800] "GET /self.logs/access.log.2017-02-09.gz HTTP/1.1" 200 22742 "http://www.secrepo.com/self.logs/" "Wget/1.17.1 (linux-gnu)" 
162.230.117.145 - - [31/Jan/2018:16:04:05 -0800] "GET /self.logs/access.log.2017-02-10.gz HTTP/1.1" 200 36457 "http://www.secrepo.com/self.logs/" "Wget/1.17.1 (linux-gnu)" 
162.230.117.145 - - [31/Jan/2018:16:04:05 -0800] "GET /self.logs/access.log.2017-02-11.gz HTTP/1.1" 200 35539 "http://www.secrepo.com/self.logs/" "Wget/1.17.1 (linux-gnu)" 
162.230.117.145 - - [31/Jan/2018:16:04:05 -0800] "GET /self.logs/access.log.2017-02-12.gz HTTP/1.1" 200 17708 "http://www.secrepo.com/self.logs/" "Wget/1.17.1 (linux-gnu)" 
162.230.117.145 - - [31/Jan/2018:16:04:06 -0800] "GET /self.logs/access.log.2017-02-13.gz HTTP/1.1" 200 25422 "http://www.secrepo.com/self.logs/" "Wget/1.17.1 (linux-gnu)" 
162.230.117.145 - - [31/Jan/2018:16:04:06 -0800] "GET /self.logs/access.log.2017-02-14.gz HTTP/1.1" 200 53631 "http://www.secrepo.com/self.logs/" "Wget/1.17.1 (linux-gnu)" 
162.230.117.145 - - [31/Jan/2018:16:04:06 -0800] "GET /self.logs/access.log.2017-02-15.gz HTTP/1.1" 200 25108 "http://www.secrepo.com/self.logs/" "Wget/1.17.1 (linux-gnu)" 
162.230.117.145 - - [31/Jan/2018:16:04:06 -0800] "GET /self.logs/access.log.2017-02-16.gz HTTP/1.1" 200 17532 "http://www.secrepo.com/self.logs/" "Wget/1.17.1 (linux-gnu)" 
162.230.117.145 - - [31/Jan/2018:16:04:06 -0800] "GET /self.logs/access.log.2017-02-17.gz HTTP/1.1" 200 14910 "http://www.secrepo.com/self.logs/" "Wget/1.17.1 (linux-gnu)" 
162.230.117.145 - - [31/Jan/2018:16:04:06 -0800] "GET /self.logs/access.log.2017-02-18.gz HTTP/1.1" 200 20947 "http://www.secrepo.com/self.logs/" "Wget/1.17.1 (linux-gnu)" 
162.230.117.145 - - [31/Jan/2018:16:04:06 -0800] "GET /self.logs/access.log.2017-02-19.gz HTTP/1.1" 200 16358 "http://www.secrepo.com/self.logs/" "Wget/1.17.1 (linux-gnu)" 
162.230.117.145 - - [31/Jan/2018:16:04:06 -0800] "GET /self.logs/access.log.2017-02-20.gz HTTP/1.1" 200 18986 "http://www.secrepo.com/self.logs/" "Wget/1.17.1 (linux-gnu)" 
162.230.117.145 - - [31/Jan/2018:16:04:07 -0800] "GET /self.logs/access.log.2017-02-21.gz HTTP/1.1" 200 15912 "http://www.secrepo.com/self.logs/" "Wget/1.17.1 (linux-gnu)" 
162.230.117.145 - - [31/Jan/2018:16:04:07 -0800] "GET /self.logs/access.log.2017-02-22.gz HTTP/1.1" 200 24300 "http://www.secrepo.com/self.logs/" "Wget/1.17.1 (linux-gnu)" 
162.230.117.145 - - [31/Jan/2018:16:04:07 -0800] "GET /self.logs/access.log.2017-02-23.gz HTTP/1.1" 200 20593 "http://www.secrepo.com/self.logs/" "Wget/1.17.1 (linux-gnu)" 
162.230.117.145 - - [31/Jan/2018:16:04:07 -0800] "GET /self.logs/access.log.2017-02-24.gz HTTP/1.1" 200 66985 "http://www.secrepo.com/self.logs/" "Wget/1.17.1 (linux-gnu)" 
162.230.117.145 - - [31/Jan/2018:16:04:07 -0800] "GET /self.logs/access.log.2017-02-25.gz HTTP/1.1" 200 13176 "http://www.secrepo.com/self.logs/" "Wget/1.17.1 (linux-gnu)" 
162.230.117.145 - - [31/Jan/2018:16:04:07 -0800] "GET /self.logs/access.log.2017-02-26.gz HTTP/1.1" 200 39630 "http://www.secrepo.com/self.logs/" "Wget/1.17.1 (linux-gnu)" 
162.230.117.145 - - [31/Jan/2018:16:04:07 -0800] "GET /self.logs/access.log.2017-02-27.gz HTTP/1.1" 200 37697 "http://www.secrepo.com/self.logs/" "Wget/1.17.1 (linux-gnu)" 
162.230.117.145 - - [31/Jan/2018:16:04:07 -0800] "GET /self.logs/access.log.2017-02-28.gz HTTP/1.1" 200 21526 "http://www.secrepo.com/self.logs/" "Wget/1.17.1 (linux-gnu)" 
162.230.117.145 - - [31/Jan/2018:16:04:08 -0800] "GET /self.logs/access.log.2017-03-01.gz HTTP/1.1" 200 20634 "http://www.secrepo.com/self.logs/" "Wget/1.17.1 (linux-gnu)" 
162.230.117.145 - - [31/Jan/2018:16:04:08 -0800] "GET /self.logs/access.log.2017-03-02.gz HTTP/1.1" 200 25262 "http://www.secrepo.com/self.logs/" "Wget/1.17.1 (linux-gnu)" 
162.230.117.145 - - [31/Jan/2018:16:04:08 -0800] "GET /self.logs/access.log.2017-03-03.gz HTTP/1.1" 200 18178 "http://www.secrepo.com/self.logs/" "Wget/1.17.1 (linux-gnu)" 
162.230.117.145 - - [31/Jan/2018:16:04:08 -0800] "GET /self.logs/access.log.2017-03-04.gz HTTP/1.1" 200 15616 "http://www.secrepo.com/self.logs/" "Wget/1.17.1 (linux-gnu)" 
162.230.117.145 - - [31/Jan/2018:16:04:08 -0800] "GET /self.logs/access.log.2017-03-05.gz HTTP/1.1" 200 14614 "http://www.secrepo.com/self.logs/" "Wget/1.17.1 (linux-gnu)" 
162.230.117.145 - - [31/Jan/2018:16:04:08 -0800] "GET /self.logs/access.log.2017-03-06.gz HTTP/1.1" 200 19583 "http://www.secrepo.com/self.logs/" "Wget/1.17.1 (linux-gnu)" 
162.230.117.145 - - [31/Jan/2018:16:04:08 -0800] "GET /self.logs/access.log.2017-03-07.gz HTTP/1.1" 200 21563 "http://www.secrepo.com/self.logs/" "Wget/1.17.1 (linux-gnu)" 
162.230.117.145 - - [31/Jan/2018:16:04:08 -0800] "GET /self.logs/access.log.2017-03-08.gz HTTP/1.1" 200 17954 "http://www.secrepo.com/self.logs/" "Wget/1.17.1 (linux-gnu)" 
162.230.117.145 - - [31/Jan/2018:16:04:08 -0800] "GET /self.logs/access.log.2017-03-09.gz HTTP/1.1" 200 22702 "http://www.secrepo.com/self.logs/" "Wget/1.17.1 (linux-gnu)" 
162.230.117.145 - - [31/Jan/2018:16:04:09 -0800] "GET /self.logs/access.log.2017-03-10.gz HTTP/1.1" 200 17831 "http://www.secrepo.com/self.logs/" "Wget/1.17.1 (linux-gnu)" 
162.230.117.145 - - [31/Jan/2018:16:04:09 -0800] "GET /self.logs/access.log.2017-03-11.gz HTTP/1.1" 200 14686 "http://www.secrepo.com/self.logs/" "Wget/1.17.1 (linux-gnu)" 
162.230.117.145 - - [31/Jan/2018:16:04:09 -0800] "GET /self.logs/access.log.2017-03-13.gz HTTP/1.1" 200 43508 "http://www.secrepo.com/self.logs/" "Wget/1.17.1 (linux-gnu)" 
162.230.117.145 - - [31/Jan/2018:16:04:09 -0800] "GET /self.logs/access.log.2017-03-14.gz HTTP/1.1" 200 16439 "http://www.secrepo.com/self.logs/" "Wget/1.17.1 (linux-gnu)" 
162.230.117.145 - - [31/Jan/2018:16:04:09 -0800] "GET /self.logs/access.log.2017-03-15.gz HTTP/1.1" 200 15703 "http://www.secrepo.com/self.logs/" "Wget/1.17.1 (linux-gnu)" 
162.230.117.145 - - [31/Jan/2018:16:04:09 -0800] "GET /self.logs/access.log.2017-03-16.gz HTTP/1.1" 200 30793 "http://www.secrepo.com/self.logs/" "Wget/1.17.1 (linux-gnu)" 
162.230.117.145 - - [31/Jan/2018:16:04:09 -0800] "GET /self.logs/access.log.2017-03-17.gz HTTP/1.1" 200 17805 "http://www.secrepo.com/self.logs/" "Wget/1.17.1 (linux-gnu)" 
185.200.214.45 - - [31/Jan/2018:16:04:09 -0800] "GET /wp-login.php HTTP/1.1" 404 295 "-" "Mozilla/5.0 (Windows NT 6.1; WOW64; rv:40.0) Gecko/20100101 Firefox/40.1" 
162.230.117.145 - - [31/Jan/2018:16:04:10 -0800] "GET /self.logs/access.log.2017-03-18.gz HTTP/1.1" 200 10472 "http://www.secrepo.com/self.logs/" "Wget/1.17.1 (linux-gnu)" 
162.230.117.145 - - [31/Jan/2018:16:04:10 -0800] "GET /self.logs/access.log.2017-03-19.gz HTTP/1.1" 200 15882 "http://www.secrepo.com/self.logs/" "Wget/1.17.1 (linux-gnu)" 
162.230.117.145 - - [31/Jan/2018:16:04:10 -0800] "GET /self.logs/access.log.2017-03-20.gz HTTP/1.1" 200 16007 "http://www.secrepo.com/self.logs/" "Wget/1.17.1 (linux-gnu)" 
162.230.117.145 - - [31/Jan/2018:16:04:10 -0800] "GET /self.logs/access.log.2017-03-21.gz HTTP/1.1" 200 26674 "http://www.secrepo.com/self.logs/" "Wget/1.17.1 (linux-gnu)" 
162.230.117.145 - - [31/Jan/2018:16:04:10 -0800] "GET /self.logs/access.log.2017-03-22.gz HTTP/1.1" 200 25012 "http://www.secrepo.com/self.logs/" "Wget/1.17.1 (linux-gnu)" 
162.230.117.145 - - [31/Jan/2018:16:04:10 -0800] "GET /self.logs/access.log.2017-03-23.gz HTTP/1.1" 200 17078 "http://www.secrepo.com/self.logs/" "Wget/1.17.1 (linux-gnu)" 
162.230.117.145 - - [31/Jan/2018:16:04:10 -0800] "GET /self.logs/access.log.2017-03-24.gz HTTP/1.1" 200 22838 "http://www.secrepo.com/self.logs/" "Wget/1.17.1 (linux-gnu)" 
162.230.117.145 - - [31/Jan/2018:16:04:10 -0800] "GET /self.logs/access.log.2017-03-25.gz HTTP/1.1" 200 13476 "http://www.secrepo.com/self.logs/" "Wget/1.17.1 (linux-gnu)" 
162.230.117.145 - - [31/Jan/2018:16:04:10 -0800] "GET /self.logs/access.log.2017-03-26.gz HTTP/1.1" 200 14179 "http://www.secrepo.com/self.logs/" "Wget/1.17.1 (linux-gnu)" 
162.230.117.145 - - [31/Jan/2018:16:04:11 -0800] "GET /self.logs/access.log.2017-03-27.gz HTTP/1.1" 200 15540 "http://www.secrepo.com/self.logs/" "Wget/1.17.1 (linux-gnu)" 
162.230.117.145 - - [31/Jan/2018:16:04:11 -0800] "GET /self.logs/access.log.2017-03-28.gz HTTP/1.1" 200 15416 "http://www.secrepo.com/self.logs/" "Wget/1.17.1 (linux-gnu)" 
162.230.117.145 - - [31/Jan/2018:16:04:11 -0800] "GET /self.logs/access.log.2017-03-29.gz HTTP/1.1" 200 15389 "http://www.secrepo.com/self.logs/" "Wget/1.17.1 (linux-gnu)" 
162.230.117.145 - - [31/Jan/2018:16:04:11 -0800] "GET /self.logs/access.log.2017-03-30.gz HTTP/1.1" 200 15671 "http://www.secrepo.com/self.logs/" "Wget/1.17.1 (linux-gnu)" 
162.230.117.145 - - [31/Jan/2018:16:04:11 -0800] "GET /self.logs/access.log.2017-03-31.gz HTTP/1.1" 200 37612 "http://www.secrepo.com/self.logs/" "Wget/1.17.1 (linux-gnu)" 
162.230.117.145 - - [31/Jan/2018:16:04:11 -0800] "GET /self.logs/access.log.2017-04-01.gz HTTP/1.1" 200 11966 "http://www.secrepo.com/self.logs/" "Wget/1.17.1 (linux-gnu)" 
162.230.117.145 - - [31/Jan/2018:16:04:11 -0800] "GET /self.logs/access.log.2017-04-02.gz HTTP/1.1" 200 22128 "http://www.secrepo.com/self.logs/" "Wget/1.17.1 (linux-gnu)" 
162.230.117.145 - - [31/Jan/2018:16:04:11 -0800] "GET /self.logs/access.log.2017-04-03.gz HTTP/1.1" 200 33776 "http://www.secrepo.com/self.logs/" "Wget/1.17.1 (linux-gnu)" 
162.230.117.145 - - [31/Jan/2018:16:04:12 -0800] "GET /self.logs/access.log.2017-04-04.gz HTTP/1.1" 200 40152 "http://www.secrepo.com/self.logs/" "Wget/1.17.1 (linux-gnu)" 
162.230.117.145 - - [31/Jan/2018:16:04:12 -0800] "GET /self.logs/access.log.2017-04-05.gz HTTP/1.1" 200 52233 "http://www.secrepo.com/self.logs/" "Wget/1.17.1 (linux-gnu)" 
162.230.117.145 - - [31/Jan/2018:16:04:12 -0800] "GET /self.logs/access.log.2017-04-06.gz HTTP/1.1" 200 31570 "http://www.secrepo.com/self.logs/" "Wget/1.17.1 (linux-gnu)" 
162.230.117.145 - - [31/Jan/2018:16:04:12 -0800] "GET /self.logs/access.log.2017-04-07.gz HTTP/1.1" 200 27801 "http://www.secrepo.com/self.logs/" "Wget/1.17.1 (linux-gnu)" 
162.230.117.145 - - [31/Jan/2018:16:04:12 -0800] "GET /self.logs/access.log.2017-04-08.gz HTTP/1.1" 200 16167 "http://www.secrepo.com/self.logs/" "Wget/1.17.1 (linux-gnu)" 
162.230.117.145 - - [31/Jan/2018:16:04:12 -0800] "GET /self.logs/access.log.2017-04-09.gz HTTP/1.1" 200 39273 "http://www.secrepo.com/self.logs/" "Wget/1.17.1 (linux-gnu)" 
162.230.117.145 - - [31/Jan/2018:16:04:13 -0800] "GET /self.logs/access.log.2017-04-10.gz HTTP/1.1" 200 50803 "http://www.secrepo.com/self.logs/" "Wget/1.17.1 (linux-gnu)" 
162.230.117.145 - - [31/Jan/2018:16:04:13 -0800] "GET /self.logs/access.log.2017-04-11.gz HTTP/1.1" 200 32435 "http://www.secrepo.com/self.logs/" "Wget/1.17.1 (linux-gnu)" 
162.230.117.145 - - [31/Jan/2018:16:04:13 -0800] "GET /self.logs/access.log.2017-04-12.gz HTTP/1.1" 200 28064 "http://www.secrepo.com/self.logs/" "Wget/1.17.1 (linux-gnu)" 
162.230.117.145 - - [31/Jan/2018:16:04:13 -0800] "GET /self.logs/access.log.2017-04-13.gz HTTP/1.1" 200 23060 "http://www.secrepo.com/self.logs/" "Wget/1.17.1 (linux-gnu)" 
162.230.117.145 - - [31/Jan/2018:16:04:13 -0800] "GET /self.logs/access.log.2017-04-14.gz HTTP/1.1" 200 34937 "http://www.secrepo.com/self.logs/" "Wget/1.17.1 (linux-gnu)" 
162.230.117.145 - - [31/Jan/2018:16:04:13 -0800] "GET /self.logs/access.log.2017-04-15.gz HTTP/1.1" 200 13691 "http://www.secrepo.com/self.logs/" "Wget/1.17.1 (linux-gnu)" 
162.230.117.145 - - [31/Jan/2018:16:04:13 -0800] "GET /self.logs/access.log.2017-04-16.gz HTTP/1.1" 200 15252 "http://www.secrepo.com/self.logs/" "Wget/1.17.1 (linux-gnu)" 
162.230.117.145 - - [31/Jan/2018:16:04:14 -0800] "GET /self.logs/access.log.2017-04-17.gz HTTP/1.1" 200 20110 "http://www.secrepo.com/self.logs/" "Wget/1.17.1 (linux-gnu)" 
162.230.117.145 - - [31/Jan/2018:16:04:14 -0800] "GET /self.logs/access.log.2017-04-18.gz HTTP/1.1" 200 20223 "http://www.secrepo.com/self.logs/" "Wget/1.17.1 (linux-gnu)" 
162.230.117.145 - - [31/Jan/2018:16:04:14 -0800] "GET /self.logs/access.log.2017-04-19.gz HTTP/1.1" 200 19541 "http://www.secrepo.com/self.logs/" "Wget/1.17.1 (linux-gnu)" 
162.230.117.145 - - [31/Jan/2018:16:04:14 -0800] "GET /self.logs/access.log.2017-04-20.gz HTTP/1.1" 200 16598 "http://www.secrepo.com/self.logs/" "Wget/1.17.1 (linux-gnu)" 
162.230.117.145 - - [31/Jan/2018:16:04:14 -0800] "GET /self.logs/access.log.2017-04-21.gz HTTP/1.1" 200 22257 "http://www.secrepo.com/self.logs/" "Wget/1.17.1 (linux-gnu)" 
162.230.117.145 - - [31/Jan/2018:16:04:14 -0800] "GET /self.logs/access.log.2017-04-22.gz HTTP/1.1" 200 12914 "http://www.secrepo.com/self.logs/" "Wget/1.17.1 (linux-gnu)" 
162.230.117.145 - - [31/Jan/2018:16:04:14 -0800] "GET /self.logs/access.log.2017-04-23.gz HTTP/1.1" 200 14763 "http://www.secrepo.com/self.logs/" "Wget/1.17.1 (linux-gnu)" 
162.230.117.145 - - [31/Jan/2018:16:04:14 -0800] "GET /self.logs/access.log.2017-04-24.gz HTTP/1.1" 200 17087 "http://www.secrepo.com/self.logs/" "Wget/1.17.1 (linux-gnu)" 
162.230.117.145 - - [31/Jan/2018:16:04:14 -0800] "GET /self.logs/access.log.2017-04-25.gz HTTP/1.1" 200 30355 "http://www.secrepo.com/self.logs/" "Wget/1.17.1 (linux-gnu)" 
162.230.117.145 - - [31/Jan/2018:16:04:15 -0800] "GET /self.logs/access.log.2017-04-26.gz HTTP/1.1" 200 15851 "http://www.secrepo.com/self.logs/" "Wget/1.17.1 (linux-gnu)" 
162.230.117.145 - - [31/Jan/2018:16:04:15 -0800] "GET /self.logs/access.log.2017-04-27.gz HTTP/1.1" 200 13854 "http://www.secrepo.com/self.logs/" "Wget/1.17.1 (linux-gnu)" 
185.200.214.45 - - [31/Jan/2018:16:04:15 -0800] "GET / HTTP/1.1" 200 37415 "-" "Mozilla/5.0 (Windows NT 6.1; WOW64; rv:40.0) Gecko/20100101 Firefox/40.1" 
162.230.117.145 - - [31/Jan/2018:16:04:15 -0800] "GET /self.logs/access.log.2017-04-28.gz HTTP/1.1" 200 14257 "http://www.secrepo.com/self.logs/" "Wget/1.17.1 (linux-gnu)" 
162.230.117.145 - - [31/Jan/2018:16:04:15 -0800] "GET /self.logs/access.log.2017-04-29.gz HTTP/1.1" 200 10201 "http://www.secrepo.com/self.logs/" "Wget/1.17.1 (linux-gnu)" 
162.230.117.145 - - [31/Jan/2018:16:04:15 -0800] "GET /self.logs/access.log.2017-04-30.gz HTTP/1.1" 200 11869 "http://www.secrepo.com/self.logs/" "Wget/1.17.1 (linux-gnu)" 
162.230.117.145 - - [31/Jan/2018:16:04:15 -0800] "GET /self.logs/access.log.2017-05-01.gz HTTP/1.1" 200 14241 "http://www.secrepo.com/self.logs/" "Wget/1.17.1 (linux-gnu)" 
162.230.117.145 - - [31/Jan/2018:16:04:15 -0800] "GET /self.logs/access.log.2017-05-02.gz HTTP/1.1" 200 17818 "http://www.secrepo.com/self.logs/" "Wget/1.17.1 (linux-gnu)" 
162.230.117.145 - - [31/Jan/2018:16:04:15 -0800] "GET /self.logs/access.log.2017-05-03.gz HTTP/1.1" 200 28944 "http://www.secrepo.com/self.logs/" "Wget/1.17.1 (linux-gnu)" 
162.230.117.145 - - [31/Jan/2018:16:04:16 -0800] "GET /self.logs/access.log.2017-05-04.gz HTTP/1.1" 200 29977 "http://www.secrepo.com/self.logs/" "Wget/1.17.1 (linux-gnu)" 
162.230.117.145 - - [31/Jan/2018:16:04:16 -0800] "GET /self.logs/access.log.2017-05-05.gz HTTP/1.1" 200 14571 "http://www.secrepo.com/self.logs/" "Wget/1.17.1 (linux-gnu)" 
162.230.117.145 - - [31/Jan/2018:16:04:16 -0800] "GET /self.logs/access.log.2017-05-06.gz HTTP/1.1" 200 21525 "http://www.secrepo.com/self.logs/" "Wget/1.17.1 (linux-gnu)" 
162.230.117.145 - - [31/Jan/2018:16:04:16 -0800] "GET /self.logs/access.log.2017-05-07.gz HTTP/1.1" 200 16599 "http://www.secrepo.com/self.logs/" "Wget/1.17.1 (linux-gnu)" 
162.230.117.145 - - [31/Jan/2018:16:04:16 -0800] "GET /self.logs/access.log.2017-05-08.gz HTTP/1.1" 200 18423 "http://www.secrepo.com/self.logs/" "Wget/1.17.1 (linux-gnu)" 
162.230.117.145 - - [31/Jan/2018:16:04:16 -0800] "GET /self.logs/access.log.2017-05-09.gz HTTP/1.1" 200 19671 "http://www.secrepo.com/self.logs/" "Wget/1.17.1 (linux-gnu)" 
162.230.117.145 - - [31/Jan/2018:16:04:16 -0800] "GET /self.logs/access.log.2017-05-10.gz HTTP/1.1" 200 16031 "http://www.secrepo.com/self.logs/" "Wget/1.17.1 (linux-gnu)" 
162.230.117.145 - - [31/Jan/2018:16:04:16 -0800] "GET /self.logs/access.log.2017-05-11.gz HTTP/1.1" 200 15046 "http://www.secrepo.com/self.logs/" "Wget/1.17.1 (linux-gnu)" 
162.230.117.145 - - [31/Jan/2018:16:04:17 -0800] "GET /self.logs/access.log.2017-05-12.gz HTTP/1.1" 200 56834 "http://www.secrepo.com/self.logs/" "Wget/1.17.1 (linux-gnu)" 
162.230.117.145 - - [31/Jan/2018:16:04:17 -0800] "GET /self.logs/access.log.2017-05-13.gz HTTP/1.1" 200 14797 "http://www.secrepo.com/self.logs/" "Wget/1.17.1 (linux-gnu)" 
162.230.117.145 - - [31/Jan/2018:16:04:17 -0800] "GET /self.logs/access.log.2017-05-14.gz HTTP/1.1" 200 35913 "http://www.secrepo.com/self.logs/" "Wget/1.17.1 (linux-gnu)" 
162.230.117.145 - - [31/Jan/2018:16:04:17 -0800] "GET /self.logs/access.log.2017-05-15.gz HTTP/1.1" 200 39657 "http://www.secrepo.com/self.logs/" "Wget/1.17.1 (linux-gnu)" 
162.230.117.145 - - [31/Jan/2018:16:04:17 -0800] "GET /self.logs/access.log.2017-05-16.gz HTTP/1.1" 200 26333 "http://www.secrepo.com/self.logs/" "Wget/1.17.1 (linux-gnu)" 
162.230.117.145 - - [31/Jan/2018:16:04:17 -0800] "GET /self.logs/access.log.2017-05-17.gz HTTP/1.1" 200 30216 "http://www.secrepo.com/self.logs/" "Wget/1.17.1 (linux-gnu)" 
162.230.117.145 - - [31/Jan/2018:16:04:18 -0800] "GET /self.logs/access.log.2017-05-18.gz HTTP/1.1" 200 25752 "http://www.secrepo.com/self.logs/" "Wget/1.17.1 (linux-gnu)" 
162.230.117.145 - - [31/Jan/2018:16:04:18 -0800] "GET /self.logs/access.log.2017-05-19.gz HTTP/1.1" 200 14837 "http://www.secrepo.com/self.logs/" "Wget/1.17.1 (linux-gnu)" 
162.230.117.145 - - [31/Jan/2018:16:04:18 -0800] "GET /self.logs/access.log.2017-05-20.gz HTTP/1.1" 200 21588 "http://www.secrepo.com/self.logs/" "Wget/1.17.1 (linux-gnu)" 
162.230.117.145 - - [31/Jan/2018:16:04:18 -0800] "GET /self.logs/access.log.2017-05-21.gz HTTP/1.1" 200 20129 "http://www.secrepo.com/self.logs/" "Wget/1.17.1 (linux-gnu)" 
