73.173.253.4 - - [05/Sep/2018:18:28:49 -0700] "GET / HTTP/1.1" 200 12383 "-" "Mozilla/5.0 (Windows NT 6.1; Win64; x64) AppleWebKit/537.36 (KHTML, like Gecko) Chrome/68.0.3440.106 Safari/537.36" 
73.173.253.4 - - [05/Sep/2018:18:28:49 -0700] "GET /twitter-icon.png HTTP/1.1" 200 27787 "http://www.secrepo.com/" "Mozilla/5.0 (Windows NT 6.1; Win64; x64) AppleWebKit/537.36 (KHTML, like Gecko) Chrome/68.0.3440.106 Safari/537.36" 
73.173.253.4 - - [05/Sep/2018:18:28:49 -0700] "GET /GitHub-Mark.png HTTP/1.1" 200 7427 "http://www.secrepo.com/" "Mozilla/5.0 (Windows NT 6.1; Win64; x64) AppleWebKit/537.36 (KHTML, like Gecko) Chrome/68.0.3440.106 Safari/537.36" 
73.173.253.4 - - [05/Sep/2018:18:28:50 -0700] "GET /bootstrap/img/favicon.ico HTTP/1.1" 200 589 "http://www.secrepo.com/" "Mozilla/5.0 (Windows NT 6.1; Win64; x64) AppleWebKit/537.36 (KHTML, like Gecko) Chrome/68.0.3440.106 Safari/537.36" 
185.156.174.131 - - [05/Sep/2018:18:30:28 -0700] "GET / HTTP/1.1" 200 12383 "-" "Mozilla/5.0 (Windows NT 6.1) AppleWebKit/537.36 (KHTML, like Gecko) Chrome/67.0.3396.99 Safari/537.36" 
185.156.174.131 - - [05/Sep/2018:18:30:28 -0700] "GET /twitter-icon.png HTTP/1.1" 200 27787 "http://www.secrepo.com/" "Mozilla/5.0 (Windows NT 6.1) AppleWebKit/537.36 (KHTML, like Gecko) Chrome/67.0.3396.99 Safari/537.36" 
185.156.174.131 - - [05/Sep/2018:18:30:29 -0700] "GET /GitHub-Mark.png HTTP/1.1" 200 7427 "http://www.secrepo.com/" "Mozilla/5.0 (Windows NT 6.1) AppleWebKit/537.36 (KHTML, like Gecko) Chrome/67.0.3396.99 Safari/537.36" 
185.156.174.131 - - [05/Sep/2018:18:30:34 -0700] "GET /bootstrap/img/favicon.ico HTTP/1.1" 200 590 "http://www.secrepo.com/" "Mozilla/5.0 (Windows NT 6.1) AppleWebKit/537.36 (KHTML, like Gecko) Chrome/67.0.3396.99 Safari/537.36" 
58.152.48.251 - - [05/Sep/2018:18:30:35 -0700] "GET / HTTP/1.1" 200 12383 "-" "Mozilla/5.0 (Windows NT 10.0; WOW64) AppleWebKit/537.36 (KHTML, like Gecko) Chrome/68.0.3440.106 Safari/537.36" 
58.152.48.251 - - [05/Sep/2018:18:30:35 -0700] "GET /GitHub-Mark.png HTTP/1.1" 200 7427 "http://www.secrepo.com/" "Mozilla/5.0 (Windows NT 10.0; WOW64) AppleWebKit/537.36 (KHTML, like Gecko) Chrome/68.0.3440.106 Safari/537.36" 
58.152.48.251 - - [05/Sep/2018:18:30:35 -0700] "GET /twitter-icon.png HTTP/1.1" 200 27788 "http://www.secrepo.com/" "Mozilla/5.0 (Windows NT 10.0; WOW64) AppleWebKit/537.36 (KHTML, like Gecko) Chrome/68.0.3440.106 Safari/537.36" 
58.152.48.251 - - [05/Sep/2018:18:30:44 -0700] "GET /bootstrap/img/favicon.ico HTTP/1.1" 200 590 "http://www.secrepo.com/" "Mozilla/5.0 (Windows NT 10.0; WOW64) AppleWebKit/537.36 (KHTML, like Gecko) Chrome/68.0.3440.106 Safari/537.36" 
101.100.156.108 - - [05/Sep/2018:18:31:20 -0700] "GET /bootstrap/img/favicon.ico HTTP/1.1" 200 590 "http://www.secrepo.com/" "Mozilla/5.0 (Windows NT 10.0; Win64; x64) AppleWebKit/537.36 (KHTML, like Gecko) Chrome/68.0.3440.106 Safari/537.36" 
41.223.160.173 - - [05/Sep/2018:18:33:09 -0700] "GET /maccdc2012/dns.log.gz HTTP/1.1" 304 154 "-" "Mozilla/5.0 Gecko/20100115 Firefox/3.6" 
109.102.111.67 - - [05/Sep/2018:18:39:25 -0700] "GET / HTTP/1.1" 200 46212 "-" "Java/1.6.0_04" 
109.102.111.67 - - [05/Sep/2018:18:39:26 -0700] "GET /GitHub-Mark.png HTTP/1.1" 200 7427 "-" "Java/1.6.0_04" 
109.102.111.67 - - [05/Sep/2018:18:39:26 -0700] "GET /self.logs HTTP/1.1" 301 517 "-" "Java/1.6.0_04" 
109.102.111.67 - - [05/Sep/2018:18:39:26 -0700] "GET /self.logs/ HTTP/1.1" 200 117526 "-" "Java/1.6.0_04" 
109.102.111.67 - - [05/Sep/2018:18:39:27 -0700] "GET /twitter-icon.png HTTP/1.1" 200 27787 "-" "Java/1.6.0_04" 
109.102.111.67 - - [05/Sep/2018:18:39:27 -0700] "GET /access.log.2017-01-01.gz HTTP/1.1" 404 294 "-" "Java/1.6.0_04" 
109.102.111.67 - - [05/Sep/2018:18:39:27 -0700] "GET /access.log.2017-01-02.gz HTTP/1.1" 404 294 "-" "Java/1.6.0_04" 
109.102.111.67 - - [05/Sep/2018:18:39:27 -0700] "GET /access.log.2017-01-03.gz HTTP/1.1" 404 294 "-" "Java/1.6.0_04" 
109.102.111.67 - - [05/Sep/2018:18:39:28 -0700] "GET /access.log.2017-01-04.gz HTTP/1.1" 404 294 "-" "Java/1.6.0_04" 
109.102.111.67 - - [05/Sep/2018:18:39:28 -0700] "GET /access.log.2017-01-05.gz HTTP/1.1" 404 294 "-" "Java/1.6.0_04" 
109.102.111.67 - - [05/Sep/2018:18:39:28 -0700] "GET /access.log.2017-01-06.gz HTTP/1.1" 404 294 "-" "Java/1.6.0_04" 
109.102.111.67 - - [05/Sep/2018:18:39:28 -0700] "GET /access.log.2017-01-07.gz HTTP/1.1" 404 294 "-" "Java/1.6.0_04" 
109.102.111.67 - - [05/Sep/2018:18:39:28 -0700] "GET /access.log.2017-01-08.gz HTTP/1.1" 404 294 "-" "Java/1.6.0_04" 
109.102.111.67 - - [05/Sep/2018:18:39:28 -0700] "GET /access.log.2017-01-09.gz HTTP/1.1" 404 294 "-" "Java/1.6.0_04" 
109.102.111.67 - - [05/Sep/2018:18:39:28 -0700] "GET /access.log.2017-01-10.gz HTTP/1.1" 404 294 "-" "Java/1.6.0_04" 
109.102.111.67 - - [05/Sep/2018:18:39:28 -0700] "GET /access.log.2017-01-11.gz HTTP/1.1" 404 294 "-" "Java/1.6.0_04" 
109.102.111.67 - - [05/Sep/2018:18:39:29 -0700] "GET /access.log.2017-01-12.gz HTTP/1.1" 404 294 "-" "Java/1.6.0_04" 
109.102.111.67 - - [05/Sep/2018:18:39:29 -0700] "GET /access.log.2017-01-13.gz HTTP/1.1" 404 294 "-" "Java/1.6.0_04" 
109.102.111.67 - - [05/Sep/2018:18:39:29 -0700] "GET /access.log.2017-01-14.gz HTTP/1.1" 404 294 "-" "Java/1.6.0_04" 
109.102.111.67 - - [05/Sep/2018:18:39:29 -0700] "GET /access.log.2017-01-15.gz HTTP/1.1" 404 294 "-" "Java/1.6.0_04" 
109.102.111.67 - - [05/Sep/2018:18:39:29 -0700] "GET /access.log.2017-01-16.gz HTTP/1.1" 404 294 "-" "Java/1.6.0_04" 
109.102.111.67 - - [05/Sep/2018:18:39:29 -0700] "GET /access.log.2017-01-17.gz HTTP/1.1" 404 294 "-" "Java/1.6.0_04" 
109.102.111.67 - - [05/Sep/2018:18:39:29 -0700] "GET /access.log.2017-01-18.gz HTTP/1.1" 404 294 "-" "Java/1.6.0_04" 
109.102.111.67 - - [05/Sep/2018:18:39:29 -0700] "GET /access.log.2017-01-19.gz HTTP/1.1" 404 294 "-" "Java/1.6.0_04" 
109.102.111.67 - - [05/Sep/2018:18:39:30 -0700] "GET /access.log.2017-01-20.gz HTTP/1.1" 404 294 "-" "Java/1.6.0_04" 
109.102.111.67 - - [05/Sep/2018:18:39:30 -0700] "GET /access.log.2017-01-21.gz HTTP/1.1" 404 294 "-" "Java/1.6.0_04" 
109.102.111.67 - - [05/Sep/2018:18:39:30 -0700] "GET /access.log.2017-01-22.gz HTTP/1.1" 404 294 "-" "Java/1.6.0_04" 
109.102.111.67 - - [05/Sep/2018:18:39:30 -0700] "GET /access.log.2017-01-23.gz HTTP/1.1" 404 294 "-" "Java/1.6.0_04" 
109.102.111.67 - - [05/Sep/2018:18:39:30 -0700] "GET /access.log.2017-01-24.gz HTTP/1.1" 404 294 "-" "Java/1.6.0_04" 
109.102.111.67 - - [05/Sep/2018:18:39:30 -0700] "GET /access.log.2017-01-25.gz HTTP/1.1" 404 294 "-" "Java/1.6.0_04" 
109.102.111.67 - - [05/Sep/2018:18:39:30 -0700] "GET /access.log.2017-01-26.gz HTTP/1.1" 404 294 "-" "Java/1.6.0_04" 
218.247.253.162 - - [05/Sep/2018:18:40:32 -0700] "GET / HTTP/1.1" 200 12383 "-" "Mozilla/5.0 (Windows NT 10.0; WOW64) AppleWebKit/537.36 (KHTML, like Gecko) Chrome/69.0.3497.23 Safari/537.36" 
218.247.253.162 - - [05/Sep/2018:18:40:32 -0700] "GET /twitter-icon.png HTTP/1.1" 200 27787 "http://www.secrepo.com/" "Mozilla/5.0 (Windows NT 10.0; WOW64) AppleWebKit/537.36 (KHTML, like Gecko) Chrome/69.0.3497.23 Safari/537.36" 
218.247.253.162 - - [05/Sep/2018:18:40:32 -0700] "GET /GitHub-Mark.png HTTP/1.1" 200 7428 "http://www.secrepo.com/" "Mozilla/5.0 (Windows NT 10.0; WOW64) AppleWebKit/537.36 (KHTML, like Gecko) Chrome/69.0.3497.23 Safari/537.36" 
218.247.253.162 - - [05/Sep/2018:18:41:00 -0700] "GET /bootstrap/img/favicon.ico HTTP/1.1" 200 590 "http://www.secrepo.com/" "Mozilla/5.0 (Windows NT 10.0; WOW64) AppleWebKit/537.36 (KHTML, like Gecko) Chrome/69.0.3497.23 Safari/537.36" 
218.247.253.162 - - [05/Sep/2018:18:41:01 -0700] "GET / HTTP/1.1" 304 188 "-" "Mozilla/5.0 (Windows NT 10.0; WOW64) AppleWebKit/537.36 (KHTML, like Gecko) Chrome/69.0.3497.23 Safari/537.36" 
218.247.253.162 - - [05/Sep/2018:18:41:03 -0700] "GET /bootstrap/img/favicon.ico HTTP/1.1" 200 589 "http://www.secrepo.com/" "Mozilla/5.0 (Windows NT 10.0; WOW64) AppleWebKit/537.36 (KHTML, like Gecko) Chrome/69.0.3497.23 Safari/537.36" 
218.247.253.162 - - [05/Sep/2018:18:42:28 -0700] "GET /scada/scada_logs.zip HTTP/1.1" 200 364901 "http://www.secrepo.com/" "Mozilla/5.0 (Windows NT 10.0; WOW64) AppleWebKit/537.36 (KHTML, like Gecko) Chrome/69.0.3497.23 Safari/537.36" 
18.188.94.118 - - [05/Sep/2018:18:43:44 -0700] "GET / HTTP/1.1" 200 12383 "-" "Mozilla/5.0 (Macintosh; Intel Mac OS X x.y; rv:42.0) AppleWebKit/537.36 (KHTML, like Gecko) Chrome/51.0.2704.106 Safari/537.36 OPR/38.0.2220.41" 
216.244.66.245 - - [05/Sep/2018:18:44:40 -0700] "GET /robots.txt HTTP/1.1" 200 233 "-" "Mozilla/5.0 (compatible; DotBot/1.1; http://www.opensiteexplorer.org/dotbot, help@moz.com)" 
184.144.101.60 - - [05/Sep/2018:18:49:16 -0700] "GET /twitter-icon.png HTTP/1.1" 200 27788 "-" "Mozilla/5.0 (Macintosh; Intel Mac OS X 10_13_6) AppleWebKit/605.1.15 (KHTML, like Gecko) Version/11.1.2 Safari/605.1.15" 
184.144.101.60 - - [05/Sep/2018:18:49:16 -0700] "GET /GitHub-Mark.png HTTP/1.1" 200 7428 "-" "Mozilla/5.0 (Macintosh; Intel Mac OS X 10_13_6) AppleWebKit/605.1.15 (KHTML, like Gecko) Version/11.1.2 Safari/605.1.15" 
61.77.14.221 - - [05/Sep/2018:18:52:00 -0700] "GET / HTTP/1.1" 200 12383 "http://www.google.com/url?sa=t&rct=j&q=&esrc=s&source=web&cd=1&ved=2ahUKEwj74MGVoqXdAhXGbbwKHXZnA2gQFjAAegQIAhAB&url=http%3A%2F%2Fwww.secrepo.com%2F&usg=AOvVaw0jIonH_9-JWfo0lP0X5Pvo" "Mozilla/5.0 (Windows NT 10.0; WOW64; Trident/7.0; rv:11.0) like 569D3" 
61.77.14.221 - - [05/Sep/2018:18:52:02 -0700] "GET / HTTP/1.1" 200 12383 "http://221.163.210.133/tm/?a=IE&b=WIN&c=300016455834&d=32&e=4402&f=d3d3LnNlY3JlcG8uY29t&g=1536198720398&h=1536198720675&y=0&z=0&x=1&w=2017-12-21&in=4402_00012861&id=20180906" "Mozilla/5.0 (Windows NT 10.0; WOW64; Trident/7.0; rv:11.0) like 569D3" 
61.77.14.221 - - [05/Sep/2018:18:52:02 -0700] "GET /favicon.ico HTTP/1.1" 200 268 "-" "Mozilla/5.0 (Windows NT 10.0; Win64; x64; Trident/7.0; rv:11.0) like 569D3" 
61.77.14.221 - - [05/Sep/2018:18:52:02 -0700] "GET /twitter-icon.png HTTP/1.1" 200 27787 "http://www.secrepo.com/" "Mozilla/5.0 (Windows NT 10.0; WOW64; Trident/7.0; rv:11.0) like 569D3" 
61.77.14.221 - - [05/Sep/2018:18:52:03 -0700] "GET /GitHub-Mark.png HTTP/1.1" 200 7428 "http://www.secrepo.com/" "Mozilla/5.0 (Windows NT 10.0; WOW64; Trident/7.0; rv:11.0) like 569D3" 
61.77.14.221 - - [05/Sep/2018:18:52:07 -0700] "GET /bootstrap/img/favicon.ico HTTP/1.1" 200 590 "-" "Mozilla/5.0 (Windows NT 10.0; Win64; x64; Trident/7.0; rv:11.0) like 569D3" 
73.173.253.4 - - [05/Sep/2018:18:52:27 -0700] "GET /squid/access.log.gz HTTP/1.1" 200 23177322 "http://www.secrepo.com/" "Mozilla/5.0 (Windows NT 6.1; Win64; x64) AppleWebKit/537.36 (KHTML, like Gecko) Chrome/68.0.3440.106 Safari/537.36" 
216.244.66.245 - - [05/Sep/2018:18:55:20 -0700] "GET /self.logs/error.log.2018-03-03.gz HTTP/1.1" 200 3151 "-" "Mozilla/5.0 (compatible; DotBot/1.1; http://www.opensiteexplorer.org/dotbot, help@moz.com)" 
41.223.160.173 - - [05/Sep/2018:18:55:24 -0700] "GET /tg/tg_snort_fast.7z HTTP/1.1" 304 131 "-" "Mozilla/5.0 Gecko/20100115 Firefox/3.6" 
123.125.67.220 - - [05/Sep/2018:18:56:16 -0700] "GET /robots.txt HTTP/1.1" 200 297 "-" "Mozilla/5.0 (Windows NT 10.0; WOW64) AppleWebKit/537.36 (KHTML, like Gecko) Chrome/45.0.2454.93 Safari/537.36" 
123.125.71.106 - - [05/Sep/2018:18:56:17 -0700] "GET /robots.txt HTTP/1.1" 200 297 "-" "Mozilla/5.0 (compatible; Baiduspider/2.0; +http://www.baidu.com/search/spider.html)" 
123.125.67.156 - - [05/Sep/2018:18:56:19 -0700] "GET /robots.txt HTTP/1.1" 200 297 "-" "Mozilla/5.0 (Windows NT 10.0; WOW64) AppleWebKit/537.36 (KHTML, like Gecko) Chrome/45.0.2454.93 Safari/537.36" 
123.125.71.22 - - [05/Sep/2018:18:58:05 -0700] "GET / HTTP/1.1" 200 12346 "-" "Mozilla/5.0 (compatible; Baiduspider/2.0; +http://www.baidu.com/search/spider.html)" 
73.173.253.4 - - [05/Sep/2018:18:59:20 -0700] "GET /favicon.ico HTTP/1.1" 200 268 "http://www.secrepo.com/honeypot/Honeypot%20-%20Howto%20-%20BSides%20Austin.pdf" "Mozilla/5.0 (Windows NT 6.1; Win64; x64) AppleWebKit/537.36 (KHTML, like Gecko) Chrome/68.0.3440.106 Safari/537.36" 
73.173.253.4 - - [05/Sep/2018:18:59:20 -0700] "GET /honeypot/Honeypot%20-%20Howto%20-%20BSides%20Austin.pdf HTTP/1.1" 200 2928460 "http://www.secrepo.com/" "Mozilla/5.0 (Windows NT 6.1; Win64; x64) AppleWebKit/537.36 (KHTML, like Gecko) Chrome/68.0.3440.106 Safari/537.36" 
216.244.66.245 - - [05/Sep/2018:18:59:28 -0700] "GET /self.logs/error.log.2016-12-31.gz HTTP/1.1" 404 239 "-" "Mozilla/5.0 (compatible; DotBot/1.1; http://www.opensiteexplorer.org/dotbot, help@moz.com)" 
66.249.64.223 - - [05/Sep/2018:19:03:42 -0700] "GET /Datasets%20Description/HTML_Bro_log_1/app_stats.html HTTP/1.1" 200 1485 "-" "Mozilla/5.0 (Linux; Android 6.0.1; Nexus 5X Build/MMB29P) AppleWebKit/537.36 (KHTML, like Gecko) Chrome/41.0.2272.96 Mobile Safari/537.36 (compatible; Googlebot/2.1; +http://www.google.com/bot.html)" 
66.249.64.221 - - [05/Sep/2018:19:13:59 -0700] "GET / HTTP/1.1" 200 12383 "-" "Mozilla/5.0 (Linux; Android 6.0.1; Nexus 5X Build/MMB29P) AppleWebKit/537.36 (KHTML, like Gecko) Chrome/41.0.2272.96 Mobile Safari/537.36 (compatible; Googlebot/2.1; +http://www.google.com/bot.html)" 
106.11.157.114 - - [05/Sep/2018:19:14:07 -0700] "GET / HTTP/1.1" 200 12383 "-" "Mozilla/5.0 (iPhone; CPU iPhone OS 10_3 like Mac OS X) AppleWebKit/602.1.50 (KHTML, like Gecko) CriOS/56.0.2924.75 Mobile/14E5239e YisouSpider/5.0 Safari/602.1" 
18.191.165.71 - - [05/Sep/2018:19:14:13 -0700] "GET / HTTP/1.1" 200 12383 "-" "Mozilla/5.0 (Windows NT 6.1; Win64; x64; rv:47.0) Gecko/20100101 Safari/602.1" 
113.171.224.176 - - [05/Sep/2018:19:16:06 -0700] "GET /honeypot/Honeypot%20-%20Howto.pdf HTTP/1.1" 200 46720 "-" "Mozilla/5.0 Gecko/20100115 Firefox/3.6" 
216.244.66.245 - - [05/Sep/2018:19:27:39 -0700] "GET /robots.txt HTTP/1.1" 200 233 "-" "Mozilla/5.0 (compatible; DotBot/1.1; http://www.opensiteexplorer.org/dotbot, help@moz.com)" 
52.212.146.96 - - [05/Sep/2018:19:30:01 -0700] "GET /self.logs/access.log.2018-08-30.gz HTTP/1.1" 200 36210 "-" "python-requests/2.12.1" 
52.212.146.96 - - [05/Sep/2018:19:30:02 -0700] "GET /self.logs/access.log.2018-08-31.gz HTTP/1.1" 200 24023 "-" "python-requests/2.12.1" 
52.212.146.96 - - [05/Sep/2018:19:30:02 -0700] "GET /self.logs/access.log.2018-09-01.gz HTTP/1.1" 200 22573 "-" "python-requests/2.12.1" 
52.212.146.96 - - [05/Sep/2018:19:30:02 -0700] "GET /self.logs/access.log.2018-09-02.gz HTTP/1.1" 200 20399 "-" "python-requests/2.12.1" 
52.212.146.96 - - [05/Sep/2018:19:30:03 -0700] "GET /self.logs/access.log.2018-09-03.gz HTTP/1.1" 404 340 "-" "python-requests/2.12.1" 
52.212.146.96 - - [05/Sep/2018:19:30:03 -0700] "GET /self.logs/access.log.2018-09-04.gz HTTP/1.1" 404 340 "-" "python-requests/2.12.1" 
52.212.146.96 - - [05/Sep/2018:19:30:03 -0700] "GET /self.logs/access.log.2018-09-05.gz HTTP/1.1" 404 340 "-" "python-requests/2.12.1" 
216.244.66.245 - - [05/Sep/2018:19:41:57 -0700] "GET /self.logs/access.log.2015-07-14.gz HTTP/1.1" 404 239 "-" "Mozilla/5.0 (compatible; DotBot/1.1; http://www.opensiteexplorer.org/dotbot, help@moz.com)" 
216.244.66.245 - - [05/Sep/2018:19:41:58 -0700] "GET /self.logs/access.log.2015-09-26.gz HTTP/1.1" 404 239 "-" "Mozilla/5.0 (compatible; DotBot/1.1; http://www.opensiteexplorer.org/dotbot, help@moz.com)" 
216.244.66.245 - - [05/Sep/2018:19:41:59 -0700] "GET /self.logs/access.log.2016-04-29.gz HTTP/1.1" 404 239 "-" "Mozilla/5.0 (compatible; DotBot/1.1; http://www.opensiteexplorer.org/dotbot, help@moz.com)" 
216.244.66.245 - - [05/Sep/2018:19:42:01 -0700] "GET /self.logs/access.log.2016-05-06.gz HTTP/1.1" 404 239 "-" "Mozilla/5.0 (compatible; DotBot/1.1; http://www.opensiteexplorer.org/dotbot, help@moz.com)" 
216.244.66.245 - - [05/Sep/2018:19:42:02 -0700] "GET /self.logs/error.log.2015-02-23.gz HTTP/1.1" 404 239 "-" "Mozilla/5.0 (compatible; DotBot/1.1; http://www.opensiteexplorer.org/dotbot, help@moz.com)" 
216.244.66.245 - - [05/Sep/2018:19:42:03 -0700] "GET /self.logs/error.log.2015-12-31.gz HTTP/1.1" 404 239 "-" "Mozilla/5.0 (compatible; DotBot/1.1; http://www.opensiteexplorer.org/dotbot, help@moz.com)" 
216.244.66.245 - - [05/Sep/2018:19:42:05 -0700] "GET /self.logs/error.log.2016-07-21.gz HTTP/1.1" 404 239 "-" "Mozilla/5.0 (compatible; DotBot/1.1; http://www.opensiteexplorer.org/dotbot, help@moz.com)" 
216.244.66.245 - - [05/Sep/2018:19:42:06 -0700] "GET /self.logs/error.log.2016-09-12.gz HTTP/1.1" 404 239 "-" "Mozilla/5.0 (compatible; DotBot/1.1; http://www.opensiteexplorer.org/dotbot, help@moz.com)" 
207.46.13.133 - - [05/Sep/2018:19:42:06 -0700] "GET /self.logs/error.log.2017-01-23.gz HTTP/1.1" 304 188 "-" "Mozilla/5.0 (compatible; bingbot/2.0; +http://www.bing.com/bingbot.htm)" 
216.244.66.245 - - [05/Sep/2018:19:42:07 -0700] "GET /self.logs/error.log.2016-10-16.gz HTTP/1.1" 404 239 "-" "Mozilla/5.0 (compatible; DotBot/1.1; http://www.opensiteexplorer.org/dotbot, help@moz.com)" 
18.223.172.176 - - [05/Sep/2018:19:43:52 -0700] "GET / HTTP/1.1" 200 12383 "-" "Mozilla/5.0 (Windows NT 6.1; Win64; x64; rv:47.0) Gecko/20100101 Chrome/51.0.2704.106 Safari/537.36 OPR/38.0.2220.41" 
105.157.183.193 - - [05/Sep/2018:19:45:21 -0700] "GET / HTTP/1.1" 200 46212 "http://www.secrepo.com/" "Mozilla/5.0 (compatible; BehloolBot/beta; +http://www.webeaver.com/bot)" 
105.157.183.193 - - [05/Sep/2018:19:45:47 -0700] "GET /Security-Data-Analysis/Lab_1/conn.log.zip HTTP/1.1" 200 322344 "http://www.secrepo.com/" "Mozilla/5.0 (compatible; BehloolBot/beta; +http://www.webeaver.com/bot)" 
199.58.86.209 - - [05/Sep/2018:19:49:42 -0700] "GET /robots.txt HTTP/1.1" 200 289 "-" "Mozilla/5.0 (compatible; MJ12bot/v1.4.8; http://mj12bot.com/)" 
199.58.86.209 - - [05/Sep/2018:19:49:44 -0700] "GET / HTTP/1.1" 200 46156 "-" "Mozilla/5.0 (compatible; MJ12bot/v1.4.8; http://mj12bot.com/)" 
125.67.179.7 - - [05/Sep/2018:19:57:56 -0700] "GET /favicon.ico HTTP/1.1" 200 268 "-" "Mozilla/5.0 (Windows NT 10.0; WOW64) AppleWebKit/537.36 (KHTML, like Gecko) Chrome/63.0.3239.132 Safari/537.36" 
103.18.168.25 - - [05/Sep/2018:20:07:27 -0700] "GET /wp-login.php HTTP/1.1" 418 732 "-" "Mozilla/5.0 (Windows NT 6.1; WOW64; rv:40.0) Gecko/20100101 Firefox/40.1" 
103.18.168.25 - - [05/Sep/2018:20:07:28 -0700] "GET / HTTP/1.1" 418 732 "-" "Mozilla/5.0 (Windows NT 6.1; WOW64; rv:40.0) Gecko/20100101 Firefox/40.1" 
40.77.167.127 - - [05/Sep/2018:20:09:09 -0700] "GET /self.logs/access.log.2017-11-01.gz HTTP/1.1" 200 43339 "-" "Mozilla/5.0 (compatible; bingbot/2.0; +http://www.bing.com/bingbot.htm)" 
52.14.43.100 - - [05/Sep/2018:20:14:51 -0700] "GET / HTTP/1.1" 200 12383 "-" "Mozilla/5.0 (X11; Linux x86_64) Gecko/20100101 Chrome/51.0.2704.106 Safari/537.36 OPR/38.0.2220.41" 
216.244.66.245 - - [05/Sep/2018:20:16:41 -0700] "GET /self.logs/access.log.2015-07-14.gz HTTP/1.1" 404 239 "-" "Mozilla/5.0 (compatible; DotBot/1.1; http://www.opensiteexplorer.org/dotbot, help@moz.com)" 
216.244.66.245 - - [05/Sep/2018:20:16:43 -0700] "GET /self.logs/access.log.2015-09-26.gz HTTP/1.1" 404 239 "-" "Mozilla/5.0 (compatible; DotBot/1.1; http://www.opensiteexplorer.org/dotbot, help@moz.com)" 
216.244.66.245 - - [05/Sep/2018:20:16:44 -0700] "GET /self.logs/access.log.2016-04-29.gz HTTP/1.1" 404 239 "-" "Mozilla/5.0 (compatible; DotBot/1.1; http://www.opensiteexplorer.org/dotbot, help@moz.com)" 
216.244.66.245 - - [05/Sep/2018:20:16:45 -0700] "GET /self.logs/access.log.2016-05-06.gz HTTP/1.1" 404 239 "-" "Mozilla/5.0 (compatible; DotBot/1.1; http://www.opensiteexplorer.org/dotbot, help@moz.com)" 
216.244.66.245 - - [05/Sep/2018:20:16:47 -0700] "GET /self.logs/error.log.2015-02-23.gz HTTP/1.1" 404 239 "-" "Mozilla/5.0 (compatible; DotBot/1.1; http://www.opensiteexplorer.org/dotbot, help@moz.com)" 
216.244.66.245 - - [05/Sep/2018:20:16:48 -0700] "GET /self.logs/error.log.2015-12-31.gz HTTP/1.1" 404 239 "-" "Mozilla/5.0 (compatible; DotBot/1.1; http://www.opensiteexplorer.org/dotbot, help@moz.com)" 
216.244.66.245 - - [05/Sep/2018:20:16:49 -0700] "GET /self.logs/error.log.2016-07-21.gz HTTP/1.1" 404 239 "-" "Mozilla/5.0 (compatible; DotBot/1.1; http://www.opensiteexplorer.org/dotbot, help@moz.com)" 
216.244.66.245 - - [05/Sep/2018:20:16:51 -0700] "GET /self.logs/error.log.2016-09-12.gz HTTP/1.1" 404 239 "-" "Mozilla/5.0 (compatible; DotBot/1.1; http://www.opensiteexplorer.org/dotbot, help@moz.com)" 
216.244.66.245 - - [05/Sep/2018:20:16:52 -0700] "GET /self.logs/error.log.2016-10-16.gz HTTP/1.1" 404 239 "-" "Mozilla/5.0 (compatible; DotBot/1.1; http://www.opensiteexplorer.org/dotbot, help@moz.com)" 
113.171.224.176 - - [05/Sep/2018:20:17:27 -0700] "GET /honeypot/Honeypot%20-%20Howto.pdf HTTP/1.1" 200 46720 "-" "Mozilla/5.0 Gecko/20100115 Firefox/3.6" 
66.102.6.224 - - [05/Sep/2018:20:29:51 -0700] "GET / HTTP/1.1" 200 12383 "-" "Mozilla/5.0 (X11; Linux x86_64) AppleWebKit/537.36 (KHTML, like Gecko) Chrome/49.0.2623.75 Safari/537.36 Google Favicon" 
66.102.6.252 - - [05/Sep/2018:20:29:51 -0700] "GET /bootstrap/img/favicon.ico HTTP/1.1" 200 590 "-" "Mozilla/5.0 (X11; Linux x86_64) AppleWebKit/537.36 (KHTML, like Gecko) Chrome/49.0.2623.75 Safari/537.36 Google Favicon" 
118.193.175.194 - - [05/Sep/2018:20:32:26 -0700] "GET //wp-login.php HTTP/1.1" 404 284 "-" "Mozilla/5.0 (X11; U; Linux i686; pt-BR; rv:1.9.0.15) Gecko/2009102815 Ubuntu/9.04 (jaunty) Firefox/3.0.15" 
118.193.175.194 - - [05/Sep/2018:20:32:26 -0700] "GET /blog//wp-login.php HTTP/1.1" 404 284 "-" "Mozilla/5.0 (X11; U; Linux i686; pt-BR; rv:1.9.0.15) Gecko/2009102815 Ubuntu/9.04 (jaunty) Firefox/3.0.15" 
118.193.175.194 - - [05/Sep/2018:20:32:27 -0700] "GET /wordpress//wp-login.php HTTP/1.1" 404 284 "-" "Mozilla/5.0 (X11; U; Linux i686; pt-BR; rv:1.9.0.15) Gecko/2009102815 Ubuntu/9.04 (jaunty) Firefox/3.0.15" 
118.193.175.194 - - [05/Sep/2018:20:32:27 -0700] "GET /wp//wp-login.php HTTP/1.1" 404 284 "-" "Mozilla/5.0 (X11; U; Linux i686; pt-BR; rv:1.9.0.15) Gecko/2009102815 Ubuntu/9.04 (jaunty) Firefox/3.0.15" 
40.77.167.127 - - [05/Sep/2018:20:34:37 -0700] "GET /self.logs/access.log.2017-10-03.gz HTTP/1.1" 304 189 "-" "Mozilla/5.0 (compatible; bingbot/2.0; +http://www.bing.com/bingbot.htm)" 
18.216.137.18 - - [05/Sep/2018:20:43:59 -0700] "GET / HTTP/1.1" 200 12383 "-" "Mozilla/5.0 (Macintosh; Intel Mac OS X x.y; rv:42.0) Trident/5.0 Chrome/51.0.2704.106 Safari/537.36 OPR/38.0.2220.41" 
37.9.87.180 - - [05/Sep/2018:20:44:02 -0700] "GET /robots.txt HTTP/1.1" 200 289 "-" "Mozilla/5.0 (compatible; YandexBot/3.0; +http://yandex.com/bots)" 
100.43.85.128 - - [05/Sep/2018:20:44:06 -0700] "GET /Datasets%20Description/HTML_Bro_log_1/?C=D;O=A HTTP/1.1" 200 734 "-" "Mozilla/5.0 (compatible; YandexBot/3.0; +http://yandex.com/bots)" 
216.244.66.245 - - [05/Sep/2018:20:47:03 -0700] "GET /robots.txt HTTP/1.1" 200 233 "-" "Mozilla/5.0 (compatible; DotBot/1.1; http://www.opensiteexplorer.org/dotbot, help@moz.com)" 
66.249.64.193 - - [05/Sep/2018:20:50:17 -0700] "GET / HTTP/1.1" 200 12383 "-" "Mozilla/5.0 (Linux; Android 6.0.1; Nexus 5X Build/MMB29P) AppleWebKit/537.36 (KHTML, like Gecko) Chrome/41.0.2272.96 Mobile Safari/537.36 (compatible; Googlebot/2.1; +http://www.google.com/bot.html)" 
83.31.77.28 - - [05/Sep/2018:20:50:32 -0700] "GET / HTTP/1.1" 200 12383 "http://www.google.com/url?sa=t&rct=j&q=&esrc=s&source=web&cd=2&ved=2ahUKEwj69_rOvKXdAhURfFAKHTpoAGsQFjABegQICBAB&url=http%3A%2F%2Fwww.secrepo.com%2F&usg=AOvVaw0jIonH_9-JWfo0lP0X5Pvo" "Mozilla/5.0 (Windows NT 6.1; WOW64; rv:29.0) Gecko/20100101 Firefox/29.0" 
83.31.77.28 - - [05/Sep/2018:20:50:33 -0700] "GET /bootstrap/img/favicon.ico HTTP/1.1" 200 589 "-" "Mozilla/5.0 (Windows NT 6.1; WOW64; rv:29.0) Gecko/20100101 Firefox/29.0" 
83.31.77.28 - - [05/Sep/2018:20:50:33 -0700] "GET /twitter-icon.png HTTP/1.1" 200 27788 "http://www.secrepo.com/" "Mozilla/5.0 (Windows NT 6.1; WOW64; rv:29.0) Gecko/20100101 Firefox/29.0" 
83.31.77.28 - - [05/Sep/2018:20:50:33 -0700] "GET /GitHub-Mark.png HTTP/1.1" 200 7427 "http://www.secrepo.com/" "Mozilla/5.0 (Windows NT 6.1; WOW64; rv:29.0) Gecko/20100101 Firefox/29.0" 
103.238.104.116 - - [05/Sep/2018:20:56:14 -0700] "GET /wp-login.php HTTP/1.1" 418 732 "-" "Mozilla/5.0 (Windows NT 6.1; WOW64; rv:40.0) Gecko/20100101 Firefox/40.1" 
103.238.104.116 - - [05/Sep/2018:20:56:15 -0700] "GET / HTTP/1.1" 418 732 "-" "Mozilla/5.0 (Windows NT 6.1; WOW64; rv:40.0) Gecko/20100101 Firefox/40.1" 
216.244.66.245 - - [05/Sep/2018:21:00:34 -0700] "GET /self.logs/access.log.2015-01-23.gz HTTP/1.1" 404 239 "-" "Mozilla/5.0 (compatible; DotBot/1.1; http://www.opensiteexplorer.org/dotbot, help@moz.com)" 
216.244.66.245 - - [05/Sep/2018:21:00:35 -0700] "GET /self.logs/access.log.2015-08-13.gz HTTP/1.1" 404 239 "-" "Mozilla/5.0 (compatible; DotBot/1.1; http://www.opensiteexplorer.org/dotbot, help@moz.com)" 
216.244.66.245 - - [05/Sep/2018:21:00:36 -0700] "GET /self.logs/access.log.2015-10-16.gz HTTP/1.1" 404 239 "-" "Mozilla/5.0 (compatible; DotBot/1.1; http://www.opensiteexplorer.org/dotbot, help@moz.com)" 
216.244.66.245 - - [05/Sep/2018:21:00:38 -0700] "GET /self.logs/access.log.2015-10-25.gz HTTP/1.1" 404 239 "-" "Mozilla/5.0 (compatible; DotBot/1.1; http://www.opensiteexplorer.org/dotbot, help@moz.com)" 
216.244.66.245 - - [05/Sep/2018:21:00:39 -0700] "GET /self.logs/access.log.2016-05-15.gz HTTP/1.1" 404 239 "-" "Mozilla/5.0 (compatible; DotBot/1.1; http://www.opensiteexplorer.org/dotbot, help@moz.com)" 
216.244.66.245 - - [05/Sep/2018:21:00:40 -0700] "GET /self.logs/access.log.2016-12-09.gz HTTP/1.1" 404 239 "-" "Mozilla/5.0 (compatible; DotBot/1.1; http://www.opensiteexplorer.org/dotbot, help@moz.com)" 
216.244.66.245 - - [05/Sep/2018:21:00:41 -0700] "GET /self.logs/error.log.2015-03-19.gz HTTP/1.1" 404 239 "-" "Mozilla/5.0 (compatible; DotBot/1.1; http://www.opensiteexplorer.org/dotbot, help@moz.com)" 
216.244.66.245 - - [05/Sep/2018:21:00:43 -0700] "GET /self.logs/error.log.2015-03-21.gz HTTP/1.1" 404 239 "-" "Mozilla/5.0 (compatible; DotBot/1.1; http://www.opensiteexplorer.org/dotbot, help@moz.com)" 
216.244.66.245 - - [05/Sep/2018:21:00:44 -0700] "GET /self.logs/error.log.2016-02-20.gz HTTP/1.1" 404 239 "-" "Mozilla/5.0 (compatible; DotBot/1.1; http://www.opensiteexplorer.org/dotbot, help@moz.com)" 
216.244.66.245 - - [05/Sep/2018:21:00:45 -0700] "GET /self.logs/error.log.2016-09-27.gz HTTP/1.1" 404 239 "-" "Mozilla/5.0 (compatible; DotBot/1.1; http://www.opensiteexplorer.org/dotbot, help@moz.com)" 
14.63.13.252 - - [05/Sep/2018:21:03:38 -0700] "GET / HTTP/1.1" 200 12383 "http://www.hakawati.co.kr/416" "Mozilla/5.0 (Windows NT 6.1; Win64; x64) AppleWebKit/537.36 (KHTML, like Gecko) Chrome/62.0.3202.94 Safari/537.36" 
14.63.13.252 - - [05/Sep/2018:21:03:39 -0700] "GET /twitter-icon.png HTTP/1.1" 200 27787 "http://www.secrepo.com/" "Mozilla/5.0 (Windows NT 6.1; Win64; x64) AppleWebKit/537.36 (KHTML, like Gecko) Chrome/62.0.3202.94 Safari/537.36" 
14.63.13.252 - - [05/Sep/2018:21:03:39 -0700] "GET /GitHub-Mark.png HTTP/1.1" 200 7428 "http://www.secrepo.com/" "Mozilla/5.0 (Windows NT 6.1; Win64; x64) AppleWebKit/537.36 (KHTML, like Gecko) Chrome/62.0.3202.94 Safari/537.36" 
14.63.13.252 - - [05/Sep/2018:21:03:40 -0700] "GET /bootstrap/img/favicon.ico HTTP/1.1" 200 589 "http://www.secrepo.com/" "Mozilla/5.0 (Windows NT 6.1; Win64; x64) AppleWebKit/537.36 (KHTML, like Gecko) Chrome/62.0.3202.94 Safari/537.36" 
14.63.13.252 - - [05/Sep/2018:21:03:59 -0700] "GET /self.logs/ HTTP/1.1" 200 11972 "http://www.secrepo.com/" "Mozilla/5.0 (Windows NT 6.1; Win64; x64) AppleWebKit/537.36 (KHTML, like Gecko) Chrome/62.0.3202.94 Safari/537.36" 
14.63.13.252 - - [05/Sep/2018:21:04:00 -0700] "GET /favicon.ico HTTP/1.1" 200 267 "http://www.secrepo.com/self.logs/" "Mozilla/5.0 (Windows NT 6.1; Win64; x64) AppleWebKit/537.36 (KHTML, like Gecko) Chrome/62.0.3202.94 Safari/537.36" 
14.63.13.252 - - [05/Sep/2018:21:04:03 -0700] "GET /self.logs/access.log.2017-01-01.gz HTTP/1.1" 200 17655 "http://www.secrepo.com/self.logs/" "Mozilla/5.0 (Windows NT 6.1; Win64; x64) AppleWebKit/537.36 (KHTML, like Gecko) Chrome/62.0.3202.94 Safari/537.36" 
66.102.6.252 - - [05/Sep/2018:21:05:00 -0700] "GET / HTTP/1.1" 200 12383 "-" "Mozilla/5.0 (X11; Linux x86_64) AppleWebKit/537.36 (KHTML, like Gecko) Chrome/49.0.2623.75 Safari/537.36 Google Favicon" 
66.102.6.224 - - [05/Sep/2018:21:05:00 -0700] "GET /bootstrap/img/favicon.ico HTTP/1.1" 200 590 "-" "Mozilla/5.0 (X11; Linux x86_64) AppleWebKit/537.36 (KHTML, like Gecko) Chrome/49.0.2623.75 Safari/537.36 Google Favicon" 
14.63.13.252 - - [05/Sep/2018:21:09:09 -0700] "GET /pe_static/apt1.zip HTTP/1.1" 200 1983328 "-" "Mozilla/5.0 (Windows NT 6.1; Win64; x64) AppleWebKit/537.36 (KHTML, like Gecko) Chrome/62.0.3202.94 Safari/537.36" 
14.63.13.252 - - [05/Sep/2018:21:09:19 -0700] "GET /Datasets%20Description/PE_malware/VirusShare.html HTTP/1.1" 200 1545 "http://www.secrepo.com/" "Mozilla/5.0 (Windows NT 6.1; Win64; x64) AppleWebKit/537.36 (KHTML, like Gecko) Chrome/62.0.3202.94 Safari/537.36" 
162.210.196.100 - - [05/Sep/2018:21:11:34 -0700] "GET /robots.txt HTTP/1.1" 200 289 "-" "Mozilla/5.0 (compatible; MJ12bot/v1.4.8; http://mj12bot.com/)" 
162.210.196.100 - - [05/Sep/2018:21:11:36 -0700] "GET / HTTP/1.1" 200 46156 "-" "Mozilla/5.0 (compatible; MJ12bot/v1.4.8; http://mj12bot.com/)" 
52.14.175.39 - - [05/Sep/2018:21:13:59 -0700] "GET / HTTP/1.1" 200 12383 "-" "Mozilla/5.0 (X11; Linux x86_64) Trident/5.0 Chrome/51.0.2704.106 Safari/537.36 OPR/38.0.2220.41" 
40.77.167.127 - - [05/Sep/2018:21:14:01 -0700] "GET /self.logs/access.log.2017-12-10.gz HTTP/1.1" 200 21687 "-" "Mozilla/5.0 (compatible; bingbot/2.0; +http://www.bing.com/bingbot.htm)" 
202.125.8.154 - - [05/Sep/2018:21:17:10 -0700] "GET / HTTP/1.1" 200 12383 "https://www.google.com.au/" "Mozilla/5.0 (Windows NT 10.0; Win64; x64) AppleWebKit/537.36 (KHTML, like Gecko) Chrome/64.0.3282.140 Safari/537.36 Edge/17.17134" 
202.125.8.154 - - [05/Sep/2018:21:17:10 -0700] "GET /twitter-icon.png HTTP/1.1" 200 27787 "http://www.secrepo.com/" "Mozilla/5.0 (Windows NT 10.0; Win64; x64) AppleWebKit/537.36 (KHTML, like Gecko) Chrome/64.0.3282.140 Safari/537.36 Edge/17.17134" 
202.125.8.154 - - [05/Sep/2018:21:17:10 -0700] "GET /GitHub-Mark.png HTTP/1.1" 200 7428 "http://www.secrepo.com/" "Mozilla/5.0 (Windows NT 10.0; Win64; x64) AppleWebKit/537.36 (KHTML, like Gecko) Chrome/64.0.3282.140 Safari/537.36 Edge/17.17134" 
202.125.8.154 - - [05/Sep/2018:21:17:11 -0700] "GET /bootstrap/img/favicon.ico HTTP/1.1" 200 590 "-" "Mozilla/5.0 (Windows NT 10.0; Win64; x64) AppleWebKit/537.36 (KHTML, like Gecko) Chrome/64.0.3282.140 Safari/537.36 Edge/17.17134" 
113.171.224.176 - - [05/Sep/2018:21:21:30 -0700] "GET /honeypot/Honeypot%20-%20Howto.pdf HTTP/1.1" 200 46720 "-" "Mozilla/5.0 Gecko/20100115 Firefox/3.6" 
216.74.105.247 - - [05/Sep/2018:21:26:15 -0700] "GET / HTTP/1.1" 301 483 "-" "Mozilla/5.0 (Macintosh; Intel Mac OS X 10_12_5) AppleWebKit/537.36 (KHTML, like Gecko) Chrome/58.0.3029.110 Safari/537.36" 
216.74.105.247 - - [05/Sep/2018:21:26:15 -0700] "GET / HTTP/1.1" 200 12383 "-" "Mozilla/5.0 (Macintosh; Intel Mac OS X 10_12_5) AppleWebKit/537.36 (KHTML, like Gecko) Chrome/58.0.3029.110 Safari/537.36" 
216.244.66.245 - - [05/Sep/2018:21:30:41 -0700] "GET /robots.txt HTTP/1.1" 200 233 "-" "Mozilla/5.0 (compatible; DotBot/1.1; http://www.opensiteexplorer.org/dotbot, help@moz.com)" 
41.223.160.173 - - [05/Sep/2018:21:33:11 -0700] "GET /maccdc2012/dns.log.gz HTTP/1.1" 304 154 "-" "Mozilla/5.0 Gecko/20100115 Firefox/3.6" 
100.43.85.128 - - [05/Sep/2018:21:35:05 -0700] "GET / HTTP/1.1" 200 12383 "-" "Mozilla/5.0 (compatible; YandexBot/3.0; +http://yandex.com/bots)" 
100.43.85.128 - - [05/Sep/2018:21:35:05 -0700] "GET /robots.txt HTTP/1.1" 301 518 "-" "Mozilla/5.0 (compatible; YandexBot/3.0; +http://yandex.com/bots)" 
100.43.85.128 - - [05/Sep/2018:21:35:09 -0700] "GET / HTTP/1.1" 301 483 "-" "Mozilla/5.0 (compatible; YandexBot/3.0; +http://yandex.com/bots)" 
180.159.110.14 - - [05/Sep/2018:21:36:11 -0700] "GET / HTTP/1.1" 200 12383 "-" "Mozilla/5.0 (Windows NT 10.0; WOW64) AppleWebKit/537.36 (KHTML, like Gecko) Chrome/68.0.3440.106 Safari/537.36" 
180.159.110.14 - - [05/Sep/2018:21:36:12 -0700] "GET /twitter-icon.png HTTP/1.1" 200 27787 "http://www.secrepo.com/" "Mozilla/5.0 (Windows NT 10.0; WOW64) AppleWebKit/537.36 (KHTML, like Gecko) Chrome/68.0.3440.106 Safari/537.36" 
180.159.110.14 - - [05/Sep/2018:21:36:12 -0700] "GET /GitHub-Mark.png HTTP/1.1" 200 7428 "http://www.secrepo.com/" "Mozilla/5.0 (Windows NT 10.0; WOW64) AppleWebKit/537.36 (KHTML, like Gecko) Chrome/68.0.3440.106 Safari/537.36" 
180.159.110.14 - - [05/Sep/2018:21:36:14 -0700] "GET /bootstrap/img/favicon.ico HTTP/1.1" 200 590 "http://www.secrepo.com/" "Mozilla/5.0 (Windows NT 10.0; WOW64) AppleWebKit/537.36 (KHTML, like Gecko) Chrome/68.0.3440.106 Safari/537.36" 
54.36.150.82 - - [05/Sep/2018:21:39:12 -0700] "GET /robots.txt HTTP/1.1" 200 304 "-" "Mozilla/5.0 (compatible; AhrefsBot/5.2; +http://ahrefs.com/robot/)" 
47.21.221.242 - - [05/Sep/2018:21:39:43 -0700] "GET / HTTP/1.1" 200 46156 "-" "Mozilla/5.0 (Windows NT 6.1; WOW64) AppleWebKit/537.36 (KHTML, like Gecko) Chrome/33.0.1750.154 Safari/537.36" 
112.206.188.109 - - [05/Sep/2018:21:43:37 -0700] "GET /wp-login.php HTTP/1.1" 418 732 "-" "Mozilla/5.0 (Windows NT 6.1; WOW64; rv:40.0) Gecko/20100101 Firefox/40.1" 
112.206.188.109 - - [05/Sep/2018:21:43:38 -0700] "GET / HTTP/1.1" 418 732 "-" "Mozilla/5.0 (Windows NT 6.1; WOW64; rv:40.0) Gecko/20100101 Firefox/40.1" 
18.222.108.192 - - [05/Sep/2018:21:44:03 -0700] "GET / HTTP/1.1" 200 12383 "-" "Mozilla/5.0 (X11; Linux x86_64) Trident/5.0 Chrome/67.0.3396.79 Safari/537.36" 
216.244.66.245 - - [05/Sep/2018:21:44:18 -0700] "GET /self.logs/access.log.2015-05-04.gz HTTP/1.1" 404 239 "-" "Mozilla/5.0 (compatible; DotBot/1.1; http://www.opensiteexplorer.org/dotbot, help@moz.com)" 
216.244.66.245 - - [05/Sep/2018:21:44:20 -0700] "GET /self.logs/access.log.2015-09-21.gz HTTP/1.1" 404 239 "-" "Mozilla/5.0 (compatible; DotBot/1.1; http://www.opensiteexplorer.org/dotbot, help@moz.com)" 
216.244.66.245 - - [05/Sep/2018:21:44:22 -0700] "GET /self.logs/error.log.2015-12-12.gz HTTP/1.1" 404 239 "-" "Mozilla/5.0 (compatible; DotBot/1.1; http://www.opensiteexplorer.org/dotbot, help@moz.com)" 
216.244.66.245 - - [05/Sep/2018:21:44:24 -0700] "GET /self.logs/error.log.2016-10-29.gz HTTP/1.1" 404 239 "-" "Mozilla/5.0 (compatible; DotBot/1.1; http://www.opensiteexplorer.org/dotbot, help@moz.com)" 
41.223.160.173 - - [05/Sep/2018:21:56:37 -0700] "GET /tg/tg_snort_fast.7z HTTP/1.1" 304 131 "-" "Mozilla/5.0 Gecko/20100115 Firefox/3.6" 
66.249.64.223 - - [05/Sep/2018:22:07:34 -0700] "GET /tg_snort_fast.7z HTTP/1.1" 404 340 "-" "Mozilla/5.0 (compatible; Googlebot/2.1; +http://www.google.com/bot.html)" 
216.244.66.245 - - [05/Sep/2018:22:14:06 -0700] "GET /robots.txt HTTP/1.1" 200 233 "-" "Mozilla/5.0 (compatible; DotBot/1.1; http://www.opensiteexplorer.org/dotbot, help@moz.com)" 
18.219.142.57 - - [05/Sep/2018:22:14:41 -0700] "GET / HTTP/1.1" 200 12383 "-" "Mozilla/5.0 (Windows NT 6.1; Win64; x64; rv:47.0) AppleWebKit/537.36 (KHTML, like Gecko) Chrome/51.0.2704.106 Safari/537.36 OPR/38.0.2220.41" 
37.254.80.182 - - [05/Sep/2018:22:15:04 -0700] "GET / HTTP/1.1" 301 483 "-" "Mozilla/5.0 (Windows NT 10.0; Win64; x64) AppleWebKit/537.36 (KHTML, like Gecko) Chrome/64.0.3282.140 Safari/537.36 Edge/17.17134" 
37.254.80.182 - - [05/Sep/2018:22:15:05 -0700] "GET / HTTP/1.1" 200 12383 "-" "Mozilla/5.0 (Windows NT 10.0; Win64; x64) AppleWebKit/537.36 (KHTML, like Gecko) Chrome/64.0.3282.140 Safari/537.36 Edge/17.17134" 
37.254.80.182 - - [05/Sep/2018:22:15:05 -0700] "GET /GitHub-Mark.png HTTP/1.1" 200 7427 "http://www.secrepo.com/" "Mozilla/5.0 (Windows NT 10.0; Win64; x64) AppleWebKit/537.36 (KHTML, like Gecko) Chrome/64.0.3282.140 Safari/537.36 Edge/17.17134" 
37.254.80.182 - - [05/Sep/2018:22:15:05 -0700] "GET /twitter-icon.png HTTP/1.1" 200 27788 "http://www.secrepo.com/" "Mozilla/5.0 (Windows NT 10.0; Win64; x64) AppleWebKit/537.36 (KHTML, like Gecko) Chrome/64.0.3282.140 Safari/537.36 Edge/17.17134" 
37.254.80.182 - - [05/Sep/2018:22:15:05 -0700] "GET /bootstrap/img/favicon.ico HTTP/1.1" 200 590 "-" "Mozilla/5.0 (Windows NT 10.0; Win64; x64) AppleWebKit/537.36 (KHTML, like Gecko) Chrome/64.0.3282.140 Safari/537.36 Edge/17.17134" 
37.254.80.182 - - [05/Sep/2018:22:17:04 -0700] "GET /maccdc2012/dhcp.log.gz HTTP/1.1" 200 45019 "http://www.secrepo.com/" "Mozilla/5.0 (Windows NT 10.0; Win64; x64) AppleWebKit/537.36 (KHTML, like Gecko) Chrome/64.0.3282.140 Safari/537.36 Edge/17.17134" 
41.0.152.235 - - [05/Sep/2018:22:21:46 -0700] "GET /wp-login.php HTTP/1.1" 418 732 "-" "Mozilla/5.0 (Windows NT 6.1; WOW64; rv:40.0) Gecko/20100101 Firefox/40.1" 
41.0.152.235 - - [05/Sep/2018:22:21:47 -0700] "GET / HTTP/1.1" 418 732 "-" "Mozilla/5.0 (Windows NT 6.1; WOW64; rv:40.0) Gecko/20100101 Firefox/40.1" 
149.111.28.128 - - [05/Sep/2018:22:21:50 -0700] "GET / HTTP/1.1" 200 12383 "https://www.google.com/" "Mozilla/5.0 (Windows NT 6.1; Win64; x64) AppleWebKit/537.36 (KHTML, like Gecko) Chrome/68.0.3440.106 Safari/537.36" 
149.111.28.128 - - [05/Sep/2018:22:21:51 -0700] "GET /twitter-icon.png HTTP/1.1" 200 27787 "http://www.secrepo.com/" "Mozilla/5.0 (Windows NT 6.1; Win64; x64) AppleWebKit/537.36 (KHTML, like Gecko) Chrome/68.0.3440.106 Safari/537.36" 
149.111.28.128 - - [05/Sep/2018:22:21:51 -0700] "GET /GitHub-Mark.png HTTP/1.1" 200 7428 "http://www.secrepo.com/" "Mozilla/5.0 (Windows NT 6.1; Win64; x64) AppleWebKit/537.36 (KHTML, like Gecko) Chrome/68.0.3440.106 Safari/537.36" 
149.111.28.128 - - [05/Sep/2018:22:21:52 -0700] "GET /bootstrap/img/favicon.ico HTTP/1.1" 200 589 "http://www.secrepo.com/" "Mozilla/5.0 (Windows NT 6.1; Win64; x64) AppleWebKit/537.36 (KHTML, like Gecko) Chrome/68.0.3440.106 Safari/537.36" 
203.27.187.126 - - [05/Sep/2018:22:21:55 -0700] "GET / HTTP/1.1" 200 12383 "https://www.google.com.au/" "Mozilla/5.0 (Windows NT 10.0; Win64; x64) AppleWebKit/537.36 (KHTML, like Gecko) Chrome/68.0.3440.106 Safari/537.36" 
203.27.187.126 - - [05/Sep/2018:22:21:55 -0700] "GET /twitter-icon.png HTTP/1.1" 200 27787 "http://www.secrepo.com/" "Mozilla/5.0 (Windows NT 10.0; Win64; x64) AppleWebKit/537.36 (KHTML, like Gecko) Chrome/68.0.3440.106 Safari/537.36" 
203.27.187.126 - - [05/Sep/2018:22:21:55 -0700] "GET /GitHub-Mark.png HTTP/1.1" 200 7428 "http://www.secrepo.com/" "Mozilla/5.0 (Windows NT 10.0; Win64; x64) AppleWebKit/537.36 (KHTML, like Gecko) Chrome/68.0.3440.106 Safari/537.36" 
203.27.187.126 - - [05/Sep/2018:22:21:58 -0700] "GET /bootstrap/img/favicon.ico HTTP/1.1" 200 590 "http://www.secrepo.com/" "Mozilla/5.0 (Windows NT 10.0; Win64; x64) AppleWebKit/537.36 (KHTML, like Gecko) Chrome/68.0.3440.106 Safari/537.36" 
175.203.71.208 - - [05/Sep/2018:22:24:12 -0700] "GET / HTTP/1.1" 200 12383 "https://www.google.co.kr/" "Mozilla/5.0 (X11; Linux x86_64) AppleWebKit/537.36 (KHTML, like Gecko) Chrome/68.0.3440.106 Safari/537.36" 
175.203.71.208 - - [05/Sep/2018:22:24:12 -0700] "GET /twitter-icon.png HTTP/1.1" 200 27787 "http://www.secrepo.com/" "Mozilla/5.0 (X11; Linux x86_64) AppleWebKit/537.36 (KHTML, like Gecko) Chrome/68.0.3440.106 Safari/537.36" 
175.203.71.208 - - [05/Sep/2018:22:24:12 -0700] "GET /GitHub-Mark.png HTTP/1.1" 200 7428 "http://www.secrepo.com/" "Mozilla/5.0 (X11; Linux x86_64) AppleWebKit/537.36 (KHTML, like Gecko) Chrome/68.0.3440.106 Safari/537.36" 
175.203.71.208 - - [05/Sep/2018:22:24:13 -0700] "GET /bootstrap/img/favicon.ico HTTP/1.1" 200 589 "http://www.secrepo.com/" "Mozilla/5.0 (X11; Linux x86_64) AppleWebKit/537.36 (KHTML, like Gecko) Chrome/68.0.3440.106 Safari/537.36" 
216.244.66.245 - - [05/Sep/2018:22:24:52 -0700] "GET /self.logs/error.log.2018-02-26.gz HTTP/1.1" 200 3470 "-" "Mozilla/5.0 (compatible; DotBot/1.1; http://www.opensiteexplorer.org/dotbot, help@moz.com)" 
113.171.224.176 - - [05/Sep/2018:22:26:37 -0700] "GET /honeypot/Honeypot%20-%20Howto.pdf HTTP/1.1" 200 46720 "-" "Mozilla/5.0 Gecko/20100115 Firefox/3.6" 
216.244.66.245 - - [05/Sep/2018:22:28:47 -0700] "GET /self.logs/access.log.2015-01-22.gz HTTP/1.1" 404 239 "-" "Mozilla/5.0 (compatible; DotBot/1.1; http://www.opensiteexplorer.org/dotbot, help@moz.com)" 
216.244.66.245 - - [05/Sep/2018:22:28:48 -0700] "GET /self.logs/access.log.2015-04-30.gz HTTP/1.1" 404 239 "-" "Mozilla/5.0 (compatible; DotBot/1.1; http://www.opensiteexplorer.org/dotbot, help@moz.com)" 
216.244.66.245 - - [05/Sep/2018:22:28:49 -0700] "GET /self.logs/access.log.2015-05-13.gz HTTP/1.1" 404 239 "-" "Mozilla/5.0 (compatible; DotBot/1.1; http://www.opensiteexplorer.org/dotbot, help@moz.com)" 
216.244.66.245 - - [05/Sep/2018:22:28:50 -0700] "GET /self.logs/access.log.2015-05-19.gz HTTP/1.1" 404 239 "-" "Mozilla/5.0 (compatible; DotBot/1.1; http://www.opensiteexplorer.org/dotbot, help@moz.com)" 
216.244.66.245 - - [05/Sep/2018:22:28:51 -0700] "GET /self.logs/access.log.2015-06-12.gz HTTP/1.1" 404 239 "-" "Mozilla/5.0 (compatible; DotBot/1.1; http://www.opensiteexplorer.org/dotbot, help@moz.com)" 
216.244.66.245 - - [05/Sep/2018:22:28:52 -0700] "GET /self.logs/access.log.2016-03-15.gz HTTP/1.1" 404 239 "-" "Mozilla/5.0 (compatible; DotBot/1.1; http://www.opensiteexplorer.org/dotbot, help@moz.com)" 
216.244.66.245 - - [05/Sep/2018:22:28:53 -0700] "GET /self.logs/access.log.2016-06-27.gz HTTP/1.1" 404 239 "-" "Mozilla/5.0 (compatible; DotBot/1.1; http://www.opensiteexplorer.org/dotbot, help@moz.com)" 
216.244.66.245 - - [05/Sep/2018:22:28:54 -0700] "GET /self.logs/access.log.2016-06-30.gz HTTP/1.1" 404 239 "-" "Mozilla/5.0 (compatible; DotBot/1.1; http://www.opensiteexplorer.org/dotbot, help@moz.com)" 
216.244.66.245 - - [05/Sep/2018:22:28:55 -0700] "GET /self.logs/access.log.2016-10-18.gz HTTP/1.1" 404 239 "-" "Mozilla/5.0 (compatible; DotBot/1.1; http://www.opensiteexplorer.org/dotbot, help@moz.com)" 
216.244.66.245 - - [05/Sep/2018:22:28:56 -0700] "GET /self.logs/access.log.2016-11-09.gz HTTP/1.1" 404 239 "-" "Mozilla/5.0 (compatible; DotBot/1.1; http://www.opensiteexplorer.org/dotbot, help@moz.com)" 
216.244.66.245 - - [05/Sep/2018:22:28:57 -0700] "GET /self.logs/access.log.2016-12-21.gz HTTP/1.1" 404 239 "-" "Mozilla/5.0 (compatible; DotBot/1.1; http://www.opensiteexplorer.org/dotbot, help@moz.com)" 
216.244.66.245 - - [05/Sep/2018:22:28:58 -0700] "GET /self.logs/error.log.2015-07-10.gz HTTP/1.1" 404 239 "-" "Mozilla/5.0 (compatible; DotBot/1.1; http://www.opensiteexplorer.org/dotbot, help@moz.com)" 
216.244.66.245 - - [05/Sep/2018:22:29:00 -0700] "GET /self.logs/error.log.2015-12-06.gz HTTP/1.1" 404 239 "-" "Mozilla/5.0 (compatible; DotBot/1.1; http://www.opensiteexplorer.org/dotbot, help@moz.com)" 
216.244.66.245 - - [05/Sep/2018:22:29:01 -0700] "GET /self.logs/error.log.2016-06-24.gz HTTP/1.1" 404 239 "-" "Mozilla/5.0 (compatible; DotBot/1.1; http://www.opensiteexplorer.org/dotbot, help@moz.com)" 
66.249.64.223 - - [05/Sep/2018:22:33:14 -0700] "GET /tg_snort_full.7z HTTP/1.1" 404 340 "-" "Mozilla/5.0 (compatible; Googlebot/2.1; +http://www.google.com/bot.html)" 
66.249.64.223 - - [05/Sep/2018:22:40:13 -0700] "GET /Datasets%20Description/HTML_Bro_log_2/files.html HTTP/1.1" 200 1804 "-" "Mozilla/5.0 (Linux; Android 6.0.1; Nexus 5X Build/MMB29P) AppleWebKit/537.36 (KHTML, like Gecko) Chrome/41.0.2272.96 Mobile Safari/537.36 (compatible; Googlebot/2.1; +http://www.google.com/bot.html)" 
113.57.161.139 - - [05/Sep/2018:22:41:48 -0700] "GET /favicon.ico HTTP/1.1" 200 268 "-" "Mozilla/5.0 (Windows NT 10.0; WOW64) AppleWebKit/537.36 (KHTML, like Gecko) Chrome/63.0.3239.132 Safari/537.36" 
18.216.137.18 - - [05/Sep/2018:22:43:48 -0700] "GET / HTTP/1.1" 200 12383 "-" "Mozilla/5.0 (Macintosh; Intel Mac OS X x.y; rv:42.0) Gecko/20100101 Chrome/67.0.3396.79 Safari/537.36" 
14.63.13.252 - - [05/Sep/2018:22:46:16 -0700] "GET / HTTP/1.1" 200 12383 "http://www.hakawati.co.kr/416" "Mozilla/5.0 (Windows NT 6.1; Win64; x64) AppleWebKit/537.36 (KHTML, like Gecko) Chrome/62.0.3202.94 Safari/537.36" 
14.63.13.252 - - [05/Sep/2018:22:46:17 -0700] "GET /twitter-icon.png HTTP/1.1" 200 27787 "http://www.secrepo.com/" "Mozilla/5.0 (Windows NT 6.1; Win64; x64) AppleWebKit/537.36 (KHTML, like Gecko) Chrome/62.0.3202.94 Safari/537.36" 
14.63.13.252 - - [05/Sep/2018:22:46:17 -0700] "GET /GitHub-Mark.png HTTP/1.1" 200 7428 "http://www.secrepo.com/" "Mozilla/5.0 (Windows NT 6.1; Win64; x64) AppleWebKit/537.36 (KHTML, like Gecko) Chrome/62.0.3202.94 Safari/537.36" 
120.28.23.92 - - [05/Sep/2018:22:48:22 -0700] "GET / HTTP/1.1" 304 189 "https://www.google.com.ph/" "Mozilla/5.0 (Windows NT 6.1; Win64; x64) AppleWebKit/537.36 (KHTML, like Gecko) Chrome/68.0.3440.106 Safari/537.36" 
45.76.234.54 - - [05/Sep/2018:22:50:21 -0700] "GET / HTTP/1.1" 200 12383 "-" "Mozilla/5.0 (Windows NT 6.1; Win64; x64) AppleWebKit/537.36 (KHTML, like Gecko) Chrome/68.0.3440.106 Safari/537.36" 
45.76.234.54 - - [05/Sep/2018:22:50:22 -0700] "GET /twitter-icon.png HTTP/1.1" 200 27788 "http://www.secrepo.com/" "Mozilla/5.0 (Windows NT 6.1; Win64; x64) AppleWebKit/537.36 (KHTML, like Gecko) Chrome/68.0.3440.106 Safari/537.36" 
45.76.234.54 - - [05/Sep/2018:22:50:22 -0700] "GET /GitHub-Mark.png HTTP/1.1" 200 7428 "http://www.secrepo.com/" "Mozilla/5.0 (Windows NT 6.1; Win64; x64) AppleWebKit/537.36 (KHTML, like Gecko) Chrome/68.0.3440.106 Safari/537.36" 
45.76.234.54 - - [05/Sep/2018:22:50:25 -0700] "GET /bootstrap/img/favicon.ico HTTP/1.1" 200 590 "http://www.secrepo.com/" "Mozilla/5.0 (Windows NT 6.1; Win64; x64) AppleWebKit/537.36 (KHTML, like Gecko) Chrome/68.0.3440.106 Safari/537.36" 
207.46.13.133 - - [05/Sep/2018:22:57:30 -0700] "GET /self.logs/access.log.2017-07-30.gz HTTP/1.1" 304 189 "-" "Mozilla/5.0 (compatible; bingbot/2.0; +http://www.bing.com/bingbot.htm)" 
216.244.66.245 - - [05/Sep/2018:22:57:45 -0700] "GET /robots.txt HTTP/1.1" 200 233 "-" "Mozilla/5.0 (compatible; DotBot/1.1; http://www.opensiteexplorer.org/dotbot, help@moz.com)" 
105.157.183.193 - - [05/Sep/2018:22:58:13 -0700] "GET /domaindata/domainmovement.zip HTTP/1.1" 200 165528 "http://www.secrepo.com/" "Mozilla/5.0 (compatible; BehloolBot/beta; +http://www.webeaver.com/bot)" 
40.77.167.127 - - [05/Sep/2018:23:06:58 -0700] "GET /self.logs/access.log.2016-01-12.gz HTTP/1.1" 404 340 "-" "Mozilla/5.0 (compatible; bingbot/2.0; +http://www.bing.com/bingbot.htm)" 
100.43.85.128 - - [05/Sep/2018:23:09:53 -0700] "GET /Datasets%20Description/HTML_Bro_log_1/app_stats.html HTTP/1.1" 200 1485 "-" "Mozilla/5.0 (compatible; YandexBot/3.0; +http://yandex.com/bots)" 
216.244.66.245 - - [05/Sep/2018:23:12:14 -0700] "GET /self.logs/access.log.2015-03-28.gz HTTP/1.1" 404 239 "-" "Mozilla/5.0 (compatible; DotBot/1.1; http://www.opensiteexplorer.org/dotbot, help@moz.com)" 
216.244.66.245 - - [05/Sep/2018:23:12:16 -0700] "GET /self.logs/access.log.2015-07-07.gz HTTP/1.1" 404 239 "-" "Mozilla/5.0 (compatible; DotBot/1.1; http://www.opensiteexplorer.org/dotbot, help@moz.com)" 
216.244.66.245 - - [05/Sep/2018:23:12:18 -0700] "GET /self.logs/access.log.2016-06-21.gz HTTP/1.1" 404 239 "-" "Mozilla/5.0 (compatible; DotBot/1.1; http://www.opensiteexplorer.org/dotbot, help@moz.com)" 
216.244.66.245 - - [05/Sep/2018:23:12:20 -0700] "GET /self.logs/access.log.2016-09-15.gz HTTP/1.1" 404 239 "-" "Mozilla/5.0 (compatible; DotBot/1.1; http://www.opensiteexplorer.org/dotbot, help@moz.com)" 
70.179.141.180 - - [05/Sep/2018:23:12:52 -0700] "GET /wp-login.php HTTP/1.1" 418 732 "-" "Mozilla/5.0 (Windows NT 6.1; WOW64; rv:40.0) Gecko/20100101 Firefox/40.1" 
186.154.32.154 - - [05/Sep/2018:23:13:00 -0700] "GET /wp-login.php HTTP/1.1" 418 732 "-" "Mozilla/5.0 (Windows NT 6.1; WOW64; rv:40.0) Gecko/20100101 Firefox/40.1" 
186.154.32.154 - - [05/Sep/2018:23:13:01 -0700] "GET / HTTP/1.1" 418 732 "-" "Mozilla/5.0 (Windows NT 6.1; WOW64; rv:40.0) Gecko/20100101 Firefox/40.1" 
18.188.94.118 - - [05/Sep/2018:23:14:14 -0700] "GET / HTTP/1.1" 200 12383 "-" "Mozilla/5.0 (X11; Linux x86_64) AppleWebKit/537.36 (KHTML, like Gecko) Chrome/67.0.3396.79 Safari/537.36" 
162.242.144.71 - - [05/Sep/2018:23:14:31 -0700] "GET /robots.txt HTTP/1.1" 301 446 "-" "Tornado-Async-Client" 
162.242.144.71 - - [05/Sep/2018:23:14:31 -0700] "GET /robots.txt HTTP/1.1" 304 130 "-" "Tornado-Async-Client" 
162.242.144.71 - - [05/Sep/2018:23:14:31 -0700] "GET /honeypot/BSidesDFW%20-%202014.ipynb HTTP/1.1" 301 484 "-" "Tornado-Async-Client" 
162.242.144.71 - - [05/Sep/2018:23:14:31 -0700] "GET /honeypot/BSidesDFW%20-%202014.ipynb HTTP/1.1" 200 930780 "-" "Tornado-Async-Client" 
37.254.80.182 - - [05/Sep/2018:23:15:11 -0700] "GET / HTTP/1.1" 301 483 "-" "Mozilla/5.0 (Windows NT 10.0; Win64; x64) AppleWebKit/537.36 (KHTML, like Gecko) Chrome/64.0.3282.140 Safari/537.36 Edge/17.17134" 
40.77.167.180 - - [05/Sep/2018:23:15:58 -0700] "GET /self.logs/access.log.2017-08-02.gz HTTP/1.1" 200 17892 "-" "Mozilla/5.0 (compatible; bingbot/2.0; +http://www.bing.com/bingbot.htm)" 
42.236.10.83 - - [05/Sep/2018:23:19:44 -0700] "GET /self.logs/ HTTP/1.1" 200 11972 "http://www.secrepo.com/self.logs/" "Mozilla/5.0 (Windows NT 6.1; WOW64) AppleWebKit/537.36 (KHTML, like Gecko) Chrome/50.0.2661.102 Safari/537.36; 360Spider" 
42.236.10.100 - - [05/Sep/2018:23:19:44 -0700] "GET /honeypot/BSidesDFW%20-%202014.ipynb HTTP/1.1" 200 930836 "http://www.secrepo.com/honeypot/BSidesDFW%20-%202014.ipynb" "Mozilla/5.0 (Windows NT 6.1; WOW64) AppleWebKit/537.36 (KHTML, like Gecko) Chrome/50.0.2661.102 Safari/537.36; 360Spider" 
42.236.10.76 - - [05/Sep/2018:23:19:44 -0700] "GET /squid/access.log.gz HTTP/1.1" 200 3046702 "http://www.secrepo.com/squid/access.log.gz" "Mozilla/5.0 (Windows NT 6.1; WOW64) AppleWebKit/537.36 (KHTML, like Gecko) Chrome/50.4.2661.102 Safari/537.36; 360Spider" 
42.236.10.98 - - [05/Sep/2018:23:19:45 -0700] "GET /maccdc2012/conn.log.gz HTTP/1.1" 200 3021883 "http://www.secrepo.com/maccdc2012/conn.log.gz" "Mozilla/5.0 (Windows NT 6.1; WOW64) AppleWebKit/537.36 (KHTML, like Gecko) Chrome/50.0.2661.102 Safari/537.36; 360Spider" 
