104.131.37.93 - - [16/Feb/2018:08:21:28 -0800] "GET /self.logs/2016/?C=N;O=D HTTP/1.1" 200 7711 "http://www.secrepo.com/self.logs/2016/" "Mozilla/5.0 (compatible; spbot/5.0.3; +http://OpenLinkProfiler.org/bot )" 
104.131.37.93 - - [16/Feb/2018:08:21:33 -0800] "GET /self.logs/2016/?C=S;O=A HTTP/1.1" 200 8590 "http://www.secrepo.com/self.logs/2016/" "Mozilla/5.0 (compatible; spbot/5.0.3; +http://OpenLinkProfiler.org/bot )" 
104.131.37.93 - - [16/Feb/2018:08:21:38 -0800] "GET /self.logs/2016/?C=M;O=A HTTP/1.1" 200 7991 "http://www.secrepo.com/self.logs/2016/" "Mozilla/5.0 (compatible; spbot/5.0.3; +http://OpenLinkProfiler.org/bot )" 
104.131.37.93 - - [16/Feb/2018:08:21:43 -0800] "GET /self.logs/2015/?C=D;O=A HTTP/1.1" 200 7381 "http://www.secrepo.com/self.logs/2015/" "Mozilla/5.0 (compatible; spbot/5.0.3; +http://OpenLinkProfiler.org/bot )" 
104.131.37.93 - - [16/Feb/2018:08:21:48 -0800] "GET /self.logs/2016/?C=D;O=A HTTP/1.1" 200 7685 "http://www.secrepo.com/self.logs/2016/" "Mozilla/5.0 (compatible; spbot/5.0.3; +http://OpenLinkProfiler.org/bot )" 
104.131.37.93 - - [16/Feb/2018:08:21:53 -0800] "GET /self.logs/2015/?C=M;O=A HTTP/1.1" 200 7604 "http://www.secrepo.com/self.logs/2015/" "Mozilla/5.0 (compatible; spbot/5.0.3; +http://OpenLinkProfiler.org/bot )" 
104.131.37.93 - - [16/Feb/2018:08:21:58 -0800] "GET /self.logs/2015/?C=S;O=A HTTP/1.1" 200 8227 "http://www.secrepo.com/self.logs/2015/" "Mozilla/5.0 (compatible; spbot/5.0.3; +http://OpenLinkProfiler.org/bot )" 
104.131.37.93 - - [16/Feb/2018:08:22:03 -0800] "GET /self.logs/2015/?C=N;O=D HTTP/1.1" 200 7424 "http://www.secrepo.com/self.logs/2015/" "Mozilla/5.0 (compatible; spbot/5.0.3; +http://OpenLinkProfiler.org/bot )" 
104.131.37.93 - - [16/Feb/2018:08:22:08 -0800] "GET /self.logs/2016/?C=N;O=A HTTP/1.1" 200 7685 "http://www.secrepo.com/self.logs/2016/?C=N;O=D" "Mozilla/5.0 (compatible; spbot/5.0.3; +http://OpenLinkProfiler.org/bot )" 
104.131.37.93 - - [16/Feb/2018:08:22:13 -0800] "GET /self.logs/2016/?C=S;O=D HTTP/1.1" 200 8516 "http://www.secrepo.com/self.logs/2016/?C=S;O=A" "Mozilla/5.0 (compatible; spbot/5.0.3; +http://OpenLinkProfiler.org/bot )" 
104.131.37.93 - - [16/Feb/2018:08:22:18 -0800] "GET /self.logs/2016/?C=M;O=D HTTP/1.1" 200 7964 "http://www.secrepo.com/self.logs/2016/?C=M;O=A" "Mozilla/5.0 (compatible; spbot/5.0.3; +http://OpenLinkProfiler.org/bot )" 
104.131.37.93 - - [16/Feb/2018:08:22:23 -0800] "GET /self.logs/2015/?C=N;O=A HTTP/1.1" 200 7381 "http://www.secrepo.com/self.logs/2015/?C=D;O=A" "Mozilla/5.0 (compatible; spbot/5.0.3; +http://OpenLinkProfiler.org/bot )" 
104.131.37.93 - - [16/Feb/2018:08:22:28 -0800] "GET /self.logs/2015/?C=D;O=D HTTP/1.1" 200 7424 "http://www.secrepo.com/self.logs/2015/?C=D;O=A" "Mozilla/5.0 (compatible; spbot/5.0.3; +http://OpenLinkProfiler.org/bot )" 
104.131.37.93 - - [16/Feb/2018:08:22:33 -0800] "GET /self.logs/2016/?C=D;O=D HTTP/1.1" 200 7711 "http://www.secrepo.com/self.logs/2016/?C=D;O=A" "Mozilla/5.0 (compatible; spbot/5.0.3; +http://OpenLinkProfiler.org/bot )" 
104.131.37.93 - - [16/Feb/2018:08:22:38 -0800] "GET /self.logs/2015/?C=M;O=D HTTP/1.1" 200 7610 "http://www.secrepo.com/self.logs/2015/?C=M;O=A" "Mozilla/5.0 (compatible; spbot/5.0.3; +http://OpenLinkProfiler.org/bot )" 
120.221.1.28 - - [16/Feb/2018:08:22:42 -0800] "GET /maccdc2012/files.log.gz HTTP/1.1" 304 155 "-" "Mozilla/5.0 Gecko/20100115 Firefox/3.6" 
104.131.37.93 - - [16/Feb/2018:08:22:43 -0800] "GET /self.logs/2015/?C=S;O=D HTTP/1.1" 200 8197 "http://www.secrepo.com/self.logs/2015/?C=S;O=A" "Mozilla/5.0 (compatible; spbot/5.0.3; +http://OpenLinkProfiler.org/bot )" 
104.131.37.93 - - [16/Feb/2018:08:22:48 -0800] "GET /self.logs/2016/error.log.2016-01-22 HTTP/1.1" 200 304 "http://www.secrepo.com/self.logs/2016/" "Mozilla/5.0 (compatible; spbot/5.0.3; +http://OpenLinkProfiler.org/bot )" 
102.181.194.40 - - [16/Feb/2018:08:23:31 -0800] "GET /maccdc2012/dns.log.gz HTTP/1.1" 304 154 "-" "Mozilla/5.0 Gecko/20100115 Firefox/3.6" 
68.180.228.98 - - [16/Feb/2018:08:23:45 -0800] "GET /self.logs/access.log.2017-08-08.gz HTTP/1.1" 200 24010 "-" "Mozilla/5.0 (compatible; Yahoo! Slurp; http://help.yahoo.com/help/us/ysearch/slurp)" 
68.180.228.98 - - [16/Feb/2018:08:23:47 -0800] "GET /self.logs/access.log.2017-05-31.gz HTTP/1.1" 200 18673 "-" "Mozilla/5.0 (compatible; Yahoo! Slurp; http://help.yahoo.com/help/us/ysearch/slurp)" 
194.244.187.180 - - [16/Feb/2018:08:30:04 -0800] "GET /maccdc2012/dns.log.gz HTTP/1.1" 200 827006 "-" "Mozilla/5.0 (Windows NT 10.0; Win64; x64) AppleWebKit/537.36 (KHTML, like Gecko) Chrome/63.0.3239.132 Safari/537.36" 
5.90.135.98 - - [16/Feb/2018:08:30:34 -0800] "GET /maccdc2012/dns.log.gz HTTP/1.1" 200 6629420 "-" "Mozilla/5.0 (Windows NT 10.0; Win64; x64) AppleWebKit/537.36 (KHTML, like Gecko) Chrome/63.0.3239.132 Safari/537.36" 
162.242.144.71 - - [16/Feb/2018:08:36:58 -0800] "GET /robots.txt HTTP/1.1" 301 446 "-" "Tornado-Async-Client" 
162.242.144.71 - - [16/Feb/2018:08:36:58 -0800] "GET /robots.txt HTTP/1.1" 304 130 "-" "Tornado-Async-Client" 
162.242.144.71 - - [16/Feb/2018:08:36:58 -0800] "GET /honeypot/BSidesDFW%20-%202014.ipynb HTTP/1.1" 301 484 "-" "Tornado-Async-Client" 
162.242.144.71 - - [16/Feb/2018:08:36:58 -0800] "GET /honeypot/BSidesDFW%20-%202014.ipynb HTTP/1.1" 200 930780 "-" "Tornado-Async-Client" 
5.90.135.98 - - [16/Feb/2018:08:36:59 -0800] "GET /honeypot/BSidesDFW%20-%202014.ipynb HTTP/1.1" 200 930836 "http://www.secrepo.com/" "Mozilla/5.0 (Windows NT 10.0; Win64; x64) AppleWebKit/537.36 (KHTML, like Gecko) Chrome/63.0.3239.132 Safari/537.36" 
5.90.135.98 - - [16/Feb/2018:08:37:06 -0800] "GET /favicon.ico HTTP/1.1" 200 268 "http://www.secrepo.com/honeypot/BSidesDFW%20-%202014.ipynb" "Mozilla/5.0 (Windows NT 10.0; Win64; x64) AppleWebKit/537.36 (KHTML, like Gecko) Chrome/63.0.3239.132 Safari/537.36" 
68.180.228.98 - - [16/Feb/2018:08:39:16 -0800] "GET /self.logs/error.log.2017-08-13.gz HTTP/1.1" 200 885 "-" "Mozilla/5.0 (compatible; Yahoo! Slurp; http://help.yahoo.com/help/us/ysearch/slurp)" 
67.63.198.131 - - [16/Feb/2018:08:39:35 -0800] "GET /twitter-icon.png HTTP/1.1" 200 27788 "-" "Mozilla/5.0 (Windows NT 10.0; Win64; x64) AppleWebKit/537.36 (KHTML, like Gecko) Chrome/64.0.3282.167 Safari/537.36" 
67.63.198.131 - - [16/Feb/2018:08:39:35 -0800] "GET /GitHub-Mark.png HTTP/1.1" 200 7428 "-" "Mozilla/5.0 (Windows NT 10.0; Win64; x64) AppleWebKit/537.36 (KHTML, like Gecko) Chrome/64.0.3282.167 Safari/537.36" 
54.84.112.59 - - [16/Feb/2018:08:40:10 -0800] "GET / HTTP/1.1" 200 37415 "-" "Mozilla/5.0 (Windows NT 10.0; WOW64; rv:50.0) Gecko/20100101 Firefox/50.0" 
186.4.200.138 - - [16/Feb/2018:08:40:41 -0800] "GET / HTTP/1.1" 200 11061 "https://www.google.com.ec/" "Mozilla/5.0 (Windows NT 10.0; Win64; x64; rv:58.0) Gecko/20100101 Firefox/58.0" 
186.4.200.138 - - [16/Feb/2018:08:40:42 -0800] "GET /twitter-icon.png HTTP/1.1" 200 27787 "http://www.secrepo.com/" "Mozilla/5.0 (Windows NT 10.0; Win64; x64; rv:58.0) Gecko/20100101 Firefox/58.0" 
186.4.200.138 - - [16/Feb/2018:08:40:43 -0800] "GET /GitHub-Mark.png HTTP/1.1" 200 7428 "http://www.secrepo.com/" "Mozilla/5.0 (Windows NT 10.0; Win64; x64; rv:58.0) Gecko/20100101 Firefox/58.0" 
186.4.200.138 - - [16/Feb/2018:08:40:43 -0800] "GET /bootstrap/img/favicon.ico HTTP/1.1" 200 589 "-" "Mozilla/5.0 (Windows NT 10.0; Win64; x64; rv:58.0) Gecko/20100101 Firefox/58.0" 
34.230.73.39 - - [16/Feb/2018:08:40:46 -0800] "GET / HTTP/1.1" 200 37415 "-" "Mozilla/5.0 (Windows NT 10.0; WOW64; rv:50.0) Gecko/20100101 Firefox/50.0" 
54.84.112.59 - - [16/Feb/2018:08:40:46 -0800] "GET / HTTP/1.1" 200 37415 "-" "Mozilla/5.0 (Windows NT 10.0; WOW64; rv:50.0) Gecko/20100101 Firefox/50.0" 
54.84.190.207 - - [16/Feb/2018:08:40:49 -0800] "GET / HTTP/1.1" 200 37415 "-" "Mozilla/5.0 (Windows NT 10.0; WOW64; rv:50.0) Gecko/20100101 Firefox/50.0" 
54.174.193.245 - - [16/Feb/2018:08:40:49 -0800] "GET / HTTP/1.1" 200 37415 "-" "Mozilla/5.0 (Windows NT 10.0; WOW64; rv:50.0) Gecko/20100101 Firefox/50.0" 
54.84.190.207 - - [16/Feb/2018:08:40:52 -0800] "GET / HTTP/1.1" 200 37415 "-" "Mozilla/5.0 (Windows NT 10.0; WOW64; rv:50.0) Gecko/20100101 Firefox/50.0" 
54.144.193.108 - - [16/Feb/2018:08:40:53 -0800] "GET / HTTP/1.1" 200 37415 "-" "Mozilla/5.0 (Windows NT 10.0; WOW64; rv:50.0) Gecko/20100101 Firefox/50.0" 
54.173.109.131 - - [16/Feb/2018:08:40:54 -0800] "GET / HTTP/1.1" 200 37415 "-" "Mozilla/5.0 (Windows NT 10.0; WOW64; rv:50.0) Gecko/20100101 Firefox/50.0" 
54.173.109.131 - - [16/Feb/2018:08:40:56 -0800] "GET / HTTP/1.1" 200 37414 "-" "Mozilla/5.0 (Windows NT 10.0; WOW64; rv:50.0) Gecko/20100101 Firefox/50.0" 
54.174.193.245 - - [16/Feb/2018:08:40:57 -0800] "GET / HTTP/1.1" 200 37415 "-" "Mozilla/5.0 (Windows NT 10.0; WOW64; rv:50.0) Gecko/20100101 Firefox/50.0" 
54.173.109.131 - - [16/Feb/2018:08:40:58 -0800] "GET / HTTP/1.1" 200 37415 "-" "Mozilla/5.0 (Windows NT 10.0; WOW64; rv:50.0) Gecko/20100101 Firefox/50.0" 
54.84.190.207 - - [16/Feb/2018:08:41:01 -0800] "GET /data HTTP/1.1" 404 295 "-" "Mozilla/5.0 (Windows NT 10.0; WOW64; rv:50.0) Gecko/20100101 Firefox/50.0" 
54.84.190.207 - - [16/Feb/2018:08:41:04 -0800] "GET / HTTP/1.1" 200 37415 "-" "Mozilla/5.0 (Windows NT 10.0; WOW64; rv:50.0) Gecko/20100101 Firefox/50.0" 
34.230.73.39 - - [16/Feb/2018:08:41:08 -0800] "GET / HTTP/1.1" 200 37415 "-" "Mozilla/5.0 (Windows NT 10.0; WOW64; rv:50.0) Gecko/20100101 Firefox/50.0" 
54.84.190.207 - - [16/Feb/2018:08:41:14 -0800] "GET / HTTP/1.1" 200 37415 "-" "Mozilla/5.0 (Windows NT 10.0; WOW64; rv:50.0) Gecko/20100101 Firefox/50.0" 
54.144.193.108 - - [16/Feb/2018:08:41:24 -0800] "GET / HTTP/1.1" 200 37415 "-" "Mozilla/5.0 (Windows NT 10.0; WOW64; rv:50.0) Gecko/20100101 Firefox/50.0" 
184.73.148.109 - - [16/Feb/2018:08:41:28 -0800] "GET /self.logs/ HTTP/1.1" 200 79125 "-" "Mozilla/5.0 (Windows NT 10.0; WOW64; rv:50.0) Gecko/20100101 Firefox/50.0" 
52.90.195.162 - - [16/Feb/2018:08:41:30 -0800] "GET / HTTP/1.1" 301 498 "-" "Mozilla/5.0 (Windows NT 10.0; WOW64; rv:50.0) Gecko/20100101 Firefox/50.0" 
52.90.195.162 - - [16/Feb/2018:08:41:30 -0800] "GET / HTTP/1.1" 200 37415 "-" "Mozilla/5.0 (Windows NT 10.0; WOW64; rv:50.0) Gecko/20100101 Firefox/50.0" 
54.174.193.245 - - [16/Feb/2018:08:41:38 -0800] "GET /honeypot/BSidesDFW%20-%202014.ipynb HTTP/1.1" 200 930836 "-" "Mozilla/5.0 (Windows NT 10.0; WOW64; rv:50.0) Gecko/20100101 Firefox/50.0" 
5.90.135.98 - - [16/Feb/2018:08:40:26 -0800] "GET /honeypot/honeypot.json.zip HTTP/1.1" 200 23085976 "-" "Mozilla/5.0 (Windows NT 10.0; Win64; x64) AppleWebKit/537.36 (KHTML, like Gecko) Chrome/63.0.3239.132 Safari/537.36" 
52.86.4.36 - - [16/Feb/2018:08:41:44 -0800] "GET /honeypot/Honeypot%20-%20Howto.pdf HTTP/1.1" 200 1279418 "-" "Mozilla/5.0 (Windows NT 10.0; WOW64; rv:50.0) Gecko/20100101 Firefox/50.0" 
5.90.135.98 - - [16/Feb/2018:08:40:14 -0800] "GET /honeypot/honeypot.json.zip HTTP/1.1" 200 3398880 "-" "Mozilla/5.0 (Windows NT 10.0; Win64; x64) AppleWebKit/537.36 (KHTML, like Gecko) Chrome/63.0.3239.132 Safari/537.36" 
52.86.4.36 - - [16/Feb/2018:08:41:54 -0800] "GET /honeypot/Honeypot%20-%20Howto%20-%20BSides%20Austin.pdf HTTP/1.1" 200 2928404 "-" "Mozilla/5.0 (Windows NT 10.0; WOW64; rv:50.0) Gecko/20100101 Firefox/50.0" 
5.90.135.98 - - [16/Feb/2018:08:43:07 -0800] "GET /auth.log/auth.log.gz HTTP/1.1" 200 554524 "-" "Mozilla/5.0 (Windows NT 10.0; Win64; x64) AppleWebKit/537.36 (KHTML, like Gecko) Chrome/63.0.3239.132 Safari/537.36" 
70.127.91.146 - - [16/Feb/2018:08:45:46 -0800] "GET / HTTP/1.1" 200 11061 "https://www.google.com/" "Mozilla/5.0 (Windows NT 6.1; WOW64) AppleWebKit/537.36 (KHTML, like Gecko) Chrome/45.0.2454.101 Safari/537.36" 
70.127.91.146 - - [16/Feb/2018:08:45:47 -0800] "GET /twitter-icon.png HTTP/1.1" 200 27787 "http://www.secrepo.com/" "Mozilla/5.0 (Windows NT 6.1; WOW64) AppleWebKit/537.36 (KHTML, like Gecko) Chrome/45.0.2454.101 Safari/537.36" 
70.127.91.146 - - [16/Feb/2018:08:45:47 -0800] "GET /GitHub-Mark.png HTTP/1.1" 200 7427 "http://www.secrepo.com/" "Mozilla/5.0 (Windows NT 6.1; WOW64) AppleWebKit/537.36 (KHTML, like Gecko) Chrome/45.0.2454.101 Safari/537.36" 
70.127.91.146 - - [16/Feb/2018:08:46:02 -0800] "GET /bootstrap/img/favicon.ico HTTP/1.1" 200 590 "http://www.secrepo.com/" "Mozilla/5.0 (Windows NT 6.1; WOW64) AppleWebKit/537.36 (KHTML, like Gecko) Chrome/45.0.2454.101 Safari/537.36" 
173.212.201.251 - - [16/Feb/2018:08:46:20 -0800] "GET /robots.txt HTTP/1.1" 301 518 "-" "Mozilla/5.0 (compatible; MJ12bot/v1.4.8; http://mj12bot.com/)" 
173.212.201.251 - - [16/Feb/2018:08:46:38 -0800] "GET /robots.txt HTTP/1.1" 200 289 "-" "Mozilla/5.0 (compatible; MJ12bot/v1.4.8; http://mj12bot.com/)" 
60.243.144.224 - - [16/Feb/2018:08:47:16 -0800] "GET / HTTP/1.1" 200 11061 "-" "Mozilla/5.0 (X11; Linux x86_64) AppleWebKit/537.36 (KHTML, like Gecko) Chrome/62.0.3202.75 Safari/537.36" 
166.137.244.20 - - [16/Feb/2018:08:47:17 -0800] "GET / HTTP/1.1" 200 11061 "-" "Mozilla/5.0 (iPhone; CPU iPhone OS 11_2_5 like Mac OS X) AppleWebKit/604.1.34 (KHTML, like Gecko) CriOS/64.0.3282.112 Mobile/15D60 Safari/604.1" 
166.137.244.20 - - [16/Feb/2018:08:47:17 -0800] "GET /twitter-icon.png HTTP/1.1" 200 27787 "http://www.secrepo.com/" "Mozilla/5.0 (iPhone; CPU iPhone OS 11_2_5 like Mac OS X) AppleWebKit/604.1.34 (KHTML, like Gecko) CriOS/64.0.3282.112 Mobile/15D60 Safari/604.1" 
166.137.244.20 - - [16/Feb/2018:08:47:18 -0800] "GET /GitHub-Mark.png HTTP/1.1" 200 7428 "http://www.secrepo.com/" "Mozilla/5.0 (iPhone; CPU iPhone OS 11_2_5 like Mac OS X) AppleWebKit/604.1.34 (KHTML, like Gecko) CriOS/64.0.3282.112 Mobile/15D60 Safari/604.1" 
60.243.144.224 - - [16/Feb/2018:08:47:19 -0800] "GET /GitHub-Mark.png HTTP/1.1" 200 7428 "http://www.secrepo.com/" "Mozilla/5.0 (X11; Linux x86_64) AppleWebKit/537.36 (KHTML, like Gecko) Chrome/62.0.3202.75 Safari/537.36" 
60.243.144.224 - - [16/Feb/2018:08:47:19 -0800] "GET /twitter-icon.png HTTP/1.1" 200 27788 "http://www.secrepo.com/" "Mozilla/5.0 (X11; Linux x86_64) AppleWebKit/537.36 (KHTML, like Gecko) Chrome/62.0.3202.75 Safari/537.36" 
166.137.244.20 - - [16/Feb/2018:08:47:20 -0800] "GET /bootstrap/img/favicon.ico HTTP/1.1" 200 590 "-" "Mozilla/5.0 (iPhone; CPU iPhone OS 11_2_5 like Mac OS X) AppleWebKit/604.1.34 (KHTML, like Gecko) CriOS/64.0.3282.112 Mobile/15D60 Safari/604.1" 
70.127.91.146 - - [16/Feb/2018:08:47:06 -0800] "GET /tg/a.zip HTTP/1.1" 200 66189337 "-" "Mozilla/5.0 (Windows NT 6.1; WOW64) AppleWebKit/537.36 (KHTML, like Gecko) Chrome/45.0.2454.101 Safari/537.36" 
173.212.201.251 - - [16/Feb/2018:08:47:47 -0800] "GET /%C2%A0%C2%A0 HTTP/1.1" 301 450 "-" "Mozilla/5.0 (compatible; MJ12bot/v1.4.8; http://mj12bot.com/)" 
39.55.235.74 - - [16/Feb/2018:08:48:23 -0800] "GET / HTTP/1.1" 200 11061 "-" "Mozilla/5.0 (Windows NT 6.1; Win64; x64) AppleWebKit/537.36 (KHTML, like Gecko) Chrome/63.0.3239.132 Safari/537.36" 
39.55.235.74 - - [16/Feb/2018:08:48:24 -0800] "GET /twitter-icon.png HTTP/1.1" 200 27787 "http://www.secrepo.com/" "Mozilla/5.0 (Windows NT 6.1; Win64; x64) AppleWebKit/537.36 (KHTML, like Gecko) Chrome/63.0.3239.132 Safari/537.36" 
39.55.235.74 - - [16/Feb/2018:08:48:24 -0800] "GET /GitHub-Mark.png HTTP/1.1" 200 7428 "http://www.secrepo.com/" "Mozilla/5.0 (Windows NT 6.1; Win64; x64) AppleWebKit/537.36 (KHTML, like Gecko) Chrome/63.0.3239.132 Safari/537.36" 
173.212.201.251 - - [16/Feb/2018:08:48:26 -0800] "GET /%C3%82%C2%A0%C3%82 HTTP/1.1" 404 239 "-" "Mozilla/5.0 (compatible; MJ12bot/v1.4.8; http://mj12bot.com/)" 
173.212.201.251 - - [16/Feb/2018:08:49:03 -0800] "GET /honeypot//%22http://amunhoney.sourceforge.net//%22 HTTP/1.1" 404 284 "-" "Mozilla/5.0 (compatible; MJ12bot/v1.4.8; http://mj12bot.com/)" 
42.236.10.74 - - [16/Feb/2018:08:49:17 -0800] "GET /maccdc2012/files.log.gz HTTP/1.1" 200 2084562 "http://www.secrepo.com/maccdc2012/files.log.gz" "Mozilla/5.0 (Windows NT 6.1; WOW64) AppleWebKit/537.36 (KHTML, like Gecko) Chrome/50.4.2661.102 Safari/537.36; 360Spider" 
173.212.201.251 - - [16/Feb/2018:08:49:38 -0800] "GET /honeypot//%22http://glastopf.org//%22 HTTP/1.1" 404 284 "-" "Mozilla/5.0 (compatible; MJ12bot/v1.4.8; http://mj12bot.com/)" 
173.212.201.251 - - [16/Feb/2018:08:50:20 -0800] "GET /honeypot//%22http://www.maxmind.com/%22 HTTP/1.1" 404 284 "-" "Mozilla/5.0 (compatible; MJ12bot/v1.4.8; http://mj12bot.com/)" 
173.212.201.251 - - [16/Feb/2018:08:50:53 -0800] "GET /honeypot//%22https://twitter.com/sooshie/%22 HTTP/1.1" 404 284 "-" "Mozilla/5.0 (compatible; MJ12bot/v1.4.8; http://mj12bot.com/)" 
173.212.201.251 - - [16/Feb/2018:08:51:16 -0800] "GET /honeypot//%22https://twitter.com/theroxyd/%22 HTTP/1.1" 404 284 "-" "Mozilla/5.0 (compatible; MJ12bot/v1.4.8; http://mj12bot.com/)" 
70.127.91.146 - - [16/Feb/2018:08:51:08 -0800] "GET /tg/b.zip HTTP/1.1" 200 42298164 "-" "Mozilla/5.0 (Windows NT 6.1; WOW64) AppleWebKit/537.36 (KHTML, like Gecko) Chrome/45.0.2454.101 Safari/537.36" 
173.212.201.251 - - [16/Feb/2018:08:51:47 -0800] "GET / HTTP/1.1" 200 11005 "-" "Mozilla/5.0 (compatible; MJ12bot/v1.4.8; http://mj12bot.com/)" 
70.127.91.146 - - [16/Feb/2018:08:51:14 -0800] "GET /tg/c.zip HTTP/1.1" 200 63359118 "-" "Mozilla/5.0 (Windows NT 6.1; WOW64) AppleWebKit/537.36 (KHTML, like Gecko) Chrome/45.0.2454.101 Safari/537.36" 
54.36.149.96 - - [16/Feb/2018:08:52:39 -0800] "GET /self.logs/error.log.2016-05-26.gz HTTP/1.1" 404 284 "-" "Mozilla/5.0 (compatible; AhrefsBot/5.2; +http://ahrefs.com/robot/)" 
70.127.91.146 - - [16/Feb/2018:08:52:46 -0800] "GET /maccdc2012/dhcp.log.gz HTTP/1.1" 200 45019 "-" "Mozilla/5.0 (Windows NT 6.1; WOW64) AppleWebKit/537.36 (KHTML, like Gecko) Chrome/45.0.2454.101 Safari/537.36" 
70.127.91.146 - - [16/Feb/2018:08:52:47 -0800] "GET /maccdc2012/dns.log.gz HTTP/1.1" 200 6629419 "-" "Mozilla/5.0 (Windows NT 6.1; WOW64) AppleWebKit/537.36 (KHTML, like Gecko) Chrome/45.0.2454.101 Safari/537.36" 
70.127.91.146 - - [16/Feb/2018:08:52:49 -0800] "GET /maccdc2012/ftp.log.gz HTTP/1.1" 200 128116 "-" "Mozilla/5.0 (Windows NT 6.1; WOW64) AppleWebKit/537.36 (KHTML, like Gecko) Chrome/45.0.2454.101 Safari/537.36" 
70.127.91.146 - - [16/Feb/2018:08:52:51 -0800] "GET /maccdc2012/notice.log.gz HTTP/1.1" 200 20778 "-" "Mozilla/5.0 (Windows NT 6.1; WOW64) AppleWebKit/537.36 (KHTML, like Gecko) Chrome/45.0.2454.101 Safari/537.36" 
70.127.91.146 - - [16/Feb/2018:08:52:52 -0800] "GET /maccdc2012/signatures.log.gz HTTP/1.1" 200 604 "-" "Mozilla/5.0 (Windows NT 6.1; WOW64) AppleWebKit/537.36 (KHTML, like Gecko) Chrome/45.0.2454.101 Safari/537.36" 
70.127.91.146 - - [16/Feb/2018:08:52:54 -0800] "GET /maccdc2012/smtp.log.gz HTTP/1.1" 200 6907 "-" "Mozilla/5.0 (Windows NT 6.1; WOW64) AppleWebKit/537.36 (KHTML, like Gecko) Chrome/45.0.2454.101 Safari/537.36" 
70.127.91.146 - - [16/Feb/2018:08:52:54 -0800] "GET /maccdc2012/ssh.log.gz HTTP/1.1" 200 182516 "-" "Mozilla/5.0 (Windows NT 6.1; WOW64) AppleWebKit/537.36 (KHTML, like Gecko) Chrome/45.0.2454.101 Safari/537.36" 
70.127.91.146 - - [16/Feb/2018:08:52:56 -0800] "GET /maccdc2012/ssl.log.gz HTTP/1.1" 200 1313674 "-" "Mozilla/5.0 (Windows NT 6.1; WOW64) AppleWebKit/537.36 (KHTML, like Gecko) Chrome/45.0.2454.101 Safari/537.36" 
70.127.91.146 - - [16/Feb/2018:08:52:59 -0800] "GET /maccdc2012/tunnel.log.gz HTTP/1.1" 200 5228 "-" "Mozilla/5.0 (Windows NT 6.1; WOW64) AppleWebKit/537.36 (KHTML, like Gecko) Chrome/45.0.2454.101 Safari/537.36" 
70.127.91.146 - - [16/Feb/2018:08:53:00 -0800] "GET /maccdc2012/weird.log.gz HTTP/1.1" 200 1242776 "-" "Mozilla/5.0 (Windows NT 6.1; WOW64) AppleWebKit/537.36 (KHTML, like Gecko) Chrome/45.0.2454.101 Safari/537.36" 
70.127.91.146 - - [16/Feb/2018:08:52:51 -0800] "GET /maccdc2012/http.log.gz HTTP/1.1" 200 54258815 "-" "Mozilla/5.0 (Windows NT 6.1; WOW64) AppleWebKit/537.36 (KHTML, like Gecko) Chrome/45.0.2454.101 Safari/537.36" 
70.127.91.146 - - [16/Feb/2018:08:53:07 -0800] "GET /maccdc2012/maccdc2012_fast_alert.7z HTTP/1.1" 200 9478149 "-" "Mozilla/5.0 (Windows NT 6.1; WOW64) AppleWebKit/537.36 (KHTML, like Gecko) Chrome/45.0.2454.101 Safari/537.36" 
70.127.91.146 - - [16/Feb/2018:08:53:09 -0800] "GET /maccdc2012/maccdc2012_full_alert.7z HTTP/1.1" 200 24978941 "-" "Mozilla/5.0 (Windows NT 6.1; WOW64) AppleWebKit/537.36 (KHTML, like Gecko) Chrome/45.0.2454.101 Safari/537.36" 
70.127.91.146 - - [16/Feb/2018:08:52:48 -0800] "GET /maccdc2012/files.log.gz HTTP/1.1" 200 51408672 "-" "Mozilla/5.0 (Windows NT 6.1; WOW64) AppleWebKit/537.36 (KHTML, like Gecko) Chrome/45.0.2454.101 Safari/537.36" 
107.179.148.211 - - [16/Feb/2018:08:54:41 -0800] "GET / HTTP/1.1" 200 11061 "https://www.google.ca/" "Mozilla/5.0 (Macintosh; Intel Mac OS X 10_13_3) AppleWebKit/537.36 (KHTML, like Gecko) Chrome/64.0.3282.167 Safari/537.36" 
107.179.148.211 - - [16/Feb/2018:08:54:42 -0800] "GET /twitter-icon.png HTTP/1.1" 200 27787 "http://www.secrepo.com/" "Mozilla/5.0 (Macintosh; Intel Mac OS X 10_13_3) AppleWebKit/537.36 (KHTML, like Gecko) Chrome/64.0.3282.167 Safari/537.36" 
107.179.148.211 - - [16/Feb/2018:08:54:42 -0800] "GET /GitHub-Mark.png HTTP/1.1" 200 7428 "http://www.secrepo.com/" "Mozilla/5.0 (Macintosh; Intel Mac OS X 10_13_3) AppleWebKit/537.36 (KHTML, like Gecko) Chrome/64.0.3282.167 Safari/537.36" 
107.179.148.211 - - [16/Feb/2018:08:54:43 -0800] "GET /bootstrap/img/favicon.ico HTTP/1.1" 200 589 "http://www.secrepo.com/" "Mozilla/5.0 (Macintosh; Intel Mac OS X 10_13_3) AppleWebKit/537.36 (KHTML, like Gecko) Chrome/64.0.3282.167 Safari/537.36" 
70.127.91.146 - - [16/Feb/2018:08:54:44 -0800] "GET /tg/c.zip HTTP/1.1" 200 63359118 "-" "Mozilla/5.0 (Windows NT 6.1; WOW64) AppleWebKit/537.36 (KHTML, like Gecko) Chrome/45.0.2454.101 Safari/537.36" 
70.127.91.146 - - [16/Feb/2018:08:55:08 -0800] "GET /self.logs/ HTTP/1.1" 200 8365 "http://www.secrepo.com/" "Mozilla/5.0 (Windows NT 6.1; WOW64) AppleWebKit/537.36 (KHTML, like Gecko) Chrome/45.0.2454.101 Safari/537.36" 
70.127.91.146 - - [16/Feb/2018:08:55:08 -0800] "GET /favicon.ico HTTP/1.1" 200 267 "http://www.secrepo.com/self.logs/" "Mozilla/5.0 (Windows NT 6.1; WOW64) AppleWebKit/537.36 (KHTML, like Gecko) Chrome/45.0.2454.101 Safari/537.36" 
70.127.91.146 - - [16/Feb/2018:08:52:42 -0800] "GET /maccdc2012/conn.log.gz HTTP/1.1" 200 551041635 "-" "Mozilla/5.0 (Windows NT 6.1; WOW64) AppleWebKit/537.36 (KHTML, like Gecko) Chrome/45.0.2454.101 Safari/537.36" 
70.127.91.146 - - [16/Feb/2018:08:55:15 -0800] "GET /self.logs/access.log.2017-01-01.gz HTTP/1.1" 200 17655 "http://www.secrepo.com/self.logs/" "Mozilla/5.0 (Windows NT 6.1; WOW64) AppleWebKit/537.36 (KHTML, like Gecko) Chrome/45.0.2454.101 Safari/537.36" 
70.127.91.146 - - [16/Feb/2018:08:55:28 -0800] "GET /self.logs/access.log.2017-01-01.gz HTTP/1.1" 206 368 "http://www.secrepo.com/self.logs/" "Mozilla/5.0 (Windows NT 6.1; WOW64) AppleWebKit/537.36 (KHTML, like Gecko) Chrome/45.0.2454.101 Safari/537.36" 
70.127.91.146 - - [16/Feb/2018:08:55:28 -0800] "GET /self.logs/access.log.2017-01-01.gz HTTP/1.1" 206 13930 "http://www.secrepo.com/self.logs/" "Mozilla/5.0 (Windows NT 6.1; WOW64) AppleWebKit/537.36 (KHTML, like Gecko) Chrome/45.0.2454.101 Safari/537.36" 
174.204.39.233 - - [16/Feb/2018:08:57:16 -0800] "GET / HTTP/1.1" 200 11061 "-" "Mozilla/5.0 (Macintosh; Intel Mac OS X 10_12_6) AppleWebKit/604.1.38 (KHTML, like Gecko) Version/11.0 Safari/604.1.38" 
174.204.39.233 - - [16/Feb/2018:08:57:16 -0800] "GET /twitter-icon.png HTTP/1.1" 200 27788 "http://www.secrepo.com/" "Mozilla/5.0 (Macintosh; Intel Mac OS X 10_12_6) AppleWebKit/604.1.38 (KHTML, like Gecko) Version/11.0 Safari/604.1.38" 
174.204.39.233 - - [16/Feb/2018:08:57:16 -0800] "GET /GitHub-Mark.png HTTP/1.1" 200 7428 "http://www.secrepo.com/" "Mozilla/5.0 (Macintosh; Intel Mac OS X 10_12_6) AppleWebKit/604.1.38 (KHTML, like Gecko) Version/11.0 Safari/604.1.38" 
174.204.39.233 - - [16/Feb/2018:08:57:17 -0800] "GET /bootstrap/img/favicon.ico HTTP/1.1" 200 590 "http://www.secrepo.com/" "Mozilla/5.0 (Macintosh; Intel Mac OS X 10_12_6) AppleWebKit/604.1.38 (KHTML, like Gecko) Version/11.0 Safari/604.1.38" 
174.204.39.233 - - [16/Feb/2018:08:57:45 -0800] "GET /self.logs/ HTTP/1.1" 200 8365 "http://www.secrepo.com/" "Mozilla/5.0 (Macintosh; Intel Mac OS X 10_12_6) AppleWebKit/604.1.38 (KHTML, like Gecko) Version/11.0 Safari/604.1.38" 
174.204.39.233 - - [16/Feb/2018:08:57:46 -0800] "GET /favicon.ico HTTP/1.1" 200 268 "http://www.secrepo.com/self.logs/" "Mozilla/5.0 (Macintosh; Intel Mac OS X 10_12_6) AppleWebKit/604.1.38 (KHTML, like Gecko) Version/11.0 Safari/604.1.38" 
174.204.39.233 - - [16/Feb/2018:08:57:48 -0800] "GET /self.logs/access.log.2017-01-01.gz HTTP/1.1" 200 17655 "http://www.secrepo.com/self.logs/" "Mozilla/5.0 (Macintosh; Intel Mac OS X 10_12_6) AppleWebKit/604.1.38 (KHTML, like Gecko) Version/11.0 Safari/604.1.38" 
52.168.161.70 - - [16/Feb/2018:08:58:14 -0800] "HEAD / HTTP/1.1" 301 253 "https://www.google.com/" "Mozilla/5.0 (compatible; epicbot; +http://www.epictions.com/epicbot)" 
52.168.161.70 - - [16/Feb/2018:08:58:16 -0800] "HEAD / HTTP/1.1" 301 253 "https://www.google.com/" "Mozilla/5.0 (compatible; epicbot; +http://www.epictions.com/epicbot)" 
52.168.161.70 - - [16/Feb/2018:08:58:16 -0800] "HEAD / HTTP/1.1" 301 253 "https://www.google.com/" "Mozilla/5.0 (compatible; epicbot; +http://www.epictions.com/epicbot)" 
174.204.39.233 - - [16/Feb/2018:08:57:32 -0800] "GET /tg/a.zip HTTP/1.1" 200 66189337 "http://www.secrepo.com/" "Mozilla/5.0 (Macintosh; Intel Mac OS X 10_12_6) AppleWebKit/604.1.38 (KHTML, like Gecko) Version/11.0 Safari/604.1.38" 
99.246.102.210 - - [16/Feb/2018:08:58:32 -0800] "GET /honeypot/Honeypot%20-%20Howto.pdf HTTP/1.1" 200 1279418 "-" "Mozilla/5.0 (Windows NT 10.0; Win64; x64; rv:58.0) Gecko/20100101 Firefox/58.0" 
66.249.70.31 - - [16/Feb/2018:09:03:11 -0800] "GET /bootstrap/img/apple-touch-icon-114x114.png HTTP/1.1" 404 340 "-" "Googlebot-Image/1.0" 
54.36.149.18 - - [16/Feb/2018:09:05:23 -0800] "GET /self.logs/error.log.2015-12-12.gz HTTP/1.1" 404 284 "-" "Mozilla/5.0 (compatible; AhrefsBot/5.2; +http://ahrefs.com/robot/)" 
68.180.228.98 - - [16/Feb/2018:09:08:42 -0800] "GET /self.logs/error.log.2017-05-11.gz HTTP/1.1" 200 854 "-" "Mozilla/5.0 (compatible; Yahoo! Slurp; http://help.yahoo.com/help/us/ysearch/slurp)" 
178.137.16.45 - - [16/Feb/2018:09:09:10 -0800] "GET / HTTP/1.1" 200 37359 "http://chatroulette.life/" "Mozilla/4.0 (compatible; MSIE 5.0; Windows NT; DigExt)" 
103.69.23.100 - - [16/Feb/2018:09:09:43 -0800] "GET /wp-login.php HTTP/1.1" 418 732 "-" "Mozilla/5.0 (Windows NT 6.1; WOW64; rv:40.0) Gecko/20100101 Firefox/40.1" 
103.69.23.100 - - [16/Feb/2018:09:09:44 -0800] "GET / HTTP/1.1" 418 732 "-" "Mozilla/5.0 (Windows NT 6.1; WOW64; rv:40.0) Gecko/20100101 Firefox/40.1" 
151.26.186.100 - - [16/Feb/2018:09:20:31 -0800] "GET /bootstrap/img/favicon.ico HTTP/1.1" 200 590 "-" "Mozilla/5.0 (X11; Linux x86_64; rv:52.0) Gecko/20100101 Firefox/52.0" 
216.40.81.47 - - [16/Feb/2018:09:20:49 -0800] "GET / HTTP/1.1" 200 11061 "-" "Mozilla/5.0 (Macintosh; Intel Mac OS X 10_13_3) AppleWebKit/537.36 (KHTML, like Gecko) Chrome/64.0.3282.140 Safari/537.36" 
216.40.81.47 - - [16/Feb/2018:09:20:49 -0800] "GET /twitter-icon.png HTTP/1.1" 200 27787 "http://www.secrepo.com/" "Mozilla/5.0 (Macintosh; Intel Mac OS X 10_13_3) AppleWebKit/537.36 (KHTML, like Gecko) Chrome/64.0.3282.140 Safari/537.36" 
216.40.81.47 - - [16/Feb/2018:09:20:49 -0800] "GET /GitHub-Mark.png HTTP/1.1" 200 7428 "http://www.secrepo.com/" "Mozilla/5.0 (Macintosh; Intel Mac OS X 10_13_3) AppleWebKit/537.36 (KHTML, like Gecko) Chrome/64.0.3282.140 Safari/537.36" 
216.40.81.47 - - [16/Feb/2018:09:20:49 -0800] "GET /bootstrap/img/favicon.ico HTTP/1.1" 200 589 "http://www.secrepo.com/" "Mozilla/5.0 (Macintosh; Intel Mac OS X 10_13_3) AppleWebKit/537.36 (KHTML, like Gecko) Chrome/64.0.3282.140 Safari/537.36" 
54.36.149.20 - - [16/Feb/2018:09:21:35 -0800] "GET /self.logs/error.log.2016-09-14.gz HTTP/1.1" 404 284 "-" "Mozilla/5.0 (compatible; AhrefsBot/5.2; +http://ahrefs.com/robot/)" 
194.187.170.129 - - [16/Feb/2018:09:22:02 -0800] "GET /robots.txt HTTP/1.0" 200 297 "-" "Mozilla/5.0 (compatible; Qwantify/2.4w; +https://www.qwant.com/)/2.4w" 
194.187.170.129 - - [16/Feb/2018:09:22:02 -0800] "GET /self.logs/?C=D;O=A HTTP/1.0" 200 8328 "-" "Mozilla/5.0 (compatible; Qwantify/2.4w; +https://www.qwant.com/)/2.4w" 
60.243.144.224 - - [16/Feb/2018:09:22:55 -0800] "GET /maccdc2012/ftp.log.gz HTTP/1.1" 200 128116 "-" "Mozilla/5.0 (X11; Linux x86_64) AppleWebKit/537.36 (KHTML, like Gecko) Chrome/62.0.3202.75 Safari/537.36" 
60.243.144.224 - - [16/Feb/2018:09:23:13 -0800] "GET /maccdc2012/smtp.log.gz HTTP/1.1" 200 6908 "-" "Mozilla/5.0 (X11; Linux x86_64) AppleWebKit/537.36 (KHTML, like Gecko) Chrome/62.0.3202.75 Safari/537.36" 
60.243.144.224 - - [16/Feb/2018:09:23:15 -0800] "GET /maccdc2012/ssh.log.gz HTTP/1.1" 200 182516 "-" "Mozilla/5.0 (X11; Linux x86_64) AppleWebKit/537.36 (KHTML, like Gecko) Chrome/62.0.3202.75 Safari/537.36" 
198.187.233.250 - - [16/Feb/2018:09:24:17 -0800] "GET / HTTP/1.1" 200 11061 "-" "Mozilla/5.0 (Macintosh; Intel Mac OS X 10_13) AppleWebKit/604.1.38 (KHTML, like Gecko) Version/11.0 Safari/604.1.38" 
198.187.233.250 - - [16/Feb/2018:09:24:17 -0800] "GET /twitter-icon.png HTTP/1.1" 200 27787 "http://www.secrepo.com/" "Mozilla/5.0 (Macintosh; Intel Mac OS X 10_13) AppleWebKit/604.1.38 (KHTML, like Gecko) Version/11.0 Safari/604.1.38" 
198.187.233.250 - - [16/Feb/2018:09:24:17 -0800] "GET /GitHub-Mark.png HTTP/1.1" 200 7428 "http://www.secrepo.com/" "Mozilla/5.0 (Macintosh; Intel Mac OS X 10_13) AppleWebKit/604.1.38 (KHTML, like Gecko) Version/11.0 Safari/604.1.38" 
198.187.233.250 - - [16/Feb/2018:09:24:20 -0800] "GET /bootstrap/img/favicon.ico HTTP/1.1" 200 590 "http://www.secrepo.com/" "Mozilla/5.0 (Macintosh; Intel Mac OS X 10_13) AppleWebKit/604.1.38 (KHTML, like Gecko) Version/11.0 Safari/604.1.38" 
52.165.166.139 - - [16/Feb/2018:09:25:30 -0800] "GET / HTTP/1.1" 301 461 "-" "Mozilla/5.0 (Macintosh; Intel Mac OS X 10_13_1) AppleWebKit/537.36 (KHTML, like Gecko) Chrome/62.0.3202.94 Safari/537.36" 
68.180.228.98 - - [16/Feb/2018:09:27:19 -0800] "GET /self.logs/access.log.2017-02-26.gz HTTP/1.1" 200 39581 "-" "Mozilla/5.0 (compatible; Yahoo! Slurp; http://help.yahoo.com/help/us/ysearch/slurp)" 
54.36.148.169 - - [16/Feb/2018:09:31:14 -0800] "GET /self.logs/error.log.2015-04-24.gz HTTP/1.1" 404 284 "-" "Mozilla/5.0 (compatible; AhrefsBot/5.2; +http://ahrefs.com/robot/)" 
120.221.0.34 - - [16/Feb/2018:09:32:28 -0800] "GET /honeypot/Honeypot%20-%20Howto.pdf HTTP/1.1" 304 131 "-" "Mozilla/5.0 Gecko/20100115 Firefox/3.6" 
123.125.67.162 - - [16/Feb/2018:09:33:35 -0800] "GET /robots.txt HTTP/1.1" 200 297 "-" "Mozilla/5.0 (Windows NT 10.0; WOW64) AppleWebKit/537.36 (KHTML, like Gecko) Chrome/45.0.2454.93 Safari/537.36" 
66.220.151.177 - - [16/Feb/2018:09:35:14 -0800] "GET /twitter-icon.png HTTP/1.1" 200 27788 "-" "facebookexternalhit/1.1 (+http://www.facebook.com/externalhit_uatext.php)" 
213.99.31.12 - - [16/Feb/2018:09:37:26 -0800] "GET / HTTP/1.1" 200 37415 "-" "Java/1.8.0_131" 
84.105.247.9 - - [16/Feb/2018:09:37:55 -0800] "GET / HTTP/1.1" 200 11061 "-" "Mozilla/5.0 (Macintosh; Intel Mac OS X 10.13; rv:58.0) Gecko/20100101 Firefox/58.0" 
84.105.247.9 - - [16/Feb/2018:09:37:58 -0800] "GET /twitter-icon.png HTTP/1.1" 200 27788 "http://www.secrepo.com/" "Mozilla/5.0 (Macintosh; Intel Mac OS X 10.13; rv:58.0) Gecko/20100101 Firefox/58.0" 
84.105.247.9 - - [16/Feb/2018:09:37:58 -0800] "GET /GitHub-Mark.png HTTP/1.1" 200 7428 "http://www.secrepo.com/" "Mozilla/5.0 (Macintosh; Intel Mac OS X 10.13; rv:58.0) Gecko/20100101 Firefox/58.0" 
84.105.247.9 - - [16/Feb/2018:09:37:59 -0800] "GET /bootstrap/img/favicon.ico HTTP/1.1" 200 589 "-" "Mozilla/5.0 (Macintosh; Intel Mac OS X 10.13; rv:58.0) Gecko/20100101 Firefox/58.0" 
105.66.5.201 - - [16/Feb/2018:09:38:01 -0800] "GET / HTTP/1.1" 200 11061 "-" "Mozilla/5.0 (X11; Linux x86_64) AppleWebKit/537.36 (KHTML, like Gecko) Chrome/62.0.3202.89 Safari/537.36" 
105.66.5.201 - - [16/Feb/2018:09:38:02 -0800] "GET /twitter-icon.png HTTP/1.1" 200 27787 "http://www.secrepo.com/" "Mozilla/5.0 (X11; Linux x86_64) AppleWebKit/537.36 (KHTML, like Gecko) Chrome/62.0.3202.89 Safari/537.36" 
105.66.5.201 - - [16/Feb/2018:09:38:02 -0800] "GET /GitHub-Mark.png HTTP/1.1" 200 7428 "http://www.secrepo.com/" "Mozilla/5.0 (X11; Linux x86_64) AppleWebKit/537.36 (KHTML, like Gecko) Chrome/62.0.3202.89 Safari/537.36" 
105.66.5.201 - - [16/Feb/2018:09:38:02 -0800] "GET /bootstrap/img/favicon.ico HTTP/1.1" 200 589 "http://www.secrepo.com/" "Mozilla/5.0 (X11; Linux x86_64) AppleWebKit/537.36 (KHTML, like Gecko) Chrome/62.0.3202.89 Safari/537.36" 
54.227.193.121 - - [16/Feb/2018:09:40:02 -0800] "GET /honeypot/Honeypot%20-%20Howto.pdf HTTP/1.1" 200 1279418 "-" "User-Agent: Mozilla/5.0 (Windows NT 6.1; WOW64) AppleWebKit/537.31 (KHTML, like Gecko) Chrome/26.0.1410.64 Safari/537.31" 
52.168.161.70 - - [16/Feb/2018:09:40:09 -0800] "HEAD / HTTP/1.1" 301 253 "https://www.google.com/" "Mozilla/5.0 (compatible; epicbot; +http://www.epictions.com/epicbot)" 
52.168.161.70 - - [16/Feb/2018:09:40:09 -0800] "HEAD / HTTP/1.1" 301 253 "https://www.google.com/" "Mozilla/5.0 (compatible; epicbot; +http://www.epictions.com/epicbot)" 
52.168.161.70 - - [16/Feb/2018:09:40:09 -0800] "HEAD / HTTP/1.1" 301 253 "https://www.google.com/" "Mozilla/5.0 (compatible; epicbot; +http://www.epictions.com/epicbot)" 
52.168.161.70 - - [16/Feb/2018:09:40:09 -0800] "HEAD / HTTP/1.1" 301 253 "https://www.google.com/" "Mozilla/5.0 (compatible; epicbot; +http://www.epictions.com/epicbot)" 
52.168.161.70 - - [16/Feb/2018:09:40:09 -0800] "HEAD / HTTP/1.1" 301 253 "https://www.google.com/" "Mozilla/5.0 (compatible; epicbot; +http://www.epictions.com/epicbot)" 
52.168.161.70 - - [16/Feb/2018:09:40:11 -0800] "HEAD / HTTP/1.1" 301 253 "https://www.google.com/" "Mozilla/5.0 (compatible; epicbot; +http://www.epictions.com/epicbot)" 
52.168.161.70 - - [16/Feb/2018:09:40:11 -0800] "HEAD / HTTP/1.1" 301 253 "https://www.google.com/" "Mozilla/5.0 (compatible; epicbot; +http://www.epictions.com/epicbot)" 
52.168.161.70 - - [16/Feb/2018:09:40:11 -0800] "HEAD / HTTP/1.1" 301 253 "https://www.google.com/" "Mozilla/5.0 (compatible; epicbot; +http://www.epictions.com/epicbot)" 
52.168.161.70 - - [16/Feb/2018:09:40:11 -0800] "HEAD / HTTP/1.1" 301 253 "https://www.google.com/" "Mozilla/5.0 (compatible; epicbot; +http://www.epictions.com/epicbot)" 
52.168.161.70 - - [16/Feb/2018:09:40:11 -0800] "HEAD / HTTP/1.1" 301 253 "https://www.google.com/" "Mozilla/5.0 (compatible; epicbot; +http://www.epictions.com/epicbot)" 
52.168.161.70 - - [16/Feb/2018:09:40:11 -0800] "HEAD / HTTP/1.1" 301 253 "https://www.google.com/" "Mozilla/5.0 (compatible; epicbot; +http://www.epictions.com/epicbot)" 
52.168.161.70 - - [16/Feb/2018:09:40:12 -0800] "HEAD / HTTP/1.1" 301 253 "https://www.google.com/" "Mozilla/5.0 (compatible; epicbot; +http://www.epictions.com/epicbot)" 
52.168.161.70 - - [16/Feb/2018:09:40:12 -0800] "HEAD / HTTP/1.1" 301 253 "https://www.google.com/" "Mozilla/5.0 (compatible; epicbot; +http://www.epictions.com/epicbot)" 
52.168.161.70 - - [16/Feb/2018:09:40:12 -0800] "HEAD / HTTP/1.1" 301 253 "https://www.google.com/" "Mozilla/5.0 (compatible; epicbot; +http://www.epictions.com/epicbot)" 
52.168.161.70 - - [16/Feb/2018:09:40:12 -0800] "HEAD / HTTP/1.1" 301 253 "https://www.google.com/" "Mozilla/5.0 (compatible; epicbot; +http://www.epictions.com/epicbot)" 
151.26.186.100 - - [16/Feb/2018:09:40:36 -0800] "GET /twitter-icon.png HTTP/1.1" 200 27788 "-" "Mozilla/5.0 (X11; Linux x86_64; rv:52.0) Gecko/20100101 Firefox/52.0" 
151.26.186.100 - - [16/Feb/2018:09:40:36 -0800] "GET /GitHub-Mark.png HTTP/1.1" 200 7428 "-" "Mozilla/5.0 (X11; Linux x86_64; rv:52.0) Gecko/20100101 Firefox/52.0" 
151.26.186.100 - - [16/Feb/2018:09:40:46 -0800] "GET /twitter-icon.png HTTP/1.1" 304 166 "-" "Mozilla/5.0 (X11; Linux x86_64; rv:52.0) Gecko/20100101 Firefox/52.0" 
151.26.186.100 - - [16/Feb/2018:09:40:46 -0800] "GET /GitHub-Mark.png HTTP/1.1" 304 166 "-" "Mozilla/5.0 (X11; Linux x86_64; rv:52.0) Gecko/20100101 Firefox/52.0" 
68.180.228.98 - - [16/Feb/2018:09:45:34 -0800] "GET /self.logs/error.log.2017-09-24.gz HTTP/1.1" 200 1963 "-" "Mozilla/5.0 (compatible; Yahoo! Slurp; http://help.yahoo.com/help/us/ysearch/slurp)" 
158.255.96.234 - - [16/Feb/2018:10:04:27 -0800] "GET / HTTP/1.1" 200 11061 "https://www.google.fr/" "Mozilla/5.0 (Macintosh; Intel Mac OS X 10_13_3) AppleWebKit/537.36 (KHTML, like Gecko) Chrome/64.0.3282.167 Safari/537.36" 
158.255.96.234 - - [16/Feb/2018:10:04:27 -0800] "GET /twitter-icon.png HTTP/1.1" 200 27787 "http://www.secrepo.com/" "Mozilla/5.0 (Macintosh; Intel Mac OS X 10_13_3) AppleWebKit/537.36 (KHTML, like Gecko) Chrome/64.0.3282.167 Safari/537.36" 
158.255.96.234 - - [16/Feb/2018:10:04:28 -0800] "GET /GitHub-Mark.png HTTP/1.1" 200 7428 "http://www.secrepo.com/" "Mozilla/5.0 (Macintosh; Intel Mac OS X 10_13_3) AppleWebKit/537.36 (KHTML, like Gecko) Chrome/64.0.3282.167 Safari/537.36" 
158.255.96.234 - - [16/Feb/2018:10:04:28 -0800] "GET /bootstrap/img/favicon.ico HTTP/1.1" 200 589 "http://www.secrepo.com/" "Mozilla/5.0 (Macintosh; Intel Mac OS X 10_13_3) AppleWebKit/537.36 (KHTML, like Gecko) Chrome/64.0.3282.167 Safari/537.36" 
68.180.228.98 - - [16/Feb/2018:10:04:43 -0800] "GET /self.logs/error.log.2017-04-29.gz HTTP/1.1" 200 952 "-" "Mozilla/5.0 (compatible; Yahoo! Slurp; http://help.yahoo.com/help/us/ysearch/slurp)" 
8.46.40.253 - - [16/Feb/2018:10:05:16 -0800] "GET /twitter-icon.png HTTP/1.1" 200 27788 "-" "Mozilla/5.0 (Macintosh; Intel Mac OS X 10_13_3) AppleWebKit/537.36 (KHTML, like Gecko) Chrome/64.0.3282.140 Safari/537.36" 
8.46.40.253 - - [16/Feb/2018:10:05:16 -0800] "GET /GitHub-Mark.png HTTP/1.1" 200 7428 "-" "Mozilla/5.0 (Macintosh; Intel Mac OS X 10_13_3) AppleWebKit/537.36 (KHTML, like Gecko) Chrome/64.0.3282.140 Safari/537.36" 
68.180.228.98 - - [16/Feb/2018:10:06:40 -0800] "GET /self.logs/access.log.2018-01-02.gz HTTP/1.1" 200 25183 "-" "Mozilla/5.0 (compatible; Yahoo! Slurp; http://help.yahoo.com/help/us/ysearch/slurp)" 
54.36.148.34 - - [16/Feb/2018:10:07:23 -0800] "GET /self.logs/2015/access.log.2015-06-23.gz HTTP/1.1" 200 4529 "-" "Mozilla/5.0 (compatible; AhrefsBot/5.2; +http://ahrefs.com/robot/)" 
123.125.67.164 - - [16/Feb/2018:10:07:42 -0800] "GET /robots.txt HTTP/1.1" 301 465 "-" "Mozilla/5.0 (Windows NT 10.0; WOW64) AppleWebKit/537.36 (KHTML, like Gecko) Chrome/45.0.2454.93 Safari/537.36" 
123.125.67.218 - - [16/Feb/2018:10:07:42 -0800] "GET /robots.txt HTTP/1.1" 200 297 "-" "Mozilla/5.0 (Windows NT 10.0; WOW64) AppleWebKit/537.36 (KHTML, like Gecko) Chrome/45.0.2454.93 Safari/537.36" 
8.46.40.253 - - [16/Feb/2018:10:08:29 -0800] "GET /twitter-icon.png HTTP/1.1" 200 27788 "-" "Mozilla/5.0 (Macintosh; Intel Mac OS X 10_13_3) AppleWebKit/604.5.6 (KHTML, like Gecko) Version/11.0.3 Safari/604.5.6" 
8.46.40.253 - - [16/Feb/2018:10:08:29 -0800] "GET /GitHub-Mark.png HTTP/1.1" 200 7428 "-" "Mozilla/5.0 (Macintosh; Intel Mac OS X 10_13_3) AppleWebKit/604.5.6 (KHTML, like Gecko) Version/11.0.3 Safari/604.5.6" 
123.125.67.222 - - [16/Feb/2018:10:09:31 -0800] "GET /robots.txt HTTP/1.1" 301 465 "-" "Mozilla/5.0 (Macintosh; Intel Mac OS X 10_13_1) AppleWebKit/537.36 (KHTML, like Gecko) Chrome/61.0.3163.100 Safari/537.36" 
123.125.67.164 - - [16/Feb/2018:10:09:32 -0800] "GET /robots.txt HTTP/1.1" 200 297 "-" "Mozilla/5.0 (Macintosh; Intel Mac OS X 10_13_1) AppleWebKit/537.36 (KHTML, like Gecko) Chrome/61.0.3163.100 Safari/537.36" 
123.125.67.145 - - [16/Feb/2018:10:10:25 -0800] "GET / HTTP/1.1" 301 446 "-" "Mozilla/5.0 (compatible; Baiduspider/2.0; +http://www.baidu.com/search/spider.html)" 
123.125.67.213 - - [16/Feb/2018:10:10:26 -0800] "GET / HTTP/1.1" 200 11024 "-" "Mozilla/5.0 (compatible; Baiduspider/2.0; +http://www.baidu.com/search/spider.html)" 
123.125.67.220 - - [16/Feb/2018:10:10:27 -0800] "GET /robots.txt HTTP/1.1" 200 297 "-" "Mozilla/5.0 (Windows NT 10.0; WOW64) AppleWebKit/537.36 (KHTML, like Gecko) Chrome/45.0.2454.93 Safari/537.36" 
131.247.226.58 - - [16/Feb/2018:10:11:29 -0800] "GET / HTTP/1.1" 200 11061 "https://www.google.com/" "Mozilla/5.0 (X11; Ubuntu; Linux x86_64; rv:58.0) Gecko/20100101 Firefox/58.0" 
131.247.226.58 - - [16/Feb/2018:10:11:29 -0800] "GET /twitter-icon.png HTTP/1.1" 200 27787 "http://www.secrepo.com/" "Mozilla/5.0 (X11; Ubuntu; Linux x86_64; rv:58.0) Gecko/20100101 Firefox/58.0" 
131.247.226.58 - - [16/Feb/2018:10:11:29 -0800] "GET /GitHub-Mark.png HTTP/1.1" 200 7428 "http://www.secrepo.com/" "Mozilla/5.0 (X11; Ubuntu; Linux x86_64; rv:58.0) Gecko/20100101 Firefox/58.0" 
131.247.226.58 - - [16/Feb/2018:10:11:29 -0800] "GET /bootstrap/img/favicon.ico HTTP/1.1" 200 589 "-" "Mozilla/5.0 (X11; Ubuntu; Linux x86_64; rv:58.0) Gecko/20100101 Firefox/58.0" 
216.244.66.250 - - [16/Feb/2018:10:13:48 -0800] "GET /self.logs/2015/ HTTP/1.1" 200 67417 "-" "Mozilla/5.0 (compatible; DotBot/1.1; http://www.opensiteexplorer.org/dotbot, help@moz.com)" 
181.140.163.107 - - [16/Feb/2018:10:18:18 -0800] "GET /wp-login.php HTTP/1.1" 418 732 "-" "Mozilla/5.0 (Windows NT 6.1; WOW64; rv:40.0) Gecko/20100101 Firefox/40.1" 
181.140.163.107 - - [16/Feb/2018:10:18:18 -0800] "GET / HTTP/1.1" 418 732 "-" "Mozilla/5.0 (Windows NT 6.1; WOW64; rv:40.0) Gecko/20100101 Firefox/40.1" 
66.249.83.84 - - [16/Feb/2018:10:20:28 -0800] "GET / HTTP/1.1" 200 11061 "-" "Mozilla/5.0 (X11; Linux x86_64) AppleWebKit/537.36 (KHTML, like Gecko) Chrome/49.0.2623.75 Safari/537.36 Google Favicon" 
66.249.83.83 - - [16/Feb/2018:10:20:28 -0800] "GET /bootstrap/img/favicon.ico HTTP/1.1" 200 590 "-" "Mozilla/5.0 (X11; Linux x86_64) AppleWebKit/537.36 (KHTML, like Gecko) Chrome/49.0.2623.75 Safari/537.36 Google Favicon" 
208.80.194.27 - - [16/Feb/2018:10:20:38 -0800] "GET / HTTP/1.0" 200 37404 "-" "Mozilla/5.0 (Macintosh; Intel Mac OS X 10_7_2) AppleWebKit/534.52.7 (KHTML, like Gecko) Version/5.1 Safari/534.50" 
173.54.173.13 - - [16/Feb/2018:10:23:51 -0800] "GET / HTTP/1.1" 200 11061 "-" "Mozilla/5.0 (Macintosh; Intel Mac OS X 10_13_3) AppleWebKit/604.5.6 (KHTML, like Gecko) Version/11.0.3 Safari/604.5.6" 
173.54.173.13 - - [16/Feb/2018:10:23:51 -0800] "GET /twitter-icon.png HTTP/1.1" 200 27787 "http://www.secrepo.com/" "Mozilla/5.0 (Macintosh; Intel Mac OS X 10_13_3) AppleWebKit/604.5.6 (KHTML, like Gecko) Version/11.0.3 Safari/604.5.6" 
173.54.173.13 - - [16/Feb/2018:10:23:51 -0800] "GET /GitHub-Mark.png HTTP/1.1" 200 7428 "http://www.secrepo.com/" "Mozilla/5.0 (Macintosh; Intel Mac OS X 10_13_3) AppleWebKit/604.5.6 (KHTML, like Gecko) Version/11.0.3 Safari/604.5.6" 
173.54.173.13 - - [16/Feb/2018:10:23:51 -0800] "GET /bootstrap/img/favicon.ico HTTP/1.1" 200 589 "http://www.secrepo.com/" "Mozilla/5.0 (Macintosh; Intel Mac OS X 10_13_3) AppleWebKit/604.5.6 (KHTML, like Gecko) Version/11.0.3 Safari/604.5.6" 
207.46.13.5 - - [16/Feb/2018:10:24:05 -0800] "GET /self.logs/access.log.2015-06-22.gz HTTP/1.1" 404 340 "-" "Mozilla/5.0 (compatible; bingbot/2.0; +http://www.bing.com/bingbot.htm)" 
128.46.84.208 - - [16/Feb/2018:10:24:40 -0800] "GET / HTTP/1.1" 200 11061 "https://www.google.com/" "Mozilla/5.0 (Windows NT 6.1; Win64; x64) AppleWebKit/537.36 (KHTML, like Gecko) Chrome/64.0.3282.167 Safari/537.36" 
128.46.84.208 - - [16/Feb/2018:10:24:40 -0800] "GET /twitter-icon.png HTTP/1.1" 200 27787 "http://www.secrepo.com/" "Mozilla/5.0 (Windows NT 6.1; Win64; x64) AppleWebKit/537.36 (KHTML, like Gecko) Chrome/64.0.3282.167 Safari/537.36" 
128.46.84.208 - - [16/Feb/2018:10:24:40 -0800] "GET /GitHub-Mark.png HTTP/1.1" 200 7428 "http://www.secrepo.com/" "Mozilla/5.0 (Windows NT 6.1; Win64; x64) AppleWebKit/537.36 (KHTML, like Gecko) Chrome/64.0.3282.167 Safari/537.36" 
128.46.84.208 - - [16/Feb/2018:10:24:40 -0800] "GET /bootstrap/img/favicon.ico HTTP/1.1" 200 589 "http://www.secrepo.com/" "Mozilla/5.0 (Windows NT 6.1; Win64; x64) AppleWebKit/537.36 (KHTML, like Gecko) Chrome/64.0.3282.167 Safari/537.36" 
178.137.16.45 - - [16/Feb/2018:10:25:11 -0800] "GET / HTTP/1.1" 200 37359 "http://sildenafil-tadalafil.info/" "Mozilla/4.0 (compatible; MSIE 6.0; Windows NT 5.0; .NET CLR 1.0.3705; .NET CLR 1.1.4322)" 
178.137.16.45 - - [16/Feb/2018:10:25:12 -0800] "GET / HTTP/1.1" 200 37359 "http://sildenafil-tadalafil.info/" "Mozilla/4.0 (compatible; MSIE 6.0; Windows NT 5.0; .NET CLR 1.0.3705; .NET CLR 1.1.4322)" 
178.137.16.45 - - [16/Feb/2018:10:25:13 -0800] "GET / HTTP/1.1" 200 37359 "http://sildenafil-tadalafil.info/" "Mozilla/4.0 (compatible; MSIE 6.0; Windows NT 5.0; .NET CLR 1.0.3705; .NET CLR 1.1.4322)" 
207.46.13.177 - - [16/Feb/2018:10:25:57 -0800] "GET /self.logs/access.log.2017-04-03.gz HTTP/1.1" 200 33420 "-" "Mozilla/5.0 (compatible; bingbot/2.0; +http://www.bing.com/bingbot.htm)" 
198.187.233.250 - - [16/Feb/2018:10:26:07 -0800] "GET / HTTP/1.1" 200 11061 "-" "Mozilla/5.0 (Windows NT 10.0; Win64; x64) AppleWebKit/537.36 (KHTML, like Gecko) Chrome/63.0.3239.132 Safari/537.36" 
198.187.233.250 - - [16/Feb/2018:10:26:07 -0800] "GET /twitter-icon.png HTTP/1.1" 200 27787 "http://www.secrepo.com/" "Mozilla/5.0 (Windows NT 10.0; Win64; x64) AppleWebKit/537.36 (KHTML, like Gecko) Chrome/63.0.3239.132 Safari/537.36" 
198.187.233.250 - - [16/Feb/2018:10:26:07 -0800] "GET /GitHub-Mark.png HTTP/1.1" 200 7428 "http://www.secrepo.com/" "Mozilla/5.0 (Windows NT 10.0; Win64; x64) AppleWebKit/537.36 (KHTML, like Gecko) Chrome/63.0.3239.132 Safari/537.36" 
198.187.233.250 - - [16/Feb/2018:10:26:08 -0800] "GET /bootstrap/img/favicon.ico HTTP/1.1" 200 589 "http://www.secrepo.com/" "Mozilla/5.0 (Windows NT 10.0; Win64; x64) AppleWebKit/537.36 (KHTML, like Gecko) Chrome/63.0.3239.132 Safari/537.36" 
54.36.149.88 - - [16/Feb/2018:10:28:05 -0800] "GET /self.logs/access.log.2018-01-27.gz HTTP/1.1" 200 15449 "-" "Mozilla/5.0 (compatible; AhrefsBot/5.2; +http://ahrefs.com/robot/)" 
194.187.170.129 - - [16/Feb/2018:10:29:44 -0800] "GET /self.logs/?C=M;O=A HTTP/1.0" 200 8617 "-" "Mozilla/5.0 (compatible; Qwantify/2.4w; +https://www.qwant.com/)/2.4w" 
66.249.70.31 - - [16/Feb/2018:10:30:03 -0800] "GET /favicon.ico HTTP/1.1" 200 268 "-" "Googlebot-Image/1.0" 
54.36.148.88 - - [16/Feb/2018:10:32:50 -0800] "GET /self.logs/error.log.2017-01-21.gz HTTP/1.1" 200 913 "-" "Mozilla/5.0 (compatible; AhrefsBot/5.2; +http://ahrefs.com/robot/)" 
144.76.30.241 - - [16/Feb/2018:10:32:54 -0800] "GET /robots.txt HTTP/1.1" 200 289 "-" "Mozilla/5.0 (compatible; MJ12bot/v1.4.8; http://mj12bot.com/)" 
144.76.30.241 - - [16/Feb/2018:10:32:56 -0800] "GET / HTTP/1.1" 200 37359 "-" "Mozilla/5.0 (compatible; MJ12bot/v1.4.8; http://mj12bot.com/)" 
68.180.228.98 - - [16/Feb/2018:10:33:24 -0800] "GET /self.logs/error.log.2017-07-02.gz HTTP/1.1" 200 686 "-" "Mozilla/5.0 (compatible; Yahoo! Slurp; http://help.yahoo.com/help/us/ysearch/slurp)" 
68.180.228.98 - - [16/Feb/2018:10:34:02 -0800] "GET /self.logs/access.log.2017-05-30.gz HTTP/1.1" 200 19614 "-" "Mozilla/5.0 (compatible; Yahoo! Slurp; http://help.yahoo.com/help/us/ysearch/slurp)" 
54.36.149.27 - - [16/Feb/2018:10:39:47 -0800] "GET /self.logs/error.log.2015-03-31.gz HTTP/1.1" 404 284 "-" "Mozilla/5.0 (compatible; AhrefsBot/5.2; +http://ahrefs.com/robot/)" 
123.125.67.158 - - [16/Feb/2018:10:40:14 -0800] "GET /robots.txt HTTP/1.1" 200 297 "-" "Mozilla/5.0 (Windows NT 10.0; WOW64) AppleWebKit/537.36 (KHTML, like Gecko) Chrome/45.0.2454.93 Safari/537.36" 
54.36.148.195 - - [16/Feb/2018:10:42:29 -0800] "GET /self.logs/error.log.2016-06-08.gz HTTP/1.1" 404 284 "-" "Mozilla/5.0 (compatible; AhrefsBot/5.2; +http://ahrefs.com/robot/)" 
68.180.228.98 - - [16/Feb/2018:10:44:26 -0800] "GET /self.logs/error.log.2017-04-13.gz HTTP/1.1" 200 757 "-" "Mozilla/5.0 (compatible; Yahoo! Slurp; http://help.yahoo.com/help/us/ysearch/slurp)" 
68.180.228.98 - - [16/Feb/2018:10:45:14 -0800] "GET /honeypot/honeypot.json.zip HTTP/1.1" 200 23085920 "-" "Mozilla/5.0 (compatible; Yahoo! Slurp; http://help.yahoo.com/help/us/ysearch/slurp)" 
54.36.148.161 - - [16/Feb/2018:10:48:18 -0800] "GET /self.logs/error.log.2018-02-05.gz HTTP/1.1" 200 4486 "-" "Mozilla/5.0 (compatible; AhrefsBot/5.2; +http://ahrefs.com/robot/)" 
117.239.56.8 - - [16/Feb/2018:10:49:25 -0800] "GET /wp-login.php HTTP/1.1" 418 732 "-" "Mozilla/5.0 (Windows NT 6.1; WOW64; rv:40.0) Gecko/20100101 Firefox/40.1" 
117.239.56.8 - - [16/Feb/2018:10:49:26 -0800] "GET / HTTP/1.1" 418 732 "-" "Mozilla/5.0 (Windows NT 6.1; WOW64; rv:40.0) Gecko/20100101 Firefox/40.1" 
60.50.17.14 - - [16/Feb/2018:10:49:44 -0800] "GET / HTTP/1.1" 200 11061 "-" "Mozilla/5.0 (Windows NT 10.0; Win64; x64) AppleWebKit/537.36 (KHTML, like Gecko) Chrome/63.0.3239.132 Safari/537.36" 
60.50.17.14 - - [16/Feb/2018:10:49:45 -0800] "GET /twitter-icon.png HTTP/1.1" 200 27787 "http://www.secrepo.com/" "Mozilla/5.0 (Windows NT 10.0; Win64; x64) AppleWebKit/537.36 (KHTML, like Gecko) Chrome/63.0.3239.132 Safari/537.36" 
60.50.17.14 - - [16/Feb/2018:10:49:45 -0800] "GET /GitHub-Mark.png HTTP/1.1" 200 7428 "http://www.secrepo.com/" "Mozilla/5.0 (Windows NT 10.0; Win64; x64) AppleWebKit/537.36 (KHTML, like Gecko) Chrome/63.0.3239.132 Safari/537.36" 
60.50.17.14 - - [16/Feb/2018:10:49:48 -0800] "GET /bootstrap/img/favicon.ico HTTP/1.1" 200 590 "http://www.secrepo.com/" "Mozilla/5.0 (Windows NT 10.0; Win64; x64) AppleWebKit/537.36 (KHTML, like Gecko) Chrome/63.0.3239.132 Safari/537.36" 
52.27.2.86 - - [16/Feb/2018:10:51:10 -0800] "GET / HTTP/1.1" 200 37359 "-" "Mozilla/4.0 (compatible; MSIE 8.0; Windows NT 5.1; Trident/4.0)" 
54.36.148.26 - - [16/Feb/2018:10:53:37 -0800] "GET /self.logs/access.log.2017-08-03.gz HTTP/1.1" 200 20500 "-" "Mozilla/5.0 (compatible; AhrefsBot/5.2; +http://ahrefs.com/robot/)" 
104.229.237.127 - - [16/Feb/2018:10:59:50 -0800] "GET / HTTP/1.1" 200 11061 "-" "Mozilla/5.0 (Windows NT 10.0; Win64; x64) AppleWebKit/537.36 (KHTML, like Gecko) Chrome/64.0.3282.167 Safari/537.36" 
104.229.237.127 - - [16/Feb/2018:10:59:51 -0800] "GET /twitter-icon.png HTTP/1.1" 200 27787 "http://www.secrepo.com/" "Mozilla/5.0 (Windows NT 10.0; Win64; x64) AppleWebKit/537.36 (KHTML, like Gecko) Chrome/64.0.3282.167 Safari/537.36" 
