58.250.172.32 - - [15/Jan/2018:06:15:51 -0800] "GET /GitHub-Mark.png HTTP/1.1" 200 7427 "http://www.secrepo.com/" "Mozilla/5.0 (X11; Ubuntu; Linux x86_64; rv:54.0) Gecko/20100101 Firefox/54.0" 
58.250.172.32 - - [15/Jan/2018:06:15:52 -0800] "GET /twitter-icon.png HTTP/1.1" 200 27788 "http://www.secrepo.com/" "Mozilla/5.0 (X11; Ubuntu; Linux x86_64; rv:54.0) Gecko/20100101 Firefox/54.0" 
109.102.130.107 - - [15/Jan/2018:06:19:21 -0800] "GET /wp-login.php HTTP/1.1" 301 522 "-" "Mozilla/5.0 (Windows NT 6.1; WOW64; rv:40.0) Gecko/20100101 Firefox/40.1" 
109.102.130.107 - - [15/Jan/2018:06:19:21 -0800] "GET /wp-login.php HTTP/1.1" 404 295 "-" "Mozilla/5.0 (Windows NT 6.1; WOW64; rv:40.0) Gecko/20100101 Firefox/40.1" 
109.102.130.107 - - [15/Jan/2018:06:19:26 -0800] "GET /wp-login.php HTTP/1.1" 301 522 "-" "Mozilla/5.0 (Windows NT 6.1; WOW64; rv:40.0) Gecko/20100101 Firefox/40.1" 
109.102.130.107 - - [15/Jan/2018:06:19:27 -0800] "GET /wp-login.php HTTP/1.1" 404 295 "-" "Mozilla/5.0 (Windows NT 6.1; WOW64; rv:40.0) Gecko/20100101 Firefox/40.1" 
109.102.130.107 - - [15/Jan/2018:06:19:32 -0800] "GET / HTTP/1.1" 301 498 "-" "Mozilla/5.0 (Windows NT 6.1; WOW64; rv:40.0) Gecko/20100101 Firefox/40.1" 
109.102.130.107 - - [15/Jan/2018:06:19:32 -0800] "GET / HTTP/1.1" 200 37415 "-" "Mozilla/5.0 (Windows NT 6.1; WOW64; rv:40.0) Gecko/20100101 Firefox/40.1" 
66.220.156.56 - - [15/Jan/2018:06:27:40 -0800] "GET /GitHub-Mark.png HTTP/1.1" 200 7428 "-" "facebookexternalhit/1.1 (+http://www.facebook.com/externalhit_uatext.php)" 
217.226.56.184 - - [15/Jan/2018:06:28:41 -0800] "GET / HTTP/1.1" 200 11061 "-" "Mozilla/5.0 (Macintosh; Intel Mac OS X 10_13_2) AppleWebKit/537.36 (KHTML, like Gecko) Chrome/63.0.3239.132 Safari/537.36" 
217.226.56.184 - - [15/Jan/2018:06:28:42 -0800] "GET /twitter-icon.png HTTP/1.1" 200 27787 "http://www.secrepo.com/" "Mozilla/5.0 (Macintosh; Intel Mac OS X 10_13_2) AppleWebKit/537.36 (KHTML, like Gecko) Chrome/63.0.3239.132 Safari/537.36" 
217.226.56.184 - - [15/Jan/2018:06:28:43 -0800] "GET /GitHub-Mark.png HTTP/1.1" 200 7428 "http://www.secrepo.com/" "Mozilla/5.0 (Macintosh; Intel Mac OS X 10_13_2) AppleWebKit/537.36 (KHTML, like Gecko) Chrome/63.0.3239.132 Safari/537.36" 
217.226.56.184 - - [15/Jan/2018:06:28:47 -0800] "GET /bootstrap/img/favicon.ico HTTP/1.1" 200 590 "http://www.secrepo.com/" "Mozilla/5.0 (Macintosh; Intel Mac OS X 10_13_2) AppleWebKit/537.36 (KHTML, like Gecko) Chrome/63.0.3239.132 Safari/537.36" 
64.102.249.19 - - [15/Jan/2018:06:43:13 -0800] "GET /bootstrap/img/favicon.ico HTTP/1.1" 200 590 "-" "Mozilla/5.0 (Macintosh; Intel Mac OS X 10.13; rv:57.0) Gecko/20100101 Firefox/57.0" 
102.181.194.40 - - [15/Jan/2018:06:44:02 -0800] "GET /tg/tg_snort_fast.7z HTTP/1.1" 304 131 "-" "Mozilla/5.0 Gecko/20100115 Firefox/3.6" 
71.204.34.145 - - [15/Jan/2018:06:44:43 -0800] "GET / HTTP/1.1" 200 11061 "-" "Mozilla/5.0 (Windows NT 10.0; Win64; x64) AppleWebKit/537.36 (KHTML, like Gecko) Chrome/63.0.3239.132 Safari/537.36" 
71.204.34.145 - - [15/Jan/2018:06:44:43 -0800] "GET /twitter-icon.png HTTP/1.1" 200 27787 "http://www.secrepo.com/" "Mozilla/5.0 (Windows NT 10.0; Win64; x64) AppleWebKit/537.36 (KHTML, like Gecko) Chrome/63.0.3239.132 Safari/537.36" 
71.204.34.145 - - [15/Jan/2018:06:44:43 -0800] "GET /GitHub-Mark.png HTTP/1.1" 200 7428 "http://www.secrepo.com/" "Mozilla/5.0 (Windows NT 10.0; Win64; x64) AppleWebKit/537.36 (KHTML, like Gecko) Chrome/63.0.3239.132 Safari/537.36" 
71.204.34.145 - - [15/Jan/2018:06:44:44 -0800] "GET /bootstrap/img/favicon.ico HTTP/1.1" 200 589 "http://www.secrepo.com/" "Mozilla/5.0 (Windows NT 10.0; Win64; x64) AppleWebKit/537.36 (KHTML, like Gecko) Chrome/63.0.3239.132 Safari/537.36" 
124.114.148.32 - - [15/Jan/2018:06:45:29 -0800] "GET /favicon.ico HTTP/1.1" 200 268 "-" "Mozilla/5.0 (Windows NT 10.0; WOW64) AppleWebKit/537.36 (KHTML, like Gecko) Chrome/49.0.2623.221 Safari/537.36 SE 2.X MetaSr 1.0" 
131.251.254.42 - - [15/Jan/2018:06:50:04 -0800] "GET / HTTP/1.1" 200 11061 "https://www.google.co.uk/" "Mozilla/5.0 (X11; Linux x86_64) AppleWebKit/537.36 (KHTML, like Gecko) Chrome/63.0.3239.132 Safari/537.36" 
131.251.254.42 - - [15/Jan/2018:06:50:04 -0800] "GET /twitter-icon.png HTTP/1.1" 200 27787 "http://www.secrepo.com/" "Mozilla/5.0 (X11; Linux x86_64) AppleWebKit/537.36 (KHTML, like Gecko) Chrome/63.0.3239.132 Safari/537.36" 
131.251.254.42 - - [15/Jan/2018:06:50:05 -0800] "GET /GitHub-Mark.png HTTP/1.1" 200 7428 "http://www.secrepo.com/" "Mozilla/5.0 (X11; Linux x86_64) AppleWebKit/537.36 (KHTML, like Gecko) Chrome/63.0.3239.132 Safari/537.36" 
82.178.240.176 - - [15/Jan/2018:06:54:58 -0800] "GET / HTTP/1.1" 200 11061 "-" "Mozilla/5.0 (Macintosh; Intel Mac OS X 10_12_6) AppleWebKit/604.4.7 (KHTML, like Gecko)" 
82.178.240.176 - - [15/Jan/2018:06:54:58 -0800] "GET /apple-touch-icon-precomposed.png HTTP/1.1" 404 340 "-" "Safari/12604.4.7.1.6 CFNetwork/811.7.2 Darwin/16.7.0 (x86_64)" 
82.178.240.176 - - [15/Jan/2018:06:54:59 -0800] "GET /apple-touch-icon.png HTTP/1.1" 404 339 "-" "Safari/12604.4.7.1.6 CFNetwork/811.7.2 Darwin/16.7.0 (x86_64)" 
82.178.240.176 - - [15/Jan/2018:06:54:59 -0800] "GET /bootstrap/img/favicon.ico HTTP/1.1" 200 589 "-" "Safari/12604.4.7.1.6 CFNetwork/811.7.2 Darwin/16.7.0 (x86_64)" 
82.178.240.176 - - [15/Jan/2018:06:54:59 -0800] "GET / HTTP/1.1" 200 11060 "-" "\"Mozilla/5.0 (iPhone; CPU iPhone OS 11_0 like Mac OS X) AppleWebKit/604.1.38 (KHTML, like Gecko) Version/11.0 Mobile/15A372 Safari/604.1\"" 
82.178.240.176 - - [15/Jan/2018:06:55:00 -0800] "GET /apple-touch-icon-precomposed.png HTTP/1.1" 404 339 "-" "Safari/12604.4.7.1.6 CFNetwork/811.7.2 Darwin/16.7.0 (x86_64)" 
82.178.240.176 - - [15/Jan/2018:06:55:00 -0800] "GET /apple-touch-icon.png HTTP/1.1" 404 339 "-" "Safari/12604.4.7.1.6 CFNetwork/811.7.2 Darwin/16.7.0 (x86_64)" 
82.178.240.176 - - [15/Jan/2018:06:55:00 -0800] "GET /bootstrap/img/favicon.ico HTTP/1.1" 200 589 "-" "Safari/12604.4.7.1.6 CFNetwork/811.7.2 Darwin/16.7.0 (x86_64)" 
66.249.64.157 - - [15/Jan/2018:07:00:19 -0800] "GET /favicon.ico HTTP/1.1" 304 163 "-" "Googlebot-Image/1.0" 
182.65.188.27 - - [15/Jan/2018:07:05:08 -0800] "GET /wp-login.php HTTP/1.1" 404 295 "-" "Mozilla/5.0 (Windows NT 6.1; WOW64; rv:40.0) Gecko/20100101 Firefox/40.1" 
182.65.188.27 - - [15/Jan/2018:07:05:14 -0800] "GET /wp-login.php HTTP/1.1" 404 295 "-" "Mozilla/5.0 (Windows NT 6.1; WOW64; rv:40.0) Gecko/20100101 Firefox/40.1" 
182.65.188.27 - - [15/Jan/2018:07:05:19 -0800] "GET / HTTP/1.1" 200 37415 "-" "Mozilla/5.0 (Windows NT 6.1; WOW64; rv:40.0) Gecko/20100101 Firefox/40.1" 
182.65.188.27 - - [15/Jan/2018:07:05:33 -0800] "GET /wp-login.php HTTP/1.1" 301 522 "-" "Mozilla/5.0 (Windows NT 6.1; WOW64; rv:40.0) Gecko/20100101 Firefox/40.1" 
182.65.188.27 - - [15/Jan/2018:07:05:33 -0800] "GET /wp-login.php HTTP/1.1" 404 295 "-" "Mozilla/5.0 (Windows NT 6.1; WOW64; rv:40.0) Gecko/20100101 Firefox/40.1" 
182.65.188.27 - - [15/Jan/2018:07:05:39 -0800] "GET /wp-login.php HTTP/1.1" 301 522 "-" "Mozilla/5.0 (Windows NT 6.1; WOW64; rv:40.0) Gecko/20100101 Firefox/40.1" 
182.65.188.27 - - [15/Jan/2018:07:05:39 -0800] "GET /wp-login.php HTTP/1.1" 404 295 "-" "Mozilla/5.0 (Windows NT 6.1; WOW64; rv:40.0) Gecko/20100101 Firefox/40.1" 
182.65.188.27 - - [15/Jan/2018:07:05:45 -0800] "GET / HTTP/1.1" 301 498 "-" "Mozilla/5.0 (Windows NT 6.1; WOW64; rv:40.0) Gecko/20100101 Firefox/40.1" 
182.65.188.27 - - [15/Jan/2018:07:05:46 -0800] "GET / HTTP/1.1" 200 37415 "-" "Mozilla/5.0 (Windows NT 6.1; WOW64; rv:40.0) Gecko/20100101 Firefox/40.1" 
102.181.194.40 - - [15/Jan/2018:07:07:53 -0800] "GET /maccdc2012/dns.log.gz HTTP/1.1" 304 154 "-" "Mozilla/5.0 Gecko/20100115 Firefox/3.6" 
216.244.66.250 - - [15/Jan/2018:07:11:12 -0800] "GET /self.logs/?C=S;O=D HTTP/1.1" 200 72925 "-" "Mozilla/5.0 (compatible; DotBot/1.1; http://www.opensiteexplorer.org/dotbot, help@moz.com)" 
111.206.36.147 - - [15/Jan/2018:07:11:39 -0800] "GET / HTTP/1.1" 200 11061 "http://www.baidu.com/s?wd=VXH" "Mozilla/5.0 (Windows NT 6.1; WOW64; rv:43.0) Gecko/20100101 Firefox/43.0" 
108.179.41.9 - - [15/Jan/2018:07:12:35 -0800] "GET /twitter-icon.png HTTP/1.1" 200 27788 "-" "Mozilla/5.0 (Windows NT 10.0; Win64; x64) AppleWebKit/537.36 (KHTML, like Gecko) Chrome/63.0.3239.132 Safari/537.36" 
108.179.41.9 - - [15/Jan/2018:07:12:35 -0800] "GET /GitHub-Mark.png HTTP/1.1" 200 7428 "-" "Mozilla/5.0 (Windows NT 10.0; Win64; x64) AppleWebKit/537.36 (KHTML, like Gecko) Chrome/63.0.3239.132 Safari/537.36" 
117.198.80.172 - - [15/Jan/2018:07:17:22 -0800] "GET /wp-login.php HTTP/1.1" 404 295 "-" "Mozilla/5.0 (Windows NT 6.1; WOW64; rv:40.0) Gecko/20100101 Firefox/40.1" 
117.198.80.172 - - [15/Jan/2018:07:17:28 -0800] "GET /wp-login.php HTTP/1.1" 404 295 "-" "Mozilla/5.0 (Windows NT 6.1; WOW64; rv:40.0) Gecko/20100101 Firefox/40.1" 
117.198.80.172 - - [15/Jan/2018:07:17:33 -0800] "GET / HTTP/1.1" 200 37415 "-" "Mozilla/5.0 (Windows NT 6.1; WOW64; rv:40.0) Gecko/20100101 Firefox/40.1" 
138.207.173.155 - - [15/Jan/2018:07:19:43 -0800] "GET /bootstrap/img/favicon.ico HTTP/1.1" 200 590 "-" "Mozilla/5.0 (Macintosh; Intel Mac OS X 10_12_6) AppleWebKit/537.36 (KHTML, like Gecko) Chrome/63.0.3239.132 Safari/537.36" 
198.206.219.50 - - [15/Jan/2018:07:21:26 -0800] "GET / HTTP/1.1" 200 11061 "https://www.google.com/" "Mozilla/5.0 (Windows NT 10.0; Win64; x64) AppleWebKit/537.36 (KHTML, like Gecko) Chrome/63.0.3239.132 Safari/537.36" 
198.206.219.50 - - [15/Jan/2018:07:21:27 -0800] "GET /twitter-icon.png HTTP/1.1" 200 27787 "http://www.secrepo.com/" "Mozilla/5.0 (Windows NT 10.0; Win64; x64) AppleWebKit/537.36 (KHTML, like Gecko) Chrome/63.0.3239.132 Safari/537.36" 
198.206.219.50 - - [15/Jan/2018:07:21:27 -0800] "GET /GitHub-Mark.png HTTP/1.1" 200 7428 "http://www.secrepo.com/" "Mozilla/5.0 (Windows NT 10.0; Win64; x64) AppleWebKit/537.36 (KHTML, like Gecko) Chrome/63.0.3239.132 Safari/537.36" 
198.206.219.50 - - [15/Jan/2018:07:21:29 -0800] "GET /bootstrap/img/favicon.ico HTTP/1.1" 200 589 "http://www.secrepo.com/" "Mozilla/5.0 (Windows NT 10.0; Win64; x64) AppleWebKit/537.36 (KHTML, like Gecko) Chrome/63.0.3239.132 Safari/537.36" 
198.206.219.50 - - [15/Jan/2018:07:22:24 -0800] "GET /maccdc2012/maccdc2012_fast_alert.7z HTTP/1.1" 200 9478149 "-" "Mozilla/5.0 (Windows NT 10.0; Win64; x64) AppleWebKit/537.36 (KHTML, like Gecko) Chrome/63.0.3239.132 Safari/537.36" 
198.206.219.50 - - [15/Jan/2018:07:23:33 -0800] "GET /honeypot/honeypot.json.zip HTTP/1.1" 200 23085976 "-" "Mozilla/5.0 (Windows NT 10.0; Win64; x64) AppleWebKit/537.36 (KHTML, like Gecko) Chrome/63.0.3239.132 Safari/537.36" 
104.140.82.100 - - [15/Jan/2018:07:26:20 -0800] "GET /honeypot/BSidesDFW%20-%202014.ipynb HTTP/1.0" 200 930799 "http://www.secrepo.com/" "Mozilla/5.0 (Windows NT 6.3; WOW64; Trident/7.0; rv:11.0) like Gecko" 
123.125.143.8 - - [15/Jan/2018:07:29:50 -0800] "GET /twitter-icon.png HTTP/1.1" 200 27732 "-" "Mozilla/5.0 (Windows NT 6.1; WOW64; rv:43.0) Gecko/20100101 Firefox/43.0" 
123.125.143.13 - - [15/Jan/2018:07:29:54 -0800] "GET /GitHub-Mark.png HTTP/1.1" 200 7372 "-" "Mozilla/5.0 (Windows NT 6.1; WOW64; rv:43.0) Gecko/20100101 Firefox/43.0" 
62.197.234.51 - - [15/Jan/2018:07:32:16 -0800] "GET / HTTP/1.1" 200 11061 "-" "Mozilla/5.0 (Windows NT 6.3; Win64; x64; rv:57.0) Gecko/20100101 Firefox/57.0" 
62.197.234.51 - - [15/Jan/2018:07:32:16 -0800] "GET /twitter-icon.png HTTP/1.1" 200 27787 "http://www.secrepo.com/" "Mozilla/5.0 (Windows NT 6.3; Win64; x64; rv:57.0) Gecko/20100101 Firefox/57.0" 
62.197.234.51 - - [15/Jan/2018:07:32:16 -0800] "GET /GitHub-Mark.png HTTP/1.1" 200 7428 "http://www.secrepo.com/" "Mozilla/5.0 (Windows NT 6.3; Win64; x64; rv:57.0) Gecko/20100101 Firefox/57.0" 
62.197.234.51 - - [15/Jan/2018:07:32:16 -0800] "GET /bootstrap/img/favicon.ico HTTP/1.1" 200 590 "-" "Mozilla/5.0 (Windows NT 6.3; Win64; x64; rv:57.0) Gecko/20100101 Firefox/57.0" 
62.197.234.51 - - [15/Jan/2018:07:32:17 -0800] "GET /bootstrap/img/favicon.ico HTTP/1.1" 200 590 "-" "Mozilla/5.0 (Windows NT 6.3; Win64; x64; rv:57.0) Gecko/20100101 Firefox/57.0" 
198.206.219.51 - - [15/Jan/2018:07:32:28 -0800] "GET /tg/a.zip HTTP/1.1" 200 33550800 "-" "Mozilla/5.0 (Windows NT 10.0; Win64; x64) AppleWebKit/537.36 (KHTML, like Gecko) Chrome/63.0.3239.132 Safari/537.36" 
83.30.133.178 - - [15/Jan/2018:07:34:27 -0800] "GET /wp-login.php HTTP/1.1" 404 295 "-" "Mozilla/5.0 (Windows NT 6.1; WOW64; rv:40.0) Gecko/20100101 Firefox/40.1" 
83.30.133.178 - - [15/Jan/2018:07:34:33 -0800] "GET /wp-login.php HTTP/1.1" 404 295 "-" "Mozilla/5.0 (Windows NT 6.1; WOW64; rv:40.0) Gecko/20100101 Firefox/40.1" 
83.30.133.178 - - [15/Jan/2018:07:34:38 -0800] "GET / HTTP/1.1" 200 37415 "-" "Mozilla/5.0 (Windows NT 6.1; WOW64; rv:40.0) Gecko/20100101 Firefox/40.1" 
198.206.219.51 - - [15/Jan/2018:07:33:51 -0800] "GET /tg/a.zip HTTP/1.1" 200 66189337 "-" "Mozilla/5.0 (Windows NT 10.0; Win64; x64) AppleWebKit/537.36 (KHTML, like Gecko) Chrome/63.0.3239.132 Safari/537.36" 
202.3.77.210 - - [15/Jan/2018:07:40:11 -0800] "GET / HTTP/1.1" 200 11061 "https://www.google.co.in/" "Mozilla/5.0 (X11; Ubuntu; Linux x86_64; rv:57.0) Gecko/20100101 Firefox/57.0" 
202.3.77.210 - - [15/Jan/2018:07:40:12 -0800] "GET /twitter-icon.png HTTP/1.1" 200 27787 "http://www.secrepo.com/" "Mozilla/5.0 (X11; Ubuntu; Linux x86_64; rv:57.0) Gecko/20100101 Firefox/57.0" 
202.3.77.210 - - [15/Jan/2018:07:40:12 -0800] "GET /bootstrap/img/favicon.ico HTTP/1.1" 200 590 "-" "Mozilla/5.0 (X11; Ubuntu; Linux x86_64; rv:57.0) Gecko/20100101 Firefox/57.0" 
202.3.77.210 - - [15/Jan/2018:07:40:12 -0800] "GET /GitHub-Mark.png HTTP/1.1" 200 7428 "http://www.secrepo.com/" "Mozilla/5.0 (X11; Ubuntu; Linux x86_64; rv:57.0) Gecko/20100101 Firefox/57.0" 
194.210.216.115 - - [15/Jan/2018:07:43:26 -0800] "GET / HTTP/1.1" 200 11061 "https://www.google.pt/" "Mozilla/5.0 (Windows NT 10.0; Win64; x64) AppleWebKit/537.36 (KHTML, like Gecko) Chrome/63.0.3239.132 Safari/537.36" 
194.210.216.115 - - [15/Jan/2018:07:43:26 -0800] "GET /twitter-icon.png HTTP/1.1" 200 27787 "http://www.secrepo.com/" "Mozilla/5.0 (Windows NT 10.0; Win64; x64) AppleWebKit/537.36 (KHTML, like Gecko) Chrome/63.0.3239.132 Safari/537.36" 
194.210.216.115 - - [15/Jan/2018:07:43:26 -0800] "GET /GitHub-Mark.png HTTP/1.1" 200 7428 "http://www.secrepo.com/" "Mozilla/5.0 (Windows NT 10.0; Win64; x64) AppleWebKit/537.36 (KHTML, like Gecko) Chrome/63.0.3239.132 Safari/537.36" 
194.210.216.115 - - [15/Jan/2018:07:43:38 -0800] "GET /bootstrap/img/favicon.ico HTTP/1.1" 200 590 "http://www.secrepo.com/" "Mozilla/5.0 (Windows NT 10.0; Win64; x64) AppleWebKit/537.36 (KHTML, like Gecko) Chrome/63.0.3239.132 Safari/537.36" 
100.43.85.128 - - [15/Jan/2018:07:51:18 -0800] "GET / HTTP/1.1" 200 11061 "-" "Mozilla/5.0 (compatible; YandexBot/3.0; +http://yandex.com/bots)" 
5.255.250.94 - - [15/Jan/2018:07:51:18 -0800] "GET /robots.txt HTTP/1.1" 301 518 "-" "Mozilla/5.0 (compatible; YandexBot/3.0; +http://yandex.com/bots)" 
100.43.85.128 - - [15/Jan/2018:07:51:22 -0800] "GET / HTTP/1.1" 301 483 "-" "Mozilla/5.0 (compatible; YandexBot/3.0; +http://yandex.com/bots)" 
124.114.148.32 - - [15/Jan/2018:07:53:26 -0800] "GET /favicon.ico HTTP/1.1" 200 268 "-" "Mozilla/5.0 (Windows NT 10.0; WOW64) AppleWebKit/537.36 (KHTML, like Gecko) Chrome/49.0.2623.221 Safari/537.36 SE 2.X MetaSr 1.0" 
146.191.50.75 - - [15/Jan/2018:07:56:14 -0800] "GET /bootstrap/img/favicon.ico HTTP/1.1" 304 165 "-" "Mozilla/5.0 (X11; Ubuntu; Linux x86_64; rv:57.0) Gecko/20100101 Firefox/57.0" 
79.178.48.109 - - [15/Jan/2018:07:57:26 -0800] "GET /wp-login.php HTTP/1.1" 404 295 "-" "Mozilla/5.0 (Windows NT 6.1; WOW64; rv:40.0) Gecko/20100101 Firefox/40.1" 
79.178.48.109 - - [15/Jan/2018:07:57:31 -0800] "GET /wp-login.php HTTP/1.1" 404 295 "-" "Mozilla/5.0 (Windows NT 6.1; WOW64; rv:40.0) Gecko/20100101 Firefox/40.1" 
79.178.48.109 - - [15/Jan/2018:07:57:36 -0800] "GET / HTTP/1.1" 200 37415 "-" "Mozilla/5.0 (Windows NT 6.1; WOW64; rv:40.0) Gecko/20100101 Firefox/40.1" 
124.114.148.32 - - [15/Jan/2018:08:00:58 -0800] "GET /favicon.ico HTTP/1.1" 200 268 "-" "Mozilla/5.0 (Windows NT 10.0; WOW64) AppleWebKit/537.36 (KHTML, like Gecko) Chrome/49.0.2623.221 Safari/537.36 SE 2.X MetaSr 1.0" 
79.178.48.109 - - [15/Jan/2018:08:04:09 -0800] "GET /wp-login.php HTTP/1.1" 301 522 "-" "Mozilla/5.0 (Windows NT 6.1; WOW64; rv:40.0) Gecko/20100101 Firefox/40.1" 
79.178.48.109 - - [15/Jan/2018:08:04:10 -0800] "GET /wp-login.php HTTP/1.1" 404 295 "-" "Mozilla/5.0 (Windows NT 6.1; WOW64; rv:40.0) Gecko/20100101 Firefox/40.1" 
79.178.48.109 - - [15/Jan/2018:08:04:15 -0800] "GET /wp-login.php HTTP/1.1" 301 522 "-" "Mozilla/5.0 (Windows NT 6.1; WOW64; rv:40.0) Gecko/20100101 Firefox/40.1" 
79.178.48.109 - - [15/Jan/2018:08:04:15 -0800] "GET /wp-login.php HTTP/1.1" 404 295 "-" "Mozilla/5.0 (Windows NT 6.1; WOW64; rv:40.0) Gecko/20100101 Firefox/40.1" 
79.178.48.109 - - [15/Jan/2018:08:04:21 -0800] "GET / HTTP/1.1" 301 498 "-" "Mozilla/5.0 (Windows NT 6.1; WOW64; rv:40.0) Gecko/20100101 Firefox/40.1" 
79.178.48.109 - - [15/Jan/2018:08:04:21 -0800] "GET / HTTP/1.1" 200 37415 "-" "Mozilla/5.0 (Windows NT 6.1; WOW64; rv:40.0) Gecko/20100101 Firefox/40.1" 
66.249.64.159 - - [15/Jan/2018:08:05:57 -0800] "GET /favicon.ico HTTP/1.1" 200 268 "-" "Googlebot-Image/1.0" 
120.221.0.34 - - [15/Jan/2018:08:05:59 -0800] "GET /honeypot/Honeypot%20-%20Howto.pdf HTTP/1.1" 304 131 "-" "Mozilla/5.0 Gecko/20100115 Firefox/3.6" 
46.209.137.27 - - [15/Jan/2018:08:10:24 -0800] "GET /honeypot/Honeypot%20-%20Howto.pdf HTTP/1.1" 200 1279418 "http://www.secrepo.com/" "Mozilla/5.0 (Windows NT 6.1; WOW64) AppleWebKit/537.36 (KHTML, like Gecko) Dragon/36.1.1.21 Chrome/36.0.1985.97 Safari/537.36" 
120.221.1.28 - - [15/Jan/2018:08:12:50 -0800] "GET /maccdc2012/files.log.gz HTTP/1.1" 304 155 "-" "Mozilla/5.0 Gecko/20100115 Firefox/3.6" 
40.77.167.73 - - [15/Jan/2018:08:19:08 -0800] "GET /self.logs/error.log.2015-05-07.gz HTTP/1.1" 404 340 "-" "Mozilla/5.0 (compatible; bingbot/2.0; +http://www.bing.com/bingbot.htm)" 
100.43.85.128 - - [15/Jan/2018:08:20:27 -0800] "GET /self.logs/ HTTP/1.1" 200 7775 "-" "Mozilla/5.0 (compatible; YandexBot/3.0; +http://yandex.com/bots)" 
157.55.39.43 - - [15/Jan/2018:08:20:54 -0800] "GET /self.logs/access.log.2015-06-05.gz HTTP/1.1" 404 340 "-" "Mozilla/5.0 (compatible; bingbot/2.0; +http://www.bing.com/bingbot.htm)" 
82.54.177.88 - - [15/Jan/2018:08:21:26 -0800] "GET /wp-login.php HTTP/1.1" 404 295 "-" "Mozilla/5.0 (Windows NT 6.1; WOW64; rv:40.0) Gecko/20100101 Firefox/40.1" 
82.54.177.88 - - [15/Jan/2018:08:21:31 -0800] "GET /wp-login.php HTTP/1.1" 404 295 "-" "Mozilla/5.0 (Windows NT 6.1; WOW64; rv:40.0) Gecko/20100101 Firefox/40.1" 
82.54.177.88 - - [15/Jan/2018:08:21:36 -0800] "GET / HTTP/1.1" 200 37415 "-" "Mozilla/5.0 (Windows NT 6.1; WOW64; rv:40.0) Gecko/20100101 Firefox/40.1" 
83.30.133.178 - - [15/Jan/2018:08:22:17 -0800] "GET /wp-login.php HTTP/1.1" 301 522 "-" "Mozilla/5.0 (Windows NT 6.1; WOW64; rv:40.0) Gecko/20100101 Firefox/40.1" 
83.30.133.178 - - [15/Jan/2018:08:22:18 -0800] "GET /wp-login.php HTTP/1.1" 404 295 "-" "Mozilla/5.0 (Windows NT 6.1; WOW64; rv:40.0) Gecko/20100101 Firefox/40.1" 
83.30.133.178 - - [15/Jan/2018:08:22:23 -0800] "GET /wp-login.php HTTP/1.1" 301 522 "-" "Mozilla/5.0 (Windows NT 6.1; WOW64; rv:40.0) Gecko/20100101 Firefox/40.1" 
83.30.133.178 - - [15/Jan/2018:08:22:24 -0800] "GET /wp-login.php HTTP/1.1" 404 295 "-" "Mozilla/5.0 (Windows NT 6.1; WOW64; rv:40.0) Gecko/20100101 Firefox/40.1" 
83.30.133.178 - - [15/Jan/2018:08:22:29 -0800] "GET / HTTP/1.1" 301 498 "-" "Mozilla/5.0 (Windows NT 6.1; WOW64; rv:40.0) Gecko/20100101 Firefox/40.1" 
83.30.133.178 - - [15/Jan/2018:08:22:29 -0800] "GET / HTTP/1.1" 200 37415 "-" "Mozilla/5.0 (Windows NT 6.1; WOW64; rv:40.0) Gecko/20100101 Firefox/40.1" 
198.144.180.106 - - [15/Jan/2018:08:27:02 -0800] "GET /honeypot/Honeypot%20-%20Howto%20-%20BSides%20Austin.pdf HTTP/1.0" 200 2928423 "http://www.secrepo.com/" "Mozilla/5.0 (Macintosh; Intel Mac OS X 10_10_5) AppleWebKit/537.36 (KHTML, like Gecko) Chrome/58.0.3029.110 Safari/537.36" 
173.252.115.169 - - [15/Jan/2018:08:27:28 -0800] "GET /GitHub-Mark.png HTTP/1.1" 200 7428 "-" "facebookexternalhit/1.1 (+http://www.facebook.com/externalhit_uatext.php)" 
157.55.39.39 - - [15/Jan/2018:08:28:15 -0800] "GET /self.logs/access.log.2015-12-27.gz HTTP/1.1" 404 340 "-" "Mozilla/5.0 (compatible; bingbot/2.0; +http://www.bing.com/bingbot.htm)" 
157.55.39.43 - - [15/Jan/2018:08:30:07 -0800] "GET /self.logs/access.log.2017-01-08.gz HTTP/1.1" 200 14919 "-" "Mozilla/5.0 (compatible; bingbot/2.0; +http://www.bing.com/bingbot.htm)" 
206.132.48.218 - - [15/Jan/2018:08:31:00 -0800] "GET /wp-login.php HTTP/1.1" 404 295 "-" "Mozilla/5.0 (Windows NT 6.1; WOW64; rv:40.0) Gecko/20100101 Firefox/40.1" 
206.132.48.218 - - [15/Jan/2018:08:31:05 -0800] "GET /wp-login.php HTTP/1.1" 404 295 "-" "Mozilla/5.0 (Windows NT 6.1; WOW64; rv:40.0) Gecko/20100101 Firefox/40.1" 
206.132.48.218 - - [15/Jan/2018:08:31:10 -0800] "GET / HTTP/1.1" 200 37415 "-" "Mozilla/5.0 (Windows NT 6.1; WOW64; rv:40.0) Gecko/20100101 Firefox/40.1" 
157.55.39.43 - - [15/Jan/2018:08:35:37 -0800] "GET /self.logs/error.log.2016-09-20.gz HTTP/1.1" 404 340 "-" "Mozilla/5.0 (compatible; bingbot/2.0; +http://www.bing.com/bingbot.htm)" 
157.55.39.85 - - [15/Jan/2018:08:38:06 -0800] "GET /self.logs/access.log.2015-10-02.gz HTTP/1.1" 404 340 "-" "Mozilla/5.0 (compatible; bingbot/2.0; +http://www.bing.com/bingbot.htm)" 
51.255.71.114 - - [15/Jan/2018:08:43:23 -0800] "GET /self.logs/error.log.2017-12-30.gz HTTP/1.1" 200 1978 "-" "Mozilla/5.0 (compatible; AhrefsBot/5.2; +http://ahrefs.com/robot/)" 
162.210.196.100 - - [15/Jan/2018:08:46:14 -0800] "GET /robots.txt HTTP/1.1" 200 289 "-" "Mozilla/5.0 (compatible; MJ12bot/v1.4.8; http://mj12bot.com/)" 
162.210.196.100 - - [15/Jan/2018:08:46:16 -0800] "GET / HTTP/1.1" 200 37359 "-" "Mozilla/5.0 (compatible; MJ12bot/v1.4.8; http://mj12bot.com/)" 
157.55.39.85 - - [15/Jan/2018:08:49:01 -0800] "GET /self.logs/error.log.2015-10-29.gz HTTP/1.1" 404 340 "-" "Mozilla/5.0 (compatible; bingbot/2.0; +http://www.bing.com/bingbot.htm)" 
54.36.148.26 - - [15/Jan/2018:08:49:40 -0800] "GET /self.logs/access.log.2017-10-06.gz HTTP/1.1" 200 33262 "-" "Mozilla/5.0 (compatible; AhrefsBot/5.2; +http://ahrefs.com/robot/)" 
157.55.39.85 - - [15/Jan/2018:08:50:21 -0800] "GET /self.logs/access.log.2016-08-24.gz HTTP/1.1" 404 340 "-" "Mozilla/5.0 (compatible; bingbot/2.0; +http://www.bing.com/bingbot.htm)" 
71.227.248.210 - - [15/Jan/2018:08:53:14 -0800] "GET / HTTP/1.1" 200 11061 "-" "Mozilla/5.0 (Windows NT 10.0; Win64; x64) AppleWebKit/537.36 (KHTML, like Gecko) Chrome/63.0.3239.132 Safari/537.36" 
71.227.248.210 - - [15/Jan/2018:08:53:14 -0800] "GET /twitter-icon.png HTTP/1.1" 200 27787 "http://www.secrepo.com/" "Mozilla/5.0 (Windows NT 10.0; Win64; x64) AppleWebKit/537.36 (KHTML, like Gecko) Chrome/63.0.3239.132 Safari/537.36" 
71.227.248.210 - - [15/Jan/2018:08:53:14 -0800] "GET /GitHub-Mark.png HTTP/1.1" 200 7428 "http://www.secrepo.com/" "Mozilla/5.0 (Windows NT 10.0; Win64; x64) AppleWebKit/537.36 (KHTML, like Gecko) Chrome/63.0.3239.132 Safari/537.36" 
54.36.149.4 - - [15/Jan/2018:08:53:54 -0800] "GET /self.logs/2015/error.log.2015-03-31.gz HTTP/1.1" 200 1158 "-" "Mozilla/5.0 (compatible; AhrefsBot/5.2; +http://ahrefs.com/robot/)" 
157.55.39.85 - - [15/Jan/2018:08:55:00 -0800] "GET /self.logs/access.log.2015-07-02.gz HTTP/1.1" 404 340 "-" "Mozilla/5.0 (compatible; bingbot/2.0; +http://www.bing.com/bingbot.htm)" 
52.168.161.70 - - [15/Jan/2018:08:58:04 -0800] "HEAD / HTTP/1.1" 301 253 "https://www.google.com/" "Mozilla/5.0 (compatible; epicbot; +http://www.epictions.com/epicbot)" 
52.168.161.70 - - [15/Jan/2018:08:58:06 -0800] "HEAD / HTTP/1.1" 301 253 "https://www.google.com/" "Mozilla/5.0 (compatible; epicbot; +http://www.epictions.com/epicbot)" 
52.168.161.70 - - [15/Jan/2018:08:58:06 -0800] "HEAD / HTTP/1.1" 301 253 "https://www.google.com/" "Mozilla/5.0 (compatible; epicbot; +http://www.epictions.com/epicbot)" 
64.102.249.19 - - [15/Jan/2018:08:58:31 -0800] "GET /bootstrap/img/favicon.ico HTTP/1.1" 304 165 "-" "Mozilla/5.0 (Macintosh; Intel Mac OS X 10.13; rv:57.0) Gecko/20100101 Firefox/57.0" 
79.180.25.135 - - [15/Jan/2018:09:00:20 -0800] "GET /wp-login.php HTTP/1.1" 404 295 "-" "Mozilla/5.0 (Windows NT 6.1; WOW64; rv:40.0) Gecko/20100101 Firefox/40.1" 
79.180.25.135 - - [15/Jan/2018:09:00:25 -0800] "GET /wp-login.php HTTP/1.1" 404 295 "-" "Mozilla/5.0 (Windows NT 6.1; WOW64; rv:40.0) Gecko/20100101 Firefox/40.1" 
79.180.25.135 - - [15/Jan/2018:09:00:31 -0800] "GET / HTTP/1.1" 200 37415 "-" "Mozilla/5.0 (Windows NT 6.1; WOW64; rv:40.0) Gecko/20100101 Firefox/40.1" 
51.255.71.115 - - [15/Jan/2018:09:00:41 -0800] "GET /self.logs/2015/error.log.2015-06-29.gz HTTP/1.1" 200 935 "-" "Mozilla/5.0 (compatible; AhrefsBot/5.2; +http://ahrefs.com/robot/)" 
80.147.124.42 - - [15/Jan/2018:09:03:14 -0800] "GET / HTTP/1.1" 200 11061 "-" "Mozilla/5.0 (iPhone; CPU iPhone OS 11_2_1 like Mac OS X) AppleWebKit/604.4.7 (KHTML, like Gecko) Version/11.0 Mobile/15C153 Safari/604.1" 
80.147.124.42 - - [15/Jan/2018:09:03:15 -0800] "GET /twitter-icon.png HTTP/1.1" 200 27787 "http://www.secrepo.com/" "Mozilla/5.0 (iPhone; CPU iPhone OS 11_2_1 like Mac OS X) AppleWebKit/604.4.7 (KHTML, like Gecko) Version/11.0 Mobile/15C153 Safari/604.1" 
80.147.124.42 - - [15/Jan/2018:09:03:15 -0800] "GET /GitHub-Mark.png HTTP/1.1" 200 7428 "http://www.secrepo.com/" "Mozilla/5.0 (iPhone; CPU iPhone OS 11_2_1 like Mac OS X) AppleWebKit/604.4.7 (KHTML, like Gecko) Version/11.0 Mobile/15C153 Safari/604.1" 
157.55.39.85 - - [15/Jan/2018:09:03:29 -0800] "GET /self.logs/access.log.2015-07-05.gz HTTP/1.1" 404 340 "-" "Mozilla/5.0 (compatible; bingbot/2.0; +http://www.bing.com/bingbot.htm)" 
157.55.39.43 - - [15/Jan/2018:09:03:45 -0800] "GET /self.logs/error.log.2015-07-31.gz HTTP/1.1" 404 340 "-" "Mozilla/5.0 (compatible; bingbot/2.0; +http://www.bing.com/bingbot.htm)" 
146.191.50.75 - - [15/Jan/2018:09:03:46 -0800] "GET / HTTP/1.1" 304 189 "-" "Mozilla/5.0 (X11; Ubuntu; Linux x86_64; rv:57.0) Gecko/20100101 Firefox/57.0" 
146.191.50.75 - - [15/Jan/2018:09:03:48 -0800] "GET /twitter-icon.png HTTP/1.1" 304 166 "http://www.secrepo.com/" "Mozilla/5.0 (X11; Ubuntu; Linux x86_64; rv:57.0) Gecko/20100101 Firefox/57.0" 
146.191.50.75 - - [15/Jan/2018:09:03:48 -0800] "GET /GitHub-Mark.png HTTP/1.1" 304 166 "http://www.secrepo.com/" "Mozilla/5.0 (X11; Ubuntu; Linux x86_64; rv:57.0) Gecko/20100101 Firefox/57.0" 
157.55.39.43 - - [15/Jan/2018:09:04:36 -0800] "GET /self.logs/error.log.2015-11-08.gz HTTP/1.1" 404 340 "-" "Mozilla/5.0 (compatible; bingbot/2.0; +http://www.bing.com/bingbot.htm)" 
194.187.170.141 - - [15/Jan/2018:09:05:28 -0800] "GET /robots.txt HTTP/1.0" 200 297 "-" "Mozilla/5.0 (compatible; Qwantify/2.4w; +https://www.qwant.com/)/2.4w" 
194.187.170.141 - - [15/Jan/2018:09:05:28 -0800] "GET /self.logs/ HTTP/1.0" 200 7738 "-" "Mozilla/5.0 (compatible; Qwantify/2.4w; +https://www.qwant.com/)/2.4w" 
80.147.124.42 - - [15/Jan/2018:09:07:52 -0800] "GET /apple-touch-icon-120x120-precomposed.png HTTP/1.1" 404 340 "-" "MobileSafari/604.1 CFNetwork/893.14.2 Darwin/17.3.0" 
80.147.124.42 - - [15/Jan/2018:09:07:52 -0800] "GET /apple-touch-icon-120x120.png HTTP/1.1" 404 339 "-" "MobileSafari/604.1 CFNetwork/893.14.2 Darwin/17.3.0" 
80.147.124.42 - - [15/Jan/2018:09:07:52 -0800] "GET /apple-touch-icon.png HTTP/1.1" 404 339 "-" "MobileSafari/604.1 CFNetwork/893.14.2 Darwin/17.3.0" 
80.147.124.42 - - [15/Jan/2018:09:07:53 -0800] "GET /apple-touch-icon.png HTTP/1.1" 404 339 "-" "MobileSafari/604.1 CFNetwork/893.14.2 Darwin/17.3.0" 
197.232.29.94 - - [15/Jan/2018:09:08:40 -0800] "GET /wp-login.php HTTP/1.1" 404 295 "-" "Mozilla/5.0 (Windows NT 6.1; WOW64; rv:40.0) Gecko/20100101 Firefox/40.1" 
199.16.157.183 - - [15/Jan/2018:09:08:41 -0800] "GET /robots.txt HTTP/1.1" 200 233 "-" "Twitterbot/1.0" 
199.16.157.183 - - [15/Jan/2018:09:08:41 -0800] "GET / HTTP/1.1" 200 11005 "-" "Twitterbot/1.0" 
138.201.19.163 - - [15/Jan/2018:09:08:41 -0800] "HEAD / HTTP/1.1" 206 307 "-" "MetaURI API/2.0 +metauri.com" 
74.6.168.254 - - [15/Jan/2018:09:08:41 -0800] "GET /robots.txt HTTP/1.1" 301 462 "-" "Mozilla/5.0 (compatible; Yahoo! Slurp; http://help.yahoo.com/help/us/ysearch/slurp)" 
138.201.19.163 - - [15/Jan/2018:09:08:41 -0800] "GET / HTTP/1.1" 206 37427 "-" "MetaURI API/2.0 +metauri.com" 
74.6.168.254 - - [15/Jan/2018:09:08:41 -0800] "GET /robots.txt HTTP/1.1" 200 233 "-" "Mozilla/5.0 (compatible; Yahoo! Slurp; http://help.yahoo.com/help/us/ysearch/slurp)" 
17.142.159.143 - - [15/Jan/2018:09:08:41 -0800] "GET / HTTP/1.1" 301 483 "-" "Mozilla/5.0 (Macintosh; Intel Mac OS X 10_10_1) AppleWebKit/600.2.5 (KHTML, like Gecko) Version/8.0.2 Safari/600.2.5 (Applebot/0.1; +http://www.apple.com/go/applebot)" 
74.6.168.254 - - [15/Jan/2018:09:08:42 -0800] "HEAD / HTTP/1.1" 301 234 "-" "Mozilla/5.0 (compatible; Yahoo! Slurp; http://help.yahoo.com/help/us/ysearch/slurp)" 
17.142.159.143 - - [15/Jan/2018:09:08:42 -0800] "GET / HTTP/1.1" 200 11061 "-" "Mozilla/5.0 (Macintosh; Intel Mac OS X 10_10_1) AppleWebKit/600.2.5 (KHTML, like Gecko) Version/8.0.2 Safari/600.2.5 (Applebot/0.1; +http://www.apple.com/go/applebot)" 
52.49.79.6 - - [15/Jan/2018:09:08:42 -0800] "HEAD / HTTP/1.1" 301 290 "-" "Mozilla/5.0 (Linux; Android 4.1; Galaxy Nexus Build/IMM76B) AppleWebKit/535.19 (KHTML, like Gecko) Chrome/18.0.1025.133 Mobile Safari/535.19 Luminator-ur/2.0" 
17.142.159.143 - - [15/Jan/2018:09:08:42 -0800] "GET / HTTP/1.1" 200 11060 "-" "Mozilla/5.0 (Macintosh; Intel Mac OS X 10_10_1) AppleWebKit/600.2.5 (KHTML, like Gecko) Version/8.0.2 Safari/600.2.5 (Applebot/0.1; +http://www.apple.com/go/applebot)" 
74.6.168.159 - - [15/Jan/2018:09:08:42 -0800] "GET /robots.txt HTTP/1.1" 200 233 "-" "Mozilla/5.0 (compatible; Yahoo! Slurp; http://help.yahoo.com/help/us/ysearch/slurp)" 
52.49.79.6 - - [15/Jan/2018:09:08:42 -0800] "HEAD / HTTP/1.1" 200 319 "-" "Mozilla/5.0 (Linux; Android 4.1; Galaxy Nexus Build/IMM76B) AppleWebKit/535.19 (KHTML, like Gecko) Chrome/18.0.1025.133 Mobile Safari/535.19 Luminator-ur/2.0" 
52.49.79.6 - - [15/Jan/2018:09:08:42 -0800] "HEAD / HTTP/1.1" 200 318 "-" "Mozilla/5.0 (Linux; Android 4.1; Galaxy Nexus Build/IMM76B) AppleWebKit/535.19 (KHTML, like Gecko) Chrome/18.0.1025.133 Mobile Safari/535.19 Luminator-ur/2.0" 
52.168.161.70 - - [15/Jan/2018:09:08:43 -0800] "HEAD / HTTP/1.1" 301 253 "https://www.google.com/" "Mozilla/5.0 (compatible; epicbot; +http://www.epictions.com/epicbot)" 
52.168.161.70 - - [15/Jan/2018:09:08:43 -0800] "HEAD / HTTP/1.1" 200 282 "https://www.google.com/" "Mozilla/5.0 (compatible; epicbot; +http://www.epictions.com/epicbot)" 
136.243.154.109 - - [15/Jan/2018:09:08:43 -0800] "HEAD / HTTP/1.1" 301 209 "-" "MetaURI API/2.0 +metauri.com" 
74.6.168.159 - - [15/Jan/2018:09:08:44 -0800] "HEAD / HTTP/1.1" 304 133 "-" "Mozilla/5.0 (compatible; Yahoo! Slurp; http://help.yahoo.com/help/us/ysearch/slurp)" 
136.243.154.109 - - [15/Jan/2018:09:08:44 -0800] "HEAD / HTTP/1.1" 206 307 "-" "MetaURI API/2.0 +metauri.com" 
136.243.154.109 - - [15/Jan/2018:09:08:44 -0800] "GET / HTTP/1.1" 206 37427 "-" "MetaURI API/2.0 +metauri.com" 
199.16.157.182 - - [15/Jan/2018:09:08:44 -0800] "GET / HTTP/1.1" 200 11005 "-" "Twitterbot/1.0" 
37.187.118.182 - - [15/Jan/2018:09:08:45 -0800] "GET / HTTP/1.1" 301 442 "-" "Mozilla/5.0 (iPhone; U; CPU iPhone OS 5_1_1 like Mac OS X; en) AppleWebKit/534.46.0 (KHTML, like Gecko) CriOS/19.0.1084.60 Mobile/9B206 Safari/7534.48.3" 
52.168.161.70 - - [15/Jan/2018:09:08:45 -0800] "HEAD / HTTP/1.1" 301 253 "https://www.google.com/" "Mozilla/5.0 (compatible; epicbot; +http://www.epictions.com/epicbot)" 
52.168.161.70 - - [15/Jan/2018:09:08:45 -0800] "HEAD / HTTP/1.1" 301 253 "https://www.google.com/" "Mozilla/5.0 (compatible; epicbot; +http://www.epictions.com/epicbot)" 
52.168.161.70 - - [15/Jan/2018:09:08:45 -0800] "HEAD / HTTP/1.1" 200 282 "https://www.google.com/" "Mozilla/5.0 (compatible; epicbot; +http://www.epictions.com/epicbot)" 
52.168.161.70 - - [15/Jan/2018:09:08:45 -0800] "HEAD / HTTP/1.1" 200 282 "https://www.google.com/" "Mozilla/5.0 (compatible; epicbot; +http://www.epictions.com/epicbot)" 
37.187.118.182 - - [15/Jan/2018:09:08:45 -0800] "GET / HTTP/1.1" 200 37359 "-" "Mozilla/5.0 (iPhone; U; CPU iPhone OS 5_1_1 like Mac OS X; en) AppleWebKit/534.46.0 (KHTML, like Gecko) CriOS/19.0.1084.60 Mobile/9B206 Safari/7534.48.3" 
192.99.1.152 - - [15/Jan/2018:09:08:45 -0800] "GET / HTTP/1.1" 301 446 "http://SecRepo.com" "LivelapBot/0.2 (http://site.livelap.com/crawler)" 
192.99.1.152 - - [15/Jan/2018:09:08:45 -0800] "GET / HTTP/1.1" 200 11024 "http://www.secrepo.com/" "LivelapBot/0.2 (http://site.livelap.com/crawler)" 
192.99.1.152 - - [15/Jan/2018:09:08:45 -0800] "GET / HTTP/1.1" 200 11024 "http://secrepo.com/" "LivelapBot/0.2 (http://site.livelap.com/crawler)" 
197.232.29.94 - - [15/Jan/2018:09:08:46 -0800] "GET /wp-login.php HTTP/1.1" 404 295 "-" "Mozilla/5.0 (Windows NT 6.1; WOW64; rv:40.0) Gecko/20100101 Firefox/40.1" 
23.96.208.137 - - [15/Jan/2018:09:08:50 -0800] "GET / HTTP/1.1" 301 483 "-" "Mozilla/5.0 (compatible; MSIE 10.0; Windows NT 6.1; Trident/6.0)" 
184.72.239.155 - - [15/Jan/2018:09:08:50 -0800] "GET / HTTP/1.1" 301 498 "-" "SMRF URL Expander" 
23.96.208.137 - - [15/Jan/2018:09:08:50 -0800] "GET / HTTP/1.1" 200 11061 "-" "Mozilla/5.0 (compatible; MSIE 10.0; Windows NT 6.1; Trident/6.0)" 
23.96.208.137 - - [15/Jan/2018:09:08:51 -0800] "GET / HTTP/1.1" 200 11005 "-" "Mozilla/5.0 (compatible; MSIE 10.0; Windows NT 6.1; Trident/6.0)" 
197.232.29.94 - - [15/Jan/2018:09:08:51 -0800] "GET / HTTP/1.1" 200 37415 "-" "Mozilla/5.0 (Windows NT 6.1; WOW64; rv:40.0) Gecko/20100101 Firefox/40.1" 
123.125.67.225 - - [15/Jan/2018:09:08:59 -0800] "GET /robots.txt HTTP/1.1" 200 297 "-" "Mozilla/5.0 (Windows NT 10.0; WOW64) AppleWebKit/537.36 (KHTML, like Gecko) Chrome/45.0.2454.93 Safari/537.36" 
157.55.39.43 - - [15/Jan/2018:09:09:37 -0800] "GET /self.logs/error.log.2016-08-10.gz HTTP/1.1" 404 340 "-" "Mozilla/5.0 (compatible; bingbot/2.0; +http://www.bing.com/bingbot.htm)" 
157.55.39.43 - - [15/Jan/2018:09:09:47 -0800] "GET /self.logs/access.log.2015-11-24.gz HTTP/1.1" 404 340 "-" "Mozilla/5.0 (compatible; bingbot/2.0; +http://www.bing.com/bingbot.htm)" 
54.36.149.185 - - [15/Jan/2018:09:09:56 -0800] "GET / HTTP/1.1" 200 11005 "-" "Mozilla/5.0 (compatible; AhrefsBot/5.2; News; +http://ahrefs.com/robot/)" 
54.36.149.175 - - [15/Jan/2018:09:09:57 -0800] "GET / HTTP/1.1" 200 11005 "-" "Mozilla/5.0 (compatible; AhrefsBot/5.2; News; +http://ahrefs.com/robot/)" 
69.63.188.220 - - [15/Jan/2018:09:11:33 -0800] "GET /GitHub-Mark.png HTTP/1.1" 200 7428 "-" "facebookexternalhit/1.1 (+http://www.facebook.com/externalhit_uatext.php)" 
157.55.39.85 - - [15/Jan/2018:09:11:38 -0800] "GET /self.logs/access.log.2015-10-24.gz HTTP/1.1" 404 340 "-" "Mozilla/5.0 (compatible; bingbot/2.0; +http://www.bing.com/bingbot.htm)" 
204.236.210.97 - - [15/Jan/2018:09:13:30 -0800] "HEAD / HTTP/1.1" 301 190 "-" "curl/7.47.1" 
204.236.210.97 - - [15/Jan/2018:09:13:30 -0800] "HEAD / HTTP/1.1" 200 239 "-" "curl/7.47.1" 
204.236.210.97 - - [15/Jan/2018:09:13:30 -0800] "HEAD / HTTP/1.1" 200 239 "http://secrepo.com/" "curl/7.47.1" 
157.55.39.39 - - [15/Jan/2018:09:14:06 -0800] "GET /self.logs/error.log.2017-05-07.gz HTTP/1.1" 200 999 "-" "Mozilla/5.0 (compatible; bingbot/2.0; +http://www.bing.com/bingbot.htm)" 
157.55.39.43 - - [15/Jan/2018:09:15:08 -0800] "GET /self.logs/error.log.2016-01-25.gz HTTP/1.1" 404 340 "-" "Mozilla/5.0 (compatible; bingbot/2.0; +http://www.bing.com/bingbot.htm)" 
204.236.210.97 - - [15/Jan/2018:09:15:27 -0800] "HEAD / HTTP/1.1" 200 239 "-" "curl/7.47.1" 
181.165.31.38 - - [15/Jan/2018:09:15:37 -0800] "GET /wp-login.php HTTP/1.1" 404 295 "-" "Mozilla/5.0 (Windows NT 6.1; WOW64; rv:40.0) Gecko/20100101 Firefox/40.1" 
181.165.31.38 - - [15/Jan/2018:09:15:42 -0800] "GET /wp-login.php HTTP/1.1" 404 295 "-" "Mozilla/5.0 (Windows NT 6.1; WOW64; rv:40.0) Gecko/20100101 Firefox/40.1" 
181.165.31.38 - - [15/Jan/2018:09:15:48 -0800] "GET / HTTP/1.1" 200 37415 "-" "Mozilla/5.0 (Windows NT 6.1; WOW64; rv:40.0) Gecko/20100101 Firefox/40.1" 
40.77.167.73 - - [15/Jan/2018:09:16:10 -0800] "GET /self.logs/error.log.2015-11-11.gz HTTP/1.1" 404 340 "-" "Mozilla/5.0 (compatible; bingbot/2.0; +http://www.bing.com/bingbot.htm)" 
34.224.87.99 - - [15/Jan/2018:09:16:18 -0800] "GET / HTTP/1.1" 200 11005 "-" "Mozilla/5.0 (Macintosh; Intel Mac OS X 10.11; rv:49.0) Gecko/20100101 Firefox/49.0 (FlipboardProxy/1.2; +http://flipboard.com/browserproxy)" 
34.224.87.99 - - [15/Jan/2018:09:16:18 -0800] "GET / HTTP/1.1" 301 427 "-" "Mozilla/5.0 (Macintosh; Intel Mac OS X 10.11; rv:49.0) Gecko/20100101 Firefox/49.0 (FlipboardProxy/1.2; +http://flipboard.com/browserproxy)" 
34.224.87.99 - - [15/Jan/2018:09:16:18 -0800] "GET / HTTP/1.1" 200 11005 "-" "Mozilla/5.0 (Macintosh; Intel Mac OS X 10.11; rv:49.0) Gecko/20100101 Firefox/49.0 (FlipboardProxy/1.2; +http://flipboard.com/browserproxy)" 
40.77.167.73 - - [15/Jan/2018:09:16:25 -0800] "GET /self.logs/access.log.2016-08-10.gz HTTP/1.1" 404 340 "-" "Mozilla/5.0 (compatible; bingbot/2.0; +http://www.bing.com/bingbot.htm)" 
144.76.22.46 - - [15/Jan/2018:09:17:45 -0800] "GET /robots.txt HTTP/1.1" 200 297 "-" "Mozilla/5.0 (X11; U; Linux i686; en-CA; rv:1.8.0.10) Gecko/20070223 Fedora/1.5.0.10-1.fc5 Firefox/1.5.0.10" 
144.76.22.46 - - [15/Jan/2018:09:17:45 -0800] "GET / HTTP/1.1" 200 11024 "-" "Mozilla/5.0 (X11; U; Linux i686; en-CA; rv:1.8.0.10) Gecko/20070223 Fedora/1.5.0.10-1.fc5 Firefox/1.5.0.10" 
144.76.22.208 - - [15/Jan/2018:09:17:45 -0800] "GET /robots.txt HTTP/1.1" 301 465 "-" "Mozilla/5.0 (X11; U; Linux i686; fr-FR; rv:1.7.10) Gecko/20050716 Firefox/1.0.6" 
144.76.22.208 - - [15/Jan/2018:09:17:46 -0800] "GET / HTTP/1.1" 301 446 "-" "Mozilla/5.0 (X11; U; Linux i686; fr-FR; rv:1.7.10) Gecko/20050716 Firefox/1.0.6" 
144.76.22.208 - - [15/Jan/2018:09:17:46 -0800] "GET / HTTP/1.1" 200 11024 "http://secrepo.com/" "Mozilla/5.0 (X11; U; Linux i686; fr-FR; rv:1.7.10) Gecko/20050716 Firefox/1.0.6" 
79.180.25.135 - - [15/Jan/2018:09:18:39 -0800] "GET /wp-login.php HTTP/1.1" 301 522 "-" "Mozilla/5.0 (Windows NT 6.1; WOW64; rv:40.0) Gecko/20100101 Firefox/40.1" 
79.180.25.135 - - [15/Jan/2018:09:18:39 -0800] "GET /wp-login.php HTTP/1.1" 404 295 "-" "Mozilla/5.0 (Windows NT 6.1; WOW64; rv:40.0) Gecko/20100101 Firefox/40.1" 
46.63.207.221 - - [15/Jan/2018:09:18:41 -0800] "GET /wp-login.php HTTP/1.1" 404 295 "-" "Mozilla/5.0 (Windows NT 6.1; WOW64; rv:40.0) Gecko/20100101 Firefox/40.1" 
79.180.25.135 - - [15/Jan/2018:09:18:45 -0800] "GET /wp-login.php HTTP/1.1" 301 522 "-" "Mozilla/5.0 (Windows NT 6.1; WOW64; rv:40.0) Gecko/20100101 Firefox/40.1" 
79.180.25.135 - - [15/Jan/2018:09:18:45 -0800] "GET /wp-login.php HTTP/1.1" 404 295 "-" "Mozilla/5.0 (Windows NT 6.1; WOW64; rv:40.0) Gecko/20100101 Firefox/40.1" 
40.77.167.73 - - [15/Jan/2018:09:18:45 -0800] "GET /self.logs/error.log.2015-01-31.gz HTTP/1.1" 404 340 "-" "Mozilla/5.0 (compatible; bingbot/2.0; +http://www.bing.com/bingbot.htm)" 
46.63.207.221 - - [15/Jan/2018:09:18:46 -0800] "GET /wp-login.php HTTP/1.1" 404 295 "-" "Mozilla/5.0 (Windows NT 6.1; WOW64; rv:40.0) Gecko/20100101 Firefox/40.1" 
79.180.25.135 - - [15/Jan/2018:09:18:50 -0800] "GET / HTTP/1.1" 301 498 "-" "Mozilla/5.0 (Windows NT 6.1; WOW64; rv:40.0) Gecko/20100101 Firefox/40.1" 
79.180.25.135 - - [15/Jan/2018:09:18:51 -0800] "GET / HTTP/1.1" 200 37415 "-" "Mozilla/5.0 (Windows NT 6.1; WOW64; rv:40.0) Gecko/20100101 Firefox/40.1" 
46.63.207.221 - - [15/Jan/2018:09:18:52 -0800] "GET / HTTP/1.1" 200 37415 "-" "Mozilla/5.0 (Windows NT 6.1; WOW64; rv:40.0) Gecko/20100101 Firefox/40.1" 
46.63.207.221 - - [15/Jan/2018:09:19:36 -0800] "GET /wp-login.php HTTP/1.1" 301 522 "-" "Mozilla/5.0 (Windows NT 6.1; WOW64; rv:40.0) Gecko/20100101 Firefox/40.1" 
46.63.207.221 - - [15/Jan/2018:09:19:36 -0800] "GET /wp-login.php HTTP/1.1" 404 295 "-" "Mozilla/5.0 (Windows NT 6.1; WOW64; rv:40.0) Gecko/20100101 Firefox/40.1" 
46.63.207.221 - - [15/Jan/2018:09:19:42 -0800] "GET /wp-login.php HTTP/1.1" 301 522 "-" "Mozilla/5.0 (Windows NT 6.1; WOW64; rv:40.0) Gecko/20100101 Firefox/40.1" 
46.63.207.221 - - [15/Jan/2018:09:19:42 -0800] "GET /wp-login.php HTTP/1.1" 404 295 "-" "Mozilla/5.0 (Windows NT 6.1; WOW64; rv:40.0) Gecko/20100101 Firefox/40.1" 
46.63.207.221 - - [15/Jan/2018:09:19:47 -0800] "GET / HTTP/1.1" 301 498 "-" "Mozilla/5.0 (Windows NT 6.1; WOW64; rv:40.0) Gecko/20100101 Firefox/40.1" 
46.63.207.221 - - [15/Jan/2018:09:19:48 -0800] "GET / HTTP/1.1" 200 37415 "-" "Mozilla/5.0 (Windows NT 6.1; WOW64; rv:40.0) Gecko/20100101 Firefox/40.1" 
157.55.39.39 - - [15/Jan/2018:09:21:29 -0800] "GET /self.logs/error.log.2017-03-25.gz HTTP/1.1" 200 983 "-" "Mozilla/5.0 (compatible; bingbot/2.0; +http://www.bing.com/bingbot.htm)" 
62.245.139.10 - - [15/Jan/2018:09:21:42 -0800] "GET / HTTP/1.1" 200 11061 "https://t.co/tsybqOAgBB" "Mozilla/5.0 (Windows NT 10.0; Win64; x64) AppleWebKit/537.36 (KHTML, like Gecko) Chrome/62.0.3202.94 Safari/537.36" 
62.245.139.10 - - [15/Jan/2018:09:21:43 -0800] "GET /GitHub-Mark.png HTTP/1.1" 200 7428 "http://www.secrepo.com/" "Mozilla/5.0 (Windows NT 10.0; Win64; x64) AppleWebKit/537.36 (KHTML, like Gecko) Chrome/62.0.3202.94 Safari/537.36" 
62.245.139.10 - - [15/Jan/2018:09:21:43 -0800] "GET /twitter-icon.png HTTP/1.1" 200 27788 "http://www.secrepo.com/" "Mozilla/5.0 (Windows NT 10.0; Win64; x64) AppleWebKit/537.36 (KHTML, like Gecko) Chrome/62.0.3202.94 Safari/537.36" 
62.245.139.10 - - [15/Jan/2018:09:21:43 -0800] "GET /bootstrap/img/favicon.ico HTTP/1.1" 200 589 "http://www.secrepo.com/" "Mozilla/5.0 (Windows NT 10.0; Win64; x64) AppleWebKit/537.36 (KHTML, like Gecko) Chrome/62.0.3202.94 Safari/537.36" 
157.55.39.39 - - [15/Jan/2018:09:22:20 -0800] "GET /self.logs/access.log.2017-04-01.gz HTTP/1.1" 200 12040 "-" "Mozilla/5.0 (compatible; bingbot/2.0; +http://www.bing.com/bingbot.htm)" 
54.36.148.185 - - [15/Jan/2018:09:24:23 -0800] "GET /self.logs/2015/access.log.2015-08-25.gz HTTP/1.1" 200 6456 "-" "Mozilla/5.0 (compatible; AhrefsBot/5.2; +http://ahrefs.com/robot/)" 
112.134.3.3 - - [15/Jan/2018:09:26:56 -0800] "GET / HTTP/1.1" 200 11061 "https://www.google.com/" "Mozilla/5.0 (Windows NT 10.0; Win64; x64; rv:57.0) Gecko/20100101 Firefox/57.0" 
112.134.3.3 - - [15/Jan/2018:09:26:57 -0800] "GET /bootstrap/img/favicon.ico HTTP/1.1" 200 590 "-" "Mozilla/5.0 (Windows NT 10.0; Win64; x64; rv:57.0) Gecko/20100101 Firefox/57.0" 
112.134.3.3 - - [15/Jan/2018:09:26:57 -0800] "GET /twitter-icon.png HTTP/1.1" 200 27787 "http://www.secrepo.com/" "Mozilla/5.0 (Windows NT 10.0; Win64; x64; rv:57.0) Gecko/20100101 Firefox/57.0" 
112.134.3.3 - - [15/Jan/2018:09:26:58 -0800] "GET /GitHub-Mark.png HTTP/1.1" 200 7428 "http://www.secrepo.com/" "Mozilla/5.0 (Windows NT 10.0; Win64; x64; rv:57.0) Gecko/20100101 Firefox/57.0" 
112.134.3.3 - - [15/Jan/2018:09:28:21 -0800] "GET /maccdc2012/maccdc2012_full_alert.7z HTTP/1.1" 200 13888000 "http://www.secrepo.com/" "Mozilla/5.0 (Windows NT 10.0; Win64; x64; rv:57.0) Gecko/20100101 Firefox/57.0" 
112.134.3.3 - - [15/Jan/2018:09:28:47 -0800] "GET /tg/tg_snort_full.7z HTTP/1.1" 200 8847794 "http://www.secrepo.com/" "Mozilla/5.0 (Windows NT 10.0; Win64; x64; rv:57.0) Gecko/20100101 Firefox/57.0" 
112.134.3.3 - - [15/Jan/2018:09:30:18 -0800] "GET /maccdc2012/signatures.log.gz HTTP/1.1" 200 605 "http://www.secrepo.com/" "Mozilla/5.0 (Windows NT 10.0; Win64; x64; rv:57.0) Gecko/20100101 Firefox/57.0" 
162.242.144.71 - - [15/Jan/2018:09:30:55 -0800] "GET /robots.txt HTTP/1.1" 301 446 "-" "Tornado-Async-Client" 
162.242.144.71 - - [15/Jan/2018:09:30:56 -0800] "GET /robots.txt HTTP/1.1" 304 130 "-" "Tornado-Async-Client" 
162.242.144.71 - - [15/Jan/2018:09:30:56 -0800] "GET /honeypot/BSidesDFW%20-%202014.ipynb HTTP/1.1" 301 484 "-" "Tornado-Async-Client" 
162.242.144.71 - - [15/Jan/2018:09:30:56 -0800] "GET /honeypot/BSidesDFW%20-%202014.ipynb HTTP/1.1" 200 930780 "-" "Tornado-Async-Client" 
68.180.228.98 - - [15/Jan/2018:09:31:59 -0800] "GET /robots.txt HTTP/1.1" 200 233 "-" "Mozilla/5.0 (compatible; Yahoo! Slurp; http://help.yahoo.com/help/us/ysearch/slurp)" 
68.180.228.98 - - [15/Jan/2018:09:31:59 -0800] "GET /data HTTP/1.1" 404 284 "-" "Mozilla/5.0 (compatible; Yahoo! Slurp; http://help.yahoo.com/help/us/ysearch/slurp)" 
68.180.230.88 - - [15/Jan/2018:09:33:15 -0800] "GET /robots.txt HTTP/1.1" 301 462 "-" "Mozilla/5.0 (compatible; Yahoo! Slurp; http://help.yahoo.com/help/us/ysearch/slurp)" 
68.180.230.88 - - [15/Jan/2018:09:33:15 -0800] "GET /robots.txt HTTP/1.1" 200 233 "-" "Mozilla/5.0 (compatible; Yahoo! Slurp; http://help.yahoo.com/help/us/ysearch/slurp)" 
68.180.230.88 - - [15/Jan/2018:09:33:15 -0800] "GET / HTTP/1.1" 301 427 "-" "Mozilla/5.0 (compatible; Yahoo! Slurp; http://help.yahoo.com/help/us/ysearch/slurp)" 
68.180.228.98 - - [15/Jan/2018:09:33:16 -0800] "GET / HTTP/1.1" 304 133 "-" "Mozilla/5.0 (compatible; Yahoo! Slurp; http://help.yahoo.com/help/us/ysearch/slurp)" 
157.55.39.43 - - [15/Jan/2018:09:36:27 -0800] "GET /self.logs/access.log.2015-12-26.gz HTTP/1.1" 404 340 "-" "Mozilla/5.0 (compatible; bingbot/2.0; +http://www.bing.com/bingbot.htm)" 
96.255.229.96 - - [15/Jan/2018:09:38:47 -0800] "GET / HTTP/1.1" 200 11061 "-" "Mozilla/5.0 (Windows NT 10.0; WOW64; Trident/7.0; Touch; USPortal; rv:11.0) like Gecko" 
96.255.229.96 - - [15/Jan/2018:09:38:47 -0800] "GET /twitter-icon.png HTTP/1.1" 200 27787 "http://www.secrepo.com/" "Mozilla/5.0 (Windows NT 10.0; WOW64; Trident/7.0; Touch; USPortal; rv:11.0) like Gecko" 
96.255.229.96 - - [15/Jan/2018:09:38:47 -0800] "GET /GitHub-Mark.png HTTP/1.1" 200 7428 "http://www.secrepo.com/" "Mozilla/5.0 (Windows NT 10.0; WOW64; Trident/7.0; Touch; USPortal; rv:11.0) like Gecko" 
96.255.229.96 - - [15/Jan/2018:09:38:48 -0800] "GET /bootstrap/img/favicon.ico HTTP/1.1" 200 590 "-" "Mozilla/5.0 (Windows NT 10.0; Win64; x64; Trident/7.0; Touch; USPortal; rv:11.0) like Gecko" 
54.36.148.48 - - [15/Jan/2018:09:40:36 -0800] "GET /self.logs/access.log.2015-05-30.gz HTTP/1.1" 404 284 "-" "Mozilla/5.0 (compatible; AhrefsBot/5.2; +http://ahrefs.com/robot/)" 
66.220.146.224 - - [15/Jan/2018:09:44:36 -0800] "GET /GitHub-Mark.png HTTP/1.1" 200 7428 "-" "facebookexternalhit/1.1 (+http://www.facebook.com/externalhit_uatext.php)" 
187.102.162.174 - - [15/Jan/2018:09:46:28 -0800] "GET / HTTP/1.1" 200 11061 "-" "Mozilla/5.0 (Windows NT 10.0; Win64; x64) AppleWebKit/537.36 (KHTML, like Gecko) Chrome/63.0.3239.132 Safari/537.36 OPR/50.0.2762.58" 
187.102.162.174 - - [15/Jan/2018:09:46:28 -0800] "GET /twitter-icon.png HTTP/1.1" 200 27787 "http://www.secrepo.com/" "Mozilla/5.0 (Windows NT 10.0; Win64; x64) AppleWebKit/537.36 (KHTML, like Gecko) Chrome/63.0.3239.132 Safari/537.36 OPR/50.0.2762.58" 
187.102.162.174 - - [15/Jan/2018:09:46:28 -0800] "GET /GitHub-Mark.png HTTP/1.1" 200 7428 "http://www.secrepo.com/" "Mozilla/5.0 (Windows NT 10.0; Win64; x64) AppleWebKit/537.36 (KHTML, like Gecko) Chrome/63.0.3239.132 Safari/537.36 OPR/50.0.2762.58" 
187.102.162.174 - - [15/Jan/2018:09:46:30 -0800] "GET /bootstrap/img/favicon.ico HTTP/1.1" 200 589 "http://www.secrepo.com/" "Mozilla/5.0 (Windows NT 10.0; Win64; x64) AppleWebKit/537.36 (KHTML, like Gecko) Chrome/63.0.3239.132 Safari/537.36 OPR/50.0.2762.58" 
111.193.206.7 - - [15/Jan/2018:09:47:50 -0800] "GET / HTTP/1.1" 200 11061 "-" "Mozilla/5.0 (Macintosh; Intel Mac OS X 10_13_2) AppleWebKit/537.36 (KHTML, like Gecko) Chrome/63.0.3239.132 Safari/537.36" 
111.193.206.7 - - [15/Jan/2018:09:47:51 -0800] "GET /twitter-icon.png HTTP/1.1" 200 27787 "http://www.secrepo.com/" "Mozilla/5.0 (Macintosh; Intel Mac OS X 10_13_2) AppleWebKit/537.36 (KHTML, like Gecko) Chrome/63.0.3239.132 Safari/537.36" 
111.193.206.7 - - [15/Jan/2018:09:47:51 -0800] "GET /GitHub-Mark.png HTTP/1.1" 200 7428 "http://www.secrepo.com/" "Mozilla/5.0 (Macintosh; Intel Mac OS X 10_13_2) AppleWebKit/537.36 (KHTML, like Gecko) Chrome/63.0.3239.132 Safari/537.36" 
157.55.39.39 - - [15/Jan/2018:09:50:45 -0800] "GET /self.logs/access.log.2015-03-23.gz HTTP/1.1" 404 340 "-" "Mozilla/5.0 (compatible; bingbot/2.0; +http://www.bing.com/bingbot.htm)" 
66.220.151.241 - - [15/Jan/2018:09:52:04 -0800] "GET /GitHub-Mark.png HTTP/1.1" 200 7428 "-" "facebookexternalhit/1.1 (+http://www.facebook.com/externalhit_uatext.php)" 
201.4.181.253 - - [15/Jan/2018:09:52:36 -0800] "GET /wp-login.php HTTP/1.1" 404 295 "-" "Mozilla/5.0 (Windows NT 6.1; WOW64; rv:40.0) Gecko/20100101 Firefox/40.1" 
201.4.181.253 - - [15/Jan/2018:09:52:46 -0800] "GET /wp-login.php HTTP/1.1" 404 295 "-" "Mozilla/5.0 (Windows NT 6.1; WOW64; rv:40.0) Gecko/20100101 Firefox/40.1" 
201.4.181.253 - - [15/Jan/2018:09:52:52 -0800] "GET / HTTP/1.1" 200 37415 "-" "Mozilla/5.0 (Windows NT 6.1; WOW64; rv:40.0) Gecko/20100101 Firefox/40.1" 
41.104.96.81 - - [15/Jan/2018:09:55:15 -0800] "GET /wp-login.php HTTP/1.1" 404 295 "-" "Mozilla/5.0 (Windows NT 6.1; WOW64; rv:40.0) Gecko/20100101 Firefox/40.1" 
52.168.161.70 - - [15/Jan/2018:09:56:50 -0800] "HEAD / HTTP/1.1" 301 253 "https://www.google.com/" "Mozilla/5.0 (compatible; epicbot; +http://www.epictions.com/epicbot)" 
52.168.161.70 - - [15/Jan/2018:09:56:50 -0800] "HEAD / HTTP/1.1" 301 253 "https://www.google.com/" "Mozilla/5.0 (compatible; epicbot; +http://www.epictions.com/epicbot)" 
52.168.161.70 - - [15/Jan/2018:09:56:50 -0800] "HEAD / HTTP/1.1" 301 253 "https://www.google.com/" "Mozilla/5.0 (compatible; epicbot; +http://www.epictions.com/epicbot)" 
52.168.161.70 - - [15/Jan/2018:09:56:50 -0800] "HEAD / HTTP/1.1" 301 253 "https://www.google.com/" "Mozilla/5.0 (compatible; epicbot; +http://www.epictions.com/epicbot)" 
52.168.161.70 - - [15/Jan/2018:09:56:50 -0800] "HEAD / HTTP/1.1" 301 253 "https://www.google.com/" "Mozilla/5.0 (compatible; epicbot; +http://www.epictions.com/epicbot)" 
