216.244.66.245 - - [06/Oct/2018:02:06:59 -0700] "GET /robots.txt HTTP/1.1" 200 233 "-" "Mozilla/5.0 (compatible; DotBot/1.1; http://www.opensiteexplorer.org/dotbot, help@moz.com)" 
41.223.160.173 - - [06/Oct/2018:02:08:37 -0700] "GET /tg/tg_snort_fast.7z HTTP/1.1" 304 131 "-" "Mozilla/5.0 Gecko/20100115 Firefox/3.6" 
83.84.31.195 - - [06/Oct/2018:02:11:40 -0700] "GET / HTTP/1.1" 200 12383 "-" "Mozilla/5.0 (Windows NT 10.0; Win64; x64) AppleWebKit/537.36 (KHTML, like Gecko) Chrome/69.0.3497.100 Safari/537.36" 
83.84.31.195 - - [06/Oct/2018:02:11:41 -0700] "GET /twitter-icon.png HTTP/1.1" 200 27787 "http://www.secrepo.com/" "Mozilla/5.0 (Windows NT 10.0; Win64; x64) AppleWebKit/537.36 (KHTML, like Gecko) Chrome/69.0.3497.100 Safari/537.36" 
83.84.31.195 - - [06/Oct/2018:02:11:41 -0700] "GET /GitHub-Mark.png HTTP/1.1" 200 7428 "http://www.secrepo.com/" "Mozilla/5.0 (Windows NT 10.0; Win64; x64) AppleWebKit/537.36 (KHTML, like Gecko) Chrome/69.0.3497.100 Safari/537.36" 
41.223.160.173 - - [06/Oct/2018:02:12:37 -0700] "GET /maccdc2012/dns.log.gz HTTP/1.1" 304 154 "-" "Mozilla/5.0 Gecko/20100115 Firefox/3.6" 
52.14.175.39 - - [06/Oct/2018:02:14:38 -0700] "GET / HTTP/1.1" 200 12383 "-" "Mozilla/5.0 (X11; Linux x86_64) Gecko/20100101 Chrome/67.0.3396.79 Safari/537.36" 
216.244.66.245 - - [06/Oct/2018:02:22:41 -0700] "GET /self.logs/access.log.2017-02-22.gz HTTP/1.1" 200 24245 "-" "Mozilla/5.0 (compatible; DotBot/1.1; http://www.opensiteexplorer.org/dotbot, help@moz.com)" 
216.244.66.245 - - [06/Oct/2018:02:22:42 -0700] "GET /self.logs/access.log.2017-02-27.gz HTTP/1.1" 200 37642 "-" "Mozilla/5.0 (compatible; DotBot/1.1; http://www.opensiteexplorer.org/dotbot, help@moz.com)" 
216.244.66.245 - - [06/Oct/2018:02:22:44 -0700] "GET /self.logs/access.log.2017-06-26.gz HTTP/1.1" 200 47526 "-" "Mozilla/5.0 (compatible; DotBot/1.1; http://www.opensiteexplorer.org/dotbot, help@moz.com)" 
216.244.66.245 - - [06/Oct/2018:02:22:45 -0700] "GET /self.logs/access.log.2017-07-13.gz HTTP/1.1" 200 23026 "-" "Mozilla/5.0 (compatible; DotBot/1.1; http://www.opensiteexplorer.org/dotbot, help@moz.com)" 
216.244.66.245 - - [06/Oct/2018:02:22:47 -0700] "GET /self.logs/error.log.2017-01-29.gz HTTP/1.1" 200 851 "-" "Mozilla/5.0 (compatible; DotBot/1.1; http://www.opensiteexplorer.org/dotbot, help@moz.com)" 
216.244.66.245 - - [06/Oct/2018:02:22:48 -0700] "GET /self.logs/error.log.2017-02-01.gz HTTP/1.1" 200 763 "-" "Mozilla/5.0 (compatible; DotBot/1.1; http://www.opensiteexplorer.org/dotbot, help@moz.com)" 
216.244.66.245 - - [06/Oct/2018:02:22:49 -0700] "GET /self.logs/error.log.2017-04-16.gz HTTP/1.1" 200 725 "-" "Mozilla/5.0 (compatible; DotBot/1.1; http://www.opensiteexplorer.org/dotbot, help@moz.com)" 
216.244.66.245 - - [06/Oct/2018:02:22:51 -0700] "GET /self.logs/error.log.2017-07-10.gz HTTP/1.1" 200 568 "-" "Mozilla/5.0 (compatible; DotBot/1.1; http://www.opensiteexplorer.org/dotbot, help@moz.com)" 
216.244.66.245 - - [06/Oct/2018:02:22:52 -0700] "GET /self.logs/error.log.2017-09-14.gz HTTP/1.1" 200 1805 "-" "Mozilla/5.0 (compatible; DotBot/1.1; http://www.opensiteexplorer.org/dotbot, help@moz.com)" 
122.178.226.192 - - [06/Oct/2018:02:27:02 -0700] "GET / HTTP/1.1" 200 12383 "-" "Mozilla/5.0 (iPhone; CPU iPhone OS 12_0 like Mac OS X) AppleWebKit/605.1.15 (KHTML, like Gecko) Version/12.0 Mobile/15E148 Safari/604.1" 
122.178.226.192 - - [06/Oct/2018:02:27:03 -0700] "GET /apple-touch-icon-120x120-precomposed.png HTTP/1.1" 404 340 "-" "MobileSafari/604.1 CFNetwork/974.2.1 Darwin/18.0.0" 
122.178.226.192 - - [06/Oct/2018:02:27:03 -0700] "GET /apple-touch-icon-120x120.png HTTP/1.1" 404 339 "-" "MobileSafari/604.1 CFNetwork/974.2.1 Darwin/18.0.0" 
122.178.226.192 - - [06/Oct/2018:02:27:03 -0700] "GET /apple-touch-icon-precomposed.png HTTP/1.1" 404 339 "-" "MobileSafari/604.1 CFNetwork/974.2.1 Darwin/18.0.0" 
122.178.226.192 - - [06/Oct/2018:02:27:04 -0700] "GET /apple-touch-icon.png HTTP/1.1" 404 339 "-" "MobileSafari/604.1 CFNetwork/974.2.1 Darwin/18.0.0" 
122.178.226.192 - - [06/Oct/2018:02:27:04 -0700] "GET /bootstrap/img/favicon.ico HTTP/1.1" 200 589 "-" "MobileSafari/604.1 CFNetwork/974.2.1 Darwin/18.0.0" 
18.221.232.130 - - [06/Oct/2018:02:30:47 -0700] "GET / HTTP/1.1" 200 12383 "-" "Mozilla/5.0 (Macintosh; Intel Mac OS X x.y; rv:42.0) Trident/5.0 Safari/602.1" 
83.84.31.195 - - [06/Oct/2018:02:35:15 -0700] "GET / HTTP/1.1" 304 189 "-" "Mozilla/5.0 (Windows NT 10.0; Win64; x64) AppleWebKit/537.36 (KHTML, like Gecko) Chrome/69.0.3497.100 Safari/537.36" 
216.244.66.245 - - [06/Oct/2018:02:35:23 -0700] "GET /self.logs/access.log.2015-08-16.gz HTTP/1.1" 404 239 "-" "Mozilla/5.0 (compatible; DotBot/1.1; http://www.opensiteexplorer.org/dotbot, help@moz.com)" 
216.244.66.245 - - [06/Oct/2018:02:35:24 -0700] "GET /self.logs/access.log.2015-11-20.gz HTTP/1.1" 404 239 "-" "Mozilla/5.0 (compatible; DotBot/1.1; http://www.opensiteexplorer.org/dotbot, help@moz.com)" 
216.244.66.245 - - [06/Oct/2018:02:35:25 -0700] "GET /self.logs/access.log.2015-11-26.gz HTTP/1.1" 404 239 "-" "Mozilla/5.0 (compatible; DotBot/1.1; http://www.opensiteexplorer.org/dotbot, help@moz.com)" 
216.244.66.245 - - [06/Oct/2018:02:35:26 -0700] "GET /self.logs/access.log.2016-04-30.gz HTTP/1.1" 404 239 "-" "Mozilla/5.0 (compatible; DotBot/1.1; http://www.opensiteexplorer.org/dotbot, help@moz.com)" 
216.244.66.245 - - [06/Oct/2018:02:35:27 -0700] "GET /self.logs/access.log.2016-10-19.gz HTTP/1.1" 404 239 "-" "Mozilla/5.0 (compatible; DotBot/1.1; http://www.opensiteexplorer.org/dotbot, help@moz.com)" 
216.244.66.245 - - [06/Oct/2018:02:35:28 -0700] "GET /self.logs/access.log.2016-11-20.gz HTTP/1.1" 404 239 "-" "Mozilla/5.0 (compatible; DotBot/1.1; http://www.opensiteexplorer.org/dotbot, help@moz.com)" 
216.244.66.245 - - [06/Oct/2018:02:35:29 -0700] "GET /self.logs/access.log.2016-12-05.gz HTTP/1.1" 404 239 "-" "Mozilla/5.0 (compatible; DotBot/1.1; http://www.opensiteexplorer.org/dotbot, help@moz.com)" 
216.244.66.245 - - [06/Oct/2018:02:35:30 -0700] "GET /self.logs/error.log.2015-03-24.gz HTTP/1.1" 404 239 "-" "Mozilla/5.0 (compatible; DotBot/1.1; http://www.opensiteexplorer.org/dotbot, help@moz.com)" 
216.244.66.245 - - [06/Oct/2018:02:35:30 -0700] "GET /self.logs/error.log.2015-10-15.gz HTTP/1.1" 404 239 "-" "Mozilla/5.0 (compatible; DotBot/1.1; http://www.opensiteexplorer.org/dotbot, help@moz.com)" 
216.244.66.245 - - [06/Oct/2018:02:35:31 -0700] "GET /self.logs/error.log.2015-10-30.gz HTTP/1.1" 404 239 "-" "Mozilla/5.0 (compatible; DotBot/1.1; http://www.opensiteexplorer.org/dotbot, help@moz.com)" 
216.244.66.245 - - [06/Oct/2018:02:35:32 -0700] "GET /self.logs/error.log.2016-09-08.gz HTTP/1.1" 404 239 "-" "Mozilla/5.0 (compatible; DotBot/1.1; http://www.opensiteexplorer.org/dotbot, help@moz.com)" 
216.244.66.245 - - [06/Oct/2018:02:35:33 -0700] "GET /self.logs/error.log.2016-09-17.gz HTTP/1.1" 404 239 "-" "Mozilla/5.0 (compatible; DotBot/1.1; http://www.opensiteexplorer.org/dotbot, help@moz.com)" 
216.244.66.245 - - [06/Oct/2018:02:35:34 -0700] "GET /self.logs/error.log.2016-11-04.gz HTTP/1.1" 404 239 "-" "Mozilla/5.0 (compatible; DotBot/1.1; http://www.opensiteexplorer.org/dotbot, help@moz.com)" 
113.171.224.176 - - [06/Oct/2018:02:39:52 -0700] "GET /honeypot/Honeypot%20-%20Howto.pdf HTTP/1.1" 200 46720 "-" "Mozilla/5.0 Gecko/20100115 Firefox/3.6" 
52.14.175.39 - - [06/Oct/2018:02:43:54 -0700] "GET / HTTP/1.1" 200 12383 "-" "Mozilla/5.0 (Macintosh; Intel Mac OS X x.y; rv:42.0) AppleWebKit/537.36 (KHTML, like Gecko) Chrome/51.0.2704.106 Safari/537.36 OPR/38.0.2220.41" 
46.229.168.149 - - [06/Oct/2018:02:49:06 -0700] "GET /robots.txt HTTP/1.1" 200 297 "-" "Mozilla/5.0 (compatible; SemrushBot/2~bl; +http://www.semrush.com/bot.html)" 
46.229.168.145 - - [06/Oct/2018:02:49:09 -0700] "GET / HTTP/1.1" 200 12346 "-" "Mozilla/5.0 (compatible; SemrushBot/2~bl; +http://www.semrush.com/bot.html)" 
216.244.66.245 - - [06/Oct/2018:02:49:49 -0700] "GET /robots.txt HTTP/1.1" 200 233 "-" "Mozilla/5.0 (compatible; DotBot/1.1; http://www.opensiteexplorer.org/dotbot, help@moz.com)" 
66.249.66.83 - - [06/Oct/2018:03:01:16 -0700] "GET /robots.txt HTTP/1.1" 200 334 "-" "Mozilla/5.0 (compatible; Googlebot/2.1; +http://www.google.com/bot.html)" 
66.249.66.84 - - [06/Oct/2018:03:01:16 -0700] "GET /honeypot/Honeypot%20-%20Howto%20-%20BSides%20Austin.pdf HTTP/1.1" 200 2928460 "-" "Mozilla/5.0 (Linux; Android 6.0.1; Nexus 5X Build/MMB29P) AppleWebKit/537.36 (KHTML, like Gecko) Chrome/41.0.2272.96 Mobile Safari/537.36 (compatible; Googlebot/2.1; +http://www.google.com/bot.html)" 
216.244.66.245 - - [06/Oct/2018:03:06:31 -0700] "GET /self.logs/access.log.2017-01-24.gz HTTP/1.1" 200 16947 "-" "Mozilla/5.0 (compatible; DotBot/1.1; http://www.opensiteexplorer.org/dotbot, help@moz.com)" 
216.244.66.245 - - [06/Oct/2018:03:06:33 -0700] "GET /self.logs/access.log.2017-03-18.gz HTTP/1.1" 200 10417 "-" "Mozilla/5.0 (compatible; DotBot/1.1; http://www.opensiteexplorer.org/dotbot, help@moz.com)" 
216.244.66.245 - - [06/Oct/2018:03:06:34 -0700] "GET /self.logs/access.log.2017-04-03.gz HTTP/1.1" 200 33722 "-" "Mozilla/5.0 (compatible; DotBot/1.1; http://www.opensiteexplorer.org/dotbot, help@moz.com)" 
216.244.66.245 - - [06/Oct/2018:03:06:36 -0700] "GET /self.logs/access.log.2017-10-07.gz HTTP/1.1" 200 26356 "-" "Mozilla/5.0 (compatible; DotBot/1.1; http://www.opensiteexplorer.org/dotbot, help@moz.com)" 
216.244.66.245 - - [06/Oct/2018:03:06:38 -0700] "GET /self.logs/error.log.2017-06-30.gz HTTP/1.1" 200 1142 "-" "Mozilla/5.0 (compatible; DotBot/1.1; http://www.opensiteexplorer.org/dotbot, help@moz.com)" 
216.244.66.245 - - [06/Oct/2018:03:06:39 -0700] "GET /self.logs/error.log.2017-08-18.gz HTTP/1.1" 200 750 "-" "Mozilla/5.0 (compatible; DotBot/1.1; http://www.opensiteexplorer.org/dotbot, help@moz.com)" 
122.15.156.73 - - [06/Oct/2018:03:09:11 -0700] "GET / HTTP/1.1" 304 189 "-" "Mozilla/4.0 (compatible;)" 
18.222.108.192 - - [06/Oct/2018:03:14:00 -0700] "GET / HTTP/1.1" 200 12383 "-" "Mozilla/5.0 (Macintosh; Intel Mac OS X x.y; rv:42.0) Gecko/20100101 Chrome/67.0.3396.79 Safari/537.36" 
216.244.66.245 - - [06/Oct/2018:03:22:20 -0700] "GET /self.logs/access.log.2015-03-29.gz HTTP/1.1" 404 239 "-" "Mozilla/5.0 (compatible; DotBot/1.1; http://www.opensiteexplorer.org/dotbot, help@moz.com)" 
216.244.66.245 - - [06/Oct/2018:03:22:21 -0700] "GET /self.logs/access.log.2016-06-16.gz HTTP/1.1" 404 239 "-" "Mozilla/5.0 (compatible; DotBot/1.1; http://www.opensiteexplorer.org/dotbot, help@moz.com)" 
216.244.66.245 - - [06/Oct/2018:03:22:23 -0700] "GET /self.logs/error.log.2015-01-20.gz HTTP/1.1" 404 239 "-" "Mozilla/5.0 (compatible; DotBot/1.1; http://www.opensiteexplorer.org/dotbot, help@moz.com)" 
216.244.66.245 - - [06/Oct/2018:03:22:24 -0700] "GET /self.logs/error.log.2015-06-03.gz HTTP/1.1" 404 239 "-" "Mozilla/5.0 (compatible; DotBot/1.1; http://www.opensiteexplorer.org/dotbot, help@moz.com)" 
216.244.66.245 - - [06/Oct/2018:03:22:25 -0700] "GET /self.logs/error.log.2016-02-10.gz HTTP/1.1" 404 239 "-" "Mozilla/5.0 (compatible; DotBot/1.1; http://www.opensiteexplorer.org/dotbot, help@moz.com)" 
216.244.66.245 - - [06/Oct/2018:03:22:26 -0700] "GET /self.logs/error.log.2016-08-14.gz HTTP/1.1" 404 239 "-" "Mozilla/5.0 (compatible; DotBot/1.1; http://www.opensiteexplorer.org/dotbot, help@moz.com)" 
49.147.17.189 - - [06/Oct/2018:03:23:08 -0700] "GET /wp-login.php HTTP/1.1" 418 732 "-" "Mozilla/5.0 (Windows NT 6.1; WOW64; rv:40.0) Gecko/20100101 Firefox/40.1" 
49.147.17.189 - - [06/Oct/2018:03:23:09 -0700] "GET / HTTP/1.1" 418 732 "-" "Mozilla/5.0 (Windows NT 6.1; WOW64; rv:40.0) Gecko/20100101 Firefox/40.1" 
13.58.201.75 - - [06/Oct/2018:03:28:05 -0700] "GET / HTTP/1.1" 200 12383 "-" "Mozilla/5.0 (Macintosh; Intel Mac OS X x.y; rv:42.0) Trident/5.0 Chrome/51.0.2704.106 Safari/537.36 OPR/38.0.2220.41" 
40.77.167.148 - - [06/Oct/2018:03:28:33 -0700] "GET / HTTP/1.1" 301 483 "-" "Mozilla/5.0 (compatible; bingbot/2.0; +http://www.bing.com/bingbot.htm)" 
14.200.1.171 - - [06/Oct/2018:03:29:54 -0700] "GET / HTTP/1.1" 200 12383 "-" "Mozilla/5.0 (Windows NT 6.3; WOW64) AppleWebKit/537.36 (KHTML, like Gecko) Chrome/68.0.3440.75 Safari/537.36" 
14.200.1.171 - - [06/Oct/2018:03:29:54 -0700] "GET /twitter-icon.png HTTP/1.1" 200 27787 "http://www.secrepo.com/" "Mozilla/5.0 (Windows NT 6.3; WOW64) AppleWebKit/537.36 (KHTML, like Gecko) Chrome/68.0.3440.75 Safari/537.36" 
14.200.1.171 - - [06/Oct/2018:03:29:54 -0700] "GET /GitHub-Mark.png HTTP/1.1" 200 7428 "http://www.secrepo.com/" "Mozilla/5.0 (Windows NT 6.3; WOW64) AppleWebKit/537.36 (KHTML, like Gecko) Chrome/68.0.3440.75 Safari/537.36" 
14.200.1.171 - - [06/Oct/2018:03:29:56 -0700] "GET /bootstrap/img/favicon.ico HTTP/1.1" 200 589 "http://www.secrepo.com/" "Mozilla/5.0 (Windows NT 6.3; WOW64) AppleWebKit/537.36 (KHTML, like Gecko) Chrome/68.0.3440.75 Safari/537.36" 
209.90.225.226 - - [06/Oct/2018:03:30:06 -0700] "GET /wp-content/themes/qualifire/style.css HTTP/1.1" 301 510 "http://secrepo.com/wp-content/themes/qualifire/style.css" "Mozilla/5.0 (Windows NT 6.1; WOW64) AppleWebKit/537.36 (KHTML, like Gecko) Chrome/42.0.2311.152 Safari/537.36" 
209.90.225.226 - - [06/Oct/2018:03:30:07 -0700] "GET /wp-content/themes/qualifire/style.css HTTP/1.1" 404 303 "http://secrepo.com/wp-content/themes/qualifire/style.css" "Mozilla/5.0 (Windows NT 6.1; WOW64) AppleWebKit/537.36 (KHTML, like Gecko) Chrome/42.0.2311.152 Safari/537.36" 
216.244.66.245 - - [06/Oct/2018:03:33:06 -0700] "GET /robots.txt HTTP/1.1" 200 233 "-" "Mozilla/5.0 (compatible; DotBot/1.1; http://www.opensiteexplorer.org/dotbot, help@moz.com)" 
68.225.196.33 - - [06/Oct/2018:03:36:35 -0700] "GET /bootstrap/img/favicon.ico HTTP/1.1" 200 590 "-" "Mozilla/5.0 (Windows NT 6.1; Win64; x64) AppleWebKit/537.36 (KHTML, like Gecko) Chrome/69.0.3497.100 Safari/537.36" 
162.210.196.97 - - [06/Oct/2018:03:36:45 -0700] "GET /robots.txt HTTP/1.1" 200 289 "-" "Mozilla/5.0 (compatible; MJ12bot/v1.4.8; http://mj12bot.com/)" 
162.210.196.97 - - [06/Oct/2018:03:36:47 -0700] "GET / HTTP/1.1" 200 46156 "-" "Mozilla/5.0 (compatible; MJ12bot/v1.4.8; http://mj12bot.com/)" 
40.77.167.148 - - [06/Oct/2018:03:39:07 -0700] "GET / HTTP/1.1" 200 12383 "-" "Mozilla/5.0 (compatible; bingbot/2.0; +http://www.bing.com/bingbot.htm)" 
93.160.60.32 - - [06/Oct/2018:03:44:18 -0700] "GET / HTTP/1.1" 200 46212 "-" "Mozilla/4.0 (compatible; MSIE 7.0; Windows NT 5.0) Match by Siteimprove.com" 
52.14.43.100 - - [06/Oct/2018:03:44:31 -0700] "GET / HTTP/1.1" 200 12383 "-" "Mozilla/5.0 (Windows NT 6.1; Win64; x64; rv:47.0) Trident/5.0 Chrome/67.0.3396.79 Safari/537.36" 
113.171.224.176 - - [06/Oct/2018:03:47:43 -0700] "GET /honeypot/Honeypot%20-%20Howto.pdf HTTP/1.1" 200 46720 "-" "Mozilla/5.0 Gecko/20100115 Firefox/3.6" 
216.244.66.245 - - [06/Oct/2018:03:48:58 -0700] "GET /self.logs/access.log.2017-04-11.gz HTTP/1.1" 200 32380 "-" "Mozilla/5.0 (compatible; DotBot/1.1; http://www.opensiteexplorer.org/dotbot, help@moz.com)" 
216.244.66.245 - - [06/Oct/2018:03:48:59 -0700] "GET /self.logs/access.log.2017-04-13.gz HTTP/1.1" 200 23005 "-" "Mozilla/5.0 (compatible; DotBot/1.1; http://www.opensiteexplorer.org/dotbot, help@moz.com)" 
216.244.66.245 - - [06/Oct/2018:03:49:01 -0700] "GET /self.logs/access.log.2017-06-10.gz HTTP/1.1" 200 19317 "-" "Mozilla/5.0 (compatible; DotBot/1.1; http://www.opensiteexplorer.org/dotbot, help@moz.com)" 
216.244.66.245 - - [06/Oct/2018:03:49:02 -0700] "GET /self.logs/error.log.2017-02-13.gz HTTP/1.1" 200 966 "-" "Mozilla/5.0 (compatible; DotBot/1.1; http://www.opensiteexplorer.org/dotbot, help@moz.com)" 
216.244.66.245 - - [06/Oct/2018:03:49:03 -0700] "GET /self.logs/error.log.2017-02-25.gz HTTP/1.1" 200 850 "-" "Mozilla/5.0 (compatible; DotBot/1.1; http://www.opensiteexplorer.org/dotbot, help@moz.com)" 
216.244.66.245 - - [06/Oct/2018:03:49:05 -0700] "GET /self.logs/error.log.2017-05-18.gz HTTP/1.1" 200 766 "-" "Mozilla/5.0 (compatible; DotBot/1.1; http://www.opensiteexplorer.org/dotbot, help@moz.com)" 
216.244.66.245 - - [06/Oct/2018:03:49:06 -0700] "GET /self.logs/error.log.2017-06-18.gz HTTP/1.1" 200 889 "-" "Mozilla/5.0 (compatible; DotBot/1.1; http://www.opensiteexplorer.org/dotbot, help@moz.com)" 
216.244.66.245 - - [06/Oct/2018:03:49:07 -0700] "GET /self.logs/error.log.2017-06-21.gz HTTP/1.1" 200 831 "-" "Mozilla/5.0 (compatible; DotBot/1.1; http://www.opensiteexplorer.org/dotbot, help@moz.com)" 
216.244.66.245 - - [06/Oct/2018:03:49:08 -0700] "GET /self.logs/error.log.2017-08-02.gz HTTP/1.1" 200 966 "-" "Mozilla/5.0 (compatible; DotBot/1.1; http://www.opensiteexplorer.org/dotbot, help@moz.com)" 
216.244.66.245 - - [06/Oct/2018:03:49:10 -0700] "GET /self.logs/error.log.2017-08-26.gz HTTP/1.1" 200 408 "-" "Mozilla/5.0 (compatible; DotBot/1.1; http://www.opensiteexplorer.org/dotbot, help@moz.com)" 
178.148.103.204 - - [06/Oct/2018:03:49:25 -0700] "GET /wp-login.php HTTP/1.1" 418 732 "-" "Mozilla/5.0 (Windows NT 6.1; WOW64; rv:40.0) Gecko/20100101 Firefox/40.1" 
178.148.103.204 - - [06/Oct/2018:03:49:25 -0700] "GET / HTTP/1.1" 418 732 "-" "Mozilla/5.0 (Windows NT 6.1; WOW64; rv:40.0) Gecko/20100101 Firefox/40.1" 
40.77.167.97 - - [06/Oct/2018:03:49:52 -0700] "GET /self.logs/ HTTP/1.1" 200 12511 "-" "Mozilla/5.0 (compatible; bingbot/2.0; +http://www.bing.com/bingbot.htm)" 
207.46.13.226 - - [06/Oct/2018:03:55:43 -0700] "GET /self.logs/error.log.2018-10-02.gz HTTP/1.1" 200 6871 "-" "Mozilla/5.0 (compatible; bingbot/2.0; +http://www.bing.com/bingbot.htm)" 
121.244.200.250 - - [06/Oct/2018:03:58:42 -0700] "GET /wp-login.php HTTP/1.1" 418 732 "-" "Mozilla/5.0 (Windows NT 6.1; WOW64; rv:40.0) Gecko/20100101 Firefox/40.1" 
121.244.200.250 - - [06/Oct/2018:03:58:43 -0700] "GET / HTTP/1.1" 418 732 "-" "Mozilla/5.0 (Windows NT 6.1; WOW64; rv:40.0) Gecko/20100101 Firefox/40.1" 
216.244.66.245 - - [06/Oct/2018:04:03:28 -0700] "GET /self.logs/access.log.2016-07-04.gz HTTP/1.1" 404 239 "-" "Mozilla/5.0 (compatible; DotBot/1.1; http://www.opensiteexplorer.org/dotbot, help@moz.com)" 
216.244.66.245 - - [06/Oct/2018:04:03:30 -0700] "GET /self.logs/error.log.2015-12-05.gz HTTP/1.1" 404 239 "-" "Mozilla/5.0 (compatible; DotBot/1.1; http://www.opensiteexplorer.org/dotbot, help@moz.com)" 
216.244.66.245 - - [06/Oct/2018:04:03:31 -0700] "GET /self.logs/error.log.2016-01-18.gz HTTP/1.1" 404 239 "-" "Mozilla/5.0 (compatible; DotBot/1.1; http://www.opensiteexplorer.org/dotbot, help@moz.com)" 
216.244.66.245 - - [06/Oct/2018:04:03:32 -0700] "GET /self.logs/error.log.2016-03-09.gz HTTP/1.1" 404 239 "-" "Mozilla/5.0 (compatible; DotBot/1.1; http://www.opensiteexplorer.org/dotbot, help@moz.com)" 
216.244.66.245 - - [06/Oct/2018:04:03:33 -0700] "GET /self.logs/error.log.2016-03-15.gz HTTP/1.1" 404 239 "-" "Mozilla/5.0 (compatible; DotBot/1.1; http://www.opensiteexplorer.org/dotbot, help@moz.com)" 
216.244.66.245 - - [06/Oct/2018:04:03:34 -0700] "GET /self.logs/error.log.2016-03-22.gz HTTP/1.1" 404 239 "-" "Mozilla/5.0 (compatible; DotBot/1.1; http://www.opensiteexplorer.org/dotbot, help@moz.com)" 
216.244.66.245 - - [06/Oct/2018:04:03:35 -0700] "GET /self.logs/error.log.2016-04-30.gz HTTP/1.1" 404 239 "-" "Mozilla/5.0 (compatible; DotBot/1.1; http://www.opensiteexplorer.org/dotbot, help@moz.com)" 
66.249.66.82 - - [06/Oct/2018:04:06:43 -0700] "GET / HTTP/1.1" 200 12383 "-" "Mozilla/5.0 (Linux; Android 6.0.1; Nexus 5X Build/MMB29P) AppleWebKit/537.36 (KHTML, like Gecko) Chrome/41.0.2272.96 Mobile Safari/537.36 (compatible; Googlebot/2.1; +http://www.google.com/bot.html)" 
103.91.180.72 - - [06/Oct/2018:04:11:35 -0700] "GET /wp-login.php HTTP/1.1" 418 732 "-" "Mozilla/5.0 (Windows NT 6.1; WOW64; rv:40.0) Gecko/20100101 Firefox/40.1" 
103.91.180.72 - - [06/Oct/2018:04:11:36 -0700] "GET / HTTP/1.1" 418 732 "-" "Mozilla/5.0 (Windows NT 6.1; WOW64; rv:40.0) Gecko/20100101 Firefox/40.1" 
180.163.220.68 - - [06/Oct/2018:04:13:46 -0700] "GET /self.logs/2015/ HTTP/1.1" 200 7437 "-" "Mozilla/5.0 (Windows NT 6.1) AppleWebKit/537.36 (KHTML, like Gecko) Chrome/36.0.1985.125 Safari/537.36" 
180.163.220.5 - - [06/Oct/2018:04:14:01 -0700] "GET / HTTP/1.1" 200 12383 "-" "Mozilla/5.0 (Windows NT 6.1) AppleWebKit/537.36 (KHTML, like Gecko) Chrome/36.0.1985.125 Safari/537.36" 
180.163.220.66 - - [06/Oct/2018:04:14:02 -0700] "GET /GitHub-Mark.png HTTP/1.1" 200 7428 "http://www.secrepo.com/" "Mozilla/5.0 (Windows NT 6.1; Win64; x64) AppleWebKit/537.36 (KHTML, like Gecko) Chrome/68.0.3427.1 Safari/537.36" 
180.163.220.5 - - [06/Oct/2018:04:14:02 -0700] "GET /twitter-icon.png HTTP/1.1" 200 27787 "http://www.secrepo.com/" "Mozilla/5.0 (Windows NT 6.1; Win64; x64) AppleWebKit/537.36 (KHTML, like Gecko) Chrome/68.0.3427.1 Safari/537.36" 
52.14.175.39 - - [06/Oct/2018:04:14:09 -0700] "GET / HTTP/1.1" 200 12383 "-" "Mozilla/5.0 (X11; Linux x86_64) Gecko/20100101 Chrome/67.0.3396.79 Safari/537.36" 
42.236.10.92 - - [06/Oct/2018:04:24:52 -0700] "GET / HTTP/1.1" 200 12383 "-" "Mozilla/5.0 (Linux; U; Android 5.0.2; zh-CN; Redmi Note 3 Build/LRX22G) AppleWebKit/537.36 (KHTML, like Gecko) Version/4.0 OPR/11.2.3.102637 Mobile Safari/537.36" 
42.236.10.75 - - [06/Oct/2018:04:24:52 -0700] "GET /GitHub-Mark.png HTTP/1.1" 200 7428 "http://www.secrepo.com/" "Mozilla/5.0 (Windows NT 6.1; Win64; x64) AppleWebKit/537.36 (KHTML, like Gecko) Chrome/68.0.3427.1 Safari/537.36" 
42.236.10.92 - - [06/Oct/2018:04:24:52 -0700] "GET /twitter-icon.png HTTP/1.1" 200 27787 "http://www.secrepo.com/" "Mozilla/5.0 (Windows NT 6.1; Win64; x64) AppleWebKit/537.36 (KHTML, like Gecko) Chrome/68.0.3427.1 Safari/537.36" 
18.221.45.138 - - [06/Oct/2018:04:28:09 -0700] "GET / HTTP/1.1" 200 12383 "-" "Mozilla/5.0 (Windows NT 6.1; Win64; x64; rv:47.0) Gecko/20100101 Chrome/51.0.2704.106 Safari/537.36 OPR/38.0.2220.41" 
36.248.247.253 - - [06/Oct/2018:04:30:35 -0700] "GET /favicon.ico HTTP/1.1" 200 268 "-" "Mozilla/5.0 (Windows NT 6.1; WOW64) AppleWebKit/537.36 (KHTML, like Gecko) Chrome/63.0.3239.132 Safari/537.36" 
61.125.194.164 - - [06/Oct/2018:04:43:45 -0700] "GET / HTTP/1.1" 200 12383 "-" "Mozilla/5.0 (Windows NT 10.0; Win64; x64) AppleWebKit/537.36 (KHTML, like Gecko) Chrome/69.0.3497.100 Safari/537.36" 
61.125.194.164 - - [06/Oct/2018:04:43:45 -0700] "GET /twitter-icon.png HTTP/1.1" 200 27787 "http://www.secrepo.com/" "Mozilla/5.0 (Windows NT 10.0; Win64; x64) AppleWebKit/537.36 (KHTML, like Gecko) Chrome/69.0.3497.100 Safari/537.36" 
61.125.194.164 - - [06/Oct/2018:04:43:45 -0700] "GET /GitHub-Mark.png HTTP/1.1" 200 7428 "http://www.secrepo.com/" "Mozilla/5.0 (Windows NT 10.0; Win64; x64) AppleWebKit/537.36 (KHTML, like Gecko) Chrome/69.0.3497.100 Safari/537.36" 
52.14.43.100 - - [06/Oct/2018:04:43:50 -0700] "GET / HTTP/1.1" 200 12383 "-" "Mozilla/5.0 (Macintosh; Intel Mac OS X x.y; rv:42.0) Trident/5.0 Safari/602.1" 
77.75.78.172 - - [06/Oct/2018:04:44:30 -0700] "GET /robots.txt HTTP/1.1" 200 334 "-" "Mozilla/5.0 (compatible; SeznamBot/3.2; +http://napoveda.seznam.cz/en/seznambot-intro/)" 
77.75.78.172 - - [06/Oct/2018:04:44:33 -0700] "GET /self.logs/error.log.2017-12-16.gz HTTP/1.1" 200 2033 "-" "Mozilla/5.0 (compatible; SeznamBot/3.2; +http://napoveda.seznam.cz/en/seznambot-intro/)" 
113.171.224.176 - - [06/Oct/2018:04:51:37 -0700] "GET /honeypot/Honeypot%20-%20Howto.pdf HTTP/1.1" 200 46720 "-" "Mozilla/5.0 Gecko/20100115 Firefox/3.6" 
27.214.135.127 - - [06/Oct/2018:05:07:52 -0700] "GET /favicon.ico HTTP/1.1" 200 268 "-" "Mozilla/5.0 (Windows NT 6.3; WOW64) AppleWebKit/537.36 (KHTML, like Gecko) Chrome/63.0.3239.132 Safari/537.36" 
40.77.167.97 - - [06/Oct/2018:05:09:15 -0700] "GET /Datasets%20Description/Network/files.html HTTP/1.1" 200 1426 "-" "Mozilla/5.0 (compatible; bingbot/2.0; +http://www.bing.com/bingbot.htm)" 
124.114.148.32 - - [06/Oct/2018:05:10:06 -0700] "GET /favicon.ico HTTP/1.1" 200 268 "-" "Mozilla/5.0 (Windows NT 10.0; WOW64) AppleWebKit/537.36 (KHTML, like Gecko) Chrome/49.0.2623.221 Safari/537.36 SE 2.X MetaSr 1.0" 
110.54.232.160 - - [06/Oct/2018:05:11:31 -0700] "GET /wp-login.php HTTP/1.1" 418 732 "-" "Mozilla/5.0 (Windows NT 6.1; WOW64; rv:40.0) Gecko/20100101 Firefox/40.1" 
110.54.232.160 - - [06/Oct/2018:05:11:31 -0700] "GET / HTTP/1.1" 418 732 "-" "Mozilla/5.0 (Windows NT 6.1; WOW64; rv:40.0) Gecko/20100101 Firefox/40.1" 
41.223.160.173 - - [06/Oct/2018:05:12:09 -0700] "GET /tg/tg_snort_fast.7z HTTP/1.1" 304 131 "-" "Mozilla/5.0 Gecko/20100115 Firefox/3.6" 
40.77.167.97 - - [06/Oct/2018:05:13:05 -0700] "GET /self.logs/error.log.2018-09-10.gz HTTP/1.1" 200 10753 "-" "Mozilla/5.0 (compatible; bingbot/2.0; +http://www.bing.com/bingbot.htm)" 
18.188.94.118 - - [06/Oct/2018:05:13:56 -0700] "GET / HTTP/1.1" 200 12383 "-" "Mozilla/5.0 (X11; Linux x86_64) Trident/5.0 Firefox/42.0" 
162.210.196.129 - - [06/Oct/2018:05:15:48 -0700] "GET /robots.txt HTTP/1.1" 200 289 "-" "Mozilla/5.0 (compatible; MJ12bot/v1.4.8; http://mj12bot.com/)" 
162.210.196.129 - - [06/Oct/2018:05:15:50 -0700] "GET / HTTP/1.1" 200 46156 "-" "Mozilla/5.0 (compatible; MJ12bot/v1.4.8; http://mj12bot.com/)" 
41.223.160.173 - - [06/Oct/2018:05:18:04 -0700] "GET /maccdc2012/dns.log.gz HTTP/1.1" 304 154 "-" "Mozilla/5.0 Gecko/20100115 Firefox/3.6" 
40.77.167.148 - - [06/Oct/2018:05:18:58 -0700] "GET /self.logs/access.log.2017-07-03.gz HTTP/1.1" 301 546 "-" "Mozilla/5.0 (compatible; bingbot/2.0; +http://www.bing.com/bingbot.htm)" 
18.221.45.138 - - [06/Oct/2018:05:24:50 -0700] "GET / HTTP/1.1" 200 12383 "-" "Mozilla/5.0 (X11; Linux x86_64) Trident/5.0 Firefox/42.0" 
210.35.92.98 - - [06/Oct/2018:05:25:56 -0700] "GET / HTTP/1.1" 200 12383 "-" "Mozilla/5.0 (Windows NT 10.0; WOW64) AppleWebKit/537.36 (KHTML, like Gecko) Chrome/58.0.3029.110 Safari/537.36 SE 2.X MetaSr 1.0" 
210.35.92.98 - - [06/Oct/2018:05:25:57 -0700] "GET /twitter-icon.png HTTP/1.1" 200 27787 "http://www.secrepo.com/" "Mozilla/5.0 (Windows NT 10.0; WOW64) AppleWebKit/537.36 (KHTML, like Gecko) Chrome/58.0.3029.110 Safari/537.36 SE 2.X MetaSr 1.0" 
210.35.92.98 - - [06/Oct/2018:05:25:58 -0700] "GET /bootstrap/img/favicon.ico HTTP/1.1" 200 590 "-" "Mozilla/5.0 (Windows NT 10.0; WOW64) AppleWebKit/537.36 (KHTML, like Gecko) Chrome/58.0.3029.110 Safari/537.36 SE 2.X MetaSr 1.0" 
210.35.92.98 - - [06/Oct/2018:05:25:58 -0700] "GET /GitHub-Mark.png HTTP/1.1" 200 7428 "http://www.secrepo.com/" "Mozilla/5.0 (Windows NT 10.0; WOW64) AppleWebKit/537.36 (KHTML, like Gecko) Chrome/58.0.3029.110 Safari/537.36 SE 2.X MetaSr 1.0" 
210.35.92.98 - - [06/Oct/2018:05:26:27 -0700] "GET /tg/tg_snort_full.7z HTTP/1.1" 206 72800 "-" "Mozilla/5.0 (Windows NT 10.0; WOW64) AppleWebKit/537.36 (KHTML, like Gecko) Chrome/58.0.3029.110 Safari/537.36 SE 2.X MetaSr 1.0" 
210.35.92.98 - - [06/Oct/2018:05:26:26 -0700] "GET /tg/tg_snort_full.7z HTTP/1.1" 200 568400 "-" "Mozilla/5.0 (Windows NT 10.0; WOW64) AppleWebKit/537.36 (KHTML, like Gecko) Chrome/58.0.3029.110 Safari/537.36 SE 2.X MetaSr 1.0" 
210.35.92.98 - - [06/Oct/2018:05:26:28 -0700] "GET /tg/tg_snort_full.7z HTTP/1.1" 206 158200 "-" "Mozilla/5.0 (Windows NT 10.0; WOW64) AppleWebKit/537.36 (KHTML, like Gecko) Chrome/58.0.3029.110 Safari/537.36 SE 2.X MetaSr 1.0" 
182.140.168.124 - - [06/Oct/2018:05:26:26 -0700] "GET /tg/tg_snort_full.7z HTTP/1.1" 200 8847738 "http://dlc2.pconline.com.cn/filedown3_51244_110359552/hvsd2l7m/formatfactory_pconline_se_51000005124410359552.exe" "Mozilla/5.0 (Linux; U; Android 4.4.2; zh-cn; GT-I9500 Build/KOT49H) AppleWebKit/537.36 (KHTML, like Gecko)Version/4.0 MQQBrowser/5.0 Mobile Safari/537.36" 
210.35.92.98 - - [06/Oct/2018:05:26:25 -0700] "GET /tg/tg_snort_full.7z HTTP/1.1" 200 5419222 "-" "Mozilla/5.0 (Windows NT 10.0; WOW64) AppleWebKit/537.36 (KHTML, like Gecko) Chrome/58.0.3029.110 Safari/537.36 SE 2.X MetaSr 1.0" 
210.35.92.98 - - [06/Oct/2018:05:26:29 -0700] "GET /tg/tg_snort_full.7z HTTP/1.1" 206 1489600 "-" "Mozilla/5.0 (Windows NT 10.0; WOW64) AppleWebKit/537.36 (KHTML, like Gecko) Chrome/58.0.3029.110 Safari/537.36 SE 2.X MetaSr 1.0" 
113.110.140.183 - - [06/Oct/2018:05:26:30 -0700] "GET /auth.log/auth.log.gz HTTP/1.1" 200 554524 "-" "Mozilla/5.0 (Windows NT 10.0; Win64; x64) AppleWebKit/537.36 (KHTML, like Gecko) Chrome/69.0.3497.100 Safari/537.36" 
61.129.8.179 - - [06/Oct/2018:05:26:55 -0700] "GET / HTTP/1.1" 200 46212 "7FDF3CB81977206B7F210.35.92.98" "Mozilla/5.0 (Windows NT 6.1; WOW64) AppleWebKit/537.36 (KHTML, like Gecko) Chrome/53.0.2785.104 Safari/537.36 Core/1.53.2141.400 QQBrowser/9.5.10219.400" 
61.151.178.166 - - [06/Oct/2018:05:27:25 -0700] "GET /tg/tg_snort_full.7z HTTP/1.1" 200 820520 "-" "Mozilla/5.0 (Windows NT 6.1; WOW64) AppleWebKit/537.36 (KHTML, like Gecko) Chrome/45.0.2454.101 Safari/537.36" 
210.35.92.98 - - [06/Oct/2018:05:26:30 -0700] "GET /tg/tg_snort_full.7z HTTP/1.1" 206 1430800 "-" "Mozilla/5.0 (Windows NT 10.0; WOW64) AppleWebKit/537.36 (KHTML, like Gecko) Chrome/58.0.3029.110 Safari/537.36 SE 2.X MetaSr 1.0" 
210.35.92.98 - - [06/Oct/2018:05:26:29 -0700] "GET /tg/tg_snort_full.7z HTTP/1.1" 206 1331400 "-" "Mozilla/5.0 (Windows NT 10.0; WOW64) AppleWebKit/537.36 (KHTML, like Gecko) Chrome/58.0.3029.110 Safari/537.36 SE 2.X MetaSr 1.0" 
210.35.92.98 - - [06/Oct/2018:05:27:27 -0700] "GET /tg/tg_snort_full.7z HTTP/1.1" 206 131564 "-" "Mozilla/5.0 (Windows NT 10.0; WOW64) AppleWebKit/537.36 (KHTML, like Gecko) Chrome/58.0.3029.110 Safari/537.36 SE 2.X MetaSr 1.0" 
210.35.92.98 - - [06/Oct/2018:05:27:28 -0700] "GET /tg/tg_snort_full.7z HTTP/1.1" 206 558600 "-" "Mozilla/5.0 (Windows NT 10.0; WOW64) AppleWebKit/537.36 (KHTML, like Gecko) Chrome/58.0.3029.110 Safari/537.36 SE 2.X MetaSr 1.0" 
210.35.92.98 - - [06/Oct/2018:05:27:28 -0700] "GET /tg/tg_snort_full.7z HTTP/1.1" 206 620200 "-" "Mozilla/5.0 (Windows NT 10.0; WOW64) AppleWebKit/537.36 (KHTML, like Gecko) Chrome/58.0.3029.110 Safari/537.36 SE 2.X MetaSr 1.0" 
210.35.92.98 - - [06/Oct/2018:05:26:39 -0700] "GET /tg/tg_snort_full.7z HTTP/1.1" 206 912800 "-" "Mozilla/5.0 (Windows NT 10.0; WOW64) AppleWebKit/537.36 (KHTML, like Gecko) Chrome/58.0.3029.110 Safari/537.36 SE 2.X MetaSr 1.0" 
210.35.92.98 - - [06/Oct/2018:05:26:34 -0700] "GET /tg/tg_snort_full.7z HTTP/1.1" 206 1041600 "-" "Mozilla/5.0 (Windows NT 10.0; WOW64) AppleWebKit/537.36 (KHTML, like Gecko) Chrome/58.0.3029.110 Safari/537.36 SE 2.X MetaSr 1.0" 
210.35.92.98 - - [06/Oct/2018:05:27:29 -0700] "GET /tg/tg_snort_full.7z HTTP/1.1" 206 229868 "-" "Mozilla/5.0 (Windows NT 10.0; WOW64) AppleWebKit/537.36 (KHTML, like Gecko) Chrome/58.0.3029.110 Safari/537.36 SE 2.X MetaSr 1.0" 
210.35.92.98 - - [06/Oct/2018:05:27:30 -0700] "GET /tg/tg_snort_full.7z HTTP/1.1" 206 72800 "-" "Mozilla/5.0 (Windows NT 10.0; WOW64) AppleWebKit/537.36 (KHTML, like Gecko) Chrome/58.0.3029.110 Safari/537.36 SE 2.X MetaSr 1.0" 
210.35.92.98 - - [06/Oct/2018:05:27:29 -0700] "GET /tg/tg_snort_full.7z HTTP/1.1" 206 169400 "-" "Mozilla/5.0 (Windows NT 10.0; WOW64) AppleWebKit/537.36 (KHTML, like Gecko) Chrome/58.0.3029.110 Safari/537.36 SE 2.X MetaSr 1.0" 
210.35.92.98 - - [06/Oct/2018:05:27:30 -0700] "GET /tg/tg_snort_full.7z HTTP/1.1" 206 172200 "-" "Mozilla/5.0 (Windows NT 10.0; WOW64) AppleWebKit/537.36 (KHTML, like Gecko) Chrome/58.0.3029.110 Safari/537.36 SE 2.X MetaSr 1.0" 
210.35.92.98 - - [06/Oct/2018:05:26:31 -0700] "GET /tg/tg_snort_full.7z HTTP/1.1" 206 821800 "-" "Mozilla/5.0 (Windows NT 10.0; WOW64) AppleWebKit/537.36 (KHTML, like Gecko) Chrome/58.0.3029.110 Safari/537.36 SE 2.X MetaSr 1.0" 
124.114.148.32 - - [06/Oct/2018:05:27:57 -0700] "GET /favicon.ico HTTP/1.1" 200 268 "-" "Mozilla/5.0 (Windows NT 10.0; WOW64) AppleWebKit/537.36 (KHTML, like Gecko) Chrome/49.0.2623.221 Safari/537.36 SE 2.X MetaSr 1.0" 
88.0.111.63 - - [06/Oct/2018:05:40:49 -0700] "GET / HTTP/1.1" 200 12383 "-" "Mozilla/5.0 (Macintosh; Intel Mac OS X 10_13_6) AppleWebKit/605.1.15 (KHTML, like Gecko) Version/12.0 Safari/605.1.15" 
88.0.111.63 - - [06/Oct/2018:05:40:49 -0700] "GET /twitter-icon.png HTTP/1.1" 200 27787 "http://www.secrepo.com/" "Mozilla/5.0 (Macintosh; Intel Mac OS X 10_13_6) AppleWebKit/605.1.15 (KHTML, like Gecko) Version/12.0 Safari/605.1.15" 
88.0.111.63 - - [06/Oct/2018:05:40:49 -0700] "GET /GitHub-Mark.png HTTP/1.1" 200 7428 "http://www.secrepo.com/" "Mozilla/5.0 (Macintosh; Intel Mac OS X 10_13_6) AppleWebKit/605.1.15 (KHTML, like Gecko) Version/12.0 Safari/605.1.15" 
67.243.27.206 - - [06/Oct/2018:05:41:14 -0700] "GET /wp-login.php HTTP/1.1" 418 732 "-" "Mozilla/5.0 (Windows NT 6.1; WOW64; rv:40.0) Gecko/20100101 Firefox/40.1" 
67.243.27.206 - - [06/Oct/2018:05:41:14 -0700] "GET / HTTP/1.1" 418 732 "-" "Mozilla/5.0 (Windows NT 6.1; WOW64; rv:40.0) Gecko/20100101 Firefox/40.1" 
18.191.165.71 - - [06/Oct/2018:05:44:16 -0700] "GET / HTTP/1.1" 200 12383 "-" "Mozilla/5.0 (Macintosh; Intel Mac OS X x.y; rv:42.0) AppleWebKit/537.36 (KHTML, like Gecko) Firefox/42.0" 
65.132.59.34 - - [06/Oct/2018:05:47:12 -0700] "GET /robots.txt HTTP/1.1" 301 518 "-" "Gigabot" 
65.132.59.34 - - [06/Oct/2018:05:47:12 -0700] "GET /robots.txt HTTP/1.1" 200 289 "-" "Gigabot" 
65.132.59.34 - - [06/Oct/2018:05:47:13 -0700] "GET / HTTP/1.1" 301 498 "-" "Gigabot" 
222.211.227.86 - - [06/Oct/2018:05:48:18 -0700] "GET /favicon.ico HTTP/1.1" 200 268 "-" "Mozilla/5.0 (Windows NT 10.0; WOW64) AppleWebKit/537.36 (KHTML, like Gecko) Chrome/63.0.3239.132 Safari/537.36" 
103.5.134.18 - - [06/Oct/2018:05:46:58 -0700] "GET /Security-Data-Analysis/Lab_1/conn.log.zip HTTP/1.1" 200 246870336 "-" "Mozilla/5.0 (Windows NT 10.0; Win64; x64; rv:62.0) Gecko/20100101 Firefox/62.0" 
67.243.27.206 - - [06/Oct/2018:05:53:55 -0700] "GET /wp-login.php HTTP/1.1" 418 732 "-" "Mozilla/5.0 (Windows NT 6.1; WOW64; rv:40.0) Gecko/20100101 Firefox/40.1" 
67.243.27.206 - - [06/Oct/2018:05:53:55 -0700] "GET / HTTP/1.1" 418 732 "-" "Mozilla/5.0 (Windows NT 6.1; WOW64; rv:40.0) Gecko/20100101 Firefox/40.1" 
113.171.224.176 - - [06/Oct/2018:05:57:15 -0700] "GET /honeypot/Honeypot%20-%20Howto.pdf HTTP/1.1" 200 46720 "-" "Mozilla/5.0 Gecko/20100115 Firefox/3.6" 
103.5.134.18 - - [06/Oct/2018:05:55:08 -0700] "GET /Security-Data-Analysis/Lab_1/conn.log.zip HTTP/1.1" 200 549098528 "-" "Mozilla/5.0 (Windows NT 10.0; Win64; x64; rv:62.0) Gecko/20100101 Firefox/62.0" 
124.114.148.32 - - [06/Oct/2018:06:08:49 -0700] "GET /favicon.ico HTTP/1.1" 200 268 "-" "Mozilla/5.0 (Windows NT 10.0; WOW64) AppleWebKit/537.36 (KHTML, like Gecko) Chrome/49.0.2623.221 Safari/537.36 SE 2.X MetaSr 1.0" 
216.244.66.245 - - [06/Oct/2018:06:11:08 -0700] "GET /robots.txt HTTP/1.1" 200 233 "-" "Mozilla/5.0 (compatible; DotBot/1.1; http://www.opensiteexplorer.org/dotbot, help@moz.com)" 
85.70.37.159 - - [06/Oct/2018:06:12:13 -0700] "GET /wp-login.php HTTP/1.1" 418 732 "-" "Mozilla/5.0 (Windows NT 6.1; WOW64; rv:40.0) Gecko/20100101 Firefox/40.1" 
85.70.37.159 - - [06/Oct/2018:06:12:13 -0700] "GET / HTTP/1.1" 418 732 "-" "Mozilla/5.0 (Windows NT 6.1; WOW64; rv:40.0) Gecko/20100101 Firefox/40.1" 
105.159.122.147 - - [06/Oct/2018:06:13:43 -0700] "GET /wp-login.php HTTP/1.1" 418 732 "-" "Mozilla/5.0 (Windows NT 6.1; WOW64; rv:40.0) Gecko/20100101 Firefox/40.1" 
105.159.122.147 - - [06/Oct/2018:06:13:43 -0700] "GET / HTTP/1.1" 418 732 "-" "Mozilla/5.0 (Windows NT 6.1; WOW64; rv:40.0) Gecko/20100101 Firefox/40.1" 
52.14.175.39 - - [06/Oct/2018:06:14:21 -0700] "GET / HTTP/1.1" 200 12383 "-" "Mozilla/5.0 (Windows NT 6.1; Win64; x64; rv:47.0) AppleWebKit/537.36 (KHTML, like Gecko) Firefox/42.0" 
216.244.66.245 - - [06/Oct/2018:06:23:37 -0700] "GET /self.logs/access.log.2017-02-16.gz HTTP/1.1" 200 17477 "-" "Mozilla/5.0 (compatible; DotBot/1.1; http://www.opensiteexplorer.org/dotbot, help@moz.com)" 
216.244.66.245 - - [06/Oct/2018:06:23:40 -0700] "GET /self.logs/access.log.2017-09-21.gz HTTP/1.1" 200 33144 "-" "Mozilla/5.0 (compatible; DotBot/1.1; http://www.opensiteexplorer.org/dotbot, help@moz.com)" 
216.244.66.245 - - [06/Oct/2018:06:23:42 -0700] "GET /self.logs/error.log.2017-02-12.gz HTTP/1.1" 200 1057 "-" "Mozilla/5.0 (compatible; DotBot/1.1; http://www.opensiteexplorer.org/dotbot, help@moz.com)" 
216.244.66.245 - - [06/Oct/2018:06:23:44 -0700] "GET /self.logs/error.log.2017-08-10.gz HTTP/1.1" 200 892 "-" "Mozilla/5.0 (compatible; DotBot/1.1; http://www.opensiteexplorer.org/dotbot, help@moz.com)" 
13.58.201.75 - - [06/Oct/2018:06:25:15 -0700] "GET / HTTP/1.1" 200 12383 "-" "Mozilla/5.0 (Windows NT 6.1; Win64; x64; rv:47.0) Gecko/20100101 Chrome/51.0.2704.106 Safari/537.36 OPR/38.0.2220.41" 
14.215.176.137 - - [06/Oct/2018:06:26:26 -0700] "GET / HTTP/1.1" 200 12383 "http://www.baidu.com/s?wd=coldnxi" "Mozilla/5.0 (Windows NT 6.1; WOW64; rv:43.0) Gecko/20100101 Firefox/43.0" 
216.244.66.245 - - [06/Oct/2018:06:29:38 -0700] "GET /self.logs/access.log.2015-05-20.gz HTTP/1.1" 404 239 "-" "Mozilla/5.0 (compatible; DotBot/1.1; http://www.opensiteexplorer.org/dotbot, help@moz.com)" 
216.244.66.245 - - [06/Oct/2018:06:29:40 -0700] "GET /self.logs/access.log.2015-08-31.gz HTTP/1.1" 404 239 "-" "Mozilla/5.0 (compatible; DotBot/1.1; http://www.opensiteexplorer.org/dotbot, help@moz.com)" 
216.244.66.245 - - [06/Oct/2018:06:29:41 -0700] "GET /self.logs/access.log.2016-04-01.gz HTTP/1.1" 404 239 "-" "Mozilla/5.0 (compatible; DotBot/1.1; http://www.opensiteexplorer.org/dotbot, help@moz.com)" 
216.244.66.245 - - [06/Oct/2018:06:29:42 -0700] "GET /self.logs/access.log.2016-09-22.gz HTTP/1.1" 404 239 "-" "Mozilla/5.0 (compatible; DotBot/1.1; http://www.opensiteexplorer.org/dotbot, help@moz.com)" 
216.244.66.245 - - [06/Oct/2018:06:29:43 -0700] "GET /self.logs/access.log.2016-10-20.gz HTTP/1.1" 404 239 "-" "Mozilla/5.0 (compatible; DotBot/1.1; http://www.opensiteexplorer.org/dotbot, help@moz.com)" 
216.244.66.245 - - [06/Oct/2018:06:29:45 -0700] "GET /self.logs/error.log.2015-08-24.gz HTTP/1.1" 404 239 "-" "Mozilla/5.0 (compatible; DotBot/1.1; http://www.opensiteexplorer.org/dotbot, help@moz.com)" 
216.244.66.245 - - [06/Oct/2018:06:29:46 -0700] "GET /self.logs/error.log.2015-09-16.gz HTTP/1.1" 404 239 "-" "Mozilla/5.0 (compatible; DotBot/1.1; http://www.opensiteexplorer.org/dotbot, help@moz.com)" 
216.244.66.245 - - [06/Oct/2018:06:29:47 -0700] "GET /self.logs/error.log.2015-09-22.gz HTTP/1.1" 404 239 "-" "Mozilla/5.0 (compatible; DotBot/1.1; http://www.opensiteexplorer.org/dotbot, help@moz.com)" 
216.244.66.245 - - [06/Oct/2018:06:29:48 -0700] "GET /self.logs/error.log.2016-12-29.gz HTTP/1.1" 404 239 "-" "Mozilla/5.0 (compatible; DotBot/1.1; http://www.opensiteexplorer.org/dotbot, help@moz.com)" 
46.118.119.215 - - [06/Oct/2018:06:33:42 -0700] "GET / HTTP/1.1" 418 676 "https://dverirespekt.ru/" "Mozilla/4.0 (compatible; MSIE 6.0; Windows NT 5.1; SV1)" 
46.118.119.215 - - [06/Oct/2018:06:33:43 -0700] "GET / HTTP/1.1" 418 676 "https://dverirespekt.ru/" "Mozilla/4.0 (compatible; MSIE 6.0; Windows NT 5.1; SV1)" 
46.118.119.215 - - [06/Oct/2018:06:33:44 -0700] "GET / HTTP/1.1" 418 676 "https://dverirespekt.ru/" "Mozilla/4.0 (compatible; MSIE 6.0; Windows NT 5.1; SV1)" 
18.219.142.57 - - [06/Oct/2018:06:44:05 -0700] "GET / HTTP/1.1" 200 12383 "-" "Mozilla/5.0 (X11; Linux x86_64) AppleWebKit/537.36 (KHTML, like Gecko) Firefox/42.0" 
187.23.34.101 - - [06/Oct/2018:06:45:13 -0700] "GET /wp-login.php HTTP/1.1" 418 732 "-" "Mozilla/5.0 (Windows NT 6.1; WOW64; rv:40.0) Gecko/20100101 Firefox/40.1" 
187.23.34.101 - - [06/Oct/2018:06:45:13 -0700] "GET / HTTP/1.1" 418 732 "-" "Mozilla/5.0 (Windows NT 6.1; WOW64; rv:40.0) Gecko/20100101 Firefox/40.1" 
71.183.1.167 - - [06/Oct/2018:06:46:55 -0700] "GET /wp-login.php HTTP/1.1" 418 732 "-" "Mozilla/5.0 (Windows NT 6.1; WOW64; rv:40.0) Gecko/20100101 Firefox/40.1" 
71.183.1.167 - - [06/Oct/2018:06:46:55 -0700] "GET / HTTP/1.1" 418 732 "-" "Mozilla/5.0 (Windows NT 6.1; WOW64; rv:40.0) Gecko/20100101 Firefox/40.1" 
186.224.178.170 - - [06/Oct/2018:06:53:11 -0700] "GET /wp-login.php HTTP/1.1" 418 732 "-" "Mozilla/5.0 (Windows NT 6.1; WOW64; rv:40.0) Gecko/20100101 Firefox/40.1" 
186.224.178.170 - - [06/Oct/2018:06:53:12 -0700] "GET / HTTP/1.1" 418 732 "-" "Mozilla/5.0 (Windows NT 6.1; WOW64; rv:40.0) Gecko/20100101 Firefox/40.1" 
216.244.66.245 - - [06/Oct/2018:06:54:38 -0700] "GET /robots.txt HTTP/1.1" 200 233 "-" "Mozilla/5.0 (compatible; DotBot/1.1; http://www.opensiteexplorer.org/dotbot, help@moz.com)" 
113.171.224.176 - - [06/Oct/2018:07:01:36 -0700] "GET /honeypot/Honeypot%20-%20Howto.pdf HTTP/1.1" 200 46720 "-" "Mozilla/5.0 Gecko/20100115 Firefox/3.6" 
134.83.1.243 - - [06/Oct/2018:07:02:49 -0700] "GET / HTTP/1.1" 200 12383 "-" "Mozilla/5.0 (Macintosh; Intel Mac OS X 10_13_5) AppleWebKit/605.1.15 (KHTML, like Gecko) Version/11.1.1 Safari/605.1.15" 
134.83.1.243 - - [06/Oct/2018:07:02:50 -0700] "GET /twitter-icon.png HTTP/1.1" 200 27787 "http://www.secrepo.com/" "Mozilla/5.0 (Macintosh; Intel Mac OS X 10_13_5) AppleWebKit/605.1.15 (KHTML, like Gecko) Version/11.1.1 Safari/605.1.15" 
134.83.1.243 - - [06/Oct/2018:07:02:50 -0700] "GET /bootstrap/img/favicon.ico HTTP/1.1" 200 590 "http://www.secrepo.com/" "Mozilla/5.0 (Macintosh; Intel Mac OS X 10_13_5) AppleWebKit/605.1.15 (KHTML, like Gecko) Version/11.1.1 Safari/605.1.15" 
203.106.99.192 - - [06/Oct/2018:07:03:40 -0700] "GET /wp-login.php HTTP/1.1" 418 732 "-" "Mozilla/5.0 (Windows NT 6.1; WOW64; rv:40.0) Gecko/20100101 Firefox/40.1" 
203.106.99.192 - - [06/Oct/2018:07:03:41 -0700] "GET / HTTP/1.1" 418 732 "-" "Mozilla/5.0 (Windows NT 6.1; WOW64; rv:40.0) Gecko/20100101 Firefox/40.1" 
108.59.8.70 - - [06/Oct/2018:07:05:28 -0700] "GET /robots.txt HTTP/1.1" 200 289 "-" "Mozilla/5.0 (compatible; MJ12bot/v1.4.8; http://mj12bot.com/)" 
108.59.8.70 - - [06/Oct/2018:07:05:30 -0700] "GET / HTTP/1.1" 200 46156 "-" "Mozilla/5.0 (compatible; MJ12bot/v1.4.8; http://mj12bot.com/)" 
216.244.66.245 - - [06/Oct/2018:07:09:59 -0700] "GET /self.logs/access.log.2017-02-12.gz HTTP/1.1" 200 17653 "-" "Mozilla/5.0 (compatible; DotBot/1.1; http://www.opensiteexplorer.org/dotbot, help@moz.com)" 
216.244.66.245 - - [06/Oct/2018:07:10:02 -0700] "GET /self.logs/access.log.2017-06-28.gz HTTP/1.1" 200 31168 "-" "Mozilla/5.0 (compatible; DotBot/1.1; http://www.opensiteexplorer.org/dotbot, help@moz.com)" 
216.244.66.245 - - [06/Oct/2018:07:10:04 -0700] "GET /self.logs/error.log.2017-02-16.gz HTTP/1.1" 200 956 "-" "Mozilla/5.0 (compatible; DotBot/1.1; http://www.opensiteexplorer.org/dotbot, help@moz.com)" 
35.205.237.110 - - [06/Oct/2018:07:13:22 -0700] "GET / HTTP/1.1" 200 12327 "-" "Go-http-client/1.1" 
176.231.68.227 - - [06/Oct/2018:07:13:43 -0700] "GET /bootstrap/img/favicon.ico HTTP/1.1" 200 590 "-" "Mozilla/5.0 (Windows NT 10.0; Win64; x64; rv:62.0) Gecko/20100101 Firefox/62.0" 
52.14.43.100 - - [06/Oct/2018:07:14:07 -0700] "GET / HTTP/1.1" 200 12383 "-" "Mozilla/5.0 (Windows NT 6.1; Win64; x64; rv:47.0) Trident/5.0 Chrome/51.0.2704.106 Safari/537.36 OPR/38.0.2220.41" 
115.198.184.86 - - [06/Oct/2018:07:15:41 -0700] "GET / HTTP/1.1" 200 12383 "-" "Mozilla/5.0 (Windows NT 10.0; Win64; x64) AppleWebKit/537.36 (KHTML, like Gecko) Chrome/69.0.3497.100 Safari/537.36" 
54.165.59.7 - - [06/Oct/2018:07:16:08 -0700] "GET /robots.txt HTTP/1.0" 200 252 "-" "ia_archiver" 
54.165.59.7 - - [06/Oct/2018:07:16:08 -0700] "GET /Datasets%20Description/HTML_Bro_log_2/dns.html HTTP/1.0" 200 6006 "-" "ia_archiver" 
13.58.201.75 - - [06/Oct/2018:07:24:28 -0700] "GET / HTTP/1.1" 200 12383 "-" "Mozilla/5.0 (Macintosh; Intel Mac OS X x.y; rv:42.0) AppleWebKit/537.36 (KHTML, like Gecko) Firefox/42.0" 
46.229.168.148 - - [06/Oct/2018:07:36:58 -0700] "GET /robots.txt HTTP/1.1" 200 297 "-" "Mozilla/5.0 (compatible; SemrushBot/2~bl; +http://www.semrush.com/bot.html)" 
46.229.168.131 - - [06/Oct/2018:07:36:59 -0700] "GET /honeypot/BSidesDFW%20-%202014.ipynb HTTP/1.1" 200 157680 "-" "Mozilla/5.0 (compatible; SemrushBot/2~bl; +http://www.semrush.com/bot.html)" 
154.76.214.226 - - [06/Oct/2018:07:37:42 -0700] "GET /Security-Data-Analysis/Lab_1/conn.log.zip HTTP/1.1" 200 68648 "-" "Mozilla/5.0 (X11; Linux x86_64; rv:61.0) Gecko/20100101 Firefox/61.0" 
216.244.66.245 - - [06/Oct/2018:07:38:01 -0700] "GET /robots.txt HTTP/1.1" 200 233 "-" "Mozilla/5.0 (compatible; DotBot/1.1; http://www.opensiteexplorer.org/dotbot, help@moz.com)" 
13.66.139.0 - - [06/Oct/2018:07:40:57 -0700] "GET /self.logs/error.log.2018-02-06.gz HTTP/1.1" 200 4777 "-" "Mozilla/5.0 (compatible; bingbot/2.0; +http://www.bing.com/bingbot.htm)" 
122.172.139.55 - - [06/Oct/2018:07:43:00 -0700] "GET / HTTP/1.1" 200 12383 "-" "Mozilla/5.0 (Windows NT 10.0; Win64; x64) AppleWebKit/537.36 (KHTML, like Gecko) Chrome/69.0.3497.100 Safari/537.36" 
122.172.139.55 - - [06/Oct/2018:07:43:01 -0700] "GET /twitter-icon.png HTTP/1.1" 200 27787 "http://www.secrepo.com/" "Mozilla/5.0 (Windows NT 10.0; Win64; x64) AppleWebKit/537.36 (KHTML, like Gecko) Chrome/69.0.3497.100 Safari/537.36" 
122.172.139.55 - - [06/Oct/2018:07:43:01 -0700] "GET /GitHub-Mark.png HTTP/1.1" 200 7428 "http://www.secrepo.com/" "Mozilla/5.0 (Windows NT 10.0; Win64; x64) AppleWebKit/537.36 (KHTML, like Gecko) Chrome/69.0.3497.100 Safari/537.36" 
122.172.139.55 - - [06/Oct/2018:07:43:02 -0700] "GET /bootstrap/img/favicon.ico HTTP/1.1" 200 589 "http://www.secrepo.com/" "Mozilla/5.0 (Windows NT 10.0; Win64; x64) AppleWebKit/537.36 (KHTML, like Gecko) Chrome/69.0.3497.100 Safari/537.36" 
18.219.142.57 - - [06/Oct/2018:07:44:05 -0700] "GET / HTTP/1.1" 200 12383 "-" "Mozilla/5.0 (Macintosh; Intel Mac OS X x.y; rv:42.0) Gecko/20100101 Chrome/51.0.2704.106 Safari/537.36 OPR/38.0.2220.41" 
216.244.66.245 - - [06/Oct/2018:07:53:32 -0700] "GET /self.logs/access.log.2017-01-26.gz HTTP/1.1" 200 23907 "-" "Mozilla/5.0 (compatible; DotBot/1.1; http://www.opensiteexplorer.org/dotbot, help@moz.com)" 
216.244.66.245 - - [06/Oct/2018:07:53:33 -0700] "GET /self.logs/access.log.2017-03-03.gz HTTP/1.1" 200 18123 "-" "Mozilla/5.0 (compatible; DotBot/1.1; http://www.opensiteexplorer.org/dotbot, help@moz.com)" 
216.244.66.245 - - [06/Oct/2018:07:53:35 -0700] "GET /self.logs/access.log.2017-06-27.gz HTTP/1.1" 200 17796 "-" "Mozilla/5.0 (compatible; DotBot/1.1; http://www.opensiteexplorer.org/dotbot, help@moz.com)" 
216.244.66.245 - - [06/Oct/2018:07:53:37 -0700] "GET /self.logs/access.log.2017-07-09.gz HTTP/1.1" 200 31429 "-" "Mozilla/5.0 (compatible; DotBot/1.1; http://www.opensiteexplorer.org/dotbot, help@moz.com)" 
216.244.66.245 - - [06/Oct/2018:07:53:38 -0700] "GET /self.logs/error.log.2017-01-08.gz HTTP/1.1" 200 1004 "-" "Mozilla/5.0 (compatible; DotBot/1.1; http://www.opensiteexplorer.org/dotbot, help@moz.com)" 
216.244.66.245 - - [06/Oct/2018:07:53:40 -0700] "GET /self.logs/error.log.2017-03-25.gz HTTP/1.1" 200 880 "-" "Mozilla/5.0 (compatible; DotBot/1.1; http://www.opensiteexplorer.org/dotbot, help@moz.com)" 
216.244.66.245 - - [06/Oct/2018:07:53:41 -0700] "GET /self.logs/error.log.2017-05-12.gz HTTP/1.1" 200 795 "-" "Mozilla/5.0 (compatible; DotBot/1.1; http://www.opensiteexplorer.org/dotbot, help@moz.com)" 
40.77.167.94 - - [06/Oct/2018:07:59:00 -0700] "GET /self.logs/?C=D;O=A HTTP/1.1" 200 12536 "-" "Mozilla/5.0 (compatible; bingbot/2.0; +http://www.bing.com/bingbot.htm)" 
40.77.167.94 - - [06/Oct/2018:08:04:57 -0700] "GET /self.logs/access.log.2018-09-12.gz HTTP/1.1" 200 27024 "-" "Mozilla/5.0 (compatible; bingbot/2.0; +http://www.bing.com/bingbot.htm)" 
113.171.224.176 - - [06/Oct/2018:08:08:32 -0700] "GET /honeypot/Honeypot%20-%20Howto.pdf HTTP/1.1" 200 46720 "-" "Mozilla/5.0 Gecko/20100115 Firefox/3.6" 
41.223.160.173 - - [06/Oct/2018:08:12:13 -0700] "GET /tg/tg_snort_fast.7z HTTP/1.1" 304 131 "-" "Mozilla/5.0 Gecko/20100115 Firefox/3.6" 
40.77.167.97 - - [06/Oct/2018:08:13:52 -0700] "GET /self.logs/access.log.2017-02-06.gz HTTP/1.1" 200 29943 "-" "Mozilla/5.0 (compatible; bingbot/2.0; +http://www.bing.com/bingbot.htm)" 
18.219.142.57 - - [06/Oct/2018:08:14:31 -0700] "GET / HTTP/1.1" 200 12383 "-" "Mozilla/5.0 (Windows NT 6.1; Win64; x64; rv:47.0) Trident/5.0 Chrome/67.0.3396.79 Safari/537.36" 
66.102.6.158 - - [06/Oct/2018:08:14:49 -0700] "GET / HTTP/1.1" 200 12383 "-" "Mozilla/5.0 (X11; Linux x86_64) AppleWebKit/537.36 (KHTML, like Gecko) Chrome/49.0.2623.75 Safari/537.36 Google Favicon" 
66.102.6.159 - - [06/Oct/2018:08:14:49 -0700] "GET /bootstrap/img/favicon.ico HTTP/1.1" 200 590 "-" "Mozilla/5.0 (X11; Linux x86_64) AppleWebKit/537.36 (KHTML, like Gecko) Chrome/49.0.2623.75 Safari/537.36 Google Favicon" 
41.223.160.173 - - [06/Oct/2018:08:18:05 -0700] "GET /maccdc2012/dns.log.gz HTTP/1.1" 304 154 "-" "Mozilla/5.0 Gecko/20100115 Firefox/3.6" 
40.77.167.148 - - [06/Oct/2018:08:19:42 -0700] "GET /self.logs/access.log.2017-03-28.gz HTTP/1.1" 200 15500 "-" "Mozilla/5.0 (compatible; bingbot/2.0; +http://www.bing.com/bingbot.htm)" 
216.244.66.245 - - [06/Oct/2018:08:21:24 -0700] "GET /robots.txt HTTP/1.1" 200 233 "-" "Mozilla/5.0 (compatible; DotBot/1.1; http://www.opensiteexplorer.org/dotbot, help@moz.com)" 
18.221.232.130 - - [06/Oct/2018:08:28:55 -0700] "GET / HTTP/1.1" 200 12383 "-" "Mozilla/5.0 (Macintosh; Intel Mac OS X x.y; rv:42.0) Gecko/20100101 Firefox/42.0" 
216.244.66.245 - - [06/Oct/2018:08:37:22 -0700] "GET /self.logs/error.log.2017-01-30.gz HTTP/1.1" 200 1816 "-" "Mozilla/5.0 (compatible; DotBot/1.1; http://www.opensiteexplorer.org/dotbot, help@moz.com)" 
216.244.66.245 - - [06/Oct/2018:08:37:24 -0700] "GET /self.logs/error.log.2017-02-18.gz HTTP/1.1" 200 767 "-" "Mozilla/5.0 (compatible; DotBot/1.1; http://www.opensiteexplorer.org/dotbot, help@moz.com)" 
216.244.66.245 - - [06/Oct/2018:08:37:26 -0700] "GET /self.logs/error.log.2017-09-13.gz HTTP/1.1" 200 4036 "-" "Mozilla/5.0 (compatible; DotBot/1.1; http://www.opensiteexplorer.org/dotbot, help@moz.com)" 
54.165.59.7 - - [06/Oct/2018:08:40:44 -0700] "GET /robots.txt HTTP/1.0" 200 252 "-" "ia_archiver" 
54.165.59.7 - - [06/Oct/2018:08:40:44 -0700] "GET /honeypot/BSidesDFW%20-%202014.ipynb HTTP/1.0" 200 930799 "-" "ia_archiver" 
18.216.137.18 - - [06/Oct/2018:08:44:16 -0700] "GET / HTTP/1.1" 200 12383 "-" "Mozilla/5.0 (X11; Linux x86_64) Trident/5.0 Chrome/51.0.2704.106 Safari/537.36 OPR/38.0.2220.41" 
108.59.8.70 - - [06/Oct/2018:08:47:21 -0700] "GET /robots.txt HTTP/1.1" 200 289 "-" "Mozilla/5.0 (compatible; MJ12bot/v1.4.8; http://mj12bot.com/)" 
