101.109.197.7 - - [06/Aug/2018:01:57:58 -0700] "GET /wp-login.php HTTP/1.1" 418 732 "-" "Mozilla/5.0 (Windows NT 6.1; WOW64; rv:40.0) Gecko/20100101 Firefox/40.1" 
101.109.197.7 - - [06/Aug/2018:01:57:59 -0700] "GET / HTTP/1.1" 418 732 "-" "Mozilla/5.0 (Windows NT 6.1; WOW64; rv:40.0) Gecko/20100101 Firefox/40.1" 
160.202.8.37 - - [06/Aug/2018:01:59:09 -0700] "GET / HTTP/1.1" 200 11357 "https://www.google.co.in/" "Mozilla/5.0 (Windows NT 6.3; Win64; x64) AppleWebKit/537.36 (KHTML, like Gecko) Chrome/67.0.3396.99 Safari/537.36" 
160.202.8.37 - - [06/Aug/2018:01:59:11 -0700] "GET /GitHub-Mark.png HTTP/1.1" 200 7427 "http://www.secrepo.com/" "Mozilla/5.0 (Windows NT 6.3; Win64; x64) AppleWebKit/537.36 (KHTML, like Gecko) Chrome/67.0.3396.99 Safari/537.36" 
160.202.8.37 - - [06/Aug/2018:01:59:11 -0700] "GET /twitter-icon.png HTTP/1.1" 200 27788 "http://www.secrepo.com/" "Mozilla/5.0 (Windows NT 6.3; Win64; x64) AppleWebKit/537.36 (KHTML, like Gecko) Chrome/67.0.3396.99 Safari/537.36" 
160.202.8.37 - - [06/Aug/2018:01:59:14 -0700] "GET /bootstrap/img/favicon.ico HTTP/1.1" 200 590 "http://www.secrepo.com/" "Mozilla/5.0 (Windows NT 6.3; Win64; x64) AppleWebKit/537.36 (KHTML, like Gecko) Chrome/67.0.3396.99 Safari/537.36" 
94.130.65.53 - - [06/Aug/2018:02:02:41 -0700] "GET /robots.txt HTTP/1.1" 301 502 "-" "Mozilla/5.0 (compatible; BLEXBot/1.0; +http://webmeup-crawler.com/)" 
94.130.65.53 - - [06/Aug/2018:02:02:41 -0700] "GET /robots.txt HTTP/1.1" 200 334 "-" "Mozilla/5.0 (compatible; BLEXBot/1.0; +http://webmeup-crawler.com/)" 
54.36.148.186 - - [06/Aug/2018:02:03:27 -0700] "GET /self.logs/error.log.2016-03-01.gz HTTP/1.1" 404 284 "-" "Mozilla/5.0 (compatible; AhrefsBot/5.2; +http://ahrefs.com/robot/)" 
193.113.37.9 - - [06/Aug/2018:02:03:58 -0700] "GET / HTTP/1.1" 304 189 "http://vizsec.org/data/" "Mozilla/5.0 (Windows NT 6.3; Win64; x64) AppleWebKit/537.36 (KHTML, like Gecko) Chrome/67.0.3396.99 Safari/537.36" 
193.113.37.9 - - [06/Aug/2018:02:03:58 -0700] "GET /twitter-icon.png HTTP/1.1" 304 165 "http://www.secrepo.com/" "Mozilla/5.0 (Windows NT 6.3; Win64; x64) AppleWebKit/537.36 (KHTML, like Gecko) Chrome/67.0.3396.99 Safari/537.36" 
193.113.37.9 - - [06/Aug/2018:02:03:58 -0700] "GET /GitHub-Mark.png HTTP/1.1" 304 166 "http://www.secrepo.com/" "Mozilla/5.0 (Windows NT 6.3; Win64; x64) AppleWebKit/537.36 (KHTML, like Gecko) Chrome/67.0.3396.99 Safari/537.36" 
42.236.99.9 - - [06/Aug/2018:02:08:13 -0700] "GET / HTTP/1.1" 301 483 "http://secrepo.com/" "Mozilla/5.0 (Windows NT 6.1; WOW64) AppleWebKit/537.36 (KHTML, like Gecko) Chrome/50.0.2661.102 Safari/537.36; 360Spider" 
42.236.99.9 - - [06/Aug/2018:02:08:13 -0700] "GET / HTTP/1.1" 200 11357 "http://www.secrepo.com/" "Mozilla/5.0 (Windows NT 6.1; WOW64) AppleWebKit/537.36 (KHTML, like Gecko) Chrome/50.0.2661.102 Safari/537.36; 360Spider" 
42.236.54.62 - - [06/Aug/2018:02:08:33 -0700] "GET / HTTP/1.1" 200 11357 "http://www.secrepo.com/" "Mozilla/5.0 (Windows NT 6.1; WOW64) AppleWebKit/537.36 (KHTML, like Gecko) Chrome/50.0.2661.102 Safari/537.36; 360Spider" 
41.82.2.13 - - [06/Aug/2018:02:10:43 -0700] "GET /wp-login.php HTTP/1.1" 418 732 "-" "Mozilla/5.0 (Windows NT 6.1; WOW64; rv:40.0) Gecko/20100101 Firefox/40.1" 
41.82.2.13 - - [06/Aug/2018:02:10:43 -0700] "GET / HTTP/1.1" 418 732 "-" "Mozilla/5.0 (Windows NT 6.1; WOW64; rv:40.0) Gecko/20100101 Firefox/40.1" 
129.94.8.33 - - [06/Aug/2018:02:10:55 -0700] "GET / HTTP/1.1" 200 11357 "-" "Mozilla/5.0 (Macintosh; Intel Mac OS X 10_12_6) AppleWebKit/605.1.15 (KHTML, like Gecko)" 
129.94.8.33 - - [06/Aug/2018:02:10:56 -0700] "GET /apple-touch-icon-precomposed.png HTTP/1.1" 404 340 "-" "Safari/12605.3.8.1 CFNetwork/811.9 Darwin/16.7.0 (x86_64)" 
129.94.8.33 - - [06/Aug/2018:02:10:56 -0700] "GET /apple-touch-icon.png HTTP/1.1" 404 339 "-" "Safari/12605.3.8.1 CFNetwork/811.9 Darwin/16.7.0 (x86_64)" 
129.94.8.33 - - [06/Aug/2018:02:10:56 -0700] "GET /bootstrap/img/favicon.ico HTTP/1.1" 200 589 "-" "Safari/12605.3.8.1 CFNetwork/811.9 Darwin/16.7.0 (x86_64)" 
129.94.8.33 - - [06/Aug/2018:02:10:56 -0700] "GET / HTTP/1.1" 200 11356 "-" "\"Mozilla/5.0 (iPhone; CPU iPhone OS 11_0 like Mac OS X) AppleWebKit/604.1.38 (KHTML, like Gecko) Version/11.0 Mobile/15A372 Safari/604.1\"" 
129.94.8.33 - - [06/Aug/2018:02:10:57 -0700] "GET /apple-touch-icon-precomposed.png HTTP/1.1" 404 339 "-" "Safari/12605.3.8.1 CFNetwork/811.9 Darwin/16.7.0 (x86_64)" 
129.94.8.33 - - [06/Aug/2018:02:10:57 -0700] "GET /apple-touch-icon.png HTTP/1.1" 404 339 "-" "Safari/12605.3.8.1 CFNetwork/811.9 Darwin/16.7.0 (x86_64)" 
129.94.8.33 - - [06/Aug/2018:02:10:58 -0700] "GET /bootstrap/img/favicon.ico HTTP/1.1" 200 589 "-" "Safari/12605.3.8.1 CFNetwork/811.9 Darwin/16.7.0 (x86_64)" 
113.171.224.176 - - [06/Aug/2018:02:12:23 -0700] "GET /honeypot/Honeypot%20-%20Howto.pdf HTTP/1.1" 200 46720 "-" "Mozilla/5.0 Gecko/20100115 Firefox/3.6" 
94.130.65.53 - - [06/Aug/2018:02:12:44 -0700] "GET /robots.txt HTTP/1.1" 301 502 "-" "Mozilla/5.0 (compatible; BLEXBot/1.0; +http://webmeup-crawler.com/)" 
94.130.65.53 - - [06/Aug/2018:02:12:44 -0700] "GET /robots.txt HTTP/1.1" 200 334 "-" "Mozilla/5.0 (compatible; BLEXBot/1.0; +http://webmeup-crawler.com/)" 
80.135.81.142 - - [06/Aug/2018:02:16:45 -0700] "GET /self.logs/ HTTP/1.1" 200 11408 "-" "Mozilla/5.0 (Windows NT 10.0; Win64; x64; rv:61.0) Gecko/20100101 Firefox/61.0" 
80.135.81.142 - - [06/Aug/2018:02:16:46 -0700] "GET /favicon.ico HTTP/1.1" 200 267 "-" "Mozilla/5.0 (Windows NT 10.0; Win64; x64; rv:61.0) Gecko/20100101 Firefox/61.0" 
54.36.148.127 - - [06/Aug/2018:02:16:48 -0700] "GET /self.logs/2016/access.log.2016-12-10.gz HTTP/1.1" 200 9239 "-" "Mozilla/5.0 (compatible; AhrefsBot/5.2; +http://ahrefs.com/robot/)" 
80.135.81.142 - - [06/Aug/2018:02:16:59 -0700] "GET /self.logs/access.log.2017-01-01.gz HTTP/1.1" 200 17655 "http://www.secrepo.com/self.logs/" "Mozilla/5.0 (Windows NT 10.0; Win64; x64; rv:61.0) Gecko/20100101 Firefox/61.0" 
80.135.81.142 - - [06/Aug/2018:02:17:15 -0700] "GET /self.logs/access.log.2018-04-05.gz HTTP/1.1" 200 24439 "http://www.secrepo.com/self.logs/" "Mozilla/5.0 (Windows NT 10.0; Win64; x64; rv:61.0) Gecko/20100101 Firefox/61.0" 
41.223.160.173 - - [06/Aug/2018:02:17:35 -0700] "GET /maccdc2012/dns.log.gz HTTP/1.1" 304 154 "-" "Mozilla/5.0 Gecko/20100115 Firefox/3.6" 
160.202.8.37 - - [06/Aug/2018:01:59:55 -0700] "GET /maccdc2012/conn.log.gz HTTP/1.1" 200 551041635 "-" "Mozilla/5.0 (Windows NT 6.3; Win64; x64) AppleWebKit/537.36 (KHTML, like Gecko) Chrome/67.0.3396.99 Safari/537.36" 
80.135.81.142 - - [06/Aug/2018:02:18:47 -0700] "GET / HTTP/1.1" 200 11357 "http://www.secrepo.com/self.logs/" "Mozilla/5.0 (Windows NT 10.0; Win64; x64; rv:61.0) Gecko/20100101 Firefox/61.0" 
80.135.81.142 - - [06/Aug/2018:02:18:47 -0700] "GET /GitHub-Mark.png HTTP/1.1" 200 7428 "http://www.secrepo.com/" "Mozilla/5.0 (Windows NT 10.0; Win64; x64; rv:61.0) Gecko/20100101 Firefox/61.0" 
80.135.81.142 - - [06/Aug/2018:02:18:47 -0700] "GET /twitter-icon.png HTTP/1.1" 200 27788 "http://www.secrepo.com/" "Mozilla/5.0 (Windows NT 10.0; Win64; x64; rv:61.0) Gecko/20100101 Firefox/61.0" 
80.135.81.142 - - [06/Aug/2018:02:18:48 -0700] "GET /bootstrap/img/favicon.ico HTTP/1.1" 200 589 "-" "Mozilla/5.0 (Windows NT 10.0; Win64; x64; rv:61.0) Gecko/20100101 Firefox/61.0" 
80.135.81.142 - - [06/Aug/2018:02:18:48 -0700] "GET /bootstrap/img/favicon.ico HTTP/1.1" 200 589 "-" "Mozilla/5.0 (Windows NT 10.0; Win64; x64; rv:61.0) Gecko/20100101 Firefox/61.0" 
121.244.50.135 - - [06/Aug/2018:02:19:26 -0700] "GET /twitter-icon.png HTTP/1.1" 200 27788 "http://www.secrepo.com/" "Mozilla/5.0 (Windows NT 6.1; Win64; x64) AppleWebKit/537.36 (KHTML, like Gecko) Chrome/67.0.3396.99 Safari/537.36" 
121.244.50.135 - - [06/Aug/2018:02:19:26 -0700] "GET /GitHub-Mark.png HTTP/1.1" 200 7428 "http://www.secrepo.com/" "Mozilla/5.0 (Windows NT 6.1; Win64; x64) AppleWebKit/537.36 (KHTML, like Gecko) Chrome/67.0.3396.99 Safari/537.36" 
185.136.56.2 - - [06/Aug/2018:02:20:21 -0700] "GET / HTTP/1.1" 200 11357 "-" "Mozilla/5.0 (Macintosh; Intel Mac OS X 10_13_6) AppleWebKit/605.1.15 (KHTML, like Gecko) Version/11.1.2 Safari/605.1.15" 
185.136.56.2 - - [06/Aug/2018:02:20:21 -0700] "GET /twitter-icon.png HTTP/1.1" 200 27787 "http://www.secrepo.com/" "Mozilla/5.0 (Macintosh; Intel Mac OS X 10_13_6) AppleWebKit/605.1.15 (KHTML, like Gecko) Version/11.1.2 Safari/605.1.15" 
185.136.56.2 - - [06/Aug/2018:02:20:22 -0700] "GET /bootstrap/img/favicon.ico HTTP/1.1" 200 590 "http://www.secrepo.com/" "Mozilla/5.0 (Macintosh; Intel Mac OS X 10_13_6) AppleWebKit/605.1.15 (KHTML, like Gecko) Version/11.1.2 Safari/605.1.15" 
185.136.56.2 - - [06/Aug/2018:02:20:23 -0700] "GET /apple-touch-icon-precomposed.png HTTP/1.1" 404 340 "-" "Safari/13605.3.8 CFNetwork/902.1 Darwin/17.7.0 (x86_64)" 
185.136.56.2 - - [06/Aug/2018:02:20:23 -0700] "GET /apple-touch-icon.png HTTP/1.1" 404 339 "-" "Safari/13605.3.8 CFNetwork/902.1 Darwin/17.7.0 (x86_64)" 
79.27.191.57 - - [06/Aug/2018:02:20:35 -0700] "GET / HTTP/1.1" 200 11357 "-" "Mozilla/5.0 (Macintosh; Intel Mac OS X 10_13_6) AppleWebKit/605.1.15 (KHTML, like Gecko) Version/11.1.2 Safari/605.1.15" 
79.27.191.57 - - [06/Aug/2018:02:20:35 -0700] "GET /twitter-icon.png HTTP/1.1" 200 27787 "http://www.secrepo.com/" "Mozilla/5.0 (Macintosh; Intel Mac OS X 10_13_6) AppleWebKit/605.1.15 (KHTML, like Gecko) Version/11.1.2 Safari/605.1.15" 
79.27.191.57 - - [06/Aug/2018:02:20:36 -0700] "GET /GitHub-Mark.png HTTP/1.1" 200 7428 "http://www.secrepo.com/" "Mozilla/5.0 (Macintosh; Intel Mac OS X 10_13_6) AppleWebKit/605.1.15 (KHTML, like Gecko) Version/11.1.2 Safari/605.1.15" 
79.27.191.57 - - [06/Aug/2018:02:20:36 -0700] "GET /bootstrap/img/favicon.ico HTTP/1.1" 200 590 "http://www.secrepo.com/" "Mozilla/5.0 (Macintosh; Intel Mac OS X 10_13_6) AppleWebKit/605.1.15 (KHTML, like Gecko) Version/11.1.2 Safari/605.1.15" 
94.130.65.53 - - [06/Aug/2018:02:23:12 -0700] "GET /robots.txt HTTP/1.1" 301 502 "-" "Mozilla/5.0 (compatible; BLEXBot/1.0; +http://webmeup-crawler.com/)" 
94.130.65.53 - - [06/Aug/2018:02:23:12 -0700] "GET /robots.txt HTTP/1.1" 200 334 "-" "Mozilla/5.0 (compatible; BLEXBot/1.0; +http://webmeup-crawler.com/)" 
5.90.211.230 - - [06/Aug/2018:02:23:49 -0700] "GET / HTTP/1.1" 200 11357 "-" "Mozilla/5.0 (Linux; Android 7.0; HUAWEI VNS-L31 Build/HUAWEIVNS-L31) AppleWebKit/537.36 (KHTML, like Gecko) Chrome/68.0.3440.85 Mobile Safari/537.36" 
5.90.211.230 - - [06/Aug/2018:02:23:49 -0700] "GET /twitter-icon.png HTTP/1.1" 200 27787 "http://www.secrepo.com/" "Mozilla/5.0 (Linux; Android 7.0; HUAWEI VNS-L31 Build/HUAWEIVNS-L31) AppleWebKit/537.36 (KHTML, like Gecko) Chrome/68.0.3440.85 Mobile Safari/537.36" 
5.90.211.230 - - [06/Aug/2018:02:23:50 -0700] "GET /GitHub-Mark.png HTTP/1.1" 200 7428 "http://www.secrepo.com/" "Mozilla/5.0 (Linux; Android 7.0; HUAWEI VNS-L31 Build/HUAWEIVNS-L31) AppleWebKit/537.36 (KHTML, like Gecko) Chrome/68.0.3440.85 Mobile Safari/537.36" 
5.90.211.230 - - [06/Aug/2018:02:23:51 -0700] "GET /bootstrap/img/favicon.ico HTTP/1.1" 200 589 "http://www.secrepo.com/" "Mozilla/5.0 (Linux; Android 7.0; HUAWEI VNS-L31 Build/HUAWEIVNS-L31) AppleWebKit/537.36 (KHTML, like Gecko) Chrome/68.0.3440.85 Mobile Safari/537.36" 
114.79.166.58 - - [06/Aug/2018:02:24:41 -0700] "GET / HTTP/1.1" 200 11357 "-" "Mozilla/5.0 (Windows NT 10.0; Win64; x64) AppleWebKit/537.36 (KHTML, like Gecko) Chrome/67.0.3396.99 Safari/537.36" 
114.79.166.58 - - [06/Aug/2018:02:24:42 -0700] "GET /twitter-icon.png HTTP/1.1" 200 27787 "http://www.secrepo.com/" "Mozilla/5.0 (Windows NT 10.0; Win64; x64) AppleWebKit/537.36 (KHTML, like Gecko) Chrome/67.0.3396.99 Safari/537.36" 
114.79.166.58 - - [06/Aug/2018:02:24:42 -0700] "GET /GitHub-Mark.png HTTP/1.1" 200 7428 "http://www.secrepo.com/" "Mozilla/5.0 (Windows NT 10.0; Win64; x64) AppleWebKit/537.36 (KHTML, like Gecko) Chrome/67.0.3396.99 Safari/537.36" 
114.79.166.58 - - [06/Aug/2018:02:24:42 -0700] "GET /bootstrap/img/favicon.ico HTTP/1.1" 200 589 "http://www.secrepo.com/" "Mozilla/5.0 (Windows NT 10.0; Win64; x64) AppleWebKit/537.36 (KHTML, like Gecko) Chrome/67.0.3396.99 Safari/537.36" 
54.36.149.21 - - [06/Aug/2018:02:26:19 -0700] "GET /self.logs/error.log.2016-03-15.gz HTTP/1.1" 404 284 "-" "Mozilla/5.0 (compatible; AhrefsBot/5.2; +http://ahrefs.com/robot/)" 
54.36.149.100 - - [06/Aug/2018:02:26:45 -0700] "GET /self.logs/2016/access.log.2016-04-21.gz HTTP/1.1" 200 23625 "-" "Mozilla/5.0 (compatible; AhrefsBot/5.2; +http://ahrefs.com/robot/)" 
108.59.8.70 - - [06/Aug/2018:02:27:28 -0700] "GET /robots.txt HTTP/1.1" 200 289 "-" "Mozilla/5.0 (compatible; MJ12bot/v1.4.8; http://mj12bot.com/)" 
108.59.8.70 - - [06/Aug/2018:02:27:32 -0700] "GET / HTTP/1.1" 200 38539 "-" "Mozilla/5.0 (compatible; MJ12bot/v1.4.8; http://mj12bot.com/)" 
94.130.65.53 - - [06/Aug/2018:02:33:24 -0700] "GET /robots.txt HTTP/1.1" 301 502 "-" "Mozilla/5.0 (compatible; BLEXBot/1.0; +http://webmeup-crawler.com/)" 
94.130.65.53 - - [06/Aug/2018:02:33:25 -0700] "GET /robots.txt HTTP/1.1" 200 334 "-" "Mozilla/5.0 (compatible; BLEXBot/1.0; +http://webmeup-crawler.com/)" 
193.113.37.9 - - [06/Aug/2018:02:34:43 -0700] "GET /browserconfig.xml HTTP/1.1" 404 340 "-" "Mozilla/5.0 (Windows NT 6.3; Win64; x64; Trident/7.0; rv:11.0) like Gecko" 
193.113.37.9 - - [06/Aug/2018:02:34:43 -0700] "GET /bootstrap/img/favicon.ico HTTP/1.1" 304 165 "-" "Mozilla/5.0 (Windows NT 6.3; Win64; x64; Trident/7.0; rv:11.0) like Gecko" 
59.64.129.120 - - [06/Aug/2018:02:39:43 -0700] "GET / HTTP/1.1" 200 11357 "-" "Mozilla/5.0 (Windows NT 10.0; Win64; x64) AppleWebKit/537.36 (KHTML, like Gecko) Chrome/67.0.3396.62 Safari/537.36" 
59.64.129.120 - - [06/Aug/2018:02:39:43 -0700] "GET /twitter-icon.png HTTP/1.1" 200 27787 "http://www.secrepo.com/" "Mozilla/5.0 (Windows NT 10.0; Win64; x64) AppleWebKit/537.36 (KHTML, like Gecko) Chrome/67.0.3396.62 Safari/537.36" 
59.64.129.120 - - [06/Aug/2018:02:39:44 -0700] "GET /GitHub-Mark.png HTTP/1.1" 200 7428 "http://www.secrepo.com/" "Mozilla/5.0 (Windows NT 10.0; Win64; x64) AppleWebKit/537.36 (KHTML, like Gecko) Chrome/67.0.3396.62 Safari/537.36" 
59.64.129.120 - - [06/Aug/2018:02:39:45 -0700] "GET /bootstrap/img/favicon.ico HTTP/1.1" 200 589 "http://www.secrepo.com/" "Mozilla/5.0 (Windows NT 10.0; Win64; x64) AppleWebKit/537.36 (KHTML, like Gecko) Chrome/67.0.3396.62 Safari/537.36" 
59.64.129.120 - - [06/Aug/2018:02:40:09 -0700] "GET /pe_static/op-cleaver.zip HTTP/1.1" 200 710065 "-" "Mozilla/5.0 (Windows NT 10.0; Win64; x64) AppleWebKit/537.36 (KHTML, like Gecko) Chrome/67.0.3396.62 Safari/537.36" 
54.36.149.5 - - [06/Aug/2018:02:42:28 -0700] "GET /self.logs/error.log.2015-10-08.gz HTTP/1.1" 404 284 "-" "Mozilla/5.0 (compatible; AhrefsBot/5.2; +http://ahrefs.com/robot/)" 
94.130.65.53 - - [06/Aug/2018:02:44:02 -0700] "GET /robots.txt HTTP/1.1" 301 502 "-" "Mozilla/5.0 (compatible; BLEXBot/1.0; +http://webmeup-crawler.com/)" 
94.130.65.53 - - [06/Aug/2018:02:44:02 -0700] "GET /robots.txt HTTP/1.1" 200 334 "-" "Mozilla/5.0 (compatible; BLEXBot/1.0; +http://webmeup-crawler.com/)" 
106.38.75.154 - - [06/Aug/2018:02:44:41 -0700] "GET / HTTP/1.1" 200 11357 "-" "Mozilla/5.0 (Windows NT 10.0; Win64; x64) AppleWebKit/537.36 (KHTML, like Gecko) Chrome/58.0.3029.110 Safari/537.36 Edge/16.16299" 
106.38.75.154 - - [06/Aug/2018:02:44:42 -0700] "GET /GitHub-Mark.png HTTP/1.1" 200 7427 "http://www.secrepo.com/" "Mozilla/5.0 (Windows NT 10.0; Win64; x64) AppleWebKit/537.36 (KHTML, like Gecko) Chrome/58.0.3029.110 Safari/537.36 Edge/16.16299" 
106.38.75.154 - - [06/Aug/2018:02:44:42 -0700] "GET /twitter-icon.png HTTP/1.1" 200 27788 "http://www.secrepo.com/" "Mozilla/5.0 (Windows NT 10.0; Win64; x64) AppleWebKit/537.36 (KHTML, like Gecko) Chrome/58.0.3029.110 Safari/537.36 Edge/16.16299" 
106.38.75.154 - - [06/Aug/2018:02:44:42 -0700] "GET /bootstrap/img/favicon.ico HTTP/1.1" 200 590 "-" "Mozilla/5.0 (Windows NT 10.0; Win64; x64) AppleWebKit/537.36 (KHTML, like Gecko) Chrome/58.0.3029.110 Safari/537.36 Edge/16.16299" 
54.36.148.96 - - [06/Aug/2018:02:46:44 -0700] "GET /self.logs/access.log.2015-01-30.gz HTTP/1.1" 404 284 "-" "Mozilla/5.0 (compatible; AhrefsBot/5.2; +http://ahrefs.com/robot/)" 
79.49.4.177 - - [06/Aug/2018:02:48:32 -0700] "GET /wp-login.php HTTP/1.1" 418 732 "-" "Mozilla/5.0 (Windows NT 6.1; WOW64; rv:40.0) Gecko/20100101 Firefox/40.1" 
79.49.4.177 - - [06/Aug/2018:02:48:33 -0700] "GET / HTTP/1.1" 418 732 "-" "Mozilla/5.0 (Windows NT 6.1; WOW64; rv:40.0) Gecko/20100101 Firefox/40.1" 
144.132.101.238 - - [06/Aug/2018:02:49:29 -0700] "GET / HTTP/1.1" 200 11357 "-" "Mozilla/5.0 (Macintosh; Intel Mac OS X 10_13_3) AppleWebKit/537.36 (KHTML, like Gecko) Chrome/67.0.3396.99 Safari/537.36" 
144.132.101.238 - - [06/Aug/2018:02:49:30 -0700] "GET /twitter-icon.png HTTP/1.1" 200 27787 "http://www.secrepo.com/" "Mozilla/5.0 (Macintosh; Intel Mac OS X 10_13_3) AppleWebKit/537.36 (KHTML, like Gecko) Chrome/67.0.3396.99 Safari/537.36" 
144.132.101.238 - - [06/Aug/2018:02:49:30 -0700] "GET /GitHub-Mark.png HTTP/1.1" 200 7428 "http://www.secrepo.com/" "Mozilla/5.0 (Macintosh; Intel Mac OS X 10_13_3) AppleWebKit/537.36 (KHTML, like Gecko) Chrome/67.0.3396.99 Safari/537.36" 
54.36.148.87 - - [06/Aug/2018:02:50:35 -0700] "GET /self.logs/error.log.2018-06-18.gz HTTP/1.1" 200 7338 "-" "Mozilla/5.0 (compatible; AhrefsBot/5.2; +http://ahrefs.com/robot/)" 
94.130.65.53 - - [06/Aug/2018:02:54:12 -0700] "GET /robots.txt HTTP/1.1" 301 502 "-" "Mozilla/5.0 (compatible; BLEXBot/1.0; +http://webmeup-crawler.com/)" 
94.130.65.53 - - [06/Aug/2018:02:54:13 -0700] "GET /robots.txt HTTP/1.1" 200 334 "-" "Mozilla/5.0 (compatible; BLEXBot/1.0; +http://webmeup-crawler.com/)" 
62.4.55.162 - - [06/Aug/2018:03:00:23 -0700] "GET /wp-login.php HTTP/1.1" 418 732 "-" "Mozilla/5.0 (Windows NT 6.1; WOW64; rv:40.0) Gecko/20100101 Firefox/40.1" 
62.4.55.162 - - [06/Aug/2018:03:00:23 -0700] "GET / HTTP/1.1" 418 732 "-" "Mozilla/5.0 (Windows NT 6.1; WOW64; rv:40.0) Gecko/20100101 Firefox/40.1" 
49.146.8.79 - - [06/Aug/2018:03:00:56 -0700] "GET /honeypot/Honeypot%20-%20Howto%20-%20BSides%20Austin.pdf HTTP/1.1" 200 1273286 "http://www.secrepo.com/" "Mozilla/5.0 (Windows NT 6.1; WOW64) AppleWebKit/537.36 (KHTML, like Gecko) Chrome/61.0.3163.31 Safari/537.36" 
94.130.65.53 - - [06/Aug/2018:03:04:20 -0700] "GET /robots.txt HTTP/1.1" 301 502 "-" "Mozilla/5.0 (compatible; BLEXBot/1.0; +http://webmeup-crawler.com/)" 
94.130.65.53 - - [06/Aug/2018:03:04:20 -0700] "GET /robots.txt HTTP/1.1" 200 334 "-" "Mozilla/5.0 (compatible; BLEXBot/1.0; +http://webmeup-crawler.com/)" 
54.36.149.19 - - [06/Aug/2018:03:11:53 -0700] "GET /self.logs/error.log.2015-06-10.gz HTTP/1.1" 404 284 "-" "Mozilla/5.0 (compatible; AhrefsBot/5.2; +http://ahrefs.com/robot/)" 
54.36.148.216 - - [06/Aug/2018:03:11:55 -0700] "GET /self.logs/2016/error.log.2016-09-03.gz HTTP/1.1" 200 633 "-" "Mozilla/5.0 (compatible; AhrefsBot/5.2; +http://ahrefs.com/robot/)" 
116.58.205.120 - - [06/Aug/2018:03:12:22 -0700] "GET /wp-login.php HTTP/1.1" 418 732 "-" "Mozilla/5.0 (Windows NT 6.1; WOW64; rv:40.0) Gecko/20100101 Firefox/40.1" 
116.58.205.120 - - [06/Aug/2018:03:12:23 -0700] "GET / HTTP/1.1" 418 732 "-" "Mozilla/5.0 (Windows NT 6.1; WOW64; rv:40.0) Gecko/20100101 Firefox/40.1" 
113.171.224.176 - - [06/Aug/2018:03:12:32 -0700] "GET /honeypot/Honeypot%20-%20Howto.pdf HTTP/1.1" 200 46720 "-" "Mozilla/5.0 Gecko/20100115 Firefox/3.6" 
101.199.110.109 - - [06/Aug/2018:03:12:55 -0700] "GET / HTTP/1.1" 200 11357 "-" "Mozilla/5.0 (Windows NT 6.1) AppleWebKit/537.36 (KHTML, like Gecko) Chrome/36.0.1985.125 Safari/537.36" 
41.223.160.173 - - [06/Aug/2018:03:12:55 -0700] "GET /tg/tg_snort_fast.7z HTTP/1.1" 304 131 "-" "Mozilla/5.0 Gecko/20100115 Firefox/3.6" 
123.125.67.165 - - [06/Aug/2018:03:13:46 -0700] "GET /robots.txt HTTP/1.1" 200 297 "-" "Mozilla/5.0 (Windows NT 10.0; WOW64) AppleWebKit/537.36 (KHTML, like Gecko) Chrome/45.0.2454.93 Safari/537.36" 
123.125.67.165 - - [06/Aug/2018:03:13:48 -0700] "GET /robots.txt HTTP/1.1" 200 297 "-" "Mozilla/5.0 (Windows NT 10.0; WOW64) AppleWebKit/537.36 (KHTML, like Gecko) Chrome/45.0.2454.93 Safari/537.36" 
220.181.108.165 - - [06/Aug/2018:03:13:50 -0700] "GET /robots.txt HTTP/1.1" 200 297 "-" "Mozilla/5.0 (compatible; Baiduspider/2.0; +http://www.baidu.com/search/spider.html)" 
185.38.187.116 - - [06/Aug/2018:03:13:55 -0700] "GET / HTTP/1.1" 200 11301 "-" "Mozilla/5.0 (compatible; MSIE 10.0; Windows NT 6.1; Trident/6.0)" 
94.130.65.53 - - [06/Aug/2018:03:14:30 -0700] "GET /robots.txt HTTP/1.1" 301 502 "-" "Mozilla/5.0 (compatible; BLEXBot/1.0; +http://webmeup-crawler.com/)" 
94.130.65.53 - - [06/Aug/2018:03:14:30 -0700] "GET /robots.txt HTTP/1.1" 200 334 "-" "Mozilla/5.0 (compatible; BLEXBot/1.0; +http://webmeup-crawler.com/)" 
37.115.153.54 - - [06/Aug/2018:03:14:59 -0700] "GET /honeypot/BSidesDFW+-+2014.ipynb HTTP/1.0" 404 284 "http://www.secrepo.com/honeypot/BSidesDFW+-+2014.ipynb" "Mozilla/5.0 (Windows NT 10.0; WOW64; rv:45.0) Gecko/20100101 Firefox/45.0" 
37.115.153.54 - - [06/Aug/2018:03:14:59 -0700] "GET / HTTP/1.0" 200 38584 "http://www.secrepo.com/" "Mozilla/5.0 (Windows NT 10.0; WOW64; rv:45.0) Gecko/20100101 Firefox/45.0" 
188.13.181.3 - - [06/Aug/2018:03:17:40 -0700] "GET /wp-login.php HTTP/1.1" 418 732 "-" "Mozilla/5.0 (Windows NT 6.1; WOW64; rv:40.0) Gecko/20100101 Firefox/40.1" 
188.13.181.3 - - [06/Aug/2018:03:17:40 -0700] "GET / HTTP/1.1" 418 732 "-" "Mozilla/5.0 (Windows NT 6.1; WOW64; rv:40.0) Gecko/20100101 Firefox/40.1" 
66.249.66.84 - - [06/Aug/2018:03:21:19 -0700] "GET / HTTP/1.1" 200 11357 "-" "Mozilla/5.0 (Linux; Android 6.0.1; Nexus 5X Build/MMB29P) AppleWebKit/537.36 (KHTML, like Gecko) Chrome/41.0.2272.96 Mobile Safari/537.36 (compatible; Googlebot/2.1; +http://www.google.com/bot.html)" 
94.130.65.53 - - [06/Aug/2018:03:24:39 -0700] "GET /robots.txt HTTP/1.1" 301 502 "-" "Mozilla/5.0 (compatible; BLEXBot/1.0; +http://webmeup-crawler.com/)" 
94.130.65.53 - - [06/Aug/2018:03:24:39 -0700] "GET /robots.txt HTTP/1.1" 200 334 "-" "Mozilla/5.0 (compatible; BLEXBot/1.0; +http://webmeup-crawler.com/)" 
151.80.31.153 - - [06/Aug/2018:03:32:50 -0700] "GET /robots.txt HTTP/1.1" 200 304 "-" "Mozilla/5.0 (compatible; AhrefsBot/5.2; +http://ahrefs.com/robot/)" 
151.80.31.153 - - [06/Aug/2018:03:33:00 -0700] "GET /self.logs/error.log.2015-09-06.gz HTTP/1.1" 404 284 "-" "Mozilla/5.0 (compatible; AhrefsBot/5.2; +http://ahrefs.com/robot/)" 
37.115.153.54 - - [06/Aug/2018:03:34:42 -0700] "GET /honeypot/BSidesDFW+-+2014.ipynb HTTP/1.0" 404 284 "http://www.secrepo.com/honeypot/BSidesDFW+-+2014.ipynb" "Mozilla/5.0 (Windows NT 5.1; rv:52.0) Gecko/20100101 Firefox/52.0" 
37.115.153.54 - - [06/Aug/2018:03:34:42 -0700] "GET / HTTP/1.0" 200 38584 "http://www.secrepo.com/" "Mozilla/5.0 (Windows NT 5.1; rv:52.0) Gecko/20100101 Firefox/52.0" 
94.130.65.53 - - [06/Aug/2018:03:34:56 -0700] "GET /robots.txt HTTP/1.1" 301 502 "-" "Mozilla/5.0 (compatible; BLEXBot/1.0; +http://webmeup-crawler.com/)" 
94.130.65.53 - - [06/Aug/2018:03:34:56 -0700] "GET /robots.txt HTTP/1.1" 200 334 "-" "Mozilla/5.0 (compatible; BLEXBot/1.0; +http://webmeup-crawler.com/)" 
39.109.173.55 - - [06/Aug/2018:03:34:57 -0700] "GET /wp-login.php HTTP/1.1" 418 732 "-" "Mozilla/5.0 (Windows NT 6.1; WOW64; rv:40.0) Gecko/20100101 Firefox/40.1" 
39.109.173.55 - - [06/Aug/2018:03:34:58 -0700] "GET / HTTP/1.1" 418 732 "-" "Mozilla/5.0 (Windows NT 6.1; WOW64; rv:40.0) Gecko/20100101 Firefox/40.1" 
182.75.45.1 - - [06/Aug/2018:03:35:01 -0700] "GET / HTTP/1.1" 200 11357 "https://www.google.co.in/" "Mozilla/5.0 (Windows NT 10.0; Win64; x64) AppleWebKit/537.36 (KHTML, like Gecko) Chrome/68.0.3440.84 Safari/537.36" 
182.75.45.1 - - [06/Aug/2018:03:35:01 -0700] "GET /twitter-icon.png HTTP/1.1" 200 27787 "http://www.secrepo.com/" "Mozilla/5.0 (Windows NT 10.0; Win64; x64) AppleWebKit/537.36 (KHTML, like Gecko) Chrome/68.0.3440.84 Safari/537.36" 
182.75.45.1 - - [06/Aug/2018:03:35:02 -0700] "GET /GitHub-Mark.png HTTP/1.1" 200 7428 "http://www.secrepo.com/" "Mozilla/5.0 (Windows NT 10.0; Win64; x64) AppleWebKit/537.36 (KHTML, like Gecko) Chrome/68.0.3440.84 Safari/537.36" 
182.75.45.1 - - [06/Aug/2018:03:35:03 -0700] "GET /bootstrap/img/favicon.ico HTTP/1.1" 200 589 "http://www.secrepo.com/" "Mozilla/5.0 (Windows NT 10.0; Win64; x64) AppleWebKit/537.36 (KHTML, like Gecko) Chrome/68.0.3440.84 Safari/537.36" 
123.125.67.157 - - [06/Aug/2018:03:35:59 -0700] "GET / HTTP/1.1" 200 11320 "-" "Mozilla/5.0 (Windows NT 10.0; WOW64) AppleWebKit/537.36 (KHTML, like Gecko) Chrome/45.0.2454.93 Safari/537.36" 
123.125.71.32 - - [06/Aug/2018:03:35:59 -0700] "GET / HTTP/1.1" 200 11320 "-" "Mozilla/5.0 (compatible; Baiduspider/2.0; +http://www.baidu.com/search/spider.html)" 
66.249.66.82 - - [06/Aug/2018:03:41:06 -0700] "GET /favicon.ico HTTP/1.1" 200 268 "-" "Googlebot-Image/1.0" 
160.153.154.6 - - [06/Aug/2018:03:41:30 -0700] "GET / HTTP/1.1" 200 38539 "-" "Mozilla/5.0 (Windows NT 6.1; WOW64) AppleWebKit/537.36 (KHTML, like Gecko) Chrome/33.0.1750.154 Safari/537.36" 
115.73.223.85 - - [06/Aug/2018:03:42:50 -0700] "GET / HTTP/1.1" 200 11357 "-" "Mozilla/5.0 (Windows NT 10.0; Win64; x64) AppleWebKit/537.36 (KHTML, like Gecko) Chrome/67.0.3396.99 Safari/537.36" 
115.73.223.85 - - [06/Aug/2018:03:42:51 -0700] "GET /GitHub-Mark.png HTTP/1.1" 200 7427 "http://www.secrepo.com/" "Mozilla/5.0 (Windows NT 10.0; Win64; x64) AppleWebKit/537.36 (KHTML, like Gecko) Chrome/67.0.3396.99 Safari/537.36" 
115.73.223.85 - - [06/Aug/2018:03:42:51 -0700] "GET /robots.txt?1533552170391 HTTP/1.1" 200 334 "-" "Mozilla/5.0 (Windows NT 10.0; Win64; x64) AppleWebKit/537.36 (KHTML, like Gecko) Chrome/67.0.3396.99 Safari/537.36" 
115.73.223.85 - - [06/Aug/2018:03:42:51 -0700] "GET /bootstrap/img/favicon.ico HTTP/1.1" 200 589 "http://www.secrepo.com/" "Mozilla/5.0 (Windows NT 10.0; Win64; x64) AppleWebKit/537.36 (KHTML, like Gecko) Chrome/67.0.3396.99 Safari/537.36" 
193.113.37.9 - - [06/Aug/2018:03:43:10 -0700] "GET /browserconfig.xml HTTP/1.1" 404 340 "-" "Mozilla/5.0 (Windows NT 6.3; Win64; x64; Trident/7.0; rv:11.0) like Gecko" 
23.108.80.146 - - [06/Aug/2018:03:43:34 -0700] "GET /honeypot/Honeypot%20-%20Howto%20-%20BSides%20Austin.pdf HTTP/1.0" 200 1172380 "http://www.secrepo.com/" "Mozilla/5.0 (Windows NT 6.1; WOW64) AppleWebKit/537.36 (KHTML, like Gecko) Chrome/66.0.3359.139 Safari/537.36" 
94.130.65.53 - - [06/Aug/2018:03:45:00 -0700] "GET /robots.txt HTTP/1.1" 301 502 "-" "Mozilla/5.0 (compatible; BLEXBot/1.0; +http://webmeup-crawler.com/)" 
94.130.65.53 - - [06/Aug/2018:03:45:00 -0700] "GET /robots.txt HTTP/1.1" 200 334 "-" "Mozilla/5.0 (compatible; BLEXBot/1.0; +http://webmeup-crawler.com/)" 
122.15.156.179 - - [06/Aug/2018:03:46:30 -0700] "GET / HTTP/1.1" 200 11301 "-" "Mozilla/5.0 (Macintosh; Intel Mac OS X 10_12_6) AppleWebKit/537.36 (KHTML, like Gecko) Chrome/67.0.3396.99 Safari/537.36" 
122.15.156.179 - - [06/Aug/2018:03:46:30 -0700] "GET /GitHub-Mark.png HTTP/1.1" 304 110 "http://www.secrepo.com/" "Mozilla/5.0 (Macintosh; Intel Mac OS X 10_12_6) AppleWebKit/537.36 (KHTML, like Gecko) Chrome/67.0.3396.99 Safari/537.36" 
122.15.156.179 - - [06/Aug/2018:03:46:31 -0700] "GET /twitter-icon.png HTTP/1.1" 200 27732 "http://www.secrepo.com/" "Mozilla/5.0 (Macintosh; Intel Mac OS X 10_12_6) AppleWebKit/537.36 (KHTML, like Gecko) Chrome/67.0.3396.99 Safari/537.36" 
122.15.156.179 - - [06/Aug/2018:03:46:36 -0700] "GET /bootstrap/img/favicon.ico HTTP/1.1" 304 109 "http://www.secrepo.com/" "Mozilla/5.0 (Macintosh; Intel Mac OS X 10_12_6) AppleWebKit/537.36 (KHTML, like Gecko) Chrome/67.0.3396.99 Safari/537.36" 
195.18.234.180 - - [06/Aug/2018:03:48:59 -0700] "GET / HTTP/1.1" 200 11357 "-" "Mozilla/5.0 (Windows NT 10.0; Win64; x64) AppleWebKit/537.36 (KHTML, like Gecko) Chrome/67.0.3396.99 Safari/537.36" 
195.18.234.180 - - [06/Aug/2018:03:49:00 -0700] "GET /twitter-icon.png HTTP/1.1" 200 27787 "http://www.secrepo.com/" "Mozilla/5.0 (Windows NT 10.0; Win64; x64) AppleWebKit/537.36 (KHTML, like Gecko) Chrome/67.0.3396.99 Safari/537.36" 
195.18.234.180 - - [06/Aug/2018:03:49:00 -0700] "GET /GitHub-Mark.png HTTP/1.1" 200 7428 "http://www.secrepo.com/" "Mozilla/5.0 (Windows NT 10.0; Win64; x64) AppleWebKit/537.36 (KHTML, like Gecko) Chrome/67.0.3396.99 Safari/537.36" 
195.18.234.180 - - [06/Aug/2018:03:49:00 -0700] "GET /bootstrap/img/favicon.ico HTTP/1.1" 200 589 "http://www.secrepo.com/" "Mozilla/5.0 (Windows NT 10.0; Win64; x64) AppleWebKit/537.36 (KHTML, like Gecko) Chrome/67.0.3396.99 Safari/537.36" 
204.141.42.194 - - [06/Aug/2018:03:51:06 -0700] "GET / HTTP/1.1" 200 38595 "-" "Mozilla/5.0 (Macintosh; Intel Mac OS X 10_12_6) AppleWebKit/537.36 (KHTML, like Gecko) Chrome/67.0.3396.99 Safari/537.36" 
131.251.254.42 - - [06/Aug/2018:03:51:32 -0700] "GET / HTTP/1.1" 200 11357 "https://www.google.co.uk/" "Mozilla/5.0 (X11; Linux x86_64) AppleWebKit/537.36 (KHTML, like Gecko) Chrome/67.0.3396.62 Safari/537.36" 
131.251.254.42 - - [06/Aug/2018:03:51:33 -0700] "GET /twitter-icon.png HTTP/1.1" 200 27787 "http://www.secrepo.com/" "Mozilla/5.0 (X11; Linux x86_64) AppleWebKit/537.36 (KHTML, like Gecko) Chrome/67.0.3396.62 Safari/537.36" 
131.251.254.42 - - [06/Aug/2018:03:51:33 -0700] "GET /GitHub-Mark.png HTTP/1.1" 200 7428 "http://www.secrepo.com/" "Mozilla/5.0 (X11; Linux x86_64) AppleWebKit/537.36 (KHTML, like Gecko) Chrome/67.0.3396.62 Safari/537.36" 
131.251.254.42 - - [06/Aug/2018:03:51:34 -0700] "GET /bootstrap/img/favicon.ico HTTP/1.1" 200 589 "http://www.secrepo.com/" "Mozilla/5.0 (X11; Linux x86_64) AppleWebKit/537.36 (KHTML, like Gecko) Chrome/67.0.3396.62 Safari/537.36" 
94.130.65.53 - - [06/Aug/2018:03:56:53 -0700] "GET /robots.txt HTTP/1.1" 301 502 "-" "Mozilla/5.0 (compatible; BLEXBot/1.0; +http://webmeup-crawler.com/)" 
94.130.65.53 - - [06/Aug/2018:03:56:54 -0700] "GET /robots.txt HTTP/1.1" 200 334 "-" "Mozilla/5.0 (compatible; BLEXBot/1.0; +http://webmeup-crawler.com/)" 
163.1.150.134 - - [06/Aug/2018:03:58:51 -0700] "GET / HTTP/1.1" 200 11357 "-" "Mozilla/5.0 (Windows NT 10.0; Win64; x64) AppleWebKit/537.36 (KHTML, like Gecko) Chrome/68.0.3440.84 Safari/537.36" 
163.1.150.134 - - [06/Aug/2018:03:58:51 -0700] "GET /twitter-icon.png HTTP/1.1" 200 27787 "http://www.secrepo.com/" "Mozilla/5.0 (Windows NT 10.0; Win64; x64) AppleWebKit/537.36 (KHTML, like Gecko) Chrome/68.0.3440.84 Safari/537.36" 
163.1.150.134 - - [06/Aug/2018:03:58:51 -0700] "GET /GitHub-Mark.png HTTP/1.1" 200 7427 "http://www.secrepo.com/" "Mozilla/5.0 (Windows NT 10.0; Win64; x64) AppleWebKit/537.36 (KHTML, like Gecko) Chrome/68.0.3440.84 Safari/537.36" 
163.1.150.134 - - [06/Aug/2018:03:58:53 -0700] "GET /bootstrap/img/favicon.ico HTTP/1.1" 200 589 "http://www.secrepo.com/" "Mozilla/5.0 (Windows NT 10.0; Win64; x64) AppleWebKit/537.36 (KHTML, like Gecko) Chrome/68.0.3440.84 Safari/537.36" 
54.36.149.46 - - [06/Aug/2018:04:00:31 -0700] "GET /self.logs/2016/access.log.2016-07-31.gz HTTP/1.1" 200 7105 "-" "Mozilla/5.0 (compatible; AhrefsBot/5.2; +http://ahrefs.com/robot/)" 
54.36.148.171 - - [06/Aug/2018:04:00:48 -0700] "GET /self.logs/error.log.2016-03-18.gz HTTP/1.1" 404 284 "-" "Mozilla/5.0 (compatible; AhrefsBot/5.2; +http://ahrefs.com/robot/)" 
61.16.140.130 - - [06/Aug/2018:04:02:43 -0700] "GET / HTTP/1.1" 200 11357 "-" "Mozilla/5.0 (Windows NT 10.0; Win64; x64) AppleWebKit/537.36 (KHTML, like Gecko) Chrome/67.0.3396.99 Safari/537.36" 
61.16.140.130 - - [06/Aug/2018:04:02:43 -0700] "GET /twitter-icon.png HTTP/1.1" 200 27788 "http://www.secrepo.com/" "Mozilla/5.0 (Windows NT 10.0; Win64; x64) AppleWebKit/537.36 (KHTML, like Gecko) Chrome/67.0.3396.99 Safari/537.36" 
61.16.140.130 - - [06/Aug/2018:04:02:43 -0700] "GET /GitHub-Mark.png HTTP/1.1" 200 7427 "http://www.secrepo.com/" "Mozilla/5.0 (Windows NT 10.0; Win64; x64) AppleWebKit/537.36 (KHTML, like Gecko) Chrome/67.0.3396.99 Safari/537.36" 
61.16.140.130 - - [06/Aug/2018:04:02:45 -0700] "GET /bootstrap/img/favicon.ico HTTP/1.1" 200 589 "http://www.secrepo.com/" "Mozilla/5.0 (Windows NT 10.0; Win64; x64) AppleWebKit/537.36 (KHTML, like Gecko) Chrome/67.0.3396.99 Safari/537.36" 
79.170.40.241 - - [06/Aug/2018:04:03:26 -0700] "GET /wp-admin/ HTTP/1.1" 301 479 "-" "-" 
61.16.140.130 - - [06/Aug/2018:04:04:54 -0700] "GET /maccdc2012/dhcp.log.gz HTTP/1.1" 200 45019 "-" "Mozilla/5.0 (Windows NT 10.0; Win64; x64) AppleWebKit/537.36 (KHTML, like Gecko) Chrome/67.0.3396.99 Safari/537.36" 
61.16.140.130 - - [06/Aug/2018:04:05:09 -0700] "GET /pe_static/zeus.zip HTTP/1.1" 200 808840 "-" "Mozilla/5.0 (Windows NT 10.0; Win64; x64) AppleWebKit/537.36 (KHTML, like Gecko) Chrome/67.0.3396.99 Safari/537.36" 
61.16.140.130 - - [06/Aug/2018:04:05:15 -0700] "GET /auth.log/auth.log.gz HTTP/1.1" 200 554524 "-" "Mozilla/5.0 (Windows NT 10.0; Win64; x64) AppleWebKit/537.36 (KHTML, like Gecko) Chrome/67.0.3396.99 Safari/537.36" 
94.130.65.53 - - [06/Aug/2018:04:07:56 -0700] "GET /robots.txt HTTP/1.1" 301 502 "-" "Mozilla/5.0 (compatible; BLEXBot/1.0; +http://webmeup-crawler.com/)" 
94.130.65.53 - - [06/Aug/2018:04:07:56 -0700] "GET /robots.txt HTTP/1.1" 200 334 "-" "Mozilla/5.0 (compatible; BLEXBot/1.0; +http://webmeup-crawler.com/)" 
182.75.45.1 - - [06/Aug/2018:04:10:20 -0700] "GET / HTTP/1.1" 200 11357 "-" "Mozilla/5.0 (Windows NT 10.0; Win64; x64) AppleWebKit/537.36 (KHTML, like Gecko) Chrome/67.0.3396.99 Safari/537.36" 
182.75.45.1 - - [06/Aug/2018:04:10:21 -0700] "GET /twitter-icon.png HTTP/1.1" 200 27787 "http://www.secrepo.com/" "Mozilla/5.0 (Windows NT 10.0; Win64; x64) AppleWebKit/537.36 (KHTML, like Gecko) Chrome/67.0.3396.99 Safari/537.36" 
182.75.45.1 - - [06/Aug/2018:04:10:21 -0700] "GET /GitHub-Mark.png HTTP/1.1" 200 7428 "http://www.secrepo.com/" "Mozilla/5.0 (Windows NT 10.0; Win64; x64) AppleWebKit/537.36 (KHTML, like Gecko) Chrome/67.0.3396.99 Safari/537.36" 
182.75.45.1 - - [06/Aug/2018:04:10:23 -0700] "GET /bootstrap/img/favicon.ico HTTP/1.1" 200 590 "http://www.secrepo.com/" "Mozilla/5.0 (Windows NT 10.0; Win64; x64) AppleWebKit/537.36 (KHTML, like Gecko) Chrome/67.0.3396.99 Safari/537.36" 
94.130.65.53 - - [06/Aug/2018:04:10:56 -0700] "GET /self.logs/2016/?C=D;O=D HTTP/1.1" 200 7767 "-" "Mozilla/5.0 (compatible; BLEXBot/1.0; +http://webmeup-crawler.com/)" 
94.130.65.53 - - [06/Aug/2018:04:11:11 -0700] "GET /self.logs/2016/?C=M;O=D HTTP/1.1" 200 8020 "-" "Mozilla/5.0 (compatible; BLEXBot/1.0; +http://webmeup-crawler.com/)" 
222.138.222.117 - - [06/Aug/2018:04:11:12 -0700] "GET /favicon.ico HTTP/1.1" 200 268 "-" "Mozilla/5.0 (Windows NT 6.1) AppleWebKit/537.36 (KHTML, like Gecko) Chrome/55.0.2883.87 Safari/537.36" 
94.130.65.53 - - [06/Aug/2018:04:11:22 -0700] "GET /self.logs/2016/?C=N;O=A HTTP/1.1" 200 7741 "-" "Mozilla/5.0 (compatible; BLEXBot/1.0; +http://webmeup-crawler.com/)" 
94.130.65.53 - - [06/Aug/2018:04:11:47 -0700] "GET /self.logs/2016/?C=S;O=D HTTP/1.1" 200 8572 "-" "Mozilla/5.0 (compatible; BLEXBot/1.0; +http://webmeup-crawler.com/)" 
113.171.224.176 - - [06/Aug/2018:04:13:37 -0700] "GET /honeypot/Honeypot%20-%20Howto.pdf HTTP/1.1" 200 46720 "-" "Mozilla/5.0 Gecko/20100115 Firefox/3.6" 
115.73.223.85 - - [06/Aug/2018:04:14:21 -0700] "GET /robots.txt?1533554059954 HTTP/1.1" 200 334 "-" "Mozilla/5.0 (Windows NT 10.0; Win64; x64) AppleWebKit/537.36 (KHTML, like Gecko) Chrome/67.0.3396.99 Safari/537.36" 
50.62.160.99 - - [06/Aug/2018:04:15:52 -0700] "GET /wordpress/wp-admin/ HTTP/1.1" 301 499 "-" "-" 
94.130.65.53 - - [06/Aug/2018:04:18:17 -0700] "GET /robots.txt HTTP/1.1" 301 502 "-" "Mozilla/5.0 (compatible; BLEXBot/1.0; +http://webmeup-crawler.com/)" 
94.130.65.53 - - [06/Aug/2018:04:18:17 -0700] "GET /robots.txt HTTP/1.1" 200 334 "-" "Mozilla/5.0 (compatible; BLEXBot/1.0; +http://webmeup-crawler.com/)" 
81.95.233.241 - - [06/Aug/2018:04:19:15 -0700] "GET / HTTP/1.0" 200 11357 "-" "Mozilla/5.0 (X11; Ubuntu; Linux x86_64; rv:58.0) Gecko/20100101 Firefox/58.0" 
81.95.233.241 - - [06/Aug/2018:04:19:41 -0700] "GET /GitHub-Mark.png HTTP/1.0" 200 7428 "http://www.secrepo.com/" "Mozilla/5.0 (X11; Ubuntu; Linux x86_64; rv:58.0) Gecko/20100101 Firefox/58.0" 
81.95.233.241 - - [06/Aug/2018:04:19:41 -0700] "GET /twitter-icon.png HTTP/1.0" 200 27788 "http://www.secrepo.com/" "Mozilla/5.0 (X11; Ubuntu; Linux x86_64; rv:58.0) Gecko/20100101 Firefox/58.0" 
81.95.233.241 - - [06/Aug/2018:04:19:41 -0700] "GET /bootstrap/img/favicon.ico HTTP/1.0" 200 590 "-" "Mozilla/5.0 (X11; Ubuntu; Linux x86_64; rv:58.0) Gecko/20100101 Firefox/58.0" 
108.59.8.80 - - [06/Aug/2018:04:20:08 -0700] "GET /robots.txt HTTP/1.1" 200 289 "-" "Mozilla/5.0 (compatible; MJ12bot/v1.4.8; http://mj12bot.com/)" 
191.189.23.122 - - [06/Aug/2018:04:20:08 -0700] "GET /wp-login.php HTTP/1.1" 418 732 "-" "Mozilla/5.0 (Windows NT 6.1; WOW64; rv:40.0) Gecko/20100101 Firefox/40.1" 
191.189.23.122 - - [06/Aug/2018:04:20:09 -0700] "GET / HTTP/1.1" 418 732 "-" "Mozilla/5.0 (Windows NT 6.1; WOW64; rv:40.0) Gecko/20100101 Firefox/40.1" 
108.59.8.80 - - [06/Aug/2018:04:20:11 -0700] "GET / HTTP/1.1" 200 38539 "-" "Mozilla/5.0 (compatible; MJ12bot/v1.4.8; http://mj12bot.com/)" 
178.33.26.227 - - [06/Aug/2018:04:22:10 -0700] "GET /blog/wp-admin/ HTTP/1.1" 301 489 "-" "-" 
111.19.60.58 - - [06/Aug/2018:04:23:09 -0700] "GET / HTTP/1.1" 200 11357 "-" "Mozilla/5.0 (Macintosh; Intel Mac OS X 10_13_6) AppleWebKit/605.1.15 (KHTML, like Gecko) Version/11.1.2 Safari/605.1.15" 
45.33.114.180 - - [06/Aug/2018:04:28:09 -0700] "GET /wp/wp-admin/ HTTP/1.1" 301 485 "-" "-" 
94.130.65.53 - - [06/Aug/2018:04:28:26 -0700] "GET /robots.txt HTTP/1.1" 301 502 "-" "Mozilla/5.0 (compatible; BLEXBot/1.0; +http://webmeup-crawler.com/)" 
94.130.65.53 - - [06/Aug/2018:04:28:26 -0700] "GET /robots.txt HTTP/1.1" 200 334 "-" "Mozilla/5.0 (compatible; BLEXBot/1.0; +http://webmeup-crawler.com/)" 
54.36.148.183 - - [06/Aug/2018:04:29:29 -0700] "GET /self.logs/error.log.2018-04-03.gz HTTP/1.1" 200 5906 "-" "Mozilla/5.0 (compatible; AhrefsBot/5.2; +http://ahrefs.com/robot/)" 
45.249.41.138 - - [06/Aug/2018:04:33:36 -0700] "GET /wp-login.php HTTP/1.1" 418 732 "-" "Mozilla/5.0 (Windows NT 6.1; WOW64; rv:40.0) Gecko/20100101 Firefox/40.1" 
45.249.41.138 - - [06/Aug/2018:04:33:36 -0700] "GET / HTTP/1.1" 418 732 "-" "Mozilla/5.0 (Windows NT 6.1; WOW64; rv:40.0) Gecko/20100101 Firefox/40.1" 
109.102.111.76 - - [06/Aug/2018:04:34:01 -0700] "GET / HTTP/1.1" 200 38595 "-" "Java/1.7.0_79" 
109.102.111.76 - - [06/Aug/2018:04:34:02 -0700] "GET /GitHub-Mark.png HTTP/1.1" 200 7427 "-" "Java/1.7.0_79" 
109.102.111.76 - - [06/Aug/2018:04:34:02 -0700] "GET /self.logs HTTP/1.1" 301 517 "-" "Java/1.7.0_79" 
109.102.111.76 - - [06/Aug/2018:04:34:02 -0700] "GET /self.logs/ HTTP/1.1" 200 111574 "-" "Java/1.7.0_79" 
109.102.111.76 - - [06/Aug/2018:04:34:04 -0700] "GET /twitter-icon.png HTTP/1.1" 200 27787 "-" "Java/1.7.0_79" 
109.102.111.76 - - [06/Aug/2018:04:34:05 -0700] "GET /access.log.2017-01-01.gz HTTP/1.1" 404 294 "-" "Java/1.7.0_79" 
109.102.111.76 - - [06/Aug/2018:04:34:05 -0700] "GET /access.log.2017-01-02.gz HTTP/1.1" 404 294 "-" "Java/1.7.0_79" 
109.102.111.76 - - [06/Aug/2018:04:34:05 -0700] "GET /access.log.2017-01-03.gz HTTP/1.1" 404 294 "-" "Java/1.7.0_79" 
109.102.111.76 - - [06/Aug/2018:04:34:05 -0700] "GET /access.log.2017-01-04.gz HTTP/1.1" 404 294 "-" "Java/1.7.0_79" 
109.102.111.76 - - [06/Aug/2018:04:34:05 -0700] "GET /access.log.2017-01-05.gz HTTP/1.1" 404 294 "-" "Java/1.7.0_79" 
109.102.111.76 - - [06/Aug/2018:04:34:05 -0700] "GET /access.log.2017-01-06.gz HTTP/1.1" 404 294 "-" "Java/1.7.0_79" 
109.102.111.76 - - [06/Aug/2018:04:34:05 -0700] "GET /access.log.2017-01-07.gz HTTP/1.1" 404 294 "-" "Java/1.7.0_79" 
109.102.111.76 - - [06/Aug/2018:04:34:06 -0700] "GET /access.log.2017-01-08.gz HTTP/1.1" 404 294 "-" "Java/1.7.0_79" 
109.102.111.76 - - [06/Aug/2018:04:34:06 -0700] "GET /access.log.2017-01-09.gz HTTP/1.1" 404 294 "-" "Java/1.7.0_79" 
109.102.111.76 - - [06/Aug/2018:04:34:06 -0700] "GET /access.log.2017-01-10.gz HTTP/1.1" 404 294 "-" "Java/1.7.0_79" 
109.102.111.76 - - [06/Aug/2018:04:34:06 -0700] "GET /access.log.2017-01-11.gz HTTP/1.1" 404 294 "-" "Java/1.7.0_79" 
109.102.111.76 - - [06/Aug/2018:04:34:06 -0700] "GET /access.log.2017-01-12.gz HTTP/1.1" 404 294 "-" "Java/1.7.0_79" 
109.102.111.76 - - [06/Aug/2018:04:34:06 -0700] "GET /access.log.2017-01-13.gz HTTP/1.1" 404 294 "-" "Java/1.7.0_79" 
109.102.111.76 - - [06/Aug/2018:04:34:06 -0700] "GET /access.log.2017-01-14.gz HTTP/1.1" 404 294 "-" "Java/1.7.0_79" 
109.102.111.76 - - [06/Aug/2018:04:34:07 -0700] "GET /access.log.2017-01-15.gz HTTP/1.1" 404 294 "-" "Java/1.7.0_79" 
109.102.111.76 - - [06/Aug/2018:04:34:07 -0700] "GET /access.log.2017-01-16.gz HTTP/1.1" 404 294 "-" "Java/1.7.0_79" 
109.102.111.76 - - [06/Aug/2018:04:34:07 -0700] "GET /access.log.2017-01-17.gz HTTP/1.1" 404 294 "-" "Java/1.7.0_79" 
109.102.111.76 - - [06/Aug/2018:04:34:07 -0700] "GET /access.log.2017-01-18.gz HTTP/1.1" 404 294 "-" "Java/1.7.0_79" 
109.102.111.76 - - [06/Aug/2018:04:34:07 -0700] "GET /access.log.2017-01-19.gz HTTP/1.1" 404 294 "-" "Java/1.7.0_79" 
109.102.111.76 - - [06/Aug/2018:04:34:07 -0700] "GET /access.log.2017-01-20.gz HTTP/1.1" 404 294 "-" "Java/1.7.0_79" 
109.102.111.76 - - [06/Aug/2018:04:34:07 -0700] "GET /access.log.2017-01-21.gz HTTP/1.1" 404 294 "-" "Java/1.7.0_79" 
109.102.111.76 - - [06/Aug/2018:04:34:07 -0700] "GET /access.log.2017-01-22.gz HTTP/1.1" 404 294 "-" "Java/1.7.0_79" 
109.102.111.76 - - [06/Aug/2018:04:34:08 -0700] "GET /access.log.2017-01-23.gz HTTP/1.1" 404 294 "-" "Java/1.7.0_79" 
109.102.111.76 - - [06/Aug/2018:04:34:08 -0700] "GET /access.log.2017-01-24.gz HTTP/1.1" 404 294 "-" "Java/1.7.0_79" 
109.102.111.76 - - [06/Aug/2018:04:34:08 -0700] "GET /access.log.2017-01-25.gz HTTP/1.1" 404 294 "-" "Java/1.7.0_79" 
109.102.111.76 - - [06/Aug/2018:04:34:08 -0700] "GET /access.log.2017-01-26.gz HTTP/1.1" 404 294 "-" "Java/1.7.0_79" 
192.185.4.78 - - [06/Aug/2018:04:34:44 -0700] "GET /old/wp-admin/ HTTP/1.1" 301 487 "-" "-" 
137.222.182.115 - - [06/Aug/2018:04:36:29 -0700] "GET / HTTP/1.1" 200 11357 "-" "Mozilla/5.0 (Macintosh; Intel Mac OS X 10_11_6) AppleWebKit/604.4.7 (KHTML, like Gecko) Version/11.0.2 Safari/604.4.7" 
137.222.182.115 - - [06/Aug/2018:04:36:30 -0700] "GET /twitter-icon.png HTTP/1.1" 200 27787 "http://www.secrepo.com/" "Mozilla/5.0 (Macintosh; Intel Mac OS X 10_11_6) AppleWebKit/604.4.7 (KHTML, like Gecko) Version/11.0.2 Safari/604.4.7" 
137.222.182.115 - - [06/Aug/2018:04:36:30 -0700] "GET /GitHub-Mark.png HTTP/1.1" 200 7428 "http://www.secrepo.com/" "Mozilla/5.0 (Macintosh; Intel Mac OS X 10_11_6) AppleWebKit/604.4.7 (KHTML, like Gecko) Version/11.0.2 Safari/604.4.7" 
137.222.182.115 - - [06/Aug/2018:04:36:34 -0700] "GET /bootstrap/img/favicon.ico HTTP/1.1" 200 590 "http://www.secrepo.com/" "Mozilla/5.0 (Macintosh; Intel Mac OS X 10_11_6) AppleWebKit/604.4.7 (KHTML, like Gecko) Version/11.0.2 Safari/604.4.7" 
94.130.65.53 - - [06/Aug/2018:04:38:48 -0700] "GET /robots.txt HTTP/1.1" 301 502 "-" "Mozilla/5.0 (compatible; BLEXBot/1.0; +http://webmeup-crawler.com/)" 
94.130.65.53 - - [06/Aug/2018:04:38:48 -0700] "GET /robots.txt HTTP/1.1" 200 334 "-" "Mozilla/5.0 (compatible; BLEXBot/1.0; +http://webmeup-crawler.com/)" 
66.249.66.84 - - [06/Aug/2018:04:38:51 -0700] "GET /favicon.ico HTTP/1.1" 200 268 "-" "Googlebot-Image/1.0" 
122.15.144.130 - - [06/Aug/2018:04:43:52 -0700] "GET /wp-login.php HTTP/1.1" 418 732 "-" "Mozilla/5.0 (Windows NT 6.1; WOW64; rv:40.0) Gecko/20100101 Firefox/40.1" 
141.89.221.169 - - [06/Aug/2018:04:45:27 -0700] "GET / HTTP/1.1" 200 11357 "-" "Mozilla/5.0 (Macintosh; Intel Mac OS X 10_13_4) AppleWebKit/537.36 (KHTML, like Gecko) Chrome/67.0.3396.99 Safari/537.36" 
141.89.221.169 - - [06/Aug/2018:04:45:27 -0700] "GET /twitter-icon.png HTTP/1.1" 200 27787 "http://www.secrepo.com/" "Mozilla/5.0 (Macintosh; Intel Mac OS X 10_13_4) AppleWebKit/537.36 (KHTML, like Gecko) Chrome/67.0.3396.99 Safari/537.36" 
141.89.221.169 - - [06/Aug/2018:04:45:27 -0700] "GET /GitHub-Mark.png HTTP/1.1" 200 7427 "http://www.secrepo.com/" "Mozilla/5.0 (Macintosh; Intel Mac OS X 10_13_4) AppleWebKit/537.36 (KHTML, like Gecko) Chrome/67.0.3396.99 Safari/537.36" 
141.89.221.169 - - [06/Aug/2018:04:45:28 -0700] "GET /bootstrap/img/favicon.ico HTTP/1.1" 200 589 "http://www.secrepo.com/" "Mozilla/5.0 (Macintosh; Intel Mac OS X 10_13_4) AppleWebKit/537.36 (KHTML, like Gecko) Chrome/67.0.3396.99 Safari/537.36" 
141.89.221.169 - - [06/Aug/2018:04:45:36 -0700] "GET / HTTP/1.1" 304 189 "-" "Mozilla/5.0 (Macintosh; Intel Mac OS X 10_13_4) AppleWebKit/537.36 (KHTML, like Gecko) Chrome/67.0.3396.99 Safari/537.36" 
141.89.221.169 - - [06/Aug/2018:04:45:37 -0700] "GET /bootstrap/img/favicon.ico HTTP/1.1" 200 589 "http://www.secrepo.com/" "Mozilla/5.0 (Macintosh; Intel Mac OS X 10_13_4) AppleWebKit/537.36 (KHTML, like Gecko) Chrome/67.0.3396.99 Safari/537.36" 
195.212.29.160 - - [06/Aug/2018:04:48:10 -0700] "GET / HTTP/1.1" 304 189 "-" "Mozilla/4.0 (compatible;)" 
94.130.65.53 - - [06/Aug/2018:04:48:51 -0700] "GET /robots.txt HTTP/1.1" 301 502 "-" "Mozilla/5.0 (compatible; BLEXBot/1.0; +http://webmeup-crawler.com/)" 
94.130.65.53 - - [06/Aug/2018:04:48:51 -0700] "GET /robots.txt HTTP/1.1" 200 334 "-" "Mozilla/5.0 (compatible; BLEXBot/1.0; +http://webmeup-crawler.com/)" 
112.91.100.218 - - [06/Aug/2018:04:51:06 -0700] "HEAD / HTTP/1.1" 301 246 "http://secrepo.com/" "Mozilla/5.0 (compatible; MSIE 9.0; Windows NT 6.1; Trident/5.0)" 
112.91.100.218 - - [06/Aug/2018:04:51:07 -0700] "GET / HTTP/1.1" 200 38595 "http://secrepo.com/" "Mozilla/5.0 (compatible; MSIE 9.0; Windows NT 6.1; Trident/5.0)" 
112.91.100.218 - - [06/Aug/2018:04:51:08 -0700] "GET //plus/ad_js.php?aid=715 HTTP/1.1" 301 486 "-" "Mozilla/5.0 (compatible; MSIE 9.0; Windows NT 6.1; Trident/5.0)" 
112.91.100.218 - - [06/Aug/2018:04:51:08 -0700] "GET //dcman/BaseManage/TemplatePath_Manage.aspx?action=insert HTTP/1.1" 301 552 "-" "Mozilla/5.0 (compatible; MSIE 9.0; Windows NT 6.1; Trident/5.0)" 
112.91.100.218 - - [06/Aug/2018:04:51:08 -0700] "GET //FCKeditor/editor/filemanager/browser/default/connectors/php/connector.php HTTP/1.1" 301 588 "-" "Mozilla/5.0 (compatible; MSIE 9.0; Windows NT 6.1; Trident/5.0)" 
112.91.100.218 - - [06/Aug/2018:04:51:09 -0700] "GET //FCKeditor/editor/filemanager/connectors/php/connector.php HTTP/1.1" 301 556 "-" "Mozilla/5.0 (compatible; MSIE 9.0; Windows NT 6.1; Trident/5.0)" 
112.91.100.218 - - [06/Aug/2018:04:51:09 -0700] "GET //FCKeditor/editor/filemanager/connectors/asp/connector.asp HTTP/1.1" 301 556 "-" "Mozilla/5.0 (compatible; MSIE 9.0; Windows NT 6.1; Trident/5.0)" 
112.91.100.218 - - [06/Aug/2018:04:51:09 -0700] "GET //FCKeditor/editor/filemanager/connectors/aspx/connector.aspx HTTP/1.1" 301 560 "-" "Mozilla/5.0 (compatible; MSIE 9.0; Windows NT 6.1; Trident/5.0)" 
112.91.100.218 - - [06/Aug/2018:04:51:10 -0700] "GET //FCKeditor/editor/filemanager/browser/default/connectors/asp/connector.asp HTTP/1.1" 301 588 "-" "Mozilla/5.0 (compatible; MSIE 9.0; Windows NT 6.1; Trident/5.0)" 
112.91.100.218 - - [06/Aug/2018:04:51:10 -0700] "GET //FCKeditor/editor/filemanager/browser/default/connectors/aspx/connector.aspx HTTP/1.1" 301 592 "-" "Mozilla/5.0 (compatible; MSIE 9.0; Windows NT 6.1; Trident/5.0)" 
112.91.100.218 - - [06/Aug/2018:04:51:10 -0700] "GET //FCKeditor3/editor/filemanager/browser/default/connectors/php/connector.php HTTP/1.1" 301 590 "-" "Mozilla/5.0 (compatible; MSIE 9.0; Windows NT 6.1; Trident/5.0)" 
112.91.100.218 - - [06/Aug/2018:04:51:10 -0700] "GET //FCKeditor3/editor/filemanager/connectors/php/connector.php HTTP/1.1" 301 558 "-" "Mozilla/5.0 (compatible; MSIE 9.0; Windows NT 6.1; Trident/5.0)" 
112.91.100.218 - - [06/Aug/2018:04:51:11 -0700] "GET //FCKeditor3/editor/filemanager/connectors/asp/connector.asp HTTP/1.1" 301 558 "-" "Mozilla/5.0 (compatible; MSIE 9.0; Windows NT 6.1; Trident/5.0)" 
112.91.100.218 - - [06/Aug/2018:04:51:11 -0700] "GET //FCKeditor3/editor/filemanager/connectors/aspx/connector.aspx HTTP/1.1" 301 562 "-" "Mozilla/5.0 (compatible; MSIE 9.0; Windows NT 6.1; Trident/5.0)" 
112.91.100.218 - - [06/Aug/2018:04:51:11 -0700] "GET //FCKeditor3/editor/filemanager/browser/default/connectors/asp/connector.asp HTTP/1.1" 301 590 "-" "Mozilla/5.0 (compatible; MSIE 9.0; Windows NT 6.1; Trident/5.0)" 
112.91.100.218 - - [06/Aug/2018:04:51:12 -0700] "GET //FCKeditor3/editor/filemanager/browser/default/connectors/aspx/connector.aspx HTTP/1.1" 301 594 "-" "Mozilla/5.0 (compatible; MSIE 9.0; Windows NT 6.1; Trident/5.0)" 
112.91.100.218 - - [06/Aug/2018:04:51:12 -0700] "GET //Web_fckeditor/editor/filemanager/browser/default/connectors/php/connector.php HTTP/1.1" 301 596 "-" "Mozilla/5.0 (compatible; MSIE 9.0; Windows NT 6.1; Trident/5.0)" 
112.91.100.218 - - [06/Aug/2018:04:51:12 -0700] "GET //Web_fckeditor/editor/filemanager/connectors/php/connector.php HTTP/1.1" 301 564 "-" "Mozilla/5.0 (compatible; MSIE 9.0; Windows NT 6.1; Trident/5.0)" 
112.91.100.218 - - [06/Aug/2018:04:51:12 -0700] "GET //Web_fckeditor/editor/filemanager/connectors/asp/connector.asp HTTP/1.1" 301 564 "-" "Mozilla/5.0 (compatible; MSIE 9.0; Windows NT 6.1; Trident/5.0)" 
112.91.100.218 - - [06/Aug/2018:04:51:13 -0700] "GET //Web_fckeditor/editor/filemanager/connectors/aspx/connector.aspx HTTP/1.1" 301 568 "-" "Mozilla/5.0 (compatible; MSIE 9.0; Windows NT 6.1; Trident/5.0)" 
112.91.100.218 - - [06/Aug/2018:04:51:13 -0700] "GET //Web_fckeditor/editor/filemanager/browser/default/connectors/asp/connector.asp HTTP/1.1" 301 596 "-" "Mozilla/5.0 (compatible; MSIE 9.0; Windows NT 6.1; Trident/5.0)" 
112.91.100.218 - - [06/Aug/2018:04:51:13 -0700] "GET //Web_fckeditor/editor/filemanager/browser/default/connectors/aspx/connector.aspx HTTP/1.1" 301 600 "-" "Mozilla/5.0 (compatible; MSIE 9.0; Windows NT 6.1; Trident/5.0)" 
112.91.100.218 - - [06/Aug/2018:04:51:14 -0700] "GET //admin/FCKeditor/editor/filemanager/browser/default/connectors/php/connector.php HTTP/1.1" 301 600 "-" "Mozilla/5.0 (compatible; MSIE 9.0; Windows NT 6.1; Trident/5.0)" 
