216.244.66.245 - - [03/Oct/2018:17:35:04 -0700] "GET /self.logs/access.log.2015-03-31.gz HTTP/1.1" 404 239 "-" "Mozilla/5.0 (compatible; DotBot/1.1; http://www.opensiteexplorer.org/dotbot, help@moz.com)" 
216.244.66.245 - - [03/Oct/2018:17:35:05 -0700] "GET /self.logs/access.log.2015-07-04.gz HTTP/1.1" 404 239 "-" "Mozilla/5.0 (compatible; DotBot/1.1; http://www.opensiteexplorer.org/dotbot, help@moz.com)" 
216.244.66.245 - - [03/Oct/2018:17:35:06 -0700] "GET /self.logs/access.log.2015-08-30.gz HTTP/1.1" 404 239 "-" "Mozilla/5.0 (compatible; DotBot/1.1; http://www.opensiteexplorer.org/dotbot, help@moz.com)" 
216.244.66.245 - - [03/Oct/2018:17:35:07 -0700] "GET /self.logs/access.log.2016-01-08.gz HTTP/1.1" 404 239 "-" "Mozilla/5.0 (compatible; DotBot/1.1; http://www.opensiteexplorer.org/dotbot, help@moz.com)" 
216.244.66.245 - - [03/Oct/2018:17:35:08 -0700] "GET /self.logs/access.log.2016-12-11.gz HTTP/1.1" 404 239 "-" "Mozilla/5.0 (compatible; DotBot/1.1; http://www.opensiteexplorer.org/dotbot, help@moz.com)" 
216.244.66.245 - - [03/Oct/2018:17:35:09 -0700] "GET /self.logs/error.log.2015-11-24.gz HTTP/1.1" 404 239 "-" "Mozilla/5.0 (compatible; DotBot/1.1; http://www.opensiteexplorer.org/dotbot, help@moz.com)" 
216.244.66.245 - - [03/Oct/2018:17:35:11 -0700] "GET /self.logs/error.log.2016-12-15.gz HTTP/1.1" 404 239 "-" "Mozilla/5.0 (compatible; DotBot/1.1; http://www.opensiteexplorer.org/dotbot, help@moz.com)" 
128.199.157.103 - - [03/Oct/2018:17:39:56 -0700] "GET /honeypot/Honeypot%20-%20Howto.pdf HTTP/1.1" 200 1279418 "http://www.secrepo.com/" "Mozilla/5.0 (Windows NT 6.1; WOW64; rv:51.0) Gecko/20100101 Firefox/51.0.1" 
18.223.172.176 - - [03/Oct/2018:17:44:21 -0700] "GET / HTTP/1.1" 200 12383 "-" "Mozilla/5.0 (Macintosh; Intel Mac OS X x.y; rv:42.0) Trident/5.0 Chrome/67.0.3396.79 Safari/537.36" 
162.210.196.129 - - [03/Oct/2018:17:47:04 -0700] "GET /robots.txt HTTP/1.1" 200 289 "-" "Mozilla/5.0 (compatible; MJ12bot/v1.4.8; http://mj12bot.com/)" 
162.210.196.129 - - [03/Oct/2018:17:47:06 -0700] "GET / HTTP/1.1" 200 46156 "-" "Mozilla/5.0 (compatible; MJ12bot/v1.4.8; http://mj12bot.com/)" 
216.244.66.245 - - [03/Oct/2018:17:49:34 -0700] "GET /robots.txt HTTP/1.1" 200 233 "-" "Mozilla/5.0 (compatible; DotBot/1.1; http://www.opensiteexplorer.org/dotbot, help@moz.com)" 
54.36.149.75 - - [03/Oct/2018:17:49:57 -0700] "GET /self.logs/access.log.2016-12-17.gz HTTP/1.1" 404 284 "-" "Mozilla/5.0 (compatible; AhrefsBot/5.2; +http://ahrefs.com/robot/)" 
54.36.149.19 - - [03/Oct/2018:18:00:16 -0700] "GET /self.logs/2016/access.log.2016-01-13.gz HTTP/1.1" 200 6496 "-" "Mozilla/5.0 (compatible; AhrefsBot/5.2; +http://ahrefs.com/robot/)" 
82.85.78.67 - - [03/Oct/2018:18:02:11 -0700] "GET /honeypot/BSidesDFW%20-%202014.ipynb HTTP/1.1" 200 58220 "http://www.secrepo.com/" "Mozilla/5.0 (Windows NT 6.3; Win64; x64) AppleWebKit/537.36 (KHTML, like Gecko) Chrome/67.0.3396.62 Safari/537.36" 
82.206.132.110 - - [03/Oct/2018:18:02:21 -0700] "GET /honeypot/BSidesDFW%20-%202014.ipynb HTTP/1.1" 200 930836 "http://www.secrepo.com/" "Mozilla/5.0 (Windows NT 6.3; Win64; x64) AppleWebKit/537.36 (KHTML, like Gecko) Chrome/67.0.3396.62 Safari/537.36" 
54.36.148.116 - - [03/Oct/2018:18:02:40 -0700] "GET /self.logs/access.log.2016-01-28.gz HTTP/1.1" 404 284 "-" "Mozilla/5.0 (compatible; AhrefsBot/5.2; +http://ahrefs.com/robot/)" 
216.244.66.245 - - [03/Oct/2018:18:04:39 -0700] "GET /self.logs/access.log.2017-01-31.gz HTTP/1.1" 200 19732 "-" "Mozilla/5.0 (compatible; DotBot/1.1; http://www.opensiteexplorer.org/dotbot, help@moz.com)" 
216.244.66.245 - - [03/Oct/2018:18:04:41 -0700] "GET /self.logs/access.log.2017-08-07.gz HTTP/1.1" 200 38359 "-" "Mozilla/5.0 (compatible; DotBot/1.1; http://www.opensiteexplorer.org/dotbot, help@moz.com)" 
216.244.66.245 - - [03/Oct/2018:18:04:43 -0700] "GET /self.logs/access.log.2017-10-21.gz HTTP/1.1" 200 18264 "-" "Mozilla/5.0 (compatible; DotBot/1.1; http://www.opensiteexplorer.org/dotbot, help@moz.com)" 
216.244.66.245 - - [03/Oct/2018:18:04:44 -0700] "GET /self.logs/error.log.2017-03-18.gz HTTP/1.1" 200 993 "-" "Mozilla/5.0 (compatible; DotBot/1.1; http://www.opensiteexplorer.org/dotbot, help@moz.com)" 
216.244.66.245 - - [03/Oct/2018:18:04:46 -0700] "GET /self.logs/error.log.2017-04-17.gz HTTP/1.1" 200 1021 "-" "Mozilla/5.0 (compatible; DotBot/1.1; http://www.opensiteexplorer.org/dotbot, help@moz.com)" 
216.244.66.245 - - [03/Oct/2018:18:04:48 -0700] "GET /self.logs/error.log.2017-10-16.gz HTTP/1.1" 200 2127 "-" "Mozilla/5.0 (compatible; DotBot/1.1; http://www.opensiteexplorer.org/dotbot, help@moz.com)" 
54.36.148.112 - - [03/Oct/2018:18:09:49 -0700] "GET /self.logs/2016/access.log.2016-11-03.gz HTTP/1.1" 200 15926 "-" "Mozilla/5.0 (compatible; AhrefsBot/5.2; +http://ahrefs.com/robot/)" 
157.55.39.215 - - [03/Oct/2018:18:11:07 -0700] "GET /self.logs/access.log.2017-07-25.gz HTTP/1.1" 304 189 "-" "Mozilla/5.0 (compatible; bingbot/2.0; +http://www.bing.com/bingbot.htm)" 
52.14.175.39 - - [03/Oct/2018:18:14:04 -0700] "GET / HTTP/1.1" 200 12383 "-" "Mozilla/5.0 (Windows NT 6.1; Win64; x64; rv:47.0) AppleWebKit/537.36 (KHTML, like Gecko) Chrome/67.0.3396.79 Safari/537.36" 
151.80.31.150 - - [03/Oct/2018:18:16:34 -0700] "GET /self.logs/error.log.2016-01-01.gz HTTP/1.1" 404 284 "-" "Mozilla/5.0 (compatible; AhrefsBot/5.2; +http://ahrefs.com/robot/)" 
216.224.227.2 - - [03/Oct/2018:18:16:56 -0700] "GET /bootstrap/img/favicon.ico HTTP/1.1" 200 590 "-" "Mozilla/5.0 (Windows NT 10.0; Win64; x64) AppleWebKit/537.36 (KHTML, like Gecko) Chrome/69.0.3497.100 Safari/537.36" 
216.244.66.245 - - [03/Oct/2018:18:17:32 -0700] "GET /self.logs/access.log.2015-08-18.gz HTTP/1.1" 404 239 "-" "Mozilla/5.0 (compatible; DotBot/1.1; http://www.opensiteexplorer.org/dotbot, help@moz.com)" 
216.244.66.245 - - [03/Oct/2018:18:17:33 -0700] "GET /self.logs/access.log.2015-09-28.gz HTTP/1.1" 404 239 "-" "Mozilla/5.0 (compatible; DotBot/1.1; http://www.opensiteexplorer.org/dotbot, help@moz.com)" 
216.244.66.245 - - [03/Oct/2018:18:17:34 -0700] "GET /self.logs/access.log.2015-11-15.gz HTTP/1.1" 404 239 "-" "Mozilla/5.0 (compatible; DotBot/1.1; http://www.opensiteexplorer.org/dotbot, help@moz.com)" 
216.244.66.245 - - [03/Oct/2018:18:17:35 -0700] "GET /self.logs/access.log.2016-03-18.gz HTTP/1.1" 404 239 "-" "Mozilla/5.0 (compatible; DotBot/1.1; http://www.opensiteexplorer.org/dotbot, help@moz.com)" 
216.244.66.245 - - [03/Oct/2018:18:17:36 -0700] "GET /self.logs/error.log.2016-06-25.gz HTTP/1.1" 404 239 "-" "Mozilla/5.0 (compatible; DotBot/1.1; http://www.opensiteexplorer.org/dotbot, help@moz.com)" 
216.244.66.245 - - [03/Oct/2018:18:17:37 -0700] "GET /self.logs/error.log.2016-09-01.gz HTTP/1.1" 404 239 "-" "Mozilla/5.0 (compatible; DotBot/1.1; http://www.opensiteexplorer.org/dotbot, help@moz.com)" 
54.36.148.68 - - [03/Oct/2018:18:18:34 -0700] "GET /self.logs/2015/error.log.2015-06-23.gz HTTP/1.1" 200 1156 "-" "Mozilla/5.0 (compatible; AhrefsBot/5.2; +http://ahrefs.com/robot/)" 
123.125.67.156 - - [03/Oct/2018:18:22:10 -0700] "GET /robots.txt HTTP/1.1" 200 297 "-" "Mozilla/5.0 (Windows NT 10.0; WOW64) AppleWebKit/537.36 (KHTML, like Gecko) Chrome/45.0.2454.93 Safari/537.36" 
123.125.67.156 - - [03/Oct/2018:18:22:12 -0700] "GET /robots.txt HTTP/1.1" 200 297 "-" "Mozilla/5.0 (Macintosh; Intel Mac OS X 10_13_1) AppleWebKit/537.36 (KHTML, like Gecko) Chrome/61.0.3163.100 Safari/537.36" 
123.125.67.220 - - [03/Oct/2018:18:22:14 -0700] "GET /robots.txt HTTP/1.1" 200 297 "-" "Mozilla/5.0 (Macintosh; Intel Mac OS X 10_13_1) AppleWebKit/537.36 (KHTML, like Gecko) Chrome/61.0.3163.100 Safari/537.36" 
76.20.202.59 - - [03/Oct/2018:18:22:21 -0700] "GET / HTTP/1.1" 200 12383 "-" "Mozilla/5.0 (Macintosh; Intel Mac OS X 10_13_6) AppleWebKit/537.36 (KHTML, like Gecko) Chrome/69.0.3497.100 Safari/537.36" 
76.20.202.59 - - [03/Oct/2018:18:22:22 -0700] "GET /twitter-icon.png HTTP/1.1" 200 27787 "http://www.secrepo.com/" "Mozilla/5.0 (Macintosh; Intel Mac OS X 10_13_6) AppleWebKit/537.36 (KHTML, like Gecko) Chrome/69.0.3497.100 Safari/537.36" 
76.20.202.59 - - [03/Oct/2018:18:22:22 -0700] "GET /GitHub-Mark.png HTTP/1.1" 200 7428 "http://www.secrepo.com/" "Mozilla/5.0 (Macintosh; Intel Mac OS X 10_13_6) AppleWebKit/537.36 (KHTML, like Gecko) Chrome/69.0.3497.100 Safari/537.36" 
76.20.202.59 - - [03/Oct/2018:18:22:22 -0700] "GET /bootstrap/img/favicon.ico HTTP/1.1" 200 589 "http://www.secrepo.com/" "Mozilla/5.0 (Macintosh; Intel Mac OS X 10_13_6) AppleWebKit/537.36 (KHTML, like Gecko) Chrome/69.0.3497.100 Safari/537.36" 
18.221.232.130 - - [03/Oct/2018:18:23:15 -0700] "GET / HTTP/1.1" 200 12383 "-" "Mozilla/5.0 (Windows NT 6.1; Win64; x64; rv:47.0) AppleWebKit/537.36 (KHTML, like Gecko) Chrome/67.0.3396.79 Safari/537.36" 
54.36.148.88 - - [03/Oct/2018:18:23:34 -0700] "GET /self.logs/error.log.2018-04-11.gz HTTP/1.1" 200 4425 "-" "Mozilla/5.0 (compatible; AhrefsBot/5.2; +http://ahrefs.com/robot/)" 
220.181.108.76 - - [03/Oct/2018:18:24:39 -0700] "GET /Smith HTTP/1.1" 404 303 "-" "Mozilla/5.0 (compatible; Baiduspider/2.0; +http://www.baidu.com/search/spider.html)" 
113.171.224.176 - - [03/Oct/2018:18:25:39 -0700] "GET /honeypot/Honeypot%20-%20Howto.pdf HTTP/1.1" 200 46720 "-" "Mozilla/5.0 Gecko/20100115 Firefox/3.6" 
188.76.8.145 - - [03/Oct/2018:18:28:36 -0700] "GET / HTTP/1.1" 200 12383 "-" "Mozilla/5.0 (Macintosh; Intel Mac OS X 10_11_6) AppleWebKit/605.1.15 (KHTML, like Gecko)" 
188.76.8.145 - - [03/Oct/2018:18:28:36 -0700] "GET /apple-touch-icon-precomposed.png HTTP/1.1" 404 340 "-" "Safari/11605.2.8 CFNetwork/760.7 Darwin/15.6.0 (x86_64)" 
188.76.8.145 - - [03/Oct/2018:18:28:37 -0700] "GET /apple-touch-icon.png HTTP/1.1" 404 339 "-" "Safari/11605.2.8 CFNetwork/760.7 Darwin/15.6.0 (x86_64)" 
188.76.8.145 - - [03/Oct/2018:18:28:37 -0700] "GET /bootstrap/img/favicon.ico HTTP/1.1" 200 589 "-" "Safari/11605.2.8 CFNetwork/760.7 Darwin/15.6.0 (x86_64)" 
188.76.8.145 - - [03/Oct/2018:18:28:38 -0700] "GET / HTTP/1.1" 200 12382 "-" "\"Mozilla/5.0 (iPhone; CPU iPhone OS 11_0 like Mac OS X) AppleWebKit/604.1.38 (KHTML, like Gecko) Version/11.0 Mobile/15A372 Safari/604.1\"" 
188.76.8.145 - - [03/Oct/2018:18:28:38 -0700] "GET /apple-touch-icon-precomposed.png HTTP/1.1" 404 339 "-" "Safari/11605.2.8 CFNetwork/760.7 Darwin/15.6.0 (x86_64)" 
188.76.8.145 - - [03/Oct/2018:18:28:38 -0700] "GET /apple-touch-icon.png HTTP/1.1" 404 339 "-" "Safari/11605.2.8 CFNetwork/760.7 Darwin/15.6.0 (x86_64)" 
188.76.8.145 - - [03/Oct/2018:18:28:38 -0700] "GET /bootstrap/img/favicon.ico HTTP/1.1" 200 589 "-" "Safari/11605.2.8 CFNetwork/760.7 Darwin/15.6.0 (x86_64)" 
76.20.202.59 - - [03/Oct/2018:18:28:55 -0700] "GET /Datasets%20Description/Network/dhcp.html HTTP/1.1" 200 1355 "http://www.secrepo.com/" "Mozilla/5.0 (Macintosh; Intel Mac OS X 10_13_6) AppleWebKit/537.36 (KHTML, like Gecko) Chrome/69.0.3497.100 Safari/537.36" 
76.20.202.59 - - [03/Oct/2018:18:28:56 -0700] "GET /favicon.ico HTTP/1.1" 200 267 "http://www.secrepo.com/Datasets%20Description/Network/dhcp.html" "Mozilla/5.0 (Macintosh; Intel Mac OS X 10_13_6) AppleWebKit/537.36 (KHTML, like Gecko) Chrome/69.0.3497.100 Safari/537.36" 
54.36.148.28 - - [03/Oct/2018:18:30:28 -0700] "GET /self.logs/2016/access.log.2016-12-16.gz HTTP/1.1" 200 7769 "-" "Mozilla/5.0 (compatible; AhrefsBot/5.2; +http://ahrefs.com/robot/)" 
76.20.202.59 - - [03/Oct/2018:18:31:53 -0700] "GET /Datasets%20Description/Network/dns.html HTTP/1.1" 200 1437 "http://www.secrepo.com/" "Mozilla/5.0 (Macintosh; Intel Mac OS X 10_13_6) AppleWebKit/537.36 (KHTML, like Gecko) Chrome/69.0.3497.100 Safari/537.36" 
120.148.132.108 - - [03/Oct/2018:18:32:18 -0700] "GET / HTTP/1.1" 200 12383 "-" "Mozilla/5.0 (Windows NT 10.0; Win64; x64) AppleWebKit/537.36 (KHTML, like Gecko) Chrome/69.0.3497.100 Safari/537.36" 
120.148.132.108 - - [03/Oct/2018:18:32:19 -0700] "GET /twitter-icon.png HTTP/1.1" 200 27787 "http://www.secrepo.com/" "Mozilla/5.0 (Windows NT 10.0; Win64; x64) AppleWebKit/537.36 (KHTML, like Gecko) Chrome/69.0.3497.100 Safari/537.36" 
120.148.132.108 - - [03/Oct/2018:18:32:19 -0700] "GET /GitHub-Mark.png HTTP/1.1" 200 7428 "http://www.secrepo.com/" "Mozilla/5.0 (Windows NT 10.0; Win64; x64) AppleWebKit/537.36 (KHTML, like Gecko) Chrome/69.0.3497.100 Safari/537.36" 
120.148.132.108 - - [03/Oct/2018:18:32:20 -0700] "GET /bootstrap/img/favicon.ico HTTP/1.1" 200 589 "http://www.secrepo.com/" "Mozilla/5.0 (Windows NT 10.0; Win64; x64) AppleWebKit/537.36 (KHTML, like Gecko) Chrome/69.0.3497.100 Safari/537.36" 
216.244.66.245 - - [03/Oct/2018:18:32:49 -0700] "GET /robots.txt HTTP/1.1" 200 233 "-" "Mozilla/5.0 (compatible; DotBot/1.1; http://www.opensiteexplorer.org/dotbot, help@moz.com)" 
5.189.140.25 - - [03/Oct/2018:18:33:35 -0700] "GET /%3E HTTP/1.1" 301 503 "-" "Mozilla/5.0 (Windows NT 6.1; WOW64; rv:31.0) Gecko/20130401 Firefox/31.0" 
5.189.140.25 - - [03/Oct/2018:18:33:35 -0700] "GET /%3E HTTP/1.1" 404 295 "-" "Mozilla/5.0 (Windows NT 6.1; WOW64; rv:31.0) Gecko/20130401 Firefox/31.0" 
76.20.202.59 - - [03/Oct/2018:18:36:19 -0700] "GET /maccdc2012/dhcp.log.gz HTTP/1.1" 200 45019 "http://www.secrepo.com/" "Mozilla/5.0 (Macintosh; Intel Mac OS X 10_13_6) AppleWebKit/537.36 (KHTML, like Gecko) Chrome/69.0.3497.100 Safari/537.36" 
76.20.202.59 - - [03/Oct/2018:18:36:32 -0700] "GET /maccdc2012/dns.log.gz HTTP/1.1" 200 6629420 "http://www.secrepo.com/" "Mozilla/5.0 (Macintosh; Intel Mac OS X 10_13_6) AppleWebKit/537.36 (KHTML, like Gecko) Chrome/69.0.3497.100 Safari/537.36" 
76.20.202.59 - - [03/Oct/2018:18:36:43 -0700] "GET /maccdc2012/ftp.log.gz HTTP/1.1" 200 128116 "http://www.secrepo.com/" "Mozilla/5.0 (Macintosh; Intel Mac OS X 10_13_6) AppleWebKit/537.36 (KHTML, like Gecko) Chrome/69.0.3497.100 Safari/537.36" 
76.20.202.59 - - [03/Oct/2018:18:36:38 -0700] "GET /maccdc2012/files.log.gz HTTP/1.1" 200 51408672 "http://www.secrepo.com/" "Mozilla/5.0 (Macintosh; Intel Mac OS X 10_13_6) AppleWebKit/537.36 (KHTML, like Gecko) Chrome/69.0.3497.100 Safari/537.36" 
76.20.202.59 - - [03/Oct/2018:18:36:53 -0700] "GET /maccdc2012/notice.log.gz HTTP/1.1" 200 20779 "http://www.secrepo.com/" "Mozilla/5.0 (Macintosh; Intel Mac OS X 10_13_6) AppleWebKit/537.36 (KHTML, like Gecko) Chrome/69.0.3497.100 Safari/537.36" 
76.20.202.59 - - [03/Oct/2018:18:36:48 -0700] "GET /maccdc2012/http.log.gz HTTP/1.1" 200 54258816 "http://www.secrepo.com/" "Mozilla/5.0 (Macintosh; Intel Mac OS X 10_13_6) AppleWebKit/537.36 (KHTML, like Gecko) Chrome/69.0.3497.100 Safari/537.36" 
76.20.202.59 - - [03/Oct/2018:18:36:59 -0700] "GET /maccdc2012/signatures.log.gz HTTP/1.1" 200 605 "http://www.secrepo.com/" "Mozilla/5.0 (Macintosh; Intel Mac OS X 10_13_6) AppleWebKit/537.36 (KHTML, like Gecko) Chrome/69.0.3497.100 Safari/537.36" 
76.20.202.59 - - [03/Oct/2018:18:37:04 -0700] "GET /maccdc2012/smtp.log.gz HTTP/1.1" 200 6908 "http://www.secrepo.com/" "Mozilla/5.0 (Macintosh; Intel Mac OS X 10_13_6) AppleWebKit/537.36 (KHTML, like Gecko) Chrome/69.0.3497.100 Safari/537.36" 
76.20.202.59 - - [03/Oct/2018:18:37:08 -0700] "GET /maccdc2012/ssh.log.gz HTTP/1.1" 200 182517 "http://www.secrepo.com/" "Mozilla/5.0 (Macintosh; Intel Mac OS X 10_13_6) AppleWebKit/537.36 (KHTML, like Gecko) Chrome/69.0.3497.100 Safari/537.36" 
76.20.202.59 - - [03/Oct/2018:18:37:12 -0700] "GET /maccdc2012/ssl.log.gz HTTP/1.1" 200 1313675 "http://www.secrepo.com/" "Mozilla/5.0 (Macintosh; Intel Mac OS X 10_13_6) AppleWebKit/537.36 (KHTML, like Gecko) Chrome/69.0.3497.100 Safari/537.36" 
76.20.202.59 - - [03/Oct/2018:18:37:17 -0700] "GET /maccdc2012/tunnel.log.gz HTTP/1.1" 200 5229 "http://www.secrepo.com/" "Mozilla/5.0 (Macintosh; Intel Mac OS X 10_13_6) AppleWebKit/537.36 (KHTML, like Gecko) Chrome/69.0.3497.100 Safari/537.36" 
76.20.202.59 - - [03/Oct/2018:18:37:21 -0700] "GET /maccdc2012/weird.log.gz HTTP/1.1" 200 1242777 "http://www.secrepo.com/" "Mozilla/5.0 (Macintosh; Intel Mac OS X 10_13_6) AppleWebKit/537.36 (KHTML, like Gecko) Chrome/69.0.3497.100 Safari/537.36" 
76.20.202.59 - - [03/Oct/2018:18:37:42 -0700] "GET /maccdc2012/maccdc2012_fast_alert.7z HTTP/1.1" 200 9478149 "http://www.secrepo.com/" "Mozilla/5.0 (Macintosh; Intel Mac OS X 10_13_6) AppleWebKit/537.36 (KHTML, like Gecko) Chrome/69.0.3497.100 Safari/537.36" 
76.20.202.59 - - [03/Oct/2018:18:37:47 -0700] "GET /maccdc2012/maccdc2012_full_alert.7z HTTP/1.1" 200 24978942 "http://www.secrepo.com/" "Mozilla/5.0 (Macintosh; Intel Mac OS X 10_13_6) AppleWebKit/537.36 (KHTML, like Gecko) Chrome/69.0.3497.100 Safari/537.36" 
151.80.31.151 - - [03/Oct/2018:18:43:12 -0700] "GET /self.logs/error.log.2015-08-08.gz HTTP/1.1" 404 284 "-" "Mozilla/5.0 (compatible; AhrefsBot/5.2; +http://ahrefs.com/robot/)" 
18.188.94.118 - - [03/Oct/2018:18:44:41 -0700] "GET / HTTP/1.1" 200 12383 "-" "Mozilla/5.0 (X11; Linux x86_64) Trident/5.0 Safari/602.1" 
216.244.66.245 - - [03/Oct/2018:18:47:28 -0700] "GET /self.logs/access.log.2017-06-02.gz HTTP/1.1" 200 16665 "-" "Mozilla/5.0 (compatible; DotBot/1.1; http://www.opensiteexplorer.org/dotbot, help@moz.com)" 
216.244.66.245 - - [03/Oct/2018:18:47:29 -0700] "GET /self.logs/error.log.2017-01-31.gz HTTP/1.1" 200 1970 "-" "Mozilla/5.0 (compatible; DotBot/1.1; http://www.opensiteexplorer.org/dotbot, help@moz.com)" 
216.244.66.245 - - [03/Oct/2018:18:47:31 -0700] "GET /self.logs/error.log.2017-03-08.gz HTTP/1.1" 200 1690 "-" "Mozilla/5.0 (compatible; DotBot/1.1; http://www.opensiteexplorer.org/dotbot, help@moz.com)" 
216.244.66.245 - - [03/Oct/2018:18:47:32 -0700] "GET /self.logs/error.log.2017-06-19.gz HTTP/1.1" 200 752 "-" "Mozilla/5.0 (compatible; DotBot/1.1; http://www.opensiteexplorer.org/dotbot, help@moz.com)" 
216.244.66.245 - - [03/Oct/2018:18:47:34 -0700] "GET /self.logs/error.log.2017-09-23.gz HTTP/1.1" 200 2041 "-" "Mozilla/5.0 (compatible; DotBot/1.1; http://www.opensiteexplorer.org/dotbot, help@moz.com)" 
216.244.66.245 - - [03/Oct/2018:18:47:35 -0700] "GET /self.logs/error.log.2017-10-17.gz HTTP/1.1" 200 3959 "-" "Mozilla/5.0 (compatible; DotBot/1.1; http://www.opensiteexplorer.org/dotbot, help@moz.com)" 
216.244.66.245 - - [03/Oct/2018:18:47:37 -0700] "GET /self.logs/error.log.2017-11-02.gz HTTP/1.1" 200 1815 "-" "Mozilla/5.0 (compatible; DotBot/1.1; http://www.opensiteexplorer.org/dotbot, help@moz.com)" 
203.178.139.218 - - [03/Oct/2018:18:51:28 -0700] "GET / HTTP/1.1" 200 12383 "https://www.google.co.jp/" "Mozilla/5.0 (Windows NT 10.0; Win64; x64) AppleWebKit/537.36 (KHTML, like Gecko) Chrome/69.0.3497.100 Safari/537.36" 
203.178.139.218 - - [03/Oct/2018:18:51:29 -0700] "GET /twitter-icon.png HTTP/1.1" 200 27787 "http://www.secrepo.com/" "Mozilla/5.0 (Windows NT 10.0; Win64; x64) AppleWebKit/537.36 (KHTML, like Gecko) Chrome/69.0.3497.100 Safari/537.36" 
203.178.139.218 - - [03/Oct/2018:18:51:29 -0700] "GET /GitHub-Mark.png HTTP/1.1" 200 7428 "http://www.secrepo.com/" "Mozilla/5.0 (Windows NT 10.0; Win64; x64) AppleWebKit/537.36 (KHTML, like Gecko) Chrome/69.0.3497.100 Safari/537.36" 
203.178.139.218 - - [03/Oct/2018:18:51:30 -0700] "GET /bootstrap/img/favicon.ico HTTP/1.1" 200 589 "http://www.secrepo.com/" "Mozilla/5.0 (Windows NT 10.0; Win64; x64) AppleWebKit/537.36 (KHTML, like Gecko) Chrome/69.0.3497.100 Safari/537.36" 
216.244.66.245 - - [03/Oct/2018:18:58:12 -0700] "GET /self.logs/access.log.2015-01-19.gz HTTP/1.1" 404 239 "-" "Mozilla/5.0 (compatible; DotBot/1.1; http://www.opensiteexplorer.org/dotbot, help@moz.com)" 
216.244.66.245 - - [03/Oct/2018:18:58:13 -0700] "GET /self.logs/access.log.2015-02-03.gz HTTP/1.1" 404 239 "-" "Mozilla/5.0 (compatible; DotBot/1.1; http://www.opensiteexplorer.org/dotbot, help@moz.com)" 
216.244.66.245 - - [03/Oct/2018:18:58:14 -0700] "GET /self.logs/access.log.2015-09-09.gz HTTP/1.1" 404 239 "-" "Mozilla/5.0 (compatible; DotBot/1.1; http://www.opensiteexplorer.org/dotbot, help@moz.com)" 
216.244.66.245 - - [03/Oct/2018:18:58:15 -0700] "GET /self.logs/error.log.2015-11-10.gz HTTP/1.1" 404 239 "-" "Mozilla/5.0 (compatible; DotBot/1.1; http://www.opensiteexplorer.org/dotbot, help@moz.com)" 
216.244.66.245 - - [03/Oct/2018:18:58:16 -0700] "GET /self.logs/error.log.2015-12-15.gz HTTP/1.1" 404 239 "-" "Mozilla/5.0 (compatible; DotBot/1.1; http://www.opensiteexplorer.org/dotbot, help@moz.com)" 
216.244.66.245 - - [03/Oct/2018:18:58:17 -0700] "GET /self.logs/error.log.2016-09-10.gz HTTP/1.1" 404 239 "-" "Mozilla/5.0 (compatible; DotBot/1.1; http://www.opensiteexplorer.org/dotbot, help@moz.com)" 
77.75.77.36 - - [03/Oct/2018:19:02:10 -0700] "GET /robots.txt HTTP/1.1" 200 334 "-" "Mozilla/5.0 (compatible; SeznamBot/3.2; +http://napoveda.seznam.cz/en/seznambot-intro/)" 
77.75.77.36 - - [03/Oct/2018:19:02:12 -0700] "GET /self.logs/access.log.2018-07-25.gz HTTP/1.1" 200 25278 "-" "Mozilla/5.0 (compatible; SeznamBot/3.2; +http://napoveda.seznam.cz/en/seznambot-intro/)" 
54.36.148.253 - - [03/Oct/2018:19:03:06 -0700] "GET /self.logs/error.log.2016-10-27.gz HTTP/1.1" 404 284 "-" "Mozilla/5.0 (compatible; AhrefsBot/5.2; +http://ahrefs.com/robot/)" 
151.80.31.151 - - [03/Oct/2018:19:04:00 -0700] "GET /self.logs/error.log.2015-03-23.gz HTTP/1.1" 404 284 "-" "Mozilla/5.0 (compatible; AhrefsBot/5.2; +http://ahrefs.com/robot/)" 
151.80.31.153 - - [03/Oct/2018:19:04:17 -0700] "GET /self.logs/error.log.2015-10-27.gz HTTP/1.1" 404 284 "-" "Mozilla/5.0 (compatible; AhrefsBot/5.2; +http://ahrefs.com/robot/)" 
143.191.223.87 - - [03/Oct/2018:19:09:38 -0700] "GET / HTTP/1.1" 301 483 "-" "Mozilla/5.0 (Macintosh; Intel Mac OS X 10_12_5) AppleWebKit/537.36 (KHTML, like Gecko) Chrome/58.0.3029.110 Safari/537.36" 
143.191.223.87 - - [03/Oct/2018:19:09:38 -0700] "GET / HTTP/1.1" 200 12383 "-" "Mozilla/5.0 (Macintosh; Intel Mac OS X 10_12_5) AppleWebKit/537.36 (KHTML, like Gecko) Chrome/58.0.3029.110 Safari/537.36" 
14.215.176.132 - - [03/Oct/2018:19:12:36 -0700] "GET / HTTP/1.1" 200 12383 "http://www.baidu.com/s?wd=fullxrk" "Mozilla/5.0 (Windows NT 6.1; WOW64; rv:43.0) Gecko/20100101 Firefox/43.0" 
125.67.179.5 - - [03/Oct/2018:19:13:12 -0700] "GET /favicon.ico HTTP/1.1" 200 268 "-" "Mozilla/5.0 (Windows NT 10.0; WOW64) AppleWebKit/537.36 (KHTML, like Gecko) Chrome/63.0.3239.132 Safari/537.36" 
52.14.175.39 - - [03/Oct/2018:19:14:11 -0700] "GET / HTTP/1.1" 200 12383 "-" "Mozilla/5.0 (X11; Linux x86_64) Trident/5.0 Chrome/67.0.3396.79 Safari/537.36" 
76.20.202.59 - - [03/Oct/2018:19:14:39 -0700] "GET /Datasets%20Description/HTML_Bro_log_1 HTTP/1.1" 301 552 "http://www.secrepo.com/" "Mozilla/5.0 (Macintosh; Intel Mac OS X 10_13_6) AppleWebKit/537.36 (KHTML, like Gecko) Chrome/69.0.3497.100 Safari/537.36" 
76.20.202.59 - - [03/Oct/2018:19:14:39 -0700] "GET /Datasets%20Description/HTML_Bro_log_1/ HTTP/1.1" 200 733 "http://www.secrepo.com/" "Mozilla/5.0 (Macintosh; Intel Mac OS X 10_13_6) AppleWebKit/537.36 (KHTML, like Gecko) Chrome/69.0.3497.100 Safari/537.36" 
76.20.202.59 - - [03/Oct/2018:19:14:50 -0700] "GET /Datasets%20Description/HTML_Bro_log_1/app_stats.html HTTP/1.1" 200 1485 "http://www.secrepo.com/Datasets%20Description/HTML_Bro_log_1/" "Mozilla/5.0 (Macintosh; Intel Mac OS X 10_13_6) AppleWebKit/537.36 (KHTML, like Gecko) Chrome/69.0.3497.100 Safari/537.36" 
216.244.66.245 - - [03/Oct/2018:19:15:30 -0700] "GET /robots.txt HTTP/1.1" 200 233 "-" "Mozilla/5.0 (compatible; DotBot/1.1; http://www.opensiteexplorer.org/dotbot, help@moz.com)" 
54.36.148.117 - - [03/Oct/2018:19:20:19 -0700] "GET /self.logs/error.log.2016-01-14.gz HTTP/1.1" 404 284 "-" "Mozilla/5.0 (compatible; AhrefsBot/5.2; +http://ahrefs.com/robot/)" 
18.224.45.232 - - [03/Oct/2018:19:23:21 -0700] "GET / HTTP/1.1" 200 12383 "-" "Mozilla/5.0 (Windows NT 6.1; Win64; x64; rv:47.0) Trident/5.0 Safari/602.1" 
107.184.73.100 - - [03/Oct/2018:19:25:25 -0700] "GET /wp-login.php HTTP/1.1" 418 732 "-" "Mozilla/5.0 (Windows NT 6.1; WOW64; rv:40.0) Gecko/20100101 Firefox/40.1" 
107.184.73.100 - - [03/Oct/2018:19:25:25 -0700] "GET / HTTP/1.1" 418 732 "-" "Mozilla/5.0 (Windows NT 6.1; WOW64; rv:40.0) Gecko/20100101 Firefox/40.1" 
54.36.148.229 - - [03/Oct/2018:19:26:41 -0700] "GET /self.logs/2016/access.log.2016-04-15.gz HTTP/1.1" 200 11761 "-" "Mozilla/5.0 (compatible; AhrefsBot/5.2; +http://ahrefs.com/robot/)" 
139.167.27.190 - - [03/Oct/2018:19:27:09 -0700] "GET /wp-login.php HTTP/1.1" 418 732 "-" "Mozilla/5.0 (Windows NT 6.1; WOW64; rv:40.0) Gecko/20100101 Firefox/40.1" 
139.167.27.190 - - [03/Oct/2018:19:27:18 -0700] "GET / HTTP/1.1" 418 732 "-" "Mozilla/5.0 (Windows NT 6.1; WOW64; rv:40.0) Gecko/20100101 Firefox/40.1" 
216.244.66.245 - - [03/Oct/2018:19:29:19 -0700] "GET /Datasets%20Description/HTML_Bro_log_3/files.html HTTP/1.1" 200 6072 "-" "Mozilla/5.0 (compatible; DotBot/1.1; http://www.opensiteexplorer.org/dotbot, help@moz.com)" 
216.244.66.245 - - [03/Oct/2018:19:29:21 -0700] "GET /Datasets%20Description/HTML_Bro_log_3/notice.html HTTP/1.1" 200 6634 "-" "Mozilla/5.0 (compatible; DotBot/1.1; http://www.opensiteexplorer.org/dotbot, help@moz.com)" 
216.244.66.245 - - [03/Oct/2018:19:29:23 -0700] "GET /Datasets%20Description/HTML_Bro_log_3/weird.html HTTP/1.1" 200 4857 "-" "Mozilla/5.0 (compatible; DotBot/1.1; http://www.opensiteexplorer.org/dotbot, help@moz.com)" 
52.212.146.96 - - [03/Oct/2018:19:30:02 -0700] "GET /self.logs/access.log.2018-09-27.gz HTTP/1.1" 200 47297 "-" "python-requests/2.12.1" 
52.212.146.96 - - [03/Oct/2018:19:30:02 -0700] "GET /self.logs/access.log.2018-09-28.gz HTTP/1.1" 200 18291 "-" "python-requests/2.12.1" 
52.212.146.96 - - [03/Oct/2018:19:30:02 -0700] "GET /self.logs/access.log.2018-09-29.gz HTTP/1.1" 200 18078 "-" "python-requests/2.12.1" 
52.212.146.96 - - [03/Oct/2018:19:30:03 -0700] "GET /self.logs/access.log.2018-09-30.gz HTTP/1.1" 200 20852 "-" "python-requests/2.12.1" 
52.212.146.96 - - [03/Oct/2018:19:30:03 -0700] "GET /self.logs/access.log.2018-10-01.gz HTTP/1.1" 404 340 "-" "python-requests/2.12.1" 
52.212.146.96 - - [03/Oct/2018:19:30:03 -0700] "GET /self.logs/access.log.2018-10-02.gz HTTP/1.1" 404 340 "-" "python-requests/2.12.1" 
52.212.146.96 - - [03/Oct/2018:19:30:03 -0700] "GET /self.logs/access.log.2018-10-03.gz HTTP/1.1" 404 340 "-" "python-requests/2.12.1" 
113.171.224.176 - - [03/Oct/2018:19:31:27 -0700] "GET /honeypot/Honeypot%20-%20Howto.pdf HTTP/1.1" 200 46720 "-" "Mozilla/5.0 Gecko/20100115 Firefox/3.6" 
54.36.149.57 - - [03/Oct/2018:19:33:45 -0700] "GET /self.logs/error.log.2015-04-05.gz HTTP/1.1" 404 284 "-" "Mozilla/5.0 (compatible; AhrefsBot/5.2; +http://ahrefs.com/robot/)" 
123.125.67.225 - - [03/Oct/2018:19:34:40 -0700] "GET /robots.txt HTTP/1.1" 200 297 "-" "Mozilla/5.0 (Macintosh; Intel Mac OS X 10_13_1) AppleWebKit/537.36 (KHTML, like Gecko) Chrome/61.0.3163.100 Safari/537.36" 
123.125.71.108 - - [03/Oct/2018:19:34:41 -0700] "GET /robots.txt HTTP/1.1" 200 297 "-" "Mozilla/5.0 (compatible; Baiduspider/2.0; +http://www.baidu.com/search/spider.html)" 
123.125.67.159 - - [03/Oct/2018:19:34:43 -0700] "GET /robots.txt HTTP/1.1" 200 297 "-" "Mozilla/5.0 (Macintosh; Intel Mac OS X 10_13_1) AppleWebKit/537.36 (KHTML, like Gecko) Chrome/61.0.3163.100 Safari/537.36" 
220.181.108.117 - - [03/Oct/2018:19:36:14 -0700] "GET /honeypot/Honeypot%20-%20Howto%20-%20BSides%20Austin.pdf HTTP/1.1" 200 2928423 "-" "Mozilla/5.0 (compatible; Baiduspider/2.0; +http://www.baidu.com/search/spider.html)" 
35.185.236.203 - - [03/Oct/2018:19:36:58 -0700] "GET / HTTP/1.1" 200 46156 "-" "Mozilla/5.0 (Windows NT 10.0; Win64; x64; rv:56.0) Gecko/20100101 Firefox/56.0" 
52.14.43.100 - - [03/Oct/2018:19:44:13 -0700] "GET / HTTP/1.1" 200 12383 "-" "Mozilla/5.0 (X11; Linux x86_64) Gecko/20100101 Chrome/67.0.3396.79 Safari/537.36" 
216.244.66.245 - - [03/Oct/2018:19:46:04 -0700] "GET /Datasets%20Description/HTML_Bro_log_3/?C=D;O=A HTTP/1.1" 200 1719 "-" "Mozilla/5.0 (compatible; DotBot/1.1; http://www.opensiteexplorer.org/dotbot, help@moz.com)" 
98.116.90.119 - - [03/Oct/2018:19:50:34 -0700] "GET / HTTP/1.1" 200 12383 "http://www.secrepo.com/" "Mozilla/5.0 (Macintosh; Intel Mac OS X 10_13_6) AppleWebKit/537.36 (KHTML, like Gecko) Chrome/69.0.3497.100 Safari/537.36" 
98.116.90.119 - - [03/Oct/2018:19:50:35 -0700] "GET /bootstrap/img/favicon.ico HTTP/1.1" 200 589 "http://www.secrepo.com/" "Mozilla/5.0 (Macintosh; Intel Mac OS X 10_13_6) AppleWebKit/537.36 (KHTML, like Gecko) Chrome/69.0.3497.100 Safari/537.36" 
216.244.66.245 - - [03/Oct/2018:19:58:14 -0700] "GET /robots.txt HTTP/1.1" 200 233 "-" "Mozilla/5.0 (compatible; DotBot/1.1; http://www.opensiteexplorer.org/dotbot, help@moz.com)" 
24.16.153.171 - - [03/Oct/2018:20:00:15 -0700] "GET /bootstrap/img/favicon.ico HTTP/1.1" 200 590 "-" "Mozilla/5.0 (Windows NT 6.1; Win64; x64; rv:62.0) Gecko/20100101 Firefox/62.0" 
41.223.160.173 - - [03/Oct/2018:20:02:54 -0700] "GET /tg/tg_snort_fast.7z HTTP/1.1" 304 131 "-" "Mozilla/5.0 Gecko/20100115 Firefox/3.6" 
207.46.13.104 - - [03/Oct/2018:20:03:27 -0700] "GET /self.logs/access.log.2016-08-07.gz HTTP/1.1" 404 340 "-" "Mozilla/5.0 (compatible; bingbot/2.0; +http://www.bing.com/bingbot.htm)" 
12.181.2.229 - - [03/Oct/2018:20:03:32 -0700] "GET /Datasets%20Description/Network/dhcp.html HTTP/1.1" 200 1355 "http://www.secrepo.com/" "Mozilla/5.0 (Windows NT 10.0; Win64; x64) AppleWebKit/537.36 (KHTML, like Gecko) Chrome/69.0.3497.100 Safari/537.36" 
12.181.2.229 - - [03/Oct/2018:20:03:32 -0700] "GET / HTTP/1.1" 200 12383 "-" "Mozilla/5.0 (Windows NT 10.0; Win64; x64) AppleWebKit/537.36 (KHTML, like Gecko) Chrome/69.0.3497.100 Safari/537.36" 
12.181.2.229 - - [03/Oct/2018:20:03:39 -0700] "GET /favicon.ico HTTP/1.1" 200 268 "http://www.secrepo.com/Datasets%20Description/Network/dhcp.html" "Mozilla/5.0 (Windows NT 10.0; Win64; x64) AppleWebKit/537.36 (KHTML, like Gecko) Chrome/69.0.3497.100 Safari/537.36" 
12.181.2.229 - - [03/Oct/2018:20:03:42 -0700] "GET /twitter-icon.png HTTP/1.1" 200 27788 "http://www.secrepo.com/" "Mozilla/5.0 (Windows NT 10.0; Win64; x64) AppleWebKit/537.36 (KHTML, like Gecko) Chrome/69.0.3497.100 Safari/537.36" 
12.181.2.229 - - [03/Oct/2018:20:03:42 -0700] "GET /twitter-icon.png HTTP/1.1" 200 27788 "http://www.secrepo.com/" "Mozilla/5.0 (Windows NT 10.0; Win64; x64) AppleWebKit/537.36 (KHTML, like Gecko) Chrome/69.0.3497.100 Safari/537.36" 
12.181.2.229 - - [03/Oct/2018:20:03:42 -0700] "GET /twitter-icon.png HTTP/1.1" 200 27788 "http://www.secrepo.com/" "Mozilla/5.0 (Windows NT 10.0; Win64; x64) AppleWebKit/537.36 (KHTML, like Gecko) Chrome/69.0.3497.100 Safari/537.36" 
12.181.2.229 - - [03/Oct/2018:20:03:43 -0700] "GET /GitHub-Mark.png HTTP/1.1" 200 7427 "http://www.secrepo.com/" "Mozilla/5.0 (Windows NT 10.0; Win64; x64) AppleWebKit/537.36 (KHTML, like Gecko) Chrome/69.0.3497.100 Safari/537.36" 
12.181.2.229 - - [03/Oct/2018:20:03:43 -0700] "GET /GitHub-Mark.png HTTP/1.1" 200 7427 "http://www.secrepo.com/" "Mozilla/5.0 (Windows NT 10.0; Win64; x64) AppleWebKit/537.36 (KHTML, like Gecko) Chrome/69.0.3497.100 Safari/537.36" 
12.181.2.229 - - [03/Oct/2018:20:03:52 -0700] "GET /bootstrap/img/favicon.ico HTTP/1.1" 200 590 "http://www.secrepo.com/" "Mozilla/5.0 (Windows NT 10.0; Win64; x64) AppleWebKit/537.36 (KHTML, like Gecko) Chrome/69.0.3497.100 Safari/537.36" 
41.223.160.173 - - [03/Oct/2018:20:04:38 -0700] "GET /maccdc2012/dns.log.gz HTTP/1.1" 304 154 "-" "Mozilla/5.0 Gecko/20100115 Firefox/3.6" 
151.80.31.150 - - [03/Oct/2018:20:04:54 -0700] "GET /self.logs/error.log.2015-01-20.gz HTTP/1.1" 404 284 "-" "Mozilla/5.0 (compatible; AhrefsBot/5.2; +http://ahrefs.com/robot/)" 
54.36.148.106 - - [03/Oct/2018:20:05:29 -0700] "GET /self.logs/error.log.2015-11-14.gz HTTP/1.1" 404 284 "-" "Mozilla/5.0 (compatible; AhrefsBot/5.2; +http://ahrefs.com/robot/)" 
216.244.66.245 - - [03/Oct/2018:20:13:14 -0700] "GET /self.logs/access.log.2017-02-08.gz HTTP/1.1" 200 31133 "-" "Mozilla/5.0 (compatible; DotBot/1.1; http://www.opensiteexplorer.org/dotbot, help@moz.com)" 
216.244.66.245 - - [03/Oct/2018:20:13:15 -0700] "GET /self.logs/access.log.2017-03-28.gz HTTP/1.1" 200 15362 "-" "Mozilla/5.0 (compatible; DotBot/1.1; http://www.opensiteexplorer.org/dotbot, help@moz.com)" 
216.244.66.245 - - [03/Oct/2018:20:13:17 -0700] "GET /self.logs/access.log.2017-07-10.gz HTTP/1.1" 200 16772 "-" "Mozilla/5.0 (compatible; DotBot/1.1; http://www.opensiteexplorer.org/dotbot, help@moz.com)" 
216.244.66.245 - - [03/Oct/2018:20:13:18 -0700] "GET /self.logs/access.log.2017-07-25.gz HTTP/1.1" 200 28509 "-" "Mozilla/5.0 (compatible; DotBot/1.1; http://www.opensiteexplorer.org/dotbot, help@moz.com)" 
216.244.66.245 - - [03/Oct/2018:20:13:19 -0700] "GET /self.logs/access.log.2017-11-20.gz HTTP/1.1" 200 27210 "-" "Mozilla/5.0 (compatible; DotBot/1.1; http://www.opensiteexplorer.org/dotbot, help@moz.com)" 
216.244.66.245 - - [03/Oct/2018:20:13:21 -0700] "GET /self.logs/error.log.2017-03-29.gz HTTP/1.1" 200 664 "-" "Mozilla/5.0 (compatible; DotBot/1.1; http://www.opensiteexplorer.org/dotbot, help@moz.com)" 
216.244.66.245 - - [03/Oct/2018:20:13:22 -0700] "GET /self.logs/error.log.2017-07-28.gz HTTP/1.1" 200 680 "-" "Mozilla/5.0 (compatible; DotBot/1.1; http://www.opensiteexplorer.org/dotbot, help@moz.com)" 
216.244.66.245 - - [03/Oct/2018:20:13:23 -0700] "GET /self.logs/error.log.2017-09-27.gz HTTP/1.1" 200 1950 "-" "Mozilla/5.0 (compatible; DotBot/1.1; http://www.opensiteexplorer.org/dotbot, help@moz.com)" 
216.244.66.245 - - [03/Oct/2018:20:13:25 -0700] "GET /self.logs/error.log.2017-12-11.gz HTTP/1.1" 200 5064 "-" "Mozilla/5.0 (compatible; DotBot/1.1; http://www.opensiteexplorer.org/dotbot, help@moz.com)" 
216.244.66.245 - - [03/Oct/2018:20:13:26 -0700] "GET /self.logs/error.log.2017-12-22.gz HTTP/1.1" 200 1467 "-" "Mozilla/5.0 (compatible; DotBot/1.1; http://www.opensiteexplorer.org/dotbot, help@moz.com)" 
18.188.94.118 - - [03/Oct/2018:20:14:24 -0700] "GET / HTTP/1.1" 200 12383 "-" "Mozilla/5.0 (Windows NT 6.1; Win64; x64; rv:47.0) Trident/5.0 Firefox/42.0" 
211.231.103.91 - - [03/Oct/2018:20:14:51 -0700] "GET / HTTP/1.1" 200 46156 "-" "facebookexternalhit/1.1;kakaotalk-scrap/1.0; +https://devtalk.kakao.com/t/scrap/33984" 
108.59.8.70 - - [03/Oct/2018:20:15:21 -0700] "GET /robots.txt HTTP/1.1" 200 289 "-" "Mozilla/5.0 (compatible; MJ12bot/v1.4.8; http://mj12bot.com/)" 
108.59.8.70 - - [03/Oct/2018:20:15:39 -0700] "GET / HTTP/1.1" 200 46156 "-" "Mozilla/5.0 (compatible; MJ12bot/v1.4.8; http://mj12bot.com/)" 
218.146.20.61 - - [03/Oct/2018:20:17:07 -0700] "GET / HTTP/1.1" 200 12383 "-" "Mozilla/5.0 (Windows NT 10.0; WOW64; Trident/7.0; rv:11.0) like Gecko" 
218.146.20.61 - - [03/Oct/2018:20:17:08 -0700] "GET /twitter-icon.png HTTP/1.1" 200 27787 "http://www.secrepo.com/" "Mozilla/5.0 (Windows NT 10.0; WOW64; Trident/7.0; rv:11.0) like Gecko" 
218.146.20.61 - - [03/Oct/2018:20:17:08 -0700] "GET /GitHub-Mark.png HTTP/1.1" 200 7428 "http://www.secrepo.com/" "Mozilla/5.0 (Windows NT 10.0; WOW64; Trident/7.0; rv:11.0) like Gecko" 
218.146.20.61 - - [03/Oct/2018:20:17:09 -0700] "GET /bootstrap/img/favicon.ico HTTP/1.1" 200 590 "-" "Mozilla/5.0 (Windows NT 10.0; Win64; x64; Trident/7.0; rv:11.0) like Gecko" 
218.52.64.37 - - [03/Oct/2018:20:19:54 -0700] "GET / HTTP/1.1" 200 12383 "-" "Mozilla/5.0 (Linux; Android 8.0.0; SM-G950N Build/R16NW; wv) AppleWebKit/537.36 (KHTML, like Gecko) Version/4.0 Chrome/69.0.3497.100 Mobile Safari/537.36;KAKAOTALK 1908030" 
218.52.64.37 - - [03/Oct/2018:20:19:55 -0700] "GET /twitter-icon.png HTTP/1.1" 200 27787 "http://www.secrepo.com/" "Mozilla/5.0 (Linux; Android 8.0.0; SM-G950N Build/R16NW; wv) AppleWebKit/537.36 (KHTML, like Gecko) Version/4.0 Chrome/69.0.3497.100 Mobile Safari/537.36;KAKAOTALK 1908030" 
218.52.64.37 - - [03/Oct/2018:20:19:55 -0700] "GET /GitHub-Mark.png HTTP/1.1" 200 7428 "http://www.secrepo.com/" "Mozilla/5.0 (Linux; Android 8.0.0; SM-G950N Build/R16NW; wv) AppleWebKit/537.36 (KHTML, like Gecko) Version/4.0 Chrome/69.0.3497.100 Mobile Safari/537.36;KAKAOTALK 1908030" 
218.52.64.37 - - [03/Oct/2018:20:19:57 -0700] "GET /bootstrap/img/favicon.ico HTTP/1.1" 200 589 "http://www.secrepo.com/" "Mozilla/5.0 (Linux; Android 8.0.0; SM-G950N Build/R16NW; wv) AppleWebKit/537.36 (KHTML, like Gecko) Version/4.0 Chrome/69.0.3497.100 Mobile Safari/537.36;KAKAOTALK 1908030" 
218.146.20.61 - - [03/Oct/2018:20:21:10 -0700] "GET / HTTP/1.1" 200 12383 "-" "Mozilla/5.0 (Windows NT 10.0; Win64; x64; rv:62.0) Gecko/20100101 Firefox/62.0" 
218.146.20.61 - - [03/Oct/2018:20:21:10 -0700] "GET /twitter-icon.png HTTP/1.1" 200 27787 "http://www.secrepo.com/" "Mozilla/5.0 (Windows NT 10.0; Win64; x64; rv:62.0) Gecko/20100101 Firefox/62.0" 
218.146.20.61 - - [03/Oct/2018:20:21:10 -0700] "GET /GitHub-Mark.png HTTP/1.1" 200 7428 "http://www.secrepo.com/" "Mozilla/5.0 (Windows NT 10.0; Win64; x64; rv:62.0) Gecko/20100101 Firefox/62.0" 
218.146.20.61 - - [03/Oct/2018:20:21:11 -0700] "GET /bootstrap/img/favicon.ico HTTP/1.1" 200 589 "-" "Mozilla/5.0 (Windows NT 10.0; Win64; x64; rv:62.0) Gecko/20100101 Firefox/62.0" 
202.170.60.253 - - [03/Oct/2018:20:21:27 -0700] "GET / HTTP/1.1" 200 12383 "-" "Mozilla/5.0 (Windows NT 10.0; Win64; x64) AppleWebKit/537.36 (KHTML, like Gecko) Chrome/64.0.3282.140 Safari/537.36 Edge/17.17134" 
202.170.60.253 - - [03/Oct/2018:20:21:28 -0700] "GET /twitter-icon.png HTTP/1.1" 200 27787 "http://www.secrepo.com/" "Mozilla/5.0 (Windows NT 10.0; Win64; x64) AppleWebKit/537.36 (KHTML, like Gecko) Chrome/64.0.3282.140 Safari/537.36 Edge/17.17134" 
202.170.60.253 - - [03/Oct/2018:20:21:28 -0700] "GET /GitHub-Mark.png HTTP/1.1" 200 7428 "http://www.secrepo.com/" "Mozilla/5.0 (Windows NT 10.0; Win64; x64) AppleWebKit/537.36 (KHTML, like Gecko) Chrome/64.0.3282.140 Safari/537.36 Edge/17.17134" 
202.170.60.253 - - [03/Oct/2018:20:21:29 -0700] "GET /bootstrap/img/favicon.ico HTTP/1.1" 200 590 "-" "Mozilla/5.0 (Windows NT 10.0; Win64; x64) AppleWebKit/537.36 (KHTML, like Gecko) Chrome/64.0.3282.140 Safari/537.36 Edge/17.17134" 
54.36.148.202 - - [03/Oct/2018:20:24:17 -0700] "GET /self.logs/2015/error.log.2015-01-24.gz HTTP/1.1" 200 863 "-" "Mozilla/5.0 (compatible; AhrefsBot/5.2; +http://ahrefs.com/robot/)" 
54.36.148.19 - - [03/Oct/2018:20:25:23 -0700] "GET /self.logs/error.log.2016-02-27.gz HTTP/1.1" 404 284 "-" "Mozilla/5.0 (compatible; AhrefsBot/5.2; +http://ahrefs.com/robot/)" 
18.224.45.232 - - [03/Oct/2018:20:26:05 -0700] "GET / HTTP/1.1" 200 12383 "-" "Mozilla/5.0 (Macintosh; Intel Mac OS X x.y; rv:42.0) Trident/5.0 Chrome/51.0.2704.106 Safari/537.36 OPR/38.0.2220.41" 
157.55.39.40 - - [03/Oct/2018:20:27:01 -0700] "GET /robots.txt HTTP/1.1" 301 502 "-" "Mozilla/5.0 (compatible; bingbot/2.0; +http://www.bing.com/bingbot.htm)" 
157.55.39.40 - - [03/Oct/2018:20:27:02 -0700] "GET /robots.txt HTTP/1.1" 200 334 "-" "Mozilla/5.0 (compatible; bingbot/2.0; +http://www.bing.com/bingbot.htm)" 
157.55.39.215 - - [03/Oct/2018:20:27:09 -0700] "GET / HTTP/1.1" 301 483 "-" "Mozilla/5.0 (compatible; bingbot/2.0; +http://www.bing.com/bingbot.htm)" 
216.244.66.245 - - [03/Oct/2018:20:28:47 -0700] "GET /self.logs/access.log.2015-01-20.gz HTTP/1.1" 404 239 "-" "Mozilla/5.0 (compatible; DotBot/1.1; http://www.opensiteexplorer.org/dotbot, help@moz.com)" 
216.244.66.245 - - [03/Oct/2018:20:28:48 -0700] "GET /self.logs/access.log.2015-10-18.gz HTTP/1.1" 404 239 "-" "Mozilla/5.0 (compatible; DotBot/1.1; http://www.opensiteexplorer.org/dotbot, help@moz.com)" 
216.244.66.245 - - [03/Oct/2018:20:28:49 -0700] "GET /self.logs/access.log.2015-12-16.gz HTTP/1.1" 404 239 "-" "Mozilla/5.0 (compatible; DotBot/1.1; http://www.opensiteexplorer.org/dotbot, help@moz.com)" 
216.244.66.245 - - [03/Oct/2018:20:28:50 -0700] "GET /self.logs/access.log.2016-04-20.gz HTTP/1.1" 404 239 "-" "Mozilla/5.0 (compatible; DotBot/1.1; http://www.opensiteexplorer.org/dotbot, help@moz.com)" 
216.244.66.245 - - [03/Oct/2018:20:28:51 -0700] "GET /self.logs/access.log.2016-04-28.gz HTTP/1.1" 404 239 "-" "Mozilla/5.0 (compatible; DotBot/1.1; http://www.opensiteexplorer.org/dotbot, help@moz.com)" 
216.244.66.245 - - [03/Oct/2018:20:28:52 -0700] "GET /self.logs/error.log.2015-02-01.gz HTTP/1.1" 404 239 "-" "Mozilla/5.0 (compatible; DotBot/1.1; http://www.opensiteexplorer.org/dotbot, help@moz.com)" 
216.244.66.245 - - [03/Oct/2018:20:28:53 -0700] "GET /self.logs/error.log.2015-07-03.gz HTTP/1.1" 404 239 "-" "Mozilla/5.0 (compatible; DotBot/1.1; http://www.opensiteexplorer.org/dotbot, help@moz.com)" 
216.244.66.245 - - [03/Oct/2018:20:28:54 -0700] "GET /self.logs/error.log.2016-06-28.gz HTTP/1.1" 404 239 "-" "Mozilla/5.0 (compatible; DotBot/1.1; http://www.opensiteexplorer.org/dotbot, help@moz.com)" 
157.55.39.215 - - [03/Oct/2018:20:30:06 -0700] "GET / HTTP/1.1" 200 12383 "-" "Mozilla/5.0 (compatible; bingbot/2.0; +http://www.bing.com/bingbot.htm)" 
113.171.224.176 - - [03/Oct/2018:20:33:33 -0700] "GET /honeypot/Honeypot%20-%20Howto.pdf HTTP/1.1" 200 46720 "-" "Mozilla/5.0 Gecko/20100115 Firefox/3.6" 
61.1.86.144 - - [03/Oct/2018:20:35:45 -0700] "GET /wp-login.php HTTP/1.1" 418 732 "-" "Mozilla/5.0 (Windows NT 6.1; WOW64; rv:40.0) Gecko/20100101 Firefox/40.1" 
61.1.86.144 - - [03/Oct/2018:20:35:49 -0700] "GET / HTTP/1.1" 418 732 "-" "Mozilla/5.0 (Windows NT 6.1; WOW64; rv:40.0) Gecko/20100101 Firefox/40.1" 
54.36.148.15 - - [03/Oct/2018:20:39:41 -0700] "GET /self.logs/access.log.2016-03-29.gz HTTP/1.1" 404 284 "-" "Mozilla/5.0 (compatible; AhrefsBot/5.2; +http://ahrefs.com/robot/)" 
216.244.66.245 - - [03/Oct/2018:20:41:29 -0700] "GET /robots.txt HTTP/1.1" 200 233 "-" "Mozilla/5.0 (compatible; DotBot/1.1; http://www.opensiteexplorer.org/dotbot, help@moz.com)" 
18.223.172.176 - - [03/Oct/2018:20:44:08 -0700] "GET / HTTP/1.1" 200 12383 "-" "Mozilla/5.0 (Macintosh; Intel Mac OS X x.y; rv:42.0) Gecko/20100101 Chrome/67.0.3396.79 Safari/537.36" 
54.36.148.226 - - [03/Oct/2018:20:49:14 -0700] "GET /self.logs/access.log.2015-08-24.gz HTTP/1.1" 404 284 "-" "Mozilla/5.0 (compatible; AhrefsBot/5.2; +http://ahrefs.com/robot/)" 
54.36.148.252 - - [03/Oct/2018:20:50:28 -0700] "GET /self.logs/error.log.2018-09-15.gz HTTP/1.1" 200 6623 "-" "Mozilla/5.0 (compatible; AhrefsBot/5.2; +http://ahrefs.com/robot/)" 
54.36.148.117 - - [03/Oct/2018:20:53:21 -0700] "GET /self.logs/error.log.2015-11-08.gz HTTP/1.1" 404 284 "-" "Mozilla/5.0 (compatible; AhrefsBot/5.2; +http://ahrefs.com/robot/)" 
54.36.148.105 - - [03/Oct/2018:20:53:35 -0700] "GET /self.logs/error.log.2017-01-18.gz HTTP/1.1" 200 634 "-" "Mozilla/5.0 (compatible; AhrefsBot/5.2; +http://ahrefs.com/robot/)" 
70.121.106.147 - - [03/Oct/2018:20:53:48 -0700] "GET / HTTP/1.1" 200 12383 "-" "Mozilla/5.0 (Windows NT 10.0; Win64; x64) AppleWebKit/537.36 (KHTML, like Gecko) Chrome/69.0.3497.100 Safari/537.36" 
70.121.106.147 - - [03/Oct/2018:20:53:49 -0700] "GET /twitter-icon.png HTTP/1.1" 200 27787 "http://www.secrepo.com/" "Mozilla/5.0 (Windows NT 10.0; Win64; x64) AppleWebKit/537.36 (KHTML, like Gecko) Chrome/69.0.3497.100 Safari/537.36" 
70.121.106.147 - - [03/Oct/2018:20:53:49 -0700] "GET /GitHub-Mark.png HTTP/1.1" 200 7428 "http://www.secrepo.com/" "Mozilla/5.0 (Windows NT 10.0; Win64; x64) AppleWebKit/537.36 (KHTML, like Gecko) Chrome/69.0.3497.100 Safari/537.36" 
70.121.106.147 - - [03/Oct/2018:20:53:51 -0700] "GET /bootstrap/img/favicon.ico HTTP/1.1" 200 589 "http://www.secrepo.com/" "Mozilla/5.0 (Windows NT 10.0; Win64; x64) AppleWebKit/537.36 (KHTML, like Gecko) Chrome/69.0.3497.100 Safari/537.36" 
39.155.192.132 - - [03/Oct/2018:20:55:20 -0700] "GET /favicon.ico HTTP/1.1" 200 268 "-" "Mozilla/5.0 (Windows NT 6.1) AppleWebKit/537.36 (KHTML, like Gecko) Chrome/49.0.2623.221 Safari/537.36 SE 2.X MetaSr 1.0" 
54.36.149.14 - - [03/Oct/2018:20:55:33 -0700] "GET /self.logs/2015/access.log.2015-09-05.gz HTTP/1.1" 200 2914 "-" "Mozilla/5.0 (compatible; AhrefsBot/5.2; +http://ahrefs.com/robot/)" 
216.244.66.245 - - [03/Oct/2018:20:55:57 -0700] "GET /self.logs/access.log.2017-06-29.gz HTTP/1.1" 200 15305 "-" "Mozilla/5.0 (compatible; DotBot/1.1; http://www.opensiteexplorer.org/dotbot, help@moz.com)" 
216.244.66.245 - - [03/Oct/2018:20:55:58 -0700] "GET /self.logs/access.log.2017-10-24.gz HTTP/1.1" 200 43412 "-" "Mozilla/5.0 (compatible; DotBot/1.1; http://www.opensiteexplorer.org/dotbot, help@moz.com)" 
216.244.66.245 - - [03/Oct/2018:20:56:00 -0700] "GET /self.logs/access.log.2017-10-30.gz HTTP/1.1" 200 23271 "-" "Mozilla/5.0 (compatible; DotBot/1.1; http://www.opensiteexplorer.org/dotbot, help@moz.com)" 
216.244.66.245 - - [03/Oct/2018:20:56:01 -0700] "GET /self.logs/error.log.2017-05-15.gz HTTP/1.1" 200 1408 "-" "Mozilla/5.0 (compatible; DotBot/1.1; http://www.opensiteexplorer.org/dotbot, help@moz.com)" 
216.244.66.245 - - [03/Oct/2018:20:56:03 -0700] "GET /self.logs/error.log.2017-07-27.gz HTTP/1.1" 200 781 "-" "Mozilla/5.0 (compatible; DotBot/1.1; http://www.opensiteexplorer.org/dotbot, help@moz.com)" 
216.244.66.245 - - [03/Oct/2018:20:56:04 -0700] "GET /self.logs/error.log.2017-08-17.gz HTTP/1.1" 200 1233 "-" "Mozilla/5.0 (compatible; DotBot/1.1; http://www.opensiteexplorer.org/dotbot, help@moz.com)" 
216.244.66.245 - - [03/Oct/2018:20:56:05 -0700] "GET /self.logs/error.log.2017-08-31.gz HTTP/1.1" 200 1208 "-" "Mozilla/5.0 (compatible; DotBot/1.1; http://www.opensiteexplorer.org/dotbot, help@moz.com)" 
216.244.66.245 - - [03/Oct/2018:20:56:07 -0700] "GET /self.logs/error.log.2017-11-16.gz HTTP/1.1" 200 964 "-" "Mozilla/5.0 (compatible; DotBot/1.1; http://www.opensiteexplorer.org/dotbot, help@moz.com)" 
61.2.40.52 - - [03/Oct/2018:21:00:56 -0700] "GET /wp-login.php HTTP/1.1" 418 732 "-" "Mozilla/5.0 (Windows NT 6.1; WOW64; rv:40.0) Gecko/20100101 Firefox/40.1" 
61.2.40.52 - - [03/Oct/2018:21:00:57 -0700] "GET / HTTP/1.1" 418 732 "-" "Mozilla/5.0 (Windows NT 6.1; WOW64; rv:40.0) Gecko/20100101 Firefox/40.1" 
54.36.148.163 - - [03/Oct/2018:21:02:28 -0700] "GET /self.logs/error.log.2016-09-29.gz HTTP/1.1" 404 284 "-" "Mozilla/5.0 (compatible; AhrefsBot/5.2; +http://ahrefs.com/robot/)" 
46.229.168.129 - - [03/Oct/2018:21:08:38 -0700] "GET /robots.txt HTTP/1.1" 200 297 "-" "Mozilla/5.0 (compatible; SemrushBot/2~bl; +http://www.semrush.com/bot.html)" 
46.229.168.141 - - [03/Oct/2018:21:08:39 -0700] "GET /self.logs/ HTTP/1.1" 200 12424 "-" "Mozilla/5.0 (compatible; SemrushBot/2~bl; +http://www.semrush.com/bot.html)" 
216.244.66.245 - - [03/Oct/2018:21:09:37 -0700] "GET /self.logs/access.log.2015-06-06.gz HTTP/1.1" 404 239 "-" "Mozilla/5.0 (compatible; DotBot/1.1; http://www.opensiteexplorer.org/dotbot, help@moz.com)" 
216.244.66.245 - - [03/Oct/2018:21:09:38 -0700] "GET /self.logs/access.log.2016-12-22.gz HTTP/1.1" 404 239 "-" "Mozilla/5.0 (compatible; DotBot/1.1; http://www.opensiteexplorer.org/dotbot, help@moz.com)" 
216.244.66.245 - - [03/Oct/2018:21:09:39 -0700] "GET /self.logs/error.log.2015-01-23.gz HTTP/1.1" 404 239 "-" "Mozilla/5.0 (compatible; DotBot/1.1; http://www.opensiteexplorer.org/dotbot, help@moz.com)" 
216.244.66.245 - - [03/Oct/2018:21:09:40 -0700] "GET /self.logs/error.log.2016-02-04.gz HTTP/1.1" 404 239 "-" "Mozilla/5.0 (compatible; DotBot/1.1; http://www.opensiteexplorer.org/dotbot, help@moz.com)" 
216.244.66.245 - - [03/Oct/2018:21:09:41 -0700] "GET /self.logs/error.log.2016-05-27.gz HTTP/1.1" 404 239 "-" "Mozilla/5.0 (compatible; DotBot/1.1; http://www.opensiteexplorer.org/dotbot, help@moz.com)" 
115.212.179.80 - - [03/Oct/2018:21:10:24 -0700] "GET / HTTP/1.1" 200 46212 "http://www.secrepo.com/" "Mozilla/4.0 (compatible; MSIE 9.0; Windows NT 6.1)" 
170.0.126.251 - - [03/Oct/2018:21:10:03 -0700] "GET /honeypot/Honeypot%20-%20Howto.pdf HTTP/1.1" 200 1279418 "http://www.secrepo.com/" "Mozilla/5.0 (Windows NT 6.1; WOW64) AppleWebKit/537.36 (KHTML, like Gecko) Chrome/65.0.3298.4 Safari/537.36" 
216.244.66.245 - - [03/Oct/2018:21:10:33 -0700] "GET /Datasets%20Description/PE_malware/?C=S;O=A HTTP/1.1" 200 897 "-" "Mozilla/5.0 (compatible; DotBot/1.1; http://www.opensiteexplorer.org/dotbot, help@moz.com)" 
115.212.179.80 - - [03/Oct/2018:21:10:51 -0700] "POST //data/cache/asd.php HTTP/1.1" 404 295 "http://www.secrepo.com//data/cache/asd.php" "Mozilla/4.0 (compatible; MSIE 9.0; Windows NT 6.1)" 
115.212.179.80 - - [03/Oct/2018:21:10:51 -0700] "POST //plus/result.php HTTP/1.1" 404 294 "http://www.secrepo.com//plus/result.php" "Mozilla/4.0 (compatible; MSIE 9.0; Windows NT 6.1)" 
115.212.179.80 - - [03/Oct/2018:21:10:51 -0700] "POST //plus/read.php HTTP/1.1" 404 294 "http://www.secrepo.com//plus/read.php" "Mozilla/4.0 (compatible; MSIE 9.0; Windows NT 6.1)" 
115.212.179.80 - - [03/Oct/2018:21:10:51 -0700] "POST //data/cache/flye.php HTTP/1.1" 404 294 "http://www.secrepo.com//data/cache/flye.php" "Mozilla/4.0 (compatible; MSIE 9.0; Windows NT 6.1)" 
115.212.179.80 - - [03/Oct/2018:21:10:52 -0700] "POST //fuck.php HTTP/1.1" 404 294 "http://www.secrepo.com//fuck.php" "Mozilla/4.0 (compatible; MSIE 9.0; Windows NT 6.1)" 
115.212.179.80 - - [03/Oct/2018:21:10:52 -0700] "POST //inc/config.asp HTTP/1.1" 404 294 "http://www.secrepo.com//inc/config.asp" "Mozilla/4.0 (compatible; MSIE 9.0; Windows NT 6.1)" 
115.212.179.80 - - [03/Oct/2018:21:10:53 -0700] "POST //config/AspCms_Config.asp HTTP/1.1" 404 294 "http://www.secrepo.com//config/AspCms_Config.asp" "Mozilla/4.0 (compatible; MSIE 9.0; Windows NT 6.1)" 
18.216.137.18 - - [03/Oct/2018:21:14:31 -0700] "GET / HTTP/1.1" 200 12383 "-" "Mozilla/5.0 (X11; Linux x86_64) Trident/5.0 Safari/602.1" 
223.73.11.167 - - [03/Oct/2018:21:19:46 -0700] "GET /favicon.ico HTTP/1.1" 200 268 "-" "Mozilla/5.0 (Windows NT 10.0; WOW64) AppleWebKit/537.36 (KHTML, like Gecko) Chrome/63.0.3239.132 Safari/537.36" 
54.36.149.6 - - [03/Oct/2018:21:22:07 -0700] "GET /self.logs/access.log.2015-11-22.gz HTTP/1.1" 404 284 "-" "Mozilla/5.0 (compatible; AhrefsBot/5.2; +http://ahrefs.com/robot/)" 
40.77.167.2 - - [03/Oct/2018:21:25:18 -0700] "GET /self.logs/access.log.2018-09-07.gz HTTP/1.1" 301 546 "-" "Mozilla/5.0 (compatible; bingbot/2.0; +http://www.bing.com/bingbot.htm)" 
18.224.45.232 - - [03/Oct/2018:21:27:10 -0700] "GET / HTTP/1.1" 200 12383 "-" "Mozilla/5.0 (X11; Linux x86_64) Trident/5.0 Chrome/67.0.3396.79 Safari/537.36" 
