89.115.122.6 - - [15/Jan/2018:22:38:28 -0800] "GET / HTTP/1.1" 200 37415 "-" "Mozilla/5.0 (Windows NT 6.1; WOW64; rv:40.0) Gecko/20100101 Firefox/40.1" 
40.77.167.98 - - [15/Jan/2018:22:38:38 -0800] "GET /self.logs/access.log.2016-05-20.gz HTTP/1.1" 404 340 "-" "Mozilla/5.0 (compatible; bingbot/2.0; +http://www.bing.com/bingbot.htm)" 
157.55.39.91 - - [15/Jan/2018:22:39:05 -0800] "GET /self.logs/error.log.2015-07-30.gz HTTP/1.1" 404 340 "-" "Mozilla/5.0 (compatible; bingbot/2.0; +http://www.bing.com/bingbot.htm)" 
157.55.39.43 - - [15/Jan/2018:22:39:37 -0800] "GET /honeypot/honeypot%20-%20howto.pdf HTTP/1.1" 301 531 "-" "Mozilla/5.0 (iPhone; CPU iPhone OS 7_0 like Mac OS X) AppleWebKit/537.51.1 (KHTML, like Gecko) Version/7.0 Mobile/11A465 Safari/9537.53 (compatible; bingbot/2.0; +http://www.bing.com/bingbot.htm)" 
157.55.39.43 - - [15/Jan/2018:22:39:46 -0800] "GET /honeypot/honeypot%20-%20howto.pdf HTTP/1.1" 404 340 "-" "Mozilla/5.0 (iPhone; CPU iPhone OS 7_0 like Mac OS X) AppleWebKit/537.51.1 (KHTML, like Gecko) Version/7.0 Mobile/11A465 Safari/9537.53 (compatible; bingbot/2.0; +http://www.bing.com/bingbot.htm)" 
54.36.148.172 - - [15/Jan/2018:22:40:30 -0800] "GET /self.logs/error.log.2017-01-14.gz HTTP/1.1" 200 758 "-" "Mozilla/5.0 (compatible; AhrefsBot/5.2; +http://ahrefs.com/robot/)" 
182.138.174.111 - - [15/Jan/2018:22:42:48 -0800] "GET /self.logs/ HTTP/1.1" 200 7775 "http://www.secrepo.com/" "Mozilla/5.0 (Windows NT 10.0; Win64; x64) AppleWebKit/537.36 (KHTML, like Gecko) Chrome/63.0.3239.108 Safari/537.36" 
182.138.174.111 - - [15/Jan/2018:22:42:51 -0800] "GET /favicon.ico HTTP/1.1" 200 268 "http://www.secrepo.com/self.logs/" "Mozilla/5.0 (Windows NT 10.0; Win64; x64) AppleWebKit/537.36 (KHTML, like Gecko) Chrome/63.0.3239.108 Safari/537.36" 
182.138.174.111 - - [15/Jan/2018:22:43:03 -0800] "GET /bootstrap/img/favicon.ico HTTP/1.1" 200 590 "http://www.secrepo.com/" "Mozilla/5.0 (Windows NT 10.0; Win64; x64) AppleWebKit/537.36 (KHTML, like Gecko) Chrome/63.0.3239.108 Safari/537.36" 
182.138.174.111 - - [15/Jan/2018:22:43:30 -0800] "GET /GitHub-Mark.png HTTP/1.1" 206 319 "http://www.secrepo.com/" "Mozilla/5.0 (Windows NT 10.0; Win64; x64) AppleWebKit/537.36 (KHTML, like Gecko) Chrome/63.0.3239.108 Safari/537.36" 
182.138.174.111 - - [15/Jan/2018:22:43:30 -0800] "GET /GitHub-Mark.png HTTP/1.1" 206 3428 "http://www.secrepo.com/" "Mozilla/5.0 (Windows NT 10.0; Win64; x64) AppleWebKit/537.36 (KHTML, like Gecko) Chrome/63.0.3239.108 Safari/537.36" 
157.55.39.43 - - [15/Jan/2018:22:43:52 -0800] "GET /self.logs/error.log.2016-10-14.gz HTTP/1.1" 404 340 "-" "Mozilla/5.0 (compatible; bingbot/2.0; +http://www.bing.com/bingbot.htm)" 
202.82.117.178 - - [15/Jan/2018:22:46:04 -0800] "GET / HTTP/1.1" 200 11061 "-" "Mozilla/5.0 (Macintosh; Intel Mac OS X 10_12_6) AppleWebKit/604.4.7 (KHTML, like Gecko)" 
202.82.117.178 - - [15/Jan/2018:22:46:07 -0800] "GET /apple-touch-icon-precomposed.png HTTP/1.1" 404 340 "-" "Safari/12604.4.7.1.6 CFNetwork/811.8 Darwin/16.7.0 (x86_64)" 
202.82.117.178 - - [15/Jan/2018:22:46:07 -0800] "GET /apple-touch-icon.png HTTP/1.1" 404 339 "-" "Safari/12604.4.7.1.6 CFNetwork/811.8 Darwin/16.7.0 (x86_64)" 
202.82.117.178 - - [15/Jan/2018:22:46:08 -0800] "GET /bootstrap/img/favicon.ico HTTP/1.1" 200 589 "-" "Safari/12604.4.7.1.6 CFNetwork/811.8 Darwin/16.7.0 (x86_64)" 
202.82.117.178 - - [15/Jan/2018:22:46:08 -0800] "GET / HTTP/1.1" 200 11061 "-" "\"Mozilla/5.0 (iPhone; CPU iPhone OS 11_0 like Mac OS X) AppleWebKit/604.1.38 (KHTML, like Gecko) Version/11.0 Mobile/15A372 Safari/604.1\"" 
202.82.117.178 - - [15/Jan/2018:22:46:09 -0800] "GET /apple-touch-icon-precomposed.png HTTP/1.1" 404 339 "-" "Safari/12604.4.7.1.6 CFNetwork/811.8 Darwin/16.7.0 (x86_64)" 
202.82.117.178 - - [15/Jan/2018:22:46:09 -0800] "GET /apple-touch-icon.png HTTP/1.1" 404 339 "-" "Safari/12604.4.7.1.6 CFNetwork/811.8 Darwin/16.7.0 (x86_64)" 
202.82.117.178 - - [15/Jan/2018:22:46:10 -0800] "GET /bootstrap/img/favicon.ico HTTP/1.1" 200 589 "-" "Safari/12604.4.7.1.6 CFNetwork/811.8 Darwin/16.7.0 (x86_64)" 
157.55.39.43 - - [15/Jan/2018:22:48:50 -0800] "GET /self.logs/error.log.2016-04-23.gz HTTP/1.1" 404 340 "-" "Mozilla/5.0 (compatible; bingbot/2.0; +http://www.bing.com/bingbot.htm)" 
51.255.71.132 - - [15/Jan/2018:22:50:22 -0800] "GET /self.logs/access.log.2016-07-29.gz HTTP/1.1" 404 284 "-" "Mozilla/5.0 (compatible; AhrefsBot/5.2; +http://ahrefs.com/robot/)" 
182.138.174.111 - - [15/Jan/2018:22:46:25 -0800] "GET /maccdc2012/http.log.gz HTTP/1.1" 200 6240762 "-" "Mozilla/5.0 (Windows NT 10.0; Win64; x64) AppleWebKit/537.36 (KHTML, like Gecko) Chrome/63.0.3239.108 Safari/537.36" 
157.55.39.43 - - [15/Jan/2018:22:52:27 -0800] "GET /self.logs/error.log.2016-04-05.gz HTTP/1.1" 404 340 "-" "Mozilla/5.0 (compatible; bingbot/2.0; +http://www.bing.com/bingbot.htm)" 
182.138.174.111 - - [15/Jan/2018:22:51:48 -0800] "GET /maccdc2012/http.log.gz HTTP/1.1" 206 466560 "http://www.secrepo.com/maccdc2012" "Mozilla/4.0 (compatible; MSIE 7.0; Windows NT 6.2; WOW64; Trident/7.0; .NET4.0C; .NET4.0E; .NET CLR 2.0.50727; .NET CLR 3.0.30729; .NET CLR 3.5.30729; Shuame)" 
157.55.39.91 - - [15/Jan/2018:22:53:50 -0800] "GET /self.logs/error.log.2016-03-11.gz HTTP/1.1" 404 340 "-" "Mozilla/5.0 (compatible; bingbot/2.0; +http://www.bing.com/bingbot.htm)" 
182.138.174.111 - - [15/Jan/2018:22:51:43 -0800] "GET /maccdc2012/http.log.gz HTTP/1.1" 200 587520 "http://www.secrepo.com/maccdc2012" "Mozilla/4.0 (compatible; MSIE 7.0; Windows NT 6.2; WOW64; Trident/7.0; .NET4.0C; .NET4.0E; .NET CLR 2.0.50727; .NET CLR 3.0.30729; .NET CLR 3.5.30729; Shuame)" 
61.178.40.239 - - [15/Jan/2018:22:54:18 -0800] "GET /?spm=a313e.7916648.0.0.75334f9cp7kY1i HTTP/1.1" 200 11061 "http://jaq.alibaba.com/community/art/show?articleid=880" "Mozilla/5.0 (Windows NT 6.1; WOW64) AppleWebKit/537.36 (KHTML, like Gecko) Chrome/43.0.2357.124 Safari/537.36" 
61.178.40.239 - - [15/Jan/2018:22:54:19 -0800] "GET /twitter-icon.png HTTP/1.1" 200 27787 "http://www.secrepo.com/?spm=a313e.7916648.0.0.75334f9cp7kY1i" "Mozilla/5.0 (Windows NT 6.1; WOW64) AppleWebKit/537.36 (KHTML, like Gecko) Chrome/43.0.2357.124 Safari/537.36" 
61.178.40.239 - - [15/Jan/2018:22:54:19 -0800] "GET /GitHub-Mark.png HTTP/1.1" 200 7428 "http://www.secrepo.com/?spm=a313e.7916648.0.0.75334f9cp7kY1i" "Mozilla/5.0 (Windows NT 6.1; WOW64) AppleWebKit/537.36 (KHTML, like Gecko) Chrome/43.0.2357.124 Safari/537.36" 
61.178.40.239 - - [15/Jan/2018:22:54:22 -0800] "GET /bootstrap/img/favicon.ico HTTP/1.1" 200 590 "http://www.secrepo.com/?spm=a313e.7916648.0.0.75334f9cp7kY1i" "Mozilla/5.0 (Windows NT 6.1; WOW64) AppleWebKit/537.36 (KHTML, like Gecko) Chrome/43.0.2357.124 Safari/537.36" 
157.55.39.91 - - [15/Jan/2018:22:54:50 -0800] "GET /self.logs/error.log.2015-07-24.gz HTTP/1.1" 404 340 "-" "Mozilla/5.0 (compatible; bingbot/2.0; +http://www.bing.com/bingbot.htm)" 
182.138.174.111 - - [15/Jan/2018:22:52:58 -0800] "GET /maccdc2012/http.log.gz HTTP/1.1" 206 213120 "http://www.secrepo.com/maccdc2012" "Mozilla/4.0 (compatible; MSIE 7.0; Windows NT 6.2; WOW64; Trident/7.0; .NET4.0C; .NET4.0E; .NET CLR 2.0.50727; .NET CLR 3.0.30729; .NET CLR 3.5.30729; Shuame)" 
182.138.174.111 - - [15/Jan/2018:22:51:48 -0800] "GET /maccdc2012/http.log.gz HTTP/1.1" 206 1022400 "http://www.secrepo.com/maccdc2012" "Mozilla/4.0 (compatible; MSIE 7.0; Windows NT 6.2; WOW64; Trident/7.0; .NET4.0C; .NET4.0E; .NET CLR 2.0.50727; .NET CLR 3.0.30729; .NET CLR 3.5.30729; Shuame)" 
104.157.13.65 - - [15/Jan/2018:22:56:38 -0800] "GET / HTTP/1.1" 200 11061 "-" "Mozilla/5.0 (Macintosh; Intel Mac OS X 10_13_0) AppleWebKit/537.36 (KHTML, like Gecko) Chrome/62.0.3202.94 Safari/537.36" 
104.157.13.65 - - [15/Jan/2018:22:56:38 -0800] "GET /twitter-icon.png HTTP/1.1" 200 27787 "http://www.secrepo.com/" "Mozilla/5.0 (Macintosh; Intel Mac OS X 10_13_0) AppleWebKit/537.36 (KHTML, like Gecko) Chrome/62.0.3202.94 Safari/537.36" 
104.157.13.65 - - [15/Jan/2018:22:56:38 -0800] "GET /GitHub-Mark.png HTTP/1.1" 200 7428 "http://www.secrepo.com/" "Mozilla/5.0 (Macintosh; Intel Mac OS X 10_13_0) AppleWebKit/537.36 (KHTML, like Gecko) Chrome/62.0.3202.94 Safari/537.36" 
104.157.13.65 - - [15/Jan/2018:22:56:38 -0800] "GET /bootstrap/img/favicon.ico HTTP/1.1" 200 589 "http://www.secrepo.com/" "Mozilla/5.0 (Macintosh; Intel Mac OS X 10_13_0) AppleWebKit/537.36 (KHTML, like Gecko) Chrome/62.0.3202.94 Safari/537.36" 
182.138.174.111 - - [15/Jan/2018:22:53:48 -0800] "GET /maccdc2012/http.log.gz HTTP/1.1" 206 10700769 "http://www.secrepo.com/maccdc2012" "Mozilla/4.0 (compatible; MSIE 7.0; Windows NT 6.2; WOW64; Trident/7.0; .NET4.0C; .NET4.0E; .NET CLR 2.0.50727; .NET CLR 3.0.30729; .NET CLR 3.5.30729; Shuame)" 
40.77.167.98 - - [15/Jan/2018:22:57:42 -0800] "GET /self.logs/error.log.2015-07-29.gz HTTP/1.1" 404 340 "-" "Mozilla/5.0 (compatible; bingbot/2.0; +http://www.bing.com/bingbot.htm)" 
182.138.174.111 - - [15/Jan/2018:22:51:49 -0800] "GET /maccdc2012/http.log.gz HTTP/1.1" 206 11260493 "http://www.secrepo.com/maccdc2012" "Mozilla/4.0 (compatible; MSIE 7.0; Windows NT 6.2; WOW64; Trident/7.0; .NET4.0C; .NET4.0E; .NET CLR 2.0.50727; .NET CLR 3.0.30729; .NET CLR 3.5.30729; Shuame)" 
182.138.174.111 - - [15/Jan/2018:22:52:58 -0800] "GET /maccdc2012/http.log.gz HTTP/1.1" 206 10857505 "http://www.secrepo.com/maccdc2012" "Mozilla/4.0 (compatible; MSIE 7.0; Windows NT 6.2; WOW64; Trident/7.0; .NET4.0C; .NET4.0E; .NET CLR 2.0.50727; .NET CLR 3.0.30729; .NET CLR 3.5.30729; Shuame)" 
182.138.174.111 - - [15/Jan/2018:22:58:02 -0800] "GET /maccdc2012/http.log.gz HTTP/1.1" 206 1143174 "http://www.secrepo.com/maccdc2012" "Mozilla/4.0 (compatible; MSIE 7.0; Windows NT 6.2; WOW64; Trident/7.0; .NET4.0C; .NET4.0E; .NET CLR 2.0.50727; .NET CLR 3.0.30729; .NET CLR 3.5.30729; Shuame)" 
182.138.174.111 - - [15/Jan/2018:22:58:20 -0800] "GET /maccdc2012/http.log.gz HTTP/1.1" 206 433189 "http://www.secrepo.com/maccdc2012" "Mozilla/4.0 (compatible; MSIE 7.0; Windows NT 6.2; WOW64; Trident/7.0; .NET4.0C; .NET4.0E; .NET CLR 2.0.50727; .NET CLR 3.0.30729; .NET CLR 3.5.30729; Shuame)" 
182.138.174.111 - - [15/Jan/2018:22:58:16 -0800] "GET /maccdc2012/http.log.gz HTTP/1.1" 206 606116 "http://www.secrepo.com/maccdc2012" "Mozilla/4.0 (compatible; MSIE 7.0; Windows NT 6.2; WOW64; Trident/7.0; .NET4.0C; .NET4.0E; .NET CLR 2.0.50727; .NET CLR 3.0.30729; .NET CLR 3.5.30729; Shuame)" 
182.138.174.111 - - [15/Jan/2018:22:51:51 -0800] "GET /maccdc2012/http.log.gz HTTP/1.1" 206 11047680 "http://www.secrepo.com/maccdc2012" "Mozilla/4.0 (compatible; MSIE 7.0; Windows NT 6.2; WOW64; Trident/7.0; .NET4.0C; .NET4.0E; .NET CLR 2.0.50727; .NET CLR 3.0.30729; .NET CLR 3.5.30729; Shuame)" 
182.138.174.111 - - [15/Jan/2018:22:58:42 -0800] "GET /maccdc2012/http.log.gz HTTP/1.1" 206 175956 "http://www.secrepo.com/maccdc2012" "Mozilla/4.0 (compatible; MSIE 7.0; Windows NT 6.2; WOW64; Trident/7.0; .NET4.0C; .NET4.0E; .NET CLR 2.0.50727; .NET CLR 3.0.30729; .NET CLR 3.5.30729; Shuame)" 
182.138.174.111 - - [15/Jan/2018:22:58:50 -0800] "GET /maccdc2012/http.log.gz HTTP/1.1" 206 80273 "http://www.secrepo.com/maccdc2012" "Mozilla/4.0 (compatible; MSIE 7.0; Windows NT 6.2; WOW64; Trident/7.0; .NET4.0C; .NET4.0E; .NET CLR 2.0.50727; .NET CLR 3.0.30729; .NET CLR 3.5.30729; Shuame)" 
182.138.174.111 - - [15/Jan/2018:22:58:53 -0800] "GET /maccdc2012/http.log.gz HTTP/1.1" 206 43282 "http://www.secrepo.com/maccdc2012" "Mozilla/4.0 (compatible; MSIE 7.0; Windows NT 6.2; WOW64; Trident/7.0; .NET4.0C; .NET4.0E; .NET CLR 2.0.50727; .NET CLR 3.0.30729; .NET CLR 3.5.30729; Shuame)" 
182.138.174.111 - - [15/Jan/2018:22:58:54 -0800] "GET /maccdc2012/http.log.gz HTTP/1.1" 206 41197 "http://www.secrepo.com/maccdc2012" "Mozilla/4.0 (compatible; MSIE 7.0; Windows NT 6.2; WOW64; Trident/7.0; .NET4.0C; .NET4.0E; .NET CLR 2.0.50727; .NET CLR 3.0.30729; .NET CLR 3.5.30729; Shuame)" 
182.138.174.111 - - [15/Jan/2018:22:58:55 -0800] "GET /maccdc2012/http.log.gz HTTP/1.1" 206 27880 "http://www.secrepo.com/maccdc2012" "Mozilla/4.0 (compatible; MSIE 7.0; Windows NT 6.2; WOW64; Trident/7.0; .NET4.0C; .NET4.0E; .NET CLR 2.0.50727; .NET CLR 3.0.30729; .NET CLR 3.5.30729; Shuame)" 
182.138.174.111 - - [15/Jan/2018:22:54:08 -0800] "GET /maccdc2012/http.log.gz HTTP/1.1" 206 7871040 "http://www.secrepo.com/maccdc2012" "Mozilla/4.0 (compatible; MSIE 7.0; Windows NT 6.2; WOW64; Trident/7.0; .NET4.0C; .NET4.0E; .NET CLR 2.0.50727; .NET CLR 3.0.30729; .NET CLR 3.5.30729; Shuame)" 
182.138.174.111 - - [15/Jan/2018:22:58:57 -0800] "GET /maccdc2012/http.log.gz HTTP/1.1" 206 11151 "http://www.secrepo.com/maccdc2012" "Mozilla/4.0 (compatible; MSIE 7.0; Windows NT 6.2; WOW64; Trident/7.0; .NET4.0C; .NET4.0E; .NET CLR 2.0.50727; .NET CLR 3.0.30729; .NET CLR 3.5.30729; Shuame)" 
182.138.174.111 - - [15/Jan/2018:22:58:57 -0800] "GET /maccdc2012/http.log.gz HTTP/1.1" 206 13073 "http://www.secrepo.com/maccdc2012" "Mozilla/4.0 (compatible; MSIE 7.0; Windows NT 6.2; WOW64; Trident/7.0; .NET4.0C; .NET4.0E; .NET CLR 2.0.50727; .NET CLR 3.0.30729; .NET CLR 3.5.30729; Shuame)" 
182.138.174.111 - - [15/Jan/2018:22:58:45 -0800] "GET /maccdc2012/http.log.gz HTTP/1.1" 206 129600 "http://www.secrepo.com/maccdc2012" "Mozilla/4.0 (compatible; MSIE 7.0; Windows NT 6.2; WOW64; Trident/7.0; .NET4.0C; .NET4.0E; .NET CLR 2.0.50727; .NET CLR 3.0.30729; .NET CLR 3.5.30729; Shuame)" 
182.138.174.111 - - [15/Jan/2018:22:58:16 -0800] "GET /maccdc2012/http.log.gz HTTP/1.1" 206 457920 "http://www.secrepo.com/maccdc2012" "Mozilla/4.0 (compatible; MSIE 7.0; Windows NT 6.2; WOW64; Trident/7.0; .NET4.0C; .NET4.0E; .NET CLR 2.0.50727; .NET CLR 3.0.30729; .NET CLR 3.5.30729; Shuame)" 
37.187.118.182 - - [15/Jan/2018:22:59:24 -0800] "GET / HTTP/1.1" 301 442 "-" "Mozilla/5.0 (iPhone; U; CPU iPhone OS 5_1_1 like Mac OS X; en) AppleWebKit/534.46.0 (KHTML, like Gecko) CriOS/19.0.1084.60 Mobile/9B206 Safari/7534.48.3" 
37.187.118.182 - - [15/Jan/2018:22:59:24 -0800] "GET / HTTP/1.1" 200 37359 "-" "Mozilla/5.0 (iPhone; U; CPU iPhone OS 5_1_1 like Mac OS X; en) AppleWebKit/534.46.0 (KHTML, like Gecko) CriOS/19.0.1084.60 Mobile/9B206 Safari/7534.48.3" 
157.55.39.91 - - [15/Jan/2018:22:59:51 -0800] "GET /self.logs/access.log.2015-09-28.gz HTTP/1.1" 404 340 "-" "Mozilla/5.0 (compatible; bingbot/2.0; +http://www.bing.com/bingbot.htm)" 
40.77.167.56 - - [15/Jan/2018:22:59:58 -0800] "GET /self.logs/access.log.2016-08-25.gz HTTP/1.1" 404 340 "-" "Mozilla/5.0 (compatible; bingbot/2.0; +http://www.bing.com/bingbot.htm)" 
157.55.39.91 - - [15/Jan/2018:23:02:31 -0800] "GET /self.logs/error.log.2015-05-16.gz HTTP/1.1" 404 340 "-" "Mozilla/5.0 (compatible; bingbot/2.0; +http://www.bing.com/bingbot.htm)" 
157.55.39.91 - - [15/Jan/2018:23:02:52 -0800] "GET /self.logs/access.log.2015-02-26.gz HTTP/1.1" 404 340 "-" "Mozilla/5.0 (compatible; bingbot/2.0; +http://www.bing.com/bingbot.htm)" 
40.77.167.98 - - [15/Jan/2018:23:03:53 -0800] "GET /self.logs/access.log.2016-04-03.gz HTTP/1.1" 404 340 "-" "Mozilla/5.0 (compatible; bingbot/2.0; +http://www.bing.com/bingbot.htm)" 
54.36.149.60 - - [15/Jan/2018:23:04:01 -0800] "GET /self.logs/2016/error.log.2016-02-04.gz HTTP/1.1" 200 852 "-" "Mozilla/5.0 (compatible; AhrefsBot/5.2; +http://ahrefs.com/robot/)" 
157.55.39.91 - - [15/Jan/2018:23:04:58 -0800] "GET /self.logs/error.log.2016-06-19.gz HTTP/1.1" 404 340 "-" "Mozilla/5.0 (compatible; bingbot/2.0; +http://www.bing.com/bingbot.htm)" 
120.221.0.34 - - [15/Jan/2018:23:06:17 -0800] "GET /honeypot/Honeypot%20-%20Howto.pdf HTTP/1.1" 304 131 "-" "Mozilla/5.0 Gecko/20100115 Firefox/3.6" 
102.181.194.40 - - [15/Jan/2018:23:08:02 -0800] "GET /maccdc2012/dns.log.gz HTTP/1.1" 304 154 "-" "Mozilla/5.0 Gecko/20100115 Firefox/3.6" 
120.221.1.28 - - [15/Jan/2018:23:13:01 -0800] "GET /maccdc2012/files.log.gz HTTP/1.1" 304 155 "-" "Mozilla/5.0 Gecko/20100115 Firefox/3.6" 
157.55.39.91 - - [15/Jan/2018:23:14:21 -0800] "GET /self.logs/error.log.2017-02-06.gz HTTP/1.1" 200 1300 "-" "Mozilla/5.0 (compatible; bingbot/2.0; +http://www.bing.com/bingbot.htm)" 
157.55.39.91 - - [15/Jan/2018:23:16:57 -0800] "GET /self.logs/error.log.2016-07-06.gz HTTP/1.1" 404 340 "-" "Mozilla/5.0 (compatible; bingbot/2.0; +http://www.bing.com/bingbot.htm)" 
157.55.39.43 - - [15/Jan/2018:23:20:43 -0800] "GET /self.logs/access.log.2015-10-09.gz HTTP/1.1" 404 340 "-" "Mozilla/5.0 (compatible; bingbot/2.0; +http://www.bing.com/bingbot.htm)" 
157.55.39.43 - - [15/Jan/2018:23:21:59 -0800] "GET /self.logs/error.log.2015-06-08.gz HTTP/1.1" 404 340 "-" "Mozilla/5.0 (compatible; bingbot/2.0; +http://www.bing.com/bingbot.htm)" 
157.55.39.43 - - [15/Jan/2018:23:22:39 -0800] "GET /self.logs/?C=D;O=D HTTP/1.1" 200 7786 "-" "Mozilla/5.0 (compatible; bingbot/2.0; +http://www.bing.com/bingbot.htm)" 
58.60.1.66 - - [15/Jan/2018:23:23:16 -0800] "GET / HTTP/1.1" 200 11061 "-" "Mozilla/5.0 (Windows NT 10.0; Win64; x64; rv:57.0) Gecko/20100101 Firefox/57.0" 
58.60.1.66 - - [15/Jan/2018:23:23:17 -0800] "GET /bootstrap/img/favicon.ico HTTP/1.1" 200 589 "-" "Mozilla/5.0 (Windows NT 10.0; Win64; x64; rv:57.0) Gecko/20100101 Firefox/57.0" 
58.60.1.66 - - [15/Jan/2018:23:23:18 -0800] "GET /GitHub-Mark.png HTTP/1.1" 200 7428 "http://www.secrepo.com/" "Mozilla/5.0 (Windows NT 10.0; Win64; x64; rv:57.0) Gecko/20100101 Firefox/57.0" 
58.60.1.66 - - [15/Jan/2018:23:23:18 -0800] "GET /twitter-icon.png HTTP/1.1" 200 27787 "http://www.secrepo.com/" "Mozilla/5.0 (Windows NT 10.0; Win64; x64; rv:57.0) Gecko/20100101 Firefox/57.0" 
54.36.148.10 - - [15/Jan/2018:23:23:57 -0800] "GET /self.logs/access.log.2016-05-10.gz HTTP/1.1" 404 284 "-" "Mozilla/5.0 (compatible; AhrefsBot/5.2; +http://ahrefs.com/robot/)" 
168.196.104.230 - - [15/Jan/2018:23:24:42 -0800] "GET /wp-login.php HTTP/1.1" 301 466 "-" "Mozilla/5.0 (Windows NT 6.1; WOW64; rv:40.0) Gecko/20100101 Firefox/40.1" 
168.196.104.230 - - [15/Jan/2018:23:24:42 -0800] "GET /wp-login.php HTTP/1.1" 404 239 "-" "Mozilla/5.0 (Windows NT 6.1; WOW64; rv:40.0) Gecko/20100101 Firefox/40.1" 
168.196.104.230 - - [15/Jan/2018:23:24:47 -0800] "GET /wp-login.php HTTP/1.1" 301 466 "-" "Mozilla/5.0 (Windows NT 6.1; WOW64; rv:40.0) Gecko/20100101 Firefox/40.1" 
168.196.104.230 - - [15/Jan/2018:23:24:47 -0800] "GET /wp-login.php HTTP/1.1" 404 239 "-" "Mozilla/5.0 (Windows NT 6.1; WOW64; rv:40.0) Gecko/20100101 Firefox/40.1" 
168.196.104.230 - - [15/Jan/2018:23:24:53 -0800] "GET / HTTP/1.1" 301 442 "-" "Mozilla/5.0 (Windows NT 6.1; WOW64; rv:40.0) Gecko/20100101 Firefox/40.1" 
168.196.104.230 - - [15/Jan/2018:23:24:53 -0800] "GET / HTTP/1.1" 200 37359 "-" "Mozilla/5.0 (Windows NT 6.1; WOW64; rv:40.0) Gecko/20100101 Firefox/40.1" 
58.60.1.66 - - [15/Jan/2018:23:25:04 -0800] "GET /pe_static/zeus.zip HTTP/1.1" 200 881840 "http://www.secrepo.com/" "Mozilla/5.0 (Windows NT 10.0; Win64; x64; rv:57.0) Gecko/20100101 Firefox/57.0" 
58.60.1.66 - - [15/Jan/2018:23:25:12 -0800] "GET /pe_static/apt1.zip HTTP/1.1" 200 528520 "http://www.secrepo.com/" "Mozilla/5.0 (Windows NT 10.0; Win64; x64; rv:57.0) Gecko/20100101 Firefox/57.0" 
58.60.1.66 - - [15/Jan/2018:23:25:19 -0800] "GET /pe_static/zeus.zip HTTP/1.1" 200 65700 "http://www.secrepo.com/" "Mozilla/5.0 (Windows NT 10.0; Win64; x64; rv:57.0) Gecko/20100101 Firefox/57.0" 
40.77.167.98 - - [15/Jan/2018:23:26:12 -0800] "GET /self.logs/error.log.2015-04-03.gz HTTP/1.1" 404 340 "-" "Mozilla/5.0 (compatible; bingbot/2.0; +http://www.bing.com/bingbot.htm)" 
58.60.1.66 - - [15/Jan/2018:23:27:51 -0800] "GET /pe_static/apt1.zip HTTP/1.1" 206 1650788 "http://www.secrepo.com/" "Mozilla/5.0 (Windows NT 10.0; Win64; x64; rv:57.0) Gecko/20100101 Firefox/57.0" 
58.60.1.66 - - [15/Jan/2018:23:27:55 -0800] "GET /pe_static/op-cleaver.zip HTTP/1.1" 200 710065 "http://www.secrepo.com/" "Mozilla/5.0 (Windows NT 10.0; Win64; x64; rv:57.0) Gecko/20100101 Firefox/57.0" 
40.77.167.98 - - [15/Jan/2018:23:28:03 -0800] "GET /self.logs/access.log.2015-03-06.gz HTTP/1.1" 404 340 "-" "Mozilla/5.0 (compatible; bingbot/2.0; +http://www.bing.com/bingbot.htm)" 
58.60.1.66 - - [15/Jan/2018:23:27:42 -0800] "GET /pe_static/zeus.zip HTTP/1.1" 200 51367111 "http://www.secrepo.com/" "Mozilla/5.0 (Windows NT 10.0; Win64; x64; rv:57.0) Gecko/20100101 Firefox/57.0" 
157.55.39.43 - - [15/Jan/2018:23:30:08 -0800] "GET /self.logs/access.log.2016-11-27.gz HTTP/1.1" 404 340 "-" "Mozilla/5.0 (compatible; bingbot/2.0; +http://www.bing.com/bingbot.htm)" 
54.36.149.96 - - [15/Jan/2018:23:31:04 -0800] "GET /self.logs/error.log.2017-04-10.gz HTTP/1.1" 200 3556 "-" "Mozilla/5.0 (compatible; AhrefsBot/5.2; +http://ahrefs.com/robot/)" 
166.87.223.226 - - [15/Jan/2018:23:33:46 -0800] "GET / HTTP/1.1" 200 11061 "-" "Mozilla/5.0 (Windows NT 10.0; Win64; x64; rv:57.0) Gecko/20100101 Firefox/57.0" 
166.87.223.226 - - [15/Jan/2018:23:33:47 -0800] "GET /bootstrap/img/favicon.ico HTTP/1.1" 200 590 "-" "Mozilla/5.0 (Windows NT 10.0; Win64; x64; rv:57.0) Gecko/20100101 Firefox/57.0" 
166.87.223.226 - - [15/Jan/2018:23:33:47 -0800] "GET /twitter-icon.png HTTP/1.1" 200 27788 "http://www.secrepo.com/" "Mozilla/5.0 (Windows NT 10.0; Win64; x64; rv:57.0) Gecko/20100101 Firefox/57.0" 
166.87.223.226 - - [15/Jan/2018:23:33:47 -0800] "GET /GitHub-Mark.png HTTP/1.1" 200 7428 "http://www.secrepo.com/" "Mozilla/5.0 (Windows NT 10.0; Win64; x64; rv:57.0) Gecko/20100101 Firefox/57.0" 
157.55.39.91 - - [15/Jan/2018:23:34:23 -0800] "GET /self.logs/access.log.2016-01-01.gz HTTP/1.1" 404 340 "-" "Mozilla/5.0 (compatible; bingbot/2.0; +http://www.bing.com/bingbot.htm)" 
54.36.148.18 - - [15/Jan/2018:23:35:04 -0800] "GET /self.logs/error.log.2017-11-23.gz HTTP/1.1" 200 2200 "-" "Mozilla/5.0 (compatible; AhrefsBot/5.2; +http://ahrefs.com/robot/)" 
103.47.184.142 - - [15/Jan/2018:23:35:58 -0800] "GET / HTTP/1.1" 200 11061 "-" "Mozilla/5.0 (Windows NT 10.0) AppleWebKit/537.36 (KHTML, like Gecko) Chrome/62.0.3202.94 Safari/537.36 OPR/49.0.2725.64" 
103.47.184.142 - - [15/Jan/2018:23:35:58 -0800] "GET /twitter-icon.png HTTP/1.1" 200 27787 "http://www.secrepo.com/" "Mozilla/5.0 (Windows NT 10.0) AppleWebKit/537.36 (KHTML, like Gecko) Chrome/62.0.3202.94 Safari/537.36 OPR/49.0.2725.64" 
103.47.184.142 - - [15/Jan/2018:23:35:59 -0800] "GET /GitHub-Mark.png HTTP/1.1" 200 7428 "http://www.secrepo.com/" "Mozilla/5.0 (Windows NT 10.0) AppleWebKit/537.36 (KHTML, like Gecko) Chrome/62.0.3202.94 Safari/537.36 OPR/49.0.2725.64" 
157.55.39.43 - - [15/Jan/2018:23:36:48 -0800] "GET /self.logs/access.log.2015-08-04.gz HTTP/1.1" 404 340 "-" "Mozilla/5.0 (compatible; bingbot/2.0; +http://www.bing.com/bingbot.htm)" 
79.191.244.138 - - [15/Jan/2018:23:38:16 -0800] "GET /wp-login.php HTTP/1.1" 404 295 "-" "Mozilla/5.0 (Windows NT 6.1; WOW64; rv:40.0) Gecko/20100101 Firefox/40.1" 
79.191.244.138 - - [15/Jan/2018:23:38:21 -0800] "GET /wp-login.php HTTP/1.1" 404 295 "-" "Mozilla/5.0 (Windows NT 6.1; WOW64; rv:40.0) Gecko/20100101 Firefox/40.1" 
79.191.244.138 - - [15/Jan/2018:23:38:26 -0800] "GET / HTTP/1.1" 200 37415 "-" "Mozilla/5.0 (Windows NT 6.1; WOW64; rv:40.0) Gecko/20100101 Firefox/40.1" 
79.191.244.138 - - [15/Jan/2018:23:38:28 -0800] "GET /wp-login.php HTTP/1.1" 301 522 "-" "Mozilla/5.0 (Windows NT 6.1; WOW64; rv:40.0) Gecko/20100101 Firefox/40.1" 
79.191.244.138 - - [15/Jan/2018:23:38:28 -0800] "GET /wp-login.php HTTP/1.1" 404 294 "-" "Mozilla/5.0 (Windows NT 6.1; WOW64; rv:40.0) Gecko/20100101 Firefox/40.1" 
79.191.244.138 - - [15/Jan/2018:23:38:34 -0800] "GET /wp-login.php HTTP/1.1" 301 522 "-" "Mozilla/5.0 (Windows NT 6.1; WOW64; rv:40.0) Gecko/20100101 Firefox/40.1" 
79.191.244.138 - - [15/Jan/2018:23:38:34 -0800] "GET /wp-login.php HTTP/1.1" 404 295 "-" "Mozilla/5.0 (Windows NT 6.1; WOW64; rv:40.0) Gecko/20100101 Firefox/40.1" 
79.191.244.138 - - [15/Jan/2018:23:38:39 -0800] "GET / HTTP/1.1" 301 498 "-" "Mozilla/5.0 (Windows NT 6.1; WOW64; rv:40.0) Gecko/20100101 Firefox/40.1" 
79.191.244.138 - - [15/Jan/2018:23:38:39 -0800] "GET / HTTP/1.1" 200 37415 "-" "Mozilla/5.0 (Windows NT 6.1; WOW64; rv:40.0) Gecko/20100101 Firefox/40.1" 
103.72.170.58 - - [15/Jan/2018:23:39:19 -0800] "GET / HTTP/1.1" 200 11061 "-" "Mozilla/5.0 (X11; Linux x86_64) AppleWebKit/537.36 (KHTML, like Gecko) Chrome/61.0.3163.100 Safari/537.36" 
103.72.170.58 - - [15/Jan/2018:23:39:20 -0800] "GET /twitter-icon.png HTTP/1.1" 200 27787 "http://www.secrepo.com/" "Mozilla/5.0 (X11; Linux x86_64) AppleWebKit/537.36 (KHTML, like Gecko) Chrome/61.0.3163.100 Safari/537.36" 
103.72.170.58 - - [15/Jan/2018:23:39:20 -0800] "GET /GitHub-Mark.png HTTP/1.1" 200 7428 "http://www.secrepo.com/" "Mozilla/5.0 (X11; Linux x86_64) AppleWebKit/537.36 (KHTML, like Gecko) Chrome/61.0.3163.100 Safari/537.36" 
103.72.170.58 - - [15/Jan/2018:23:39:21 -0800] "GET /bootstrap/img/favicon.ico HTTP/1.1" 200 589 "http://www.secrepo.com/" "Mozilla/5.0 (X11; Linux x86_64) AppleWebKit/537.36 (KHTML, like Gecko) Chrome/61.0.3163.100 Safari/537.36" 
157.55.39.43 - - [15/Jan/2018:23:40:25 -0800] "GET /self.logs/error.log.2017-01-02.gz HTTP/1.1" 200 2642 "-" "Mozilla/5.0 (compatible; bingbot/2.0; +http://www.bing.com/bingbot.htm)" 
157.55.39.91 - - [15/Jan/2018:23:42:16 -0800] "GET /self.logs/error.log.2016-03-24.gz HTTP/1.1" 404 340 "-" "Mozilla/5.0 (compatible; bingbot/2.0; +http://www.bing.com/bingbot.htm)" 
157.55.39.91 - - [15/Jan/2018:23:43:11 -0800] "GET /self.logs/error.log.2016-03-16.gz HTTP/1.1" 404 340 "-" "Mozilla/5.0 (compatible; bingbot/2.0; +http://www.bing.com/bingbot.htm)" 
103.72.170.58 - - [15/Jan/2018:23:40:14 -0800] "GET /tg/a.zip HTTP/1.1" 200 66189337 "http://www.secrepo.com/" "Mozilla/5.0 (X11; Linux x86_64) AppleWebKit/537.36 (KHTML, like Gecko) Chrome/61.0.3163.100 Safari/537.36" 
157.55.39.91 - - [15/Jan/2018:23:43:46 -0800] "GET /self.logs/access.log.2015-05-12.gz HTTP/1.1" 404 340 "-" "Mozilla/5.0 (compatible; bingbot/2.0; +http://www.bing.com/bingbot.htm)" 
166.87.223.226 - - [15/Jan/2018:23:40:25 -0800] "GET /maccdc2012/http.log.gz HTTP/1.1" 200 54258816 "http://www.secrepo.com/" "Mozilla/5.0 (Windows NT 10.0; Win64; x64; rv:57.0) Gecko/20100101 Firefox/57.0" 
216.244.66.227 - - [15/Jan/2018:23:44:32 -0800] "GET /robots.txt HTTP/1.1" 200 233 "-" "Mozilla/5.0 (compatible; DotBot/1.1; http://www.opensiteexplorer.org/dotbot, help@moz.com)" 
157.55.39.91 - - [15/Jan/2018:23:45:32 -0800] "GET /self.logs/access.log.2015-11-04.gz HTTP/1.1" 404 340 "-" "Mozilla/5.0 (compatible; bingbot/2.0; +http://www.bing.com/bingbot.htm)" 
216.244.66.250 - - [15/Jan/2018:23:45:35 -0800] "GET /self.logs/?C=S;O=A HTTP/1.1" 200 72925 "-" "Mozilla/5.0 (compatible; DotBot/1.1; http://www.opensiteexplorer.org/dotbot, help@moz.com)" 
210.12.101.154 - - [15/Jan/2018:23:48:58 -0800] "GET /favicon.ico HTTP/1.1" 200 268 "-" "Mozilla/5.0 (Windows NT 10.0; WOW64) AppleWebKit/537.36 (KHTML, like Gecko) Chrome/55.0.2883.87 Safari/537.36" 
157.55.39.43 - - [15/Jan/2018:23:49:37 -0800] "GET /self.logs/error.log.2016-03-22.gz HTTP/1.1" 404 340 "-" "Mozilla/5.0 (compatible; bingbot/2.0; +http://www.bing.com/bingbot.htm)" 
40.77.167.98 - - [15/Jan/2018:23:50:12 -0800] "GET /self.logs/access.log.2017-02-27.gz HTTP/1.1" 200 37505 "-" "Mozilla/5.0 (compatible; bingbot/2.0; +http://www.bing.com/bingbot.htm)" 
40.77.167.98 - - [15/Jan/2018:23:52:33 -0800] "GET /self.logs/error.log.2016-01-20.gz HTTP/1.1" 404 340 "-" "Mozilla/5.0 (compatible; bingbot/2.0; +http://www.bing.com/bingbot.htm)" 
120.192.27.118 - - [15/Jan/2018:23:53:00 -0800] "GET /favicon.ico HTTP/1.1" 200 268 "-" "Mozilla/5.0 (Windows NT 10.0) AppleWebKit/537.36 (KHTML, like Gecko) Chrome/53.0.2785.104 Safari/537.36 Core/1.53.4399.400 QQBrowser/9.7.12777.400" 
103.72.170.58 - - [15/Jan/2018:23:39:59 -0800] "GET /maccdc2012/conn.log.gz HTTP/1.1" 200 527116351 "http://www.secrepo.com/" "Mozilla/5.0 (X11; Linux x86_64) AppleWebKit/537.36 (KHTML, like Gecko) Chrome/61.0.3163.100 Safari/537.36" 
157.55.39.91 - - [15/Jan/2018:23:54:35 -0800] "GET /self.logs/access.log.2016-09-25.gz HTTP/1.1" 404 340 "-" "Mozilla/5.0 (compatible; bingbot/2.0; +http://www.bing.com/bingbot.htm)" 
40.77.167.98 - - [15/Jan/2018:23:54:58 -0800] "GET /self.logs/access.log.2017-01-10.gz HTTP/1.1" 200 93991 "-" "Mozilla/5.0 (compatible; bingbot/2.0; +http://www.bing.com/bingbot.htm)" 
216.244.66.227 - - [15/Jan/2018:23:57:24 -0800] "GET /self.logs/access.log.2018-01-04.gz HTTP/1.1" 200 25213 "-" "Mozilla/5.0 (compatible; DotBot/1.1; http://www.opensiteexplorer.org/dotbot, help@moz.com)" 
216.244.66.227 - - [15/Jan/2018:23:57:28 -0800] "GET /self.logs/error.log.2018-01-06.gz HTTP/1.1" 200 5651 "-" "Mozilla/5.0 (compatible; DotBot/1.1; http://www.opensiteexplorer.org/dotbot, help@moz.com)" 
40.77.167.98 - - [15/Jan/2018:23:58:13 -0800] "GET /self.logs/error.log.2017-01-28.gz HTTP/1.1" 200 1437 "-" "Mozilla/5.0 (compatible; bingbot/2.0; +http://www.bing.com/bingbot.htm)" 
178.216.16.223 - - [16/Jan/2018:00:01:19 -0800] "GET / HTTP/1.1" 200 11061 "-" "Mozilla/5.0 (Windows NT 10.0; Win64; x64) AppleWebKit/537.36 (KHTML, like Gecko) Chrome/63.0.3239.132 Safari/537.36" 
178.216.16.223 - - [16/Jan/2018:00:01:21 -0800] "GET /GitHub-Mark.png HTTP/1.1" 200 7428 "http://www.secrepo.com/" "Mozilla/5.0 (Windows NT 10.0; Win64; x64) AppleWebKit/537.36 (KHTML, like Gecko) Chrome/63.0.3239.132 Safari/537.36" 
178.216.16.223 - - [16/Jan/2018:00:01:21 -0800] "GET /twitter-icon.png HTTP/1.1" 200 27787 "http://www.secrepo.com/" "Mozilla/5.0 (Windows NT 10.0; Win64; x64) AppleWebKit/537.36 (KHTML, like Gecko) Chrome/63.0.3239.132 Safari/537.36" 
178.216.16.223 - - [16/Jan/2018:00:01:22 -0800] "GET /bootstrap/img/favicon.ico HTTP/1.1" 200 589 "http://www.secrepo.com/" "Mozilla/5.0 (Windows NT 10.0; Win64; x64) AppleWebKit/537.36 (KHTML, like Gecko) Chrome/63.0.3239.132 Safari/537.36" 
64.231.149.66 - - [16/Jan/2018:00:05:09 -0800] "GET / HTTP/1.1" 200 11061 "https://www.google.ca/" "Mozilla/5.0 (Windows NT 6.1; Win64; x64) AppleWebKit/537.36 (KHTML, like Gecko) Chrome/63.0.3239.132 Safari/537.36" 
64.231.149.66 - - [16/Jan/2018:00:05:09 -0800] "GET /twitter-icon.png HTTP/1.1" 200 27787 "http://www.secrepo.com/" "Mozilla/5.0 (Windows NT 6.1; Win64; x64) AppleWebKit/537.36 (KHTML, like Gecko) Chrome/63.0.3239.132 Safari/537.36" 
64.231.149.66 - - [16/Jan/2018:00:05:09 -0800] "GET /GitHub-Mark.png HTTP/1.1" 200 7428 "http://www.secrepo.com/" "Mozilla/5.0 (Windows NT 6.1; Win64; x64) AppleWebKit/537.36 (KHTML, like Gecko) Chrome/63.0.3239.132 Safari/537.36" 
64.231.149.66 - - [16/Jan/2018:00:05:10 -0800] "GET /bootstrap/img/favicon.ico HTTP/1.1" 200 589 "http://www.secrepo.com/" "Mozilla/5.0 (Windows NT 6.1; Win64; x64) AppleWebKit/537.36 (KHTML, like Gecko) Chrome/63.0.3239.132 Safari/537.36" 
54.36.148.72 - - [16/Jan/2018:00:06:48 -0800] "GET /self.logs/error.log.2016-08-10.gz HTTP/1.1" 404 284 "-" "Mozilla/5.0 (compatible; AhrefsBot/5.2; +http://ahrefs.com/robot/)" 
157.55.39.43 - - [16/Jan/2018:00:08:28 -0800] "GET /self.logs/error.log.2015-03-21.gz HTTP/1.1" 404 340 "-" "Mozilla/5.0 (compatible; bingbot/2.0; +http://www.bing.com/bingbot.htm)" 
157.55.39.91 - - [16/Jan/2018:00:09:45 -0800] "GET /self.logs/access.log.2016-10-24.gz HTTP/1.1" 404 340 "-" "Mozilla/5.0 (compatible; bingbot/2.0; +http://www.bing.com/bingbot.htm)" 
157.55.39.91 - - [16/Jan/2018:00:10:11 -0800] "GET /self.logs/error.log.2015-10-02.gz HTTP/1.1" 404 340 "-" "Mozilla/5.0 (compatible; bingbot/2.0; +http://www.bing.com/bingbot.htm)" 
64.231.149.66 - - [16/Jan/2018:00:10:08 -0800] "GET /honeypot/honeypot.json.zip HTTP/1.1" 200 23085976 "http://www.secrepo.com/" "Mozilla/5.0 (Windows NT 6.1; Win64; x64) AppleWebKit/537.36 (KHTML, like Gecko) Chrome/63.0.3239.132 Safari/537.36" 
103.72.170.58 - - [15/Jan/2018:23:55:52 -0800] "GET /maccdc2012/conn.log.gz HTTP/1.1" 200 551041635 "http://www.secrepo.com/" "Mozilla/5.0 (X11; Linux x86_64) AppleWebKit/537.36 (KHTML, like Gecko) Chrome/61.0.3163.100 Safari/537.36" 
118.163.25.151 - - [16/Jan/2018:00:12:37 -0800] "GET / HTTP/1.1" 301 483 "http://www.freebuf.com/articles/network/131279.html" "Mozilla/5.0 (Macintosh; Intel Mac OS X 10_12_6) AppleWebKit/537.36 (KHTML, like Gecko) Chrome/63.0.3239.132 Safari/537.36" 
118.163.25.151 - - [16/Jan/2018:00:12:38 -0800] "GET / HTTP/1.1" 200 11061 "http://www.freebuf.com/articles/network/131279.html" "Mozilla/5.0 (Macintosh; Intel Mac OS X 10_12_6) AppleWebKit/537.36 (KHTML, like Gecko) Chrome/63.0.3239.132 Safari/537.36" 
118.163.25.151 - - [16/Jan/2018:00:12:38 -0800] "GET /GitHub-Mark.png HTTP/1.1" 200 7428 "http://www.secrepo.com/" "Mozilla/5.0 (Macintosh; Intel Mac OS X 10_12_6) AppleWebKit/537.36 (KHTML, like Gecko) Chrome/63.0.3239.132 Safari/537.36" 
118.163.25.151 - - [16/Jan/2018:00:12:39 -0800] "GET /twitter-icon.png HTTP/1.1" 200 27787 "http://www.secrepo.com/" "Mozilla/5.0 (Macintosh; Intel Mac OS X 10_12_6) AppleWebKit/537.36 (KHTML, like Gecko) Chrome/63.0.3239.132 Safari/537.36" 
118.163.25.151 - - [16/Jan/2018:00:12:39 -0800] "GET /bootstrap/img/favicon.ico HTTP/1.1" 200 589 "http://www.secrepo.com/" "Mozilla/5.0 (Macintosh; Intel Mac OS X 10_12_6) AppleWebKit/537.36 (KHTML, like Gecko) Chrome/63.0.3239.132 Safari/537.36" 
157.55.39.91 - - [16/Jan/2018:00:13:27 -0800] "GET /self.logs/access.log.2016-04-14.gz HTTP/1.1" 404 340 "-" "Mozilla/5.0 (compatible; bingbot/2.0; +http://www.bing.com/bingbot.htm)" 
157.55.39.43 - - [16/Jan/2018:00:13:28 -0800] "GET /self.logs/access.log.2015-09-20.gz HTTP/1.1" 404 340 "-" "Mozilla/5.0 (compatible; bingbot/2.0; +http://www.bing.com/bingbot.htm)" 
41.13.40.141 - - [16/Jan/2018:00:13:55 -0800] "GET /wp-login.php HTTP/1.1" 404 295 "-" "Mozilla/5.0 (Windows NT 6.1; WOW64; rv:40.0) Gecko/20100101 Firefox/40.1" 
41.13.40.141 - - [16/Jan/2018:00:14:05 -0800] "GET / HTTP/1.1" 200 37415 "-" "Mozilla/5.0 (Windows NT 6.1; WOW64; rv:40.0) Gecko/20100101 Firefox/40.1" 
157.55.39.91 - - [16/Jan/2018:00:14:42 -0800] "GET /self.logs/error.log.2016-12-06.gz HTTP/1.1" 404 340 "-" "Mozilla/5.0 (compatible; bingbot/2.0; +http://www.bing.com/bingbot.htm)" 
41.13.40.141 - - [16/Jan/2018:00:15:01 -0800] "GET /wp-login.php HTTP/1.1" 301 522 "-" "Mozilla/5.0 (Windows NT 6.1; WOW64; rv:40.0) Gecko/20100101 Firefox/40.1" 
41.13.40.141 - - [16/Jan/2018:00:15:02 -0800] "GET /wp-login.php HTTP/1.1" 404 295 "-" "Mozilla/5.0 (Windows NT 6.1; WOW64; rv:40.0) Gecko/20100101 Firefox/40.1" 
41.13.40.141 - - [16/Jan/2018:00:15:07 -0800] "GET /wp-login.php HTTP/1.1" 301 522 "-" "Mozilla/5.0 (Windows NT 6.1; WOW64; rv:40.0) Gecko/20100101 Firefox/40.1" 
41.13.40.141 - - [16/Jan/2018:00:15:13 -0800] "GET / HTTP/1.1" 301 498 "-" "Mozilla/5.0 (Windows NT 6.1; WOW64; rv:40.0) Gecko/20100101 Firefox/40.1" 
157.55.39.91 - - [16/Jan/2018:00:17:30 -0800] "GET /self.logs/error.log.2015-02-03.gz HTTP/1.1" 404 340 "-" "Mozilla/5.0 (compatible; bingbot/2.0; +http://www.bing.com/bingbot.htm)" 
157.55.39.43 - - [16/Jan/2018:00:18:06 -0800] "GET /self.logs/error.log.2015-03-14.gz HTTP/1.1" 404 340 "-" "Mozilla/5.0 (compatible; bingbot/2.0; +http://www.bing.com/bingbot.htm)" 
223.129.0.228 - - [16/Jan/2018:00:19:23 -0800] "GET /favicon.ico HTTP/1.1" 200 268 "-" "Mozilla/5.0 (Windows NT 10.0; WOW64) AppleWebKit/537.36 (KHTML, like Gecko) Chrome/49.0.2623.221 Safari/537.36 SE 2.X MetaSr 1.0" 
40.77.167.98 - - [16/Jan/2018:00:19:48 -0800] "GET /self.logs/access.log.2016-02-14.gz HTTP/1.1" 404 340 "-" "Mozilla/5.0 (compatible; bingbot/2.0; +http://www.bing.com/bingbot.htm)" 
66.220.145.245 - - [16/Jan/2018:00:20:28 -0800] "GET /GitHub-Mark.png HTTP/1.1" 200 7428 "-" "facebookexternalhit/1.1 (+http://www.facebook.com/externalhit_uatext.php)" 
175.158.225.193 - - [16/Jan/2018:00:22:04 -0800] "GET /wp-login.php HTTP/1.1" 404 295 "-" "Mozilla/5.0 (Windows NT 6.1; WOW64; rv:40.0) Gecko/20100101 Firefox/40.1" 
175.158.225.193 - - [16/Jan/2018:00:22:11 -0800] "GET /wp-login.php HTTP/1.1" 404 295 "-" "Mozilla/5.0 (Windows NT 6.1; WOW64; rv:40.0) Gecko/20100101 Firefox/40.1" 
175.158.225.193 - - [16/Jan/2018:00:22:17 -0800] "GET / HTTP/1.1" 200 37415 "-" "Mozilla/5.0 (Windows NT 6.1; WOW64; rv:40.0) Gecko/20100101 Firefox/40.1" 
161.167.229.15 - - [16/Jan/2018:00:22:43 -0800] "GET / HTTP/1.1" 200 11061 "-" "Mozilla/5.0 (Macintosh; Intel Mac OS X 10_13_2) AppleWebKit/537.36 (KHTML, like Gecko) Chrome/63.0.3239.132 Safari/537.36" 
161.167.229.15 - - [16/Jan/2018:00:22:52 -0800] "GET /twitter-icon.png HTTP/1.1" 200 27788 "http://www.secrepo.com/" "Mozilla/5.0 (Macintosh; Intel Mac OS X 10_13_2) AppleWebKit/537.36 (KHTML, like Gecko) Chrome/63.0.3239.132 Safari/537.36" 
161.167.229.15 - - [16/Jan/2018:00:22:53 -0800] "GET /GitHub-Mark.png HTTP/1.1" 200 7428 "http://www.secrepo.com/" "Mozilla/5.0 (Macintosh; Intel Mac OS X 10_13_2) AppleWebKit/537.36 (KHTML, like Gecko) Chrome/63.0.3239.132 Safari/537.36" 
161.167.229.15 - - [16/Jan/2018:00:23:00 -0800] "GET /bootstrap/img/favicon.ico HTTP/1.1" 200 590 "http://www.secrepo.com/" "Mozilla/5.0 (Macintosh; Intel Mac OS X 10_13_2) AppleWebKit/537.36 (KHTML, like Gecko) Chrome/63.0.3239.132 Safari/537.36" 
157.55.39.43 - - [16/Jan/2018:00:23:04 -0800] "GET /self.logs/access.log.2015-02-06.gz HTTP/1.1" 404 340 "-" "Mozilla/5.0 (compatible; bingbot/2.0; +http://www.bing.com/bingbot.htm)" 
157.55.39.91 - - [16/Jan/2018:00:23:10 -0800] "GET /self.logs/access.log.2016-05-02.gz HTTP/1.1" 404 340 "-" "Mozilla/5.0 (compatible; bingbot/2.0; +http://www.bing.com/bingbot.htm)" 
157.55.39.43 - - [16/Jan/2018:00:24:35 -0800] "GET /self.logs/access.log.2017-01-01.gz HTTP/1.1" 200 17655 "-" "Mozilla/5.0 (compatible; bingbot/2.0; +http://www.bing.com/bingbot.htm)" 
157.55.39.43 - - [16/Jan/2018:00:25:50 -0800] "GET /self.logs/error.log.2017-02-07.gz HTTP/1.1" 200 1334 "-" "Mozilla/5.0 (compatible; bingbot/2.0; +http://www.bing.com/bingbot.htm)" 
157.55.39.91 - - [16/Jan/2018:00:25:56 -0800] "GET /self.logs/access.log.2015-12-20.gz HTTP/1.1" 404 340 "-" "Mozilla/5.0 (compatible; bingbot/2.0; +http://www.bing.com/bingbot.htm)" 
40.77.167.98 - - [16/Jan/2018:00:25:59 -0800] "GET /self.logs/error.log.2015-09-13.gz HTTP/1.1" 404 340 "-" "Mozilla/5.0 (compatible; bingbot/2.0; +http://www.bing.com/bingbot.htm)" 
180.92.158.235 - - [16/Jan/2018:00:26:40 -0800] "GET /wp-login.php HTTP/1.1" 404 295 "-" "Mozilla/5.0 (Windows NT 6.1; WOW64; rv:40.0) Gecko/20100101 Firefox/40.1" 
180.92.158.235 - - [16/Jan/2018:00:26:45 -0800] "GET /wp-login.php HTTP/1.1" 404 295 "-" "Mozilla/5.0 (Windows NT 6.1; WOW64; rv:40.0) Gecko/20100101 Firefox/40.1" 
180.92.158.235 - - [16/Jan/2018:00:26:51 -0800] "GET / HTTP/1.1" 200 37415 "-" "Mozilla/5.0 (Windows NT 6.1; WOW64; rv:40.0) Gecko/20100101 Firefox/40.1" 
54.36.148.114 - - [16/Jan/2018:00:27:13 -0800] "GET /self.logs/access.log.2016-01-26.gz HTTP/1.1" 404 284 "-" "Mozilla/5.0 (compatible; AhrefsBot/5.2; +http://ahrefs.com/robot/)" 
190.72.121.45 - - [16/Jan/2018:00:28:10 -0800] "GET /wp-login.php HTTP/1.1" 404 295 "-" "Mozilla/5.0 (Windows NT 6.1; WOW64; rv:40.0) Gecko/20100101 Firefox/40.1" 
190.72.121.45 - - [16/Jan/2018:00:28:16 -0800] "GET /wp-login.php HTTP/1.1" 404 295 "-" "Mozilla/5.0 (Windows NT 6.1; WOW64; rv:40.0) Gecko/20100101 Firefox/40.1" 
190.72.121.45 - - [16/Jan/2018:00:28:21 -0800] "GET / HTTP/1.1" 200 37415 "-" "Mozilla/5.0 (Windows NT 6.1; WOW64; rv:40.0) Gecko/20100101 Firefox/40.1" 
162.210.196.100 - - [16/Jan/2018:00:30:03 -0800] "GET /robots.txt HTTP/1.1" 200 289 "-" "Mozilla/5.0 (compatible; MJ12bot/v1.4.8; http://mj12bot.com/)" 
162.210.196.100 - - [16/Jan/2018:00:30:04 -0800] "GET / HTTP/1.1" 200 37359 "-" "Mozilla/5.0 (compatible; MJ12bot/v1.4.8; http://mj12bot.com/)" 
85.10.98.95 - - [16/Jan/2018:00:31:14 -0800] "GET /bootstrap/img/favicon.ico HTTP/1.1" 200 590 "-" "Mozilla/5.0 (X11; Ubuntu; Linux x86_64; rv:57.0) Gecko/20100101 Firefox/57.0" 
190.72.121.45 - - [16/Jan/2018:00:32:39 -0800] "GET /wp-login.php HTTP/1.1" 301 522 "-" "Mozilla/5.0 (Windows NT 6.1; WOW64; rv:40.0) Gecko/20100101 Firefox/40.1" 
190.72.121.45 - - [16/Jan/2018:00:32:39 -0800] "GET /wp-login.php HTTP/1.1" 404 295 "-" "Mozilla/5.0 (Windows NT 6.1; WOW64; rv:40.0) Gecko/20100101 Firefox/40.1" 
190.72.121.45 - - [16/Jan/2018:00:32:45 -0800] "GET /wp-login.php HTTP/1.1" 301 522 "-" "Mozilla/5.0 (Windows NT 6.1; WOW64; rv:40.0) Gecko/20100101 Firefox/40.1" 
190.72.121.45 - - [16/Jan/2018:00:32:45 -0800] "GET /wp-login.php HTTP/1.1" 404 295 "-" "Mozilla/5.0 (Windows NT 6.1; WOW64; rv:40.0) Gecko/20100101 Firefox/40.1" 
190.72.121.45 - - [16/Jan/2018:00:32:50 -0800] "GET / HTTP/1.1" 301 498 "-" "Mozilla/5.0 (Windows NT 6.1; WOW64; rv:40.0) Gecko/20100101 Firefox/40.1" 
190.72.121.45 - - [16/Jan/2018:00:32:50 -0800] "GET / HTTP/1.1" 200 37415 "-" "Mozilla/5.0 (Windows NT 6.1; WOW64; rv:40.0) Gecko/20100101 Firefox/40.1" 
157.55.39.91 - - [16/Jan/2018:00:33:09 -0800] "GET /self.logs/access.log.2016-02-22.gz HTTP/1.1" 404 340 "-" "Mozilla/5.0 (compatible; bingbot/2.0; +http://www.bing.com/bingbot.htm)" 
54.187.160.183 - - [16/Jan/2018:00:34:11 -0800] "GET / HTTP/1.1" 301 483 "-" "Mozilla/5.0 (Windows NT 6.1) AppleWebKit/537.36 (KHTML, like Gecko) Chrome/41.0.2228.0 Safari/537.36" 
54.187.160.183 - - [16/Jan/2018:00:34:11 -0800] "GET / HTTP/1.1" 200 11061 "-" "Mozilla/5.0 (Windows NT 6.1) AppleWebKit/537.36 (KHTML, like Gecko) Chrome/41.0.2228.0 Safari/537.36" 
109.69.1.148 - - [16/Jan/2018:00:42:44 -0800] "GET /wp-login.php HTTP/1.1" 404 295 "-" "Mozilla/5.0 (Windows NT 6.1; WOW64; rv:40.0) Gecko/20100101 Firefox/40.1" 
109.69.1.148 - - [16/Jan/2018:00:42:49 -0800] "GET /wp-login.php HTTP/1.1" 404 295 "-" "Mozilla/5.0 (Windows NT 6.1; WOW64; rv:40.0) Gecko/20100101 Firefox/40.1" 
109.69.1.148 - - [16/Jan/2018:00:42:54 -0800] "GET / HTTP/1.1" 200 37415 "-" "Mozilla/5.0 (Windows NT 6.1; WOW64; rv:40.0) Gecko/20100101 Firefox/40.1" 
40.77.167.98 - - [16/Jan/2018:00:51:04 -0800] "GET /self.logs/access.log.2016-09-14.gz HTTP/1.1" 404 340 "-" "Mozilla/5.0 (compatible; bingbot/2.0; +http://www.bing.com/bingbot.htm)" 
116.197.184.10 - - [16/Jan/2018:00:51:10 -0800] "GET / HTTP/1.1" 200 11061 "-" "Mozilla/5.0 (Windows NT 10.0; Win64; x64) AppleWebKit/537.36 (KHTML, like Gecko) Chrome/63.0.3239.84 Safari/537.36" 
116.197.184.10 - - [16/Jan/2018:00:51:11 -0800] "GET /twitter-icon.png HTTP/1.1" 200 27787 "http://www.secrepo.com/" "Mozilla/5.0 (Windows NT 10.0; Win64; x64) AppleWebKit/537.36 (KHTML, like Gecko) Chrome/63.0.3239.84 Safari/537.36" 
116.197.184.10 - - [16/Jan/2018:00:51:11 -0800] "GET /GitHub-Mark.png HTTP/1.1" 200 7428 "http://www.secrepo.com/" "Mozilla/5.0 (Windows NT 10.0; Win64; x64) AppleWebKit/537.36 (KHTML, like Gecko) Chrome/63.0.3239.84 Safari/537.36" 
116.197.184.10 - - [16/Jan/2018:00:51:12 -0800] "GET /bootstrap/img/favicon.ico HTTP/1.1" 200 589 "http://www.secrepo.com/" "Mozilla/5.0 (Windows NT 10.0; Win64; x64) AppleWebKit/537.36 (KHTML, like Gecko) Chrome/63.0.3239.84 Safari/537.36" 
216.244.66.227 - - [16/Jan/2018:00:51:12 -0800] "GET /robots.txt HTTP/1.1" 200 233 "-" "Mozilla/5.0 (compatible; DotBot/1.1; http://www.opensiteexplorer.org/dotbot, help@moz.com)" 
195.95.210.222 - - [16/Jan/2018:00:55:58 -0800] "GET / HTTP/1.1" 200 11061 "-" "Mozilla/5.0 (Windows NT 10.0; Win64; x64) AppleWebKit/537.36 (KHTML, like Gecko) Chrome/63.0.3239.132 Safari/537.36" 
195.95.210.222 - - [16/Jan/2018:00:55:58 -0800] "GET /twitter-icon.png HTTP/1.1" 200 27787 "http://www.secrepo.com/" "Mozilla/5.0 (Windows NT 10.0; Win64; x64) AppleWebKit/537.36 (KHTML, like Gecko) Chrome/63.0.3239.132 Safari/537.36" 
195.95.210.222 - - [16/Jan/2018:00:55:58 -0800] "GET /GitHub-Mark.png HTTP/1.1" 200 7428 "http://www.secrepo.com/" "Mozilla/5.0 (Windows NT 10.0; Win64; x64) AppleWebKit/537.36 (KHTML, like Gecko) Chrome/63.0.3239.132 Safari/537.36" 
157.55.39.43 - - [16/Jan/2018:00:56:41 -0800] "GET /self.logs/error.log.2015-07-10.gz HTTP/1.1" 404 340 "-" "Mozilla/5.0 (compatible; bingbot/2.0; +http://www.bing.com/bingbot.htm)" 
198.13.42.10 - - [16/Jan/2018:00:59:41 -0800] "GET / HTTP/1.1" 200 11005 "http://blog.csdn.net/omnispace/article/details/54922316" "Mozilla/5.0 (Windows NT 10.0; Win64; x64) AppleWebKit/537.36 (KHTML, like Gecko) Chrome/58.0.3029.110 Safari/537.36 Edge/16.16299" 
198.13.42.10 - - [16/Jan/2018:00:59:41 -0800] "GET /twitter-icon.png HTTP/1.1" 200 27732 "http://www.secrepo.com/" "Mozilla/5.0 (Windows NT 10.0; Win64; x64) AppleWebKit/537.36 (KHTML, like Gecko) Chrome/58.0.3029.110 Safari/537.36 Edge/16.16299" 
198.13.42.10 - - [16/Jan/2018:00:59:41 -0800] "GET /GitHub-Mark.png HTTP/1.1" 200 7372 "http://www.secrepo.com/" "Mozilla/5.0 (Windows NT 10.0; Win64; x64) AppleWebKit/537.36 (KHTML, like Gecko) Chrome/58.0.3029.110 Safari/537.36 Edge/16.16299" 
157.55.39.43 - - [16/Jan/2018:00:59:43 -0800] "GET /self.logs/access.log.2015-05-09.gz HTTP/1.1" 404 340 "-" "Mozilla/5.0 (compatible; bingbot/2.0; +http://www.bing.com/bingbot.htm)" 
40.77.167.98 - - [16/Jan/2018:01:00:55 -0800] "GET /self.logs/error.log.2017-04-15.gz HTTP/1.1" 200 800 "-" "Mozilla/5.0 (compatible; bingbot/2.0; +http://www.bing.com/bingbot.htm)" 
157.55.39.43 - - [16/Jan/2018:01:01:54 -0800] "GET /self.logs/access.log.2016-04-27.gz HTTP/1.1" 404 340 "-" "Mozilla/5.0 (compatible; bingbot/2.0; +http://www.bing.com/bingbot.htm)" 
40.77.167.98 - - [16/Jan/2018:01:02:51 -0800] "GET /self.logs/access.log.2015-06-26.gz HTTP/1.1" 404 340 "-" "Mozilla/5.0 (compatible; bingbot/2.0; +http://www.bing.com/bingbot.htm)" 
157.55.39.91 - - [16/Jan/2018:01:03:10 -0800] "GET /self.logs/error.log.2016-04-04.gz HTTP/1.1" 404 340 "-" "Mozilla/5.0 (compatible; bingbot/2.0; +http://www.bing.com/bingbot.htm)" 
216.244.66.227 - - [16/Jan/2018:01:03:35 -0800] "GET /self.logs/error.log.2018-01-05.gz HTTP/1.1" 200 4252 "-" "Mozilla/5.0 (compatible; DotBot/1.1; http://www.opensiteexplorer.org/dotbot, help@moz.com)" 
216.244.66.227 - - [16/Jan/2018:01:03:38 -0800] "GET /self.logs/error.log.2018-01-08.gz HTTP/1.1" 200 5672 "-" "Mozilla/5.0 (compatible; DotBot/1.1; http://www.opensiteexplorer.org/dotbot, help@moz.com)" 
79.31.119.2 - - [16/Jan/2018:01:04:07 -0800] "GET /wp-login.php HTTP/1.1" 404 295 "-" "Mozilla/5.0 (Windows NT 6.1; WOW64; rv:40.0) Gecko/20100101 Firefox/40.1" 
79.31.119.2 - - [16/Jan/2018:01:04:13 -0800] "GET /wp-login.php HTTP/1.1" 404 295 "-" "Mozilla/5.0 (Windows NT 6.1; WOW64; rv:40.0) Gecko/20100101 Firefox/40.1" 
79.31.119.2 - - [16/Jan/2018:01:04:18 -0800] "GET / HTTP/1.1" 200 37415 "-" "Mozilla/5.0 (Windows NT 6.1; WOW64; rv:40.0) Gecko/20100101 Firefox/40.1" 
157.55.39.43 - - [16/Jan/2018:01:05:48 -0800] "GET /self.logs/error.log.2015-10-31.gz HTTP/1.1" 404 340 "-" "Mozilla/5.0 (compatible; bingbot/2.0; +http://www.bing.com/bingbot.htm)" 
157.55.39.43 - - [16/Jan/2018:01:06:02 -0800] "GET /self.logs/access.log.2016-12-04.gz HTTP/1.1" 404 340 "-" "Mozilla/5.0 (compatible; bingbot/2.0; +http://www.bing.com/bingbot.htm)" 
79.31.119.2 - - [16/Jan/2018:01:06:31 -0800] "GET /wp-login.php HTTP/1.1" 301 522 "-" "Mozilla/5.0 (Windows NT 6.1; WOW64; rv:40.0) Gecko/20100101 Firefox/40.1" 
79.31.119.2 - - [16/Jan/2018:01:06:31 -0800] "GET /wp-login.php HTTP/1.1" 404 295 "-" "Mozilla/5.0 (Windows NT 6.1; WOW64; rv:40.0) Gecko/20100101 Firefox/40.1" 
79.31.119.2 - - [16/Jan/2018:01:06:36 -0800] "GET /wp-login.php HTTP/1.1" 301 522 "-" "Mozilla/5.0 (Windows NT 6.1; WOW64; rv:40.0) Gecko/20100101 Firefox/40.1" 
79.31.119.2 - - [16/Jan/2018:01:06:37 -0800] "GET /wp-login.php HTTP/1.1" 404 295 "-" "Mozilla/5.0 (Windows NT 6.1; WOW64; rv:40.0) Gecko/20100101 Firefox/40.1" 
79.31.119.2 - - [16/Jan/2018:01:06:42 -0800] "GET / HTTP/1.1" 301 498 "-" "Mozilla/5.0 (Windows NT 6.1; WOW64; rv:40.0) Gecko/20100101 Firefox/40.1" 
79.31.119.2 - - [16/Jan/2018:01:06:42 -0800] "GET / HTTP/1.1" 200 37415 "-" "Mozilla/5.0 (Windows NT 6.1; WOW64; rv:40.0) Gecko/20100101 Firefox/40.1" 
207.246.121.216 - - [16/Jan/2018:01:07:49 -0800] "HEAD / HTTP/1.1" 200 284 "https://securityonline.info" "Mozilla/5.0 (compatible; MSIE 9.0; Windows NT 6.1; WOW64; Trident/5.0)" 
37.201.226.136 - - [16/Jan/2018:01:07:58 -0800] "GET / HTTP/1.1" 200 11061 "-" "Mozilla/5.0 (Windows NT 10.0; Win64; x64) AppleWebKit/537.36 (KHTML, like Gecko) Chrome/63.0.3239.132 Safari/537.36" 
37.201.226.136 - - [16/Jan/2018:01:07:58 -0800] "GET /twitter-icon.png HTTP/1.1" 200 27787 "http://www.secrepo.com/" "Mozilla/5.0 (Windows NT 10.0; Win64; x64) AppleWebKit/537.36 (KHTML, like Gecko) Chrome/63.0.3239.132 Safari/537.36" 
37.201.226.136 - - [16/Jan/2018:01:07:58 -0800] "GET /GitHub-Mark.png HTTP/1.1" 200 7428 "http://www.secrepo.com/" "Mozilla/5.0 (Windows NT 10.0; Win64; x64) AppleWebKit/537.36 (KHTML, like Gecko) Chrome/63.0.3239.132 Safari/537.36" 
37.201.226.136 - - [16/Jan/2018:01:07:59 -0800] "GET /bootstrap/img/favicon.ico HTTP/1.1" 200 589 "http://www.secrepo.com/" "Mozilla/5.0 (Windows NT 10.0; Win64; x64) AppleWebKit/537.36 (KHTML, like Gecko) Chrome/63.0.3239.132 Safari/537.36" 
157.55.39.91 - - [16/Jan/2018:01:08:17 -0800] "GET /self.logs/access.log.2016-03-27.gz HTTP/1.1" 404 340 "-" "Mozilla/5.0 (compatible; bingbot/2.0; +http://www.bing.com/bingbot.htm)" 
88.235.46.153 - - [16/Jan/2018:01:08:42 -0800] "GET /wp-login.php HTTP/1.1" 404 295 "-" "Mozilla/5.0 (Windows NT 6.1; WOW64; rv:40.0) Gecko/20100101 Firefox/40.1" 
88.235.46.153 - - [16/Jan/2018:01:08:47 -0800] "GET /wp-login.php HTTP/1.1" 404 295 "-" "Mozilla/5.0 (Windows NT 6.1; WOW64; rv:40.0) Gecko/20100101 Firefox/40.1" 
88.235.46.153 - - [16/Jan/2018:01:08:52 -0800] "GET / HTTP/1.1" 200 37415 "-" "Mozilla/5.0 (Windows NT 6.1; WOW64; rv:40.0) Gecko/20100101 Firefox/40.1" 
40.77.167.98 - - [16/Jan/2018:01:08:52 -0800] "GET /self.logs/error.log.2015-07-12.gz HTTP/1.1" 404 340 "-" "Mozilla/5.0 (compatible; bingbot/2.0; +http://www.bing.com/bingbot.htm)" 
40.77.167.98 - - [16/Jan/2018:01:08:52 -0800] "GET /self.logs/access.log.2015-08-08.gz HTTP/1.1" 404 339 "-" "Mozilla/5.0 (compatible; bingbot/2.0; +http://www.bing.com/bingbot.htm)" 
54.36.148.110 - - [16/Jan/2018:01:08:53 -0800] "GET /self.logs/error.log.2016-05-09.gz HTTP/1.1" 404 284 "-" "Mozilla/5.0 (compatible; AhrefsBot/5.2; +http://ahrefs.com/robot/)" 
