157.55.39.190 - - [17/Jan/2018:17:04:28 -0800] "GET /self.logs/access.log.2016-12-11.gz HTTP/1.1" 404 340 "-" "Mozilla/5.0 (compatible; bingbot/2.0; +http://www.bing.com/bingbot.htm)" 
172.73.79.230 - - [17/Jan/2018:17:06:01 -0800] "GET / HTTP/1.1" 200 11061 "-" "Mozilla/5.0 (Windows NT 6.3; WOW64; Trident/7.0; Touch; rv:11.0) like Gecko" 
172.73.79.230 - - [17/Jan/2018:17:06:02 -0800] "GET /twitter-icon.png HTTP/1.1" 200 27787 "http://www.secrepo.com/" "Mozilla/5.0 (Windows NT 6.3; WOW64; Trident/7.0; Touch; rv:11.0) like Gecko" 
172.73.79.230 - - [17/Jan/2018:17:06:02 -0800] "GET /GitHub-Mark.png HTTP/1.1" 200 7428 "http://www.secrepo.com/" "Mozilla/5.0 (Windows NT 6.3; WOW64; Trident/7.0; Touch; rv:11.0) like Gecko" 
157.55.39.188 - - [17/Jan/2018:17:06:10 -0800] "GET /self.logs/error.log.2016-01-21.gz HTTP/1.1" 404 340 "-" "Mozilla/5.0 (compatible; bingbot/2.0; +http://www.bing.com/bingbot.htm)" 
120.221.0.34 - - [17/Jan/2018:17:06:28 -0800] "GET /honeypot/Honeypot%20-%20Howto.pdf HTTP/1.1" 304 131 "-" "Mozilla/5.0 Gecko/20100115 Firefox/3.6" 
157.55.39.187 - - [17/Jan/2018:17:09:25 -0800] "GET /self.logs/error.log.2017-04-03.gz HTTP/1.1" 200 4056 "-" "Mozilla/5.0 (compatible; bingbot/2.0; +http://www.bing.com/bingbot.htm)" 
157.55.39.188 - - [17/Jan/2018:17:10:26 -0800] "GET /self.logs/error.log.2017-01-12.gz HTTP/1.1" 200 2333 "-" "Mozilla/5.0 (compatible; bingbot/2.0; +http://www.bing.com/bingbot.htm)" 
157.55.39.188 - - [17/Jan/2018:17:11:52 -0800] "GET /self.logs/access.log.2015-05-10.gz HTTP/1.1" 404 340 "-" "Mozilla/5.0 (compatible; bingbot/2.0; +http://www.bing.com/bingbot.htm)" 
54.36.148.46 - - [17/Jan/2018:17:12:47 -0800] "GET /self.logs/2016/error.log.2016-04-10.gz HTTP/1.1" 200 686 "-" "Mozilla/5.0 (compatible; AhrefsBot/5.2; +http://ahrefs.com/robot/)" 
157.55.39.190 - - [17/Jan/2018:17:13:27 -0800] "GET /self.logs/error.log.2015-11-09.gz HTTP/1.1" 404 340 "-" "Mozilla/5.0 (compatible; bingbot/2.0; +http://www.bing.com/bingbot.htm)" 
120.221.1.28 - - [17/Jan/2018:17:13:29 -0800] "GET /maccdc2012/files.log.gz HTTP/1.1" 304 155 "-" "Mozilla/5.0 Gecko/20100115 Firefox/3.6" 
52.168.161.70 - - [17/Jan/2018:17:14:33 -0800] "HEAD / HTTP/1.1" 301 253 "https://www.google.com/" "Mozilla/5.0 (compatible; epicbot; +http://www.epictions.com/epicbot)" 
52.168.161.70 - - [17/Jan/2018:17:14:33 -0800] "HEAD / HTTP/1.1" 301 253 "https://www.google.com/" "Mozilla/5.0 (compatible; epicbot; +http://www.epictions.com/epicbot)" 
52.168.161.70 - - [17/Jan/2018:17:14:33 -0800] "HEAD / HTTP/1.1" 301 253 "https://www.google.com/" "Mozilla/5.0 (compatible; epicbot; +http://www.epictions.com/epicbot)" 
52.168.161.70 - - [17/Jan/2018:17:14:33 -0800] "HEAD / HTTP/1.1" 301 253 "https://www.google.com/" "Mozilla/5.0 (compatible; epicbot; +http://www.epictions.com/epicbot)" 
52.168.161.70 - - [17/Jan/2018:17:14:33 -0800] "HEAD / HTTP/1.1" 301 253 "https://www.google.com/" "Mozilla/5.0 (compatible; epicbot; +http://www.epictions.com/epicbot)" 
52.168.161.70 - - [17/Jan/2018:17:14:33 -0800] "HEAD / HTTP/1.1" 301 253 "https://www.google.com/" "Mozilla/5.0 (compatible; epicbot; +http://www.epictions.com/epicbot)" 
52.168.161.70 - - [17/Jan/2018:17:14:33 -0800] "HEAD / HTTP/1.1" 301 253 "https://www.google.com/" "Mozilla/5.0 (compatible; epicbot; +http://www.epictions.com/epicbot)" 
52.168.161.70 - - [17/Jan/2018:17:14:33 -0800] "HEAD / HTTP/1.1" 301 253 "https://www.google.com/" "Mozilla/5.0 (compatible; epicbot; +http://www.epictions.com/epicbot)" 
52.168.161.70 - - [17/Jan/2018:17:14:33 -0800] "HEAD / HTTP/1.1" 301 253 "https://www.google.com/" "Mozilla/5.0 (compatible; epicbot; +http://www.epictions.com/epicbot)" 
52.168.161.70 - - [17/Jan/2018:17:14:33 -0800] "HEAD / HTTP/1.1" 301 253 "https://www.google.com/" "Mozilla/5.0 (compatible; epicbot; +http://www.epictions.com/epicbot)" 
52.168.161.70 - - [17/Jan/2018:17:14:33 -0800] "HEAD / HTTP/1.1" 301 253 "https://www.google.com/" "Mozilla/5.0 (compatible; epicbot; +http://www.epictions.com/epicbot)" 
52.168.161.70 - - [17/Jan/2018:17:14:33 -0800] "HEAD / HTTP/1.1" 301 253 "https://www.google.com/" "Mozilla/5.0 (compatible; epicbot; +http://www.epictions.com/epicbot)" 
52.168.161.70 - - [17/Jan/2018:17:14:33 -0800] "HEAD / HTTP/1.1" 200 282 "https://www.google.com/" "Mozilla/5.0 (compatible; epicbot; +http://www.epictions.com/epicbot)" 
52.168.161.70 - - [17/Jan/2018:17:14:35 -0800] "HEAD / HTTP/1.1" 301 253 "https://www.google.com/" "Mozilla/5.0 (compatible; epicbot; +http://www.epictions.com/epicbot)" 
52.168.161.70 - - [17/Jan/2018:17:14:35 -0800] "HEAD / HTTP/1.1" 301 253 "https://www.google.com/" "Mozilla/5.0 (compatible; epicbot; +http://www.epictions.com/epicbot)" 
52.168.161.70 - - [17/Jan/2018:17:14:35 -0800] "HEAD / HTTP/1.1" 301 253 "https://www.google.com/" "Mozilla/5.0 (compatible; epicbot; +http://www.epictions.com/epicbot)" 
52.168.161.70 - - [17/Jan/2018:17:14:35 -0800] "HEAD / HTTP/1.1" 301 253 "https://www.google.com/" "Mozilla/5.0 (compatible; epicbot; +http://www.epictions.com/epicbot)" 
52.168.161.70 - - [17/Jan/2018:17:14:35 -0800] "HEAD / HTTP/1.1" 301 253 "https://www.google.com/" "Mozilla/5.0 (compatible; epicbot; +http://www.epictions.com/epicbot)" 
52.168.161.70 - - [17/Jan/2018:17:14:35 -0800] "HEAD / HTTP/1.1" 301 253 "https://www.google.com/" "Mozilla/5.0 (compatible; epicbot; +http://www.epictions.com/epicbot)" 
52.168.161.70 - - [17/Jan/2018:17:14:35 -0800] "HEAD / HTTP/1.1" 301 253 "https://www.google.com/" "Mozilla/5.0 (compatible; epicbot; +http://www.epictions.com/epicbot)" 
52.168.161.70 - - [17/Jan/2018:17:14:35 -0800] "HEAD / HTTP/1.1" 301 253 "https://www.google.com/" "Mozilla/5.0 (compatible; epicbot; +http://www.epictions.com/epicbot)" 
52.168.161.70 - - [17/Jan/2018:17:14:35 -0800] "HEAD / HTTP/1.1" 301 253 "https://www.google.com/" "Mozilla/5.0 (compatible; epicbot; +http://www.epictions.com/epicbot)" 
52.168.161.70 - - [17/Jan/2018:17:14:35 -0800] "HEAD / HTTP/1.1" 301 253 "https://www.google.com/" "Mozilla/5.0 (compatible; epicbot; +http://www.epictions.com/epicbot)" 
52.168.161.70 - - [17/Jan/2018:17:14:35 -0800] "HEAD / HTTP/1.1" 301 253 "https://www.google.com/" "Mozilla/5.0 (compatible; epicbot; +http://www.epictions.com/epicbot)" 
52.168.161.70 - - [17/Jan/2018:17:14:35 -0800] "HEAD / HTTP/1.1" 301 253 "https://www.google.com/" "Mozilla/5.0 (compatible; epicbot; +http://www.epictions.com/epicbot)" 
52.168.161.70 - - [17/Jan/2018:17:14:35 -0800] "HEAD / HTTP/1.1" 301 253 "https://www.google.com/" "Mozilla/5.0 (compatible; epicbot; +http://www.epictions.com/epicbot)" 
52.168.161.70 - - [17/Jan/2018:17:14:35 -0800] "HEAD / HTTP/1.1" 301 253 "https://www.google.com/" "Mozilla/5.0 (compatible; epicbot; +http://www.epictions.com/epicbot)" 
52.168.161.70 - - [17/Jan/2018:17:14:35 -0800] "HEAD / HTTP/1.1" 200 282 "https://www.google.com/" "Mozilla/5.0 (compatible; epicbot; +http://www.epictions.com/epicbot)" 
52.168.161.70 - - [17/Jan/2018:17:14:35 -0800] "HEAD / HTTP/1.1" 200 282 "https://www.google.com/" "Mozilla/5.0 (compatible; epicbot; +http://www.epictions.com/epicbot)" 
52.168.161.70 - - [17/Jan/2018:17:14:36 -0800] "HEAD / HTTP/1.1" 301 253 "https://www.google.com/" "Mozilla/5.0 (compatible; epicbot; +http://www.epictions.com/epicbot)" 
52.168.161.70 - - [17/Jan/2018:17:14:36 -0800] "HEAD / HTTP/1.1" 301 253 "https://www.google.com/" "Mozilla/5.0 (compatible; epicbot; +http://www.epictions.com/epicbot)" 
52.168.161.70 - - [17/Jan/2018:17:14:36 -0800] "HEAD / HTTP/1.1" 301 253 "https://www.google.com/" "Mozilla/5.0 (compatible; epicbot; +http://www.epictions.com/epicbot)" 
52.168.161.70 - - [17/Jan/2018:17:14:36 -0800] "HEAD / HTTP/1.1" 301 253 "https://www.google.com/" "Mozilla/5.0 (compatible; epicbot; +http://www.epictions.com/epicbot)" 
52.168.161.70 - - [17/Jan/2018:17:14:36 -0800] "HEAD / HTTP/1.1" 301 253 "https://www.google.com/" "Mozilla/5.0 (compatible; epicbot; +http://www.epictions.com/epicbot)" 
52.168.161.70 - - [17/Jan/2018:17:14:36 -0800] "HEAD / HTTP/1.1" 301 253 "https://www.google.com/" "Mozilla/5.0 (compatible; epicbot; +http://www.epictions.com/epicbot)" 
52.168.161.70 - - [17/Jan/2018:17:14:37 -0800] "HEAD / HTTP/1.1" 301 253 "https://www.google.com/" "Mozilla/5.0 (compatible; epicbot; +http://www.epictions.com/epicbot)" 
52.168.161.70 - - [17/Jan/2018:17:14:37 -0800] "HEAD / HTTP/1.1" 301 253 "https://www.google.com/" "Mozilla/5.0 (compatible; epicbot; +http://www.epictions.com/epicbot)" 
157.55.39.189 - - [17/Jan/2018:17:15:08 -0800] "GET /self.logs/access.log.2015-06-21.gz HTTP/1.1" 404 340 "-" "Mozilla/5.0 (compatible; bingbot/2.0; +http://www.bing.com/bingbot.htm)" 
102.181.194.40 - - [17/Jan/2018:17:15:43 -0800] "GET /maccdc2012/dns.log.gz HTTP/1.1" 304 154 "-" "Mozilla/5.0 Gecko/20100115 Firefox/3.6" 
157.55.39.189 - - [17/Jan/2018:17:16:13 -0800] "GET /self.logs/error.log.2016-06-14.gz HTTP/1.1" 404 340 "-" "Mozilla/5.0 (compatible; bingbot/2.0; +http://www.bing.com/bingbot.htm)" 
197.219.82.133 - - [17/Jan/2018:17:16:55 -0800] "GET /wp-login.php HTTP/1.1" 301 522 "-" "Mozilla/5.0 (Windows NT 6.1; WOW64; rv:40.0) Gecko/20100101 Firefox/40.1" 
197.219.82.133 - - [17/Jan/2018:17:16:56 -0800] "GET /wp-login.php HTTP/1.1" 404 295 "-" "Mozilla/5.0 (Windows NT 6.1; WOW64; rv:40.0) Gecko/20100101 Firefox/40.1" 
216.244.66.227 - - [17/Jan/2018:17:16:57 -0800] "GET /robots.txt HTTP/1.1" 200 233 "-" "Mozilla/5.0 (compatible; DotBot/1.1; http://www.opensiteexplorer.org/dotbot, help@moz.com)" 
197.219.82.133 - - [17/Jan/2018:17:17:01 -0800] "GET /wp-login.php HTTP/1.1" 301 522 "-" "Mozilla/5.0 (Windows NT 6.1; WOW64; rv:40.0) Gecko/20100101 Firefox/40.1" 
197.219.82.133 - - [17/Jan/2018:17:17:02 -0800] "GET /wp-login.php HTTP/1.1" 404 295 "-" "Mozilla/5.0 (Windows NT 6.1; WOW64; rv:40.0) Gecko/20100101 Firefox/40.1" 
197.219.82.133 - - [17/Jan/2018:17:17:07 -0800] "GET / HTTP/1.1" 301 498 "-" "Mozilla/5.0 (Windows NT 6.1; WOW64; rv:40.0) Gecko/20100101 Firefox/40.1" 
197.219.82.133 - - [17/Jan/2018:17:17:08 -0800] "GET / HTTP/1.1" 200 37415 "-" "Mozilla/5.0 (Windows NT 6.1; WOW64; rv:40.0) Gecko/20100101 Firefox/40.1" 
157.55.39.189 - - [17/Jan/2018:17:17:24 -0800] "GET /self.logs/access.log.2015-11-07.gz HTTP/1.1" 404 340 "-" "Mozilla/5.0 (compatible; bingbot/2.0; +http://www.bing.com/bingbot.htm)" 
157.55.39.188 - - [17/Jan/2018:17:18:23 -0800] "GET /self.logs/access.log.2016-10-09.gz HTTP/1.1" 404 340 "-" "Mozilla/5.0 (compatible; bingbot/2.0; +http://www.bing.com/bingbot.htm)" 
83.110.9.71 - - [17/Jan/2018:17:18:31 -0800] "GET /wp-login.php HTTP/1.1" 301 522 "-" "Mozilla/5.0 (Windows NT 6.1; WOW64; rv:40.0) Gecko/20100101 Firefox/40.1" 
83.110.9.71 - - [17/Jan/2018:17:18:32 -0800] "GET /wp-login.php HTTP/1.1" 404 295 "-" "Mozilla/5.0 (Windows NT 6.1; WOW64; rv:40.0) Gecko/20100101 Firefox/40.1" 
83.110.9.71 - - [17/Jan/2018:17:18:37 -0800] "GET /wp-login.php HTTP/1.1" 301 522 "-" "Mozilla/5.0 (Windows NT 6.1; WOW64; rv:40.0) Gecko/20100101 Firefox/40.1" 
83.110.9.71 - - [17/Jan/2018:17:18:37 -0800] "GET /wp-login.php HTTP/1.1" 404 295 "-" "Mozilla/5.0 (Windows NT 6.1; WOW64; rv:40.0) Gecko/20100101 Firefox/40.1" 
83.110.9.71 - - [17/Jan/2018:17:18:43 -0800] "GET / HTTP/1.1" 301 498 "-" "Mozilla/5.0 (Windows NT 6.1; WOW64; rv:40.0) Gecko/20100101 Firefox/40.1" 
83.110.9.71 - - [17/Jan/2018:17:18:43 -0800] "GET / HTTP/1.1" 200 37415 "-" "Mozilla/5.0 (Windows NT 6.1; WOW64; rv:40.0) Gecko/20100101 Firefox/40.1" 
157.55.39.188 - - [17/Jan/2018:17:21:34 -0800] "GET /self.logs/access.log.2016-06-24.gz HTTP/1.1" 404 340 "-" "Mozilla/5.0 (compatible; bingbot/2.0; +http://www.bing.com/bingbot.htm)" 
157.55.39.188 - - [17/Jan/2018:17:21:34 -0800] "GET /self.logs/access.log.2015-11-20.gz HTTP/1.1" 404 339 "-" "Mozilla/5.0 (compatible; bingbot/2.0; +http://www.bing.com/bingbot.htm)" 
157.55.39.188 - - [17/Jan/2018:17:21:43 -0800] "GET /self.logs/access.log.2016-10-13.gz HTTP/1.1" 404 340 "-" "Mozilla/5.0 (compatible; bingbot/2.0; +http://www.bing.com/bingbot.htm)" 
202.115.41.201 - - [17/Jan/2018:17:22:35 -0800] "GET / HTTP/1.1" 200 11061 "-" "Mozilla/5.0 (Windows NT 10.0; Win64; x64) AppleWebKit/537.36 (KHTML, like Gecko) Chrome/63.0.3239.108 Safari/537.36" 
202.115.41.201 - - [17/Jan/2018:17:22:37 -0800] "GET /twitter-icon.png HTTP/1.1" 200 27787 "http://www.secrepo.com/" "Mozilla/5.0 (Windows NT 10.0; Win64; x64) AppleWebKit/537.36 (KHTML, like Gecko) Chrome/63.0.3239.108 Safari/537.36" 
202.115.41.201 - - [17/Jan/2018:17:22:37 -0800] "GET /GitHub-Mark.png HTTP/1.1" 200 7428 "http://www.secrepo.com/" "Mozilla/5.0 (Windows NT 10.0; Win64; x64) AppleWebKit/537.36 (KHTML, like Gecko) Chrome/63.0.3239.108 Safari/537.36" 
1.9.113.63 - - [17/Jan/2018:17:25:19 -0800] "GET /wp-login.php HTTP/1.1" 404 295 "-" "Mozilla/5.0 (Windows NT 6.1; WOW64; rv:40.0) Gecko/20100101 Firefox/40.1" 
157.55.39.187 - - [17/Jan/2018:17:25:23 -0800] "GET /self.logs/error.log.2016-07-28.gz HTTP/1.1" 404 340 "-" "Mozilla/5.0 (compatible; bingbot/2.0; +http://www.bing.com/bingbot.htm)" 
1.9.113.63 - - [17/Jan/2018:17:25:25 -0800] "GET /wp-login.php HTTP/1.1" 404 295 "-" "Mozilla/5.0 (Windows NT 6.1; WOW64; rv:40.0) Gecko/20100101 Firefox/40.1" 
1.9.113.63 - - [17/Jan/2018:17:25:30 -0800] "GET / HTTP/1.1" 200 37415 "-" "Mozilla/5.0 (Windows NT 6.1; WOW64; rv:40.0) Gecko/20100101 Firefox/40.1" 
157.55.39.188 - - [17/Jan/2018:17:27:33 -0800] "GET /self.logs/error.log.2016-10-19.gz HTTP/1.1" 404 340 "-" "Mozilla/5.0 (compatible; bingbot/2.0; +http://www.bing.com/bingbot.htm)" 
216.244.66.227 - - [17/Jan/2018:17:33:31 -0800] "GET /self.logs/error.log.2017-12-28.gz HTTP/1.1" 200 2026 "-" "Mozilla/5.0 (compatible; DotBot/1.1; http://www.opensiteexplorer.org/dotbot, help@moz.com)" 
157.55.39.189 - - [17/Jan/2018:17:35:18 -0800] "GET /self.logs/error.log.2015-02-07.gz HTTP/1.1" 404 340 "-" "Mozilla/5.0 (compatible; bingbot/2.0; +http://www.bing.com/bingbot.htm)" 
67.190.88.232 - - [17/Jan/2018:17:36:21 -0800] "GET / HTTP/1.1" 200 11061 "https://www.google.com/" "Mozilla/5.0 (iPad; CPU OS 11_1_2 like Mac OS X) AppleWebKit/604.3.5 (KHTML, like Gecko) Version/11.0 Mobile/15B202 Safari/604.1" 
67.190.88.232 - - [17/Jan/2018:17:36:21 -0800] "GET /GitHub-Mark.png HTTP/1.1" 200 7428 "http://www.secrepo.com/" "Mozilla/5.0 (iPad; CPU OS 11_1_2 like Mac OS X) AppleWebKit/604.3.5 (KHTML, like Gecko) Version/11.0 Mobile/15B202 Safari/604.1" 
67.190.88.232 - - [17/Jan/2018:17:36:21 -0800] "GET /twitter-icon.png HTTP/1.1" 200 27788 "http://www.secrepo.com/" "Mozilla/5.0 (iPad; CPU OS 11_1_2 like Mac OS X) AppleWebKit/604.3.5 (KHTML, like Gecko) Version/11.0 Mobile/15B202 Safari/604.1" 
157.55.39.187 - - [17/Jan/2018:17:37:41 -0800] "GET /self.logs/error.log.2016-11-30.gz HTTP/1.1" 404 340 "-" "Mozilla/5.0 (compatible; bingbot/2.0; +http://www.bing.com/bingbot.htm)" 
67.190.88.232 - - [17/Jan/2018:17:37:59 -0800] "GET /apple-touch-icon-152x152-precomposed.png HTTP/1.1" 404 340 "-" "MobileSafari/604.1 CFNetwork/889.9 Darwin/17.2.0" 
67.190.88.232 - - [17/Jan/2018:17:37:59 -0800] "GET /apple-touch-icon-152x152.png HTTP/1.1" 404 339 "-" "MobileSafari/604.1 CFNetwork/889.9 Darwin/17.2.0" 
67.190.88.232 - - [17/Jan/2018:17:37:59 -0800] "GET /apple-touch-icon.png HTTP/1.1" 404 339 "-" "MobileSafari/604.1 CFNetwork/889.9 Darwin/17.2.0" 
67.190.88.232 - - [17/Jan/2018:17:37:59 -0800] "GET /apple-touch-icon.png HTTP/1.1" 404 339 "-" "MobileSafari/604.1 CFNetwork/889.9 Darwin/17.2.0" 
94.21.194.204 - - [17/Jan/2018:17:38:17 -0800] "GET /wp-login.php HTTP/1.1" 404 295 "-" "Mozilla/5.0 (Windows NT 6.1; WOW64; rv:40.0) Gecko/20100101 Firefox/40.1" 
94.21.194.204 - - [17/Jan/2018:17:38:22 -0800] "GET /wp-login.php HTTP/1.1" 404 295 "-" "Mozilla/5.0 (Windows NT 6.1; WOW64; rv:40.0) Gecko/20100101 Firefox/40.1" 
94.21.194.204 - - [17/Jan/2018:17:38:27 -0800] "GET / HTTP/1.1" 200 37415 "-" "Mozilla/5.0 (Windows NT 6.1; WOW64; rv:40.0) Gecko/20100101 Firefox/40.1" 
174.238.44.2 - - [17/Jan/2018:17:38:49 -0800] "GET / HTTP/1.1" 200 11061 "-" "Mozilla/5.0 (iPhone; CPU iPhone OS 11_2_1 like Mac OS X) AppleWebKit/604.4.7 (KHTML, like Gecko) Version/11.0 Mobile/15C153 Safari/604.1" 
174.238.44.2 - - [17/Jan/2018:17:38:49 -0800] "GET /twitter-icon.png HTTP/1.1" 200 27787 "http://www.secrepo.com/" "Mozilla/5.0 (iPhone; CPU iPhone OS 11_2_1 like Mac OS X) AppleWebKit/604.4.7 (KHTML, like Gecko) Version/11.0 Mobile/15C153 Safari/604.1" 
174.238.44.2 - - [17/Jan/2018:17:38:49 -0800] "GET /GitHub-Mark.png HTTP/1.1" 200 7428 "http://www.secrepo.com/" "Mozilla/5.0 (iPhone; CPU iPhone OS 11_2_1 like Mac OS X) AppleWebKit/604.4.7 (KHTML, like Gecko) Version/11.0 Mobile/15C153 Safari/604.1" 
54.36.149.44 - - [17/Jan/2018:17:39:02 -0800] "GET /self.logs/2015/access.log.2015-03-28.gz HTTP/1.1" 200 3418 "-" "Mozilla/5.0 (compatible; AhrefsBot/5.2; +http://ahrefs.com/robot/)" 
54.36.148.68 - - [17/Jan/2018:17:40:59 -0800] "GET /self.logs/access.log.2015-05-04.gz HTTP/1.1" 404 284 "-" "Mozilla/5.0 (compatible; AhrefsBot/5.2; +http://ahrefs.com/robot/)" 
157.55.39.188 - - [17/Jan/2018:17:42:32 -0800] "GET /self.logs/error.log.2015-11-16.gz HTTP/1.1" 404 340 "-" "Mozilla/5.0 (compatible; bingbot/2.0; +http://www.bing.com/bingbot.htm)" 
157.55.39.190 - - [17/Jan/2018:17:43:18 -0800] "GET /self.logs/access.log.2015-05-06.gz HTTP/1.1" 404 340 "-" "Mozilla/5.0 (compatible; bingbot/2.0; +http://www.bing.com/bingbot.htm)" 
164.132.161.50 - - [17/Jan/2018:17:44:58 -0800] "GET /self.logs/access.log.2018-01-05.gz HTTP/1.1" 200 25284 "-" "Mozilla/5.0 (compatible; AhrefsBot/5.2; +http://ahrefs.com/robot/)" 
54.36.148.88 - - [17/Jan/2018:17:45:52 -0800] "GET /self.logs/error.log.2017-06-08.gz HTTP/1.1" 200 1200 "-" "Mozilla/5.0 (compatible; AhrefsBot/5.2; +http://ahrefs.com/robot/)" 
54.210.131.67 - - [17/Jan/2018:17:48:48 -0800] "GET / HTTP/1.1" 200 37415 "-" "Mozilla/5.0 (Windows NT 10.0; WOW64; rv:50.0) Gecko/20100101 Firefox/50.0" 
34.205.76.105 - - [17/Jan/2018:17:50:09 -0800] "GET / HTTP/1.1" 301 498 "-" "Mozilla/5.0 (Windows NT 10.0; WOW64; rv:50.0) Gecko/20100101 Firefox/50.0" 
34.227.158.18 - - [17/Jan/2018:17:50:13 -0800] "GET / HTTP/1.1" 200 37415 "-" "Mozilla/5.0 (Windows NT 10.0; WOW64; rv:50.0) Gecko/20100101 Firefox/50.0" 
54.36.148.232 - - [17/Jan/2018:17:51:50 -0800] "GET /self.logs/2016/error.log.2016-11-25.gz HTTP/1.1" 200 1128 "-" "Mozilla/5.0 (compatible; AhrefsBot/5.2; +http://ahrefs.com/robot/)" 
54.36.148.123 - - [17/Jan/2018:17:52:01 -0800] "GET /self.logs/access.log.2018-01-04.gz HTTP/1.1" 200 25320 "-" "Mozilla/5.0 (compatible; AhrefsBot/5.2; +http://ahrefs.com/robot/)" 
220.249.52.99 - - [17/Jan/2018:17:53:18 -0800] "GET /bootstrap/img/favicon.ico HTTP/1.1" 200 590 "http://www.secrepo.com/" "Mozilla/5.0 (Windows NT 6.1; Win64; x64) AppleWebKit/537.36 (KHTML, like Gecko) Chrome/63.0.3239.132 Safari/537.36" 
221.212.116.52 - - [17/Jan/2018:17:55:35 -0800] "GET / HTTP/1.1" 301 483 "http://www.freebuf.com/articles/network/131279.html" "Mozilla/5.0 (Windows NT 6.1; Win64; x64) AppleWebKit/537.36 (KHTML, like Gecko) Chrome/63.0.3239.132 Safari/537.36" 
221.212.116.52 - - [17/Jan/2018:17:55:36 -0800] "GET / HTTP/1.1" 200 11061 "http://www.freebuf.com/articles/network/131279.html" "Mozilla/5.0 (Windows NT 6.1; Win64; x64) AppleWebKit/537.36 (KHTML, like Gecko) Chrome/63.0.3239.132 Safari/537.36" 
221.212.116.52 - - [17/Jan/2018:17:55:38 -0800] "GET /twitter-icon.png HTTP/1.1" 200 27788 "http://www.secrepo.com/" "Mozilla/5.0 (Windows NT 6.1; Win64; x64) AppleWebKit/537.36 (KHTML, like Gecko) Chrome/63.0.3239.132 Safari/537.36" 
221.212.116.52 - - [17/Jan/2018:17:55:38 -0800] "GET /GitHub-Mark.png HTTP/1.1" 200 7428 "http://www.secrepo.com/" "Mozilla/5.0 (Windows NT 6.1; Win64; x64) AppleWebKit/537.36 (KHTML, like Gecko) Chrome/63.0.3239.132 Safari/537.36" 
221.212.116.52 - - [17/Jan/2018:17:55:39 -0800] "GET /bootstrap/img/favicon.ico HTTP/1.1" 200 589 "http://www.secrepo.com/" "Mozilla/5.0 (Windows NT 6.1; Win64; x64) AppleWebKit/537.36 (KHTML, like Gecko) Chrome/63.0.3239.132 Safari/537.36" 
114.245.32.169 - - [17/Jan/2018:17:54:15 -0800] "GET /maccdc2012/maccdc2012_fast_alert.7z HTTP/1.1" 200 9478149 "http://www.secrepo.com/" "Mozilla/5.0 (Macintosh; Intel Mac OS X 10_13_2) AppleWebKit/604.4.7 (KHTML, like Gecko) Version/11.0.2 Safari/604.4.7" 
114.245.32.169 - - [17/Jan/2018:17:54:18 -0800] "GET /maccdc2012/maccdc2012_full_alert.7z HTTP/1.1" 200 24978942 "http://www.secrepo.com/" "Mozilla/5.0 (Macintosh; Intel Mac OS X 10_13_2) AppleWebKit/604.4.7 (KHTML, like Gecko) Version/11.0.2 Safari/604.4.7" 
54.210.131.67 - - [17/Jan/2018:18:02:54 -0800] "GET /self.logs/ HTTP/1.1" 200 73365 "-" "Mozilla/5.0 (Windows NT 10.0; WOW64; rv:50.0) Gecko/20100101 Firefox/50.0" 
34.205.76.105 - - [17/Jan/2018:18:05:02 -0800] "GET /honeypot/BSidesDFW%20-%202014.ipynb HTTP/1.1" 200 930836 "-" "Mozilla/5.0 (Windows NT 10.0; WOW64; rv:50.0) Gecko/20100101 Firefox/50.0" 
1.9.113.63 - - [17/Jan/2018:18:05:07 -0800] "GET /wp-login.php HTTP/1.1" 301 522 "-" "Mozilla/5.0 (Windows NT 6.1; WOW64; rv:40.0) Gecko/20100101 Firefox/40.1" 
52.86.4.36 - - [17/Jan/2018:18:05:07 -0800] "GET /honeypot/Honeypot%20-%20Howto.pdf HTTP/1.1" 200 1279418 "-" "Mozilla/5.0 (Windows NT 10.0; WOW64; rv:50.0) Gecko/20100101 Firefox/50.0" 
1.9.113.63 - - [17/Jan/2018:18:05:07 -0800] "GET /wp-login.php HTTP/1.1" 404 295 "-" "Mozilla/5.0 (Windows NT 6.1; WOW64; rv:40.0) Gecko/20100101 Firefox/40.1" 
1.9.113.63 - - [17/Jan/2018:18:05:13 -0800] "GET /wp-login.php HTTP/1.1" 301 522 "-" "Mozilla/5.0 (Windows NT 6.1; WOW64; rv:40.0) Gecko/20100101 Firefox/40.1" 
1.9.113.63 - - [17/Jan/2018:18:05:13 -0800] "GET /wp-login.php HTTP/1.1" 404 295 "-" "Mozilla/5.0 (Windows NT 6.1; WOW64; rv:40.0) Gecko/20100101 Firefox/40.1" 
1.9.113.63 - - [17/Jan/2018:18:05:19 -0800] "GET / HTTP/1.1" 301 498 "-" "Mozilla/5.0 (Windows NT 6.1; WOW64; rv:40.0) Gecko/20100101 Firefox/40.1" 
1.9.113.63 - - [17/Jan/2018:18:05:19 -0800] "GET / HTTP/1.1" 200 37415 "-" "Mozilla/5.0 (Windows NT 6.1; WOW64; rv:40.0) Gecko/20100101 Firefox/40.1" 
52.90.111.44 - - [17/Jan/2018:18:06:57 -0800] "GET /honeypot/Honeypot%20-%20Howto%20-%20BSides%20Austin.pdf HTTP/1.1" 200 2928460 "-" "Mozilla/5.0 (Windows NT 10.0; WOW64; rv:50.0) Gecko/20100101 Firefox/50.0" 
54.210.131.67 - - [17/Jan/2018:18:07:01 -0800] "GET / HTTP/1.1" 200 37415 "-" "Mozilla/5.0 (Windows NT 10.0; WOW64; rv:50.0) Gecko/20100101 Firefox/50.0" 
34.205.76.105 - - [17/Jan/2018:18:07:10 -0800] "GET / HTTP/1.1" 200 37415 "-" "Mozilla/5.0 (Windows NT 10.0; WOW64; rv:50.0) Gecko/20100101 Firefox/50.0" 
52.90.136.130 - - [17/Jan/2018:18:07:18 -0800] "GET / HTTP/1.1" 200 37415 "-" "Mozilla/5.0 (Windows NT 10.0; WOW64; rv:50.0) Gecko/20100101 Firefox/50.0" 
34.205.76.105 - - [17/Jan/2018:18:07:22 -0800] "GET /data HTTP/1.1" 404 295 "-" "Mozilla/5.0 (Windows NT 10.0; WOW64; rv:50.0) Gecko/20100101 Firefox/50.0" 
34.232.77.143 - - [17/Jan/2018:18:07:57 -0800] "GET /robots.txt HTTP/1.1" 200 334 "-" "BUbiNG (+http://law.di.unimi.it/BUbiNG.html)" 
34.232.77.143 - - [17/Jan/2018:18:08:55 -0800] "GET / HTTP/1.1" 200 11061 "-" "BUbiNG (+http://law.di.unimi.it/BUbiNG.html)" 
52.90.136.130 - - [17/Jan/2018:18:09:01 -0800] "GET / HTTP/1.1" 200 37415 "-" "Mozilla/5.0 (Windows NT 10.0; WOW64; rv:50.0) Gecko/20100101 Firefox/50.0" 
34.205.76.105 - - [17/Jan/2018:18:09:02 -0800] "GET / HTTP/1.1" 200 37415 "-" "Mozilla/5.0 (Windows NT 10.0; WOW64; rv:50.0) Gecko/20100101 Firefox/50.0" 
54.165.38.22 - - [17/Jan/2018:18:09:03 -0800] "GET / HTTP/1.1" 200 37415 "-" "Mozilla/5.0 (Windows NT 10.0; WOW64; rv:50.0) Gecko/20100101 Firefox/50.0" 
34.227.152.36 - - [17/Jan/2018:18:09:12 -0800] "GET / HTTP/1.1" 200 37415 "-" "Mozilla/5.0 (Windows NT 10.0; WOW64; rv:50.0) Gecko/20100101 Firefox/50.0" 
52.90.136.130 - - [17/Jan/2018:18:09:17 -0800] "GET / HTTP/1.1" 200 37415 "-" "Mozilla/5.0 (Windows NT 10.0; WOW64; rv:50.0) Gecko/20100101 Firefox/50.0" 
54.210.131.67 - - [17/Jan/2018:18:09:22 -0800] "GET / HTTP/1.1" 200 37415 "-" "Mozilla/5.0 (Windows NT 10.0; WOW64; rv:50.0) Gecko/20100101 Firefox/50.0" 
34.227.158.18 - - [17/Jan/2018:18:09:33 -0800] "GET / HTTP/1.1" 200 37415 "-" "Mozilla/5.0 (Windows NT 10.0; WOW64; rv:50.0) Gecko/20100101 Firefox/50.0" 
34.227.152.36 - - [17/Jan/2018:18:10:45 -0800] "GET / HTTP/1.1" 200 37415 "-" "Mozilla/5.0 (Windows NT 10.0; WOW64; rv:50.0) Gecko/20100101 Firefox/50.0" 
52.87.145.215 - - [17/Jan/2018:18:10:45 -0800] "GET / HTTP/1.1" 200 37415 "-" "Mozilla/5.0 (Windows NT 10.0; WOW64; rv:50.0) Gecko/20100101 Firefox/50.0" 
54.144.213.108 - - [17/Jan/2018:18:10:45 -0800] "GET / HTTP/1.1" 200 37415 "-" "Mozilla/5.0 (Windows NT 10.0; WOW64; rv:50.0) Gecko/20100101 Firefox/50.0" 
54.144.213.108 - - [17/Jan/2018:18:10:52 -0800] "GET / HTTP/1.1" 200 37415 "-" "Mozilla/5.0 (Windows NT 10.0; WOW64; rv:50.0) Gecko/20100101 Firefox/50.0" 
54.36.148.111 - - [17/Jan/2018:18:15:33 -0800] "GET /self.logs/2015/error.log.2015-02-10.gz HTTP/1.1" 200 4846 "-" "Mozilla/5.0 (compatible; AhrefsBot/5.2; +http://ahrefs.com/robot/)" 
114.245.32.169 - - [17/Jan/2018:18:21:21 -0800] "GET / HTTP/1.1" 200 11061 "-" "Mozilla/5.0 (Windows NT 6.1) AppleWebKit/537.36 (KHTML, like Gecko) Chrome/58.0.3029.110 Safari/537.36" 
114.245.32.169 - - [17/Jan/2018:18:21:22 -0800] "GET /twitter-icon.png HTTP/1.1" 200 27787 "http://www.secrepo.com/" "Mozilla/5.0 (Windows NT 6.1) AppleWebKit/537.36 (KHTML, like Gecko) Chrome/58.0.3029.110 Safari/537.36" 
114.245.32.169 - - [17/Jan/2018:18:21:22 -0800] "GET /GitHub-Mark.png HTTP/1.1" 200 7428 "http://www.secrepo.com/" "Mozilla/5.0 (Windows NT 6.1) AppleWebKit/537.36 (KHTML, like Gecko) Chrome/58.0.3029.110 Safari/537.36" 
114.245.32.169 - - [17/Jan/2018:18:21:42 -0800] "GET /bootstrap/img/favicon.ico HTTP/1.1" 200 590 "http://www.secrepo.com/" "Mozilla/5.0 (Windows NT 6.1) AppleWebKit/537.36 (KHTML, like Gecko) Chrome/58.0.3029.110 Safari/537.36" 
96.255.66.49 - - [17/Jan/2018:18:28:19 -0800] "GET /self.logs/access.log.2015-02-14.gz HTTP/1.1" 404 284 "-" "Python-urllib/3.6" 
52.212.146.96 - - [17/Jan/2018:18:30:01 -0800] "GET /self.logs/access.log.2018-01-11.gz HTTP/1.1" 200 22145 "-" "python-requests/2.12.1" 
52.212.146.96 - - [17/Jan/2018:18:30:02 -0800] "GET /self.logs/access.log.2018-01-12.gz HTTP/1.1" 200 18917 "-" "python-requests/2.12.1" 
52.212.146.96 - - [17/Jan/2018:18:30:02 -0800] "GET /self.logs/access.log.2018-01-13.gz HTTP/1.1" 200 20374 "-" "python-requests/2.12.1" 
52.212.146.96 - - [17/Jan/2018:18:30:02 -0800] "GET /self.logs/access.log.2018-01-14.gz HTTP/1.1" 200 18946 "-" "python-requests/2.12.1" 
52.212.146.96 - - [17/Jan/2018:18:30:02 -0800] "GET /self.logs/access.log.2018-01-15.gz HTTP/1.1" 404 340 "-" "python-requests/2.12.1" 
52.212.146.96 - - [17/Jan/2018:18:30:03 -0800] "GET /self.logs/access.log.2018-01-16.gz HTTP/1.1" 404 340 "-" "python-requests/2.12.1" 
52.212.146.96 - - [17/Jan/2018:18:30:03 -0800] "GET /self.logs/access.log.2018-01-17.gz HTTP/1.1" 404 340 "-" "python-requests/2.12.1" 
103.240.98.238 - - [17/Jan/2018:18:37:23 -0800] "GET /wp-login.php HTTP/1.1" 404 295 "-" "Mozilla/5.0 (Windows NT 6.1; WOW64; rv:40.0) Gecko/20100101 Firefox/40.1" 
103.240.98.238 - - [17/Jan/2018:18:37:29 -0800] "GET /wp-login.php HTTP/1.1" 404 295 "-" "Mozilla/5.0 (Windows NT 6.1; WOW64; rv:40.0) Gecko/20100101 Firefox/40.1" 
103.240.98.238 - - [17/Jan/2018:18:37:34 -0800] "GET / HTTP/1.1" 200 37415 "-" "Mozilla/5.0 (Windows NT 6.1; WOW64; rv:40.0) Gecko/20100101 Firefox/40.1" 
103.240.98.238 - - [17/Jan/2018:18:38:20 -0800] "GET /wp-login.php HTTP/1.1" 301 522 "-" "Mozilla/5.0 (Windows NT 6.1; WOW64; rv:40.0) Gecko/20100101 Firefox/40.1" 
103.240.98.238 - - [17/Jan/2018:18:38:21 -0800] "GET /wp-login.php HTTP/1.1" 404 295 "-" "Mozilla/5.0 (Windows NT 6.1; WOW64; rv:40.0) Gecko/20100101 Firefox/40.1" 
103.240.98.238 - - [17/Jan/2018:18:38:26 -0800] "GET /wp-login.php HTTP/1.1" 301 522 "-" "Mozilla/5.0 (Windows NT 6.1; WOW64; rv:40.0) Gecko/20100101 Firefox/40.1" 
103.240.98.238 - - [17/Jan/2018:18:38:27 -0800] "GET /wp-login.php HTTP/1.1" 404 295 "-" "Mozilla/5.0 (Windows NT 6.1; WOW64; rv:40.0) Gecko/20100101 Firefox/40.1" 
103.240.98.238 - - [17/Jan/2018:18:38:32 -0800] "GET / HTTP/1.1" 301 498 "-" "Mozilla/5.0 (Windows NT 6.1; WOW64; rv:40.0) Gecko/20100101 Firefox/40.1" 
103.240.98.238 - - [17/Jan/2018:18:38:33 -0800] "GET / HTTP/1.1" 200 37415 "-" "Mozilla/5.0 (Windows NT 6.1; WOW64; rv:40.0) Gecko/20100101 Firefox/40.1" 
54.36.149.79 - - [17/Jan/2018:18:38:38 -0800] "GET /self.logs/access.log.2017-04-19.gz HTTP/1.1" 200 19578 "-" "Mozilla/5.0 (compatible; AhrefsBot/5.2; +http://ahrefs.com/robot/)" 
96.255.66.49 - - [17/Jan/2018:18:38:45 -0800] "GET /self.logs HTTP/1.1" 301 499 "-" "Mozilla/5.0 (Windows NT 10.0; Win64; x64; rv:57.0) Gecko/20100101 Firefox/57.0" 
96.255.66.49 - - [17/Jan/2018:18:38:45 -0800] "GET /self.logs/ HTTP/1.1" 200 7806 "-" "Mozilla/5.0 (Windows NT 10.0; Win64; x64; rv:57.0) Gecko/20100101 Firefox/57.0" 
96.255.66.49 - - [17/Jan/2018:18:38:46 -0800] "GET /favicon.ico HTTP/1.1" 200 267 "-" "Mozilla/5.0 (Windows NT 10.0; Win64; x64; rv:57.0) Gecko/20100101 Firefox/57.0" 
96.255.66.49 - - [17/Jan/2018:18:40:49 -0800] "GET /self.logs/2015/ HTTP/1.1" 200 7437 "http://www.secrepo.com/self.logs/" "Mozilla/5.0 (Windows NT 10.0; Win64; x64; rv:57.0) Gecko/20100101 Firefox/57.0" 
96.255.66.49 - - [17/Jan/2018:18:41:02 -0800] "GET /self.logs/2015/access.log.2015-02-14.gz HTTP/1.1" 200 25834 "-" "Python-urllib/3.6" 
66.87.112.51 - - [17/Jan/2018:18:41:37 -0800] "GET / HTTP/1.1" 200 11061 "-" "Mozilla/5.0 (iPhone; CPU iPhone OS 11_2_2 like Mac OS X) AppleWebKit/604.4.7 (KHTML, like Gecko) Version/11.0 Mobile/15C202 Safari/604.1" 
66.87.112.51 - - [17/Jan/2018:18:41:38 -0800] "GET /twitter-icon.png HTTP/1.1" 200 27787 "http://www.secrepo.com/" "Mozilla/5.0 (iPhone; CPU iPhone OS 11_2_2 like Mac OS X) AppleWebKit/604.4.7 (KHTML, like Gecko) Version/11.0 Mobile/15C202 Safari/604.1" 
66.87.112.51 - - [17/Jan/2018:18:41:38 -0800] "GET /GitHub-Mark.png HTTP/1.1" 200 7428 "http://www.secrepo.com/" "Mozilla/5.0 (iPhone; CPU iPhone OS 11_2_2 like Mac OS X) AppleWebKit/604.4.7 (KHTML, like Gecko) Version/11.0 Mobile/15C202 Safari/604.1" 
157.55.39.188 - - [17/Jan/2018:18:42:55 -0800] "GET /self.logs/error.log.2017-10-23.gz HTTP/1.1" 200 2388 "-" "Mozilla/5.0 (compatible; bingbot/2.0; +http://www.bing.com/bingbot.htm)" 
66.249.79.141 - - [17/Jan/2018:18:44:58 -0800] "GET / HTTP/1.1" 200 11061 "-" "Mozilla/5.0 (compatible; Googlebot/2.1; +http://www.google.com/bot.html)" 
54.36.148.44 - - [17/Jan/2018:18:47:09 -0800] "GET /self.logs/2015/error.log.2015-01-21.gz HTTP/1.1" 200 560 "-" "Mozilla/5.0 (compatible; AhrefsBot/5.2; +http://ahrefs.com/robot/)" 
129.110.241.70 - - [17/Jan/2018:18:56:40 -0800] "GET / HTTP/1.1" 200 11061 "https://www.google.com/" "Mozilla/5.0 (Macintosh; Intel Mac OS X 10_13_2) AppleWebKit/604.4.7 (KHTML, like Gecko) Version/11.0.2 Safari/604.4.7" 
129.110.241.70 - - [17/Jan/2018:18:56:41 -0800] "GET /twitter-icon.png HTTP/1.1" 200 27787 "http://www.secrepo.com/" "Mozilla/5.0 (Macintosh; Intel Mac OS X 10_13_2) AppleWebKit/604.4.7 (KHTML, like Gecko) Version/11.0.2 Safari/604.4.7" 
129.110.241.70 - - [17/Jan/2018:18:56:41 -0800] "GET /GitHub-Mark.png HTTP/1.1" 200 7428 "http://www.secrepo.com/" "Mozilla/5.0 (Macintosh; Intel Mac OS X 10_13_2) AppleWebKit/604.4.7 (KHTML, like Gecko) Version/11.0.2 Safari/604.4.7" 
129.110.241.70 - - [17/Jan/2018:18:56:41 -0800] "GET /bootstrap/img/favicon.ico HTTP/1.1" 200 590 "http://www.secrepo.com/" "Mozilla/5.0 (Macintosh; Intel Mac OS X 10_13_2) AppleWebKit/604.4.7 (KHTML, like Gecko) Version/11.0.2 Safari/604.4.7" 
54.36.149.96 - - [17/Jan/2018:18:58:55 -0800] "GET /self.logs/error.log.2016-06-17.gz HTTP/1.1" 404 284 "-" "Mozilla/5.0 (compatible; AhrefsBot/5.2; +http://ahrefs.com/robot/)" 
66.249.79.139 - - [17/Jan/2018:19:03:16 -0800] "GET / HTTP/1.1" 200 11061 "-" "Mozilla/5.0 (Linux; Android 6.0.1; Nexus 5X Build/MMB29P) AppleWebKit/537.36 (KHTML, like Gecko) Chrome/41.0.2272.96 Mobile Safari/537.36 (compatible; Googlebot/2.1; +http://www.google.com/bot.html)" 
114.245.32.169 - - [17/Jan/2018:19:05:17 -0800] "GET /misc/zeus_dga_domains.txt.zip HTTP/1.1" 200 594360 "-" "Mozilla/5.0 (Macintosh; Intel Mac OS X 10_13_2) AppleWebKit/604.4.7 (KHTML, like Gecko) Version/11.0.2 Safari/604.4.7" 
54.36.148.36 - - [17/Jan/2018:19:05:42 -0800] "GET /self.logs/2015/error.log.2015-01-24.gz HTTP/1.1" 200 863 "-" "Mozilla/5.0 (compatible; AhrefsBot/5.2; +http://ahrefs.com/robot/)" 
52.168.161.70 - - [17/Jan/2018:19:06:27 -0800] "HEAD / HTTP/1.1" 200 282 "https://www.google.com/" "Mozilla/5.0 (compatible; epicbot; +http://www.epictions.com/epicbot)" 
52.168.161.70 - - [17/Jan/2018:19:06:30 -0800] "HEAD / HTTP/1.1" 200 282 "https://www.google.com/" "Mozilla/5.0 (compatible; epicbot; +http://www.epictions.com/epicbot)" 
52.168.161.70 - - [17/Jan/2018:19:06:30 -0800] "HEAD / HTTP/1.1" 200 282 "https://www.google.com/" "Mozilla/5.0 (compatible; epicbot; +http://www.epictions.com/epicbot)" 
54.36.149.6 - - [17/Jan/2018:19:07:00 -0800] "GET /self.logs/2015/error.log.2015-01-23.gz HTTP/1.1" 200 591 "-" "Mozilla/5.0 (compatible; AhrefsBot/5.2; +http://ahrefs.com/robot/)" 
211.21.129.61 - - [17/Jan/2018:19:07:13 -0800] "GET / HTTP/1.1" 200 11061 "-" "Mozilla/5.0 (Macintosh; Intel Mac OS X 10_13_2) AppleWebKit/604.4.7 (KHTML, like Gecko) Version/11.0.2 Safari/604.4.7" 
211.21.129.61 - - [17/Jan/2018:19:07:13 -0800] "GET /twitter-icon.png HTTP/1.1" 200 27787 "http://www.secrepo.com/" "Mozilla/5.0 (Macintosh; Intel Mac OS X 10_13_2) AppleWebKit/604.4.7 (KHTML, like Gecko) Version/11.0.2 Safari/604.4.7" 
211.21.129.61 - - [17/Jan/2018:19:07:14 -0800] "GET /GitHub-Mark.png HTTP/1.1" 200 7428 "http://www.secrepo.com/" "Mozilla/5.0 (Macintosh; Intel Mac OS X 10_13_2) AppleWebKit/604.4.7 (KHTML, like Gecko) Version/11.0.2 Safari/604.4.7" 
211.21.129.61 - - [17/Jan/2018:19:07:15 -0800] "GET /bootstrap/img/favicon.ico HTTP/1.1" 200 590 "http://www.secrepo.com/" "Mozilla/5.0 (Macintosh; Intel Mac OS X 10_13_2) AppleWebKit/604.4.7 (KHTML, like Gecko) Version/11.0.2 Safari/604.4.7" 
211.21.129.61 - - [17/Jan/2018:19:07:44 -0800] "GET /self.logs/ HTTP/1.1" 200 7807 "-" "Mozilla/5.0 (Macintosh; Intel Mac OS X 10_13_2) AppleWebKit/604.4.7 (KHTML, like Gecko) Version/11.0.2 Safari/604.4.7" 
211.21.129.61 - - [17/Jan/2018:19:07:44 -0800] "GET /favicon.ico HTTP/1.1" 200 268 "http://www.secrepo.com/self.logs/" "Mozilla/5.0 (Macintosh; Intel Mac OS X 10_13_2) AppleWebKit/604.4.7 (KHTML, like Gecko) Version/11.0.2 Safari/604.4.7" 
211.21.129.61 - - [17/Jan/2018:19:07:49 -0800] "GET /auth.log/auth.log.gz HTTP/1.1" 200 554524 "-" "Mozilla/5.0 (Macintosh; Intel Mac OS X 10_13_2) AppleWebKit/604.4.7 (KHTML, like Gecko) Version/11.0.2 Safari/604.4.7" 
66.249.79.8 - - [17/Jan/2018:19:09:22 -0800] "GET / HTTP/1.1" 301 483 "-" "Mozilla/5.0 (Linux; Android 6.0.1; Nexus 5X Build/MMB29P) AppleWebKit/537.36 (KHTML, like Gecko) Chrome/41.0.2272.96 Mobile Safari/537.36 (compatible; Googlebot/2.1; +http://www.google.com/bot.html)" 
175.158.216.22 - - [17/Jan/2018:19:12:19 -0800] "GET /wp-login.php HTTP/1.1" 404 295 "-" "Mozilla/5.0 (Windows NT 6.1; WOW64; rv:40.0) Gecko/20100101 Firefox/40.1" 
175.158.216.22 - - [17/Jan/2018:19:12:24 -0800] "GET /wp-login.php HTTP/1.1" 404 295 "-" "Mozilla/5.0 (Windows NT 6.1; WOW64; rv:40.0) Gecko/20100101 Firefox/40.1" 
175.158.216.22 - - [17/Jan/2018:19:12:30 -0800] "GET / HTTP/1.1" 200 37415 "-" "Mozilla/5.0 (Windows NT 6.1; WOW64; rv:40.0) Gecko/20100101 Firefox/40.1" 
114.245.32.169 - - [17/Jan/2018:19:14:24 -0800] "GET /domaindata/domainmovement.zip HTTP/1.1" 200 7437725 "http://www.secrepo.com/" "Mozilla/5.0 (Macintosh; Intel Mac OS X 10_13_2) AppleWebKit/604.4.7 (KHTML, like Gecko) Version/11.0.2 Safari/604.4.7" 
162.210.196.129 - - [17/Jan/2018:19:19:57 -0800] "GET /robots.txt HTTP/1.1" 200 289 "-" "Mozilla/5.0 (compatible; MJ12bot/v1.4.8; http://mj12bot.com/)" 
162.210.196.129 - - [17/Jan/2018:19:19:59 -0800] "GET / HTTP/1.1" 200 37359 "-" "Mozilla/5.0 (compatible; MJ12bot/v1.4.8; http://mj12bot.com/)" 
114.245.32.169 - - [17/Jan/2018:19:05:08 -0800] "GET /tg/a.zip HTTP/1.1" 200 49426080 "http://www.secrepo.com/" "Mozilla/5.0 (Macintosh; Intel Mac OS X 10_13_2) AppleWebKit/604.4.7 (KHTML, like Gecko) Version/11.0.2 Safari/604.4.7" 
216.244.66.250 - - [17/Jan/2018:19:20:51 -0800] "GET /robots.txt HTTP/1.1" 200 233 "-" "Mozilla/5.0 (compatible; DotBot/1.1; http://www.opensiteexplorer.org/dotbot, help@moz.com)" 
157.55.39.189 - - [17/Jan/2018:19:21:55 -0800] "GET /self.logs/ HTTP/1.1" 200 7807 "-" "Mozilla/5.0 (iPhone; CPU iPhone OS 7_0 like Mac OS X) AppleWebKit/537.51.1 (KHTML, like Gecko) Version/7.0 Mobile/11A465 Safari/9537.53 (compatible; bingbot/2.0; +http://www.bing.com/bingbot.htm)" 
54.36.148.102 - - [17/Jan/2018:19:27:53 -0800] "GET /self.logs/access.log.2016-10-04.gz HTTP/1.1" 404 284 "-" "Mozilla/5.0 (compatible; AhrefsBot/5.2; +http://ahrefs.com/robot/)" 
54.161.201.222 - - [17/Jan/2018:19:29:31 -0800] "GET / HTTP/1.1" 200 11005 "-" "Mozilla/5.0 (compatible; Googlebot/2.1; startmebot/1.0; +https://start.me/bot)" 
51.255.71.116 - - [17/Jan/2018:19:33:37 -0800] "GET /self.logs/2016/access.log.2016-07-18.gz HTTP/1.1" 200 8311 "-" "Mozilla/5.0 (compatible; AhrefsBot/5.2; +http://ahrefs.com/robot/)" 
216.244.66.250 - - [17/Jan/2018:19:42:35 -0800] "GET /robots.txt HTTP/1.1" 200 233 "-" "Mozilla/5.0 (compatible; DotBot/1.1; http://www.opensiteexplorer.org/dotbot, help@moz.com)" 
186.205.97.223 - - [17/Jan/2018:19:53:27 -0800] "GET /honeypot/BSidesDFW%20-%202014.ipynb HTTP/1.1" 200 930836 "http://www.secrepo.com/" "Mozilla/5.0 (Windows NT 6.1; rv:52.0) Gecko/20100101 Firefox/52.0" 
100.43.85.128 - - [17/Jan/2018:19:54:10 -0800] "GET /robots.txt HTTP/1.1" 200 289 "-" "Mozilla/5.0 (compatible; YandexBot/3.0; +http://yandex.com/bots)" 
100.43.85.128 - - [17/Jan/2018:19:54:14 -0800] "GET /honeypot/BSidesDFW%20-%202014.ipynb HTTP/1.1" 200 930836 "-" "Mozilla/5.0 (iPhone; CPU iPhone OS 8_1 like Mac OS X) AppleWebKit/600.1.4 (KHTML, like Gecko) Version/8.0 Mobile/12B411 Safari/600.1.4 (compatible; YandexMobileBot/3.0; +http://yandex.com/bots)" 
216.244.66.227 - - [17/Jan/2018:19:55:06 -0800] "GET /robots.txt HTTP/1.1" 200 233 "-" "Mozilla/5.0 (compatible; DotBot/1.1; http://www.opensiteexplorer.org/dotbot, help@moz.com)" 
179.208.151.45 - - [17/Jan/2018:20:03:34 -0800] "GET /honeypot/Honeypot%20-%20Howto.pdf HTTP/1.1" 200 1279418 "http://www.secrepo.com/" "Mozilla/5.0 (Windows NT 6.3; Win64; x64) AppleWebKit/537.36 (KHTML, like Gecko) Chrome/58.0.3029.110 Safari/537.36" 
61.150.43.121 - - [17/Jan/2018:20:05:10 -0800] "GET / HTTP/1.1" 301 483 "http://www.52bug.cn/content/plugins/openlink/viewPage.html?url=http://secrepo.com/" "Mozilla/5.0 (Windows NT 10.0; Win64; x64) AppleWebKit/537.36 (KHTML, like Gecko) Chrome/63.0.3239.132 Safari/537.36" 
61.150.43.121 - - [17/Jan/2018:20:05:11 -0800] "GET / HTTP/1.1" 200 11061 "http://www.52bug.cn/content/plugins/openlink/viewPage.html?url=http://secrepo.com/" "Mozilla/5.0 (Windows NT 10.0; Win64; x64) AppleWebKit/537.36 (KHTML, like Gecko) Chrome/63.0.3239.132 Safari/537.36" 
61.150.43.121 - - [17/Jan/2018:20:05:11 -0800] "GET /twitter-icon.png HTTP/1.1" 200 27787 "http://www.secrepo.com/" "Mozilla/5.0 (Windows NT 10.0; Win64; x64) AppleWebKit/537.36 (KHTML, like Gecko) Chrome/63.0.3239.132 Safari/537.36" 
61.150.43.121 - - [17/Jan/2018:20:05:11 -0800] "GET /GitHub-Mark.png HTTP/1.1" 200 7428 "http://www.secrepo.com/" "Mozilla/5.0 (Windows NT 10.0; Win64; x64) AppleWebKit/537.36 (KHTML, like Gecko) Chrome/63.0.3239.132 Safari/537.36" 
69.180.187.27 - - [17/Jan/2018:20:05:17 -0800] "GET / HTTP/1.1" 200 11061 "-" "Mozilla/5.0 (Macintosh; Intel Mac OS X 10_13_2) AppleWebKit/604.4.7 (KHTML, like Gecko)" 
69.180.187.27 - - [17/Jan/2018:20:05:17 -0800] "GET /apple-touch-icon-precomposed.png HTTP/1.1" 404 340 "-" "Safari/13604.4.7.1.3 CFNetwork/893.13.1 Darwin/17.3.0 (x86_64)" 
69.180.187.27 - - [17/Jan/2018:20:05:17 -0800] "GET /apple-touch-icon.png HTTP/1.1" 404 339 "-" "Safari/13604.4.7.1.3 CFNetwork/893.13.1 Darwin/17.3.0 (x86_64)" 
69.180.187.27 - - [17/Jan/2018:20:05:17 -0800] "GET /bootstrap/img/favicon.ico HTTP/1.1" 200 589 "-" "Safari/13604.4.7.1.3 CFNetwork/893.13.1 Darwin/17.3.0 (x86_64)" 
69.180.187.27 - - [17/Jan/2018:20:05:17 -0800] "GET / HTTP/1.1" 200 11060 "-" "\"Mozilla/5.0 (iPhone; CPU iPhone OS 11_0 like Mac OS X) AppleWebKit/604.1.38 (KHTML, like Gecko) Version/11.0 Mobile/15A372 Safari/604.1\"" 
69.180.187.27 - - [17/Jan/2018:20:05:17 -0800] "GET /apple-touch-icon-precomposed.png HTTP/1.1" 404 339 "-" "Safari/13604.4.7.1.3 CFNetwork/893.13.1 Darwin/17.3.0 (x86_64)" 
69.180.187.27 - - [17/Jan/2018:20:05:18 -0800] "GET /apple-touch-icon.png HTTP/1.1" 404 339 "-" "Safari/13604.4.7.1.3 CFNetwork/893.13.1 Darwin/17.3.0 (x86_64)" 
69.180.187.27 - - [17/Jan/2018:20:05:18 -0800] "GET /bootstrap/img/favicon.ico HTTP/1.1" 200 589 "-" "Safari/13604.4.7.1.3 CFNetwork/893.13.1 Darwin/17.3.0 (x86_64)" 
54.36.148.254 - - [17/Jan/2018:20:05:20 -0800] "GET /self.logs/error.log.2016-06-02.gz HTTP/1.1" 404 284 "-" "Mozilla/5.0 (compatible; AhrefsBot/5.2; +http://ahrefs.com/robot/)" 
209.15.209.89 - - [17/Jan/2018:20:05:44 -0800] "HEAD / HTTP/1.1" 200 239 "-" "-" 
49.205.222.95 - - [17/Jan/2018:20:05:45 -0800] "GET / HTTP/1.1" 200 11061 "https://www.researchgate.net/" "Mozilla/5.0 (X11; Linux x86_64) AppleWebKit/537.36 (KHTML, like Gecko) Chrome/63.0.3239.84 Safari/537.36" 
120.221.0.34 - - [17/Jan/2018:20:06:29 -0800] "GET /honeypot/Honeypot%20-%20Howto.pdf HTTP/1.1" 304 131 "-" "Mozilla/5.0 Gecko/20100115 Firefox/3.6" 
216.244.66.227 - - [17/Jan/2018:20:07:15 -0800] "GET /self.logs/access.log.2017-12-26.gz HTTP/1.1" 200 100307 "-" "Mozilla/5.0 (compatible; DotBot/1.1; http://www.opensiteexplorer.org/dotbot, help@moz.com)" 
54.36.149.45 - - [17/Jan/2018:20:10:09 -0800] "GET /self.logs/2016/access.log.2016-10-20.gz HTTP/1.1" 200 8458 "-" "Mozilla/5.0 (compatible; AhrefsBot/5.2; +http://ahrefs.com/robot/)" 
66.249.79.141 - - [17/Jan/2018:20:10:23 -0800] "GET / HTTP/1.1" 200 11061 "-" "Mozilla/5.0 (Linux; Android 6.0.1; Nexus 5X Build/MMB29P) AppleWebKit/537.36 (KHTML, like Gecko) Chrome/41.0.2272.96 Mobile Safari/537.36 (compatible; Googlebot/2.1; +http://www.google.com/bot.html)" 
54.36.148.158 - - [17/Jan/2018:20:10:55 -0800] "GET /self.logs/2016/error.log.2016-05-22.gz HTTP/1.1" 200 663 "-" "Mozilla/5.0 (compatible; AhrefsBot/5.2; +http://ahrefs.com/robot/)" 
82.16.164.85 - - [17/Jan/2018:20:12:06 -0800] "GET /wp-login.php HTTP/1.1" 404 295 "-" "Mozilla/5.0 (Windows NT 6.1; WOW64; rv:40.0) Gecko/20100101 Firefox/40.1" 
82.16.164.85 - - [17/Jan/2018:20:12:11 -0800] "GET /wp-login.php HTTP/1.1" 404 295 "-" "Mozilla/5.0 (Windows NT 6.1; WOW64; rv:40.0) Gecko/20100101 Firefox/40.1" 
82.16.164.85 - - [17/Jan/2018:20:12:16 -0800] "GET / HTTP/1.1" 200 37415 "-" "Mozilla/5.0 (Windows NT 6.1; WOW64; rv:40.0) Gecko/20100101 Firefox/40.1" 
203.125.78.222 - - [17/Jan/2018:20:13:02 -0800] "GET / HTTP/1.1" 200 11061 "https://www.google.com.sg/" "Mozilla/5.0 (Windows NT 10.0; Win64; x64) AppleWebKit/537.36 (KHTML, like Gecko) Chrome/63.0.3239.132 Safari/537.36" 
203.125.78.222 - - [17/Jan/2018:20:13:03 -0800] "GET /twitter-icon.png HTTP/1.1" 200 27787 "http://www.secrepo.com/" "Mozilla/5.0 (Windows NT 10.0; Win64; x64) AppleWebKit/537.36 (KHTML, like Gecko) Chrome/63.0.3239.132 Safari/537.36" 
203.125.78.222 - - [17/Jan/2018:20:13:03 -0800] "GET /GitHub-Mark.png HTTP/1.1" 200 7428 "http://www.secrepo.com/" "Mozilla/5.0 (Windows NT 10.0; Win64; x64) AppleWebKit/537.36 (KHTML, like Gecko) Chrome/63.0.3239.132 Safari/537.36" 
203.125.78.222 - - [17/Jan/2018:20:13:05 -0800] "GET /bootstrap/img/favicon.ico HTTP/1.1" 200 590 "http://www.secrepo.com/" "Mozilla/5.0 (Windows NT 10.0; Win64; x64) AppleWebKit/537.36 (KHTML, like Gecko) Chrome/63.0.3239.132 Safari/537.36" 
120.221.1.28 - - [17/Jan/2018:20:13:32 -0800] "GET /maccdc2012/files.log.gz HTTP/1.1" 304 155 "-" "Mozilla/5.0 Gecko/20100115 Firefox/3.6" 
66.249.79.139 - - [17/Jan/2018:20:16:29 -0800] "GET / HTTP/1.1" 200 11061 "-" "Mozilla/5.0 (compatible; Googlebot/2.1; +http://www.google.com/bot.html)" 
41.142.52.177 - - [17/Jan/2018:20:18:44 -0800] "GET /wp-login.php HTTP/1.1" 404 295 "-" "Mozilla/5.0 (Windows NT 6.1; WOW64; rv:40.0) Gecko/20100101 Firefox/40.1" 
41.142.52.177 - - [17/Jan/2018:20:18:50 -0800] "GET /wp-login.php HTTP/1.1" 404 295 "-" "Mozilla/5.0 (Windows NT 6.1; WOW64; rv:40.0) Gecko/20100101 Firefox/40.1" 
66.249.93.93 - - [17/Jan/2018:20:18:52 -0800] "GET / HTTP/1.1" 200 11061 "-" "Mozilla/5.0 (X11; Linux x86_64) AppleWebKit/537.36 (KHTML, like Gecko) Chrome/49.0.2623.75 Safari/537.36 Google Favicon" 
66.249.93.95 - - [17/Jan/2018:20:18:53 -0800] "GET /bootstrap/img/favicon.ico HTTP/1.1" 200 590 "-" "Mozilla/5.0 (X11; Linux x86_64) AppleWebKit/537.36 (KHTML, like Gecko) Chrome/49.0.2623.75 Safari/537.36 Google Favicon" 
41.142.52.177 - - [17/Jan/2018:20:18:55 -0800] "GET / HTTP/1.1" 200 37415 "-" "Mozilla/5.0 (Windows NT 6.1; WOW64; rv:40.0) Gecko/20100101 Firefox/40.1" 
82.16.164.85 - - [17/Jan/2018:20:22:26 -0800] "GET /wp-login.php HTTP/1.1" 301 522 "-" "Mozilla/5.0 (Windows NT 6.1; WOW64; rv:40.0) Gecko/20100101 Firefox/40.1" 
82.16.164.85 - - [17/Jan/2018:20:22:27 -0800] "GET /wp-login.php HTTP/1.1" 404 295 "-" "Mozilla/5.0 (Windows NT 6.1; WOW64; rv:40.0) Gecko/20100101 Firefox/40.1" 
82.16.164.85 - - [17/Jan/2018:20:22:32 -0800] "GET /wp-login.php HTTP/1.1" 301 522 "-" "Mozilla/5.0 (Windows NT 6.1; WOW64; rv:40.0) Gecko/20100101 Firefox/40.1" 
82.16.164.85 - - [17/Jan/2018:20:22:32 -0800] "GET /wp-login.php HTTP/1.1" 404 295 "-" "Mozilla/5.0 (Windows NT 6.1; WOW64; rv:40.0) Gecko/20100101 Firefox/40.1" 
82.16.164.85 - - [17/Jan/2018:20:22:37 -0800] "GET / HTTP/1.1" 301 498 "-" "Mozilla/5.0 (Windows NT 6.1; WOW64; rv:40.0) Gecko/20100101 Firefox/40.1" 
82.16.164.85 - - [17/Jan/2018:20:22:38 -0800] "GET / HTTP/1.1" 200 37415 "-" "Mozilla/5.0 (Windows NT 6.1; WOW64; rv:40.0) Gecko/20100101 Firefox/40.1" 
157.55.39.187 - - [17/Jan/2018:20:31:42 -0800] "GET /self.logs/error.log.2016-10-28.gz HTTP/1.1" 404 340 "-" "Mozilla/5.0 (compatible; bingbot/2.0; +http://www.bing.com/bingbot.htm)" 
216.244.66.250 - - [17/Jan/2018:20:32:44 -0800] "GET /self.logs/?C=D;O=D HTTP/1.1" 200 73309 "-" "Mozilla/5.0 (compatible; DotBot/1.1; http://www.opensiteexplorer.org/dotbot, help@moz.com)" 
216.244.66.250 - - [17/Jan/2018:20:32:52 -0800] "GET /self.logs/2016/?C=S;O=A HTTP/1.1" 200 70678 "-" "Mozilla/5.0 (compatible; DotBot/1.1; http://www.opensiteexplorer.org/dotbot, help@moz.com)" 
54.36.149.91 - - [17/Jan/2018:20:32:55 -0800] "GET /self.logs/2016/access.log.2016-05-26.gz HTTP/1.1" 200 8652 "-" "Mozilla/5.0 (compatible; AhrefsBot/5.2; +http://ahrefs.com/robot/)" 
51.255.71.113 - - [17/Jan/2018:20:35:02 -0800] "GET /self.logs/access.log.2016-12-13.gz HTTP/1.1" 404 284 "-" "Mozilla/5.0 (compatible; AhrefsBot/5.2; +http://ahrefs.com/robot/)" 
68.180.228.98 - - [17/Jan/2018:20:35:09 -0800] "GET /robots.txt HTTP/1.1" 200 233 "-" "Mozilla/5.0 (compatible; Yahoo! Slurp; http://help.yahoo.com/help/us/ysearch/slurp)" 
68.180.228.98 - - [17/Jan/2018:20:35:09 -0800] "GET /honeypot/honeypot.json.zip HTTP/1.1" 200 979660 "-" "Mozilla/5.0 (compatible; Yahoo! Slurp; http://help.yahoo.com/help/us/ysearch/slurp)" 
54.36.148.206 - - [17/Jan/2018:20:36:19 -0800] "GET /self.logs/error.log.2015-05-30.gz HTTP/1.1" 404 284 "-" "Mozilla/5.0 (compatible; AhrefsBot/5.2; +http://ahrefs.com/robot/)" 
41.142.52.177 - - [17/Jan/2018:20:39:57 -0800] "GET /wp-login.php HTTP/1.1" 301 522 "-" "Mozilla/5.0 (Windows NT 6.1; WOW64; rv:40.0) Gecko/20100101 Firefox/40.1" 
41.142.52.177 - - [17/Jan/2018:20:39:58 -0800] "GET /wp-login.php HTTP/1.1" 404 295 "-" "Mozilla/5.0 (Windows NT 6.1; WOW64; rv:40.0) Gecko/20100101 Firefox/40.1" 
41.142.52.177 - - [17/Jan/2018:20:40:03 -0800] "GET /wp-login.php HTTP/1.1" 301 522 "-" "Mozilla/5.0 (Windows NT 6.1; WOW64; rv:40.0) Gecko/20100101 Firefox/40.1" 
41.142.52.177 - - [17/Jan/2018:20:40:03 -0800] "GET /wp-login.php HTTP/1.1" 404 295 "-" "Mozilla/5.0 (Windows NT 6.1; WOW64; rv:40.0) Gecko/20100101 Firefox/40.1" 
41.142.52.177 - - [17/Jan/2018:20:40:09 -0800] "GET / HTTP/1.1" 301 498 "-" "Mozilla/5.0 (Windows NT 6.1; WOW64; rv:40.0) Gecko/20100101 Firefox/40.1" 
41.142.52.177 - - [17/Jan/2018:20:40:09 -0800] "GET / HTTP/1.1" 200 37415 "-" "Mozilla/5.0 (Windows NT 6.1; WOW64; rv:40.0) Gecko/20100101 Firefox/40.1" 
167.88.170.73 - - [17/Jan/2018:20:42:01 -0800] "GET /bootstrap/img/favicon.ico HTTP/1.1" 200 590 "-" "Mozilla/5.0 (Macintosh; Intel Mac OS X 10_13_2) AppleWebKit/537.36 (KHTML, like Gecko) Chrome/63.0.3239.132 Safari/537.36" 
96.240.147.129 - - [17/Jan/2018:20:44:17 -0800] "GET / HTTP/1.1" 200 11061 "http://www.google.com/url?sa=t&rct=j&q=&esrc=s&source=web&cd=1&ved=0ahUKEwj_76Tk2eDYAhVU3mMKHdfvBAoQFggrMAA&url=http%3A%2F%2Fwww.secrepo.com%2F&usg=AOvVaw0jIonH_9-JWfo0lP0X5Pvo" "Mozilla/5.0 (Windows NT 10.0; WOW64; Trident/7.0; rv:11.0) like Gecko" 
96.240.147.129 - - [17/Jan/2018:20:44:17 -0800] "GET /twitter-icon.png HTTP/1.1" 200 27787 "http://www.secrepo.com/" "Mozilla/5.0 (Windows NT 10.0; WOW64; Trident/7.0; rv:11.0) like Gecko" 
96.240.147.129 - - [17/Jan/2018:20:44:17 -0800] "GET /GitHub-Mark.png HTTP/1.1" 200 7428 "http://www.secrepo.com/" "Mozilla/5.0 (Windows NT 10.0; WOW64; Trident/7.0; rv:11.0) like Gecko" 
96.240.147.129 - - [17/Jan/2018:20:44:18 -0800] "GET /bootstrap/img/favicon.ico HTTP/1.1" 200 589 "-" "Mozilla/5.0 (Windows NT 10.0; WOW64; Trident/7.0; rv:11.0) like Gecko" 
96.240.147.129 - - [17/Jan/2018:20:44:32 -0800] "GET /scada/scada_logs.zip HTTP/1.1" 200 364901 "http://www.secrepo.com/" "Mozilla/5.0 (Windows NT 10.0; WOW64; Trident/7.0; rv:11.0) like Gecko" 
27.34.18.37 - - [17/Jan/2018:20:50:45 -0800] "GET /wp-login.php HTTP/1.1" 404 295 "-" "Mozilla/5.0 (Windows NT 6.1; WOW64; rv:40.0) Gecko/20100101 Firefox/40.1" 
