93.35.186.43 - - [17/Jan/2018:13:35:48 -0800] "GET /GitHub-Mark.png HTTP/1.1" 200 7428 "http://www.secrepo.com/" "Mozilla/5.0 (Windows NT 10.0; Win64; x64) AppleWebKit/537.36 (KHTML, like Gecko) Chrome/63.0.3239.132 Safari/537.36" 
93.35.186.43 - - [17/Jan/2018:13:35:50 -0800] "GET /bootstrap/img/favicon.ico HTTP/1.1" 200 589 "http://www.secrepo.com/" "Mozilla/5.0 (Windows NT 10.0; Win64; x64) AppleWebKit/537.36 (KHTML, like Gecko) Chrome/63.0.3239.132 Safari/537.36" 
65.190.20.122 - - [17/Jan/2018:13:37:49 -0800] "GET / HTTP/1.1" 200 11061 "https://www.google.com/" "Mozilla/5.0 (Windows NT 10.0; Win64; x64) AppleWebKit/537.36 (KHTML, like Gecko) Chrome/63.0.3239.132 Safari/537.36" 
65.190.20.122 - - [17/Jan/2018:13:37:49 -0800] "GET /twitter-icon.png HTTP/1.1" 200 27787 "http://www.secrepo.com/" "Mozilla/5.0 (Windows NT 10.0; Win64; x64) AppleWebKit/537.36 (KHTML, like Gecko) Chrome/63.0.3239.132 Safari/537.36" 
65.190.20.122 - - [17/Jan/2018:13:37:49 -0800] "GET /GitHub-Mark.png HTTP/1.1" 200 7428 "http://www.secrepo.com/" "Mozilla/5.0 (Windows NT 10.0; Win64; x64) AppleWebKit/537.36 (KHTML, like Gecko) Chrome/63.0.3239.132 Safari/537.36" 
65.190.20.122 - - [17/Jan/2018:13:37:50 -0800] "GET /bootstrap/img/favicon.ico HTTP/1.1" 200 589 "http://www.secrepo.com/" "Mozilla/5.0 (Windows NT 10.0; Win64; x64) AppleWebKit/537.36 (KHTML, like Gecko) Chrome/63.0.3239.132 Safari/537.36" 
40.77.167.189 - - [17/Jan/2018:13:40:00 -0800] "GET /self.logs/access.log.2015-02-04.gz HTTP/1.1" 404 340 "-" "Mozilla/5.0 (compatible; bingbot/2.0; +http://www.bing.com/bingbot.htm)" 
51.255.71.113 - - [17/Jan/2018:13:40:31 -0800] "GET /self.logs/2016/access.log.2016-03-14.gz HTTP/1.1" 200 13524 "-" "Mozilla/5.0 (compatible; AhrefsBot/5.2; +http://ahrefs.com/robot/)" 
177.36.181.242 - - [17/Jan/2018:13:40:36 -0800] "GET /wp-login.php HTTP/1.1" 404 295 "-" "Mozilla/5.0 (Windows NT 6.1; WOW64; rv:40.0) Gecko/20100101 Firefox/40.1" 
177.36.181.242 - - [17/Jan/2018:13:40:41 -0800] "GET /wp-login.php HTTP/1.1" 404 295 "-" "Mozilla/5.0 (Windows NT 6.1; WOW64; rv:40.0) Gecko/20100101 Firefox/40.1" 
177.36.181.242 - - [17/Jan/2018:13:40:47 -0800] "GET / HTTP/1.1" 200 37415 "-" "Mozilla/5.0 (Windows NT 6.1; WOW64; rv:40.0) Gecko/20100101 Firefox/40.1" 
81.99.37.49 - - [17/Jan/2018:13:42:21 -0800] "GET / HTTP/1.1" 200 11061 "-" "Mozilla/5.0 (Windows NT 10.0; Win64; x64) AppleWebKit/537.36 (KHTML, like Gecko) Chrome/63.0.3239.132 Safari/537.36" 
81.99.37.49 - - [17/Jan/2018:13:42:22 -0800] "GET /twitter-icon.png HTTP/1.1" 200 27787 "http://www.secrepo.com/" "Mozilla/5.0 (Windows NT 10.0; Win64; x64) AppleWebKit/537.36 (KHTML, like Gecko) Chrome/63.0.3239.132 Safari/537.36" 
81.99.37.49 - - [17/Jan/2018:13:42:22 -0800] "GET /GitHub-Mark.png HTTP/1.1" 200 7428 "http://www.secrepo.com/" "Mozilla/5.0 (Windows NT 10.0; Win64; x64) AppleWebKit/537.36 (KHTML, like Gecko) Chrome/63.0.3239.132 Safari/537.36" 
81.99.37.49 - - [17/Jan/2018:13:42:22 -0800] "GET /bootstrap/img/favicon.ico HTTP/1.1" 200 589 "http://www.secrepo.com/" "Mozilla/5.0 (Windows NT 10.0; Win64; x64) AppleWebKit/537.36 (KHTML, like Gecko) Chrome/63.0.3239.132 Safari/537.36" 
54.36.148.134 - - [17/Jan/2018:13:44:25 -0800] "GET /self.logs/access.log.2017-11-27.gz HTTP/1.1" 200 23475 "-" "Mozilla/5.0 (compatible; AhrefsBot/5.2; +http://ahrefs.com/robot/)" 
54.36.149.44 - - [17/Jan/2018:13:48:34 -0800] "GET /self.logs/access.log.2018-01-01.gz HTTP/1.1" 200 25089 "-" "Mozilla/5.0 (compatible; AhrefsBot/5.2; +http://ahrefs.com/robot/)" 
176.88.3.80 - - [17/Jan/2018:13:48:54 -0800] "GET / HTTP/1.1" 200 11061 "http://vizsec.org/data/" "Mozilla/5.0 (Windows NT 10.0; Win64; x64) AppleWebKit/537.36 (KHTML, like Gecko) Chrome/63.0.3239.132 Safari/537.36" 
176.88.3.80 - - [17/Jan/2018:13:48:55 -0800] "GET /twitter-icon.png HTTP/1.1" 200 27787 "http://www.secrepo.com/" "Mozilla/5.0 (Windows NT 10.0; Win64; x64) AppleWebKit/537.36 (KHTML, like Gecko) Chrome/63.0.3239.132 Safari/537.36" 
176.88.3.80 - - [17/Jan/2018:13:48:55 -0800] "GET /GitHub-Mark.png HTTP/1.1" 200 7428 "http://www.secrepo.com/" "Mozilla/5.0 (Windows NT 10.0; Win64; x64) AppleWebKit/537.36 (KHTML, like Gecko) Chrome/63.0.3239.132 Safari/537.36" 
176.88.3.80 - - [17/Jan/2018:13:48:56 -0800] "GET /bootstrap/img/favicon.ico HTTP/1.1" 200 589 "http://www.secrepo.com/" "Mozilla/5.0 (Windows NT 10.0; Win64; x64) AppleWebKit/537.36 (KHTML, like Gecko) Chrome/63.0.3239.132 Safari/537.36" 
24.214.157.108 - - [17/Jan/2018:13:49:45 -0800] "GET / HTTP/1.1" 200 11061 "https://www.google.com/" "Mozilla/5.0 (Windows NT 10.0; Win64; x64) AppleWebKit/537.36 (KHTML, like Gecko) Chrome/63.0.3239.132 Safari/537.36" 
24.214.157.108 - - [17/Jan/2018:13:49:45 -0800] "GET /twitter-icon.png HTTP/1.1" 200 27787 "http://www.secrepo.com/" "Mozilla/5.0 (Windows NT 10.0; Win64; x64) AppleWebKit/537.36 (KHTML, like Gecko) Chrome/63.0.3239.132 Safari/537.36" 
24.214.157.108 - - [17/Jan/2018:13:49:45 -0800] "GET /GitHub-Mark.png HTTP/1.1" 200 7428 "http://www.secrepo.com/" "Mozilla/5.0 (Windows NT 10.0; Win64; x64) AppleWebKit/537.36 (KHTML, like Gecko) Chrome/63.0.3239.132 Safari/537.36" 
24.214.157.108 - - [17/Jan/2018:13:49:46 -0800] "GET /bootstrap/img/favicon.ico HTTP/1.1" 200 589 "http://www.secrepo.com/" "Mozilla/5.0 (Windows NT 10.0; Win64; x64) AppleWebKit/537.36 (KHTML, like Gecko) Chrome/63.0.3239.132 Safari/537.36" 
207.46.13.34 - - [17/Jan/2018:13:50:30 -0800] "GET /self.logs/error.log.2016-03-21.gz HTTP/1.1" 404 340 "-" "Mozilla/5.0 (compatible; bingbot/2.0; +http://www.bing.com/bingbot.htm)" 
69.171.225.156 - - [17/Jan/2018:13:50:53 -0800] "GET / HTTP/1.1" 206 11073 "-" "facebookexternalhit/1.1 (+http://www.facebook.com/externalhit_uatext.php)" 
66.220.152.2 - - [17/Jan/2018:13:50:56 -0800] "GET /twitter-icon.png HTTP/1.1" 200 27788 "-" "-" 
66.220.152.8 - - [17/Jan/2018:13:50:56 -0800] "GET /twitter-icon.png HTTP/1.1" 200 27788 "-" "-" 
66.220.152.2 - - [17/Jan/2018:13:50:56 -0800] "GET /twitter-icon.png HTTP/1.1" 200 27788 "-" "-" 
66.220.152.7 - - [17/Jan/2018:13:50:56 -0800] "GET /twitter-icon.png HTTP/1.1" 200 27788 "-" "-" 
66.220.152.3 - - [17/Jan/2018:13:50:56 -0800] "GET /twitter-icon.png HTTP/1.1" 200 27788 "-" "-" 
207.46.13.34 - - [17/Jan/2018:13:51:01 -0800] "GET /self.logs/error.log.2016-04-01.gz HTTP/1.1" 404 340 "-" "Mozilla/5.0 (compatible; bingbot/2.0; +http://www.bing.com/bingbot.htm)" 
54.36.148.242 - - [17/Jan/2018:13:51:53 -0800] "GET /self.logs/2015/access.log.2015-06-05.gz HTTP/1.1" 200 4046 "-" "Mozilla/5.0 (compatible; AhrefsBot/5.2; +http://ahrefs.com/robot/)" 
216.244.66.250 - - [17/Jan/2018:13:51:55 -0800] "GET /self.logs/ HTTP/1.1" 200 73309 "-" "Mozilla/5.0 (compatible; DotBot/1.1; http://www.opensiteexplorer.org/dotbot, help@moz.com)" 
162.249.177.145 - - [17/Jan/2018:13:54:14 -0800] "GET / HTTP/1.1" 200 11061 "https://l.facebook.com/" "Mozilla/5.0 (Macintosh; Intel Mac OS X 10_12_6) AppleWebKit/604.4.7 (KHTML, like Gecko) Version/11.0.2 Safari/604.4.7" 
162.249.177.145 - - [17/Jan/2018:13:54:14 -0800] "GET /twitter-icon.png HTTP/1.1" 200 27787 "http://www.secrepo.com/" "Mozilla/5.0 (Macintosh; Intel Mac OS X 10_12_6) AppleWebKit/604.4.7 (KHTML, like Gecko) Version/11.0.2 Safari/604.4.7" 
162.249.177.145 - - [17/Jan/2018:13:54:15 -0800] "GET /GitHub-Mark.png HTTP/1.1" 200 7428 "http://www.secrepo.com/" "Mozilla/5.0 (Macintosh; Intel Mac OS X 10_12_6) AppleWebKit/604.4.7 (KHTML, like Gecko) Version/11.0.2 Safari/604.4.7" 
162.249.177.145 - - [17/Jan/2018:13:54:22 -0800] "GET /bootstrap/img/favicon.ico HTTP/1.1" 200 590 "http://www.secrepo.com/" "Mozilla/5.0 (Macintosh; Intel Mac OS X 10_12_6) AppleWebKit/604.4.7 (KHTML, like Gecko) Version/11.0.2 Safari/604.4.7" 
54.36.148.116 - - [17/Jan/2018:13:54:27 -0800] "GET /self.logs/2016/access.log.2016-02-09.gz HTTP/1.1" 200 9346 "-" "Mozilla/5.0 (compatible; AhrefsBot/5.2; +http://ahrefs.com/robot/)" 
207.46.13.156 - - [17/Jan/2018:13:56:20 -0800] "GET /self.logs/error.log.2015-11-12.gz HTTP/1.1" 404 340 "-" "Mozilla/5.0 (compatible; bingbot/2.0; +http://www.bing.com/bingbot.htm)" 
14.139.82.6 - - [17/Jan/2018:13:58:34 -0800] "GET / HTTP/1.1" 200 11061 "http://opensourceforu.com/2016/09/deep-learning-network-packet-forensics-using-tensorflow/" "Mozilla/5.0 (X11; Linux x86_64; rv:52.0) Gecko/20100101 Firefox/52.0" 
14.139.82.6 - - [17/Jan/2018:13:58:35 -0800] "GET /bootstrap/img/favicon.ico HTTP/1.1" 200 590 "-" "Mozilla/5.0 (X11; Linux x86_64; rv:52.0) Gecko/20100101 Firefox/52.0" 
14.139.82.6 - - [17/Jan/2018:13:58:36 -0800] "GET /twitter-icon.png HTTP/1.1" 200 27787 "http://www.secrepo.com/" "Mozilla/5.0 (X11; Linux x86_64; rv:52.0) Gecko/20100101 Firefox/52.0" 
14.139.82.6 - - [17/Jan/2018:13:58:36 -0800] "GET /GitHub-Mark.png HTTP/1.1" 200 7427 "http://www.secrepo.com/" "Mozilla/5.0 (X11; Linux x86_64; rv:52.0) Gecko/20100101 Firefox/52.0" 
125.231.76.242 - - [17/Jan/2018:13:58:56 -0800] "GET /wp-login.php HTTP/1.1" 404 295 "-" "Mozilla/5.0 (Windows NT 6.1; WOW64; rv:40.0) Gecko/20100101 Firefox/40.1" 
125.231.76.242 - - [17/Jan/2018:13:59:02 -0800] "GET /wp-login.php HTTP/1.1" 404 295 "-" "Mozilla/5.0 (Windows NT 6.1; WOW64; rv:40.0) Gecko/20100101 Firefox/40.1" 
207.46.13.34 - - [17/Jan/2018:13:59:04 -0800] "GET /self.logs/access.log.2015-03-13.gz HTTP/1.1" 404 340 "-" "Mozilla/5.0 (compatible; bingbot/2.0; +http://www.bing.com/bingbot.htm)" 
125.231.76.242 - - [17/Jan/2018:13:59:07 -0800] "GET / HTTP/1.1" 200 37415 "-" "Mozilla/5.0 (Windows NT 6.1; WOW64; rv:40.0) Gecko/20100101 Firefox/40.1" 
196.64.68.170 - - [17/Jan/2018:13:59:28 -0800] "GET /wp-login.php HTTP/1.1" 404 295 "-" "Mozilla/5.0 (Windows NT 6.1; WOW64; rv:40.0) Gecko/20100101 Firefox/40.1" 
196.64.68.170 - - [17/Jan/2018:13:59:33 -0800] "GET /wp-login.php HTTP/1.1" 404 295 "-" "Mozilla/5.0 (Windows NT 6.1; WOW64; rv:40.0) Gecko/20100101 Firefox/40.1" 
196.64.68.170 - - [17/Jan/2018:13:59:39 -0800] "GET / HTTP/1.1" 200 37415 "-" "Mozilla/5.0 (Windows NT 6.1; WOW64; rv:40.0) Gecko/20100101 Firefox/40.1" 
207.46.13.156 - - [17/Jan/2018:14:01:23 -0800] "GET /self.logs/error.log.2016-11-23.gz HTTP/1.1" 404 340 "-" "Mozilla/5.0 (compatible; bingbot/2.0; +http://www.bing.com/bingbot.htm)" 
40.77.167.107 - - [17/Jan/2018:14:01:57 -0800] "GET /self.logs/error.log.2015-02-19.gz HTTP/1.1" 404 340 "-" "Mozilla/5.0 (compatible; bingbot/2.0; +http://www.bing.com/bingbot.htm)" 
125.231.76.242 - - [17/Jan/2018:14:04:26 -0800] "GET /wp-login.php HTTP/1.1" 301 522 "-" "Mozilla/5.0 (Windows NT 6.1; WOW64; rv:40.0) Gecko/20100101 Firefox/40.1" 
125.231.76.242 - - [17/Jan/2018:14:04:27 -0800] "GET /wp-login.php HTTP/1.1" 404 295 "-" "Mozilla/5.0 (Windows NT 6.1; WOW64; rv:40.0) Gecko/20100101 Firefox/40.1" 
125.231.76.242 - - [17/Jan/2018:14:04:32 -0800] "GET /wp-login.php HTTP/1.1" 301 522 "-" "Mozilla/5.0 (Windows NT 6.1; WOW64; rv:40.0) Gecko/20100101 Firefox/40.1" 
125.231.76.242 - - [17/Jan/2018:14:04:33 -0800] "GET /wp-login.php HTTP/1.1" 404 295 "-" "Mozilla/5.0 (Windows NT 6.1; WOW64; rv:40.0) Gecko/20100101 Firefox/40.1" 
207.46.13.156 - - [17/Jan/2018:14:04:35 -0800] "GET /self.logs/error.log.2015-09-30.gz HTTP/1.1" 404 340 "-" "Mozilla/5.0 (compatible; bingbot/2.0; +http://www.bing.com/bingbot.htm)" 
125.231.76.242 - - [17/Jan/2018:14:04:39 -0800] "GET / HTTP/1.1" 301 498 "-" "Mozilla/5.0 (Windows NT 6.1; WOW64; rv:40.0) Gecko/20100101 Firefox/40.1" 
125.231.76.242 - - [17/Jan/2018:14:04:39 -0800] "GET / HTTP/1.1" 200 37415 "-" "Mozilla/5.0 (Windows NT 6.1; WOW64; rv:40.0) Gecko/20100101 Firefox/40.1" 
54.36.149.87 - - [17/Jan/2018:14:05:03 -0800] "GET /self.logs/2015/access.log.2015-02-17.gz HTTP/1.1" 200 11219 "-" "Mozilla/5.0 (compatible; AhrefsBot/5.2; +http://ahrefs.com/robot/)" 
120.221.0.34 - - [17/Jan/2018:14:06:28 -0800] "GET /honeypot/Honeypot%20-%20Howto.pdf HTTP/1.1" 304 131 "-" "Mozilla/5.0 Gecko/20100115 Firefox/3.6" 
51.255.71.129 - - [17/Jan/2018:14:10:19 -0800] "GET /self.logs/access.log.2018-01-06.gz HTTP/1.1" 200 36962 "-" "Mozilla/5.0 (compatible; AhrefsBot/5.2; +http://ahrefs.com/robot/)" 
216.244.66.227 - - [17/Jan/2018:14:11:39 -0800] "GET /robots.txt HTTP/1.1" 200 233 "-" "Mozilla/5.0 (compatible; DotBot/1.1; http://www.opensiteexplorer.org/dotbot, help@moz.com)" 
120.221.1.28 - - [17/Jan/2018:14:13:28 -0800] "GET /maccdc2012/files.log.gz HTTP/1.1" 304 155 "-" "Mozilla/5.0 Gecko/20100115 Firefox/3.6" 
40.77.167.189 - - [17/Jan/2018:14:15:25 -0800] "GET /self.logs/access.log.2017-03-03.gz HTTP/1.1" 301 546 "-" "Mozilla/5.0 (compatible; bingbot/2.0; +http://www.bing.com/bingbot.htm)" 
207.46.13.34 - - [17/Jan/2018:14:18:20 -0800] "GET /self.logs/error.log.2015-10-09.gz HTTP/1.1" 404 340 "-" "Mozilla/5.0 (compatible; bingbot/2.0; +http://www.bing.com/bingbot.htm)" 
100.43.85.128 - - [17/Jan/2018:14:22:04 -0800] "GET /robots.txt HTTP/1.1" 200 289 "-" "Mozilla/5.0 (compatible; YandexBot/3.0; +http://yandex.com/bots)" 
100.43.85.128 - - [17/Jan/2018:14:22:08 -0800] "GET /favicon.ico HTTP/1.1" 200 268 "-" "Mozilla/5.0 (compatible; YandexBot/3.0; +http://yandex.com/bots)" 
40.77.167.189 - - [17/Jan/2018:14:23:03 -0800] "GET /self.logs/access.log.2015-04-28.gz HTTP/1.1" 404 340 "-" "Mozilla/5.0 (compatible; bingbot/2.0; +http://www.bing.com/bingbot.htm)" 
78.190.156.157 - - [17/Jan/2018:14:23:36 -0800] "GET /wp-login.php HTTP/1.1" 404 295 "-" "Mozilla/5.0 (Windows NT 6.1; WOW64; rv:40.0) Gecko/20100101 Firefox/40.1" 
78.190.156.157 - - [17/Jan/2018:14:23:41 -0800] "GET /wp-login.php HTTP/1.1" 404 295 "-" "Mozilla/5.0 (Windows NT 6.1; WOW64; rv:40.0) Gecko/20100101 Firefox/40.1" 
78.190.156.157 - - [17/Jan/2018:14:23:46 -0800] "GET / HTTP/1.1" 200 37415 "-" "Mozilla/5.0 (Windows NT 6.1; WOW64; rv:40.0) Gecko/20100101 Firefox/40.1" 
210.10.209.150 - - [17/Jan/2018:14:25:21 -0800] "GET / HTTP/1.1" 200 11061 "https://www.google.com.au/" "Mozilla/5.0 (Macintosh; Intel Mac OS X 10_13_2) AppleWebKit/604.4.7 (KHTML, like Gecko) Version/11.0.2 Safari/604.4.7" 
210.10.209.150 - - [17/Jan/2018:14:25:22 -0800] "GET /twitter-icon.png HTTP/1.1" 200 27787 "http://www.secrepo.com/" "Mozilla/5.0 (Macintosh; Intel Mac OS X 10_13_2) AppleWebKit/604.4.7 (KHTML, like Gecko) Version/11.0.2 Safari/604.4.7" 
210.10.209.150 - - [17/Jan/2018:14:25:22 -0800] "GET /GitHub-Mark.png HTTP/1.1" 200 7428 "http://www.secrepo.com/" "Mozilla/5.0 (Macintosh; Intel Mac OS X 10_13_2) AppleWebKit/604.4.7 (KHTML, like Gecko) Version/11.0.2 Safari/604.4.7" 
210.10.209.150 - - [17/Jan/2018:14:25:25 -0800] "GET /bootstrap/img/favicon.ico HTTP/1.1" 200 590 "http://www.secrepo.com/" "Mozilla/5.0 (Macintosh; Intel Mac OS X 10_13_2) AppleWebKit/604.4.7 (KHTML, like Gecko) Version/11.0.2 Safari/604.4.7" 
40.77.167.189 - - [17/Jan/2018:14:26:39 -0800] "GET /self.logs/access.log.2016-08-02.gz HTTP/1.1" 404 340 "-" "Mozilla/5.0 (compatible; bingbot/2.0; +http://www.bing.com/bingbot.htm)" 
52.205.178.235 - - [17/Jan/2018:14:26:46 -0800] "GET / HTTP/1.1" 200 37359 "-" "Mozilla/4.0 (compatible; MSIE 8.0; Windows NT 5.1; Trident/4.0)" 
216.244.66.227 - - [17/Jan/2018:14:28:14 -0800] "GET /self.logs/error.log.2018-01-10.gz HTTP/1.1" 200 2128 "-" "Mozilla/5.0 (compatible; DotBot/1.1; http://www.opensiteexplorer.org/dotbot, help@moz.com)" 
54.36.148.172 - - [17/Jan/2018:14:29:55 -0800] "GET /self.logs/2016/access.log.2016-01-04.gz HTTP/1.1" 200 10217 "-" "Mozilla/5.0 (compatible; AhrefsBot/5.2; +http://ahrefs.com/robot/)" 
157.55.39.187 - - [17/Jan/2018:14:32:22 -0800] "GET /self.logs/error.log.2016-09-27.gz HTTP/1.1" 404 340 "-" "Mozilla/5.0 (compatible; bingbot/2.0; +http://www.bing.com/bingbot.htm)" 
93.38.67.151 - - [17/Jan/2018:14:33:10 -0800] "GET / HTTP/1.1" 200 11061 "-" "Mozilla/5.0 (Windows NT 10.0; Win64; x64; rv:57.0) Gecko/20100101 Firefox/57.0" 
93.38.67.151 - - [17/Jan/2018:14:33:10 -0800] "GET /twitter-icon.png HTTP/1.1" 200 27787 "http://www.secrepo.com/" "Mozilla/5.0 (Windows NT 10.0; Win64; x64; rv:57.0) Gecko/20100101 Firefox/57.0" 
93.38.67.151 - - [17/Jan/2018:14:33:10 -0800] "GET /GitHub-Mark.png HTTP/1.1" 200 7427 "http://www.secrepo.com/" "Mozilla/5.0 (Windows NT 10.0; Win64; x64; rv:57.0) Gecko/20100101 Firefox/57.0" 
93.38.67.151 - - [17/Jan/2018:14:33:10 -0800] "GET /bootstrap/img/favicon.ico HTTP/1.1" 200 590 "-" "Mozilla/5.0 (Windows NT 10.0; Win64; x64; rv:57.0) Gecko/20100101 Firefox/57.0" 
157.55.39.188 - - [17/Jan/2018:14:33:11 -0800] "GET /self.logs/error.log.2016-08-09.gz HTTP/1.1" 404 340 "-" "Mozilla/5.0 (compatible; bingbot/2.0; +http://www.bing.com/bingbot.htm)" 
157.55.39.187 - - [17/Jan/2018:14:33:47 -0800] "GET /self.logs/access.log.2016-11-20.gz HTTP/1.1" 404 340 "-" "Mozilla/5.0 (compatible; bingbot/2.0; +http://www.bing.com/bingbot.htm)" 
93.38.67.151 - - [17/Jan/2018:14:33:49 -0800] "GET /self.logs/ HTTP/1.1" 200 7807 "http://www.secrepo.com/" "Mozilla/5.0 (Windows NT 10.0; Win64; x64; rv:57.0) Gecko/20100101 Firefox/57.0" 
93.38.67.151 - - [17/Jan/2018:14:33:50 -0800] "GET /favicon.ico HTTP/1.1" 200 267 "-" "Mozilla/5.0 (Windows NT 10.0; Win64; x64; rv:57.0) Gecko/20100101 Firefox/57.0" 
93.38.67.151 - - [17/Jan/2018:14:35:34 -0800] "GET /self.logs/access.log.2017-01-01.gz HTTP/1.1" 200 17655 "http://www.secrepo.com/self.logs/" "Mozilla/5.0 (Windows NT 10.0; Win64; x64; rv:57.0) Gecko/20100101 Firefox/57.0" 
157.55.39.190 - - [17/Jan/2018:14:35:50 -0800] "GET /self.logs/access.log.2017-02-11.gz HTTP/1.1" 200 35661 "-" "Mozilla/5.0 (compatible; bingbot/2.0; +http://www.bing.com/bingbot.htm)" 
157.55.39.187 - - [17/Jan/2018:14:36:53 -0800] "GET /self.logs/access.log.2016-02-02.gz HTTP/1.1" 404 340 "-" "Mozilla/5.0 (compatible; bingbot/2.0; +http://www.bing.com/bingbot.htm)" 
212.83.165.202 - - [17/Jan/2018:14:37:09 -0800] "GET /rep.php HTTP/1.1" 301 456 "-" "Mozilla/5.0 (Windows NT 6.1; Win64; x64) AppleWebKit/537.36 (KHTML, like Gecko) Chrome/60.0.3112.113 Safari/537.36" 
212.83.165.202 - - [17/Jan/2018:14:37:09 -0800] "GET /rep.php HTTP/1.1" 404 239 "-" "Mozilla/5.0 (Windows NT 6.1; Win64; x64) AppleWebKit/537.36 (KHTML, like Gecko) Chrome/60.0.3112.113 Safari/537.36" 
212.83.165.202 - - [17/Jan/2018:14:37:10 -0800] "GET /replace.php HTTP/1.1" 301 464 "-" "Mozilla/5.0 (Windows NT 6.1; Win64; x64) AppleWebKit/537.36 (KHTML, like Gecko) Chrome/60.0.3112.113 Safari/537.36" 
212.83.165.202 - - [17/Jan/2018:14:37:10 -0800] "GET /replace.php HTTP/1.1" 404 239 "-" "Mozilla/5.0 (Windows NT 6.1; Win64; x64) AppleWebKit/537.36 (KHTML, like Gecko) Chrome/60.0.3112.113 Safari/537.36" 
80.116.61.136 - - [17/Jan/2018:14:42:16 -0800] "GET / HTTP/1.1" 200 11061 "-" "Mozilla/5.0 (X11; Ubuntu; Linux x86_64; rv:57.0) Gecko/20100101 Firefox/57.0" 
80.116.61.136 - - [17/Jan/2018:14:42:17 -0800] "GET /twitter-icon.png HTTP/1.1" 200 27787 "http://www.secrepo.com/" "Mozilla/5.0 (X11; Ubuntu; Linux x86_64; rv:57.0) Gecko/20100101 Firefox/57.0" 
80.116.61.136 - - [17/Jan/2018:14:42:17 -0800] "GET /GitHub-Mark.png HTTP/1.1" 200 7428 "http://www.secrepo.com/" "Mozilla/5.0 (X11; Ubuntu; Linux x86_64; rv:57.0) Gecko/20100101 Firefox/57.0" 
157.55.39.188 - - [17/Jan/2018:14:43:49 -0800] "GET /self.logs/error.log.2016-12-04.gz HTTP/1.1" 404 340 "-" "Mozilla/5.0 (compatible; bingbot/2.0; +http://www.bing.com/bingbot.htm)" 
157.55.39.190 - - [17/Jan/2018:14:44:58 -0800] "GET /self.logs/error.log.2016-02-07.gz HTTP/1.1" 404 340 "-" "Mozilla/5.0 (compatible; bingbot/2.0; +http://www.bing.com/bingbot.htm)" 
209.146.213.178 - - [17/Jan/2018:14:46:36 -0800] "GET /bootstrap/img/favicon.ico HTTP/1.1" 200 590 "-" "Mozilla/5.0 (Windows NT 10.0; Win64; x64; rv:57.0) Gecko/20100101 Firefox/57.0" 
157.55.39.189 - - [17/Jan/2018:14:48:02 -0800] "GET /self.logs/access.log.2016-10-15.gz HTTP/1.1" 404 340 "-" "Mozilla/5.0 (compatible; bingbot/2.0; +http://www.bing.com/bingbot.htm)" 
157.55.39.189 - - [17/Jan/2018:14:50:10 -0800] "GET /self.logs/error.log.2016-05-18.gz HTTP/1.1" 404 340 "-" "Mozilla/5.0 (compatible; bingbot/2.0; +http://www.bing.com/bingbot.htm)" 
157.55.39.188 - - [17/Jan/2018:14:51:35 -0800] "GET /self.logs/access.log.2016-01-31.gz HTTP/1.1" 404 340 "-" "Mozilla/5.0 (compatible; bingbot/2.0; +http://www.bing.com/bingbot.htm)" 
133.204.70.96 - - [17/Jan/2018:14:51:38 -0800] "GET /wp-login.php HTTP/1.1" 404 295 "-" "Mozilla/5.0 (Windows NT 6.1; WOW64; rv:40.0) Gecko/20100101 Firefox/40.1" 
133.204.70.96 - - [17/Jan/2018:14:51:44 -0800] "GET /wp-login.php HTTP/1.1" 404 295 "-" "Mozilla/5.0 (Windows NT 6.1; WOW64; rv:40.0) Gecko/20100101 Firefox/40.1" 
133.204.70.96 - - [17/Jan/2018:14:51:49 -0800] "GET / HTTP/1.1" 200 37415 "-" "Mozilla/5.0 (Windows NT 6.1; WOW64; rv:40.0) Gecko/20100101 Firefox/40.1" 
133.204.70.96 - - [17/Jan/2018:14:51:54 -0800] "GET /wp-login.php HTTP/1.1" 301 522 "-" "Mozilla/5.0 (Windows NT 6.1; WOW64; rv:40.0) Gecko/20100101 Firefox/40.1" 
133.204.70.96 - - [17/Jan/2018:14:51:54 -0800] "GET /wp-login.php HTTP/1.1" 404 295 "-" "Mozilla/5.0 (Windows NT 6.1; WOW64; rv:40.0) Gecko/20100101 Firefox/40.1" 
133.204.70.96 - - [17/Jan/2018:14:51:59 -0800] "GET /wp-login.php HTTP/1.1" 301 522 "-" "Mozilla/5.0 (Windows NT 6.1; WOW64; rv:40.0) Gecko/20100101 Firefox/40.1" 
133.204.70.96 - - [17/Jan/2018:14:52:00 -0800] "GET /wp-login.php HTTP/1.1" 404 295 "-" "Mozilla/5.0 (Windows NT 6.1; WOW64; rv:40.0) Gecko/20100101 Firefox/40.1" 
133.204.70.96 - - [17/Jan/2018:14:52:05 -0800] "GET / HTTP/1.1" 301 498 "-" "Mozilla/5.0 (Windows NT 6.1; WOW64; rv:40.0) Gecko/20100101 Firefox/40.1" 
133.204.70.96 - - [17/Jan/2018:14:52:05 -0800] "GET / HTTP/1.1" 200 37415 "-" "Mozilla/5.0 (Windows NT 6.1; WOW64; rv:40.0) Gecko/20100101 Firefox/40.1" 
157.55.39.188 - - [17/Jan/2018:14:55:03 -0800] "GET /self.logs/access.log.2016-05-26.gz HTTP/1.1" 404 340 "-" "Mozilla/5.0 (compatible; bingbot/2.0; +http://www.bing.com/bingbot.htm)" 
197.219.82.133 - - [17/Jan/2018:14:56:46 -0800] "GET /wp-login.php HTTP/1.1" 404 295 "-" "Mozilla/5.0 (Windows NT 6.1; WOW64; rv:40.0) Gecko/20100101 Firefox/40.1" 
197.219.82.133 - - [17/Jan/2018:14:56:52 -0800] "GET /wp-login.php HTTP/1.1" 404 295 "-" "Mozilla/5.0 (Windows NT 6.1; WOW64; rv:40.0) Gecko/20100101 Firefox/40.1" 
197.219.82.133 - - [17/Jan/2018:14:56:58 -0800] "GET / HTTP/1.1" 200 37415 "-" "Mozilla/5.0 (Windows NT 6.1; WOW64; rv:40.0) Gecko/20100101 Firefox/40.1" 
157.55.39.188 - - [17/Jan/2018:14:57:17 -0800] "GET /self.logs/error.log.2015-03-25.gz HTTP/1.1" 404 340 "-" "Mozilla/5.0 (compatible; bingbot/2.0; +http://www.bing.com/bingbot.htm)" 
118.100.165.110 - - [17/Jan/2018:15:01:40 -0800] "GET /wp-login.php HTTP/1.1" 404 295 "-" "Mozilla/5.0 (Windows NT 6.1; WOW64; rv:40.0) Gecko/20100101 Firefox/40.1" 
118.100.165.110 - - [17/Jan/2018:15:01:47 -0800] "GET /wp-login.php HTTP/1.1" 404 295 "-" "Mozilla/5.0 (Windows NT 6.1; WOW64; rv:40.0) Gecko/20100101 Firefox/40.1" 
118.100.165.110 - - [17/Jan/2018:15:01:54 -0800] "GET / HTTP/1.1" 200 37415 "-" "Mozilla/5.0 (Windows NT 6.1; WOW64; rv:40.0) Gecko/20100101 Firefox/40.1" 
157.55.39.187 - - [17/Jan/2018:15:06:03 -0800] "GET /self.logs/access.log.2017-04-13.gz HTTP/1.1" 200 23163 "-" "Mozilla/5.0 (compatible; bingbot/2.0; +http://www.bing.com/bingbot.htm)" 
54.36.149.58 - - [17/Jan/2018:15:06:33 -0800] "GET /self.logs/2016/error.log.2016-07-13.gz HTTP/1.1" 200 589 "-" "Mozilla/5.0 (compatible; AhrefsBot/5.2; +http://ahrefs.com/robot/)" 
54.36.148.127 - - [17/Jan/2018:15:08:53 -0800] "GET /self.logs/2015/access.log.2015-11-19.gz HTTP/1.1" 200 11861 "-" "Mozilla/5.0 (compatible; AhrefsBot/5.2; +http://ahrefs.com/robot/)" 
157.55.39.189 - - [17/Jan/2018:15:09:34 -0800] "GET /self.logs/error.log.2015-11-22.gz HTTP/1.1" 404 340 "-" "Mozilla/5.0 (compatible; bingbot/2.0; +http://www.bing.com/bingbot.htm)" 
157.55.39.189 - - [17/Jan/2018:15:10:23 -0800] "GET /self.logs/error.log.2015-04-04.gz HTTP/1.1" 404 340 "-" "Mozilla/5.0 (compatible; bingbot/2.0; +http://www.bing.com/bingbot.htm)" 
54.36.148.119 - - [17/Jan/2018:15:10:49 -0800] "GET /self.logs/2016/error.log.2016-03-14.gz HTTP/1.1" 200 883 "-" "Mozilla/5.0 (compatible; AhrefsBot/5.2; +http://ahrefs.com/robot/)" 
118.100.165.110 - - [17/Jan/2018:15:10:54 -0800] "GET /wp-login.php HTTP/1.1" 301 522 "-" "Mozilla/5.0 (Windows NT 6.1; WOW64; rv:40.0) Gecko/20100101 Firefox/40.1" 
118.100.165.110 - - [17/Jan/2018:15:10:56 -0800] "GET /wp-login.php HTTP/1.1" 404 295 "-" "Mozilla/5.0 (Windows NT 6.1; WOW64; rv:40.0) Gecko/20100101 Firefox/40.1" 
118.100.165.110 - - [17/Jan/2018:15:11:03 -0800] "GET /wp-login.php HTTP/1.1" 301 522 "-" "Mozilla/5.0 (Windows NT 6.1; WOW64; rv:40.0) Gecko/20100101 Firefox/40.1" 
118.100.165.110 - - [17/Jan/2018:15:11:04 -0800] "GET /wp-login.php HTTP/1.1" 404 295 "-" "Mozilla/5.0 (Windows NT 6.1; WOW64; rv:40.0) Gecko/20100101 Firefox/40.1" 
118.100.165.110 - - [17/Jan/2018:15:11:09 -0800] "GET / HTTP/1.1" 301 498 "-" "Mozilla/5.0 (Windows NT 6.1; WOW64; rv:40.0) Gecko/20100101 Firefox/40.1" 
118.100.165.110 - - [17/Jan/2018:15:11:10 -0800] "GET / HTTP/1.1" 200 37415 "-" "Mozilla/5.0 (Windows NT 6.1; WOW64; rv:40.0) Gecko/20100101 Firefox/40.1" 
157.55.39.187 - - [17/Jan/2018:15:11:35 -0800] "GET /self.logs/access.log.2016-11-08.gz HTTP/1.1" 404 340 "-" "Mozilla/5.0 (compatible; bingbot/2.0; +http://www.bing.com/bingbot.htm)" 
54.36.148.25 - - [17/Jan/2018:15:11:48 -0800] "GET /self.logs/2016/access.log.2016-01-08.gz HTTP/1.1" 200 7381 "-" "Mozilla/5.0 (compatible; AhrefsBot/5.2; +http://ahrefs.com/robot/)" 
54.36.148.169 - - [17/Jan/2018:15:13:19 -0800] "GET /self.logs/access.log.2016-06-25.gz HTTP/1.1" 404 284 "-" "Mozilla/5.0 (compatible; AhrefsBot/5.2; +http://ahrefs.com/robot/)" 
157.55.39.189 - - [17/Jan/2018:15:14:39 -0800] "GET /self.logs/error.log.2016-01-15.gz HTTP/1.1" 404 340 "-" "Mozilla/5.0 (compatible; bingbot/2.0; +http://www.bing.com/bingbot.htm)" 
157.55.39.188 - - [17/Jan/2018:15:15:24 -0800] "GET /self.logs/access.log.2015-11-29.gz HTTP/1.1" 404 340 "-" "Mozilla/5.0 (compatible; bingbot/2.0; +http://www.bing.com/bingbot.htm)" 
157.55.39.188 - - [17/Jan/2018:15:17:15 -0800] "GET /self.logs/access.log.2017-01-16.gz HTTP/1.1" 200 42858 "-" "Mozilla/5.0 (compatible; bingbot/2.0; +http://www.bing.com/bingbot.htm)" 
157.55.39.187 - - [17/Jan/2018:15:19:06 -0800] "GET /self.logs/error.log.2016-10-26.gz HTTP/1.1" 404 340 "-" "Mozilla/5.0 (compatible; bingbot/2.0; +http://www.bing.com/bingbot.htm)" 
157.55.39.188 - - [17/Jan/2018:15:23:07 -0800] "GET /self.logs/access.log.2016-12-28.gz HTTP/1.1" 404 340 "-" "Mozilla/5.0 (compatible; bingbot/2.0; +http://www.bing.com/bingbot.htm)" 
216.244.66.227 - - [17/Jan/2018:15:25:06 -0800] "GET /robots.txt HTTP/1.1" 200 233 "-" "Mozilla/5.0 (compatible; DotBot/1.1; http://www.opensiteexplorer.org/dotbot, help@moz.com)" 
157.55.39.187 - - [17/Jan/2018:15:26:37 -0800] "GET /self.logs/access.log.2015-10-13.gz HTTP/1.1" 404 340 "-" "Mozilla/5.0 (compatible; bingbot/2.0; +http://www.bing.com/bingbot.htm)" 
54.36.148.149 - - [17/Jan/2018:15:26:43 -0800] "GET /self.logs/access.log.2017-04-24.gz HTTP/1.1" 200 17119 "-" "Mozilla/5.0 (compatible; AhrefsBot/5.2; +http://ahrefs.com/robot/)" 
157.55.39.189 - - [17/Jan/2018:15:27:42 -0800] "GET /self.logs/error.log.2016-08-01.gz HTTP/1.1" 404 340 "-" "Mozilla/5.0 (compatible; bingbot/2.0; +http://www.bing.com/bingbot.htm)" 
51.255.71.122 - - [17/Jan/2018:15:29:37 -0800] "GET /self.logs/2015/access.log.2015-12-22.gz HTTP/1.1" 200 6204 "-" "Mozilla/5.0 (compatible; AhrefsBot/5.2; +http://ahrefs.com/robot/)" 
157.55.39.190 - - [17/Jan/2018:15:31:08 -0800] "GET /self.logs/error.log.2015-02-25.gz HTTP/1.1" 404 340 "-" "Mozilla/5.0 (compatible; bingbot/2.0; +http://www.bing.com/bingbot.htm)" 
157.55.39.188 - - [17/Jan/2018:15:32:23 -0800] "GET /self.logs/error.log.2017-03-20.gz HTTP/1.1" 200 774 "-" "Mozilla/5.0 (compatible; bingbot/2.0; +http://www.bing.com/bingbot.htm)" 
46.163.62.192 - - [17/Jan/2018:15:33:39 -0800] "GET /wp-login.php HTTP/1.1" 404 295 "-" "Mozilla/5.0 (Windows NT 6.1; WOW64; rv:40.0) Gecko/20100101 Firefox/40.1" 
46.163.62.192 - - [17/Jan/2018:15:33:45 -0800] "GET /wp-login.php HTTP/1.1" 404 295 "-" "Mozilla/5.0 (Windows NT 6.1; WOW64; rv:40.0) Gecko/20100101 Firefox/40.1" 
46.163.62.192 - - [17/Jan/2018:15:33:50 -0800] "GET / HTTP/1.1" 200 37415 "-" "Mozilla/5.0 (Windows NT 6.1; WOW64; rv:40.0) Gecko/20100101 Firefox/40.1" 
157.55.39.190 - - [17/Jan/2018:15:35:25 -0800] "GET /self.logs/access.log.2015-12-08.gz HTTP/1.1" 404 340 "-" "Mozilla/5.0 (compatible; bingbot/2.0; +http://www.bing.com/bingbot.htm)" 
216.244.66.227 - - [17/Jan/2018:15:35:29 -0800] "GET /self.logs/error.log.2018-01-09.gz HTTP/1.1" 200 2025 "-" "Mozilla/5.0 (compatible; DotBot/1.1; http://www.opensiteexplorer.org/dotbot, help@moz.com)" 
206.29.176.53 - - [17/Jan/2018:15:36:04 -0800] "GET / HTTP/1.1" 200 11061 "http://www.secrepo.com/" "Mozilla/5.0 (Macintosh; Intel Mac OS X 10_13_2) AppleWebKit/537.36 (KHTML, like Gecko) Chrome/63.0.3239.132 Safari/537.36" 
157.55.39.187 - - [17/Jan/2018:15:36:50 -0800] "GET /self.logs/access.log.2017-03-20.gz HTTP/1.1" 200 16090 "-" "Mozilla/5.0 (compatible; bingbot/2.0; +http://www.bing.com/bingbot.htm)" 
157.55.39.189 - - [17/Jan/2018:15:37:03 -0800] "GET /self.logs/error.log.2016-01-06.gz HTTP/1.1" 404 340 "-" "Mozilla/5.0 (compatible; bingbot/2.0; +http://www.bing.com/bingbot.htm)" 
138.77.216.130 - - [17/Jan/2018:15:38:13 -0800] "GET / HTTP/1.1" 200 11061 "https://www.google.com.au/" "Mozilla/5.0 (Windows NT 10.0; Win64; x64) AppleWebKit/537.36 (KHTML, like Gecko) Chrome/63.0.3239.132 Safari/537.36" 
138.77.216.130 - - [17/Jan/2018:15:38:15 -0800] "GET /twitter-icon.png HTTP/1.1" 200 27787 "http://www.secrepo.com/" "Mozilla/5.0 (Windows NT 10.0; Win64; x64) AppleWebKit/537.36 (KHTML, like Gecko) Chrome/63.0.3239.132 Safari/537.36" 
138.77.216.130 - - [17/Jan/2018:15:38:15 -0800] "GET /GitHub-Mark.png HTTP/1.1" 200 7428 "http://www.secrepo.com/" "Mozilla/5.0 (Windows NT 10.0; Win64; x64) AppleWebKit/537.36 (KHTML, like Gecko) Chrome/63.0.3239.132 Safari/537.36" 
138.77.216.130 - - [17/Jan/2018:15:38:16 -0800] "GET /bootstrap/img/favicon.ico HTTP/1.1" 200 589 "http://www.secrepo.com/" "Mozilla/5.0 (Windows NT 10.0; Win64; x64) AppleWebKit/537.36 (KHTML, like Gecko) Chrome/63.0.3239.132 Safari/537.36" 
54.36.148.45 - - [17/Jan/2018:15:39:32 -0800] "GET /self.logs/2016/access.log.2016-04-24.gz HTTP/1.1" 200 7779 "-" "Mozilla/5.0 (compatible; AhrefsBot/5.2; +http://ahrefs.com/robot/)" 
46.163.62.192 - - [17/Jan/2018:15:40:02 -0800] "GET /wp-login.php HTTP/1.1" 301 522 "-" "Mozilla/5.0 (Windows NT 6.1; WOW64; rv:40.0) Gecko/20100101 Firefox/40.1" 
46.163.62.192 - - [17/Jan/2018:15:40:03 -0800] "GET /wp-login.php HTTP/1.1" 404 295 "-" "Mozilla/5.0 (Windows NT 6.1; WOW64; rv:40.0) Gecko/20100101 Firefox/40.1" 
46.163.62.192 - - [17/Jan/2018:15:40:08 -0800] "GET /wp-login.php HTTP/1.1" 301 522 "-" "Mozilla/5.0 (Windows NT 6.1; WOW64; rv:40.0) Gecko/20100101 Firefox/40.1" 
46.163.62.192 - - [17/Jan/2018:15:40:08 -0800] "GET /wp-login.php HTTP/1.1" 404 295 "-" "Mozilla/5.0 (Windows NT 6.1; WOW64; rv:40.0) Gecko/20100101 Firefox/40.1" 
46.163.62.192 - - [17/Jan/2018:15:40:13 -0800] "GET / HTTP/1.1" 301 498 "-" "Mozilla/5.0 (Windows NT 6.1; WOW64; rv:40.0) Gecko/20100101 Firefox/40.1" 
46.163.62.192 - - [17/Jan/2018:15:40:14 -0800] "GET / HTTP/1.1" 200 37415 "-" "Mozilla/5.0 (Windows NT 6.1; WOW64; rv:40.0) Gecko/20100101 Firefox/40.1" 
157.55.39.189 - - [17/Jan/2018:15:42:39 -0800] "GET /self.logs/error.log.2015-09-21.gz HTTP/1.1" 404 340 "-" "Mozilla/5.0 (compatible; bingbot/2.0; +http://www.bing.com/bingbot.htm)" 
54.36.149.33 - - [17/Jan/2018:15:43:01 -0800] "GET /self.logs/2015/error.log.2015-12-21.gz HTTP/1.1" 200 1905 "-" "Mozilla/5.0 (compatible; AhrefsBot/5.2; +http://ahrefs.com/robot/)" 
172.73.79.230 - - [17/Jan/2018:15:43:44 -0800] "GET / HTTP/1.1" 200 11061 "-" "Mozilla/5.0 (Windows NT 6.3; WOW64; Trident/7.0; Touch; rv:11.0) like Gecko" 
172.73.79.230 - - [17/Jan/2018:15:43:44 -0800] "GET /twitter-icon.png HTTP/1.1" 200 27787 "http://www.secrepo.com/" "Mozilla/5.0 (Windows NT 6.3; WOW64; Trident/7.0; Touch; rv:11.0) like Gecko" 
172.73.79.230 - - [17/Jan/2018:15:43:44 -0800] "GET /GitHub-Mark.png HTTP/1.1" 200 7428 "http://www.secrepo.com/" "Mozilla/5.0 (Windows NT 6.3; WOW64; Trident/7.0; Touch; rv:11.0) like Gecko" 
157.55.39.187 - - [17/Jan/2018:15:44:52 -0800] "GET /self.logs/error.log.2016-09-01.gz HTTP/1.1" 404 340 "-" "Mozilla/5.0 (compatible; bingbot/2.0; +http://www.bing.com/bingbot.htm)" 
157.55.39.187 - - [17/Jan/2018:15:46:07 -0800] "GET /self.logs/error.log.2015-02-18.gz HTTP/1.1" 404 340 "-" "Mozilla/5.0 (compatible; bingbot/2.0; +http://www.bing.com/bingbot.htm)" 
172.73.79.230 - - [17/Jan/2018:15:46:17 -0800] "GET /Security-Data-Analysis/Lab_1/conn.log.zip HTTP/1.1" 200 34993416 "http://www.secrepo.com/" "Mozilla/5.0 (Windows NT 6.3; WOW64; Trident/7.0; Touch; rv:11.0) like Gecko" 
5.255.250.94 - - [17/Jan/2018:15:51:45 -0800] "GET / HTTP/1.1" 200 11061 "-" "Mozilla/5.0 (compatible; YandexBot/3.0; +http://yandex.com/bots)" 
5.255.250.148 - - [17/Jan/2018:15:51:45 -0800] "GET /robots.txt HTTP/1.1" 301 518 "-" "Mozilla/5.0 (compatible; YandexBot/3.0; +http://yandex.com/bots)" 
100.43.85.190 - - [17/Jan/2018:15:51:49 -0800] "GET / HTTP/1.1" 301 483 "-" "Mozilla/5.0 (compatible; YandexBot/3.0; +http://yandex.com/bots)" 
157.55.39.190 - - [17/Jan/2018:15:51:57 -0800] "GET /self.logs/error.log.2016-05-12.gz HTTP/1.1" 404 340 "-" "Mozilla/5.0 (compatible; bingbot/2.0; +http://www.bing.com/bingbot.htm)" 
54.36.148.25 - - [17/Jan/2018:15:52:06 -0800] "GET /self.logs/access.log.2017-05-15.gz HTTP/1.1" 200 39577 "-" "Mozilla/5.0 (compatible; AhrefsBot/5.2; +http://ahrefs.com/robot/)" 
157.55.39.189 - - [17/Jan/2018:15:52:32 -0800] "GET /self.logs/error.log.2015-04-10.gz HTTP/1.1" 404 340 "-" "Mozilla/5.0 (compatible; bingbot/2.0; +http://www.bing.com/bingbot.htm)" 
180.97.35.218 - - [17/Jan/2018:15:52:34 -0800] "GET / HTTP/1.1" 200 11061 "http://www.baidu.com/s?wd=XPG" "Mozilla/5.0 (Windows NT 6.1; WOW64; rv:43.0) Gecko/20100101 Firefox/43.0" 
190.17.251.112 - - [17/Jan/2018:15:53:43 -0800] "GET /wp-login.php HTTP/1.1" 404 295 "-" "Mozilla/5.0 (Windows NT 6.1; WOW64; rv:40.0) Gecko/20100101 Firefox/40.1" 
190.17.251.112 - - [17/Jan/2018:15:53:49 -0800] "GET /wp-login.php HTTP/1.1" 404 295 "-" "Mozilla/5.0 (Windows NT 6.1; WOW64; rv:40.0) Gecko/20100101 Firefox/40.1" 
190.17.251.112 - - [17/Jan/2018:15:53:54 -0800] "GET / HTTP/1.1" 200 37415 "-" "Mozilla/5.0 (Windows NT 6.1; WOW64; rv:40.0) Gecko/20100101 Firefox/40.1" 
157.55.39.189 - - [17/Jan/2018:15:54:33 -0800] "GET /self.logs/access.log.2015-12-30.gz HTTP/1.1" 404 340 "-" "Mozilla/5.0 (compatible; bingbot/2.0; +http://www.bing.com/bingbot.htm)" 
157.55.39.189 - - [17/Jan/2018:15:56:18 -0800] "GET /self.logs/error.log.2015-02-28.gz HTTP/1.1" 404 340 "-" "Mozilla/5.0 (compatible; bingbot/2.0; +http://www.bing.com/bingbot.htm)" 
54.36.148.45 - - [17/Jan/2018:15:56:41 -0800] "GET /self.logs/2016/access.log.2016-09-12.gz HTTP/1.1" 200 12294 "-" "Mozilla/5.0 (compatible; AhrefsBot/5.2; +http://ahrefs.com/robot/)" 
69.113.196.91 - - [17/Jan/2018:16:00:41 -0800] "GET /twitter-icon.png HTTP/1.1" 200 27788 "http://www.secrepo.com/" "Mozilla/5.0 (Windows NT 10.0; Win64; x64) AppleWebKit/537.36 (KHTML, like Gecko) Chrome/58.0.3029.110 Safari/537.36 Edge/16.16299" 
69.113.196.91 - - [17/Jan/2018:16:00:41 -0800] "GET / HTTP/1.1" 200 11061 "https://www.bing.com/" "Mozilla/5.0 (Windows NT 10.0; Win64; x64) AppleWebKit/537.36 (KHTML, like Gecko) Chrome/58.0.3029.110 Safari/537.36 Edge/16.16299" 
69.113.196.91 - - [17/Jan/2018:16:00:41 -0800] "GET /GitHub-Mark.png HTTP/1.1" 200 7427 "http://www.secrepo.com/" "Mozilla/5.0 (Windows NT 10.0; Win64; x64) AppleWebKit/537.36 (KHTML, like Gecko) Chrome/58.0.3029.110 Safari/537.36 Edge/16.16299" 
69.113.196.91 - - [17/Jan/2018:16:00:42 -0800] "GET /bootstrap/img/favicon.ico HTTP/1.1" 200 590 "-" "Mozilla/5.0 (Windows NT 10.0; Win64; x64) AppleWebKit/537.36 (KHTML, like Gecko) Chrome/58.0.3029.110 Safari/537.36 Edge/16.16299" 
69.113.196.91 - - [17/Jan/2018:16:01:54 -0800] "GET /self.logs/ HTTP/1.1" 200 7807 "http://www.secrepo.com/" "Mozilla/5.0 (Windows NT 10.0; Win64; x64) AppleWebKit/537.36 (KHTML, like Gecko) Chrome/58.0.3029.110 Safari/537.36 Edge/16.16299" 
157.55.39.188 - - [17/Jan/2018:16:06:40 -0800] "GET /self.logs/error.log.2015-04-05.gz HTTP/1.1" 404 340 "-" "Mozilla/5.0 (compatible; bingbot/2.0; +http://www.bing.com/bingbot.htm)" 
130.85.94.11 - - [17/Jan/2018:16:07:07 -0800] "GET / HTTP/1.1" 200 11061 "https://www.google.com/" "Mozilla/5.0 (X11; Linux x86_64) AppleWebKit/537.36 (KHTML, like Gecko) Chrome/63.0.3239.132 Safari/537.36" 
130.85.94.11 - - [17/Jan/2018:16:07:09 -0800] "GET /twitter-icon.png HTTP/1.1" 200 27787 "http://www.secrepo.com/" "Mozilla/5.0 (X11; Linux x86_64) AppleWebKit/537.36 (KHTML, like Gecko) Chrome/63.0.3239.132 Safari/537.36" 
130.85.94.11 - - [17/Jan/2018:16:07:09 -0800] "GET /GitHub-Mark.png HTTP/1.1" 200 7428 "http://www.secrepo.com/" "Mozilla/5.0 (X11; Linux x86_64) AppleWebKit/537.36 (KHTML, like Gecko) Chrome/63.0.3239.132 Safari/537.36" 
130.85.94.11 - - [17/Jan/2018:16:07:09 -0800] "GET /bootstrap/img/favicon.ico HTTP/1.1" 200 589 "http://www.secrepo.com/" "Mozilla/5.0 (X11; Linux x86_64) AppleWebKit/537.36 (KHTML, like Gecko) Chrome/63.0.3239.132 Safari/537.36" 
37.115.184.155 - - [17/Jan/2018:16:07:48 -0800] "GET /honeypot/ HTTP/1.1" 200 1077 "http://fishtauto.ru/" "Mozilla/4.0 (compatible; MSIE 6.0; Windows NT 5.1; TheFreeDictionary.com; .NET CLR 1.1.4322; .NET CLR 1.0.3705; .NET CLR 2.0.50727)" 
37.115.184.155 - - [17/Jan/2018:16:07:48 -0800] "GET /honeypot/ HTTP/1.1" 200 1077 "http://fishtauto.ru/" "Mozilla/4.0 (compatible; MSIE 6.0; Windows NT 5.1; TheFreeDictionary.com; .NET CLR 1.1.4322; .NET CLR 1.0.3705; .NET CLR 2.0.50727)" 
37.115.184.155 - - [17/Jan/2018:16:07:49 -0800] "GET /honeypot/ HTTP/1.1" 200 1077 "http://fishtauto.ru/" "Mozilla/4.0 (compatible; MSIE 6.0; Windows NT 5.1; TheFreeDictionary.com; .NET CLR 1.1.4322; .NET CLR 1.0.3705; .NET CLR 2.0.50727)" 
157.55.39.187 - - [17/Jan/2018:16:10:47 -0800] "GET /self.logs/error.log.2016-06-18.gz HTTP/1.1" 404 340 "-" "Mozilla/5.0 (compatible; bingbot/2.0; +http://www.bing.com/bingbot.htm)" 
157.55.39.188 - - [17/Jan/2018:16:11:01 -0800] "GET /self.logs/error.log.2016-04-27.gz HTTP/1.1" 404 340 "-" "Mozilla/5.0 (compatible; bingbot/2.0; +http://www.bing.com/bingbot.htm)" 
157.55.39.188 - - [17/Jan/2018:16:16:18 -0800] "GET /self.logs/access.log.2015-07-17.gz HTTP/1.1" 404 340 "-" "Mozilla/5.0 (compatible; bingbot/2.0; +http://www.bing.com/bingbot.htm)" 
102.181.194.40 - - [17/Jan/2018:16:16:52 -0800] "GET /tg/tg_snort_fast.7z HTTP/1.1" 304 131 "-" "Mozilla/5.0 Gecko/20100115 Firefox/3.6" 
144.76.8.66 - - [17/Jan/2018:16:17:27 -0800] "GET /robots.txt HTTP/1.1" 301 518 "-" "Mozilla/5.0 (compatible; MJ12bot/v1.4.8; http://mj12bot.com/)" 
144.76.8.66 - - [17/Jan/2018:16:17:27 -0800] "GET /robots.txt HTTP/1.1" 200 289 "-" "Mozilla/5.0 (compatible; MJ12bot/v1.4.8; http://mj12bot.com/)" 
144.76.8.66 - - [17/Jan/2018:16:17:29 -0800] "GET /%C2%A0%C2%A0 HTTP/1.1" 301 450 "-" "Mozilla/5.0 (compatible; MJ12bot/v1.4.8; http://mj12bot.com/)" 
144.76.8.66 - - [17/Jan/2018:16:17:31 -0800] "GET /%C3%82%C2%A0%C3%82 HTTP/1.1" 404 239 "-" "Mozilla/5.0 (compatible; MJ12bot/v1.4.8; http://mj12bot.com/)" 
144.76.8.66 - - [17/Jan/2018:16:17:32 -0800] "GET /honeypot//%22http://amunhoney.sourceforge.net//%22 HTTP/1.1" 404 284 "-" "Mozilla/5.0 (compatible; MJ12bot/v1.4.8; http://mj12bot.com/)" 
144.76.8.66 - - [17/Jan/2018:16:17:34 -0800] "GET /honeypot//%22http://glastopf.org//%22 HTTP/1.1" 404 284 "-" "Mozilla/5.0 (compatible; MJ12bot/v1.4.8; http://mj12bot.com/)" 
144.76.8.66 - - [17/Jan/2018:16:17:35 -0800] "GET /honeypot//%22http://www.maxmind.com/%22 HTTP/1.1" 404 284 "-" "Mozilla/5.0 (compatible; MJ12bot/v1.4.8; http://mj12bot.com/)" 
144.76.8.66 - - [17/Jan/2018:16:17:37 -0800] "GET /honeypot//%22https://twitter.com/sooshie/%22 HTTP/1.1" 404 284 "-" "Mozilla/5.0 (compatible; MJ12bot/v1.4.8; http://mj12bot.com/)" 
144.76.8.66 - - [17/Jan/2018:16:17:38 -0800] "GET /honeypot//%22https://twitter.com/theroxyd/%22 HTTP/1.1" 404 284 "-" "Mozilla/5.0 (compatible; MJ12bot/v1.4.8; http://mj12bot.com/)" 
123.125.143.142 - - [17/Jan/2018:16:18:07 -0800] "GET /twitter-icon.png HTTP/1.1" 200 27732 "-" "Mozilla/5.0 (Windows NT 6.1; WOW64; rv:43.0) Gecko/20100101 Firefox/43.0" 
123.125.143.137 - - [17/Jan/2018:16:18:10 -0800] "GET /GitHub-Mark.png HTTP/1.1" 200 7372 "-" "Mozilla/5.0 (Windows NT 6.1; WOW64; rv:43.0) Gecko/20100101 Firefox/43.0" 
54.36.148.47 - - [17/Jan/2018:16:22:21 -0800] "GET /self.logs/access.log.2017-08-12.gz HTTP/1.1" 200 16688 "-" "Mozilla/5.0 (compatible; AhrefsBot/5.2; +http://ahrefs.com/robot/)" 
157.55.39.187 - - [17/Jan/2018:16:24:35 -0800] "GET /self.logs/access.log.2017-02-22.gz HTTP/1.1" 200 24354 "-" "Mozilla/5.0 (compatible; bingbot/2.0; +http://www.bing.com/bingbot.htm)" 
61.178.40.239 - - [17/Jan/2018:16:24:52 -0800] "GET / HTTP/1.1" 200 11061 "-" "Mozilla/5.0 (Windows NT 6.1; WOW64; rv:57.0) Gecko/20100101 Firefox/57.0" 
61.178.40.239 - - [17/Jan/2018:16:24:53 -0800] "GET /GitHub-Mark.png HTTP/1.1" 200 7428 "http://www.secrepo.com/" "Mozilla/5.0 (Windows NT 6.1; WOW64; rv:57.0) Gecko/20100101 Firefox/57.0" 
61.178.40.239 - - [17/Jan/2018:16:24:53 -0800] "GET /twitter-icon.png HTTP/1.1" 200 27787 "http://www.secrepo.com/" "Mozilla/5.0 (Windows NT 6.1; WOW64; rv:57.0) Gecko/20100101 Firefox/57.0" 
157.55.39.187 - - [17/Jan/2018:16:25:09 -0800] "GET /self.logs/error.log.2016-02-08.gz HTTP/1.1" 404 340 "-" "Mozilla/5.0 (compatible; bingbot/2.0; +http://www.bing.com/bingbot.htm)" 
157.55.39.188 - - [17/Jan/2018:16:25:15 -0800] "GET /self.logs/access.log.2015-11-08.gz HTTP/1.1" 404 340 "-" "Mozilla/5.0 (compatible; bingbot/2.0; +http://www.bing.com/bingbot.htm)" 
54.36.149.49 - - [17/Jan/2018:16:25:52 -0800] "GET /self.logs/2015/access.log.2015-06-21.gz HTTP/1.1" 200 10002 "-" "Mozilla/5.0 (compatible; AhrefsBot/5.2; +http://ahrefs.com/robot/)" 
71.177.221.212 - - [17/Jan/2018:16:26:26 -0800] "GET / HTTP/1.1" 200 11061 "-" "Mozilla/5.0 (Macintosh; Intel Mac OS X 10_12_6) AppleWebKit/604.4.7 (KHTML, like Gecko) Version/11.0.2 Safari/604.4.7" 
71.177.221.212 - - [17/Jan/2018:16:26:26 -0800] "GET /twitter-icon.png HTTP/1.1" 200 27787 "http://www.secrepo.com/" "Mozilla/5.0 (Macintosh; Intel Mac OS X 10_12_6) AppleWebKit/604.4.7 (KHTML, like Gecko) Version/11.0.2 Safari/604.4.7" 
71.177.221.212 - - [17/Jan/2018:16:26:26 -0800] "GET /GitHub-Mark.png HTTP/1.1" 200 7428 "http://www.secrepo.com/" "Mozilla/5.0 (Macintosh; Intel Mac OS X 10_12_6) AppleWebKit/604.4.7 (KHTML, like Gecko) Version/11.0.2 Safari/604.4.7" 
71.177.221.212 - - [17/Jan/2018:16:26:26 -0800] "GET /bootstrap/img/favicon.ico HTTP/1.1" 200 590 "http://www.secrepo.com/" "Mozilla/5.0 (Macintosh; Intel Mac OS X 10_12_6) AppleWebKit/604.4.7 (KHTML, like Gecko) Version/11.0.2 Safari/604.4.7" 
157.55.39.187 - - [17/Jan/2018:16:26:31 -0800] "GET /self.logs/error.log.2015-02-23.gz HTTP/1.1" 404 340 "-" "Mozilla/5.0 (compatible; bingbot/2.0; +http://www.bing.com/bingbot.htm)" 
157.55.39.189 - - [17/Jan/2018:16:26:48 -0800] "GET /self.logs/access.log.2016-03-30.gz HTTP/1.1" 404 340 "-" "Mozilla/5.0 (compatible; bingbot/2.0; +http://www.bing.com/bingbot.htm)" 
157.55.39.188 - - [17/Jan/2018:16:27:36 -0800] "GET /self.logs/error.log.2016-02-23.gz HTTP/1.1" 404 340 "-" "Mozilla/5.0 (compatible; bingbot/2.0; +http://www.bing.com/bingbot.htm)" 
83.110.14.25 - - [17/Jan/2018:16:31:00 -0800] "GET /wp-login.php HTTP/1.1" 404 295 "-" "Mozilla/5.0 (Windows NT 6.1; WOW64; rv:40.0) Gecko/20100101 Firefox/40.1" 
83.110.14.25 - - [17/Jan/2018:16:31:06 -0800] "GET /wp-login.php HTTP/1.1" 404 295 "-" "Mozilla/5.0 (Windows NT 6.1; WOW64; rv:40.0) Gecko/20100101 Firefox/40.1" 
83.110.14.25 - - [17/Jan/2018:16:31:11 -0800] "GET / HTTP/1.1" 200 37415 "-" "Mozilla/5.0 (Windows NT 6.1; WOW64; rv:40.0) Gecko/20100101 Firefox/40.1" 
157.55.39.189 - - [17/Jan/2018:16:31:50 -0800] "GET /self.logs/error.log.2017-01-26.gz HTTP/1.1" 200 1341 "-" "Mozilla/5.0 (compatible; bingbot/2.0; +http://www.bing.com/bingbot.htm)" 
157.55.39.189 - - [17/Jan/2018:16:33:05 -0800] "GET /self.logs/error.log.2016-08-06.gz HTTP/1.1" 404 340 "-" "Mozilla/5.0 (compatible; bingbot/2.0; +http://www.bing.com/bingbot.htm)" 
157.55.39.187 - - [17/Jan/2018:16:33:06 -0800] "GET /self.logs/access.log.2015-11-30.gz HTTP/1.1" 404 340 "-" "Mozilla/5.0 (compatible; bingbot/2.0; +http://www.bing.com/bingbot.htm)" 
157.55.39.188 - - [17/Jan/2018:16:34:08 -0800] "GET /self.logs/access.log.2017-03-18.gz HTTP/1.1" 200 10540 "-" "Mozilla/5.0 (compatible; bingbot/2.0; +http://www.bing.com/bingbot.htm)" 
157.55.39.188 - - [17/Jan/2018:16:34:52 -0800] "GET /self.logs/access.log.2016-03-03.gz HTTP/1.1" 404 340 "-" "Mozilla/5.0 (compatible; bingbot/2.0; +http://www.bing.com/bingbot.htm)" 
157.55.39.187 - - [17/Jan/2018:16:35:42 -0800] "GET /self.logs/access.log.2015-08-22.gz HTTP/1.1" 404 340 "-" "Mozilla/5.0 (compatible; bingbot/2.0; +http://www.bing.com/bingbot.htm)" 
77.88.47.90 - - [17/Jan/2018:16:36:44 -0800] "GET /bootstrap/img/favicon.ico HTTP/1.1" 200 590 "-" "Mozilla/5.0 (compatible; YandexBot/3.0; +http://yandex.com/bots)" 
54.36.148.126 - - [17/Jan/2018:16:38:15 -0800] "GET /self.logs/2015/access.log.2015-07-20.gz HTTP/1.1" 200 5301 "-" "Mozilla/5.0 (compatible; AhrefsBot/5.2; +http://ahrefs.com/robot/)" 
157.55.39.190 - - [17/Jan/2018:16:40:05 -0800] "GET /self.logs/access.log.2017-05-03.gz HTTP/1.1" 200 29019 "-" "Mozilla/5.0 (compatible; bingbot/2.0; +http://www.bing.com/bingbot.htm)" 
157.55.39.190 - - [17/Jan/2018:16:41:35 -0800] "GET /self.logs/access.log.2016-03-15.gz HTTP/1.1" 404 340 "-" "Mozilla/5.0 (compatible; bingbot/2.0; +http://www.bing.com/bingbot.htm)" 
157.55.39.187 - - [17/Jan/2018:16:48:09 -0800] "GET /self.logs/error.log.2015-07-22.gz HTTP/1.1" 404 340 "-" "Mozilla/5.0 (compatible; bingbot/2.0; +http://www.bing.com/bingbot.htm)" 
157.55.39.190 - - [17/Jan/2018:16:48:33 -0800] "GET /self.logs/error.log.2016-01-18.gz HTTP/1.1" 404 340 "-" "Mozilla/5.0 (compatible; bingbot/2.0; +http://www.bing.com/bingbot.htm)" 
54.36.148.60 - - [17/Jan/2018:16:51:28 -0800] "GET /self.logs/2015/error.log.2015-06-09.gz HTTP/1.1" 200 743 "-" "Mozilla/5.0 (compatible; AhrefsBot/5.2; +http://ahrefs.com/robot/)" 
157.55.39.190 - - [17/Jan/2018:16:52:14 -0800] "GET /self.logs/access.log.2017-04-27.gz HTTP/1.1" 200 13932 "-" "Mozilla/5.0 (compatible; bingbot/2.0; +http://www.bing.com/bingbot.htm)" 
157.55.39.189 - - [17/Jan/2018:16:57:09 -0800] "GET /self.logs/error.log.2016-12-24.gz HTTP/1.1" 404 340 "-" "Mozilla/5.0 (compatible; bingbot/2.0; +http://www.bing.com/bingbot.htm)" 
54.36.149.42 - - [17/Jan/2018:16:57:40 -0800] "GET /self.logs/access.log.2017-10-04.gz HTTP/1.1" 200 32485 "-" "Mozilla/5.0 (compatible; AhrefsBot/5.2; +http://ahrefs.com/robot/)" 
107.77.111.77 - - [17/Jan/2018:16:59:53 -0800] "GET / HTTP/1.1" 301 483 "-" "Mozilla/5.0 (Linux; Android 7.0; SAMSUNG-SM-G930A Build/NRD90M) AppleWebKit/537.36 (KHTML, like Gecko) Chrome/63.0.3239.111 Mobile Safari/537.36" 
107.77.111.77 - - [17/Jan/2018:16:59:54 -0800] "GET / HTTP/1.1" 200 11061 "-" "Mozilla/5.0 (Linux; Android 7.0; SAMSUNG-SM-G930A Build/NRD90M) AppleWebKit/537.36 (KHTML, like Gecko) Chrome/63.0.3239.111 Mobile Safari/537.36" 
107.77.111.77 - - [17/Jan/2018:16:59:55 -0800] "GET /twitter-icon.png HTTP/1.1" 200 27787 "http://www.secrepo.com/" "Mozilla/5.0 (Linux; Android 7.0; SAMSUNG-SM-G930A Build/NRD90M) AppleWebKit/537.36 (KHTML, like Gecko) Chrome/63.0.3239.111 Mobile Safari/537.36" 
107.77.111.77 - - [17/Jan/2018:16:59:55 -0800] "GET /GitHub-Mark.png HTTP/1.1" 200 7427 "http://www.secrepo.com/" "Mozilla/5.0 (Linux; Android 7.0; SAMSUNG-SM-G930A Build/NRD90M) AppleWebKit/537.36 (KHTML, like Gecko) Chrome/63.0.3239.111 Mobile Safari/537.36" 
107.77.111.77 - - [17/Jan/2018:16:59:57 -0800] "GET /bootstrap/img/favicon.ico HTTP/1.1" 200 589 "http://www.secrepo.com/" "Mozilla/5.0 (Linux; Android 7.0; SAMSUNG-SM-G930A Build/NRD90M) AppleWebKit/537.36 (KHTML, like Gecko) Chrome/63.0.3239.111 Mobile Safari/537.36" 
157.55.39.189 - - [17/Jan/2018:17:00:20 -0800] "GET /self.logs/access.log.2015-10-16.gz HTTP/1.1" 404 340 "-" "Mozilla/5.0 (compatible; bingbot/2.0; +http://www.bing.com/bingbot.htm)" 
66.249.64.23 - - [17/Jan/2018:17:01:14 -0800] "GET / HTTP/1.1" 301 483 "-" "Mozilla/5.0 (Linux; Android 6.0.1; Nexus 5X Build/MMB29P) AppleWebKit/537.36 (KHTML, like Gecko) Chrome/41.0.2272.96 Mobile Safari/537.36 (compatible; Googlebot/2.1; +http://www.google.com/bot.html)" 
66.249.64.159 - - [17/Jan/2018:17:01:14 -0800] "GET / HTTP/1.1" 200 11061 "-" "Mozilla/5.0 (Linux; Android 6.0.1; Nexus 5X Build/MMB29P) AppleWebKit/537.36 (KHTML, like Gecko) Chrome/41.0.2272.96 Mobile Safari/537.36 (compatible; Googlebot/2.1; +http://www.google.com/bot.html)" 
157.55.39.187 - - [17/Jan/2018:17:01:33 -0800] "GET /self.logs/access.log.2015-06-11.gz HTTP/1.1" 404 340 "-" "Mozilla/5.0 (compatible; bingbot/2.0; +http://www.bing.com/bingbot.htm)" 
167.114.136.29 - - [17/Jan/2018:17:01:33 -0800] "GET /honeypot/BSidesDFW%20-%202014.ipynb HTTP/1.1" 200 930836 "http://www.secrepo.com/" "Mozilla/5.0 (X11; Linux x86_64) AppleWebKit/537.36 (KHTML, like Gecko) Chrome/59.0.3071.109 Safari/537.36" 
51.255.71.123 - - [17/Jan/2018:17:01:59 -0800] "GET /self.logs/2016/access.log.2016-08-05.gz HTTP/1.1" 200 15823 "-" "Mozilla/5.0 (compatible; AhrefsBot/5.2; +http://ahrefs.com/robot/)" 
157.55.39.189 - - [17/Jan/2018:17:02:46 -0800] "GET /self.logs/access.log.2015-09-17.gz HTTP/1.1" 404 340 "-" "Mozilla/5.0 (compatible; bingbot/2.0; +http://www.bing.com/bingbot.htm)" 
172.73.79.230 - - [17/Jan/2018:17:04:08 -0800] "GET /misc/zeus_dga_domains.txt.zip HTTP/1.1" 200 594360 "http://www.secrepo.com/" "Mozilla/5.0 (Windows NT 6.3; WOW64; Trident/7.0; Touch; rv:11.0) like Gecko" 
