5.104.156.51 - - [06/Sep/2018:06:00:32 -0700] "GET / HTTP/1.1" 301 483 "https://t.co/IgX52j763e" "Mozilla/5.0 (X11; Ubuntu; Linux x86_64; rv:61.0) Gecko/20100101 Firefox/61.0" 
5.104.156.51 - - [06/Sep/2018:06:00:32 -0700] "GET / HTTP/1.1" 200 12383 "https://t.co/IgX52j763e" "Mozilla/5.0 (X11; Ubuntu; Linux x86_64; rv:61.0) Gecko/20100101 Firefox/61.0" 
5.104.156.51 - - [06/Sep/2018:06:00:32 -0700] "GET /twitter-icon.png HTTP/1.1" 200 27787 "http://www.secrepo.com/" "Mozilla/5.0 (X11; Ubuntu; Linux x86_64; rv:61.0) Gecko/20100101 Firefox/61.0" 
5.104.156.51 - - [06/Sep/2018:06:00:32 -0700] "GET /GitHub-Mark.png HTTP/1.1" 200 7428 "http://www.secrepo.com/" "Mozilla/5.0 (X11; Ubuntu; Linux x86_64; rv:61.0) Gecko/20100101 Firefox/61.0" 
5.104.156.51 - - [06/Sep/2018:06:00:33 -0700] "GET /bootstrap/img/favicon.ico HTTP/1.1" 200 589 "-" "Mozilla/5.0 (X11; Ubuntu; Linux x86_64; rv:61.0) Gecko/20100101 Firefox/61.0" 
50.225.83.2 - - [06/Sep/2018:06:01:19 -0700] "GET / HTTP/1.1" 200 12383 "-" "Mozilla/5.0 (Macintosh; Intel Mac OS X 10_13_6) AppleWebKit/605.1.15 (KHTML, like Gecko) Version/11.1.2 Safari/605.1.15" 
66.249.64.193 - - [06/Sep/2018:06:02:32 -0700] "GET / HTTP/1.1" 200 12383 "-" "Mozilla/5.0 (Linux; Android 6.0.1; Nexus 5X Build/MMB29P) AppleWebKit/537.36 (KHTML, like Gecko) Chrome/41.0.2272.96 Mobile Safari/537.36 (compatible; Googlebot/2.1; +http://www.google.com/bot.html)" 
144.36.130.173 - - [06/Sep/2018:06:02:54 -0700] "GET / HTTP/1.1" 200 12383 "-" "Mozilla/5.0 (Windows NT 10.0; WOW64; Trident/7.0; managedpc; rv:11.0) like Gecko" 
144.36.130.173 - - [06/Sep/2018:06:02:55 -0700] "GET /twitter-icon.png HTTP/1.1" 200 27787 "http://www.secrepo.com/" "Mozilla/5.0 (Windows NT 10.0; WOW64; Trident/7.0; managedpc; rv:11.0) like Gecko" 
144.36.130.173 - - [06/Sep/2018:06:02:55 -0700] "GET /GitHub-Mark.png HTTP/1.1" 200 7428 "http://www.secrepo.com/" "Mozilla/5.0 (Windows NT 10.0; WOW64; Trident/7.0; managedpc; rv:11.0) like Gecko" 
144.36.130.173 - - [06/Sep/2018:06:02:56 -0700] "GET /bootstrap/img/favicon.ico HTTP/1.1" 200 590 "-" "Mozilla/5.0 (Windows NT 10.0; Win64; x64; Trident/7.0; managedpc; rv:11.0) like Gecko" 
144.36.130.173 - - [06/Sep/2018:06:03:48 -0700] "GET / HTTP/1.1" 200 12383 "-" "Mozilla/5.0 (Windows NT 10.0; Win64; x64) AppleWebKit/537.36 (KHTML, like Gecko) Chrome/68.0.3440.106 Safari/537.36" 
144.36.130.173 - - [06/Sep/2018:06:03:48 -0700] "GET /twitter-icon.png HTTP/1.1" 200 27787 "http://www.secrepo.com/" "Mozilla/5.0 (Windows NT 10.0; Win64; x64) AppleWebKit/537.36 (KHTML, like Gecko) Chrome/68.0.3440.106 Safari/537.36" 
144.36.130.173 - - [06/Sep/2018:06:03:48 -0700] "GET /GitHub-Mark.png HTTP/1.1" 200 7428 "http://www.secrepo.com/" "Mozilla/5.0 (Windows NT 10.0; Win64; x64) AppleWebKit/537.36 (KHTML, like Gecko) Chrome/68.0.3440.106 Safari/537.36" 
144.36.130.173 - - [06/Sep/2018:06:03:49 -0700] "GET /bootstrap/img/favicon.ico HTTP/1.1" 200 589 "http://www.secrepo.com/" "Mozilla/5.0 (Windows NT 10.0; Win64; x64) AppleWebKit/537.36 (KHTML, like Gecko) Chrome/68.0.3440.106 Safari/537.36" 
157.55.39.208 - - [06/Sep/2018:06:10:47 -0700] "GET / HTTP/1.1" 301 483 "-" "Mozilla/5.0 (compatible; bingbot/2.0; +http://www.bing.com/bingbot.htm)" 
216.244.66.245 - - [06/Sep/2018:06:12:39 -0700] "GET /robots.txt HTTP/1.1" 200 233 "-" "Mozilla/5.0 (compatible; DotBot/1.1; http://www.opensiteexplorer.org/dotbot, help@moz.com)" 
222.90.67.204 - - [06/Sep/2018:06:13:30 -0700] "GET /favicon.ico HTTP/1.1" 200 268 "-" "Mozilla/5.0 (Windows NT 10.0; WOW64) AppleWebKit/537.36 (KHTML, like Gecko) Chrome/49.0.2623.221 Safari/537.36 SE 2.X MetaSr 1.0" 
157.55.39.208 - - [06/Sep/2018:06:13:34 -0700] "GET / HTTP/1.1" 200 12383 "-" "Mozilla/5.0 (compatible; bingbot/2.0; +http://www.bing.com/bingbot.htm)" 
157.55.39.208 - - [06/Sep/2018:06:13:48 -0700] "GET / HTTP/1.1" 200 12383 "-" "Mozilla/5.0 (compatible; bingbot/2.0; +http://www.bing.com/bingbot.htm)" 
18.219.142.57 - - [06/Sep/2018:06:14:21 -0700] "GET / HTTP/1.1" 200 12383 "-" "Mozilla/5.0 (Windows NT 6.1; Win64; x64; rv:47.0) AppleWebKit/537.36 (KHTML, like Gecko) Chrome/67.0.3396.79 Safari/537.36" 
73.31.175.81 - - [06/Sep/2018:06:17:43 -0700] "GET /wp-login.php HTTP/1.1" 418 732 "-" "Mozilla/5.0 (Windows NT 6.1; WOW64; rv:40.0) Gecko/20100101 Firefox/40.1" 
73.31.175.81 - - [06/Sep/2018:06:17:43 -0700] "GET / HTTP/1.1" 418 732 "-" "Mozilla/5.0 (Windows NT 6.1; WOW64; rv:40.0) Gecko/20100101 Firefox/40.1" 
85.245.248.17 - - [06/Sep/2018:06:19:16 -0700] "GET /wp-login.php HTTP/1.1" 418 732 "-" "Mozilla/5.0 (Windows NT 6.1; WOW64; rv:40.0) Gecko/20100101 Firefox/40.1" 
85.245.248.17 - - [06/Sep/2018:06:19:16 -0700] "GET / HTTP/1.1" 418 732 "-" "Mozilla/5.0 (Windows NT 6.1; WOW64; rv:40.0) Gecko/20100101 Firefox/40.1" 
114.221.244.59 - - [06/Sep/2018:06:20:27 -0700] "GET /favicon.ico HTTP/1.1" 200 268 "-" "Mozilla/5.0 (Windows NT 6.1; WOW64) AppleWebKit/537.36 (KHTML, like Gecko) Chrome/63.0.3239.132 Safari/537.36" 
109.151.183.251 - - [06/Sep/2018:06:24:37 -0700] "GET / HTTP/1.1" 200 12383 "https://www.google.com/" "Mozilla/5.0 (Windows NT 6.1; Win64; x64; rv:61.0) Gecko/20100101 Firefox/61.0" 
109.151.183.251 - - [06/Sep/2018:06:24:37 -0700] "GET /twitter-icon.png HTTP/1.1" 200 27787 "http://www.secrepo.com/" "Mozilla/5.0 (Windows NT 6.1; Win64; x64; rv:61.0) Gecko/20100101 Firefox/61.0" 
109.151.183.251 - - [06/Sep/2018:06:24:37 -0700] "GET /GitHub-Mark.png HTTP/1.1" 200 7428 "http://www.secrepo.com/" "Mozilla/5.0 (Windows NT 6.1; Win64; x64; rv:61.0) Gecko/20100101 Firefox/61.0" 
109.151.183.251 - - [06/Sep/2018:06:24:37 -0700] "GET /favicon.ico HTTP/1.1" 200 267 "-" "Mozilla/5.0 (Windows NT 6.1; Win64; x64; rv:61.0) Gecko/20100101 Firefox/61.0" 
109.151.183.251 - - [06/Sep/2018:06:24:37 -0700] "GET /bootstrap/img/favicon.ico HTTP/1.1" 200 589 "-" "Mozilla/5.0 (Windows NT 6.1; Win64; x64; rv:61.0) Gecko/20100101 Firefox/61.0" 
109.151.183.251 - - [06/Sep/2018:06:24:38 -0700] "GET /bootstrap/img/favicon.ico HTTP/1.1" 200 589 "-" "Mozilla/5.0 (Windows NT 6.1; Win64; x64; rv:61.0) Gecko/20100101 Firefox/61.0" 
216.244.66.245 - - [06/Sep/2018:06:29:36 -0700] "GET /self.logs/access.log.2015-06-03.gz HTTP/1.1" 404 239 "-" "Mozilla/5.0 (compatible; DotBot/1.1; http://www.opensiteexplorer.org/dotbot, help@moz.com)" 
216.244.66.245 - - [06/Sep/2018:06:29:37 -0700] "GET /self.logs/access.log.2015-07-28.gz HTTP/1.1" 404 239 "-" "Mozilla/5.0 (compatible; DotBot/1.1; http://www.opensiteexplorer.org/dotbot, help@moz.com)" 
216.244.66.245 - - [06/Sep/2018:06:29:39 -0700] "GET /self.logs/access.log.2016-11-13.gz HTTP/1.1" 404 239 "-" "Mozilla/5.0 (compatible; DotBot/1.1; http://www.opensiteexplorer.org/dotbot, help@moz.com)" 
216.244.66.245 - - [06/Sep/2018:06:29:40 -0700] "GET /self.logs/error.log.2015-03-11.gz HTTP/1.1" 404 239 "-" "Mozilla/5.0 (compatible; DotBot/1.1; http://www.opensiteexplorer.org/dotbot, help@moz.com)" 
216.244.66.245 - - [06/Sep/2018:06:29:42 -0700] "GET /self.logs/error.log.2015-07-23.gz HTTP/1.1" 404 239 "-" "Mozilla/5.0 (compatible; DotBot/1.1; http://www.opensiteexplorer.org/dotbot, help@moz.com)" 
216.244.66.245 - - [06/Sep/2018:06:29:44 -0700] "GET /self.logs/error.log.2016-06-06.gz HTTP/1.1" 404 239 "-" "Mozilla/5.0 (compatible; DotBot/1.1; http://www.opensiteexplorer.org/dotbot, help@moz.com)" 
160.178.133.46 - - [06/Sep/2018:06:31:59 -0700] "GET /wp-login.php HTTP/1.1" 418 732 "-" "Mozilla/5.0 (Windows NT 6.1; WOW64; rv:40.0) Gecko/20100101 Firefox/40.1" 
160.178.133.46 - - [06/Sep/2018:06:31:59 -0700] "GET / HTTP/1.1" 418 732 "-" "Mozilla/5.0 (Windows NT 6.1; WOW64; rv:40.0) Gecko/20100101 Firefox/40.1" 
207.46.13.242 - - [06/Sep/2018:06:32:25 -0700] "GET /self.logs/error.log.2018-03-27.gz HTTP/1.1" 304 189 "-" "Mozilla/5.0 (compatible; bingbot/2.0; +http://www.bing.com/bingbot.htm)" 
41.223.160.173 - - [06/Sep/2018:06:33:24 -0700] "GET /maccdc2012/dns.log.gz HTTP/1.1" 304 154 "-" "Mozilla/5.0 Gecko/20100115 Firefox/3.6" 
193.179.215.98 - - [06/Sep/2018:06:34:29 -0700] "GET /browserconfig.xml HTTP/1.1" 404 340 "-" "Mozilla/5.0 (Windows NT 6.3; Win64; x64; Trident/7.0; rv:11.0) like Gecko" 
162.210.196.100 - - [06/Sep/2018:06:34:43 -0700] "GET /robots.txt HTTP/1.1" 200 289 "-" "Mozilla/5.0 (compatible; MJ12bot/v1.4.8; http://mj12bot.com/)" 
162.210.196.100 - - [06/Sep/2018:06:34:45 -0700] "GET / HTTP/1.1" 200 46156 "-" "Mozilla/5.0 (compatible; MJ12bot/v1.4.8; http://mj12bot.com/)" 
211.141.181.205 - - [06/Sep/2018:06:38:11 -0700] "GET /favicon.ico HTTP/1.1" 301 501 "-" "Mozilla/5.0 (Windows NT 10.0; WOW64) AppleWebKit/537.36 (KHTML, like Gecko) Chrome/49.0.2623.221 Safari/537.36 SE 2.X MetaSr 1.0" 
211.141.181.205 - - [06/Sep/2018:06:38:11 -0700] "GET /favicon.ico HTTP/1.1" 200 268 "-" "Mozilla/5.0 (Windows NT 10.0; WOW64) AppleWebKit/537.36 (KHTML, like Gecko) Chrome/49.0.2623.221 Safari/537.36 SE 2.X MetaSr 1.0" 
49.71.212.39 - - [06/Sep/2018:06:41:50 -0700] "GET /favicon.ico HTTP/1.1" 200 268 "-" "Mozilla/5.0 (Windows NT 6.1; WOW64) AppleWebKit/537.36 (KHTML, like Gecko) Chrome/58.0.3029.110 Safari/537.36 SE 2.X MetaSr 1.0" 
211.141.181.205 - - [06/Sep/2018:06:43:42 -0700] "GET /favicon.ico HTTP/1.1" 301 501 "-" "Mozilla/5.0 (Windows NT 10.0; WOW64) AppleWebKit/537.36 (KHTML, like Gecko) Chrome/49.0.2623.221 Safari/537.36 SE 2.X MetaSr 1.0" 
211.141.181.205 - - [06/Sep/2018:06:43:43 -0700] "GET /favicon.ico HTTP/1.1" 200 268 "-" "Mozilla/5.0 (Windows NT 10.0; WOW64) AppleWebKit/537.36 (KHTML, like Gecko) Chrome/49.0.2623.221 Safari/537.36 SE 2.X MetaSr 1.0" 
52.14.175.39 - - [06/Sep/2018:06:43:47 -0700] "GET / HTTP/1.1" 200 12383 "-" "Mozilla/5.0 (Macintosh; Intel Mac OS X x.y; rv:42.0) AppleWebKit/537.36 (KHTML, like Gecko) Chrome/51.0.2704.106 Safari/537.36 OPR/38.0.2220.41" 
211.141.181.205 - - [06/Sep/2018:06:44:45 -0700] "GET /favicon.ico HTTP/1.1" 301 501 "-" "Mozilla/5.0 (Windows NT 10.0; WOW64) AppleWebKit/537.36 (KHTML, like Gecko) Chrome/49.0.2623.221 Safari/537.36 SE 2.X MetaSr 1.0" 
211.141.181.205 - - [06/Sep/2018:06:44:46 -0700] "GET /favicon.ico HTTP/1.1" 200 268 "-" "Mozilla/5.0 (Windows NT 10.0; WOW64) AppleWebKit/537.36 (KHTML, like Gecko) Chrome/49.0.2623.221 Safari/537.36 SE 2.X MetaSr 1.0" 
211.141.181.205 - - [06/Sep/2018:06:44:46 -0700] "GET /favicon.ico HTTP/1.1" 301 500 "-" "Mozilla/5.0 (Windows NT 10.0; WOW64) AppleWebKit/537.36 (KHTML, like Gecko) Chrome/49.0.2623.221 Safari/537.36 SE 2.X MetaSr 1.0" 
211.141.181.205 - - [06/Sep/2018:06:44:46 -0700] "GET /favicon.ico HTTP/1.1" 200 267 "-" "Mozilla/5.0 (Windows NT 10.0; WOW64) AppleWebKit/537.36 (KHTML, like Gecko) Chrome/49.0.2623.221 Safari/537.36 SE 2.X MetaSr 1.0" 
49.71.212.39 - - [06/Sep/2018:06:46:10 -0700] "GET /favicon.ico HTTP/1.1" 200 268 "-" "Mozilla/5.0 (Windows NT 6.1; WOW64) AppleWebKit/537.36 (KHTML, like Gecko) Chrome/58.0.3029.110 Safari/537.36 SE 2.X MetaSr 1.0" 
87.116.178.236 - - [06/Sep/2018:06:46:36 -0700] "GET /wp-login.php HTTP/1.1" 418 732 "-" "Mozilla/5.0 (Windows NT 6.1; WOW64; rv:40.0) Gecko/20100101 Firefox/40.1" 
87.116.178.236 - - [06/Sep/2018:06:46:37 -0700] "GET / HTTP/1.1" 418 732 "-" "Mozilla/5.0 (Windows NT 6.1; WOW64; rv:40.0) Gecko/20100101 Firefox/40.1" 
173.77.244.109 - - [06/Sep/2018:06:46:47 -0700] "GET / HTTP/1.1" 301 483 "-" "Mozilla/5.0 (Macintosh; Intel Mac OS X 10_13_3) AppleWebKit/537.36 (KHTML, like Gecko) Chrome/68.0.3440.106 Safari/537.36" 
173.77.244.109 - - [06/Sep/2018:06:46:47 -0700] "GET / HTTP/1.1" 200 12383 "-" "Mozilla/5.0 (Macintosh; Intel Mac OS X 10_13_3) AppleWebKit/537.36 (KHTML, like Gecko) Chrome/68.0.3440.106 Safari/537.36" 
173.77.244.109 - - [06/Sep/2018:06:46:48 -0700] "GET /twitter-icon.png HTTP/1.1" 200 27787 "http://www.secrepo.com/" "Mozilla/5.0 (Macintosh; Intel Mac OS X 10_13_3) AppleWebKit/537.36 (KHTML, like Gecko) Chrome/68.0.3440.106 Safari/537.36" 
173.77.244.109 - - [06/Sep/2018:06:46:48 -0700] "GET /GitHub-Mark.png HTTP/1.1" 200 7427 "http://www.secrepo.com/" "Mozilla/5.0 (Macintosh; Intel Mac OS X 10_13_3) AppleWebKit/537.36 (KHTML, like Gecko) Chrome/68.0.3440.106 Safari/537.36" 
173.77.244.109 - - [06/Sep/2018:06:46:48 -0700] "GET /bootstrap/img/favicon.ico HTTP/1.1" 200 589 "http://www.secrepo.com/" "Mozilla/5.0 (Macintosh; Intel Mac OS X 10_13_3) AppleWebKit/537.36 (KHTML, like Gecko) Chrome/68.0.3440.106 Safari/537.36" 
62.255.51.195 - - [06/Sep/2018:06:47:02 -0700] "GET / HTTP/1.1" 200 12383 "https://www.google.co.uk/" "Mozilla/5.0 (Windows NT 6.1; Win64; x64) AppleWebKit/537.36 (KHTML, like Gecko) Chrome/68.0.3440.106 Safari/537.36" 
62.255.51.195 - - [06/Sep/2018:06:47:02 -0700] "GET /twitter-icon.png HTTP/1.1" 200 27787 "http://www.secrepo.com/" "Mozilla/5.0 (Windows NT 6.1; Win64; x64) AppleWebKit/537.36 (KHTML, like Gecko) Chrome/68.0.3440.106 Safari/537.36" 
62.255.51.195 - - [06/Sep/2018:06:47:02 -0700] "GET /GitHub-Mark.png HTTP/1.1" 200 7428 "http://www.secrepo.com/" "Mozilla/5.0 (Windows NT 6.1; Win64; x64) AppleWebKit/537.36 (KHTML, like Gecko) Chrome/68.0.3440.106 Safari/537.36" 
62.255.51.195 - - [06/Sep/2018:06:47:03 -0700] "GET /bootstrap/img/favicon.ico HTTP/1.1" 200 589 "http://www.secrepo.com/" "Mozilla/5.0 (Windows NT 6.1; Win64; x64) AppleWebKit/537.36 (KHTML, like Gecko) Chrome/68.0.3440.106 Safari/537.36" 
52.114.14.102 - - [06/Sep/2018:06:51:46 -0700] "GET / HTTP/1.1" 200 46212 "-" "Mozilla/5.0 (Windows NT 6.1; WOW64) SkypeUriPreview Preview/0.5" 
52.114.14.102 - - [06/Sep/2018:06:51:47 -0700] "GET /bootstrap/img/favicon.ico HTTP/1.1" 200 534 "-" "Mozilla/5.0 (Windows NT 6.1; WOW64) SkypeUriPreview Preview/0.5" 
134.169.109.6 - - [06/Sep/2018:06:53:03 -0700] "GET / HTTP/1.1" 200 12327 "-" "Go-http-client/1.1" 
192.175.27.2 - - [06/Sep/2018:06:53:33 -0700] "GET / HTTP/1.1" 200 12383 "-" "Mozilla/5.0 (Macintosh; Intel Mac OS X 10_13_6) AppleWebKit/537.36 (KHTML, like Gecko) Chrome/68.0.3440.84 Safari/537.36" 
192.175.27.2 - - [06/Sep/2018:06:53:33 -0700] "GET /twitter-icon.png HTTP/1.1" 200 27787 "http://www.secrepo.com/" "Mozilla/5.0 (Macintosh; Intel Mac OS X 10_13_6) AppleWebKit/537.36 (KHTML, like Gecko) Chrome/68.0.3440.84 Safari/537.36" 
192.175.27.2 - - [06/Sep/2018:06:53:33 -0700] "GET /GitHub-Mark.png HTTP/1.1" 200 7428 "http://www.secrepo.com/" "Mozilla/5.0 (Macintosh; Intel Mac OS X 10_13_6) AppleWebKit/537.36 (KHTML, like Gecko) Chrome/68.0.3440.84 Safari/537.36" 
173.77.244.109 - - [06/Sep/2018:06:53:34 -0700] "GET /maccdc2012/ssh.log.gz HTTP/1.1" 200 182517 "-" "Mozilla/5.0 (Macintosh; Intel Mac OS X 10_13_3) AppleWebKit/537.36 (KHTML, like Gecko) Chrome/68.0.3440.106 Safari/537.36" 
192.175.27.2 - - [06/Sep/2018:06:53:34 -0700] "GET /bootstrap/img/favicon.ico HTTP/1.1" 200 589 "http://www.secrepo.com/" "Mozilla/5.0 (Macintosh; Intel Mac OS X 10_13_6) AppleWebKit/537.36 (KHTML, like Gecko) Chrome/68.0.3440.84 Safari/537.36" 
173.77.244.109 - - [06/Sep/2018:06:54:13 -0700] "GET /Datasets%20Description/Network/dhcp.html HTTP/1.1" 200 1355 "http://www.secrepo.com/" "Mozilla/5.0 (Macintosh; Intel Mac OS X 10_13_3) AppleWebKit/537.36 (KHTML, like Gecko) Chrome/68.0.3440.106 Safari/537.36" 
173.77.244.109 - - [06/Sep/2018:06:54:13 -0700] "GET /favicon.ico HTTP/1.1" 200 267 "http://www.secrepo.com/Datasets%20Description/Network/dhcp.html" "Mozilla/5.0 (Macintosh; Intel Mac OS X 10_13_3) AppleWebKit/537.36 (KHTML, like Gecko) Chrome/68.0.3440.106 Safari/537.36" 
173.77.244.109 - - [06/Sep/2018:06:54:21 -0700] "GET /Datasets%20Description/Network/ssh.html HTTP/1.1" 200 1262 "http://www.secrepo.com/" "Mozilla/5.0 (Macintosh; Intel Mac OS X 10_13_3) AppleWebKit/537.36 (KHTML, like Gecko) Chrome/68.0.3440.106 Safari/537.36" 
173.77.244.109 - - [06/Sep/2018:06:54:37 -0700] "GET /Datasets%20Description/Network/smtp.html HTTP/1.1" 200 1531 "http://www.secrepo.com/" "Mozilla/5.0 (Macintosh; Intel Mac OS X 10_13_3) AppleWebKit/537.36 (KHTML, like Gecko) Chrome/68.0.3440.106 Safari/537.36" 
113.171.224.176 - - [06/Sep/2018:06:55:14 -0700] "GET /honeypot/Honeypot%20-%20Howto.pdf HTTP/1.1" 200 46720 "-" "Mozilla/5.0 Gecko/20100115 Firefox/3.6" 
143.165.81.136 - - [06/Sep/2018:06:55:27 -0700] "GET / HTTP/1.1" 200 12383 "-" "Mozilla/5.0 (Windows NT 6.1; WOW64) AppleWebKit/537.36 (KHTML, like Gecko) Chrome/68.0.3440.106 Safari/537.36" 
216.244.66.245 - - [06/Sep/2018:06:56:14 -0700] "GET /robots.txt HTTP/1.1" 200 233 "-" "Mozilla/5.0 (compatible; DotBot/1.1; http://www.opensiteexplorer.org/dotbot, help@moz.com)" 
46.229.168.84 - - [06/Sep/2018:06:57:12 -0700] "GET / HTTP/1.1" 200 12346 "-" "Mozilla/5.0 (compatible; SemrushBot/2~bl; +http://www.semrush.com/bot.html)" 
41.223.160.173 - - [06/Sep/2018:06:57:33 -0700] "GET /tg/tg_snort_fast.7z HTTP/1.1" 304 131 "-" "Mozilla/5.0 Gecko/20100115 Firefox/3.6" 
192.175.27.2 - - [06/Sep/2018:06:57:56 -0700] "GET /maccdc2012/ftp.log.gz HTTP/1.1" 200 127595 "-" "curl/7.54.0" 
192.175.27.2 - - [06/Sep/2018:06:58:30 -0700] "GET /maccdc2012/http.log.gz HTTP/1.1" 200 56420822 "-" "curl/7.54.0" 
192.175.27.2 - - [06/Sep/2018:07:00:28 -0700] "GET /maccdc2012/ssh.log.gz HTTP/1.1" 200 182401 "-" "curl/7.54.0" 
65.246.87.140 - - [06/Sep/2018:07:00:34 -0700] "GET / HTTP/1.1" 200 12383 "-" "Mozilla/5.0 (Windows NT 10.0; Win64; x64) AppleWebKit/537.36 (KHTML, like Gecko) Chrome/69.0.3497.81 Safari/537.36" 
65.246.87.140 - - [06/Sep/2018:07:00:34 -0700] "GET /twitter-icon.png HTTP/1.1" 200 27787 "http://www.secrepo.com/" "Mozilla/5.0 (Windows NT 10.0; Win64; x64) AppleWebKit/537.36 (KHTML, like Gecko) Chrome/69.0.3497.81 Safari/537.36" 
65.246.87.140 - - [06/Sep/2018:07:00:34 -0700] "GET /GitHub-Mark.png HTTP/1.1" 200 7428 "http://www.secrepo.com/" "Mozilla/5.0 (Windows NT 10.0; Win64; x64) AppleWebKit/537.36 (KHTML, like Gecko) Chrome/69.0.3497.81 Safari/537.36" 
192.175.27.2 - - [06/Sep/2018:07:00:50 -0700] "GET /maccdc2012/dns.log.gz HTTP/1.1" 200 6607213 "-" "curl/7.54.0" 
192.175.27.2 - - [06/Sep/2018:07:01:33 -0700] "GET /maccdc2012/dhcp.log.gz HTTP/1.1" 200 44811 "-" "curl/7.54.0" 
192.175.27.2 - - [06/Sep/2018:07:06:54 -0700] "GET /maccdc2012/ftp.log.gz HTTP/1.1" 200 127595 "-" "curl/7.54.0" 
207.46.13.133 - - [06/Sep/2018:07:07:52 -0700] "GET /self.logs/error.log.2017-02-09.gz HTTP/1.1" 200 1142 "-" "Mozilla/5.0 (compatible; bingbot/2.0; +http://www.bing.com/bingbot.htm)" 
192.175.27.2 - - [06/Sep/2018:07:07:02 -0700] "GET /maccdc2012/http.log.gz HTTP/1.1" 200 56420822 "-" "curl/7.54.0" 
192.175.27.2 - - [06/Sep/2018:07:11:15 -0700] "GET /maccdc2012/ssh.log.gz HTTP/1.1" 200 182401 "-" "curl/7.54.0" 
192.175.27.2 - - [06/Sep/2018:07:11:25 -0700] "GET /maccdc2012/dns.log.gz HTTP/1.1" 200 6607213 "-" "curl/7.54.0" 
66.249.64.193 - - [06/Sep/2018:07:12:54 -0700] "GET / HTTP/1.1" 200 12383 "-" "Mozilla/5.0 (Linux; Android 6.0.1; Nexus 5X Build/MMB29P) AppleWebKit/537.36 (KHTML, like Gecko) Chrome/41.0.2272.96 Mobile Safari/537.36 (compatible; Googlebot/2.1; +http://www.google.com/bot.html)" 
216.244.66.245 - - [06/Sep/2018:07:13:13 -0700] "GET /self.logs/access.log.2015-04-05.gz HTTP/1.1" 404 239 "-" "Mozilla/5.0 (compatible; DotBot/1.1; http://www.opensiteexplorer.org/dotbot, help@moz.com)" 
216.244.66.245 - - [06/Sep/2018:07:13:15 -0700] "GET /self.logs/error.log.2016-06-10.gz HTTP/1.1" 404 239 "-" "Mozilla/5.0 (compatible; DotBot/1.1; http://www.opensiteexplorer.org/dotbot, help@moz.com)" 
167.220.238.17 - - [06/Sep/2018:07:13:53 -0700] "GET / HTTP/1.1" 200 12383 "https://www.google.com/" "Mozilla/5.0 (Windows NT 10.0; Win64; x64) AppleWebKit/537.36 (KHTML, like Gecko) Chrome/68.0.3440.106 Safari/537.36" 
167.220.238.17 - - [06/Sep/2018:07:13:54 -0700] "GET /twitter-icon.png HTTP/1.1" 200 27787 "http://www.secrepo.com/" "Mozilla/5.0 (Windows NT 10.0; Win64; x64) AppleWebKit/537.36 (KHTML, like Gecko) Chrome/68.0.3440.106 Safari/537.36" 
18.219.142.57 - - [06/Sep/2018:07:14:03 -0700] "GET / HTTP/1.1" 200 12383 "-" "Mozilla/5.0 (Macintosh; Intel Mac OS X x.y; rv:42.0) Gecko/20100101 Chrome/67.0.3396.79 Safari/537.36" 
207.46.13.242 - - [06/Sep/2018:07:19:05 -0700] "GET /self.logs/ HTTP/1.1" 200 11996 "-" "Mozilla/5.0 (compatible; bingbot/2.0; +http://www.bing.com/bingbot.htm)" 
187.183.29.40 - - [06/Sep/2018:07:19:21 -0700] "GET / HTTP/1.1" 200 12383 "https://www.google.com.br/" "Mozilla/5.0 (Windows NT 10.0; Win64; x64) AppleWebKit/537.36 (KHTML, like Gecko) Chrome/68.0.3440.106 Safari/537.36" 
187.183.29.40 - - [06/Sep/2018:07:19:21 -0700] "GET /twitter-icon.png HTTP/1.1" 200 27787 "http://www.secrepo.com/" "Mozilla/5.0 (Windows NT 10.0; Win64; x64) AppleWebKit/537.36 (KHTML, like Gecko) Chrome/68.0.3440.106 Safari/537.36" 
187.183.29.40 - - [06/Sep/2018:07:19:24 -0700] "GET /GitHub-Mark.png HTTP/1.1" 200 7428 "http://www.secrepo.com/" "Mozilla/5.0 (Windows NT 10.0; Win64; x64) AppleWebKit/537.36 (KHTML, like Gecko) Chrome/68.0.3440.106 Safari/537.36" 
187.183.29.40 - - [06/Sep/2018:07:19:28 -0700] "GET /bootstrap/img/favicon.ico HTTP/1.1" 200 590 "http://www.secrepo.com/" "Mozilla/5.0 (Windows NT 10.0; Win64; x64) AppleWebKit/537.36 (KHTML, like Gecko) Chrome/68.0.3440.106 Safari/537.36" 
192.175.27.2 - - [06/Sep/2018:07:21:17 -0700] "GET /Datasets%20Description/Network/ssh.html HTTP/1.1" 200 1262 "http://www.secrepo.com/" "Mozilla/5.0 (Macintosh; Intel Mac OS X 10_13_6) AppleWebKit/537.36 (KHTML, like Gecko) Chrome/68.0.3440.84 Safari/537.36" 
192.175.27.2 - - [06/Sep/2018:07:21:17 -0700] "GET /favicon.ico HTTP/1.1" 200 267 "http://www.secrepo.com/Datasets%20Description/Network/ssh.html" "Mozilla/5.0 (Macintosh; Intel Mac OS X 10_13_6) AppleWebKit/537.36 (KHTML, like Gecko) Chrome/68.0.3440.84 Safari/537.36" 
5.201.227.21 - - [06/Sep/2018:07:25:15 -0700] "GET /bootstrap/img/favicon.ico HTTP/1.1" 200 590 "-" "Mozilla/5.0 (X11; Fedora; Linux x86_64; rv:61.0) Gecko/20100101 Firefox/61.0" 
132.200.132.34 - - [06/Sep/2018:07:25:48 -0700] "GET / HTTP/1.1" 200 12383 "https://www.google.com/" "Mozilla/5.0 (Windows NT 10.0; WOW64; rv:52.0) Gecko/20100101 Firefox/52.0" 
132.200.132.34 - - [06/Sep/2018:07:25:49 -0700] "GET /bootstrap/img/favicon.ico HTTP/1.1" 200 590 "-" "Mozilla/5.0 (Windows NT 10.0; WOW64; rv:52.0) Gecko/20100101 Firefox/52.0" 
132.200.132.34 - - [06/Sep/2018:07:25:49 -0700] "GET /twitter-icon.png HTTP/1.1" 200 27787 "http://www.secrepo.com/" "Mozilla/5.0 (Windows NT 10.0; WOW64; rv:52.0) Gecko/20100101 Firefox/52.0" 
132.200.132.34 - - [06/Sep/2018:07:25:49 -0700] "GET /GitHub-Mark.png HTTP/1.1" 200 7427 "http://www.secrepo.com/" "Mozilla/5.0 (Windows NT 10.0; WOW64; rv:52.0) Gecko/20100101 Firefox/52.0" 
72.12.209.131 - - [06/Sep/2018:07:26:34 -0700] "GET / HTTP/1.1" 200 12383 "https://www.google.com/" "Mozilla/5.0 (Windows NT 10.0; Win64; x64) AppleWebKit/537.36 (KHTML, like Gecko) Chrome/68.0.3440.106 Safari/537.36" 
72.12.209.131 - - [06/Sep/2018:07:26:34 -0700] "GET /twitter-icon.png HTTP/1.1" 200 27787 "http://www.secrepo.com/" "Mozilla/5.0 (Windows NT 10.0; Win64; x64) AppleWebKit/537.36 (KHTML, like Gecko) Chrome/68.0.3440.106 Safari/537.36" 
14.17.3.65 - - [06/Sep/2018:07:29:29 -0700] "GET / HTTP/1.1" 301 446 "-" "Mozilla/5.0 (iPhone; CPU iPhone OS 9_3_4 like Mac OS X) AppleWebKit/601.1.46 (KHTML, like Gecko) Mobile/13G35 QQ/6.5.3.410 V1_IPH_SQ_6.5.3_1_APP_A Pixel/750 Core/UIWebView NetType/2G Mem/117" 
14.17.3.65 - - [06/Sep/2018:07:29:30 -0700] "GET / HTTP/1.1" 200 12346 "http://secrepo.com/" "Mozilla/5.0 (iPhone; CPU iPhone OS 9_3_4 like Mac OS X) AppleWebKit/601.1.46 (KHTML, like Gecko) Mobile/13G35 QQ/6.5.3.410 V1_IPH_SQ_6.5.3_1_APP_A Pixel/750 Core/UIWebView NetType/2G Mem/117" 
120.204.17.70 - - [06/Sep/2018:07:30:27 -0700] "GET / HTTP/1.1" 301 498 "-" "Mozilla/5.0 (Windows NT 6.1; WOW64) AppleWebKit/537.36 (KHTML, like Gecko) Chrome/45.0.2454.101 Safari/537.36" 
120.204.17.70 - - [06/Sep/2018:07:30:28 -0700] "GET / HTTP/1.1" 200 46212 "http://secrepo.com/" "Mozilla/5.0 (Windows NT 6.1; WOW64) AppleWebKit/537.36 (KHTML, like Gecko) Chrome/45.0.2454.101 Safari/537.36" 
180.151.118.38 - - [06/Sep/2018:07:31:28 -0700] "GET / HTTP/1.1" 200 12383 "https://www.google.co.in/" "Mozilla/5.0 (Windows NT 10.0; Win64; x64) AppleWebKit/537.36 (KHTML, like Gecko) Chrome/68.0.3440.106 Safari/537.36" 
122.15.77.139 - - [06/Sep/2018:07:32:38 -0700] "GET / HTTP/1.1" 200 12383 "-" "Mozilla/5.0 (Macintosh; Intel Mac OS X 10_13_6) AppleWebKit/605.1.15 (KHTML, like Gecko)" 
122.15.77.139 - - [06/Sep/2018:07:32:39 -0700] "GET /apple-touch-icon-precomposed.png HTTP/1.1" 404 340 "-" "Safari/13605.3.8 CFNetwork/902.1 Darwin/17.7.0 (x86_64)" 
122.15.77.139 - - [06/Sep/2018:07:32:39 -0700] "GET /apple-touch-icon.png HTTP/1.1" 404 339 "-" "Safari/13605.3.8 CFNetwork/902.1 Darwin/17.7.0 (x86_64)" 
122.15.77.139 - - [06/Sep/2018:07:32:40 -0700] "GET /bootstrap/img/favicon.ico HTTP/1.1" 200 589 "-" "Safari/13605.3.8 CFNetwork/902.1 Darwin/17.7.0 (x86_64)" 
122.15.77.139 - - [06/Sep/2018:07:32:40 -0700] "GET / HTTP/1.1" 200 12382 "-" "\"Mozilla/5.0 (iPhone; CPU iPhone OS 11_0 like Mac OS X) AppleWebKit/604.1.38 (KHTML, like Gecko) Version/11.0 Mobile/15A372 Safari/604.1\"" 
122.15.77.139 - - [06/Sep/2018:07:32:40 -0700] "GET /apple-touch-icon-precomposed.png HTTP/1.1" 404 339 "-" "Safari/13605.3.8 CFNetwork/902.1 Darwin/17.7.0 (x86_64)" 
122.15.77.139 - - [06/Sep/2018:07:32:41 -0700] "GET /apple-touch-icon.png HTTP/1.1" 404 339 "-" "Safari/13605.3.8 CFNetwork/902.1 Darwin/17.7.0 (x86_64)" 
122.15.77.139 - - [06/Sep/2018:07:32:41 -0700] "GET /bootstrap/img/favicon.ico HTTP/1.1" 200 589 "-" "Safari/13605.3.8 CFNetwork/902.1 Darwin/17.7.0 (x86_64)" 
45.244.140.99 - - [06/Sep/2018:07:35:36 -0700] "GET /wp-login.php HTTP/1.1" 418 732 "-" "Mozilla/5.0 (Windows NT 6.1; WOW64; rv:40.0) Gecko/20100101 Firefox/40.1" 
196.221.33.28 - - [06/Sep/2018:07:35:40 -0700] "GET / HTTP/1.1" 418 732 "-" "Mozilla/5.0 (Windows NT 6.1; WOW64; rv:40.0) Gecko/20100101 Firefox/40.1" 
174.70.26.26 - - [06/Sep/2018:07:36:29 -0700] "GET / HTTP/1.1" 304 189 "https://www.google.com/" "Mozilla/5.0 (Windows NT 10.0; Win64; x64) AppleWebKit/537.36 (KHTML, like Gecko) Chrome/68.0.3440.106 Safari/537.36" 
174.70.26.26 - - [06/Sep/2018:07:36:40 -0700] "GET /maccdc2012/dhcp.log.gz HTTP/1.1" 200 45019 "-" "Mozilla/5.0 (Windows NT 10.0; Win64; x64) AppleWebKit/537.36 (KHTML, like Gecko) Chrome/68.0.3440.106 Safari/537.36" 
174.70.26.26 - - [06/Sep/2018:07:38:35 -0700] "GET /Datasets%20Description/Network/dhcp.html HTTP/1.1" 200 1355 "http://www.secrepo.com/" "Mozilla/5.0 (Windows NT 10.0; Win64; x64) AppleWebKit/537.36 (KHTML, like Gecko) Chrome/68.0.3440.106 Safari/537.36" 
174.70.26.26 - - [06/Sep/2018:07:38:36 -0700] "GET /favicon.ico HTTP/1.1" 200 267 "http://www.secrepo.com/Datasets%20Description/Network/dhcp.html" "Mozilla/5.0 (Windows NT 10.0; Win64; x64) AppleWebKit/537.36 (KHTML, like Gecko) Chrome/68.0.3440.106 Safari/537.36" 
174.70.26.26 - - [06/Sep/2018:07:39:34 -0700] "GET /Datasets%20Description/Network/dhcp.html HTTP/1.1" 200 1355 "http://www.secrepo.com/" "Mozilla/5.0 (Windows NT 10.0; Win64; x64) AppleWebKit/537.36 (KHTML, like Gecko) Chrome/68.0.3440.106 Safari/537.36" 
174.70.26.26 - - [06/Sep/2018:07:39:35 -0700] "GET /favicon.ico HTTP/1.1" 200 267 "http://www.secrepo.com/Datasets%20Description/Network/dhcp.html" "Mozilla/5.0 (Windows NT 10.0; Win64; x64) AppleWebKit/537.36 (KHTML, like Gecko) Chrome/68.0.3440.106 Safari/537.36" 
113.116.143.35 - - [06/Sep/2018:07:39:46 -0700] "GET /favicon.ico HTTP/1.1" 200 268 "-" "Mozilla/5.0 (Windows NT 10.0; WOW64) AppleWebKit/537.36 (KHTML, like Gecko) Chrome/63.0.3239.132 Safari/537.36" 
216.244.66.245 - - [06/Sep/2018:07:39:50 -0700] "GET /robots.txt HTTP/1.1" 200 233 "-" "Mozilla/5.0 (compatible; DotBot/1.1; http://www.opensiteexplorer.org/dotbot, help@moz.com)" 
192.175.27.2 - - [06/Sep/2018:07:41:43 -0700] "GET /Datasets%20Description/Network/ssl.html HTTP/1.1" 200 1479 "http://www.secrepo.com/" "Mozilla/5.0 (Macintosh; Intel Mac OS X 10_13_6) AppleWebKit/537.36 (KHTML, like Gecko) Chrome/68.0.3440.84 Safari/537.36" 
173.77.244.109 - - [06/Sep/2018:07:41:50 -0700] "GET /Datasets%20Description/Network/ssh.html HTTP/1.1" 200 1262 "http://www.secrepo.com/" "Mozilla/5.0 (Macintosh; Intel Mac OS X 10_13_3) AppleWebKit/537.36 (KHTML, like Gecko) Chrome/68.0.3440.106 Safari/537.36" 
192.175.27.2 - - [06/Sep/2018:07:42:01 -0700] "GET /Datasets%20Description/Network/http.html HTTP/1.1" 200 1603 "http://www.secrepo.com/" "Mozilla/5.0 (Macintosh; Intel Mac OS X 10_13_6) AppleWebKit/537.36 (KHTML, like Gecko) Chrome/68.0.3440.84 Safari/537.36" 
18.222.108.192 - - [06/Sep/2018:07:43:56 -0700] "GET / HTTP/1.1" 200 12383 "-" "Mozilla/5.0 (Windows NT 6.1; Win64; x64; rv:47.0) AppleWebKit/537.36 (KHTML, like Gecko) Chrome/51.0.2704.106 Safari/537.36 OPR/38.0.2220.41" 
100.8.35.242 - - [06/Sep/2018:07:46:12 -0700] "GET / HTTP/1.1" 200 12383 "https://www.google.com/" "Mozilla/5.0 (Macintosh; Intel Mac OS X 10_13_5) AppleWebKit/537.36 (KHTML, like Gecko) Chrome/68.0.3440.106 Safari/537.36" 
100.8.35.242 - - [06/Sep/2018:07:46:12 -0700] "GET /twitter-icon.png HTTP/1.1" 200 27787 "http://www.secrepo.com/" "Mozilla/5.0 (Macintosh; Intel Mac OS X 10_13_5) AppleWebKit/537.36 (KHTML, like Gecko) Chrome/68.0.3440.106 Safari/537.36" 
100.8.35.242 - - [06/Sep/2018:07:46:12 -0700] "GET /GitHub-Mark.png HTTP/1.1" 200 7428 "http://www.secrepo.com/" "Mozilla/5.0 (Macintosh; Intel Mac OS X 10_13_5) AppleWebKit/537.36 (KHTML, like Gecko) Chrome/68.0.3440.106 Safari/537.36" 
216.244.66.245 - - [06/Sep/2018:07:52:21 -0700] "GET /self.logs/access.log.2018-02-28.gz HTTP/1.1" 200 24432 "-" "Mozilla/5.0 (compatible; DotBot/1.1; http://www.opensiteexplorer.org/dotbot, help@moz.com)" 
216.244.66.245 - - [06/Sep/2018:07:57:29 -0700] "GET /self.logs/access.log.2015-06-29.gz HTTP/1.1" 404 239 "-" "Mozilla/5.0 (compatible; DotBot/1.1; http://www.opensiteexplorer.org/dotbot, help@moz.com)" 
216.244.66.245 - - [06/Sep/2018:07:57:30 -0700] "GET /self.logs/access.log.2015-07-01.gz HTTP/1.1" 404 239 "-" "Mozilla/5.0 (compatible; DotBot/1.1; http://www.opensiteexplorer.org/dotbot, help@moz.com)" 
216.244.66.245 - - [06/Sep/2018:07:57:32 -0700] "GET /self.logs/access.log.2015-12-08.gz HTTP/1.1" 404 239 "-" "Mozilla/5.0 (compatible; DotBot/1.1; http://www.opensiteexplorer.org/dotbot, help@moz.com)" 
216.244.66.245 - - [06/Sep/2018:07:57:33 -0700] "GET /self.logs/error.log.2016-05-11.gz HTTP/1.1" 404 239 "-" "Mozilla/5.0 (compatible; DotBot/1.1; http://www.opensiteexplorer.org/dotbot, help@moz.com)" 
216.244.66.245 - - [06/Sep/2018:07:57:35 -0700] "GET /self.logs/error.log.2016-12-23.gz HTTP/1.1" 404 239 "-" "Mozilla/5.0 (compatible; DotBot/1.1; http://www.opensiteexplorer.org/dotbot, help@moz.com)" 
216.244.66.245 - - [06/Sep/2018:07:57:36 -0700] "GET /self.logs/error.log.2016-12-30.gz HTTP/1.1" 404 239 "-" "Mozilla/5.0 (compatible; DotBot/1.1; http://www.opensiteexplorer.org/dotbot, help@moz.com)" 
130.234.167.69 - - [06/Sep/2018:07:57:37 -0700] "GET / HTTP/1.1" 200 12383 "-" "Mozilla/5.0 (Windows NT 6.1; WOW64; rv:52.0) Gecko/20100101 Firefox/52.0" 
130.234.167.69 - - [06/Sep/2018:07:57:38 -0700] "GET /bootstrap/img/favicon.ico HTTP/1.1" 200 589 "-" "Mozilla/5.0 (Windows NT 6.1; WOW64; rv:52.0) Gecko/20100101 Firefox/52.0" 
130.234.167.69 - - [06/Sep/2018:07:57:39 -0700] "GET /twitter-icon.png HTTP/1.1" 200 27787 "http://www.secrepo.com/" "Mozilla/5.0 (Windows NT 6.1; WOW64; rv:52.0) Gecko/20100101 Firefox/52.0" 
130.234.167.69 - - [06/Sep/2018:07:57:39 -0700] "GET /GitHub-Mark.png HTTP/1.1" 200 7428 "http://www.secrepo.com/" "Mozilla/5.0 (Windows NT 6.1; WOW64; rv:52.0) Gecko/20100101 Firefox/52.0" 
113.171.224.176 - - [06/Sep/2018:07:59:17 -0700] "GET /honeypot/Honeypot%20-%20Howto.pdf HTTP/1.1" 200 46720 "-" "Mozilla/5.0 Gecko/20100115 Firefox/3.6" 
40.77.189.219 - - [06/Sep/2018:08:01:51 -0700] "GET /twitter-icon.png HTTP/1.1" 200 27788 "-" "Mozilla/5.0 (Windows NT 6.1; WOW64) AppleWebKit/534+ (KHTML, like Gecko) BingPreview/1.0b" 
40.77.188.25 - - [06/Sep/2018:08:01:51 -0700] "GET /GitHub-Mark.png HTTP/1.1" 200 7428 "-" "Mozilla/5.0 (Windows NT 6.1; WOW64) AppleWebKit/534+ (KHTML, like Gecko) BingPreview/1.0b" 
91.110.152.187 - - [06/Sep/2018:08:02:59 -0700] "GET /bootstrap/img/favicon.ico HTTP/1.1" 200 590 "-" "Mozilla/5.0 (X11; Ubuntu; Linux x86_64; rv:61.0) Gecko/20100101 Firefox/61.0" 
49.146.15.59 - - [06/Sep/2018:08:05:22 -0700] "GET /honeypot/BSidesDFW%20-%202014.ipynb HTTP/1.1" 200 930836 "http://www.secrepo.com/" "Mozilla/5.0 (Windows NT 6.1; WOW64) AppleWebKit/537.36 (KHTML, like Gecko) Chrome/67.0.3393.4 Safari/537.36" 
199.58.86.206 - - [06/Sep/2018:08:07:07 -0700] "GET /robots.txt HTTP/1.1" 200 289 "-" "Mozilla/5.0 (compatible; MJ12bot/v1.4.8; http://mj12bot.com/)" 
199.58.86.206 - - [06/Sep/2018:08:07:10 -0700] "GET / HTTP/1.1" 200 46156 "-" "Mozilla/5.0 (compatible; MJ12bot/v1.4.8; http://mj12bot.com/)" 
84.52.88.179 - - [06/Sep/2018:08:07:47 -0700] "GET / HTTP/1.1" 200 12383 "-" "Mozilla/5.0 (Macintosh; Intel Mac OS X 10_13_6) AppleWebKit/605.1.15 (KHTML, like Gecko) Version/11.1.2 Safari/605.1.15" 
84.52.88.179 - - [06/Sep/2018:08:07:48 -0700] "GET /twitter-icon.png HTTP/1.1" 200 27787 "http://www.secrepo.com/" "Mozilla/5.0 (Macintosh; Intel Mac OS X 10_13_6) AppleWebKit/605.1.15 (KHTML, like Gecko) Version/11.1.2 Safari/605.1.15" 
84.52.88.179 - - [06/Sep/2018:08:07:48 -0700] "GET /GitHub-Mark.png HTTP/1.1" 200 7428 "http://www.secrepo.com/" "Mozilla/5.0 (Macintosh; Intel Mac OS X 10_13_6) AppleWebKit/605.1.15 (KHTML, like Gecko) Version/11.1.2 Safari/605.1.15" 
84.52.88.179 - - [06/Sep/2018:08:07:48 -0700] "GET /bootstrap/img/favicon.ico HTTP/1.1" 200 590 "http://www.secrepo.com/" "Mozilla/5.0 (Macintosh; Intel Mac OS X 10_13_6) AppleWebKit/605.1.15 (KHTML, like Gecko) Version/11.1.2 Safari/605.1.15" 
148.129.71.156 - - [06/Sep/2018:08:09:57 -0700] "GET / HTTP/1.1" 200 12383 "https://www.google.com/" "Mozilla/5.0 (Windows NT 6.1; WOW64; rv:60.0) Gecko/20100101 Firefox/60.0" 
148.129.71.156 - - [06/Sep/2018:08:09:58 -0700] "GET /GitHub-Mark.png HTTP/1.1" 200 7427 "http://www.secrepo.com/" "Mozilla/5.0 (Windows NT 6.1; WOW64; rv:60.0) Gecko/20100101 Firefox/60.0" 
148.129.71.156 - - [06/Sep/2018:08:09:58 -0700] "GET /twitter-icon.png HTTP/1.1" 200 27788 "http://www.secrepo.com/" "Mozilla/5.0 (Windows NT 6.1; WOW64; rv:60.0) Gecko/20100101 Firefox/60.0" 
148.129.71.156 - - [06/Sep/2018:08:09:59 -0700] "GET /bootstrap/img/favicon.ico HTTP/1.1" 200 589 "-" "Mozilla/5.0 (Windows NT 6.1; WOW64; rv:60.0) Gecko/20100101 Firefox/60.0" 
68.83.35.121 - - [06/Sep/2018:08:11:17 -0700] "GET /self.logs/ HTTP/1.1" 200 11996 "http://www.secrepo.com/" "Mozilla/5.0 (Windows NT 6.3; Win64; x64) AppleWebKit/537.36 (KHTML, like Gecko) Chrome/68.0.3440.106 Safari/537.36" 
68.83.35.121 - - [06/Sep/2018:08:11:18 -0700] "GET /favicon.ico HTTP/1.1" 200 267 "http://www.secrepo.com/self.logs/" "Mozilla/5.0 (Windows NT 6.3; Win64; x64) AppleWebKit/537.36 (KHTML, like Gecko) Chrome/68.0.3440.106 Safari/537.36" 
34.229.233.161 - - [06/Sep/2018:08:11:27 -0700] "GET / HTTP/1.1" 200 46156 "-" "Mozilla/4.0 (compatible; MSIE 8.0; Windows NT 5.1; Trident/4.0)" 
68.83.35.121 - - [06/Sep/2018:08:11:42 -0700] "GET /self.logs/access.log.2017-01-04.gz HTTP/1.1" 200 33744 "http://www.secrepo.com/self.logs/" "Mozilla/5.0 (Windows NT 6.3; Win64; x64) AppleWebKit/537.36 (KHTML, like Gecko) Chrome/68.0.3440.106 Safari/537.36" 
148.129.71.156 - - [06/Sep/2018:08:13:11 -0700] "GET / HTTP/1.1" 200 12383 "-" "Mozilla/5.0 (Windows NT 6.1; WOW64; rv:60.0) Gecko/20100101 Firefox/60.0" 
148.129.71.156 - - [06/Sep/2018:08:13:11 -0700] "GET /twitter-icon.png HTTP/1.1" 200 27787 "http://www.secrepo.com/" "Mozilla/5.0 (Windows NT 6.1; WOW64; rv:60.0) Gecko/20100101 Firefox/60.0" 
148.129.71.156 - - [06/Sep/2018:08:13:11 -0700] "GET /GitHub-Mark.png HTTP/1.1" 200 7428 "http://www.secrepo.com/" "Mozilla/5.0 (Windows NT 6.1; WOW64; rv:60.0) Gecko/20100101 Firefox/60.0" 
68.83.35.121 - - [06/Sep/2018:08:13:15 -0700] "GET /honeypot/Honeypot%20-%20Howto.pdf HTTP/1.1" 200 1279418 "http://www.secrepo.com/" "Mozilla/5.0 (Windows NT 6.3; Win64; x64) AppleWebKit/537.36 (KHTML, like Gecko) Chrome/68.0.3440.106 Safari/537.36" 
18.191.165.71 - - [06/Sep/2018:08:13:51 -0700] "GET / HTTP/1.1" 200 12383 "-" "Mozilla/5.0 (X11; Linux x86_64) Trident/5.0 Chrome/51.0.2704.106 Safari/537.36 OPR/38.0.2220.41" 
81.161.202.104 - - [06/Sep/2018:08:15:58 -0700] "GET /wp-login.php HTTP/1.1" 418 732 "-" "Mozilla/5.0 (Windows NT 6.1; WOW64; rv:40.0) Gecko/20100101 Firefox/40.1" 
81.161.202.104 - - [06/Sep/2018:08:15:58 -0700] "GET / HTTP/1.1" 418 732 "-" "Mozilla/5.0 (Windows NT 6.1; WOW64; rv:40.0) Gecko/20100101 Firefox/40.1" 
174.214.2.204 - - [06/Sep/2018:08:16:16 -0700] "GET / HTTP/1.1" 200 12383 "https://www.google.com/" "Mozilla/5.0 (Macintosh; Intel Mac OS X 10_14_0) AppleWebKit/537.36 (KHTML, like Gecko) Chrome/68.0.3440.106 Safari/537.36" 
174.214.2.204 - - [06/Sep/2018:08:16:16 -0700] "GET /twitter-icon.png HTTP/1.1" 200 27787 "http://www.secrepo.com/" "Mozilla/5.0 (Macintosh; Intel Mac OS X 10_14_0) AppleWebKit/537.36 (KHTML, like Gecko) Chrome/68.0.3440.106 Safari/537.36" 
174.214.2.204 - - [06/Sep/2018:08:16:20 -0700] "GET /GitHub-Mark.png HTTP/1.1" 200 7428 "http://www.secrepo.com/" "Mozilla/5.0 (Macintosh; Intel Mac OS X 10_14_0) AppleWebKit/537.36 (KHTML, like Gecko) Chrome/68.0.3440.106 Safari/537.36" 
174.214.2.204 - - [06/Sep/2018:08:16:30 -0700] "GET /bootstrap/img/favicon.ico HTTP/1.1" 200 590 "http://www.secrepo.com/" "Mozilla/5.0 (Macintosh; Intel Mac OS X 10_14_0) AppleWebKit/537.36 (KHTML, like Gecko) Chrome/68.0.3440.106 Safari/537.36" 
208.80.194.28 - - [06/Sep/2018:08:21:23 -0700] "GET / HTTP/1.0" 200 46201 "-" "Mozilla/5.0 (Macintosh; Intel Mac OS X 10_6_8) AppleWebKit/534.50 (KHTML, like Gecko) Version/5.1 Safari/534.50" 
40.77.167.180 - - [06/Sep/2018:08:23:00 -0700] "GET /self.logs/error.log.2017-01-08.gz HTTP/1.1" 200 1107 "-" "Mozilla/5.0 (compatible; bingbot/2.0; +http://www.bing.com/bingbot.htm)" 
66.249.64.193 - - [06/Sep/2018:08:23:04 -0700] "GET / HTTP/1.1" 200 12383 "-" "Mozilla/5.0 (Linux; Android 6.0.1; Nexus 5X Build/MMB29P) AppleWebKit/537.36 (KHTML, like Gecko) Chrome/41.0.2272.96 Mobile Safari/537.36 (compatible; Googlebot/2.1; +http://www.google.com/bot.html)" 
216.244.66.245 - - [06/Sep/2018:08:23:34 -0700] "GET /robots.txt HTTP/1.1" 200 233 "-" "Mozilla/5.0 (compatible; DotBot/1.1; http://www.opensiteexplorer.org/dotbot, help@moz.com)" 
137.204.22.28 - - [06/Sep/2018:08:29:32 -0700] "GET / HTTP/1.1" 200 12383 "-" "Mozilla/5.0 (X11; Ubuntu; Linux x86_64; rv:61.0) Gecko/20100101 Firefox/61.0" 
137.204.22.28 - - [06/Sep/2018:08:29:33 -0700] "GET /GitHub-Mark.png HTTP/1.1" 200 7427 "http://www.secrepo.com/" "Mozilla/5.0 (X11; Ubuntu; Linux x86_64; rv:61.0) Gecko/20100101 Firefox/61.0" 
137.204.22.28 - - [06/Sep/2018:08:29:33 -0700] "GET /bootstrap/img/favicon.ico HTTP/1.1" 304 164 "-" "Mozilla/5.0 (X11; Ubuntu; Linux x86_64; rv:61.0) Gecko/20100101 Firefox/61.0" 
194.152.27.121 - - [06/Sep/2018:08:32:54 -0700] "GET /wp-login.php HTTP/1.1" 418 732 "-" "Mozilla/5.0 (Windows NT 6.1; WOW64; rv:40.0) Gecko/20100101 Firefox/40.1" 
194.152.27.121 - - [06/Sep/2018:08:32:54 -0700] "GET / HTTP/1.1" 418 732 "-" "Mozilla/5.0 (Windows NT 6.1; WOW64; rv:40.0) Gecko/20100101 Firefox/40.1" 
217.172.21.54 - - [06/Sep/2018:08:34:25 -0700] "GET / HTTP/1.1" 200 12383 "https://www.google.com/" "Mozilla/5.0 (Macintosh; Intel Mac OS X 10_13_6) AppleWebKit/605.1.15 (KHTML, like Gecko) Version/11.1.2 Safari/605.1.15" 
217.172.21.54 - - [06/Sep/2018:08:34:25 -0700] "GET /twitter-icon.png HTTP/1.1" 200 27787 "http://www.secrepo.com/" "Mozilla/5.0 (Macintosh; Intel Mac OS X 10_13_6) AppleWebKit/605.1.15 (KHTML, like Gecko) Version/11.1.2 Safari/605.1.15" 
217.172.21.54 - - [06/Sep/2018:08:34:25 -0700] "GET /GitHub-Mark.png HTTP/1.1" 200 7428 "http://www.secrepo.com/" "Mozilla/5.0 (Macintosh; Intel Mac OS X 10_13_6) AppleWebKit/605.1.15 (KHTML, like Gecko) Version/11.1.2 Safari/605.1.15" 
217.172.21.54 - - [06/Sep/2018:08:34:25 -0700] "GET /bootstrap/img/favicon.ico HTTP/1.1" 200 590 "http://www.secrepo.com/" "Mozilla/5.0 (Macintosh; Intel Mac OS X 10_13_6) AppleWebKit/605.1.15 (KHTML, like Gecko) Version/11.1.2 Safari/605.1.15" 
34.196.97.47 - - [06/Sep/2018:08:38:18 -0700] "GET / HTTP/1.1" 200 12383 "https://www.google.com" "Mozilla/5.0 (Macintosh; Intel Mac OS X 10_9_2) AppleWebKit/537.36 (KHTML, like Gecko) Chrome/34.0.1847.116 Safari/537.36" 
216.244.66.245 - - [06/Sep/2018:08:39:32 -0700] "GET /self.logs/access.log.2015-06-21.gz HTTP/1.1" 404 239 "-" "Mozilla/5.0 (compatible; DotBot/1.1; http://www.opensiteexplorer.org/dotbot, help@moz.com)" 
216.244.66.245 - - [06/Sep/2018:08:39:34 -0700] "GET /self.logs/error.log.2015-04-02.gz HTTP/1.1" 404 239 "-" "Mozilla/5.0 (compatible; DotBot/1.1; http://www.opensiteexplorer.org/dotbot, help@moz.com)" 
216.244.66.245 - - [06/Sep/2018:08:39:36 -0700] "GET /self.logs/error.log.2016-04-08.gz HTTP/1.1" 404 239 "-" "Mozilla/5.0 (compatible; DotBot/1.1; http://www.opensiteexplorer.org/dotbot, help@moz.com)" 
216.244.66.245 - - [06/Sep/2018:08:39:38 -0700] "GET /self.logs/error.log.2016-11-25.gz HTTP/1.1" 404 239 "-" "Mozilla/5.0 (compatible; DotBot/1.1; http://www.opensiteexplorer.org/dotbot, help@moz.com)" 
172.5.239.146 - - [06/Sep/2018:08:42:16 -0700] "GET / HTTP/1.1" 200 12383 "https://www.google.com/" "Mozilla/5.0 (Windows NT 10.0; Win64; x64) AppleWebKit/537.36 (KHTML, like Gecko) Chrome/68.0.3440.106 Safari/537.36" 
172.5.239.146 - - [06/Sep/2018:08:42:16 -0700] "GET /twitter-icon.png HTTP/1.1" 200 27787 "http://www.secrepo.com/" "Mozilla/5.0 (Windows NT 10.0; Win64; x64) AppleWebKit/537.36 (KHTML, like Gecko) Chrome/68.0.3440.106 Safari/537.36" 
84.241.11.129 - - [06/Sep/2018:08:43:30 -0700] "GET /honeypot/BSidesDFW%20-%202014.ipynb HTTP/1.1" 200 930836 "http://www.secrepo.com/" "Mozilla/5.0 (Macintosh; Intel Mac OS X 10_13_1) AppleWebKit/537.36 (KHTML, like Gecko) Chrome/63.0.3239.132 Safari/537.36" 
177.72.169.124 - - [06/Sep/2018:08:43:38 -0700] "GET /honeypot/BSidesDFW%20-%202014.ipynb HTTP/1.1" 200 930836 "http://www.secrepo.com/" "Mozilla/5.0 (Macintosh; Intel Mac OS X 10_13_1) AppleWebKit/537.36 (KHTML, like Gecko) Chrome/63.0.3239.132 Safari/537.36" 
18.188.94.118 - - [06/Sep/2018:08:44:17 -0700] "GET / HTTP/1.1" 200 12383 "-" "Mozilla/5.0 (Windows NT 6.1; Win64; x64; rv:47.0) Trident/5.0 Safari/602.1" 
207.46.13.133 - - [06/Sep/2018:08:57:28 -0700] "GET /maccdc2012/dns.log.gz HTTP/1.1" 200 878585 "-" "Mozilla/5.0 (compatible; bingbot/2.0; +http://www.bing.com/bingbot.htm)" 
109.177.186.242 - - [06/Sep/2018:09:00:08 -0700] "GET /wp-login.php HTTP/1.1" 418 732 "-" "Mozilla/5.0 (Windows NT 6.1; WOW64; rv:40.0) Gecko/20100101 Firefox/40.1" 
109.177.186.242 - - [06/Sep/2018:09:00:08 -0700] "GET / HTTP/1.1" 418 732 "-" "Mozilla/5.0 (Windows NT 6.1; WOW64; rv:40.0) Gecko/20100101 Firefox/40.1" 
113.171.224.176 - - [06/Sep/2018:09:03:55 -0700] "GET /honeypot/Honeypot%20-%20Howto.pdf HTTP/1.1" 200 46720 "-" "Mozilla/5.0 Gecko/20100115 Firefox/3.6" 
150.116.173.173 - - [06/Sep/2018:09:06:27 -0700] "GET / HTTP/1.1" 301 483 "-" "Mozilla/5.0 (Windows NT 10.0; Win64; x64) AppleWebKit/537.36 (KHTML, like Gecko) Chrome/68.0.3440.106 Safari/537.36" 
150.116.173.173 - - [06/Sep/2018:09:06:28 -0700] "GET / HTTP/1.1" 200 12383 "-" "Mozilla/5.0 (Windows NT 10.0; Win64; x64) AppleWebKit/537.36 (KHTML, like Gecko) Chrome/68.0.3440.106 Safari/537.36" 
150.116.173.173 - - [06/Sep/2018:09:06:28 -0700] "GET /twitter-icon.png HTTP/1.1" 200 27787 "http://www.secrepo.com/" "Mozilla/5.0 (Windows NT 10.0; Win64; x64) AppleWebKit/537.36 (KHTML, like Gecko) Chrome/68.0.3440.106 Safari/537.36" 
150.116.173.173 - - [06/Sep/2018:09:06:28 -0700] "GET /GitHub-Mark.png HTTP/1.1" 200 7428 "http://www.secrepo.com/" "Mozilla/5.0 (Windows NT 10.0; Win64; x64) AppleWebKit/537.36 (KHTML, like Gecko) Chrome/68.0.3440.106 Safari/537.36" 
150.116.173.173 - - [06/Sep/2018:09:06:29 -0700] "GET /bootstrap/img/favicon.ico HTTP/1.1" 200 589 "http://www.secrepo.com/" "Mozilla/5.0 (Windows NT 10.0; Win64; x64) AppleWebKit/537.36 (KHTML, like Gecko) Chrome/68.0.3440.106 Safari/537.36" 
216.244.66.245 - - [06/Sep/2018:09:07:07 -0700] "GET /robots.txt HTTP/1.1" 200 233 "-" "Mozilla/5.0 (compatible; DotBot/1.1; http://www.opensiteexplorer.org/dotbot, help@moz.com)" 
46.235.71.241 - - [06/Sep/2018:09:10:49 -0700] "GET / HTTP/1.1" 200 12327 "http://www.secrepo.com/" "Mozilla/5.0 (Windows NT 6.1; WOW64) AppleWebKit/537.36 (KHTML, like Gecko) Chrome/66.0.3359.170 Safari/537.36 OPR/53.0.2907.57 (Edition Yx)" 
17.58.100.204 - - [06/Sep/2018:09:11:44 -0700] "GET /robots.txt HTTP/1.1" 301 502 "-" "Mozilla/5.0 (Macintosh; Intel Mac OS X 10_10_1) AppleWebKit/600.2.5 (KHTML, like Gecko) Version/8.0.2 Safari/600.2.5 (Applebot/0.1; +http://www.apple.com/go/applebot)" 
17.58.100.204 - - [06/Sep/2018:09:11:44 -0700] "GET /robots.txt HTTP/1.1" 200 334 "-" "Mozilla/5.0 (Macintosh; Intel Mac OS X 10_10_1) AppleWebKit/600.2.5 (KHTML, like Gecko) Version/8.0.2 Safari/600.2.5 (Applebot/0.1; +http://www.apple.com/go/applebot)" 
17.58.100.204 - - [06/Sep/2018:09:11:44 -0700] "GET / HTTP/1.1" 301 482 "-" "Mozilla/5.0 (Macintosh; Intel Mac OS X 10_10_1) AppleWebKit/600.2.5 (KHTML, like Gecko) Version/8.0.2 Safari/600.2.5 (Applebot/0.1; +http://www.apple.com/go/applebot)" 
17.58.100.204 - - [06/Sep/2018:09:11:44 -0700] "GET /robots.txt HTTP/1.1" 200 333 "-" "Mozilla/5.0 (Macintosh; Intel Mac OS X 10_10_1) AppleWebKit/600.2.5 (KHTML, like Gecko) Version/8.0.2 Safari/600.2.5 (Applebot/0.1; +http://www.apple.com/go/applebot)" 
17.58.100.204 - - [06/Sep/2018:09:11:44 -0700] "GET / HTTP/1.1" 200 12382 "-" "Mozilla/5.0 (Macintosh; Intel Mac OS X 10_10_1) AppleWebKit/600.2.5 (KHTML, like Gecko) Version/8.0.2 Safari/600.2.5 (Applebot/0.1; +http://www.apple.com/go/applebot)" 
197.230.100.115 - - [06/Sep/2018:09:12:11 -0700] "GET / HTTP/1.1" 200 12383 "https://www.google.com/" "Mozilla/5.0 (Windows NT 10.0; Win64; x64) AppleWebKit/537.36 (KHTML, like Gecko) Chrome/68.0.3440.106 Safari/537.36" 
197.230.100.115 - - [06/Sep/2018:09:12:12 -0700] "GET /GitHub-Mark.png HTTP/1.1" 200 7428 "http://www.secrepo.com/" "Mozilla/5.0 (Windows NT 10.0; Win64; x64) AppleWebKit/537.36 (KHTML, like Gecko) Chrome/68.0.3440.106 Safari/537.36" 
197.230.100.115 - - [06/Sep/2018:09:12:12 -0700] "GET /twitter-icon.png HTTP/1.1" 200 27787 "http://www.secrepo.com/" "Mozilla/5.0 (Windows NT 10.0; Win64; x64) AppleWebKit/537.36 (KHTML, like Gecko) Chrome/68.0.3440.106 Safari/537.36" 
197.230.100.115 - - [06/Sep/2018:09:12:12 -0700] "GET /bootstrap/img/favicon.ico HTTP/1.1" 200 589 "http://www.secrepo.com/" "Mozilla/5.0 (Windows NT 10.0; Win64; x64) AppleWebKit/537.36 (KHTML, like Gecko) Chrome/68.0.3440.106 Safari/537.36" 
18.216.137.18 - - [06/Sep/2018:09:13:48 -0700] "GET / HTTP/1.1" 200 12383 "-" "Mozilla/5.0 (Windows NT 6.1; Win64; x64; rv:47.0) AppleWebKit/537.36 (KHTML, like Gecko) Chrome/67.0.3396.79 Safari/537.36" 
157.55.39.208 - - [06/Sep/2018:09:16:43 -0700] "GET /self.logs/error.log.2017-03-31.gz HTTP/1.1" 200 4108 "-" "Mozilla/5.0 (compatible; bingbot/2.0; +http://www.bing.com/bingbot.htm)" 
216.244.66.245 - - [06/Sep/2018:09:18:14 -0700] "GET /self.logs/error.log.2017-11-26.gz HTTP/1.1" 200 1930 "-" "Mozilla/5.0 (compatible; DotBot/1.1; http://www.opensiteexplorer.org/dotbot, help@moz.com)" 
35.240.50.248 - - [06/Sep/2018:09:20:10 -0700] "GET / HTTP/1.1" 301 461 "-" "Mozilla/5.0 (Macintosh; Intel Mac OS X 10_13_3) AppleWebKit/537.36 (KHTML, like Gecko) Chrome/64.0.3282.167 Safari/537.36" 
104.42.198.99 - - [06/Sep/2018:09:22:11 -0700] "GET /maccdc2012/maccdc2012_fast_alert.7z HTTP/1.1" 200 9478138 "-" "Mozilla/4.0 (compatible; MSIE 6.0; Windows NT 5.1; .NET CLR 1.1.4322; .NET CLR 2.0.50727)" 
66.249.64.134 - - [06/Sep/2018:09:23:04 -0700] "GET /robots.txt HTTP/1.1" 301 502 "-" "Mozilla/5.0 (compatible; Googlebot/2.1; +http://www.google.com/bot.html)" 
66.249.64.221 - - [06/Sep/2018:09:23:04 -0700] "GET /robots.txt HTTP/1.1" 200 334 "-" "Mozilla/5.0 (compatible; Googlebot/2.1; +http://www.google.com/bot.html)" 
66.249.64.134 - - [06/Sep/2018:09:23:04 -0700] "GET / HTTP/1.1" 301 482 "-" "Mozilla/5.0 (compatible; Googlebot/2.1; +http://www.google.com/bot.html)" 
66.249.64.221 - - [06/Sep/2018:09:23:05 -0700] "GET / HTTP/1.1" 200 12382 "-" "Mozilla/5.0 (compatible; Googlebot/2.1; +http://www.google.com/bot.html)" 
40.77.167.180 - - [06/Sep/2018:09:31:49 -0700] "GET /self.logs/access.log.2017-12-06.gz HTTP/1.1" 200 32869 "-" "Mozilla/5.0 (compatible; bingbot/2.0; +http://www.bing.com/bingbot.htm)" 
157.55.39.208 - - [06/Sep/2018:09:32:43 -0700] "GET /self.logs/error.log.2017-12-07.gz HTTP/1.1" 200 2971 "-" "Mozilla/5.0 (compatible; bingbot/2.0; +http://www.bing.com/bingbot.htm)" 
185.86.93.64 - - [06/Sep/2018:09:33:08 -0700] "GET / HTTP/1.1" 301 483 "http://secrepo.com/" "Mozilla/5.0 (compatible; uCrawler/1.0 ; +https://blog.ucoz.ru/upolicy)" 
185.86.93.64 - - [06/Sep/2018:09:33:09 -0700] "GET / HTTP/1.1" 200 12383 "http://www.secrepo.com/" "Mozilla/5.0 (compatible; uCrawler/1.0 ; +https://blog.ucoz.ru/upolicy)" 
185.86.93.64 - - [06/Sep/2018:09:33:09 -0700] "GET /manager HTTP/1.1" 301 493 "http://secrepo.com/manager" "Mozilla/5.0 (compatible; uCrawler/1.0 ; +https://blog.ucoz.ru/upolicy)" 
185.86.93.64 - - [06/Sep/2018:09:33:09 -0700] "GET /manager HTTP/1.1" 404 339 "http://www.secrepo.com/manager" "Mozilla/5.0 (compatible; uCrawler/1.0 ; +https://blog.ucoz.ru/upolicy)" 
185.86.93.64 - - [06/Sep/2018:09:33:09 -0700] "GET /admin HTTP/1.1" 301 490 "http://secrepo.com/admin" "Mozilla/5.0 (compatible; uCrawler/1.0 ; +https://blog.ucoz.ru/upolicy)" 
185.86.93.64 - - [06/Sep/2018:09:33:09 -0700] "GET /admin HTTP/1.1" 404 340 "http://www.secrepo.com/admin" "Mozilla/5.0 (compatible; uCrawler/1.0 ; +https://blog.ucoz.ru/upolicy)" 
185.86.93.64 - - [06/Sep/2018:09:33:10 -0700] "GET /modules HTTP/1.1" 301 493 "http://secrepo.com/modules" "Mozilla/5.0 (compatible; uCrawler/1.0 ; +https://blog.ucoz.ru/upolicy)" 
