41.223.160.173 - - [10/Oct/2018:20:33:51 -0700] "GET /maccdc2012/dns.log.gz HTTP/1.1" 304 154 "-" "Mozilla/5.0 Gecko/20100115 Firefox/3.6" 
23.101.169.3 - - [10/Oct/2018:20:34:06 -0700] "GET / HTTP/1.1" 200 12383 "http://www.bing.com/search?q=DNS+proxy+logs+dataset&form=MSNH14&sc=8-4&sp=-1&qs=n&sk=" "Mozilla/5.0 (compatible; MSIE 9.0; Windows NT 6.1; Trident/5.0;  Trident/5.0)" 
72.95.220.74 - - [10/Oct/2018:20:36:17 -0700] "GET / HTTP/1.1" 200 12383 "-" "Mozilla/5.0 (Macintosh; Intel Mac OS X 10_13_6) AppleWebKit/537.36 (KHTML, like Gecko) Chrome/69.0.3497.100 Safari/537.36" 
72.95.220.74 - - [10/Oct/2018:20:36:18 -0700] "GET /twitter-icon.png HTTP/1.1" 200 27787 "http://www.secrepo.com/" "Mozilla/5.0 (Macintosh; Intel Mac OS X 10_13_6) AppleWebKit/537.36 (KHTML, like Gecko) Chrome/69.0.3497.100 Safari/537.36" 
72.95.220.74 - - [10/Oct/2018:20:36:18 -0700] "GET /GitHub-Mark.png HTTP/1.1" 200 7427 "http://www.secrepo.com/" "Mozilla/5.0 (Macintosh; Intel Mac OS X 10_13_6) AppleWebKit/537.36 (KHTML, like Gecko) Chrome/69.0.3497.100 Safari/537.36" 
72.95.220.74 - - [10/Oct/2018:20:36:20 -0700] "GET /bootstrap/img/favicon.ico HTTP/1.1" 200 589 "http://www.secrepo.com/" "Mozilla/5.0 (Macintosh; Intel Mac OS X 10_13_6) AppleWebKit/537.36 (KHTML, like Gecko) Chrome/69.0.3497.100 Safari/537.36" 
125.214.113.162 - - [10/Oct/2018:20:37:22 -0700] "GET /auth.log/auth.log.gz HTTP/1.1" 200 554524 "-" "Mozilla/5.0 (Windows NT 6.1; Win64; x64) AppleWebKit/537.36 (KHTML, like Gecko) Chrome/66.0.3359.181 Safari/537.36" 
125.214.113.162 - - [10/Oct/2018:20:37:34 -0700] "GET /auth.log/auth.log.gz HTTP/1.1" 200 554524 "-" "Mozilla/5.0 (Windows NT 6.1; Win64; x64) AppleWebKit/537.36 (KHTML, like Gecko) Chrome/66.0.3359.181 Safari/537.36" 
66.249.83.83 - - [10/Oct/2018:20:37:56 -0700] "GET / HTTP/1.1" 200 12383 "-" "Mozilla/5.0 (X11; Linux x86_64) AppleWebKit/537.36 (KHTML, like Gecko) Chrome/56.0.2924.87 Safari/537.36 Google (+https://developers.google.com/+/web/snippet/)" 
27.147.191.62 - - [10/Oct/2018:20:39:50 -0700] "GET /pe_static/op-cleaver.zip HTTP/1.1" 200 710065 "-" "Mozilla/5.0 (Macintosh; Intel Mac OS X 10_14) AppleWebKit/605.1.15 (KHTML, like Gecko) Version/12.0 Safari/605.1.15" 
27.147.191.62 - - [10/Oct/2018:20:39:46 -0700] "GET /pe_static/apt1.zip HTTP/1.1" 200 1983328 "-" "Mozilla/5.0 (Macintosh; Intel Mac OS X 10_14) AppleWebKit/605.1.15 (KHTML, like Gecko) Version/12.0 Safari/605.1.15" 
27.147.191.62 - - [10/Oct/2018:20:41:38 -0700] "GET /Security-Data-Analysis/Lab_1/conn.log.zip HTTP/1.1" 200 2123988 "-" "Mozilla/5.0 (Macintosh; Intel Mac OS X 10_14) AppleWebKit/605.1.15 (KHTML, like Gecko) Version/12.0 Safari/605.1.15" 
216.244.66.245 - - [10/Oct/2018:20:42:03 -0700] "GET /robots.txt HTTP/1.1" 200 233 "-" "Mozilla/5.0 (compatible; DotBot/1.1; http://www.opensiteexplorer.org/dotbot, help@moz.com)" 
46.229.168.133 - - [10/Oct/2018:20:42:10 -0700] "GET /robots.txt HTTP/1.1" 200 297 "-" "Mozilla/5.0 (compatible; SemrushBot/2~bl; +http://www.semrush.com/bot.html)" 
46.229.168.142 - - [10/Oct/2018:20:42:11 -0700] "GET /Datasets%20Description/Network/files.html HTTP/1.1" 200 1389 "-" "Mozilla/5.0 (compatible; SemrushBot/2~bl; +http://www.semrush.com/bot.html)" 
113.171.224.176 - - [10/Oct/2018:20:43:16 -0700] "GET /honeypot/Honeypot%20-%20Howto.pdf HTTP/1.1" 200 46720 "-" "Mozilla/5.0 Gecko/20100115 Firefox/3.6" 
54.36.148.191 - - [10/Oct/2018:20:43:54 -0700] "GET /self.logs/2015/error.log.2015-06-05.gz HTTP/1.1" 200 618 "-" "Mozilla/5.0 (compatible; AhrefsBot/5.2; +http://ahrefs.com/robot/)" 
27.147.191.62 - - [10/Oct/2018:20:44:30 -0700] "GET /Security-Data-Analysis/Lab_1/conn.log.zip HTTP/1.1" 200 602668 "-" "Mozilla/5.0 (Macintosh; Intel Mac OS X 10_14) AppleWebKit/605.1.15 (KHTML, like Gecko) Version/12.0 Safari/605.1.15" 
18.191.165.71 - - [10/Oct/2018:20:44:41 -0700] "GET / HTTP/1.1" 200 12383 "-" "Mozilla/5.0 (Macintosh; Intel Mac OS X x.y; rv:42.0) Gecko/20100101 Safari/602.1" 
54.36.149.33 - - [10/Oct/2018:20:48:27 -0700] "GET /self.logs/access.log.2017-02-06.gz HTTP/1.1" 200 29887 "-" "Mozilla/5.0 (compatible; AhrefsBot/5.2; +http://ahrefs.com/robot/)" 
27.147.191.62 - - [10/Oct/2018:20:39:37 -0700] "GET /pe_static/zeus.zip HTTP/1.1" 200 51367111 "-" "Mozilla/5.0 (Macintosh; Intel Mac OS X 10_14) AppleWebKit/605.1.15 (KHTML, like Gecko) Version/12.0 Safari/605.1.15" 
54.36.149.57 - - [10/Oct/2018:20:50:23 -0700] "GET /self.logs/error.log.2016-12-06.gz HTTP/1.1" 404 284 "-" "Mozilla/5.0 (compatible; AhrefsBot/5.2; +http://ahrefs.com/robot/)" 
54.36.148.243 - - [10/Oct/2018:20:52:10 -0700] "GET /self.logs/2015/access.log.2015-09-10.gz HTTP/1.1" 200 6056 "-" "Mozilla/5.0 (compatible; AhrefsBot/5.2; +http://ahrefs.com/robot/)" 
157.55.39.133 - - [10/Oct/2018:20:54:00 -0700] "GET /Datasets%20Description/Network/ssh.html HTTP/1.1" 304 188 "-" "Mozilla/5.0 (compatible; bingbot/2.0; +http://www.bing.com/bingbot.htm)" 
157.55.39.133 - - [10/Oct/2018:20:54:00 -0700] "GET /self.logs/access.log.2016-03-07.gz HTTP/1.1" 404 340 "-" "Mozilla/5.0 (compatible; bingbot/2.0; +http://www.bing.com/bingbot.htm)" 
157.55.39.133 - - [10/Oct/2018:20:54:01 -0700] "GET /maccdc2012/dns.log.gz HTTP/1.1" 200 6629420 "-" "Mozilla/5.0 (compatible; bingbot/2.0; +http://www.bing.com/bingbot.htm)" 
186.203.20.250 - - [10/Oct/2018:20:56:18 -0700] "GET /wp-login.php HTTP/1.1" 418 732 "-" "Mozilla/5.0 (Windows NT 6.1; WOW64; rv:40.0) Gecko/20100101 Firefox/40.1" 
186.203.20.250 - - [10/Oct/2018:20:56:18 -0700] "GET / HTTP/1.1" 418 732 "-" "Mozilla/5.0 (Windows NT 6.1; WOW64; rv:40.0) Gecko/20100101 Firefox/40.1" 
216.244.66.245 - - [10/Oct/2018:20:57:17 -0700] "GET /self.logs/access.log.2017-01-19.gz HTTP/1.1" 200 18220 "-" "Mozilla/5.0 (compatible; DotBot/1.1; http://www.opensiteexplorer.org/dotbot, help@moz.com)" 
216.244.66.245 - - [10/Oct/2018:20:57:19 -0700] "GET /self.logs/access.log.2017-03-02.gz HTTP/1.1" 200 25207 "-" "Mozilla/5.0 (compatible; DotBot/1.1; http://www.opensiteexplorer.org/dotbot, help@moz.com)" 
216.244.66.245 - - [10/Oct/2018:20:57:20 -0700] "GET /self.logs/access.log.2017-08-22.gz HTTP/1.1" 200 23280 "-" "Mozilla/5.0 (compatible; DotBot/1.1; http://www.opensiteexplorer.org/dotbot, help@moz.com)" 
216.244.66.245 - - [10/Oct/2018:20:57:21 -0700] "GET /self.logs/access.log.2017-10-25.gz HTTP/1.1" 200 21194 "-" "Mozilla/5.0 (compatible; DotBot/1.1; http://www.opensiteexplorer.org/dotbot, help@moz.com)" 
216.244.66.245 - - [10/Oct/2018:20:57:23 -0700] "GET /self.logs/access.log.2017-12-18.gz HTTP/1.1" 200 22542 "-" "Mozilla/5.0 (compatible; DotBot/1.1; http://www.opensiteexplorer.org/dotbot, help@moz.com)" 
216.244.66.245 - - [10/Oct/2018:20:57:24 -0700] "GET /self.logs/error.log.2017-03-22.gz HTTP/1.1" 200 703 "-" "Mozilla/5.0 (compatible; DotBot/1.1; http://www.opensiteexplorer.org/dotbot, help@moz.com)" 
216.244.66.245 - - [10/Oct/2018:20:57:26 -0700] "GET /self.logs/error.log.2017-05-23.gz HTTP/1.1" 200 559 "-" "Mozilla/5.0 (compatible; DotBot/1.1; http://www.opensiteexplorer.org/dotbot, help@moz.com)" 
216.244.66.245 - - [10/Oct/2018:20:57:27 -0700] "GET /self.logs/error.log.2017-08-25.gz HTTP/1.1" 200 866 "-" "Mozilla/5.0 (compatible; DotBot/1.1; http://www.opensiteexplorer.org/dotbot, help@moz.com)" 
216.244.66.245 - - [10/Oct/2018:20:57:28 -0700] "GET /self.logs/error.log.2017-09-08.gz HTTP/1.1" 200 786 "-" "Mozilla/5.0 (compatible; DotBot/1.1; http://www.opensiteexplorer.org/dotbot, help@moz.com)" 
216.244.66.245 - - [10/Oct/2018:21:11:11 -0700] "GET /self.logs/access.log.2015-08-27.gz HTTP/1.1" 404 239 "-" "Mozilla/5.0 (compatible; DotBot/1.1; http://www.opensiteexplorer.org/dotbot, help@moz.com)" 
216.244.66.245 - - [10/Oct/2018:21:11:12 -0700] "GET /self.logs/access.log.2016-08-03.gz HTTP/1.1" 404 239 "-" "Mozilla/5.0 (compatible; DotBot/1.1; http://www.opensiteexplorer.org/dotbot, help@moz.com)" 
216.244.66.245 - - [10/Oct/2018:21:11:13 -0700] "GET /self.logs/access.log.2016-08-06.gz HTTP/1.1" 404 239 "-" "Mozilla/5.0 (compatible; DotBot/1.1; http://www.opensiteexplorer.org/dotbot, help@moz.com)" 
216.244.66.245 - - [10/Oct/2018:21:11:14 -0700] "GET /self.logs/access.log.2016-09-12.gz HTTP/1.1" 404 239 "-" "Mozilla/5.0 (compatible; DotBot/1.1; http://www.opensiteexplorer.org/dotbot, help@moz.com)" 
216.244.66.245 - - [10/Oct/2018:21:11:15 -0700] "GET /self.logs/access.log.2016-12-03.gz HTTP/1.1" 404 239 "-" "Mozilla/5.0 (compatible; DotBot/1.1; http://www.opensiteexplorer.org/dotbot, help@moz.com)" 
216.244.66.245 - - [10/Oct/2018:21:11:16 -0700] "GET /self.logs/error.log.2015-10-05.gz HTTP/1.1" 404 239 "-" "Mozilla/5.0 (compatible; DotBot/1.1; http://www.opensiteexplorer.org/dotbot, help@moz.com)" 
216.244.66.245 - - [10/Oct/2018:21:11:17 -0700] "GET /self.logs/error.log.2016-01-30.gz HTTP/1.1" 404 239 "-" "Mozilla/5.0 (compatible; DotBot/1.1; http://www.opensiteexplorer.org/dotbot, help@moz.com)" 
216.244.66.245 - - [10/Oct/2018:21:11:18 -0700] "GET /self.logs/error.log.2016-02-15.gz HTTP/1.1" 404 239 "-" "Mozilla/5.0 (compatible; DotBot/1.1; http://www.opensiteexplorer.org/dotbot, help@moz.com)" 
216.244.66.245 - - [10/Oct/2018:21:11:19 -0700] "GET /self.logs/error.log.2016-04-17.gz HTTP/1.1" 404 239 "-" "Mozilla/5.0 (compatible; DotBot/1.1; http://www.opensiteexplorer.org/dotbot, help@moz.com)" 
54.36.149.68 - - [10/Oct/2018:21:11:43 -0700] "GET /self.logs/2016/access.log.2016-11-05.gz HTTP/1.1" 200 5900 "-" "Mozilla/5.0 (compatible; AhrefsBot/5.2; +http://ahrefs.com/robot/)" 
52.14.43.100 - - [10/Oct/2018:21:14:19 -0700] "GET / HTTP/1.1" 200 12383 "-" "Mozilla/5.0 (Windows NT 6.1; Win64; x64; rv:47.0) Trident/5.0 Chrome/67.0.3396.79 Safari/537.36" 
27.147.191.62 - - [10/Oct/2018:21:18:29 -0700] "GET /pe_static/op-cleaver.zip HTTP/1.1" 200 710065 "http://www.secrepo.com/" "Mozilla/5.0 (Macintosh; Intel Mac OS X 10_14) AppleWebKit/605.1.15 (KHTML, like Gecko) Version/12.0 Safari/605.1.15" 
120.239.70.8 - - [10/Oct/2018:21:18:36 -0700] "GET / HTTP/1.1" 200 46212 "http://www.secrepo.com/" "Mozilla/4.0 (compatible; MSIE 9.0; Windows NT 6.1)" 
120.239.70.8 - - [10/Oct/2018:21:18:37 -0700] "POST //data/cache/asd.php HTTP/1.1" 404 294 "http://www.secrepo.com//data/cache/asd.php" "Mozilla/4.0 (compatible; MSIE 9.0; Windows NT 6.1)" 
27.147.191.62 - - [10/Oct/2018:21:18:53 -0700] "GET /Security-Data-Analysis/Lab_1/conn.log.zip HTTP/1.1" 200 3611728 "-" "Mozilla/5.0 (Macintosh; Intel Mac OS X 10_14) AppleWebKit/605.1.15 (KHTML, like Gecko) Version/12.0 Safari/605.1.15" 
176.104.245.14 - - [10/Oct/2018:21:19:27 -0700] "GET /honeypot/Honeypot%20-%20Howto%20-%20BSides%20Austin.pdf HTTP/1.1" 200 2898100 "http://www.secrepo.com/" "Mozilla/5.0 (Windows NT 6.2) AppleWebKit/537.36 (KHTML, like Gecko) Chrome/54.0.2878.86 Safari/537.36" 
162.210.196.98 - - [10/Oct/2018:21:20:52 -0700] "GET /robots.txt HTTP/1.1" 200 289 "-" "Mozilla/5.0 (compatible; MJ12bot/v1.4.8; http://mj12bot.com/)" 
162.210.196.98 - - [10/Oct/2018:21:20:55 -0700] "GET / HTTP/1.1" 200 46156 "-" "Mozilla/5.0 (compatible; MJ12bot/v1.4.8; http://mj12bot.com/)" 
220.243.136.29 - - [10/Oct/2018:21:21:36 -0700] "GET /self.logs/2016/access.log.2016-07-10.gz HTTP/1.1" 200 9267 "-" "Mozilla/5.0 (Linux; Android 6.0; Nexus 5 Build/MRA58N) AppleWebKit/537.36 (KHTML, like Gecko) Chrome/65.0.3325.181 Mobile Safari/537.36" 
220.243.136.29 - - [10/Oct/2018:21:21:36 -0700] "GET /self.logs/access.log.2017-08-16.gz HTTP/1.1" 200 21424 "-" "Mozilla/5.0 (Linux; Android 6.0; Nexus 5 Build/MRA58N) AppleWebKit/537.36 (KHTML, like Gecko) Chrome/65.0.3325.181 Mobile Safari/537.36" 
220.243.136.29 - - [10/Oct/2018:21:21:36 -0700] "GET /self.logs/2016/access.log.2016-07-13.gz HTTP/1.1" 200 9786 "-" "Mozilla/5.0 (Linux; Android 6.0; Nexus 5 Build/MRA58N) AppleWebKit/537.36 (KHTML, like Gecko) Chrome/65.0.3325.181 Mobile Safari/537.36" 
220.243.136.29 - - [10/Oct/2018:21:21:36 -0700] "GET /self.logs/2016/access.log.2016-03-15.gz HTTP/1.1" 200 7114 "-" "Mozilla/5.0 (Linux; Android 6.0; Nexus 5 Build/MRA58N) AppleWebKit/537.36 (KHTML, like Gecko) Chrome/65.0.3325.181 Mobile Safari/537.36" 
220.243.135.92 - - [10/Oct/2018:21:21:36 -0700] "GET /self.logs/2016/access.log.2016-03-30.gz HTTP/1.1" 200 8775 "-" "Mozilla/5.0 (Linux; Android 6.0; Nexus 5 Build/MRA58N) AppleWebKit/537.36 (KHTML, like Gecko) Chrome/65.0.3325.181 Mobile Safari/537.36" 
220.243.136.163 - - [10/Oct/2018:21:21:36 -0700] "GET /self.logs/2016/access.log.2016-07-26.gz HTTP/1.1" 200 9709 "-" "Mozilla/5.0 (Linux; Android 6.0; Nexus 5 Build/MRA58N) AppleWebKit/537.36 (KHTML, like Gecko) Chrome/65.0.3325.181 Mobile Safari/537.36" 
220.243.135.29 - - [10/Oct/2018:21:21:36 -0700] "GET /self.logs/2016/access.log.2016-01-18.gz HTTP/1.1" 200 7310 "-" "Mozilla/5.0 (Linux; Android 6.0; Nexus 5 Build/MRA58N) AppleWebKit/537.36 (KHTML, like Gecko) Chrome/65.0.3325.181 Mobile Safari/537.36" 
220.243.135.92 - - [10/Oct/2018:21:21:36 -0700] "GET /self.logs/access.log.2017-01-29.gz HTTP/1.1" 200 31383 "-" "Mozilla/5.0 (Linux; Android 6.0; Nexus 5 Build/MRA58N) AppleWebKit/537.36 (KHTML, like Gecko) Chrome/65.0.3325.181 Mobile Safari/537.36" 
220.243.136.29 - - [10/Oct/2018:21:21:36 -0700] "GET /self.logs/2016/access.log.2016-03-21.gz HTTP/1.1" 200 6585 "-" "Mozilla/5.0 (Linux; Android 6.0; Nexus 5 Build/MRA58N) AppleWebKit/537.36 (KHTML, like Gecko) Chrome/65.0.3325.181 Mobile Safari/537.36" 
220.243.135.29 - - [10/Oct/2018:21:21:36 -0700] "GET /self.logs/access.log.2017-03-30.gz HTTP/1.1" 200 15718 "-" "Mozilla/5.0 (Linux; Android 6.0; Nexus 5 Build/MRA58N) AppleWebKit/537.36 (KHTML, like Gecko) Chrome/65.0.3325.181 Mobile Safari/537.36" 
220.243.135.92 - - [10/Oct/2018:21:21:36 -0700] "GET /self.logs/2016/access.log.2016-03-01.gz HTTP/1.1" 200 9200 "-" "Mozilla/5.0 (Linux; Android 6.0; Nexus 5 Build/MRA58N) AppleWebKit/537.36 (KHTML, like Gecko) Chrome/65.0.3325.181 Mobile Safari/537.36" 
220.243.136.163 - - [10/Oct/2018:21:21:36 -0700] "GET /self.logs/access.log.2017-06-11.gz HTTP/1.1" 200 20280 "-" "Mozilla/5.0 (Linux; Android 6.0; Nexus 5 Build/MRA58N) AppleWebKit/537.36 (KHTML, like Gecko) Chrome/65.0.3325.181 Mobile Safari/537.36" 
220.243.135.155 - - [10/Oct/2018:21:21:36 -0700] "GET /self.logs/access.log.2017-06-09.gz HTTP/1.1" 200 26361 "-" "Mozilla/5.0 (Linux; Android 6.0; Nexus 5 Build/MRA58N) AppleWebKit/537.36 (KHTML, like Gecko) Chrome/65.0.3325.181 Mobile Safari/537.36" 
220.243.136.100 - - [10/Oct/2018:21:21:36 -0700] "GET /datasets%20description/pe_malware/zeus.html HTTP/1.1" 404 303 "-" "Mozilla/5.0 (Linux; Android 6.0; Nexus 5 Build/MRA58N) AppleWebKit/537.36 (KHTML, like Gecko) Chrome/65.0.3325.181 Mobile Safari/537.36" 
220.243.135.155 - - [10/Oct/2018:21:21:36 -0700] "GET /self.logs/2016/access.log.2016-07-06.gz HTTP/1.1" 200 12479 "-" "Mozilla/5.0 (Linux; Android 6.0; Nexus 5 Build/MRA58N) AppleWebKit/537.36 (KHTML, like Gecko) Chrome/65.0.3325.181 Mobile Safari/537.36" 
220.243.135.155 - - [10/Oct/2018:21:21:36 -0700] "GET /self.logs/access.log.2017-08-14.gz HTTP/1.1" 200 19643 "-" "Mozilla/5.0 (Linux; Android 6.0; Nexus 5 Build/MRA58N) AppleWebKit/537.36 (KHTML, like Gecko) Chrome/65.0.3325.181 Mobile Safari/537.36" 
220.243.135.155 - - [10/Oct/2018:21:21:36 -0700] "GET /self.logs/access.log.2017-04-05.gz HTTP/1.1" 200 51376 "-" "Mozilla/5.0 (Linux; Android 6.0; Nexus 5 Build/MRA58N) AppleWebKit/537.36 (KHTML, like Gecko) Chrome/65.0.3325.181 Mobile Safari/537.36" 
220.243.136.155 - - [10/Oct/2018:21:21:36 -0700] "GET /self.logs/access.log.2017-03-14.gz HTTP/1.1" 200 16485 "-" "Mozilla/5.0 (Linux; Android 6.0; Nexus 5 Build/MRA58N) AppleWebKit/537.36 (KHTML, like Gecko) Chrome/65.0.3325.181 Mobile Safari/537.36" 
220.243.136.92 - - [10/Oct/2018:21:21:36 -0700] "GET /self.logs/2016/access.log.2016-07-21.gz HTTP/1.1" 200 8374 "-" "Mozilla/5.0 (Linux; Android 6.0; Nexus 5 Build/MRA58N) AppleWebKit/537.36 (KHTML, like Gecko) Chrome/65.0.3325.181 Mobile Safari/537.36" 
220.243.136.37 - - [10/Oct/2018:21:21:36 -0700] "GET /honeypot/honeypot%20-%20howto%20-%20bsides%20austin.pdf HTTP/1.1" 404 303 "-" "Mozilla/5.0 (Linux; Android 6.0; Nexus 5 Build/MRA58N) AppleWebKit/537.36 (KHTML, like Gecko) Chrome/65.0.3325.181 Mobile Safari/537.36" 
220.243.136.92 - - [10/Oct/2018:21:21:36 -0700] "GET /self.logs/2016/access.log.2016-07-11.gz HTTP/1.1" 200 11488 "-" "Mozilla/5.0 (Linux; Android 6.0; Nexus 5 Build/MRA58N) AppleWebKit/537.36 (KHTML, like Gecko) Chrome/65.0.3325.181 Mobile Safari/537.36" 
220.243.136.92 - - [10/Oct/2018:21:21:36 -0700] "GET /self.logs/2016/access.log.2016-05-31.gz HTTP/1.1" 200 10112 "-" "Mozilla/5.0 (Linux; Android 6.0; Nexus 5 Build/MRA58N) AppleWebKit/537.36 (KHTML, like Gecko) Chrome/65.0.3325.181 Mobile Safari/537.36" 
220.243.135.100 - - [10/Oct/2018:21:21:37 -0700] "GET /datasets%20description/network/http.html HTTP/1.1" 404 303 "-" "Mozilla/5.0 (Linux; Android 6.0; Nexus 5 Build/MRA58N) AppleWebKit/537.36 (KHTML, like Gecko) Chrome/65.0.3325.181 Mobile Safari/537.36" 
220.243.136.163 - - [10/Oct/2018:21:21:37 -0700] "GET /datasets%20description/network/notice.html HTTP/1.1" 404 303 "-" "Mozilla/5.0 (Linux; Android 6.0; Nexus 5 Build/MRA58N) AppleWebKit/537.36 (KHTML, like Gecko) Chrome/65.0.3325.181 Mobile Safari/537.36" 
220.243.136.155 - - [10/Oct/2018:21:21:37 -0700] "GET /honeypot/bsidesdfw%20-%202014.ipynb HTTP/1.1" 301 502 "-" "Mozilla/5.0 (Linux; Android 6.0; Nexus 5 Build/MRA58N) AppleWebKit/537.36 (KHTML, like Gecko) Chrome/65.0.3325.181 Mobile Safari/537.36" 
220.243.135.163 - - [10/Oct/2018:21:21:37 -0700] "GET /datasets%20description/pe_malware/virusshare.html HTTP/1.1" 404 303 "-" "Mozilla/5.0 (Linux; Android 6.0; Nexus 5 Build/MRA58N) AppleWebKit/537.36 (KHTML, like Gecko) Chrome/65.0.3325.181 Mobile Safari/537.36" 
220.243.136.100 - - [10/Oct/2018:21:21:37 -0700] "GET /self.logs/access.log.2017-03-07.gz HTTP/1.1" 200 21624 "-" "Mozilla/5.0 (Linux; Android 6.0; Nexus 5 Build/MRA58N) AppleWebKit/537.36 (KHTML, like Gecko) Chrome/65.0.3325.181 Mobile Safari/537.36" 
220.243.135.218 - - [10/Oct/2018:21:21:37 -0700] "GET /self.logs/access.log.2017-05-10.gz HTTP/1.1" 200 16077 "-" "Mozilla/5.0 (Linux; Android 6.0; Nexus 5 Build/MRA58N) AppleWebKit/537.36 (KHTML, like Gecko) Chrome/65.0.3325.181 Mobile Safari/537.36" 
220.243.135.37 - - [10/Oct/2018:21:21:37 -0700] "GET /datasets%20description/network/dhcp.html HTTP/1.1" 404 303 "-" "Mozilla/5.0 (Linux; Android 6.0; Nexus 5 Build/MRA58N) AppleWebKit/537.36 (KHTML, like Gecko) Chrome/65.0.3325.181 Mobile Safari/537.36" 
220.243.135.163 - - [10/Oct/2018:21:21:37 -0700] "GET /security-data-analysis/lab_1/conn.log.zip HTTP/1.1" 404 303 "-" "Mozilla/5.0 (Linux; Android 6.0; Nexus 5 Build/MRA58N) AppleWebKit/537.36 (KHTML, like Gecko) Chrome/65.0.3325.181 Mobile Safari/537.36" 
220.243.136.37 - - [10/Oct/2018:21:21:37 -0700] "GET /honeypot/bsidesdfw%20-%202014.ipynb HTTP/1.1" 404 303 "-" "Mozilla/5.0 (Linux; Android 6.0; Nexus 5 Build/MRA58N) AppleWebKit/537.36 (KHTML, like Gecko) Chrome/65.0.3325.181 Mobile Safari/537.36" 
220.243.136.37 - - [10/Oct/2018:21:21:37 -0700] "GET /self.logs/2016/access.log.2016-07-29.gz HTTP/1.1" 200 6770 "-" "Mozilla/5.0 (Linux; Android 6.0; Nexus 5 Build/MRA58N) AppleWebKit/537.36 (KHTML, like Gecko) Chrome/65.0.3325.181 Mobile Safari/537.36" 
220.243.135.100 - - [10/Oct/2018:21:21:37 -0700] "GET /self.logs/access.log.2017-02-28.gz HTTP/1.1" 200 21587 "-" "Mozilla/5.0 (Linux; Android 6.0; Nexus 5 Build/MRA58N) AppleWebKit/537.36 (KHTML, like Gecko) Chrome/65.0.3325.181 Mobile Safari/537.36" 
220.243.135.226 - - [10/Oct/2018:21:21:37 -0700] "GET /datasets%20description/network/tunnel.html HTTP/1.1" 404 303 "-" "Mozilla/5.0 (Linux; Android 6.0; Nexus 5 Build/MRA58N) AppleWebKit/537.36 (KHTML, like Gecko) Chrome/65.0.3325.181 Mobile Safari/537.36" 
220.243.135.155 - - [10/Oct/2018:21:21:37 -0700] "GET /datasets%20description/html_bro_log_2/ HTTP/1.1" 404 303 "-" "Mozilla/5.0 (Linux; Android 6.0; Nexus 5 Build/MRA58N) AppleWebKit/537.36 (KHTML, like Gecko) Chrome/65.0.3325.181 Mobile Safari/537.36" 
220.243.136.37 - - [10/Oct/2018:21:21:37 -0700] "GET /datasets%20description/network/files.html HTTP/1.1" 404 303 "-" "Mozilla/5.0 (Linux; Android 6.0; Nexus 5 Build/MRA58N) AppleWebKit/537.36 (KHTML, like Gecko) Chrome/65.0.3325.181 Mobile Safari/537.36" 
220.243.136.92 - - [10/Oct/2018:21:21:37 -0700] "GET /datasets%20description/html_bro_log_2 HTTP/1.1" 404 303 "-" "Mozilla/5.0 (Linux; Android 6.0; Nexus 5 Build/MRA58N) AppleWebKit/537.36 (KHTML, like Gecko) Chrome/65.0.3325.181 Mobile Safari/537.36" 
220.243.136.226 - - [10/Oct/2018:21:21:37 -0700] "GET /datasets%20description/network/smtp.html HTTP/1.1" 404 303 "-" "Mozilla/5.0 (Linux; Android 6.0; Nexus 5 Build/MRA58N) AppleWebKit/537.36 (KHTML, like Gecko) Chrome/65.0.3325.181 Mobile Safari/537.36" 
220.243.135.37 - - [10/Oct/2018:21:21:37 -0700] "GET /datasets%20description/network/dns.html HTTP/1.1" 404 303 "-" "Mozilla/5.0 (Linux; Android 6.0; Nexus 5 Build/MRA58N) AppleWebKit/537.36 (KHTML, like Gecko) Chrome/65.0.3325.181 Mobile Safari/537.36" 
220.243.135.226 - - [10/Oct/2018:21:21:38 -0700] "GET /datasets%20description/html_bro_log_1 HTTP/1.1" 404 303 "-" "Mozilla/5.0 (Linux; Android 6.0; Nexus 5 Build/MRA58N) AppleWebKit/537.36 (KHTML, like Gecko) Chrome/65.0.3325.181 Mobile Safari/537.36" 
220.243.135.100 - - [10/Oct/2018:21:21:38 -0700] "GET /datasets%20description/network/ssh.html HTTP/1.1" 404 303 "-" "Mozilla/5.0 (Linux; Android 6.0; Nexus 5 Build/MRA58N) AppleWebKit/537.36 (KHTML, like Gecko) Chrome/65.0.3325.181 Mobile Safari/537.36" 
220.243.135.100 - - [10/Oct/2018:21:21:38 -0700] "GET /datasets%20description/network/ftp.html HTTP/1.1" 404 303 "-" "Mozilla/5.0 (Linux; Android 6.0; Nexus 5 Build/MRA58N) AppleWebKit/537.36 (KHTML, like Gecko) Chrome/65.0.3325.181 Mobile Safari/537.36" 
220.243.135.163 - - [10/Oct/2018:21:21:38 -0700] "GET /datasets%20description/network/weird.html HTTP/1.1" 404 303 "-" "Mozilla/5.0 (Linux; Android 6.0; Nexus 5 Build/MRA58N) AppleWebKit/537.36 (KHTML, like Gecko) Chrome/65.0.3325.181 Mobile Safari/537.36" 
220.243.136.37 - - [10/Oct/2018:21:21:38 -0700] "GET /datasets%20description/network/ssl.html HTTP/1.1" 404 303 "-" "Mozilla/5.0 (Linux; Android 6.0; Nexus 5 Build/MRA58N) AppleWebKit/537.36 (KHTML, like Gecko) Chrome/65.0.3325.181 Mobile Safari/537.36" 
220.243.136.100 - - [10/Oct/2018:21:21:38 -0700] "GET /honeypot/honeypot%20-%20howto.pdf HTTP/1.1" 404 303 "-" "Mozilla/5.0 (Linux; Android 6.0; Nexus 5 Build/MRA58N) AppleWebKit/537.36 (KHTML, like Gecko) Chrome/65.0.3325.181 Mobile Safari/537.36" 
220.243.135.226 - - [10/Oct/2018:21:21:38 -0700] "GET /self.logs/access.log.2017-07-26.gz HTTP/1.1" 200 17761 "-" "Mozilla/5.0 (Linux; Android 6.0; Nexus 5 Build/MRA58N) AppleWebKit/537.36 (KHTML, like Gecko) Chrome/65.0.3325.181 Mobile Safari/537.36" 
220.243.136.100 - - [10/Oct/2018:21:21:38 -0700] "GET /self.logs/2016/access.log.2016-06-04.gz HTTP/1.1" 200 8232 "-" "Mozilla/5.0 (Linux; Android 6.0; Nexus 5 Build/MRA58N) AppleWebKit/537.36 (KHTML, like Gecko) Chrome/65.0.3325.181 Mobile Safari/537.36" 
220.243.135.100 - - [10/Oct/2018:21:21:38 -0700] "GET /datasets%20description/pe_malware/opcleaver.html HTTP/1.1" 404 303 "-" "Mozilla/5.0 (Linux; Android 6.0; Nexus 5 Build/MRA58N) AppleWebKit/537.36 (KHTML, like Gecko) Chrome/65.0.3325.181 Mobile Safari/537.36" 
220.243.135.37 - - [10/Oct/2018:21:21:38 -0700] "GET /self.logs/2016/access.log.2016-03-24.gz HTTP/1.1" 200 11197 "-" "Mozilla/5.0 (Linux; Android 6.0; Nexus 5 Build/MRA58N) AppleWebKit/537.36 (KHTML, like Gecko) Chrome/65.0.3325.181 Mobile Safari/537.36" 
220.243.135.226 - - [10/Oct/2018:21:21:38 -0700] "GET /self.logs/2016/access.log.2016-06-19.gz HTTP/1.1" 200 5817 "-" "Mozilla/5.0 (Linux; Android 6.0; Nexus 5 Build/MRA58N) AppleWebKit/537.36 (KHTML, like Gecko) Chrome/65.0.3325.181 Mobile Safari/537.36" 
220.243.136.226 - - [10/Oct/2018:21:21:38 -0700] "GET /self.logs/2016/access.log.2016-02-05.gz HTTP/1.1" 200 5629 "-" "Mozilla/5.0 (Linux; Android 6.0; Nexus 5 Build/MRA58N) AppleWebKit/537.36 (KHTML, like Gecko) Chrome/65.0.3325.181 Mobile Safari/537.36" 
220.243.136.161 - - [10/Oct/2018:21:21:38 -0700] "GET /honeypot/bsidesdfw%20-%202014.ipynb HTTP/1.1" 404 303 "-" "Mozilla/5.0 (Linux; Android 6.0; Nexus 5 Build/MRA58N) AppleWebKit/537.36 (KHTML, like Gecko) Chrome/65.0.3325.181 Mobile Safari/537.36" 
220.243.135.226 - - [10/Oct/2018:21:21:38 -0700] "GET /self.logs/access.log.2017-04-17.gz HTTP/1.1" 200 20166 "-" "Mozilla/5.0 (Linux; Android 6.0; Nexus 5 Build/MRA58N) AppleWebKit/537.36 (KHTML, like Gecko) Chrome/65.0.3325.181 Mobile Safari/537.36" 
220.243.135.98 - - [10/Oct/2018:21:21:38 -0700] "GET /self.logs/access.log.2017-05-28.gz HTTP/1.1" 200 21076 "-" "Mozilla/5.0 (Linux; Android 6.0; Nexus 5 Build/MRA58N) AppleWebKit/537.36 (KHTML, like Gecko) Chrome/65.0.3325.181 Mobile Safari/537.36" 
220.243.136.226 - - [10/Oct/2018:21:21:38 -0700] "GET /self.logs/access.log.2017-05-20.gz HTTP/1.1" 200 21649 "-" "Mozilla/5.0 (Linux; Android 6.0; Nexus 5 Build/MRA58N) AppleWebKit/537.36 (KHTML, like Gecko) Chrome/65.0.3325.181 Mobile Safari/537.36" 
220.243.135.29 - - [10/Oct/2018:21:21:37 -0700] "GET /maccdc2012/weird.log.gz HTTP/1.1" 200 1242740 "-" "Mozilla/5.0 (Linux; Android 6.0; Nexus 5 Build/MRA58N) AppleWebKit/537.36 (KHTML, like Gecko) Chrome/65.0.3325.181 Mobile Safari/537.36" 
139.219.15.60 - - [10/Oct/2018:21:21:41 -0700] "GET /datasets%20description/html_bro_log_1/ HTTP/1.1" 404 303 "-" "Mozilla/5.0 (Linux; Android 6.0; Nexus 5 Build/MRA58N) AppleWebKit/537.36 (KHTML, like Gecko) Chrome/65.0.3325.181 Mobile Safari/537.36" 
220.243.135.218 - - [10/Oct/2018:21:21:37 -0700] "GET /self.logs/2016/?c=s%3bo=a HTTP/1.1" 200 7704 "-" "Mozilla/5.0 (Linux; Android 6.0; Nexus 5 Build/MRA58N) AppleWebKit/537.36 (KHTML, like Gecko) Chrome/65.0.3325.181 Mobile Safari/537.36" 
220.243.135.226 - - [10/Oct/2018:21:21:38 -0700] "GET /self.logs/2016/?c=m%3bo=a HTTP/1.1" 200 7704 "-" "Mozilla/5.0 (Linux; Android 6.0; Nexus 5 Build/MRA58N) AppleWebKit/537.36 (KHTML, like Gecko) Chrome/65.0.3325.181 Mobile Safari/537.36" 
220.243.135.92 - - [10/Oct/2018:21:21:36 -0700] "GET /self.logs/2016/?c=n%3bo=d HTTP/1.1" 200 7704 "-" "Mozilla/5.0 (Linux; Android 6.0; Nexus 5 Build/MRA58N) AppleWebKit/537.36 (KHTML, like Gecko) Chrome/65.0.3325.181 Mobile Safari/537.36" 
220.243.136.226 - - [10/Oct/2018:21:21:37 -0700] "GET /self.logs/2016/?c=d%3bo=a HTTP/1.1" 200 7704 "-" "Mozilla/5.0 (Linux; Android 6.0; Nexus 5 Build/MRA58N) AppleWebKit/537.36 (KHTML, like Gecko) Chrome/65.0.3325.181 Mobile Safari/537.36" 
220.243.136.218 - - [10/Oct/2018:21:21:37 -0700] "GET /self.logs/?c=m%3bo=a HTTP/1.1" 200 12583 "-" "Mozilla/5.0 (Linux; Android 6.0; Nexus 5 Build/MRA58N) AppleWebKit/537.36 (KHTML, like Gecko) Chrome/65.0.3325.181 Mobile Safari/537.36" 
220.243.136.92 - - [10/Oct/2018:21:21:36 -0700] "GET /self.logs/?c=d%3bo=a HTTP/1.1" 200 12583 "-" "Mozilla/5.0 (Linux; Android 6.0; Nexus 5 Build/MRA58N) AppleWebKit/537.36 (KHTML, like Gecko) Chrome/65.0.3325.181 Mobile Safari/537.36" 
220.243.135.218 - - [10/Oct/2018:21:21:37 -0700] "GET /self.logs/?c=s%3bo=a HTTP/1.1" 200 12583 "-" "Mozilla/5.0 (Linux; Android 6.0; Nexus 5 Build/MRA58N) AppleWebKit/537.36 (KHTML, like Gecko) Chrome/65.0.3325.181 Mobile Safari/537.36" 
69.163.152.13 - - [10/Oct/2018:21:23:47 -0700] "GET / HTTP/1.1" 200 46156 "-" "Mozilla/5.0 (Windows NT 6.1; WOW64) AppleWebKit/537.36 (KHTML, like Gecko) Chrome/33.0.1750.154 Safari/537.36" 
216.244.66.245 - - [10/Oct/2018:21:24:28 -0700] "GET /robots.txt HTTP/1.1" 200 233 "-" "Mozilla/5.0 (compatible; DotBot/1.1; http://www.opensiteexplorer.org/dotbot, help@moz.com)" 
18.224.45.232 - - [10/Oct/2018:21:25:41 -0700] "GET / HTTP/1.1" 200 12383 "-" "Mozilla/5.0 (Macintosh; Intel Mac OS X x.y; rv:42.0) AppleWebKit/537.36 (KHTML, like Gecko) Chrome/67.0.3396.79 Safari/537.36" 
216.244.66.245 - - [10/Oct/2018:21:34:16 -0700] "GET /self.logs/error.log.2018-09-19.gz HTTP/1.1" 200 4692 "-" "Mozilla/5.0 (compatible; DotBot/1.1; http://www.opensiteexplorer.org/dotbot, help@moz.com)" 
216.244.66.245 - - [10/Oct/2018:21:35:45 -0700] "GET /self.logs/access.log.2017-09-15.gz HTTP/1.1" 200 18636 "-" "Mozilla/5.0 (compatible; DotBot/1.1; http://www.opensiteexplorer.org/dotbot, help@moz.com)" 
216.244.66.245 - - [10/Oct/2018:21:35:47 -0700] "GET /self.logs/access.log.2017-09-18.gz HTTP/1.1" 200 29957 "-" "Mozilla/5.0 (compatible; DotBot/1.1; http://www.opensiteexplorer.org/dotbot, help@moz.com)" 
216.244.66.245 - - [10/Oct/2018:21:35:49 -0700] "GET /self.logs/error.log.2017-03-28.gz HTTP/1.1" 200 909 "-" "Mozilla/5.0 (compatible; DotBot/1.1; http://www.opensiteexplorer.org/dotbot, help@moz.com)" 
216.244.66.245 - - [10/Oct/2018:21:35:51 -0700] "GET /self.logs/error.log.2017-06-07.gz HTTP/1.1" 200 1321 "-" "Mozilla/5.0 (compatible; DotBot/1.1; http://www.opensiteexplorer.org/dotbot, help@moz.com)" 
216.244.66.245 - - [10/Oct/2018:21:35:53 -0700] "GET /self.logs/error.log.2017-10-21.gz HTTP/1.1" 200 2053 "-" "Mozilla/5.0 (compatible; DotBot/1.1; http://www.opensiteexplorer.org/dotbot, help@moz.com)" 
95.163.255.37 - - [10/Oct/2018:21:38:47 -0700] "GET /robots.txt HTTP/1.0" 200 252 "-" "Mozilla/5.0 (compatible; Linux x86_64; Mail.RU_Bot/2.0; +http://go.mail.ru/help/robots)" 
95.163.255.32 - - [10/Oct/2018:21:38:49 -0700] "GET /Datasets%20Description/Network/ssh.html HTTP/1.1" 200 1225 "-" "Mozilla/5.0 (compatible; Linux x86_64; Mail.RU_Bot/2.0; +http://go.mail.ru/help/robots)" 
95.163.255.38 - - [10/Oct/2018:21:38:52 -0700] "GET /Datasets%20Description/Network/dns.html HTTP/1.1" 200 1400 "-" "Mozilla/5.0 (compatible; Linux x86_64; Mail.RU_Bot/2.0; +http://go.mail.ru/help/robots)" 
124.41.193.10 - - [10/Oct/2018:21:38:57 -0700] "GET / HTTP/1.1" 200 12383 "-" "Mozilla/5.0 (iPhone; CPU iPhone OS 12_0 like Mac OS X) AppleWebKit/605.1.15 (KHTML, like Gecko) Version/12.0 Mobile/15E148 Safari/604.1" 
124.41.193.10 - - [10/Oct/2018:21:39:21 -0700] "GET / HTTP/1.1" 200 12383 "-" "Mozilla/5.0 (Windows NT 10.0; Win64; x64) AppleWebKit/537.36 (KHTML, like Gecko) Chrome/69.0.3497.100 Safari/537.36" 
124.41.193.10 - - [10/Oct/2018:21:39:26 -0700] "GET /GitHub-Mark.png HTTP/1.1" 200 7428 "http://www.secrepo.com/" "Mozilla/5.0 (Windows NT 10.0; Win64; x64) AppleWebKit/537.36 (KHTML, like Gecko) Chrome/69.0.3497.100 Safari/537.36" 
124.41.193.10 - - [10/Oct/2018:21:39:26 -0700] "GET /twitter-icon.png HTTP/1.1" 200 27788 "http://www.secrepo.com/" "Mozilla/5.0 (Windows NT 10.0; Win64; x64) AppleWebKit/537.36 (KHTML, like Gecko) Chrome/69.0.3497.100 Safari/537.36" 
124.41.193.10 - - [10/Oct/2018:21:39:31 -0700] "GET /bootstrap/img/favicon.ico HTTP/1.1" 200 590 "http://www.secrepo.com/" "Mozilla/5.0 (Windows NT 10.0; Win64; x64) AppleWebKit/537.36 (KHTML, like Gecko) Chrome/69.0.3497.100 Safari/537.36" 
125.24.78.229 - - [10/Oct/2018:21:40:05 -0700] "GET /wp-login.php HTTP/1.1" 418 732 "-" "Mozilla/5.0 (Windows NT 6.1; WOW64; rv:40.0) Gecko/20100101 Firefox/40.1" 
125.24.78.229 - - [10/Oct/2018:21:40:06 -0700] "GET / HTTP/1.1" 418 732 "-" "Mozilla/5.0 (Windows NT 6.1; WOW64; rv:40.0) Gecko/20100101 Firefox/40.1" 
216.244.66.245 - - [10/Oct/2018:21:40:14 -0700] "GET /self.logs/access.log.2015-09-01.gz HTTP/1.1" 404 239 "-" "Mozilla/5.0 (compatible; DotBot/1.1; http://www.opensiteexplorer.org/dotbot, help@moz.com)" 
216.244.66.245 - - [10/Oct/2018:21:40:15 -0700] "GET /self.logs/access.log.2015-09-08.gz HTTP/1.1" 404 239 "-" "Mozilla/5.0 (compatible; DotBot/1.1; http://www.opensiteexplorer.org/dotbot, help@moz.com)" 
216.244.66.245 - - [10/Oct/2018:21:40:16 -0700] "GET /self.logs/error.log.2015-06-29.gz HTTP/1.1" 404 239 "-" "Mozilla/5.0 (compatible; DotBot/1.1; http://www.opensiteexplorer.org/dotbot, help@moz.com)" 
216.244.66.245 - - [10/Oct/2018:21:40:18 -0700] "GET /self.logs/error.log.2015-09-12.gz HTTP/1.1" 404 239 "-" "Mozilla/5.0 (compatible; DotBot/1.1; http://www.opensiteexplorer.org/dotbot, help@moz.com)" 
216.244.66.245 - - [10/Oct/2018:21:40:19 -0700] "GET /self.logs/error.log.2015-09-29.gz HTTP/1.1" 404 239 "-" "Mozilla/5.0 (compatible; DotBot/1.1; http://www.opensiteexplorer.org/dotbot, help@moz.com)" 
216.244.66.245 - - [10/Oct/2018:21:40:20 -0700] "GET /self.logs/error.log.2016-01-14.gz HTTP/1.1" 404 239 "-" "Mozilla/5.0 (compatible; DotBot/1.1; http://www.opensiteexplorer.org/dotbot, help@moz.com)" 
216.244.66.245 - - [10/Oct/2018:21:40:21 -0700] "GET /self.logs/error.log.2016-09-07.gz HTTP/1.1" 404 239 "-" "Mozilla/5.0 (compatible; DotBot/1.1; http://www.opensiteexplorer.org/dotbot, help@moz.com)" 
216.244.66.245 - - [10/Oct/2018:21:40:22 -0700] "GET /self.logs/error.log.2016-10-14.gz HTTP/1.1" 404 239 "-" "Mozilla/5.0 (compatible; DotBot/1.1; http://www.opensiteexplorer.org/dotbot, help@moz.com)" 
18.188.94.118 - - [10/Oct/2018:21:44:45 -0700] "GET / HTTP/1.1" 200 12383 "-" "Mozilla/5.0 (Windows NT 6.1; Win64; x64; rv:47.0) AppleWebKit/537.36 (KHTML, like Gecko) Chrome/67.0.3396.79 Safari/537.36" 
157.55.39.141 - - [10/Oct/2018:21:46:54 -0700] "GET /self.logs/error.log.2017-04-01.gz HTTP/1.1" 200 655 "-" "Mozilla/5.0 (compatible; bingbot/2.0; +http://www.bing.com/bingbot.htm)" 
157.55.39.141 - - [10/Oct/2018:21:46:55 -0700] "GET /self.logs/error.log.2017-07-03.gz HTTP/1.1" 200 947 "-" "Mozilla/5.0 (compatible; bingbot/2.0; +http://www.bing.com/bingbot.htm)" 
157.55.39.141 - - [10/Oct/2018:21:46:55 -0700] "GET /self.logs/error.log.2017-04-06.gz HTTP/1.1" 200 2578 "-" "Mozilla/5.0 (compatible; bingbot/2.0; +http://www.bing.com/bingbot.htm)" 
157.55.39.141 - - [10/Oct/2018:21:46:55 -0700] "GET /self.logs/error.log.2015-04-03.gz HTTP/1.1" 404 340 "-" "Mozilla/5.0 (compatible; bingbot/2.0; +http://www.bing.com/bingbot.htm)" 
157.55.39.141 - - [10/Oct/2018:21:46:55 -0700] "GET /self.logs/access.log.2015-02-17.gz HTTP/1.1" 404 339 "-" "Mozilla/5.0 (compatible; bingbot/2.0; +http://www.bing.com/bingbot.htm)" 
54.36.149.17 - - [10/Oct/2018:21:47:00 -0700] "GET /self.logs/access.log.2017-04-12.gz HTTP/1.1" 200 27980 "-" "Mozilla/5.0 (compatible; AhrefsBot/5.2; +http://ahrefs.com/robot/)" 
113.171.224.176 - - [10/Oct/2018:21:47:04 -0700] "GET /honeypot/Honeypot%20-%20Howto.pdf HTTP/1.1" 200 61320 "-" "Mozilla/5.0 Gecko/20100115 Firefox/3.6" 
111.125.72.130 - - [10/Oct/2018:21:55:16 -0700] "GET /wp-login.php HTTP/1.1" 418 732 "-" "Mozilla/5.0 (Windows NT 6.1; WOW64; rv:40.0) Gecko/20100101 Firefox/40.1" 
54.36.149.93 - - [10/Oct/2018:22:02:56 -0700] "GET /self.logs/access.log.2018-04-04.gz HTTP/1.1" 200 55509 "-" "Mozilla/5.0 (compatible; AhrefsBot/5.2; +http://ahrefs.com/robot/)" 
216.244.66.245 - - [10/Oct/2018:22:07:17 -0700] "GET /robots.txt HTTP/1.1" 200 233 "-" "Mozilla/5.0 (compatible; DotBot/1.1; http://www.opensiteexplorer.org/dotbot, help@moz.com)" 
23.101.169.3 - - [10/Oct/2018:22:10:51 -0700] "GET / HTTP/1.1" 200 12383 "http://www.bing.com/search?q=DNS+proxy+logs+dataset&form=MSNH14&sc=8-4&sp=-1&qs=n&sk=" "Mozilla/5.0 (compatible; MSIE 9.0; Windows NT 6.1; Trident/5.0;  Trident/5.0)" 
27.147.191.62 - - [10/Oct/2018:21:39:59 -0700] "GET /Security-Data-Analysis/Lab_1/conn.log.zip HTTP/1.1" 200 549098528 "-" "Safari/14606.1.36.1.9 CFNetwork/974.1 Darwin/18.0.0 (x86_64)" 
208.58.207.137 - - [10/Oct/2018:22:13:45 -0700] "GET / HTTP/1.1" 200 12383 "-" "Mozilla/5.0 (Windows NT 10.0; Win64; x64) AppleWebKit/537.36 (KHTML, like Gecko) Chrome/69.0.3497.100 Safari/537.36" 
208.58.207.137 - - [10/Oct/2018:22:13:45 -0700] "GET /twitter-icon.png HTTP/1.1" 200 27787 "http://www.secrepo.com/" "Mozilla/5.0 (Windows NT 10.0; Win64; x64) AppleWebKit/537.36 (KHTML, like Gecko) Chrome/69.0.3497.100 Safari/537.36" 
208.58.207.137 - - [10/Oct/2018:22:13:45 -0700] "GET /GitHub-Mark.png HTTP/1.1" 200 7428 "http://www.secrepo.com/" "Mozilla/5.0 (Windows NT 10.0; Win64; x64) AppleWebKit/537.36 (KHTML, like Gecko) Chrome/69.0.3497.100 Safari/537.36" 
208.58.207.137 - - [10/Oct/2018:22:13:47 -0700] "GET /bootstrap/img/favicon.ico HTTP/1.1" 200 589 "http://www.secrepo.com/" "Mozilla/5.0 (Windows NT 10.0; Win64; x64) AppleWebKit/537.36 (KHTML, like Gecko) Chrome/69.0.3497.100 Safari/537.36" 
52.14.175.39 - - [10/Oct/2018:22:14:33 -0700] "GET / HTTP/1.1" 200 12383 "-" "Mozilla/5.0 (X11; Linux x86_64) Trident/5.0 Chrome/67.0.3396.79 Safari/537.36" 
107.199.177.74 - - [10/Oct/2018:22:15:04 -0700] "GET /wp-login.php HTTP/1.1" 418 732 "-" "Mozilla/5.0 (Windows NT 6.1; WOW64; rv:40.0) Gecko/20100101 Firefox/40.1" 
107.199.177.74 - - [10/Oct/2018:22:15:04 -0700] "GET / HTTP/1.1" 418 732 "-" "Mozilla/5.0 (Windows NT 6.1; WOW64; rv:40.0) Gecko/20100101 Firefox/40.1" 
157.55.39.133 - - [10/Oct/2018:22:18:01 -0700] "GET /self.logs/access.log.2017-01-20.gz HTTP/1.1" 301 545 "-" "Mozilla/5.0 (compatible; bingbot/2.0; +http://www.bing.com/bingbot.htm)" 
216.244.66.245 - - [10/Oct/2018:22:22:23 -0700] "GET /self.logs/access.log.2017-09-07.gz HTTP/1.1" 200 24567 "-" "Mozilla/5.0 (compatible; DotBot/1.1; http://www.opensiteexplorer.org/dotbot, help@moz.com)" 
216.244.66.245 - - [10/Oct/2018:22:22:24 -0700] "GET /self.logs/access.log.2017-10-09.gz HTTP/1.1" 200 31375 "-" "Mozilla/5.0 (compatible; DotBot/1.1; http://www.opensiteexplorer.org/dotbot, help@moz.com)" 
216.244.66.245 - - [10/Oct/2018:22:22:26 -0700] "GET /self.logs/access.log.2017-10-27.gz HTTP/1.1" 200 26017 "-" "Mozilla/5.0 (compatible; DotBot/1.1; http://www.opensiteexplorer.org/dotbot, help@moz.com)" 
54.92.217.190 - - [10/Oct/2018:22:22:27 -0700] "GET / HTTP/1.1" 200 12327 "-" "Mozilla/5.0 (compatible; Googlebot/2.1; startmebot/1.0; +https://start.me/bot)" 
216.244.66.245 - - [10/Oct/2018:22:22:27 -0700] "GET /self.logs/access.log.2018-03-26.gz HTTP/1.1" 200 21015 "-" "Mozilla/5.0 (compatible; DotBot/1.1; http://www.opensiteexplorer.org/dotbot, help@moz.com)" 
216.244.66.245 - - [10/Oct/2018:22:22:29 -0700] "GET /self.logs/error.log.2017-02-28.gz HTTP/1.1" 200 750 "-" "Mozilla/5.0 (compatible; DotBot/1.1; http://www.opensiteexplorer.org/dotbot, help@moz.com)" 
216.244.66.245 - - [10/Oct/2018:22:22:30 -0700] "GET /self.logs/error.log.2017-10-08.gz HTTP/1.1" 200 1756 "-" "Mozilla/5.0 (compatible; DotBot/1.1; http://www.opensiteexplorer.org/dotbot, help@moz.com)" 
216.244.66.245 - - [10/Oct/2018:22:22:32 -0700] "GET /self.logs/error.log.2017-11-05.gz HTTP/1.1" 200 2839 "-" "Mozilla/5.0 (compatible; DotBot/1.1; http://www.opensiteexplorer.org/dotbot, help@moz.com)" 
216.244.66.245 - - [10/Oct/2018:22:22:33 -0700] "GET /self.logs/error.log.2017-11-15.gz HTTP/1.1" 200 1111 "-" "Mozilla/5.0 (compatible; DotBot/1.1; http://www.opensiteexplorer.org/dotbot, help@moz.com)" 
46.229.168.131 - - [10/Oct/2018:22:24:16 -0700] "GET /robots.txt HTTP/1.1" 200 297 "-" "Mozilla/5.0 (compatible; SemrushBot/2~bl; +http://www.semrush.com/bot.html)" 
46.229.168.141 - - [10/Oct/2018:22:24:17 -0700] "GET /Datasets%20Description/Network/smtp.html HTTP/1.1" 200 1494 "-" "Mozilla/5.0 (compatible; SemrushBot/2~bl; +http://www.semrush.com/bot.html)" 
18.221.232.130 - - [10/Oct/2018:22:25:50 -0700] "GET / HTTP/1.1" 200 12383 "-" "Mozilla/5.0 (X11; Linux x86_64) AppleWebKit/537.36 (KHTML, like Gecko) Chrome/51.0.2704.106 Safari/537.36 OPR/38.0.2220.41" 
84.241.15.173 - - [10/Oct/2018:22:30:49 -0700] "GET /honeypot/BSidesDFW%20-%202014.ipynb HTTP/1.1" 200 930836 "http://www.secrepo.com/" "Mozilla/5.0 (Windows NT 6.2; Win64; x64) AppleWebKit/537.36 (KHTML, like Gecko) Chrome/66.0.3359.181 Safari/537.36" 
5.2.220.34 - - [10/Oct/2018:22:33:45 -0700] "GET /wp-login.php HTTP/1.1" 418 732 "-" "Mozilla/5.0 (Windows NT 6.1; WOW64; rv:40.0) Gecko/20100101 Firefox/40.1" 
5.2.220.34 - - [10/Oct/2018:22:33:46 -0700] "GET / HTTP/1.1" 418 732 "-" "Mozilla/5.0 (Windows NT 6.1; WOW64; rv:40.0) Gecko/20100101 Firefox/40.1" 
216.244.66.245 - - [10/Oct/2018:22:35:57 -0700] "GET /self.logs/access.log.2015-02-02.gz HTTP/1.1" 404 239 "-" "Mozilla/5.0 (compatible; DotBot/1.1; http://www.opensiteexplorer.org/dotbot, help@moz.com)" 
216.244.66.245 - - [10/Oct/2018:22:35:58 -0700] "GET /self.logs/access.log.2015-09-18.gz HTTP/1.1" 404 239 "-" "Mozilla/5.0 (compatible; DotBot/1.1; http://www.opensiteexplorer.org/dotbot, help@moz.com)" 
216.244.66.245 - - [10/Oct/2018:22:35:59 -0700] "GET /self.logs/access.log.2015-12-25.gz HTTP/1.1" 404 239 "-" "Mozilla/5.0 (compatible; DotBot/1.1; http://www.opensiteexplorer.org/dotbot, help@moz.com)" 
216.244.66.245 - - [10/Oct/2018:22:36:01 -0700] "GET /self.logs/error.log.2015-02-09.gz HTTP/1.1" 404 239 "-" "Mozilla/5.0 (compatible; DotBot/1.1; http://www.opensiteexplorer.org/dotbot, help@moz.com)" 
216.244.66.245 - - [10/Oct/2018:22:36:02 -0700] "GET /self.logs/error.log.2016-05-17.gz HTTP/1.1" 404 239 "-" "Mozilla/5.0 (compatible; DotBot/1.1; http://www.opensiteexplorer.org/dotbot, help@moz.com)" 
140.143.134.248 - - [10/Oct/2018:22:36:55 -0700] "GET http://www.secrepo.com/favicon.ico HTTP/1.1" 200 212 "-" "Mozilla/5.0 (Windows NT 6.1; WOW64) AppleWebKit/537.36 (KHTML, like Gecko) Chrome/55.0.2883.87 Safari/537.36" 
18.191.165.71 - - [10/Oct/2018:22:44:10 -0700] "GET / HTTP/1.1" 200 12383 "-" "Mozilla/5.0 (Windows NT 6.1; Win64; x64; rv:47.0) AppleWebKit/537.36 (KHTML, like Gecko) Chrome/67.0.3396.79 Safari/537.36" 
54.36.149.92 - - [10/Oct/2018:22:47:55 -0700] "GET /self.logs/access.log.2016-10-26.gz HTTP/1.1" 404 284 "-" "Mozilla/5.0 (compatible; AhrefsBot/5.2; +http://ahrefs.com/robot/)" 
216.244.66.245 - - [10/Oct/2018:22:50:08 -0700] "GET /robots.txt HTTP/1.1" 200 233 "-" "Mozilla/5.0 (compatible; DotBot/1.1; http://www.opensiteexplorer.org/dotbot, help@moz.com)" 
54.36.149.40 - - [10/Oct/2018:22:53:19 -0700] "GET /self.logs/2015/error.log.2015-07-27.gz HTTP/1.1" 200 738 "-" "Mozilla/5.0 (compatible; AhrefsBot/5.2; +http://ahrefs.com/robot/)" 
54.36.148.197 - - [10/Oct/2018:22:54:47 -0700] "GET /self.logs/error.log.2018-08-14.gz HTTP/1.1" 200 7500 "-" "Mozilla/5.0 (compatible; AhrefsBot/5.2; +http://ahrefs.com/robot/)" 
184.174.21.81 - - [10/Oct/2018:22:56:14 -0700] "GET / HTTP/1.1" 301 483 "-" "Mozilla/5.0 (Macintosh; Intel Mac OS X 10_12_5) AppleWebKit/537.36 (KHTML, like Gecko) Chrome/58.0.3029.110 Safari/537.36" 
184.174.21.81 - - [10/Oct/2018:22:56:14 -0700] "GET / HTTP/1.1" 200 12383 "-" "Mozilla/5.0 (Macintosh; Intel Mac OS X 10_12_5) AppleWebKit/537.36 (KHTML, like Gecko) Chrome/58.0.3029.110 Safari/537.36" 
113.171.224.176 - - [10/Oct/2018:22:57:41 -0700] "GET /honeypot/Honeypot%20-%20Howto.pdf HTTP/1.1" 200 61320 "-" "Mozilla/5.0 Gecko/20100115 Firefox/3.6" 
46.229.168.129 - - [10/Oct/2018:22:59:04 -0700] "GET /Datasets%20Description/Network/dhcp.html HTTP/1.1" 200 1318 "-" "Mozilla/5.0 (compatible; SemrushBot/2~bl; +http://www.semrush.com/bot.html)" 
157.55.39.133 - - [10/Oct/2018:22:59:56 -0700] "GET /squid/access.log.gz HTTP/1.1" 200 1097266 "-" "Mozilla/5.0 (compatible; bingbot/2.0; +http://www.bing.com/bingbot.htm)" 
157.55.39.133 - - [10/Oct/2018:22:59:59 -0700] "GET /self.logs/error.log.2016-08-10.gz HTTP/1.1" 404 340 "-" "Mozilla/5.0 (compatible; bingbot/2.0; +http://www.bing.com/bingbot.htm)" 
54.36.148.244 - - [10/Oct/2018:23:00:06 -0700] "GET /self.logs/error.log.2015-12-02.gz HTTP/1.1" 404 284 "-" "Mozilla/5.0 (compatible; AhrefsBot/5.2; +http://ahrefs.com/robot/)" 
216.244.66.245 - - [10/Oct/2018:23:00:51 -0700] "GET /self.logs/error.log.2018-10-03.gz HTTP/1.1" 200 6411 "-" "Mozilla/5.0 (compatible; DotBot/1.1; http://www.opensiteexplorer.org/dotbot, help@moz.com)" 
159.226.175.211 - - [10/Oct/2018:23:02:47 -0700] "GET / HTTP/1.1" 200 12327 "-" "Mozilla/5.0 (Windows NT 10.0; Win64; x64) AppleWebKit/537.36 (KHTML, like Gecko) Chrome/69.0.3497.100 Safari/537.36" 
159.226.175.211 - - [10/Oct/2018:23:02:47 -0700] "GET /twitter-icon.png HTTP/1.1" 200 27732 "http://www.secrepo.com/" "Mozilla/5.0 (Windows NT 10.0; Win64; x64) AppleWebKit/537.36 (KHTML, like Gecko) Chrome/69.0.3497.100 Safari/537.36" 
159.226.175.211 - - [10/Oct/2018:23:02:48 -0700] "GET /GitHub-Mark.png HTTP/1.1" 200 7372 "http://www.secrepo.com/" "Mozilla/5.0 (Windows NT 10.0; Win64; x64) AppleWebKit/537.36 (KHTML, like Gecko) Chrome/69.0.3497.100 Safari/537.36" 
159.226.175.211 - - [10/Oct/2018:23:02:49 -0700] "GET /bootstrap/img/favicon.ico HTTP/1.1" 200 534 "http://www.secrepo.com/" "Mozilla/5.0 (Windows NT 10.0; Win64; x64) AppleWebKit/537.36 (KHTML, like Gecko) Chrome/69.0.3497.100 Safari/537.36" 
216.244.66.245 - - [10/Oct/2018:23:05:18 -0700] "GET /self.logs/access.log.2017-03-17.gz HTTP/1.1" 200 17750 "-" "Mozilla/5.0 (compatible; DotBot/1.1; http://www.opensiteexplorer.org/dotbot, help@moz.com)" 
216.244.66.245 - - [10/Oct/2018:23:05:20 -0700] "GET /self.logs/error.log.2017-01-22.gz HTTP/1.1" 200 647 "-" "Mozilla/5.0 (compatible; DotBot/1.1; http://www.opensiteexplorer.org/dotbot, help@moz.com)" 
216.244.66.245 - - [10/Oct/2018:23:05:22 -0700] "GET /self.logs/error.log.2017-08-29.gz HTTP/1.1" 200 808 "-" "Mozilla/5.0 (compatible; DotBot/1.1; http://www.opensiteexplorer.org/dotbot, help@moz.com)" 
216.244.66.245 - - [10/Oct/2018:23:05:24 -0700] "GET /self.logs/error.log.2017-10-09.gz HTTP/1.1" 200 3164 "-" "Mozilla/5.0 (compatible; DotBot/1.1; http://www.opensiteexplorer.org/dotbot, help@moz.com)" 
183.61.51.64 - - [10/Oct/2018:23:05:27 -0700] "GET / HTTP/1.0" 200 46212 "-" "Mozilla/5.0 (iPhone; CPU iPhone OS 8_3 like Mac OS X) AppleWebKit/600.1.4 (KHTML; like Gecko) Mobile/12F70 MicroMessenger/6.1.5 NetType/WIFI" 
101.227.139.172 - - [10/Oct/2018:23:06:26 -0700] "GET / HTTP/1.1" 200 46212 "-" "Mozilla/5.0 (iPhone; CPU iPhone OS 10_2_1 like Mac OS X) AppleWebKit/602.4.6 (KHTML, like Gecko) Mobile/14D27 MicroMessenger/6.5.5 NetType/WIFI Language/zh_CN" 
40.77.167.4 - - [10/Oct/2018:23:10:08 -0700] "GET /self.logs/error.log.2017-04-16.gz HTTP/1.1" 200 828 "-" "Mozilla/5.0 (compatible; bingbot/2.0; +http://www.bing.com/bingbot.htm)" 
40.77.167.4 - - [10/Oct/2018:23:10:08 -0700] "GET /self.logs/access.log.2016-01-12.gz HTTP/1.1" 404 340 "-" "Mozilla/5.0 (compatible; bingbot/2.0; +http://www.bing.com/bingbot.htm)" 
40.77.167.4 - - [10/Oct/2018:23:10:08 -0700] "GET /self.logs/error.log.2017-09-15.gz HTTP/1.1" 200 1767 "-" "Mozilla/5.0 (compatible; bingbot/2.0; +http://www.bing.com/bingbot.htm)" 
40.77.167.4 - - [10/Oct/2018:23:10:10 -0700] "GET /self.logs/access.log.2016-10-02.gz HTTP/1.1" 404 340 "-" "Mozilla/5.0 (compatible; bingbot/2.0; +http://www.bing.com/bingbot.htm)" 
136.33.159.93 - - [10/Oct/2018:23:12:31 -0700] "GET /bootstrap/img/favicon.ico HTTP/1.1" 200 590 "-" "Mozilla/5.0 (Windows NT 10.0; Win64; x64) AppleWebKit/537.36 (KHTML, like Gecko) Chrome/69.0.3497.100 Safari/537.36" 
123.136.118.40 - - [10/Oct/2018:23:14:11 -0700] "GET /wp-login.php HTTP/1.1" 418 732 "-" "Mozilla/5.0 (Windows NT 6.1; WOW64; rv:40.0) Gecko/20100101 Firefox/40.1" 
123.136.118.40 - - [10/Oct/2018:23:14:12 -0700] "GET / HTTP/1.1" 418 732 "-" "Mozilla/5.0 (Windows NT 6.1; WOW64; rv:40.0) Gecko/20100101 Firefox/40.1" 
52.14.43.100 - - [10/Oct/2018:23:14:18 -0700] "GET / HTTP/1.1" 200 12383 "-" "Mozilla/5.0 (X11; Linux x86_64) AppleWebKit/537.36 (KHTML, like Gecko) Safari/602.1" 
216.244.66.245 - - [10/Oct/2018:23:17:05 -0700] "GET /self.logs/access.log.2015-02-01.gz HTTP/1.1" 404 239 "-" "Mozilla/5.0 (compatible; DotBot/1.1; http://www.opensiteexplorer.org/dotbot, help@moz.com)" 
216.244.66.245 - - [10/Oct/2018:23:17:06 -0700] "GET /self.logs/access.log.2015-03-19.gz HTTP/1.1" 404 239 "-" "Mozilla/5.0 (compatible; DotBot/1.1; http://www.opensiteexplorer.org/dotbot, help@moz.com)" 
216.244.66.245 - - [10/Oct/2018:23:17:07 -0700] "GET /self.logs/access.log.2015-05-08.gz HTTP/1.1" 404 239 "-" "Mozilla/5.0 (compatible; DotBot/1.1; http://www.opensiteexplorer.org/dotbot, help@moz.com)" 
216.244.66.245 - - [10/Oct/2018:23:17:08 -0700] "GET /self.logs/access.log.2015-06-07.gz HTTP/1.1" 404 239 "-" "Mozilla/5.0 (compatible; DotBot/1.1; http://www.opensiteexplorer.org/dotbot, help@moz.com)" 
216.244.66.245 - - [10/Oct/2018:23:17:09 -0700] "GET /self.logs/access.log.2015-11-13.gz HTTP/1.1" 404 239 "-" "Mozilla/5.0 (compatible; DotBot/1.1; http://www.opensiteexplorer.org/dotbot, help@moz.com)" 
216.244.66.245 - - [10/Oct/2018:23:17:10 -0700] "GET /self.logs/access.log.2015-11-19.gz HTTP/1.1" 404 239 "-" "Mozilla/5.0 (compatible; DotBot/1.1; http://www.opensiteexplorer.org/dotbot, help@moz.com)" 
216.244.66.245 - - [10/Oct/2018:23:17:11 -0700] "GET /self.logs/access.log.2016-01-05.gz HTTP/1.1" 404 239 "-" "Mozilla/5.0 (compatible; DotBot/1.1; http://www.opensiteexplorer.org/dotbot, help@moz.com)" 
216.244.66.245 - - [10/Oct/2018:23:17:12 -0700] "GET /self.logs/access.log.2016-03-29.gz HTTP/1.1" 404 239 "-" "Mozilla/5.0 (compatible; DotBot/1.1; http://www.opensiteexplorer.org/dotbot, help@moz.com)" 
216.244.66.245 - - [10/Oct/2018:23:17:13 -0700] "GET /self.logs/access.log.2016-10-24.gz HTTP/1.1" 404 239 "-" "Mozilla/5.0 (compatible; DotBot/1.1; http://www.opensiteexplorer.org/dotbot, help@moz.com)" 
216.244.66.245 - - [10/Oct/2018:23:17:14 -0700] "GET /self.logs/error.log.2015-03-31.gz HTTP/1.1" 404 239 "-" "Mozilla/5.0 (compatible; DotBot/1.1; http://www.opensiteexplorer.org/dotbot, help@moz.com)" 
95.163.255.37 - - [10/Oct/2018:23:17:14 -0700] "GET /robots.txt HTTP/1.0" 200 252 "-" "Mozilla/5.0 (compatible; Linux x86_64; Mail.RU_Bot/2.0; +http://go.mail.ru/help/robots)" 
216.244.66.245 - - [10/Oct/2018:23:17:15 -0700] "GET /self.logs/error.log.2015-07-26.gz HTTP/1.1" 404 239 "-" "Mozilla/5.0 (compatible; DotBot/1.1; http://www.opensiteexplorer.org/dotbot, help@moz.com)" 
216.244.66.245 - - [10/Oct/2018:23:17:16 -0700] "GET /self.logs/error.log.2016-01-22 HTTP/1.1" 404 239 "-" "Mozilla/5.0 (compatible; DotBot/1.1; http://www.opensiteexplorer.org/dotbot, help@moz.com)" 
216.244.66.245 - - [10/Oct/2018:23:17:17 -0700] "GET /self.logs/error.log.2016-01-29.gz HTTP/1.1" 404 239 "-" "Mozilla/5.0 (compatible; DotBot/1.1; http://www.opensiteexplorer.org/dotbot, help@moz.com)" 
