1.186.170.79 - - [01/Feb/2018:11:20:11 -0800] "GET /self.logs/access.log.2018-01-30.gz HTTP/1.1" 404 340 "-" "python-requests/2.18.4" 
1.186.170.79 - - [01/Feb/2018:11:20:12 -0800] "GET /self.logs/access.log.2018-01-31.gz HTTP/1.1" 404 340 "-" "python-requests/2.18.4" 
1.186.170.79 - - [01/Feb/2018:11:20:12 -0800] "GET /self.logs/access.log.2018-02-01.gz HTTP/1.1" 404 340 "-" "python-requests/2.18.4" 
181.137.206.246 - - [01/Feb/2018:11:20:58 -0800] "GET /wp-login.php HTTP/1.1" 418 732 "-" "Mozilla/5.0 (Windows NT 6.1; WOW64; rv:40.0) Gecko/20100101 Firefox/40.1" 
181.137.206.246 - - [01/Feb/2018:11:20:58 -0800] "GET / HTTP/1.1" 418 732 "-" "Mozilla/5.0 (Windows NT 6.1; WOW64; rv:40.0) Gecko/20100101 Firefox/40.1" 
216.244.66.227 - - [01/Feb/2018:11:26:42 -0800] "GET /robots.txt HTTP/1.1" 200 233 "-" "Mozilla/5.0 (compatible; DotBot/1.1; http://www.opensiteexplorer.org/dotbot, help@moz.com)" 
54.36.149.52 - - [01/Feb/2018:11:33:16 -0800] "GET /self.logs/error.log.2017-05-14.gz HTTP/1.1" 200 1068 "-" "Mozilla/5.0 (compatible; AhrefsBot/5.2; +http://ahrefs.com/robot/)" 
216.244.66.227 - - [01/Feb/2018:11:38:24 -0800] "GET /self.logs/error.log.2017-10-26.gz HTTP/1.1" 200 1580 "-" "Mozilla/5.0 (compatible; DotBot/1.1; http://www.opensiteexplorer.org/dotbot, help@moz.com)" 
137.100.133.30 - - [01/Feb/2018:11:39:18 -0800] "GET / HTTP/1.1" 200 11061 "http://www.google.com/url?sa=t&rct=j&q=&esrc=s&source=web&cd=2&ved=0ahUKEwiB-9jmuYXZAhVBwVQKHZaJBeMQFggtMAE&url=http%3A%2F%2Fwww.secrepo.com%2F&usg=AOvVaw0jIonH_9-JWfo0lP0X5Pvo" "Mozilla/5.0 (Windows NT 6.1; WOW64; Trident/7.0; rv:11.0) like Gecko" 
137.100.133.30 - - [01/Feb/2018:11:39:18 -0800] "GET /GitHub-Mark.png HTTP/1.1" 200 7428 "http://www.secrepo.com/" "Mozilla/5.0 (Windows NT 6.1; WOW64; Trident/7.0; rv:11.0) like Gecko" 
137.100.133.30 - - [01/Feb/2018:11:39:18 -0800] "GET /twitter-icon.png HTTP/1.1" 200 27787 "http://www.secrepo.com/" "Mozilla/5.0 (Windows NT 6.1; WOW64; Trident/7.0; rv:11.0) like Gecko" 
137.100.133.30 - - [01/Feb/2018:11:39:19 -0800] "GET /bootstrap/img/favicon.ico HTTP/1.1" 200 589 "-" "Mozilla/5.0 (Windows NT 6.1; WOW64; Trident/7.0; rv:11.0) like Gecko" 
217.182.132.154 - - [01/Feb/2018:11:41:22 -0800] "GET /self.logs/error.log.2017-12-20.gz HTTP/1.1" 200 1683 "-" "Mozilla/5.0 (compatible; AhrefsBot/5.2; +http://ahrefs.com/robot/)" 
217.182.132.153 - - [01/Feb/2018:11:42:02 -0800] "GET /self.logs/error.log.2016-05-04.gz HTTP/1.1" 404 284 "-" "Mozilla/5.0 (compatible; AhrefsBot/5.2; +http://ahrefs.com/robot/)" 
137.100.133.30 - - [01/Feb/2018:11:44:20 -0800] "GET /tg/tg_snort_full.7z HTTP/1.1" 200 8847794 "http://www.secrepo.com/" "Mozilla/5.0 (Windows NT 6.1; WOW64; Trident/7.0; rv:11.0) like Gecko" 
117.220.161.114 - - [01/Feb/2018:11:45:55 -0800] "GET / HTTP/1.1" 200 11061 "-" "Mozilla/5.0 (X11; Linux x86_64) AppleWebKit/537.36 (KHTML, like Gecko) Ubuntu Chromium/64.0.3282.119 Chrome/64.0.3282.119 Safari/537.36" 
117.220.161.114 - - [01/Feb/2018:11:45:56 -0800] "GET /twitter-icon.png HTTP/1.1" 200 27787 "http://www.secrepo.com/" "Mozilla/5.0 (X11; Linux x86_64) AppleWebKit/537.36 (KHTML, like Gecko) Ubuntu Chromium/64.0.3282.119 Chrome/64.0.3282.119 Safari/537.36" 
117.220.161.114 - - [01/Feb/2018:11:45:56 -0800] "GET /GitHub-Mark.png HTTP/1.1" 200 7428 "http://www.secrepo.com/" "Mozilla/5.0 (X11; Linux x86_64) AppleWebKit/537.36 (KHTML, like Gecko) Ubuntu Chromium/64.0.3282.119 Chrome/64.0.3282.119 Safari/537.36" 
117.220.161.114 - - [01/Feb/2018:11:45:58 -0800] "GET /bootstrap/img/favicon.ico HTTP/1.1" 200 589 "http://www.secrepo.com/" "Mozilla/5.0 (X11; Linux x86_64) AppleWebKit/537.36 (KHTML, like Gecko) Ubuntu Chromium/64.0.3282.119 Chrome/64.0.3282.119 Safari/537.36" 
164.132.161.48 - - [01/Feb/2018:11:47:05 -0800] "GET /self.logs/2016/access.log.2016-06-01.gz HTTP/1.1" 200 9897 "-" "Mozilla/5.0 (compatible; AhrefsBot/5.2; +http://ahrefs.com/robot/)" 
51.255.65.26 - - [01/Feb/2018:11:50:27 -0800] "GET /self.logs/access.log.2016-10-15.gz HTTP/1.1" 404 284 "-" "Mozilla/5.0 (compatible; AhrefsBot/5.2; +http://ahrefs.com/robot/)" 
96.83.80.220 - - [01/Feb/2018:11:50:47 -0800] "GET / HTTP/1.1" 200 11061 "https://www.google.com/" "Mozilla/5.0 (Macintosh; Intel Mac OS X 10_13_3) AppleWebKit/537.36 (KHTML, like Gecko) Chrome/63.0.3239.132 Safari/537.36" 
96.83.80.220 - - [01/Feb/2018:11:50:47 -0800] "GET /twitter-icon.png HTTP/1.1" 200 27787 "http://www.secrepo.com/" "Mozilla/5.0 (Macintosh; Intel Mac OS X 10_13_3) AppleWebKit/537.36 (KHTML, like Gecko) Chrome/63.0.3239.132 Safari/537.36" 
96.83.80.220 - - [01/Feb/2018:11:50:47 -0800] "GET /GitHub-Mark.png HTTP/1.1" 200 7428 "http://www.secrepo.com/" "Mozilla/5.0 (Macintosh; Intel Mac OS X 10_13_3) AppleWebKit/537.36 (KHTML, like Gecko) Chrome/63.0.3239.132 Safari/537.36" 
96.83.80.220 - - [01/Feb/2018:11:50:52 -0800] "GET /bootstrap/img/favicon.ico HTTP/1.1" 200 590 "http://www.secrepo.com/" "Mozilla/5.0 (Macintosh; Intel Mac OS X 10_13_3) AppleWebKit/537.36 (KHTML, like Gecko) Chrome/63.0.3239.132 Safari/537.36" 
51.39.127.228 - - [01/Feb/2018:11:51:06 -0800] "GET /wp-login.php HTTP/1.1" 418 732 "-" "Mozilla/5.0 (Windows NT 6.1; WOW64; rv:40.0) Gecko/20100101 Firefox/40.1" 
102.181.194.40 - - [01/Feb/2018:11:51:19 -0800] "GET /tg/tg_snort_fast.7z HTTP/1.1" 304 131 "-" "Mozilla/5.0 Gecko/20100115 Firefox/3.6" 
73.60.109.142 - - [01/Feb/2018:11:53:28 -0800] "GET / HTTP/1.1" 200 11061 "-" "Mozilla/5.0 (Macintosh; Intel Mac OS X 10_13_3) AppleWebKit/537.36 (KHTML, like Gecko) Chrome/64.0.3282.119 Safari/537.36" 
73.60.109.142 - - [01/Feb/2018:11:53:28 -0800] "GET /twitter-icon.png HTTP/1.1" 200 27787 "http://www.secrepo.com/" "Mozilla/5.0 (Macintosh; Intel Mac OS X 10_13_3) AppleWebKit/537.36 (KHTML, like Gecko) Chrome/64.0.3282.119 Safari/537.36" 
73.60.109.142 - - [01/Feb/2018:11:53:28 -0800] "GET /GitHub-Mark.png HTTP/1.1" 200 7428 "http://www.secrepo.com/" "Mozilla/5.0 (Macintosh; Intel Mac OS X 10_13_3) AppleWebKit/537.36 (KHTML, like Gecko) Chrome/64.0.3282.119 Safari/537.36" 
73.60.109.142 - - [01/Feb/2018:11:53:28 -0800] "GET /bootstrap/img/favicon.ico HTTP/1.1" 200 589 "http://www.secrepo.com/" "Mozilla/5.0 (Macintosh; Intel Mac OS X 10_13_3) AppleWebKit/537.36 (KHTML, like Gecko) Chrome/64.0.3282.119 Safari/537.36" 
164.132.161.17 - - [01/Feb/2018:11:54:21 -0800] "GET /self.logs/access.log.2017-06-12.gz HTTP/1.1" 200 23497 "-" "Mozilla/5.0 (compatible; AhrefsBot/5.2; +http://ahrefs.com/robot/)" 
66.249.66.82 - - [01/Feb/2018:11:56:27 -0800] "GET / HTTP/1.1" 200 11061 "-" "Mozilla/5.0 (compatible; Googlebot/2.1; +http://www.google.com/bot.html)" 
54.36.148.244 - - [01/Feb/2018:12:00:13 -0800] "GET /self.logs/2016/error.log.2016-06-09.gz HTTP/1.1" 200 894 "-" "Mozilla/5.0 (compatible; AhrefsBot/5.2; +http://ahrefs.com/robot/)" 
138.51.118.73 - - [01/Feb/2018:12:03:16 -0800] "GET / HTTP/1.1" 200 11061 "https://www.google.ca/" "Mozilla/5.0 (Windows NT 6.1; Win64; x64) AppleWebKit/537.36 (KHTML, like Gecko) Chrome/63.0.3239.132 Safari/537.36" 
138.51.118.73 - - [01/Feb/2018:12:03:16 -0800] "GET /twitter-icon.png HTTP/1.1" 200 27787 "http://www.secrepo.com/" "Mozilla/5.0 (Windows NT 6.1; Win64; x64) AppleWebKit/537.36 (KHTML, like Gecko) Chrome/63.0.3239.132 Safari/537.36" 
138.51.118.73 - - [01/Feb/2018:12:03:16 -0800] "GET /GitHub-Mark.png HTTP/1.1" 200 7428 "http://www.secrepo.com/" "Mozilla/5.0 (Windows NT 6.1; Win64; x64) AppleWebKit/537.36 (KHTML, like Gecko) Chrome/63.0.3239.132 Safari/537.36" 
138.51.118.73 - - [01/Feb/2018:12:03:17 -0800] "GET /bootstrap/img/favicon.ico HTTP/1.1" 200 589 "http://www.secrepo.com/" "Mozilla/5.0 (Windows NT 6.1; Win64; x64) AppleWebKit/537.36 (KHTML, like Gecko) Chrome/63.0.3239.132 Safari/537.36" 
66.249.66.84 - - [01/Feb/2018:12:04:27 -0800] "GET / HTTP/1.1" 200 11061 "-" "Mozilla/5.0 (Linux; Android 6.0.1; Nexus 5X Build/MMB29P) AppleWebKit/537.36 (KHTML, like Gecko) Chrome/41.0.2272.96 Mobile Safari/537.36 (compatible; Googlebot/2.1; +http://www.google.com/bot.html)" 
51.255.65.30 - - [01/Feb/2018:12:08:30 -0800] "GET /self.logs/error.log.2017-11-08.gz HTTP/1.1" 200 2382 "-" "Mozilla/5.0 (compatible; AhrefsBot/5.2; +http://ahrefs.com/robot/)" 
193.125.63.227 - - [01/Feb/2018:12:15:25 -0800] "GET / HTTP/1.1" 200 11061 "-" "Mozilla/5.0 (iPhone; CPU iPhone OS 11_2_2 like Mac OS X) AppleWebKit/604.4.7 (KHTML, like Gecko) Version/11.0 Mobile/15C202 Safari/604.1" 
193.125.63.227 - - [01/Feb/2018:12:15:25 -0800] "GET /twitter-icon.png HTTP/1.1" 200 27787 "http://www.secrepo.com/" "Mozilla/5.0 (iPhone; CPU iPhone OS 11_2_2 like Mac OS X) AppleWebKit/604.4.7 (KHTML, like Gecko) Version/11.0 Mobile/15C202 Safari/604.1" 
193.125.63.227 - - [01/Feb/2018:12:15:25 -0800] "GET /GitHub-Mark.png HTTP/1.1" 200 7428 "http://www.secrepo.com/" "Mozilla/5.0 (iPhone; CPU iPhone OS 11_2_2 like Mac OS X) AppleWebKit/604.4.7 (KHTML, like Gecko) Version/11.0 Mobile/15C202 Safari/604.1" 
164.132.161.93 - - [01/Feb/2018:12:17:37 -0800] "GET /self.logs/access.log.2016-09-17.gz HTTP/1.1" 404 284 "-" "Mozilla/5.0 (compatible; AhrefsBot/5.2; +http://ahrefs.com/robot/)" 
51.255.65.31 - - [01/Feb/2018:12:21:38 -0800] "GET /self.logs/2016/access.log.2016-06-29.gz HTTP/1.1" 200 8618 "-" "Mozilla/5.0 (compatible; AhrefsBot/5.2; +http://ahrefs.com/robot/)" 
51.255.65.31 - - [01/Feb/2018:12:23:02 -0800] "GET /self.logs/2016/access.log.2016-08-14.gz HTTP/1.1" 200 13091 "-" "Mozilla/5.0 (compatible; AhrefsBot/5.2; +http://ahrefs.com/robot/)" 
51.255.65.33 - - [01/Feb/2018:12:23:40 -0800] "GET /self.logs/2015/error.log.2015-12-01.gz HTTP/1.1" 200 709 "-" "Mozilla/5.0 (compatible; AhrefsBot/5.2; +http://ahrefs.com/robot/)" 
69.47.0.76 - - [01/Feb/2018:12:25:12 -0800] "GET / HTTP/1.1" 200 11061 "https://www.google.com/" "Mozilla/5.0 (Windows NT 10.0; Win64; x64) AppleWebKit/537.36 (KHTML, like Gecko) Chrome/63.0.3239.132 Safari/537.36" 
69.47.0.76 - - [01/Feb/2018:12:25:12 -0800] "GET /twitter-icon.png HTTP/1.1" 200 27787 "http://www.secrepo.com/" "Mozilla/5.0 (Windows NT 10.0; Win64; x64) AppleWebKit/537.36 (KHTML, like Gecko) Chrome/63.0.3239.132 Safari/537.36" 
69.47.0.76 - - [01/Feb/2018:12:25:13 -0800] "GET /GitHub-Mark.png HTTP/1.1" 200 7428 "http://www.secrepo.com/" "Mozilla/5.0 (Windows NT 10.0; Win64; x64) AppleWebKit/537.36 (KHTML, like Gecko) Chrome/63.0.3239.132 Safari/537.36" 
69.47.0.76 - - [01/Feb/2018:12:25:14 -0800] "GET /bootstrap/img/favicon.ico HTTP/1.1" 200 589 "http://www.secrepo.com/" "Mozilla/5.0 (Windows NT 10.0; Win64; x64) AppleWebKit/537.36 (KHTML, like Gecko) Chrome/63.0.3239.132 Safari/537.36" 
167.219.88.140 - - [01/Feb/2018:12:26:11 -0800] "GET / HTTP/1.1" 200 11061 "https://www.google.com/" "Mozilla/5.0 (Windows NT 10.0; Win64; x64) AppleWebKit/537.36 (KHTML, like Gecko) Chrome/64.0.3282.119 Safari/537.36" 
167.219.88.140 - - [01/Feb/2018:12:26:11 -0800] "GET /twitter-icon.png HTTP/1.1" 200 27787 "http://www.secrepo.com/" "Mozilla/5.0 (Windows NT 10.0; Win64; x64) AppleWebKit/537.36 (KHTML, like Gecko) Chrome/64.0.3282.119 Safari/537.36" 
167.219.88.140 - - [01/Feb/2018:12:26:11 -0800] "GET /GitHub-Mark.png HTTP/1.1" 200 7428 "http://www.secrepo.com/" "Mozilla/5.0 (Windows NT 10.0; Win64; x64) AppleWebKit/537.36 (KHTML, like Gecko) Chrome/64.0.3282.119 Safari/537.36" 
167.219.88.140 - - [01/Feb/2018:12:26:12 -0800] "GET /bootstrap/img/favicon.ico HTTP/1.1" 200 589 "http://www.secrepo.com/" "Mozilla/5.0 (Windows NT 10.0; Win64; x64) AppleWebKit/537.36 (KHTML, like Gecko) Chrome/64.0.3282.119 Safari/537.36" 
164.132.161.7 - - [01/Feb/2018:12:26:23 -0800] "GET /self.logs/access.log.2015-09-15.gz HTTP/1.1" 404 284 "-" "Mozilla/5.0 (compatible; AhrefsBot/5.2; +http://ahrefs.com/robot/)" 
72.253.67.7 - - [01/Feb/2018:12:26:48 -0800] "GET / HTTP/1.1" 200 11061 "-" "Mozilla/5.0 (Windows NT 6.1; Win64; x64; rv:58.0) Gecko/20100101 Firefox/58.0" 
72.253.67.7 - - [01/Feb/2018:12:26:48 -0800] "GET /twitter-icon.png HTTP/1.1" 200 27787 "http://www.secrepo.com/" "Mozilla/5.0 (Windows NT 6.1; Win64; x64; rv:58.0) Gecko/20100101 Firefox/58.0" 
72.253.67.7 - - [01/Feb/2018:12:26:48 -0800] "GET /GitHub-Mark.png HTTP/1.1" 200 7428 "http://www.secrepo.com/" "Mozilla/5.0 (Windows NT 6.1; Win64; x64; rv:58.0) Gecko/20100101 Firefox/58.0" 
72.253.67.7 - - [01/Feb/2018:12:26:49 -0800] "GET /bootstrap/img/favicon.ico HTTP/1.1" 200 589 "-" "Mozilla/5.0 (Windows NT 6.1; Win64; x64; rv:58.0) Gecko/20100101 Firefox/58.0" 
54.36.148.42 - - [01/Feb/2018:12:28:36 -0800] "GET /self.logs/2015/error.log.2015-05-13.gz HTTP/1.1" 200 2266 "-" "Mozilla/5.0 (compatible; AhrefsBot/5.2; +http://ahrefs.com/robot/)" 
51.255.71.115 - - [01/Feb/2018:12:29:43 -0800] "GET /self.logs/2015/access.log.2015-11-27.gz HTTP/1.1" 200 5570 "-" "Mozilla/5.0 (compatible; AhrefsBot/5.2; +http://ahrefs.com/robot/)" 
34.201.61.229 - - [01/Feb/2018:12:30:49 -0800] "GET /robots.txt HTTP/1.1" 200 334 "-" "BUbiNG (+http://law.di.unimi.it/BUbiNG.html)" 
34.201.61.229 - - [01/Feb/2018:12:31:19 -0800] "GET /maccdc2012/maccdc2012_fast_alert.7z HTTP/1.1" 200 2212134 "-" "BUbiNG (+http://law.di.unimi.it/BUbiNG.html)" 
34.201.61.229 - - [01/Feb/2018:12:31:50 -0800] "GET /maccdc2012/maccdc2012_full_alert.7z HTTP/1.1" 200 2168732 "-" "BUbiNG (+http://law.di.unimi.it/BUbiNG.html)" 
34.201.61.229 - - [01/Feb/2018:12:32:33 -0800] "GET /tg_snort_fast.7z HTTP/1.1" 404 340 "-" "BUbiNG (+http://law.di.unimi.it/BUbiNG.html)" 
51.255.65.23 - - [01/Feb/2018:12:32:41 -0800] "GET /self.logs/access.log.2016-04-12.gz HTTP/1.1" 404 284 "-" "Mozilla/5.0 (compatible; AhrefsBot/5.2; +http://ahrefs.com/robot/)" 
34.201.61.229 - - [01/Feb/2018:12:33:03 -0800] "GET /tg_snort_full.7z HTTP/1.1" 404 340 "-" "BUbiNG (+http://law.di.unimi.it/BUbiNG.html)" 
34.201.61.229 - - [01/Feb/2018:12:33:34 -0800] "GET /self.logs/ HTTP/1.1" 200 8094 "-" "BUbiNG (+http://law.di.unimi.it/BUbiNG.html)" 
74.50.211.186 - - [01/Feb/2018:12:34:27 -0800] "GET / HTTP/1.1" 200 11061 "http://www.secrepo.com/" "Mozilla/4.0 (compatible; MSIE 8.0; Windows NT 6.1; WOW64; Trident/4.0; SLCC2; .NET CLR 2.0.50727; .NET CLR 3.5.30729; .NET CLR 3.0.30729; Media Center PC 6.0; .NET4.0C; .NET4.0E)" 
74.50.211.186 - - [01/Feb/2018:12:34:29 -0800] "GET /twitter-icon.png HTTP/1.1" 200 27787 "http://www.secrepo.com/" "Mozilla/4.0 (compatible; MSIE 8.0; Windows NT 6.1; WOW64; Trident/4.0; SLCC2; .NET CLR 2.0.50727; .NET CLR 3.5.30729; .NET CLR 3.0.30729; Media Center PC 6.0; .NET4.0C; .NET4.0E)" 
74.50.211.186 - - [01/Feb/2018:12:34:29 -0800] "GET /GitHub-Mark.png HTTP/1.1" 200 7428 "http://www.secrepo.com/" "Mozilla/4.0 (compatible; MSIE 8.0; Windows NT 6.1; WOW64; Trident/4.0; SLCC2; .NET CLR 2.0.50727; .NET CLR 3.5.30729; .NET CLR 3.0.30729; Media Center PC 6.0; .NET4.0C; .NET4.0E)" 
34.201.61.229 - - [01/Feb/2018:12:35:00 -0800] "GET / HTTP/1.1" 200 11061 "-" "BUbiNG (+http://law.di.unimi.it/BUbiNG.html)" 
34.201.61.229 - - [01/Feb/2018:12:35:30 -0800] "GET /self.logs/?C=N;O=D HTTP/1.1" 200 8128 "-" "BUbiNG (+http://law.di.unimi.it/BUbiNG.html)" 
34.201.61.229 - - [01/Feb/2018:12:36:00 -0800] "GET /self.logs/?C=M;O=A HTTP/1.1" 200 8380 "-" "BUbiNG (+http://law.di.unimi.it/BUbiNG.html)" 
34.201.61.229 - - [01/Feb/2018:12:36:30 -0800] "GET /self.logs/?C=S;O=A HTTP/1.1" 200 9037 "-" "BUbiNG (+http://law.di.unimi.it/BUbiNG.html)" 
34.201.61.229 - - [01/Feb/2018:12:37:01 -0800] "GET /self.logs/?C=D;O=A HTTP/1.1" 200 8094 "-" "BUbiNG (+http://law.di.unimi.it/BUbiNG.html)" 
54.36.149.13 - - [01/Feb/2018:12:37:21 -0800] "GET /self.logs/2016/error.log.2016-12-24.gz HTTP/1.1" 200 962 "-" "Mozilla/5.0 (compatible; AhrefsBot/5.2; +http://ahrefs.com/robot/)" 
34.201.61.229 - - [01/Feb/2018:12:37:31 -0800] "GET /self.logs/2015/ HTTP/1.1" 200 7437 "-" "BUbiNG (+http://law.di.unimi.it/BUbiNG.html)" 
34.201.61.229 - - [01/Feb/2018:12:38:01 -0800] "GET /self.logs/2016/ HTTP/1.1" 200 7741 "-" "BUbiNG (+http://law.di.unimi.it/BUbiNG.html)" 
164.132.161.52 - - [01/Feb/2018:12:38:03 -0800] "GET /self.logs/2015/error.log.2015-12-03.gz HTTP/1.1" 200 663 "-" "Mozilla/5.0 (compatible; AhrefsBot/5.2; +http://ahrefs.com/robot/)" 
34.201.61.229 - - [01/Feb/2018:12:38:31 -0800] "GET /data HTTP/1.1" 404 340 "-" "BUbiNG (+http://law.di.unimi.it/BUbiNG.html)" 
34.201.61.229 - - [01/Feb/2018:12:39:01 -0800] "GET /tg/tg_snort_fast.7z HTTP/1.1" 200 2283802 "-" "BUbiNG (+http://law.di.unimi.it/BUbiNG.html)" 
34.201.61.229 - - [01/Feb/2018:12:39:31 -0800] "GET /tg/tg_snort_full.7z HTTP/1.1" 200 2260286 "-" "BUbiNG (+http://law.di.unimi.it/BUbiNG.html)" 
158.97.80.41 - - [01/Feb/2018:12:39:32 -0800] "GET / HTTP/1.1" 200 11061 "https://www.google.com.mx/" "Mozilla/5.0 (Macintosh; Intel Mac OS X 10_10_5) AppleWebKit/603.3.8 (KHTML, like Gecko) Version/10.1.2 Safari/603.3.8" 
158.97.80.41 - - [01/Feb/2018:12:39:32 -0800] "GET /twitter-icon.png HTTP/1.1" 200 27787 "http://www.secrepo.com/" "Mozilla/5.0 (Macintosh; Intel Mac OS X 10_10_5) AppleWebKit/603.3.8 (KHTML, like Gecko) Version/10.1.2 Safari/603.3.8" 
158.97.80.41 - - [01/Feb/2018:12:39:32 -0800] "GET /GitHub-Mark.png HTTP/1.1" 200 7428 "http://www.secrepo.com/" "Mozilla/5.0 (Macintosh; Intel Mac OS X 10_10_5) AppleWebKit/603.3.8 (KHTML, like Gecko) Version/10.1.2 Safari/603.3.8" 
158.97.80.41 - - [01/Feb/2018:12:39:34 -0800] "GET /bootstrap/img/favicon.ico HTTP/1.1" 200 590 "http://www.secrepo.com/" "Mozilla/5.0 (Macintosh; Intel Mac OS X 10_10_5) AppleWebKit/603.3.8 (KHTML, like Gecko) Version/10.1.2 Safari/603.3.8" 
34.201.61.229 - - [01/Feb/2018:12:40:02 -0800] "GET /honeypot/BSidesDFW%20-%202014.ipynb HTTP/1.1" 200 930836 "-" "BUbiNG (+http://law.di.unimi.it/BUbiNG.html)" 
34.201.61.229 - - [01/Feb/2018:12:40:32 -0800] "GET /self.logs/?C=N;O=A HTTP/1.1" 200 8094 "-" "BUbiNG (+http://law.di.unimi.it/BUbiNG.html)" 
54.36.149.78 - - [01/Feb/2018:12:40:55 -0800] "GET /self.logs/2016/access.log.2016-10-12.gz HTTP/1.1" 200 12409 "-" "Mozilla/5.0 (compatible; AhrefsBot/5.2; +http://ahrefs.com/robot/)" 
149.248.160.34 - - [01/Feb/2018:12:40:59 -0800] "GET / HTTP/1.1" 200 11061 "https://www.google.com/" "Mozilla/5.0 (Windows NT 10.0; Win64; x64) AppleWebKit/537.36 (KHTML, like Gecko) Chrome/63.0.3239.132 Safari/537.36" 
149.248.160.34 - - [01/Feb/2018:12:41:00 -0800] "GET /twitter-icon.png HTTP/1.1" 200 27787 "http://www.secrepo.com/" "Mozilla/5.0 (Windows NT 10.0; Win64; x64) AppleWebKit/537.36 (KHTML, like Gecko) Chrome/63.0.3239.132 Safari/537.36" 
149.248.160.34 - - [01/Feb/2018:12:41:00 -0800] "GET /GitHub-Mark.png HTTP/1.1" 200 7428 "http://www.secrepo.com/" "Mozilla/5.0 (Windows NT 10.0; Win64; x64) AppleWebKit/537.36 (KHTML, like Gecko) Chrome/63.0.3239.132 Safari/537.36" 
149.248.160.34 - - [01/Feb/2018:12:41:01 -0800] "GET /bootstrap/img/favicon.ico HTTP/1.1" 200 589 "http://www.secrepo.com/" "Mozilla/5.0 (Windows NT 10.0; Win64; x64) AppleWebKit/537.36 (KHTML, like Gecko) Chrome/63.0.3239.132 Safari/537.36" 
34.201.61.229 - - [01/Feb/2018:12:41:02 -0800] "GET /self.logs/?C=M;O=D HTTP/1.1" 200 8464 "-" "BUbiNG (+http://law.di.unimi.it/BUbiNG.html)" 
217.182.132.61 - - [01/Feb/2018:12:42:04 -0800] "GET /self.logs/access.log.2016-06-17.gz HTTP/1.1" 404 284 "-" "Mozilla/5.0 (compatible; AhrefsBot/5.2; +http://ahrefs.com/robot/)" 
34.201.61.229 - - [01/Feb/2018:12:44:28 -0800] "GET /self.logs/?C=S;O=D HTTP/1.1" 200 8952 "-" "BUbiNG (+http://law.di.unimi.it/BUbiNG.html)" 
40.77.167.43 - - [01/Feb/2018:12:44:48 -0800] "GET / HTTP/1.1" 200 11061 "-" "Mozilla/5.0 (compatible; bingbot/2.0; +http://www.bing.com/bingbot.htm)" 
34.201.61.229 - - [01/Feb/2018:12:45:17 -0800] "GET /self.logs/2015/?C=N;O=D HTTP/1.1" 200 7480 "-" "BUbiNG (+http://law.di.unimi.it/BUbiNG.html)" 
37.189.138.111 - - [01/Feb/2018:12:45:38 -0800] "GET /twitter-icon.png HTTP/1.1" 200 27788 "-" "Mozilla/5.0 (Windows NT 10.0; Win64; x64) AppleWebKit/537.36 (KHTML, like Gecko) Chrome/58.0.3029.110 Safari/537.36 Edge/16.16299" 
37.189.138.111 - - [01/Feb/2018:12:45:38 -0800] "GET /GitHub-Mark.png HTTP/1.1" 200 7428 "-" "Mozilla/5.0 (Windows NT 10.0; Win64; x64) AppleWebKit/537.36 (KHTML, like Gecko) Chrome/58.0.3029.110 Safari/537.36 Edge/16.16299" 
128.237.216.176 - - [01/Feb/2018:12:45:47 -0800] "GET / HTTP/1.1" 200 11061 "-" "Mozilla/5.0 (Windows NT 10.0; Win64; x64) AppleWebKit/537.36 (KHTML, like Gecko) Chrome/63.0.3239.132 Safari/537.36" 
128.237.216.176 - - [01/Feb/2018:12:45:48 -0800] "GET /twitter-icon.png HTTP/1.1" 200 27787 "http://www.secrepo.com/" "Mozilla/5.0 (Windows NT 10.0; Win64; x64) AppleWebKit/537.36 (KHTML, like Gecko) Chrome/63.0.3239.132 Safari/537.36" 
128.237.216.176 - - [01/Feb/2018:12:45:48 -0800] "GET /GitHub-Mark.png HTTP/1.1" 200 7428 "http://www.secrepo.com/" "Mozilla/5.0 (Windows NT 10.0; Win64; x64) AppleWebKit/537.36 (KHTML, like Gecko) Chrome/63.0.3239.132 Safari/537.36" 
128.237.216.176 - - [01/Feb/2018:12:45:48 -0800] "GET /bootstrap/img/favicon.ico HTTP/1.1" 200 589 "http://www.secrepo.com/" "Mozilla/5.0 (Windows NT 10.0; Win64; x64) AppleWebKit/537.36 (KHTML, like Gecko) Chrome/63.0.3239.132 Safari/537.36" 
34.201.61.229 - - [01/Feb/2018:12:45:55 -0800] "GET /self.logs/2015/?C=M;O=A HTTP/1.1" 200 7660 "-" "BUbiNG (+http://law.di.unimi.it/BUbiNG.html)" 
66.249.83.84 - - [01/Feb/2018:12:46:20 -0800] "GET / HTTP/1.1" 200 11061 "-" "Mozilla/5.0 (X11; Linux x86_64) AppleWebKit/537.36 (KHTML, like Gecko) Chrome/49.0.2623.75 Safari/537.36 Google Favicon" 
66.249.83.84 - - [01/Feb/2018:12:46:20 -0800] "GET /bootstrap/img/favicon.ico HTTP/1.1" 200 589 "-" "Mozilla/5.0 (X11; Linux x86_64) AppleWebKit/537.36 (KHTML, like Gecko) Chrome/49.0.2623.75 Safari/537.36 Google Favicon" 
34.201.61.229 - - [01/Feb/2018:12:46:27 -0800] "GET /self.logs/2015/?C=S;O=A HTTP/1.1" 200 8283 "-" "BUbiNG (+http://law.di.unimi.it/BUbiNG.html)" 
54.234.64.125 - - [01/Feb/2018:12:46:37 -0800] "GET /robots.txt HTTP/1.1" 301 502 "-" "BUbiNG (+http://law.di.unimi.it/BUbiNG.html)" 
54.234.64.125 - - [01/Feb/2018:12:46:37 -0800] "GET /robots.txt HTTP/1.1" 200 334 "-" "BUbiNG (+http://law.di.unimi.it/BUbiNG.html)" 
142.54.195.124 - - [01/Feb/2018:12:47:00 -0800] "GET /wp-login.php HTTP/1.1" 418 732 "-" "Mozilla/5.0 (Windows NT 6.1; WOW64; rv:40.0) Gecko/20100101 Firefox/40.1" 
142.54.195.124 - - [01/Feb/2018:12:47:00 -0800] "GET / HTTP/1.1" 418 732 "-" "Mozilla/5.0 (Windows NT 6.1; WOW64; rv:40.0) Gecko/20100101 Firefox/40.1" 
54.234.64.125 - - [01/Feb/2018:12:47:07 -0800] "GET / HTTP/1.1" 301 483 "-" "BUbiNG (+http://law.di.unimi.it/BUbiNG.html)" 
54.234.64.125 - - [01/Feb/2018:12:47:07 -0800] "GET / HTTP/1.1" 200 11061 "-" "BUbiNG (+http://law.di.unimi.it/BUbiNG.html)" 
179.189.113.101 - - [01/Feb/2018:12:47:10 -0800] "GET /wp-login.php HTTP/1.1" 418 732 "-" "Mozilla/5.0 (Windows NT 6.1; WOW64; rv:40.0) Gecko/20100101 Firefox/40.1" 
179.189.113.101 - - [01/Feb/2018:12:47:10 -0800] "GET / HTTP/1.1" 418 732 "-" "Mozilla/5.0 (Windows NT 6.1; WOW64; rv:40.0) Gecko/20100101 Firefox/40.1" 
54.234.64.125 - - [01/Feb/2018:12:47:37 -0800] "GET /data HTTP/1.1" 301 488 "-" "BUbiNG (+http://law.di.unimi.it/BUbiNG.html)" 
54.234.64.125 - - [01/Feb/2018:12:47:37 -0800] "GET /data HTTP/1.1" 404 340 "-" "BUbiNG (+http://law.di.unimi.it/BUbiNG.html)" 
54.234.64.125 - - [01/Feb/2018:12:48:08 -0800] "GET /maccdc2012/maccdc2012_fast_alert.7z HTTP/1.1" 301 545 "-" "BUbiNG (+http://law.di.unimi.it/BUbiNG.html)" 
54.234.64.125 - - [01/Feb/2018:12:48:08 -0800] "GET /maccdc2012/maccdc2012_fast_alert.7z HTTP/1.1" 200 2210966 "-" "BUbiNG (+http://law.di.unimi.it/BUbiNG.html)" 
54.234.64.125 - - [01/Feb/2018:12:49:43 -0800] "GET /maccdc2012/maccdc2012_full_alert.7z HTTP/1.1" 301 544 "-" "BUbiNG (+http://law.di.unimi.it/BUbiNG.html)" 
54.234.64.125 - - [01/Feb/2018:12:49:43 -0800] "GET /maccdc2012/maccdc2012_full_alert.7z HTTP/1.1" 200 2172644 "-" "BUbiNG (+http://law.di.unimi.it/BUbiNG.html)" 
51.255.65.28 - - [01/Feb/2018:12:49:48 -0800] "GET /self.logs/access.log.2015-05-18.gz HTTP/1.1" 404 284 "-" "Mozilla/5.0 (compatible; AhrefsBot/5.2; +http://ahrefs.com/robot/)" 
54.234.64.125 - - [01/Feb/2018:12:51:41 -0800] "GET /tg/tg_snort_fast.7z HTTP/1.1" 301 522 "-" "BUbiNG (+http://law.di.unimi.it/BUbiNG.html)" 
54.234.64.125 - - [01/Feb/2018:12:51:41 -0800] "GET /tg/tg_snort_fast.7z HTTP/1.1" 200 2273220 "-" "BUbiNG (+http://law.di.unimi.it/BUbiNG.html)" 
54.234.64.125 - - [01/Feb/2018:12:52:14 -0800] "GET /tg/tg_snort_full.7z HTTP/1.1" 301 521 "-" "BUbiNG (+http://law.di.unimi.it/BUbiNG.html)" 
54.234.64.125 - - [01/Feb/2018:12:52:14 -0800] "GET /tg/tg_snort_full.7z HTTP/1.1" 200 2354980 "-" "BUbiNG (+http://law.di.unimi.it/BUbiNG.html)" 
54.234.64.125 - - [01/Feb/2018:12:52:44 -0800] "GET /self.logs/ HTTP/1.1" 301 499 "-" "BUbiNG (+http://law.di.unimi.it/BUbiNG.html)" 
54.234.64.125 - - [01/Feb/2018:12:52:44 -0800] "GET /self.logs/ HTTP/1.1" 200 8094 "-" "BUbiNG (+http://law.di.unimi.it/BUbiNG.html)" 
54.234.64.125 - - [01/Feb/2018:12:53:15 -0800] "GET /honeypot/BSidesDFW%20-%202014.ipynb HTTP/1.1" 301 540 "-" "BUbiNG (+http://law.di.unimi.it/BUbiNG.html)" 
128.237.216.176 - - [01/Feb/2018:12:51:37 -0800] "GET /maccdc2012/conn.log.gz HTTP/1.1" 200 551041635 "-" "Mozilla/5.0 (Windows NT 10.0; Win64; x64) AppleWebKit/537.36 (KHTML, like Gecko) Chrome/63.0.3239.132 Safari/537.36" 
54.234.64.125 - - [01/Feb/2018:12:55:33 -0800] "GET /self.logs/?C=N;O=D HTTP/1.1" 301 516 "-" "BUbiNG (+http://law.di.unimi.it/BUbiNG.html)" 
54.234.64.125 - - [01/Feb/2018:12:55:33 -0800] "GET /self.logs/?C=N;O=D HTTP/1.1" 200 8128 "-" "BUbiNG (+http://law.di.unimi.it/BUbiNG.html)" 
54.234.64.125 - - [01/Feb/2018:12:56:04 -0800] "GET /self.logs/?C=M;O=A HTTP/1.1" 301 517 "-" "BUbiNG (+http://law.di.unimi.it/BUbiNG.html)" 
54.234.64.125 - - [01/Feb/2018:12:56:04 -0800] "GET /self.logs/?C=M;O=A HTTP/1.1" 200 8380 "-" "BUbiNG (+http://law.di.unimi.it/BUbiNG.html)" 
34.201.61.229 - - [01/Feb/2018:12:56:16 -0800] "GET /self.logs/2015/?C=D;O=A HTTP/1.1" 200 7437 "-" "BUbiNG (+http://law.di.unimi.it/BUbiNG.html)" 
34.201.61.229 - - [01/Feb/2018:12:56:49 -0800] "GET /self.logs/2016/?C=N;O=D HTTP/1.1" 200 7767 "-" "BUbiNG (+http://law.di.unimi.it/BUbiNG.html)" 
34.201.61.229 - - [01/Feb/2018:12:57:20 -0800] "GET /self.logs/2016/?C=M;O=A HTTP/1.1" 200 8047 "-" "BUbiNG (+http://law.di.unimi.it/BUbiNG.html)" 
54.234.64.125 - - [01/Feb/2018:12:57:26 -0800] "GET /self.logs/?C=S;O=A HTTP/1.1" 301 518 "-" "BUbiNG (+http://law.di.unimi.it/BUbiNG.html)" 
54.234.64.125 - - [01/Feb/2018:12:57:26 -0800] "GET /self.logs/?C=S;O=A HTTP/1.1" 200 9037 "-" "BUbiNG (+http://law.di.unimi.it/BUbiNG.html)" 
128.237.216.176 - - [01/Feb/2018:12:57:44 -0800] "GET /tg/tg_snort_full.7z HTTP/1.1" 200 8847794 "-" "Mozilla/5.0 (Windows NT 10.0; Win64; x64) AppleWebKit/537.36 (KHTML, like Gecko) Chrome/63.0.3239.132 Safari/537.36" 
34.201.61.229 - - [01/Feb/2018:12:57:51 -0800] "GET /self.logs/2016/?C=S;O=A HTTP/1.1" 200 8646 "-" "BUbiNG (+http://law.di.unimi.it/BUbiNG.html)" 
128.237.216.176 - - [01/Feb/2018:12:57:59 -0800] "GET /tg/tg_snort_full.7z HTTP/1.1" 200 8847794 "-" "Mozilla/5.0 (Windows NT 10.0; Win64; x64) AppleWebKit/537.36 (KHTML, like Gecko) Chrome/63.0.3239.132 Safari/537.36" 
54.234.64.125 - - [01/Feb/2018:12:58:03 -0800] "GET /self.logs/?C=D;O=A HTTP/1.1" 301 517 "-" "BUbiNG (+http://law.di.unimi.it/BUbiNG.html)" 
54.234.64.125 - - [01/Feb/2018:12:58:03 -0800] "GET /self.logs/?C=D;O=A HTTP/1.1" 200 8094 "-" "BUbiNG (+http://law.di.unimi.it/BUbiNG.html)" 
34.201.61.229 - - [01/Feb/2018:12:58:21 -0800] "GET /self.logs/2016/?C=D;O=A HTTP/1.1" 200 7741 "-" "BUbiNG (+http://law.di.unimi.it/BUbiNG.html)" 
54.234.64.125 - - [01/Feb/2018:12:58:47 -0800] "GET /self.logs/2015/ HTTP/1.1" 301 511 "-" "BUbiNG (+http://law.di.unimi.it/BUbiNG.html)" 
54.234.64.125 - - [01/Feb/2018:12:58:47 -0800] "GET /self.logs/2015/ HTTP/1.1" 200 7437 "-" "BUbiNG (+http://law.di.unimi.it/BUbiNG.html)" 
34.201.61.229 - - [01/Feb/2018:12:58:51 -0800] "GET /self.logs/2016/error.log.2016-01-22 HTTP/1.1" 200 334 "-" "BUbiNG (+http://law.di.unimi.it/BUbiNG.html)" 
34.201.61.229 - - [01/Feb/2018:12:59:22 -0800] "GET /%22https:/twitter.com/sooshie/%22 HTTP/1.1" 404 340 "-" "BUbiNG (+http://law.di.unimi.it/BUbiNG.html)" 
54.234.64.125 - - [01/Feb/2018:12:59:30 -0800] "GET /self.logs/2016/ HTTP/1.1" 301 512 "-" "BUbiNG (+http://law.di.unimi.it/BUbiNG.html)" 
54.234.64.125 - - [01/Feb/2018:12:59:30 -0800] "GET /self.logs/2016/ HTTP/1.1" 200 7741 "-" "BUbiNG (+http://law.di.unimi.it/BUbiNG.html)" 
34.201.61.229 - - [01/Feb/2018:12:59:56 -0800] "GET /%22https:/twitter.com/theroxyd/%22 HTTP/1.1" 404 340 "-" "BUbiNG (+http://law.di.unimi.it/BUbiNG.html)" 
34.201.61.229 - - [01/Feb/2018:13:00:26 -0800] "GET /%22http:/amunhoney.sourceforge.net/%22 HTTP/1.1" 404 340 "-" "BUbiNG (+http://law.di.unimi.it/BUbiNG.html)" 
34.201.61.229 - - [01/Feb/2018:13:00:56 -0800] "GET /%22http:/glastopf.org/%22 HTTP/1.1" 404 340 "-" "BUbiNG (+http://law.di.unimi.it/BUbiNG.html)" 
54.234.64.125 - - [01/Feb/2018:13:00:56 -0800] "GET /self.logs/?C=N;O=A HTTP/1.1" 301 517 "-" "BUbiNG (+http://law.di.unimi.it/BUbiNG.html)" 
54.234.64.125 - - [01/Feb/2018:13:00:56 -0800] "GET /self.logs/?C=N;O=A HTTP/1.1" 200 8094 "-" "BUbiNG (+http://law.di.unimi.it/BUbiNG.html)" 
64.233.173.129 - - [01/Feb/2018:13:01:22 -0800] "GET / HTTP/1.1" 200 11061 "https://www.google.co.in/" "Mozilla/5.0 (Linux; Android 7.0; Redmi Note 4 Build/NRD90M) AppleWebKit/537.36 (KHTML, like Gecko) Chrome/63.0.3239.111 Mobile Safari/537.36" 
64.233.173.129 - - [01/Feb/2018:13:01:22 -0800] "GET /GitHub-Mark.png HTTP/1.1" 200 7427 "http://www.secrepo.com/" "Mozilla/5.0 (Linux; Android 7.0; Redmi Note 4 Build/NRD90M) AppleWebKit/537.36 (KHTML, like Gecko) Chrome/63.0.3239.111 Mobile Safari/537.36" 
64.233.173.129 - - [01/Feb/2018:13:01:23 -0800] "GET /twitter-icon.png HTTP/1.1" 200 27788 "http://www.secrepo.com/" "Mozilla/5.0 (Linux; Android 7.0; Redmi Note 4 Build/NRD90M) AppleWebKit/537.36 (KHTML, like Gecko) Chrome/63.0.3239.111 Mobile Safari/537.36" 
64.233.173.159 - - [01/Feb/2018:13:01:24 -0800] "GET /bootstrap/img/favicon.ico HTTP/1.1" 200 590 "http://www.secrepo.com/" "Mozilla/5.0 (Linux; Android 7.0; Redmi Note 4 Build/NRD90M) AppleWebKit/537.36 (KHTML, like Gecko) Chrome/63.0.3239.111 Mobile Safari/537.36" 
34.201.61.229 - - [01/Feb/2018:13:01:27 -0800] "GET /%22http:/www.maxmind.com/%22 HTTP/1.1" 404 340 "-" "BUbiNG (+http://law.di.unimi.it/BUbiNG.html)" 
54.234.64.125 - - [01/Feb/2018:13:01:31 -0800] "GET /self.logs/?C=M;O=D HTTP/1.1" 301 517 "-" "BUbiNG (+http://law.di.unimi.it/BUbiNG.html)" 
54.234.64.125 - - [01/Feb/2018:13:01:31 -0800] "GET /self.logs/?C=M;O=D HTTP/1.1" 200 8464 "-" "BUbiNG (+http://law.di.unimi.it/BUbiNG.html)" 
34.201.61.229 - - [01/Feb/2018:13:01:57 -0800] "GET /self.logs/2015/?C=N;O=A HTTP/1.1" 200 7437 "-" "BUbiNG (+http://law.di.unimi.it/BUbiNG.html)" 
54.234.64.125 - - [01/Feb/2018:13:02:01 -0800] "GET /self.logs/?C=S;O=D HTTP/1.1" 301 517 "-" "BUbiNG (+http://law.di.unimi.it/BUbiNG.html)" 
54.234.64.125 - - [01/Feb/2018:13:02:01 -0800] "GET /self.logs/?C=S;O=D HTTP/1.1" 200 8952 "-" "BUbiNG (+http://law.di.unimi.it/BUbiNG.html)" 
51.255.65.71 - - [01/Feb/2018:13:02:08 -0800] "GET /self.logs/error.log.2016-02-09.gz HTTP/1.1" 404 284 "-" "Mozilla/5.0 (compatible; AhrefsBot/5.2; +http://ahrefs.com/robot/)" 
164.132.162.158 - - [01/Feb/2018:13:02:24 -0800] "GET /self.logs/2015/access.log.2015-02-21.gz HTTP/1.1" 200 17337 "-" "Mozilla/5.0 (compatible; AhrefsBot/5.2; +http://ahrefs.com/robot/)" 
34.201.61.229 - - [01/Feb/2018:13:02:29 -0800] "GET /self.logs/2015/?C=M;O=D HTTP/1.1" 200 7666 "-" "BUbiNG (+http://law.di.unimi.it/BUbiNG.html)" 
54.234.64.125 - - [01/Feb/2018:13:02:31 -0800] "GET /self.logs/2015/?C=N;O=D HTTP/1.1" 301 528 "-" "BUbiNG (+http://law.di.unimi.it/BUbiNG.html)" 
54.234.64.125 - - [01/Feb/2018:13:02:31 -0800] "GET /self.logs/2015/?C=N;O=D HTTP/1.1" 200 7480 "-" "BUbiNG (+http://law.di.unimi.it/BUbiNG.html)" 
17.142.159.143 - - [01/Feb/2018:13:02:39 -0800] "GET /bootstrap/img/favicon.ico HTTP/1.1" 200 590 "-" "Mozilla/5.0 (Macintosh; Intel Mac OS X 10_10_1) AppleWebKit/600.2.5 (KHTML, like Gecko) Version/8.0.2 Safari/600.2.5 (Applebot/0.1; +http://www.apple.com/go/applebot)" 
34.201.61.229 - - [01/Feb/2018:13:03:00 -0800] "GET /self.logs/2015/?C=S;O=D HTTP/1.1" 200 8253 "-" "BUbiNG (+http://law.di.unimi.it/BUbiNG.html)" 
54.234.64.125 - - [01/Feb/2018:13:03:05 -0800] "GET /self.logs/2015/?C=M;O=A HTTP/1.1" 301 528 "-" "BUbiNG (+http://law.di.unimi.it/BUbiNG.html)" 
54.234.64.125 - - [01/Feb/2018:13:03:05 -0800] "GET /self.logs/2015/?C=M;O=A HTTP/1.1" 200 7660 "-" "BUbiNG (+http://law.di.unimi.it/BUbiNG.html)" 
34.201.61.229 - - [01/Feb/2018:13:03:31 -0800] "GET /self.logs/2016/?C=N;O=A HTTP/1.1" 200 7741 "-" "BUbiNG (+http://law.di.unimi.it/BUbiNG.html)" 
54.234.64.125 - - [01/Feb/2018:13:03:35 -0800] "GET /self.logs/2015/?C=S;O=A HTTP/1.1" 301 529 "-" "BUbiNG (+http://law.di.unimi.it/BUbiNG.html)" 
54.234.64.125 - - [01/Feb/2018:13:03:35 -0800] "GET /self.logs/2015/?C=S;O=A HTTP/1.1" 200 8283 "-" "BUbiNG (+http://law.di.unimi.it/BUbiNG.html)" 
34.201.61.229 - - [01/Feb/2018:13:04:02 -0800] "GET /self.logs/2016/?C=M;O=D HTTP/1.1" 200 8020 "-" "BUbiNG (+http://law.di.unimi.it/BUbiNG.html)" 
34.201.61.229 - - [01/Feb/2018:13:04:33 -0800] "GET /self.logs/2016/?C=S;O=D HTTP/1.1" 200 8572 "-" "BUbiNG (+http://law.di.unimi.it/BUbiNG.html)" 
174.209.20.68 - - [01/Feb/2018:13:06:20 -0800] "GET / HTTP/1.1" 200 11061 "-" "Mozilla/5.0 (iPhone; CPU iPhone OS 11_2_2 like Mac OS X) AppleWebKit/604.4.7 (KHTML, like Gecko) Version/11.0 Mobile/15C202 Safari/604.1" 
174.209.20.68 - - [01/Feb/2018:13:06:20 -0800] "GET /twitter-icon.png HTTP/1.1" 200 27787 "http://www.secrepo.com/" "Mozilla/5.0 (iPhone; CPU iPhone OS 11_2_2 like Mac OS X) AppleWebKit/604.4.7 (KHTML, like Gecko) Version/11.0 Mobile/15C202 Safari/604.1" 
174.209.20.68 - - [01/Feb/2018:13:06:20 -0800] "GET /GitHub-Mark.png HTTP/1.1" 200 7428 "http://www.secrepo.com/" "Mozilla/5.0 (iPhone; CPU iPhone OS 11_2_2 like Mac OS X) AppleWebKit/604.4.7 (KHTML, like Gecko) Version/11.0 Mobile/15C202 Safari/604.1" 
128.237.216.176 - - [01/Feb/2018:13:10:25 -0800] "GET /tg/a.zip HTTP/1.1" 200 66189337 "-" "Mozilla/5.0 (Windows NT 10.0; Win64; x64) AppleWebKit/537.36 (KHTML, like Gecko) Chrome/63.0.3239.132 Safari/537.36" 
54.234.64.125 - - [01/Feb/2018:13:11:56 -0800] "GET /self.logs/2015/?C=D;O=A HTTP/1.1" 301 528 "-" "BUbiNG (+http://law.di.unimi.it/BUbiNG.html)" 
54.234.64.125 - - [01/Feb/2018:13:11:56 -0800] "GET /self.logs/2015/?C=D;O=A HTTP/1.1" 200 7437 "-" "BUbiNG (+http://law.di.unimi.it/BUbiNG.html)" 
128.237.216.176 - - [01/Feb/2018:13:11:54 -0800] "GET /Security-Data-Analysis/Lab_1/conn.log.zip HTTP/1.1" 200 11221188 "-" "Mozilla/5.0 (Windows NT 10.0; Win64; x64) AppleWebKit/537.36 (KHTML, like Gecko) Chrome/63.0.3239.132 Safari/537.36" 
78.239.46.140 - - [01/Feb/2018:13:12:21 -0800] "GET / HTTP/1.1" 200 11061 "-" "Mozilla/5.0 (X11; Linux x86_64) AppleWebKit/537.36 (KHTML, like Gecko) Version/4.0 Chrome/33.0.0.0 Safari/537.36" 
78.239.46.140 - - [01/Feb/2018:13:12:22 -0800] "GET /twitter-icon.png HTTP/1.1" 200 27787 "-" "Mozilla/5.0 (X11; Linux x86_64) AppleWebKit/537.36 (KHTML, like Gecko) Version/4.0 Chrome/33.0.0.0 Safari/537.36" 
78.239.46.140 - - [01/Feb/2018:13:12:23 -0800] "GET /GitHub-Mark.png HTTP/1.1" 200 7428 "-" "Mozilla/5.0 (X11; Linux x86_64) AppleWebKit/537.36 (KHTML, like Gecko) Version/4.0 Chrome/33.0.0.0 Safari/537.36" 
54.234.64.125 - - [01/Feb/2018:13:12:47 -0800] "GET /self.logs/2016/?C=N;O=D HTTP/1.1" 301 528 "-" "BUbiNG (+http://law.di.unimi.it/BUbiNG.html)" 
54.234.64.125 - - [01/Feb/2018:13:12:47 -0800] "GET /self.logs/2016/?C=N;O=D HTTP/1.1" 200 7767 "-" "BUbiNG (+http://law.di.unimi.it/BUbiNG.html)" 
74.132.41.24 - - [01/Feb/2018:13:15:40 -0800] "GET / HTTP/1.1" 200 11061 "-" "Mozilla/5.0 (Macintosh; Intel Mac OS X 10_11_6) AppleWebKit/537.36 (KHTML, like Gecko) Chrome/57.0.2987.98 Safari/537.36" 
98.207.67.219 - - [01/Feb/2018:13:16:30 -0800] "GET / HTTP/1.1" 200 11061 "https://www.google.com/" "Mozilla/5.0 (X11; Linux x86_64) AppleWebKit/537.36 (KHTML, like Gecko) Chrome/63.0.3239.108 Safari/537.36" 
98.207.67.219 - - [01/Feb/2018:13:16:36 -0800] "GET /bootstrap/img/favicon.ico HTTP/1.1" 200 590 "http://www.secrepo.com/" "Mozilla/5.0 (X11; Linux x86_64) AppleWebKit/537.36 (KHTML, like Gecko) Chrome/63.0.3239.108 Safari/537.36" 
128.237.216.176 - - [01/Feb/2018:13:21:13 -0800] "GET /maccdc2012/weird.log.gz HTTP/1.1" 200 1242777 "-" "Mozilla/5.0 (Windows NT 10.0; Win64; x64) AppleWebKit/537.36 (KHTML, like Gecko) Chrome/63.0.3239.132 Safari/537.36" 
128.237.216.176 - - [01/Feb/2018:13:23:41 -0800] "GET /tg/tg_snort_fast.7z HTTP/1.1" 200 4274093 "-" "Mozilla/5.0 (Windows NT 10.0; Win64; x64) AppleWebKit/537.36 (KHTML, like Gecko) Chrome/63.0.3239.132 Safari/537.36" 
128.237.216.176 - - [01/Feb/2018:13:24:31 -0800] "GET /pe_static/zeus.zip HTTP/1.1" 200 51367111 "-" "Mozilla/5.0 (Windows NT 10.0; Win64; x64) AppleWebKit/537.36 (KHTML, like Gecko) Chrome/63.0.3239.132 Safari/537.36" 
54.36.149.26 - - [01/Feb/2018:13:27:19 -0800] "GET /self.logs/error.log.2017-01-20.gz HTTP/1.1" 200 773 "-" "Mozilla/5.0 (compatible; AhrefsBot/5.2; +http://ahrefs.com/robot/)" 
217.182.132.172 - - [01/Feb/2018:13:29:27 -0800] "GET /self.logs/2016/error.log.2016-11-27.gz HTTP/1.1" 200 1823 "-" "Mozilla/5.0 (compatible; AhrefsBot/5.2; +http://ahrefs.com/robot/)" 
104.194.100.192 - - [01/Feb/2018:13:29:48 -0800] "GET /self.logs/ HTTP/1.1" 200 8094 "http://enigmater.blogspot.fr/2017/03/intrusion-detection-based-on-supervised.html" "Mozilla/5.0 (Macintosh; Intel Mac OS X 10_12_6) AppleWebKit/603.3.8 (KHTML, like Gecko) Version/10.1.2 Safari/603.3.8" 
104.194.100.192 - - [01/Feb/2018:13:29:48 -0800] "GET /favicon.ico HTTP/1.1" 200 268 "http://www.secrepo.com/self.logs/" "Mozilla/5.0 (Macintosh; Intel Mac OS X 10_12_6) AppleWebKit/603.3.8 (KHTML, like Gecko) Version/10.1.2 Safari/603.3.8" 
128.237.216.176 - - [01/Feb/2018:13:31:20 -0800] "GET /maccdc2012/maccdc2012_full_alert.7z HTTP/1.1" 200 24978942 "-" "Mozilla/5.0 (Windows NT 10.0; Win64; x64) AppleWebKit/537.36 (KHTML, like Gecko) Chrome/63.0.3239.132 Safari/537.36" 
157.55.39.197 - - [01/Feb/2018:13:33:12 -0800] "GET /self.logs/access.log.2016-07-19.gz HTTP/1.1" 404 340 "-" "Mozilla/5.0 (compatible; bingbot/2.0; +http://www.bing.com/bingbot.htm)" 
51.255.65.83 - - [01/Feb/2018:13:34:23 -0800] "GET /self.logs/2015/access.log.2015-07-23.gz HTTP/1.1" 200 4012 "-" "Mozilla/5.0 (compatible; AhrefsBot/5.2; +http://ahrefs.com/robot/)" 
192.34.240.11 - - [01/Feb/2018:13:36:08 -0800] "GET / HTTP/1.1" 200 11061 "http://niiconsulting.com/checkmate/2016/07/ultra-short-guide-to-big-data-and-security/" "Mozilla/5.0 (Windows NT 10.0; Win64; x64; rv:58.0) Gecko/20100101 Firefox/58.0" 
192.34.240.11 - - [01/Feb/2018:13:36:09 -0800] "GET /GitHub-Mark.png HTTP/1.1" 200 7428 "http://www.secrepo.com/" "Mozilla/5.0 (Windows NT 10.0; Win64; x64; rv:58.0) Gecko/20100101 Firefox/58.0" 
192.34.240.11 - - [01/Feb/2018:13:36:09 -0800] "GET /twitter-icon.png HTTP/1.1" 200 27787 "http://www.secrepo.com/" "Mozilla/5.0 (Windows NT 10.0; Win64; x64; rv:58.0) Gecko/20100101 Firefox/58.0" 
192.34.240.11 - - [01/Feb/2018:13:36:09 -0800] "GET /bootstrap/img/favicon.ico HTTP/1.1" 200 589 "-" "Mozilla/5.0 (Windows NT 10.0; Win64; x64; rv:58.0) Gecko/20100101 Firefox/58.0" 
66.249.66.83 - - [01/Feb/2018:13:36:27 -0800] "GET / HTTP/1.1" 200 11061 "-" "Mozilla/5.0 (Linux; Android 6.0.1; Nexus 5X Build/MMB29P) AppleWebKit/537.36 (KHTML, like Gecko) Chrome/41.0.2272.96 Mobile Safari/537.36 (compatible; Googlebot/2.1; +http://www.google.com/bot.html)" 
40.77.167.43 - - [01/Feb/2018:13:37:08 -0800] "GET /self.logs/error.log.2017-06-11.gz HTTP/1.1" 301 544 "-" "Mozilla/5.0 (compatible; bingbot/2.0; +http://www.bing.com/bingbot.htm)" 
91.122.159.141 - - [01/Feb/2018:13:41:54 -0800] "GET /bootstrap/img/favicon.ico HTTP/1.1" 200 590 "-" "Mozilla/5.0 (Windows NT 6.1; Win64; x64; rv:58.0) Gecko/20100101 Firefox/58.0" 
75.64.83.41 - - [01/Feb/2018:13:48:27 -0800] "GET / HTTP/1.1" 200 11061 "https://www.google.com/" "Mozilla/5.0 (Windows NT 10.0; Win64; x64) AppleWebKit/537.36 (KHTML, like Gecko) Chrome/63.0.3239.132 Safari/537.36" 
75.64.83.41 - - [01/Feb/2018:13:48:27 -0800] "GET /GitHub-Mark.png HTTP/1.1" 200 7428 "http://www.secrepo.com/" "Mozilla/5.0 (Windows NT 10.0; Win64; x64) AppleWebKit/537.36 (KHTML, like Gecko) Chrome/63.0.3239.132 Safari/537.36" 
75.64.83.41 - - [01/Feb/2018:13:48:27 -0800] "GET /twitter-icon.png HTTP/1.1" 200 27788 "http://www.secrepo.com/" "Mozilla/5.0 (Windows NT 10.0; Win64; x64) AppleWebKit/537.36 (KHTML, like Gecko) Chrome/63.0.3239.132 Safari/537.36" 
128.237.216.176 - - [01/Feb/2018:13:49:00 -0800] "GET /maccdc2012/signatures.log.gz HTTP/1.1" 200 605 "-" "Mozilla/5.0 (Windows NT 10.0; Win64; x64) AppleWebKit/537.36 (KHTML, like Gecko) Chrome/63.0.3239.132 Safari/537.36" 
54.36.148.245 - - [01/Feb/2018:13:49:03 -0800] "GET /self.logs/2016/access.log.2016-01-18.gz HTTP/1.1" 200 7291 "-" "Mozilla/5.0 (compatible; AhrefsBot/5.2; +http://ahrefs.com/robot/)" 
217.182.132.154 - - [01/Feb/2018:13:49:37 -0800] "GET /self.logs/2016/access.log.2016-05-14.gz HTTP/1.1" 200 7861 "-" "Mozilla/5.0 (compatible; AhrefsBot/5.2; +http://ahrefs.com/robot/)" 
107.199.60.176 - - [01/Feb/2018:13:57:38 -0800] "GET / HTTP/1.1" 200 11061 "-" "Mozilla/5.0 (Windows NT 6.3; Win64; x64) AppleWebKit/537.36 (KHTML, like Gecko) Chrome/63.0.3239.132 Safari/537.36" 
107.199.60.176 - - [01/Feb/2018:13:57:39 -0800] "GET /twitter-icon.png HTTP/1.1" 200 27787 "http://www.secrepo.com/" "Mozilla/5.0 (Windows NT 6.3; Win64; x64) AppleWebKit/537.36 (KHTML, like Gecko) Chrome/63.0.3239.132 Safari/537.36" 
107.199.60.176 - - [01/Feb/2018:13:57:39 -0800] "GET /GitHub-Mark.png HTTP/1.1" 200 7428 "http://www.secrepo.com/" "Mozilla/5.0 (Windows NT 6.3; Win64; x64) AppleWebKit/537.36 (KHTML, like Gecko) Chrome/63.0.3239.132 Safari/537.36" 
107.199.60.176 - - [01/Feb/2018:13:57:42 -0800] "GET /bootstrap/img/favicon.ico HTTP/1.1" 200 590 "http://www.secrepo.com/" "Mozilla/5.0 (Windows NT 6.3; Win64; x64) AppleWebKit/537.36 (KHTML, like Gecko) Chrome/63.0.3239.132 Safari/537.36" 
107.199.60.176 - - [01/Feb/2018:13:57:57 -0800] "GET /self.logs/ HTTP/1.1" 200 8094 "http://www.secrepo.com/" "Mozilla/5.0 (Windows NT 6.3; Win64; x64) AppleWebKit/537.36 (KHTML, like Gecko) Chrome/63.0.3239.132 Safari/537.36" 
107.199.60.176 - - [01/Feb/2018:13:57:58 -0800] "GET /favicon.ico HTTP/1.1" 200 267 "http://www.secrepo.com/self.logs/" "Mozilla/5.0 (Windows NT 6.3; Win64; x64) AppleWebKit/537.36 (KHTML, like Gecko) Chrome/63.0.3239.132 Safari/537.36" 
107.199.60.176 - - [01/Feb/2018:13:58:01 -0800] "GET /self.logs/access.log.2017-01-01.gz HTTP/1.1" 200 17655 "http://www.secrepo.com/self.logs/" "Mozilla/5.0 (Windows NT 6.3; Win64; x64) AppleWebKit/537.36 (KHTML, like Gecko) Chrome/63.0.3239.132 Safari/537.36" 
120.221.0.34 - - [01/Feb/2018:13:58:08 -0800] "GET /honeypot/Honeypot%20-%20Howto.pdf HTTP/1.1" 304 131 "-" "Mozilla/5.0 Gecko/20100115 Firefox/3.6" 
51.255.65.83 - - [01/Feb/2018:14:00:28 -0800] "GET /self.logs/error.log.2016-05-19.gz HTTP/1.1" 404 284 "-" "Mozilla/5.0 (compatible; AhrefsBot/5.2; +http://ahrefs.com/robot/)" 
123.125.71.82 - - [01/Feb/2018:14:03:03 -0800] "GET /scada_logs.zip HTTP/1.1" 404 303 "-" "Mozilla/5.0 (compatible; Baiduspider/2.0; +http://www.baidu.com/search/spider.html)" 
66.249.93.93 - - [01/Feb/2018:14:03:31 -0800] "GET / HTTP/1.1" 200 11061 "-" "Mozilla/5.0 (X11; Linux x86_64) AppleWebKit/537.36 (KHTML, like Gecko) Chrome/49.0.2623.75 Safari/537.36 Google Favicon" 
66.249.93.64 - - [01/Feb/2018:14:03:31 -0800] "GET /bootstrap/img/favicon.ico HTTP/1.1" 200 590 "-" "Mozilla/5.0 (X11; Linux x86_64) AppleWebKit/537.36 (KHTML, like Gecko) Chrome/49.0.2623.75 Safari/537.36 Google Favicon" 
172.56.2.139 - - [01/Feb/2018:14:03:39 -0800] "GET /GitHub-Mark.png HTTP/1.1" 200 7428 "-" "Mozilla/5.0 (X11; Linux x86_64) AppleWebKit/537.36 (KHTML, like Gecko) Chrome/64.0.3282.119 Safari/537.36" 
130.160.125.1 - - [01/Feb/2018:14:06:01 -0800] "GET / HTTP/1.1" 200 11061 "-" "Mozilla/5.0 (Windows NT 10.0; Win64; x64) AppleWebKit/537.36 (KHTML, like Gecko) Chrome/61.0.3163.100 Safari/537.36" 
130.160.125.1 - - [01/Feb/2018:14:06:01 -0800] "GET /twitter-icon.png HTTP/1.1" 200 27787 "http://www.secrepo.com/" "Mozilla/5.0 (Windows NT 10.0; Win64; x64) AppleWebKit/537.36 (KHTML, like Gecko) Chrome/61.0.3163.100 Safari/537.36" 
130.160.125.1 - - [01/Feb/2018:14:06:01 -0800] "GET /GitHub-Mark.png HTTP/1.1" 200 7428 "http://www.secrepo.com/" "Mozilla/5.0 (Windows NT 10.0; Win64; x64) AppleWebKit/537.36 (KHTML, like Gecko) Chrome/61.0.3163.100 Safari/537.36" 
130.160.125.1 - - [01/Feb/2018:14:06:02 -0800] "GET /bootstrap/img/favicon.ico HTTP/1.1" 200 589 "http://www.secrepo.com/" "Mozilla/5.0 (Windows NT 10.0; Win64; x64) AppleWebKit/537.36 (KHTML, like Gecko) Chrome/61.0.3163.100 Safari/537.36" 
164.132.161.60 - - [01/Feb/2018:14:06:30 -0800] "GET /self.logs/2016/error.log.2016-03-04.gz HTTP/1.1" 200 924 "-" "Mozilla/5.0 (compatible; AhrefsBot/5.2; +http://ahrefs.com/robot/)" 
185.121.6.218 - - [01/Feb/2018:14:06:53 -0800] "GET / HTTP/1.1" 200 11061 "https://www.google.co.uk/" "Mozilla/5.0 (Windows NT 6.1; Win64; x64) AppleWebKit/537.36 (KHTML, like Gecko) Chrome/63.0.3239.132 Safari/537.36" 
185.121.6.218 - - [01/Feb/2018:14:06:53 -0800] "GET /twitter-icon.png HTTP/1.1" 200 27787 "http://www.secrepo.com/" "Mozilla/5.0 (Windows NT 6.1; Win64; x64) AppleWebKit/537.36 (KHTML, like Gecko) Chrome/63.0.3239.132 Safari/537.36" 
185.121.6.218 - - [01/Feb/2018:14:06:53 -0800] "GET /GitHub-Mark.png HTTP/1.1" 200 7428 "http://www.secrepo.com/" "Mozilla/5.0 (Windows NT 6.1; Win64; x64) AppleWebKit/537.36 (KHTML, like Gecko) Chrome/63.0.3239.132 Safari/537.36" 
185.121.6.218 - - [01/Feb/2018:14:06:54 -0800] "GET /bootstrap/img/favicon.ico HTTP/1.1" 200 589 "http://www.secrepo.com/" "Mozilla/5.0 (Windows NT 6.1; Win64; x64) AppleWebKit/537.36 (KHTML, like Gecko) Chrome/63.0.3239.132 Safari/537.36" 
216.244.66.250 - - [01/Feb/2018:14:07:49 -0800] "GET /robots.txt HTTP/1.1" 200 233 "-" "Mozilla/5.0 (compatible; DotBot/1.1; http://www.opensiteexplorer.org/dotbot, help@moz.com)" 
66.102.9.157 - - [01/Feb/2018:14:11:20 -0800] "GET / HTTP/1.1" 200 11061 "-" "Mozilla/5.0 (X11; Linux x86_64) AppleWebKit/537.36 (KHTML, like Gecko) Chrome/49.0.2623.75 Safari/537.36 Google Favicon" 
66.102.9.157 - - [01/Feb/2018:14:11:20 -0800] "GET /bootstrap/img/favicon.ico HTTP/1.1" 200 589 "-" "Mozilla/5.0 (X11; Linux x86_64) AppleWebKit/537.36 (KHTML, like Gecko) Chrome/49.0.2623.75 Safari/537.36 Google Favicon" 
164.132.161.10 - - [01/Feb/2018:14:11:24 -0800] "GET /self.logs/2015/access.log.2015-11-20.gz HTTP/1.1" 200 8350 "-" "Mozilla/5.0 (compatible; AhrefsBot/5.2; +http://ahrefs.com/robot/)" 
198.182.56.5 - - [01/Feb/2018:14:11:33 -0800] "GET / HTTP/1.1" 200 11061 "-" "Mozilla/5.0 (Windows NT 10.0; Win64; x64) AppleWebKit/537.36 (KHTML, like Gecko) Chrome/63.0.3239.132 Safari/537.36" 
198.182.56.5 - - [01/Feb/2018:14:11:33 -0800] "GET /twitter-icon.png HTTP/1.1" 200 27787 "http://www.secrepo.com/" "Mozilla/5.0 (Windows NT 10.0; Win64; x64) AppleWebKit/537.36 (KHTML, like Gecko) Chrome/63.0.3239.132 Safari/537.36" 
198.182.56.5 - - [01/Feb/2018:14:11:33 -0800] "GET /GitHub-Mark.png HTTP/1.1" 200 7428 "http://www.secrepo.com/" "Mozilla/5.0 (Windows NT 10.0; Win64; x64) AppleWebKit/537.36 (KHTML, like Gecko) Chrome/63.0.3239.132 Safari/537.36" 
198.182.56.5 - - [01/Feb/2018:14:11:33 -0800] "GET /bootstrap/img/favicon.ico HTTP/1.1" 200 589 "http://www.secrepo.com/" "Mozilla/5.0 (Windows NT 10.0; Win64; x64) AppleWebKit/537.36 (KHTML, like Gecko) Chrome/63.0.3239.132 Safari/537.36" 
51.255.65.58 - - [01/Feb/2018:14:16:42 -0800] "GET /self.logs/access.log.2017-12-11.gz HTTP/1.1" 200 29771 "-" "Mozilla/5.0 (compatible; AhrefsBot/5.2; +http://ahrefs.com/robot/)" 
51.255.65.49 - - [01/Feb/2018:14:16:49 -0800] "GET /self.logs/2016/error.log.2016-04-06.gz HTTP/1.1" 200 661 "-" "Mozilla/5.0 (compatible; AhrefsBot/5.2; +http://ahrefs.com/robot/)" 
51.255.65.88 - - [01/Feb/2018:14:17:44 -0800] "GET /self.logs/access.log.2015-04-22.gz HTTP/1.1" 404 284 "-" "Mozilla/5.0 (compatible; AhrefsBot/5.2; +http://ahrefs.com/robot/)" 
217.182.132.173 - - [01/Feb/2018:14:18:05 -0800] "GET /self.logs/2016/access.log.2016-11-28.gz HTTP/1.1" 200 21941 "-" "Mozilla/5.0 (compatible; AhrefsBot/5.2; +http://ahrefs.com/robot/)" 
120.221.1.28 - - [01/Feb/2018:14:18:12 -0800] "GET /maccdc2012/files.log.gz HTTP/1.1" 304 155 "-" "Mozilla/5.0 Gecko/20100115 Firefox/3.6" 
86.30.81.168 - - [01/Feb/2018:14:20:01 -0800] "GET / HTTP/1.1" 200 11061 "-" "Mozilla/5.0 (Windows NT 10.0; Win64; x64) AppleWebKit/537.36 (KHTML, like Gecko) Chrome/63.0.3239.132 Safari/537.36" 
86.30.81.168 - - [01/Feb/2018:14:20:02 -0800] "GET /twitter-icon.png HTTP/1.1" 200 27787 "http://www.secrepo.com/" "Mozilla/5.0 (Windows NT 10.0; Win64; x64) AppleWebKit/537.36 (KHTML, like Gecko) Chrome/63.0.3239.132 Safari/537.36" 
86.30.81.168 - - [01/Feb/2018:14:20:02 -0800] "GET /GitHub-Mark.png HTTP/1.1" 200 7428 "http://www.secrepo.com/" "Mozilla/5.0 (Windows NT 10.0; Win64; x64) AppleWebKit/537.36 (KHTML, like Gecko) Chrome/63.0.3239.132 Safari/537.36" 
86.30.81.168 - - [01/Feb/2018:14:20:02 -0800] "GET /bootstrap/img/favicon.ico HTTP/1.1" 200 589 "http://www.secrepo.com/" "Mozilla/5.0 (Windows NT 10.0; Win64; x64) AppleWebKit/537.36 (KHTML, like Gecko) Chrome/63.0.3239.132 Safari/537.36" 
104.42.198.99 - - [01/Feb/2018:14:25:24 -0800] "GET /tg/tg_snort_full.7z HTTP/1.1" 200 8847783 "-" "Mozilla/4.0 (compatible; MSIE 6.0; Windows NT 5.1; .NET CLR 1.1.4322; .NET CLR 2.0.50727)" 
42.236.99.166 - - [01/Feb/2018:14:36:03 -0800] "GET / HTTP/1.1" 301 483 "http://secrepo.com/" "Mozilla/5.0 (Windows NT 6.1; WOW64) AppleWebKit/537.36 (KHTML, like Gecko) Chrome/50.0.2661.102 Safari/537.36; 360Spider" 
