54.36.149.44 - - [10/Mar/2018:22:03:21 -0800] "GET /self.logs/access.log.2017-02-23.gz HTTP/1.1" 200 20630 "-" "Mozilla/5.0 (compatible; AhrefsBot/5.2; +http://ahrefs.com/robot/)" 
109.245.143.25 - - [10/Mar/2018:22:05:48 -0800] "GET /wp-login.php HTTP/1.1" 418 732 "-" "Mozilla/5.0 (Windows NT 6.1; WOW64; rv:40.0) Gecko/20100101 Firefox/40.1" 
109.245.143.25 - - [10/Mar/2018:22:05:48 -0800] "GET / HTTP/1.1" 418 732 "-" "Mozilla/5.0 (Windows NT 6.1; WOW64; rv:40.0) Gecko/20100101 Firefox/40.1" 
54.36.149.72 - - [10/Mar/2018:22:09:03 -0800] "GET /self.logs/2016/error.log.2016-06-03.gz HTTP/1.1" 200 1676 "-" "Mozilla/5.0 (compatible; AhrefsBot/5.2; +http://ahrefs.com/robot/)" 
54.36.148.182 - - [10/Mar/2018:22:13:47 -0800] "GET /self.logs/error.log.2016-06-16.gz HTTP/1.1" 404 284 "-" "Mozilla/5.0 (compatible; AhrefsBot/5.2; +http://ahrefs.com/robot/)" 
49.35.40.52 - - [10/Mar/2018:22:14:15 -0800] "GET / HTTP/1.1" 200 11061 "-" "Mozilla/5.0 (Linux; Android 7.0; Redmi Note 4 Build/NRD90M) AppleWebKit/537.36 (KHTML, like Gecko) Chrome/62.0.3202.84 Mobile Safari/537.36" 
49.35.40.52 - - [10/Mar/2018:22:14:18 -0800] "GET /GitHub-Mark.png HTTP/1.1" 200 7428 "http://www.secrepo.com/" "Mozilla/5.0 (Linux; Android 7.0; Redmi Note 4 Build/NRD90M) AppleWebKit/537.36 (KHTML, like Gecko) Chrome/62.0.3202.84 Mobile Safari/537.36" 
49.35.40.52 - - [10/Mar/2018:22:14:18 -0800] "GET /twitter-icon.png HTTP/1.1" 200 27788 "http://www.secrepo.com/" "Mozilla/5.0 (Linux; Android 7.0; Redmi Note 4 Build/NRD90M) AppleWebKit/537.36 (KHTML, like Gecko) Chrome/62.0.3202.84 Mobile Safari/537.36" 
49.35.40.52 - - [10/Mar/2018:22:14:20 -0800] "GET /bootstrap/img/favicon.ico HTTP/1.1" 200 590 "http://www.secrepo.com/" "Mozilla/5.0 (Linux; Android 7.0; Redmi Note 4 Build/NRD90M) AppleWebKit/537.36 (KHTML, like Gecko) Chrome/62.0.3202.84 Mobile Safari/537.36" 
216.244.66.227 - - [10/Mar/2018:22:16:06 -0800] "GET /robots.txt HTTP/1.1" 200 233 "-" "Mozilla/5.0 (compatible; DotBot/1.1; http://www.opensiteexplorer.org/dotbot, help@moz.com)" 
93.159.230.89 - - [10/Mar/2018:22:18:59 -0800] "GET / HTTP/1.1" 301 483 "-" "Mozilla/5.0 (Windows NT 6.1; Win64; x64) AppleWebKit/537.36 (KHTML, like Gecko) Chrome/54.0.2840.99 Safari/537.36" 
93.159.230.89 - - [10/Mar/2018:22:18:59 -0800] "GET / HTTP/1.1" 200 11061 "-" "Mozilla/5.0 (Windows NT 6.1; Win64; x64) AppleWebKit/537.36 (KHTML, like Gecko) Chrome/54.0.2840.99 Safari/537.36" 
54.36.148.54 - - [10/Mar/2018:22:21:32 -0800] "GET /self.logs/error.log.2017-12-17.gz HTTP/1.1" 200 1903 "-" "Mozilla/5.0 (compatible; AhrefsBot/5.2; +http://ahrefs.com/robot/)" 
85.159.95.254 - - [10/Mar/2018:22:25:30 -0800] "GET /?cmd=die('===!'.'==='); HTTP/1.1" 301 544 "-" "Mozilla/5.0 (Windows NT 5.1; rv:32.0) Gecko/20100101 Firefox/32.0" 
85.159.95.254 - - [10/Mar/2018:22:25:31 -0800] "GET /?cmd=die('===!'.'==='); HTTP/1.1" 200 37415 "-" "Mozilla/5.0 (Windows NT 5.1; rv:32.0) Gecko/20100101 Firefox/32.0" 
216.244.66.227 - - [10/Mar/2018:22:27:15 -0800] "GET /self.logs/access.log.2016-06-07.gz HTTP/1.1" 404 239 "-" "Mozilla/5.0 (compatible; DotBot/1.1; http://www.opensiteexplorer.org/dotbot, help@moz.com)" 
216.244.66.227 - - [10/Mar/2018:22:27:17 -0800] "GET /self.logs/error.log.2015-07-01.gz HTTP/1.1" 404 239 "-" "Mozilla/5.0 (compatible; DotBot/1.1; http://www.opensiteexplorer.org/dotbot, help@moz.com)" 
216.244.66.227 - - [10/Mar/2018:22:27:18 -0800] "GET /self.logs/error.log.2016-03-31.gz HTTP/1.1" 404 239 "-" "Mozilla/5.0 (compatible; DotBot/1.1; http://www.opensiteexplorer.org/dotbot, help@moz.com)" 
216.244.66.227 - - [10/Mar/2018:22:27:20 -0800] "GET /self.logs/error.log.2016-05-15.gz HTTP/1.1" 404 239 "-" "Mozilla/5.0 (compatible; DotBot/1.1; http://www.opensiteexplorer.org/dotbot, help@moz.com)" 
216.244.66.227 - - [10/Mar/2018:22:27:22 -0800] "GET /self.logs/error.log.2016-07-18.gz HTTP/1.1" 404 239 "-" "Mozilla/5.0 (compatible; DotBot/1.1; http://www.opensiteexplorer.org/dotbot, help@moz.com)" 
216.244.66.227 - - [10/Mar/2018:22:27:23 -0800] "GET /self.logs/error.log.2016-12-05.gz HTTP/1.1" 404 239 "-" "Mozilla/5.0 (compatible; DotBot/1.1; http://www.opensiteexplorer.org/dotbot, help@moz.com)" 
177.177.223.162 - - [10/Mar/2018:22:31:03 -0800] "GET /wp-login.php HTTP/1.1" 418 732 "-" "Mozilla/5.0 (Windows NT 6.1; WOW64; rv:40.0) Gecko/20100101 Firefox/40.1" 
189.48.80.173 - - [10/Mar/2018:22:31:04 -0800] "GET / HTTP/1.1" 418 732 "-" "Mozilla/5.0 (Windows NT 6.1; WOW64; rv:40.0) Gecko/20100101 Firefox/40.1" 
207.46.13.102 - - [10/Mar/2018:22:39:20 -0800] "GET /self.logs/ HTTP/1.1" 200 8745 "-" "Mozilla/5.0 (compatible; bingbot/2.0; +http://www.bing.com/bingbot.htm)" 
66.249.69.127 - - [10/Mar/2018:22:39:47 -0800] "GET / HTTP/1.1" 200 11061 "-" "Mozilla/5.0 (compatible; Googlebot/2.1; +http://www.google.com/bot.html)" 
85.195.118.42 - - [10/Mar/2018:22:41:02 -0800] "GET /honeypot/BSidesDFW%20-%202014.ipynb HTTP/1.0" 200 930799 "http://www.secrepo.com/honeypot/BSidesDFW%20-%202014.ipynb" "Mozilla/5.0 (Windows NT 7.1; WOW64; rv:36.0) Gecko/20100101 Firefox/36.0" 
216.244.66.227 - - [10/Mar/2018:22:43:56 -0800] "GET /robots.txt HTTP/1.1" 200 233 "-" "Mozilla/5.0 (compatible; DotBot/1.1; http://www.opensiteexplorer.org/dotbot, help@moz.com)" 
113.171.224.176 - - [10/Mar/2018:22:54:44 -0800] "GET /honeypot/Honeypot%20-%20Howto.pdf HTTP/1.1" 200 46720 "-" "Mozilla/5.0 Gecko/20100115 Firefox/3.6" 
216.244.66.227 - - [10/Mar/2018:22:54:46 -0800] "GET /self.logs/access.log.2016-01-15.gz HTTP/1.1" 404 239 "-" "Mozilla/5.0 (compatible; DotBot/1.1; http://www.opensiteexplorer.org/dotbot, help@moz.com)" 
216.244.66.227 - - [10/Mar/2018:22:54:48 -0800] "GET /self.logs/error.log.2016-02-12.gz HTTP/1.1" 404 239 "-" "Mozilla/5.0 (compatible; DotBot/1.1; http://www.opensiteexplorer.org/dotbot, help@moz.com)" 
216.244.66.227 - - [10/Mar/2018:22:54:50 -0800] "GET /self.logs/error.log.2016-08-19.gz HTTP/1.1" 404 239 "-" "Mozilla/5.0 (compatible; DotBot/1.1; http://www.opensiteexplorer.org/dotbot, help@moz.com)" 
207.244.149.26 - - [10/Mar/2018:23:03:43 -0800] "GET /wp-content/plugins/formcraft/file-upload/server/php/upload.php HTTP/1.1" 404 303 "http://www.secrepo.com/wp-content/plugins/formcraft/file-upload/server/php/upload.php" "Mozilla/5.0 (Windows NT 6.1; WOW64) AppleWebKit/537.36 (KHTML, like Gecko) Chrome/42.0.2311.152 Safari/537.36" 
66.249.69.125 - - [10/Mar/2018:23:04:20 -0800] "GET / HTTP/1.1" 200 11061 "-" "Mozilla/5.0 (Linux; Android 6.0.1; Nexus 5X Build/MMB29P) AppleWebKit/537.36 (KHTML, like Gecko) Chrome/41.0.2272.96 Mobile Safari/537.36 (compatible; Googlebot/2.1; +http://www.google.com/bot.html)" 
207.46.13.69 - - [10/Mar/2018:23:07:10 -0800] "GET /self.logs/access.log.2017-09-10.gz HTTP/1.1" 301 545 "-" "Mozilla/5.0 (compatible; bingbot/2.0; +http://www.bing.com/bingbot.htm)" 
52.165.148.51 - - [10/Mar/2018:23:10:05 -0800] "GET / HTTP/1.1" 301 446 "-" "Mozilla/5.0 (Windows NT 6.1; Win64; x64) AppleWebKit/537.36 (KHTML, like Gecko) Chrome/62.0.3202.94 Safari/537.36" 
151.80.39.236 - - [10/Mar/2018:23:11:10 -0800] "GET /robots.txt HTTP/1.1" 200 304 "-" "Mozilla/5.0 (compatible; AhrefsBot/5.2; +http://ahrefs.com/robot/)" 
207.46.13.69 - - [10/Mar/2018:23:11:33 -0800] "GET /honeypot/honeypot%20-%20howto.pdf HTTP/1.1" 301 531 "-" "Mozilla/5.0 (iPhone; CPU iPhone OS 7_0 like Mac OS X) AppleWebKit/537.51.1 (KHTML, like Gecko) Version/7.0 Mobile/11A465 Safari/9537.53 (compatible; bingbot/2.0; +http://www.bing.com/bingbot.htm)" 
207.46.13.69 - - [10/Mar/2018:23:11:39 -0800] "GET /honeypot/honeypot%20-%20howto.pdf HTTP/1.1" 404 340 "-" "Mozilla/5.0 (iPhone; CPU iPhone OS 7_0 like Mac OS X) AppleWebKit/537.51.1 (KHTML, like Gecko) Version/7.0 Mobile/11A465 Safari/9537.53 (compatible; bingbot/2.0; +http://www.bing.com/bingbot.htm)" 
157.55.39.224 - - [10/Mar/2018:23:13:01 -0800] "GET /self.logs/error.log.2017-07-05.gz HTTP/1.1" 200 1074 "-" "Mozilla/5.0 (compatible; bingbot/2.0; +http://www.bing.com/bingbot.htm)" 
108.18.103.152 - - [10/Mar/2018:23:14:23 -0800] "GET / HTTP/1.1" 200 11061 "https://t.co/Ump0PfcoN8" "Mozilla/5.0 (Windows Phone 10.0; Android 6.0.1; Microsoft; Lumia 950 Dual SIM) AppleWebKit/537.36 (KHTML, like Gecko) Chrome/52.0.2743.116 Mobile Safari/537.36 Edge/15.15254" 
108.18.103.152 - - [10/Mar/2018:23:14:23 -0800] "GET /twitter-icon.png HTTP/1.1" 200 27788 "http://www.secrepo.com/" "Mozilla/5.0 (Windows Phone 10.0; Android 6.0.1; Microsoft; Lumia 950 Dual SIM) AppleWebKit/537.36 (KHTML, like Gecko) Chrome/52.0.2743.116 Mobile Safari/537.36 Edge/15.15254" 
108.18.103.152 - - [10/Mar/2018:23:14:23 -0800] "GET /GitHub-Mark.png HTTP/1.1" 200 7427 "http://www.secrepo.com/" "Mozilla/5.0 (Windows Phone 10.0; Android 6.0.1; Microsoft; Lumia 950 Dual SIM) AppleWebKit/537.36 (KHTML, like Gecko) Chrome/52.0.2743.116 Mobile Safari/537.36 Edge/15.15254" 
199.58.86.209 - - [10/Mar/2018:23:16:27 -0800] "GET /robots.txt HTTP/1.1" 200 289 "-" "Mozilla/5.0 (compatible; MJ12bot/v1.4.8; http://mj12bot.com/)" 
199.58.86.209 - - [10/Mar/2018:23:16:29 -0800] "GET / HTTP/1.1" 200 37359 "-" "Mozilla/5.0 (compatible; MJ12bot/v1.4.8; http://mj12bot.com/)" 
41.136.109.11 - - [10/Mar/2018:23:29:30 -0800] "GET /wp-login.php HTTP/1.1" 418 732 "-" "Mozilla/5.0 (Windows NT 6.1; WOW64; rv:40.0) Gecko/20100101 Firefox/40.1" 
41.136.109.11 - - [10/Mar/2018:23:29:30 -0800] "GET / HTTP/1.1" 418 732 "-" "Mozilla/5.0 (Windows NT 6.1; WOW64; rv:40.0) Gecko/20100101 Firefox/40.1" 
27.6.148.3 - - [10/Mar/2018:23:31:41 -0800] "GET / HTTP/1.1" 200 11061 "-" "Mozilla/5.0 (Linux; Android 8.0.0; ONEPLUS A5010 Build/OPR1.170623.032) AppleWebKit/537.36 (KHTML, like Gecko) Chrome/64.0.3282.137 Mobile Safari/537.36" 
27.6.148.3 - - [10/Mar/2018:23:31:42 -0800] "GET /GitHub-Mark.png HTTP/1.1" 200 7428 "http://www.secrepo.com/" "Mozilla/5.0 (Linux; Android 8.0.0; Build/OPR1.170623.032) AppleWebKit/537.36 (KHTML, like Gecko) Chrome/64.0.3282.137 Mobile Safari/537.36" 
27.6.148.3 - - [10/Mar/2018:23:31:42 -0800] "GET /twitter-icon.png HTTP/1.1" 200 27787 "http://www.secrepo.com/" "Mozilla/5.0 (Linux; Android 8.0.0; Build/OPR1.170623.032) AppleWebKit/537.36 (KHTML, like Gecko) Chrome/64.0.3282.137 Mobile Safari/537.36" 
27.6.148.3 - - [10/Mar/2018:23:31:42 -0800] "GET / HTTP/1.1" 304 188 "-" "Mozilla/5.0 (Linux; Android 8.0.0; ONEPLUS A5010 Build/OPR1.170623.032) AppleWebKit/537.36 (KHTML, like Gecko) Chrome/64.0.3282.137 Mobile Safari/537.36" 
27.6.148.3 - - [10/Mar/2018:23:31:49 -0800] "GET /bootstrap/img/favicon.ico HTTP/1.1" 200 590 "http://www.secrepo.com/" "Mozilla/5.0 (Linux; Android 8.0.0; Build/OPR1.170623.032) AppleWebKit/537.36 (KHTML, like Gecko) Chrome/64.0.3282.137 Mobile Safari/537.36" 
180.76.15.154 - - [10/Mar/2018:23:34:47 -0800] "GET /self.logs/2015/?C=N;O=D HTTP/1.1" 200 7443 "-" "Mozilla/5.0 (compatible; Baiduspider/2.0; +http://www.baidu.com/search/spider.html)" 
49.77.246.150 - - [10/Mar/2018:23:36:38 -0800] "GET / HTTP/1.1" 200 11061 "-" "Mozilla/5.0 (Windows NT 10.0; WOW64) AppleWebKit/537.36 (KHTML, like Gecko) Chrome/55.0.2883.87 Safari/537.36" 
49.77.246.150 - - [10/Mar/2018:23:36:40 -0800] "GET /GitHub-Mark.png HTTP/1.1" 200 7428 "http://www.secrepo.com/" "Mozilla/5.0 (Windows NT 10.0; WOW64) AppleWebKit/537.36 (KHTML, like Gecko) Chrome/55.0.2883.87 Safari/537.36" 
49.77.246.150 - - [10/Mar/2018:23:36:40 -0800] "GET /twitter-icon.png HTTP/1.1" 200 27787 "http://www.secrepo.com/" "Mozilla/5.0 (Windows NT 10.0; WOW64) AppleWebKit/537.36 (KHTML, like Gecko) Chrome/55.0.2883.87 Safari/537.36" 
123.125.143.65 - - [10/Mar/2018:23:36:47 -0800] "GET / HTTP/1.1" 200 11061 "http://www.baidu.com/s?wd=JCK9" "Mozilla/5.0 (Windows NT 6.1; WOW64; rv:43.0) Gecko/20100101 Firefox/43.0" 
49.77.246.150 - - [10/Mar/2018:23:36:54 -0800] "GET /bootstrap/img/favicon.ico HTTP/1.1" 200 590 "http://www.secrepo.com/" "Mozilla/5.0 (Windows NT 10.0; WOW64) AppleWebKit/537.36 (KHTML, like Gecko) Chrome/55.0.2883.87 Safari/537.36" 
49.77.246.150 - - [10/Mar/2018:23:37:33 -0800] "GET /maccdc2012/dhcp.log.gz HTTP/1.1" 200 45019 "http://www.secrepo.com/" "Mozilla/5.0 (Windows NT 10.0; WOW64) AppleWebKit/537.36 (KHTML, like Gecko) Chrome/55.0.2883.87 Safari/537.36" 
49.77.246.150 - - [10/Mar/2018:23:37:47 -0800] "GET /maccdc2012/ftp.log.gz HTTP/1.1" 200 128116 "-" "Mozilla/5.0 (Windows NT 10.0; WOW64) AppleWebKit/537.36 (KHTML, like Gecko) Chrome/55.0.2883.87 Safari/537.36" 
49.77.246.150 - - [10/Mar/2018:23:37:55 -0800] "GET /maccdc2012/notice.log.gz HTTP/1.1" 200 20779 "-" "Mozilla/5.0 (Windows NT 10.0; WOW64) AppleWebKit/537.36 (KHTML, like Gecko) Chrome/55.0.2883.87 Safari/537.36" 
49.77.246.150 - - [10/Mar/2018:23:38:00 -0800] "GET /maccdc2012/signatures.log.gz HTTP/1.1" 200 605 "-" "Mozilla/5.0 (Windows NT 10.0; WOW64) AppleWebKit/537.36 (KHTML, like Gecko) Chrome/55.0.2883.87 Safari/537.36" 
49.77.246.150 - - [10/Mar/2018:23:38:05 -0800] "GET /maccdc2012/smtp.log.gz HTTP/1.1" 200 6908 "-" "Mozilla/5.0 (Windows NT 10.0; WOW64) AppleWebKit/537.36 (KHTML, like Gecko) Chrome/55.0.2883.87 Safari/537.36" 
49.77.246.150 - - [10/Mar/2018:23:38:08 -0800] "GET /maccdc2012/ssh.log.gz HTTP/1.1" 200 182517 "-" "Mozilla/5.0 (Windows NT 10.0; WOW64) AppleWebKit/537.36 (KHTML, like Gecko) Chrome/55.0.2883.87 Safari/537.36" 
49.77.246.150 - - [10/Mar/2018:23:38:16 -0800] "GET /maccdc2012/tunnel.log.gz HTTP/1.1" 200 5229 "-" "Mozilla/5.0 (Windows NT 10.0; WOW64) AppleWebKit/537.36 (KHTML, like Gecko) Chrome/55.0.2883.87 Safari/537.36" 
49.77.246.150 - - [10/Mar/2018:23:38:12 -0800] "GET /maccdc2012/ssl.log.gz HTTP/1.1" 200 1313675 "-" "Mozilla/5.0 (Windows NT 10.0; WOW64) AppleWebKit/537.36 (KHTML, like Gecko) Chrome/55.0.2883.87 Safari/537.36" 
49.77.246.150 - - [10/Mar/2018:23:37:39 -0800] "GET /maccdc2012/dns.log.gz HTTP/1.1" 200 6629420 "http://www.secrepo.com/" "Mozilla/5.0 (Windows NT 10.0; WOW64) AppleWebKit/537.36 (KHTML, like Gecko) Chrome/55.0.2883.87 Safari/537.36" 
49.77.246.150 - - [10/Mar/2018:23:38:20 -0800] "GET /maccdc2012/weird.log.gz HTTP/1.1" 200 1242777 "-" "Mozilla/5.0 (Windows NT 10.0; WOW64) AppleWebKit/537.36 (KHTML, like Gecko) Chrome/55.0.2883.87 Safari/537.36" 
106.120.160.109 - - [10/Mar/2018:23:39:03 -0800] "GET /maccdc2012/ssh.log.gz HTTP/1.1" 200 182420 "http://www.secrepo.com/maccdc2012/ssh.log.gz" "Mozilla/4.0 (compatible; MSIE 8.0; Windows NT 6.1; Trident/4.0; SLCC2; .NET CLR 2.0.50727; .NET CLR 3.5.30729; .NET CLR 3.0.30729; Media Center PC 6.0; Tablet PC 2.0)" 
101.199.121.223 - - [10/Mar/2018:23:39:34 -0800] "GET / HTTP/1.1" 200 11061 "-" "Mozilla/5.0 (X11; Linux x86_64) AppleWebKit/537.36 (KHTML, like Gecko) HeadlessChrome/63.0.3239.132 Safari/537.36" 
101.199.121.223 - - [10/Mar/2018:23:39:35 -0800] "GET /twitter-icon.png HTTP/1.1" 200 27787 "http://www.secrepo.com/" "Mozilla/5.0 (X11; Linux x86_64) AppleWebKit/537.36 (KHTML, like Gecko) HeadlessChrome/63.0.3239.132 Safari/537.36" 
101.199.121.223 - - [10/Mar/2018:23:39:35 -0800] "GET /GitHub-Mark.png HTTP/1.1" 200 7428 "http://www.secrepo.com/" "Mozilla/5.0 (X11; Linux x86_64) AppleWebKit/537.36 (KHTML, like Gecko) HeadlessChrome/63.0.3239.132 Safari/537.36" 
220.181.132.191 - - [10/Mar/2018:23:39:34 -0800] "GET /maccdc2012/ssh.log.gz HTTP/1.1" 200 182517 "-" "Mozilla/5.0 (Windows NT 6.1) AppleWebKit/537.36 (KHTML, like Gecko) Chrome/36.0.1985.125 Safari/537.36" 
123.1.189.176 - - [10/Mar/2018:23:39:44 -0800] "GET / HTTP/1.1" 200 11061 "http://www.secrepo.com/" "Mozilla/5.0 (Windows NT 6.1) AppleWebKit/537.36 (KHTML, like Gecko) Chrome/36.0.1985.125 Safari/537.36" 
106.120.162.107 - - [10/Mar/2018:23:39:57 -0800] "GET / HTTP/1.1" 200 11061 "-" "Mozilla/5.0 (Windows NT 6.1; WOW64) AppleWebKit/537.36 (KHTML, like Gecko) Chrome/50.0.2661.102 Safari/537.36" 
106.120.162.107 - - [10/Mar/2018:23:39:57 -0800] "GET /twitter-icon.png HTTP/1.1" 200 27787 "http://www.secrepo.com/" "Mozilla/5.0 (Windows NT 6.1; WOW64) AppleWebKit/537.36 (KHTML, like Gecko) Chrome/50.0.2661.102 Safari/537.36" 
106.120.162.107 - - [10/Mar/2018:23:39:58 -0800] "GET /GitHub-Mark.png HTTP/1.1" 200 7428 "http://www.secrepo.com/" "Mozilla/5.0 (Windows NT 6.1; WOW64) AppleWebKit/537.36 (KHTML, like Gecko) Chrome/50.0.2661.102 Safari/537.36" 
102.181.194.40 - - [10/Mar/2018:23:44:05 -0800] "GET /maccdc2012/dns.log.gz HTTP/1.1" 304 154 "-" "Mozilla/5.0 Gecko/20100115 Firefox/3.6" 
49.77.246.150 - - [10/Mar/2018:23:37:43 -0800] "GET /maccdc2012/files.log.gz HTTP/1.1" 200 51408672 "-" "Mozilla/5.0 (Windows NT 10.0; WOW64) AppleWebKit/537.36 (KHTML, like Gecko) Chrome/55.0.2883.87 Safari/537.36" 
27.4.63.4 - - [10/Mar/2018:23:45:56 -0800] "GET /bootstrap/img/favicon.ico HTTP/1.1" 200 590 "-" "Mozilla/5.0 (Macintosh; Intel Mac OS X 10_13_2) AppleWebKit/537.36 (KHTML, like Gecko) Chrome/64.0.3282.186 Safari/537.36" 
123.63.90.41 - - [10/Mar/2018:23:53:48 -0800] "GET / HTTP/1.1" 200 11061 "-" "Mozilla/5.0 (Linux; Android 7.1.1; Lenovo K8 Plus Build/NMC26.74-45) AppleWebKit/537.36 (KHTML, like Gecko) Version/4.0 Chrome/64.0.3282.137 Mobile Safari/537.36" 
123.63.90.41 - - [10/Mar/2018:23:53:49 -0800] "GET /twitter-icon.png HTTP/1.1" 200 27787 "http://www.secrepo.com/" "Mozilla/5.0 (Linux; Android 7.1.1; Lenovo K8 Plus Build/NMC26.74-45) AppleWebKit/537.36 (KHTML, like Gecko) Version/4.0 Chrome/64.0.3282.137 Mobile Safari/537.36" 
123.63.90.41 - - [10/Mar/2018:23:53:49 -0800] "GET /GitHub-Mark.png HTTP/1.1" 200 7428 "http://www.secrepo.com/" "Mozilla/5.0 (Linux; Android 7.1.1; Lenovo K8 Plus Build/NMC26.74-45) AppleWebKit/537.36 (KHTML, like Gecko) Version/4.0 Chrome/64.0.3282.137 Mobile Safari/537.36" 
123.63.90.41 - - [10/Mar/2018:23:53:50 -0800] "GET /bootstrap/img/favicon.ico HTTP/1.1" 200 589 "http://www.secrepo.com/" "Mozilla/5.0 (Linux; Android 7.1.1; Lenovo K8 Plus Build/NMC26.74-45) AppleWebKit/537.36 (KHTML, like Gecko) Version/4.0 Chrome/64.0.3282.137 Mobile Safari/537.36" 
113.171.224.176 - - [10/Mar/2018:23:54:45 -0800] "GET /honeypot/Honeypot%20-%20Howto.pdf HTTP/1.1" 200 46720 "-" "Mozilla/5.0 Gecko/20100115 Firefox/3.6" 
54.36.149.17 - - [11/Mar/2018:00:00:55 -0800] "GET /self.logs/error.log.2018-02-19.gz HTTP/1.1" 200 3956 "-" "Mozilla/5.0 (compatible; AhrefsBot/5.2; +http://ahrefs.com/robot/)" 
49.77.246.150 - - [10/Mar/2018:23:37:51 -0800] "GET /maccdc2012/http.log.gz HTTP/1.1" 200 54258816 "-" "Mozilla/5.0 (Windows NT 10.0; WOW64) AppleWebKit/537.36 (KHTML, like Gecko) Chrome/55.0.2883.87 Safari/537.36" 
120.221.1.28 - - [11/Mar/2018:00:02:18 -0800] "GET /maccdc2012/files.log.gz HTTP/1.1" 304 155 "-" "Mozilla/5.0 Gecko/20100115 Firefox/3.6" 
84.241.24.53 - - [11/Mar/2018:00:08:33 -0800] "GET / HTTP/1.1" 200 11061 "https://www.google.com/" "Mozilla/5.0 (Windows NT 10.0; Win64; x64; rv:58.0) Gecko/20100101 Firefox/58.0" 
84.241.24.53 - - [11/Mar/2018:00:08:35 -0800] "GET /twitter-icon.png HTTP/1.1" 200 27788 "http://www.secrepo.com/" "Mozilla/5.0 (Windows NT 10.0; Win64; x64; rv:58.0) Gecko/20100101 Firefox/58.0" 
84.241.24.53 - - [11/Mar/2018:00:08:36 -0800] "GET /GitHub-Mark.png HTTP/1.1" 200 7428 "http://www.secrepo.com/" "Mozilla/5.0 (Windows NT 10.0; Win64; x64; rv:58.0) Gecko/20100101 Firefox/58.0" 
84.241.24.53 - - [11/Mar/2018:00:08:36 -0800] "GET /bootstrap/img/favicon.ico HTTP/1.1" 200 590 "-" "Mozilla/5.0 (Windows NT 10.0; Win64; x64; rv:58.0) Gecko/20100101 Firefox/58.0" 
60.223.25.107 - - [11/Mar/2018:00:12:16 -0800] "GET / HTTP/1.1" 200 11061 "http://blog.csdn.net/fsfengqingyangheihei/article/details/77891660" "Mozilla/5.0 (Windows NT 6.1; WOW64) AppleWebKit/537.36 (KHTML, like Gecko) Chrome/63.0.3239.26 Safari/537.36 Core/1.63.4793.400 QQBrowser/10.0.743.400" 
60.223.25.107 - - [11/Mar/2018:00:12:17 -0800] "GET /twitter-icon.png HTTP/1.1" 200 27787 "http://www.secrepo.com/" "Mozilla/5.0 (Windows NT 6.1; WOW64) AppleWebKit/537.36 (KHTML, like Gecko) Chrome/63.0.3239.26 Safari/537.36 Core/1.63.4793.400 QQBrowser/10.0.743.400" 
60.223.25.107 - - [11/Mar/2018:00:12:17 -0800] "GET /GitHub-Mark.png HTTP/1.1" 200 7428 "http://www.secrepo.com/" "Mozilla/5.0 (Windows NT 6.1; WOW64) AppleWebKit/537.36 (KHTML, like Gecko) Chrome/63.0.3239.26 Safari/537.36 Core/1.63.4793.400 QQBrowser/10.0.743.400" 
60.223.25.107 - - [11/Mar/2018:00:12:18 -0800] "GET /bootstrap/img/favicon.ico HTTP/1.1" 200 589 "http://www.secrepo.com/" "Mozilla/5.0 (Windows NT 6.1; WOW64) AppleWebKit/537.36 (KHTML, like Gecko) Chrome/63.0.3239.26 Safari/537.36 Core/1.63.4793.400 QQBrowser/10.0.743.400" 
85.145.183.232 - - [11/Mar/2018:00:12:20 -0800] "GET / HTTP/1.1" 200 11061 "-" "Mozilla/5.0 (iPhone; U; CPU iPhone OS 4_0 like Mac OS X; en-us) AppleWebKit/532.9 (KHTML, like Gecko) Version/4.0.5 Mobile/8A293 Safari/6531.22.7" 
85.145.183.232 - - [11/Mar/2018:00:12:20 -0800] "GET /twitter-icon.png HTTP/1.1" 200 27788 "-" "Mozilla/5.0 (iPhone; U; CPU iPhone OS 4_0 like Mac OS X; en-us) AppleWebKit/532.9 (KHTML, like Gecko) Version/4.0.5 Mobile/8A293 Safari/6531.22.7" 
85.145.183.232 - - [11/Mar/2018:00:12:20 -0800] "GET /GitHub-Mark.png HTTP/1.1" 200 7428 "-" "Mozilla/5.0 (iPhone; U; CPU iPhone OS 4_0 like Mac OS X; en-us) AppleWebKit/532.9 (KHTML, like Gecko) Version/4.0.5 Mobile/8A293 Safari/6531.22.7" 
49.77.246.150 - - [10/Mar/2018:23:37:02 -0800] "GET /maccdc2012/conn.log.gz HTTP/1.1" 200 64011120 "-" "Mozilla/5.0 (Windows NT 10.0; WOW64) AppleWebKit/537.36 (KHTML, like Gecko) Chrome/55.0.2883.87 Safari/537.36" 
216.244.66.250 - - [11/Mar/2018:00:29:16 -0800] "GET /robots.txt HTTP/1.1" 200 233 "-" "Mozilla/5.0 (compatible; DotBot/1.1; http://www.opensiteexplorer.org/dotbot, help@moz.com)" 
66.249.69.229 - - [11/Mar/2018:00:29:42 -0800] "GET / HTTP/1.1" 301 483 "-" "Mozilla/5.0 (Linux; Android 6.0.1; Nexus 5X Build/MMB29P) AppleWebKit/537.36 (KHTML, like Gecko) Chrome/41.0.2272.96 Mobile Safari/537.36 (compatible; Googlebot/2.1; +http://www.google.com/bot.html)" 
120.92.11.205 - - [11/Mar/2018:00:38:25 -0800] "GET / HTTP/1.1" 301 483 "-" "Mozilla/5.0 (Windows NT 10.0; Win64; x64) AppleWebKit/537.36 (KHTML, like Gecko) Chrome/59.0.3071.115 Safari/537.36Connect Us: webauth@cmcm.com" 
120.92.11.155 - - [11/Mar/2018:00:38:26 -0800] "GET / HTTP/1.1" 200 11061 "-" "Mozilla/5.0 (Windows NT 10.0; Win64; x64) AppleWebKit/537.36 (KHTML, like Gecko) Chrome/59.0.3071.115 Safari/537.36Connect Us: webauth@cmcm.com" 
178.62.99.191 - - [11/Mar/2018:00:40:49 -0800] "GET /honeypot/BSidesDFW%20-%202014.ipynb HTTP/1.1" 200 930780 "-" "-" 
54.36.148.19 - - [11/Mar/2018:00:42:45 -0800] "GET /self.logs/2016/access.log.2016-05-19.gz HTTP/1.1" 200 10147 "-" "Mozilla/5.0 (compatible; AhrefsBot/5.2; +http://ahrefs.com/robot/)" 
103.8.42.208 - - [11/Mar/2018:00:44:42 -0800] "GET / HTTP/1.1" 200 11061 "https://www.google.co.in/" "Mozilla/5.0 (Windows NT 10.0; Win64; x64) AppleWebKit/537.36 (KHTML, like Gecko) Chrome/65.0.3325.146 Safari/537.36" 
103.8.42.208 - - [11/Mar/2018:00:44:46 -0800] "GET /GitHub-Mark.png HTTP/1.1" 200 7428 "http://www.secrepo.com/" "Mozilla/5.0 (Windows NT 10.0; Win64; x64) AppleWebKit/537.36 (KHTML, like Gecko) Chrome/65.0.3325.146 Safari/537.36" 
103.8.42.208 - - [11/Mar/2018:00:44:46 -0800] "GET /twitter-icon.png HTTP/1.1" 200 27788 "http://www.secrepo.com/" "Mozilla/5.0 (Windows NT 10.0; Win64; x64) AppleWebKit/537.36 (KHTML, like Gecko) Chrome/65.0.3325.146 Safari/537.36" 
103.8.42.208 - - [11/Mar/2018:00:44:54 -0800] "GET /bootstrap/img/favicon.ico HTTP/1.1" 200 590 "http://www.secrepo.com/" "Mozilla/5.0 (Windows NT 10.0; Win64; x64) AppleWebKit/537.36 (KHTML, like Gecko) Chrome/65.0.3325.146 Safari/537.36" 
103.8.42.208 - - [11/Mar/2018:00:47:40 -0800] "GET /maccdc2012/conn.log.gz HTTP/1.1" 200 650880 "http://www.secrepo.com/" "Mozilla/5.0 (Windows NT 10.0; Win64; x64) AppleWebKit/537.36 (KHTML, like Gecko) Chrome/65.0.3325.146 Safari/537.36" 
103.8.42.208 - - [11/Mar/2018:00:47:46 -0800] "GET /maccdc2012/conn.log.gz HTTP/1.1" 206 77760 "http://www.secrepo.com/" "Mozilla/5.0 (Windows NT 10.0; Win64; x64) AppleWebKit/537.36 (KHTML, like Gecko) Chrome/65.0.3325.146 Safari/537.36" 
49.77.246.150 - - [11/Mar/2018:00:50:21 -0800] "GET /maccdc2012/ssl.log.gz HTTP/1.1" 200 1313675 "-" "Mozilla/5.0 (Windows NT 10.0; WOW64) AppleWebKit/537.36 (KHTML, like Gecko) Chrome/55.0.2883.87 Safari/537.36" 
103.8.42.208 - - [11/Mar/2018:00:47:44 -0800] "GET /maccdc2012/conn.log.gz HTTP/1.1" 206 70041600 "http://www.secrepo.com/" "Mozilla/5.0 (Windows NT 10.0; Win64; x64) AppleWebKit/537.36 (KHTML, like Gecko) Chrome/65.0.3325.146 Safari/537.36" 
49.77.246.150 - - [11/Mar/2018:00:50:37 -0800] "GET /maccdc2012/conn.log.gz HTTP/1.1" 200 7390523 "-" "Mozilla/5.0 (Windows NT 10.0; WOW64) AppleWebKit/537.36 (KHTML, like Gecko) Chrome/55.0.2883.87 Safari/537.36" 
59.64.129.24 - - [11/Mar/2018:00:51:31 -0800] "GET /favicon.ico HTTP/1.1" 200 268 "-" "Mozilla/5.0 (Windows NT 10.0; WOW64) AppleWebKit/537.36 (KHTML, like Gecko) Chrome/55.0.2883.87 Safari/537.36" 
59.64.129.24 - - [11/Mar/2018:00:52:29 -0800] "GET /favicon.ico HTTP/1.1" 200 268 "-" "Mozilla/5.0 (Windows NT 10.0; WOW64) AppleWebKit/537.36 (KHTML, like Gecko) Chrome/55.0.2883.87 Safari/537.36" 
54.205.136.44 - - [11/Mar/2018:00:53:25 -0800] "GET / HTTP/1.1" 200 11005 "-" "Mozilla/5.0 (compatible; Googlebot/2.1; startmebot/1.0; +https://start.me/bot)" 
103.8.42.208 - - [11/Mar/2018:00:47:44 -0800] "GET /maccdc2012/conn.log.gz HTTP/1.1" 206 28892160 "http://www.secrepo.com/" "Mozilla/5.0 (Windows NT 10.0; Win64; x64) AppleWebKit/537.36 (KHTML, like Gecko) Chrome/65.0.3325.146 Safari/537.36" 
113.171.224.176 - - [11/Mar/2018:00:54:49 -0800] "GET /honeypot/Honeypot%20-%20Howto.pdf HTTP/1.1" 200 46720 "-" "Mozilla/5.0 Gecko/20100115 Firefox/3.6" 
103.8.42.208 - - [11/Mar/2018:00:47:42 -0800] "GET /maccdc2012/conn.log.gz HTTP/1.1" 206 13916160 "http://www.secrepo.com/" "Mozilla/5.0 (Windows NT 10.0; Win64; x64) AppleWebKit/537.36 (KHTML, like Gecko) Chrome/65.0.3325.146 Safari/537.36" 
49.77.246.150 - - [11/Mar/2018:00:51:34 -0800] "GET /maccdc2012/conn.log.gz HTTP/1.1" 200 9932363 "http://www.secrepo.com/maccdc2012" "Mozilla/5.0 (Windows NT 10.0; WOW64) AppleWebKit/537.36 (KHTML, like Gecko) Chrome/55.0.2883.87 Safari/537.36" 
103.8.42.208 - - [11/Mar/2018:00:51:28 -0800] "GET /maccdc2012/conn.log.gz HTTP/1.1" 206 30377483 "http://www.secrepo.com/" "Mozilla/5.0 (Windows NT 10.0; Win64; x64) AppleWebKit/537.36 (KHTML, like Gecko) Chrome/65.0.3325.146 Safari/537.36" 
95.146.83.161 - - [11/Mar/2018:00:56:09 -0800] "GET / HTTP/1.1" 200 11061 "-" "Mozilla/5.0 (Macintosh; Intel Mac OS X 10_13_3) AppleWebKit/604.5.6 (KHTML, like Gecko)" 
95.146.83.161 - - [11/Mar/2018:00:56:10 -0800] "GET /apple-touch-icon-precomposed.png HTTP/1.1" 404 340 "-" "Safari/13604.5.6 CFNetwork/893.13.1 Darwin/17.4.0 (x86_64)" 
95.146.83.161 - - [11/Mar/2018:00:56:10 -0800] "GET /apple-touch-icon.png HTTP/1.1" 404 339 "-" "Safari/13604.5.6 CFNetwork/893.13.1 Darwin/17.4.0 (x86_64)" 
95.146.83.161 - - [11/Mar/2018:00:56:10 -0800] "GET /bootstrap/img/favicon.ico HTTP/1.1" 200 589 "-" "Safari/13604.5.6 CFNetwork/893.13.1 Darwin/17.4.0 (x86_64)" 
95.146.83.161 - - [11/Mar/2018:00:56:10 -0800] "GET / HTTP/1.1" 200 11060 "-" "\"Mozilla/5.0 (iPhone; CPU iPhone OS 11_0 like Mac OS X) AppleWebKit/604.1.38 (KHTML, like Gecko) Version/11.0 Mobile/15A372 Safari/604.1\"" 
95.146.83.161 - - [11/Mar/2018:00:56:10 -0800] "GET /apple-touch-icon-precomposed.png HTTP/1.1" 404 339 "-" "Safari/13604.5.6 CFNetwork/893.13.1 Darwin/17.4.0 (x86_64)" 
95.146.83.161 - - [11/Mar/2018:00:56:10 -0800] "GET /apple-touch-icon.png HTTP/1.1" 404 339 "-" "Safari/13604.5.6 CFNetwork/893.13.1 Darwin/17.4.0 (x86_64)" 
95.146.83.161 - - [11/Mar/2018:00:56:10 -0800] "GET /bootstrap/img/favicon.ico HTTP/1.1" 200 589 "-" "Safari/13604.5.6 CFNetwork/893.13.1 Darwin/17.4.0 (x86_64)" 
103.8.42.208 - - [11/Mar/2018:00:47:46 -0800] "GET /maccdc2012/conn.log.gz HTTP/1.1" 206 46710720 "http://www.secrepo.com/" "Mozilla/5.0 (Windows NT 10.0; Win64; x64) AppleWebKit/537.36 (KHTML, like Gecko) Chrome/65.0.3325.146 Safari/537.36" 
103.8.42.208 - - [11/Mar/2018:00:47:44 -0800] "GET /maccdc2012/conn.log.gz HTTP/1.1" 206 43555680 "http://www.secrepo.com/" "Mozilla/5.0 (Windows NT 10.0; Win64; x64) AppleWebKit/537.36 (KHTML, like Gecko) Chrome/65.0.3325.146 Safari/537.36" 
103.8.42.208 - - [11/Mar/2018:00:47:44 -0800] "GET /maccdc2012/conn.log.gz HTTP/1.1" 206 20412000 "http://www.secrepo.com/" "Mozilla/5.0 (Windows NT 10.0; Win64; x64) AppleWebKit/537.36 (KHTML, like Gecko) Chrome/65.0.3325.146 Safari/537.36" 
103.8.42.208 - - [11/Mar/2018:00:47:42 -0800] "GET /maccdc2012/conn.log.gz HTTP/1.1" 206 15314400 "http://www.secrepo.com/" "Mozilla/5.0 (Windows NT 10.0; Win64; x64) AppleWebKit/537.36 (KHTML, like Gecko) Chrome/65.0.3325.146 Safari/537.36" 
103.8.42.208 - - [11/Mar/2018:00:47:41 -0800] "GET /maccdc2012/conn.log.gz HTTP/1.1" 206 31469760 "http://www.secrepo.com/" "Mozilla/5.0 (Windows NT 10.0; Win64; x64) AppleWebKit/537.36 (KHTML, like Gecko) Chrome/65.0.3325.146 Safari/537.36" 
103.8.42.208 - - [11/Mar/2018:00:54:39 -0800] "GET /maccdc2012/conn.log.gz HTTP/1.1" 206 2426400 "http://www.secrepo.com/" "Mozilla/5.0 (Windows NT 10.0; Win64; x64) AppleWebKit/537.36 (KHTML, like Gecko) Chrome/65.0.3325.146 Safari/537.36" 
103.8.42.208 - - [11/Mar/2018:00:55:38 -0800] "GET /maccdc2012/conn.log.gz HTTP/1.1" 206 1368000 "http://www.secrepo.com/" "Mozilla/5.0 (Windows NT 10.0; Win64; x64) AppleWebKit/537.36 (KHTML, like Gecko) Chrome/65.0.3325.146 Safari/537.36" 
103.8.42.208 - - [11/Mar/2018:00:55:09 -0800] "GET /maccdc2012/conn.log.gz HTTP/1.1" 206 7869600 "http://www.secrepo.com/" "Mozilla/5.0 (Windows NT 10.0; Win64; x64) AppleWebKit/537.36 (KHTML, like Gecko) Chrome/65.0.3325.146 Safari/537.36" 
54.36.148.219 - - [11/Mar/2018:00:57:27 -0800] "GET /self.logs/2015/access.log.2015-03-23.gz HTTP/1.1" 200 4077 "-" "Mozilla/5.0 (compatible; AhrefsBot/5.2; +http://ahrefs.com/robot/)" 
103.8.42.208 - - [11/Mar/2018:00:56:54 -0800] "GET /maccdc2012/conn.log.gz HTTP/1.1" 206 17583521 "http://www.secrepo.com/" "Mozilla/5.0 (Windows NT 10.0; Win64; x64) AppleWebKit/537.36 (KHTML, like Gecko) Chrome/65.0.3325.146 Safari/537.36" 
120.221.0.34 - - [11/Mar/2018:01:01:09 -0800] "GET /honeypot/Honeypot%20-%20Howto.pdf HTTP/1.1" 304 131 "-" "Mozilla/5.0 Gecko/20100115 Firefox/3.6" 
103.8.42.208 - - [11/Mar/2018:00:56:54 -0800] "GET /maccdc2012/conn.log.gz HTTP/1.1" 206 22666367 "http://www.secrepo.com/" "Mozilla/5.0 (Windows NT 10.0; Win64; x64) AppleWebKit/537.36 (KHTML, like Gecko) Chrome/65.0.3325.146 Safari/537.36" 
103.8.42.208 - - [11/Mar/2018:00:56:54 -0800] "GET /maccdc2012/conn.log.gz HTTP/1.1" 206 26776800 "http://www.secrepo.com/" "Mozilla/5.0 (Windows NT 10.0; Win64; x64) AppleWebKit/537.36 (KHTML, like Gecko) Chrome/65.0.3325.146 Safari/537.36" 
103.8.42.208 - - [11/Mar/2018:00:56:54 -0800] "GET /maccdc2012/conn.log.gz HTTP/1.1" 206 25715222 "http://www.secrepo.com/" "Mozilla/5.0 (Windows NT 10.0; Win64; x64) AppleWebKit/537.36 (KHTML, like Gecko) Chrome/65.0.3325.146 Safari/537.36" 
103.8.42.208 - - [11/Mar/2018:01:02:58 -0800] "GET /maccdc2012/conn.log.gz HTTP/1.1" 206 7968181 "http://www.secrepo.com/" "Mozilla/5.0 (Windows NT 10.0; Win64; x64) AppleWebKit/537.36 (KHTML, like Gecko) Chrome/65.0.3325.146 Safari/537.36" 
66.249.69.127 - - [11/Mar/2018:01:05:07 -0800] "GET / HTTP/1.1" 200 11061 "-" "Mozilla/5.0 (Linux; Android 6.0.1; Nexus 5X Build/MMB29P) AppleWebKit/537.36 (KHTML, like Gecko) Chrome/41.0.2272.96 Mobile Safari/537.36 (compatible; Googlebot/2.1; +http://www.google.com/bot.html)" 
52.165.148.51 - - [11/Mar/2018:01:05:51 -0800] "GET / HTTP/1.1" 301 446 "-" "Mozilla/5.0 (Windows NT 6.1; Win64; x64) AppleWebKit/537.36 (KHTML, like Gecko) Chrome/61.0.3163.100 Safari/537.36" 
103.8.42.208 - - [11/Mar/2018:01:02:47 -0800] "GET /maccdc2012/conn.log.gz HTTP/1.1" 206 8807040 "http://www.secrepo.com/" "Mozilla/5.0 (Windows NT 10.0; Win64; x64) AppleWebKit/537.36 (KHTML, like Gecko) Chrome/65.0.3325.146 Safari/537.36" 
103.8.42.208 - - [11/Mar/2018:00:56:54 -0800] "GET /maccdc2012/conn.log.gz HTTP/1.1" 206 27300960 "http://www.secrepo.com/" "Mozilla/5.0 (Windows NT 10.0; Win64; x64) AppleWebKit/537.36 (KHTML, like Gecko) Chrome/65.0.3325.146 Safari/537.36" 
103.8.42.208 - - [11/Mar/2018:01:02:47 -0800] "GET /maccdc2012/conn.log.gz HTTP/1.1" 206 10629930 "http://www.secrepo.com/" "Mozilla/5.0 (Windows NT 10.0; Win64; x64) AppleWebKit/537.36 (KHTML, like Gecko) Chrome/65.0.3325.146 Safari/537.36" 
103.8.42.208 - - [11/Mar/2018:01:05:56 -0800] "GET /maccdc2012/conn.log.gz HTTP/1.1" 206 1223378 "http://www.secrepo.com/" "Mozilla/5.0 (Windows NT 10.0; Win64; x64) AppleWebKit/537.36 (KHTML, like Gecko) Chrome/65.0.3325.146 Safari/537.36" 
103.8.42.208 - - [11/Mar/2018:01:06:02 -0800] "GET /maccdc2012/conn.log.gz HTTP/1.1" 206 586597 "http://www.secrepo.com/" "Mozilla/5.0 (Windows NT 10.0; Win64; x64) AppleWebKit/537.36 (KHTML, like Gecko) Chrome/65.0.3325.146 Safari/537.36" 
103.8.42.208 - - [11/Mar/2018:01:05:02 -0800] "GET /maccdc2012/conn.log.gz HTTP/1.1" 206 3563117 "http://www.secrepo.com/" "Mozilla/5.0 (Windows NT 10.0; Win64; x64) AppleWebKit/537.36 (KHTML, like Gecko) Chrome/65.0.3325.146 Safari/537.36" 
103.8.42.208 - - [11/Mar/2018:00:56:54 -0800] "GET /maccdc2012/conn.log.gz HTTP/1.1" 206 34620480 "http://www.secrepo.com/" "Mozilla/5.0 (Windows NT 10.0; Win64; x64) AppleWebKit/537.36 (KHTML, like Gecko) Chrome/65.0.3325.146 Safari/537.36" 
103.8.42.208 - - [11/Mar/2018:00:56:54 -0800] "GET /maccdc2012/conn.log.gz HTTP/1.1" 206 20053440 "http://www.secrepo.com/" "Mozilla/5.0 (Windows NT 10.0; Win64; x64) AppleWebKit/537.36 (KHTML, like Gecko) Chrome/65.0.3325.146 Safari/537.36" 
103.8.42.208 - - [11/Mar/2018:00:56:54 -0800] "GET /maccdc2012/conn.log.gz HTTP/1.1" 206 17339040 "http://www.secrepo.com/" "Mozilla/5.0 (Windows NT 10.0; Win64; x64) AppleWebKit/537.36 (KHTML, like Gecko) Chrome/65.0.3325.146 Safari/537.36" 
103.8.42.208 - - [11/Mar/2018:01:06:15 -0800] "GET /maccdc2012/conn.log.gz HTTP/1.1" 206 143959 "http://www.secrepo.com/" "Mozilla/5.0 (Windows NT 10.0; Win64; x64) AppleWebKit/537.36 (KHTML, like Gecko) Chrome/65.0.3325.146 Safari/537.36" 
103.8.42.208 - - [11/Mar/2018:01:06:15 -0800] "GET /maccdc2012/conn.log.gz HTTP/1.1" 206 287543 "http://www.secrepo.com/" "Mozilla/5.0 (Windows NT 10.0; Win64; x64) AppleWebKit/537.36 (KHTML, like Gecko) Chrome/65.0.3325.146 Safari/537.36" 
103.8.42.208 - - [11/Mar/2018:01:06:19 -0800] "GET /maccdc2012/conn.log.gz HTTP/1.1" 206 94914 "http://www.secrepo.com/" "Mozilla/5.0 (Windows NT 10.0; Win64; x64) AppleWebKit/537.36 (KHTML, like Gecko) Chrome/65.0.3325.146 Safari/537.36" 
103.8.42.208 - - [11/Mar/2018:01:01:11 -0800] "GET /maccdc2012/conn.log.gz HTTP/1.1" 206 19101600 "http://www.secrepo.com/" "Mozilla/5.0 (Windows NT 10.0; Win64; x64) AppleWebKit/537.36 (KHTML, like Gecko) Chrome/65.0.3325.146 Safari/537.36" 
42.236.31.143 - - [11/Mar/2018:01:10:41 -0800] "GET / HTTP/1.1" 301 483 "http://secrepo.com/" "Mozilla/5.0 (Windows NT 6.1; WOW64) AppleWebKit/537.36 (KHTML, like Gecko) Chrome/50.0.2661.102 Safari/537.36; 360Spider" 
42.236.31.143 - - [11/Mar/2018:01:10:41 -0800] "GET / HTTP/1.1" 200 11061 "http://www.secrepo.com/" "Mozilla/5.0 (Windows NT 6.1; WOW64) AppleWebKit/537.36 (KHTML, like Gecko) Chrome/50.0.2661.102 Safari/537.36; 360Spider" 
42.236.10.77 - - [11/Mar/2018:01:10:41 -0800] "GET / HTTP/1.1" 301 483 "http://secrepo.com/" "Mozilla/5.0 (Windows NT 6.1; WOW64) AppleWebKit/537.36 (KHTML, like Gecko) Chrome/50.4.2661.102 Safari/537.36; 360Spider" 
42.236.10.78 - - [11/Mar/2018:01:10:41 -0800] "GET / HTTP/1.1" 200 11061 "http://www.secrepo.com/" "Mozilla/5.0 (Windows NT 6.1; WOW64) AppleWebKit/537.36 (KHTML, like Gecko) Chrome/50.4.2661.102 Safari/537.36; 360Spider" 
42.236.49.237 - - [11/Mar/2018:01:10:41 -0800] "GET / HTTP/1.1" 200 11061 "http://www.secrepo.com/" "Mozilla/5.0 (Windows NT 6.1; WOW64) AppleWebKit/537.36 (KHTML, like Gecko) Chrome/50.0.2661.102 Safari/537.36; 360Spider" 
42.236.31.143 - - [11/Mar/2018:01:10:41 -0800] "GET / HTTP/1.1" 200 11061 "http://www.secrepo.com/" "Mozilla/5.0 (Windows NT 6.1; WOW64) AppleWebKit/537.36 (KHTML, like Gecko) Chrome/50.0.2661.102 Safari/537.36; 360Spider" 
42.236.10.78 - - [11/Mar/2018:01:10:42 -0800] "GET / HTTP/1.1" 200 11061 "http://www.secrepo.com/" "Mozilla/5.0 (Windows NT 6.1; WOW64) AppleWebKit/537.36 (KHTML, like Gecko) Chrome/50.4.2661.102 Safari/537.36; 360Spider" 
42.236.49.237 - - [11/Mar/2018:01:10:42 -0800] "GET / HTTP/1.1" 301 483 "http://secrepo.com/" "Mozilla/5.0 (Windows NT 6.1; WOW64) AppleWebKit/537.36 (KHTML, like Gecko) Chrome/50.0.2661.102 Safari/537.36; 360Spider" 
42.236.99.242 - - [11/Mar/2018:01:10:42 -0800] "GET / HTTP/1.1" 200 11061 "http://www.secrepo.com/" "Mozilla/5.0 (Windows NT 6.1; WOW64) AppleWebKit/537.36 (KHTML, like Gecko) Chrome/50.0.2661.102 Safari/537.36; 360Spider" 
42.236.49.237 - - [11/Mar/2018:01:10:43 -0800] "GET / HTTP/1.1" 200 11061 "http://www.secrepo.com/" "Mozilla/5.0 (Windows NT 6.1; WOW64) AppleWebKit/537.36 (KHTML, like Gecko) Chrome/50.0.2661.102 Safari/537.36; 360Spider" 
54.185.105.202 - - [11/Mar/2018:01:11:03 -0800] "GET / HTTP/1.1" 301 446 "-" "Mozilla/5.0 (X11; Ubuntu; Linux x86_64) AppleWebKit/537.36 (KHTML, like Gecko) Chrome/60.0.3112.101 Safari/537.36" 
54.185.105.202 - - [11/Mar/2018:01:11:04 -0800] "GET / HTTP/1.1" 200 11024 "-" "Mozilla/5.0 (X11; Ubuntu; Linux x86_64) AppleWebKit/537.36 (KHTML, like Gecko) Chrome/60.0.3112.101 Safari/537.36" 
54.185.105.202 - - [11/Mar/2018:01:11:35 -0800] "GET / HTTP/1.1" 301 483 "-" "Mozilla/5.0 (X11; Linux x86_64) AppleWebKit/537.36 (KHTML, like Gecko) Chrome/60.0.3112.50 Safari/537.36" 
54.185.105.202 - - [11/Mar/2018:01:11:35 -0800] "GET / HTTP/1.1" 200 11061 "-" "Mozilla/5.0 (X11; Linux x86_64) AppleWebKit/537.36 (KHTML, like Gecko) Chrome/60.0.3112.50 Safari/537.36" 
112.133.196.2 - - [11/Mar/2018:01:14:54 -0800] "GET / HTTP/1.1" 200 11061 "http://vizsec.org/data/" "Mozilla/5.0 (X11; Linux x86_64) AppleWebKit/537.36 (KHTML, like Gecko) Chrome/60.0.3112.113 Safari/537.36" 
112.133.196.2 - - [11/Mar/2018:01:14:56 -0800] "GET /GitHub-Mark.png HTTP/1.1" 200 7428 "http://www.secrepo.com/" "Mozilla/5.0 (X11; Linux x86_64) AppleWebKit/537.36 (KHTML, like Gecko) Chrome/60.0.3112.113 Safari/537.36" 
112.133.196.2 - - [11/Mar/2018:01:14:56 -0800] "GET /twitter-icon.png HTTP/1.1" 200 27788 "http://www.secrepo.com/" "Mozilla/5.0 (X11; Linux x86_64) AppleWebKit/537.36 (KHTML, like Gecko) Chrome/60.0.3112.113 Safari/537.36" 
41.234.169.62 - - [11/Mar/2018:01:19:33 -0800] "GET /wp-login.php HTTP/1.1" 418 732 "-" "Mozilla/5.0 (Windows NT 6.1; WOW64; rv:40.0) Gecko/20100101 Firefox/40.1" 
41.234.169.62 - - [11/Mar/2018:01:19:33 -0800] "GET / HTTP/1.1" 418 732 "-" "Mozilla/5.0 (Windows NT 6.1; WOW64; rv:40.0) Gecko/20100101 Firefox/40.1" 
54.36.148.49 - - [11/Mar/2018:01:28:21 -0800] "GET /self.logs/error.log.2016-09-16.gz HTTP/1.1" 404 284 "-" "Mozilla/5.0 (compatible; AhrefsBot/5.2; +http://ahrefs.com/robot/)" 
216.244.66.227 - - [11/Mar/2018:01:32:42 -0800] "GET /robots.txt HTTP/1.1" 200 233 "-" "Mozilla/5.0 (compatible; DotBot/1.1; http://www.opensiteexplorer.org/dotbot, help@moz.com)" 
219.90.106.27 - - [11/Mar/2018:01:40:28 -0800] "GET / HTTP/1.1" 200 11061 "https://www.google.co.in/" "Mozilla/5.0 (Windows NT 10.0; Win64; x64) AppleWebKit/537.36 (KHTML, like Gecko) Chrome/64.0.3282.186 Safari/537.36" 
219.90.106.27 - - [11/Mar/2018:01:40:29 -0800] "GET /twitter-icon.png HTTP/1.1" 200 27787 "http://www.secrepo.com/" "Mozilla/5.0 (Windows NT 10.0; Win64; x64) AppleWebKit/537.36 (KHTML, like Gecko) Chrome/64.0.3282.186 Safari/537.36" 
219.90.106.27 - - [11/Mar/2018:01:40:29 -0800] "GET /GitHub-Mark.png HTTP/1.1" 200 7428 "http://www.secrepo.com/" "Mozilla/5.0 (Windows NT 10.0; Win64; x64) AppleWebKit/537.36 (KHTML, like Gecko) Chrome/64.0.3282.186 Safari/537.36" 
219.90.106.27 - - [11/Mar/2018:01:40:30 -0800] "GET /bootstrap/img/favicon.ico HTTP/1.1" 200 589 "http://www.secrepo.com/" "Mozilla/5.0 (Windows NT 10.0; Win64; x64) AppleWebKit/537.36 (KHTML, like Gecko) Chrome/64.0.3282.186 Safari/537.36" 
216.244.66.227 - - [11/Mar/2018:01:40:36 -0800] "GET /self.logs/error.log.2017-12-02.gz HTTP/1.1" 200 1736 "-" "Mozilla/5.0 (compatible; DotBot/1.1; http://www.opensiteexplorer.org/dotbot, help@moz.com)" 
178.80.128.140 - - [11/Mar/2018:01:42:08 -0800] "GET /maccdc2012/maccdc2012_full_alert.7z HTTP/1.1" 200 348764 "-" "Mozilla/5.0 (Windows NT 10.0; Win64; x64) AppleWebKit/537.36 (KHTML, like Gecko) Chrome/64.0.3282.186 Safari/537.36" 
178.80.128.140 - - [11/Mar/2018:01:42:12 -0800] "GET /maccdc2012/maccdc2012_full_alert.7z HTTP/1.1" 200 79072 "-" "FDM/5.1.34.6924" 
178.80.128.140 - - [11/Mar/2018:01:42:15 -0800] "GET /maccdc2012/maccdc2012_full_alert.7z HTTP/1.1" 206 14303560 "-" "FDM/5.1.34.6924" 
178.80.128.140 - - [11/Mar/2018:01:42:16 -0800] "GET /maccdc2012/maccdc2012_full_alert.7z HTTP/1.1" 206 12489681 "-" "FDM/5.1.34.6924" 
178.80.128.140 - - [11/Mar/2018:01:42:16 -0800] "GET /maccdc2012/maccdc2012_full_alert.7z HTTP/1.1" 206 6245018 "-" "FDM/5.1.34.6924" 
111.200.39.118 - - [11/Mar/2018:01:46:20 -0800] "GET / HTTP/1.1" 301 483 "http://www.freebuf.com/articles/network/131279.html" "Mozilla/5.0 (Windows NT 6.1; Win64; x64) AppleWebKit/537.36 (KHTML, like Gecko) Chrome/64.0.3282.186 Safari/537.36" 
111.200.39.118 - - [11/Mar/2018:01:46:21 -0800] "GET / HTTP/1.1" 200 11061 "http://www.freebuf.com/articles/network/131279.html" "Mozilla/5.0 (Windows NT 6.1; Win64; x64) AppleWebKit/537.36 (KHTML, like Gecko) Chrome/64.0.3282.186 Safari/537.36" 
111.200.39.118 - - [11/Mar/2018:01:46:22 -0800] "GET /twitter-icon.png HTTP/1.1" 200 27787 "http://www.secrepo.com/" "Mozilla/5.0 (Windows NT 6.1; Win64; x64) AppleWebKit/537.36 (KHTML, like Gecko) Chrome/64.0.3282.186 Safari/537.36" 
111.200.39.118 - - [11/Mar/2018:01:46:22 -0800] "GET /GitHub-Mark.png HTTP/1.1" 200 7428 "http://www.secrepo.com/" "Mozilla/5.0 (Windows NT 6.1; Win64; x64) AppleWebKit/537.36 (KHTML, like Gecko) Chrome/64.0.3282.186 Safari/537.36" 
66.249.69.125 - - [11/Mar/2018:01:46:25 -0800] "GET / HTTP/1.1" 200 11061 "-" "Mozilla/5.0 (compatible; Googlebot/2.1; +http://www.google.com/bot.html)" 
188.125.207.176 - - [11/Mar/2018:01:53:22 -0800] "GET / HTTP/1.1" 200 11061 "-" "Mozilla/5.0 (X11; Ubuntu; Linux x86_64; rv:58.0) Gecko/20100101 Firefox/58.0" 
188.125.207.176 - - [11/Mar/2018:01:53:23 -0800] "GET /twitter-icon.png HTTP/1.1" 200 27787 "http://www.secrepo.com/" "Mozilla/5.0 (X11; Ubuntu; Linux x86_64; rv:58.0) Gecko/20100101 Firefox/58.0" 
188.125.207.176 - - [11/Mar/2018:01:53:23 -0800] "GET /GitHub-Mark.png HTTP/1.1" 200 7428 "http://www.secrepo.com/" "Mozilla/5.0 (X11; Ubuntu; Linux x86_64; rv:58.0) Gecko/20100101 Firefox/58.0" 
188.125.207.176 - - [11/Mar/2018:01:53:23 -0800] "GET /bootstrap/img/favicon.ico HTTP/1.1" 200 589 "-" "Mozilla/5.0 (X11; Ubuntu; Linux x86_64; rv:58.0) Gecko/20100101 Firefox/58.0" 
209.15.209.89 - - [11/Mar/2018:01:53:32 -0800] "HEAD / HTTP/1.1" 200 239 "-" "-" 
85.26.7.69 - - [11/Mar/2018:01:53:39 -0800] "GET / HTTP/1.1" 200 11061 "-" "Mozilla/5.0 (Macintosh; Intel Mac OS X 10_13_3) AppleWebKit/604.5.6 (KHTML, like Gecko) Version/11.0.3 Safari/604.5.6" 
85.26.7.69 - - [11/Mar/2018:01:53:39 -0800] "GET /twitter-icon.png HTTP/1.1" 200 27787 "http://www.secrepo.com/" "Mozilla/5.0 (Macintosh; Intel Mac OS X 10_13_3) AppleWebKit/604.5.6 (KHTML, like Gecko) Version/11.0.3 Safari/604.5.6" 
85.26.7.69 - - [11/Mar/2018:01:53:40 -0800] "GET /GitHub-Mark.png HTTP/1.1" 200 7428 "http://www.secrepo.com/" "Mozilla/5.0 (Macintosh; Intel Mac OS X 10_13_3) AppleWebKit/604.5.6 (KHTML, like Gecko) Version/11.0.3 Safari/604.5.6" 
85.26.7.69 - - [11/Mar/2018:01:53:40 -0800] "GET /bootstrap/img/favicon.ico HTTP/1.1" 200 590 "http://www.secrepo.com/" "Mozilla/5.0 (Macintosh; Intel Mac OS X 10_13_3) AppleWebKit/604.5.6 (KHTML, like Gecko) Version/11.0.3 Safari/604.5.6" 
54.36.148.84 - - [11/Mar/2018:01:54:41 -0800] "GET /self.logs/access.log.2015-05-04.gz HTTP/1.1" 404 284 "-" "Mozilla/5.0 (compatible; AhrefsBot/5.2; +http://ahrefs.com/robot/)" 
113.171.224.176 - - [11/Mar/2018:01:54:52 -0800] "GET /honeypot/Honeypot%20-%20Howto.pdf HTTP/1.1" 200 46720 "-" "Mozilla/5.0 Gecko/20100115 Firefox/3.6" 
216.244.66.227 - - [11/Mar/2018:01:56:54 -0800] "GET /self.logs/error.log.2017-12-02.gz HTTP/1.1" 200 1736 "-" "Mozilla/5.0 (compatible; DotBot/1.1; http://www.opensiteexplorer.org/dotbot, help@moz.com)" 
216.244.66.250 - - [11/Mar/2018:01:58:21 -0800] "GET /self.logs/ HTTP/1.1" 200 83293 "-" "Mozilla/5.0 (compatible; DotBot/1.1; http://www.opensiteexplorer.org/dotbot, help@moz.com)" 
54.36.148.104 - - [11/Mar/2018:03:03:51 -0700] "GET /self.logs/error.log.2017-10-29.gz HTTP/1.1" 200 1629 "-" "Mozilla/5.0 (compatible; AhrefsBot/5.2; +http://ahrefs.com/robot/)" 
202.21.110.94 - - [11/Mar/2018:03:07:31 -0700] "GET /wp-login.php HTTP/1.1" 418 732 "-" "Mozilla/5.0 (Windows NT 6.1; WOW64; rv:40.0) Gecko/20100101 Firefox/40.1" 
202.21.110.94 - - [11/Mar/2018:03:07:32 -0700] "GET / HTTP/1.1" 418 732 "-" "Mozilla/5.0 (Windows NT 6.1; WOW64; rv:40.0) Gecko/20100101 Firefox/40.1" 
183.83.224.115 - - [11/Mar/2018:03:14:32 -0700] "GET / HTTP/1.1" 200 11061 "-" "Mozilla/5.0 (X11; Ubuntu; Linux x86_64; rv:58.0) Gecko/20100101 Firefox/58.0" 
183.83.224.115 - - [11/Mar/2018:03:14:32 -0700] "GET /twitter-icon.png HTTP/1.1" 200 27787 "http://www.secrepo.com/" "Mozilla/5.0 (X11; Ubuntu; Linux x86_64; rv:58.0) Gecko/20100101 Firefox/58.0" 
183.83.224.115 - - [11/Mar/2018:03:14:33 -0700] "GET /GitHub-Mark.png HTTP/1.1" 200 7428 "http://www.secrepo.com/" "Mozilla/5.0 (X11; Ubuntu; Linux x86_64; rv:58.0) Gecko/20100101 Firefox/58.0" 
183.83.224.115 - - [11/Mar/2018:03:14:33 -0700] "GET /bootstrap/img/favicon.ico HTTP/1.1" 200 589 "-" "Mozilla/5.0 (X11; Ubuntu; Linux x86_64; rv:58.0) Gecko/20100101 Firefox/58.0" 
183.83.224.115 - - [11/Mar/2018:03:16:15 -0700] "GET / HTTP/1.1" 200 11061 "-" "Mozilla/5.0 (X11; Ubuntu; Linux x86_64; rv:58.0) Gecko/20100101 Firefox/58.0" 
183.83.224.115 - - [11/Mar/2018:03:16:15 -0700] "GET /twitter-icon.png HTTP/1.1" 200 27787 "http://www.secrepo.com/" "Mozilla/5.0 (X11; Ubuntu; Linux x86_64; rv:58.0) Gecko/20100101 Firefox/58.0" 
183.83.224.115 - - [11/Mar/2018:03:16:16 -0700] "GET /GitHub-Mark.png HTTP/1.1" 200 7428 "http://www.secrepo.com/" "Mozilla/5.0 (X11; Ubuntu; Linux x86_64; rv:58.0) Gecko/20100101 Firefox/58.0" 
207.244.149.26 - - [11/Mar/2018:03:18:44 -0700] "GET /wp-content/plugins/formcraft/file-upload/server/php/upload.php HTTP/1.1" 301 549 "http://secrepo.com/wp-content/plugins/formcraft/file-upload/server/php/upload.php" "Mozilla/5.0 (Windows NT 6.1; WOW64) AppleWebKit/537.36 (KHTML, like Gecko) Chrome/42.0.2311.152 Safari/537.36" 
92.16.27.244 - - [11/Mar/2018:03:22:47 -0700] "GET / HTTP/1.1" 200 11061 "https://www.google.co.uk/" "Mozilla/5.0 (Macintosh; Intel Mac OS X 10_12_6) AppleWebKit/537.36 (KHTML, like Gecko) Chrome/64.0.3282.186 Safari/537.36" 
92.16.27.244 - - [11/Mar/2018:03:22:48 -0700] "GET /GitHub-Mark.png HTTP/1.1" 200 7428 "http://www.secrepo.com/" "Mozilla/5.0 (Macintosh; Intel Mac OS X 10_12_6) AppleWebKit/537.36 (KHTML, like Gecko) Chrome/64.0.3282.186 Safari/537.36" 
92.16.27.244 - - [11/Mar/2018:03:22:48 -0700] "GET /twitter-icon.png HTTP/1.1" 200 27787 "http://www.secrepo.com/" "Mozilla/5.0 (Macintosh; Intel Mac OS X 10_12_6) AppleWebKit/537.36 (KHTML, like Gecko) Chrome/64.0.3282.186 Safari/537.36" 
62.24.181.135 - - [11/Mar/2018:03:23:19 -0700] "GET / HTTP/1.0" 200 37404 "http://www.secrepo.com/" "Mozilla/4.0 (compatible; MSIE 8.0; Windows NT 5.1; Trident/4.0; .NET CLR 2.0.50727; .NET CLR 3.0.04506.648; .NET CLR 3.5.21022; .NET CLR 3.0.4506.2152; .NET CLR 3.5.30729; InfoPath.2)" 
66.249.69.127 - - [11/Mar/2018:03:27:44 -0700] "GET / HTTP/1.1" 200 11061 "-" "Mozilla/5.0 (Linux; Android 6.0.1; Nexus 5X Build/MMB29P) AppleWebKit/537.36 (KHTML, like Gecko) Chrome/41.0.2272.96 Mobile Safari/537.36 (compatible; Googlebot/2.1; +http://www.google.com/bot.html)" 
182.186.176.127 - - [11/Mar/2018:03:31:04 -0700] "GET /wp-login.php HTTP/1.1" 418 732 "-" "Mozilla/5.0 (Windows NT 6.1; WOW64; rv:40.0) Gecko/20100101 Firefox/40.1" 
182.186.176.127 - - [11/Mar/2018:03:31:05 -0700] "GET / HTTP/1.1" 418 732 "-" "Mozilla/5.0 (Windows NT 6.1; WOW64; rv:40.0) Gecko/20100101 Firefox/40.1" 
