40.77.167.98 - - [16/Jan/2018:02:12:54 -0800] "GET /self.logs/access.log.2017-03-19.gz HTTP/1.1" 200 15965 "-" "Mozilla/5.0 (compatible; bingbot/2.0; +http://www.bing.com/bingbot.htm)" 
120.221.1.28 - - [16/Jan/2018:02:13:02 -0800] "GET /maccdc2012/files.log.gz HTTP/1.1" 304 155 "-" "Mozilla/5.0 Gecko/20100115 Firefox/3.6" 
54.36.149.58 - - [16/Jan/2018:02:13:15 -0800] "GET /self.logs/access.log.2015-11-09.gz HTTP/1.1" 404 284 "-" "Mozilla/5.0 (compatible; AhrefsBot/5.2; +http://ahrefs.com/robot/)" 
40.77.167.98 - - [16/Jan/2018:02:13:40 -0800] "GET /self.logs/access.log.2015-07-24.gz HTTP/1.1" 404 340 "-" "Mozilla/5.0 (compatible; bingbot/2.0; +http://www.bing.com/bingbot.htm)" 
157.55.39.43 - - [16/Jan/2018:02:13:40 -0800] "GET /self.logs/access.log.2017-02-03.gz HTTP/1.1" 200 16300 "-" "Mozilla/5.0 (compatible; bingbot/2.0; +http://www.bing.com/bingbot.htm)" 
157.55.39.43 - - [16/Jan/2018:02:14:19 -0800] "GET /self.logs/error.log.2017-04-25.gz HTTP/1.1" 200 980 "-" "Mozilla/5.0 (compatible; bingbot/2.0; +http://www.bing.com/bingbot.htm)" 
157.55.39.91 - - [16/Jan/2018:02:15:18 -0800] "GET /self.logs/access.log.2015-04-19.gz HTTP/1.1" 404 340 "-" "Mozilla/5.0 (compatible; bingbot/2.0; +http://www.bing.com/bingbot.htm)" 
125.17.72.209 - - [16/Jan/2018:02:15:20 -0800] "GET / HTTP/1.1" 200 11061 "-" "Mozilla/5.0 (Windows NT 6.1; Win64; x64) AppleWebKit/537.36 (KHTML, like Gecko) Chrome/63.0.3239.132 Safari/537.36" 
125.17.72.209 - - [16/Jan/2018:02:15:23 -0800] "GET /twitter-icon.png HTTP/1.1" 200 27788 "http://www.secrepo.com/" "Mozilla/5.0 (Windows NT 6.1; Win64; x64) AppleWebKit/537.36 (KHTML, like Gecko) Chrome/63.0.3239.132 Safari/537.36" 
125.17.72.209 - - [16/Jan/2018:02:15:23 -0800] "GET /GitHub-Mark.png HTTP/1.1" 200 7428 "http://www.secrepo.com/" "Mozilla/5.0 (Windows NT 6.1; Win64; x64) AppleWebKit/537.36 (KHTML, like Gecko) Chrome/63.0.3239.132 Safari/537.36" 
219.65.87.177 - - [16/Jan/2018:02:15:24 -0800] "GET /robots.txt HTTP/1.1" 200 334 "-" "Mozilla/5.0 (Macintosh; Intel Mac OS X 10_12_6) AppleWebKit/537.36 (KHTML, like Gecko) Chrome/63.0.3239.84 Safari/537.36" 
219.65.87.177 - - [16/Jan/2018:02:15:24 -0800] "GET / HTTP/1.1" 200 11061 "-" "Mozilla/5.0 (Macintosh; Intel Mac OS X 10_12_6) AppleWebKit/537.36 (KHTML, like Gecko) Chrome/63.0.3239.84 Safari/537.36" 
125.17.72.209 - - [16/Jan/2018:02:15:25 -0800] "GET /bootstrap/img/favicon.ico HTTP/1.1" 200 589 "http://www.secrepo.com/" "Mozilla/5.0 (Windows NT 6.1; Win64; x64) AppleWebKit/537.36 (KHTML, like Gecko) Chrome/63.0.3239.132 Safari/537.36" 
219.65.87.177 - - [16/Jan/2018:02:15:25 -0800] "GET /GitHub-Mark.png HTTP/1.1" 200 7428 "http://www.secrepo.com/" "Mozilla/5.0 (Macintosh; Intel Mac OS X 10_12_6) AppleWebKit/537.36 (KHTML, like Gecko) Chrome/63.0.3239.84 Safari/537.36" 
219.65.87.177 - - [16/Jan/2018:02:15:25 -0800] "GET /twitter-icon.png HTTP/1.1" 200 27787 "http://www.secrepo.com/" "Mozilla/5.0 (Macintosh; Intel Mac OS X 10_12_6) AppleWebKit/537.36 (KHTML, like Gecko) Chrome/63.0.3239.84 Safari/537.36" 
219.65.87.177 - - [16/Jan/2018:02:15:27 -0800] "GET /bootstrap/img/favicon.ico HTTP/1.1" 200 590 "http://www.secrepo.com/" "Mozilla/5.0 (Macintosh; Intel Mac OS X 10_12_6) AppleWebKit/537.36 (KHTML, like Gecko) Chrome/63.0.3239.84 Safari/537.36" 
157.55.39.43 - - [16/Jan/2018:02:17:16 -0800] "GET /self.logs/error.log.2016-08-25.gz HTTP/1.1" 404 340 "-" "Mozilla/5.0 (compatible; bingbot/2.0; +http://www.bing.com/bingbot.htm)" 
157.55.39.43 - - [16/Jan/2018:02:18:17 -0800] "GET /self.logs/error.log.2015-07-03.gz HTTP/1.1" 404 340 "-" "Mozilla/5.0 (compatible; bingbot/2.0; +http://www.bing.com/bingbot.htm)" 
195.114.29.4 - - [16/Jan/2018:02:19:19 -0800] "GET / HTTP/1.1" 200 11061 "https://www.google.ps/" "Mozilla/5.0 (Windows NT 6.1; Win64; x64) AppleWebKit/537.36 (KHTML, like Gecko) Chrome/63.0.3239.132 Safari/537.36" 
195.114.29.4 - - [16/Jan/2018:02:19:20 -0800] "GET /GitHub-Mark.png HTTP/1.1" 200 7428 "http://www.secrepo.com/" "Mozilla/5.0 (Windows NT 6.1; Win64; x64) AppleWebKit/537.36 (KHTML, like Gecko) Chrome/63.0.3239.132 Safari/537.36" 
195.114.29.4 - - [16/Jan/2018:02:19:20 -0800] "GET /twitter-icon.png HTTP/1.1" 200 27787 "http://www.secrepo.com/" "Mozilla/5.0 (Windows NT 6.1; Win64; x64) AppleWebKit/537.36 (KHTML, like Gecko) Chrome/63.0.3239.132 Safari/537.36" 
195.114.29.4 - - [16/Jan/2018:02:19:21 -0800] "GET /bootstrap/img/favicon.ico HTTP/1.1" 200 589 "http://www.secrepo.com/" "Mozilla/5.0 (Windows NT 6.1; Win64; x64) AppleWebKit/537.36 (KHTML, like Gecko) Chrome/63.0.3239.132 Safari/537.36" 
157.55.39.43 - - [16/Jan/2018:02:20:23 -0800] "GET /self.logs/error.log.2016-02-20.gz HTTP/1.1" 404 340 "-" "Mozilla/5.0 (compatible; bingbot/2.0; +http://www.bing.com/bingbot.htm)" 
157.55.39.43 - - [16/Jan/2018:02:23:01 -0800] "GET /self.logs/access.log.2015-03-22.gz HTTP/1.1" 404 340 "-" "Mozilla/5.0 (compatible; bingbot/2.0; +http://www.bing.com/bingbot.htm)" 
54.36.148.13 - - [16/Jan/2018:02:23:14 -0800] "GET /self.logs/access.log.2017-02-01.gz HTTP/1.1" 200 27022 "-" "Mozilla/5.0 (compatible; AhrefsBot/5.2; +http://ahrefs.com/robot/)" 
69.63.188.107 - - [16/Jan/2018:02:24:15 -0800] "GET /GitHub-Mark.png HTTP/1.1" 200 7428 "-" "facebookexternalhit/1.1 (+http://www.facebook.com/externalhit_uatext.php)" 
40.77.167.98 - - [16/Jan/2018:02:27:47 -0800] "GET /self.logs/access.log.2016-02-21.gz HTTP/1.1" 404 340 "-" "Mozilla/5.0 (compatible; bingbot/2.0; +http://www.bing.com/bingbot.htm)" 
40.77.167.98 - - [16/Jan/2018:02:27:47 -0800] "GET /self.logs/error.log.2017-03-14.gz HTTP/1.1" 200 1162 "-" "Mozilla/5.0 (compatible; bingbot/2.0; +http://www.bing.com/bingbot.htm)" 
157.55.39.91 - - [16/Jan/2018:02:28:37 -0800] "GET /self.logs/?C=M;O=A HTTP/1.1" 200 8065 "-" "Mozilla/5.0 (compatible; bingbot/2.0; +http://www.bing.com/bingbot.htm)" 
54.36.148.32 - - [16/Jan/2018:02:29:46 -0800] "GET /self.logs/access.log.2017-08-29.gz HTTP/1.1" 200 24908 "-" "Mozilla/5.0 (compatible; AhrefsBot/5.2; +http://ahrefs.com/robot/)" 
40.77.167.98 - - [16/Jan/2018:02:32:33 -0800] "GET /self.logs/access.log.2016-08-11.gz HTTP/1.1" 404 340 "-" "Mozilla/5.0 (compatible; bingbot/2.0; +http://www.bing.com/bingbot.htm)" 
157.55.39.91 - - [16/Jan/2018:02:35:00 -0800] "GET /self.logs/error.log.2015-03-27.gz HTTP/1.1" 404 340 "-" "Mozilla/5.0 (compatible; bingbot/2.0; +http://www.bing.com/bingbot.htm)" 
103.245.47.20 - - [16/Jan/2018:02:35:03 -0800] "GET / HTTP/1.1" 200 11061 "-" "Mozilla/5.0 (Windows NT 10.0; Win64; x64) AppleWebKit/537.36 (KHTML, like Gecko) Chrome/63.0.3239.132 Safari/537.36" 
103.245.47.20 - - [16/Jan/2018:02:35:04 -0800] "GET /GitHub-Mark.png HTTP/1.1" 200 7428 "http://www.secrepo.com/" "Mozilla/5.0 (Windows NT 10.0; Win64; x64) AppleWebKit/537.36 (KHTML, like Gecko) Chrome/63.0.3239.132 Safari/537.36" 
103.245.47.20 - - [16/Jan/2018:02:35:04 -0800] "GET /twitter-icon.png HTTP/1.1" 200 27787 "http://www.secrepo.com/" "Mozilla/5.0 (Windows NT 10.0; Win64; x64) AppleWebKit/537.36 (KHTML, like Gecko) Chrome/63.0.3239.132 Safari/537.36" 
103.245.47.20 - - [16/Jan/2018:02:35:04 -0800] "GET /bootstrap/img/favicon.ico HTTP/1.1" 200 589 "http://www.secrepo.com/" "Mozilla/5.0 (Windows NT 10.0; Win64; x64) AppleWebKit/537.36 (KHTML, like Gecko) Chrome/63.0.3239.132 Safari/537.36" 
157.55.39.91 - - [16/Jan/2018:02:35:05 -0800] "GET /self.logs/access.log.2016-11-21.gz HTTP/1.1" 404 340 "-" "Mozilla/5.0 (compatible; bingbot/2.0; +http://www.bing.com/bingbot.htm)" 
195.114.29.4 - - [16/Jan/2018:02:38:53 -0800] "GET /maccdc2012/dhcp.log.gz HTTP/1.1" 200 45019 "-" "Mozilla/5.0 (Windows NT 6.1; Win64; x64) AppleWebKit/537.36 (KHTML, like Gecko) Chrome/63.0.3239.132 Safari/537.36" 
195.114.29.4 - - [16/Jan/2018:02:38:11 -0800] "GET /tg/a.zip HTTP/1.1" 200 66189337 "-" "Mozilla/5.0 (Windows NT 6.1; Win64; x64) AppleWebKit/537.36 (KHTML, like Gecko) Chrome/63.0.3239.132 Safari/537.36" 
54.36.149.16 - - [16/Jan/2018:02:43:28 -0800] "GET /self.logs/access.log.2017-10-14.gz HTTP/1.1" 200 16970 "-" "Mozilla/5.0 (compatible; AhrefsBot/5.2; +http://ahrefs.com/robot/)" 
40.77.167.56 - - [16/Jan/2018:02:45:21 -0800] "GET /self.logs/error.log.2017-09-03.gz HTTP/1.1" 301 544 "-" "Mozilla/5.0 (compatible; bingbot/2.0; +http://www.bing.com/bingbot.htm)" 
93.61.62.26 - - [16/Jan/2018:02:45:57 -0800] "GET / HTTP/1.1" 200 11061 "https://www.google.it/" "Mozilla/5.0 (X11; Linux x86_64; rv:57.0) Gecko/20100101 Firefox/57.0" 
93.61.62.26 - - [16/Jan/2018:02:45:59 -0800] "GET /twitter-icon.png HTTP/1.1" 200 27787 "http://www.secrepo.com/" "Mozilla/5.0 (X11; Linux x86_64; rv:57.0) Gecko/20100101 Firefox/57.0" 
93.61.62.26 - - [16/Jan/2018:02:45:59 -0800] "GET /GitHub-Mark.png HTTP/1.1" 200 7428 "http://www.secrepo.com/" "Mozilla/5.0 (X11; Linux x86_64; rv:57.0) Gecko/20100101 Firefox/57.0" 
93.61.62.26 - - [16/Jan/2018:02:46:03 -0800] "GET /bootstrap/img/favicon.ico HTTP/1.1" 200 590 "-" "Mozilla/5.0 (X11; Linux x86_64; rv:57.0) Gecko/20100101 Firefox/57.0" 
157.55.39.43 - - [16/Jan/2018:02:46:07 -0800] "GET /self.logs/access.log.2015-09-27.gz HTTP/1.1" 404 340 "-" "Mozilla/5.0 (compatible; bingbot/2.0; +http://www.bing.com/bingbot.htm)" 
85.224.106.93 - - [16/Jan/2018:02:46:17 -0800] "GET /wp-login.php HTTP/1.1" 404 295 "-" "Mozilla/5.0 (Windows NT 6.1; WOW64; rv:40.0) Gecko/20100101 Firefox/40.1" 
85.224.106.93 - - [16/Jan/2018:02:46:22 -0800] "GET /wp-login.php HTTP/1.1" 404 295 "-" "Mozilla/5.0 (Windows NT 6.1; WOW64; rv:40.0) Gecko/20100101 Firefox/40.1" 
85.224.106.93 - - [16/Jan/2018:02:46:27 -0800] "GET / HTTP/1.1" 200 37415 "-" "Mozilla/5.0 (Windows NT 6.1; WOW64; rv:40.0) Gecko/20100101 Firefox/40.1" 
216.244.66.227 - - [16/Jan/2018:02:46:54 -0800] "GET /robots.txt HTTP/1.1" 200 233 "-" "Mozilla/5.0 (compatible; DotBot/1.1; http://www.opensiteexplorer.org/dotbot, help@moz.com)" 
54.36.148.112 - - [16/Jan/2018:02:48:16 -0800] "GET /self.logs/access.log.2015-04-09.gz HTTP/1.1" 404 284 "-" "Mozilla/5.0 (compatible; AhrefsBot/5.2; +http://ahrefs.com/robot/)" 
157.55.39.43 - - [16/Jan/2018:02:48:33 -0800] "GET /self.logs/access.log.2016-12-17.gz HTTP/1.1" 404 340 "-" "Mozilla/5.0 (compatible; bingbot/2.0; +http://www.bing.com/bingbot.htm)" 
166.87.223.226 - - [16/Jan/2018:02:16:05 -0800] "GET /Security-Data-Analysis/Lab_1/conn.log.zip HTTP/1.1" 200 549098528 "http://www.secrepo.com/" "Mozilla/5.0 (Windows NT 10.0; Win64; x64; rv:57.0) Gecko/20100101 Firefox/57.0" 
54.36.148.28 - - [16/Jan/2018:02:53:04 -0800] "GET /self.logs/error.log.2015-02-04.gz HTTP/1.1" 404 284 "-" "Mozilla/5.0 (compatible; AhrefsBot/5.2; +http://ahrefs.com/robot/)" 
54.36.148.134 - - [16/Jan/2018:02:54:36 -0800] "GET /self.logs/access.log.2017-12-20.gz HTTP/1.1" 200 24798 "-" "Mozilla/5.0 (compatible; AhrefsBot/5.2; +http://ahrefs.com/robot/)" 
216.244.66.227 - - [16/Jan/2018:02:54:47 -0800] "GET /self.logs/access.log.2018-01-05.gz HTTP/1.1" 200 25232 "-" "Mozilla/5.0 (compatible; DotBot/1.1; http://www.opensiteexplorer.org/dotbot, help@moz.com)" 
61.145.213.14 - - [16/Jan/2018:02:56:21 -0800] "GET /honeypot/Honeypot%20-%20Howto.pdf HTTP/1.1" 200 1279418 "http://www.secrepo.com/" "Mozilla/5.0 (Macintosh; Intel Mac OS X 10_12_3) AppleWebKit/602.4.8 (KHTML, like Gecko) Version/10.0.3 Safari/602.4.8" 
157.55.39.91 - - [16/Jan/2018:02:57:35 -0800] "GET / HTTP/1.1" 200 11061 "-" "Mozilla/5.0 (compatible; bingbot/2.0; +http://www.bing.com/bingbot.htm)" 
40.77.167.98 - - [16/Jan/2018:02:57:52 -0800] "GET /self.logs/error.log.2016-11-14.gz HTTP/1.1" 404 340 "-" "Mozilla/5.0 (compatible; bingbot/2.0; +http://www.bing.com/bingbot.htm)" 
40.77.167.98 - - [16/Jan/2018:03:00:38 -0800] "GET /self.logs/error.log.2015-09-28.gz HTTP/1.1" 404 340 "-" "Mozilla/5.0 (compatible; bingbot/2.0; +http://www.bing.com/bingbot.htm)" 
157.55.39.91 - - [16/Jan/2018:03:01:21 -0800] "GET /self.logs/error.log.2016-06-22.gz HTTP/1.1" 404 340 "-" "Mozilla/5.0 (compatible; bingbot/2.0; +http://www.bing.com/bingbot.htm)" 
157.55.39.43 - - [16/Jan/2018:03:03:15 -0800] "GET /self.logs/access.log.2016-11-29.gz HTTP/1.1" 404 340 "-" "Mozilla/5.0 (compatible; bingbot/2.0; +http://www.bing.com/bingbot.htm)" 
40.77.167.98 - - [16/Jan/2018:03:07:19 -0800] "GET /self.logs/error.log.2015-05-12.gz HTTP/1.1" 404 340 "-" "Mozilla/5.0 (compatible; bingbot/2.0; +http://www.bing.com/bingbot.htm)" 
54.36.149.52 - - [16/Jan/2018:03:09:16 -0800] "GET /self.logs/error.log.2016-10-29.gz HTTP/1.1" 404 284 "-" "Mozilla/5.0 (compatible; AhrefsBot/5.2; +http://ahrefs.com/robot/)" 
59.64.129.110 - - [16/Jan/2018:03:09:24 -0800] "GET /favicon.ico HTTP/1.1" 200 268 "-" "Mozilla/5.0 (Windows NT 10.0; WOW64) AppleWebKit/537.36 (KHTML, like Gecko) Chrome/55.0.2883.87 Safari/537.36" 
157.55.39.43 - - [16/Jan/2018:03:18:01 -0800] "GET /self.logs/access.log.2015-04-30.gz HTTP/1.1" 404 340 "-" "Mozilla/5.0 (compatible; bingbot/2.0; +http://www.bing.com/bingbot.htm)" 
109.195.85.122 - - [16/Jan/2018:03:19:23 -0800] "GET /honeypot/BSidesDFW%20-%202014.ipynb HTTP/1.0" 200 930799 "http://www.secrepo.com/honeypot/BSidesDFW%20-%202014.ipynb" "Mozilla/5.0 (Windows NT 10.0; Win64; x64) AppleWebKit/537.36 (KHTML, like Gecko) Chrome/61.0.3163.100 Safari/537.36" 
157.55.39.91 - - [16/Jan/2018:03:21:34 -0800] "GET /self.logs/access.log.2016-09-19.gz HTTP/1.1" 404 340 "-" "Mozilla/5.0 (compatible; bingbot/2.0; +http://www.bing.com/bingbot.htm)" 
157.55.39.91 - - [16/Jan/2018:03:21:58 -0800] "GET /self.logs/access.log.2015-12-15.gz HTTP/1.1" 404 340 "-" "Mozilla/5.0 (compatible; bingbot/2.0; +http://www.bing.com/bingbot.htm)" 
37.187.118.182 - - [16/Jan/2018:03:27:23 -0800] "GET / HTTP/1.1" 301 442 "-" "Mozilla/5.0 (iPhone; U; CPU iPhone OS 5_1_1 like Mac OS X; en) AppleWebKit/534.46.0 (KHTML, like Gecko) CriOS/19.0.1084.60 Mobile/9B206 Safari/7534.48.3" 
37.187.118.182 - - [16/Jan/2018:03:27:23 -0800] "GET / HTTP/1.1" 200 37359 "-" "Mozilla/5.0 (iPhone; U; CPU iPhone OS 5_1_1 like Mac OS X; en) AppleWebKit/534.46.0 (KHTML, like Gecko) CriOS/19.0.1084.60 Mobile/9B206 Safari/7534.48.3" 
157.55.39.91 - - [16/Jan/2018:03:28:31 -0800] "GET /self.logs/access.log.2016-11-28.gz HTTP/1.1" 404 340 "-" "Mozilla/5.0 (compatible; bingbot/2.0; +http://www.bing.com/bingbot.htm)" 
157.55.39.43 - - [16/Jan/2018:03:29:18 -0800] "GET /self.logs/error.log.2015-09-02.gz HTTP/1.1" 404 340 "-" "Mozilla/5.0 (compatible; bingbot/2.0; +http://www.bing.com/bingbot.htm)" 
157.55.39.43 - - [16/Jan/2018:03:30:29 -0800] "GET /self.logs/error.log.2016-09-15.gz HTTP/1.1" 404 340 "-" "Mozilla/5.0 (compatible; bingbot/2.0; +http://www.bing.com/bingbot.htm)" 
222.28.46.154 - - [16/Jan/2018:03:32:16 -0800] "GET /favicon.ico HTTP/1.1" 200 268 "-" "Mozilla/5.0 (Windows NT 6.1; WOW64) AppleWebKit/537.36 (KHTML, like Gecko) Chrome/49.0.2623.221 Safari/537.36 SE 2.X MetaSr 1.0" 
37.201.211.225 - - [16/Jan/2018:03:34:01 -0800] "GET /wp-login.php HTTP/1.1" 404 295 "-" "Mozilla/5.0 (Windows NT 6.1; WOW64; rv:40.0) Gecko/20100101 Firefox/40.1" 
37.201.211.225 - - [16/Jan/2018:03:34:06 -0800] "GET /wp-login.php HTTP/1.1" 404 295 "-" "Mozilla/5.0 (Windows NT 6.1; WOW64; rv:40.0) Gecko/20100101 Firefox/40.1" 
37.201.211.225 - - [16/Jan/2018:03:34:11 -0800] "GET / HTTP/1.1" 200 37415 "-" "Mozilla/5.0 (Windows NT 6.1; WOW64; rv:40.0) Gecko/20100101 Firefox/40.1" 
157.55.39.43 - - [16/Jan/2018:03:34:32 -0800] "GET /self.logs/error.log.2017-05-08.gz HTTP/1.1" 200 929 "-" "Mozilla/5.0 (compatible; bingbot/2.0; +http://www.bing.com/bingbot.htm)" 
157.55.39.91 - - [16/Jan/2018:03:34:33 -0800] "GET /self.logs/access.log.2016-06-07.gz HTTP/1.1" 404 340 "-" "Mozilla/5.0 (compatible; bingbot/2.0; +http://www.bing.com/bingbot.htm)" 
157.55.39.91 - - [16/Jan/2018:03:36:34 -0800] "GET /self.logs/access.log.2015-11-03.gz HTTP/1.1" 404 340 "-" "Mozilla/5.0 (compatible; bingbot/2.0; +http://www.bing.com/bingbot.htm)" 
157.55.39.43 - - [16/Jan/2018:03:37:00 -0800] "GET /self.logs/error.log.2015-02-16.gz HTTP/1.1" 404 340 "-" "Mozilla/5.0 (compatible; bingbot/2.0; +http://www.bing.com/bingbot.htm)" 
40.77.167.98 - - [16/Jan/2018:03:37:56 -0800] "GET /self.logs/access.log.2016-04-17.gz HTTP/1.1" 404 340 "-" "Mozilla/5.0 (compatible; bingbot/2.0; +http://www.bing.com/bingbot.htm)" 
146.0.231.218 - - [16/Jan/2018:03:37:51 -0800] "GET /honeypot/BSidesDFW%20-%202014.ipynb HTTP/1.0" 200 930799 "http://www.secrepo.com/honeypot/BSidesDFW%20-%202014.ipynb" "Mozilla/5.0 (Windows NT 6.1; WOW64; rv:52.0) Gecko/20100101 Firefox/52.0" 
37.201.211.225 - - [16/Jan/2018:03:38:11 -0800] "GET /wp-login.php HTTP/1.1" 301 522 "-" "Mozilla/5.0 (Windows NT 6.1; WOW64; rv:40.0) Gecko/20100101 Firefox/40.1" 
37.201.211.225 - - [16/Jan/2018:03:38:12 -0800] "GET /wp-login.php HTTP/1.1" 404 295 "-" "Mozilla/5.0 (Windows NT 6.1; WOW64; rv:40.0) Gecko/20100101 Firefox/40.1" 
37.201.211.225 - - [16/Jan/2018:03:38:17 -0800] "GET /wp-login.php HTTP/1.1" 301 522 "-" "Mozilla/5.0 (Windows NT 6.1; WOW64; rv:40.0) Gecko/20100101 Firefox/40.1" 
37.201.211.225 - - [16/Jan/2018:03:38:17 -0800] "GET /wp-login.php HTTP/1.1" 404 295 "-" "Mozilla/5.0 (Windows NT 6.1; WOW64; rv:40.0) Gecko/20100101 Firefox/40.1" 
37.201.211.225 - - [16/Jan/2018:03:38:22 -0800] "GET / HTTP/1.1" 301 498 "-" "Mozilla/5.0 (Windows NT 6.1; WOW64; rv:40.0) Gecko/20100101 Firefox/40.1" 
37.201.211.225 - - [16/Jan/2018:03:38:23 -0800] "GET / HTTP/1.1" 200 37415 "-" "Mozilla/5.0 (Windows NT 6.1; WOW64; rv:40.0) Gecko/20100101 Firefox/40.1" 
123.63.90.41 - - [16/Jan/2018:03:38:44 -0800] "GET / HTTP/1.1" 200 11061 "-" "Mozilla/5.0 (Linux; Android 7.1.1; Lenovo K8 Plus Build/NMC26.74-31) AppleWebKit/537.36 (KHTML, like Gecko) Version/4.0 Chrome/63.0.3239.111 Mobile Safari/537.36" 
123.63.90.41 - - [16/Jan/2018:03:38:45 -0800] "GET /twitter-icon.png HTTP/1.1" 200 27787 "http://www.secrepo.com/" "Mozilla/5.0 (Linux; Android 7.1.1; Lenovo K8 Plus Build/NMC26.74-31) AppleWebKit/537.36 (KHTML, like Gecko) Version/4.0 Chrome/63.0.3239.111 Mobile Safari/537.36" 
123.63.90.41 - - [16/Jan/2018:03:38:46 -0800] "GET /GitHub-Mark.png HTTP/1.1" 200 7428 "http://www.secrepo.com/" "Mozilla/5.0 (Linux; Android 7.1.1; Lenovo K8 Plus Build/NMC26.74-31) AppleWebKit/537.36 (KHTML, like Gecko) Version/4.0 Chrome/63.0.3239.111 Mobile Safari/537.36" 
123.63.90.41 - - [16/Jan/2018:03:38:48 -0800] "GET /bootstrap/img/favicon.ico HTTP/1.1" 200 589 "http://www.secrepo.com/" "Mozilla/5.0 (Linux; Android 7.1.1; Lenovo K8 Plus Build/NMC26.74-31) AppleWebKit/537.36 (KHTML, like Gecko) Version/4.0 Chrome/63.0.3239.111 Mobile Safari/537.36" 
157.55.39.91 - - [16/Jan/2018:03:40:15 -0800] "GET /self.logs/error.log.2015-04-14.gz HTTP/1.1" 404 340 "-" "Mozilla/5.0 (compatible; bingbot/2.0; +http://www.bing.com/bingbot.htm)" 
40.77.167.98 - - [16/Jan/2018:03:42:36 -0800] "GET /self.logs/access.log.2017-01-04.gz HTTP/1.1" 200 33744 "-" "Mozilla/5.0 (compatible; bingbot/2.0; +http://www.bing.com/bingbot.htm)" 
54.36.148.231 - - [16/Jan/2018:03:44:10 -0800] "GET /self.logs/error.log.2016-04-26.gz HTTP/1.1" 404 284 "-" "Mozilla/5.0 (compatible; AhrefsBot/5.2; +http://ahrefs.com/robot/)" 
115.229.114.145 - - [16/Jan/2018:03:44:37 -0800] "GET / HTTP/1.1" 200 37359 "-" "Mozilla/5.0 (Windows NT 10.0; Win64; x64) AppleWebKit/537.36 (KHTML, like Gecko) Chrome/51.0.2704.106 Safari/537.36" 
40.77.167.56 - - [16/Jan/2018:03:45:36 -0800] "GET /self.logs/error.log.2015-10-21.gz HTTP/1.1" 404 340 "-" "Mozilla/5.0 (compatible; bingbot/2.0; +http://www.bing.com/bingbot.htm)" 
157.55.39.43 - - [16/Jan/2018:03:45:42 -0800] "GET /self.logs/error.log.2016-07-14.gz HTTP/1.1" 404 340 "-" "Mozilla/5.0 (compatible; bingbot/2.0; +http://www.bing.com/bingbot.htm)" 
37.112.229.122 - - [16/Jan/2018:03:46:34 -0800] "GET /wp-login.php HTTP/1.1" 404 295 "-" "Mozilla/5.0 (Windows NT 6.1; WOW64; rv:40.0) Gecko/20100101 Firefox/40.1" 
37.112.229.122 - - [16/Jan/2018:03:46:39 -0800] "GET /wp-login.php HTTP/1.1" 404 295 "-" "Mozilla/5.0 (Windows NT 6.1; WOW64; rv:40.0) Gecko/20100101 Firefox/40.1" 
37.112.229.122 - - [16/Jan/2018:03:46:45 -0800] "GET / HTTP/1.1" 200 37415 "-" "Mozilla/5.0 (Windows NT 6.1; WOW64; rv:40.0) Gecko/20100101 Firefox/40.1" 
54.36.149.30 - - [16/Jan/2018:03:46:50 -0800] "GET /self.logs/2016/error.log.2016-01-21.gz HTTP/1.1" 200 492 "-" "Mozilla/5.0 (compatible; AhrefsBot/5.2; +http://ahrefs.com/robot/)" 
42.236.10.81 - - [16/Jan/2018:03:49:56 -0800] "GET / HTTP/1.1" 301 483 "http://secrepo.com/" "Mozilla/5.0 (Windows NT 6.1; WOW64) AppleWebKit/537.36 (KHTML, like Gecko) Chrome/50.4.2661.102 Safari/537.36; 360Spider" 
42.236.10.80 - - [16/Jan/2018:03:49:56 -0800] "GET / HTTP/1.1" 200 11061 "http://www.secrepo.com/" "Mozilla/5.0 (Windows NT 6.1; WOW64) AppleWebKit/537.36 (KHTML, like Gecko) Chrome/50.4.2661.102 Safari/537.36; 360Spider" 
42.236.10.71 - - [16/Jan/2018:03:49:57 -0800] "GET / HTTP/1.1" 200 11061 "http://www.secrepo.com/" "Mozilla/5.0 (Windows NT 6.1; WOW64) AppleWebKit/537.36 (KHTML, like Gecko) Chrome/50.4.2661.102 Safari/537.36; 360Spider" 
42.236.99.51 - - [16/Jan/2018:03:49:57 -0800] "GET / HTTP/1.1" 200 11061 "http://www.secrepo.com/" "Mozilla/5.0 (Windows NT 6.1; WOW64) AppleWebKit/537.36 (KHTML, like Gecko) Chrome/50.0.2661.102 Safari/537.36; 360Spider" 
157.55.39.43 - - [16/Jan/2018:03:52:29 -0800] "GET /self.logs/access.log.2015-06-02.gz HTTP/1.1" 404 340 "-" "Mozilla/5.0 (compatible; bingbot/2.0; +http://www.bing.com/bingbot.htm)" 
37.187.118.182 - - [16/Jan/2018:03:57:28 -0800] "GET / HTTP/1.1" 301 442 "-" "Mozilla/5.0 (iPhone; U; CPU iPhone OS 5_1_1 like Mac OS X; en) AppleWebKit/534.46.0 (KHTML, like Gecko) CriOS/19.0.1084.60 Mobile/9B206 Safari/7534.48.3" 
37.187.118.182 - - [16/Jan/2018:03:57:28 -0800] "GET / HTTP/1.1" 200 37359 "-" "Mozilla/5.0 (iPhone; U; CPU iPhone OS 5_1_1 like Mac OS X; en) AppleWebKit/534.46.0 (KHTML, like Gecko) CriOS/19.0.1084.60 Mobile/9B206 Safari/7534.48.3" 
157.55.39.43 - - [16/Jan/2018:03:58:08 -0800] "GET /self.logs/access.log.2015-04-23.gz HTTP/1.1" 404 340 "-" "Mozilla/5.0 (compatible; bingbot/2.0; +http://www.bing.com/bingbot.htm)" 
157.55.39.91 - - [16/Jan/2018:03:59:08 -0800] "GET /self.logs/error.log.2015-06-09.gz HTTP/1.1" 404 340 "-" "Mozilla/5.0 (compatible; bingbot/2.0; +http://www.bing.com/bingbot.htm)" 
157.55.39.91 - - [16/Jan/2018:03:59:44 -0800] "GET /self.logs/access.log.2015-08-24.gz HTTP/1.1" 404 340 "-" "Mozilla/5.0 (compatible; bingbot/2.0; +http://www.bing.com/bingbot.htm)" 
157.55.39.43 - - [16/Jan/2018:04:02:06 -0800] "GET /self.logs/error.log.2016-11-11.gz HTTP/1.1" 404 340 "-" "Mozilla/5.0 (compatible; bingbot/2.0; +http://www.bing.com/bingbot.htm)" 
89.216.234.206 - - [16/Jan/2018:04:03:30 -0800] "GET /wp-login.php HTTP/1.1" 404 295 "-" "Mozilla/5.0 (Windows NT 6.1; WOW64; rv:40.0) Gecko/20100101 Firefox/40.1" 
89.216.234.206 - - [16/Jan/2018:04:03:35 -0800] "GET /wp-login.php HTTP/1.1" 404 295 "-" "Mozilla/5.0 (Windows NT 6.1; WOW64; rv:40.0) Gecko/20100101 Firefox/40.1" 
89.216.234.206 - - [16/Jan/2018:04:03:40 -0800] "GET / HTTP/1.1" 200 37415 "-" "Mozilla/5.0 (Windows NT 6.1; WOW64; rv:40.0) Gecko/20100101 Firefox/40.1" 
173.252.115.88 - - [16/Jan/2018:04:06:07 -0800] "GET /GitHub-Mark.png HTTP/1.1" 200 7428 "-" "facebookexternalhit/1.1 (+http://www.facebook.com/externalhit_uatext.php)" 
111.186.48.227 - - [16/Jan/2018:04:06:29 -0800] "GET /self.logs/ HTTP/1.1" 200 7775 "-" "Mozilla/5.0 (Macintosh; Intel Mac OS X 10_13_2) AppleWebKit/604.4.7 (KHTML, like Gecko) Version/11.0.2 Safari/604.4.7" 
111.186.48.227 - - [16/Jan/2018:04:06:30 -0800] "GET /favicon.ico HTTP/1.1" 200 268 "http://www.secrepo.com/self.logs/" "Mozilla/5.0 (Macintosh; Intel Mac OS X 10_13_2) AppleWebKit/604.4.7 (KHTML, like Gecko) Version/11.0.2 Safari/604.4.7" 
111.186.48.227 - - [16/Jan/2018:04:06:30 -0800] "GET /self.logs/access.log.2017-01-30.gz HTTP/1.1" 200 29631 "http://www.secrepo.com/self.logs/" "Mozilla/5.0 (Macintosh; Intel Mac OS X 10_13_2) AppleWebKit/604.4.7 (KHTML, like Gecko) Version/11.0.2 Safari/604.4.7" 
157.55.39.43 - - [16/Jan/2018:04:09:05 -0800] "GET /self.logs/error.log.2015-04-12.gz HTTP/1.1" 404 340 "-" "Mozilla/5.0 (compatible; bingbot/2.0; +http://www.bing.com/bingbot.htm)" 
40.77.167.98 - - [16/Jan/2018:04:09:12 -0800] "GET /self.logs/access.log.2016-02-07.gz HTTP/1.1" 404 340 "-" "Mozilla/5.0 (compatible; bingbot/2.0; +http://www.bing.com/bingbot.htm)" 
133.250.236.114 - - [16/Jan/2018:04:10:05 -0800] "GET / HTTP/1.0" 200 37415 "https://www.google.co.jp/" "Mozilla/5.0 (Windows NT 6.1; Win64; x64) AppleWebKit/537.36 (KHTML, like Gecko) Chrome/63.0.3239.108 Safari/537.36" 
133.250.236.114 - - [16/Jan/2018:04:10:06 -0800] "GET /twitter-icon.png HTTP/1.0" 200 27787 "http://www.secrepo.com/" "Mozilla/5.0 (Windows NT 6.1; Win64; x64) AppleWebKit/537.36 (KHTML, like Gecko) Chrome/63.0.3239.108 Safari/537.36" 
133.250.236.114 - - [16/Jan/2018:04:10:06 -0800] "GET /GitHub-Mark.png HTTP/1.0" 200 7428 "http://www.secrepo.com/" "Mozilla/5.0 (Windows NT 6.1; Win64; x64) AppleWebKit/537.36 (KHTML, like Gecko) Chrome/63.0.3239.108 Safari/537.36" 
133.250.236.114 - - [16/Jan/2018:04:10:07 -0800] "GET /bootstrap/img/favicon.ico HTTP/1.0" 200 589 "http://www.secrepo.com/" "Mozilla/5.0 (Windows NT 6.1; Win64; x64) AppleWebKit/537.36 (KHTML, like Gecko) Chrome/63.0.3239.108 Safari/537.36" 
157.55.39.91 - - [16/Jan/2018:04:11:14 -0800] "GET /self.logs/error.log.2015-08-08.gz HTTP/1.1" 404 340 "-" "Mozilla/5.0 (compatible; bingbot/2.0; +http://www.bing.com/bingbot.htm)" 
157.55.39.43 - - [16/Jan/2018:04:11:15 -0800] "GET /self.logs/access.log.2016-10-04.gz HTTP/1.1" 404 340 "-" "Mozilla/5.0 (compatible; bingbot/2.0; +http://www.bing.com/bingbot.htm)" 
157.55.39.91 - - [16/Jan/2018:04:11:39 -0800] "GET /self.logs/error.log.2015-02-04.gz HTTP/1.1" 404 340 "-" "Mozilla/5.0 (compatible; bingbot/2.0; +http://www.bing.com/bingbot.htm)" 
133.250.236.114 - - [16/Jan/2018:04:10:28 -0800] "GET /squid/access.log.gz HTTP/1.0" 200 23100561 "-" "Wget/1.19.1 (cygwin)" 
157.55.39.91 - - [16/Jan/2018:04:11:59 -0800] "GET /self.logs/error.log.2017-03-31.gz HTTP/1.1" 200 4108 "-" "Mozilla/5.0 (compatible; bingbot/2.0; +http://www.bing.com/bingbot.htm)" 
54.36.148.164 - - [16/Jan/2018:04:14:22 -0800] "GET /self.logs/error.log.2016-07-18.gz HTTP/1.1" 404 284 "-" "Mozilla/5.0 (compatible; AhrefsBot/5.2; +http://ahrefs.com/robot/)" 
82.244.149.134 - - [16/Jan/2018:04:15:29 -0800] "GET /favicon.ico HTTP/1.1" 200 268 "-" "Java/1.8.0_152" 
54.36.149.10 - - [16/Jan/2018:04:17:12 -0800] "GET /self.logs/error.log.2017-02-27.gz HTTP/1.1" 200 983 "-" "Mozilla/5.0 (compatible; AhrefsBot/5.2; +http://ahrefs.com/robot/)" 
157.55.39.91 - - [16/Jan/2018:04:17:16 -0800] "GET /self.logs/access.log.2015-10-27.gz HTTP/1.1" 404 340 "-" "Mozilla/5.0 (compatible; bingbot/2.0; +http://www.bing.com/bingbot.htm)" 
40.77.167.98 - - [16/Jan/2018:04:17:23 -0800] "GET /self.logs/error.log.2015-03-18.gz HTTP/1.1" 404 340 "-" "Mozilla/5.0 (compatible; bingbot/2.0; +http://www.bing.com/bingbot.htm)" 
120.56.116.52 - - [16/Jan/2018:04:19:06 -0800] "GET /wp-login.php HTTP/1.1" 404 295 "-" "Mozilla/5.0 (Windows NT 6.1; WOW64; rv:40.0) Gecko/20100101 Firefox/40.1" 
120.56.116.52 - - [16/Jan/2018:04:19:12 -0800] "GET /wp-login.php HTTP/1.1" 404 295 "-" "Mozilla/5.0 (Windows NT 6.1; WOW64; rv:40.0) Gecko/20100101 Firefox/40.1" 
157.55.39.91 - - [16/Jan/2018:04:20:32 -0800] "GET /self.logs/access.log.2015-03-30.gz HTTP/1.1" 404 340 "-" "Mozilla/5.0 (compatible; bingbot/2.0; +http://www.bing.com/bingbot.htm)" 
216.249.77.77 - - [16/Jan/2018:04:21:07 -0800] "GET / HTTP/1.1" 200 11061 "https://www.google.com/" "Mozilla/5.0 (X11; Ubuntu; Linux x86_64; rv:57.0) Gecko/20100101 Firefox/57.0" 
216.249.77.77 - - [16/Jan/2018:04:21:08 -0800] "GET /twitter-icon.png HTTP/1.1" 200 27787 "http://www.secrepo.com/" "Mozilla/5.0 (X11; Ubuntu; Linux x86_64; rv:57.0) Gecko/20100101 Firefox/57.0" 
216.249.77.77 - - [16/Jan/2018:04:21:08 -0800] "GET /GitHub-Mark.png HTTP/1.1" 200 7427 "http://www.secrepo.com/" "Mozilla/5.0 (X11; Ubuntu; Linux x86_64; rv:57.0) Gecko/20100101 Firefox/57.0" 
216.249.77.77 - - [16/Jan/2018:04:21:08 -0800] "GET /bootstrap/img/favicon.ico HTTP/1.1" 200 589 "-" "Mozilla/5.0 (X11; Ubuntu; Linux x86_64; rv:57.0) Gecko/20100101 Firefox/57.0" 
40.77.167.56 - - [16/Jan/2018:04:23:11 -0800] "GET /self.logs/access.log.2017-04-25.gz HTTP/1.1" 200 30380 "-" "Mozilla/5.0 (compatible; bingbot/2.0; +http://www.bing.com/bingbot.htm)" 
157.55.39.91 - - [16/Jan/2018:04:23:34 -0800] "GET /self.logs/access.log.2017-01-07.gz HTTP/1.1" 200 17296 "-" "Mozilla/5.0 (compatible; bingbot/2.0; +http://www.bing.com/bingbot.htm)" 
157.55.39.43 - - [16/Jan/2018:04:24:19 -0800] "GET /self.logs/error.log.2017-01-18.gz HTTP/1.1" 200 690 "-" "Mozilla/5.0 (compatible; bingbot/2.0; +http://www.bing.com/bingbot.htm)" 
157.55.39.91 - - [16/Jan/2018:04:26:00 -0800] "GET /self.logs/access.log.2017-01-14.gz HTTP/1.1" 200 10819 "-" "Mozilla/5.0 (compatible; bingbot/2.0; +http://www.bing.com/bingbot.htm)" 
54.85.182.120 - - [16/Jan/2018:04:29:27 -0800] "GET /self.logs/2016/ HTTP/1.1" 200 7704 "-" "Mozilla/5.0 (Macintosh; Intel Mac OS X 10_10_1) AppleWebKit/600.1.25 (KHTML, like Gecko) Version/8.0 Safari/600.1.25" 
54.85.182.120 - - [16/Jan/2018:04:29:29 -0800] "GET /self.logs/ HTTP/1.1" 200 7738 "-" "Mozilla/5.0 (Macintosh; Intel Mac OS X 10_10_1) AppleWebKit/600.1.25 (KHTML, like Gecko) Version/8.0 Safari/600.1.25" 
157.55.39.91 - - [16/Jan/2018:04:31:21 -0800] "GET /self.logs/access.log.2016-10-18.gz HTTP/1.1" 404 340 "-" "Mozilla/5.0 (compatible; bingbot/2.0; +http://www.bing.com/bingbot.htm)" 
40.77.167.98 - - [16/Jan/2018:04:33:41 -0800] "GET /self.logs/access.log.2016-05-29.gz HTTP/1.1" 404 340 "-" "Mozilla/5.0 (compatible; bingbot/2.0; +http://www.bing.com/bingbot.htm)" 
170.130.28.37 - - [16/Jan/2018:04:34:57 -0800] "GET //admin HTTP/1.1" 404 295 "-" "Mozilla/5.0 (X11; Linux x86_64) AppleWebKit/537.31 (KHTML, like Gecko) Chrome/26.0.1410.63 Safari/537.31" 
170.130.28.37 - - [16/Jan/2018:04:34:57 -0800] "GET / HTTP/1.1" 200 37359 "-" "Mozilla/5.0 (X11; Linux x86_64) AppleWebKit/537.31 (KHTML, like Gecko) Chrome/26.0.1410.63 Safari/537.31" 
40.77.167.98 - - [16/Jan/2018:04:35:46 -0800] "GET /self.logs/error.log.2015-05-20.gz HTTP/1.1" 404 340 "-" "Mozilla/5.0 (compatible; bingbot/2.0; +http://www.bing.com/bingbot.htm)" 
54.36.148.191 - - [16/Jan/2018:04:36:25 -0800] "GET /self.logs/access.log.2015-03-01.gz HTTP/1.1" 404 284 "-" "Mozilla/5.0 (compatible; AhrefsBot/5.2; +http://ahrefs.com/robot/)" 
40.77.167.98 - - [16/Jan/2018:04:36:47 -0800] "GET /self.logs/access.log.2017-04-11.gz HTTP/1.1" 200 32398 "-" "Mozilla/5.0 (compatible; bingbot/2.0; +http://www.bing.com/bingbot.htm)" 
109.219.148.0 - - [16/Jan/2018:04:37:28 -0800] "GET /wp-login.php HTTP/1.1" 404 295 "-" "Mozilla/5.0 (Windows NT 6.1; WOW64; rv:40.0) Gecko/20100101 Firefox/40.1" 
109.219.148.0 - - [16/Jan/2018:04:37:34 -0800] "GET /wp-login.php HTTP/1.1" 404 295 "-" "Mozilla/5.0 (Windows NT 6.1; WOW64; rv:40.0) Gecko/20100101 Firefox/40.1" 
109.219.148.0 - - [16/Jan/2018:04:37:39 -0800] "GET / HTTP/1.1" 200 37415 "-" "Mozilla/5.0 (Windows NT 6.1; WOW64; rv:40.0) Gecko/20100101 Firefox/40.1" 
109.219.148.0 - - [16/Jan/2018:04:38:39 -0800] "GET /wp-login.php HTTP/1.1" 301 522 "-" "Mozilla/5.0 (Windows NT 6.1; WOW64; rv:40.0) Gecko/20100101 Firefox/40.1" 
109.219.148.0 - - [16/Jan/2018:04:38:39 -0800] "GET /wp-login.php HTTP/1.1" 404 295 "-" "Mozilla/5.0 (Windows NT 6.1; WOW64; rv:40.0) Gecko/20100101 Firefox/40.1" 
109.219.148.0 - - [16/Jan/2018:04:38:45 -0800] "GET /wp-login.php HTTP/1.1" 301 522 "-" "Mozilla/5.0 (Windows NT 6.1; WOW64; rv:40.0) Gecko/20100101 Firefox/40.1" 
109.219.148.0 - - [16/Jan/2018:04:38:45 -0800] "GET /wp-login.php HTTP/1.1" 404 295 "-" "Mozilla/5.0 (Windows NT 6.1; WOW64; rv:40.0) Gecko/20100101 Firefox/40.1" 
109.219.148.0 - - [16/Jan/2018:04:38:50 -0800] "GET / HTTP/1.1" 301 498 "-" "Mozilla/5.0 (Windows NT 6.1; WOW64; rv:40.0) Gecko/20100101 Firefox/40.1" 
109.219.148.0 - - [16/Jan/2018:04:38:50 -0800] "GET / HTTP/1.1" 200 37415 "-" "Mozilla/5.0 (Windows NT 6.1; WOW64; rv:40.0) Gecko/20100101 Firefox/40.1" 
157.55.39.91 - - [16/Jan/2018:04:39:26 -0800] "GET /self.logs/error.log.2015-01-20.gz HTTP/1.1" 404 340 "-" "Mozilla/5.0 (compatible; bingbot/2.0; +http://www.bing.com/bingbot.htm)" 
89.216.234.206 - - [16/Jan/2018:04:39:40 -0800] "GET /wp-login.php HTTP/1.1" 301 522 "-" "Mozilla/5.0 (Windows NT 6.1; WOW64; rv:40.0) Gecko/20100101 Firefox/40.1" 
89.216.234.206 - - [16/Jan/2018:04:39:40 -0800] "GET /wp-login.php HTTP/1.1" 404 295 "-" "Mozilla/5.0 (Windows NT 6.1; WOW64; rv:40.0) Gecko/20100101 Firefox/40.1" 
89.216.234.206 - - [16/Jan/2018:04:39:45 -0800] "GET /wp-login.php HTTP/1.1" 301 522 "-" "Mozilla/5.0 (Windows NT 6.1; WOW64; rv:40.0) Gecko/20100101 Firefox/40.1" 
89.216.234.206 - - [16/Jan/2018:04:39:46 -0800] "GET /wp-login.php HTTP/1.1" 404 295 "-" "Mozilla/5.0 (Windows NT 6.1; WOW64; rv:40.0) Gecko/20100101 Firefox/40.1" 
89.216.234.206 - - [16/Jan/2018:04:39:51 -0800] "GET / HTTP/1.1" 301 498 "-" "Mozilla/5.0 (Windows NT 6.1; WOW64; rv:40.0) Gecko/20100101 Firefox/40.1" 
89.216.234.206 - - [16/Jan/2018:04:39:51 -0800] "GET / HTTP/1.1" 200 37415 "-" "Mozilla/5.0 (Windows NT 6.1; WOW64; rv:40.0) Gecko/20100101 Firefox/40.1" 
157.55.39.43 - - [16/Jan/2018:04:40:43 -0800] "GET /self.logs/access.log.2016-03-14.gz HTTP/1.1" 404 340 "-" "Mozilla/5.0 (compatible; bingbot/2.0; +http://www.bing.com/bingbot.htm)" 
134.190.190.182 - - [16/Jan/2018:04:41:19 -0800] "GET / HTTP/1.1" 200 11061 "-" "Mozilla/5.0 (Macintosh; Intel Mac OS X 10_12_6) AppleWebKit/604.4.7 (KHTML, like Gecko)" 
134.190.190.182 - - [16/Jan/2018:04:41:19 -0800] "GET /apple-touch-icon-precomposed.png HTTP/1.1" 404 340 "-" "Safari/12604.4.7.1.6 CFNetwork/811.8 Darwin/16.7.0 (x86_64)" 
134.190.190.182 - - [16/Jan/2018:04:41:19 -0800] "GET /apple-touch-icon.png HTTP/1.1" 404 339 "-" "Safari/12604.4.7.1.6 CFNetwork/811.8 Darwin/16.7.0 (x86_64)" 
134.190.190.182 - - [16/Jan/2018:04:41:19 -0800] "GET /bootstrap/img/favicon.ico HTTP/1.1" 200 589 "-" "Safari/12604.4.7.1.6 CFNetwork/811.8 Darwin/16.7.0 (x86_64)" 
134.190.190.182 - - [16/Jan/2018:04:41:19 -0800] "GET / HTTP/1.1" 200 11060 "-" "\"Mozilla/5.0 (iPhone; CPU iPhone OS 11_0 like Mac OS X) AppleWebKit/604.1.38 (KHTML, like Gecko) Version/11.0 Mobile/15A372 Safari/604.1\"" 
134.190.190.182 - - [16/Jan/2018:04:41:19 -0800] "GET /apple-touch-icon-precomposed.png HTTP/1.1" 404 339 "-" "Safari/12604.4.7.1.6 CFNetwork/811.8 Darwin/16.7.0 (x86_64)" 
134.190.190.182 - - [16/Jan/2018:04:41:20 -0800] "GET /apple-touch-icon.png HTTP/1.1" 404 339 "-" "Safari/12604.4.7.1.6 CFNetwork/811.8 Darwin/16.7.0 (x86_64)" 
134.190.190.182 - - [16/Jan/2018:04:41:20 -0800] "GET /bootstrap/img/favicon.ico HTTP/1.1" 200 589 "-" "Safari/12604.4.7.1.6 CFNetwork/811.8 Darwin/16.7.0 (x86_64)" 
40.77.167.98 - - [16/Jan/2018:04:43:18 -0800] "GET /self.logs/access.log.2015-11-09.gz HTTP/1.1" 404 340 "-" "Mozilla/5.0 (compatible; bingbot/2.0; +http://www.bing.com/bingbot.htm)" 
40.77.167.98 - - [16/Jan/2018:04:47:09 -0800] "GET /self.logs/error.log.2015-08-24.gz HTTP/1.1" 404 340 "-" "Mozilla/5.0 (compatible; bingbot/2.0; +http://www.bing.com/bingbot.htm)" 
37.187.118.182 - - [16/Jan/2018:04:51:59 -0800] "GET / HTTP/1.1" 301 442 "-" "Mozilla/5.0 (iPhone; U; CPU iPhone OS 5_1_1 like Mac OS X; en) AppleWebKit/534.46.0 (KHTML, like Gecko) CriOS/19.0.1084.60 Mobile/9B206 Safari/7534.48.3" 
37.187.118.182 - - [16/Jan/2018:04:51:59 -0800] "GET / HTTP/1.1" 200 37359 "-" "Mozilla/5.0 (iPhone; U; CPU iPhone OS 5_1_1 like Mac OS X; en) AppleWebKit/534.46.0 (KHTML, like Gecko) CriOS/19.0.1084.60 Mobile/9B206 Safari/7534.48.3" 
51.255.71.128 - - [16/Jan/2018:04:53:59 -0800] "GET /self.logs/2016/error.log.2016-03-07.gz HTTP/1.1" 200 708 "-" "Mozilla/5.0 (compatible; AhrefsBot/5.2; +http://ahrefs.com/robot/)" 
157.55.39.43 - - [16/Jan/2018:04:55:11 -0800] "GET /self.logs/error.log.2016-07-07.gz HTTP/1.1" 404 340 "-" "Mozilla/5.0 (compatible; bingbot/2.0; +http://www.bing.com/bingbot.htm)" 
197.254.14.202 - - [16/Jan/2018:04:55:17 -0800] "GET /wp-login.php HTTP/1.1" 301 522 "-" "Mozilla/5.0 (Windows NT 6.1; WOW64; rv:40.0) Gecko/20100101 Firefox/40.1" 
197.254.14.202 - - [16/Jan/2018:04:55:18 -0800] "GET /wp-login.php HTTP/1.1" 404 295 "-" "Mozilla/5.0 (Windows NT 6.1; WOW64; rv:40.0) Gecko/20100101 Firefox/40.1" 
197.254.14.202 - - [16/Jan/2018:04:55:24 -0800] "GET /wp-login.php HTTP/1.1" 301 522 "-" "Mozilla/5.0 (Windows NT 6.1; WOW64; rv:40.0) Gecko/20100101 Firefox/40.1" 
197.254.14.202 - - [16/Jan/2018:04:55:25 -0800] "GET /wp-login.php HTTP/1.1" 404 295 "-" "Mozilla/5.0 (Windows NT 6.1; WOW64; rv:40.0) Gecko/20100101 Firefox/40.1" 
197.254.14.202 - - [16/Jan/2018:04:55:30 -0800] "GET / HTTP/1.1" 301 498 "-" "Mozilla/5.0 (Windows NT 6.1; WOW64; rv:40.0) Gecko/20100101 Firefox/40.1" 
197.254.14.202 - - [16/Jan/2018:04:55:31 -0800] "GET / HTTP/1.1" 200 37415 "-" "Mozilla/5.0 (Windows NT 6.1; WOW64; rv:40.0) Gecko/20100101 Firefox/40.1" 
40.77.167.98 - - [16/Jan/2018:04:57:11 -0800] "GET /self.logs/error.log.2015-11-17.gz HTTP/1.1" 404 340 "-" "Mozilla/5.0 (compatible; bingbot/2.0; +http://www.bing.com/bingbot.htm)" 
58.60.1.108 - - [16/Jan/2018:04:57:30 -0800] "GET / HTTP/1.1" 200 11061 "-" "Mozilla/5.0 (Windows NT 10.0; WOW64) AppleWebKit/537.36 (KHTML, like Gecko) Chrome/55.0.2883.87 Safari/537.36" 
58.60.1.108 - - [16/Jan/2018:04:57:32 -0800] "GET /twitter-icon.png HTTP/1.1" 200 27787 "http://www.secrepo.com/" "Mozilla/5.0 (Windows NT 10.0; WOW64) AppleWebKit/537.36 (KHTML, like Gecko) Chrome/55.0.2883.87 Safari/537.36" 
58.60.1.108 - - [16/Jan/2018:04:57:32 -0800] "GET /GitHub-Mark.png HTTP/1.1" 200 7428 "http://www.secrepo.com/" "Mozilla/5.0 (Windows NT 10.0; WOW64) AppleWebKit/537.36 (KHTML, like Gecko) Chrome/55.0.2883.87 Safari/537.36" 
58.60.1.108 - - [16/Jan/2018:04:57:36 -0800] "GET /bootstrap/img/favicon.ico HTTP/1.1" 200 590 "http://www.secrepo.com/" "Mozilla/5.0 (Windows NT 10.0; WOW64) AppleWebKit/537.36 (KHTML, like Gecko) Chrome/55.0.2883.87 Safari/537.36" 
58.60.1.108 - - [16/Jan/2018:04:58:14 -0800] "GET /data HTTP/1.1" 404 340 "http://www.secrepo.com/" "Mozilla/5.0 (Windows NT 10.0; WOW64) AppleWebKit/537.36 (KHTML, like Gecko) Chrome/55.0.2883.87 Safari/537.36" 
58.60.1.108 - - [16/Jan/2018:04:58:14 -0800] "GET /favicon.ico HTTP/1.1" 200 267 "http://www.secrepo.com/data" "Mozilla/5.0 (Windows NT 10.0; WOW64) AppleWebKit/537.36 (KHTML, like Gecko) Chrome/55.0.2883.87 Safari/537.36" 
58.60.1.108 - - [16/Jan/2018:04:58:16 -0800] "GET /data HTTP/1.1" 404 340 "-" "Mozilla/5.0 (Windows NT 10.0; WOW64) AppleWebKit/537.36 (KHTML, like Gecko) Chrome/55.0.2883.87 Safari/537.36" 
58.60.1.108 - - [16/Jan/2018:04:58:17 -0800] "GET /favicon.ico HTTP/1.1" 200 267 "http://www.secrepo.com/data" "Mozilla/5.0 (Windows NT 10.0; WOW64) AppleWebKit/537.36 (KHTML, like Gecko) Chrome/55.0.2883.87 Safari/537.36" 
58.60.1.108 - - [16/Jan/2018:04:58:21 -0800] "GET /data HTTP/1.1" 404 340 "http://www.secrepo.com/" "Mozilla/5.0 (Windows NT 10.0; WOW64) AppleWebKit/537.36 (KHTML, like Gecko) Chrome/55.0.2883.87 Safari/537.36" 
58.60.1.108 - - [16/Jan/2018:04:58:21 -0800] "GET /favicon.ico HTTP/1.1" 200 267 "http://www.secrepo.com/data" "Mozilla/5.0 (Windows NT 10.0; WOW64) AppleWebKit/537.36 (KHTML, like Gecko) Chrome/55.0.2883.87 Safari/537.36" 
106.120.161.68 - - [16/Jan/2018:04:59:01 -0800] "GET /data HTTP/1.1" 404 284 "http://www.secrepo.com/data#" "Mozilla/4.0 (compatible; MSIE 8.0; Windows NT 6.1; Trident/4.0; SLCC2; .NET CLR 2.0.50727; .NET CLR 3.5.30729; .NET CLR 3.0.30729; Media Center PC 6.0; Tablet PC 2.0)" 
171.13.14.134 - - [16/Jan/2018:04:59:03 -0800] "GET /data HTTP/1.1" 404 295 "http://www.secrepo.com/data#" "Mozilla/4.0 (compatible; MSIE 8.0; Windows NT 6.1; Trident/4.0; SLCC2; .NET CLR 2.0.50727; .NET CLR 3.5.30729; .NET CLR 3.0.30729; Media Center PC 6.0; Tablet PC 2.0)" 
182.118.20.144 - - [16/Jan/2018:04:59:04 -0800] "GET /data HTTP/1.1" 404 295 "http://www.secrepo.com/data#" "Mozilla/4.0 (compatible; MSIE 8.0; Windows NT 6.1; Trident/4.0; SLCC2; .NET CLR 2.0.50727; .NET CLR 3.5.30729; .NET CLR 3.0.30729; Media Center PC 6.0; Tablet PC 2.0)" 
106.120.161.68 - - [16/Jan/2018:04:59:13 -0800] "GET / HTTP/1.1" 200 37404 "http://www.secrepo.com/#about" "Mozilla/4.0 (compatible; MSIE 8.0; Windows NT 6.1; Trident/4.0; SLCC2; .NET CLR 2.0.50727; .NET CLR 3.5.30729; .NET CLR 3.0.30729; Media Center PC 6.0; Tablet PC 2.0)" 
220.181.132.197 - - [16/Jan/2018:04:59:31 -0800] "GET / HTTP/1.1" 200 11061 "-" "Mozilla/5.0 (Windows NT 6.1) AppleWebKit/537.36 (KHTML, like Gecko) Chrome/36.0.1985.125 Safari/537.36" 
182.118.20.149 - - [16/Jan/2018:04:59:45 -0800] "GET /data HTTP/1.1" 404 340 "-" "Mozilla/5.0 (Windows NT 6.1) AppleWebKit/537.36 (KHTML, like Gecko) Chrome/36.0.1985.125 Safari/537.36" 
182.118.20.155 - - [16/Jan/2018:05:00:18 -0800] "GET /data HTTP/1.1" 404 340 "-" "Mozilla/5.0 (Windows NT 6.1) AppleWebKit/537.36 (KHTML, like Gecko) Chrome/36.0.1985.125 Safari/537.36" 
157.55.39.91 - - [16/Jan/2018:05:00:39 -0800] "GET /self.logs/error.log.2015-05-18.gz HTTP/1.1" 404 340 "-" "Mozilla/5.0 (compatible; bingbot/2.0; +http://www.bing.com/bingbot.htm)" 
66.249.83.158 - - [16/Jan/2018:05:03:38 -0800] "GET / HTTP/1.1" 200 11061 "-" "Mozilla/5.0 (X11; Linux x86_64) AppleWebKit/537.36 (KHTML, like Gecko) Chrome/49.0.2623.75 Safari/537.36 Google Favicon" 
66.249.83.129 - - [16/Jan/2018:05:03:38 -0800] "GET /bootstrap/img/favicon.ico HTTP/1.1" 200 590 "-" "Mozilla/5.0 (X11; Linux x86_64) AppleWebKit/537.36 (KHTML, like Gecko) Chrome/49.0.2623.75 Safari/537.36 Google Favicon" 
182.187.4.13 - - [16/Jan/2018:05:05:32 -0800] "GET /wp-login.php HTTP/1.1" 404 295 "-" "Mozilla/5.0 (Windows NT 6.1; WOW64; rv:40.0) Gecko/20100101 Firefox/40.1" 
182.187.4.13 - - [16/Jan/2018:05:05:38 -0800] "GET /wp-login.php HTTP/1.1" 404 295 "-" "Mozilla/5.0 (Windows NT 6.1; WOW64; rv:40.0) Gecko/20100101 Firefox/40.1" 
182.187.4.13 - - [16/Jan/2018:05:05:44 -0800] "GET / HTTP/1.1" 200 37415 "-" "Mozilla/5.0 (Windows NT 6.1; WOW64; rv:40.0) Gecko/20100101 Firefox/40.1" 
120.221.0.34 - - [16/Jan/2018:05:06:19 -0800] "GET /honeypot/Honeypot%20-%20Howto.pdf HTTP/1.1" 304 131 "-" "Mozilla/5.0 Gecko/20100115 Firefox/3.6" 
120.221.1.28 - - [16/Jan/2018:05:13:04 -0800] "GET /maccdc2012/files.log.gz HTTP/1.1" 304 155 "-" "Mozilla/5.0 Gecko/20100115 Firefox/3.6" 
40.77.167.98 - - [16/Jan/2018:05:16:00 -0800] "GET /self.logs/error.log.2015-12-12.gz HTTP/1.1" 404 340 "-" "Mozilla/5.0 (compatible; bingbot/2.0; +http://www.bing.com/bingbot.htm)" 
157.55.39.91 - - [16/Jan/2018:05:17:15 -0800] "GET /self.logs/error.log.2015-05-05.gz HTTP/1.1" 404 340 "-" "Mozilla/5.0 (compatible; bingbot/2.0; +http://www.bing.com/bingbot.htm)" 
46.246.1.236 - - [16/Jan/2018:05:19:33 -0800] "GET / HTTP/1.1" 301 483 "-" "Mozilla/5.0 (Windows NT 10.0; Win64; x64; rv:58.0) Gecko/20100101 Firefox/58.0" 
46.246.1.236 - - [16/Jan/2018:05:19:33 -0800] "GET / HTTP/1.1" 200 11061 "-" "Mozilla/5.0 (Windows NT 10.0; Win64; x64; rv:58.0) Gecko/20100101 Firefox/58.0" 
46.246.1.236 - - [16/Jan/2018:05:19:33 -0800] "GET /twitter-icon.png HTTP/1.1" 200 27787 "http://www.secrepo.com/" "Mozilla/5.0 (Windows NT 10.0; Win64; x64; rv:58.0) Gecko/20100101 Firefox/58.0" 
46.246.1.236 - - [16/Jan/2018:05:19:33 -0800] "GET /GitHub-Mark.png HTTP/1.1" 200 7428 "http://www.secrepo.com/" "Mozilla/5.0 (Windows NT 10.0; Win64; x64; rv:58.0) Gecko/20100101 Firefox/58.0" 
46.246.1.236 - - [16/Jan/2018:05:19:33 -0800] "GET /bootstrap/img/favicon.ico HTTP/1.1" 200 589 "-" "Mozilla/5.0 (Windows NT 10.0; Win64; x64; rv:58.0) Gecko/20100101 Firefox/58.0" 
54.36.149.51 - - [16/Jan/2018:05:20:23 -0800] "GET /self.logs/2015/error.log.2015-09-07.gz HTTP/1.1" 200 660 "-" "Mozilla/5.0 (compatible; AhrefsBot/5.2; +http://ahrefs.com/robot/)" 
82.212.112.76 - - [16/Jan/2018:05:22:49 -0800] "GET / HTTP/1.1" 200 11061 "-" "Mozilla/5.0 (Windows NT 6.1) AppleWebKit/537.36 (KHTML, like Gecko) Chrome/63.0.3239.132 Safari/537.36" 
82.212.112.76 - - [16/Jan/2018:05:22:59 -0800] "GET /twitter-icon.png HTTP/1.1" 200 27788 "http://www.secrepo.com/" "Mozilla/5.0 (Windows NT 6.1) AppleWebKit/537.36 (KHTML, like Gecko) Chrome/63.0.3239.132 Safari/537.36" 
82.212.112.76 - - [16/Jan/2018:05:22:59 -0800] "GET /GitHub-Mark.png HTTP/1.1" 200 7428 "http://www.secrepo.com/" "Mozilla/5.0 (Windows NT 6.1) AppleWebKit/537.36 (KHTML, like Gecko) Chrome/63.0.3239.132 Safari/537.36" 
82.212.112.76 - - [16/Jan/2018:05:23:09 -0800] "GET /bootstrap/img/favicon.ico HTTP/1.1" 200 590 "http://www.secrepo.com/" "Mozilla/5.0 (Windows NT 6.1) AppleWebKit/537.36 (KHTML, like Gecko) Chrome/63.0.3239.132 Safari/537.36" 
216.249.77.77 - - [16/Jan/2018:05:25:28 -0800] "GET /Security-Data-Analysis/Lab_1/conn.log.zip HTTP/1.1" 200 4801628 "http://www.secrepo.com/" "Mozilla/5.0 (X11; Ubuntu; Linux x86_64; rv:57.0) Gecko/20100101 Firefox/57.0" 
122.172.49.157 - - [16/Jan/2018:05:27:28 -0800] "GET / HTTP/1.1" 200 11061 "https://www.google.co.in/" "Mozilla/5.0 (Macintosh; Intel Mac OS X 10_13_2) AppleWebKit/537.36 (KHTML, like Gecko) Chrome/63.0.3239.132 Safari/537.36" 
122.172.49.157 - - [16/Jan/2018:05:27:28 -0800] "GET /twitter-icon.png HTTP/1.1" 200 27787 "http://www.secrepo.com/" "Mozilla/5.0 (Macintosh; Intel Mac OS X 10_13_2) AppleWebKit/537.36 (KHTML, like Gecko) Chrome/63.0.3239.132 Safari/537.36" 
122.172.49.157 - - [16/Jan/2018:05:27:28 -0800] "GET /GitHub-Mark.png HTTP/1.1" 200 7428 "http://www.secrepo.com/" "Mozilla/5.0 (Macintosh; Intel Mac OS X 10_13_2) AppleWebKit/537.36 (KHTML, like Gecko) Chrome/63.0.3239.132 Safari/537.36" 
122.172.49.157 - - [16/Jan/2018:05:27:31 -0800] "GET /bootstrap/img/favicon.ico HTTP/1.1" 200 590 "http://www.secrepo.com/" "Mozilla/5.0 (Macintosh; Intel Mac OS X 10_13_2) AppleWebKit/537.36 (KHTML, like Gecko) Chrome/63.0.3239.132 Safari/537.36" 
157.55.39.43 - - [16/Jan/2018:05:29:27 -0800] "GET /self.logs/access.log.2016-04-06.gz HTTP/1.1" 404 340 "-" "Mozilla/5.0 (compatible; bingbot/2.0; +http://www.bing.com/bingbot.htm)" 
40.77.167.98 - - [16/Jan/2018:05:30:17 -0800] "GET /self.logs/access.log.2016-02-26.gz HTTP/1.1" 404 340 "-" "Mozilla/5.0 (compatible; bingbot/2.0; +http://www.bing.com/bingbot.htm)" 
40.77.167.98 - - [16/Jan/2018:05:30:47 -0800] "GET /self.logs/error.log.2015-02-26.gz HTTP/1.1" 404 340 "-" "Mozilla/5.0 (compatible; bingbot/2.0; +http://www.bing.com/bingbot.htm)" 
54.36.149.11 - - [16/Jan/2018:05:30:58 -0800] "GET /self.logs/error.log.2016-11-12.gz HTTP/1.1" 404 284 "-" "Mozilla/5.0 (compatible; AhrefsBot/5.2; +http://ahrefs.com/robot/)" 
129.55.200.20 - - [16/Jan/2018:05:32:10 -0800] "GET /bootstrap/img/favicon.ico HTTP/1.1" 200 590 "-" "Mozilla/5.0 (Macintosh; Intel Mac OS X 10.12; rv:52.0) Gecko/20100101 Firefox/52.0" 
157.55.39.43 - - [16/Jan/2018:05:33:24 -0800] "GET /self.logs/error.log.2016-02-12.gz HTTP/1.1" 404 340 "-" "Mozilla/5.0 (compatible; bingbot/2.0; +http://www.bing.com/bingbot.htm)" 
157.55.39.91 - - [16/Jan/2018:05:34:02 -0800] "GET /self.logs/access.log.2016-05-16.gz HTTP/1.1" 404 340 "-" "Mozilla/5.0 (compatible; bingbot/2.0; +http://www.bing.com/bingbot.htm)" 
157.55.39.43 - - [16/Jan/2018:05:35:09 -0800] "GET /self.logs/error.log.2015-02-11.gz HTTP/1.1" 404 340 "-" "Mozilla/5.0 (compatible; bingbot/2.0; +http://www.bing.com/bingbot.htm)" 
157.55.39.43 - - [16/Jan/2018:05:35:19 -0800] "GET /self.logs/error.log.2015-03-28.gz HTTP/1.1" 404 340 "-" "Mozilla/5.0 (compatible; bingbot/2.0; +http://www.bing.com/bingbot.htm)" 
40.77.167.98 - - [16/Jan/2018:05:36:13 -0800] "GET /self.logs/access.log.2016-01-24.gz HTTP/1.1" 404 340 "-" "Mozilla/5.0 (compatible; bingbot/2.0; +http://www.bing.com/bingbot.htm)" 
123.125.67.162 - - [16/Jan/2018:05:37:19 -0800] "GET /robots.txt HTTP/1.1" 200 297 "-" "Mozilla/5.0 (Windows NT 10.0; WOW64) AppleWebKit/537.36 (KHTML, like Gecko) Chrome/45.0.2454.93 Safari/537.36" 
109.64.169.151 - - [16/Jan/2018:05:38:21 -0800] "GET /wp-login.php HTTP/1.1" 404 295 "-" "Mozilla/5.0 (Windows NT 6.1; WOW64; rv:40.0) Gecko/20100101 Firefox/40.1" 
109.64.169.151 - - [16/Jan/2018:05:38:26 -0800] "GET /wp-login.php HTTP/1.1" 404 295 "-" "Mozilla/5.0 (Windows NT 6.1; WOW64; rv:40.0) Gecko/20100101 Firefox/40.1" 
109.64.169.151 - - [16/Jan/2018:05:38:31 -0800] "GET / HTTP/1.1" 200 37415 "-" "Mozilla/5.0 (Windows NT 6.1; WOW64; rv:40.0) Gecko/20100101 Firefox/40.1" 
109.64.169.151 - - [16/Jan/2018:05:39:07 -0800] "GET /wp-login.php HTTP/1.1" 301 522 "-" "Mozilla/5.0 (Windows NT 6.1; WOW64; rv:40.0) Gecko/20100101 Firefox/40.1" 
109.64.169.151 - - [16/Jan/2018:05:39:07 -0800] "GET /wp-login.php HTTP/1.1" 404 295 "-" "Mozilla/5.0 (Windows NT 6.1; WOW64; rv:40.0) Gecko/20100101 Firefox/40.1" 
109.64.169.151 - - [16/Jan/2018:05:39:12 -0800] "GET /wp-login.php HTTP/1.1" 301 522 "-" "Mozilla/5.0 (Windows NT 6.1; WOW64; rv:40.0) Gecko/20100101 Firefox/40.1" 
109.64.169.151 - - [16/Jan/2018:05:39:13 -0800] "GET /wp-login.php HTTP/1.1" 404 295 "-" "Mozilla/5.0 (Windows NT 6.1; WOW64; rv:40.0) Gecko/20100101 Firefox/40.1" 
109.64.169.151 - - [16/Jan/2018:05:39:18 -0800] "GET / HTTP/1.1" 301 498 "-" "Mozilla/5.0 (Windows NT 6.1; WOW64; rv:40.0) Gecko/20100101 Firefox/40.1" 
109.64.169.151 - - [16/Jan/2018:05:39:18 -0800] "GET / HTTP/1.1" 200 37415 "-" "Mozilla/5.0 (Windows NT 6.1; WOW64; rv:40.0) Gecko/20100101 Firefox/40.1" 
220.181.108.96 - - [16/Jan/2018:05:40:38 -0800] "GET /bootstrap/img/favicon.ico HTTP/1.1" 200 553 "-" "Mozilla/5.0 (compatible; Baiduspider/2.0; +http://www.baidu.com/search/spider.html)" 
216.244.66.227 - - [16/Jan/2018:05:41:16 -0800] "GET /robots.txt HTTP/1.1" 200 233 "-" "Mozilla/5.0 (compatible; DotBot/1.1; http://www.opensiteexplorer.org/dotbot, help@moz.com)" 
58.60.1.28 - - [16/Jan/2018:05:42:52 -0800] "GET / HTTP/1.1" 200 11061 "-" "Mozilla/5.0 (Windows NT 10.0; WOW64) AppleWebKit/537.36 (KHTML, like Gecko) Chrome/63.0.3239.84 Safari/537.36" 
