12.245.214.250 - - [07/Mar/2018:10:01:59 -0800] "GET /self.logs/access.log.2015-04-25.gz HTTP/1.1" 404 340 "-" "python-requests/2.18.4" 
12.245.214.250 - - [07/Mar/2018:10:01:59 -0800] "GET /self.logs/access.log.2015-04-26.gz HTTP/1.1" 404 340 "-" "python-requests/2.18.4" 
12.245.214.250 - - [07/Mar/2018:10:02:00 -0800] "GET /self.logs/access.log.2015-04-27.gz HTTP/1.1" 404 340 "-" "python-requests/2.18.4" 
12.245.214.250 - - [07/Mar/2018:10:02:00 -0800] "GET /self.logs/access.log.2015-04-28.gz HTTP/1.1" 404 340 "-" "python-requests/2.18.4" 
12.245.214.250 - - [07/Mar/2018:10:02:00 -0800] "GET /self.logs/access.log.2015-04-29.gz HTTP/1.1" 404 340 "-" "python-requests/2.18.4" 
12.245.214.250 - - [07/Mar/2018:10:02:00 -0800] "GET /self.logs/access.log.2015-04-30.gz HTTP/1.1" 404 340 "-" "python-requests/2.18.4" 
12.245.214.250 - - [07/Mar/2018:10:02:00 -0800] "GET /self.logs/access.log.2015-05-01.gz HTTP/1.1" 404 340 "-" "python-requests/2.18.4" 
12.245.214.250 - - [07/Mar/2018:10:02:00 -0800] "GET /self.logs/access.log.2015-05-02.gz HTTP/1.1" 404 340 "-" "python-requests/2.18.4" 
12.245.214.250 - - [07/Mar/2018:10:02:00 -0800] "GET /self.logs/access.log.2015-05-03.gz HTTP/1.1" 404 340 "-" "python-requests/2.18.4" 
12.245.214.250 - - [07/Mar/2018:10:02:01 -0800] "GET /self.logs/access.log.2015-05-04.gz HTTP/1.1" 404 340 "-" "python-requests/2.18.4" 
12.245.214.250 - - [07/Mar/2018:10:02:01 -0800] "GET /self.logs/access.log.2015-05-05.gz HTTP/1.1" 404 340 "-" "python-requests/2.18.4" 
12.245.214.250 - - [07/Mar/2018:10:02:01 -0800] "GET /self.logs/access.log.2015-05-06.gz HTTP/1.1" 404 340 "-" "python-requests/2.18.4" 
12.245.214.250 - - [07/Mar/2018:10:02:01 -0800] "GET /self.logs/access.log.2015-05-07.gz HTTP/1.1" 404 340 "-" "python-requests/2.18.4" 
12.245.214.250 - - [07/Mar/2018:10:02:01 -0800] "GET /self.logs/access.log.2015-05-08.gz HTTP/1.1" 404 340 "-" "python-requests/2.18.4" 
12.245.214.250 - - [07/Mar/2018:10:02:01 -0800] "GET /self.logs/access.log.2015-05-09.gz HTTP/1.1" 404 340 "-" "python-requests/2.18.4" 
12.245.214.250 - - [07/Mar/2018:10:02:02 -0800] "GET /self.logs/access.log.2015-05-10.gz HTTP/1.1" 404 340 "-" "python-requests/2.18.4" 
12.245.214.250 - - [07/Mar/2018:10:02:02 -0800] "GET /self.logs/access.log.2015-05-11.gz HTTP/1.1" 404 340 "-" "python-requests/2.18.4" 
12.245.214.250 - - [07/Mar/2018:10:02:02 -0800] "GET /self.logs/access.log.2015-05-12.gz HTTP/1.1" 404 340 "-" "python-requests/2.18.4" 
12.245.214.250 - - [07/Mar/2018:10:02:02 -0800] "GET /self.logs/access.log.2015-05-13.gz HTTP/1.1" 404 340 "-" "python-requests/2.18.4" 
12.245.214.250 - - [07/Mar/2018:10:02:02 -0800] "GET /self.logs/access.log.2015-05-14.gz HTTP/1.1" 404 340 "-" "python-requests/2.18.4" 
12.245.214.250 - - [07/Mar/2018:10:02:02 -0800] "GET /self.logs/access.log.2015-05-15.gz HTTP/1.1" 404 340 "-" "python-requests/2.18.4" 
12.245.214.250 - - [07/Mar/2018:10:02:02 -0800] "GET /self.logs/access.log.2015-05-16.gz HTTP/1.1" 404 340 "-" "python-requests/2.18.4" 
12.245.214.250 - - [07/Mar/2018:10:02:03 -0800] "GET /self.logs/access.log.2015-05-17.gz HTTP/1.1" 404 340 "-" "python-requests/2.18.4" 
12.245.214.250 - - [07/Mar/2018:10:02:03 -0800] "GET /self.logs/access.log.2015-05-18.gz HTTP/1.1" 404 340 "-" "python-requests/2.18.4" 
12.245.214.250 - - [07/Mar/2018:10:02:03 -0800] "GET /self.logs/access.log.2015-05-19.gz HTTP/1.1" 404 340 "-" "python-requests/2.18.4" 
100.43.85.128 - - [07/Mar/2018:10:04:13 -0800] "GET /robots.txt HTTP/1.1" 200 289 "-" "Mozilla/5.0 (compatible; YandexBot/3.0; +http://yandex.com/bots)" 
100.43.85.128 - - [07/Mar/2018:10:04:17 -0800] "GET /bootstrap/img/favicon.ico HTTP/1.1" 200 590 "-" "Mozilla/5.0 (compatible; YandexBot/3.0; +http://yandex.com/bots)" 
216.244.66.227 - - [07/Mar/2018:10:07:19 -0800] "GET /self.logs/access.log.2015-03-20.gz HTTP/1.1" 404 239 "-" "Mozilla/5.0 (compatible; DotBot/1.1; http://www.opensiteexplorer.org/dotbot, help@moz.com)" 
216.244.66.227 - - [07/Mar/2018:10:07:25 -0800] "GET /self.logs/access.log.2015-10-02.gz HTTP/1.1" 404 239 "-" "Mozilla/5.0 (compatible; DotBot/1.1; http://www.opensiteexplorer.org/dotbot, help@moz.com)" 
216.244.66.227 - - [07/Mar/2018:10:07:26 -0800] "GET /self.logs/access.log.2015-10-04.gz HTTP/1.1" 404 239 "-" "Mozilla/5.0 (compatible; DotBot/1.1; http://www.opensiteexplorer.org/dotbot, help@moz.com)" 
216.244.66.227 - - [07/Mar/2018:10:07:27 -0800] "GET /self.logs/access.log.2016-12-20.gz HTTP/1.1" 404 239 "-" "Mozilla/5.0 (compatible; DotBot/1.1; http://www.opensiteexplorer.org/dotbot, help@moz.com)" 
216.244.66.227 - - [07/Mar/2018:10:07:29 -0800] "GET /self.logs/error.log.2015-04-12.gz HTTP/1.1" 404 239 "-" "Mozilla/5.0 (compatible; DotBot/1.1; http://www.opensiteexplorer.org/dotbot, help@moz.com)" 
216.244.66.227 - - [07/Mar/2018:10:07:30 -0800] "GET /self.logs/error.log.2015-06-11.gz HTTP/1.1" 404 239 "-" "Mozilla/5.0 (compatible; DotBot/1.1; http://www.opensiteexplorer.org/dotbot, help@moz.com)" 
216.244.66.227 - - [07/Mar/2018:10:07:31 -0800] "GET /self.logs/error.log.2015-11-01.gz HTTP/1.1" 404 239 "-" "Mozilla/5.0 (compatible; DotBot/1.1; http://www.opensiteexplorer.org/dotbot, help@moz.com)" 
216.244.66.227 - - [07/Mar/2018:10:07:33 -0800] "GET /self.logs/error.log.2016-07-04.gz HTTP/1.1" 404 239 "-" "Mozilla/5.0 (compatible; DotBot/1.1; http://www.opensiteexplorer.org/dotbot, help@moz.com)" 
216.244.66.227 - - [07/Mar/2018:10:07:34 -0800] "GET /self.logs/error.log.2016-12-02.gz HTTP/1.1" 404 239 "-" "Mozilla/5.0 (compatible; DotBot/1.1; http://www.opensiteexplorer.org/dotbot, help@moz.com)" 
123.125.67.157 - - [07/Mar/2018:10:09:54 -0800] "GET /robots.txt HTTP/1.1" 301 465 "-" "Mozilla/5.0 (Macintosh; Intel Mac OS X 10_13_1) AppleWebKit/537.36 (KHTML, like Gecko) Chrome/61.0.3163.100 Safari/537.36" 
123.125.67.226 - - [07/Mar/2018:10:09:59 -0800] "GET /robots.txt HTTP/1.1" 200 297 "-" "Mozilla/5.0 (Macintosh; Intel Mac OS X 10_13_1) AppleWebKit/537.36 (KHTML, like Gecko) Chrome/61.0.3163.100 Safari/537.36" 
100.43.85.128 - - [07/Mar/2018:10:16:58 -0800] "GET /honeypot/Honeypot%20-%20Howto.pdf HTTP/1.1" 200 1279418 "-" "Mozilla/5.0 (compatible; YandexBot/3.0; +http://yandex.com/bots)" 
52.168.161.70 - - [07/Mar/2018:10:23:24 -0800] "HEAD / HTTP/1.1" 301 253 "https://www.google.com/" "Mozilla/5.0 (compatible; epicbot; +http://www.epictions.com/epicbot)" 
52.168.161.70 - - [07/Mar/2018:10:23:24 -0800] "HEAD / HTTP/1.1" 301 253 "https://www.google.com/" "Mozilla/5.0 (compatible; epicbot; +http://www.epictions.com/epicbot)" 
52.168.161.70 - - [07/Mar/2018:10:23:24 -0800] "HEAD / HTTP/1.1" 301 253 "https://www.google.com/" "Mozilla/5.0 (compatible; epicbot; +http://www.epictions.com/epicbot)" 
52.168.161.70 - - [07/Mar/2018:10:23:24 -0800] "HEAD / HTTP/1.1" 301 253 "https://www.google.com/" "Mozilla/5.0 (compatible; epicbot; +http://www.epictions.com/epicbot)" 
52.168.161.70 - - [07/Mar/2018:10:23:24 -0800] "HEAD / HTTP/1.1" 301 253 "https://www.google.com/" "Mozilla/5.0 (compatible; epicbot; +http://www.epictions.com/epicbot)" 
52.168.161.70 - - [07/Mar/2018:10:23:39 -0800] "HEAD / HTTP/1.1" 301 253 "https://www.google.com/" "Mozilla/5.0 (compatible; epicbot; +http://www.epictions.com/epicbot)" 
52.168.161.70 - - [07/Mar/2018:10:23:39 -0800] "HEAD / HTTP/1.1" 301 253 "https://www.google.com/" "Mozilla/5.0 (compatible; epicbot; +http://www.epictions.com/epicbot)" 
52.168.161.70 - - [07/Mar/2018:10:23:39 -0800] "HEAD / HTTP/1.1" 301 253 "https://www.google.com/" "Mozilla/5.0 (compatible; epicbot; +http://www.epictions.com/epicbot)" 
52.168.161.70 - - [07/Mar/2018:10:23:39 -0800] "HEAD / HTTP/1.1" 301 253 "https://www.google.com/" "Mozilla/5.0 (compatible; epicbot; +http://www.epictions.com/epicbot)" 
52.168.161.70 - - [07/Mar/2018:10:23:39 -0800] "HEAD / HTTP/1.1" 301 253 "https://www.google.com/" "Mozilla/5.0 (compatible; epicbot; +http://www.epictions.com/epicbot)" 
52.168.161.70 - - [07/Mar/2018:10:23:39 -0800] "HEAD / HTTP/1.1" 301 253 "https://www.google.com/" "Mozilla/5.0 (compatible; epicbot; +http://www.epictions.com/epicbot)" 
52.168.161.70 - - [07/Mar/2018:10:23:42 -0800] "HEAD / HTTP/1.1" 301 253 "https://www.google.com/" "Mozilla/5.0 (compatible; epicbot; +http://www.epictions.com/epicbot)" 
52.168.161.70 - - [07/Mar/2018:10:23:42 -0800] "HEAD / HTTP/1.1" 301 253 "https://www.google.com/" "Mozilla/5.0 (compatible; epicbot; +http://www.epictions.com/epicbot)" 
52.168.161.70 - - [07/Mar/2018:10:23:42 -0800] "HEAD / HTTP/1.1" 301 253 "https://www.google.com/" "Mozilla/5.0 (compatible; epicbot; +http://www.epictions.com/epicbot)" 
52.168.161.70 - - [07/Mar/2018:10:23:42 -0800] "HEAD / HTTP/1.1" 301 253 "https://www.google.com/" "Mozilla/5.0 (compatible; epicbot; +http://www.epictions.com/epicbot)" 
216.244.66.227 - - [07/Mar/2018:10:28:17 -0800] "GET /robots.txt HTTP/1.1" 200 233 "-" "Mozilla/5.0 (compatible; DotBot/1.1; http://www.opensiteexplorer.org/dotbot, help@moz.com)" 
52.168.161.70 - - [07/Mar/2018:10:32:59 -0800] "HEAD / HTTP/1.1" 200 282 "https://www.google.com/" "Mozilla/5.0 (compatible; epicbot; +http://www.epictions.com/epicbot)" 
52.168.161.70 - - [07/Mar/2018:10:33:40 -0800] "HEAD / HTTP/1.1" 200 282 "https://www.google.com/" "Mozilla/5.0 (compatible; epicbot; +http://www.epictions.com/epicbot)" 
52.168.161.70 - - [07/Mar/2018:10:33:40 -0800] "HEAD / HTTP/1.1" 200 282 "https://www.google.com/" "Mozilla/5.0 (compatible; epicbot; +http://www.epictions.com/epicbot)" 
216.244.66.227 - - [07/Mar/2018:10:36:42 -0800] "GET /self.logs/access.log.2015-03-30.gz HTTP/1.1" 404 239 "-" "Mozilla/5.0 (compatible; DotBot/1.1; http://www.opensiteexplorer.org/dotbot, help@moz.com)" 
216.244.66.227 - - [07/Mar/2018:10:36:43 -0800] "GET /self.logs/access.log.2016-03-31.gz HTTP/1.1" 404 239 "-" "Mozilla/5.0 (compatible; DotBot/1.1; http://www.opensiteexplorer.org/dotbot, help@moz.com)" 
216.244.66.227 - - [07/Mar/2018:10:36:45 -0800] "GET /self.logs/access.log.2016-10-05.gz HTTP/1.1" 404 239 "-" "Mozilla/5.0 (compatible; DotBot/1.1; http://www.opensiteexplorer.org/dotbot, help@moz.com)" 
216.244.66.227 - - [07/Mar/2018:10:36:47 -0800] "GET /self.logs/error.log.2015-05-23.gz HTTP/1.1" 404 239 "-" "Mozilla/5.0 (compatible; DotBot/1.1; http://www.opensiteexplorer.org/dotbot, help@moz.com)" 
216.244.66.227 - - [07/Mar/2018:10:36:49 -0800] "GET /self.logs/error.log.2015-05-29.gz HTTP/1.1" 404 239 "-" "Mozilla/5.0 (compatible; DotBot/1.1; http://www.opensiteexplorer.org/dotbot, help@moz.com)" 
94.54.238.29 - - [07/Mar/2018:10:42:06 -0800] "GET / HTTP/1.1" 200 11061 "-" "Mozilla/5.0 (Windows NT 10.0; Win64; x64) AppleWebKit/537.36 (KHTML, like Gecko) Chrome/64.0.3282.186 Safari/537.36" 
94.54.238.29 - - [07/Mar/2018:10:42:07 -0800] "GET /GitHub-Mark.png HTTP/1.1" 200 7428 "http://www.secrepo.com/" "Mozilla/5.0 (Windows NT 10.0; Win64; x64) AppleWebKit/537.36 (KHTML, like Gecko) Chrome/64.0.3282.186 Safari/537.36" 
94.54.238.29 - - [07/Mar/2018:10:42:07 -0800] "GET /twitter-icon.png HTTP/1.1" 200 27787 "http://www.secrepo.com/" "Mozilla/5.0 (Windows NT 10.0; Win64; x64) AppleWebKit/537.36 (KHTML, like Gecko) Chrome/64.0.3282.186 Safari/537.36" 
66.249.83.82 - - [07/Mar/2018:10:48:57 -0800] "GET / HTTP/1.1" 200 11061 "-" "Mozilla/5.0 (X11; Linux x86_64) AppleWebKit/537.36 (KHTML, like Gecko) Chrome/49.0.2623.75 Safari/537.36 Google Favicon" 
66.249.83.83 - - [07/Mar/2018:10:48:58 -0800] "GET /bootstrap/img/favicon.ico HTTP/1.1" 200 590 "-" "Mozilla/5.0 (X11; Linux x86_64) AppleWebKit/537.36 (KHTML, like Gecko) Chrome/49.0.2623.75 Safari/537.36 Google Favicon" 
52.165.148.51 - - [07/Mar/2018:10:49:43 -0800] "GET / HTTP/1.1" 301 446 "-" "Mozilla/5.0 (Windows NT 6.1; Win64; x64) AppleWebKit/537.36 (KHTML, like Gecko) Chrome/62.0.3202.94 Safari/537.36" 
102.181.194.40 - - [07/Mar/2018:10:49:55 -0800] "GET /maccdc2012/dns.log.gz HTTP/1.1" 304 154 "-" "Mozilla/5.0 Gecko/20100115 Firefox/3.6" 
113.171.224.176 - - [07/Mar/2018:10:51:39 -0800] "GET /honeypot/Honeypot%20-%20Howto.pdf HTTP/1.1" 200 46720 "-" "Mozilla/5.0 Gecko/20100115 Firefox/3.6" 
216.244.66.227 - - [07/Mar/2018:10:52:45 -0800] "GET /self.logs/access.log.2015-03-30.gz HTTP/1.1" 404 239 "-" "Mozilla/5.0 (compatible; DotBot/1.1; http://www.opensiteexplorer.org/dotbot, help@moz.com)" 
216.244.66.227 - - [07/Mar/2018:10:52:47 -0800] "GET /self.logs/access.log.2016-03-31.gz HTTP/1.1" 404 239 "-" "Mozilla/5.0 (compatible; DotBot/1.1; http://www.opensiteexplorer.org/dotbot, help@moz.com)" 
216.244.66.227 - - [07/Mar/2018:10:52:49 -0800] "GET /self.logs/access.log.2016-10-05.gz HTTP/1.1" 404 239 "-" "Mozilla/5.0 (compatible; DotBot/1.1; http://www.opensiteexplorer.org/dotbot, help@moz.com)" 
216.244.66.227 - - [07/Mar/2018:10:52:50 -0800] "GET /self.logs/error.log.2015-05-23.gz HTTP/1.1" 404 239 "-" "Mozilla/5.0 (compatible; DotBot/1.1; http://www.opensiteexplorer.org/dotbot, help@moz.com)" 
216.244.66.227 - - [07/Mar/2018:10:52:52 -0800] "GET /self.logs/error.log.2015-05-29.gz HTTP/1.1" 404 239 "-" "Mozilla/5.0 (compatible; DotBot/1.1; http://www.opensiteexplorer.org/dotbot, help@moz.com)" 
114.55.100.52 - - [07/Mar/2018:11:07:06 -0800] "GET / HTTP/1.1" 200 37404 "-" "-" 
168.159.213.214 - - [07/Mar/2018:11:11:56 -0800] "GET / HTTP/1.1" 200 11061 "https://www.google.com/" "Mozilla/5.0 (Windows NT 10.0; Win64; x64) AppleWebKit/537.36 (KHTML, like Gecko) Chrome/65.0.3325.146 Safari/537.36" 
168.159.213.214 - - [07/Mar/2018:11:11:56 -0800] "GET /twitter-icon.png HTTP/1.1" 200 27787 "http://www.secrepo.com/" "Mozilla/5.0 (Windows NT 10.0; Win64; x64) AppleWebKit/537.36 (KHTML, like Gecko) Chrome/65.0.3325.146 Safari/537.36" 
168.159.213.214 - - [07/Mar/2018:11:11:56 -0800] "GET /GitHub-Mark.png HTTP/1.1" 200 7428 "http://www.secrepo.com/" "Mozilla/5.0 (Windows NT 10.0; Win64; x64) AppleWebKit/537.36 (KHTML, like Gecko) Chrome/65.0.3325.146 Safari/537.36" 
168.159.213.214 - - [07/Mar/2018:11:12:03 -0800] "GET /bootstrap/img/favicon.ico HTTP/1.1" 200 590 "http://www.secrepo.com/" "Mozilla/5.0 (Windows NT 10.0; Win64; x64) AppleWebKit/537.36 (KHTML, like Gecko) Chrome/65.0.3325.146 Safari/537.36" 
69.115.88.54 - - [07/Mar/2018:11:18:31 -0800] "GET / HTTP/1.1" 301 483 "http://www.freebuf.com/articles/network/131279.html" "Mozilla/5.0 (Windows NT 10.0; Win64; x64) AppleWebKit/537.36 (KHTML, like Gecko) Chrome/64.0.3282.186 Safari/537.36" 
69.115.88.54 - - [07/Mar/2018:11:18:31 -0800] "GET / HTTP/1.1" 200 11061 "http://www.freebuf.com/articles/network/131279.html" "Mozilla/5.0 (Windows NT 10.0; Win64; x64) AppleWebKit/537.36 (KHTML, like Gecko) Chrome/64.0.3282.186 Safari/537.36" 
69.115.88.54 - - [07/Mar/2018:11:18:31 -0800] "GET /twitter-icon.png HTTP/1.1" 200 27787 "http://www.secrepo.com/" "Mozilla/5.0 (Windows NT 10.0; Win64; x64) AppleWebKit/537.36 (KHTML, like Gecko) Chrome/64.0.3282.186 Safari/537.36" 
69.115.88.54 - - [07/Mar/2018:11:18:31 -0800] "GET /GitHub-Mark.png HTTP/1.1" 200 7428 "http://www.secrepo.com/" "Mozilla/5.0 (Windows NT 10.0; Win64; x64) AppleWebKit/537.36 (KHTML, like Gecko) Chrome/64.0.3282.186 Safari/537.36" 
69.115.88.54 - - [07/Mar/2018:11:18:31 -0800] "GET /bootstrap/img/favicon.ico HTTP/1.1" 200 589 "http://www.secrepo.com/" "Mozilla/5.0 (Windows NT 10.0; Win64; x64) AppleWebKit/537.36 (KHTML, like Gecko) Chrome/64.0.3282.186 Safari/537.36" 
216.244.66.227 - - [07/Mar/2018:11:22:10 -0800] "GET /robots.txt HTTP/1.1" 200 233 "-" "Mozilla/5.0 (compatible; DotBot/1.1; http://www.opensiteexplorer.org/dotbot, help@moz.com)" 
41.248.207.144 - - [07/Mar/2018:11:23:55 -0800] "GET /bootstrap/img/favicon.ico HTTP/1.1" 200 590 "-" "Mozilla/5.0 (X11; Ubuntu; Linux x86_64; rv:58.0) Gecko/20100101 Firefox/58.0" 
148.87.23.7 - - [07/Mar/2018:11:25:59 -0800] "GET / HTTP/1.1" 200 11061 "-" "Mozilla/5.0 (Windows NT 6.1; Win64; x64) AppleWebKit/537.36 (KHTML, like Gecko) Chrome/64.0.3282.186 Safari/537.36" 
148.87.23.7 - - [07/Mar/2018:11:26:00 -0800] "GET /twitter-icon.png HTTP/1.1" 200 27787 "http://www.secrepo.com/" "Mozilla/5.0 (Windows NT 6.1; Win64; x64) AppleWebKit/537.36 (KHTML, like Gecko) Chrome/64.0.3282.186 Safari/537.36" 
148.87.23.7 - - [07/Mar/2018:11:26:00 -0800] "GET /GitHub-Mark.png HTTP/1.1" 200 7428 "http://www.secrepo.com/" "Mozilla/5.0 (Windows NT 6.1; Win64; x64) AppleWebKit/537.36 (KHTML, like Gecko) Chrome/64.0.3282.186 Safari/537.36" 
148.87.23.7 - - [07/Mar/2018:11:26:00 -0800] "GET /bootstrap/img/favicon.ico HTTP/1.1" 200 589 "http://www.secrepo.com/" "Mozilla/5.0 (Windows NT 6.1; Win64; x64) AppleWebKit/537.36 (KHTML, like Gecko) Chrome/64.0.3282.186 Safari/537.36" 
69.141.90.94 - - [07/Mar/2018:11:29:39 -0800] "GET / HTTP/1.1" 200 11061 "-" "Mozilla/5.0 (Windows NT 10.0; Win64; x64) AppleWebKit/537.36 (KHTML, like Gecko) Chrome/64.0.3282.186 Safari/537.36" 
69.141.90.94 - - [07/Mar/2018:11:29:41 -0800] "GET /twitter-icon.png HTTP/1.1" 200 27787 "http://www.secrepo.com/" "Mozilla/5.0 (Windows NT 10.0; Win64; x64) AppleWebKit/537.36 (KHTML, like Gecko) Chrome/64.0.3282.186 Safari/537.36" 
69.141.90.94 - - [07/Mar/2018:11:29:41 -0800] "GET /GitHub-Mark.png HTTP/1.1" 200 7428 "http://www.secrepo.com/" "Mozilla/5.0 (Windows NT 10.0; Win64; x64) AppleWebKit/537.36 (KHTML, like Gecko) Chrome/64.0.3282.186 Safari/537.36" 
216.244.66.227 - - [07/Mar/2018:11:30:11 -0800] "GET /self.logs/access.log.2015-08-03.gz HTTP/1.1" 404 239 "-" "Mozilla/5.0 (compatible; DotBot/1.1; http://www.opensiteexplorer.org/dotbot, help@moz.com)" 
216.244.66.227 - - [07/Mar/2018:11:30:13 -0800] "GET /self.logs/access.log.2016-02-07.gz HTTP/1.1" 404 239 "-" "Mozilla/5.0 (compatible; DotBot/1.1; http://www.opensiteexplorer.org/dotbot, help@moz.com)" 
216.244.66.227 - - [07/Mar/2018:11:30:15 -0800] "GET /self.logs/access.log.2016-12-14.gz HTTP/1.1" 404 239 "-" "Mozilla/5.0 (compatible; DotBot/1.1; http://www.opensiteexplorer.org/dotbot, help@moz.com)" 
99.203.5.124 - - [07/Mar/2018:11:37:24 -0800] "GET / HTTP/1.1" 200 11061 "-" "Mozilla/5.0 (Linux; Android 8.1.0; Nexus 5X Build/OPM3.171019.014) AppleWebKit/537.36 (KHTML, like Gecko) Chrome/64.0.3282.137 Mobile Safari/537.36" 
99.203.5.124 - - [07/Mar/2018:11:37:25 -0800] "GET /twitter-icon.png HTTP/1.1" 200 27787 "http://www.secrepo.com/" "Mozilla/5.0 (Linux; Android 8.1.0; Nexus 5X Build/OPM3.171019.014) AppleWebKit/537.36 (KHTML, like Gecko) Chrome/64.0.3282.137 Mobile Safari/537.36" 
99.203.5.124 - - [07/Mar/2018:11:37:25 -0800] "GET /GitHub-Mark.png HTTP/1.1" 200 7428 "http://www.secrepo.com/" "Mozilla/5.0 (Linux; Android 8.1.0; Nexus 5X Build/OPM3.171019.014) AppleWebKit/537.36 (KHTML, like Gecko) Chrome/64.0.3282.137 Mobile Safari/537.36" 
99.203.5.124 - - [07/Mar/2018:11:37:27 -0800] "GET /bootstrap/img/favicon.ico HTTP/1.1" 200 589 "http://www.secrepo.com/" "Mozilla/5.0 (Linux; Android 8.1.0; Nexus 5X Build/OPM3.171019.014) AppleWebKit/537.36 (KHTML, like Gecko) Chrome/64.0.3282.137 Mobile Safari/537.36" 
54.36.148.207 - - [07/Mar/2018:11:43:19 -0800] "GET /self.logs/2016/access.log.2016-11-24.gz HTTP/1.1" 200 11375 "-" "Mozilla/5.0 (compatible; AhrefsBot/5.2; +http://ahrefs.com/robot/)" 
216.244.66.227 - - [07/Mar/2018:11:51:14 -0800] "GET /robots.txt HTTP/1.1" 200 233 "-" "Mozilla/5.0 (compatible; DotBot/1.1; http://www.opensiteexplorer.org/dotbot, help@moz.com)" 
172.58.142.155 - - [07/Mar/2018:11:51:36 -0800] "GET / HTTP/1.1" 200 11061 "http://r.duckduckgo.com/" "Mozilla/5.0 (iPhone; CPU iPhone OS 11_2_6 like Mac OS X) AppleWebKit/604.5.6 (KHTML, like Gecko) FxiOS/10.6b8836 Mobile/15D100 Safari/604.5.6" 
113.171.224.176 - - [07/Mar/2018:11:51:41 -0800] "GET /honeypot/Honeypot%20-%20Howto.pdf HTTP/1.1" 200 46720 "-" "Mozilla/5.0 Gecko/20100115 Firefox/3.6" 
89.211.201.218 - - [07/Mar/2018:11:55:51 -0800] "GET /wp-login.php HTTP/1.1" 418 732 "-" "Mozilla/5.0 (Windows NT 6.1; WOW64; rv:40.0) Gecko/20100101 Firefox/40.1" 
89.211.201.218 - - [07/Mar/2018:11:55:52 -0800] "GET / HTTP/1.1" 418 732 "-" "Mozilla/5.0 (Windows NT 6.1; WOW64; rv:40.0) Gecko/20100101 Firefox/40.1" 
87.1.62.14 - - [07/Mar/2018:11:56:28 -0800] "GET / HTTP/1.1" 200 11061 "https://www.google.it/" "Mozilla/5.0 (Windows NT 10.0; Win64; x64) AppleWebKit/537.36 (KHTML, like Gecko) Chrome/64.0.3282.186 Safari/537.36" 
87.1.62.14 - - [07/Mar/2018:11:56:28 -0800] "GET /twitter-icon.png HTTP/1.1" 200 27787 "http://www.secrepo.com/" "Mozilla/5.0 (Windows NT 10.0; Win64; x64) AppleWebKit/537.36 (KHTML, like Gecko) Chrome/64.0.3282.186 Safari/537.36" 
87.1.62.14 - - [07/Mar/2018:11:56:28 -0800] "GET /GitHub-Mark.png HTTP/1.1" 200 7428 "http://www.secrepo.com/" "Mozilla/5.0 (Windows NT 10.0; Win64; x64) AppleWebKit/537.36 (KHTML, like Gecko) Chrome/64.0.3282.186 Safari/537.36" 
99.203.5.124 - - [07/Mar/2018:11:56:36 -0800] "GET / HTTP/1.1" 304 189 "-" "Mozilla/5.0 (Linux; Android 8.1.0; Nexus 5X Build/OPM3.171019.014) AppleWebKit/537.36 (KHTML, like Gecko) Chrome/64.0.3282.137 Mobile Safari/537.36" 
99.203.5.124 - - [07/Mar/2018:11:56:37 -0800] "GET /bootstrap/img/favicon.ico HTTP/1.1" 200 589 "http://www.secrepo.com/" "Mozilla/5.0 (Linux; Android 8.1.0; Nexus 5X Build/OPM3.171019.014) AppleWebKit/537.36 (KHTML, like Gecko) Chrome/64.0.3282.137 Mobile Safari/537.36" 
216.244.66.227 - - [07/Mar/2018:11:59:20 -0800] "GET /self.logs/access.log.2015-04-06.gz HTTP/1.1" 404 239 "-" "Mozilla/5.0 (compatible; DotBot/1.1; http://www.opensiteexplorer.org/dotbot, help@moz.com)" 
216.244.66.227 - - [07/Mar/2018:11:59:21 -0800] "GET /self.logs/access.log.2015-05-29.gz HTTP/1.1" 404 239 "-" "Mozilla/5.0 (compatible; DotBot/1.1; http://www.opensiteexplorer.org/dotbot, help@moz.com)" 
216.244.66.227 - - [07/Mar/2018:11:59:23 -0800] "GET /self.logs/access.log.2015-12-13.gz HTTP/1.1" 404 239 "-" "Mozilla/5.0 (compatible; DotBot/1.1; http://www.opensiteexplorer.org/dotbot, help@moz.com)" 
216.244.66.227 - - [07/Mar/2018:11:59:24 -0800] "GET /self.logs/access.log.2015-12-21.gz HTTP/1.1" 404 239 "-" "Mozilla/5.0 (compatible; DotBot/1.1; http://www.opensiteexplorer.org/dotbot, help@moz.com)" 
216.244.66.227 - - [07/Mar/2018:11:59:25 -0800] "GET /self.logs/access.log.2015-12-28.gz HTTP/1.1" 404 239 "-" "Mozilla/5.0 (compatible; DotBot/1.1; http://www.opensiteexplorer.org/dotbot, help@moz.com)" 
216.244.66.227 - - [07/Mar/2018:11:59:27 -0800] "GET /self.logs/access.log.2016-05-08.gz HTTP/1.1" 404 239 "-" "Mozilla/5.0 (compatible; DotBot/1.1; http://www.opensiteexplorer.org/dotbot, help@moz.com)" 
216.244.66.227 - - [07/Mar/2018:11:59:28 -0800] "GET /self.logs/access.log.2016-10-07.gz HTTP/1.1" 404 239 "-" "Mozilla/5.0 (compatible; DotBot/1.1; http://www.opensiteexplorer.org/dotbot, help@moz.com)" 
216.244.66.227 - - [07/Mar/2018:11:59:30 -0800] "GET /self.logs/error.log.2016-09-09.gz HTTP/1.1" 404 239 "-" "Mozilla/5.0 (compatible; DotBot/1.1; http://www.opensiteexplorer.org/dotbot, help@moz.com)" 
128.187.116.16 - - [07/Mar/2018:11:59:44 -0800] "GET / HTTP/1.1" 200 11061 "https://www.reddit.com/r/datasets/comments/7vj5eg/cybersecurity_datasets/" "Mozilla/5.0 (Macintosh; Intel Mac OS X 10_13_3) AppleWebKit/537.36 (KHTML, like Gecko) Chrome/64.0.3282.186 Safari/537.36" 
128.187.116.16 - - [07/Mar/2018:11:59:45 -0800] "GET /twitter-icon.png HTTP/1.1" 200 27787 "http://www.secrepo.com/" "Mozilla/5.0 (Macintosh; Intel Mac OS X 10_13_3) AppleWebKit/537.36 (KHTML, like Gecko) Chrome/64.0.3282.186 Safari/537.36" 
128.187.116.16 - - [07/Mar/2018:11:59:45 -0800] "GET /GitHub-Mark.png HTTP/1.1" 200 7428 "http://www.secrepo.com/" "Mozilla/5.0 (Macintosh; Intel Mac OS X 10_13_3) AppleWebKit/537.36 (KHTML, like Gecko) Chrome/64.0.3282.186 Safari/537.36" 
128.187.116.16 - - [07/Mar/2018:11:59:46 -0800] "GET /bootstrap/img/favicon.ico HTTP/1.1" 200 589 "http://www.secrepo.com/" "Mozilla/5.0 (Macintosh; Intel Mac OS X 10_13_3) AppleWebKit/537.36 (KHTML, like Gecko) Chrome/64.0.3282.186 Safari/537.36" 
54.174.33.17 - - [07/Mar/2018:12:00:12 -0800] "GET / HTTP/1.1" 206 11110 "-" "Slackbot-LinkExpanding 1.0 (+https://api.slack.com/robots)" 
52.91.184.228 - - [07/Mar/2018:12:00:13 -0800] "GET /bootstrap/img/apple-touch-icon.png HTTP/1.1" 404 340 "https://slack.com" "Slackbot-LinkExpanding 1.0 (+https://api.slack.com/robots)" 
52.90.121.46 - - [07/Mar/2018:12:00:13 -0800] "GET /favicon.ico HTTP/1.1" 200 268 "https://slack.com" "Slackbot-LinkExpanding 1.0 (+https://api.slack.com/robots)" 
128.187.116.6 - - [07/Mar/2018:12:00:19 -0800] "GET / HTTP/1.1" 200 11061 "-" "Mozilla/5.0 (Windows NT 10.0; Win64; x64) AppleWebKit/537.36 (KHTML, like Gecko) Chrome/64.0.3282.186 Safari/537.36" 
128.187.116.6 - - [07/Mar/2018:12:00:20 -0800] "GET /twitter-icon.png HTTP/1.1" 200 27787 "http://www.secrepo.com/" "Mozilla/5.0 (Windows NT 10.0; Win64; x64) AppleWebKit/537.36 (KHTML, like Gecko) Chrome/64.0.3282.186 Safari/537.36" 
128.187.116.6 - - [07/Mar/2018:12:00:20 -0800] "GET /GitHub-Mark.png HTTP/1.1" 200 7428 "http://www.secrepo.com/" "Mozilla/5.0 (Windows NT 10.0; Win64; x64) AppleWebKit/537.36 (KHTML, like Gecko) Chrome/64.0.3282.186 Safari/537.36" 
128.187.116.6 - - [07/Mar/2018:12:00:20 -0800] "GET /bootstrap/img/favicon.ico HTTP/1.1" 200 589 "http://www.secrepo.com/" "Mozilla/5.0 (Windows NT 10.0; Win64; x64) AppleWebKit/537.36 (KHTML, like Gecko) Chrome/64.0.3282.186 Safari/537.36" 
120.221.1.28 - - [07/Mar/2018:12:01:08 -0800] "GET /maccdc2012/files.log.gz HTTP/1.1" 304 155 "-" "Mozilla/5.0 Gecko/20100115 Firefox/3.6" 
165.237.199.130 - - [07/Mar/2018:12:09:04 -0800] "GET / HTTP/1.1" 200 11061 "https://duckduckgo.com/" "Mozilla/5.0 (X11; Linux x86_64; rv:52.0) Gecko/20100101 Firefox/52.0" 
165.237.199.130 - - [07/Mar/2018:12:09:04 -0800] "GET /bootstrap/img/favicon.ico HTTP/1.1" 200 589 "-" "Mozilla/5.0 (X11; Linux x86_64; rv:52.0) Gecko/20100101 Firefox/52.0" 
165.237.199.130 - - [07/Mar/2018:12:09:05 -0800] "GET /twitter-icon.png HTTP/1.1" 200 27787 "http://www.secrepo.com/" "Mozilla/5.0 (X11; Linux x86_64; rv:52.0) Gecko/20100101 Firefox/52.0" 
165.237.199.130 - - [07/Mar/2018:12:09:05 -0800] "GET /GitHub-Mark.png HTTP/1.1" 200 7428 "http://www.secrepo.com/" "Mozilla/5.0 (X11; Linux x86_64; rv:52.0) Gecko/20100101 Firefox/52.0" 
68.114.32.75 - - [07/Mar/2018:12:09:57 -0800] "GET / HTTP/1.1" 200 11005 "https://www.google.com/" "Mozilla/5.0 (Windows NT 6.1; WOW64) AppleWebKit/537.36 (KHTML, like Gecko) Chrome/64.0.3282.167 Safari/537.36" 
68.114.32.75 - - [07/Mar/2018:12:09:59 -0800] "GET /GitHub-Mark.png HTTP/1.1" 200 7372 "http://www.secrepo.com/" "Mozilla/5.0 (Windows NT 6.1; WOW64) AppleWebKit/537.36 (KHTML, like Gecko) Chrome/64.0.3282.167 Safari/537.36" 
68.114.32.75 - - [07/Mar/2018:12:09:59 -0800] "GET /twitter-icon.png HTTP/1.1" 200 27732 "http://www.secrepo.com/" "Mozilla/5.0 (Windows NT 6.1; WOW64) AppleWebKit/537.36 (KHTML, like Gecko) Chrome/64.0.3282.167 Safari/537.36" 
68.114.34.8 - - [07/Mar/2018:12:10:02 -0800] "GET / HTTP/1.1" 200 11005 "https://www.google.com/" "Mozilla/5.0 (Windows NT 6.1; WOW64) AppleWebKit/537.36 (KHTML, like Gecko) Chrome/64.0.3282.167 Safari/537.36" 
68.114.34.8 - - [07/Mar/2018:12:10:02 -0800] "GET /twitter-icon.png HTTP/1.1" 200 27732 "http://www.secrepo.com/" "Mozilla/5.0 (Windows NT 6.1; WOW64) AppleWebKit/537.36 (KHTML, like Gecko) Chrome/64.0.3282.167 Safari/537.36" 
68.114.34.8 - - [07/Mar/2018:12:10:02 -0800] "GET /GitHub-Mark.png HTTP/1.1" 200 7372 "http://www.secrepo.com/" "Mozilla/5.0 (Windows NT 6.1; WOW64) AppleWebKit/537.36 (KHTML, like Gecko) Chrome/64.0.3282.167 Safari/537.36" 
68.114.32.75 - - [07/Mar/2018:12:10:03 -0800] "GET /bootstrap/img/favicon.ico HTTP/1.1" 200 534 "http://www.secrepo.com/" "Mozilla/5.0 (Windows NT 6.1; WOW64) AppleWebKit/537.36 (KHTML, like Gecko) Chrome/64.0.3282.167 Safari/537.36" 
68.114.34.8 - - [07/Mar/2018:12:10:04 -0800] "GET /bootstrap/img/favicon.ico HTTP/1.1" 200 534 "http://www.secrepo.com/" "Mozilla/5.0 (Windows NT 6.1; WOW64) AppleWebKit/537.36 (KHTML, like Gecko) Chrome/64.0.3282.167 Safari/537.36" 
68.114.34.8 - - [07/Mar/2018:12:10:18 -0800] "GET /pe_static/zeus.zip HTTP/1.1" 200 51367055 "-" "Mozilla/5.0 (Windows NT 6.1; WOW64) AppleWebKit/537.36 (KHTML, like Gecko) Chrome/64.0.3282.167 Safari/537.36" 
68.114.32.75 - - [07/Mar/2018:12:12:18 -0800] "GET /maccdc2012/signatures.log.gz HTTP/1.1" 200 549 "-" "Mozilla/5.0 (Windows NT 6.1; WOW64) AppleWebKit/537.36 (KHTML, like Gecko) Chrome/64.0.3282.167 Safari/537.36" 
84.108.112.45 - - [07/Mar/2018:12:14:04 -0800] "GET /wp-login.php HTTP/1.1" 418 732 "-" "Mozilla/5.0 (Windows NT 6.1; WOW64; rv:40.0) Gecko/20100101 Firefox/40.1" 
84.108.112.45 - - [07/Mar/2018:12:14:04 -0800] "GET / HTTP/1.1" 418 732 "-" "Mozilla/5.0 (Windows NT 6.1; WOW64; rv:40.0) Gecko/20100101 Firefox/40.1" 
69.114.247.93 - - [07/Mar/2018:12:15:54 -0800] "GET / HTTP/1.1" 200 11061 "-" "Mozilla/5.0 (Windows NT 6.2; Win64; x64) AppleWebKit/537.36 (KHTML, like Gecko) Chrome/64.0.3282.186 Safari/537.36" 
69.114.247.93 - - [07/Mar/2018:12:15:54 -0800] "GET /twitter-icon.png HTTP/1.1" 200 27787 "http://www.secrepo.com/" "Mozilla/5.0 (Windows NT 6.2; Win64; x64) AppleWebKit/537.36 (KHTML, like Gecko) Chrome/64.0.3282.186 Safari/537.36" 
69.114.247.93 - - [07/Mar/2018:12:15:54 -0800] "GET /GitHub-Mark.png HTTP/1.1" 200 7428 "http://www.secrepo.com/" "Mozilla/5.0 (Windows NT 6.2; Win64; x64) AppleWebKit/537.36 (KHTML, like Gecko) Chrome/64.0.3282.186 Safari/537.36" 
165.237.199.130 - - [07/Mar/2018:12:16:45 -0800] "GET /maccdc2012/http.log.gz HTTP/1.1" 200 54258816 "http://www.secrepo.com/" "Mozilla/5.0 (X11; Linux x86_64; rv:52.0) Gecko/20100101 Firefox/52.0" 
216.244.66.227 - - [07/Mar/2018:12:19:35 -0800] "GET /robots.txt HTTP/1.1" 200 233 "-" "Mozilla/5.0 (compatible; DotBot/1.1; http://www.opensiteexplorer.org/dotbot, help@moz.com)" 
66.249.93.93 - - [07/Mar/2018:12:21:21 -0800] "GET / HTTP/1.1" 200 11061 "-" "Mozilla/5.0 (X11; Linux x86_64) AppleWebKit/537.36 (KHTML, like Gecko) Chrome/49.0.2623.75 Safari/537.36 Google Favicon" 
66.249.93.93 - - [07/Mar/2018:12:21:21 -0800] "GET /bootstrap/img/favicon.ico HTTP/1.1" 200 589 "-" "Mozilla/5.0 (X11; Linux x86_64) AppleWebKit/537.36 (KHTML, like Gecko) Chrome/49.0.2623.75 Safari/537.36 Google Favicon" 
17.142.159.143 - - [07/Mar/2018:12:21:27 -0800] "GET /bootstrap/img/favicon.ico HTTP/1.1" 200 590 "-" "Mozilla/5.0 (Macintosh; Intel Mac OS X 10_10_1) AppleWebKit/600.2.5 (KHTML, like Gecko) Version/8.0.2 Safari/600.2.5 (Applebot/0.1; +http://www.apple.com/go/applebot)" 
37.201.194.68 - - [07/Mar/2018:12:23:23 -0800] "GET / HTTP/1.1" 200 11061 "-" "Mozilla/5.0 (Android 8.1.0; Mobile; rv:58.0) Gecko/58.0 Firefox/58.0" 
37.201.194.68 - - [07/Mar/2018:12:23:23 -0800] "GET /twitter-icon.png HTTP/1.1" 200 27787 "http://www.secrepo.com/" "Mozilla/5.0 (Android 8.1.0; Mobile; rv:58.0) Gecko/58.0 Firefox/58.0" 
37.201.194.68 - - [07/Mar/2018:12:23:23 -0800] "GET /GitHub-Mark.png HTTP/1.1" 200 7428 "http://www.secrepo.com/" "Mozilla/5.0 (Android 8.1.0; Mobile; rv:58.0) Gecko/58.0 Firefox/58.0" 
66.102.8.157 - - [07/Mar/2018:12:24:51 -0800] "GET / HTTP/1.1" 200 11061 "https://www.google.com/" "Mozilla/5.0 (Windows NT 10.0; Win64; x64) AppleWebKit/537.36 (KHTML, like Gecko) Chrome/64.0.3282.186 Safari/537.36" 
66.102.8.128 - - [07/Mar/2018:12:24:52 -0800] "GET /GitHub-Mark.png HTTP/1.1" 200 7428 "http://www.secrepo.com/" "Mozilla/5.0 (Windows NT 10.0; Win64; x64) AppleWebKit/537.36 (KHTML, like Gecko) Chrome/64.0.3282.186 Safari/537.36" 
66.102.8.159 - - [07/Mar/2018:12:24:52 -0800] "GET /twitter-icon.png HTTP/1.1" 200 27788 "http://www.secrepo.com/" "Mozilla/5.0 (Windows NT 10.0; Win64; x64) AppleWebKit/537.36 (KHTML, like Gecko) Chrome/64.0.3282.186 Safari/537.36" 
216.244.66.227 - - [07/Mar/2018:12:26:48 -0800] "GET /self.logs/access.log.2017-11-29.gz HTTP/1.1" 200 20567 "-" "Mozilla/5.0 (compatible; DotBot/1.1; http://www.opensiteexplorer.org/dotbot, help@moz.com)" 
54.36.149.78 - - [07/Mar/2018:12:26:58 -0800] "GET /self.logs/access.log.2018-02-21.gz HTTP/1.1" 200 24032 "-" "Mozilla/5.0 (compatible; AhrefsBot/5.2; +http://ahrefs.com/robot/)" 
216.244.66.227 - - [07/Mar/2018:12:27:25 -0800] "GET /self.logs/access.log.2015-11-01.gz HTTP/1.1" 404 239 "-" "Mozilla/5.0 (compatible; DotBot/1.1; http://www.opensiteexplorer.org/dotbot, help@moz.com)" 
216.244.66.227 - - [07/Mar/2018:12:27:27 -0800] "GET /self.logs/access.log.2015-11-22.gz HTTP/1.1" 404 239 "-" "Mozilla/5.0 (compatible; DotBot/1.1; http://www.opensiteexplorer.org/dotbot, help@moz.com)" 
216.244.66.227 - - [07/Mar/2018:12:27:28 -0800] "GET /self.logs/access.log.2015-12-29.gz HTTP/1.1" 404 239 "-" "Mozilla/5.0 (compatible; DotBot/1.1; http://www.opensiteexplorer.org/dotbot, help@moz.com)" 
216.244.66.227 - - [07/Mar/2018:12:27:30 -0800] "GET /self.logs/access.log.2016-11-11.gz HTTP/1.1" 404 239 "-" "Mozilla/5.0 (compatible; DotBot/1.1; http://www.opensiteexplorer.org/dotbot, help@moz.com)" 
216.244.66.227 - - [07/Mar/2018:12:27:31 -0800] "GET /self.logs/error.log.2015-06-08.gz HTTP/1.1" 404 239 "-" "Mozilla/5.0 (compatible; DotBot/1.1; http://www.opensiteexplorer.org/dotbot, help@moz.com)" 
216.244.66.227 - - [07/Mar/2018:12:27:33 -0800] "GET /self.logs/error.log.2016-06-27.gz HTTP/1.1" 404 239 "-" "Mozilla/5.0 (compatible; DotBot/1.1; http://www.opensiteexplorer.org/dotbot, help@moz.com)" 
208.80.194.27 - - [07/Mar/2018:12:30:27 -0800] "GET / HTTP/1.0" 200 37404 "-" "Mozilla/4.0 (compatible; MSIE 7.0; Windows NT 5.2)" 
54.36.149.26 - - [07/Mar/2018:12:34:39 -0800] "GET /self.logs/access.log.2017-11-26.gz HTTP/1.1" 200 21632 "-" "Mozilla/5.0 (compatible; AhrefsBot/5.2; +http://ahrefs.com/robot/)" 
47.20.253.140 - - [07/Mar/2018:12:39:27 -0800] "GET /wp-login.php HTTP/1.1" 418 732 "-" "Mozilla/5.0 (Windows NT 6.1; WOW64; rv:40.0) Gecko/20100101 Firefox/40.1" 
47.20.253.140 - - [07/Mar/2018:12:39:27 -0800] "GET / HTTP/1.1" 418 732 "-" "Mozilla/5.0 (Windows NT 6.1; WOW64; rv:40.0) Gecko/20100101 Firefox/40.1" 
66.249.64.129 - - [07/Mar/2018:12:41:13 -0800] "GET / HTTP/1.1" 200 11061 "-" "Mozilla/5.0 (Linux; Android 6.0.1; Nexus 5X Build/MMB29P) AppleWebKit/537.36 (KHTML, like Gecko) Chrome/41.0.2272.96 Mobile Safari/537.36 (compatible; Googlebot/2.1; +http://www.google.com/bot.html)" 
165.237.199.130 - - [07/Mar/2018:12:44:03 -0800] "GET / HTTP/1.1" 200 11061 "-" "Mozilla/5.0 (X11; Linux x86_64; rv:52.0) Gecko/20100101 Firefox/52.0" 
165.237.199.130 - - [07/Mar/2018:12:44:04 -0800] "GET /bootstrap/img/favicon.ico HTTP/1.1" 200 589 "-" "Mozilla/5.0 (X11; Linux x86_64; rv:52.0) Gecko/20100101 Firefox/52.0" 
165.237.199.130 - - [07/Mar/2018:12:44:04 -0800] "GET /twitter-icon.png HTTP/1.1" 200 27787 "http://www.secrepo.com/" "Mozilla/5.0 (X11; Linux x86_64; rv:52.0) Gecko/20100101 Firefox/52.0" 
165.237.199.130 - - [07/Mar/2018:12:44:05 -0800] "GET /GitHub-Mark.png HTTP/1.1" 200 7428 "http://www.secrepo.com/" "Mozilla/5.0 (X11; Linux x86_64; rv:52.0) Gecko/20100101 Firefox/52.0" 
216.244.66.227 - - [07/Mar/2018:12:47:49 -0800] "GET /robots.txt HTTP/1.1" 200 233 "-" "Mozilla/5.0 (compatible; DotBot/1.1; http://www.opensiteexplorer.org/dotbot, help@moz.com)" 
113.171.224.176 - - [07/Mar/2018:12:51:44 -0800] "GET /honeypot/Honeypot%20-%20Howto.pdf HTTP/1.1" 200 46720 "-" "Mozilla/5.0 Gecko/20100115 Firefox/3.6" 
216.244.66.227 - - [07/Mar/2018:12:55:38 -0800] "GET /self.logs/access.log.2015-06-23.gz HTTP/1.1" 404 239 "-" "Mozilla/5.0 (compatible; DotBot/1.1; http://www.opensiteexplorer.org/dotbot, help@moz.com)" 
216.244.66.227 - - [07/Mar/2018:12:55:40 -0800] "GET /self.logs/access.log.2015-09-03.gz HTTP/1.1" 404 239 "-" "Mozilla/5.0 (compatible; DotBot/1.1; http://www.opensiteexplorer.org/dotbot, help@moz.com)" 
216.244.66.227 - - [07/Mar/2018:12:55:41 -0800] "GET /self.logs/access.log.2015-09-04.gz HTTP/1.1" 404 239 "-" "Mozilla/5.0 (compatible; DotBot/1.1; http://www.opensiteexplorer.org/dotbot, help@moz.com)" 
216.244.66.227 - - [07/Mar/2018:12:55:43 -0800] "GET /self.logs/access.log.2016-06-19.gz HTTP/1.1" 404 239 "-" "Mozilla/5.0 (compatible; DotBot/1.1; http://www.opensiteexplorer.org/dotbot, help@moz.com)" 
216.244.66.227 - - [07/Mar/2018:12:55:44 -0800] "GET /self.logs/access.log.2016-09-20.gz HTTP/1.1" 404 239 "-" "Mozilla/5.0 (compatible; DotBot/1.1; http://www.opensiteexplorer.org/dotbot, help@moz.com)" 
216.244.66.227 - - [07/Mar/2018:12:55:46 -0800] "GET /self.logs/error.log.2016-01-01.gz HTTP/1.1" 404 239 "-" "Mozilla/5.0 (compatible; DotBot/1.1; http://www.opensiteexplorer.org/dotbot, help@moz.com)" 
216.244.66.227 - - [07/Mar/2018:12:55:47 -0800] "GET /self.logs/error.log.2016-12-04.gz HTTP/1.1" 404 239 "-" "Mozilla/5.0 (compatible; DotBot/1.1; http://www.opensiteexplorer.org/dotbot, help@moz.com)" 
108.59.8.70 - - [07/Mar/2018:12:56:22 -0800] "GET /robots.txt HTTP/1.1" 200 289 "-" "Mozilla/5.0 (compatible; MJ12bot/v1.4.8; http://mj12bot.com/)" 
108.59.8.70 - - [07/Mar/2018:12:56:24 -0800] "GET / HTTP/1.1" 200 37359 "-" "Mozilla/5.0 (compatible; MJ12bot/v1.4.8; http://mj12bot.com/)" 
120.221.0.34 - - [07/Mar/2018:12:57:52 -0800] "GET /honeypot/Honeypot%20-%20Howto.pdf HTTP/1.1" 304 131 "-" "Mozilla/5.0 Gecko/20100115 Firefox/3.6" 
216.244.66.227 - - [07/Mar/2018:12:58:35 -0800] "GET /self.logs/error.log.2018-02-25.gz HTTP/1.1" 200 3949 "-" "Mozilla/5.0 (compatible; DotBot/1.1; http://www.opensiteexplorer.org/dotbot, help@moz.com)" 
128.187.116.16 - - [07/Mar/2018:13:00:04 -0800] "GET / HTTP/1.1" 304 189 "-" "Mozilla/5.0 (Macintosh; Intel Mac OS X 10_13_3) AppleWebKit/537.36 (KHTML, like Gecko) Chrome/64.0.3282.186 Safari/537.36" 
212.108.156.87 - - [07/Mar/2018:13:06:13 -0800] "GET / HTTP/1.1" 200 11061 "-" "Mozilla/5.0 (X11; Ubuntu; Linux x86_64; rv:58.0) Gecko/20100101 Firefox/58.0" 
212.108.156.87 - - [07/Mar/2018:13:06:14 -0800] "GET /GitHub-Mark.png HTTP/1.1" 200 7428 "http://www.secrepo.com/" "Mozilla/5.0 (X11; Ubuntu; Linux x86_64; rv:58.0) Gecko/20100101 Firefox/58.0" 
212.108.156.87 - - [07/Mar/2018:13:06:14 -0800] "GET /twitter-icon.png HTTP/1.1" 200 27787 "http://www.secrepo.com/" "Mozilla/5.0 (X11; Ubuntu; Linux x86_64; rv:58.0) Gecko/20100101 Firefox/58.0" 
212.108.156.87 - - [07/Mar/2018:13:06:14 -0800] "GET /bootstrap/img/favicon.ico HTTP/1.1" 200 589 "-" "Mozilla/5.0 (X11; Ubuntu; Linux x86_64; rv:58.0) Gecko/20100101 Firefox/58.0" 
52.7.244.70 - - [07/Mar/2018:13:06:51 -0800] "GET / HTTP/1.1" 301 442 "peoplesearch" "Mozilla/5.0 (Windows; U; Windows NT 6.1; en-GB; rv:1.9.2.3) Gecko/20100401 Firefox/3.6.3" 
52.7.244.70 - - [07/Mar/2018:13:06:51 -0800] "GET / HTTP/1.1" 200 37359 "peoplesearch" "Mozilla/5.0 (Windows; U; Windows NT 6.1; en-GB; rv:1.9.2.3) Gecko/20100401 Firefox/3.6.3" 
91.122.159.141 - - [07/Mar/2018:13:09:13 -0800] "GET /bootstrap/img/favicon.ico HTTP/1.1" 200 590 "-" "Mozilla/5.0 (Windows NT 6.1; Win64; x64; rv:58.0) Gecko/20100101 Firefox/58.0" 
54.36.148.41 - - [07/Mar/2018:13:11:09 -0800] "GET /self.logs/2016/access.log.2016-10-16.gz HTTP/1.1" 200 10417 "-" "Mozilla/5.0 (compatible; AhrefsBot/5.2; +http://ahrefs.com/robot/)" 
93.36.67.27 - - [07/Mar/2018:13:11:39 -0800] "GET / HTTP/1.1" 200 11061 "-" "Mozilla/5.0 (Linux; Android 6.0.1; SAMSUNG SM-G903F Build/MMB29K) AppleWebKit/537.36 (KHTML, like Gecko) SamsungBrowser/6.4 Chrome/56.0.2924.87 Mobile Safari/537.36" 
93.36.67.27 - - [07/Mar/2018:13:11:40 -0800] "GET /twitter-icon.png HTTP/1.1" 200 27787 "http://www.secrepo.com/" "Mozilla/5.0 (Linux; Android 6.0.1; SAMSUNG SM-G903F Build/MMB29K) AppleWebKit/537.36 (KHTML, like Gecko) SamsungBrowser/6.4 Chrome/56.0.2924.87 Mobile Safari/537.36" 
93.36.67.27 - - [07/Mar/2018:13:11:40 -0800] "GET /GitHub-Mark.png HTTP/1.1" 200 7428 "http://www.secrepo.com/" "Mozilla/5.0 (Linux; Android 6.0.1; SAMSUNG SM-G903F Build/MMB29K) AppleWebKit/537.36 (KHTML, like Gecko) SamsungBrowser/6.4 Chrome/56.0.2924.87 Mobile Safari/537.36" 
93.36.67.27 - - [07/Mar/2018:13:11:41 -0800] "GET /bootstrap/img/favicon.ico HTTP/1.1" 200 589 "http://www.secrepo.com/" "Mozilla/5.0 (Linux; Android 6.0.1; SAMSUNG SM-G903F Build/MMB29K) AppleWebKit/537.36 (KHTML, like Gecko) SamsungBrowser/6.4 Chrome/56.0.2924.87 Mobile Safari/537.36" 
216.244.66.227 - - [07/Mar/2018:13:15:55 -0800] "GET /robots.txt HTTP/1.1" 200 233 "-" "Mozilla/5.0 (compatible; DotBot/1.1; http://www.opensiteexplorer.org/dotbot, help@moz.com)" 
52.165.148.51 - - [07/Mar/2018:13:19:46 -0800] "GET / HTTP/1.1" 301 446 "-" "Mozilla/5.0 (Windows NT 10.0; Win64; x64; rv:57.0) Gecko/20100101 Firefox/57.0" 
216.244.66.227 - - [07/Mar/2018:13:23:53 -0800] "GET /self.logs/access.log.2015-01-17.gz HTTP/1.1" 404 239 "-" "Mozilla/5.0 (compatible; DotBot/1.1; http://www.opensiteexplorer.org/dotbot, help@moz.com)" 
216.244.66.227 - - [07/Mar/2018:13:23:55 -0800] "GET /self.logs/access.log.2015-12-23.gz HTTP/1.1" 404 239 "-" "Mozilla/5.0 (compatible; DotBot/1.1; http://www.opensiteexplorer.org/dotbot, help@moz.com)" 
216.244.66.227 - - [07/Mar/2018:13:23:57 -0800] "GET /self.logs/error.log.2015-08-04.gz HTTP/1.1" 404 239 "-" "Mozilla/5.0 (compatible; DotBot/1.1; http://www.opensiteexplorer.org/dotbot, help@moz.com)" 
216.244.66.227 - - [07/Mar/2018:13:23:59 -0800] "GET /self.logs/error.log.2015-08-10.gz HTTP/1.1" 404 239 "-" "Mozilla/5.0 (compatible; DotBot/1.1; http://www.opensiteexplorer.org/dotbot, help@moz.com)" 
216.244.66.227 - - [07/Mar/2018:13:24:00 -0800] "GET /self.logs/error.log.2015-10-22.gz HTTP/1.1" 404 239 "-" "Mozilla/5.0 (compatible; DotBot/1.1; http://www.opensiteexplorer.org/dotbot, help@moz.com)" 
141.161.133.94 - - [07/Mar/2018:13:25:14 -0800] "GET / HTTP/1.1" 200 11061 "-" "Mozilla/5.0 (Macintosh; Intel Mac OS X 10_11_5) AppleWebKit/537.36 (KHTML, like Gecko) Chrome/64.0.3282.167 Safari/537.36" 
141.161.133.94 - - [07/Mar/2018:13:25:14 -0800] "GET /twitter-icon.png HTTP/1.1" 200 27787 "http://www.secrepo.com/" "Mozilla/5.0 (Macintosh; Intel Mac OS X 10_11_5) AppleWebKit/537.36 (KHTML, like Gecko) Chrome/64.0.3282.167 Safari/537.36" 
141.161.133.94 - - [07/Mar/2018:13:25:14 -0800] "GET /GitHub-Mark.png HTTP/1.1" 200 7428 "http://www.secrepo.com/" "Mozilla/5.0 (Macintosh; Intel Mac OS X 10_11_5) AppleWebKit/537.36 (KHTML, like Gecko) Chrome/64.0.3282.167 Safari/537.36" 
141.161.133.94 - - [07/Mar/2018:13:25:15 -0800] "GET /bootstrap/img/favicon.ico HTTP/1.1" 200 589 "http://www.secrepo.com/" "Mozilla/5.0 (Macintosh; Intel Mac OS X 10_11_5) AppleWebKit/537.36 (KHTML, like Gecko) Chrome/64.0.3282.167 Safari/537.36" 
141.161.133.94 - - [07/Mar/2018:13:25:56 -0800] "GET /honeypot/honeypot.json.zip HTTP/1.1" 200 12843549 "-" "Mozilla/5.0 (Macintosh; Intel Mac OS X 10_11_5) AppleWebKit/537.36 (KHTML, like Gecko) Chrome/64.0.3282.167 Safari/537.36" 
66.249.83.83 - - [07/Mar/2018:13:26:48 -0800] "GET / HTTP/1.1" 200 11061 "-" "Mozilla/5.0 (X11; Linux x86_64) AppleWebKit/537.36 (KHTML, like Gecko) Chrome/49.0.2623.75 Safari/537.36 Google Favicon" 
66.249.83.82 - - [07/Mar/2018:13:26:48 -0800] "GET /bootstrap/img/favicon.ico HTTP/1.1" 200 590 "-" "Mozilla/5.0 (X11; Linux x86_64) AppleWebKit/537.36 (KHTML, like Gecko) Chrome/49.0.2623.75 Safari/537.36 Google Favicon" 
204.193.115.5 - - [07/Mar/2018:13:32:27 -0800] "GET / HTTP/1.1" 200 11061 "-" "Mozilla/5.0 (X11; Linux x86_64) AppleWebKit/537.36 (KHTML, like Gecko) Chrome/64.0.3282.186 Safari/537.36" 
204.193.115.5 - - [07/Mar/2018:13:32:27 -0800] "GET / HTTP/1.1" 200 11061 "-" "Mozilla/5.0 (X11; Linux x86_64) AppleWebKit/537.36 (KHTML, like Gecko) Chrome/64.0.3282.186 Safari/537.36" 
204.193.115.5 - - [07/Mar/2018:13:32:27 -0800] "GET /twitter-icon.png HTTP/1.1" 200 27787 "http://www.secrepo.com/" "Mozilla/5.0 (X11; Linux x86_64) AppleWebKit/537.36 (KHTML, like Gecko) Chrome/64.0.3282.186 Safari/537.36" 
204.193.115.5 - - [07/Mar/2018:13:32:27 -0800] "GET /GitHub-Mark.png HTTP/1.1" 200 7428 "http://www.secrepo.com/" "Mozilla/5.0 (X11; Linux x86_64) AppleWebKit/537.36 (KHTML, like Gecko) Chrome/64.0.3282.186 Safari/537.36" 
204.193.115.5 - - [07/Mar/2018:13:32:28 -0800] "GET /bootstrap/img/favicon.ico HTTP/1.1" 200 589 "http://www.secrepo.com/" "Mozilla/5.0 (X11; Linux x86_64) AppleWebKit/537.36 (KHTML, like Gecko) Chrome/64.0.3282.186 Safari/537.36" 
67.161.54.102 - - [07/Mar/2018:13:35:23 -0800] "GET /twitter-icon.png HTTP/1.1" 200 27788 "-" "Mozilla/5.0 (Macintosh; Intel Mac OS X 10_13_3) AppleWebKit/537.36 (KHTML, like Gecko) Chrome/64.0.3282.186 Safari/537.36" 
67.161.54.102 - - [07/Mar/2018:13:35:23 -0800] "GET /GitHub-Mark.png HTTP/1.1" 200 7428 "-" "Mozilla/5.0 (Macintosh; Intel Mac OS X 10_13_3) AppleWebKit/537.36 (KHTML, like Gecko) Chrome/64.0.3282.186 Safari/537.36" 
216.244.66.227 - - [07/Mar/2018:13:44:02 -0800] "GET /robots.txt HTTP/1.1" 200 233 "-" "Mozilla/5.0 (compatible; DotBot/1.1; http://www.opensiteexplorer.org/dotbot, help@moz.com)" 
54.36.150.13 - - [07/Mar/2018:13:47:26 -0800] "GET /robots.txt HTTP/1.1" 200 304 "-" "Mozilla/5.0 (compatible; AhrefsBot/5.2; +http://ahrefs.com/robot/)" 
54.36.149.49 - - [07/Mar/2018:13:47:27 -0800] "GET /self.logs/access.log.2016-06-03.gz HTTP/1.1" 404 284 "-" "Mozilla/5.0 (compatible; AhrefsBot/5.2; +http://ahrefs.com/robot/)" 
128.244.38.15 - - [07/Mar/2018:13:47:25 -0800] "GET /honeypot/honeypot.json.zip HTTP/1.1" 200 23085920 "-" "Mozilla/5.0 (Windows NT 10.0; Win64; x64) AppleWebKit/537.36 (KHTML, like Gecko) Chrome/64.0.3282.186 Safari/537.36" 
111.1.50.106 - - [07/Mar/2018:13:48:45 -0800] "GET /tg/b.zip HTTP/1.1" 304 169 "-" "Java/1.6.0_24" 
113.171.224.176 - - [07/Mar/2018:13:51:46 -0800] "GET /honeypot/Honeypot%20-%20Howto.pdf HTTP/1.1" 200 46720 "-" "Mozilla/5.0 Gecko/20100115 Firefox/3.6" 
216.244.66.227 - - [07/Mar/2018:13:51:58 -0800] "GET /self.logs/access.log.2015-03-04.gz HTTP/1.1" 404 239 "-" "Mozilla/5.0 (compatible; DotBot/1.1; http://www.opensiteexplorer.org/dotbot, help@moz.com)" 
216.244.66.227 - - [07/Mar/2018:13:52:00 -0800] "GET /self.logs/access.log.2015-04-01.gz HTTP/1.1" 404 239 "-" "Mozilla/5.0 (compatible; DotBot/1.1; http://www.opensiteexplorer.org/dotbot, help@moz.com)" 
216.244.66.227 - - [07/Mar/2018:13:52:00 -0800] "GET /self.logs/access.log.2016-03-14.gz HTTP/1.1" 404 239 "-" "Mozilla/5.0 (compatible; DotBot/1.1; http://www.opensiteexplorer.org/dotbot, help@moz.com)" 
216.244.66.227 - - [07/Mar/2018:13:52:02 -0800] "GET /self.logs/access.log.2016-07-05.gz HTTP/1.1" 404 239 "-" "Mozilla/5.0 (compatible; DotBot/1.1; http://www.opensiteexplorer.org/dotbot, help@moz.com)" 
216.244.66.227 - - [07/Mar/2018:13:52:03 -0800] "GET /self.logs/access.log.2016-07-25.gz HTTP/1.1" 404 239 "-" "Mozilla/5.0 (compatible; DotBot/1.1; http://www.opensiteexplorer.org/dotbot, help@moz.com)" 
216.244.66.227 - - [07/Mar/2018:13:52:04 -0800] "GET /self.logs/access.log.2016-09-24.gz HTTP/1.1" 404 239 "-" "Mozilla/5.0 (compatible; DotBot/1.1; http://www.opensiteexplorer.org/dotbot, help@moz.com)" 
216.244.66.227 - - [07/Mar/2018:13:52:05 -0800] "GET /self.logs/access.log.2016-11-06.gz HTTP/1.1" 404 239 "-" "Mozilla/5.0 (compatible; DotBot/1.1; http://www.opensiteexplorer.org/dotbot, help@moz.com)" 
216.244.66.227 - - [07/Mar/2018:13:52:14 -0800] "GET /self.logs/error.log.2015-03-28.gz HTTP/1.1" 404 239 "-" "Mozilla/5.0 (compatible; DotBot/1.1; http://www.opensiteexplorer.org/dotbot, help@moz.com)" 
216.244.66.227 - - [07/Mar/2018:13:52:16 -0800] "GET /self.logs/error.log.2015-04-26.gz HTTP/1.1" 404 239 "-" "Mozilla/5.0 (compatible; DotBot/1.1; http://www.opensiteexplorer.org/dotbot, help@moz.com)" 
216.244.66.227 - - [07/Mar/2018:13:52:17 -0800] "GET /self.logs/error.log.2015-07-29.gz HTTP/1.1" 404 239 "-" "Mozilla/5.0 (compatible; DotBot/1.1; http://www.opensiteexplorer.org/dotbot, help@moz.com)" 
216.244.66.227 - - [07/Mar/2018:13:52:18 -0800] "GET /self.logs/error.log.2016-11-24.gz HTTP/1.1" 404 239 "-" "Mozilla/5.0 (compatible; DotBot/1.1; http://www.opensiteexplorer.org/dotbot, help@moz.com)" 
54.36.149.19 - - [07/Mar/2018:13:57:52 -0800] "GET /self.logs/error.log.2015-04-25.gz HTTP/1.1" 404 284 "-" "Mozilla/5.0 (compatible; AhrefsBot/5.2; +http://ahrefs.com/robot/)" 
54.36.148.207 - - [07/Mar/2018:13:58:57 -0800] "GET /self.logs/error.log.2015-05-06.gz HTTP/1.1" 404 284 "-" "Mozilla/5.0 (compatible; AhrefsBot/5.2; +http://ahrefs.com/robot/)" 
128.184.132.93 - - [07/Mar/2018:13:59:37 -0800] "GET / HTTP/1.1" 200 11061 "-" "Mozilla/5.0 (Windows NT 10.0; WOW64) AppleWebKit/537.36 (KHTML, like Gecko) Chrome/64.0.3282.186 Safari/537.36" 
128.184.132.93 - - [07/Mar/2018:13:59:39 -0800] "GET /GitHub-Mark.png HTTP/1.1" 200 7428 "http://www.secrepo.com/" "Mozilla/5.0 (Windows NT 10.0; WOW64) AppleWebKit/537.36 (KHTML, like Gecko) Chrome/64.0.3282.186 Safari/537.36" 
128.184.132.93 - - [07/Mar/2018:13:59:39 -0800] "GET /twitter-icon.png HTTP/1.1" 200 27788 "http://www.secrepo.com/" "Mozilla/5.0 (Windows NT 10.0; WOW64) AppleWebKit/537.36 (KHTML, like Gecko) Chrome/64.0.3282.186 Safari/537.36" 
216.244.66.227 - - [07/Mar/2018:14:12:13 -0800] "GET /robots.txt HTTP/1.1" 200 233 "-" "Mozilla/5.0 (compatible; DotBot/1.1; http://www.opensiteexplorer.org/dotbot, help@moz.com)" 
68.117.148.172 - - [07/Mar/2018:14:19:26 -0800] "GET /bootstrap/img/favicon.ico HTTP/1.1" 200 590 "-" "Mozilla/5.0 (Macintosh; Intel Mac OS X 10_11_6) AppleWebKit/537.36 (KHTML, like Gecko) Chrome/64.0.3282.119 Safari/537.36" 
216.244.66.227 - - [07/Mar/2018:14:20:23 -0800] "GET /self.logs/access.log.2015-10-23.gz HTTP/1.1" 404 239 "-" "Mozilla/5.0 (compatible; DotBot/1.1; http://www.opensiteexplorer.org/dotbot, help@moz.com)" 
216.244.66.227 - - [07/Mar/2018:14:20:25 -0800] "GET /self.logs/access.log.2016-04-10.gz HTTP/1.1" 404 239 "-" "Mozilla/5.0 (compatible; DotBot/1.1; http://www.opensiteexplorer.org/dotbot, help@moz.com)" 
216.244.66.227 - - [07/Mar/2018:14:20:27 -0800] "GET /self.logs/access.log.2016-11-14.gz HTTP/1.1" 404 239 "-" "Mozilla/5.0 (compatible; DotBot/1.1; http://www.opensiteexplorer.org/dotbot, help@moz.com)" 
216.244.66.227 - - [07/Mar/2018:14:20:29 -0800] "GET /self.logs/error.log.2016-07-29.gz HTTP/1.1" 404 239 "-" "Mozilla/5.0 (compatible; DotBot/1.1; http://www.opensiteexplorer.org/dotbot, help@moz.com)" 
