76.213.140.45 - - [28/Aug/2018:13:15:31 -0700] "GET /Datasets%20Description/Network/files.html HTTP/1.1" 200 1426 "-" "Mozilla/5.0 (Macintosh; Intel Mac OS X 10_13_6) AppleWebKit/605.1.15 (KHTML, like Gecko) Version/11.1.2 Safari/605.1.15" 
18.217.36.171 - - [28/Aug/2018:13:15:54 -0700] "GET / HTTP/1.1" 200 12359 "-" "Mozilla/5.0 (X11; Linux x86_64) Trident/5.0 Safari/602.1" 
76.213.140.45 - - [28/Aug/2018:13:15:53 -0700] "GET /maccdc2012/files.log.gz HTTP/1.1" 200 51408672 "-" "Mozilla/5.0 (Macintosh; Intel Mac OS X 10_13_6) AppleWebKit/605.1.15 (KHTML, like Gecko) Version/11.1.2 Safari/605.1.15" 
40.77.167.159 - - [28/Aug/2018:13:16:08 -0700] "GET /self.logs/?C=M;O=D HTTP/1.1" 200 12376 "-" "Mozilla/5.0 (compatible; bingbot/2.0; +http://www.bing.com/bingbot.htm)" 
50.206.82.175 - - [28/Aug/2018:13:16:49 -0700] "GET / HTTP/1.1" 200 12359 "-" "Mozilla/5.0 (Macintosh; Intel Mac OS X 10_13_6) AppleWebKit/537.36 (KHTML, like Gecko) Chrome/68.0.3440.106 Safari/537.36" 
50.206.82.175 - - [28/Aug/2018:13:16:49 -0700] "GET /twitter-icon.png HTTP/1.1" 200 27787 "http://www.secrepo.com/" "Mozilla/5.0 (Macintosh; Intel Mac OS X 10_13_6) AppleWebKit/537.36 (KHTML, like Gecko) Chrome/68.0.3440.106 Safari/537.36" 
50.206.82.175 - - [28/Aug/2018:13:16:49 -0700] "GET /GitHub-Mark.png HTTP/1.1" 200 7428 "http://www.secrepo.com/" "Mozilla/5.0 (Macintosh; Intel Mac OS X 10_13_6) AppleWebKit/537.36 (KHTML, like Gecko) Chrome/68.0.3440.106 Safari/537.36" 
50.206.82.175 - - [28/Aug/2018:13:16:50 -0700] "GET /bootstrap/img/favicon.ico HTTP/1.1" 200 589 "http://www.secrepo.com/" "Mozilla/5.0 (Macintosh; Intel Mac OS X 10_13_6) AppleWebKit/537.36 (KHTML, like Gecko) Chrome/68.0.3440.106 Safari/537.36" 
76.213.140.45 - - [28/Aug/2018:13:17:36 -0700] "GET /maccdc2012/ftp.log.gz HTTP/1.1" 200 128116 "http://www.secrepo.com/" "Mozilla/5.0 (Macintosh; Intel Mac OS X 10_13_6) AppleWebKit/605.1.15 (KHTML, like Gecko) Version/11.1.2 Safari/605.1.15" 
76.213.140.45 - - [28/Aug/2018:13:19:11 -0700] "GET /maccdc2012/http.log.gz HTTP/1.1" 200 54258816 "http://www.secrepo.com/" "Mozilla/5.0 (Macintosh; Intel Mac OS X 10_13_6) AppleWebKit/605.1.15 (KHTML, like Gecko) Version/11.1.2 Safari/605.1.15" 
76.213.140.45 - - [28/Aug/2018:13:19:29 -0700] "GET /Datasets%20Description/Network/ftp.html HTTP/1.1" 200 1424 "-" "Mozilla/5.0 (Macintosh; Intel Mac OS X 10_13_6) AppleWebKit/605.1.15 (KHTML, like Gecko) Version/11.1.2 Safari/605.1.15" 
76.213.140.45 - - [28/Aug/2018:13:19:41 -0700] "GET /Datasets%20Description/Network/http.html HTTP/1.1" 200 1603 "-" "Mozilla/5.0 (Macintosh; Intel Mac OS X 10_13_6) AppleWebKit/605.1.15 (KHTML, like Gecko) Version/11.1.2 Safari/605.1.15" 
31.223.31.132 - - [28/Aug/2018:13:21:58 -0700] "GET /gen204?invalidResponse=q=https%3A%2F%2Ftranslate.googleapis.com%2Ftranslate_a%2Fsingle%3Fclient%3Dgtx%26s,ql=169,r=%3C!DOCTYPE%20html%20PUBLIC%20%22-%2F%2FW3C%2F%2FDTD%20HTML%204.01%20Transitional%2F%2FEN%22%3E%0A,rl=2115 HTTP/1.1" 404 340 "http://www.secrepo.com/" "Mozilla/5.0 (X11; Linux x86_64) AppleWebKit/537.36 (KHTML, like Gecko) Chrome/68.0.3440.106 Safari/537.36" 
31.223.31.132 - - [28/Aug/2018:13:21:58 -0700] "GET /gen204?invalidResponse=q=https%3A%2F%2Ftranslate.googleapis.com%2Ftranslate_a%2Fsingle%3Fclient%3Dgtx%26s,ql=148,r=%3C!DOCTYPE%20html%20PUBLIC%20%22-%2F%2FW3C%2F%2FDTD%20HTML%204.01%20Transitional%2F%2FEN%22%3E%0A,rl=2073 HTTP/1.1" 404 339 "http://www.secrepo.com/" "Mozilla/5.0 (X11; Linux x86_64) AppleWebKit/537.36 (KHTML, like Gecko) Chrome/68.0.3440.106 Safari/537.36" 
31.223.31.132 - - [28/Aug/2018:13:22:01 -0700] "GET /gen204?invalidResponse=q=https%3A%2F%2Ftranslate.googleapis.com%2Ftranslate_a%2Fsingle%3Fclient%3Dgtx%26s,ql=171,r=%3C!DOCTYPE%20html%20PUBLIC%20%22-%2F%2FW3C%2F%2FDTD%20HTML%204.01%20Transitional%2F%2FEN%22%3E%0A,rl=2119 HTTP/1.1" 404 340 "http://www.secrepo.com/" "Mozilla/5.0 (X11; Linux x86_64) AppleWebKit/537.36 (KHTML, like Gecko) Chrome/68.0.3440.106 Safari/537.36" 
31.223.31.132 - - [28/Aug/2018:13:22:02 -0700] "GET /gen204?invalidResponse=q=https%3A%2F%2Ftranslate.googleapis.com%2Ftranslate_a%2Fsingle%3Fclient%3Dgtx%26s,ql=160,r=%3C!DOCTYPE%20html%20PUBLIC%20%22-%2F%2FW3C%2F%2FDTD%20HTML%204.01%20Transitional%2F%2FEN%22%3E%0A,rl=2097 HTTP/1.1" 404 339 "http://www.secrepo.com/" "Mozilla/5.0 (X11; Linux x86_64) AppleWebKit/537.36 (KHTML, like Gecko) Chrome/68.0.3440.106 Safari/537.36" 
31.223.31.132 - - [28/Aug/2018:13:22:04 -0700] "GET /gen204?invalidResponse=q=https%3A%2F%2Ftranslate.googleapis.com%2Ftranslate_a%2Fsingle%3Fclient%3Dgtx%26s,ql=149,r=%3C!DOCTYPE%20html%20PUBLIC%20%22-%2F%2FW3C%2F%2FDTD%20HTML%204.01%20Transitional%2F%2FEN%22%3E%0A,rl=2075 HTTP/1.1" 404 339 "http://www.secrepo.com/" "Mozilla/5.0 (X11; Linux x86_64) AppleWebKit/537.36 (KHTML, like Gecko) Chrome/68.0.3440.106 Safari/537.36" 
31.223.31.132 - - [28/Aug/2018:13:22:05 -0700] "GET /gen204?invalidResponse=q=https%3A%2F%2Ftranslate.googleapis.com%2Ftranslate_a%2Fsingle%3Fclient%3Dgtx%26s,ql=137,r=%3C!DOCTYPE%20html%20PUBLIC%20%22-%2F%2FW3C%2F%2FDTD%20HTML%204.01%20Transitional%2F%2FEN%22%3E%0A,rl=2051 HTTP/1.1" 404 339 "http://www.secrepo.com/" "Mozilla/5.0 (X11; Linux x86_64) AppleWebKit/537.36 (KHTML, like Gecko) Chrome/68.0.3440.106 Safari/537.36" 
31.223.31.132 - - [28/Aug/2018:13:22:06 -0700] "GET /gen204?invalidResponse=q=https%3A%2F%2Ftranslate.googleapis.com%2Ftranslate_a%2Fsingle%3Fclient%3Dgtx%26s,ql=153,r=%3C!DOCTYPE%20html%20PUBLIC%20%22-%2F%2FW3C%2F%2FDTD%20HTML%204.01%20Transitional%2F%2FEN%22%3E%0A,rl=2083 HTTP/1.1" 404 339 "http://www.secrepo.com/" "Mozilla/5.0 (X11; Linux x86_64) AppleWebKit/537.36 (KHTML, like Gecko) Chrome/68.0.3440.106 Safari/537.36" 
31.223.31.132 - - [28/Aug/2018:13:22:07 -0700] "GET /gen204?invalidResponse=q=https%3A%2F%2Ftranslate.googleapis.com%2Ftranslate_a%2Fsingle%3Fclient%3Dgtx%26s,ql=164,r=%3C!DOCTYPE%20html%20PUBLIC%20%22-%2F%2FW3C%2F%2FDTD%20HTML%204.01%20Transitional%2F%2FEN%22%3E%0A,rl=2105 HTTP/1.1" 404 339 "http://www.secrepo.com/" "Mozilla/5.0 (X11; Linux x86_64) AppleWebKit/537.36 (KHTML, like Gecko) Chrome/68.0.3440.106 Safari/537.36" 
31.223.31.132 - - [28/Aug/2018:13:22:10 -0700] "GET /gen204?invalidResponse=q=https%3A%2F%2Ftranslate.googleapis.com%2Ftranslate_a%2Fsingle%3Fclient%3Dgtx%26s,ql=201,r=%3C!DOCTYPE%20html%20PUBLIC%20%22-%2F%2FW3C%2F%2FDTD%20HTML%204.01%20Transitional%2F%2FEN%22%3E%0A,rl=2179 HTTP/1.1" 404 340 "http://www.secrepo.com/" "Mozilla/5.0 (X11; Linux x86_64) AppleWebKit/537.36 (KHTML, like Gecko) Chrome/68.0.3440.106 Safari/537.36" 
31.223.31.132 - - [28/Aug/2018:13:22:11 -0700] "GET /gen204?invalidResponse=q=https%3A%2F%2Ftranslate.googleapis.com%2Ftranslate_a%2Fsingle%3Fclient%3Dgtx%26s,ql=195,r=%3C!DOCTYPE%20html%20PUBLIC%20%22-%2F%2FW3C%2F%2FDTD%20HTML%204.01%20Transitional%2F%2FEN%22%3E%0A,rl=2167 HTTP/1.1" 404 339 "http://www.secrepo.com/" "Mozilla/5.0 (X11; Linux x86_64) AppleWebKit/537.36 (KHTML, like Gecko) Chrome/68.0.3440.106 Safari/537.36" 
31.223.31.132 - - [28/Aug/2018:13:22:16 -0700] "GET /gen204?invalidResponse=q=https%3A%2F%2Ftranslate.googleapis.com%2Ftranslate_a%2Fsingle%3Fclient%3Dgtx%26s,ql=200,r=%3C!DOCTYPE%20html%20PUBLIC%20%22-%2F%2FW3C%2F%2FDTD%20HTML%204.01%20Transitional%2F%2FEN%22%3E%0A,rl=2177 HTTP/1.1" 404 340 "http://www.secrepo.com/" "Mozilla/5.0 (X11; Linux x86_64) AppleWebKit/537.36 (KHTML, like Gecko) Chrome/68.0.3440.106 Safari/537.36" 
82.14.235.181 - - [28/Aug/2018:13:22:21 -0700] "GET / HTTP/1.1" 301 483 "https://t.co/pArNAxyuQQ" "Mozilla/5.0 (Windows NT 10.0; Win64; x64) AppleWebKit/537.36 (KHTML, like Gecko) Chrome/68.0.3440.106 Safari/537.36" 
82.14.235.181 - - [28/Aug/2018:13:22:21 -0700] "GET / HTTP/1.1" 200 12359 "https://t.co/pArNAxyuQQ" "Mozilla/5.0 (Windows NT 10.0; Win64; x64) AppleWebKit/537.36 (KHTML, like Gecko) Chrome/68.0.3440.106 Safari/537.36" 
82.14.235.181 - - [28/Aug/2018:13:22:21 -0700] "GET /twitter-icon.png HTTP/1.1" 200 27787 "http://www.secrepo.com/" "Mozilla/5.0 (Windows NT 10.0; Win64; x64) AppleWebKit/537.36 (KHTML, like Gecko) Chrome/68.0.3440.106 Safari/537.36" 
82.14.235.181 - - [28/Aug/2018:13:22:21 -0700] "GET /GitHub-Mark.png HTTP/1.1" 200 7427 "http://www.secrepo.com/" "Mozilla/5.0 (Windows NT 10.0; Win64; x64) AppleWebKit/537.36 (KHTML, like Gecko) Chrome/68.0.3440.106 Safari/537.36" 
82.14.235.181 - - [28/Aug/2018:13:22:22 -0700] "GET /bootstrap/img/favicon.ico HTTP/1.1" 200 589 "http://www.secrepo.com/" "Mozilla/5.0 (Windows NT 10.0; Win64; x64) AppleWebKit/537.36 (KHTML, like Gecko) Chrome/68.0.3440.106 Safari/537.36" 
31.223.31.132 - - [28/Aug/2018:13:22:23 -0700] "GET /gen204?invalidResponse=q=https%3A%2F%2Ftranslate.googleapis.com%2Ftranslate_a%2Fsingle%3Fclient%3Dgtx%26s,ql=223,r=%3C!DOCTYPE%20html%20PUBLIC%20%22-%2F%2FW3C%2F%2FDTD%20HTML%204.01%20Transitional%2F%2FEN%22%3E%0A,rl=2223 HTTP/1.1" 404 340 "http://www.secrepo.com/" "Mozilla/5.0 (X11; Linux x86_64) AppleWebKit/537.36 (KHTML, like Gecko) Chrome/68.0.3440.106 Safari/537.36" 
31.223.31.132 - - [28/Aug/2018:13:22:30 -0700] "GET /gen204?invalidResponse=q=https%3A%2F%2Ftranslate.googleapis.com%2Ftranslate_a%2Fsingle%3Fclient%3Dgtx%26s,ql=147,r=%3C!DOCTYPE%20html%20PUBLIC%20%22-%2F%2FW3C%2F%2FDTD%20HTML%204.01%20Transitional%2F%2FEN%22%3E%0A,rl=2071 HTTP/1.1" 404 340 "http://www.secrepo.com/" "Mozilla/5.0 (X11; Linux x86_64) AppleWebKit/537.36 (KHTML, like Gecko) Chrome/68.0.3440.106 Safari/537.36" 
31.223.31.132 - - [28/Aug/2018:13:22:33 -0700] "GET /gen204?invalidResponse=q=https%3A%2F%2Ftranslate.googleapis.com%2Ftranslate_a%2Fsingle%3Fclient%3Dgtx%26s,ql=140,r=%3C!DOCTYPE%20html%20PUBLIC%20%22-%2F%2FW3C%2F%2FDTD%20HTML%204.01%20Transitional%2F%2FEN%22%3E%0A,rl=2057 HTTP/1.1" 404 340 "http://www.secrepo.com/" "Mozilla/5.0 (X11; Linux x86_64) AppleWebKit/537.36 (KHTML, like Gecko) Chrome/68.0.3440.106 Safari/537.36" 
31.223.31.132 - - [28/Aug/2018:13:22:47 -0700] "GET /gen204?invalidResponse=q=https%3A%2F%2Ftranslate.googleapis.com%2Ftranslate_a%2Fsingle%3Fclient%3Dgtx%26s,ql=187,r=%3C!DOCTYPE%20html%20PUBLIC%20%22-%2F%2FW3C%2F%2FDTD%20HTML%204.01%20Transitional%2F%2FEN%22%3E%0A,rl=2151 HTTP/1.1" 404 340 "http://www.secrepo.com/" "Mozilla/5.0 (X11; Linux x86_64) AppleWebKit/537.36 (KHTML, like Gecko) Chrome/68.0.3440.106 Safari/537.36" 
31.223.31.132 - - [28/Aug/2018:13:22:59 -0700] "GET /gen204?invalidResponse=q=https%3A%2F%2Ftranslate.googleapis.com%2Ftranslate_a%2Fsingle%3Fclient%3Dgtx%26s,ql=187,r=%3C!DOCTYPE%20html%20PUBLIC%20%22-%2F%2FW3C%2F%2FDTD%20HTML%204.01%20Transitional%2F%2FEN%22%3E%0A,rl=2151 HTTP/1.1" 404 340 "http://www.secrepo.com/" "Mozilla/5.0 (X11; Linux x86_64) AppleWebKit/537.36 (KHTML, like Gecko) Chrome/68.0.3440.106 Safari/537.36" 
31.223.31.132 - - [28/Aug/2018:13:23:03 -0700] "GET /gen204?invalidResponse=q=https%3A%2F%2Ftranslate.googleapis.com%2Ftranslate_a%2Fsingle%3Fclient%3Dgtx%26s,ql=199,r=%3C!DOCTYPE%20html%20PUBLIC%20%22-%2F%2FW3C%2F%2FDTD%20HTML%204.01%20Transitional%2F%2FEN%22%3E%0A,rl=2175 HTTP/1.1" 404 340 "http://www.secrepo.com/" "Mozilla/5.0 (X11; Linux x86_64) AppleWebKit/537.36 (KHTML, like Gecko) Chrome/68.0.3440.106 Safari/537.36" 
31.223.31.132 - - [28/Aug/2018:13:23:05 -0700] "GET /gen204?invalidResponse=q=https%3A%2F%2Ftranslate.googleapis.com%2Ftranslate_a%2Fsingle%3Fclient%3Dgtx%26s,ql=269,r=%3C!DOCTYPE%20html%20PUBLIC%20%22-%2F%2FW3C%2F%2FDTD%20HTML%204.01%20Transitional%2F%2FEN%22%3E%0A,rl=2315 HTTP/1.1" 404 339 "http://www.secrepo.com/" "Mozilla/5.0 (X11; Linux x86_64) AppleWebKit/537.36 (KHTML, like Gecko) Chrome/68.0.3440.106 Safari/537.36" 
31.223.31.132 - - [28/Aug/2018:13:23:07 -0700] "GET /gen204?invalidResponse=q=https%3A%2F%2Ftranslate.googleapis.com%2Ftranslate_a%2Fsingle%3Fclient%3Dgtx%26s,ql=222,r=%3C!DOCTYPE%20html%20PUBLIC%20%22-%2F%2FW3C%2F%2FDTD%20HTML%204.01%20Transitional%2F%2FEN%22%3E%0A,rl=2221 HTTP/1.1" 404 340 "http://www.secrepo.com/" "Mozilla/5.0 (X11; Linux x86_64) AppleWebKit/537.36 (KHTML, like Gecko) Chrome/68.0.3440.106 Safari/537.36" 
31.223.31.132 - - [28/Aug/2018:13:23:10 -0700] "GET /gen204?invalidResponse=q=https%3A%2F%2Ftranslate.googleapis.com%2Ftranslate_a%2Fsingle%3Fclient%3Dgtx%26s,ql=150,r=%3C!DOCTYPE%20html%20PUBLIC%20%22-%2F%2FW3C%2F%2FDTD%20HTML%204.01%20Transitional%2F%2FEN%22%3E%0A,rl=2077 HTTP/1.1" 404 340 "http://www.secrepo.com/" "Mozilla/5.0 (X11; Linux x86_64) AppleWebKit/537.36 (KHTML, like Gecko) Chrome/68.0.3440.106 Safari/537.36" 
31.223.31.132 - - [28/Aug/2018:13:23:12 -0700] "GET /gen204?invalidResponse=q=https%3A%2F%2Ftranslate.googleapis.com%2Ftranslate_a%2Fsingle%3Fclient%3Dgtx%26s,ql=152,r=%3C!DOCTYPE%20html%20PUBLIC%20%22-%2F%2FW3C%2F%2FDTD%20HTML%204.01%20Transitional%2F%2FEN%22%3E%0A,rl=2081 HTTP/1.1" 404 339 "http://www.secrepo.com/" "Mozilla/5.0 (X11; Linux x86_64) AppleWebKit/537.36 (KHTML, like Gecko) Chrome/68.0.3440.106 Safari/537.36" 
31.223.31.132 - - [28/Aug/2018:13:23:14 -0700] "GET /gen204?invalidResponse=q=https%3A%2F%2Ftranslate.googleapis.com%2Ftranslate_a%2Fsingle%3Fclient%3Dgtx%26s,ql=204,r=%3C!DOCTYPE%20html%20PUBLIC%20%22-%2F%2FW3C%2F%2FDTD%20HTML%204.01%20Transitional%2F%2FEN%22%3E%0A,rl=2185 HTTP/1.1" 404 339 "http://www.secrepo.com/" "Mozilla/5.0 (X11; Linux x86_64) AppleWebKit/537.36 (KHTML, like Gecko) Chrome/68.0.3440.106 Safari/537.36" 
31.223.31.132 - - [28/Aug/2018:13:23:39 -0700] "GET /gen204?invalidResponse=q=https%3A%2F%2Ftranslate.googleapis.com%2Ftranslate_a%2Fsingle%3Fclient%3Dgtx%26s,ql=146,r=%3C!DOCTYPE%20html%20PUBLIC%20%22-%2F%2FW3C%2F%2FDTD%20HTML%204.01%20Transitional%2F%2FEN%22%3E%0A,rl=2069 HTTP/1.1" 404 340 "http://www.secrepo.com/" "Mozilla/5.0 (X11; Linux x86_64) AppleWebKit/537.36 (KHTML, like Gecko) Chrome/68.0.3440.106 Safari/537.36" 
31.223.31.132 - - [28/Aug/2018:13:23:41 -0700] "GET /gen204?invalidResponse=q=https%3A%2F%2Ftranslate.googleapis.com%2Ftranslate_a%2Fsingle%3Fclient%3Dgtx%26s,ql=150,r=%3C!DOCTYPE%20html%20PUBLIC%20%22-%2F%2FW3C%2F%2FDTD%20HTML%204.01%20Transitional%2F%2FEN%22%3E%0A,rl=2077 HTTP/1.1" 404 339 "http://www.secrepo.com/" "Mozilla/5.0 (X11; Linux x86_64) AppleWebKit/537.36 (KHTML, like Gecko) Chrome/68.0.3440.106 Safari/537.36" 
31.223.31.132 - - [28/Aug/2018:13:23:42 -0700] "GET /gen204?invalidResponse=q=https%3A%2F%2Ftranslate.googleapis.com%2Ftranslate_a%2Fsingle%3Fclient%3Dgtx%26s,ql=146,r=%3C!DOCTYPE%20html%20PUBLIC%20%22-%2F%2FW3C%2F%2FDTD%20HTML%204.01%20Transitional%2F%2FEN%22%3E%0A,rl=2069 HTTP/1.1" 404 339 "http://www.secrepo.com/" "Mozilla/5.0 (X11; Linux x86_64) AppleWebKit/537.36 (KHTML, like Gecko) Chrome/68.0.3440.106 Safari/537.36" 
31.223.31.132 - - [28/Aug/2018:13:23:49 -0700] "GET /gen204?invalidResponse=q=https%3A%2F%2Ftranslate.googleapis.com%2Ftranslate_a%2Fsingle%3Fclient%3Dgtx%26s,ql=264,r=%3C!DOCTYPE%20html%20PUBLIC%20%22-%2F%2FW3C%2F%2FDTD%20HTML%204.01%20Transitional%2F%2FEN%22%3E%0A,rl=2305 HTTP/1.1" 404 340 "http://www.secrepo.com/" "Mozilla/5.0 (X11; Linux x86_64) AppleWebKit/537.36 (KHTML, like Gecko) Chrome/68.0.3440.106 Safari/537.36" 
31.223.31.132 - - [28/Aug/2018:13:23:50 -0700] "GET /gen204?invalidResponse=q=https%3A%2F%2Ftranslate.googleapis.com%2Ftranslate_a%2Fsingle%3Fclient%3Dgtx%26s,ql=290,r=%3C!DOCTYPE%20html%20PUBLIC%20%22-%2F%2FW3C%2F%2FDTD%20HTML%204.01%20Transitional%2F%2FEN%22%3E%0A,rl=2357 HTTP/1.1" 404 339 "http://www.secrepo.com/" "Mozilla/5.0 (X11; Linux x86_64) AppleWebKit/537.36 (KHTML, like Gecko) Chrome/68.0.3440.106 Safari/537.36" 
31.223.31.132 - - [28/Aug/2018:13:23:52 -0700] "GET /gen204?invalidResponse=q=https%3A%2F%2Ftranslate.googleapis.com%2Ftranslate_a%2Fsingle%3Fclient%3Dgtx%26s,ql=202,r=%3C!DOCTYPE%20html%20PUBLIC%20%22-%2F%2FW3C%2F%2FDTD%20HTML%204.01%20Transitional%2F%2FEN%22%3E%0A,rl=2181 HTTP/1.1" 404 339 "http://www.secrepo.com/" "Mozilla/5.0 (X11; Linux x86_64) AppleWebKit/537.36 (KHTML, like Gecko) Chrome/68.0.3440.106 Safari/537.36" 
31.223.31.132 - - [28/Aug/2018:13:24:14 -0700] "GET /gen204?invalidResponse=q=https%3A%2F%2Ftranslate.googleapis.com%2Ftranslate_a%2Fsingle%3Fclient%3Dgtx%26s,ql=160,r=%3C!DOCTYPE%20html%20PUBLIC%20%22-%2F%2FW3C%2F%2FDTD%20HTML%204.01%20Transitional%2F%2FEN%22%3E%0A,rl=2097 HTTP/1.1" 404 340 "http://www.secrepo.com/" "Mozilla/5.0 (X11; Linux x86_64) AppleWebKit/537.36 (KHTML, like Gecko) Chrome/68.0.3440.106 Safari/537.36" 
31.223.31.132 - - [28/Aug/2018:13:24:19 -0700] "GET /gen204?invalidResponse=q=https%3A%2F%2Ftranslate.googleapis.com%2Ftranslate_a%2Fsingle%3Fclient%3Dgtx%26s,ql=362,r=%3C!DOCTYPE%20html%20PUBLIC%20%22-%2F%2FW3C%2F%2FDTD%20HTML%204.01%20Transitional%2F%2FEN%22%3E%0A,rl=2501 HTTP/1.1" 404 340 "http://www.secrepo.com/" "Mozilla/5.0 (X11; Linux x86_64) AppleWebKit/537.36 (KHTML, like Gecko) Chrome/68.0.3440.106 Safari/537.36" 
31.223.31.132 - - [28/Aug/2018:13:24:29 -0700] "GET /gen204?invalidResponse=q=https%3A%2F%2Ftranslate.googleapis.com%2Ftranslate_a%2Fsingle%3Fclient%3Dgtx%26s,ql=229,r=%3C!DOCTYPE%20html%20PUBLIC%20%22-%2F%2FW3C%2F%2FDTD%20HTML%204.01%20Transitional%2F%2FEN%22%3E%0A,rl=2235 HTTP/1.1" 404 340 "http://www.secrepo.com/" "Mozilla/5.0 (X11; Linux x86_64) AppleWebKit/537.36 (KHTML, like Gecko) Chrome/68.0.3440.106 Safari/537.36" 
31.223.31.132 - - [28/Aug/2018:13:24:31 -0700] "GET /gen204?invalidResponse=q=https%3A%2F%2Ftranslate.googleapis.com%2Ftranslate_a%2Fsingle%3Fclient%3Dgtx%26s,ql=235,r=%3C!DOCTYPE%20html%20PUBLIC%20%22-%2F%2FW3C%2F%2FDTD%20HTML%204.01%20Transitional%2F%2FEN%22%3E%0A,rl=2247 HTTP/1.1" 404 340 "http://www.secrepo.com/" "Mozilla/5.0 (X11; Linux x86_64) AppleWebKit/537.36 (KHTML, like Gecko) Chrome/68.0.3440.106 Safari/537.36" 
31.223.31.132 - - [28/Aug/2018:13:24:33 -0700] "GET /gen204?invalidResponse=q=https%3A%2F%2Ftranslate.googleapis.com%2Ftranslate_a%2Fsingle%3Fclient%3Dgtx%26s,ql=269,r=%3C!DOCTYPE%20html%20PUBLIC%20%22-%2F%2FW3C%2F%2FDTD%20HTML%204.01%20Transitional%2F%2FEN%22%3E%0A,rl=2315 HTTP/1.1" 404 339 "http://www.secrepo.com/" "Mozilla/5.0 (X11; Linux x86_64) AppleWebKit/537.36 (KHTML, like Gecko) Chrome/68.0.3440.106 Safari/537.36" 
40.77.167.38 - - [28/Aug/2018:13:25:01 -0700] "GET /self.logs/error.log.2018-08-25.gz HTTP/1.1" 200 6889 "-" "Mozilla/5.0 (compatible; bingbot/2.0; +http://www.bing.com/bingbot.htm)" 
31.223.31.132 - - [28/Aug/2018:13:26:01 -0700] "GET /gen204?invalidResponse=q=https%3A%2F%2Ftranslate.googleapis.com%2Ftranslate_a%2Fsingle%3Fclient%3Dgtx%26s,ql=170,r=%3C!DOCTYPE%20html%20PUBLIC%20%22-%2F%2FW3C%2F%2FDTD%20HTML%204.01%20Transitional%2F%2FEN%22%3E%0A,rl=2117 HTTP/1.1" 404 340 "http://www.secrepo.com/" "Mozilla/5.0 (X11; Linux x86_64) AppleWebKit/537.36 (KHTML, like Gecko) Chrome/68.0.3440.106 Safari/537.36" 
31.223.31.132 - - [28/Aug/2018:13:26:05 -0700] "GET /gen204?invalidResponse=q=https%3A%2F%2Ftranslate.googleapis.com%2Ftranslate_a%2Fsingle%3Fclient%3Dgtx%26s,ql=207,r=%3C!DOCTYPE%20html%20PUBLIC%20%22-%2F%2FW3C%2F%2FDTD%20HTML%204.01%20Transitional%2F%2FEN%22%3E%0A,rl=2191 HTTP/1.1" 404 340 "http://www.secrepo.com/" "Mozilla/5.0 (X11; Linux x86_64) AppleWebKit/537.36 (KHTML, like Gecko) Chrome/68.0.3440.106 Safari/537.36" 
76.213.140.45 - - [28/Aug/2018:13:26:30 -0700] "GET /Datasets%20Description/HTML_Bro_log_1 HTTP/1.1" 301 552 "-" "Mozilla/5.0 (Macintosh; Intel Mac OS X 10_13_6) AppleWebKit/605.1.15 (KHTML, like Gecko) Version/11.1.2 Safari/605.1.15" 
76.213.140.45 - - [28/Aug/2018:13:26:30 -0700] "GET /Datasets%20Description/HTML_Bro_log_1/ HTTP/1.1" 200 733 "-" "Mozilla/5.0 (Macintosh; Intel Mac OS X 10_13_6) AppleWebKit/605.1.15 (KHTML, like Gecko) Version/11.1.2 Safari/605.1.15" 
76.213.140.45 - - [28/Aug/2018:13:26:41 -0700] "GET /Datasets%20Description/HTML_Bro_log_2 HTTP/1.1" 301 552 "-" "Mozilla/5.0 (Macintosh; Intel Mac OS X 10_13_6) AppleWebKit/605.1.15 (KHTML, like Gecko) Version/11.1.2 Safari/605.1.15" 
76.213.140.45 - - [28/Aug/2018:13:26:41 -0700] "GET /Datasets%20Description/HTML_Bro_log_2/ HTTP/1.1" 200 732 "-" "Mozilla/5.0 (Macintosh; Intel Mac OS X 10_13_6) AppleWebKit/605.1.15 (KHTML, like Gecko) Version/11.1.2 Safari/605.1.15" 
157.55.39.204 - - [28/Aug/2018:13:26:50 -0700] "GET /self.logs/access.log.2017-02-07.gz HTTP/1.1" 304 189 "-" "Mozilla/5.0 (compatible; bingbot/2.0; +http://www.bing.com/bingbot.htm)" 
76.213.140.45 - - [28/Aug/2018:13:27:05 -0700] "GET /misc/zeus_dga_domains.txt.zip HTTP/1.1" 200 594360 "-" "Mozilla/5.0 (Macintosh; Intel Mac OS X 10_13_6) AppleWebKit/605.1.15 (KHTML, like Gecko) Version/11.1.2 Safari/605.1.15" 
69.92.4.52 - - [28/Aug/2018:13:27:17 -0700] "GET / HTTP/1.1" 200 12359 "https://www.bing.com/" "Mozilla/5.0 (Windows NT 10.0; Win64; x64) AppleWebKit/537.36 (KHTML, like Gecko) Chrome/64.0.3282.140 Safari/537.36 Edge/17.17134" 
69.92.4.52 - - [28/Aug/2018:13:27:17 -0700] "GET /twitter-icon.png HTTP/1.1" 200 27787 "http://www.secrepo.com/" "Mozilla/5.0 (Windows NT 10.0; Win64; x64) AppleWebKit/537.36 (KHTML, like Gecko) Chrome/64.0.3282.140 Safari/537.36 Edge/17.17134" 
69.92.4.52 - - [28/Aug/2018:13:27:17 -0700] "GET /GitHub-Mark.png HTTP/1.1" 200 7428 "http://www.secrepo.com/" "Mozilla/5.0 (Windows NT 10.0; Win64; x64) AppleWebKit/537.36 (KHTML, like Gecko) Chrome/64.0.3282.140 Safari/537.36 Edge/17.17134" 
69.92.4.52 - - [28/Aug/2018:13:27:18 -0700] "GET /bootstrap/img/favicon.ico HTTP/1.1" 200 590 "-" "Mozilla/5.0 (Windows NT 10.0; Win64; x64) AppleWebKit/537.36 (KHTML, like Gecko) Chrome/64.0.3282.140 Safari/537.36 Edge/17.17134" 
69.92.4.52 - - [28/Aug/2018:13:28:24 -0700] "GET /honeypot/honeypot.json.zip HTTP/1.1" 200 23085976 "http://www.secrepo.com/" "Mozilla/5.0 (Windows NT 10.0; Win64; x64) AppleWebKit/537.36 (KHTML, like Gecko) Chrome/64.0.3282.140 Safari/537.36 Edge/17.17134" 
69.92.4.52 - - [28/Aug/2018:13:28:24 -0700] "GET /honeypot/honeypot.json.zip HTTP/1.1" 200 23085976 "http://www.secrepo.com/" "Mozilla/5.0 (Windows NT 10.0; Win64; x64) AppleWebKit/537.36 (KHTML, like Gecko) Chrome/64.0.3282.140 Safari/537.36 Edge/17.17134" 
14.215.176.141 - - [28/Aug/2018:13:30:23 -0700] "GET / HTTP/1.1" 200 12359 "http://www.baidu.com/s?wd=vowelc1i" "Mozilla/5.0 (Windows NT 6.1; WOW64; rv:43.0) Gecko/20100101 Firefox/43.0" 
31.223.31.132 - - [28/Aug/2018:13:31:00 -0700] "GET /gen204?invalidResponse=q=https%3A%2F%2Ftranslate.googleapis.com%2Ftranslate_a%2Fsingle%3Fclient%3Dgtx%26s,ql=206,r=%3C!DOCTYPE%20html%20PUBLIC%20%22-%2F%2FW3C%2F%2FDTD%20HTML%204.01%20Transitional%2F%2FEN%22%3E%0A,rl=2189 HTTP/1.1" 404 340 "http://www.secrepo.com/" "Mozilla/5.0 (X11; Linux x86_64) AppleWebKit/537.36 (KHTML, like Gecko) Chrome/68.0.3440.106 Safari/537.36" 
31.223.31.132 - - [28/Aug/2018:13:31:15 -0700] "GET /gen204?invalidResponse=q=https%3A%2F%2Ftranslate.googleapis.com%2Ftranslate_a%2Fsingle%3Fclient%3Dgtx%26s,ql=204,r=%3C!DOCTYPE%20html%20PUBLIC%20%22-%2F%2FW3C%2F%2FDTD%20HTML%204.01%20Transitional%2F%2FEN%22%3E%0A,rl=2185 HTTP/1.1" 404 340 "http://www.secrepo.com/" "Mozilla/5.0 (X11; Linux x86_64) AppleWebKit/537.36 (KHTML, like Gecko) Chrome/68.0.3440.106 Safari/537.36" 
31.223.31.132 - - [28/Aug/2018:13:31:24 -0700] "GET /gen204?invalidResponse=q=https%3A%2F%2Ftranslate.googleapis.com%2Ftranslate_a%2Fsingle%3Fclient%3Dgtx%26s,ql=362,r=%3C!DOCTYPE%20html%20PUBLIC%20%22-%2F%2FW3C%2F%2FDTD%20HTML%204.01%20Transitional%2F%2FEN%22%3E%0A,rl=2501 HTTP/1.1" 404 340 "http://www.secrepo.com/" "Mozilla/5.0 (X11; Linux x86_64) AppleWebKit/537.36 (KHTML, like Gecko) Chrome/68.0.3440.106 Safari/537.36" 
31.223.31.132 - - [28/Aug/2018:13:31:25 -0700] "GET /gen204?invalidResponse=q=https%3A%2F%2Ftranslate.googleapis.com%2Ftranslate_a%2Fsingle%3Fclient%3Dgtx%26s,ql=386,r=%3C!DOCTYPE%20html%20PUBLIC%20%22-%2F%2FW3C%2F%2FDTD%20HTML%204.01%20Transitional%2F%2FEN%22%3E%0A,rl=2549 HTTP/1.1" 404 339 "http://www.secrepo.com/" "Mozilla/5.0 (X11; Linux x86_64) AppleWebKit/537.36 (KHTML, like Gecko) Chrome/68.0.3440.106 Safari/537.36" 
31.223.31.132 - - [28/Aug/2018:13:31:27 -0700] "GET /gen204?invalidResponse=q=https%3A%2F%2Ftranslate.googleapis.com%2Ftranslate_a%2Fsingle%3Fclient%3Dgtx%26s,ql=146,r=%3C!DOCTYPE%20html%20PUBLIC%20%22-%2F%2FW3C%2F%2FDTD%20HTML%204.01%20Transitional%2F%2FEN%22%3E%0A,rl=2069 HTTP/1.1" 404 339 "http://www.secrepo.com/" "Mozilla/5.0 (X11; Linux x86_64) AppleWebKit/537.36 (KHTML, like Gecko) Chrome/68.0.3440.106 Safari/537.36" 
31.223.31.132 - - [28/Aug/2018:13:31:27 -0700] "GET /gen204?invalidResponse=q=https%3A%2F%2Ftranslate.googleapis.com%2Ftranslate_a%2Fsingle%3Fclient%3Dgtx%26s,ql=149,r=%3C!DOCTYPE%20html%20PUBLIC%20%22-%2F%2FW3C%2F%2FDTD%20HTML%204.01%20Transitional%2F%2FEN%22%3E%0A,rl=2075 HTTP/1.1" 404 339 "http://www.secrepo.com/" "Mozilla/5.0 (X11; Linux x86_64) AppleWebKit/537.36 (KHTML, like Gecko) Chrome/68.0.3440.106 Safari/537.36" 
31.223.31.132 - - [28/Aug/2018:13:31:28 -0700] "GET /gen204?invalidResponse=q=https%3A%2F%2Ftranslate.googleapis.com%2Ftranslate_a%2Fsingle%3Fclient%3Dgtx%26s,ql=158,r=%3C!DOCTYPE%20html%20PUBLIC%20%22-%2F%2FW3C%2F%2FDTD%20HTML%204.01%20Transitional%2F%2FEN%22%3E%0A,rl=2093 HTTP/1.1" 404 339 "http://www.secrepo.com/" "Mozilla/5.0 (X11; Linux x86_64) AppleWebKit/537.36 (KHTML, like Gecko) Chrome/68.0.3440.106 Safari/537.36" 
31.223.31.132 - - [28/Aug/2018:13:31:33 -0700] "GET /gen204?invalidResponse=q=https%3A%2F%2Ftranslate.googleapis.com%2Ftranslate_a%2Fsingle%3Fclient%3Dgtx%26s,ql=158,r=%3C!DOCTYPE%20html%20PUBLIC%20%22-%2F%2FW3C%2F%2FDTD%20HTML%204.01%20Transitional%2F%2FEN%22%3E%0A,rl=2093 HTTP/1.1" 404 340 "http://www.secrepo.com/" "Mozilla/5.0 (X11; Linux x86_64) AppleWebKit/537.36 (KHTML, like Gecko) Chrome/68.0.3440.106 Safari/537.36" 
31.223.31.132 - - [28/Aug/2018:13:31:36 -0700] "GET /gen204?invalidResponse=q=https%3A%2F%2Ftranslate.googleapis.com%2Ftranslate_a%2Fsingle%3Fclient%3Dgtx%26s,ql=250,r=%3C!DOCTYPE%20html%20PUBLIC%20%22-%2F%2FW3C%2F%2FDTD%20HTML%204.01%20Transitional%2F%2FEN%22%3E%0A,rl=2277 HTTP/1.1" 404 340 "http://www.secrepo.com/" "Mozilla/5.0 (X11; Linux x86_64) AppleWebKit/537.36 (KHTML, like Gecko) Chrome/68.0.3440.106 Safari/537.36" 
31.223.31.132 - - [28/Aug/2018:13:31:39 -0700] "GET /gen204?invalidResponse=q=https%3A%2F%2Ftranslate.googleapis.com%2Ftranslate_a%2Fsingle%3Fclient%3Dgtx%26s,ql=157,r=%3C!DOCTYPE%20html%20PUBLIC%20%22-%2F%2FW3C%2F%2FDTD%20HTML%204.01%20Transitional%2F%2FEN%22%3E%0A,rl=2091 HTTP/1.1" 404 340 "http://www.secrepo.com/" "Mozilla/5.0 (X11; Linux x86_64) AppleWebKit/537.36 (KHTML, like Gecko) Chrome/68.0.3440.106 Safari/537.36" 
216.244.66.245 - - [28/Aug/2018:13:31:41 -0700] "GET /robots.txt HTTP/1.1" 200 233 "-" "Mozilla/5.0 (compatible; DotBot/1.1; http://www.opensiteexplorer.org/dotbot, help@moz.com)" 
31.223.31.132 - - [28/Aug/2018:13:31:49 -0700] "GET /gen204?invalidResponse=q=https%3A%2F%2Ftranslate.googleapis.com%2Ftranslate_a%2Fsingle%3Fclient%3Dgtx%26s,ql=209,r=%3C!DOCTYPE%20html%20PUBLIC%20%22-%2F%2FW3C%2F%2FDTD%20HTML%204.01%20Transitional%2F%2FEN%22%3E%0A,rl=2195 HTTP/1.1" 404 340 "http://www.secrepo.com/" "Mozilla/5.0 (X11; Linux x86_64) AppleWebKit/537.36 (KHTML, like Gecko) Chrome/68.0.3440.106 Safari/537.36" 
31.223.31.132 - - [28/Aug/2018:13:31:51 -0700] "GET /gen204?invalidResponse=q=https%3A%2F%2Ftranslate.googleapis.com%2Ftranslate_a%2Fsingle%3Fclient%3Dgtx%26s,ql=201,r=%3C!DOCTYPE%20html%20PUBLIC%20%22-%2F%2FW3C%2F%2FDTD%20HTML%204.01%20Transitional%2F%2FEN%22%3E%0A,rl=2179 HTTP/1.1" 404 340 "http://www.secrepo.com/" "Mozilla/5.0 (X11; Linux x86_64) AppleWebKit/537.36 (KHTML, like Gecko) Chrome/68.0.3440.106 Safari/537.36" 
31.223.31.132 - - [28/Aug/2018:13:31:55 -0700] "GET /gen204?invalidResponse=q=https%3A%2F%2Ftranslate.googleapis.com%2Ftranslate_a%2Fsingle%3Fclient%3Dgtx%26s,ql=159,r=%3C!DOCTYPE%20html%20PUBLIC%20%22-%2F%2FW3C%2F%2FDTD%20HTML%204.01%20Transitional%2F%2FEN%22%3E%0A,rl=2095 HTTP/1.1" 404 340 "http://www.secrepo.com/" "Mozilla/5.0 (X11; Linux x86_64) AppleWebKit/537.36 (KHTML, like Gecko) Chrome/68.0.3440.106 Safari/537.36" 
31.223.31.132 - - [28/Aug/2018:13:31:59 -0700] "GET /gen204?invalidResponse=q=https%3A%2F%2Ftranslate.googleapis.com%2Ftranslate_a%2Fsingle%3Fclient%3Dgtx%26s,ql=201,r=%3C!DOCTYPE%20html%20PUBLIC%20%22-%2F%2FW3C%2F%2FDTD%20HTML%204.01%20Transitional%2F%2FEN%22%3E%0A,rl=2179 HTTP/1.1" 404 340 "http://www.secrepo.com/" "Mozilla/5.0 (X11; Linux x86_64) AppleWebKit/537.36 (KHTML, like Gecko) Chrome/68.0.3440.106 Safari/537.36" 
31.223.31.132 - - [28/Aug/2018:13:32:04 -0700] "GET /gen204?invalidResponse=q=https%3A%2F%2Ftranslate.googleapis.com%2Ftranslate_a%2Fsingle%3Fclient%3Dgtx%26s,ql=201,r=%3C!DOCTYPE%20html%20PUBLIC%20%22-%2F%2FW3C%2F%2FDTD%20HTML%204.01%20Transitional%2F%2FEN%22%3E%0A,rl=2179 HTTP/1.1" 404 340 "http://www.secrepo.com/" "Mozilla/5.0 (X11; Linux x86_64) AppleWebKit/537.36 (KHTML, like Gecko) Chrome/68.0.3440.106 Safari/537.36" 
31.223.31.132 - - [28/Aug/2018:13:32:06 -0700] "GET /gen204?invalidResponse=q=https%3A%2F%2Ftranslate.googleapis.com%2Ftranslate_a%2Fsingle%3Fclient%3Dgtx%26s,ql=135,r=%3C!DOCTYPE%20html%20PUBLIC%20%22-%2F%2FW3C%2F%2FDTD%20HTML%204.01%20Transitional%2F%2FEN%22%3E%0A,rl=2047 HTTP/1.1" 404 339 "http://www.secrepo.com/" "Mozilla/5.0 (X11; Linux x86_64) AppleWebKit/537.36 (KHTML, like Gecko) Chrome/68.0.3440.106 Safari/537.36" 
31.223.31.132 - - [28/Aug/2018:13:32:09 -0700] "GET /gen204?invalidResponse=q=https%3A%2F%2Ftranslate.googleapis.com%2Ftranslate_a%2Fsingle%3Fclient%3Dgtx%26s,ql=209,r=%3C!DOCTYPE%20html%20PUBLIC%20%22-%2F%2FW3C%2F%2FDTD%20HTML%204.01%20Transitional%2F%2FEN%22%3E%0A,rl=2195 HTTP/1.1" 404 340 "http://www.secrepo.com/" "Mozilla/5.0 (X11; Linux x86_64) AppleWebKit/537.36 (KHTML, like Gecko) Chrome/68.0.3440.106 Safari/537.36" 
31.223.31.132 - - [28/Aug/2018:13:32:11 -0700] "GET /gen204?invalidResponse=q=https%3A%2F%2Ftranslate.googleapis.com%2Ftranslate_a%2Fsingle%3Fclient%3Dgtx%26s,ql=201,r=%3C!DOCTYPE%20html%20PUBLIC%20%22-%2F%2FW3C%2F%2FDTD%20HTML%204.01%20Transitional%2F%2FEN%22%3E%0A,rl=2179 HTTP/1.1" 404 339 "http://www.secrepo.com/" "Mozilla/5.0 (X11; Linux x86_64) AppleWebKit/537.36 (KHTML, like Gecko) Chrome/68.0.3440.106 Safari/537.36" 
31.223.31.132 - - [28/Aug/2018:13:32:44 -0700] "GET /gen204?invalidResponse=q=https%3A%2F%2Ftranslate.googleapis.com%2Ftranslate_a%2Fsingle%3Fclient%3Dgtx%26s,ql=290,r=%3C!DOCTYPE%20html%20PUBLIC%20%22-%2F%2FW3C%2F%2FDTD%20HTML%204.01%20Transitional%2F%2FEN%22%3E%0A,rl=2357 HTTP/1.1" 404 340 "http://www.secrepo.com/" "Mozilla/5.0 (X11; Linux x86_64) AppleWebKit/537.36 (KHTML, like Gecko) Chrome/68.0.3440.106 Safari/537.36" 
31.223.31.132 - - [28/Aug/2018:13:32:46 -0700] "GET /gen204?invalidResponse=q=https%3A%2F%2Ftranslate.googleapis.com%2Ftranslate_a%2Fsingle%3Fclient%3Dgtx%26s,ql=290,r=%3C!DOCTYPE%20html%20PUBLIC%20%22-%2F%2FW3C%2F%2FDTD%20HTML%204.01%20Transitional%2F%2FEN%22%3E%0A,rl=2357 HTTP/1.1" 404 339 "http://www.secrepo.com/" "Mozilla/5.0 (X11; Linux x86_64) AppleWebKit/537.36 (KHTML, like Gecko) Chrome/68.0.3440.106 Safari/537.36" 
31.223.31.132 - - [28/Aug/2018:13:32:48 -0700] "GET /gen204?invalidResponse=q=https%3A%2F%2Ftranslate.googleapis.com%2Ftranslate_a%2Fsingle%3Fclient%3Dgtx%26s,ql=290,r=%3C!DOCTYPE%20html%20PUBLIC%20%22-%2F%2FW3C%2F%2FDTD%20HTML%204.01%20Transitional%2F%2FEN%22%3E%0A,rl=2357 HTTP/1.1" 404 339 "http://www.secrepo.com/" "Mozilla/5.0 (X11; Linux x86_64) AppleWebKit/537.36 (KHTML, like Gecko) Chrome/68.0.3440.106 Safari/537.36" 
69.92.4.52 - - [28/Aug/2018:13:33:06 -0700] "GET / HTTP/1.1" 200 12359 "https://www.google.com/" "Mozilla/5.0 (Windows NT 10.0; Win64; x64) AppleWebKit/537.36 (KHTML, like Gecko) Chrome/68.0.3440.106 Safari/537.36" 
69.92.4.52 - - [28/Aug/2018:13:33:06 -0700] "GET /twitter-icon.png HTTP/1.1" 200 27787 "http://www.secrepo.com/" "Mozilla/5.0 (Windows NT 10.0; Win64; x64) AppleWebKit/537.36 (KHTML, like Gecko) Chrome/68.0.3440.106 Safari/537.36" 
69.92.4.52 - - [28/Aug/2018:13:33:06 -0700] "GET /GitHub-Mark.png HTTP/1.1" 200 7428 "http://www.secrepo.com/" "Mozilla/5.0 (Windows NT 10.0; Win64; x64) AppleWebKit/537.36 (KHTML, like Gecko) Chrome/68.0.3440.106 Safari/537.36" 
69.92.4.52 - - [28/Aug/2018:13:33:08 -0700] "GET /bootstrap/img/favicon.ico HTTP/1.1" 200 590 "http://www.secrepo.com/" "Mozilla/5.0 (Windows NT 10.0; Win64; x64) AppleWebKit/537.36 (KHTML, like Gecko) Chrome/68.0.3440.106 Safari/537.36" 
202.179.186.7 - - [28/Aug/2018:13:35:49 -0700] "GET /wp-login.php HTTP/1.1" 418 732 "-" "Mozilla/5.0 (Windows NT 6.1; WOW64; rv:40.0) Gecko/20100101 Firefox/40.1" 
202.179.186.7 - - [28/Aug/2018:13:35:50 -0700] "GET / HTTP/1.1" 418 732 "-" "Mozilla/5.0 (Windows NT 6.1; WOW64; rv:40.0) Gecko/20100101 Firefox/40.1" 
217.104.108.171 - - [28/Aug/2018:13:38:39 -0700] "GET /bootstrap/img/favicon.ico HTTP/1.1" 200 590 "-" "Mozilla/5.0 (X11; Ubuntu; Linux x86_64; rv:61.0) Gecko/20100101 Firefox/61.0" 
79.108.73.232 - - [28/Aug/2018:13:38:41 -0700] "GET / HTTP/1.1" 200 12359 "https://www.google.es/" "Mozilla/5.0 (iPad; CPU OS 11_4_1 like Mac OS X) AppleWebKit/605.1.15 (KHTML, like Gecko) Version/11.0 Mobile/15E148 Safari/604.1" 
79.108.73.232 - - [28/Aug/2018:13:38:41 -0700] "GET /twitter-icon.png HTTP/1.1" 200 27787 "http://www.secrepo.com/" "Mozilla/5.0 (iPad; CPU OS 11_4_1 like Mac OS X) AppleWebKit/605.1.15 (KHTML, like Gecko) Version/11.0 Mobile/15E148 Safari/604.1" 
79.108.73.232 - - [28/Aug/2018:13:38:41 -0700] "GET /GitHub-Mark.png HTTP/1.1" 200 7428 "http://www.secrepo.com/" "Mozilla/5.0 (iPad; CPU OS 11_4_1 like Mac OS X) AppleWebKit/605.1.15 (KHTML, like Gecko) Version/11.0 Mobile/15E148 Safari/604.1" 
217.104.108.171 - - [28/Aug/2018:13:38:50 -0700] "GET /tg/tg_snort_fast.7z HTTP/1.1" 200 846320 "-" "Wget/1.19.4 (linux-gnu)" 
217.104.108.171 - - [28/Aug/2018:13:39:06 -0700] "GET /tg/tg_snort_fast.7z HTTP/1.1" 200 4274093 "-" "Wget/1.19.4 (linux-gnu)" 
123.125.67.165 - - [28/Aug/2018:13:40:37 -0700] "GET /robots.txt HTTP/1.1" 200 297 "-" "Mozilla/5.0 (Windows NT 10.0; WOW64) AppleWebKit/537.36 (KHTML, like Gecko) Chrome/45.0.2454.93 Safari/537.36" 
123.125.71.86 - - [28/Aug/2018:13:40:39 -0700] "GET /robots.txt HTTP/1.1" 200 297 "-" "Mozilla/5.0 (compatible; Baiduspider/2.0; +http://www.baidu.com/search/spider.html)" 
123.125.67.159 - - [28/Aug/2018:13:40:41 -0700] "GET /robots.txt HTTP/1.1" 200 297 "-" "Mozilla/5.0 (Windows NT 10.0; WOW64) AppleWebKit/537.36 (KHTML, like Gecko) Chrome/45.0.2454.93 Safari/537.36" 
217.104.108.171 - - [28/Aug/2018:13:43:07 -0700] "GET /tg/tg_snort_full.7z HTTP/1.1" 200 8847794 "-" "Wget/1.19.4 (linux-gnu)" 
217.104.108.171 - - [28/Aug/2018:13:44:02 -0700] "GET /maccdc2012/maccdc2012_full_alert.7z HTTP/1.1" 200 24978942 "-" "Wget/1.19.4 (linux-gnu)" 
217.104.108.171 - - [28/Aug/2018:13:44:26 -0700] "GET /maccdc2012/maccdc2012_fast_alert.7z HTTP/1.1" 200 9478149 "-" "Wget/1.19.4 (linux-gnu)" 
220.181.108.111 - - [28/Aug/2018:13:41:27 -0700] "GET /pe_static/zeus.zip HTTP/1.1" 200 6872220 "-" "Mozilla/5.0 (compatible; Baiduspider/2.0; +http://www.baidu.com/search/spider.html)" 
216.244.66.245 - - [28/Aug/2018:13:46:32 -0700] "GET /self.logs/2015/access.log.2015-02-08.gz HTTP/1.1" 200 3291 "-" "Mozilla/5.0 (compatible; DotBot/1.1; http://www.opensiteexplorer.org/dotbot, help@moz.com)" 
216.244.66.245 - - [28/Aug/2018:13:46:33 -0700] "GET /self.logs/2015/access.log.2015-03-31.gz HTTP/1.1" 200 3977 "-" "Mozilla/5.0 (compatible; DotBot/1.1; http://www.opensiteexplorer.org/dotbot, help@moz.com)" 
113.171.224.176 - - [28/Aug/2018:13:46:33 -0700] "GET /honeypot/Honeypot%20-%20Howto.pdf HTTP/1.1" 200 46720 "-" "Mozilla/5.0 Gecko/20100115 Firefox/3.6" 
216.244.66.245 - - [28/Aug/2018:13:46:34 -0700] "GET /self.logs/2015/access.log.2015-05-09.gz HTTP/1.1" 200 2748 "-" "Mozilla/5.0 (compatible; DotBot/1.1; http://www.opensiteexplorer.org/dotbot, help@moz.com)" 
216.244.66.245 - - [28/Aug/2018:13:46:35 -0700] "GET /self.logs/2015/access.log.2015-06-09.gz HTTP/1.1" 200 8094 "-" "Mozilla/5.0 (compatible; DotBot/1.1; http://www.opensiteexplorer.org/dotbot, help@moz.com)" 
216.244.66.245 - - [28/Aug/2018:13:46:36 -0700] "GET /self.logs/2015/access.log.2015-07-14.gz HTTP/1.1" 200 4441 "-" "Mozilla/5.0 (compatible; DotBot/1.1; http://www.opensiteexplorer.org/dotbot, help@moz.com)" 
216.244.66.245 - - [28/Aug/2018:13:46:38 -0700] "GET /self.logs/2015/access.log.2015-09-26.gz HTTP/1.1" 200 3541 "-" "Mozilla/5.0 (compatible; DotBot/1.1; http://www.opensiteexplorer.org/dotbot, help@moz.com)" 
216.244.66.245 - - [28/Aug/2018:13:46:39 -0700] "GET /self.logs/2015/access.log.2015-12-26.gz HTTP/1.1" 200 3715 "-" "Mozilla/5.0 (compatible; DotBot/1.1; http://www.opensiteexplorer.org/dotbot, help@moz.com)" 
216.244.66.245 - - [28/Aug/2018:13:46:40 -0700] "GET /self.logs/2016/access.log.2016-10-19.gz HTTP/1.1" 200 15700 "-" "Mozilla/5.0 (compatible; DotBot/1.1; http://www.opensiteexplorer.org/dotbot, help@moz.com)" 
216.244.66.245 - - [28/Aug/2018:13:46:41 -0700] "GET /self.logs/2016/error.log.2016-02-24.gz HTTP/1.1" 200 993 "-" "Mozilla/5.0 (compatible; DotBot/1.1; http://www.opensiteexplorer.org/dotbot, help@moz.com)" 
216.244.66.245 - - [28/Aug/2018:13:46:43 -0700] "GET /self.logs/2016/error.log.2016-05-03.gz HTTP/1.1" 200 735 "-" "Mozilla/5.0 (compatible; DotBot/1.1; http://www.opensiteexplorer.org/dotbot, help@moz.com)" 
216.244.66.245 - - [28/Aug/2018:13:46:44 -0700] "GET /self.logs/2016/error.log.2016-06-14.gz HTTP/1.1" 200 1132 "-" "Mozilla/5.0 (compatible; DotBot/1.1; http://www.opensiteexplorer.org/dotbot, help@moz.com)" 
216.244.66.245 - - [28/Aug/2018:13:46:45 -0700] "GET /self.logs/error.log.2018-02-09.gz HTTP/1.1" 200 4048 "-" "Mozilla/5.0 (compatible; DotBot/1.1; http://www.opensiteexplorer.org/dotbot, help@moz.com)" 
69.92.4.52 - - [28/Aug/2018:13:46:53 -0700] "GET /squid/access.log.gz HTTP/1.1" 200 23177322 "-" "Mozilla/5.0 (Windows NT 10.0; Win64; x64) AppleWebKit/537.36 (KHTML, like Gecko) Chrome/68.0.3440.106 Safari/537.36" 
69.92.4.52 - - [28/Aug/2018:13:35:24 -0700] "GET /Security-Data-Analysis/Lab_1/conn.log.zip HTTP/1.1" 200 549098528 "http://www.secrepo.com/" "Mozilla/5.0 (Windows NT 10.0; Win64; x64) AppleWebKit/537.36 (KHTML, like Gecko) Chrome/68.0.3440.106 Safari/537.36" 
17.58.100.204 - - [28/Aug/2018:13:47:30 -0700] "GET /robots.txt HTTP/1.1" 301 502 "-" "Mozilla/5.0 (Macintosh; Intel Mac OS X 10_10_1) AppleWebKit/600.2.5 (KHTML, like Gecko) Version/8.0.2 Safari/600.2.5 (Applebot/0.1; +http://www.apple.com/go/applebot)" 
199.16.157.180 - - [28/Aug/2018:13:47:30 -0700] "GET / HTTP/1.1" 200 12303 "-" "Twitterbot/1.0" 
17.58.100.204 - - [28/Aug/2018:13:47:30 -0700] "GET /robots.txt HTTP/1.1" 200 334 "-" "Mozilla/5.0 (Macintosh; Intel Mac OS X 10_10_1) AppleWebKit/600.2.5 (KHTML, like Gecko) Version/8.0.2 Safari/600.2.5 (Applebot/0.1; +http://www.apple.com/go/applebot)" 
17.58.100.204 - - [28/Aug/2018:13:47:31 -0700] "GET / HTTP/1.1" 301 482 "-" "Mozilla/5.0 (Macintosh; Intel Mac OS X 10_10_1) AppleWebKit/600.2.5 (KHTML, like Gecko) Version/8.0.2 Safari/600.2.5 (Applebot/0.1; +http://www.apple.com/go/applebot)" 
17.58.100.204 - - [28/Aug/2018:13:47:31 -0700] "GET /robots.txt HTTP/1.1" 200 333 "-" "Mozilla/5.0 (Macintosh; Intel Mac OS X 10_10_1) AppleWebKit/600.2.5 (KHTML, like Gecko) Version/8.0.2 Safari/600.2.5 (Applebot/0.1; +http://www.apple.com/go/applebot)" 
17.58.100.204 - - [28/Aug/2018:13:47:31 -0700] "GET / HTTP/1.1" 200 12358 "-" "Mozilla/5.0 (Macintosh; Intel Mac OS X 10_10_1) AppleWebKit/600.2.5 (KHTML, like Gecko) Version/8.0.2 Safari/600.2.5 (Applebot/0.1; +http://www.apple.com/go/applebot)" 
76.213.140.45 - - [28/Aug/2018:13:47:41 -0700] "GET /auth.log/auth.log.gz HTTP/1.1" 200 554524 "http://www.secrepo.com/" "Mozilla/5.0 (Macintosh; Intel Mac OS X 10_13_6) AppleWebKit/605.1.15 (KHTML, like Gecko) Version/11.1.2 Safari/605.1.15" 
94.130.167.126 - - [28/Aug/2018:13:47:51 -0700] "GET /robots.txt HTTP/1.1" 301 465 "-" "Mozilla/5.0 (X11; U; Linux i686; en-US; rv:1.8.0.1) Gecko/20060324 Ubuntu/dapper Firefox/52.5.0" 
94.130.167.126 - - [28/Aug/2018:13:47:51 -0700] "GET /robots.txt HTTP/1.1" 200 297 "http://secrepo.com/robots.txt" "Mozilla/5.0 (X11; U; Linux i686; en-US; rv:1.8.0.1) Gecko/20060324 Ubuntu/dapper Firefox/52.5.0" 
94.130.167.126 - - [28/Aug/2018:13:47:52 -0700] "GET / HTTP/1.1" 301 446 "-" "Mozilla/5.0 (X11; U; Linux i686; en-US; rv:1.8.0.1) Gecko/20060324 Ubuntu/dapper Firefox/52.5.0" 
94.130.167.96 - - [28/Aug/2018:13:47:52 -0700] "GET / HTTP/1.1" 200 12322 "http://secrepo.com/" "Mozilla/5.0 (X11; U; Linux i686; en-US; rv:1.8.1.19) Gecko/20081213 SUSE/2.0.0.19-0.1 Firefox/51.0.1" 
175.143.236.251 - - [28/Aug/2018:13:48:42 -0700] "GET / HTTP/1.1" 200 12359 "https://www.google.com/" "Mozilla/5.0 (Windows NT 10.0; Win64; x64) AppleWebKit/537.36 (KHTML, like Gecko) Chrome/68.0.3440.106 Safari/537.36" 
175.143.236.251 - - [28/Aug/2018:13:48:44 -0700] "GET /twitter-icon.png HTTP/1.1" 200 27788 "http://www.secrepo.com/" "Mozilla/5.0 (Windows NT 10.0; Win64; x64) AppleWebKit/537.36 (KHTML, like Gecko) Chrome/68.0.3440.106 Safari/537.36" 
175.143.236.251 - - [28/Aug/2018:13:48:45 -0700] "GET /GitHub-Mark.png HTTP/1.1" 200 7428 "http://www.secrepo.com/" "Mozilla/5.0 (Windows NT 10.0; Win64; x64) AppleWebKit/537.36 (KHTML, like Gecko) Chrome/68.0.3440.106 Safari/537.36" 
175.143.236.251 - - [28/Aug/2018:13:48:46 -0700] "GET /bootstrap/img/favicon.ico HTTP/1.1" 200 589 "http://www.secrepo.com/" "Mozilla/5.0 (Windows NT 10.0; Win64; x64) AppleWebKit/537.36 (KHTML, like Gecko) Chrome/68.0.3440.106 Safari/537.36" 
54.36.149.221 - - [28/Aug/2018:13:48:59 -0700] "GET / HTTP/1.1" 200 12303 "-" "Mozilla/5.0 (compatible; AhrefsBot/5.2; News; +http://ahrefs.com/robot/)" 
34.217.65.137 - - [28/Aug/2018:13:49:08 -0700] "GET / HTTP/1.1" 301 442 "-" "Mozilla/4.0 (compatible; MSIE 8.0; Windows NT 5.1; Trident/4.0)" 
34.217.65.137 - - [28/Aug/2018:13:49:08 -0700] "GET / HTTP/1.1" 200 46026 "-" "Mozilla/4.0 (compatible; MSIE 8.0; Windows NT 5.1; Trident/4.0)" 
34.216.127.12 - - [28/Aug/2018:13:49:11 -0700] "GET / HTTP/1.1" 200 46026 "-" "Mozilla/4.0 (compatible; MSIE 8.0; Windows NT 5.1; Trident/4.0)" 
76.213.140.45 - - [28/Aug/2018:13:49:15 -0700] "GET /squid/access.log.gz HTTP/1.1" 200 23177322 "http://www.secrepo.com/" "Mozilla/5.0 (Macintosh; Intel Mac OS X 10_13_6) AppleWebKit/605.1.15 (KHTML, like Gecko) Version/11.1.2 Safari/605.1.15" 
198.99.190.217 - - [28/Aug/2018:13:49:45 -0700] "GET / HTTP/1.1" 200 12359 "https://www.google.com/" "Mozilla/5.0 (Windows NT 10.0; Win64; x64) AppleWebKit/537.36 (KHTML, like Gecko) Chrome/68.0.3440.106 Safari/537.36" 
198.99.190.217 - - [28/Aug/2018:13:49:46 -0700] "GET /twitter-icon.png HTTP/1.1" 200 27787 "http://www.secrepo.com/" "Mozilla/5.0 (Windows NT 10.0; Win64; x64) AppleWebKit/537.36 (KHTML, like Gecko) Chrome/68.0.3440.106 Safari/537.36" 
198.99.190.217 - - [28/Aug/2018:13:49:46 -0700] "GET /GitHub-Mark.png HTTP/1.1" 200 7428 "http://www.secrepo.com/" "Mozilla/5.0 (Windows NT 10.0; Win64; x64) AppleWebKit/537.36 (KHTML, like Gecko) Chrome/68.0.3440.106 Safari/537.36" 
198.99.190.217 - - [28/Aug/2018:13:49:48 -0700] "GET /bootstrap/img/favicon.ico HTTP/1.1" 200 590 "http://www.secrepo.com/" "Mozilla/5.0 (Windows NT 10.0; Win64; x64) AppleWebKit/537.36 (KHTML, like Gecko) Chrome/68.0.3440.106 Safari/537.36" 
76.213.140.45 - - [28/Aug/2018:13:51:29 -0700] "GET /Security-Data-Analysis/Lab_1/conn.log.zip HTTP/1.1" 200 549098528 "http://www.secrepo.com/" "Mozilla/5.0 (Macintosh; Intel Mac OS X 10_13_6) AppleWebKit/605.1.15 (KHTML, like Gecko) Version/11.1.2 Safari/605.1.15" 
23.96.208.137 - - [28/Aug/2018:14:11:11 -0700] "GET / HTTP/1.1" 301 483 "-" "Mozilla/5.0 (compatible; MSIE 10.0; Windows NT 6.1; Trident/6.0)" 
23.96.208.137 - - [28/Aug/2018:14:11:11 -0700] "GET / HTTP/1.1" 200 12359 "-" "Mozilla/5.0 (compatible; MSIE 10.0; Windows NT 6.1; Trident/6.0)" 
46.1.194.32 - - [28/Aug/2018:14:11:56 -0700] "GET /wp-login.php HTTP/1.1" 418 676 "-" "Mozilla/5.0 (Windows NT 6.1; WOW64; rv:40.0) Gecko/20100101 Firefox/40.1" 
46.1.194.32 - - [28/Aug/2018:14:11:56 -0700] "GET / HTTP/1.1" 418 676 "-" "Mozilla/5.0 (Windows NT 6.1; WOW64; rv:40.0) Gecko/20100101 Firefox/40.1" 
216.244.66.245 - - [28/Aug/2018:14:16:42 -0700] "GET /robots.txt HTTP/1.1" 200 233 "-" "Mozilla/5.0 (compatible; DotBot/1.1; http://www.opensiteexplorer.org/dotbot, help@moz.com)" 
174.85.31.143 - - [28/Aug/2018:14:21:54 -0700] "GET / HTTP/1.1" 200 12359 "https://www.google.com/" "Mozilla/5.0 (Macintosh; Intel Mac OS X 10_13_1) AppleWebKit/537.36 (KHTML, like Gecko) Chrome/68.0.3440.106 Safari/537.36" 
174.85.31.143 - - [28/Aug/2018:14:21:54 -0700] "GET /twitter-icon.png HTTP/1.1" 200 27787 "http://www.secrepo.com/" "Mozilla/5.0 (Macintosh; Intel Mac OS X 10_13_1) AppleWebKit/537.36 (KHTML, like Gecko) Chrome/68.0.3440.106 Safari/537.36" 
174.85.31.143 - - [28/Aug/2018:14:21:54 -0700] "GET /GitHub-Mark.png HTTP/1.1" 200 7428 "http://www.secrepo.com/" "Mozilla/5.0 (Macintosh; Intel Mac OS X 10_13_1) AppleWebKit/537.36 (KHTML, like Gecko) Chrome/68.0.3440.106 Safari/537.36" 
174.85.31.143 - - [28/Aug/2018:14:21:55 -0700] "GET /bootstrap/img/favicon.ico HTTP/1.1" 200 589 "http://www.secrepo.com/" "Mozilla/5.0 (Macintosh; Intel Mac OS X 10_13_1) AppleWebKit/537.36 (KHTML, like Gecko) Chrome/68.0.3440.106 Safari/537.36" 
89.243.28.59 - - [28/Aug/2018:14:24:12 -0700] "GET /wp-login.php HTTP/1.1" 418 732 "-" "Mozilla/5.0 (Windows NT 6.1; WOW64; rv:40.0) Gecko/20100101 Firefox/40.1" 
89.243.28.59 - - [28/Aug/2018:14:24:13 -0700] "GET / HTTP/1.1" 418 732 "-" "Mozilla/5.0 (Windows NT 6.1; WOW64; rv:40.0) Gecko/20100101 Firefox/40.1" 
79.137.68.85 - - [28/Aug/2018:14:25:12 -0700] "GET / HTTP/1.1" 301 427 "http://burger-imperia.com/" "Mozilla/5.0 (X11; Linux x86_64) AppleWebKit/537.36 (KHTML, like Gecko) Chrome/37.0.2062.120 Safari/537.36" 
79.137.68.85 - - [28/Aug/2018:14:25:17 -0700] "GET / HTTP/1.1" 200 12303 "http://burger-imperia.com/" "Mozilla/5.0 (X11; Linux x86_64) AppleWebKit/537.36 (KHTML, like Gecko) Chrome/37.0.2062.120 Safari/537.36" 
31.28.163.41 - - [28/Aug/2018:14:30:26 -0700] "GET / HTTP/1.1" 301 446 "http://secrepo.com/" "Mozilla/5.0 (Windows NT 5.1; WOW64; x64) AppleWebKit/531.77.24 (KHTML, like Gecko) Chrome/56.2.6588.1216 Safari/532.16 OPR/42.0.5865.0593" 
31.28.163.41 - - [28/Aug/2018:14:30:27 -0700] "GET / HTTP/1.1" 200 12322 "http://secrepo.com/" "Mozilla/5.0 (Windows NT 5.1; WOW64; x64) AppleWebKit/531.77.24 (KHTML, like Gecko) Chrome/56.2.6588.1216 Safari/532.16 OPR/42.0.5865.0593" 
31.28.163.41 - - [28/Aug/2018:14:30:29 -0700] "GET //blog/ HTTP/1.1" 301 480 "http://secrepo.com/" "Mozilla/5.0 (Windows NT 5.1; WOW64; x64) AppleWebKit/531.77.24 (KHTML, like Gecko) Chrome/56.2.6588.1216 Safari/532.16 OPR/42.0.5865.0593" 
31.28.163.41 - - [28/Aug/2018:14:30:30 -0700] "GET /blog/ HTTP/1.1" 404 303 "http://secrepo.com/" "Mozilla/5.0 (Windows NT 5.1; WOW64; x64) AppleWebKit/531.77.24 (KHTML, like Gecko) Chrome/56.2.6588.1216 Safari/532.16 OPR/42.0.5865.0593" 
91.151.187.28 - - [28/Aug/2018:14:31:16 -0700] "GET /bootstrap/img/favicon.ico HTTP/1.1" 200 590 "http://www.secrepo.com/" "Mozilla/5.0 (Windows NT 10.0; Win64; x64) AppleWebKit/537.36 (KHTML, like Gecko) Chrome/68.0.3440.106 Safari/537.36" 
216.244.66.245 - - [28/Aug/2018:14:31:33 -0700] "GET /self.logs/2015/access.log.2015-01-19.gz HTTP/1.1" 200 2728 "-" "Mozilla/5.0 (compatible; DotBot/1.1; http://www.opensiteexplorer.org/dotbot, help@moz.com)" 
216.244.66.245 - - [28/Aug/2018:14:31:35 -0700] "GET /self.logs/2015/error.log.2015-12-27.gz HTTP/1.1" 200 532 "-" "Mozilla/5.0 (compatible; DotBot/1.1; http://www.opensiteexplorer.org/dotbot, help@moz.com)" 
216.244.66.245 - - [28/Aug/2018:14:31:37 -0700] "GET /self.logs/2016/access.log.2016-01-25.gz HTTP/1.1" 200 6559 "-" "Mozilla/5.0 (compatible; DotBot/1.1; http://www.opensiteexplorer.org/dotbot, help@moz.com)" 
216.244.66.245 - - [28/Aug/2018:14:31:38 -0700] "GET /self.logs/2016/error.log.2016-02-11.gz HTTP/1.1" 200 764 "-" "Mozilla/5.0 (compatible; DotBot/1.1; http://www.opensiteexplorer.org/dotbot, help@moz.com)" 
216.244.66.245 - - [28/Aug/2018:14:31:40 -0700] "GET /self.logs/access.log.2018-02-12.gz HTTP/1.1" 200 21480 "-" "Mozilla/5.0 (compatible; DotBot/1.1; http://www.opensiteexplorer.org/dotbot, help@moz.com)" 
216.244.66.245 - - [28/Aug/2018:14:31:42 -0700] "GET /self.logs/error.log.2018-04-22.gz HTTP/1.1" 200 4170 "-" "Mozilla/5.0 (compatible; DotBot/1.1; http://www.opensiteexplorer.org/dotbot, help@moz.com)" 
91.151.187.28 - - [28/Aug/2018:14:32:17 -0700] "GET /self.logs/ HTTP/1.1" 200 11828 "-" "Mozilla/5.0 (Windows NT 10.0; Win64; x64) AppleWebKit/537.36 (KHTML, like Gecko) Chrome/68.0.3440.106 Safari/537.36" 
91.151.187.28 - - [28/Aug/2018:14:32:19 -0700] "GET /favicon.ico HTTP/1.1" 200 268 "http://www.secrepo.com/self.logs/" "Mozilla/5.0 (Windows NT 10.0; Win64; x64) AppleWebKit/537.36 (KHTML, like Gecko) Chrome/68.0.3440.106 Safari/537.36" 
107.77.64.108 - - [28/Aug/2018:14:37:56 -0700] "GET / HTTP/1.1" 200 12359 "-" "Mozilla/5.0 (iPhone; CPU iPhone OS 11_2_6 like Mac OS X) AppleWebKit/604.1.34 (KHTML, like Gecko) CriOS/68.0.3440.83 Mobile/15D100 Safari/604.1" 
107.77.64.108 - - [28/Aug/2018:14:37:57 -0700] "GET / HTTP/1.1" 200 12359 "http://www.secrepo.com/" "Mozilla/5.0 (iPhone; CPU iPhone OS 11_2_6 like Mac OS X) AppleWebKit/604.1.34 (KHTML, like Gecko) CriOS/68.0.3440.83 Mobile/15D100 Safari/604.1" 
107.77.64.108 - - [28/Aug/2018:14:38:06 -0700] "GET / HTTP/1.1" 200 12359 "http://www.secrepo.com/" "Mozilla/5.0 (iPhone; CPU iPhone OS 11_2_6 like Mac OS X) AppleWebKit/604.1.34 (KHTML, like Gecko) CriOS/68.0.3440.83 Mobile/15D100 Safari/604.1" 
107.77.64.108 - - [28/Aug/2018:14:38:38 -0700] "GET /twitter-icon.png HTTP/1.1" 200 27788 "http://www.secrepo.com/" "Mozilla/5.0 (iPhone; CPU iPhone OS 11_2_6 like Mac OS X) AppleWebKit/604.1.34 (KHTML, like Gecko) CriOS/68.0.3440.83 Mobile/15D100 Safari/604.1" 
107.77.64.108 - - [28/Aug/2018:14:38:38 -0700] "GET /GitHub-Mark.png HTTP/1.1" 200 7428 "http://www.secrepo.com/" "Mozilla/5.0 (iPhone; CPU iPhone OS 11_2_6 like Mac OS X) AppleWebKit/604.1.34 (KHTML, like Gecko) CriOS/68.0.3440.83 Mobile/15D100 Safari/604.1" 
