216.244.66.245 - - [30/Aug/2018:11:37:32 -0700] "GET /self.logs/2015/access.log.2015-06-17.gz HTTP/1.1" 200 5680 "-" "Mozilla/5.0 (compatible; DotBot/1.1; http://www.opensiteexplorer.org/dotbot, help@moz.com)" 
216.244.66.245 - - [30/Aug/2018:11:37:33 -0700] "GET /self.logs/2015/access.log.2015-07-12.gz HTTP/1.1" 200 4464 "-" "Mozilla/5.0 (compatible; DotBot/1.1; http://www.opensiteexplorer.org/dotbot, help@moz.com)" 
216.244.66.245 - - [30/Aug/2018:11:37:34 -0700] "GET /self.logs/2015/access.log.2015-07-31.gz HTTP/1.1" 200 4342 "-" "Mozilla/5.0 (compatible; DotBot/1.1; http://www.opensiteexplorer.org/dotbot, help@moz.com)" 
216.244.66.245 - - [30/Aug/2018:11:37:35 -0700] "GET /self.logs/2015/access.log.2015-08-14.gz HTTP/1.1" 200 7220 "-" "Mozilla/5.0 (compatible; DotBot/1.1; http://www.opensiteexplorer.org/dotbot, help@moz.com)" 
216.244.66.245 - - [30/Aug/2018:11:37:36 -0700] "GET /self.logs/2015/error.log.2015-08-27.gz HTTP/1.1" 200 849 "-" "Mozilla/5.0 (compatible; DotBot/1.1; http://www.opensiteexplorer.org/dotbot, help@moz.com)" 
216.244.66.245 - - [30/Aug/2018:11:37:37 -0700] "GET /self.logs/2015/error.log.2015-11-09.gz HTTP/1.1" 200 695 "-" "Mozilla/5.0 (compatible; DotBot/1.1; http://www.opensiteexplorer.org/dotbot, help@moz.com)" 
216.244.66.245 - - [30/Aug/2018:11:37:38 -0700] "GET /self.logs/2016/access.log.2016-09-08.gz HTTP/1.1" 200 10734 "-" "Mozilla/5.0 (compatible; DotBot/1.1; http://www.opensiteexplorer.org/dotbot, help@moz.com)" 
216.244.66.245 - - [30/Aug/2018:11:37:39 -0700] "GET /self.logs/2016/error.log.2016-04-29.gz HTTP/1.1" 200 628 "-" "Mozilla/5.0 (compatible; DotBot/1.1; http://www.opensiteexplorer.org/dotbot, help@moz.com)" 
216.244.66.245 - - [30/Aug/2018:11:37:40 -0700] "GET /self.logs/2016/error.log.2016-05-10.gz HTTP/1.1" 200 732 "-" "Mozilla/5.0 (compatible; DotBot/1.1; http://www.opensiteexplorer.org/dotbot, help@moz.com)" 
216.244.66.245 - - [30/Aug/2018:11:37:41 -0700] "GET /self.logs/2016/error.log.2016-05-12.gz HTTP/1.1" 200 926 "-" "Mozilla/5.0 (compatible; DotBot/1.1; http://www.opensiteexplorer.org/dotbot, help@moz.com)" 
216.244.66.245 - - [30/Aug/2018:11:37:42 -0700] "GET /self.logs/2016/error.log.2016-10-24.gz HTTP/1.1" 200 672 "-" "Mozilla/5.0 (compatible; DotBot/1.1; http://www.opensiteexplorer.org/dotbot, help@moz.com)" 
216.244.66.245 - - [30/Aug/2018:11:37:43 -0700] "GET /self.logs/2016/error.log.2016-11-24.gz HTTP/1.1" 200 728 "-" "Mozilla/5.0 (compatible; DotBot/1.1; http://www.opensiteexplorer.org/dotbot, help@moz.com)" 
216.244.66.245 - - [30/Aug/2018:11:37:44 -0700] "GET /self.logs/access.log.2018-04-14.gz HTTP/1.1" 200 15788 "-" "Mozilla/5.0 (compatible; DotBot/1.1; http://www.opensiteexplorer.org/dotbot, help@moz.com)" 
123.55.235.52 - - [30/Aug/2018:11:37:46 -0700] "HEAD /data/admin/ver.txt HTTP/1.1" 404 276 "-" "-" 
123.101.177.186 - - [30/Aug/2018:11:37:46 -0700] "HEAD /data/common.inc.php HTTP/1.1" 404 276 "-" "-" 
95.70.234.136 - - [30/Aug/2018:11:44:41 -0700] "GET /wp-login.php HTTP/1.1" 418 732 "-" "Mozilla/5.0 (Windows NT 6.1; WOW64; rv:40.0) Gecko/20100101 Firefox/40.1" 
95.70.234.136 - - [30/Aug/2018:11:44:42 -0700] "GET / HTTP/1.1" 418 732 "-" "Mozilla/5.0 (Windows NT 6.1; WOW64; rv:40.0) Gecko/20100101 Firefox/40.1" 
109.148.181.102 - - [30/Aug/2018:11:44:57 -0700] "GET / HTTP/1.1" 200 12359 "https://www.google.co.uk/" "Mozilla/5.0 (Windows NT 10.0; Win64; x64; rv:61.0) Gecko/20100101 Firefox/61.0" 
109.148.181.102 - - [30/Aug/2018:11:44:58 -0700] "GET /twitter-icon.png HTTP/1.1" 200 27787 "http://www.secrepo.com/" "Mozilla/5.0 (Windows NT 10.0; Win64; x64; rv:61.0) Gecko/20100101 Firefox/61.0" 
109.148.181.102 - - [30/Aug/2018:11:44:58 -0700] "GET /GitHub-Mark.png HTTP/1.1" 200 7428 "http://www.secrepo.com/" "Mozilla/5.0 (Windows NT 10.0; Win64; x64; rv:61.0) Gecko/20100101 Firefox/61.0" 
109.148.181.102 - - [30/Aug/2018:11:44:58 -0700] "GET /bootstrap/img/favicon.ico HTTP/1.1" 200 589 "-" "Mozilla/5.0 (Windows NT 10.0; Win64; x64; rv:61.0) Gecko/20100101 Firefox/61.0" 
50.87.144.192 - - [30/Aug/2018:11:54:11 -0700] "GET / HTTP/1.1" 200 46026 "-" "Mozilla/5.0 (Windows NT 6.1; WOW64) AppleWebKit/537.36 (KHTML, like Gecko) Chrome/33.0.1750.154 Safari/537.36" 
134.155.219.227 - - [30/Aug/2018:11:47:18 -0700] "GET /Security-Data-Analysis/Lab_1/conn.log.zip HTTP/1.1" 200 219862016 "http://www.secrepo.com/" "Mozilla/5.0 (Windows NT 6.1; Win64; x64) AppleWebKit/537.36 (KHTML, like Gecko) Chrome/68.0.3440.106 Safari/537.36" 
5.232.222.198 - - [30/Aug/2018:11:57:37 -0700] "GET / HTTP/1.1" 200 12359 "-" "Mozilla/5.0 (Macintosh; Intel Mac OS X 10_13_4) AppleWebKit/605.1.15 (KHTML, like Gecko) Version/11.1 Safari/605.1.15" 
5.232.222.198 - - [30/Aug/2018:11:57:38 -0700] "GET /twitter-icon.png HTTP/1.1" 200 27787 "http://www.secrepo.com/" "Mozilla/5.0 (Macintosh; Intel Mac OS X 10_13_4) AppleWebKit/605.1.15 (KHTML, like Gecko) Version/11.1 Safari/605.1.15" 
113.171.224.176 - - [30/Aug/2018:11:58:23 -0700] "GET /honeypot/Honeypot%20-%20Howto.pdf HTTP/1.1" 200 46720 "-" "Mozilla/5.0 Gecko/20100115 Firefox/3.6" 
54.36.148.42 - - [30/Aug/2018:11:58:40 -0700] "GET /self.logs/error.log.2017-11-22.gz HTTP/1.1" 200 2427 "-" "Mozilla/5.0 (compatible; AhrefsBot/5.2; +http://ahrefs.com/robot/)" 
17.58.100.204 - - [30/Aug/2018:12:05:19 -0700] "GET /robots.txt HTTP/1.1" 301 502 "-" "Mozilla/5.0 (Macintosh; Intel Mac OS X 10_10_1) AppleWebKit/600.2.5 (KHTML, like Gecko) Version/8.0.2 Safari/600.2.5 (Applebot/0.1; +http://www.apple.com/go/applebot)" 
17.58.100.204 - - [30/Aug/2018:12:05:19 -0700] "GET / HTTP/1.1" 301 482 "-" "Mozilla/5.0 (Macintosh; Intel Mac OS X 10_10_1) AppleWebKit/600.2.5 (KHTML, like Gecko) Version/8.0.2 Safari/600.2.5 (Applebot/0.1; +http://www.apple.com/go/applebot)" 
17.58.100.204 - - [30/Aug/2018:12:05:19 -0700] "GET / HTTP/1.1" 200 12359 "-" "Mozilla/5.0 (Macintosh; Intel Mac OS X 10_10_1) AppleWebKit/600.2.5 (KHTML, like Gecko) Version/8.0.2 Safari/600.2.5 (Applebot/0.1; +http://www.apple.com/go/applebot)" 
82.153.22.204 - - [30/Aug/2018:12:05:43 -0700] "GET /wp-login.php HTTP/1.1" 418 732 "-" "Mozilla/5.0 (Windows NT 6.1; WOW64; rv:40.0) Gecko/20100101 Firefox/40.1" 
82.153.22.204 - - [30/Aug/2018:12:05:43 -0700] "GET / HTTP/1.1" 418 732 "-" "Mozilla/5.0 (Windows NT 6.1; WOW64; rv:40.0) Gecko/20100101 Firefox/40.1" 
216.244.66.245 - - [30/Aug/2018:12:05:58 -0700] "GET /robots.txt HTTP/1.1" 200 233 "-" "Mozilla/5.0 (compatible; DotBot/1.1; http://www.opensiteexplorer.org/dotbot, help@moz.com)" 
134.155.219.227 - - [30/Aug/2018:12:01:50 -0700] "GET /Security-Data-Analysis/Lab_1/conn.log.zip HTTP/1.1" 200 211742768 "-" "Mozilla/5.0 (Windows NT 6.1; Win64; x64) AppleWebKit/537.36 (KHTML, like Gecko) Chrome/68.0.3440.106 Safari/537.36" 
54.36.149.77 - - [30/Aug/2018:12:07:36 -0700] "GET /self.logs/error.log.2017-03-05.gz HTTP/1.1" 200 764 "-" "Mozilla/5.0 (compatible; AhrefsBot/5.2; +http://ahrefs.com/robot/)" 
46.229.168.81 - - [30/Aug/2018:12:07:50 -0700] "GET /robots.txt HTTP/1.1" 200 297 "-" "Mozilla/5.0 (compatible; SemrushBot/2~bl; +http://www.semrush.com/bot.html)" 
213.22.174.44 - - [30/Aug/2018:12:07:53 -0700] "GET /wp-login.php HTTP/1.1" 418 732 "-" "Mozilla/5.0 (Windows NT 6.1; WOW64; rv:40.0) Gecko/20100101 Firefox/40.1" 
213.22.174.44 - - [30/Aug/2018:12:07:54 -0700] "GET / HTTP/1.1" 418 732 "-" "Mozilla/5.0 (Windows NT 6.1; WOW64; rv:40.0) Gecko/20100101 Firefox/40.1" 
82.102.19.213 - - [30/Aug/2018:12:09:29 -0700] "GET /wp-login.php HTTP/1.1" 418 732 "-" "Mozilla/5.0 (Windows NT 6.1; WOW64; rv:40.0) Gecko/20100101 Firefox/40.1" 
82.102.19.213 - - [30/Aug/2018:12:09:30 -0700] "GET / HTTP/1.1" 418 732 "-" "Mozilla/5.0 (Windows NT 6.1; WOW64; rv:40.0) Gecko/20100101 Firefox/40.1" 
54.36.149.28 - - [30/Aug/2018:12:11:38 -0700] "GET /self.logs/2015/access.log.2015-11-19.gz HTTP/1.1" 200 11861 "-" "Mozilla/5.0 (compatible; AhrefsBot/5.2; +http://ahrefs.com/robot/)" 
66.102.6.254 - - [30/Aug/2018:12:11:50 -0700] "GET / HTTP/1.1" 200 12359 "-" "Mozilla/5.0 (X11; Linux x86_64) AppleWebKit/537.36 (KHTML, like Gecko) Chrome/49.0.2623.75 Safari/537.36 Google Favicon" 
66.102.6.254 - - [30/Aug/2018:12:11:50 -0700] "GET /bootstrap/img/favicon.ico HTTP/1.1" 200 589 "-" "Mozilla/5.0 (X11; Linux x86_64) AppleWebKit/537.36 (KHTML, like Gecko) Chrome/49.0.2623.75 Safari/537.36 Google Favicon" 
88.82.51.96 - - [30/Aug/2018:12:16:17 -0700] "GET /wp-login.php HTTP/1.1" 418 732 "-" "Mozilla/5.0 (Windows NT 6.1; WOW64; rv:40.0) Gecko/20100101 Firefox/40.1" 
88.82.51.96 - - [30/Aug/2018:12:16:17 -0700] "GET / HTTP/1.1" 418 732 "-" "Mozilla/5.0 (Windows NT 6.1; WOW64; rv:40.0) Gecko/20100101 Firefox/40.1" 
54.36.148.144 - - [30/Aug/2018:12:18:10 -0700] "GET /self.logs/2015/error.log.2015-01-29.gz HTTP/1.1" 200 1441 "-" "Mozilla/5.0 (compatible; AhrefsBot/5.2; +http://ahrefs.com/robot/)" 
41.223.160.173 - - [30/Aug/2018:12:21:36 -0700] "GET /maccdc2012/dns.log.gz HTTP/1.1" 304 154 "-" "Mozilla/5.0 Gecko/20100115 Firefox/3.6" 
216.244.66.245 - - [30/Aug/2018:12:22:48 -0700] "GET /self.logs/2015/access.log.2015-02-18.gz HTTP/1.1" 200 8756 "-" "Mozilla/5.0 (compatible; DotBot/1.1; http://www.opensiteexplorer.org/dotbot, help@moz.com)" 
216.244.66.245 - - [30/Aug/2018:12:22:49 -0700] "GET /self.logs/2015/access.log.2015-08-29.gz HTTP/1.1" 200 6732 "-" "Mozilla/5.0 (compatible; DotBot/1.1; http://www.opensiteexplorer.org/dotbot, help@moz.com)" 
216.244.66.245 - - [30/Aug/2018:12:22:50 -0700] "GET /self.logs/2015/access.log.2015-11-16.gz HTTP/1.1" 200 5689 "-" "Mozilla/5.0 (compatible; DotBot/1.1; http://www.opensiteexplorer.org/dotbot, help@moz.com)" 
216.244.66.245 - - [30/Aug/2018:12:22:52 -0700] "GET /self.logs/2015/access.log.2015-12-09.gz HTTP/1.1" 200 7608 "-" "Mozilla/5.0 (compatible; DotBot/1.1; http://www.opensiteexplorer.org/dotbot, help@moz.com)" 
216.244.66.245 - - [30/Aug/2018:12:22:53 -0700] "GET /self.logs/2015/access.log.2015-12-19.gz HTTP/1.1" 200 6313 "-" "Mozilla/5.0 (compatible; DotBot/1.1; http://www.opensiteexplorer.org/dotbot, help@moz.com)" 
216.244.66.245 - - [30/Aug/2018:12:22:54 -0700] "GET /self.logs/2015/error.log.2015-05-12.gz HTTP/1.1" 200 820 "-" "Mozilla/5.0 (compatible; DotBot/1.1; http://www.opensiteexplorer.org/dotbot, help@moz.com)" 
216.244.66.245 - - [30/Aug/2018:12:22:55 -0700] "GET /self.logs/2015/error.log.2015-10-13.gz HTTP/1.1" 200 646 "-" "Mozilla/5.0 (compatible; DotBot/1.1; http://www.opensiteexplorer.org/dotbot, help@moz.com)" 
216.244.66.245 - - [30/Aug/2018:12:22:56 -0700] "GET /self.logs/2015/error.log.2015-10-30.gz HTTP/1.1" 200 642 "-" "Mozilla/5.0 (compatible; DotBot/1.1; http://www.opensiteexplorer.org/dotbot, help@moz.com)" 
216.244.66.245 - - [30/Aug/2018:12:22:57 -0700] "GET /self.logs/2015/error.log.2015-11-19.gz HTTP/1.1" 200 1591 "-" "Mozilla/5.0 (compatible; DotBot/1.1; http://www.opensiteexplorer.org/dotbot, help@moz.com)" 
216.244.66.245 - - [30/Aug/2018:12:22:58 -0700] "GET /self.logs/2015/error.log.2015-12-08.gz HTTP/1.1" 200 563 "-" "Mozilla/5.0 (compatible; DotBot/1.1; http://www.opensiteexplorer.org/dotbot, help@moz.com)" 
216.244.66.245 - - [30/Aug/2018:12:22:59 -0700] "GET /self.logs/2016/access.log.2016-04-26.gz HTTP/1.1" 200 8107 "-" "Mozilla/5.0 (compatible; DotBot/1.1; http://www.opensiteexplorer.org/dotbot, help@moz.com)" 
216.244.66.245 - - [30/Aug/2018:12:23:00 -0700] "GET /self.logs/2016/access.log.2016-05-14.gz HTTP/1.1" 200 7799 "-" "Mozilla/5.0 (compatible; DotBot/1.1; http://www.opensiteexplorer.org/dotbot, help@moz.com)" 
216.244.66.245 - - [30/Aug/2018:12:23:01 -0700] "GET /self.logs/2016/access.log.2016-06-22.gz HTTP/1.1" 200 13116 "-" "Mozilla/5.0 (compatible; DotBot/1.1; http://www.opensiteexplorer.org/dotbot, help@moz.com)" 
216.244.66.245 - - [30/Aug/2018:12:23:02 -0700] "GET /self.logs/2016/access.log.2016-12-01.gz HTTP/1.1" 200 9206 "-" "Mozilla/5.0 (compatible; DotBot/1.1; http://www.opensiteexplorer.org/dotbot, help@moz.com)" 
216.244.66.245 - - [30/Aug/2018:12:23:03 -0700] "GET /self.logs/2016/error.log.2016-06-03.gz HTTP/1.1" 200 1629 "-" "Mozilla/5.0 (compatible; DotBot/1.1; http://www.opensiteexplorer.org/dotbot, help@moz.com)" 
216.244.66.245 - - [30/Aug/2018:12:23:05 -0700] "GET /self.logs/2016/error.log.2016-09-10.gz HTTP/1.1" 200 512 "-" "Mozilla/5.0 (compatible; DotBot/1.1; http://www.opensiteexplorer.org/dotbot, help@moz.com)" 
18.216.99.30 - - [30/Aug/2018:12:25:19 -0700] "GET / HTTP/1.1" 200 12359 "-" "Mozilla/5.0 (X11; Linux x86_64) Trident/5.0 Chrome/51.0.2704.106 Safari/537.36 OPR/38.0.2220.41" 
187.23.40.158 - - [30/Aug/2018:12:29:46 -0700] "GET /wp-login.php HTTP/1.1" 418 732 "-" "Mozilla/5.0 (Windows NT 6.1; WOW64; rv:40.0) Gecko/20100101 Firefox/40.1" 
187.23.40.158 - - [30/Aug/2018:12:29:46 -0700] "GET / HTTP/1.1" 418 732 "-" "Mozilla/5.0 (Windows NT 6.1; WOW64; rv:40.0) Gecko/20100101 Firefox/40.1" 
54.36.148.121 - - [30/Aug/2018:12:30:43 -0700] "GET /self.logs/access.log.2018-04-11.gz HTTP/1.1" 200 21210 "-" "Mozilla/5.0 (compatible; AhrefsBot/5.2; +http://ahrefs.com/robot/)" 
159.53.110.140 - - [30/Aug/2018:12:32:36 -0700] "GET / HTTP/1.1" 200 12359 "http://www.secrepo.com/Datasets%20Description/PE_malware/VirusShare.html" "Mozilla/5.0 (Windows NT 6.1; Win64; x64) AppleWebKit/537.36 (KHTML, like Gecko) Chrome/67.0.3396.87 Safari/537.36" 
159.53.110.140 - - [30/Aug/2018:12:32:36 -0700] "GET /twitter-icon.png HTTP/1.1" 200 27787 "http://www.secrepo.com/" "Mozilla/5.0 (Windows NT 6.1; Win64; x64) AppleWebKit/537.36 (KHTML, like Gecko) Chrome/67.0.3396.87 Safari/537.36" 
159.53.110.140 - - [30/Aug/2018:12:32:36 -0700] "GET /GitHub-Mark.png HTTP/1.1" 200 7427 "http://www.secrepo.com/" "Mozilla/5.0 (Windows NT 6.1; Win64; x64) AppleWebKit/537.36 (KHTML, like Gecko) Chrome/67.0.3396.87 Safari/537.36" 
66.249.64.129 - - [30/Aug/2018:12:33:26 -0700] "GET /Datasets%20Description/HTML_Bro_log_2/irc.html HTTP/1.1" 200 1665 "-" "Mozilla/5.0 (Linux; Android 6.0.1; Nexus 5X Build/MMB29P) AppleWebKit/537.36 (KHTML, like Gecko) Chrome/41.0.2272.96 Mobile Safari/537.36 (compatible; Googlebot/2.1; +http://www.google.com/bot.html)" 
151.76.209.58 - - [30/Aug/2018:12:34:17 -0700] "GET /wp-login.php HTTP/1.1" 418 732 "-" "Mozilla/5.0 (Windows NT 6.1; WOW64; rv:40.0) Gecko/20100101 Firefox/40.1" 
151.76.209.58 - - [30/Aug/2018:12:34:17 -0700] "GET / HTTP/1.1" 418 732 "-" "Mozilla/5.0 (Windows NT 6.1; WOW64; rv:40.0) Gecko/20100101 Firefox/40.1" 
163.172.4.153 - - [30/Aug/2018:12:41:11 -0700] "GET / HTTP/1.1" 301 427 "http://secrepo.com/" "Mozilla/5.0 (Macintosh; Intel Mac OS X 10_12_3) AppleWebKit/537.36 (KHTML, like Gecko) Chrome/58.0.3029.110 Safari/537.36" 
163.172.4.153 - - [30/Aug/2018:12:41:11 -0700] "GET / HTTP/1.1" 200 12303 "http://www.secrepo.com/" "Mozilla/5.0 (X11; Fedora; Linux x86_64; rv:53.0) Gecko/20100101 Firefox/53.0" 
41.223.160.173 - - [30/Aug/2018:12:41:45 -0700] "GET /tg/tg_snort_fast.7z HTTP/1.1" 304 131 "-" "Mozilla/5.0 Gecko/20100115 Firefox/3.6" 
157.55.39.11 - - [30/Aug/2018:12:46:02 -0700] "GET /self.logs/?C=M;O=D HTTP/1.1" 200 12416 "-" "Mozilla/5.0 (compatible; bingbot/2.0; +http://www.bing.com/bingbot.htm)" 
129.137.215.233 - - [30/Aug/2018:12:46:13 -0700] "GET / HTTP/1.1" 200 12359 "-" "Mozilla/5.0 (Windows NT 10.0; WOW64) AppleWebKit/537.36 (KHTML, like Gecko) Chrome/65.0.3325.183 Safari/537.36 Vivaldi/1.96.1147.52" 
129.137.215.233 - - [30/Aug/2018:12:46:13 -0700] "GET /twitter-icon.png HTTP/1.1" 200 27787 "http://www.secrepo.com/" "Mozilla/5.0 (Windows NT 10.0; WOW64) AppleWebKit/537.36 (KHTML, like Gecko) Chrome/65.0.3325.183 Safari/537.36 Vivaldi/1.96.1147.52" 
129.137.215.233 - - [30/Aug/2018:12:46:13 -0700] "GET /GitHub-Mark.png HTTP/1.1" 200 7428 "http://www.secrepo.com/" "Mozilla/5.0 (Windows NT 10.0; WOW64) AppleWebKit/537.36 (KHTML, like Gecko) Chrome/65.0.3325.183 Safari/537.36 Vivaldi/1.96.1147.52" 
129.137.215.233 - - [30/Aug/2018:12:46:14 -0700] "GET /bootstrap/img/favicon.ico HTTP/1.1" 200 589 "http://www.secrepo.com/" "Mozilla/5.0 (Windows NT 10.0; WOW64) AppleWebKit/537.36 (KHTML, like Gecko) Chrome/65.0.3325.183 Safari/537.36 Vivaldi/1.96.1147.52" 
129.137.215.233 - - [30/Aug/2018:12:46:14 -0700] "GET /bootstrap/img/favicon.ico HTTP/1.1" 200 590 "-" "Mozilla/5.0 (Windows NT 10.0; WOW64) AppleWebKit/537.36 (KHTML, like Gecko) Chrome/65.0.3325.183 Safari/537.36 Vivaldi/1.96.1147.52" 
99.227.74.57 - - [30/Aug/2018:12:49:52 -0700] "GET / HTTP/1.1" 200 12359 "-" "Mozilla/5.0 (Windows NT 10.0; Win64; x64) AppleWebKit/537.36 (KHTML, like Gecko) Chrome/68.0.3440.106 Safari/537.36" 
99.227.74.57 - - [30/Aug/2018:12:49:52 -0700] "GET /twitter-icon.png HTTP/1.1" 200 27787 "http://www.secrepo.com/" "Mozilla/5.0 (Windows NT 10.0; Win64; x64) AppleWebKit/537.36 (KHTML, like Gecko) Chrome/68.0.3440.106 Safari/537.36" 
99.227.74.57 - - [30/Aug/2018:12:49:52 -0700] "GET /GitHub-Mark.png HTTP/1.1" 200 7428 "http://www.secrepo.com/" "Mozilla/5.0 (Windows NT 10.0; Win64; x64) AppleWebKit/537.36 (KHTML, like Gecko) Chrome/68.0.3440.106 Safari/537.36" 
99.227.74.57 - - [30/Aug/2018:12:49:52 -0700] "GET /bootstrap/img/favicon.ico HTTP/1.1" 200 589 "http://www.secrepo.com/" "Mozilla/5.0 (Windows NT 10.0; Win64; x64) AppleWebKit/537.36 (KHTML, like Gecko) Chrome/68.0.3440.106 Safari/537.36" 
216.244.66.245 - - [30/Aug/2018:12:51:05 -0700] "GET /robots.txt HTTP/1.1" 200 233 "-" "Mozilla/5.0 (compatible; DotBot/1.1; http://www.opensiteexplorer.org/dotbot, help@moz.com)" 
54.36.148.149 - - [30/Aug/2018:12:53:27 -0700] "GET /self.logs/access.log.2018-07-06.gz HTTP/1.1" 200 28000 "-" "Mozilla/5.0 (compatible; AhrefsBot/5.2; +http://ahrefs.com/robot/)" 
54.36.148.56 - - [30/Aug/2018:12:56:54 -0700] "GET /self.logs/error.log.2017-09-15.gz HTTP/1.1" 200 1711 "-" "Mozilla/5.0 (compatible; AhrefsBot/5.2; +http://ahrefs.com/robot/)" 
152.15.113.5 - - [30/Aug/2018:12:58:05 -0700] "GET / HTTP/1.1" 200 12359 "https://www.google.com/" "Mozilla/5.0 (X11; Ubuntu; Linux x86_64; rv:61.0) Gecko/20100101 Firefox/61.0" 
152.15.113.5 - - [30/Aug/2018:12:58:07 -0700] "GET /twitter-icon.png HTTP/1.1" 200 27788 "http://www.secrepo.com/" "Mozilla/5.0 (X11; Ubuntu; Linux x86_64; rv:61.0) Gecko/20100101 Firefox/61.0" 
152.15.113.5 - - [30/Aug/2018:12:58:07 -0700] "GET /GitHub-Mark.png HTTP/1.1" 200 7428 "http://www.secrepo.com/" "Mozilla/5.0 (X11; Ubuntu; Linux x86_64; rv:61.0) Gecko/20100101 Firefox/61.0" 
152.15.113.5 - - [30/Aug/2018:12:58:07 -0700] "GET /bootstrap/img/favicon.ico HTTP/1.1" 200 589 "-" "Mozilla/5.0 (X11; Ubuntu; Linux x86_64; rv:61.0) Gecko/20100101 Firefox/61.0" 
113.171.224.176 - - [30/Aug/2018:12:58:27 -0700] "GET /honeypot/Honeypot%20-%20Howto.pdf HTTP/1.1" 200 46720 "-" "Mozilla/5.0 Gecko/20100115 Firefox/3.6" 
113.171.224.176 - - [30/Aug/2018:12:58:28 -0700] "GET /honeypot/Honeypot%20-%20Howto.pdf HTTP/1.1" 200 46720 "-" "Mozilla/5.0 Gecko/20100115 Firefox/3.6" 
152.15.113.5 - - [30/Aug/2018:12:58:45 -0700] "GET /Datasets%20Description/HTML_Bro_log_1 HTTP/1.1" 301 552 "http://www.secrepo.com/" "Mozilla/5.0 (X11; Ubuntu; Linux x86_64; rv:61.0) Gecko/20100101 Firefox/61.0" 
152.15.113.5 - - [30/Aug/2018:12:58:45 -0700] "GET /Datasets%20Description/HTML_Bro_log_1/ HTTP/1.1" 200 733 "http://www.secrepo.com/" "Mozilla/5.0 (X11; Ubuntu; Linux x86_64; rv:61.0) Gecko/20100101 Firefox/61.0" 
152.15.113.5 - - [30/Aug/2018:12:58:45 -0700] "GET /favicon.ico HTTP/1.1" 200 267 "-" "Mozilla/5.0 (X11; Ubuntu; Linux x86_64; rv:61.0) Gecko/20100101 Firefox/61.0" 
152.15.113.5 - - [30/Aug/2018:12:58:45 -0700] "GET /favicon.ico HTTP/1.1" 200 268 "-" "Mozilla/5.0 (X11; Ubuntu; Linux x86_64; rv:61.0) Gecko/20100101 Firefox/61.0" 
152.15.113.5 - - [30/Aug/2018:12:58:54 -0700] "GET /Datasets%20Description/HTML_Bro_log_1/app_stats.html HTTP/1.1" 200 1485 "http://www.secrepo.com/Datasets%20Description/HTML_Bro_log_1/" "Mozilla/5.0 (X11; Ubuntu; Linux x86_64; rv:61.0) Gecko/20100101 Firefox/61.0" 
152.15.113.5 - - [30/Aug/2018:12:59:23 -0700] "GET /Datasets%20Description/ HTTP/1.1" 200 577 "http://www.secrepo.com/Datasets%20Description/HTML_Bro_log_1/" "Mozilla/5.0 (X11; Ubuntu; Linux x86_64; rv:61.0) Gecko/20100101 Firefox/61.0" 
152.15.113.5 - - [30/Aug/2018:12:59:26 -0700] "GET /Datasets%20Description/Network/ HTTP/1.1" 200 668 "http://www.secrepo.com/Datasets%20Description/" "Mozilla/5.0 (X11; Ubuntu; Linux x86_64; rv:61.0) Gecko/20100101 Firefox/61.0" 
152.15.113.5 - - [30/Aug/2018:12:59:27 -0700] "GET /Datasets%20Description/Network/dhcp.html HTTP/1.1" 200 1354 "http://www.secrepo.com/Datasets%20Description/Network/" "Mozilla/5.0 (X11; Ubuntu; Linux x86_64; rv:61.0) Gecko/20100101 Firefox/61.0" 
152.15.113.5 - - [30/Aug/2018:12:59:37 -0700] "GET /Datasets%20Description/Network/smtp.html HTTP/1.1" 200 1531 "http://www.secrepo.com/Datasets%20Description/Network/" "Mozilla/5.0 (X11; Ubuntu; Linux x86_64; rv:61.0) Gecko/20100101 Firefox/61.0" 
152.15.113.5 - - [30/Aug/2018:13:01:21 -0700] "GET /Datasets%20Description/PE_malware/Zeus.html HTTP/1.1" 200 1592 "http://www.secrepo.com/" "Mozilla/5.0 (X11; Ubuntu; Linux x86_64; rv:61.0) Gecko/20100101 Firefox/61.0" 
152.15.113.5 - - [30/Aug/2018:13:01:43 -0700] "GET /honeypot/BSidesDFW%20-%202014.ipynb HTTP/1.1" 200 930836 "http://www.secrepo.com/" "Mozilla/5.0 (X11; Ubuntu; Linux x86_64; rv:61.0) Gecko/20100101 Firefox/61.0" 
162.210.196.130 - - [30/Aug/2018:13:01:50 -0700] "GET /robots.txt HTTP/1.1" 200 289 "-" "Mozilla/5.0 (compatible; MJ12bot/v1.4.8; http://mj12bot.com/)" 
162.210.196.130 - - [30/Aug/2018:13:01:51 -0700] "GET / HTTP/1.1" 200 46026 "-" "Mozilla/5.0 (compatible; MJ12bot/v1.4.8; http://mj12bot.com/)" 
66.249.64.159 - - [30/Aug/2018:13:02:26 -0700] "GET / HTTP/1.1" 200 12359 "-" "Mozilla/5.0 (Linux; Android 6.0.1; Nexus 5X Build/MMB29P) AppleWebKit/537.36 (KHTML, like Gecko) Chrome/41.0.2272.96 Mobile Safari/537.36 (compatible; Googlebot/2.1; +http://www.google.com/bot.html)" 
132.241.174.62 - - [30/Aug/2018:13:06:46 -0700] "GET / HTTP/1.1" 200 12359 "https://www.google.com/" "Mozilla/5.0 (Macintosh; Intel Mac OS X 10_13_6) AppleWebKit/605.1.15 (KHTML, like Gecko) Version/11.1.2 Safari/605.1.15" 
132.241.174.62 - - [30/Aug/2018:13:06:47 -0700] "GET /twitter-icon.png HTTP/1.1" 200 27787 "http://www.secrepo.com/" "Mozilla/5.0 (Macintosh; Intel Mac OS X 10_13_6) AppleWebKit/605.1.15 (KHTML, like Gecko) Version/11.1.2 Safari/605.1.15" 
132.241.174.62 - - [30/Aug/2018:13:06:47 -0700] "GET /GitHub-Mark.png HTTP/1.1" 200 7428 "http://www.secrepo.com/" "Mozilla/5.0 (Macintosh; Intel Mac OS X 10_13_6) AppleWebKit/605.1.15 (KHTML, like Gecko) Version/11.1.2 Safari/605.1.15" 
132.241.174.62 - - [30/Aug/2018:13:06:48 -0700] "GET /bootstrap/img/favicon.ico HTTP/1.1" 200 590 "http://www.secrepo.com/" "Mozilla/5.0 (Macintosh; Intel Mac OS X 10_13_6) AppleWebKit/605.1.15 (KHTML, like Gecko) Version/11.1.2 Safari/605.1.15" 
216.244.66.245 - - [30/Aug/2018:13:07:53 -0700] "GET /self.logs/2015/access.log.2015-05-31.gz HTTP/1.1" 200 4917 "-" "Mozilla/5.0 (compatible; DotBot/1.1; http://www.opensiteexplorer.org/dotbot, help@moz.com)" 
216.244.66.245 - - [30/Aug/2018:13:07:54 -0700] "GET /self.logs/2015/access.log.2015-07-20.gz HTTP/1.1" 200 5244 "-" "Mozilla/5.0 (compatible; DotBot/1.1; http://www.opensiteexplorer.org/dotbot, help@moz.com)" 
216.244.66.245 - - [30/Aug/2018:13:07:56 -0700] "GET /self.logs/2015/access.log.2015-12-23.gz HTTP/1.1" 200 10357 "-" "Mozilla/5.0 (compatible; DotBot/1.1; http://www.opensiteexplorer.org/dotbot, help@moz.com)" 
216.244.66.245 - - [30/Aug/2018:13:07:57 -0700] "GET /self.logs/2015/error.log.2015-02-12.gz HTTP/1.1" 200 2202 "-" "Mozilla/5.0 (compatible; DotBot/1.1; http://www.opensiteexplorer.org/dotbot, help@moz.com)" 
216.244.66.245 - - [30/Aug/2018:13:07:58 -0700] "GET /self.logs/2015/error.log.2015-03-10.gz HTTP/1.1" 200 4770 "-" "Mozilla/5.0 (compatible; DotBot/1.1; http://www.opensiteexplorer.org/dotbot, help@moz.com)" 
216.244.66.245 - - [30/Aug/2018:13:07:59 -0700] "GET /self.logs/2015/error.log.2015-09-15.gz HTTP/1.1" 200 658 "-" "Mozilla/5.0 (compatible; DotBot/1.1; http://www.opensiteexplorer.org/dotbot, help@moz.com)" 
216.244.66.245 - - [30/Aug/2018:13:08:00 -0700] "GET /self.logs/2015/error.log.2015-09-25.gz HTTP/1.1" 200 695 "-" "Mozilla/5.0 (compatible; DotBot/1.1; http://www.opensiteexplorer.org/dotbot, help@moz.com)" 
216.244.66.245 - - [30/Aug/2018:13:08:01 -0700] "GET /self.logs/2015/error.log.2015-12-17.gz HTTP/1.1" 200 669 "-" "Mozilla/5.0 (compatible; DotBot/1.1; http://www.opensiteexplorer.org/dotbot, help@moz.com)" 
216.244.66.245 - - [30/Aug/2018:13:08:02 -0700] "GET /self.logs/2016/access.log.2016-02-11.gz HTTP/1.1" 200 9044 "-" "Mozilla/5.0 (compatible; DotBot/1.1; http://www.opensiteexplorer.org/dotbot, help@moz.com)" 
216.244.66.245 - - [30/Aug/2018:13:08:03 -0700] "GET /self.logs/2016/error.log.2016-05-28.gz HTTP/1.1" 200 523 "-" "Mozilla/5.0 (compatible; DotBot/1.1; http://www.opensiteexplorer.org/dotbot, help@moz.com)" 
216.244.66.245 - - [30/Aug/2018:13:08:04 -0700] "GET /self.logs/2016/error.log.2016-06-09.gz HTTP/1.1" 200 847 "-" "Mozilla/5.0 (compatible; DotBot/1.1; http://www.opensiteexplorer.org/dotbot, help@moz.com)" 
216.244.66.245 - - [30/Aug/2018:13:08:05 -0700] "GET /self.logs/2016/error.log.2016-06-20.gz HTTP/1.1" 200 788 "-" "Mozilla/5.0 (compatible; DotBot/1.1; http://www.opensiteexplorer.org/dotbot, help@moz.com)" 
216.244.66.245 - - [30/Aug/2018:13:08:06 -0700] "GET /self.logs/2016/error.log.2016-07-25.gz HTTP/1.1" 200 509 "-" "Mozilla/5.0 (compatible; DotBot/1.1; http://www.opensiteexplorer.org/dotbot, help@moz.com)" 
216.244.66.245 - - [30/Aug/2018:13:08:07 -0700] "GET /self.logs/access.log.2018-02-10.gz HTTP/1.1" 200 15025 "-" "Mozilla/5.0 (compatible; DotBot/1.1; http://www.opensiteexplorer.org/dotbot, help@moz.com)" 
216.244.66.245 - - [30/Aug/2018:13:08:08 -0700] "GET /self.logs/access.log.2018-04-15.gz HTTP/1.1" 200 17518 "-" "Mozilla/5.0 (compatible; DotBot/1.1; http://www.opensiteexplorer.org/dotbot, help@moz.com)" 
216.244.66.245 - - [30/Aug/2018:13:08:09 -0700] "GET /self.logs/access.log.2018-05-23.gz HTTP/1.1" 200 18372 "-" "Mozilla/5.0 (compatible; DotBot/1.1; http://www.opensiteexplorer.org/dotbot, help@moz.com)" 
216.244.66.245 - - [30/Aug/2018:13:08:10 -0700] "GET /self.logs/error.log.2018-05-03.gz HTTP/1.1" 200 3156 "-" "Mozilla/5.0 (compatible; DotBot/1.1; http://www.opensiteexplorer.org/dotbot, help@moz.com)" 
66.249.64.129 - - [30/Aug/2018:13:13:11 -0700] "GET / HTTP/1.1" 200 12359 "-" "Mozilla/5.0 (compatible; Googlebot/2.1; +http://www.google.com/bot.html)" 
200.222.225.150 - - [30/Aug/2018:13:14:11 -0700] "GET /wp-login.php HTTP/1.1" 418 732 "-" "Mozilla/5.0 (Windows NT 6.1; WOW64; rv:40.0) Gecko/20100101 Firefox/40.1" 
200.222.225.150 - - [30/Aug/2018:13:14:11 -0700] "GET / HTTP/1.1" 418 732 "-" "Mozilla/5.0 (Windows NT 6.1; WOW64; rv:40.0) Gecko/20100101 Firefox/40.1" 
76.213.140.45 - - [30/Aug/2018:13:19:05 -0700] "GET / HTTP/1.1" 301 483 "-" "Mozilla/5.0 (Macintosh; Intel Mac OS X 10_13_6) AppleWebKit/605.1.15 (KHTML, like Gecko) Version/11.1.2 Safari/605.1.15" 
76.213.140.45 - - [30/Aug/2018:13:19:05 -0700] "GET / HTTP/1.1" 200 12359 "-" "Mozilla/5.0 (Macintosh; Intel Mac OS X 10_13_6) AppleWebKit/605.1.15 (KHTML, like Gecko) Version/11.1.2 Safari/605.1.15" 
76.213.140.45 - - [30/Aug/2018:13:19:05 -0700] "GET /twitter-icon.png HTTP/1.1" 200 27787 "http://www.secrepo.com/" "Mozilla/5.0 (Macintosh; Intel Mac OS X 10_13_6) AppleWebKit/605.1.15 (KHTML, like Gecko) Version/11.1.2 Safari/605.1.15" 
69.140.9.220 - - [30/Aug/2018:13:19:20 -0700] "GET / HTTP/1.1" 200 12359 "-" "Mozilla/5.0 (Macintosh; Intel Mac OS X 10_13_6) AppleWebKit/537.36 (KHTML, like Gecko) Chrome/68.0.3440.106 Safari/537.36 OPR/55.0.2994.44" 
69.140.9.220 - - [30/Aug/2018:13:19:20 -0700] "GET /twitter-icon.png HTTP/1.1" 200 27787 "http://www.secrepo.com/" "Mozilla/5.0 (Macintosh; Intel Mac OS X 10_13_6) AppleWebKit/537.36 (KHTML, like Gecko) Chrome/68.0.3440.106 Safari/537.36 OPR/55.0.2994.44" 
69.140.9.220 - - [30/Aug/2018:13:19:20 -0700] "GET /GitHub-Mark.png HTTP/1.1" 200 7428 "http://www.secrepo.com/" "Mozilla/5.0 (Macintosh; Intel Mac OS X 10_13_6) AppleWebKit/537.36 (KHTML, like Gecko) Chrome/68.0.3440.106 Safari/537.36 OPR/55.0.2994.44" 
69.140.9.220 - - [30/Aug/2018:13:19:21 -0700] "GET /bootstrap/img/favicon.ico HTTP/1.1" 200 589 "http://www.secrepo.com/" "Mozilla/5.0 (Macintosh; Intel Mac OS X 10_13_6) AppleWebKit/537.36 (KHTML, like Gecko) Chrome/68.0.3440.106 Safari/537.36 OPR/55.0.2994.44" 
218.18.42.105 - - [30/Aug/2018:13:23:04 -0700] "GET / HTTP/1.1" 200 46082 "http://www.secrepo.com/" "Mozilla/4.0 (compatible; MSIE 9.0; Windows NT 6.1)" 
218.18.42.105 - - [30/Aug/2018:13:23:05 -0700] "POST //data/cache/asd.php HTTP/1.1" 404 294 "http://www.secrepo.com//data/cache/asd.php" "Mozilla/4.0 (compatible; MSIE 9.0; Windows NT 6.1)" 
52.15.193.90 - - [30/Aug/2018:13:23:12 -0700] "GET / HTTP/1.1" 200 12359 "-" "Mozilla/5.0 (X11; Linux x86_64) AppleWebKit/537.36 (KHTML, like Gecko) Firefox/42.0" 
35.174.5.108 - - [30/Aug/2018:13:23:27 -0700] "GET / HTTP/1.1" 206 12408 "-" "Slackbot-LinkExpanding 1.0 (+https://api.slack.com/robots)" 
34.227.78.61 - - [30/Aug/2018:13:23:27 -0700] "GET /bootstrap/img/apple-touch-icon.png HTTP/1.1" 404 340 "-" "Slackbot 1.0 (+https://api.slack.com/robots)" 
35.153.127.83 - - [30/Aug/2018:13:23:27 -0700] "GET /favicon.ico HTTP/1.1" 200 268 "-" "Slackbot 1.0 (+https://api.slack.com/robots)" 
46.229.168.85 - - [30/Aug/2018:13:24:37 -0700] "GET / HTTP/1.1" 200 12322 "-" "Mozilla/5.0 (compatible; SemrushBot/2~bl; +http://www.semrush.com/bot.html)" 
94.134.91.123 - - [30/Aug/2018:13:26:49 -0700] "GET / HTTP/1.1" 304 189 "-" "Mozilla/5.0 (X11; Linux x86_64) AppleWebKit/537.36 (KHTML, like Gecko) Chrome/68.0.3440.75 Safari/537.36" 
99.203.17.139 - - [30/Aug/2018:13:26:50 -0700] "GET / HTTP/1.1" 200 12359 "android-app://com.Slack" "Mozilla/5.0 (Linux; Android 8.0.0; SM-G935P Build/R16NW) AppleWebKit/537.36 (KHTML, like Gecko) Chrome/68.0.3440.91 Mobile Safari/537.36" 
99.203.17.139 - - [30/Aug/2018:13:26:52 -0700] "GET /twitter-icon.png HTTP/1.1" 200 27787 "http://www.secrepo.com/" "Mozilla/5.0 (Linux; Android 8.0.0; SM-G935P Build/R16NW) AppleWebKit/537.36 (KHTML, like Gecko) Chrome/68.0.3440.91 Mobile Safari/537.36" 
99.203.17.139 - - [30/Aug/2018:13:26:52 -0700] "GET /GitHub-Mark.png HTTP/1.1" 200 7428 "http://www.secrepo.com/" "Mozilla/5.0 (Linux; Android 8.0.0; SM-G935P Build/R16NW) AppleWebKit/537.36 (KHTML, like Gecko) Chrome/68.0.3440.91 Mobile Safari/537.36" 
192.16.26.2 - - [30/Aug/2018:13:26:57 -0700] "GET / HTTP/1.1" 200 12359 "-" "Mozilla/5.0 (Macintosh; Intel Mac OS X 10_13_6) AppleWebKit/537.36 (KHTML, like Gecko) Chrome/68.0.3440.106 Safari/537.36" 
99.203.17.139 - - [30/Aug/2018:13:27:00 -0700] "GET /bootstrap/img/favicon.ico HTTP/1.1" 200 590 "http://www.secrepo.com/" "Mozilla/5.0 (Linux; Android 8.0.0; SM-G935P Build/R16NW) AppleWebKit/537.36 (KHTML, like Gecko) Chrome/68.0.3440.91 Mobile Safari/537.36" 
192.16.26.2 - - [30/Aug/2018:13:27:12 -0700] "GET /twitter-icon.png HTTP/1.1" 200 27788 "http://www.secrepo.com/" "Mozilla/5.0 (Macintosh; Intel Mac OS X 10_13_6) AppleWebKit/537.36 (KHTML, like Gecko) Chrome/68.0.3440.106 Safari/537.36" 
192.16.26.2 - - [30/Aug/2018:13:27:12 -0700] "GET /GitHub-Mark.png HTTP/1.1" 200 7428 "http://www.secrepo.com/" "Mozilla/5.0 (Macintosh; Intel Mac OS X 10_13_6) AppleWebKit/537.36 (KHTML, like Gecko) Chrome/68.0.3440.106 Safari/537.36" 
94.134.91.123 - - [30/Aug/2018:13:27:49 -0700] "GET /self.logs/ HTTP/1.1" 200 11864 "-" "Mozilla/5.0 (X11; Linux x86_64) AppleWebKit/537.36 (KHTML, like Gecko) Chrome/68.0.3440.75 Safari/537.36" 
220.181.132.198 - - [30/Aug/2018:13:31:59 -0700] "GET / HTTP/1.1" 200 12359 "-" "Mozilla/5.0 (Linux; U; Android 5.0.2; zh-CN; Redmi Note 3 Build/LRX22G) AppleWebKit/537.36 (KHTML, like Gecko) Version/4.0 OPR/11.2.3.102637 Mobile Safari/537.36" 
101.199.110.108 - - [30/Aug/2018:13:32:03 -0700] "GET / HTTP/1.1" 301 483 "-" "Mozilla/5.0 (Linux; U; Android 5.0.2; zh-CN; Redmi Note 3 Build/LRX22G) AppleWebKit/537.36 (KHTML, like Gecko) Version/4.0 OPR/11.2.3.102637 Mobile Safari/537.36" 
101.199.110.108 - - [30/Aug/2018:13:32:04 -0700] "GET / HTTP/1.1" 200 12359 "-" "Mozilla/5.0 (Linux; U; Android 5.0.2; zh-CN; Redmi Note 3 Build/LRX22G) AppleWebKit/537.36 (KHTML, like Gecko) Version/4.0 OPR/11.2.3.102637 Mobile Safari/537.36" 
58.64.185.220 - - [30/Aug/2018:13:32:30 -0700] "GET / HTTP/1.1" 301 483 "-" "Mozilla/5.0 (Linux; U; Android 5.0.2; zh-CN; Redmi Note 3 Build/LRX22G) AppleWebKit/537.36 (KHTML, like Gecko) Version/4.0 OPR/11.2.3.102637 Mobile Safari/537.36" 
58.64.185.220 - - [30/Aug/2018:13:32:31 -0700] "GET / HTTP/1.1" 200 12359 "-" "Mozilla/5.0 (Linux; U; Android 5.0.2; zh-CN; Redmi Note 3 Build/LRX22G) AppleWebKit/537.36 (KHTML, like Gecko) Version/4.0 OPR/11.2.3.102637 Mobile Safari/537.36" 
66.249.93.95 - - [30/Aug/2018:13:35:17 -0700] "GET / HTTP/1.1" 200 12359 "-" "Mozilla/5.0 (X11; Linux x86_64) AppleWebKit/537.36 (KHTML, like Gecko) Chrome/49.0.2623.75 Safari/537.36 Google Favicon" 
216.244.66.245 - - [30/Aug/2018:13:35:55 -0700] "GET /robots.txt HTTP/1.1" 200 233 "-" "Mozilla/5.0 (compatible; DotBot/1.1; http://www.opensiteexplorer.org/dotbot, help@moz.com)" 
51.235.67.234 - - [30/Aug/2018:13:37:31 -0700] "GET /wp-login.php HTTP/1.1" 418 732 "-" "Mozilla/5.0 (Windows NT 6.1; WOW64; rv:40.0) Gecko/20100101 Firefox/40.1" 
51.235.67.234 - - [30/Aug/2018:13:37:31 -0700] "GET / HTTP/1.1" 418 732 "-" "Mozilla/5.0 (Windows NT 6.1; WOW64; rv:40.0) Gecko/20100101 Firefox/40.1" 
192.175.27.2 - - [30/Aug/2018:13:38:50 -0700] "GET / HTTP/1.1" 301 483 "-" "Mozilla/5.0 (Macintosh; Intel Mac OS X 10_13_6) AppleWebKit/537.36 (KHTML, like Gecko) Chrome/68.0.3440.106 Safari/537.36" 
192.175.27.2 - - [30/Aug/2018:13:38:50 -0700] "GET / HTTP/1.1" 200 12359 "-" "Mozilla/5.0 (Macintosh; Intel Mac OS X 10_13_6) AppleWebKit/537.36 (KHTML, like Gecko) Chrome/68.0.3440.106 Safari/537.36" 
192.175.27.2 - - [30/Aug/2018:13:38:50 -0700] "GET /twitter-icon.png HTTP/1.1" 200 27787 "http://www.secrepo.com/" "Mozilla/5.0 (Macintosh; Intel Mac OS X 10_13_6) AppleWebKit/537.36 (KHTML, like Gecko) Chrome/68.0.3440.106 Safari/537.36" 
192.175.27.2 - - [30/Aug/2018:13:38:50 -0700] "GET /GitHub-Mark.png HTTP/1.1" 200 7427 "http://www.secrepo.com/" "Mozilla/5.0 (Macintosh; Intel Mac OS X 10_13_6) AppleWebKit/537.36 (KHTML, like Gecko) Chrome/68.0.3440.106 Safari/537.36" 
192.175.27.2 - - [30/Aug/2018:13:38:51 -0700] "GET /bootstrap/img/favicon.ico HTTP/1.1" 200 589 "http://www.secrepo.com/" "Mozilla/5.0 (Macintosh; Intel Mac OS X 10_13_6) AppleWebKit/537.36 (KHTML, like Gecko) Chrome/68.0.3440.106 Safari/537.36" 
216.244.66.245 - - [30/Aug/2018:13:41:16 -0700] "GET /self.logs/error.log.2018-08-19.gz HTTP/1.1" 200 5113 "-" "Mozilla/5.0 (compatible; DotBot/1.1; http://www.opensiteexplorer.org/dotbot, help@moz.com)" 
54.36.149.50 - - [30/Aug/2018:13:44:22 -0700] "GET /self.logs/error.log.2016-05-29.gz HTTP/1.1" 404 284 "-" "Mozilla/5.0 (compatible; AhrefsBot/5.2; +http://ahrefs.com/robot/)" 
54.36.149.53 - - [30/Aug/2018:13:46:14 -0700] "GET /self.logs/error.log.2015-10-16.gz HTTP/1.1" 404 284 "-" "Mozilla/5.0 (compatible; AhrefsBot/5.2; +http://ahrefs.com/robot/)" 
111.206.36.147 - - [30/Aug/2018:13:47:32 -0700] "GET / HTTP/1.1" 200 12359 "http://www.baidu.com/s?wd=partkj4" "Mozilla/5.0 (Windows NT 6.1; WOW64; rv:43.0) Gecko/20100101 Firefox/43.0" 
186.89.119.254 - - [30/Aug/2018:13:49:09 -0700] "GET /wp-login.php HTTP/1.1" 418 732 "-" "Mozilla/5.0 (Windows NT 6.1; WOW64; rv:40.0) Gecko/20100101 Firefox/40.1" 
186.89.119.254 - - [30/Aug/2018:13:49:09 -0700] "GET / HTTP/1.1" 418 732 "-" "Mozilla/5.0 (Windows NT 6.1; WOW64; rv:40.0) Gecko/20100101 Firefox/40.1" 
65.113.98.10 - - [30/Aug/2018:13:50:38 -0700] "GET / HTTP/1.1" 200 12359 "https://www.google.com/" "Mozilla/5.0 (Macintosh; Intel Mac OS X 10_13_4) AppleWebKit/537.36 (KHTML, like Gecko) Chrome/68.0.3440.106 Safari/537.36" 
65.113.98.10 - - [30/Aug/2018:13:50:38 -0700] "GET /twitter-icon.png HTTP/1.1" 200 27787 "http://www.secrepo.com/" "Mozilla/5.0 (Macintosh; Intel Mac OS X 10_13_4) AppleWebKit/537.36 (KHTML, like Gecko) Chrome/68.0.3440.106 Safari/537.36" 
216.244.66.245 - - [30/Aug/2018:13:52:07 -0700] "GET /a.zip HTTP/1.1" 404 239 "-" "Mozilla/5.0 (compatible; DotBot/1.1; http://www.opensiteexplorer.org/dotbot, help@moz.com)" 
216.244.66.245 - - [30/Aug/2018:13:52:08 -0700] "GET /self.logs/2015/access.log.2015-05-27.gz HTTP/1.1" 200 3356 "-" "Mozilla/5.0 (compatible; DotBot/1.1; http://www.opensiteexplorer.org/dotbot, help@moz.com)" 
216.244.66.245 - - [30/Aug/2018:13:52:09 -0700] "GET /self.logs/2015/access.log.2015-06-28.gz HTTP/1.1" 200 11718 "-" "Mozilla/5.0 (compatible; DotBot/1.1; http://www.opensiteexplorer.org/dotbot, help@moz.com)" 
216.244.66.245 - - [30/Aug/2018:13:52:10 -0700] "GET /self.logs/2015/access.log.2015-10-31.gz HTTP/1.1" 200 7139 "-" "Mozilla/5.0 (compatible; DotBot/1.1; http://www.opensiteexplorer.org/dotbot, help@moz.com)" 
216.244.66.245 - - [30/Aug/2018:13:52:11 -0700] "GET /self.logs/2015/error.log.2015-04-29.gz HTTP/1.1" 200 1656 "-" "Mozilla/5.0 (compatible; DotBot/1.1; http://www.opensiteexplorer.org/dotbot, help@moz.com)" 
216.244.66.245 - - [30/Aug/2018:13:52:12 -0700] "GET /self.logs/2015/error.log.2015-05-04.gz HTTP/1.1" 200 650 "-" "Mozilla/5.0 (compatible; DotBot/1.1; http://www.opensiteexplorer.org/dotbot, help@moz.com)" 
216.244.66.245 - - [30/Aug/2018:13:52:13 -0700] "GET /self.logs/2015/error.log.2015-08-09.gz HTTP/1.1" 200 735 "-" "Mozilla/5.0 (compatible; DotBot/1.1; http://www.opensiteexplorer.org/dotbot, help@moz.com)" 
216.244.66.245 - - [30/Aug/2018:13:52:14 -0700] "GET /self.logs/2015/error.log.2015-08-16.gz HTTP/1.1" 200 2585 "-" "Mozilla/5.0 (compatible; DotBot/1.1; http://www.opensiteexplorer.org/dotbot, help@moz.com)" 
216.244.66.245 - - [30/Aug/2018:13:52:15 -0700] "GET /self.logs/2015/error.log.2015-08-17.gz HTTP/1.1" 200 1852 "-" "Mozilla/5.0 (compatible; DotBot/1.1; http://www.opensiteexplorer.org/dotbot, help@moz.com)" 
216.244.66.245 - - [30/Aug/2018:13:52:16 -0700] "GET /self.logs/2015/error.log.2015-08-19.gz HTTP/1.1" 200 700 "-" "Mozilla/5.0 (compatible; DotBot/1.1; http://www.opensiteexplorer.org/dotbot, help@moz.com)" 
216.244.66.245 - - [30/Aug/2018:13:52:17 -0700] "GET /self.logs/2015/error.log.2015-09-03.gz HTTP/1.1" 200 643 "-" "Mozilla/5.0 (compatible; DotBot/1.1; http://www.opensiteexplorer.org/dotbot, help@moz.com)" 
216.244.66.245 - - [30/Aug/2018:13:52:18 -0700] "GET /self.logs/2015/error.log.2015-12-10.gz HTTP/1.1" 200 439 "-" "Mozilla/5.0 (compatible; DotBot/1.1; http://www.opensiteexplorer.org/dotbot, help@moz.com)" 
216.244.66.245 - - [30/Aug/2018:13:52:19 -0700] "GET /self.logs/2016/access.log.2016-02-10.gz HTTP/1.1" 200 9147 "-" "Mozilla/5.0 (compatible; DotBot/1.1; http://www.opensiteexplorer.org/dotbot, help@moz.com)" 
216.244.66.245 - - [30/Aug/2018:13:52:20 -0700] "GET /self.logs/2016/access.log.2016-03-27.gz HTTP/1.1" 200 7315 "-" "Mozilla/5.0 (compatible; DotBot/1.1; http://www.opensiteexplorer.org/dotbot, help@moz.com)" 
216.244.66.245 - - [30/Aug/2018:13:52:21 -0700] "GET /self.logs/2016/access.log.2016-04-11.gz HTTP/1.1" 200 8692 "-" "Mozilla/5.0 (compatible; DotBot/1.1; http://www.opensiteexplorer.org/dotbot, help@moz.com)" 
216.244.66.245 - - [30/Aug/2018:13:52:22 -0700] "GET /self.logs/2016/access.log.2016-10-15.gz HTTP/1.1" 200 6834 "-" "Mozilla/5.0 (compatible; DotBot/1.1; http://www.opensiteexplorer.org/dotbot, help@moz.com)" 
216.244.66.245 - - [30/Aug/2018:13:52:23 -0700] "GET /self.logs/2016/error.log.2016-02-28.gz HTTP/1.1" 200 922 "-" "Mozilla/5.0 (compatible; DotBot/1.1; http://www.opensiteexplorer.org/dotbot, help@moz.com)" 
216.244.66.245 - - [30/Aug/2018:13:52:24 -0700] "GET /self.logs/2016/error.log.2016-05-11.gz HTTP/1.1" 200 792 "-" "Mozilla/5.0 (compatible; DotBot/1.1; http://www.opensiteexplorer.org/dotbot, help@moz.com)" 
216.244.66.245 - - [30/Aug/2018:13:52:25 -0700] "GET /self.logs/access.log.2017-11-10.gz HTTP/1.1" 200 28558 "-" "Mozilla/5.0 (compatible; DotBot/1.1; http://www.opensiteexplorer.org/dotbot, help@moz.com)" 
54.36.148.30 - - [30/Aug/2018:13:53:25 -0700] "GET /self.logs/error.log.2018-05-29.gz HTTP/1.1" 200 5261 "-" "Mozilla/5.0 (compatible; AhrefsBot/5.2; +http://ahrefs.com/robot/)" 
54.36.148.38 - - [30/Aug/2018:13:55:16 -0700] "GET /squid/access.log.gz HTTP/1.1" 200 58026 "-" "Mozilla/5.0 (compatible; AhrefsBot/5.2; +http://ahrefs.com/robot/)" 
54.36.148.231 - - [30/Aug/2018:13:56:44 -0700] "GET /self.logs/error.log.2016-03-11.gz HTTP/1.1" 404 284 "-" "Mozilla/5.0 (compatible; AhrefsBot/5.2; +http://ahrefs.com/robot/)" 
113.171.224.176 - - [30/Aug/2018:13:58:30 -0700] "GET /honeypot/Honeypot%20-%20Howto.pdf HTTP/1.1" 200 46720 "-" "Mozilla/5.0 Gecko/20100115 Firefox/3.6" 
54.36.148.89 - - [30/Aug/2018:14:03:26 -0700] "GET /self.logs/error.log.2018-07-05.gz HTTP/1.1" 200 5609 "-" "Mozilla/5.0 (compatible; AhrefsBot/5.2; +http://ahrefs.com/robot/)" 
177.35.0.249 - - [30/Aug/2018:14:05:30 -0700] "GET /wp-login.php HTTP/1.1" 418 732 "-" "Mozilla/5.0 (Windows NT 6.1; WOW64; rv:40.0) Gecko/20100101 Firefox/40.1" 
177.35.0.249 - - [30/Aug/2018:14:05:30 -0700] "GET / HTTP/1.1" 418 732 "-" "Mozilla/5.0 (Windows NT 6.1; WOW64; rv:40.0) Gecko/20100101 Firefox/40.1" 
66.249.64.129 - - [30/Aug/2018:14:12:17 -0700] "GET / HTTP/1.1" 200 12359 "-" "Mozilla/5.0 (Linux; Android 6.0.1; Nexus 5X Build/MMB29P) AppleWebKit/537.36 (KHTML, like Gecko) Chrome/41.0.2272.96 Mobile Safari/537.36 (compatible; Googlebot/2.1; +http://www.google.com/bot.html)" 
112.47.16.92 - - [30/Aug/2018:14:12:40 -0700] "GET / HTTP/1.1" 200 46026 "-" "Mozilla/5.0 (compatible; Baiduspider-render/2.0; +http://www.baidu.com/search/spider.html)" 
54.36.149.89 - - [30/Aug/2018:14:13:21 -0700] "GET /self.logs/access.log.2017-06-06.gz HTTP/1.1" 200 31659 "-" "Mozilla/5.0 (compatible; AhrefsBot/5.2; +http://ahrefs.com/robot/)" 
100.43.91.201 - - [30/Aug/2018:14:18:05 -0700] "GET /robots.txt HTTP/1.1" 301 518 "-" "Mozilla/5.0 (compatible; YandexBot/3.0; +http://yandex.com/bots)" 
100.43.91.201 - - [30/Aug/2018:14:18:09 -0700] "GET / HTTP/1.1" 301 483 "-" "Mozilla/5.0 (compatible; YandexBot/3.0; +http://yandex.com/bots)" 
157.55.39.122 - - [30/Aug/2018:14:18:20 -0700] "GET /honeypot/Honeypot%20-%20Howto%20-%20BSides%20Austin.pdf HTTP/1.1" 200 2928460 "-" "Mozilla/5.0 (iPhone; CPU iPhone OS 7_0 like Mac OS X) AppleWebKit/537.51.1 (KHTML, like Gecko) Version/7.0 Mobile/11A465 Safari/9537.53 (compatible; bingbot/2.0; +http://www.bing.com/bingbot.htm)" 
54.36.148.78 - - [30/Aug/2018:14:19:57 -0700] "GET /self.logs/access.log.2018-01-19.gz HTTP/1.1" 200 23935 "-" "Mozilla/5.0 (compatible; AhrefsBot/5.2; +http://ahrefs.com/robot/)" 
216.244.66.245 - - [30/Aug/2018:14:20:39 -0700] "GET /robots.txt HTTP/1.1" 200 233 "-" "Mozilla/5.0 (compatible; DotBot/1.1; http://www.opensiteexplorer.org/dotbot, help@moz.com)" 
52.14.244.52 - - [30/Aug/2018:14:23:19 -0700] "GET / HTTP/1.1" 200 12359 "-" "Mozilla/5.0 (Windows NT 6.1; Win64; x64; rv:47.0) AppleWebKit/537.36 (KHTML, like Gecko) Chrome/51.0.2704.106 Safari/537.36 OPR/38.0.2220.41" 
216.244.66.245 - - [30/Aug/2018:14:25:36 -0700] "GET /self.logs/error.log.2018-08-14.gz HTTP/1.1" 200 7438 "-" "Mozilla/5.0 (compatible; DotBot/1.1; http://www.opensiteexplorer.org/dotbot, help@moz.com)" 
65.113.98.10 - - [30/Aug/2018:14:26:08 -0700] "GET /GitHub-Mark.png HTTP/1.1" 200 7428 "http://www.secrepo.com/" "Mozilla/5.0 (Macintosh; Intel Mac OS X 10_13_4) AppleWebKit/537.36 (KHTML, like Gecko) Chrome/68.0.3440.106 Safari/537.36" 
65.113.98.10 - - [30/Aug/2018:14:26:08 -0700] "GET /bootstrap/img/favicon.ico HTTP/1.1" 200 589 "http://www.secrepo.com/" "Mozilla/5.0 (Macintosh; Intel Mac OS X 10_13_4) AppleWebKit/537.36 (KHTML, like Gecko) Chrome/68.0.3440.106 Safari/537.36" 
54.36.148.176 - - [30/Aug/2018:14:29:33 -0700] "GET /self.logs/error.log.2016-12-19.gz HTTP/1.1" 404 284 "-" "Mozilla/5.0 (compatible; AhrefsBot/5.2; +http://ahrefs.com/robot/)" 
54.36.148.225 - - [30/Aug/2018:14:29:51 -0700] "GET /self.logs/error.log.2018-04-10.gz HTTP/1.1" 200 7277 "-" "Mozilla/5.0 (compatible; AhrefsBot/5.2; +http://ahrefs.com/robot/)" 
216.244.66.245 - - [30/Aug/2018:14:34:05 -0700] "GET /self.logs/2015/access.log.2015-01-21.gz HTTP/1.1" 200 3919 "-" "Mozilla/5.0 (compatible; DotBot/1.1; http://www.opensiteexplorer.org/dotbot, help@moz.com)" 
216.244.66.245 - - [30/Aug/2018:14:34:06 -0700] "GET /self.logs/2015/access.log.2015-03-15.gz HTTP/1.1" 200 5362 "-" "Mozilla/5.0 (compatible; DotBot/1.1; http://www.opensiteexplorer.org/dotbot, help@moz.com)" 
216.244.66.245 - - [30/Aug/2018:14:34:07 -0700] "GET /self.logs/2015/access.log.2015-03-20.gz HTTP/1.1" 200 4107 "-" "Mozilla/5.0 (compatible; DotBot/1.1; http://www.opensiteexplorer.org/dotbot, help@moz.com)" 
216.244.66.245 - - [30/Aug/2018:14:34:08 -0700] "GET /self.logs/2015/access.log.2015-05-05.gz HTTP/1.1" 200 4335 "-" "Mozilla/5.0 (compatible; DotBot/1.1; http://www.opensiteexplorer.org/dotbot, help@moz.com)" 
72.35.208.22 - - [30/Aug/2018:14:34:09 -0700] "GET /twitter-icon.png HTTP/1.1" 200 27788 "-" "Mozilla/5.0 (Windows NT 10.0; Win64; x64) AppleWebKit/537.36 (KHTML, like Gecko) Chrome/68.0.3440.106 Safari/537.36" 
72.35.208.22 - - [30/Aug/2018:14:34:09 -0700] "GET /GitHub-Mark.png HTTP/1.1" 200 7428 "-" "Mozilla/5.0 (Windows NT 10.0; Win64; x64) AppleWebKit/537.36 (KHTML, like Gecko) Chrome/68.0.3440.106 Safari/537.36" 
216.244.66.245 - - [30/Aug/2018:14:34:09 -0700] "GET /self.logs/2015/error.log.2015-02-01.gz HTTP/1.1" 200 698 "-" "Mozilla/5.0 (compatible; DotBot/1.1; http://www.opensiteexplorer.org/dotbot, help@moz.com)" 
72.35.208.22 - - [30/Aug/2018:14:34:10 -0700] "GET / HTTP/1.1" 200 12359 "-" "Mozilla/5.0 (Windows NT 10.0; Win64; x64) AppleWebKit/537.36 (KHTML, like Gecko) Chrome/68.0.3440.106 Safari/537.36" 
216.244.66.245 - - [30/Aug/2018:14:34:10 -0700] "GET /self.logs/2015/error.log.2015-12-29.gz HTTP/1.1" 200 595 "-" "Mozilla/5.0 (compatible; DotBot/1.1; http://www.opensiteexplorer.org/dotbot, help@moz.com)" 
72.35.208.22 - - [30/Aug/2018:14:34:11 -0700] "GET /bootstrap/img/favicon.ico HTTP/1.1" 200 590 "http://www.secrepo.com/" "Mozilla/5.0 (Windows NT 10.0; Win64; x64) AppleWebKit/537.36 (KHTML, like Gecko) Chrome/68.0.3440.106 Safari/537.36" 
216.244.66.245 - - [30/Aug/2018:14:34:11 -0700] "GET /self.logs/2016/access.log.2016-02-15.gz HTTP/1.1" 200 8103 "-" "Mozilla/5.0 (compatible; DotBot/1.1; http://www.opensiteexplorer.org/dotbot, help@moz.com)" 
216.244.66.245 - - [30/Aug/2018:14:34:12 -0700] "GET /self.logs/2016/access.log.2016-04-13.gz HTTP/1.1" 200 16073 "-" "Mozilla/5.0 (compatible; DotBot/1.1; http://www.opensiteexplorer.org/dotbot, help@moz.com)" 
216.244.66.245 - - [30/Aug/2018:14:34:13 -0700] "GET /self.logs/2016/access.log.2016-04-18.gz HTTP/1.1" 200 9048 "-" "Mozilla/5.0 (compatible; DotBot/1.1; http://www.opensiteexplorer.org/dotbot, help@moz.com)" 
216.244.66.245 - - [30/Aug/2018:14:34:14 -0700] "GET /self.logs/2016/access.log.2016-06-15.gz HTTP/1.1" 200 10885 "-" "Mozilla/5.0 (compatible; DotBot/1.1; http://www.opensiteexplorer.org/dotbot, help@moz.com)" 
216.244.66.245 - - [30/Aug/2018:14:34:15 -0700] "GET /self.logs/2016/access.log.2016-08-03.gz HTTP/1.1" 200 12180 "-" "Mozilla/5.0 (compatible; DotBot/1.1; http://www.opensiteexplorer.org/dotbot, help@moz.com)" 
216.244.66.245 - - [30/Aug/2018:14:34:16 -0700] "GET /self.logs/2016/access.log.2016-12-09.gz HTTP/1.1" 200 9360 "-" "Mozilla/5.0 (compatible; DotBot/1.1; http://www.opensiteexplorer.org/dotbot, help@moz.com)" 
216.244.66.245 - - [30/Aug/2018:14:34:17 -0700] "GET /self.logs/2016/error.log.2016-02-29.gz HTTP/1.1" 200 574 "-" "Mozilla/5.0 (compatible; DotBot/1.1; http://www.opensiteexplorer.org/dotbot, help@moz.com)" 
216.244.66.245 - - [30/Aug/2018:14:34:18 -0700] "GET /self.logs/2016/error.log.2016-04-28.gz HTTP/1.1" 200 694 "-" "Mozilla/5.0 (compatible; DotBot/1.1; http://www.opensiteexplorer.org/dotbot, help@moz.com)" 
216.244.66.245 - - [30/Aug/2018:14:34:19 -0700] "GET /self.logs/2016/error.log.2016-08-01.gz HTTP/1.1" 200 687 "-" "Mozilla/5.0 (compatible; DotBot/1.1; http://www.opensiteexplorer.org/dotbot, help@moz.com)" 
216.244.66.245 - - [30/Aug/2018:14:34:20 -0700] "GET /self.logs/2016/error.log.2016-10-04.gz HTTP/1.1" 200 872 "-" "Mozilla/5.0 (compatible; DotBot/1.1; http://www.opensiteexplorer.org/dotbot, help@moz.com)" 
216.244.66.245 - - [30/Aug/2018:14:34:21 -0700] "GET /self.logs/2016/error.log.2016-11-28.gz HTTP/1.1" 200 2171 "-" "Mozilla/5.0 (compatible; DotBot/1.1; http://www.opensiteexplorer.org/dotbot, help@moz.com)" 
216.244.66.245 - - [30/Aug/2018:14:34:22 -0700] "GET /self.logs/2016/error.log.2016-12-25.gz HTTP/1.1" 200 518 "-" "Mozilla/5.0 (compatible; DotBot/1.1; http://www.opensiteexplorer.org/dotbot, help@moz.com)" 
77.253.94.189 - - [30/Aug/2018:14:37:24 -0700] "GET / HTTP/1.1" 200 12359 "https://www.google.com/" "Mozilla/5.0 (Macintosh; Intel Mac OS X 10_12_6) AppleWebKit/605.1.15 (KHTML, like Gecko) Version/11.1.2 Safari/605.1.15" 
77.253.94.189 - - [30/Aug/2018:14:37:25 -0700] "GET /twitter-icon.png HTTP/1.1" 200 27787 "http://www.secrepo.com/" "Mozilla/5.0 (Macintosh; Intel Mac OS X 10_12_6) AppleWebKit/605.1.15 (KHTML, like Gecko) Version/11.1.2 Safari/605.1.15" 
77.253.94.189 - - [30/Aug/2018:14:37:26 -0700] "GET /GitHub-Mark.png HTTP/1.1" 200 7428 "http://www.secrepo.com/" "Mozilla/5.0 (Macintosh; Intel Mac OS X 10_12_6) AppleWebKit/605.1.15 (KHTML, like Gecko) Version/11.1.2 Safari/605.1.15" 
77.253.94.189 - - [30/Aug/2018:14:37:27 -0700] "GET /bootstrap/img/favicon.ico HTTP/1.1" 200 590 "http://www.secrepo.com/" "Mozilla/5.0 (Macintosh; Intel Mac OS X 10_12_6) AppleWebKit/605.1.15 (KHTML, like Gecko) Version/11.1.2 Safari/605.1.15" 
54.36.148.204 - - [30/Aug/2018:14:37:32 -0700] "GET /self.logs/2016/access.log.2016-11-05.gz HTTP/1.1" 200 5900 "-" "Mozilla/5.0 (compatible; AhrefsBot/5.2; +http://ahrefs.com/robot/)" 
