66.249.92.148 - - [02/Aug/2018:10:12:00 -0700] "GET /&nbsp HTTP/1.1" 404 339 "-" "Mozilla/5.0 (Macintosh; Intel Mac OS X 10_8_4) AppleWebKit/537.36 (KHTML, like Gecko) Chrome/28.0.1500.71 Safari/537.36" 
66.249.92.147 - - [02/Aug/2018:10:12:01 -0700] "GET /&amp HTTP/1.1" 404 340 "-" "Mozilla/5.0 (Macintosh; Intel Mac OS X 10_8_4) AppleWebKit/537.36 (KHTML, like Gecko) Chrome/28.0.1500.71 Safari/537.36" 
66.249.92.146 - - [02/Aug/2018:10:12:01 -0700] "GET / HTTP/1.1" 200 11357 "-" "Mozilla/5.0 (Macintosh; Intel Mac OS X 10_8_4) AppleWebKit/537.36 (KHTML, like Gecko) Chrome/28.0.1500.71 Safari/537.36" 
66.249.92.64 - - [02/Aug/2018:10:12:02 -0700] "GET / HTTP/1.1" 301 483 "-" "Mozilla/5.0 (Macintosh; Intel Mac OS X 10_8_4) AppleWebKit/537.36 (KHTML, like Gecko) Chrome/28.0.1500.71 Safari/537.36" 
66.249.92.146 - - [02/Aug/2018:10:12:02 -0700] "GET / HTTP/1.1" 200 11357 "-" "Mozilla/5.0 (Macintosh; Intel Mac OS X 10_8_4) AppleWebKit/537.36 (KHTML, like Gecko) Chrome/28.0.1500.71 Safari/537.36" 
35.153.231.18 - - [02/Aug/2018:10:15:49 -0700] "GET / HTTP/1.1" 206 11406 "-" "Slackbot-LinkExpanding 1.0 (+https://api.slack.com/robots)" 
34.228.6.255 - - [02/Aug/2018:10:15:49 -0700] "GET /bootstrap/img/apple-touch-icon.png HTTP/1.1" 404 340 "-" "Slackbot 1.0 (+https://api.slack.com/robots)" 
52.207.53.149 - - [02/Aug/2018:10:15:49 -0700] "GET /favicon.ico HTTP/1.1" 200 268 "-" "Slackbot 1.0 (+https://api.slack.com/robots)" 
139.190.10.206 - - [02/Aug/2018:10:16:29 -0700] "GET /wp-login.php HTTP/1.1" 418 732 "-" "Mozilla/5.0 (Windows NT 6.1; WOW64; rv:40.0) Gecko/20100101 Firefox/40.1" 
139.190.10.206 - - [02/Aug/2018:10:16:30 -0700] "GET / HTTP/1.1" 418 732 "-" "Mozilla/5.0 (Windows NT 6.1; WOW64; rv:40.0) Gecko/20100101 Firefox/40.1" 
118.71.104.141 - - [02/Aug/2018:10:17:28 -0700] "GET / HTTP/1.1" 301 498 "-" "Mozilla/5.0 (Windows; U; Windows NT 5.1; en-US; rv:x.x.x) Gecko/20041107 Firefox/x.x" 
118.71.104.141 - - [02/Aug/2018:10:17:28 -0700] "GET / HTTP/1.1" 200 38595 "-" "Mozilla/5.0 (Windows; U; Windows NT 5.1; en-US; rv:x.x.x) Gecko/20041107 Firefox/x.x" 
123.125.71.77 - - [02/Aug/2018:10:19:54 -0700] "GET /robots.txt HTTP/1.1" 200 297 "-" "Mozilla/5.0 (compatible; Baiduspider/2.0; +http://www.baidu.com/search/spider.html)" 
123.125.67.219 - - [02/Aug/2018:10:19:56 -0700] "GET /robots.txt HTTP/1.1" 200 297 "-" "Mozilla/5.0 (Windows NT 10.0; WOW64) AppleWebKit/537.36 (KHTML, like Gecko) Chrome/45.0.2454.93 Safari/537.36" 
123.125.71.76 - - [02/Aug/2018:10:19:59 -0700] "GET /robots.txt HTTP/1.1" 200 297 "-" "Mozilla/5.0 (compatible; Baiduspider/2.0; +http://www.baidu.com/search/spider.html)" 
66.249.66.82 - - [02/Aug/2018:10:22:14 -0700] "GET /self.logs/ HTTP/1.1" 200 11325 "-" "Mozilla/5.0 (compatible; Googlebot/2.1; +http://www.google.com/bot.html)" 
12.196.122.120 - - [02/Aug/2018:10:22:18 -0700] "GET / HTTP/1.1" 200 11357 "-" "Mozilla/5.0 (Macintosh; Intel Mac OS X 10_13_5) AppleWebKit/605.1.15 (KHTML, like Gecko)" 
12.196.122.120 - - [02/Aug/2018:10:22:18 -0700] "GET /apple-touch-icon-precomposed.png HTTP/1.1" 404 340 "-" "Safari/13605.2.8 CFNetwork/901.1 Darwin/17.6.0 (x86_64)" 
12.196.122.120 - - [02/Aug/2018:10:22:18 -0700] "GET /apple-touch-icon.png HTTP/1.1" 404 339 "-" "Safari/13605.2.8 CFNetwork/901.1 Darwin/17.6.0 (x86_64)" 
12.196.122.120 - - [02/Aug/2018:10:22:18 -0700] "GET /bootstrap/img/favicon.ico HTTP/1.1" 200 589 "-" "Safari/13605.2.8 CFNetwork/901.1 Darwin/17.6.0 (x86_64)" 
12.196.122.120 - - [02/Aug/2018:10:22:18 -0700] "GET / HTTP/1.1" 200 11356 "-" "\"Mozilla/5.0 (iPhone; CPU iPhone OS 11_0 like Mac OS X) AppleWebKit/604.1.38 (KHTML, like Gecko) Version/11.0 Mobile/15A372 Safari/604.1\"" 
12.196.122.120 - - [02/Aug/2018:10:22:19 -0700] "GET /apple-touch-icon-precomposed.png HTTP/1.1" 404 339 "-" "Safari/13605.2.8 CFNetwork/901.1 Darwin/17.6.0 (x86_64)" 
12.196.122.120 - - [02/Aug/2018:10:22:19 -0700] "GET /apple-touch-icon.png HTTP/1.1" 404 339 "-" "Safari/13605.2.8 CFNetwork/901.1 Darwin/17.6.0 (x86_64)" 
12.196.122.120 - - [02/Aug/2018:10:22:19 -0700] "GET /bootstrap/img/favicon.ico HTTP/1.1" 200 589 "-" "Safari/13605.2.8 CFNetwork/901.1 Darwin/17.6.0 (x86_64)" 
66.249.66.82 - - [02/Aug/2018:10:22:19 -0700] "GET /self.logs/ HTTP/1.1" 200 11325 "-" "Mozilla/5.0 (Linux; Android 6.0.1; Nexus 5X Build/MMB29P) AppleWebKit/537.36 (KHTML, like Gecko) Chrome/41.0.2272.96 Mobile Safari/537.36 (compatible; Googlebot/2.1; +http://www.google.com/bot.html)" 
70.106.236.44 - - [02/Aug/2018:10:24:28 -0700] "GET / HTTP/1.1" 200 11357 "-" "Mozilla/5.0 (Windows NT 10.0; Win64; x64; rv:61.0) Gecko/20100101 Firefox/61.0" 
70.106.236.44 - - [02/Aug/2018:10:24:28 -0700] "GET /twitter-icon.png HTTP/1.1" 200 27787 "http://www.secrepo.com/" "Mozilla/5.0 (Windows NT 10.0; Win64; x64; rv:61.0) Gecko/20100101 Firefox/61.0" 
70.106.236.44 - - [02/Aug/2018:10:24:28 -0700] "GET /GitHub-Mark.png HTTP/1.1" 200 7428 "http://www.secrepo.com/" "Mozilla/5.0 (Windows NT 10.0; Win64; x64; rv:61.0) Gecko/20100101 Firefox/61.0" 
70.106.236.44 - - [02/Aug/2018:10:24:29 -0700] "GET /bootstrap/img/favicon.ico HTTP/1.1" 200 589 "-" "Mozilla/5.0 (Windows NT 10.0; Win64; x64; rv:61.0) Gecko/20100101 Firefox/61.0" 
54.36.149.3 - - [02/Aug/2018:10:30:09 -0700] "GET /self.logs/2015/error.log.2015-03-20.gz HTTP/1.1" 200 883 "-" "Mozilla/5.0 (compatible; AhrefsBot/5.2; +http://ahrefs.com/robot/)" 
66.249.92.95 - - [02/Aug/2018:10:31:04 -0700] "GET / HTTP/1.1" 301 483 "-" "Mozilla/5.0 (Macintosh; Intel Mac OS X 10_8_4) AppleWebKit/537.36 (KHTML, like Gecko) Chrome/28.0.1500.71 Safari/537.36" 
66.249.92.146 - - [02/Aug/2018:10:31:05 -0700] "GET / HTTP/1.1" 200 11357 "-" "Mozilla/5.0 (Macintosh; Intel Mac OS X 10_8_4) AppleWebKit/537.36 (KHTML, like Gecko) Chrome/28.0.1500.71 Safari/537.36" 
217.73.141.142 - - [02/Aug/2018:10:33:19 -0700] "GET /wp-login.php HTTP/1.1" 418 732 "-" "Mozilla/5.0 (Windows NT 6.1; WOW64; rv:40.0) Gecko/20100101 Firefox/40.1" 
217.73.141.142 - - [02/Aug/2018:10:33:19 -0700] "GET / HTTP/1.1" 418 732 "-" "Mozilla/5.0 (Windows NT 6.1; WOW64; rv:40.0) Gecko/20100101 Firefox/40.1" 
70.229.13.129 - - [02/Aug/2018:10:34:23 -0700] "GET / HTTP/1.1" 200 11357 "-" "Mozilla/5.0 (X11; Linux x86_64) AppleWebKit/537.36 (KHTML, like Gecko) Chrome/68.0.3440.84 Safari/537.36" 
70.229.13.129 - - [02/Aug/2018:10:34:23 -0700] "GET /twitter-icon.png HTTP/1.1" 200 27787 "http://www.secrepo.com/" "Mozilla/5.0 (X11; Linux x86_64) AppleWebKit/537.36 (KHTML, like Gecko) Chrome/68.0.3440.84 Safari/537.36" 
70.229.13.129 - - [02/Aug/2018:10:34:23 -0700] "GET /GitHub-Mark.png HTTP/1.1" 200 7428 "http://www.secrepo.com/" "Mozilla/5.0 (X11; Linux x86_64) AppleWebKit/537.36 (KHTML, like Gecko) Chrome/68.0.3440.84 Safari/537.36" 
70.229.13.129 - - [02/Aug/2018:10:34:25 -0700] "GET /bootstrap/img/favicon.ico HTTP/1.1" 200 589 "http://www.secrepo.com/" "Mozilla/5.0 (X11; Linux x86_64) AppleWebKit/537.36 (KHTML, like Gecko) Chrome/68.0.3440.84 Safari/537.36" 
113.171.224.176 - - [02/Aug/2018:10:36:06 -0700] "GET /honeypot/Honeypot%20-%20Howto.pdf HTTP/1.1" 200 46720 "-" "Mozilla/5.0 Gecko/20100115 Firefox/3.6" 
205.155.154.1 - - [02/Aug/2018:10:36:57 -0700] "GET /) HTTP/1.1" 404 340 "-" "Mozilla/5.0 (Windows NT 10.0; Win64; x64) AppleWebKit/537.36 (KHTML, like Gecko) Chrome/67.0.3396.99 Safari/537.36" 
205.155.154.1 - - [02/Aug/2018:10:37:00 -0700] "GET / HTTP/1.1" 200 11357 "-" "Mozilla/5.0 (Windows NT 10.0; Win64; x64) AppleWebKit/537.36 (KHTML, like Gecko) Chrome/67.0.3396.99 Safari/537.36" 
205.155.154.1 - - [02/Aug/2018:10:37:00 -0700] "GET /twitter-icon.png HTTP/1.1" 200 27787 "http://www.secrepo.com/" "Mozilla/5.0 (Windows NT 10.0; Win64; x64) AppleWebKit/537.36 (KHTML, like Gecko) Chrome/67.0.3396.99 Safari/537.36" 
205.155.154.1 - - [02/Aug/2018:10:37:01 -0700] "GET /GitHub-Mark.png HTTP/1.1" 200 7428 "http://www.secrepo.com/" "Mozilla/5.0 (Windows NT 10.0; Win64; x64) AppleWebKit/537.36 (KHTML, like Gecko) Chrome/67.0.3396.99 Safari/537.36" 
205.155.154.1 - - [02/Aug/2018:10:37:01 -0700] "GET /bootstrap/img/favicon.ico HTTP/1.1" 200 589 "http://www.secrepo.com/" "Mozilla/5.0 (Windows NT 10.0; Win64; x64) AppleWebKit/537.36 (KHTML, like Gecko) Chrome/67.0.3396.99 Safari/537.36" 
121.228.237.92 - - [02/Aug/2018:10:39:23 -0700] "GET / HTTP/1.1" 200 38595 "http://www.secrepo.com/" "Mozilla/4.0 (compatible; MSIE 9.0; Windows NT 6.1)" 
70.229.13.129 - - [02/Aug/2018:10:39:25 -0700] "GET / HTTP/1.1" 304 189 "-" "Mozilla/5.0 (Windows NT 6.1; Win64; x64) AppleWebKit/537.36 (KHTML, like Gecko) Chrome/67.0.3396.99 Safari/537.36" 
70.229.13.129 - - [02/Aug/2018:10:39:33 -0700] "GET /pe_static/op-cleaver.zip HTTP/1.1" 200 710065 "-" "Mozilla/5.0 (Windows NT 6.1; Win64; x64) AppleWebKit/537.36 (KHTML, like Gecko) Chrome/67.0.3396.99 Safari/537.36" 
70.229.13.129 - - [02/Aug/2018:10:39:32 -0700] "GET /pe_static/apt1.zip HTTP/1.1" 200 1983328 "-" "Mozilla/5.0 (Windows NT 6.1; Win64; x64) AppleWebKit/537.36 (KHTML, like Gecko) Chrome/67.0.3396.99 Safari/537.36" 
70.229.13.129 - - [02/Aug/2018:10:39:30 -0700] "GET /pe_static/zeus.zip HTTP/1.1" 200 51367111 "-" "Mozilla/5.0 (Windows NT 6.1; Win64; x64) AppleWebKit/537.36 (KHTML, like Gecko) Chrome/67.0.3396.99 Safari/537.36" 
70.229.13.129 - - [02/Aug/2018:10:39:43 -0700] "GET /honeypot/honeypot.json.zip HTTP/1.1" 200 23085976 "-" "Mozilla/5.0 (Windows NT 6.1; Win64; x64) AppleWebKit/537.36 (KHTML, like Gecko) Chrome/67.0.3396.99 Safari/537.36" 
70.229.13.129 - - [02/Aug/2018:10:40:01 -0700] "GET /tg/tg_snort_fast.7z HTTP/1.1" 200 4274093 "-" "Mozilla/5.0 (Windows NT 6.1; Win64; x64) AppleWebKit/537.36 (KHTML, like Gecko) Chrome/67.0.3396.99 Safari/537.36" 
70.229.13.129 - - [02/Aug/2018:10:40:02 -0700] "GET /tg/tg_snort_full.7z HTTP/1.1" 200 8847794 "-" "Mozilla/5.0 (Windows NT 6.1; Win64; x64) AppleWebKit/537.36 (KHTML, like Gecko) Chrome/67.0.3396.99 Safari/537.36" 
121.228.237.92 - - [02/Aug/2018:10:40:12 -0700] "POST //plus/90sec.php HTTP/1.1" 404 295 "http://www.secrepo.com//plus/90sec.php" "Mozilla/4.0 (compatible; MSIE 9.0; Windows NT 6.1)" 
121.228.237.92 - - [02/Aug/2018:10:40:12 -0700] "POST //plus/moon.php HTTP/1.1" 404 294 "http://www.secrepo.com//plus/moon.php" "Mozilla/4.0 (compatible; MSIE 9.0; Windows NT 6.1)" 
121.228.237.92 - - [02/Aug/2018:10:40:12 -0700] "POST //plus/spider.php HTTP/1.1" 404 294 "http://www.secrepo.com//plus/spider.php" "Mozilla/4.0 (compatible; MSIE 9.0; Windows NT 6.1)" 
121.228.237.92 - - [02/Aug/2018:10:40:13 -0700] "POST //plus/e7xue.php HTTP/1.1" 404 294 "http://www.secrepo.com//plus/e7xue.php" "Mozilla/4.0 (compatible; MSIE 9.0; Windows NT 6.1)" 
121.228.237.92 - - [02/Aug/2018:10:40:13 -0700] "POST //plus/mycak.php HTTP/1.1" 404 294 "http://www.secrepo.com//plus/mycak.php" "Mozilla/4.0 (compatible; MSIE 9.0; Windows NT 6.1)" 
121.228.237.92 - - [02/Aug/2018:10:40:13 -0700] "POST //sitemap/templates/met/SqlIn.asp HTTP/1.1" 404 294 "http://www.secrepo.com//sitemap/templates/met/SqlIn.asp" "Mozilla/4.0 (compatible; MSIE 9.0; Windows NT 6.1)" 
121.228.237.92 - - [02/Aug/2018:10:40:13 -0700] "POST //plus/mybak.php HTTP/1.1" 404 294 "http://www.secrepo.com//plus/mybak.php" "Mozilla/4.0 (compatible; MSIE 9.0; Windows NT 6.1)" 
121.228.237.92 - - [02/Aug/2018:10:40:14 -0700] "POST //plus/x.php HTTP/1.1" 404 294 "http://www.secrepo.com//plus/x.php" "Mozilla/4.0 (compatible; MSIE 9.0; Windows NT 6.1)" 
121.228.237.92 - - [02/Aug/2018:10:40:14 -0700] "POST //plus/service.php HTTP/1.1" 404 294 "http://www.secrepo.com//plus/service.php" "Mozilla/4.0 (compatible; MSIE 9.0; Windows NT 6.1)" 
121.228.237.92 - - [02/Aug/2018:10:40:14 -0700] "POST //plus/av.php HTTP/1.1" 404 294 "http://www.secrepo.com//plus/av.php" "Mozilla/4.0 (compatible; MSIE 9.0; Windows NT 6.1)" 
70.229.13.129 - - [02/Aug/2018:10:40:14 -0700] "GET /maccdc2012/ssh.log.gz HTTP/1.1" 200 182517 "-" "Mozilla/5.0 (Windows NT 6.1; Win64; x64) AppleWebKit/537.36 (KHTML, like Gecko) Chrome/67.0.3396.99 Safari/537.36" 
121.228.237.92 - - [02/Aug/2018:10:40:15 -0700] "POST //plus/mytag_js.php?aid=511348 HTTP/1.1" 404 294 "http://www.secrepo.com//plus/mytag_js.php?aid=511348" "Mozilla/4.0 (compatible; MSIE 9.0; Windows NT 6.1)" 
121.228.237.92 - - [02/Aug/2018:10:40:15 -0700] "POST //plus/mytag_js.php?aid=511348 HTTP/1.1" 404 294 "http://www.secrepo.com//plus/mytag_js.php?aid=511348" "Mozilla/4.0 (compatible; MSIE 9.0; Windows NT 6.1)" 
121.228.237.92 - - [02/Aug/2018:10:40:15 -0700] "POST //plus/mytag_js.php?aid=511348 HTTP/1.1" 404 294 "http://www.secrepo.com//plus/mytag_js.php?aid=511348" "Mozilla/4.0 (compatible; MSIE 9.0; Windows NT 6.1)" 
121.228.237.92 - - [02/Aug/2018:10:40:15 -0700] "POST //lang/cn/system.php HTTP/1.1" 404 294 "http://www.secrepo.com//lang/cn/system.php" "Mozilla/4.0 (compatible; MSIE 9.0; Windows NT 6.1)" 
121.228.237.92 - - [02/Aug/2018:10:40:16 -0700] "POST //config/AspCms_Config.asp HTTP/1.1" 404 294 "http://www.secrepo.com//config/AspCms_Config.asp" "Mozilla/4.0 (compatible; MSIE 9.0; Windows NT 6.1)" 
121.228.237.92 - - [02/Aug/2018:10:40:16 -0700] "POST //admin_login.php HTTP/1.1" 404 294 "http://www.secrepo.com//admin_login.php" "Mozilla/4.0 (compatible; MSIE 9.0; Windows NT 6.1)" 
121.228.237.92 - - [02/Aug/2018:10:40:16 -0700] "POST //Templates/red.asp HTTP/1.1" 404 294 "http://www.secrepo.com//Templates/red.asp" "Mozilla/4.0 (compatible; MSIE 9.0; Windows NT 6.1)" 
121.228.237.92 - - [02/Aug/2018:10:40:16 -0700] "POST //plus/mytag_js.php?aid=8080 HTTP/1.1" 404 294 "http://www.secrepo.com//plus/mytag_js.php?aid=8080" "Mozilla/4.0 (compatible; MSIE 9.0; Windows NT 6.1)" 
121.228.237.92 - - [02/Aug/2018:10:40:17 -0700] "POST //plus/mytag_js.php?aid=8080 HTTP/1.1" 404 294 "http://www.secrepo.com//plus/mytag_js.php?aid=8080" "Mozilla/4.0 (compatible; MSIE 9.0; Windows NT 6.1)" 
121.228.237.92 - - [02/Aug/2018:10:40:17 -0700] "POST //plus/mytag_js.php?aid=8080 HTTP/1.1" 404 294 "http://www.secrepo.com//plus/mytag_js.php?aid=8080" "Mozilla/4.0 (compatible; MSIE 9.0; Windows NT 6.1)" 
121.228.237.92 - - [02/Aug/2018:10:40:17 -0700] "POST //images/swfupload/images/uploadye.php HTTP/1.1" 404 294 "http://www.secrepo.com//images/swfupload/images/uploadye.php" "Mozilla/4.0 (compatible; MSIE 9.0; Windows NT 6.1)" 
121.228.237.92 - - [02/Aug/2018:10:40:17 -0700] "POST //utility/convert/data/config.inc.php HTTP/1.1" 404 294 "http://www.secrepo.com//utility/convert/data/config.inc.php" "Mozilla/4.0 (compatible; MSIE 9.0; Windows NT 6.1)" 
121.228.237.92 - - [02/Aug/2018:10:40:18 -0700] "POST //config/AspCms_Config.asp HTTP/1.1" 404 294 "http://www.secrepo.com//config/AspCms_Config.asp" "Mozilla/4.0 (compatible; MSIE 9.0; Windows NT 6.1)" 
121.228.237.92 - - [02/Aug/2018:10:40:18 -0700] "POST //plus/mytag_js.php?aid=9090 HTTP/1.1" 404 294 "http://www.secrepo.com//plus/mytag_js.php?aid=9090" "Mozilla/4.0 (compatible; MSIE 9.0; Windows NT 6.1)" 
121.228.237.92 - - [02/Aug/2018:10:40:18 -0700] "POST //plus/mytag_js.php?aid=9090 HTTP/1.1" 404 294 "http://www.secrepo.com//plus/mytag_js.php?aid=9090" "Mozilla/4.0 (compatible; MSIE 9.0; Windows NT 6.1)" 
121.228.237.92 - - [02/Aug/2018:10:40:18 -0700] "POST //plus/mytag_js.php?aid=9090 HTTP/1.1" 404 294 "http://www.secrepo.com//plus/mytag_js.php?aid=9090" "Mozilla/4.0 (compatible; MSIE 9.0; Windows NT 6.1)" 
121.228.237.92 - - [02/Aug/2018:10:40:19 -0700] "POST //plus/bakup.hp HTTP/1.1" 404 294 "http://www.secrepo.com//plus/bakup.hp" "Mozilla/4.0 (compatible; MSIE 9.0; Windows NT 6.1)" 
121.228.237.92 - - [02/Aug/2018:10:40:19 -0700] "POST //plus/bakup.hp HTTP/1.1" 404 294 "http://www.secrepo.com//plus/bakup.hp" "Mozilla/4.0 (compatible; MSIE 9.0; Windows NT 6.1)" 
121.228.237.92 - - [02/Aug/2018:10:40:19 -0700] "POST //plus/bakup.hp HTTP/1.1" 404 294 "http://www.secrepo.com//plus/bakup.hp" "Mozilla/4.0 (compatible; MSIE 9.0; Windows NT 6.1)" 
70.229.13.129 - - [02/Aug/2018:10:40:15 -0700] "GET /maccdc2012/ssl.log.gz HTTP/1.1" 200 1313675 "-" "Mozilla/5.0 (Windows NT 6.1; Win64; x64) AppleWebKit/537.36 (KHTML, like Gecko) Chrome/67.0.3396.99 Safari/537.36" 
121.228.237.92 - - [02/Aug/2018:10:40:19 -0700] "POST //include/code/mp.php HTTP/1.1" 404 294 "http://www.secrepo.com//include/code/mp.php" "Mozilla/4.0 (compatible; MSIE 9.0; Windows NT 6.1)" 
121.228.237.92 - - [02/Aug/2018:10:40:20 -0700] "POST //plus/laobiao.php HTTP/1.1" 404 294 "http://www.secrepo.com//plus/laobiao.php" "Mozilla/4.0 (compatible; MSIE 9.0; Windows NT 6.1)" 
121.228.237.92 - - [02/Aug/2018:10:40:20 -0700] "POST //plus/mytag_js.php?aid=6022 HTTP/1.1" 404 294 "http://www.secrepo.com//plus/mytag_js.php?aid=6022" "Mozilla/4.0 (compatible; MSIE 9.0; Windows NT 6.1)" 
121.228.237.92 - - [02/Aug/2018:10:40:21 -0700] "POST //plus/mytag_js.php?aid=6022 HTTP/1.1" 404 294 "http://www.secrepo.com//plus/mytag_js.php?aid=6022" "Mozilla/4.0 (compatible; MSIE 9.0; Windows NT 6.1)" 
121.228.237.92 - - [02/Aug/2018:10:40:21 -0700] "POST //plus/mytag_js.php?aid=6022 HTTP/1.1" 404 294 "http://www.secrepo.com//plus/mytag_js.php?aid=6022" "Mozilla/4.0 (compatible; MSIE 9.0; Windows NT 6.1)" 
121.228.237.92 - - [02/Aug/2018:10:40:21 -0700] "POST //book/story_dod_hjkdsafon.php HTTP/1.1" 404 294 "http://www.secrepo.com//book/story_dod_hjkdsafon.php" "Mozilla/4.0 (compatible; MSIE 9.0; Windows NT 6.1)" 
121.228.237.92 - - [02/Aug/2018:10:40:22 -0700] "POST //data/s.asp HTTP/1.1" 404 294 "http://www.secrepo.com//data/s.asp" "Mozilla/4.0 (compatible; MSIE 9.0; Windows NT 6.1)" 
121.228.237.92 - - [02/Aug/2018:10:40:22 -0700] "POST //plus/mytag_js.php?aid=9527 HTTP/1.1" 404 294 "http://www.secrepo.com//plus/mytag_js.php?aid=9527" "Mozilla/4.0 (compatible; MSIE 9.0; Windows NT 6.1)" 
121.228.237.92 - - [02/Aug/2018:10:40:22 -0700] "POST //plus/mytag_js.php?aid=9527 HTTP/1.1" 404 294 "http://www.secrepo.com//plus/mytag_js.php?aid=9527" "Mozilla/4.0 (compatible; MSIE 9.0; Windows NT 6.1)" 
121.228.237.92 - - [02/Aug/2018:10:40:22 -0700] "POST //plus/mytag_js.php?aid=9527 HTTP/1.1" 404 294 "http://www.secrepo.com//plus/mytag_js.php?aid=9527" "Mozilla/4.0 (compatible; MSIE 9.0; Windows NT 6.1)" 
121.228.237.92 - - [02/Aug/2018:10:40:23 -0700] "POST //plus/mytag_js.php?aid=9191 HTTP/1.1" 404 294 "http://www.secrepo.com//plus/mytag_js.php?aid=9191" "Mozilla/4.0 (compatible; MSIE 9.0; Windows NT 6.1)" 
121.228.237.92 - - [02/Aug/2018:10:40:23 -0700] "POST //plus/mytag_js.php?aid=9191 HTTP/1.1" 404 294 "http://www.secrepo.com//plus/mytag_js.php?aid=9191" "Mozilla/4.0 (compatible; MSIE 9.0; Windows NT 6.1)" 
121.228.237.92 - - [02/Aug/2018:10:40:23 -0700] "POST //plus/mytag_js.php?aid=9191 HTTP/1.1" 404 294 "http://www.secrepo.com//plus/mytag_js.php?aid=9191" "Mozilla/4.0 (compatible; MSIE 9.0; Windows NT 6.1)" 
121.228.237.92 - - [02/Aug/2018:10:40:23 -0700] "POST //install/md5.php HTTP/1.1" 404 294 "http://www.secrepo.com//install/md5.php" "Mozilla/4.0 (compatible; MSIE 9.0; Windows NT 6.1)" 
121.228.237.92 - - [02/Aug/2018:10:40:24 -0700] "POST //plus/mytag_js.php?aid=9999 HTTP/1.1" 404 294 "http://www.secrepo.com//plus/mytag_js.php?aid=9999" "Mozilla/4.0 (compatible; MSIE 9.0; Windows NT 6.1)" 
121.228.237.92 - - [02/Aug/2018:10:40:24 -0700] "POST //plus/mytag_js.php?aid=9999 HTTP/1.1" 404 294 "http://www.secrepo.com//plus/mytag_js.php?aid=9999" "Mozilla/4.0 (compatible; MSIE 9.0; Windows NT 6.1)" 
121.228.237.92 - - [02/Aug/2018:10:40:24 -0700] "POST //plus/mytag_js.php?aid=9999 HTTP/1.1" 404 294 "http://www.secrepo.com//plus/mytag_js.php?aid=9999" "Mozilla/4.0 (compatible; MSIE 9.0; Windows NT 6.1)" 
121.228.237.92 - - [02/Aug/2018:10:40:24 -0700] "POST //base/admin/cache.asp HTTP/1.1" 404 294 "http://www.secrepo.com//base/admin/cache.asp" "Mozilla/4.0 (compatible; MSIE 9.0; Windows NT 6.1)" 
121.228.237.92 - - [02/Aug/2018:10:40:25 -0700] "POST //bbs/utility/convert/data/config.inc.php HTTP/1.1" 404 294 "http://www.secrepo.com//bbs/utility/convert/data/config.inc.php" "Mozilla/4.0 (compatible; MSIE 9.0; Windows NT 6.1)" 
121.228.237.92 - - [02/Aug/2018:10:40:25 -0700] "POST //plus/zdqd.php HTTP/1.1" 404 294 "http://www.secrepo.com//plus/zdqd.php" "Mozilla/4.0 (compatible; MSIE 9.0; Windows NT 6.1)" 
121.228.237.92 - - [02/Aug/2018:10:40:25 -0700] "POST //templets/plus/sky.php HTTP/1.1" 404 294 "http://www.secrepo.com//templets/plus/sky.php" "Mozilla/4.0 (compatible; MSIE 9.0; Windows NT 6.1)" 
121.228.237.92 - - [02/Aug/2018:10:40:25 -0700] "POST //plus/90000.php HTTP/1.1" 404 294 "http://www.secrepo.com//plus/90000.php" "Mozilla/4.0 (compatible; MSIE 9.0; Windows NT 6.1)" 
121.228.237.92 - - [02/Aug/2018:10:40:26 -0700] "POST //uploadfile/userfiles/media/confg.inc.php HTTP/1.1" 404 294 "http://www.secrepo.com//uploadfile/userfiles/media/confg.inc.php" "Mozilla/4.0 (compatible; MSIE 9.0; Windows NT 6.1)" 
121.228.237.92 - - [02/Aug/2018:10:40:26 -0700] "POST //images/uploadfile.asp HTTP/1.1" 404 294 "http://www.secrepo.com//images/uploadfile.asp" "Mozilla/4.0 (compatible; MSIE 9.0; Windows NT 6.1)" 
121.228.237.92 - - [02/Aug/2018:10:40:26 -0700] "POST //dxyylc/md5.php HTTP/1.1" 404 294 "http://www.secrepo.com//dxyylc/md5.php" "Mozilla/4.0 (compatible; MSIE 9.0; Windows NT 6.1)" 
121.228.237.92 - - [02/Aug/2018:10:40:26 -0700] "POST //plus/digg.php HTTP/1.1" 404 294 "http://www.secrepo.com//plus/digg.php" "Mozilla/4.0 (compatible; MSIE 9.0; Windows NT 6.1)" 
70.229.13.129 - - [02/Aug/2018:10:40:05 -0700] "GET /tg/b.zip HTTP/1.1" 200 42298164 "-" "Mozilla/5.0 (Windows NT 6.1; Win64; x64) AppleWebKit/537.36 (KHTML, like Gecko) Chrome/67.0.3396.99 Safari/537.36" 
121.228.237.92 - - [02/Aug/2018:10:40:27 -0700] "POST //plus/qingtian.php HTTP/1.1" 404 294 "http://www.secrepo.com//plus/qingtian.php" "Mozilla/4.0 (compatible; MSIE 9.0; Windows NT 6.1)" 
121.228.237.92 - - [02/Aug/2018:10:40:27 -0700] "POST //plus/backup.php HTTP/1.1" 404 294 "http://www.secrepo.com//plus/backup.php" "Mozilla/4.0 (compatible; MSIE 9.0; Windows NT 6.1)" 
121.228.237.92 - - [02/Aug/2018:10:40:27 -0700] "POST //plus/top.php HTTP/1.1" 404 294 "http://www.secrepo.com//plus/top.php" "Mozilla/4.0 (compatible; MSIE 9.0; Windows NT 6.1)" 
121.228.237.92 - - [02/Aug/2018:10:40:28 -0700] "POST //plus/myjs.php HTTP/1.1" 404 294 "http://www.secrepo.com//plus/myjs.php" "Mozilla/4.0 (compatible; MSIE 9.0; Windows NT 6.1)" 
121.228.237.92 - - [02/Aug/2018:10:40:28 -0700] "POST //xiaolei.php HTTP/1.1" 404 294 "http://www.secrepo.com//xiaolei.php" "Mozilla/4.0 (compatible; MSIE 9.0; Windows NT 6.1)" 
121.228.237.92 - - [02/Aug/2018:10:40:28 -0700] "POST //plus/xsvip.php HTTP/1.1" 404 294 "http://www.secrepo.com//plus/xsvip.php" "Mozilla/4.0 (compatible; MSIE 9.0; Windows NT 6.1)" 
121.228.237.92 - - [02/Aug/2018:10:40:28 -0700] "POST //dxyylc/md5.asp HTTP/1.1" 404 294 "http://www.secrepo.com//dxyylc/md5.asp" "Mozilla/4.0 (compatible; MSIE 9.0; Windows NT 6.1)" 
121.228.237.92 - - [02/Aug/2018:10:40:29 -0700] "POST //dxyylc/md5.aspx HTTP/1.1" 404 294 "http://www.secrepo.com//dxyylc/md5.aspx" "Mozilla/4.0 (compatible; MSIE 9.0; Windows NT 6.1)" 
121.228.237.92 - - [02/Aug/2018:10:40:29 -0700] "POST //dxyylc/md5.aspx HTTP/1.1" 404 294 "http://www.secrepo.com//dxyylc/md5.aspx" "Mozilla/4.0 (compatible; MSIE 9.0; Windows NT 6.1)" 
121.228.237.92 - - [02/Aug/2018:10:40:29 -0700] "POST //dxyylc/md5.aspx HTTP/1.1" 404 294 "http://www.secrepo.com//dxyylc/md5.aspx" "Mozilla/4.0 (compatible; MSIE 9.0; Windows NT 6.1)" 
70.229.13.129 - - [02/Aug/2018:10:40:06 -0700] "GET /tg/c.zip HTTP/1.1" 200 63359118 "-" "Mozilla/5.0 (Windows NT 6.1; Win64; x64) AppleWebKit/537.36 (KHTML, like Gecko) Chrome/67.0.3396.99 Safari/537.36" 
121.228.237.92 - - [02/Aug/2018:10:40:29 -0700] "POST //plus/bakup.php HTTP/1.1" 404 294 "http://www.secrepo.com//plus/bakup.php" "Mozilla/4.0 (compatible; MSIE 9.0; Windows NT 6.1)" 
121.228.237.92 - - [02/Aug/2018:10:40:30 -0700] "POST //include/ckeditor/plugins/pagebreak/images/inCahe.php HTTP/1.1" 404 294 "http://www.secrepo.com//include/ckeditor/plugins/pagebreak/images/inCahe.php" "Mozilla/4.0 (compatible; MSIE 9.0; Windows NT 6.1)" 
121.228.237.92 - - [02/Aug/2018:10:40:30 -0700] "POST //utility/convert/include/rom2823.php HTTP/1.1" 404 294 "http://www.secrepo.com//utility/convert/include/rom2823.php" "Mozilla/4.0 (compatible; MSIE 9.0; Windows NT 6.1)" 
121.228.237.92 - - [02/Aug/2018:10:40:30 -0700] "POST //admin/Admin_Ta.asp HTTP/1.1" 404 294 "http://www.secrepo.com//admin/Admin_Ta.asp" "Mozilla/4.0 (compatible; MSIE 9.0; Windows NT 6.1)" 
121.228.237.92 - - [02/Aug/2018:10:40:30 -0700] "POST //admin/error.asp HTTP/1.1" 404 294 "http://www.secrepo.com//admin/error.asp" "Mozilla/4.0 (compatible; MSIE 9.0; Windows NT 6.1)" 
121.228.237.92 - - [02/Aug/2018:10:40:31 -0700] "POST //weki.asp HTTP/1.1" 404 294 "http://www.secrepo.com//weki.asp" "Mozilla/4.0 (compatible; MSIE 9.0; Windows NT 6.1)" 
121.228.237.92 - - [02/Aug/2018:10:40:31 -0700] "POST //kdatebase/index_.asp HTTP/1.1" 404 294 "http://www.secrepo.com//kdatebase/index_.asp" "Mozilla/4.0 (compatible; MSIE 9.0; Windows NT 6.1)" 
121.228.237.92 - - [02/Aug/2018:10:40:31 -0700] "POST //Somnus/Somnus.asp HTTP/1.1" 404 294 "http://www.secrepo.com//Somnus/Somnus.asp" "Mozilla/4.0 (compatible; MSIE 9.0; Windows NT 6.1)" 
121.228.237.92 - - [02/Aug/2018:10:40:32 -0700] "POST //images/cache.asp HTTP/1.1" 404 294 "http://www.secrepo.com//images/cache.asp" "Mozilla/4.0 (compatible; MSIE 9.0; Windows NT 6.1)" 
121.228.237.92 - - [02/Aug/2018:10:40:32 -0700] "POST //weki.php HTTP/1.1" 404 294 "http://www.secrepo.com//weki.php" "Mozilla/4.0 (compatible; MSIE 9.0; Windows NT 6.1)" 
121.228.237.92 - - [02/Aug/2018:10:40:32 -0700] "POST //data/data/index.php HTTP/1.1" 404 294 "http://www.secrepo.com//data/data/index.php" "Mozilla/4.0 (compatible; MSIE 9.0; Windows NT 6.1)" 
121.228.237.92 - - [02/Aug/2018:10:40:32 -0700] "POST //data/conn/config.php HTTP/1.1" 404 294 "http://www.secrepo.com//data/conn/config.php" "Mozilla/4.0 (compatible; MSIE 9.0; Windows NT 6.1)" 
121.228.237.92 - - [02/Aug/2018:10:40:33 -0700] "POST //plus/mytag_j.php?aid=6022 HTTP/1.1" 404 294 "http://www.secrepo.com//plus/mytag_j.php?aid=6022" "Mozilla/4.0 (compatible; MSIE 9.0; Windows NT 6.1)" 
121.228.237.92 - - [02/Aug/2018:10:40:33 -0700] "POST //plus/mytag_j.php?aid=6022 HTTP/1.1" 404 294 "http://www.secrepo.com//plus/mytag_j.php?aid=6022" "Mozilla/4.0 (compatible; MSIE 9.0; Windows NT 6.1)" 
121.228.237.92 - - [02/Aug/2018:10:40:33 -0700] "POST //plus/mytag_j.php?aid=6022 HTTP/1.1" 404 294 "http://www.secrepo.com//plus/mytag_j.php?aid=6022" "Mozilla/4.0 (compatible; MSIE 9.0; Windows NT 6.1)" 
121.228.237.92 - - [02/Aug/2018:10:40:33 -0700] "POST //include/helperss/filter.helpear.php HTTP/1.1" 404 294 "http://www.secrepo.com//include/helperss/filter.helpear.php" "Mozilla/4.0 (compatible; MSIE 9.0; Windows NT 6.1)" 
121.228.237.92 - - [02/Aug/2018:10:40:34 -0700] "POST //install/modurnlecscache.php HTTP/1.1" 404 294 "http://www.secrepo.com//install/modurnlecscache.php" "Mozilla/4.0 (compatible; MSIE 9.0; Windows NT 6.1)" 
121.228.237.92 - - [02/Aug/2018:10:40:34 -0700] "POST //data/img/css/xianf.ASP HTTP/1.1" 404 294 "http://www.secrepo.com//data/img/css/xianf.ASP" "Mozilla/4.0 (compatible; MSIE 9.0; Windows NT 6.1)" 
121.228.237.92 - - [02/Aug/2018:10:40:34 -0700] "POST //data/img/css/xianf.ASP HTTP/1.1" 404 294 "http://www.secrepo.com//data/img/css/xianf.ASP" "Mozilla/4.0 (compatible; MSIE 9.0; Windows NT 6.1)" 
121.228.237.92 - - [02/Aug/2018:10:40:34 -0700] "POST //data/img/css/xianf.ASP HTTP/1.1" 404 294 "http://www.secrepo.com//data/img/css/xianf.ASP" "Mozilla/4.0 (compatible; MSIE 9.0; Windows NT 6.1)" 
121.228.237.92 - - [02/Aug/2018:10:40:35 -0700] "POST //include/data/fonts/uddatasql.php HTTP/1.1" 404 294 "http://www.secrepo.com//include/data/fonts/uddatasql.php" "Mozilla/4.0 (compatible; MSIE 9.0; Windows NT 6.1)" 
121.228.237.92 - - [02/Aug/2018:10:40:35 -0700] "POST //install/m7lrv.php HTTP/1.1" 404 294 "http://www.secrepo.com//install/m7lrv.php" "Mozilla/4.0 (compatible; MSIE 9.0; Windows NT 6.1)" 
121.228.237.92 - - [02/Aug/2018:10:40:35 -0700] "POST //bbs/utility/convert/data/config.inc.php HTTP/1.1" 404 294 "http://www.secrepo.com//bbs/utility/convert/data/config.inc.php" "Mozilla/4.0 (compatible; MSIE 9.0; Windows NT 6.1)" 
121.228.237.92 - - [02/Aug/2018:10:40:35 -0700] "POST //utility/convert/data/config.inc.php HTTP/1.1" 404 294 "http://www.secrepo.com//utility/convert/data/config.inc.php" "Mozilla/4.0 (compatible; MSIE 9.0; Windows NT 6.1)" 
121.228.237.92 - - [02/Aug/2018:10:40:36 -0700] "POST //md5.asp HTTP/1.1" 404 294 "http://www.secrepo.com//md5.asp" "Mozilla/4.0 (compatible; MSIE 9.0; Windows NT 6.1)" 
121.228.237.92 - - [02/Aug/2018:10:40:36 -0700] "POST //images/Sql.asp HTTP/1.1" 404 294 "http://www.secrepo.com//images/Sql.asp" "Mozilla/4.0 (compatible; MSIE 9.0; Windows NT 6.1)" 
70.229.13.129 - - [02/Aug/2018:10:40:05 -0700] "GET /tg/a.zip HTTP/1.1" 200 66189337 "-" "Mozilla/5.0 (Windows NT 6.1; Win64; x64) AppleWebKit/537.36 (KHTML, like Gecko) Chrome/67.0.3396.99 Safari/537.36" 
121.228.237.92 - - [02/Aug/2018:10:40:36 -0700] "POST //manage/Images/Sql.asp HTTP/1.1" 404 293 "http://www.secrepo.com//manage/Images/Sql.asp" "Mozilla/4.0 (compatible; MSIE 9.0; Windows NT 6.1)" 
121.228.237.92 - - [02/Aug/2018:10:40:37 -0700] "POST //admin/images/Sql.asp HTTP/1.1" 404 293 "http://www.secrepo.com//admin/images/Sql.asp" "Mozilla/4.0 (compatible; MSIE 9.0; Windows NT 6.1)" 
121.228.237.92 - - [02/Aug/2018:10:40:37 -0700] "POST //images/css/Thumb.asp HTTP/1.1" 404 293 "http://www.secrepo.com//images/css/Thumb.asp" "Mozilla/4.0 (compatible; MSIE 9.0; Windows NT 6.1)" 
121.228.237.92 - - [02/Aug/2018:10:40:37 -0700] "POST //admin/sdfg.asp HTTP/1.1" 404 293 "http://www.secrepo.com//admin/sdfg.asp" "Mozilla/4.0 (compatible; MSIE 9.0; Windows NT 6.1)" 
121.228.237.92 - - [02/Aug/2018:10:40:38 -0700] "POST //Templates/test.asp HTTP/1.1" 404 293 "http://www.secrepo.com//Templates/test.asp" "Mozilla/4.0 (compatible; MSIE 9.0; Windows NT 6.1)" 
170.135.176.108 - - [02/Aug/2018:10:42:21 -0700] "GET / HTTP/1.1" 200 11357 "http://vizsec.org/data/" "Mozilla/5.0 (Macintosh; Intel Mac OS X 10_13_6) AppleWebKit/537.36 (KHTML, like Gecko) Chrome/66.0.3359.117 Safari/537.36" 
170.135.176.108 - - [02/Aug/2018:10:42:22 -0700] "GET /twitter-icon.png HTTP/1.1" 200 27787 "http://www.secrepo.com/" "Mozilla/5.0 (Macintosh; Intel Mac OS X 10_13_6) AppleWebKit/537.36 (KHTML, like Gecko) Chrome/66.0.3359.117 Safari/537.36" 
170.135.176.108 - - [02/Aug/2018:10:42:22 -0700] "GET /GitHub-Mark.png HTTP/1.1" 200 7428 "http://www.secrepo.com/" "Mozilla/5.0 (Macintosh; Intel Mac OS X 10_13_6) AppleWebKit/537.36 (KHTML, like Gecko) Chrome/66.0.3359.117 Safari/537.36" 
170.135.176.108 - - [02/Aug/2018:10:42:22 -0700] "GET /bootstrap/img/favicon.ico HTTP/1.1" 200 589 "http://www.secrepo.com/" "Mozilla/5.0 (Macintosh; Intel Mac OS X 10_13_6) AppleWebKit/537.36 (KHTML, like Gecko) Chrome/66.0.3359.117 Safari/537.36" 
23.253.92.35 - - [02/Aug/2018:10:44:15 -0700] "GET /robots.txt HTTP/1.1" 301 446 "-" "Tornado-Async-Client" 
23.253.92.35 - - [02/Aug/2018:10:44:15 -0700] "GET /robots.txt HTTP/1.1" 304 130 "-" "Tornado-Async-Client" 
23.253.92.35 - - [02/Aug/2018:10:44:15 -0700] "GET /honeypot/BSidesDFW%20-%202014.ipynb HTTP/1.1" 301 484 "-" "Tornado-Async-Client" 
23.253.92.35 - - [02/Aug/2018:10:44:16 -0700] "GET /honeypot/BSidesDFW%20-%202014.ipynb HTTP/1.1" 200 930780 "-" "Tornado-Async-Client" 
66.249.66.83 - - [02/Aug/2018:10:48:51 -0700] "GET / HTTP/1.1" 200 11357 "-" "Mozilla/5.0 (Linux; Android 6.0.1; Nexus 5X Build/MMB29P) AppleWebKit/537.36 (KHTML, like Gecko) Chrome/41.0.2272.96 Mobile Safari/537.36 (compatible; Googlebot/2.1; +http://www.google.com/bot.html)" 
174.214.19.101 - - [02/Aug/2018:10:55:01 -0700] "GET / HTTP/1.1" 301 483 "-" "Mozilla/5.0 (Linux; Android 7.0; SM-G920V Build/NRD90M; wv) AppleWebKit/537.36 (KHTML, like Gecko) Version/4.0 Chrome/67.0.3396.87 Mobile Safari/537.36" 
174.214.19.101 - - [02/Aug/2018:10:55:01 -0700] "GET / HTTP/1.1" 200 11357 "-" "Mozilla/5.0 (Linux; Android 7.0; SM-G920V Build/NRD90M; wv) AppleWebKit/537.36 (KHTML, like Gecko) Version/4.0 Chrome/67.0.3396.87 Mobile Safari/537.36" 
174.214.19.101 - - [02/Aug/2018:10:55:02 -0700] "GET /twitter-icon.png HTTP/1.1" 200 27787 "http://www.secrepo.com/" "Mozilla/5.0 (Linux; Android 7.0; SM-G920V Build/NRD90M; wv) AppleWebKit/537.36 (KHTML, like Gecko) Version/4.0 Chrome/67.0.3396.87 Mobile Safari/537.36" 
174.214.19.101 - - [02/Aug/2018:10:55:02 -0700] "GET /GitHub-Mark.png HTTP/1.1" 200 7428 "http://www.secrepo.com/" "Mozilla/5.0 (Linux; Android 7.0; SM-G920V Build/NRD90M; wv) AppleWebKit/537.36 (KHTML, like Gecko) Version/4.0 Chrome/67.0.3396.87 Mobile Safari/537.36" 
174.214.19.101 - - [02/Aug/2018:10:55:04 -0700] "GET /bootstrap/img/favicon.ico HTTP/1.1" 200 589 "http://www.secrepo.com/" "Mozilla/5.0 (Linux; Android 7.0; SM-G920V Build/NRD90M; wv) AppleWebKit/537.36 (KHTML, like Gecko) Version/4.0 Chrome/67.0.3396.87 Mobile Safari/537.36" 
157.55.39.95 - - [02/Aug/2018:10:55:21 -0700] "GET /self.logs/access.log.2017-01-06.gz HTTP/1.1" 200 20605 "-" "Mozilla/5.0 (compatible; bingbot/2.0; +http://www.bing.com/bingbot.htm)" 
216.244.66.245 - - [02/Aug/2018:10:58:42 -0700] "GET /robots.txt HTTP/1.1" 200 233 "-" "Mozilla/5.0 (compatible; DotBot/1.1; http://www.opensiteexplorer.org/dotbot, help@moz.com)" 
18.237.113.236 - - [02/Aug/2018:11:01:50 -0700] "GET /robots.txt HTTP/1.1" 200 233 "-" "-" 
54.191.126.45 - - [02/Aug/2018:11:01:51 -0700] "GET /maccdc2012/ssl.log.gz HTTP/1.1" 200 98961 "-" "Mozilla/5.0 (X11; Linux x86_64) AppleWebKit/537.36 (KHTML, like Gecko) HeadlessChrome/64.0.3282.119 Safari/537.36" 
46.118.125.157 - - [02/Aug/2018:11:05:39 -0700] "GET /honeypot/ HTTP/1.1" 200 1077 "https://supermama.top/" "Mozilla/4.0 (compatible; MSIE 7.0b; Windows NT 6.0 ; .NET CLR 2.0.50215; SL Commerce Client v1.0; Tablet PC 2.0" 
129.55.200.20 - - [02/Aug/2018:11:06:10 -0700] "GET / HTTP/1.1" 200 11357 "http://vizsec.org/data/" "Mozilla/5.0 (Macintosh; Intel Mac OS X 10_13_6) AppleWebKit/537.36 (KHTML, like Gecko) Chrome/67.0.3396.99 Safari/537.36" 
129.55.200.20 - - [02/Aug/2018:11:06:11 -0700] "GET /twitter-icon.png HTTP/1.1" 200 27787 "http://www.secrepo.com/" "Mozilla/5.0 (Macintosh; Intel Mac OS X 10_13_6) AppleWebKit/537.36 (KHTML, like Gecko) Chrome/67.0.3396.99 Safari/537.36" 
129.55.200.20 - - [02/Aug/2018:11:06:11 -0700] "GET /GitHub-Mark.png HTTP/1.1" 200 7428 "http://www.secrepo.com/" "Mozilla/5.0 (Macintosh; Intel Mac OS X 10_13_6) AppleWebKit/537.36 (KHTML, like Gecko) Chrome/67.0.3396.99 Safari/537.36" 
129.55.200.20 - - [02/Aug/2018:11:06:11 -0700] "GET /bootstrap/img/favicon.ico HTTP/1.1" 200 589 "http://www.secrepo.com/" "Mozilla/5.0 (Macintosh; Intel Mac OS X 10_13_6) AppleWebKit/537.36 (KHTML, like Gecko) Chrome/67.0.3396.99 Safari/537.36" 
129.55.200.20 - - [02/Aug/2018:11:06:15 -0700] "GET /maccdc2012/dhcp.log.gz HTTP/1.1" 200 45019 "-" "Mozilla/5.0 (Macintosh; Intel Mac OS X 10_13_6) AppleWebKit/537.36 (KHTML, like Gecko) Chrome/67.0.3396.99 Safari/537.36" 
129.55.200.20 - - [02/Aug/2018:11:06:16 -0700] "GET /maccdc2012/dns.log.gz HTTP/1.1" 200 6629419 "-" "Mozilla/5.0 (Macintosh; Intel Mac OS X 10_13_6) AppleWebKit/537.36 (KHTML, like Gecko) Chrome/67.0.3396.99 Safari/537.36" 
129.55.200.20 - - [02/Aug/2018:11:06:18 -0700] "GET /maccdc2012/dns.log.gz HTTP/1.1" 200 6629420 "-" "Mozilla/5.0 (Macintosh; Intel Mac OS X 10_13_6) AppleWebKit/537.36 (KHTML, like Gecko) Chrome/67.0.3396.99 Safari/537.36" 
216.244.66.245 - - [02/Aug/2018:11:06:23 -0700] "GET /self.logs/access.log.2018-01-26.gz HTTP/1.1" 200 36883 "-" "Mozilla/5.0 (compatible; DotBot/1.1; http://www.opensiteexplorer.org/dotbot, help@moz.com)" 
129.55.200.20 - - [02/Aug/2018:11:06:27 -0700] "GET /maccdc2012/ftp.log.gz HTTP/1.1" 200 128116 "-" "Mozilla/5.0 (Macintosh; Intel Mac OS X 10_13_6) AppleWebKit/537.36 (KHTML, like Gecko) Chrome/67.0.3396.99 Safari/537.36" 
129.55.200.20 - - [02/Aug/2018:11:06:29 -0700] "GET /maccdc2012/notice.log.gz HTTP/1.1" 200 20779 "-" "Mozilla/5.0 (Macintosh; Intel Mac OS X 10_13_6) AppleWebKit/537.36 (KHTML, like Gecko) Chrome/67.0.3396.99 Safari/537.36" 
129.55.200.20 - - [02/Aug/2018:11:06:30 -0700] "GET /maccdc2012/signatures.log.gz HTTP/1.1" 200 604 "-" "Mozilla/5.0 (Macintosh; Intel Mac OS X 10_13_6) AppleWebKit/537.36 (KHTML, like Gecko) Chrome/67.0.3396.99 Safari/537.36" 
129.55.200.20 - - [02/Aug/2018:11:06:31 -0700] "GET /maccdc2012/smtp.log.gz HTTP/1.1" 200 6907 "-" "Mozilla/5.0 (Macintosh; Intel Mac OS X 10_13_6) AppleWebKit/537.36 (KHTML, like Gecko) Chrome/67.0.3396.99 Safari/537.36" 
129.55.200.20 - - [02/Aug/2018:11:06:31 -0700] "GET /maccdc2012/ssh.log.gz HTTP/1.1" 200 182516 "-" "Mozilla/5.0 (Macintosh; Intel Mac OS X 10_13_6) AppleWebKit/537.36 (KHTML, like Gecko) Chrome/67.0.3396.99 Safari/537.36" 
91.122.159.141 - - [02/Aug/2018:11:06:32 -0700] "GET /bootstrap/img/favicon.ico HTTP/1.1" 200 590 "-" "Mozilla/5.0 (Windows NT 6.1; Win64; x64; rv:61.0) Gecko/20100101 Firefox/61.0" 
129.55.200.20 - - [02/Aug/2018:11:06:20 -0700] "GET /maccdc2012/files.log.gz HTTP/1.1" 200 51408671 "-" "Mozilla/5.0 (Macintosh; Intel Mac OS X 10_13_6) AppleWebKit/537.36 (KHTML, like Gecko) Chrome/67.0.3396.99 Safari/537.36" 
129.55.200.20 - - [02/Aug/2018:11:06:32 -0700] "GET /maccdc2012/ssl.log.gz HTTP/1.1" 200 1313674 "-" "Mozilla/5.0 (Macintosh; Intel Mac OS X 10_13_6) AppleWebKit/537.36 (KHTML, like Gecko) Chrome/67.0.3396.99 Safari/537.36" 
129.55.200.20 - - [02/Aug/2018:11:06:33 -0700] "GET /maccdc2012/tunnel.log.gz HTTP/1.1" 200 5229 "-" "Mozilla/5.0 (Macintosh; Intel Mac OS X 10_13_6) AppleWebKit/537.36 (KHTML, like Gecko) Chrome/67.0.3396.99 Safari/537.36" 
129.55.200.20 - - [02/Aug/2018:11:06:34 -0700] "GET /maccdc2012/weird.log.gz HTTP/1.1" 200 1242776 "-" "Mozilla/5.0 (Macintosh; Intel Mac OS X 10_13_6) AppleWebKit/537.36 (KHTML, like Gecko) Chrome/67.0.3396.99 Safari/537.36" 
2.49.129.33 - - [02/Aug/2018:11:06:39 -0700] "GET /wp-login.php HTTP/1.1" 418 732 "-" "Mozilla/5.0 (Windows NT 6.1; WOW64; rv:40.0) Gecko/20100101 Firefox/40.1" 
2.49.129.33 - - [02/Aug/2018:11:06:39 -0700] "GET / HTTP/1.1" 418 732 "-" "Mozilla/5.0 (Windows NT 6.1; WOW64; rv:40.0) Gecko/20100101 Firefox/40.1" 
129.55.200.20 - - [02/Aug/2018:11:06:24 -0700] "GET /maccdc2012/files.log.gz HTTP/1.1" 200 51408672 "-" "Mozilla/5.0 (Macintosh; Intel Mac OS X 10_13_6) AppleWebKit/537.36 (KHTML, like Gecko) Chrome/67.0.3396.99 Safari/537.36" 
129.55.200.20 - - [02/Aug/2018:11:06:22 -0700] "GET /maccdc2012/files.log.gz HTTP/1.1" 200 51408671 "-" "Mozilla/5.0 (Macintosh; Intel Mac OS X 10_13_6) AppleWebKit/537.36 (KHTML, like Gecko) Chrome/67.0.3396.99 Safari/537.36" 
129.55.200.20 - - [02/Aug/2018:11:06:28 -0700] "GET /maccdc2012/http.log.gz HTTP/1.1" 200 54258815 "-" "Mozilla/5.0 (Macintosh; Intel Mac OS X 10_13_6) AppleWebKit/537.36 (KHTML, like Gecko) Chrome/67.0.3396.99 Safari/537.36" 
123.125.67.224 - - [02/Aug/2018:11:08:36 -0700] "GET /robots.txt HTTP/1.1" 301 465 "-" "Mozilla/5.0 (Windows NT 10.0; WOW64) AppleWebKit/537.36 (KHTML, like Gecko) Chrome/45.0.2454.93 Safari/537.36" 
123.125.67.156 - - [02/Aug/2018:11:08:37 -0700] "GET /robots.txt HTTP/1.1" 200 297 "-" "Mozilla/5.0 (Windows NT 10.0; WOW64) AppleWebKit/537.36 (KHTML, like Gecko) Chrome/45.0.2454.93 Safari/537.36" 
123.125.67.222 - - [02/Aug/2018:11:08:40 -0700] "GET /robots.txt HTTP/1.1" 301 465 "-" "Mozilla/5.0 (Windows NT 10.0; WOW64) AppleWebKit/537.36 (KHTML, like Gecko) Chrome/45.0.2454.93 Safari/537.36" 
123.125.67.225 - - [02/Aug/2018:11:08:41 -0700] "GET /robots.txt HTTP/1.1" 200 297 "-" "Mozilla/5.0 (Windows NT 10.0; WOW64) AppleWebKit/537.36 (KHTML, like Gecko) Chrome/45.0.2454.93 Safari/537.36" 
123.125.71.42 - - [02/Aug/2018:11:08:43 -0700] "GET /robots.txt HTTP/1.1" 301 465 "-" "Mozilla/5.0 (compatible; Baiduspider/2.0; +http://www.baidu.com/search/spider.html)" 
123.125.71.34 - - [02/Aug/2018:11:08:44 -0700] "GET /robots.txt HTTP/1.1" 200 297 "-" "Mozilla/5.0 (compatible; Baiduspider/2.0; +http://www.baidu.com/search/spider.html)" 
97.77.77.11 - - [02/Aug/2018:11:10:05 -0700] "GET / HTTP/1.1" 304 189 "-" "Mozilla/5.0 (Windows NT 10.0; Win64; x64) AppleWebKit/537.36 (KHTML, like Gecko) Chrome/67.0.3396.99 Safari/537.36" 
66.102.6.65 - - [02/Aug/2018:11:12:13 -0700] "GET / HTTP/1.1" 200 11357 "https://www.google.com/" "Mozilla/5.0 (Windows NT 10.0; Win64; x64) AppleWebKit/537.36 (KHTML, like Gecko) Chrome/67.0.3396.99 Safari/537.36" 
66.102.6.65 - - [02/Aug/2018:11:12:14 -0700] "GET /GitHub-Mark.png HTTP/1.1" 200 7427 "http://www.secrepo.com/" "Mozilla/5.0 (Windows NT 10.0; Win64; x64) AppleWebKit/537.36 (KHTML, like Gecko) Chrome/67.0.3396.99 Safari/537.36" 
66.102.6.65 - - [02/Aug/2018:11:12:14 -0700] "GET /twitter-icon.png HTTP/1.1" 200 27788 "http://www.secrepo.com/" "Mozilla/5.0 (Windows NT 10.0; Win64; x64) AppleWebKit/537.36 (KHTML, like Gecko) Chrome/67.0.3396.99 Safari/537.36" 
41.223.160.173 - - [02/Aug/2018:11:13:23 -0700] "GET /maccdc2012/dns.log.gz HTTP/1.1" 304 154 "-" "Mozilla/5.0 Gecko/20100115 Firefox/3.6" 
123.126.113.156 - - [02/Aug/2018:11:14:41 -0700] "GET /robots.txt HTTP/1.1" 301 481 "-" "Sogou web spider/4.0(+http://www.sogou.com/docs/help/webmasters.htm#07)" 
123.126.113.156 - - [02/Aug/2018:11:14:41 -0700] "GET / HTTP/1.1" 301 446 "-" "Sogou web spider/4.0(+http://www.sogou.com/docs/help/webmasters.htm#07)" 
123.126.113.156 - - [02/Aug/2018:11:14:46 -0700] "GET /robots.txt HTTP/1.1" 200 252 "-" "Sogou web spider/4.0(+http://www.sogou.com/docs/help/webmasters.htm#07)" 
123.126.113.156 - - [02/Aug/2018:11:15:50 -0700] "GET / HTTP/1.1" 200 11320 "-" "Sogou web spider/4.0(+http://www.sogou.com/docs/help/webmasters.htm#07)" 
157.55.39.98 - - [02/Aug/2018:11:16:19 -0700] "GET /auth.log/auth.log.gz HTTP/1.1" 301 515 "-" "Mozilla/5.0 (iPhone; CPU iPhone OS 7_0 like Mac OS X) AppleWebKit/537.51.1 (KHTML, like Gecko) Version/7.0 Mobile/11A465 Safari/9537.53 (compatible; bingbot/2.0; +http://www.bing.com/bingbot.htm)" 
157.55.39.98 - - [02/Aug/2018:11:16:24 -0700] "GET /auth.log/auth.log.gz HTTP/1.1" 200 554524 "-" "Mozilla/5.0 (iPhone; CPU iPhone OS 7_0 like Mac OS X) AppleWebKit/537.51.1 (KHTML, like Gecko) Version/7.0 Mobile/11A465 Safari/9537.53 (compatible; bingbot/2.0; +http://www.bing.com/bingbot.htm)" 
157.55.39.69 - - [02/Aug/2018:11:16:32 -0700] "GET /robots.txt HTTP/1.1" 200 334 "-" "Mozilla/5.0 (compatible; bingbot/2.0; +http://www.bing.com/bingbot.htm)" 
178.137.95.1 - - [02/Aug/2018:11:16:59 -0700] "GET /honeypot/ HTTP/1.1" 200 1077 "https://russian-postindex.ru/" "Mozilla/6.0 (compatible; MSIE 7.0a1; Windows NT 5.2; SV1)" 
178.137.95.1 - - [02/Aug/2018:11:17:00 -0700] "GET /honeypot/ HTTP/1.1" 200 1077 "https://russian-postindex.ru/" "Mozilla/6.0 (compatible; MSIE 7.0a1; Windows NT 5.2; SV1)" 
66.249.92.146 - - [02/Aug/2018:11:19:20 -0700] "GET /&amp HTTP/1.1" 404 340 "-" "Mozilla/5.0 (Macintosh; Intel Mac OS X 10_8_4) AppleWebKit/537.36 (KHTML, like Gecko) Chrome/28.0.1500.71 Safari/537.36" 
216.244.66.245 - - [02/Aug/2018:11:22:02 -0700] "GET /self.logs/access.log.2018-01-26.gz HTTP/1.1" 200 36883 "-" "Mozilla/5.0 (compatible; DotBot/1.1; http://www.opensiteexplorer.org/dotbot, help@moz.com)" 
41.212.107.31 - - [02/Aug/2018:11:25:58 -0700] "GET /wp-login.php HTTP/1.1" 418 732 "-" "Mozilla/5.0 (Windows NT 6.1; WOW64; rv:40.0) Gecko/20100101 Firefox/40.1" 
41.212.107.31 - - [02/Aug/2018:11:25:58 -0700] "GET / HTTP/1.1" 418 732 "-" "Mozilla/5.0 (Windows NT 6.1; WOW64; rv:40.0) Gecko/20100101 Firefox/40.1" 
82.7.83.175 - - [02/Aug/2018:11:26:24 -0700] "GET /bootstrap/img/favicon.ico HTTP/1.1" 200 590 "http://www.secrepo.com/" "Mozilla/5.0 (X11; Linux x86_64) AppleWebKit/537.36 (KHTML, like Gecko) Chrome/67.0.3396.62 Safari/537.36" 
205.155.154.1 - - [02/Aug/2018:11:27:40 -0700] "GET / HTTP/1.1" 200 11357 "-" "Mozilla/5.0 (Windows NT 10.0; Win64; x64) AppleWebKit/537.36 (KHTML, like Gecko) Chrome/67.0.3396.99 Safari/537.36" 
205.155.154.1 - - [02/Aug/2018:11:27:40 -0700] "GET /twitter-icon.png HTTP/1.1" 200 27787 "http://www.secrepo.com/" "Mozilla/5.0 (Windows NT 10.0; Win64; x64) AppleWebKit/537.36 (KHTML, like Gecko) Chrome/67.0.3396.99 Safari/537.36" 
205.155.154.1 - - [02/Aug/2018:11:27:40 -0700] "GET /GitHub-Mark.png HTTP/1.1" 200 7428 "http://www.secrepo.com/" "Mozilla/5.0 (Windows NT 10.0; Win64; x64) AppleWebKit/537.36 (KHTML, like Gecko) Chrome/67.0.3396.99 Safari/537.36" 
205.155.154.1 - - [02/Aug/2018:11:27:41 -0700] "GET /bootstrap/img/favicon.ico HTTP/1.1" 200 589 "http://www.secrepo.com/" "Mozilla/5.0 (Windows NT 10.0; Win64; x64) AppleWebKit/537.36 (KHTML, like Gecko) Chrome/67.0.3396.99 Safari/537.36" 
205.155.154.1 - - [02/Aug/2018:11:27:57 -0700] "GET /pe_static/zeus.zip HTTP/1.1" 200 51367111 "-" "Mozilla/5.0 (Windows NT 10.0; Win64; x64) AppleWebKit/537.36 (KHTML, like Gecko) Chrome/67.0.3396.99 Safari/537.36" 
138.68.180.18 - - [02/Aug/2018:11:28:24 -0700] "GET / HTTP/1.1" 301 446 "-" "Mozilla/5.0 (Windows NT 6.0) AppleWebKit/537.36 (KHTML, like Gecko) Chrome/34.0.1847.116 Safari/537.36" 
138.68.180.18 - - [02/Aug/2018:11:28:24 -0700] "GET / HTTP/1.1" 200 11320 "-" "Mozilla/5.0 (Windows NT 6.0) AppleWebKit/537.36 (KHTML, like Gecko) Chrome/34.0.1847.116 Safari/537.36" 
138.68.180.18 - - [02/Aug/2018:11:28:26 -0700] "GET /honeypot/Honeypot HTTP/1.1" 404 303 "-" "Mozilla/5.0 (Windows NT 6.0) AppleWebKit/537.36 (KHTML, like Gecko) Chrome/34.0.1847.116 Safari/537.36" 
138.68.180.18 - - [02/Aug/2018:11:28:26 -0700] "GET /maccdc2012/maccdc2012_fast_alert.7z HTTP/1.1" 200 4177060 "-" "Mozilla/5.0 (Windows NT 6.0) AppleWebKit/537.36 (KHTML, like Gecko) Chrome/34.0.1847.116 Safari/537.36" 
205.155.154.1 - - [02/Aug/2018:11:29:35 -0700] "GET /pe_static/op-cleaver.zip HTTP/1.1" 200 710065 "-" "Mozilla/5.0 (Windows NT 10.0; Win64; x64) AppleWebKit/537.36 (KHTML, like Gecko) Chrome/67.0.3396.99 Safari/537.36" 
66.249.92.148 - - [02/Aug/2018:11:34:20 -0700] "GET /&amp HTTP/1.1" 404 340 "-" "Mozilla/5.0 (Macintosh; Intel Mac OS X 10_8_4) AppleWebKit/537.36 (KHTML, like Gecko) Chrome/28.0.1500.71 Safari/537.36" 
66.249.92.147 - - [02/Aug/2018:11:34:20 -0700] "GET /&amp HTTP/1.1" 404 340 "-" "Mozilla/5.0 (Macintosh; Intel Mac OS X 10_8_4) AppleWebKit/537.36 (KHTML, like Gecko) Chrome/28.0.1500.71 Safari/537.36" 
162.242.144.71 - - [02/Aug/2018:11:34:20 -0700] "GET /robots.txt HTTP/1.1" 301 446 "-" "Tornado-Async-Client" 
162.242.144.71 - - [02/Aug/2018:11:34:20 -0700] "GET /robots.txt HTTP/1.1" 304 130 "-" "Tornado-Async-Client" 
162.242.144.71 - - [02/Aug/2018:11:34:20 -0700] "GET /honeypot/BSidesDFW%20-%202014.ipynbIlkay HTTP/1.1" 301 493 "-" "Tornado-Async-Client" 
162.242.144.71 - - [02/Aug/2018:11:34:20 -0700] "GET /honeypot/BSidesDFW%20-%202014.ipynbIlkay HTTP/1.1" 404 284 "-" "Tornado-Async-Client" 
162.242.144.71 - - [02/Aug/2018:11:34:21 -0700] "GET /robots.txt HTTP/1.1" 301 446 "-" "Tornado-Async-Client" 
66.249.92.94 - - [02/Aug/2018:11:34:21 -0700] "GET / HTTP/1.1" 301 483 "-" "Mozilla/5.0 (Macintosh; Intel Mac OS X 10_8_4) AppleWebKit/537.36 (KHTML, like Gecko) Chrome/28.0.1500.71 Safari/537.36" 
162.242.144.71 - - [02/Aug/2018:11:34:21 -0700] "GET /robots.txt HTTP/1.1" 304 130 "-" "Tornado-Async-Client" 
162.242.144.71 - - [02/Aug/2018:11:34:21 -0700] "GET /honeypot/BSidesDFW%20-%202014.ipynb HTTP/1.1" 301 484 "-" "Tornado-Async-Client" 
162.242.144.71 - - [02/Aug/2018:11:34:21 -0700] "GET /honeypot/BSidesDFW%20-%202014.ipynb HTTP/1.1" 200 930780 "-" "Tornado-Async-Client" 
66.249.92.147 - - [02/Aug/2018:11:34:21 -0700] "GET / HTTP/1.1" 200 11356 "-" "Mozilla/5.0 (Macintosh; Intel Mac OS X 10_8_4) AppleWebKit/537.36 (KHTML, like Gecko) Chrome/28.0.1500.71 Safari/537.36" 
162.242.144.71 - - [02/Aug/2018:11:34:23 -0700] "GET /robots.txt HTTP/1.1" 301 446 "-" "Tornado-Async-Client" 
162.242.144.71 - - [02/Aug/2018:11:34:23 -0700] "GET /robots.txt HTTP/1.1" 304 130 "-" "Tornado-Async-Client" 
162.242.144.71 - - [02/Aug/2018:11:34:23 -0700] "GET /honeypot/BSidesDFW%2520-%25202014.ipynb%26amp HTTP/1.1" 301 503 "-" "Tornado-Async-Client" 
162.242.144.71 - - [02/Aug/2018:11:34:23 -0700] "GET /honeypot/BSidesDFW%20-%202014.ipynb&amp HTTP/1.1" 404 284 "-" "Tornado-Async-Client" 
66.249.66.83 - - [02/Aug/2018:11:37:27 -0700] "GET /self.logs/ HTTP/1.1" 200 11325 "-" "Mozilla/5.0 (Linux; Android 6.0.1; Nexus 5X Build/MMB29P) AppleWebKit/537.36 (KHTML, like Gecko) Chrome/41.0.2272.96 Mobile Safari/537.36 (compatible; Googlebot/2.1; +http://www.google.com/bot.html)" 
200.68.88.245 - - [02/Aug/2018:11:41:35 -0700] "GET / HTTP/1.1" 301 483 "-" "Mozilla/5.0 (Macintosh; Intel Mac OS X 10_13_5) AppleWebKit/537.36 (KHTML, like Gecko) Chrome/68.0.3440.75 Safari/537.36" 
200.68.88.245 - - [02/Aug/2018:11:41:35 -0700] "GET / HTTP/1.1" 304 189 "-" "Mozilla/5.0 (Macintosh; Intel Mac OS X 10_13_5) AppleWebKit/537.36 (KHTML, like Gecko) Chrome/68.0.3440.75 Safari/537.36" 
200.68.88.245 - - [02/Aug/2018:11:41:35 -0700] "GET /twitter-icon.png HTTP/1.1" 200 27787 "http://www.secrepo.com/" "Mozilla/5.0 (Macintosh; Intel Mac OS X 10_13_5) AppleWebKit/537.36 (KHTML, like Gecko) Chrome/68.0.3440.75 Safari/537.36" 
200.68.88.245 - - [02/Aug/2018:11:41:35 -0700] "GET /GitHub-Mark.png HTTP/1.1" 200 7428 "http://www.secrepo.com/" "Mozilla/5.0 (Macintosh; Intel Mac OS X 10_13_5) AppleWebKit/537.36 (KHTML, like Gecko) Chrome/68.0.3440.75 Safari/537.36" 
113.171.224.176 - - [02/Aug/2018:11:42:11 -0700] "GET /honeypot/Honeypot%20-%20Howto.pdf HTTP/1.1" 200 46720 "-" "Mozilla/5.0 Gecko/20100115 Firefox/3.6" 
54.36.149.1 - - [02/Aug/2018:11:42:35 -0700] "GET /self.logs/2016/access.log.2016-04-28.gz HTTP/1.1" 200 10782 "-" "Mozilla/5.0 (compatible; AhrefsBot/5.2; +http://ahrefs.com/robot/)" 
66.249.92.148 - - [02/Aug/2018:11:42:46 -0700] "GET /pe_static/op-cleaver.zip&amp HTTP/1.1" 404 340 "-" "Mozilla/5.0 (Macintosh; Intel Mac OS X 10_8_4) AppleWebKit/537.36 (KHTML, like Gecko) Chrome/28.0.1500.71 Safari/537.36" 
