34.192.116.178 - - [08/Oct/2018:12:56:33 -0700] "GET /Datasets%20Description/HTML_Bro_log_1/?C=M%3BO%3DA HTTP/1.1" 200 734 "-" "Mozilla/5.0 (Windows NT 10.0; Win64; x64) AppleWebKit/537.36 (KHTML, like Gecko) Chrome/68.0.3440.75 Safari/537.36 (compatible; SMTBot/1.0; +http://www.similartech.com/smtbot)" 
34.192.116.178 - - [08/Oct/2018:12:56:34 -0700] "GET /Datasets%20Description/HTML_Bro_log_1/dhcp.html HTTP/1.1" 200 1627 "-" "Mozilla/5.0 (Windows NT 10.0; Win64; x64) AppleWebKit/537.36 (KHTML, like Gecko) Chrome/68.0.3440.75 Safari/537.36 (compatible; SMTBot/1.0; +http://www.similartech.com/smtbot)" 
34.192.116.178 - - [08/Oct/2018:12:56:34 -0700] "GET /Datasets%20Description/HTML_Bro_log_1/?C=N%3BO%3DD HTTP/1.1" 200 734 "-" "Mozilla/5.0 (Windows NT 10.0; Win64; x64) AppleWebKit/537.36 (KHTML, like Gecko) Chrome/68.0.3440.75 Safari/537.36 (compatible; SMTBot/1.0; +http://www.similartech.com/smtbot)" 
34.192.116.178 - - [08/Oct/2018:12:56:35 -0700] "GET /Datasets%20Description/HTML_Bro_log_1/ftp.html HTTP/1.1" 200 1659 "-" "Mozilla/5.0 (Windows NT 10.0; Win64; x64) AppleWebKit/537.36 (KHTML, like Gecko) Chrome/68.0.3440.75 Safari/537.36 (compatible; SMTBot/1.0; +http://www.similartech.com/smtbot)" 
34.192.116.178 - - [08/Oct/2018:12:56:35 -0700] "GET /Datasets%20Description/HTML_Bro_log_1/files.html HTTP/1.1" 200 1812 "-" "Mozilla/5.0 (Windows NT 10.0; Win64; x64) AppleWebKit/537.36 (KHTML, like Gecko) Chrome/68.0.3440.75 Safari/537.36 (compatible; SMTBot/1.0; +http://www.similartech.com/smtbot)" 
34.192.116.178 - - [08/Oct/2018:12:56:36 -0700] "GET /Datasets%20Description/HTML_Bro_log_1/app_stats.html HTTP/1.1" 200 1485 "-" "Mozilla/5.0 (Windows NT 10.0; Win64; x64) AppleWebKit/537.36 (KHTML, like Gecko) Chrome/68.0.3440.75 Safari/537.36 (compatible; SMTBot/1.0; +http://www.similartech.com/smtbot)" 
34.192.116.178 - - [08/Oct/2018:12:56:36 -0700] "GET /Datasets%20Description/HTML_Bro_log_1/?C=S%3BO%3DA HTTP/1.1" 200 734 "-" "Mozilla/5.0 (Windows NT 10.0; Win64; x64) AppleWebKit/537.36 (KHTML, like Gecko) Chrome/68.0.3440.75 Safari/537.36 (compatible; SMTBot/1.0; +http://www.similartech.com/smtbot)" 
34.192.116.178 - - [08/Oct/2018:12:56:36 -0700] "GET /Datasets%20Description/HTML_Bro_log_1/irc.html HTTP/1.1" 200 1675 "-" "Mozilla/5.0 (Windows NT 10.0; Win64; x64) AppleWebKit/537.36 (KHTML, like Gecko) Chrome/68.0.3440.75 Safari/537.36 (compatible; SMTBot/1.0; +http://www.similartech.com/smtbot)" 
34.192.116.178 - - [08/Oct/2018:12:56:36 -0700] "GET /Datasets%20Description/HTML_Bro_log_1/ssl.html HTTP/1.1" 200 1754 "-" "Mozilla/5.0 (Windows NT 10.0; Win64; x64) AppleWebKit/537.36 (KHTML, like Gecko) Chrome/68.0.3440.75 Safari/537.36 (compatible; SMTBot/1.0; +http://www.similartech.com/smtbot)" 
34.192.116.178 - - [08/Oct/2018:12:56:42 -0700] "GET /Datasets%20Description/HTML_Bro_log_2/?C=M%3BO%3DA HTTP/1.1" 200 733 "-" "Mozilla/5.0 (Windows NT 10.0; Win64; x64) AppleWebKit/537.36 (KHTML, like Gecko) Chrome/68.0.3440.75 Safari/537.36 (compatible; SMTBot/1.0; +http://www.similartech.com/smtbot)" 
34.192.116.178 - - [08/Oct/2018:12:56:42 -0700] "GET /Datasets%20Description/HTML_Bro_log_2/?C=D%3BO%3DA HTTP/1.1" 200 733 "-" "Mozilla/5.0 (Windows NT 10.0; Win64; x64) AppleWebKit/537.36 (KHTML, like Gecko) Chrome/68.0.3440.75 Safari/537.36 (compatible; SMTBot/1.0; +http://www.similartech.com/smtbot)" 
34.192.116.178 - - [08/Oct/2018:12:56:42 -0700] "GET /Datasets%20Description/Network/ HTTP/1.1" 200 668 "-" "Mozilla/5.0 (Windows NT 10.0; Win64; x64) AppleWebKit/537.36 (KHTML, like Gecko) Chrome/68.0.3440.75 Safari/537.36 (compatible; SMTBot/1.0; +http://www.similartech.com/smtbot)" 
34.192.116.178 - - [08/Oct/2018:12:56:42 -0700] "GET /Datasets%20Description/?C=M%3BO%3DA HTTP/1.1" 200 577 "-" "Mozilla/5.0 (Windows NT 10.0; Win64; x64) AppleWebKit/537.36 (KHTML, like Gecko) Chrome/68.0.3440.75 Safari/537.36 (compatible; SMTBot/1.0; +http://www.similartech.com/smtbot)" 
34.192.116.178 - - [08/Oct/2018:12:56:42 -0700] "GET /Datasets%20Description/HTML_Bro_log_1/http.html HTTP/1.1" 200 1928 "-" "Mozilla/5.0 (Windows NT 10.0; Win64; x64) AppleWebKit/537.36 (KHTML, like Gecko) Chrome/68.0.3440.75 Safari/537.36 (compatible; SMTBot/1.0; +http://www.similartech.com/smtbot)" 
34.192.116.178 - - [08/Oct/2018:12:56:42 -0700] "GET /Datasets%20Description/?C=D%3BO%3DA HTTP/1.1" 200 577 "-" "Mozilla/5.0 (Windows NT 10.0; Win64; x64) AppleWebKit/537.36 (KHTML, like Gecko) Chrome/68.0.3440.75 Safari/537.36 (compatible; SMTBot/1.0; +http://www.similartech.com/smtbot)" 
34.192.116.178 - - [08/Oct/2018:12:56:42 -0700] "GET /Datasets%20Description/HTML_Bro_log_2/weird.html HTTP/1.1" 200 1829 "-" "Mozilla/5.0 (Windows NT 10.0; Win64; x64) AppleWebKit/537.36 (KHTML, like Gecko) Chrome/68.0.3440.75 Safari/537.36 (compatible; SMTBot/1.0; +http://www.similartech.com/smtbot)" 
34.192.116.178 - - [08/Oct/2018:12:56:42 -0700] "GET /Datasets%20Description/?C=N%3BO%3DD HTTP/1.1" 200 577 "-" "Mozilla/5.0 (Windows NT 10.0; Win64; x64) AppleWebKit/537.36 (KHTML, like Gecko) Chrome/68.0.3440.75 Safari/537.36 (compatible; SMTBot/1.0; +http://www.similartech.com/smtbot)" 
34.192.116.178 - - [08/Oct/2018:12:56:42 -0700] "GET /Datasets%20Description/HTML_Bro_log_2/files.html HTTP/1.1" 200 1804 "-" "Mozilla/5.0 (Windows NT 10.0; Win64; x64) AppleWebKit/537.36 (KHTML, like Gecko) Chrome/68.0.3440.75 Safari/537.36 (compatible; SMTBot/1.0; +http://www.similartech.com/smtbot)" 
34.192.116.178 - - [08/Oct/2018:12:56:42 -0700] "GET /honeypot/BSidesDFW%20-%202014.ipynb HTTP/1.1" 200 930836 "-" "Mozilla/5.0 (Windows NT 10.0; Win64; x64) AppleWebKit/537.36 (KHTML, like Gecko) Chrome/68.0.3440.75 Safari/537.36 (compatible; SMTBot/1.0; +http://www.similartech.com/smtbot)" 
34.192.116.178 - - [08/Oct/2018:12:56:49 -0700] "GET /Datasets%20Description/PE_malware/ HTTP/1.1" 200 586 "-" "Mozilla/5.0 (Windows NT 10.0; Win64; x64) AppleWebKit/537.36 (KHTML, like Gecko) Chrome/68.0.3440.75 Safari/537.36 (compatible; SMTBot/1.0; +http://www.similartech.com/smtbot)" 
34.192.116.178 - - [08/Oct/2018:12:56:49 -0700] "GET /Datasets%20Description/HTML_Bro_log_2/irc.html HTTP/1.1" 200 1665 "-" "Mozilla/5.0 (Windows NT 10.0; Win64; x64) AppleWebKit/537.36 (KHTML, like Gecko) Chrome/68.0.3440.75 Safari/537.36 (compatible; SMTBot/1.0; +http://www.similartech.com/smtbot)" 
34.192.116.178 - - [08/Oct/2018:12:56:49 -0700] "GET /Datasets%20Description/HTML_Bro_log_2/?C=S%3BO%3DA HTTP/1.1" 200 733 "-" "Mozilla/5.0 (Windows NT 10.0; Win64; x64) AppleWebKit/537.36 (KHTML, like Gecko) Chrome/68.0.3440.75 Safari/537.36 (compatible; SMTBot/1.0; +http://www.similartech.com/smtbot)" 
34.192.116.178 - - [08/Oct/2018:12:56:49 -0700] "GET /Datasets%20Description/HTML_Bro_log_3/ HTTP/1.1" 200 723 "-" "Mozilla/5.0 (Windows NT 10.0; Win64; x64) AppleWebKit/537.36 (KHTML, like Gecko) Chrome/68.0.3440.75 Safari/537.36 (compatible; SMTBot/1.0; +http://www.similartech.com/smtbot)" 
34.192.116.178 - - [08/Oct/2018:12:56:49 -0700] "GET /Datasets%20Description/HTML_Bro_log_2/http.html HTTP/1.1" 200 1926 "-" "Mozilla/5.0 (Windows NT 10.0; Win64; x64) AppleWebKit/537.36 (KHTML, like Gecko) Chrome/68.0.3440.75 Safari/537.36 (compatible; SMTBot/1.0; +http://www.similartech.com/smtbot)" 
34.192.116.178 - - [08/Oct/2018:12:56:49 -0700] "GET /Datasets%20Description/?C=S%3BO%3DA HTTP/1.1" 200 577 "-" "Mozilla/5.0 (Windows NT 10.0; Win64; x64) AppleWebKit/537.36 (KHTML, like Gecko) Chrome/68.0.3440.75 Safari/537.36 (compatible; SMTBot/1.0; +http://www.similartech.com/smtbot)" 
34.192.116.178 - - [08/Oct/2018:12:56:49 -0700] "GET /Datasets%20Description/HTML_Bro_log_2/ssl.html HTTP/1.1" 200 1754 "-" "Mozilla/5.0 (Windows NT 10.0; Win64; x64) AppleWebKit/537.36 (KHTML, like Gecko) Chrome/68.0.3440.75 Safari/537.36 (compatible; SMTBot/1.0; +http://www.similartech.com/smtbot)" 
34.192.116.178 - - [08/Oct/2018:12:56:49 -0700] "GET /Datasets%20Description/HTML_Bro_log_2/app_stats.html HTTP/1.1" 200 1484 "-" "Mozilla/5.0 (Windows NT 10.0; Win64; x64) AppleWebKit/537.36 (KHTML, like Gecko) Chrome/68.0.3440.75 Safari/537.36 (compatible; SMTBot/1.0; +http://www.similartech.com/smtbot)" 
34.192.116.178 - - [08/Oct/2018:12:56:49 -0700] "GET /Datasets%20Description/HTML_Bro_log_2/notice.html HTTP/1.1" 200 1900 "-" "Mozilla/5.0 (Windows NT 10.0; Win64; x64) AppleWebKit/537.36 (KHTML, like Gecko) Chrome/68.0.3440.75 Safari/537.36 (compatible; SMTBot/1.0; +http://www.similartech.com/smtbot)" 
34.192.116.178 - - [08/Oct/2018:12:56:49 -0700] "GET /Datasets%20Description/HTML_Bro_log_2/dhcp.html HTTP/1.1" 200 1631 "-" "Mozilla/5.0 (Windows NT 10.0; Win64; x64) AppleWebKit/537.36 (KHTML, like Gecko) Chrome/68.0.3440.75 Safari/537.36 (compatible; SMTBot/1.0; +http://www.similartech.com/smtbot)" 
157.55.39.191 - - [08/Oct/2018:12:56:51 -0700] "GET /Datasets%20Description/Network/ssl.html HTTP/1.1" 304 189 "-" "Mozilla/5.0 (compatible; bingbot/2.0; +http://www.bing.com/bingbot.htm)" 
34.192.116.178 - - [08/Oct/2018:12:56:59 -0700] "GET /Datasets%20Description/HTML_Bro_log_2/?C=N%3BO%3DD HTTP/1.1" 200 733 "-" "Mozilla/5.0 (Windows NT 10.0; Win64; x64) AppleWebKit/537.36 (KHTML, like Gecko) Chrome/68.0.3440.75 Safari/537.36 (compatible; SMTBot/1.0; +http://www.similartech.com/smtbot)" 
34.192.116.178 - - [08/Oct/2018:12:56:59 -0700] "GET /Datasets%20Description/HTML_Bro_log_2/conn.html HTTP/1.1" 200 1900 "-" "Mozilla/5.0 (Windows NT 10.0; Win64; x64) AppleWebKit/537.36 (KHTML, like Gecko) Chrome/68.0.3440.75 Safari/537.36 (compatible; SMTBot/1.0; +http://www.similartech.com/smtbot)" 
34.192.116.178 - - [08/Oct/2018:12:56:59 -0700] "GET /Datasets%20Description/Network/weird.html HTTP/1.1" 200 1539 "-" "Mozilla/5.0 (Windows NT 10.0; Win64; x64) AppleWebKit/537.36 (KHTML, like Gecko) Chrome/68.0.3440.75 Safari/537.36 (compatible; SMTBot/1.0; +http://www.similartech.com/smtbot)" 
34.192.116.178 - - [08/Oct/2018:12:56:59 -0700] "GET /Datasets%20Description/HTML_Bro_log_2/dpd.html HTTP/1.1" 200 1549 "-" "Mozilla/5.0 (Windows NT 10.0; Win64; x64) AppleWebKit/537.36 (KHTML, like Gecko) Chrome/68.0.3440.75 Safari/537.36 (compatible; SMTBot/1.0; +http://www.similartech.com/smtbot)" 
34.192.116.178 - - [08/Oct/2018:12:56:59 -0700] "GET /Datasets%20Description/HTML_Bro_log_2/dns.html HTTP/1.1" 200 1725 "-" "Mozilla/5.0 (Windows NT 10.0; Win64; x64) AppleWebKit/537.36 (KHTML, like Gecko) Chrome/68.0.3440.75 Safari/537.36 (compatible; SMTBot/1.0; +http://www.similartech.com/smtbot)" 
34.192.116.178 - - [08/Oct/2018:12:56:59 -0700] "GET /Datasets%20Description/HTML_Bro_log_3/dns.html HTTP/1.1" 200 1724 "-" "Mozilla/5.0 (Windows NT 10.0; Win64; x64) AppleWebKit/537.36 (KHTML, like Gecko) Chrome/68.0.3440.75 Safari/537.36 (compatible; SMTBot/1.0; +http://www.similartech.com/smtbot)" 
34.192.116.178 - - [08/Oct/2018:12:56:59 -0700] "GET /Datasets%20Description/HTML_Bro_log_3/loaded_scripts.html HTTP/1.1" 200 1437 "-" "Mozilla/5.0 (Windows NT 10.0; Win64; x64) AppleWebKit/537.36 (KHTML, like Gecko) Chrome/68.0.3440.75 Safari/537.36 (compatible; SMTBot/1.0; +http://www.similartech.com/smtbot)" 
34.192.116.178 - - [08/Oct/2018:12:56:59 -0700] "GET /Datasets%20Description/HTML_Bro_log_3/http.html HTTP/1.1" 200 1929 "-" "Mozilla/5.0 (Windows NT 10.0; Win64; x64) AppleWebKit/537.36 (KHTML, like Gecko) Chrome/68.0.3440.75 Safari/537.36 (compatible; SMTBot/1.0; +http://www.similartech.com/smtbot)" 
34.192.116.178 - - [08/Oct/2018:12:56:59 -0700] "GET /Datasets%20Description/HTML_Bro_log_3/packet_filter.html HTTP/1.1" 200 1619 "-" "Mozilla/5.0 (Windows NT 10.0; Win64; x64) AppleWebKit/537.36 (KHTML, like Gecko) Chrome/68.0.3440.75 Safari/537.36 (compatible; SMTBot/1.0; +http://www.similartech.com/smtbot)" 
34.192.116.178 - - [08/Oct/2018:12:56:59 -0700] "GET /Datasets%20Description/HTML_Bro_log_2/packet_filter.html HTTP/1.1" 200 1619 "-" "Mozilla/5.0 (Windows NT 10.0; Win64; x64) AppleWebKit/537.36 (KHTML, like Gecko) Chrome/68.0.3440.75 Safari/537.36 (compatible; SMTBot/1.0; +http://www.similartech.com/smtbot)" 
34.192.116.178 - - [08/Oct/2018:12:57:10 -0700] "GET /Datasets%20Description/Network/dhcp.html HTTP/1.1" 200 1355 "-" "Mozilla/5.0 (Windows NT 10.0; Win64; x64) AppleWebKit/537.36 (KHTML, like Gecko) Chrome/68.0.3440.75 Safari/537.36 (compatible; SMTBot/1.0; +http://www.similartech.com/smtbot)" 
34.192.116.178 - - [08/Oct/2018:12:57:11 -0700] "GET /Datasets%20Description/HTML_Bro_log_3/?C=M%3BO%3DA HTTP/1.1" 200 723 "-" "Mozilla/5.0 (Windows NT 10.0; Win64; x64) AppleWebKit/537.36 (KHTML, like Gecko) Chrome/68.0.3440.75 Safari/537.36 (compatible; SMTBot/1.0; +http://www.similartech.com/smtbot)" 
34.192.116.178 - - [08/Oct/2018:12:57:11 -0700] "GET /Datasets%20Description/Network/?C=D%3BO%3DA HTTP/1.1" 200 668 "-" "Mozilla/5.0 (Windows NT 10.0; Win64; x64) AppleWebKit/537.36 (KHTML, like Gecko) Chrome/68.0.3440.75 Safari/537.36 (compatible; SMTBot/1.0; +http://www.similartech.com/smtbot)" 
34.192.116.178 - - [08/Oct/2018:12:57:11 -0700] "GET /Datasets%20Description/Network/notice.html HTTP/1.1" 200 1544 "-" "Mozilla/5.0 (Windows NT 10.0; Win64; x64) AppleWebKit/537.36 (KHTML, like Gecko) Chrome/68.0.3440.75 Safari/537.36 (compatible; SMTBot/1.0; +http://www.similartech.com/smtbot)" 
34.192.116.178 - - [08/Oct/2018:12:57:11 -0700] "GET /Datasets%20Description/Network/http.html HTTP/1.1" 200 1603 "-" "Mozilla/5.0 (Windows NT 10.0; Win64; x64) AppleWebKit/537.36 (KHTML, like Gecko) Chrome/68.0.3440.75 Safari/537.36 (compatible; SMTBot/1.0; +http://www.similartech.com/smtbot)" 
34.192.116.178 - - [08/Oct/2018:12:57:11 -0700] "GET /Datasets%20Description/HTML_Bro_log_3/ssl.html HTTP/1.1" 200 1768 "-" "Mozilla/5.0 (Windows NT 10.0; Win64; x64) AppleWebKit/537.36 (KHTML, like Gecko) Chrome/68.0.3440.75 Safari/537.36 (compatible; SMTBot/1.0; +http://www.similartech.com/smtbot)" 
34.192.116.178 - - [08/Oct/2018:12:57:11 -0700] "GET /Datasets%20Description/HTML_Bro_log_3/notice.html HTTP/1.1" 200 1896 "-" "Mozilla/5.0 (Windows NT 10.0; Win64; x64) AppleWebKit/537.36 (KHTML, like Gecko) Chrome/68.0.3440.75 Safari/537.36 (compatible; SMTBot/1.0; +http://www.similartech.com/smtbot)" 
34.192.116.178 - - [08/Oct/2018:12:57:11 -0700] "GET /Datasets%20Description/Network/dns.html HTTP/1.1" 200 1437 "-" "Mozilla/5.0 (Windows NT 10.0; Win64; x64) AppleWebKit/537.36 (KHTML, like Gecko) Chrome/68.0.3440.75 Safari/537.36 (compatible; SMTBot/1.0; +http://www.similartech.com/smtbot)" 
34.192.116.178 - - [08/Oct/2018:12:57:11 -0700] "GET /Datasets%20Description/HTML_Bro_log_3/files.html HTTP/1.1" 200 1804 "-" "Mozilla/5.0 (Windows NT 10.0; Win64; x64) AppleWebKit/537.36 (KHTML, like Gecko) Chrome/68.0.3440.75 Safari/537.36 (compatible; SMTBot/1.0; +http://www.similartech.com/smtbot)" 
34.192.116.178 - - [08/Oct/2018:12:57:11 -0700] "GET /tg/tg_snort_full.7z HTTP/1.1" 200 8847794 "-" "Mozilla/5.0 (Windows NT 10.0; Win64; x64) AppleWebKit/537.36 (KHTML, like Gecko) Chrome/68.0.3440.75 Safari/537.36 (compatible; SMTBot/1.0; +http://www.similartech.com/smtbot)" 
34.192.116.178 - - [08/Oct/2018:12:57:24 -0700] "GET /Datasets%20Description/Network/?C=S%3BO%3DA HTTP/1.1" 200 668 "-" "Mozilla/5.0 (Windows NT 10.0; Win64; x64) AppleWebKit/537.36 (KHTML, like Gecko) Chrome/68.0.3440.75 Safari/537.36 (compatible; SMTBot/1.0; +http://www.similartech.com/smtbot)" 
34.192.116.178 - - [08/Oct/2018:12:57:24 -0700] "GET /Datasets%20Description/Network/?C=N%3BO%3DD HTTP/1.1" 200 668 "-" "Mozilla/5.0 (Windows NT 10.0; Win64; x64) AppleWebKit/537.36 (KHTML, like Gecko) Chrome/68.0.3440.75 Safari/537.36 (compatible; SMTBot/1.0; +http://www.similartech.com/smtbot)" 
34.192.116.178 - - [08/Oct/2018:12:57:24 -0700] "GET /Datasets%20Description/HTML_Bro_log_3/weird.html HTTP/1.1" 200 1825 "-" "Mozilla/5.0 (Windows NT 10.0; Win64; x64) AppleWebKit/537.36 (KHTML, like Gecko) Chrome/68.0.3440.75 Safari/537.36 (compatible; SMTBot/1.0; +http://www.similartech.com/smtbot)" 
34.192.116.178 - - [08/Oct/2018:12:57:24 -0700] "GET /Datasets%20Description/HTML_Bro_log_3/dhcp.html HTTP/1.1" 200 1634 "-" "Mozilla/5.0 (Windows NT 10.0; Win64; x64) AppleWebKit/537.36 (KHTML, like Gecko) Chrome/68.0.3440.75 Safari/537.36 (compatible; SMTBot/1.0; +http://www.similartech.com/smtbot)" 
34.192.116.178 - - [08/Oct/2018:12:57:24 -0700] "GET /Datasets%20Description/Network/ssh.html HTTP/1.1" 200 1262 "-" "Mozilla/5.0 (Windows NT 10.0; Win64; x64) AppleWebKit/537.36 (KHTML, like Gecko) Chrome/68.0.3440.75 Safari/537.36 (compatible; SMTBot/1.0; +http://www.similartech.com/smtbot)" 
34.192.116.178 - - [08/Oct/2018:12:57:26 -0700] "GET /Datasets%20Description/HTML_Bro_log_3/app_stats.html HTTP/1.1" 200 1485 "-" "Mozilla/5.0 (Windows NT 10.0; Win64; x64) AppleWebKit/537.36 (KHTML, like Gecko) Chrome/68.0.3440.75 Safari/537.36 (compatible; SMTBot/1.0; +http://www.similartech.com/smtbot)" 
34.192.116.178 - - [08/Oct/2018:12:57:26 -0700] "GET /Datasets%20Description/Network/?C=M%3BO%3DA HTTP/1.1" 200 668 "-" "Mozilla/5.0 (Windows NT 10.0; Win64; x64) AppleWebKit/537.36 (KHTML, like Gecko) Chrome/68.0.3440.75 Safari/537.36 (compatible; SMTBot/1.0; +http://www.similartech.com/smtbot)" 
34.192.116.178 - - [08/Oct/2018:12:57:26 -0700] "GET /Datasets%20Description/HTML_Bro_log_3/?C=N%3BO%3DD HTTP/1.1" 200 723 "-" "Mozilla/5.0 (Windows NT 10.0; Win64; x64) AppleWebKit/537.36 (KHTML, like Gecko) Chrome/68.0.3440.75 Safari/537.36 (compatible; SMTBot/1.0; +http://www.similartech.com/smtbot)" 
34.192.116.178 - - [08/Oct/2018:12:57:26 -0700] "GET /Datasets%20Description/HTML_Bro_log_3/irc.html HTTP/1.1" 200 1678 "-" "Mozilla/5.0 (Windows NT 10.0; Win64; x64) AppleWebKit/537.36 (KHTML, like Gecko) Chrome/68.0.3440.75 Safari/537.36 (compatible; SMTBot/1.0; +http://www.similartech.com/smtbot)" 
34.192.116.178 - - [08/Oct/2018:12:57:26 -0700] "GET /Datasets%20Description/HTML_Bro_log_3/dpd.html HTTP/1.1" 200 1556 "-" "Mozilla/5.0 (Windows NT 10.0; Win64; x64) AppleWebKit/537.36 (KHTML, like Gecko) Chrome/68.0.3440.75 Safari/537.36 (compatible; SMTBot/1.0; +http://www.similartech.com/smtbot)" 
34.192.116.178 - - [08/Oct/2018:12:58:04 -0700] "GET /Datasets%20Description/Network/ssh.html HTTP/1.1" 200 1262 "-" "Mozilla/5.0 (Windows NT 10.0; Win64; x64) AppleWebKit/537.36 (KHTML, like Gecko) Chrome/68.0.3440.75 Safari/537.36 (compatible; SMTBot/1.0; +http://www.similartech.com/smtbot)" 
34.192.116.178 - - [08/Oct/2018:12:58:04 -0700] "GET /Datasets%20Description/Network/dns.html HTTP/1.1" 200 1437 "-" "Mozilla/5.0 (Windows NT 10.0; Win64; x64) AppleWebKit/537.36 (KHTML, like Gecko) Chrome/68.0.3440.75 Safari/537.36 (compatible; SMTBot/1.0; +http://www.similartech.com/smtbot)" 
34.192.116.178 - - [08/Oct/2018:12:58:04 -0700] "GET /Datasets%20Description/Network/N/A HTTP/1.1" 404 340 "-" "Mozilla/5.0 (Windows NT 10.0; Win64; x64) AppleWebKit/537.36 (KHTML, like Gecko) Chrome/68.0.3440.75 Safari/537.36 (compatible; SMTBot/1.0; +http://www.similartech.com/smtbot)" 
34.192.116.178 - - [08/Oct/2018:12:58:04 -0700] "GET /Datasets%20Description/HTML_Bro_log_3/?C=S%3BO%3DA HTTP/1.1" 200 723 "-" "Mozilla/5.0 (Windows NT 10.0; Win64; x64) AppleWebKit/537.36 (KHTML, like Gecko) Chrome/68.0.3440.75 Safari/537.36 (compatible; SMTBot/1.0; +http://www.similartech.com/smtbot)" 
34.192.116.178 - - [08/Oct/2018:12:58:04 -0700] "GET /tg/tg_snort_fast.7z HTTP/1.1" 200 4274093 "-" "Mozilla/5.0 (Windows NT 10.0; Win64; x64) AppleWebKit/537.36 (KHTML, like Gecko) Chrome/68.0.3440.75 Safari/537.36 (compatible; SMTBot/1.0; +http://www.similartech.com/smtbot)" 
34.192.116.178 - - [08/Oct/2018:12:58:16 -0700] "GET /maccdc2012/maccdc2012_fast_alert.7z HTTP/1.1" 200 9478149 "-" "Mozilla/5.0 (Windows NT 10.0; Win64; x64) AppleWebKit/537.36 (KHTML, like Gecko) Chrome/68.0.3440.75 Safari/537.36 (compatible; SMTBot/1.0; +http://www.similartech.com/smtbot)" 
34.192.116.178 - - [08/Oct/2018:12:58:24 -0700] "GET /Datasets%20Description/PE_malware/?C=M%3BO%3DA HTTP/1.1" 200 586 "-" "Mozilla/5.0 (Windows NT 10.0; Win64; x64) AppleWebKit/537.36 (KHTML, like Gecko) Chrome/68.0.3440.75 Safari/537.36 (compatible; SMTBot/1.0; +http://www.similartech.com/smtbot)" 
34.192.116.178 - - [08/Oct/2018:12:58:24 -0700] "GET /Datasets%20Description/HTML_Bro_log_3/?C=D%3BO%3DA HTTP/1.1" 200 723 "-" "Mozilla/5.0 (Windows NT 10.0; Win64; x64) AppleWebKit/537.36 (KHTML, like Gecko) Chrome/68.0.3440.75 Safari/537.36 (compatible; SMTBot/1.0; +http://www.similartech.com/smtbot)" 
34.192.116.178 - - [08/Oct/2018:12:58:48 -0700] "GET /Datasets%20Description/HTML_Bro_log_3/conn.html HTTP/1.1" 200 1903 "-" "Mozilla/5.0 (Windows NT 10.0; Win64; x64) AppleWebKit/537.36 (KHTML, like Gecko) Chrome/68.0.3440.75 Safari/537.36 (compatible; SMTBot/1.0; +http://www.similartech.com/smtbot)" 
34.192.116.178 - - [08/Oct/2018:12:58:48 -0700] "GET /Datasets%20Description/PE_malware/?C=S%3BO%3DA HTTP/1.1" 200 585 "-" "Mozilla/5.0 (Windows NT 10.0; Win64; x64) AppleWebKit/537.36 (KHTML, like Gecko) Chrome/68.0.3440.75 Safari/537.36 (compatible; SMTBot/1.0; +http://www.similartech.com/smtbot)" 
34.192.116.178 - - [08/Oct/2018:12:58:48 -0700] "GET /Datasets%20Description/Network/dhcp.html HTTP/1.1" 200 1355 "-" "Mozilla/5.0 (Windows NT 10.0; Win64; x64) AppleWebKit/537.36 (KHTML, like Gecko) Chrome/68.0.3440.75 Safari/537.36 (compatible; SMTBot/1.0; +http://www.similartech.com/smtbot)" 
34.192.116.178 - - [08/Oct/2018:12:58:48 -0700] "GET /data HTTP/1.1" 404 340 "-" "Mozilla/5.0 (Windows NT 10.0; Win64; x64) AppleWebKit/537.36 (KHTML, like Gecko) Chrome/68.0.3440.75 Safari/537.36 (compatible; SMTBot/1.0; +http://www.similartech.com/smtbot)" 
34.192.116.178 - - [08/Oct/2018:12:58:48 -0700] "GET /Datasets%20Description/PE_malware/Zeus.html HTTP/1.1" 200 1592 "-" "Mozilla/5.0 (Windows NT 10.0; Win64; x64) AppleWebKit/537.36 (KHTML, like Gecko) Chrome/68.0.3440.75 Safari/537.36 (compatible; SMTBot/1.0; +http://www.similartech.com/smtbot)" 
34.192.116.178 - - [08/Oct/2018:12:58:48 -0700] "GET /Datasets%20Description/PE_malware/?C=N%3BO%3DD HTTP/1.1" 200 586 "-" "Mozilla/5.0 (Windows NT 10.0; Win64; x64) AppleWebKit/537.36 (KHTML, like Gecko) Chrome/68.0.3440.75 Safari/537.36 (compatible; SMTBot/1.0; +http://www.similartech.com/smtbot)" 
34.192.116.178 - - [08/Oct/2018:12:58:48 -0700] "GET /Datasets%20Description/Network/notice.html HTTP/1.1" 200 1544 "-" "Mozilla/5.0 (Windows NT 10.0; Win64; x64) AppleWebKit/537.36 (KHTML, like Gecko) Chrome/68.0.3440.75 Safari/537.36 (compatible; SMTBot/1.0; +http://www.similartech.com/smtbot)" 
34.192.116.178 - - [08/Oct/2018:12:58:48 -0700] "GET /Datasets%20Description/PE_malware/?C=D%3BO%3DA HTTP/1.1" 200 586 "-" "Mozilla/5.0 (Windows NT 10.0; Win64; x64) AppleWebKit/537.36 (KHTML, like Gecko) Chrome/68.0.3440.75 Safari/537.36 (compatible; SMTBot/1.0; +http://www.similartech.com/smtbot)" 
34.192.116.178 - - [08/Oct/2018:12:58:48 -0700] "GET /Datasets%20Description/Network/weird.html HTTP/1.1" 200 1539 "-" "Mozilla/5.0 (Windows NT 10.0; Win64; x64) AppleWebKit/537.36 (KHTML, like Gecko) Chrome/68.0.3440.75 Safari/537.36 (compatible; SMTBot/1.0; +http://www.similartech.com/smtbot)" 
34.192.116.178 - - [08/Oct/2018:12:58:48 -0700] "GET /Datasets%20Description/PE_malware/Zeus.html HTTP/1.1" 200 1592 "-" "Mozilla/5.0 (Windows NT 10.0; Win64; x64) AppleWebKit/537.36 (KHTML, like Gecko) Chrome/68.0.3440.75 Safari/537.36 (compatible; SMTBot/1.0; +http://www.similartech.com/smtbot)" 
34.192.116.178 - - [08/Oct/2018:12:58:48 -0700] "GET /maccdc2012/maccdc2012_full_alert.7z HTTP/1.1" 200 24978942 "-" "Mozilla/5.0 (Windows NT 10.0; Win64; x64) AppleWebKit/537.36 (KHTML, like Gecko) Chrome/68.0.3440.75 Safari/537.36 (compatible; SMTBot/1.0; +http://www.similartech.com/smtbot)" 
34.192.116.178 - - [08/Oct/2018:12:59:11 -0700] "GET / HTTP/1.1" 200 12383 "-" "Mozilla/5.0 (Windows NT 10.0; Win64; x64) AppleWebKit/537.36 (KHTML, like Gecko) Chrome/68.0.3440.75 Safari/537.36 (compatible; SMTBot/1.0; http://www.similartech.com/smtbot)" 
40.77.167.214 - - [08/Oct/2018:13:00:32 -0700] "GET /self.logs/error.log.2018-10-05.gz HTTP/1.1" 200 4958 "-" "Mozilla/5.0 (compatible; bingbot/2.0; +http://www.bing.com/bingbot.htm)" 
216.244.66.245 - - [08/Oct/2018:13:12:34 -0700] "GET /self.logs/error.log.2017-03-13.gz HTTP/1.1" 200 1101 "-" "Mozilla/5.0 (compatible; DotBot/1.1; http://www.opensiteexplorer.org/dotbot, help@moz.com)" 
216.244.66.245 - - [08/Oct/2018:13:12:37 -0700] "GET /self.logs/error.log.2017-07-01.gz HTTP/1.1" 200 742 "-" "Mozilla/5.0 (compatible; DotBot/1.1; http://www.opensiteexplorer.org/dotbot, help@moz.com)" 
52.14.43.100 - - [08/Oct/2018:13:14:19 -0700] "GET / HTTP/1.1" 200 12383 "-" "Mozilla/5.0 (Macintosh; Intel Mac OS X x.y; rv:42.0) Gecko/20100101 Firefox/42.0" 
66.249.66.82 - - [08/Oct/2018:13:17:04 -0700] "GET / HTTP/1.1" 200 12383 "-" "Mozilla/5.0 (Linux; Android 6.0.1; Nexus 5X Build/MMB29P) AppleWebKit/537.36 (KHTML, like Gecko) Chrome/41.0.2272.96 Mobile Safari/537.36 (compatible; Googlebot/2.1; +http://www.google.com/bot.html)" 
113.171.224.176 - - [08/Oct/2018:13:21:51 -0700] "GET /honeypot/Honeypot%20-%20Howto.pdf HTTP/1.1" 200 46720 "-" "Mozilla/5.0 Gecko/20100115 Firefox/3.6" 
54.36.149.103 - - [08/Oct/2018:13:24:10 -0700] "GET /self.logs/2015/error.log.2015-03-18.gz HTTP/1.1" 200 2315 "-" "Mozilla/5.0 (compatible; AhrefsBot/5.2; +http://ahrefs.com/robot/)" 
78.171.12.139 - - [08/Oct/2018:13:26:53 -0700] "GET /wp-login.php HTTP/1.1" 418 732 "-" "Mozilla/5.0 (Windows NT 6.1; WOW64; rv:40.0) Gecko/20100101 Firefox/40.1" 
18.221.232.130 - - [08/Oct/2018:13:27:10 -0700] "GET / HTTP/1.1" 200 12383 "-" "Mozilla/5.0 (Windows NT 6.1; Win64; x64; rv:47.0) AppleWebKit/537.36 (KHTML, like Gecko) Firefox/42.0" 
66.249.81.61 - - [08/Oct/2018:13:31:52 -0700] "GET / HTTP/1.1" 200 12383 "-" "Mozilla/5.0 (Linux; Android 8.0.0; RNE-L01 Build/HUAWEIRNE-L01) AppleWebKit/537.36 (KHTML, like Gecko) Chrome/68.0.3440.91 Mobile Safari/537.36" 
66.249.81.61 - - [08/Oct/2018:13:31:52 -0700] "GET /twitter-icon.png HTTP/1.1" 200 27787 "http://www.secrepo.com/" "Mozilla/5.0 (Linux; Android 8.0.0; RNE-L01 Build/HUAWEIRNE-L01) AppleWebKit/537.36 (KHTML, like Gecko) Chrome/68.0.3440.91 Mobile Safari/537.36" 
66.249.81.32 - - [08/Oct/2018:13:31:52 -0700] "GET /GitHub-Mark.png HTTP/1.1" 200 7428 "http://www.secrepo.com/" "Mozilla/5.0 (Linux; Android 8.0.0; RNE-L01 Build/HUAWEIRNE-L01) AppleWebKit/537.36 (KHTML, like Gecko) Chrome/68.0.3440.91 Mobile Safari/537.36" 
66.249.81.32 - - [08/Oct/2018:13:31:54 -0700] "GET /bootstrap/img/favicon.ico HTTP/1.1" 200 590 "http://www.secrepo.com/" "Mozilla/5.0 (Linux; Android 8.0.0; RNE-L01 Build/HUAWEIRNE-L01) AppleWebKit/537.36 (KHTML, like Gecko) Chrome/68.0.3440.91 Mobile Safari/537.36" 
91.242.162.7 - - [08/Oct/2018:13:34:38 -0700] "GET /robots.txt HTTP/1.1" 200 297 "-" "Mozilla/5.0 (compatible; Qwantify/2.4w; +https://www.qwant.com/)/2.4w" 
91.242.162.7 - - [08/Oct/2018:13:34:38 -0700] "GET /self.logs/?C=D;O=D HTTP/1.1" 200 12508 "-" "Mozilla/5.0 (compatible; Qwantify/2.4w; +https://www.qwant.com/)/2.4w" 
131.107.160.27 - - [08/Oct/2018:13:38:57 -0700] "GET / HTTP/1.1" 200 12383 "-" "Mozilla/5.0 (Windows NT 10.0; Win64; x64) AppleWebKit/537.36 (KHTML, like Gecko) Chrome/69.0.3497.100 Safari/537.36" 
131.107.160.27 - - [08/Oct/2018:13:38:58 -0700] "GET /twitter-icon.png HTTP/1.1" 200 27787 "http://www.secrepo.com/" "Mozilla/5.0 (Windows NT 10.0; Win64; x64) AppleWebKit/537.36 (KHTML, like Gecko) Chrome/69.0.3497.100 Safari/537.36" 
131.107.160.27 - - [08/Oct/2018:13:38:58 -0700] "GET /GitHub-Mark.png HTTP/1.1" 200 7428 "http://www.secrepo.com/" "Mozilla/5.0 (Windows NT 10.0; Win64; x64) AppleWebKit/537.36 (KHTML, like Gecko) Chrome/69.0.3497.100 Safari/537.36" 
131.107.160.27 - - [08/Oct/2018:13:38:59 -0700] "GET /bootstrap/img/favicon.ico HTTP/1.1" 200 589 "http://www.secrepo.com/" "Mozilla/5.0 (Windows NT 10.0; Win64; x64) AppleWebKit/537.36 (KHTML, like Gecko) Chrome/69.0.3497.100 Safari/537.36" 
216.244.66.245 - - [08/Oct/2018:13:39:00 -0700] "GET /robots.txt HTTP/1.1" 200 233 "-" "Mozilla/5.0 (compatible; DotBot/1.1; http://www.opensiteexplorer.org/dotbot, help@moz.com)" 
40.90.216.147 - - [08/Oct/2018:13:39:13 -0700] "GET / HTTP/1.1" 200 12383 "-" "Mozilla/5.0 (Windows NT 10.0; Win64; x64) AppleWebKit/537.36 (KHTML, like Gecko) Chrome/57.0.2987.133 Safari/537.36" 
40.90.216.147 - - [08/Oct/2018:13:39:13 -0700] "GET /GitHub-Mark.png HTTP/1.1" 200 7428 "http://www.secrepo.com/" "Mozilla/5.0 (Windows NT 10.0; Win64; x64) AppleWebKit/537.36 (KHTML, like Gecko) Chrome/57.0.2987.133 Safari/537.36" 
40.90.216.147 - - [08/Oct/2018:13:39:13 -0700] "GET /twitter-icon.png HTTP/1.1" 200 27787 "http://www.secrepo.com/" "Mozilla/5.0 (Windows NT 10.0; Win64; x64) AppleWebKit/537.36 (KHTML, like Gecko) Chrome/57.0.2987.133 Safari/537.36" 
40.90.216.147 - - [08/Oct/2018:13:39:17 -0700] "GET /bootstrap/img/favicon.ico HTTP/1.1" 200 590 "http://www.secrepo.com/" "Mozilla/5.0 (Windows NT 10.0; Win64; x64) AppleWebKit/537.36 (KHTML, like Gecko) Chrome/57.0.2987.133 Safari/537.36" 
183.3.205.29 - - [08/Oct/2018:13:41:48 -0700] "GET //dede/login.php HTTP/1.1" 404 295 "-" "Mozilla/4.0 (compatible; Win32; WinHttp.WinHttpRequest.5)" 
37.116.18.2 - - [08/Oct/2018:13:42:20 -0700] "GET /wp-login.php HTTP/1.1" 418 732 "-" "Mozilla/5.0 (Windows NT 6.1; WOW64; rv:40.0) Gecko/20100101 Firefox/40.1" 
37.116.18.2 - - [08/Oct/2018:13:42:20 -0700] "GET / HTTP/1.1" 418 732 "-" "Mozilla/5.0 (Windows NT 6.1; WOW64; rv:40.0) Gecko/20100101 Firefox/40.1" 
54.36.148.188 - - [08/Oct/2018:13:45:02 -0700] "GET /self.logs/error.log.2017-12-31.gz HTTP/1.1" 200 2495 "-" "Mozilla/5.0 (compatible; AhrefsBot/5.2; +http://ahrefs.com/robot/)" 
18.216.137.18 - - [08/Oct/2018:13:45:04 -0700] "GET / HTTP/1.1" 200 12383 "-" "Mozilla/5.0 (Windows NT 6.1; Win64; x64; rv:47.0) AppleWebKit/537.36 (KHTML, like Gecko) Chrome/67.0.3396.79 Safari/537.36" 
216.244.66.245 - - [08/Oct/2018:13:54:15 -0700] "GET /self.logs/2016/ HTTP/1.1" 200 70678 "-" "Mozilla/5.0 (compatible; DotBot/1.1; http://www.opensiteexplorer.org/dotbot, help@moz.com)" 
216.244.66.245 - - [08/Oct/2018:13:54:18 -0700] "GET /self.logs/access.log.2018-06-20.gz HTTP/1.1" 200 24113 "-" "Mozilla/5.0 (compatible; DotBot/1.1; http://www.opensiteexplorer.org/dotbot, help@moz.com)" 
54.36.148.35 - - [08/Oct/2018:13:58:27 -0700] "GET /self.logs/access.log.2015-11-17.gz HTTP/1.1" 404 284 "-" "Mozilla/5.0 (compatible; AhrefsBot/5.2; +http://ahrefs.com/robot/)" 
54.36.148.231 - - [08/Oct/2018:14:07:30 -0700] "GET /self.logs/2016/error.log.2016-05-13.gz HTTP/1.1" 200 1019 "-" "Mozilla/5.0 (compatible; AhrefsBot/5.2; +http://ahrefs.com/robot/)" 
54.36.148.212 - - [08/Oct/2018:14:08:20 -0700] "GET /self.logs/2015/error.log.2015-05-22.gz HTTP/1.1" 200 808 "-" "Mozilla/5.0 (compatible; AhrefsBot/5.2; +http://ahrefs.com/robot/)" 
54.36.148.224 - - [08/Oct/2018:14:10:40 -0700] "GET /self.logs/2016/error.log.2016-06-24.gz HTTP/1.1" 200 1306 "-" "Mozilla/5.0 (compatible; AhrefsBot/5.2; +http://ahrefs.com/robot/)" 
184.72.114.84 - - [08/Oct/2018:14:11:08 -0700] "GET / HTTP/1.1" 200 12346 "-" "Mozilla/5.0 (Windows NT 6.1) AppleWebKit/537.36 (KHTML, like Gecko) Chrome/41.0.2228.0 Safari/537.36" 
199.58.86.209 - - [08/Oct/2018:14:12:06 -0700] "GET /robots.txt HTTP/1.1" 200 289 "-" "Mozilla/5.0 (compatible; MJ12bot/v1.4.8; http://mj12bot.com/)" 
199.58.86.209 - - [08/Oct/2018:14:12:08 -0700] "GET / HTTP/1.1" 200 46156 "-" "Mozilla/5.0 (compatible; MJ12bot/v1.4.8; http://mj12bot.com/)" 
41.223.160.173 - - [08/Oct/2018:14:13:32 -0700] "GET /tg/tg_snort_fast.7z HTTP/1.1" 304 131 "-" "Mozilla/5.0 Gecko/20100115 Firefox/3.6" 
18.191.165.71 - - [08/Oct/2018:14:13:39 -0700] "GET / HTTP/1.1" 200 12383 "-" "Mozilla/5.0 (Macintosh; Intel Mac OS X x.y; rv:42.0) AppleWebKit/537.36 (KHTML, like Gecko) Chrome/67.0.3396.79 Safari/537.36" 
41.223.160.173 - - [08/Oct/2018:14:19:20 -0700] "GET /maccdc2012/dns.log.gz HTTP/1.1" 304 154 "-" "Mozilla/5.0 Gecko/20100115 Firefox/3.6" 
216.244.66.245 - - [08/Oct/2018:14:21:57 -0700] "GET /robots.txt HTTP/1.1" 200 233 "-" "Mozilla/5.0 (compatible; DotBot/1.1; http://www.opensiteexplorer.org/dotbot, help@moz.com)" 
209.15.209.85 - - [08/Oct/2018:14:24:29 -0700] "HEAD / HTTP/1.1" 200 239 "-" "-" 
87.74.131.9 - - [08/Oct/2018:14:24:30 -0700] "GET / HTTP/1.1" 200 12383 "https://www.researchgate.net/" "Mozilla/5.0 (X11; Linux x86_64) AppleWebKit/537.36 (KHTML, like Gecko) Ubuntu Chromium/69.0.3497.81 Chrome/69.0.3497.81 Safari/537.36" 
87.74.131.9 - - [08/Oct/2018:14:24:30 -0700] "GET /twitter-icon.png HTTP/1.1" 200 27787 "http://www.secrepo.com/" "Mozilla/5.0 (X11; Linux x86_64) AppleWebKit/537.36 (KHTML, like Gecko) Ubuntu Chromium/69.0.3497.81 Chrome/69.0.3497.81 Safari/537.36" 
87.74.131.9 - - [08/Oct/2018:14:24:30 -0700] "GET /GitHub-Mark.png HTTP/1.1" 200 7428 "http://www.secrepo.com/" "Mozilla/5.0 (X11; Linux x86_64) AppleWebKit/537.36 (KHTML, like Gecko) Ubuntu Chromium/69.0.3497.81 Chrome/69.0.3497.81 Safari/537.36" 
87.74.131.9 - - [08/Oct/2018:14:24:31 -0700] "GET /bootstrap/img/favicon.ico HTTP/1.1" 200 589 "http://www.secrepo.com/" "Mozilla/5.0 (X11; Linux x86_64) AppleWebKit/537.36 (KHTML, like Gecko) Ubuntu Chromium/69.0.3497.81 Chrome/69.0.3497.81 Safari/537.36" 
113.171.224.176 - - [08/Oct/2018:14:24:54 -0700] "GET /honeypot/Honeypot%20-%20Howto.pdf HTTP/1.1" 200 46720 "-" "Mozilla/5.0 Gecko/20100115 Firefox/3.6" 
18.221.232.130 - - [08/Oct/2018:14:27:00 -0700] "GET / HTTP/1.1" 200 12383 "-" "Mozilla/5.0 (Windows NT 6.1; Win64; x64; rv:47.0) Gecko/20100101 Safari/602.1" 
54.36.148.154 - - [08/Oct/2018:14:35:22 -0700] "GET /self.logs/2015/error.log.2015-06-12.gz HTTP/1.1" 200 985 "-" "Mozilla/5.0 (compatible; AhrefsBot/5.2; +http://ahrefs.com/robot/)" 
134.56.33.235 - - [08/Oct/2018:14:35:45 -0700] "GET / HTTP/1.1" 200 12383 "http://www.covert.io/" "Mozilla/5.0 (Macintosh; Intel Mac OS X 10.13; rv:62.0) Gecko/20100101 Firefox/62.0" 
134.56.33.235 - - [08/Oct/2018:14:35:45 -0700] "GET /twitter-icon.png HTTP/1.1" 200 27787 "http://www.secrepo.com/" "Mozilla/5.0 (Macintosh; Intel Mac OS X 10.13; rv:62.0) Gecko/20100101 Firefox/62.0" 
134.56.33.235 - - [08/Oct/2018:14:35:46 -0700] "GET /GitHub-Mark.png HTTP/1.1" 200 7428 "http://www.secrepo.com/" "Mozilla/5.0 (Macintosh; Intel Mac OS X 10.13; rv:62.0) Gecko/20100101 Firefox/62.0" 
134.56.33.235 - - [08/Oct/2018:14:35:46 -0700] "GET /bootstrap/img/favicon.ico HTTP/1.1" 200 589 "-" "Mozilla/5.0 (Macintosh; Intel Mac OS X 10.13; rv:62.0) Gecko/20100101 Firefox/62.0" 
216.244.66.245 - - [08/Oct/2018:14:36:39 -0700] "GET /self.logs/access.log.2017-03-22.gz HTTP/1.1" 200 24957 "-" "Mozilla/5.0 (compatible; DotBot/1.1; http://www.opensiteexplorer.org/dotbot, help@moz.com)" 
216.244.66.245 - - [08/Oct/2018:14:36:40 -0700] "GET /self.logs/access.log.2017-10-19.gz HTTP/1.1" 200 52808 "-" "Mozilla/5.0 (compatible; DotBot/1.1; http://www.opensiteexplorer.org/dotbot, help@moz.com)" 
216.244.66.245 - - [08/Oct/2018:14:36:42 -0700] "GET /self.logs/access.log.2017-11-12.gz HTTP/1.1" 200 49245 "-" "Mozilla/5.0 (compatible; DotBot/1.1; http://www.opensiteexplorer.org/dotbot, help@moz.com)" 
152.179.78.138 - - [08/Oct/2018:14:36:43 -0700] "GET / HTTP/1.1" 200 12383 "-" "Mozilla/5.0 (Macintosh; Intel Mac OS X 10_13_5) AppleWebKit/537.36 (KHTML, like Gecko) Chrome/68.0.3440.106 Safari/537.36" 
152.179.78.138 - - [08/Oct/2018:14:36:43 -0700] "GET /twitter-icon.png HTTP/1.1" 200 27787 "http://www.secrepo.com/" "Mozilla/5.0 (Macintosh; Intel Mac OS X 10_13_5) AppleWebKit/537.36 (KHTML, like Gecko) Chrome/68.0.3440.106 Safari/537.36" 
152.179.78.138 - - [08/Oct/2018:14:36:43 -0700] "GET /GitHub-Mark.png HTTP/1.1" 200 7427 "http://www.secrepo.com/" "Mozilla/5.0 (Macintosh; Intel Mac OS X 10_13_5) AppleWebKit/537.36 (KHTML, like Gecko) Chrome/68.0.3440.106 Safari/537.36" 
152.179.78.138 - - [08/Oct/2018:14:36:44 -0700] "GET /bootstrap/img/favicon.ico HTTP/1.1" 200 589 "http://www.secrepo.com/" "Mozilla/5.0 (Macintosh; Intel Mac OS X 10_13_5) AppleWebKit/537.36 (KHTML, like Gecko) Chrome/68.0.3440.106 Safari/537.36" 
216.244.66.245 - - [08/Oct/2018:14:36:44 -0700] "GET /self.logs/error.log.2017-02-17.gz HTTP/1.1" 200 752 "-" "Mozilla/5.0 (compatible; DotBot/1.1; http://www.opensiteexplorer.org/dotbot, help@moz.com)" 
216.244.66.245 - - [08/Oct/2018:14:36:45 -0700] "GET /self.logs/error.log.2017-04-13.gz HTTP/1.1" 200 710 "-" "Mozilla/5.0 (compatible; DotBot/1.1; http://www.opensiteexplorer.org/dotbot, help@moz.com)" 
216.244.66.245 - - [08/Oct/2018:14:36:47 -0700] "GET /self.logs/error.log.2017-06-03.gz HTTP/1.1" 200 772 "-" "Mozilla/5.0 (compatible; DotBot/1.1; http://www.opensiteexplorer.org/dotbot, help@moz.com)" 
216.244.66.245 - - [08/Oct/2018:14:36:48 -0700] "GET /self.logs/error.log.2017-11-11.gz HTTP/1.1" 200 1915 "-" "Mozilla/5.0 (compatible; DotBot/1.1; http://www.opensiteexplorer.org/dotbot, help@moz.com)" 
5.9.156.121 - - [08/Oct/2018:14:43:38 -0700] "GET /robots.txt HTTP/1.1" 301 518 "-" "Mozilla/5.0 (compatible; MJ12bot/v1.4.8; http://mj12bot.com/)" 
5.9.156.121 - - [08/Oct/2018:14:43:38 -0700] "GET /robots.txt HTTP/1.1" 200 289 "-" "Mozilla/5.0 (compatible; MJ12bot/v1.4.8; http://mj12bot.com/)" 
5.9.156.121 - - [08/Oct/2018:14:43:40 -0700] "GET /%C2%A0%C2%A0 HTTP/1.1" 301 450 "-" "Mozilla/5.0 (compatible; MJ12bot/v1.4.8; http://mj12bot.com/)" 
5.9.156.121 - - [08/Oct/2018:14:43:42 -0700] "GET /%C3%82%C2%A0%C3%82 HTTP/1.1" 404 239 "-" "Mozilla/5.0 (compatible; MJ12bot/v1.4.8; http://mj12bot.com/)" 
5.9.156.121 - - [08/Oct/2018:14:43:44 -0700] "GET /honeypot//%22http://amunhoney.sourceforge.net//%22 HTTP/1.1" 404 284 "-" "Mozilla/5.0 (compatible; MJ12bot/v1.4.8; http://mj12bot.com/)" 
5.9.156.121 - - [08/Oct/2018:14:43:45 -0700] "GET /honeypot//%22http://glastopf.org//%22 HTTP/1.1" 404 284 "-" "Mozilla/5.0 (compatible; MJ12bot/v1.4.8; http://mj12bot.com/)" 
5.9.156.121 - - [08/Oct/2018:14:43:47 -0700] "GET /honeypot//%22http://www.maxmind.com/%22 HTTP/1.1" 404 284 "-" "Mozilla/5.0 (compatible; MJ12bot/v1.4.8; http://mj12bot.com/)" 
5.9.156.121 - - [08/Oct/2018:14:43:48 -0700] "GET /honeypot//%22https://twitter.com/sooshie/%22 HTTP/1.1" 404 284 "-" "Mozilla/5.0 (compatible; MJ12bot/v1.4.8; http://mj12bot.com/)" 
5.9.156.121 - - [08/Oct/2018:14:43:50 -0700] "GET /honeypot//%22https://twitter.com/theroxyd/%22 HTTP/1.1" 404 284 "-" "Mozilla/5.0 (compatible; MJ12bot/v1.4.8; http://mj12bot.com/)" 
5.9.156.121 - - [08/Oct/2018:14:43:51 -0700] "GET / HTTP/1.1" 200 12327 "-" "Mozilla/5.0 (compatible; MJ12bot/v1.4.8; http://mj12bot.com/)" 
18.188.94.118 - - [08/Oct/2018:14:44:48 -0700] "GET / HTTP/1.1" 200 12383 "-" "Mozilla/5.0 (Macintosh; Intel Mac OS X x.y; rv:42.0) AppleWebKit/537.36 (KHTML, like Gecko) Chrome/67.0.3396.79 Safari/537.36" 
88.160.76.237 - - [08/Oct/2018:14:47:57 -0700] "GET /wp-login.php HTTP/1.1" 418 732 "-" "Mozilla/5.0 (Windows NT 6.1; WOW64; rv:40.0) Gecko/20100101 Firefox/40.1" 
88.160.76.237 - - [08/Oct/2018:14:47:58 -0700] "GET / HTTP/1.1" 418 732 "-" "Mozilla/5.0 (Windows NT 6.1; WOW64; rv:40.0) Gecko/20100101 Firefox/40.1" 
54.36.149.41 - - [08/Oct/2018:14:48:04 -0700] "GET /self.logs/error.log.2018-09-13.gz HTTP/1.1" 200 5899 "-" "Mozilla/5.0 (compatible; AhrefsBot/5.2; +http://ahrefs.com/robot/)" 
216.244.66.245 - - [08/Oct/2018:14:51:33 -0700] "GET /self.logs/access.log.2015-04-14.gz HTTP/1.1" 404 239 "-" "Mozilla/5.0 (compatible; DotBot/1.1; http://www.opensiteexplorer.org/dotbot, help@moz.com)" 
216.244.66.245 - - [08/Oct/2018:14:51:34 -0700] "GET /self.logs/error.log.2015-10-28.gz HTTP/1.1" 404 239 "-" "Mozilla/5.0 (compatible; DotBot/1.1; http://www.opensiteexplorer.org/dotbot, help@moz.com)" 
216.244.66.245 - - [08/Oct/2018:14:51:36 -0700] "GET /self.logs/error.log.2016-06-30.gz HTTP/1.1" 404 239 "-" "Mozilla/5.0 (compatible; DotBot/1.1; http://www.opensiteexplorer.org/dotbot, help@moz.com)" 
137.103.56.141 - - [08/Oct/2018:14:55:03 -0700] "GET /wp-login.php HTTP/1.1" 418 732 "-" "Mozilla/5.0 (Windows NT 6.1; WOW64; rv:40.0) Gecko/20100101 Firefox/40.1" 
95.163.255.57 - - [08/Oct/2018:14:55:47 -0700] "GET /robots.txt HTTP/1.0" 200 252 "-" "Mozilla/5.0 (compatible; Linux x86_64; Mail.RU_Bot/2.0; +http://go.mail.ru/help/robots)" 
216.244.66.245 - - [08/Oct/2018:14:55:50 -0700] "GET /self.logs/2016/?C=S;O=D HTTP/1.1" 200 70678 "-" "Mozilla/5.0 (compatible; DotBot/1.1; http://www.opensiteexplorer.org/dotbot, help@moz.com)" 
95.163.255.54 - - [08/Oct/2018:14:55:49 -0700] "GET /honeypot/BSidesDFW%20-%202014.ipynb HTTP/1.1" 200 930799 "-" "Mozilla/5.0 (compatible; Linux x86_64; Mail.RU_Bot/2.0; +http://go.mail.ru/help/robots)" 
195.201.220.6 - - [08/Oct/2018:14:56:27 -0700] "GET /robots.txt HTTP/1.0" 200 252 "-" "Mozilla/5.0 (Windows; U; Windows NT 5.1; en-US; rv:1.8.1.6) Gecko/20070725 Firefox/2.0.0.6" 
54.36.148.65 - - [08/Oct/2018:15:03:30 -0700] "GET /self.logs/access.log.2018-04-02.gz HTTP/1.1" 200 20504 "-" "Mozilla/5.0 (compatible; AhrefsBot/5.2; +http://ahrefs.com/robot/)" 
216.244.66.245 - - [08/Oct/2018:15:04:50 -0700] "GET /robots.txt HTTP/1.1" 200 233 "-" "Mozilla/5.0 (compatible; DotBot/1.1; http://www.opensiteexplorer.org/dotbot, help@moz.com)" 
54.36.148.181 - - [08/Oct/2018:15:06:46 -0700] "GET /self.logs/error.log.2018-09-25.gz HTTP/1.1" 200 5720 "-" "Mozilla/5.0 (compatible; AhrefsBot/5.2; +http://ahrefs.com/robot/)" 
5.188.210.10 - - [08/Oct/2018:15:11:00 -0700] "GET /honeypot/BSidesDFW%20-%202014.ipynb HTTP/1.0" 200 930799 "http://www.secrepo.com/honeypot/BSidesDFW%20-%202014.ipynb" "Mozilla/5.0 (Windows NT 10.0; Win64; x64) AppleWebKit/537.36 (KHTML, like Gecko) Chrome/65.0.3325.181 Safari/537.36" 
18.188.94.118 - - [08/Oct/2018:15:14:25 -0700] "GET / HTTP/1.1" 200 12383 "-" "Mozilla/5.0 (X11; Linux x86_64) Gecko/20100101 Safari/602.1" 
216.244.66.245 - - [08/Oct/2018:15:19:51 -0700] "GET /self.logs/access.log.2017-01-30.gz HTTP/1.1" 200 29618 "-" "Mozilla/5.0 (compatible; DotBot/1.1; http://www.opensiteexplorer.org/dotbot, help@moz.com)" 
216.244.66.245 - - [08/Oct/2018:15:19:54 -0700] "GET /self.logs/access.log.2017-06-11.gz HTTP/1.1" 200 20169 "-" "Mozilla/5.0 (compatible; DotBot/1.1; http://www.opensiteexplorer.org/dotbot, help@moz.com)" 
216.244.66.245 - - [08/Oct/2018:15:19:56 -0700] "GET /self.logs/access.log.2017-10-29.gz HTTP/1.1" 200 18292 "-" "Mozilla/5.0 (compatible; DotBot/1.1; http://www.opensiteexplorer.org/dotbot, help@moz.com)" 
18.221.232.130 - - [08/Oct/2018:15:25:29 -0700] "GET / HTTP/1.1" 200 12383 "-" "Mozilla/5.0 (X11; Linux x86_64) AppleWebKit/537.36 (KHTML, like Gecko) Firefox/42.0" 
54.36.148.234 - - [08/Oct/2018:15:28:46 -0700] "GET /self.logs/2015/error.log.2015-01-19.gz HTTP/1.1" 200 1120 "-" "Mozilla/5.0 (compatible; AhrefsBot/5.2; +http://ahrefs.com/robot/)" 
83.84.29.99 - - [08/Oct/2018:15:34:01 -0700] "GET / HTTP/1.1" 200 12383 "-" "Mozilla/5.0 (Windows NT 6.3; Win64; x64; rv:62.0) Gecko/20100101 Firefox/62.0" 
83.84.29.99 - - [08/Oct/2018:15:34:01 -0700] "GET /twitter-icon.png HTTP/1.1" 200 27787 "http://www.secrepo.com/" "Mozilla/5.0 (Windows NT 6.3; Win64; x64; rv:62.0) Gecko/20100101 Firefox/62.0" 
83.84.29.99 - - [08/Oct/2018:15:34:01 -0700] "GET /GitHub-Mark.png HTTP/1.1" 200 7428 "http://www.secrepo.com/" "Mozilla/5.0 (Windows NT 6.3; Win64; x64; rv:62.0) Gecko/20100101 Firefox/62.0" 
83.84.29.99 - - [08/Oct/2018:15:34:01 -0700] "GET /bootstrap/img/favicon.ico HTTP/1.1" 200 589 "-" "Mozilla/5.0 (Windows NT 6.3; Win64; x64; rv:62.0) Gecko/20100101 Firefox/62.0" 
216.244.66.245 - - [08/Oct/2018:15:34:24 -0700] "GET /self.logs/access.log.2016-03-08.gz HTTP/1.1" 404 239 "-" "Mozilla/5.0 (compatible; DotBot/1.1; http://www.opensiteexplorer.org/dotbot, help@moz.com)" 
113.171.224.176 - - [08/Oct/2018:15:36:48 -0700] "GET /honeypot/Honeypot%20-%20Howto.pdf HTTP/1.1" 200 46720 "-" "Mozilla/5.0 Gecko/20100115 Firefox/3.6" 
89.33.146.51 - - [08/Oct/2018:15:37:16 -0700] "GET /wp-login.php HTTP/1.1" 418 732 "-" "Mozilla/5.0 (Windows NT 6.1; WOW64; rv:40.0) Gecko/20100101 Firefox/40.1" 
89.33.146.51 - - [08/Oct/2018:15:37:16 -0700] "GET / HTTP/1.1" 418 732 "-" "Mozilla/5.0 (Windows NT 6.1; WOW64; rv:40.0) Gecko/20100101 Firefox/40.1" 
54.36.148.233 - - [08/Oct/2018:15:42:02 -0700] "GET /self.logs/2015/access.log.2015-03-04.gz HTTP/1.1" 200 3433 "-" "Mozilla/5.0 (compatible; AhrefsBot/5.2; +http://ahrefs.com/robot/)" 
85.128.142.71 - - [08/Oct/2018:15:44:08 -0700] "GET /honeypot/Honeypot%2520-%2520Howto.pdf HTTP/1.1" 404 303 "-" "Mozilla/5.0 (X11; U; Linux i686; en-US; rv:1.7.10) Gecko/20050918 Firefox/1.0.6" 
52.14.175.39 - - [08/Oct/2018:15:44:15 -0700] "GET / HTTP/1.1" 200 12383 "-" "Mozilla/5.0 (Macintosh; Intel Mac OS X x.y; rv:42.0) Trident/5.0 Chrome/67.0.3396.79 Safari/537.36" 
216.244.66.245 - - [08/Oct/2018:15:47:43 -0700] "GET /robots.txt HTTP/1.1" 200 233 "-" "Mozilla/5.0 (compatible; DotBot/1.1; http://www.opensiteexplorer.org/dotbot, help@moz.com)" 
40.248.248.16 - - [08/Oct/2018:15:56:16 -0700] "GET / HTTP/1.1" 304 189 "-" "Mozilla/4.0 (compatible;)" 
216.244.66.245 - - [08/Oct/2018:16:02:42 -0700] "GET /self.logs/access.log.2017-08-08.gz HTTP/1.1" 200 23908 "-" "Mozilla/5.0 (compatible; DotBot/1.1; http://www.opensiteexplorer.org/dotbot, help@moz.com)" 
216.244.66.245 - - [08/Oct/2018:16:02:45 -0700] "GET /self.logs/error.log.2017-03-11.gz HTTP/1.1" 200 627 "-" "Mozilla/5.0 (compatible; DotBot/1.1; http://www.opensiteexplorer.org/dotbot, help@moz.com)" 
193.182.189.227 - - [08/Oct/2018:16:08:13 -0700] "GET / HTTP/1.1" 200 12327 "-" "Mozilla/5.0 (compatible; Googlebot/2.1; +http://www.google.com/bot.html)" 
54.36.148.33 - - [08/Oct/2018:16:12:40 -0700] "GET /self.logs/access.log.2018-09-16.gz HTTP/1.1" 200 26248 "-" "Mozilla/5.0 (compatible; AhrefsBot/5.2; +http://ahrefs.com/robot/)" 
18.188.94.118 - - [08/Oct/2018:16:14:04 -0700] "GET / HTTP/1.1" 200 12383 "-" "Mozilla/5.0 (X11; Linux x86_64) Gecko/20100101 Chrome/51.0.2704.106 Safari/537.36 OPR/38.0.2220.41" 
54.36.148.171 - - [08/Oct/2018:16:16:54 -0700] "GET /self.logs/2016/error.log.2016-08-21.gz HTTP/1.1" 200 650 "-" "Mozilla/5.0 (compatible; AhrefsBot/5.2; +http://ahrefs.com/robot/)" 
193.183.102.152 - - [08/Oct/2018:16:17:17 -0700] "GET / HTTP/1.1" 200 12327 "-" "Mozilla/5.0 (compatible; Googlebot/2.1; +http://www.google.com/bot.html)" 
157.55.39.191 - - [08/Oct/2018:16:18:14 -0700] "GET /self.logs/access.log.2017-05-26.gz HTTP/1.1" 304 189 "-" "Mozilla/5.0 (compatible; bingbot/2.0; +http://www.bing.com/bingbot.htm)" 
157.55.39.191 - - [08/Oct/2018:16:18:15 -0700] "GET /self.logs/error.log.2017-09-24.gz HTTP/1.1" 304 188 "-" "Mozilla/5.0 (compatible; bingbot/2.0; +http://www.bing.com/bingbot.htm)" 
157.55.39.191 - - [08/Oct/2018:16:18:15 -0700] "GET /self.logs/access.log.2017-08-03.gz HTTP/1.1" 200 20555 "-" "Mozilla/5.0 (compatible; bingbot/2.0; +http://www.bing.com/bingbot.htm)" 
66.249.66.82 - - [08/Oct/2018:16:18:28 -0700] "GET /Datasets%20Description/HTML_Bro_log_1/app_stats.html HTTP/1.1" 304 188 "-" "Mozilla/5.0 (Linux; Android 6.0.1; Nexus 5X Build/MMB29P) AppleWebKit/537.36 (KHTML, like Gecko) Chrome/41.0.2272.96 Mobile Safari/537.36 (compatible; Googlebot/2.1; +http://www.google.com/bot.html)" 
216.244.66.245 - - [08/Oct/2018:16:18:33 -0700] "GET /self.logs/access.log.2015-06-08.gz HTTP/1.1" 404 239 "-" "Mozilla/5.0 (compatible; DotBot/1.1; http://www.opensiteexplorer.org/dotbot, help@moz.com)" 
216.244.66.245 - - [08/Oct/2018:16:18:35 -0700] "GET /self.logs/access.log.2016-05-22.gz HTTP/1.1" 404 239 "-" "Mozilla/5.0 (compatible; DotBot/1.1; http://www.opensiteexplorer.org/dotbot, help@moz.com)" 
216.244.66.245 - - [08/Oct/2018:16:18:36 -0700] "GET /self.logs/access.log.2016-08-07.gz HTTP/1.1" 404 239 "-" "Mozilla/5.0 (compatible; DotBot/1.1; http://www.opensiteexplorer.org/dotbot, help@moz.com)" 
216.244.66.245 - - [08/Oct/2018:16:18:38 -0700] "GET /self.logs/error.log.2015-09-04.gz HTTP/1.1" 404 239 "-" "Mozilla/5.0 (compatible; DotBot/1.1; http://www.opensiteexplorer.org/dotbot, help@moz.com)" 
216.244.66.245 - - [08/Oct/2018:16:18:40 -0700] "GET /self.logs/error.log.2016-02-27.gz HTTP/1.1" 404 239 "-" "Mozilla/5.0 (compatible; DotBot/1.1; http://www.opensiteexplorer.org/dotbot, help@moz.com)" 
54.36.148.212 - - [08/Oct/2018:16:22:14 -0700] "GET /self.logs/error.log.2016-04-18.gz HTTP/1.1" 404 284 "-" "Mozilla/5.0 (compatible; AhrefsBot/5.2; +http://ahrefs.com/robot/)" 
54.36.148.206 - - [08/Oct/2018:16:26:24 -0700] "GET /self.logs/2015/access.log.2015-11-17.gz HTTP/1.1" 200 5555 "-" "Mozilla/5.0 (compatible; AhrefsBot/5.2; +http://ahrefs.com/robot/)" 
54.36.148.53 - - [08/Oct/2018:16:26:30 -0700] "GET /self.logs/access.log.2018-03-18.gz HTTP/1.1" 200 24222 "-" "Mozilla/5.0 (compatible; AhrefsBot/5.2; +http://ahrefs.com/robot/)" 
18.221.45.138 - - [08/Oct/2018:16:26:47 -0700] "GET / HTTP/1.1" 200 12383 "-" "Mozilla/5.0 (Macintosh; Intel Mac OS X x.y; rv:42.0) Gecko/20100101 Chrome/51.0.2704.106 Safari/537.36 OPR/38.0.2220.41" 
216.244.66.245 - - [08/Oct/2018:16:30:41 -0700] "GET /robots.txt HTTP/1.1" 200 233 "-" "Mozilla/5.0 (compatible; DotBot/1.1; http://www.opensiteexplorer.org/dotbot, help@moz.com)" 
54.36.148.170 - - [08/Oct/2018:16:32:10 -0700] "GET /self.logs/access.log.2018-08-08.gz HTTP/1.1" 200 24793 "-" "Mozilla/5.0 (compatible; AhrefsBot/5.2; +http://ahrefs.com/robot/)" 
193.182.189.227 - - [08/Oct/2018:16:33:53 -0700] "GET /robots.txt HTTP/1.1" 200 304 "-" "Mozilla/5.0 (Windows NT 5.1; rv:6.0) Gecko/20100101 Firefox/10.0.2" 
113.171.224.176 - - [08/Oct/2018:16:37:55 -0700] "GET /honeypot/Honeypot%20-%20Howto.pdf HTTP/1.1" 200 46720 "-" "Mozilla/5.0 Gecko/20100115 Firefox/3.6" 
220.243.136.194 - - [08/Oct/2018:16:41:11 -0700] "GET /self.logs/?c=d%3bo=a HTTP/1.1" 200 12538 "-" "Mozilla/5.0 (Linux; Android 6.0; Nexus 5 Build/MRA58N) AppleWebKit/537.36 (KHTML, like Gecko) Chrome/65.0.3325.181 Mobile Safari/537.36" 
18.219.142.57 - - [08/Oct/2018:16:44:03 -0700] "GET / HTTP/1.1" 200 12383 "-" "Mozilla/5.0 (Macintosh; Intel Mac OS X x.y; rv:42.0) AppleWebKit/537.36 (KHTML, like Gecko) Safari/602.1" 
