59.173.240.34 - - [11/May/2018:06:13:06 -0700] "GET /self.logs/access.log.2018-03-14.gz HTTP/1.1" 200 51442 "-" "python-requests/2.9.2" 
59.173.240.34 - - [11/May/2018:06:13:07 -0700] "GET /self.logs/access.log.2018-03-15.gz HTTP/1.1" 200 45553 "-" "python-requests/2.9.2" 
59.173.240.34 - - [11/May/2018:06:13:09 -0700] "GET /self.logs/access.log.2018-03-16.gz HTTP/1.1" 200 21588 "-" "python-requests/2.9.2" 
59.173.240.34 - - [11/May/2018:06:13:10 -0700] "GET /self.logs/access.log.2018-03-17.gz HTTP/1.1" 200 28145 "-" "python-requests/2.9.2" 
59.173.240.34 - - [11/May/2018:06:13:11 -0700] "GET /self.logs/access.log.2018-03-18.gz HTTP/1.1" 200 24278 "-" "python-requests/2.9.2" 
59.173.240.34 - - [11/May/2018:06:13:13 -0700] "GET /self.logs/access.log.2018-03-19.gz HTTP/1.1" 200 22249 "-" "python-requests/2.9.2" 
59.173.240.34 - - [11/May/2018:06:13:14 -0700] "GET /self.logs/access.log.2018-03-20.gz HTTP/1.1" 200 21133 "-" "python-requests/2.9.2" 
59.173.240.34 - - [11/May/2018:06:13:15 -0700] "GET /self.logs/access.log.2018-03-21.gz HTTP/1.1" 200 22192 "-" "python-requests/2.9.2" 
59.173.240.34 - - [11/May/2018:06:13:16 -0700] "GET /self.logs/access.log.2018-03-22.gz HTTP/1.1" 200 19136 "-" "python-requests/2.9.2" 
59.173.240.34 - - [11/May/2018:06:13:17 -0700] "GET /self.logs/access.log.2018-03-23.gz HTTP/1.1" 200 16475 "-" "python-requests/2.9.2" 
59.173.240.34 - - [11/May/2018:06:13:18 -0700] "GET /self.logs/access.log.2018-03-24.gz HTTP/1.1" 200 29975 "-" "python-requests/2.9.2" 
59.173.240.34 - - [11/May/2018:06:13:20 -0700] "GET /self.logs/access.log.2018-03-25.gz HTTP/1.1" 200 17290 "-" "python-requests/2.9.2" 
59.173.240.34 - - [11/May/2018:06:13:21 -0700] "GET /self.logs/access.log.2018-03-26.gz HTTP/1.1" 200 21168 "-" "python-requests/2.9.2" 
59.173.240.34 - - [11/May/2018:06:13:22 -0700] "GET /self.logs/access.log.2018-03-27.gz HTTP/1.1" 200 34471 "-" "python-requests/2.9.2" 
59.173.240.34 - - [11/May/2018:06:13:24 -0700] "GET /self.logs/access.log.2018-03-28.gz HTTP/1.1" 200 27287 "-" "python-requests/2.9.2" 
59.173.240.34 - - [11/May/2018:06:13:25 -0700] "GET /self.logs/access.log.2018-03-29.gz HTTP/1.1" 200 21086 "-" "python-requests/2.9.2" 
59.173.240.34 - - [11/May/2018:06:13:26 -0700] "GET /self.logs/access.log.2018-03-30.gz HTTP/1.1" 200 18827 "-" "python-requests/2.9.2" 
59.173.240.34 - - [11/May/2018:06:13:27 -0700] "GET /self.logs/access.log.2018-03-31.gz HTTP/1.1" 200 16113 "-" "python-requests/2.9.2" 
59.173.240.34 - - [11/May/2018:06:13:28 -0700] "GET /self.logs/access.log.2018-04-01.gz HTTP/1.1" 200 18633 "-" "python-requests/2.9.2" 
59.173.240.34 - - [11/May/2018:06:13:29 -0700] "GET /self.logs/access.log.2018-04-02.gz HTTP/1.1" 200 20560 "-" "python-requests/2.9.2" 
59.173.240.34 - - [11/May/2018:06:13:30 -0700] "GET /self.logs/access.log.2018-04-03.gz HTTP/1.1" 200 27686 "-" "python-requests/2.9.2" 
59.173.240.34 - - [11/May/2018:06:13:31 -0700] "GET /self.logs/access.log.2018-04-04.gz HTTP/1.1" 200 55565 "-" "python-requests/2.9.2" 
59.173.240.34 - - [11/May/2018:06:13:33 -0700] "GET /self.logs/access.log.2018-04-05.gz HTTP/1.1" 200 24439 "-" "python-requests/2.9.2" 
59.173.240.34 - - [11/May/2018:06:13:35 -0700] "GET /self.logs/access.log.2018-04-06.gz HTTP/1.1" 200 27059 "-" "python-requests/2.9.2" 
59.173.240.34 - - [11/May/2018:06:13:36 -0700] "GET /self.logs/access.log.2018-04-07.gz HTTP/1.1" 200 16825 "-" "python-requests/2.9.2" 
59.173.240.34 - - [11/May/2018:06:13:37 -0700] "GET /self.logs/access.log.2018-04-08.gz HTTP/1.1" 200 39459 "-" "python-requests/2.9.2" 
59.173.240.34 - - [11/May/2018:06:13:38 -0700] "GET /self.logs/access.log.2018-04-09.gz HTTP/1.1" 200 30350 "-" "python-requests/2.9.2" 
59.173.240.34 - - [11/May/2018:06:13:39 -0700] "GET /self.logs/access.log.2018-04-10.gz HTTP/1.1" 200 33950 "-" "python-requests/2.9.2" 
59.173.240.34 - - [11/May/2018:06:13:41 -0700] "GET /self.logs/access.log.2018-04-11.gz HTTP/1.1" 200 21266 "-" "python-requests/2.9.2" 
59.173.240.34 - - [11/May/2018:06:13:42 -0700] "GET /self.logs/access.log.2018-04-12.gz HTTP/1.1" 200 21425 "-" "python-requests/2.9.2" 
59.173.240.34 - - [11/May/2018:06:13:43 -0700] "GET /self.logs/access.log.2018-04-13.gz HTTP/1.1" 200 26282 "-" "python-requests/2.9.2" 
59.173.240.34 - - [11/May/2018:06:13:44 -0700] "GET /self.logs/access.log.2018-04-14.gz HTTP/1.1" 200 15926 "-" "python-requests/2.9.2" 
59.173.240.34 - - [11/May/2018:06:13:45 -0700] "GET /self.logs/access.log.2018-04-15.gz HTTP/1.1" 200 17661 "-" "python-requests/2.9.2" 
59.173.240.34 - - [11/May/2018:06:13:46 -0700] "GET /self.logs/access.log.2018-04-16.gz HTTP/1.1" 200 19794 "-" "python-requests/2.9.2" 
59.173.240.34 - - [11/May/2018:06:13:47 -0700] "GET /self.logs/access.log.2018-04-17.gz HTTP/1.1" 200 23484 "-" "python-requests/2.9.2" 
59.173.240.34 - - [11/May/2018:06:13:48 -0700] "GET /self.logs/access.log.2018-04-18.gz HTTP/1.1" 200 20363 "-" "python-requests/2.9.2" 
59.173.240.34 - - [11/May/2018:06:13:49 -0700] "GET /self.logs/access.log.2018-04-19.gz HTTP/1.1" 200 21493 "-" "python-requests/2.9.2" 
59.173.240.34 - - [11/May/2018:06:13:50 -0700] "GET /self.logs/access.log.2018-04-20.gz HTTP/1.1" 200 17630 "-" "python-requests/2.9.2" 
100.43.85.128 - - [11/May/2018:06:13:50 -0700] "GET /robots.txt HTTP/1.1" 200 289 "-" "Mozilla/5.0 (compatible; YandexBot/3.0; +http://yandex.com/bots)" 
59.173.240.34 - - [11/May/2018:06:13:51 -0700] "GET /self.logs/access.log.2018-04-21.gz HTTP/1.1" 200 16110 "-" "python-requests/2.9.2" 
59.173.240.34 - - [11/May/2018:06:13:52 -0700] "GET /self.logs/access.log.2018-04-22.gz HTTP/1.1" 200 43673 "-" "python-requests/2.9.2" 
59.173.240.34 - - [11/May/2018:06:13:53 -0700] "GET /self.logs/access.log.2018-04-23.gz HTTP/1.1" 200 28520 "-" "python-requests/2.9.2" 
59.173.240.34 - - [11/May/2018:06:13:54 -0700] "GET /self.logs/access.log.2018-04-24.gz HTTP/1.1" 200 23997 "-" "python-requests/2.9.2" 
100.43.85.128 - - [11/May/2018:06:13:54 -0700] "GET /self.logs/?C=S;O=A HTTP/1.1" 200 11086 "-" "Mozilla/5.0 (compatible; YandexBot/3.0; +http://yandex.com/bots)" 
59.173.240.34 - - [11/May/2018:06:13:55 -0700] "GET /self.logs/access.log.2018-04-25.gz HTTP/1.1" 200 29314 "-" "python-requests/2.9.2" 
59.173.240.34 - - [11/May/2018:06:13:57 -0700] "GET /self.logs/access.log.2018-04-26.gz HTTP/1.1" 200 27237 "-" "python-requests/2.9.2" 
59.173.240.34 - - [11/May/2018:06:13:58 -0700] "GET /self.logs/access.log.2018-04-27.gz HTTP/1.1" 200 31913 "-" "python-requests/2.9.2" 
59.173.240.34 - - [11/May/2018:06:13:59 -0700] "GET /self.logs/access.log.2018-04-28.gz HTTP/1.1" 200 40810 "-" "python-requests/2.9.2" 
59.173.240.34 - - [11/May/2018:06:14:00 -0700] "GET /self.logs/access.log.2018-04-29.gz HTTP/1.1" 200 32718 "-" "python-requests/2.9.2" 
59.173.240.34 - - [11/May/2018:06:14:01 -0700] "GET /self.logs/access.log.2018-04-30.gz HTTP/1.1" 200 16908 "-" "python-requests/2.9.2" 
59.173.240.34 - - [11/May/2018:06:14:02 -0700] "GET /self.logs/access.log.2018-05-01.gz HTTP/1.1" 200 21566 "-" "python-requests/2.9.2" 
59.173.240.34 - - [11/May/2018:06:14:03 -0700] "GET /self.logs/access.log.2018-05-02.gz HTTP/1.1" 200 18102 "-" "python-requests/2.9.2" 
59.173.240.34 - - [11/May/2018:06:14:04 -0700] "GET /self.logs/access.log.2018-05-03.gz HTTP/1.1" 200 43936 "-" "python-requests/2.9.2" 
59.173.240.34 - - [11/May/2018:06:14:06 -0700] "GET /self.logs/access.log.2018-05-04.gz HTTP/1.1" 200 17827 "-" "python-requests/2.9.2" 
59.173.240.34 - - [11/May/2018:06:14:07 -0700] "GET /self.logs/access.log.2018-05-05.gz HTTP/1.1" 200 17647 "-" "python-requests/2.9.2" 
59.173.240.34 - - [11/May/2018:06:14:08 -0700] "GET /self.logs/access.log.2018-05-06.gz HTTP/1.1" 200 20119 "-" "python-requests/2.9.2" 
59.173.240.34 - - [11/May/2018:06:14:09 -0700] "GET /self.logs/access.log.2018-05-07.gz HTTP/1.1" 200 20772 "-" "python-requests/2.9.2" 
59.173.240.34 - - [11/May/2018:06:14:10 -0700] "GET /self.logs/access.log.2018-05-08.gz HTTP/1.1" 200 28559 "-" "python-requests/2.9.2" 
59.173.240.34 - - [11/May/2018:06:14:11 -0700] "GET /self.logs/access.log.2018-05-09.gz HTTP/1.1" 404 340 "-" "python-requests/2.9.2" 
59.173.240.34 - - [11/May/2018:06:14:11 -0700] "GET /self.logs/access.log.2018-05-10.gz HTTP/1.1" 404 340 "-" "python-requests/2.9.2" 
66.249.64.129 - - [11/May/2018:06:14:23 -0700] "GET / HTTP/1.1" 200 11353 "-" "Mozilla/5.0 (compatible; Googlebot/2.1; +http://www.google.com/bot.html)" 
194.206.66.115 - - [11/May/2018:06:14:25 -0700] "GET /pe_static/apt1.zip HTTP/1.1" 200 1983328 "http://www.secrepo.com/" "Mozilla/5.0 (Windows NT 10.0; Win64; x64; rv:59.0) Gecko/20100101 Firefox/59.0" 
194.206.66.115 - - [11/May/2018:06:14:02 -0700] "GET /maccdc2012/maccdc2012_full_alert.7z HTTP/1.1" 200 24978942 "http://www.secrepo.com/" "Mozilla/5.0 (Windows NT 10.0; Win64; x64; rv:59.0) Gecko/20100101 Firefox/59.0" 
39.155.134.238 - - [11/May/2018:06:17:54 -0700] "GET /favicon.ico HTTP/1.1" 200 268 "-" "Mozilla/5.0 (Windows NT 10.0; WOW64) AppleWebKit/537.36 (KHTML, like Gecko) Chrome/49.0.2623.221 Safari/537.36 SE 2.X MetaSr 1.0" 
194.206.66.115 - - [11/May/2018:06:06:49 -0700] "GET /maccdc2012/conn.log.gz HTTP/1.1" 200 551041635 "http://www.secrepo.com/" "Mozilla/5.0 (Windows NT 10.0; Win64; x64; rv:59.0) Gecko/20100101 Firefox/59.0" 
66.46.186.18 - - [11/May/2018:06:24:09 -0700] "GET /bootstrap/img/favicon.ico HTTP/1.1" 200 590 "-" "Mozilla/5.0 (Windows NT 10.0; Win64; x64; rv:60.0) Gecko/20100101 Firefox/60.0" 
194.206.66.115 - - [11/May/2018:06:26:06 -0700] "GET /honeypot/honeypot.json.zip HTTP/1.1" 200 1017280 "http://www.secrepo.com/" "Mozilla/5.0 (Windows NT 10.0; Win64; x64; rv:59.0) Gecko/20100101 Firefox/59.0" 
193.147.77.8 - - [11/May/2018:06:29:35 -0700] "GET /self.logs/ HTTP/1.1" 200 9854 "http://www.secrepo.com/" "Mozilla/5.0 (X11; Linux x86_64) AppleWebKit/537.36 (KHTML, like Gecko) Chrome/66.0.3359.139 Safari/537.36" 
193.147.77.8 - - [11/May/2018:06:31:53 -0700] "GET /maccdc2012/conn.log.gz HTTP/1.1" 200 19524263 "http://www.secrepo.com/" "Mozilla/5.0 (X11; Linux x86_64) AppleWebKit/537.36 (KHTML, like Gecko) Chrome/66.0.3359.139 Safari/537.36" 
194.206.66.115 - - [11/May/2018:06:30:54 -0700] "GET /tg/a.zip HTTP/1.1" 200 66189337 "http://www.secrepo.com/" "Mozilla/5.0 (Windows NT 10.0; Win64; x64; rv:59.0) Gecko/20100101 Firefox/59.0" 
54.36.149.75 - - [11/May/2018:06:32:28 -0700] "GET /self.logs/access.log.2016-07-15.gz HTTP/1.1" 404 284 "-" "Mozilla/5.0 (compatible; AhrefsBot/5.2; +http://ahrefs.com/robot/)" 
194.206.66.115 - - [11/May/2018:06:35:16 -0700] "GET /domaindata/domainmovement.zip HTTP/1.1" 200 7437725 "http://www.secrepo.com/" "Mozilla/5.0 (Windows NT 10.0; Win64; x64; rv:59.0) Gecko/20100101 Firefox/59.0" 
194.206.66.115 - - [11/May/2018:06:36:15 -0700] "GET /self.logs/ HTTP/1.1" 200 9854 "http://www.secrepo.com/" "Mozilla/5.0 (Windows NT 10.0; Win64; x64; rv:59.0) Gecko/20100101 Firefox/59.0" 
194.206.66.115 - - [11/May/2018:06:36:27 -0700] "GET /self.logs/access.log.2017-01-01.gz HTTP/1.1" 200 17655 "http://www.secrepo.com/self.logs/" "Mozilla/5.0 (Windows NT 10.0; Win64; x64; rv:59.0) Gecko/20100101 Firefox/59.0" 
207.46.13.38 - - [11/May/2018:06:36:37 -0700] "GET /self.logs/?C=S;O=A HTTP/1.1" 200 11086 "-" "Mozilla/5.0 (compatible; bingbot/2.0; +http://www.bing.com/bingbot.htm)" 
194.206.66.115 - - [11/May/2018:06:37:11 -0700] "GET /auth.log/auth.log.gz HTTP/1.1" 200 554524 "http://www.secrepo.com/" "Mozilla/5.0 (Windows NT 10.0; Win64; x64; rv:59.0) Gecko/20100101 Firefox/59.0" 
54.36.148.71 - - [11/May/2018:06:37:20 -0700] "GET /self.logs/error.log.2016-12-09.gz HTTP/1.1" 404 284 "-" "Mozilla/5.0 (compatible; AhrefsBot/5.2; +http://ahrefs.com/robot/)" 
194.206.66.115 - - [11/May/2018:06:38:37 -0700] "GET /honeypot/honeypot.json.zip HTTP/1.1" 206 2184164 "http://www.secrepo.com/" "Mozilla/5.0 (Windows NT 10.0; Win64; x64; rv:59.0) Gecko/20100101 Firefox/59.0" 
41.212.101.104 - - [11/May/2018:06:39:28 -0700] "GET / HTTP/1.1" 200 11353 "https://www.google.com/" "Mozilla/5.0 (X11; Linux x86_64) AppleWebKit/537.36 (KHTML, like Gecko) Chrome/62.0.3202.89 Safari/537.36" 
41.212.101.104 - - [11/May/2018:06:39:29 -0700] "GET /twitter-icon.png HTTP/1.1" 200 27787 "http://www.secrepo.com/" "Mozilla/5.0 (X11; Linux x86_64) AppleWebKit/537.36 (KHTML, like Gecko) Chrome/62.0.3202.89 Safari/537.36" 
41.212.101.104 - - [11/May/2018:06:39:29 -0700] "GET /GitHub-Mark.png HTTP/1.1" 200 7428 "http://www.secrepo.com/" "Mozilla/5.0 (X11; Linux x86_64) AppleWebKit/537.36 (KHTML, like Gecko) Chrome/62.0.3202.89 Safari/537.36" 
41.212.101.104 - - [11/May/2018:06:39:30 -0700] "GET /bootstrap/img/favicon.ico HTTP/1.1" 200 589 "http://www.secrepo.com/" "Mozilla/5.0 (X11; Linux x86_64) AppleWebKit/537.36 (KHTML, like Gecko) Chrome/62.0.3202.89 Safari/537.36" 
54.36.148.149 - - [11/May/2018:06:40:35 -0700] "GET /self.logs/access.log.2017-05-17.gz HTTP/1.1" 200 30272 "-" "Mozilla/5.0 (compatible; AhrefsBot/5.2; +http://ahrefs.com/robot/)" 
199.58.86.211 - - [11/May/2018:06:44:23 -0700] "GET /robots.txt HTTP/1.1" 200 289 "-" "Mozilla/5.0 (compatible; MJ12bot/v1.4.8; http://mj12bot.com/)" 
199.58.86.211 - - [11/May/2018:06:44:25 -0700] "GET / HTTP/1.1" 200 38539 "-" "Mozilla/5.0 (compatible; MJ12bot/v1.4.8; http://mj12bot.com/)" 
131.78.3.130 - - [11/May/2018:06:45:33 -0700] "GET / HTTP/1.1" 200 11297 "https://www.google.com/" "Mozilla/5.0 (Windows NT 10.0; WOW64; rv:52.0) Gecko/20100101 Firefox/52.0" 
131.78.3.130 - - [11/May/2018:06:45:33 -0700] "GET /bootstrap/img/favicon.ico HTTP/1.1" 200 534 "-" "Mozilla/5.0 (Windows NT 10.0; WOW64; rv:52.0) Gecko/20100101 Firefox/52.0" 
131.78.3.130 - - [11/May/2018:06:45:33 -0700] "GET /twitter-icon.png HTTP/1.1" 200 27732 "http://www.secrepo.com/" "Mozilla/5.0 (Windows NT 10.0; WOW64; rv:52.0) Gecko/20100101 Firefox/52.0" 
131.78.3.130 - - [11/May/2018:06:45:33 -0700] "GET /GitHub-Mark.png HTTP/1.1" 200 7372 "http://www.secrepo.com/" "Mozilla/5.0 (Windows NT 10.0; WOW64; rv:52.0) Gecko/20100101 Firefox/52.0" 
194.228.13.32 - - [11/May/2018:06:48:51 -0700] "GET /wp-login.php HTTP/1.1" 418 732 "-" "Mozilla/5.0 (Windows NT 6.1; WOW64; rv:40.0) Gecko/20100101 Firefox/40.1" 
194.228.13.32 - - [11/May/2018:06:48:52 -0700] "GET / HTTP/1.1" 418 732 "-" "Mozilla/5.0 (Windows NT 6.1; WOW64; rv:40.0) Gecko/20100101 Firefox/40.1" 
194.206.66.115 - - [11/May/2018:06:38:43 -0700] "GET /Security-Data-Analysis/Lab_1/conn.log.zip HTTP/1.1" 200 495028808 "http://www.secrepo.com/" "Mozilla/5.0 (Windows NT 10.0; Win64; x64; rv:59.0) Gecko/20100101 Firefox/59.0" 
8.46.40.253 - - [11/May/2018:06:53:12 -0700] "GET / HTTP/1.1" 200 11353 "https://www.google.com/" "Mozilla/5.0 (Macintosh; Intel Mac OS X 10_13_4) AppleWebKit/537.36 (KHTML, like Gecko) Chrome/66.0.3359.139 Safari/537.36" 
8.46.40.253 - - [11/May/2018:06:53:12 -0700] "GET /twitter-icon.png HTTP/1.1" 200 27787 "http://www.secrepo.com/" "Mozilla/5.0 (Macintosh; Intel Mac OS X 10_13_4) AppleWebKit/537.36 (KHTML, like Gecko) Chrome/66.0.3359.139 Safari/537.36" 
8.46.40.253 - - [11/May/2018:06:53:12 -0700] "GET /GitHub-Mark.png HTTP/1.1" 200 7428 "http://www.secrepo.com/" "Mozilla/5.0 (Macintosh; Intel Mac OS X 10_13_4) AppleWebKit/537.36 (KHTML, like Gecko) Chrome/66.0.3359.139 Safari/537.36" 
8.46.40.253 - - [11/May/2018:06:53:14 -0700] "GET /bootstrap/img/favicon.ico HTTP/1.1" 200 590 "http://www.secrepo.com/" "Mozilla/5.0 (Macintosh; Intel Mac OS X 10_13_4) AppleWebKit/537.36 (KHTML, like Gecko) Chrome/66.0.3359.139 Safari/537.36" 
207.46.13.37 - - [11/May/2018:06:53:56 -0700] "GET /self.logs/error.log.2017-08-01.gz HTTP/1.1" 200 941 "-" "Mozilla/5.0 (compatible; bingbot/2.0; +http://www.bing.com/bingbot.htm)" 
204.246.5.69 - - [11/May/2018:07:00:09 -0700] "GET / HTTP/1.1" 200 11353 "-" "Mozilla/5.0 (Windows NT 10.0; Win64; x64) AppleWebKit/537.36 (KHTML, like Gecko) Chrome/66.0.3359.139 Safari/537.36" 
204.246.5.69 - - [11/May/2018:07:00:11 -0700] "GET /twitter-icon.png HTTP/1.1" 200 27787 "http://www.secrepo.com/" "Mozilla/5.0 (Windows NT 10.0; Win64; x64) AppleWebKit/537.36 (KHTML, like Gecko) Chrome/66.0.3359.139 Safari/537.36" 
204.246.5.69 - - [11/May/2018:07:00:11 -0700] "GET /GitHub-Mark.png HTTP/1.1" 200 7428 "http://www.secrepo.com/" "Mozilla/5.0 (Windows NT 10.0; Win64; x64) AppleWebKit/537.36 (KHTML, like Gecko) Chrome/66.0.3359.139 Safari/537.36" 
204.246.5.69 - - [11/May/2018:07:00:11 -0700] "GET /bootstrap/img/favicon.ico HTTP/1.1" 200 589 "http://www.secrepo.com/" "Mozilla/5.0 (Windows NT 10.0; Win64; x64) AppleWebKit/537.36 (KHTML, like Gecko) Chrome/66.0.3359.139 Safari/537.36" 
113.171.224.176 - - [11/May/2018:07:00:34 -0700] "GET /honeypot/Honeypot%20-%20Howto.pdf HTTP/1.1" 200 46720 "-" "Mozilla/5.0 Gecko/20100115 Firefox/3.6" 
54.36.149.36 - - [11/May/2018:07:01:42 -0700] "GET /self.logs/access.log.2017-07-23.gz HTTP/1.1" 200 35705 "-" "Mozilla/5.0 (compatible; AhrefsBot/5.2; +http://ahrefs.com/robot/)" 
140.80.199.91 - - [11/May/2018:07:01:49 -0700] "GET / HTTP/1.1" 200 11353 "-" "Mozilla/5.0 (Windows NT 10.0; WOW64; rv:59.0) Gecko/20100101 Firefox/59.0" 
140.80.199.91 - - [11/May/2018:07:01:49 -0700] "GET /twitter-icon.png HTTP/1.1" 200 27787 "http://www.secrepo.com/" "Mozilla/5.0 (Windows NT 10.0; WOW64; rv:59.0) Gecko/20100101 Firefox/59.0" 
140.80.199.91 - - [11/May/2018:07:01:49 -0700] "GET /GitHub-Mark.png HTTP/1.1" 200 7428 "http://www.secrepo.com/" "Mozilla/5.0 (Windows NT 10.0; WOW64; rv:59.0) Gecko/20100101 Firefox/59.0" 
140.80.199.91 - - [11/May/2018:07:01:50 -0700] "GET /bootstrap/img/favicon.ico HTTP/1.1" 200 589 "-" "Mozilla/5.0 (Windows NT 10.0; WOW64; rv:59.0) Gecko/20100101 Firefox/59.0" 
54.36.149.59 - - [11/May/2018:07:08:08 -0700] "GET /self.logs/2016/access.log.2016-12-11.gz HTTP/1.1" 200 14527 "-" "Mozilla/5.0 (compatible; AhrefsBot/5.2; +http://ahrefs.com/robot/)" 
2.228.125.126 - - [11/May/2018:07:14:59 -0700] "GET / HTTP/1.1" 200 11353 "-" "Mozilla/5.0 (Windows NT 10.0; Win64; x64; rv:59.0) Gecko/20100101 Firefox/59.0" 
2.228.125.126 - - [11/May/2018:07:14:59 -0700] "GET /twitter-icon.png HTTP/1.1" 200 27787 "http://www.secrepo.com/" "Mozilla/5.0 (Windows NT 10.0; Win64; x64; rv:59.0) Gecko/20100101 Firefox/59.0" 
2.228.125.126 - - [11/May/2018:07:14:59 -0700] "GET /GitHub-Mark.png HTTP/1.1" 200 7428 "http://www.secrepo.com/" "Mozilla/5.0 (Windows NT 10.0; Win64; x64; rv:59.0) Gecko/20100101 Firefox/59.0" 
54.36.148.35 - - [11/May/2018:07:18:51 -0700] "GET /self.logs/2016/error.log.2016-07-13.gz HTTP/1.1" 200 589 "-" "Mozilla/5.0 (compatible; AhrefsBot/5.2; +http://ahrefs.com/robot/)" 
42.3.18.119 - - [11/May/2018:07:19:39 -0700] "GET / HTTP/1.1" 304 189 "https://www.google.com.hk/" "Mozilla/5.0 (Macintosh; Intel Mac OS X 10_10_4) AppleWebKit/600.7.12 (KHTML, like Gecko) Version/8.0.7 Safari/600.7.12" 
114.115.190.4 - - [11/May/2018:07:25:54 -0700] "GET /robots.txt HTTP/1.0" 200 297 "-" "nutch-1.4/Nutch-1.4" 
114.115.190.4 - - [11/May/2018:07:25:55 -0700] "GET / HTTP/1.0" 200 11316 "-" "nutch-1.4/Nutch-1.4" 
168.159.213.214 - - [11/May/2018:07:28:05 -0700] "GET / HTTP/1.1" 200 11353 "https://www.google.com/" "Mozilla/5.0 (Macintosh; Intel Mac OS X 10_12_4) AppleWebKit/537.36 (KHTML, like Gecko) Chrome/66.0.3359.139 Safari/537.36" 
168.159.213.214 - - [11/May/2018:07:28:06 -0700] "GET /twitter-icon.png HTTP/1.1" 200 27787 "http://www.secrepo.com/" "Mozilla/5.0 (Macintosh; Intel Mac OS X 10_12_4) AppleWebKit/537.36 (KHTML, like Gecko) Chrome/66.0.3359.139 Safari/537.36" 
168.159.213.214 - - [11/May/2018:07:28:06 -0700] "GET /GitHub-Mark.png HTTP/1.1" 200 7427 "http://www.secrepo.com/" "Mozilla/5.0 (Macintosh; Intel Mac OS X 10_12_4) AppleWebKit/537.36 (KHTML, like Gecko) Chrome/66.0.3359.139 Safari/537.36" 
168.159.213.214 - - [11/May/2018:07:28:13 -0700] "GET /bootstrap/img/favicon.ico HTTP/1.1" 200 590 "http://www.secrepo.com/" "Mozilla/5.0 (Macintosh; Intel Mac OS X 10_12_4) AppleWebKit/537.36 (KHTML, like Gecko) Chrome/66.0.3359.139 Safari/537.36" 
102.181.194.40 - - [11/May/2018:07:28:58 -0700] "GET /tg/tg_snort_fast.7z HTTP/1.1" 304 131 "-" "Mozilla/5.0 Gecko/20100115 Firefox/3.6" 
200.220.180.101 - - [11/May/2018:07:37:18 -0700] "GET / HTTP/1.1" 200 11353 "-" "Mozilla/5.0 (Windows NT 10.0; Win64; x64) AppleWebKit/537.36 (KHTML, like Gecko) Chrome/63.0.3239.132 Safari/537.36" 
200.220.180.101 - - [11/May/2018:07:37:19 -0700] "GET /twitter-icon.png HTTP/1.1" 200 27787 "http://www.secrepo.com/" "Mozilla/5.0 (Windows NT 10.0; Win64; x64) AppleWebKit/537.36 (KHTML, like Gecko) Chrome/63.0.3239.132 Safari/537.36" 
200.220.180.101 - - [11/May/2018:07:37:19 -0700] "GET /GitHub-Mark.png HTTP/1.1" 200 7428 "http://www.secrepo.com/" "Mozilla/5.0 (Windows NT 10.0; Win64; x64) AppleWebKit/537.36 (KHTML, like Gecko) Chrome/63.0.3239.132 Safari/537.36" 
200.220.180.101 - - [11/May/2018:07:37:20 -0700] "GET /bootstrap/img/favicon.ico HTTP/1.1" 200 589 "http://www.secrepo.com/" "Mozilla/5.0 (Windows NT 10.0; Win64; x64) AppleWebKit/537.36 (KHTML, like Gecko) Chrome/63.0.3239.132 Safari/537.36" 
54.36.148.59 - - [11/May/2018:07:39:26 -0700] "GET /self.logs/error.log.2017-04-13.gz HTTP/1.1" 200 757 "-" "Mozilla/5.0 (compatible; AhrefsBot/5.2; +http://ahrefs.com/robot/)" 
168.159.213.214 - - [11/May/2018:07:40:02 -0700] "GET /maccdc2012/dhcp.log.gz HTTP/1.1" 200 45019 "-" "Mozilla/5.0 (Macintosh; Intel Mac OS X 10_12_4) AppleWebKit/537.36 (KHTML, like Gecko) Chrome/66.0.3359.139 Safari/537.36" 
200.220.180.100 - - [11/May/2018:07:40:06 -0700] "GET / HTTP/1.1" 200 11353 "-" "Mozilla/5.0 (Windows NT 6.3; WOW64; Trident/7.0; rv:11.0) like Gecko" 
200.220.180.100 - - [11/May/2018:07:40:06 -0700] "GET /GitHub-Mark.png HTTP/1.1" 200 7427 "http://www.secrepo.com/" "Mozilla/5.0 (Windows NT 6.3; WOW64; Trident/7.0; rv:11.0) like Gecko" 
200.220.180.100 - - [11/May/2018:07:40:06 -0700] "GET /twitter-icon.png HTTP/1.1" 200 27788 "http://www.secrepo.com/" "Mozilla/5.0 (Windows NT 6.3; WOW64; Trident/7.0; rv:11.0) like Gecko" 
200.220.180.100 - - [11/May/2018:07:40:18 -0700] "GET /bootstrap/img/favicon.ico HTTP/1.1" 200 590 "http://www.secrepo.com/" "Mozilla/5.0 (Windows NT 6.3; WOW64) AppleWebKit/537.36 (KHTML, like Gecko) Chrome/58.0.3029.110 Safari/537.36" 
54.36.148.114 - - [11/May/2018:07:40:26 -0700] "GET /self.logs/error.log.2018-05-03.gz HTTP/1.1" 200 3208 "-" "Mozilla/5.0 (compatible; AhrefsBot/5.2; +http://ahrefs.com/robot/)" 
116.15.81.122 - - [11/May/2018:07:42:29 -0700] "GET / HTTP/1.1" 200 11353 "-" "Mozilla/5.0 (X11; Linux x86_64; rv:55.0) Gecko/20100101 Firefox/55.0" 
116.15.81.122 - - [11/May/2018:07:42:30 -0700] "GET /twitter-icon.png HTTP/1.1" 200 27787 "http://www.secrepo.com/" "Mozilla/5.0 (X11; Linux x86_64; rv:55.0) Gecko/20100101 Firefox/55.0" 
116.15.81.122 - - [11/May/2018:07:42:30 -0700] "GET /GitHub-Mark.png HTTP/1.1" 200 7428 "http://www.secrepo.com/" "Mozilla/5.0 (X11; Linux x86_64; rv:55.0) Gecko/20100101 Firefox/55.0" 
116.15.81.122 - - [11/May/2018:07:42:30 -0700] "GET /bootstrap/img/favicon.ico HTTP/1.1" 200 590 "-" "Mozilla/5.0 (X11; Linux x86_64; rv:55.0) Gecko/20100101 Firefox/55.0" 
54.36.149.22 - - [11/May/2018:07:43:54 -0700] "GET /self.logs/error.log.2018-05-05.gz HTTP/1.1" 200 3796 "-" "Mozilla/5.0 (compatible; AhrefsBot/5.2; +http://ahrefs.com/robot/)" 
173.88.208.214 - - [11/May/2018:07:50:22 -0700] "GET / HTTP/1.1" 200 11353 "-" "Mozilla/5.0 (Macintosh; Intel Mac OS X 10.13; rv:60.0) Gecko/20100101 Firefox/60.0" 
173.88.208.214 - - [11/May/2018:07:50:23 -0700] "GET /GitHub-Mark.png HTTP/1.1" 200 7427 "http://www.secrepo.com/" "Mozilla/5.0 (Macintosh; Intel Mac OS X 10.13; rv:60.0) Gecko/20100101 Firefox/60.0" 
173.88.208.214 - - [11/May/2018:07:50:23 -0700] "GET /bootstrap/img/favicon.ico HTTP/1.1" 200 589 "-" "Mozilla/5.0 (Macintosh; Intel Mac OS X 10.13; rv:60.0) Gecko/20100101 Firefox/60.0" 
222.90.67.225 - - [11/May/2018:07:53:16 -0700] "GET /favicon.ico HTTP/1.1" 200 268 "-" "Mozilla/5.0 (Windows NT 10.0; WOW64) AppleWebKit/537.36 (KHTML, like Gecko) Chrome/49.0.2623.221 Safari/537.36 SE 2.X MetaSr 1.0" 
134.223.116.151 - - [11/May/2018:07:54:42 -0700] "GET / HTTP/1.1" 301 483 "-" "Mozilla/5.0 (Windows NT 6.1; WOW64; rv:52.0) Gecko/20100101 Firefox/52.0" 
134.223.116.151 - - [11/May/2018:07:54:42 -0700] "GET / HTTP/1.1" 200 11352 "-" "Mozilla/5.0 (Windows NT 6.1; WOW64; rv:52.0) Gecko/20100101 Firefox/52.0" 
134.223.116.151 - - [11/May/2018:07:54:43 -0700] "GET /GitHub-Mark.png HTTP/1.1" 200 7427 "http://www.secrepo.com/" "Mozilla/5.0 (Windows NT 6.1; WOW64; rv:52.0) Gecko/20100101 Firefox/52.0" 
134.223.116.151 - - [11/May/2018:07:54:43 -0700] "GET /twitter-icon.png HTTP/1.1" 200 27788 "http://www.secrepo.com/" "Mozilla/5.0 (Windows NT 6.1; WOW64; rv:52.0) Gecko/20100101 Firefox/52.0" 
134.223.116.151 - - [11/May/2018:07:54:43 -0700] "GET /bootstrap/img/favicon.ico HTTP/1.1" 200 589 "-" "Mozilla/5.0 (Windows NT 6.1; WOW64; rv:52.0) Gecko/20100101 Firefox/52.0" 
52.173.241.248 - - [11/May/2018:07:56:26 -0700] "GET / HTTP/1.1" 301 446 "-" "Mozilla/5.0 (Windows NT 10.0; Win64; x64) AppleWebKit/537.36 (KHTML, like Gecko) Chrome/61.0.3163.100 Safari/537.36" 
108.171.131.170 - - [11/May/2018:07:57:17 -0700] "GET /honeypot/BSidesDFW%20-%202014.ipynb HTTP/1.1" 200 930836 "https://www.google.com/" "Mozilla/5.0 (Windows NT 10.0; Win64; x64) AppleWebKit/537.36 (KHTML, like Gecko) Chrome/66.0.3359.139 Safari/537.36" 
108.171.131.170 - - [11/May/2018:07:57:20 -0700] "GET /favicon.ico HTTP/1.1" 200 268 "http://www.secrepo.com/honeypot/BSidesDFW%20-%202014.ipynb" "Mozilla/5.0 (Windows NT 10.0; Win64; x64) AppleWebKit/537.36 (KHTML, like Gecko) Chrome/66.0.3359.139 Safari/537.36" 
38.110.17.119 - - [11/May/2018:07:58:07 -0700] "GET / HTTP/1.1" 200 11353 "http://vizsec.org/data/" "Mozilla/5.0 (Windows NT 10.0; Win64; x64) AppleWebKit/537.36 (KHTML, like Gecko) Chrome/66.0.3359.139 Safari/537.36" 
38.110.17.119 - - [11/May/2018:07:58:08 -0700] "GET /twitter-icon.png HTTP/1.1" 200 27787 "http://www.secrepo.com/" "Mozilla/5.0 (Windows NT 10.0; Win64; x64) AppleWebKit/537.36 (KHTML, like Gecko) Chrome/66.0.3359.139 Safari/537.36" 
38.110.17.119 - - [11/May/2018:07:58:08 -0700] "GET /GitHub-Mark.png HTTP/1.1" 200 7428 "http://www.secrepo.com/" "Mozilla/5.0 (Windows NT 10.0; Win64; x64) AppleWebKit/537.36 (KHTML, like Gecko) Chrome/66.0.3359.139 Safari/537.36" 
38.110.17.119 - - [11/May/2018:07:58:09 -0700] "GET /bootstrap/img/favicon.ico HTTP/1.1" 200 589 "http://www.secrepo.com/" "Mozilla/5.0 (Windows NT 10.0; Win64; x64) AppleWebKit/537.36 (KHTML, like Gecko) Chrome/66.0.3359.139 Safari/537.36" 
54.36.149.9 - - [11/May/2018:08:00:24 -0700] "GET /self.logs/access.log.2017-10-19.gz HTTP/1.1" 200 50872 "-" "Mozilla/5.0 (compatible; AhrefsBot/5.2; +http://ahrefs.com/robot/)" 
157.127.239.146 - - [11/May/2018:08:00:48 -0700] "GET /maccdc2012/conn.log.gz HTTP/1.1" 200 20036327 "-" "Mozilla/5.0 (X11; Linux x86_64; rv:52.0) Gecko/20100101 Firefox/52.0" 
111.199.188.108 - - [11/May/2018:08:04:14 -0700] "GET / HTTP/1.1" 200 11353 "-" "Mozilla/5.0 (Windows NT 10.0; Win64; x64) AppleWebKit/537.36 (KHTML, like Gecko) Chrome/58.0.3029.110 Safari/537.36 Edge/16.16299" 
111.199.188.108 - - [11/May/2018:08:04:15 -0700] "GET /twitter-icon.png HTTP/1.1" 200 27788 "http://www.secrepo.com/" "Mozilla/5.0 (Windows NT 10.0; Win64; x64) AppleWebKit/537.36 (KHTML, like Gecko) Chrome/58.0.3029.110 Safari/537.36 Edge/16.16299" 
111.199.188.108 - - [11/May/2018:08:04:15 -0700] "GET /GitHub-Mark.png HTTP/1.1" 200 7427 "http://www.secrepo.com/" "Mozilla/5.0 (Windows NT 10.0; Win64; x64) AppleWebKit/537.36 (KHTML, like Gecko) Chrome/58.0.3029.110 Safari/537.36 Edge/16.16299" 
111.199.188.108 - - [11/May/2018:08:04:16 -0700] "GET /bootstrap/img/favicon.ico HTTP/1.1" 200 590 "-" "Mozilla/5.0 (Windows NT 10.0; Win64; x64) AppleWebKit/537.36 (KHTML, like Gecko) Chrome/58.0.3029.110 Safari/537.36 Edge/16.16299" 
113.171.224.176 - - [11/May/2018:08:05:27 -0700] "GET /honeypot/Honeypot%20-%20Howto.pdf HTTP/1.1" 200 46720 "-" "Mozilla/5.0 Gecko/20100115 Firefox/3.6" 
95.128.91.242 - - [11/May/2018:08:06:12 -0700] "GET / HTTP/1.1" 200 11353 "https://www.google.com/" "Mozilla/5.0 (X11; Linux x86_64; rv:52.0) Gecko/20100101 Firefox/52.0" 
95.128.91.242 - - [11/May/2018:08:06:12 -0700] "GET /bootstrap/img/favicon.ico HTTP/1.1" 200 589 "-" "Mozilla/5.0 (X11; Linux x86_64; rv:52.0) Gecko/20100101 Firefox/52.0" 
95.128.91.242 - - [11/May/2018:08:06:12 -0700] "GET /twitter-icon.png HTTP/1.1" 200 27787 "http://www.secrepo.com/" "Mozilla/5.0 (X11; Linux x86_64; rv:52.0) Gecko/20100101 Firefox/52.0" 
95.128.91.242 - - [11/May/2018:08:06:12 -0700] "GET /GitHub-Mark.png HTTP/1.1" 200 7428 "http://www.secrepo.com/" "Mozilla/5.0 (X11; Linux x86_64; rv:52.0) Gecko/20100101 Firefox/52.0" 
95.128.91.242 - - [11/May/2018:08:06:26 -0700] "GET /tg/a.zip HTTP/1.1" 200 6169836 "http://www.secrepo.com/" "Mozilla/5.0 (X11; Linux x86_64; rv:52.0) Gecko/20100101 Firefox/52.0" 
95.128.91.242 - - [11/May/2018:08:06:33 -0700] "GET /tg/b.zip HTTP/1.1" 200 4574076 "http://www.secrepo.com/" "Mozilla/5.0 (X11; Linux x86_64; rv:52.0) Gecko/20100101 Firefox/52.0" 
54.36.148.70 - - [11/May/2018:08:07:24 -0700] "GET /self.logs/2016/error.log.2016-09-12.gz HTTP/1.1" 200 881 "-" "Mozilla/5.0 (compatible; AhrefsBot/5.2; +http://ahrefs.com/robot/)" 
117.96.245.134 - - [11/May/2018:08:10:24 -0700] "GET /bootstrap/img/favicon.ico HTTP/1.1" 200 590 "-" "Mozilla/5.0 (Windows NT 6.1; Win64; x64; rv:52.0) Gecko/20100101 Firefox/52.0" 
207.46.13.36 - - [11/May/2018:08:12:42 -0700] "GET /honeypot/Honeypot%20-%20Howto%20-%20BSides%20Austin.pdf HTTP/1.1" 200 2928460 "-" "Mozilla/5.0 (compatible; bingbot/2.0; +http://www.bing.com/bingbot.htm)" 
70.119.37.155 - - [11/May/2018:08:16:21 -0700] "GET / HTTP/1.1" 200 11353 "https://www.google.com/" "Mozilla/5.0 (Windows NT 10.0; Win64; x64) AppleWebKit/537.36 (KHTML, like Gecko) Chrome/66.0.3359.139 Safari/537.36" 
70.119.37.155 - - [11/May/2018:08:16:22 -0700] "GET /twitter-icon.png HTTP/1.1" 200 27787 "http://www.secrepo.com/" "Mozilla/5.0 (Windows NT 10.0; Win64; x64) AppleWebKit/537.36 (KHTML, like Gecko) Chrome/66.0.3359.139 Safari/537.36" 
70.119.37.155 - - [11/May/2018:08:16:22 -0700] "GET /GitHub-Mark.png HTTP/1.1" 200 7428 "http://www.secrepo.com/" "Mozilla/5.0 (Windows NT 10.0; Win64; x64) AppleWebKit/537.36 (KHTML, like Gecko) Chrome/66.0.3359.139 Safari/537.36" 
70.119.37.155 - - [11/May/2018:08:16:23 -0700] "GET /bootstrap/img/favicon.ico HTTP/1.1" 200 589 "http://www.secrepo.com/" "Mozilla/5.0 (Windows NT 10.0; Win64; x64) AppleWebKit/537.36 (KHTML, like Gecko) Chrome/66.0.3359.139 Safari/537.36" 
162.210.196.97 - - [11/May/2018:08:19:12 -0700] "GET /robots.txt HTTP/1.1" 200 289 "-" "Mozilla/5.0 (compatible; MJ12bot/v1.4.8; http://mj12bot.com/)" 
162.210.196.97 - - [11/May/2018:08:19:15 -0700] "GET / HTTP/1.1" 200 38539 "-" "Mozilla/5.0 (compatible; MJ12bot/v1.4.8; http://mj12bot.com/)" 
54.36.148.209 - - [11/May/2018:08:20:00 -0700] "GET /self.logs/error.log.2017-07-30.gz HTTP/1.1" 200 921 "-" "Mozilla/5.0 (compatible; AhrefsBot/5.2; +http://ahrefs.com/robot/)" 
95.128.91.242 - - [11/May/2018:08:19:38 -0700] "GET /maccdc2012/files.log.gz HTTP/1.1" 200 51408672 "http://www.secrepo.com/" "Mozilla/5.0 (X11; Linux x86_64; rv:52.0) Gecko/20100101 Firefox/52.0" 
95.128.91.242 - - [11/May/2018:08:22:57 -0700] "GET /squid/access.log.gz HTTP/1.1" 200 23177322 "http://www.secrepo.com/" "Mozilla/5.0 (X11; Linux x86_64; rv:52.0) Gecko/20100101 Firefox/52.0" 
23.107.62.179 - - [11/May/2018:08:26:28 -0700] "GET / HTTP/1.1" 200 11353 "https://www.google.com/" "Mozilla/5.0 (Windows NT 6.1; Win64; x64; rv:59.0) Gecko/20100101 Firefox/59.0" 
23.107.62.179 - - [11/May/2018:08:26:28 -0700] "GET /twitter-icon.png HTTP/1.1" 200 27787 "http://www.secrepo.com/" "Mozilla/5.0 (Windows NT 6.1; Win64; x64; rv:59.0) Gecko/20100101 Firefox/59.0" 
23.107.62.179 - - [11/May/2018:08:26:28 -0700] "GET /GitHub-Mark.png HTTP/1.1" 200 7428 "http://www.secrepo.com/" "Mozilla/5.0 (Windows NT 6.1; Win64; x64; rv:59.0) Gecko/20100101 Firefox/59.0" 
23.107.62.179 - - [11/May/2018:08:26:28 -0700] "GET /bootstrap/img/favicon.ico HTTP/1.1" 200 589 "-" "Mozilla/5.0 (Windows NT 6.1; Win64; x64; rv:59.0) Gecko/20100101 Firefox/59.0" 
218.88.7.67 - - [11/May/2018:08:28:53 -0700] "GET / HTTP/1.1" 200 11353 "-" "Mozilla/5.0 (Windows NT 10.0; WOW64) AppleWebKit/537.36 (KHTML, like Gecko) Chrome/49.0.2623.221 Safari/537.36 SE 2.X MetaSr 1.0" 
218.88.7.67 - - [11/May/2018:08:28:55 -0700] "GET /twitter-icon.png HTTP/1.1" 200 27787 "http://www.secrepo.com/" "Mozilla/5.0 (Windows NT 10.0; WOW64) AppleWebKit/537.36 (KHTML, like Gecko) Chrome/49.0.2623.221 Safari/537.36 SE 2.X MetaSr 1.0" 
218.88.7.67 - - [11/May/2018:08:28:56 -0700] "GET /GitHub-Mark.png HTTP/1.1" 200 7428 "http://www.secrepo.com/" "Mozilla/5.0 (Windows NT 10.0; WOW64) AppleWebKit/537.36 (KHTML, like Gecko) Chrome/49.0.2623.221 Safari/537.36 SE 2.X MetaSr 1.0" 
218.88.7.67 - - [11/May/2018:08:30:32 -0700] "GET /favicon.ico HTTP/1.1" 200 268 "-" "Mozilla/5.0 (Windows NT 10.0; WOW64) AppleWebKit/537.36 (KHTML, like Gecko) Chrome/49.0.2623.221 Safari/537.36 SE 2.X MetaSr 1.0" 
54.36.149.72 - - [11/May/2018:08:30:41 -0700] "GET /self.logs/error.log.2016-12-26.gz HTTP/1.1" 404 284 "-" "Mozilla/5.0 (compatible; AhrefsBot/5.2; +http://ahrefs.com/robot/)" 
218.88.7.67 - - [11/May/2018:08:31:04 -0700] "GET /bootstrap/img/favicon.ico HTTP/1.1" 200 590 "-" "Mozilla/5.0 (Windows NT 10.0; WOW64) AppleWebKit/537.36 (KHTML, like Gecko) Chrome/49.0.2623.221 Safari/537.36 SE 2.X MetaSr 1.0" 
117.174.72.137 - - [11/May/2018:08:32:58 -0700] "GET / HTTP/1.1" 200 11353 "-" "Mozilla/5.0 (Linux; Android 8.0; MHA-AL00 Build/HUAWEIMHA-AL00; wv) AppleWebKit/537.36 (KHTML, like Gecko) Version/4.0 Chrome/57.0.2987.132 MQQBrowser/6.2 TBS/044030 Mobile Safari/537.36 MicroMessenger/6.6.6.1300(0x26060637) NetType/WIFI Language/zh_CN" 
117.174.72.137 - - [11/May/2018:08:32:59 -0700] "GET /twitter-icon.png HTTP/1.1" 200 27787 "http://www.secrepo.com/" "Mozilla/5.0 (Linux; Android 8.0; MHA-AL00 Build/HUAWEIMHA-AL00; wv) AppleWebKit/537.36 (KHTML, like Gecko) Version/4.0 Chrome/57.0.2987.132 MQQBrowser/6.2 TBS/044030 Mobile Safari/537.36 MicroMessenger/6.6.6.1300(0x26060637) NetType/WIFI Language/zh_CN" 
117.174.72.137 - - [11/May/2018:08:32:59 -0700] "GET /GitHub-Mark.png HTTP/1.1" 200 7428 "http://www.secrepo.com/" "Mozilla/5.0 (Linux; Android 8.0; MHA-AL00 Build/HUAWEIMHA-AL00; wv) AppleWebKit/537.36 (KHTML, like Gecko) Version/4.0 Chrome/57.0.2987.132 MQQBrowser/6.2 TBS/044030 Mobile Safari/537.36 MicroMessenger/6.6.6.1300(0x26060637) NetType/WIFI Language/zh_CN" 
117.174.72.137 - - [11/May/2018:08:33:16 -0700] "GET /bootstrap/img/favicon.ico HTTP/1.1" 200 590 "http://www.secrepo.com/" "Mozilla/5.0 (Linux; Android 8.0; MHA-AL00 Build/HUAWEIMHA-AL00; wv) AppleWebKit/537.36 (KHTML, like Gecko) Version/4.0 Chrome/57.0.2987.132 MQQBrowser/6.2 TBS/044030 Mobile Safari/537.36 MicroMessenger/6.6.6.1300(0x26060637) NetType/WIFI Language/zh_CN" 
95.128.91.242 - - [11/May/2018:08:41:45 -0700] "GET /honeypot/honeypot.json.zip HTTP/1.1" 200 3549912 "http://www.secrepo.com/" "Mozilla/5.0 (X11; Linux x86_64; rv:52.0) Gecko/20100101 Firefox/52.0" 
95.128.91.242 - - [11/May/2018:08:42:00 -0700] "GET /honeypot/honeypot.json.zip HTTP/1.1" 206 19871257 "http://www.secrepo.com/" "Mozilla/5.0 (X11; Linux x86_64; rv:52.0) Gecko/20100101 Firefox/52.0" 
66.102.6.1 - - [11/May/2018:08:42:35 -0700] "GET / HTTP/1.1" 200 11353 "-" "Mozilla/5.0 (X11; Linux x86_64) AppleWebKit/537.36 (KHTML, like Gecko) Chrome/49.0.2623.75 Safari/537.36 Google Favicon" 
66.102.6.1 - - [11/May/2018:08:42:35 -0700] "GET /bootstrap/img/favicon.ico HTTP/1.1" 200 589 "-" "Mozilla/5.0 (X11; Linux x86_64) AppleWebKit/537.36 (KHTML, like Gecko) Chrome/49.0.2623.75 Safari/537.36 Google Favicon" 
157.127.239.146 - - [11/May/2018:08:51:51 -0700] "GET / HTTP/1.1" 200 11297 "-" "Mozilla/5.0 (X11; Linux x86_64) AppleWebKit/537.36 (KHTML, like Gecko) Chrome/62.0.3202.94 Safari/537.36" 
95.128.91.242 - - [11/May/2018:08:53:37 -0700] "GET /tg/a.zip HTTP/1.1" 200 66189337 "http://www.secrepo.com/" "Mozilla/5.0 (X11; Linux x86_64; rv:52.0) Gecko/20100101 Firefox/52.0" 
14.215.176.10 - - [11/May/2018:08:59:52 -0700] "GET / HTTP/1.1" 200 11353 "http://www.baidu.com/s?wd=H8Y" "Mozilla/5.0 (Windows NT 6.1; WOW64; rv:43.0) Gecko/20100101 Firefox/43.0" 
208.80.194.31 - - [11/May/2018:09:00:58 -0700] "GET / HTTP/1.0" 200 38584 "-" "Mozilla/5.0 (Windows NT 5.1) Gecko/20100101 Firefox/9.0.1" 
157.127.239.146 - - [11/May/2018:09:05:03 -0700] "GET /Security-Data-Analysis/Lab_1/ HTTP/1.1" 200 492 "-" "Mozilla/5.0 (X11; Linux x86_64) AppleWebKit/537.36 (KHTML, like Gecko) Chrome/62.0.3202.94 Safari/537.36" 
157.127.239.146 - - [11/May/2018:09:05:04 -0700] "GET /favicon.ico HTTP/1.1" 200 212 "http://www.secrepo.com/Security-Data-Analysis/Lab_1/" "Mozilla/5.0 (X11; Linux x86_64) AppleWebKit/537.36 (KHTML, like Gecko) Chrome/62.0.3202.94 Safari/537.36" 
207.46.13.37 - - [11/May/2018:09:06:37 -0700] "GET /self.logs/error.log.2018-04-15.gz HTTP/1.1" 200 4903 "-" "Mozilla/5.0 (compatible; bingbot/2.0; +http://www.bing.com/bingbot.htm)" 
54.36.148.196 - - [11/May/2018:09:07:06 -0700] "GET /self.logs/access.log.2016-07-25.gz HTTP/1.1" 404 284 "-" "Mozilla/5.0 (compatible; AhrefsBot/5.2; +http://ahrefs.com/robot/)" 
113.171.224.176 - - [11/May/2018:09:07:33 -0700] "GET /honeypot/Honeypot%20-%20Howto.pdf HTTP/1.1" 200 46720 "-" "Mozilla/5.0 Gecko/20100115 Firefox/3.6" 
157.127.239.146 - - [11/May/2018:09:05:07 -0700] "GET /Security-Data-Analysis/Lab_1/conn.log.zip HTTP/1.1" 200 549098472 "http://www.secrepo.com/Security-Data-Analysis/Lab_1/" "Mozilla/5.0 (X11; Linux x86_64) AppleWebKit/537.36 (KHTML, like Gecko) Chrome/62.0.3202.94 Safari/537.36" 
54.36.148.77 - - [11/May/2018:09:15:58 -0700] "GET /self.logs/error.log.2016-04-21.gz HTTP/1.1" 404 284 "-" "Mozilla/5.0 (compatible; AhrefsBot/5.2; +http://ahrefs.com/robot/)" 
46.229.168.83 - - [11/May/2018:09:16:40 -0700] "GET /robots.txt HTTP/1.1" 301 465 "-" "Mozilla/5.0 (compatible; SemrushBot/1.2~bl; +http://www.semrush.com/bot.html)" 
46.229.168.83 - - [11/May/2018:09:16:40 -0700] "GET /robots.txt HTTP/1.1" 200 297 "-" "Mozilla/5.0 (compatible; SemrushBot/1.2~bl; +http://www.semrush.com/bot.html)" 
95.128.91.242 - - [11/May/2018:09:19:11 -0700] "GET /maccdc2012/conn.log.gz HTTP/1.1" 200 28607295 "http://www.secrepo.com/" "Mozilla/5.0 (X11; Linux x86_64; rv:52.0) Gecko/20100101 Firefox/52.0" 
95.128.91.242 - - [11/May/2018:09:21:03 -0700] "GET /self.logs/ HTTP/1.1" 200 9854 "http://www.secrepo.com/" "Mozilla/5.0 (X11; Linux x86_64; rv:52.0) Gecko/20100101 Firefox/52.0" 
95.128.91.242 - - [11/May/2018:09:21:04 -0700] "GET /favicon.ico HTTP/1.1" 200 267 "-" "Mozilla/5.0 (X11; Linux x86_64; rv:52.0) Gecko/20100101 Firefox/52.0" 
32.215.213.108 - - [11/May/2018:09:21:42 -0700] "GET / HTTP/1.1" 200 11353 "-" "Mozilla/5.0 (Macintosh; Intel Mac OS X 10_7_2) AppleWebKit/534.51.22 (KHTML, like Gecko) Version/5.1.1 Safari/534.51.22" 
32.215.213.108 - - [11/May/2018:09:21:42 -0700] "GET /twitter-icon.png HTTP/1.1" 200 27787 "-" "Mozilla/5.0 (Macintosh; Intel Mac OS X 10_7_2) AppleWebKit/534.51.22 (KHTML, like Gecko) Version/5.1.1 Safari/534.51.22" 
32.215.213.108 - - [11/May/2018:09:21:42 -0700] "GET /GitHub-Mark.png HTTP/1.1" 200 7428 "-" "Mozilla/5.0 (Macintosh; Intel Mac OS X 10_7_2) AppleWebKit/534.51.22 (KHTML, like Gecko) Version/5.1.1 Safari/534.51.22" 
151.80.39.236 - - [11/May/2018:09:23:33 -0700] "GET /robots.txt HTTP/1.1" 301 446 "-" "Mozilla/5.0 (compatible; AhrefsBot/5.2; +http://ahrefs.com/robot/)" 
151.80.39.236 - - [11/May/2018:09:23:33 -0700] "GET /robots.txt HTTP/1.1" 200 304 "-" "Mozilla/5.0 (compatible; AhrefsBot/5.2; +http://ahrefs.com/robot/)" 
54.36.149.84 - - [11/May/2018:09:27:58 -0700] "GET /self.logs/error.log.2017-08-23.gz HTTP/1.1" 200 769 "-" "Mozilla/5.0 (compatible; AhrefsBot/5.2; +http://ahrefs.com/robot/)" 
66.102.6.31 - - [11/May/2018:09:29:19 -0700] "GET /favicon.ico HTTP/1.1" 200 268 "-" "Mozilla/5.0 (X11; Linux x86_64) AppleWebKit/537.36 (KHTML, like Gecko) Chrome/49.0.2623.75 Safari/537.36 Google Favicon" 
81.128.219.20 - - [11/May/2018:09:32:32 -0700] "GET / HTTP/1.1" 200 11353 "https://www.google.co.uk/" "Mozilla/5.0 (Macintosh; Intel Mac OS X 10_13_2) AppleWebKit/537.36 (KHTML, like Gecko) Chrome/66.0.3359.139 Safari/537.36" 
81.128.219.20 - - [11/May/2018:09:32:34 -0700] "GET /twitter-icon.png HTTP/1.1" 200 27787 "http://www.secrepo.com/" "Mozilla/5.0 (Macintosh; Intel Mac OS X 10_13_2) AppleWebKit/537.36 (KHTML, like Gecko) Chrome/66.0.3359.139 Safari/537.36" 
81.128.219.20 - - [11/May/2018:09:32:34 -0700] "GET /GitHub-Mark.png HTTP/1.1" 200 7427 "http://www.secrepo.com/" "Mozilla/5.0 (Macintosh; Intel Mac OS X 10_13_2) AppleWebKit/537.36 (KHTML, like Gecko) Chrome/66.0.3359.139 Safari/537.36" 
150.70.188.178 - - [11/May/2018:09:34:10 -0700] "GET / HTTP/1.1" 200 38539 "-" "Mozilla/4.0 (compatible; MSIE 8.0; Windows NT 5.1; Trident/4.0)" 
81.128.219.20 - - [11/May/2018:09:35:02 -0700] "GET /bootstrap/img/favicon.ico HTTP/1.1" 200 590 "http://www.secrepo.com/" "Mozilla/5.0 (Macintosh; Intel Mac OS X 10_13_2) AppleWebKit/537.36 (KHTML, like Gecko) Chrome/66.0.3359.139 Safari/537.36" 
81.128.219.20 - - [11/May/2018:09:35:18 -0700] "GET /maccdc2012/smtp.log.gz HTTP/1.1" 200 6908 "-" "Mozilla/5.0 (Macintosh; Intel Mac OS X 10_13_2) AppleWebKit/537.36 (KHTML, like Gecko) Chrome/66.0.3359.139 Safari/537.36" 
35.153.231.18 - - [11/May/2018:09:35:53 -0700] "GET / HTTP/1.1" 206 11402 "-" "Slackbot-LinkExpanding 1.0 (+https://api.slack.com/robots)" 
34.239.107.223 - - [11/May/2018:09:35:54 -0700] "GET /bootstrap/img/apple-touch-icon.png HTTP/1.1" 404 340 "https://slack.com" "Slackbot-LinkExpanding 1.0 (+https://api.slack.com/robots)" 
54.234.37.47 - - [11/May/2018:09:35:54 -0700] "GET /favicon.ico HTTP/1.1" 200 268 "https://slack.com" "Slackbot-LinkExpanding 1.0 (+https://api.slack.com/robots)" 
198.212.183.5 - - [11/May/2018:09:35:57 -0700] "GET / HTTP/1.1" 301 483 "-" "Mozilla/5.0 (Windows NT 10.0; Win64; x64) AppleWebKit/537.36 (KHTML, like Gecko) Chrome/66.0.3359.139 Safari/537.36" 
198.212.183.5 - - [11/May/2018:09:35:58 -0700] "GET / HTTP/1.1" 304 189 "-" "Mozilla/5.0 (Windows NT 10.0; Win64; x64) AppleWebKit/537.36 (KHTML, like Gecko) Chrome/66.0.3359.139 Safari/537.36" 
81.128.219.20 - - [11/May/2018:09:36:09 -0700] "GET / HTTP/1.1" 200 11353 "-" "Mozilla/5.0 (Macintosh; Intel Mac OS X 10_12_6) AppleWebKit/537.36 (KHTML, like Gecko) Chrome/66.0.3359.139 Safari/537.36" 
81.128.219.20 - - [11/May/2018:09:36:10 -0700] "GET /twitter-icon.png HTTP/1.1" 200 27787 "http://www.secrepo.com/" "Mozilla/5.0 (Macintosh; Intel Mac OS X 10_12_6) AppleWebKit/537.36 (KHTML, like Gecko) Chrome/66.0.3359.139 Safari/537.36" 
81.128.219.20 - - [11/May/2018:09:36:10 -0700] "GET /GitHub-Mark.png HTTP/1.1" 200 7428 "http://www.secrepo.com/" "Mozilla/5.0 (Macintosh; Intel Mac OS X 10_12_6) AppleWebKit/537.36 (KHTML, like Gecko) Chrome/66.0.3359.139 Safari/537.36" 
81.128.219.20 - - [11/May/2018:09:36:11 -0700] "GET /bootstrap/img/favicon.ico HTTP/1.1" 200 589 "http://www.secrepo.com/" "Mozilla/5.0 (Macintosh; Intel Mac OS X 10_12_6) AppleWebKit/537.36 (KHTML, like Gecko) Chrome/66.0.3359.139 Safari/537.36" 
150.70.188.177 - - [11/May/2018:09:36:22 -0700] "GET /bootstrap/img/favicon.ico HTTP/1.1" 200 534 "-" "Mozilla/4.0 (compatible; MSIE 8.0; Windows NT 5.1; Trident/4.0)" 
54.152.39.227 - - [11/May/2018:09:37:14 -0700] "GET /bootstrap/img/favicon.ico HTTP/1.1" 200 534 "-" "Mozilla/4.0 (compatible; MSIE 8.0; Windows NT 5.1; Trident/4.0)" 
150.70.188.169 - - [11/May/2018:09:37:22 -0700] "GET /maccdc2012/smtp.log.gz HTTP/1.1" 200 6790 "-" "Mozilla/4.0 (compatible; MSIE 8.0; Windows NT 5.1; Trident/4.0)" 
54.36.148.165 - - [11/May/2018:09:37:50 -0700] "GET /self.logs/error.log.2017-09-17.gz HTTP/1.1" 200 1892 "-" "Mozilla/5.0 (compatible; AhrefsBot/5.2; +http://ahrefs.com/robot/)" 
198.212.183.5 - - [11/May/2018:09:38:56 -0700] "GET /maccdc2012/conn.log.gz HTTP/1.1" 200 551041635 "-" "Mozilla/5.0 (Windows NT 10.0; Win64; x64) AppleWebKit/537.36 (KHTML, like Gecko) Chrome/66.0.3359.139 Safari/537.36" 
52.173.241.248 - - [11/May/2018:09:46:19 -0700] "GET / HTTP/1.1" 301 446 "-" "Mozilla/5.0 (Windows NT 10.0; Win64; x64) AppleWebKit/537.36 (KHTML, like Gecko) Chrome/61.0.3163.100 Safari/537.36" 
102.181.194.40 - - [11/May/2018:09:48:46 -0700] "GET /maccdc2012/dns.log.gz HTTP/1.1" 304 154 "-" "Mozilla/5.0 Gecko/20100115 Firefox/3.6" 
148.163.168.224 - - [11/May/2018:09:50:54 -0700] "PUT /tbrfv53597.txt HTTP/1.1" 405 498 "-" "Mozilla/4.0 (compatible; Win32; WinHttp.WinHttpRequest.5)" 
148.163.168.224 - - [11/May/2018:09:50:54 -0700] "GET /plus/mytag_js.php HTTP/1.1" 404 239 "http://www.secrepo.com/plus/mytag_js.php" "Mozilla/4.0 (compatible; MSIE 6.0; Windows NT 5.0)" 
148.163.168.224 - - [11/May/2018:09:50:54 -0700] "GET /utility/convert/index.php?a=config&source=d7.2_x2.0 HTTP/1.1" 418 731 "-" "Mozilla/4.0 (compatible; MSIE 6.0; Windows NT 5.1; SV1)" 
148.163.168.224 - - [11/May/2018:09:50:54 -0700] "GET /bbs/utility/convert/index.php?a=config&source=d7.2_x2.0 HTTP/1.1" 418 732 "-" "Mozilla/4.0 (compatible; MSIE 6.0; Windows NT 5.1; SV1)" 
148.163.168.224 - - [11/May/2018:09:50:54 -0700] "GET /bbs/convert/index.php?a=config&source=d7.2_x2.0 HTTP/1.1" 418 732 "-" "Mozilla/4.0 (compatible; MSIE 6.0; Windows NT 5.1; SV1)" 
148.163.168.224 - - [11/May/2018:09:50:55 -0700] "GET /FCKeditor/editor/filemanager/connectors/aspx/connector.aspx HTTP/1.1" 418 732 "-" "Mozilla/4.0 (compatible; MSIE 6.0; Windows NT 5.1; SV1)" 
148.163.168.224 - - [11/May/2018:09:50:55 -0700] "GET /FCKeditor/editor/filemanager/browser/default/connectors/aspx/connector.aspx HTTP/1.1" 418 732 "-" "Mozilla/4.0 (compatible; MSIE 6.0; Windows NT 5.1; SV1)" 
148.163.168.224 - - [11/May/2018:09:50:55 -0700] "GET /FCKeditor/editor/filemanager/connectors/php/connector.php HTTP/1.1" 418 732 "-" "Mozilla/4.0 (compatible; MSIE 6.0; Windows NT 5.1; SV1)" 
148.163.168.224 - - [11/May/2018:09:50:55 -0700] "GET /FCKeditor/editor/filemanager/browser/default/connectors/php/connector.php HTTP/1.1" 418 732 "-" "Mozilla/4.0 (compatible; MSIE 6.0; Windows NT 5.1; SV1)" 
148.163.168.224 - - [11/May/2018:09:50:55 -0700] "GET /FCKeditor/editor/filemanager/browser/default/connectors/asp/connector.asp HTTP/1.1" 418 732 "-" "Mozilla/4.0 (compatible; MSIE 6.0; Windows NT 5.1; SV1)" 
148.163.168.224 - - [11/May/2018:09:50:55 -0700] "GET /FCKeditor/editor/filemanager/connectors/asp/connector.asp HTTP/1.1" 418 732 "-" "Mozilla/4.0 (compatible; MSIE 6.0; Windows NT 5.1; SV1)" 
54.36.148.99 - - [11/May/2018:09:53:59 -0700] "GET /self.logs/2015/error.log.2015-04-17.gz HTTP/1.1" 200 897 "-" "Mozilla/5.0 (compatible; AhrefsBot/5.2; +http://ahrefs.com/robot/)" 
46.235.65.30 - - [11/May/2018:09:55:28 -0700] "GET /honeypot/BSidesDFW%20-%202014.ipynb HTTP/1.1" 200 930836 "http://www.secrepo.com/" "Mozilla/5.0 (compatible; MSIE 9.0; Windows NT 6.0; Trident/5.0;  Trident/5.0)" 
221.216.202.225 - - [11/May/2018:09:55:38 -0700] "GET /favicon.ico HTTP/1.1" 200 268 "-" "Mozilla/5.0 (Windows NT 10.0; WOW64) AppleWebKit/537.36 (KHTML, like Gecko) Chrome/57.0.2987.98 Safari/537.36 LBBROWSER" 
207.96.202.138 - - [11/May/2018:09:57:39 -0700] "GET / HTTP/1.1" 200 11297 "http://www.infoq.com/cn/articles/data-processing-technology-comparison?utm_source=infoq&utm_medium=popular_widget&utm_campaign=popular_content_list&utm_content=homepage" "Mozilla/5.0 (Windows NT 6.1; Win64; x64) AppleWebKit/537.36 (KHTML, like Gecko) Chrome/66.0.3359.139 Safari/537.36" 
207.96.202.138 - - [11/May/2018:09:57:40 -0700] "GET /GitHub-Mark.png HTTP/1.1" 200 7372 "http://www.secrepo.com/" "Mozilla/5.0 (Windows NT 6.1; Win64; x64) AppleWebKit/537.36 (KHTML, like Gecko) Chrome/66.0.3359.139 Safari/537.36" 
207.96.202.138 - - [11/May/2018:09:57:40 -0700] "GET /twitter-icon.png HTTP/1.1" 200 27732 "http://www.secrepo.com/" "Mozilla/5.0 (Windows NT 6.1; Win64; x64) AppleWebKit/537.36 (KHTML, like Gecko) Chrome/66.0.3359.139 Safari/537.36" 
207.96.202.138 - - [11/May/2018:09:57:42 -0700] "GET /bootstrap/img/favicon.ico HTTP/1.1" 200 534 "http://www.secrepo.com/" "Mozilla/5.0 (Windows NT 6.1; Win64; x64) AppleWebKit/537.36 (KHTML, like Gecko) Chrome/66.0.3359.139 Safari/537.36" 
168.197.26.46 - - [11/May/2018:10:02:44 -0700] "GET /wp-login.php HTTP/1.1" 418 732 "-" "Mozilla/5.0 (Windows NT 6.1; WOW64; rv:40.0) Gecko/20100101 Firefox/40.1" 
168.197.26.46 - - [11/May/2018:10:02:44 -0700] "GET / HTTP/1.1" 418 732 "-" "Mozilla/5.0 (Windows NT 6.1; WOW64; rv:40.0) Gecko/20100101 Firefox/40.1" 
207.96.202.138 - - [11/May/2018:10:03:22 -0700] "GET /self.logs/ HTTP/1.1" 200 9798 "http://www.secrepo.com/" "Mozilla/5.0 (Windows NT 6.1; Win64; x64) AppleWebKit/537.36 (KHTML, like Gecko) Chrome/66.0.3359.139 Safari/537.36" 
207.96.202.138 - - [11/May/2018:10:03:24 -0700] "GET /favicon.ico HTTP/1.1" 200 212 "http://www.secrepo.com/self.logs/" "Mozilla/5.0 (Windows NT 6.1; Win64; x64) AppleWebKit/537.36 (KHTML, like Gecko) Chrome/66.0.3359.139 Safari/537.36" 
207.96.202.138 - - [11/May/2018:10:03:40 -0700] "GET /self.logs/access.log.2017-01-02.gz HTTP/1.1" 200 26767 "http://www.secrepo.com/self.logs/" "Mozilla/5.0 (Windows NT 6.1; Win64; x64) AppleWebKit/537.36 (KHTML, like Gecko) Chrome/66.0.3359.139 Safari/537.36" 
14.204.71.52 - - [11/May/2018:10:04:13 -0700] "GET //index.php?lang=Cn&index=0000 HTTP/1.1" 404 295 "-" "Mozilla/5.0 (compatible; MSIE 9.0; Windows NT 6.1; Trident/5.0)" 
113.171.224.176 - - [11/May/2018:10:07:57 -0700] "GET /honeypot/Honeypot%20-%20Howto.pdf HTTP/1.1" 200 46720 "-" "Mozilla/5.0 Gecko/20100115 Firefox/3.6" 
123.125.71.16 - - [11/May/2018:10:09:33 -0700] "GET /robots.txt HTTP/1.1" 301 465 "-" "Mozilla/5.0 (compatible; Baiduspider/2.0; +http://www.baidu.com/search/spider.html)" 
