65.36.119.216 - - [09/Oct/2018:12:17:52 -0700] "GET /twitter-icon.png HTTP/1.1" 200 27787 "http://www.secrepo.com/" "Mozilla/5.0 (Macintosh; Intel Mac OS X 10_12_2) AppleWebKit/537.36 (KHTML, like Gecko) Chrome/69.0.3497.100 Safari/537.36" 
65.36.119.216 - - [09/Oct/2018:12:17:52 -0700] "GET /GitHub-Mark.png HTTP/1.1" 200 7428 "http://www.secrepo.com/" "Mozilla/5.0 (Macintosh; Intel Mac OS X 10_12_2) AppleWebKit/537.36 (KHTML, like Gecko) Chrome/69.0.3497.100 Safari/537.36" 
65.36.119.216 - - [09/Oct/2018:12:17:53 -0700] "GET /bootstrap/img/favicon.ico HTTP/1.1" 200 589 "http://www.secrepo.com/" "Mozilla/5.0 (Macintosh; Intel Mac OS X 10_12_2) AppleWebKit/537.36 (KHTML, like Gecko) Chrome/69.0.3497.100 Safari/537.36" 
209.17.96.226 - - [09/Oct/2018:12:24:18 -0700] "GET / HTTP/1.1" 301 442 "-" "Mozilla/5.0 (compatible; Nimbostratus-Bot/v1.3.2; http://cloudsystemnetworks.com)" 
18.224.45.232 - - [09/Oct/2018:12:25:25 -0700] "GET / HTTP/1.1" 200 12383 "-" "Mozilla/5.0 (Macintosh; Intel Mac OS X x.y; rv:42.0) AppleWebKit/537.36 (KHTML, like Gecko) Chrome/67.0.3396.79 Safari/537.36" 
64.233.173.14 - - [09/Oct/2018:12:32:33 -0700] "GET /Security-Data-Analysis/Lab_1/conn.log.zip HTTP/1.1" 200 89460400 "-" "Mozilla/5.0 (Linux; Android 8.0.0; XT1635-02 Build/OPNS27.76-12-22-9) AppleWebKit/537.36 (KHTML, like Gecko) Chrome/69.0.3497.100 Mobile Safari/537.36" 
216.244.66.245 - - [09/Oct/2018:12:32:54 -0700] "GET /robots.txt HTTP/1.1" 200 233 "-" "Mozilla/5.0 (compatible; DotBot/1.1; http://www.opensiteexplorer.org/dotbot, help@moz.com)" 
46.229.168.133 - - [09/Oct/2018:12:33:49 -0700] "GET /robots.txt HTTP/1.1" 200 297 "-" "Mozilla/5.0 (compatible; SemrushBot/2~bl; +http://www.semrush.com/bot.html)" 
46.229.168.143 - - [09/Oct/2018:12:33:50 -0700] "GET /Datasets%20Description/Network/notice.html HTTP/1.1" 200 1507 "-" "Mozilla/5.0 (compatible; SemrushBot/2~bl; +http://www.semrush.com/bot.html)" 
75.176.229.5 - - [09/Oct/2018:12:37:37 -0700] "GET / HTTP/1.1" 200 12383 "-" "Mozilla/5.0 (Macintosh; Intel Mac OS X 10_13_6) AppleWebKit/605.1.15 (KHTML, like Gecko) Version/11.1.2 Safari/605.1.15" 
75.176.229.5 - - [09/Oct/2018:12:37:37 -0700] "GET /twitter-icon.png HTTP/1.1" 200 27787 "http://www.secrepo.com/" "Mozilla/5.0 (Macintosh; Intel Mac OS X 10_13_6) AppleWebKit/605.1.15 (KHTML, like Gecko) Version/11.1.2 Safari/605.1.15" 
75.176.229.5 - - [09/Oct/2018:12:37:37 -0700] "GET /GitHub-Mark.png HTTP/1.1" 200 7428 "http://www.secrepo.com/" "Mozilla/5.0 (Macintosh; Intel Mac OS X 10_13_6) AppleWebKit/605.1.15 (KHTML, like Gecko) Version/11.1.2 Safari/605.1.15" 
75.176.229.5 - - [09/Oct/2018:12:37:37 -0700] "GET /bootstrap/img/favicon.ico HTTP/1.1" 200 590 "http://www.secrepo.com/" "Mozilla/5.0 (Macintosh; Intel Mac OS X 10_13_6) AppleWebKit/605.1.15 (KHTML, like Gecko) Version/11.1.2 Safari/605.1.15" 
123.55.234.228 - - [09/Oct/2018:12:38:18 -0700] "HEAD //data/common.inc.php HTTP/1.1" 404 276 "-" "-" 
123.55.234.228 - - [09/Oct/2018:12:38:18 -0700] "HEAD //data/admin/ver.txt HTTP/1.1" 404 276 "-" "-" 
157.55.39.250 - - [09/Oct/2018:12:39:02 -0700] "GET / HTTP/1.1" 200 12383 "-" "Mozilla/5.0 (compatible; bingbot/2.0; +http://www.bing.com/bingbot.htm)" 
213.127.126.14 - - [09/Oct/2018:12:40:05 -0700] "GET / HTTP/1.1" 200 12383 "-" "Mozilla/5.0 (Windows NT 10.0; Win64; x64) AppleWebKit/537.36 (KHTML, like Gecko) Chrome/69.0.3497.100 Safari/537.36" 
213.127.126.14 - - [09/Oct/2018:12:40:05 -0700] "GET /twitter-icon.png HTTP/1.1" 200 27787 "http://www.secrepo.com/" "Mozilla/5.0 (Windows NT 10.0; Win64; x64) AppleWebKit/537.36 (KHTML, like Gecko) Chrome/69.0.3497.100 Safari/537.36" 
213.127.126.14 - - [09/Oct/2018:12:40:05 -0700] "GET /GitHub-Mark.png HTTP/1.1" 200 7428 "http://www.secrepo.com/" "Mozilla/5.0 (Windows NT 10.0; Win64; x64) AppleWebKit/537.36 (KHTML, like Gecko) Chrome/69.0.3497.100 Safari/537.36" 
213.127.126.14 - - [09/Oct/2018:12:40:12 -0700] "GET /maccdc2012/conn.log.gz HTTP/1.1" 200 6791491 "-" "Mozilla/5.0 (Windows NT 10.0; Win64; x64) AppleWebKit/537.36 (KHTML, like Gecko) Chrome/69.0.3497.100 Safari/537.36" 
213.127.126.14 - - [09/Oct/2018:12:40:55 -0700] "GET /auth.log/auth.log.gz HTTP/1.1" 200 554524 "-" "Mozilla/5.0 (Windows NT 10.0; Win64; x64) AppleWebKit/537.36 (KHTML, like Gecko) Chrome/69.0.3497.100 Safari/537.36" 
213.127.126.14 - - [09/Oct/2018:12:41:06 -0700] "GET /honeypot/honeypot.json.zip HTTP/1.1" 200 3878020 "-" "Mozilla/5.0 (Windows NT 10.0; Win64; x64) AppleWebKit/537.36 (KHTML, like Gecko) Chrome/69.0.3497.100 Safari/537.36" 
52.14.175.39 - - [09/Oct/2018:12:44:15 -0700] "GET / HTTP/1.1" 200 12383 "-" "Mozilla/5.0 (X11; Linux x86_64) Gecko/20100101 Safari/602.1" 
213.127.126.14 - - [09/Oct/2018:12:45:48 -0700] "GET / HTTP/1.1" 200 12383 "-" "Mozilla/5.0 (Linux; Android 8.0.0; SAMSUNG SM-G960F Build/R16NW) AppleWebKit/537.36 (KHTML, like Gecko) SamsungBrowser/7.4 Chrome/59.0.3071.125 Mobile Safari/537.36" 
213.127.126.14 - - [09/Oct/2018:12:45:49 -0700] "GET /twitter-icon.png HTTP/1.1" 200 27787 "http://www.secrepo.com/" "Mozilla/5.0 (Linux; Android 8.0.0; SAMSUNG SM-G960F Build/R16NW) AppleWebKit/537.36 (KHTML, like Gecko) SamsungBrowser/7.4 Chrome/59.0.3071.125 Mobile Safari/537.36" 
213.127.126.14 - - [09/Oct/2018:12:45:49 -0700] "GET /GitHub-Mark.png HTTP/1.1" 200 7428 "http://www.secrepo.com/" "Mozilla/5.0 (Linux; Android 8.0.0; SAMSUNG SM-G960F Build/R16NW) AppleWebKit/537.36 (KHTML, like Gecko) SamsungBrowser/7.4 Chrome/59.0.3071.125 Mobile Safari/537.36" 
213.127.126.14 - - [09/Oct/2018:12:45:50 -0700] "GET /bootstrap/img/favicon.ico HTTP/1.1" 200 589 "http://www.secrepo.com/" "Mozilla/5.0 (Linux; Android 8.0.0; SAMSUNG SM-G960F Build/R16NW) AppleWebKit/537.36 (KHTML, like Gecko) SamsungBrowser/7.4 Chrome/59.0.3071.125 Mobile Safari/537.36" 
200.221.128.177 - - [09/Oct/2018:12:46:07 -0700] "GET /twitter-icon.png HTTP/1.1" 200 27788 "http://www.secrepo.com/" "Mozilla/5.0 (Windows NT 10.0; Win64; x64) AppleWebKit/537.36 (KHTML, like Gecko) Chrome/69.0.3497.100 Safari/537.36" 
200.221.128.177 - - [09/Oct/2018:12:46:07 -0700] "GET /GitHub-Mark.png HTTP/1.1" 200 7428 "http://www.secrepo.com/" "Mozilla/5.0 (Windows NT 10.0; Win64; x64) AppleWebKit/537.36 (KHTML, like Gecko) Chrome/69.0.3497.100 Safari/537.36" 
54.36.148.40 - - [09/Oct/2018:12:46:46 -0700] "GET /self.logs/access.log.2015-12-24.gz HTTP/1.1" 404 284 "-" "Mozilla/5.0 (compatible; AhrefsBot/5.2; +http://ahrefs.com/robot/)" 
216.244.66.245 - - [09/Oct/2018:12:48:35 -0700] "GET /self.logs/error.log.2018-03-27.gz HTTP/1.1" 200 9394 "-" "Mozilla/5.0 (compatible; DotBot/1.1; http://www.opensiteexplorer.org/dotbot, help@moz.com)" 
54.36.148.73 - - [09/Oct/2018:12:53:51 -0700] "GET /self.logs/2016/access.log.2016-08-20.gz HTTP/1.1" 200 6091 "-" "Mozilla/5.0 (compatible; AhrefsBot/5.2; +http://ahrefs.com/robot/)" 
207.46.13.193 - - [09/Oct/2018:12:56:10 -0700] "GET /honeypot/Honeypot%20-%20Howto.pdf HTTP/1.1" 200 1279418 "-" "Mozilla/5.0 (compatible; bingbot/2.0; +http://www.bing.com/bingbot.htm)" 
84.213.248.175 - - [09/Oct/2018:13:01:24 -0700] "GET /wp-login.php HTTP/1.1" 418 732 "-" "Mozilla/5.0 (Windows NT 6.1; WOW64; rv:40.0) Gecko/20100101 Firefox/40.1" 
84.213.248.175 - - [09/Oct/2018:13:01:25 -0700] "GET / HTTP/1.1" 418 732 "-" "Mozilla/5.0 (Windows NT 6.1; WOW64; rv:40.0) Gecko/20100101 Firefox/40.1" 
54.36.149.36 - - [09/Oct/2018:13:01:44 -0700] "GET /Datasets%20Description/HTML_Bro_log_2/files.html HTTP/1.1" 200 1748 "-" "Mozilla/5.0 (compatible; AhrefsBot/5.2; +http://ahrefs.com/robot/)" 
54.36.148.163 - - [09/Oct/2018:13:04:01 -0700] "GET /self.logs/error.log.2016-02-20.gz HTTP/1.1" 404 284 "-" "Mozilla/5.0 (compatible; AhrefsBot/5.2; +http://ahrefs.com/robot/)" 
113.171.224.176 - - [09/Oct/2018:13:05:21 -0700] "GET /honeypot/Honeypot%20-%20Howto.pdf HTTP/1.1" 200 46720 "-" "Mozilla/5.0 Gecko/20100115 Firefox/3.6" 
199.58.86.206 - - [09/Oct/2018:13:07:13 -0700] "GET /robots.txt HTTP/1.1" 200 289 "-" "Mozilla/5.0 (compatible; MJ12bot/v1.4.8; http://mj12bot.com/)" 
199.58.86.206 - - [09/Oct/2018:13:07:16 -0700] "GET / HTTP/1.1" 200 46156 "-" "Mozilla/5.0 (compatible; MJ12bot/v1.4.8; http://mj12bot.com/)" 
52.14.175.39 - - [09/Oct/2018:13:14:39 -0700] "GET / HTTP/1.1" 200 12383 "-" "Mozilla/5.0 (Macintosh; Intel Mac OS X x.y; rv:42.0) Gecko/20100101 Chrome/51.0.2704.106 Safari/537.36 OPR/38.0.2220.41" 
216.244.66.245 - - [09/Oct/2018:13:15:41 -0700] "GET /robots.txt HTTP/1.1" 200 233 "-" "Mozilla/5.0 (compatible; DotBot/1.1; http://www.opensiteexplorer.org/dotbot, help@moz.com)" 
14.215.176.138 - - [09/Oct/2018:13:24:23 -0700] "GET / HTTP/1.1" 200 12383 "http://www.baidu.com/s?wd=cameran9a" "Mozilla/5.0 (Windows NT 6.1; WOW64; rv:43.0) Gecko/20100101 Firefox/43.0" 
13.58.201.75 - - [09/Oct/2018:13:24:48 -0700] "GET / HTTP/1.1" 200 12383 "-" "Mozilla/5.0 (Macintosh; Intel Mac OS X x.y; rv:42.0) AppleWebKit/537.36 (KHTML, like Gecko) Chrome/51.0.2704.106 Safari/537.36 OPR/38.0.2220.41" 
216.244.66.245 - - [09/Oct/2018:13:26:40 -0700] "GET /self.logs/access.log.2018-09-25.gz HTTP/1.1" 200 24493 "-" "Mozilla/5.0 (compatible; DotBot/1.1; http://www.opensiteexplorer.org/dotbot, help@moz.com)" 
2.26.176.17 - - [09/Oct/2018:13:27:55 -0700] "GET / HTTP/1.1" 200 12383 "-" "Mozilla/5.0 (Windows NT 10.0) AppleWebKit/537.36 (KHTML, like Gecko) Chrome/64.0.3282.140 Safari/537.36 Edge/17.17134" 
2.26.176.17 - - [09/Oct/2018:13:27:55 -0700] "GET /twitter-icon.png HTTP/1.1" 200 27787 "http://www.secrepo.com/" "Mozilla/5.0 (Windows NT 10.0) AppleWebKit/537.36 (KHTML, like Gecko) Chrome/64.0.3282.140 Safari/537.36 Edge/17.17134" 
2.26.176.17 - - [09/Oct/2018:13:27:55 -0700] "GET /GitHub-Mark.png HTTP/1.1" 200 7428 "http://www.secrepo.com/" "Mozilla/5.0 (Windows NT 10.0) AppleWebKit/537.36 (KHTML, like Gecko) Chrome/64.0.3282.140 Safari/537.36 Edge/17.17134" 
2.26.176.17 - - [09/Oct/2018:13:27:56 -0700] "GET /bootstrap/img/favicon.ico HTTP/1.1" 200 590 "-" "Mozilla/5.0 (Windows NT 10.0) AppleWebKit/537.36 (KHTML, like Gecko) Chrome/64.0.3282.140 Safari/537.36 Edge/17.17134" 
216.165.95.128 - - [09/Oct/2018:13:28:11 -0700] "GET / HTTP/1.1" 200 12383 "-" "Mozilla/5.0 (X11; Linux x86_64) AppleWebKit/537.36 (KHTML, like Gecko) Chrome/69.0.3497.100 Safari/537.36" 
216.165.95.128 - - [09/Oct/2018:13:28:11 -0700] "GET /twitter-icon.png HTTP/1.1" 200 27787 "http://www.secrepo.com/" "Mozilla/5.0 (X11; Linux x86_64) AppleWebKit/537.36 (KHTML, like Gecko) Chrome/69.0.3497.100 Safari/537.36" 
216.165.95.128 - - [09/Oct/2018:13:28:11 -0700] "GET /GitHub-Mark.png HTTP/1.1" 200 7427 "http://www.secrepo.com/" "Mozilla/5.0 (X11; Linux x86_64) AppleWebKit/537.36 (KHTML, like Gecko) Chrome/69.0.3497.100 Safari/537.36" 
216.165.95.128 - - [09/Oct/2018:13:28:11 -0700] "GET /bootstrap/img/favicon.ico HTTP/1.1" 200 589 "http://www.secrepo.com/" "Mozilla/5.0 (X11; Linux x86_64) AppleWebKit/537.36 (KHTML, like Gecko) Chrome/69.0.3497.100 Safari/537.36" 
216.165.95.160 - - [09/Oct/2018:13:29:43 -0700] "GET / HTTP/1.1" 301 483 "-" "Mozilla/5.0 (X11; Linux x86_64; rv:62.0) Gecko/20100101 Firefox/62.0" 
216.165.95.160 - - [09/Oct/2018:13:29:43 -0700] "GET / HTTP/1.1" 200 12383 "-" "Mozilla/5.0 (X11; Linux x86_64; rv:62.0) Gecko/20100101 Firefox/62.0" 
216.165.95.160 - - [09/Oct/2018:13:29:43 -0700] "GET /twitter-icon.png HTTP/1.1" 200 27787 "http://www.secrepo.com/" "Mozilla/5.0 (X11; Linux x86_64; rv:62.0) Gecko/20100101 Firefox/62.0" 
216.165.95.160 - - [09/Oct/2018:13:29:43 -0700] "GET /GitHub-Mark.png HTTP/1.1" 200 7428 "http://www.secrepo.com/" "Mozilla/5.0 (X11; Linux x86_64; rv:62.0) Gecko/20100101 Firefox/62.0" 
216.165.95.160 - - [09/Oct/2018:13:29:44 -0700] "GET /bootstrap/img/favicon.ico HTTP/1.1" 200 589 "-" "Mozilla/5.0 (X11; Linux x86_64; rv:62.0) Gecko/20100101 Firefox/62.0" 
54.36.148.139 - - [09/Oct/2018:13:33:28 -0700] "GET /self.logs/2015/error.log.2015-07-13.gz HTTP/1.1" 200 783 "-" "Mozilla/5.0 (compatible; AhrefsBot/5.2; +http://ahrefs.com/robot/)" 
209.15.209.85 - - [09/Oct/2018:13:36:32 -0700] "HEAD / HTTP/1.1" 200 239 "-" "-" 
178.255.215.78 - - [09/Oct/2018:13:37:09 -0700] "GET /self.logs/?C=D;O=A HTTP/1.1" 200 12558 "-" "Mozilla/5.0 (compatible; Exabot/3.0; +http://www.exabot.com/go/robot)" 
178.255.215.78 - - [09/Oct/2018:13:37:12 -0700] "GET /self.logs/?C=M;O=A HTTP/1.1" 200 13038 "-" "Mozilla/5.0 (compatible; Exabot/3.0; +http://www.exabot.com/go/robot)" 
212.34.19.45 - - [09/Oct/2018:13:37:12 -0700] "GET / HTTP/1.1" 200 12383 "-" "Mozilla/5.0 (Linux; Android 4.2.2; GT-I8200 Build/JDQ39) AppleWebKit/537.36 (KHTML, like Gecko) Chrome/34.0.1847.114 Mobile Safari/537.36" 
212.34.19.45 - - [09/Oct/2018:13:37:13 -0700] "GET /twitter-icon.png HTTP/1.1" 200 27787 "http://www.secrepo.com/" "Mozilla/5.0 (Linux; Android 4.2.2; GT-I8200 Build/JDQ39) AppleWebKit/537.36 (KHTML, like Gecko) Chrome/34.0.1847.114 Mobile Safari/537.36" 
212.34.19.45 - - [09/Oct/2018:13:37:13 -0700] "GET /GitHub-Mark.png HTTP/1.1" 200 7428 "http://www.secrepo.com/" "Mozilla/5.0 (Linux; Android 4.2.2; GT-I8200 Build/JDQ39) AppleWebKit/537.36 (KHTML, like Gecko) Chrome/34.0.1847.114 Mobile Safari/537.36" 
178.255.215.78 - - [09/Oct/2018:13:37:15 -0700] "GET /self.logs/?C=N;O=A HTTP/1.1" 200 12558 "-" "Mozilla/5.0 (compatible; Exabot/3.0; +http://www.exabot.com/go/robot)" 
212.34.19.45 - - [09/Oct/2018:13:37:17 -0700] "GET /bootstrap/img/favicon.ico HTTP/1.1" 200 590 "-" "Mozilla/5.0 (Linux; Android 4.2.2; GT-I8200 Build/JDQ39) AppleWebKit/537.36 (KHTML, like Gecko) Chrome/34.0.1847.114 Mobile Safari/537.36" 
86.184.59.187 - - [09/Oct/2018:13:42:31 -0700] "GET / HTTP/1.1" 200 12383 "-" "Mozilla/5.0 (Macintosh; Intel Mac OS X 10_13_6) AppleWebKit/605.1.15 (KHTML, like Gecko)" 
86.184.59.187 - - [09/Oct/2018:13:42:31 -0700] "GET /apple-touch-icon-precomposed.png HTTP/1.1" 404 340 "-" "Safari/13606.2.11 CFNetwork/902.1 Darwin/17.7.0 (x86_64)" 
86.184.59.187 - - [09/Oct/2018:13:42:32 -0700] "GET /apple-touch-icon.png HTTP/1.1" 404 339 "-" "Safari/13606.2.11 CFNetwork/902.1 Darwin/17.7.0 (x86_64)" 
86.184.59.187 - - [09/Oct/2018:13:42:32 -0700] "GET /bootstrap/img/favicon.ico HTTP/1.1" 200 589 "-" "Safari/13606.2.11 CFNetwork/902.1 Darwin/17.7.0 (x86_64)" 
86.184.59.187 - - [09/Oct/2018:13:42:32 -0700] "GET / HTTP/1.1" 200 12382 "-" "Mozilla/5.0 (iPhone; CPU iPhone OS 11_3 like Mac OS X) AppleWebKit/605.1.15 (KHTML, like Gecko) Version/11.0 Mobile/15E148 Safari/604.1" 
86.184.59.187 - - [09/Oct/2018:13:42:32 -0700] "GET /apple-touch-icon-precomposed.png HTTP/1.1" 404 339 "-" "Safari/13606.2.11 CFNetwork/902.1 Darwin/17.7.0 (x86_64)" 
86.184.59.187 - - [09/Oct/2018:13:42:32 -0700] "GET /apple-touch-icon.png HTTP/1.1" 404 339 "-" "Safari/13606.2.11 CFNetwork/902.1 Darwin/17.7.0 (x86_64)" 
86.184.59.187 - - [09/Oct/2018:13:42:32 -0700] "GET /bootstrap/img/favicon.ico HTTP/1.1" 200 589 "-" "Safari/13606.2.11 CFNetwork/902.1 Darwin/17.7.0 (x86_64)" 
18.191.165.71 - - [09/Oct/2018:13:43:41 -0700] "GET / HTTP/1.1" 200 12383 "-" "Mozilla/5.0 (X11; Linux x86_64) AppleWebKit/537.36 (KHTML, like Gecko) Chrome/51.0.2704.106 Safari/537.36 OPR/38.0.2220.41" 
46.229.168.136 - - [09/Oct/2018:13:43:44 -0700] "GET /robots.txt HTTP/1.1" 200 297 "-" "Mozilla/5.0 (compatible; SemrushBot/2~bl; +http://www.semrush.com/bot.html)" 
46.229.168.148 - - [09/Oct/2018:13:43:47 -0700] "GET / HTTP/1.1" 200 12346 "-" "Mozilla/5.0 (compatible; SemrushBot/2~bl; +http://www.semrush.com/bot.html)" 
54.36.148.109 - - [09/Oct/2018:13:52:23 -0700] "GET /self.logs/error.log.2016-08-11.gz HTTP/1.1" 404 284 "-" "Mozilla/5.0 (compatible; AhrefsBot/5.2; +http://ahrefs.com/robot/)" 
131.107.160.27 - - [09/Oct/2018:13:54:42 -0700] "GET /bootstrap/img/favicon.ico HTTP/1.1" 200 590 "-" "Mozilla/5.0 (Windows NT 10.0; Win64; x64) AppleWebKit/537.36 (KHTML, like Gecko) Chrome/69.0.3497.100 Safari/537.36" 
90.254.10.205 - - [09/Oct/2018:13:55:33 -0700] "GET / HTTP/1.1" 200 12383 "-" "Mozilla/5.0 (Macintosh; Intel Mac OS X 10_13_6) AppleWebKit/537.36 (KHTML, like Gecko) Chrome/69.0.3497.100 Safari/537.36" 
90.254.10.205 - - [09/Oct/2018:13:55:33 -0700] "GET /GitHub-Mark.png HTTP/1.1" 200 7427 "http://www.secrepo.com/" "Mozilla/5.0 (Macintosh; Intel Mac OS X 10_13_6) AppleWebKit/537.36 (KHTML, like Gecko) Chrome/69.0.3497.100 Safari/537.36" 
90.254.10.205 - - [09/Oct/2018:13:55:34 -0700] "GET /bootstrap/img/favicon.ico HTTP/1.1" 200 589 "http://www.secrepo.com/" "Mozilla/5.0 (Macintosh; Intel Mac OS X 10_13_6) AppleWebKit/537.36 (KHTML, like Gecko) Chrome/69.0.3497.100 Safari/537.36" 
88.109.106.158 - - [09/Oct/2018:13:56:46 -0700] "GET / HTTP/1.1" 200 12383 "-" "Mozilla/5.0 (Windows NT 10.0; Win64; x64) AppleWebKit/537.36 (KHTML, like Gecko) Chrome/69.0.3497.100 Safari/537.36" 
88.109.106.158 - - [09/Oct/2018:13:56:46 -0700] "GET /twitter-icon.png HTTP/1.1" 200 27787 "http://www.secrepo.com/" "Mozilla/5.0 (Windows NT 10.0; Win64; x64) AppleWebKit/537.36 (KHTML, like Gecko) Chrome/69.0.3497.100 Safari/537.36" 
88.109.106.158 - - [09/Oct/2018:13:56:46 -0700] "GET /GitHub-Mark.png HTTP/1.1" 200 7428 "http://www.secrepo.com/" "Mozilla/5.0 (Windows NT 10.0; Win64; x64) AppleWebKit/537.36 (KHTML, like Gecko) Chrome/69.0.3497.100 Safari/537.36" 
88.109.106.158 - - [09/Oct/2018:13:56:47 -0700] "GET /bootstrap/img/favicon.ico HTTP/1.1" 200 589 "http://www.secrepo.com/" "Mozilla/5.0 (Windows NT 10.0; Win64; x64) AppleWebKit/537.36 (KHTML, like Gecko) Chrome/69.0.3497.100 Safari/537.36" 
183.155.198.43 - - [09/Oct/2018:13:57:15 -0700] "GET / HTTP/1.1" 200 46212 "http://www.secrepo.com/" "Mozilla/4.0 (compatible; MSIE 9.0; Windows NT 6.1)" 
183.155.198.43 - - [09/Oct/2018:13:57:35 -0700] "POST //data/cache/asd.php HTTP/1.1" 404 295 "http://www.secrepo.com//data/cache/asd.php" "Mozilla/4.0 (compatible; MSIE 9.0; Windows NT 6.1)" 
183.155.198.43 - - [09/Oct/2018:13:57:36 -0700] "POST //plus/result.php HTTP/1.1" 404 294 "http://www.secrepo.com//plus/result.php" "Mozilla/4.0 (compatible; MSIE 9.0; Windows NT 6.1)" 
183.155.198.43 - - [09/Oct/2018:13:57:36 -0700] "POST //plus/read.php HTTP/1.1" 404 294 "http://www.secrepo.com//plus/read.php" "Mozilla/4.0 (compatible; MSIE 9.0; Windows NT 6.1)" 
183.155.198.43 - - [09/Oct/2018:13:57:36 -0700] "POST //data/cache/flye.php HTTP/1.1" 404 294 "http://www.secrepo.com//data/cache/flye.php" "Mozilla/4.0 (compatible; MSIE 9.0; Windows NT 6.1)" 
183.155.198.43 - - [09/Oct/2018:13:57:36 -0700] "POST //fuck.php HTTP/1.1" 404 294 "http://www.secrepo.com//fuck.php" "Mozilla/4.0 (compatible; MSIE 9.0; Windows NT 6.1)" 
183.155.198.43 - - [09/Oct/2018:13:57:36 -0700] "POST //inc/config.asp HTTP/1.1" 404 294 "http://www.secrepo.com//inc/config.asp" "Mozilla/4.0 (compatible; MSIE 9.0; Windows NT 6.1)" 
183.155.198.43 - - [09/Oct/2018:13:57:37 -0700] "POST //config/AspCms_Config.asp HTTP/1.1" 404 294 "http://www.secrepo.com//config/AspCms_Config.asp" "Mozilla/4.0 (compatible; MSIE 9.0; Windows NT 6.1)" 
54.36.148.35 - - [09/Oct/2018:13:57:41 -0700] "GET /self.logs/2015/error.log.2015-06-16.gz HTTP/1.1" 200 691 "-" "Mozilla/5.0 (compatible; AhrefsBot/5.2; +http://ahrefs.com/robot/)" 
54.36.149.55 - - [09/Oct/2018:13:59:15 -0700] "GET /self.logs/error.log.2015-01-27.gz HTTP/1.1" 404 284 "-" "Mozilla/5.0 (compatible; AhrefsBot/5.2; +http://ahrefs.com/robot/)" 
183.155.198.43 - - [09/Oct/2018:14:07:58 -0700] "GET / HTTP/1.1" 200 46212 "http://www.secrepo.com/" "Mozilla/4.0 (compatible; MSIE 9.0; Windows NT 6.1)" 
183.155.198.43 - - [09/Oct/2018:14:08:43 -0700] "POST //data/cache/asd.php HTTP/1.1" 404 295 "http://www.secrepo.com//data/cache/asd.php" "Mozilla/4.0 (compatible; MSIE 9.0; Windows NT 6.1)" 
183.155.198.43 - - [09/Oct/2018:14:08:43 -0700] "POST //plus/result.php HTTP/1.1" 404 294 "http://www.secrepo.com//plus/result.php" "Mozilla/4.0 (compatible; MSIE 9.0; Windows NT 6.1)" 
183.155.198.43 - - [09/Oct/2018:14:08:43 -0700] "POST //plus/read.php HTTP/1.1" 404 294 "http://www.secrepo.com//plus/read.php" "Mozilla/4.0 (compatible; MSIE 9.0; Windows NT 6.1)" 
183.155.198.43 - - [09/Oct/2018:14:08:43 -0700] "POST //data/cache/flye.php HTTP/1.1" 404 294 "http://www.secrepo.com//data/cache/flye.php" "Mozilla/4.0 (compatible; MSIE 9.0; Windows NT 6.1)" 
183.155.198.43 - - [09/Oct/2018:14:08:43 -0700] "POST //fuck.php HTTP/1.1" 404 294 "http://www.secrepo.com//fuck.php" "Mozilla/4.0 (compatible; MSIE 9.0; Windows NT 6.1)" 
183.155.198.43 - - [09/Oct/2018:14:08:44 -0700] "POST //inc/config.asp HTTP/1.1" 404 294 "http://www.secrepo.com//inc/config.asp" "Mozilla/4.0 (compatible; MSIE 9.0; Windows NT 6.1)" 
183.155.198.43 - - [09/Oct/2018:14:08:44 -0700] "POST //config/AspCms_Config.asp HTTP/1.1" 404 294 "http://www.secrepo.com//config/AspCms_Config.asp" "Mozilla/4.0 (compatible; MSIE 9.0; Windows NT 6.1)" 
113.171.224.176 - - [09/Oct/2018:14:10:21 -0700] "GET /honeypot/Honeypot%20-%20Howto.pdf HTTP/1.1" 200 46720 "-" "Mozilla/5.0 Gecko/20100115 Firefox/3.6" 
54.36.148.109 - - [09/Oct/2018:14:10:22 -0700] "GET /self.logs/2016/error.log.2016-02-03.gz HTTP/1.1" 200 710 "-" "Mozilla/5.0 (compatible; AhrefsBot/5.2; +http://ahrefs.com/robot/)" 
183.155.198.43 - - [09/Oct/2018:14:11:38 -0700] "GET / HTTP/1.1" 200 46212 "http://www.secrepo.com/" "Mozilla/4.0 (compatible; MSIE 9.0; Windows NT 6.1)" 
183.155.198.43 - - [09/Oct/2018:14:12:28 -0700] "POST //data/cache/asd.php HTTP/1.1" 404 295 "http://www.secrepo.com//data/cache/asd.php" "Mozilla/4.0 (compatible; MSIE 9.0; Windows NT 6.1)" 
183.155.198.43 - - [09/Oct/2018:14:12:28 -0700] "POST //plus/result.php HTTP/1.1" 404 294 "http://www.secrepo.com//plus/result.php" "Mozilla/4.0 (compatible; MSIE 9.0; Windows NT 6.1)" 
183.155.198.43 - - [09/Oct/2018:14:12:29 -0700] "POST //plus/read.php HTTP/1.1" 404 294 "http://www.secrepo.com//plus/read.php" "Mozilla/4.0 (compatible; MSIE 9.0; Windows NT 6.1)" 
183.155.198.43 - - [09/Oct/2018:14:12:29 -0700] "POST //data/cache/flye.php HTTP/1.1" 404 294 "http://www.secrepo.com//data/cache/flye.php" "Mozilla/4.0 (compatible; MSIE 9.0; Windows NT 6.1)" 
183.155.198.43 - - [09/Oct/2018:14:12:29 -0700] "POST //fuck.php HTTP/1.1" 404 294 "http://www.secrepo.com//fuck.php" "Mozilla/4.0 (compatible; MSIE 9.0; Windows NT 6.1)" 
183.155.198.43 - - [09/Oct/2018:14:12:29 -0700] "POST //inc/config.asp HTTP/1.1" 404 294 "http://www.secrepo.com//inc/config.asp" "Mozilla/4.0 (compatible; MSIE 9.0; Windows NT 6.1)" 
183.155.198.43 - - [09/Oct/2018:14:12:29 -0700] "POST //config/AspCms_Config.asp HTTP/1.1" 404 294 "http://www.secrepo.com//config/AspCms_Config.asp" "Mozilla/4.0 (compatible; MSIE 9.0; Windows NT 6.1)" 
54.36.148.171 - - [09/Oct/2018:14:12:33 -0700] "GET /self.logs/2015/error.log.2015-04-13.gz HTTP/1.1" 200 789 "-" "Mozilla/5.0 (compatible; AhrefsBot/5.2; +http://ahrefs.com/robot/)" 
220.181.108.187 - - [09/Oct/2018:14:12:48 -0700] "GET / HTTP/1.1" 301 446 "-" "Mozilla/5.0 (compatible; Baiduspider/2.0; +http://www.baidu.com/search/spider.html)" 
220.181.108.92 - - [09/Oct/2018:14:12:49 -0700] "GET / HTTP/1.1" 304 152 "-" "Mozilla/5.0 (compatible; Baiduspider/2.0; +http://www.baidu.com/search/spider.html)" 
123.125.67.218 - - [09/Oct/2018:14:12:50 -0700] "GET /robots.txt HTTP/1.1" 200 297 "-" "Mozilla/5.0 (Windows NT 10.0; WOW64) AppleWebKit/537.36 (KHTML, like Gecko) Chrome/45.0.2454.93 Safari/537.36" 
123.125.67.228 - - [09/Oct/2018:14:12:52 -0700] "GET /robots.txt HTTP/1.1" 200 297 "-" "Mozilla/5.0 (Windows NT 10.0; WOW64) AppleWebKit/537.36 (KHTML, like Gecko) Chrome/45.0.2454.93 Safari/537.36" 
123.125.67.228 - - [09/Oct/2018:14:12:54 -0700] "GET /robots.txt HTTP/1.1" 200 297 "-" "Mozilla/5.0 (Windows NT 10.0; WOW64) AppleWebKit/537.36 (KHTML, like Gecko) Chrome/45.0.2454.93 Safari/537.36" 
18.191.165.71 - - [09/Oct/2018:14:14:13 -0700] "GET / HTTP/1.1" 200 12383 "-" "Mozilla/5.0 (Macintosh; Intel Mac OS X x.y; rv:42.0) Trident/5.0 Firefox/42.0" 
183.155.198.43 - - [09/Oct/2018:14:14:24 -0700] "GET / HTTP/1.1" 200 46212 "http://www.secrepo.com/" "Mozilla/4.0 (compatible; MSIE 9.0; Windows NT 6.1)" 
183.155.198.43 - - [09/Oct/2018:14:14:45 -0700] "POST //data/cache/asd.php HTTP/1.1" 404 295 "http://www.secrepo.com//data/cache/asd.php" "Mozilla/4.0 (compatible; MSIE 9.0; Windows NT 6.1)" 
183.155.198.43 - - [09/Oct/2018:14:14:45 -0700] "POST //plus/result.php HTTP/1.1" 404 294 "http://www.secrepo.com//plus/result.php" "Mozilla/4.0 (compatible; MSIE 9.0; Windows NT 6.1)" 
183.155.198.43 - - [09/Oct/2018:14:14:46 -0700] "POST //plus/read.php HTTP/1.1" 404 294 "http://www.secrepo.com//plus/read.php" "Mozilla/4.0 (compatible; MSIE 9.0; Windows NT 6.1)" 
183.155.198.43 - - [09/Oct/2018:14:14:46 -0700] "POST //data/cache/flye.php HTTP/1.1" 404 294 "http://www.secrepo.com//data/cache/flye.php" "Mozilla/4.0 (compatible; MSIE 9.0; Windows NT 6.1)" 
183.155.198.43 - - [09/Oct/2018:14:14:46 -0700] "POST //fuck.php HTTP/1.1" 404 294 "http://www.secrepo.com//fuck.php" "Mozilla/4.0 (compatible; MSIE 9.0; Windows NT 6.1)" 
183.155.198.43 - - [09/Oct/2018:14:14:47 -0700] "POST //inc/config.asp HTTP/1.1" 404 294 "http://www.secrepo.com//inc/config.asp" "Mozilla/4.0 (compatible; MSIE 9.0; Windows NT 6.1)" 
183.155.198.43 - - [09/Oct/2018:14:14:47 -0700] "POST //config/AspCms_Config.asp HTTP/1.1" 404 294 "http://www.secrepo.com//config/AspCms_Config.asp" "Mozilla/4.0 (compatible; MSIE 9.0; Windows NT 6.1)" 
54.36.148.110 - - [09/Oct/2018:14:15:00 -0700] "GET /self.logs/error.log.2017-04-12.gz HTTP/1.1" 200 876 "-" "Mozilla/5.0 (compatible; AhrefsBot/5.2; +http://ahrefs.com/robot/)" 
72.35.208.23 - - [09/Oct/2018:14:15:22 -0700] "GET / HTTP/1.1" 200 12383 "-" "Mozilla/5.0 (Windows NT 10.0; Win64; x64) AppleWebKit/537.36 (KHTML, like Gecko) Chrome/69.0.3497.100 Safari/537.36" 
86.184.59.187 - - [09/Oct/2018:14:18:08 -0700] "GET / HTTP/1.1" 200 12383 "-" "Mozilla/5.0 (Macintosh; Intel Mac OS X 10_13_6) AppleWebKit/605.1.15 (KHTML, like Gecko)" 
86.184.59.187 - - [09/Oct/2018:14:18:08 -0700] "GET /apple-touch-icon-precomposed.png HTTP/1.1" 404 340 "-" "Safari/13606.2.11 CFNetwork/902.1 Darwin/17.7.0 (x86_64)" 
86.184.59.187 - - [09/Oct/2018:14:18:08 -0700] "GET /apple-touch-icon.png HTTP/1.1" 404 339 "-" "Safari/13606.2.11 CFNetwork/902.1 Darwin/17.7.0 (x86_64)" 
86.184.59.187 - - [09/Oct/2018:14:18:08 -0700] "GET /bootstrap/img/favicon.ico HTTP/1.1" 200 589 "-" "Safari/13606.2.11 CFNetwork/902.1 Darwin/17.7.0 (x86_64)" 
86.184.59.187 - - [09/Oct/2018:14:18:08 -0700] "GET / HTTP/1.1" 200 12382 "-" "Mozilla/5.0 (iPhone; CPU iPhone OS 11_3 like Mac OS X) AppleWebKit/605.1.15 (KHTML, like Gecko) Version/11.0 Mobile/15E148 Safari/604.1" 
86.184.59.187 - - [09/Oct/2018:14:18:08 -0700] "GET /apple-touch-icon-precomposed.png HTTP/1.1" 404 339 "-" "Safari/13606.2.11 CFNetwork/902.1 Darwin/17.7.0 (x86_64)" 
86.184.59.187 - - [09/Oct/2018:14:18:08 -0700] "GET /apple-touch-icon.png HTTP/1.1" 404 339 "-" "Safari/13606.2.11 CFNetwork/902.1 Darwin/17.7.0 (x86_64)" 
86.184.59.187 - - [09/Oct/2018:14:18:09 -0700] "GET /bootstrap/img/favicon.ico HTTP/1.1" 200 589 "-" "Safari/13606.2.11 CFNetwork/902.1 Darwin/17.7.0 (x86_64)" 
142.93.180.204 - - [09/Oct/2018:14:22:39 -0700] "GET / HTTP/1.1" 301 483 "-" "Mozilla/5.0 (Macintosh; Intel Mac OS X 10_10_5) AppleWebKit/537.36 (KHTML, like Gecko) Chrome/45.0.2454.101 Safari/537.36" 
159.65.244.115 - - [09/Oct/2018:14:22:39 -0700] "GET / HTTP/1.1" 200 12383 "-" "Mozilla/5.0 (Macintosh; Intel Mac OS X 10_10_5) AppleWebKit/537.36 (KHTML, like Gecko) Chrome/45.0.2454.101 Safari/537.36" 
67.207.104.155 - - [09/Oct/2018:14:22:58 -0700] "GET /maccdc2012/dhcp.log.gz HTTP/1.1" 200 44867 "-" "Wget/1.19.4 (linux-gnu)" 
41.223.160.173 - - [09/Oct/2018:14:23:01 -0700] "GET /tg/tg_snort_fast.7z HTTP/1.1" 304 131 "-" "Mozilla/5.0 Gecko/20100115 Firefox/3.6" 
67.207.104.155 - - [09/Oct/2018:14:23:09 -0700] "GET /maccdc2012/dns.log.gz HTTP/1.1" 200 6607269 "-" "Wget/1.19.4 (linux-gnu)" 
67.207.104.155 - - [09/Oct/2018:14:23:35 -0700] "GET /maccdc2012/files.log.gz HTTP/1.1" 200 51233359 "-" "Wget/1.19.4 (linux-gnu)" 
13.58.201.75 - - [09/Oct/2018:14:24:39 -0700] "GET / HTTP/1.1" 200 12383 "-" "Mozilla/5.0 (Macintosh; Intel Mac OS X x.y; rv:42.0) Trident/5.0 Safari/602.1" 
67.207.104.155 - - [09/Oct/2018:14:24:43 -0700] "GET /maccdc2012/ftp.log.gz HTTP/1.1" 200 127651 "-" "Wget/1.19.4 (linux-gnu)" 
67.207.104.155 - - [09/Oct/2018:14:25:02 -0700] "GET /maccdc2012/http.log.gz HTTP/1.1" 200 2044000 "-" "Wget/1.19.4 (linux-gnu)" 
67.207.104.155 - - [09/Oct/2018:14:25:06 -0700] "GET /maccdc2012/http.log.gz HTTP/1.1" 206 54863421 "-" "Wget/1.19.4 (linux-gnu)" 
67.207.104.155 - - [09/Oct/2018:14:26:40 -0700] "GET /maccdc2012/notice.log.gz HTTP/1.1" 200 20687 "-" "Wget/1.19.4 (linux-gnu)" 
67.207.104.155 - - [09/Oct/2018:14:26:51 -0700] "GET /maccdc2012/signatures.log.gz HTTP/1.1" 200 558 "-" "Wget/1.19.4 (linux-gnu)" 
50.1.114.34 - - [09/Oct/2018:14:27:10 -0700] "GET /bootstrap/img/favicon.ico HTTP/1.1" 200 590 "-" "Mozilla/5.0 (Macintosh; Intel Mac OS X 10.13; rv:61.0) Gecko/20100101 Firefox/61.0" 
67.207.104.155 - - [09/Oct/2018:14:27:11 -0700] "GET /maccdc2012/smtp.log.gz HTTP/1.1" 200 6846 "-" "Wget/1.19.4 (linux-gnu)" 
67.207.104.155 - - [09/Oct/2018:14:27:20 -0700] "GET /maccdc2012/ssh.log.gz HTTP/1.1" 200 182457 "-" "Wget/1.19.4 (linux-gnu)" 
67.207.104.155 - - [09/Oct/2018:14:27:33 -0700] "GET /maccdc2012/ssl.log.gz HTTP/1.1" 200 1311376 "-" "Wget/1.19.4 (linux-gnu)" 
67.207.104.155 - - [09/Oct/2018:14:27:50 -0700] "GET /maccdc2012/tunnel.log.gz HTTP/1.1" 200 5172 "-" "Wget/1.19.4 (linux-gnu)" 
67.207.104.155 - - [09/Oct/2018:14:28:08 -0700] "GET /maccdc2012/weird.log.gz HTTP/1.1" 200 1252744 "-" "Wget/1.19.4 (linux-gnu)" 
34.222.21.227 - - [09/Oct/2018:14:28:17 -0700] "GET /bootstrap/img/favicon.ico HTTP/1.1" 200 534 "-" "Mozilla/4.0 (compatible; MSIE 8.0; Windows NT 5.1; Trident/4.0)" 
67.207.104.155 - - [09/Oct/2018:14:28:33 -0700] "GET /maccdc2012/maccdc2012_fast_alert.7z HTTP/1.1" 200 9478149 "-" "Wget/1.19.4 (linux-gnu)" 
67.207.104.155 - - [09/Oct/2018:14:28:54 -0700] "GET /maccdc2012/maccdc2012_full_alert.7z HTTP/1.1" 200 24978942 "-" "Wget/1.19.4 (linux-gnu)" 
174.85.31.143 - - [09/Oct/2018:14:30:48 -0700] "GET /twitter-icon.png HTTP/1.1" 200 27788 "http://www.secrepo.com/" "Mozilla/5.0 (Macintosh; Intel Mac OS X 10_13_2) AppleWebKit/537.36 (KHTML, like Gecko) Chrome/68.0.3440.106 Safari/537.36" 
174.85.31.143 - - [09/Oct/2018:14:30:48 -0700] "GET /GitHub-Mark.png HTTP/1.1" 200 7428 "http://www.secrepo.com/" "Mozilla/5.0 (Macintosh; Intel Mac OS X 10_13_2) AppleWebKit/537.36 (KHTML, like Gecko) Chrome/68.0.3440.106 Safari/537.36" 
174.85.31.143 - - [09/Oct/2018:14:30:49 -0700] "GET /bootstrap/img/favicon.ico HTTP/1.1" 200 589 "http://www.secrepo.com/" "Mozilla/5.0 (Macintosh; Intel Mac OS X 10_13_2) AppleWebKit/537.36 (KHTML, like Gecko) Chrome/68.0.3440.106 Safari/537.36" 
67.207.104.155 - - [09/Oct/2018:14:29:55 -0700] "GET /tg/a.zip HTTP/1.1" 200 66189337 "-" "Wget/1.19.4 (linux-gnu)" 
138.47.145.20 - - [09/Oct/2018:14:32:32 -0700] "GET / HTTP/1.1" 301 483 "-" "Mozilla/5.0 (Windows NT 10.0; Win64; x64) AppleWebKit/537.36 (KHTML, like Gecko) Chrome/69.0.3497.100 Safari/537.36" 
138.47.145.20 - - [09/Oct/2018:14:32:32 -0700] "GET / HTTP/1.1" 200 12383 "-" "Mozilla/5.0 (Windows NT 10.0; Win64; x64) AppleWebKit/537.36 (KHTML, like Gecko) Chrome/69.0.3497.100 Safari/537.36" 
138.47.145.20 - - [09/Oct/2018:14:32:32 -0700] "GET /twitter-icon.png HTTP/1.1" 200 27787 "http://www.secrepo.com/" "Mozilla/5.0 (Windows NT 10.0; Win64; x64) AppleWebKit/537.36 (KHTML, like Gecko) Chrome/69.0.3497.100 Safari/537.36" 
138.47.145.20 - - [09/Oct/2018:14:32:32 -0700] "GET /GitHub-Mark.png HTTP/1.1" 200 7428 "http://www.secrepo.com/" "Mozilla/5.0 (Windows NT 10.0; Win64; x64) AppleWebKit/537.36 (KHTML, like Gecko) Chrome/69.0.3497.100 Safari/537.36" 
138.47.145.20 - - [09/Oct/2018:14:32:33 -0700] "GET /bootstrap/img/favicon.ico HTTP/1.1" 200 589 "http://www.secrepo.com/" "Mozilla/5.0 (Windows NT 10.0; Win64; x64) AppleWebKit/537.36 (KHTML, like Gecko) Chrome/69.0.3497.100 Safari/537.36" 
138.47.141.209 - - [09/Oct/2018:14:32:56 -0700] "GET / HTTP/1.1" 301 483 "-" "Mozilla/5.0 (Macintosh; Intel Mac OS X 10_13_4) AppleWebKit/537.36 (KHTML, like Gecko) Chrome/69.0.3497.100 Safari/537.36" 
138.47.141.209 - - [09/Oct/2018:14:32:56 -0700] "GET / HTTP/1.1" 200 12383 "-" "Mozilla/5.0 (Macintosh; Intel Mac OS X 10_13_4) AppleWebKit/537.36 (KHTML, like Gecko) Chrome/69.0.3497.100 Safari/537.36" 
138.47.141.209 - - [09/Oct/2018:14:32:56 -0700] "GET /twitter-icon.png HTTP/1.1" 200 27787 "http://www.secrepo.com/" "Mozilla/5.0 (Macintosh; Intel Mac OS X 10_13_4) AppleWebKit/537.36 (KHTML, like Gecko) Chrome/69.0.3497.100 Safari/537.36" 
138.47.141.209 - - [09/Oct/2018:14:32:56 -0700] "GET /GitHub-Mark.png HTTP/1.1" 200 7428 "http://www.secrepo.com/" "Mozilla/5.0 (Macintosh; Intel Mac OS X 10_13_4) AppleWebKit/537.36 (KHTML, like Gecko) Chrome/69.0.3497.100 Safari/537.36" 
138.47.141.209 - - [09/Oct/2018:14:32:57 -0700] "GET /bootstrap/img/favicon.ico HTTP/1.1" 200 589 "http://www.secrepo.com/" "Mozilla/5.0 (Macintosh; Intel Mac OS X 10_13_4) AppleWebKit/537.36 (KHTML, like Gecko) Chrome/69.0.3497.100 Safari/537.36" 
41.223.160.173 - - [09/Oct/2018:14:32:59 -0700] "GET /maccdc2012/dns.log.gz HTTP/1.1" 304 154 "-" "Mozilla/5.0 Gecko/20100115 Firefox/3.6" 
67.207.104.155 - - [09/Oct/2018:14:32:11 -0700] "GET /tg/b.zip HTTP/1.1" 200 42298164 "-" "Wget/1.19.4 (linux-gnu)" 
67.207.104.155 - - [09/Oct/2018:14:33:59 -0700] "GET /tg/c.zip HTTP/1.1" 200 63359118 "-" "Wget/1.19.4 (linux-gnu)" 
67.207.104.155 - - [09/Oct/2018:14:35:46 -0700] "GET /tg/tg_snort_fast.7z HTTP/1.1" 200 4274093 "-" "Wget/1.19.4 (linux-gnu)" 
67.207.104.155 - - [09/Oct/2018:14:36:01 -0700] "GET /tg/tg_snort_full.7z HTTP/1.1" 200 8847794 "-" "Wget/1.19.4 (linux-gnu)" 
67.207.104.155 - - [09/Oct/2018:14:36:30 -0700] "GET /misc/zeus_dga_domains.txt.zip HTTP/1.1" 200 592293 "-" "Wget/1.19.4 (linux-gnu)" 
67.207.104.155 - - [09/Oct/2018:14:36:49 -0700] "GET /domaindata/domainmovement.zip HTTP/1.1" 200 7437725 "-" "Wget/1.19.4 (linux-gnu)" 
108.217.161.239 - - [09/Oct/2018:14:36:59 -0700] "GET / HTTP/1.1" 301 483 "-" "Mozilla/5.0 (Windows NT 6.1; Win64; x64) AppleWebKit/537.36 (KHTML, like Gecko) Chrome/68.0.3440.106 Safari/537.36" 
108.217.161.239 - - [09/Oct/2018:14:36:59 -0700] "GET / HTTP/1.1" 200 12383 "-" "Mozilla/5.0 (Windows NT 6.1; Win64; x64) AppleWebKit/537.36 (KHTML, like Gecko) Chrome/68.0.3440.106 Safari/537.36" 
108.217.161.239 - - [09/Oct/2018:14:36:59 -0700] "GET /twitter-icon.png HTTP/1.1" 200 27787 "http://www.secrepo.com/" "Mozilla/5.0 (Windows NT 6.1; Win64; x64) AppleWebKit/537.36 (KHTML, like Gecko) Chrome/68.0.3440.106 Safari/537.36" 
108.217.161.239 - - [09/Oct/2018:14:36:59 -0700] "GET /GitHub-Mark.png HTTP/1.1" 200 7428 "http://www.secrepo.com/" "Mozilla/5.0 (Windows NT 6.1; Win64; x64) AppleWebKit/537.36 (KHTML, like Gecko) Chrome/68.0.3440.106 Safari/537.36" 
108.217.161.239 - - [09/Oct/2018:14:37:00 -0700] "GET /bootstrap/img/favicon.ico HTTP/1.1" 200 589 "http://www.secrepo.com/" "Mozilla/5.0 (Windows NT 6.1; Win64; x64) AppleWebKit/537.36 (KHTML, like Gecko) Chrome/68.0.3440.106 Safari/537.36" 
67.207.104.155 - - [09/Oct/2018:14:37:01 -0700] "GET /scada/scada_logs.zip HTTP/1.1" 200 364901 "-" "Wget/1.19.4 (linux-gnu)" 
118.112.123.229 - - [09/Oct/2018:14:37:47 -0700] "GET / HTTP/1.1" 200 46212 "http://www.secrepo.com/" "Mozilla/4.0 (compatible; MSIE 9.0; Windows NT 6.1)" 
118.112.123.229 - - [09/Oct/2018:14:37:48 -0700] "POST //data/cache/asd.php HTTP/1.1" 404 294 "http://www.secrepo.com//data/cache/asd.php" "Mozilla/4.0 (compatible; MSIE 9.0; Windows NT 6.1)" 
67.207.104.155 - - [09/Oct/2018:14:38:03 -0700] "GET /pe_static/zeus.zip HTTP/1.1" 200 51367111 "-" "Wget/1.19.4 (linux-gnu)" 
67.207.104.155 - - [09/Oct/2018:14:38:57 -0700] "GET /Datasets%20Description/Network/dhcp.html HTTP/1.1" 200 1355 "http://www.secrepo.com/" "Mozilla/5.0 (X11; Linux x86_64) AppleWebKit/537.36 (KHTML, like Gecko) snap Chromium/69.0.3497.100 Chrome/69.0.3497.100 Safari/537.36" 
67.207.104.155 - - [09/Oct/2018:14:38:57 -0700] "GET /favicon.ico HTTP/1.1" 200 267 "http://www.secrepo.com/Datasets%20Description/Network/dhcp.html" "Mozilla/5.0 (X11; Linux x86_64) AppleWebKit/537.36 (KHTML, like Gecko) snap Chromium/69.0.3497.100 Chrome/69.0.3497.100 Safari/537.36" 
54.36.149.26 - - [09/Oct/2018:14:39:15 -0700] "GET /self.logs/2016/access.log.2016-03-17.gz HTTP/1.1" 200 16482 "-" "Mozilla/5.0 (compatible; AhrefsBot/5.2; +http://ahrefs.com/robot/)" 
18.216.137.18 - - [09/Oct/2018:14:44:07 -0700] "GET / HTTP/1.1" 200 12383 "-" "Mozilla/5.0 (Windows NT 6.1; Win64; x64; rv:47.0) AppleWebKit/537.36 (KHTML, like Gecko) Firefox/42.0" 
54.36.148.230 - - [09/Oct/2018:14:45:54 -0700] "GET /self.logs/error.log.2016-08-19.gz HTTP/1.1" 404 284 "-" "Mozilla/5.0 (compatible; AhrefsBot/5.2; +http://ahrefs.com/robot/)" 
54.36.148.32 - - [09/Oct/2018:14:54:32 -0700] "GET /self.logs/access.log.2017-09-10.gz HTTP/1.1" 200 21807 "-" "Mozilla/5.0 (compatible; AhrefsBot/5.2; +http://ahrefs.com/robot/)" 
75.70.1.196 - - [09/Oct/2018:15:03:02 -0700] "GET / HTTP/1.1" 200 12383 "-" "Mozilla/5.0 (Windows NT 10.0; Win64; x64) AppleWebKit/537.36 (KHTML, like Gecko) Chrome/69.0.3497.100 Safari/537.36" 
75.70.1.196 - - [09/Oct/2018:15:03:02 -0700] "GET /twitter-icon.png HTTP/1.1" 200 27787 "http://www.secrepo.com/" "Mozilla/5.0 (Windows NT 10.0; Win64; x64) AppleWebKit/537.36 (KHTML, like Gecko) Chrome/69.0.3497.100 Safari/537.36" 
75.70.1.196 - - [09/Oct/2018:15:03:02 -0700] "GET /GitHub-Mark.png HTTP/1.1" 200 7428 "http://www.secrepo.com/" "Mozilla/5.0 (Windows NT 10.0; Win64; x64) AppleWebKit/537.36 (KHTML, like Gecko) Chrome/69.0.3497.100 Safari/537.36" 
75.70.1.196 - - [09/Oct/2018:15:03:04 -0700] "GET /bootstrap/img/favicon.ico HTTP/1.1" 200 589 "http://www.secrepo.com/" "Mozilla/5.0 (Windows NT 10.0; Win64; x64) AppleWebKit/537.36 (KHTML, like Gecko) Chrome/69.0.3497.100 Safari/537.36" 
199.223.30.254 - - [09/Oct/2018:15:03:44 -0700] "GET / HTTP/1.1" 200 46212 "-" "Mozilla/5.0 (compatible; MSIE 10.0; Windows NT 6.2; WOW64; Trident/6.0)" 
54.36.148.213 - - [09/Oct/2018:15:08:19 -0700] "GET /self.logs/access.log.2016-09-21.gz HTTP/1.1" 404 284 "-" "Mozilla/5.0 (compatible; AhrefsBot/5.2; +http://ahrefs.com/robot/)" 
113.171.224.176 - - [09/Oct/2018:15:12:43 -0700] "GET /honeypot/Honeypot%20-%20Howto.pdf HTTP/1.1" 200 46720 "-" "Mozilla/5.0 Gecko/20100115 Firefox/3.6" 
68.65.169.4 - - [09/Oct/2018:15:13:06 -0700] "GET / HTTP/1.1" 200 12383 "-" "Mozilla/5.0 (Windows NT 10.0; Win64; x64; rv:62.0) Gecko/20100101 Firefox/62.0" 
68.65.169.4 - - [09/Oct/2018:15:13:06 -0700] "GET /twitter-icon.png HTTP/1.1" 200 27787 "http://www.secrepo.com/" "Mozilla/5.0 (Windows NT 10.0; Win64; x64; rv:62.0) Gecko/20100101 Firefox/62.0" 
68.65.169.4 - - [09/Oct/2018:15:13:06 -0700] "GET /GitHub-Mark.png HTTP/1.1" 200 7428 "http://www.secrepo.com/" "Mozilla/5.0 (Windows NT 10.0; Win64; x64; rv:62.0) Gecko/20100101 Firefox/62.0" 
68.65.169.4 - - [09/Oct/2018:15:13:06 -0700] "GET /bootstrap/img/favicon.ico HTTP/1.1" 200 589 "-" "Mozilla/5.0 (Windows NT 10.0; Win64; x64; rv:62.0) Gecko/20100101 Firefox/62.0" 
18.188.94.118 - - [09/Oct/2018:15:14:04 -0700] "GET / HTTP/1.1" 200 12383 "-" "Mozilla/5.0 (Macintosh; Intel Mac OS X x.y; rv:42.0) AppleWebKit/537.36 (KHTML, like Gecko) Safari/602.1" 
54.36.148.124 - - [09/Oct/2018:15:16:45 -0700] "GET /self.logs/access.log.2018-01-18.gz HTTP/1.1" 200 27026 "-" "Mozilla/5.0 (compatible; AhrefsBot/5.2; +http://ahrefs.com/robot/)" 
54.36.148.171 - - [09/Oct/2018:15:22:58 -0700] "GET /self.logs/error.log.2016-03-05.gz HTTP/1.1" 404 284 "-" "Mozilla/5.0 (compatible; AhrefsBot/5.2; +http://ahrefs.com/robot/)" 
54.36.148.192 - - [09/Oct/2018:15:23:51 -0700] "GET /self.logs/error.log.2015-06-20.gz HTTP/1.1" 404 284 "-" "Mozilla/5.0 (compatible; AhrefsBot/5.2; +http://ahrefs.com/robot/)" 
18.224.45.232 - - [09/Oct/2018:15:25:15 -0700] "GET / HTTP/1.1" 200 12383 "-" "Mozilla/5.0 (Macintosh; Intel Mac OS X x.y; rv:42.0) AppleWebKit/537.36 (KHTML, like Gecko) Firefox/42.0" 
54.36.148.84 - - [09/Oct/2018:15:27:35 -0700] "GET /self.logs/access.log.2015-03-11.gz HTTP/1.1" 404 284 "-" "Mozilla/5.0 (compatible; AhrefsBot/5.2; +http://ahrefs.com/robot/)" 
95.151.89.60 - - [09/Oct/2018:15:29:34 -0700] "GET / HTTP/1.1" 200 12383 "-" "Mozilla/5.0 (Linux; Android 4.4.2; SM-T310 Build/KOT49H) AppleWebKit/537.36 (KHTML, like Gecko) Chrome/69.0.3497.100 Safari/537.36" 
95.151.89.60 - - [09/Oct/2018:15:29:35 -0700] "GET /twitter-icon.png HTTP/1.1" 200 27787 "http://www.secrepo.com/" "Mozilla/5.0 (Linux; Android 4.4.2; SM-T310 Build/KOT49H) AppleWebKit/537.36 (KHTML, like Gecko) Chrome/69.0.3497.100 Safari/537.36" 
95.151.89.60 - - [09/Oct/2018:15:29:35 -0700] "GET /GitHub-Mark.png HTTP/1.1" 200 7428 "http://www.secrepo.com/" "Mozilla/5.0 (Linux; Android 4.4.2; SM-T310 Build/KOT49H) AppleWebKit/537.36 (KHTML, like Gecko) Chrome/69.0.3497.100 Safari/537.36" 
95.151.89.60 - - [09/Oct/2018:15:29:37 -0700] "GET /bootstrap/img/favicon.ico HTTP/1.1" 200 590 "http://www.secrepo.com/" "Mozilla/5.0 (Linux; Android 4.4.2; SM-T310 Build/KOT49H) AppleWebKit/537.36 (KHTML, like Gecko) Chrome/69.0.3497.100 Safari/537.36" 
95.151.89.60 - - [09/Oct/2018:15:30:51 -0700] "GET / HTTP/1.1" 200 12383 "-" "Mozilla/5.0 (X11; Linux x86_64) AppleWebKit/537.36 (KHTML, like Gecko) Version/4.0 Chrome/30.0.0.0 Safari/537.36" 
95.151.89.60 - - [09/Oct/2018:15:30:52 -0700] "GET /twitter-icon.png HTTP/1.1" 200 27787 "-" "Mozilla/5.0 (X11; Linux x86_64) AppleWebKit/537.36 (KHTML, like Gecko) Version/4.0 Chrome/30.0.0.0 Safari/537.36" 
95.151.89.60 - - [09/Oct/2018:15:30:52 -0700] "GET /GitHub-Mark.png HTTP/1.1" 200 7428 "-" "Mozilla/5.0 (X11; Linux x86_64) AppleWebKit/537.36 (KHTML, like Gecko) Version/4.0 Chrome/30.0.0.0 Safari/537.36" 
54.36.148.93 - - [09/Oct/2018:15:33:21 -0700] "GET /self.logs/2016/access.log.2016-05-25.gz HTTP/1.1" 200 22429 "-" "Mozilla/5.0 (compatible; AhrefsBot/5.2; +http://ahrefs.com/robot/)" 
66.249.66.82 - - [09/Oct/2018:15:35:20 -0700] "GET /honeypot/Honeypot HTTP/1.1" 404 340 "-" "Mozilla/5.0 (Linux; Android 6.0.1; Nexus 5X Build/MMB29P) AppleWebKit/537.36 (KHTML, like Gecko) Chrome/41.0.2272.96 Mobile Safari/537.36 (compatible; Googlebot/2.1; +http://www.google.com/bot.html)" 
209.15.209.85 - - [09/Oct/2018:15:39:25 -0700] "HEAD / HTTP/1.1" 200 239 "-" "-" 
129.10.112.90 - - [09/Oct/2018:15:39:26 -0700] "GET / HTTP/1.1" 200 12383 "https://www.researchgate.net/" "Mozilla/5.0 (Windows NT 6.1; Win64; x64) AppleWebKit/537.36 (KHTML, like Gecko) Chrome/69.0.3497.100 Safari/537.36" 
129.10.112.90 - - [09/Oct/2018:15:39:28 -0700] "GET /twitter-icon.png HTTP/1.1" 200 27788 "http://www.secrepo.com/" "Mozilla/5.0 (Windows NT 6.1; Win64; x64) AppleWebKit/537.36 (KHTML, like Gecko) Chrome/69.0.3497.100 Safari/537.36" 
129.10.112.90 - - [09/Oct/2018:15:39:28 -0700] "GET /GitHub-Mark.png HTTP/1.1" 200 7428 "http://www.secrepo.com/" "Mozilla/5.0 (Windows NT 6.1; Win64; x64) AppleWebKit/537.36 (KHTML, like Gecko) Chrome/69.0.3497.100 Safari/537.36" 
129.10.112.90 - - [09/Oct/2018:15:39:28 -0700] "GET /bootstrap/img/favicon.ico HTTP/1.1" 200 589 "http://www.secrepo.com/" "Mozilla/5.0 (Windows NT 6.1; Win64; x64) AppleWebKit/537.36 (KHTML, like Gecko) Chrome/69.0.3497.100 Safari/537.36" 
18.222.108.192 - - [09/Oct/2018:15:44:23 -0700] "GET / HTTP/1.1" 200 12383 "-" "Mozilla/5.0 (Macintosh; Intel Mac OS X x.y; rv:42.0) AppleWebKit/537.36 (KHTML, like Gecko) Safari/602.1" 
54.36.148.230 - - [09/Oct/2018:15:50:12 -0700] "GET /self.logs/error.log.2018-09-23.gz HTTP/1.1" 200 5879 "-" "Mozilla/5.0 (compatible; AhrefsBot/5.2; +http://ahrefs.com/robot/)" 
54.36.148.153 - - [09/Oct/2018:15:57:13 -0700] "GET /self.logs/access.log.2017-04-24.gz HTTP/1.1" 200 17119 "-" "Mozilla/5.0 (compatible; AhrefsBot/5.2; +http://ahrefs.com/robot/)" 
66.249.66.84 - - [09/Oct/2018:15:59:21 -0700] "GET /Datasets%20Description/PE_malware/OPCleaver.html HTTP/1.1" 304 188 "-" "Mozilla/5.0 (Linux; Android 6.0.1; Nexus 5X Build/MMB29P) AppleWebKit/537.36 (KHTML, like Gecko) Chrome/41.0.2272.96 Mobile Safari/537.36 (compatible; Googlebot/2.1; +http://www.google.com/bot.html)" 
73.231.55.156 - - [09/Oct/2018:16:00:51 -0700] "GET / HTTP/1.1" 200 12383 "-" "Mozilla/5.0 (Macintosh; Intel Mac OS X 10_13_6) AppleWebKit/537.36 (KHTML, like Gecko) Chrome/69.0.3497.100 Safari/537.36" 
73.231.55.156 - - [09/Oct/2018:16:00:52 -0700] "GET /twitter-icon.png HTTP/1.1" 200 27787 "http://www.secrepo.com/" "Mozilla/5.0 (Macintosh; Intel Mac OS X 10_13_6) AppleWebKit/537.36 (KHTML, like Gecko) Chrome/69.0.3497.100 Safari/537.36" 
73.231.55.156 - - [09/Oct/2018:16:00:52 -0700] "GET /GitHub-Mark.png HTTP/1.1" 200 7428 "http://www.secrepo.com/" "Mozilla/5.0 (Macintosh; Intel Mac OS X 10_13_6) AppleWebKit/537.36 (KHTML, like Gecko) Chrome/69.0.3497.100 Safari/537.36" 
73.231.55.156 - - [09/Oct/2018:16:00:52 -0700] "GET /bootstrap/img/favicon.ico HTTP/1.1" 200 589 "http://www.secrepo.com/" "Mozilla/5.0 (Macintosh; Intel Mac OS X 10_13_6) AppleWebKit/537.36 (KHTML, like Gecko) Chrome/69.0.3497.100 Safari/537.36" 
54.36.149.47 - - [09/Oct/2018:16:08:38 -0700] "GET /self.logs/access.log.2018-06-03.gz HTTP/1.1" 200 16321 "-" "Mozilla/5.0 (compatible; AhrefsBot/5.2; +http://ahrefs.com/robot/)" 
216.244.66.245 - - [09/Oct/2018:16:09:20 -0700] "GET /robots.txt HTTP/1.1" 200 233 "-" "Mozilla/5.0 (compatible; DotBot/1.1; http://www.opensiteexplorer.org/dotbot, help@moz.com)" 
66.249.66.82 - - [09/Oct/2018:16:09:36 -0700] "GET / HTTP/1.1" 200 12383 "-" "Mozilla/5.0 (Linux; Android 6.0.1; Nexus 5X Build/MMB29P) AppleWebKit/537.36 (KHTML, like Gecko) Chrome/41.0.2272.96 Mobile Safari/537.36 (compatible; Googlebot/2.1; +http://www.google.com/bot.html)" 
18.222.108.192 - - [09/Oct/2018:16:14:12 -0700] "GET / HTTP/1.1" 200 12383 "-" "Mozilla/5.0 (Macintosh; Intel Mac OS X x.y; rv:42.0) Trident/5.0 Safari/602.1" 
113.171.224.176 - - [09/Oct/2018:16:18:02 -0700] "GET /honeypot/Honeypot%20-%20Howto.pdf HTTP/1.1" 200 46720 "-" "Mozilla/5.0 Gecko/20100115 Firefox/3.6" 
196.229.4.187 - - [09/Oct/2018:16:19:14 -0700] "GET / HTTP/1.1" 200 12383 "-" "Mozilla/5.0 (X11; Linux x86_64) AppleWebKit/537.36 (KHTML, like Gecko) Chrome/69.0.3497.100 Safari/537.36" 
196.229.4.187 - - [09/Oct/2018:16:19:15 -0700] "GET /twitter-icon.png HTTP/1.1" 200 27787 "http://www.secrepo.com/" "Mozilla/5.0 (X11; Linux x86_64) AppleWebKit/537.36 (KHTML, like Gecko) Chrome/69.0.3497.100 Safari/537.36" 
196.229.4.187 - - [09/Oct/2018:16:19:15 -0700] "GET /GitHub-Mark.png HTTP/1.1" 200 7428 "http://www.secrepo.com/" "Mozilla/5.0 (X11; Linux x86_64) AppleWebKit/537.36 (KHTML, like Gecko) Chrome/69.0.3497.100 Safari/537.36" 
196.229.4.187 - - [09/Oct/2018:16:19:16 -0700] "GET /bootstrap/img/favicon.ico HTTP/1.1" 200 589 "http://www.secrepo.com/" "Mozilla/5.0 (X11; Linux x86_64) AppleWebKit/537.36 (KHTML, like Gecko) Chrome/69.0.3497.100 Safari/537.36" 
216.244.66.245 - - [09/Oct/2018:16:19:44 -0700] "GET /self.logs/error.log.2018-09-29.gz HTTP/1.1" 200 4900 "-" "Mozilla/5.0 (compatible; DotBot/1.1; http://www.opensiteexplorer.org/dotbot, help@moz.com)" 
13.58.201.75 - - [09/Oct/2018:16:24:59 -0700] "GET / HTTP/1.1" 200 12383 "-" "Mozilla/5.0 (Windows NT 6.1; Win64; x64; rv:47.0) Gecko/20100101 Firefox/42.0" 
71.185.55.153 - - [09/Oct/2018:16:30:36 -0700] "GET / HTTP/1.1" 200 12383 "-" "Mozilla/5.0 (Macintosh; Intel Mac OS X 10_13_6) AppleWebKit/605.1.15 (KHTML, like Gecko) Version/12.0 Safari/605.1.15" 
71.185.55.153 - - [09/Oct/2018:16:30:36 -0700] "GET /twitter-icon.png HTTP/1.1" 200 27787 "http://www.secrepo.com/" "Mozilla/5.0 (Macintosh; Intel Mac OS X 10_13_6) AppleWebKit/605.1.15 (KHTML, like Gecko) Version/12.0 Safari/605.1.15" 
71.185.55.153 - - [09/Oct/2018:16:30:36 -0700] "GET /GitHub-Mark.png HTTP/1.1" 200 7428 "http://www.secrepo.com/" "Mozilla/5.0 (Macintosh; Intel Mac OS X 10_13_6) AppleWebKit/605.1.15 (KHTML, like Gecko) Version/12.0 Safari/605.1.15" 
71.185.55.153 - - [09/Oct/2018:16:30:37 -0700] "GET /bootstrap/img/favicon.ico HTTP/1.1" 200 590 "http://www.secrepo.com/" "Mozilla/5.0 (Macintosh; Intel Mac OS X 10_13_6) AppleWebKit/605.1.15 (KHTML, like Gecko) Version/12.0 Safari/605.1.15" 
54.36.148.88 - - [09/Oct/2018:16:32:47 -0700] "GET /self.logs/error.log.2018-03-18.gz HTTP/1.1" 200 6531 "-" "Mozilla/5.0 (compatible; AhrefsBot/5.2; +http://ahrefs.com/robot/)" 
71.185.55.153 - - [09/Oct/2018:16:36:24 -0700] "GET /pe_static/zeus.zip HTTP/1.1" 200 51367111 "http://www.secrepo.com/" "Mozilla/5.0 (Macintosh; Intel Mac OS X 10_13_6) AppleWebKit/605.1.15 (KHTML, like Gecko) Version/12.0 Safari/605.1.15" 
5.188.210.6 - - [09/Oct/2018:16:38:15 -0700] "GET /honeypot/BSidesDFW%20-%202014.ipynb HTTP/1.0" 200 930799 "http://www.secrepo.com/honeypot/BSidesDFW%20-%202014.ipynb" "Mozilla/5.0 (Windows NT 6.2; Win64; x64) AppleWebKit/537.36 (KHTML, like Gecko) Chrome/68.0.3440.106 Safari/537.36" 
71.185.55.153 - - [09/Oct/2018:16:41:02 -0700] "GET /Datasets%20Description/Network/dhcp.html HTTP/1.1" 200 1355 "http://www.secrepo.com/" "Mozilla/5.0 (Macintosh; Intel Mac OS X 10_13_6) AppleWebKit/605.1.15 (KHTML, like Gecko) Version/12.0 Safari/605.1.15" 
71.185.55.153 - - [09/Oct/2018:16:41:03 -0700] "GET /favicon.ico HTTP/1.1" 200 268 "http://www.secrepo.com/Datasets%20Description/Network/dhcp.html" "Mozilla/5.0 (Macintosh; Intel Mac OS X 10_13_6) AppleWebKit/605.1.15 (KHTML, like Gecko) Version/12.0 Safari/605.1.15" 
18.216.137.18 - - [09/Oct/2018:16:44:38 -0700] "GET / HTTP/1.1" 200 12383 "-" "Mozilla/5.0 (X11; Linux x86_64) Trident/5.0 Safari/602.1" 
199.58.86.209 - - [09/Oct/2018:16:46:23 -0700] "GET /robots.txt HTTP/1.1" 200 289 "-" "Mozilla/5.0 (compatible; MJ12bot/v1.4.8; http://mj12bot.com/)" 
199.58.86.209 - - [09/Oct/2018:16:46:25 -0700] "GET / HTTP/1.1" 200 46156 "-" "Mozilla/5.0 (compatible; MJ12bot/v1.4.8; http://mj12bot.com/)" 
157.55.39.38 - - [09/Oct/2018:16:48:25 -0700] "GET /robots.txt HTTP/1.1" 200 334 "-" "Mozilla/5.0 (compatible; bingbot/2.0; +http://www.bing.com/bingbot.htm)" 
