66.249.92.197 - - [03/Aug/2018:12:24:28 -0700] "GET / HTTP/1.1" 301 483 "-" "Mozilla/5.0 (Macintosh; Intel Mac OS X 10_8_4) AppleWebKit/537.36 (KHTML, like Gecko) Chrome/28.0.1500.71 Safari/537.36" 
66.249.92.147 - - [03/Aug/2018:12:24:28 -0700] "GET / HTTP/1.1" 200 11357 "-" "Mozilla/5.0 (Macintosh; Intel Mac OS X 10_8_4) AppleWebKit/537.36 (KHTML, like Gecko) Chrome/28.0.1500.71 Safari/537.36" 
54.36.148.86 - - [03/Aug/2018:12:27:57 -0700] "GET /self.logs/access.log.2015-04-22.gz HTTP/1.1" 404 284 "-" "Mozilla/5.0 (compatible; AhrefsBot/5.2; +http://ahrefs.com/robot/)" 
66.249.66.84 - - [03/Aug/2018:12:29:51 -0700] "GET / HTTP/1.1" 200 11357 "-" "Mozilla/5.0 (Linux; Android 6.0.1; Nexus 5X Build/MMB29P) AppleWebKit/537.36 (KHTML, like Gecko) Chrome/41.0.2272.96 Mobile Safari/537.36 (compatible; Googlebot/2.1; +http://www.google.com/bot.html)" 
66.249.66.84 - - [03/Aug/2018:12:31:23 -0700] "GET / HTTP/1.1" 200 11357 "-" "Mozilla/5.0 (compatible; Googlebot/2.1; +http://www.google.com/bot.html)" 
94.130.65.53 - - [03/Aug/2018:12:32:16 -0700] "GET /robots.txt HTTP/1.1" 301 502 "-" "Mozilla/5.0 (compatible; BLEXBot/1.0; +http://webmeup-crawler.com/)" 
94.130.65.53 - - [03/Aug/2018:12:32:16 -0700] "GET /robots.txt HTTP/1.1" 200 334 "-" "Mozilla/5.0 (compatible; BLEXBot/1.0; +http://webmeup-crawler.com/)" 
106.51.174.206 - - [03/Aug/2018:12:35:36 -0700] "GET / HTTP/1.1" 200 11357 "-" "Mozilla/5.0 (Windows NT 10.0; Win64; x64) AppleWebKit/537.36 (KHTML, like Gecko) Chrome/67.0.3396.87 Safari/537.36 OPR/54.0.2952.64" 
106.51.174.206 - - [03/Aug/2018:12:35:36 -0700] "GET /bootstrap/img/favicon.ico HTTP/1.1" 200 589 "-" "Mozilla/5.0 (Windows NT 10.0; Win64; x64) AppleWebKit/537.36 (KHTML, like Gecko) Chrome/67.0.3396.87 Safari/537.36 OPR/54.0.2952.64" 
157.55.39.97 - - [03/Aug/2018:12:39:49 -0700] "GET /self.logs/access.log.2017-02-01.gz HTTP/1.1" 304 189 "-" "Mozilla/5.0 (compatible; bingbot/2.0; +http://www.bing.com/bingbot.htm)" 
94.130.65.53 - - [03/Aug/2018:12:42:29 -0700] "GET /robots.txt HTTP/1.1" 301 502 "-" "Mozilla/5.0 (compatible; BLEXBot/1.0; +http://webmeup-crawler.com/)" 
94.130.65.53 - - [03/Aug/2018:12:42:29 -0700] "GET /robots.txt HTTP/1.1" 200 334 "-" "Mozilla/5.0 (compatible; BLEXBot/1.0; +http://webmeup-crawler.com/)" 
66.249.66.82 - - [03/Aug/2018:12:42:39 -0700] "GET /self.logs/ HTTP/1.1" 200 11349 "-" "Mozilla/5.0 (compatible; Googlebot/2.1; +http://www.google.com/bot.html)" 
66.249.66.83 - - [03/Aug/2018:12:47:54 -0700] "GET /honeypot/Honeypot%20-%20Howto.pdf HTTP/1.1" 304 168 "-" "Mozilla/5.0 (Linux; Android 6.0.1; Nexus 5X Build/MMB29P) AppleWebKit/537.36 (KHTML, like Gecko) Chrome/41.0.2272.96 Mobile Safari/537.36 (compatible; Googlebot/2.1; +http://www.google.com/bot.html)" 
54.36.148.255 - - [03/Aug/2018:12:48:07 -0700] "GET /self.logs/access.log.2017-07-16.gz HTTP/1.1" 200 16789 "-" "Mozilla/5.0 (compatible; AhrefsBot/5.2; +http://ahrefs.com/robot/)" 
199.16.196.4 - - [03/Aug/2018:12:52:01 -0700] "GET / HTTP/1.1" 301 483 "-" "Mozilla/5.0 (Macintosh; Intel Mac OS X 10_13_6) AppleWebKit/605.1.15 (KHTML, like Gecko) Version/11.1.2 Safari/605.1.15" 
199.16.196.4 - - [03/Aug/2018:12:52:02 -0700] "GET / HTTP/1.1" 200 11357 "-" "Mozilla/5.0 (Macintosh; Intel Mac OS X 10_13_6) AppleWebKit/605.1.15 (KHTML, like Gecko) Version/11.1.2 Safari/605.1.15" 
199.16.196.4 - - [03/Aug/2018:12:52:03 -0700] "GET /twitter-icon.png HTTP/1.1" 200 27787 "http://www.secrepo.com/" "Mozilla/5.0 (Macintosh; Intel Mac OS X 10_13_6) AppleWebKit/605.1.15 (KHTML, like Gecko) Version/11.1.2 Safari/605.1.15" 
199.16.196.4 - - [03/Aug/2018:12:52:03 -0700] "GET /GitHub-Mark.png HTTP/1.1" 200 7428 "http://www.secrepo.com/" "Mozilla/5.0 (Macintosh; Intel Mac OS X 10_13_6) AppleWebKit/605.1.15 (KHTML, like Gecko) Version/11.1.2 Safari/605.1.15" 
192.16.26.2 - - [03/Aug/2018:12:52:04 -0700] "GET / HTTP/1.1" 200 11357 "-" "Mozilla/5.0 (Macintosh; Intel Mac OS X 10_13_6) AppleWebKit/537.36 (KHTML, like Gecko) Chrome/67.0.3396.99 Safari/537.36" 
209.135.212.252 - - [03/Aug/2018:12:52:06 -0700] "GET / HTTP/1.1" 301 483 "-" "Mozilla/5.0 (Macintosh; Intel Mac OS X 10_12_6) AppleWebKit/537.36 (KHTML, like Gecko) Chrome/67.0.3396.99 Safari/537.36" 
209.135.212.252 - - [03/Aug/2018:12:52:06 -0700] "GET / HTTP/1.1" 200 11357 "-" "Mozilla/5.0 (Macintosh; Intel Mac OS X 10_12_6) AppleWebKit/537.36 (KHTML, like Gecko) Chrome/67.0.3396.99 Safari/537.36" 
209.135.212.252 - - [03/Aug/2018:12:52:06 -0700] "GET /twitter-icon.png HTTP/1.1" 200 27787 "http://www.secrepo.com/" "Mozilla/5.0 (Macintosh; Intel Mac OS X 10_12_6) AppleWebKit/537.36 (KHTML, like Gecko) Chrome/67.0.3396.99 Safari/537.36" 
209.135.212.252 - - [03/Aug/2018:12:52:07 -0700] "GET /GitHub-Mark.png HTTP/1.1" 200 7428 "http://www.secrepo.com/" "Mozilla/5.0 (Macintosh; Intel Mac OS X 10_12_6) AppleWebKit/537.36 (KHTML, like Gecko) Chrome/67.0.3396.99 Safari/537.36" 
192.16.26.2 - - [03/Aug/2018:12:52:08 -0700] "GET /twitter-icon.png HTTP/1.1" 200 27788 "http://www.secrepo.com/" "Mozilla/5.0 (Macintosh; Intel Mac OS X 10_13_6) AppleWebKit/537.36 (KHTML, like Gecko) Chrome/67.0.3396.99 Safari/537.36" 
192.16.26.2 - - [03/Aug/2018:12:52:08 -0700] "GET /GitHub-Mark.png HTTP/1.1" 200 7428 "http://www.secrepo.com/" "Mozilla/5.0 (Macintosh; Intel Mac OS X 10_13_6) AppleWebKit/537.36 (KHTML, like Gecko) Chrome/67.0.3396.99 Safari/537.36" 
199.16.196.4 - - [03/Aug/2018:12:52:09 -0700] "GET /bootstrap/img/favicon.ico HTTP/1.1" 200 590 "http://www.secrepo.com/" "Mozilla/5.0 (Macintosh; Intel Mac OS X 10_13_6) AppleWebKit/605.1.15 (KHTML, like Gecko) Version/11.1.2 Safari/605.1.15" 
209.135.212.252 - - [03/Aug/2018:12:52:11 -0700] "GET / HTTP/1.1" 200 11357 "https://www.google.com/" "Mozilla/5.0 (Macintosh; Intel Mac OS X 10_12_6) AppleWebKit/537.36 (KHTML, like Gecko) Chrome/66.0.3359.181 Safari/537.36" 
209.135.212.252 - - [03/Aug/2018:12:52:11 -0700] "GET /twitter-icon.png HTTP/1.1" 200 27787 "http://www.secrepo.com/" "Mozilla/5.0 (Macintosh; Intel Mac OS X 10_12_6) AppleWebKit/537.36 (KHTML, like Gecko) Chrome/66.0.3359.181 Safari/537.36" 
209.135.212.252 - - [03/Aug/2018:12:52:11 -0700] "GET /GitHub-Mark.png HTTP/1.1" 200 7427 "http://www.secrepo.com/" "Mozilla/5.0 (Macintosh; Intel Mac OS X 10_12_6) AppleWebKit/537.36 (KHTML, like Gecko) Chrome/66.0.3359.181 Safari/537.36" 
209.135.212.252 - - [03/Aug/2018:12:52:12 -0700] "GET /bootstrap/img/favicon.ico HTTP/1.1" 200 589 "http://www.secrepo.com/" "Mozilla/5.0 (Macintosh; Intel Mac OS X 10_12_6) AppleWebKit/537.36 (KHTML, like Gecko) Chrome/66.0.3359.181 Safari/537.36" 
192.16.26.2 - - [03/Aug/2018:12:52:16 -0700] "GET /bootstrap/img/favicon.ico HTTP/1.1" 200 590 "http://www.secrepo.com/" "Mozilla/5.0 (Macintosh; Intel Mac OS X 10_13_6) AppleWebKit/537.36 (KHTML, like Gecko) Chrome/67.0.3396.99 Safari/537.36" 
94.130.65.53 - - [03/Aug/2018:12:52:42 -0700] "GET /robots.txt HTTP/1.1" 301 502 "-" "Mozilla/5.0 (compatible; BLEXBot/1.0; +http://webmeup-crawler.com/)" 
94.130.65.53 - - [03/Aug/2018:12:52:42 -0700] "GET /robots.txt HTTP/1.1" 200 334 "-" "Mozilla/5.0 (compatible; BLEXBot/1.0; +http://webmeup-crawler.com/)" 
199.16.196.4 - - [03/Aug/2018:12:53:18 -0700] "GET /misc/zeus_dga_domains.txt.zip HTTP/1.1" 200 594360 "http://www.secrepo.com/" "Mozilla/5.0 (Macintosh; Intel Mac OS X 10_13_6) AppleWebKit/605.1.15 (KHTML, like Gecko) Version/11.1.2 Safari/605.1.15" 
199.16.196.4 - - [03/Aug/2018:12:53:32 -0700] "GET / HTTP/1.1" 200 11357 "-" "Bear/6258 CFNetwork/902.1 Darwin/17.7.0 (x86_64)" 
209.135.212.252 - - [03/Aug/2018:12:54:55 -0700] "GET /bootstrap/img/favicon.ico HTTP/1.1" 200 590 "http://www.secrepo.com/" "Mozilla/5.0 (Macintosh; Intel Mac OS X 10_12_6) AppleWebKit/537.36 (KHTML, like Gecko) Chrome/67.0.3396.99 Safari/537.36" 
66.249.92.148 - - [03/Aug/2018:12:57:07 -0700] "GET /pe_static/apt1.zip&amp HTTP/1.1" 404 340 "-" "Mozilla/5.0 (Macintosh; Intel Mac OS X 10_8_4) AppleWebKit/537.36 (KHTML, like Gecko) Chrome/28.0.1500.71 Safari/537.36" 
66.249.92.148 - - [03/Aug/2018:12:57:08 -0700] "GET /pe_static/zeus.zip&amp HTTP/1.1" 404 339 "-" "Mozilla/5.0 (Macintosh; Intel Mac OS X 10_8_4) AppleWebKit/537.36 (KHTML, like Gecko) Chrome/28.0.1500.71 Safari/537.36" 
66.249.92.146 - - [03/Aug/2018:12:57:08 -0700] "GET /pe_static/op-cleaver.zip&amp HTTP/1.1" 404 340 "-" "Mozilla/5.0 (Macintosh; Intel Mac OS X 10_8_4) AppleWebKit/537.36 (KHTML, like Gecko) Chrome/28.0.1500.71 Safari/537.36" 
66.249.92.148 - - [03/Aug/2018:12:57:09 -0700] "GET /pe_static/apt1.zip&amp HTTP/1.1" 404 340 "-" "Mozilla/5.0 (Macintosh; Intel Mac OS X 10_8_4) AppleWebKit/537.36 (KHTML, like Gecko) Chrome/28.0.1500.71 Safari/537.36" 
66.249.92.147 - - [03/Aug/2018:12:57:10 -0700] "GET /pe_static/zeus.zip&amp HTTP/1.1" 404 340 "-" "Mozilla/5.0 (Macintosh; Intel Mac OS X 10_8_4) AppleWebKit/537.36 (KHTML, like Gecko) Chrome/28.0.1500.71 Safari/537.36" 
66.249.92.198 - - [03/Aug/2018:12:57:10 -0700] "GET / HTTP/1.1" 301 483 "-" "Mozilla/5.0 (Macintosh; Intel Mac OS X 10_8_4) AppleWebKit/537.36 (KHTML, like Gecko) Chrome/28.0.1500.71 Safari/537.36" 
66.249.92.147 - - [03/Aug/2018:12:57:11 -0700] "GET /pe_static/op-cleaver.zip&amp HTTP/1.1" 404 339 "-" "Mozilla/5.0 (Macintosh; Intel Mac OS X 10_8_4) AppleWebKit/537.36 (KHTML, like Gecko) Chrome/28.0.1500.71 Safari/537.36" 
66.249.92.146 - - [03/Aug/2018:12:57:11 -0700] "GET / HTTP/1.1" 200 11357 "-" "Mozilla/5.0 (Macintosh; Intel Mac OS X 10_8_4) AppleWebKit/537.36 (KHTML, like Gecko) Chrome/28.0.1500.71 Safari/537.36" 
67.50.234.254 - - [03/Aug/2018:12:58:36 -0700] "GET / HTTP/1.1" 200 11357 "https://www.google.com/" "Mozilla/5.0 (Windows NT 10.0; Win64; x64) AppleWebKit/537.36 (KHTML, like Gecko) Chrome/68.0.3440.84 Safari/537.36" 
67.50.234.254 - - [03/Aug/2018:12:58:36 -0700] "GET /twitter-icon.png HTTP/1.1" 200 27788 "http://www.secrepo.com/" "Mozilla/5.0 (Windows NT 10.0; Win64; x64) AppleWebKit/537.36 (KHTML, like Gecko) Chrome/68.0.3440.84 Safari/537.36" 
67.50.234.254 - - [03/Aug/2018:12:58:36 -0700] "GET /GitHub-Mark.png HTTP/1.1" 200 7428 "http://www.secrepo.com/" "Mozilla/5.0 (Windows NT 10.0; Win64; x64) AppleWebKit/537.36 (KHTML, like Gecko) Chrome/68.0.3440.84 Safari/537.36" 
67.50.234.254 - - [03/Aug/2018:12:58:37 -0700] "GET /bootstrap/img/favicon.ico HTTP/1.1" 200 589 "http://www.secrepo.com/" "Mozilla/5.0 (Windows NT 10.0; Win64; x64) AppleWebKit/537.36 (KHTML, like Gecko) Chrome/68.0.3440.84 Safari/537.36" 
113.171.224.176 - - [03/Aug/2018:12:59:55 -0700] "GET /honeypot/Honeypot%20-%20Howto.pdf HTTP/1.1" 200 46720 "-" "Mozilla/5.0 Gecko/20100115 Firefox/3.6" 
35.171.167.152 - - [03/Aug/2018:13:00:16 -0700] "GET / HTTP/1.1" 200 38539 "-" "Mozilla/4.0 (compatible; MSIE 8.0; Windows NT 5.1; Trident/4.0)" 
66.249.92.198 - - [03/Aug/2018:13:01:52 -0700] "GET / HTTP/1.1" 301 483 "-" "Mozilla/5.0 (Macintosh; Intel Mac OS X 10_8_4) AppleWebKit/537.36 (KHTML, like Gecko) Chrome/28.0.1500.71 Safari/537.36" 
66.249.92.146 - - [03/Aug/2018:13:01:53 -0700] "GET / HTTP/1.1" 200 11357 "-" "Mozilla/5.0 (Macintosh; Intel Mac OS X 10_8_4) AppleWebKit/537.36 (KHTML, like Gecko) Chrome/28.0.1500.71 Safari/537.36" 
203.122.2.108 - - [03/Aug/2018:13:02:57 -0700] "GET /wp-login.php HTTP/1.1" 418 732 "-" "Mozilla/5.0 (Windows NT 6.1; WOW64; rv:40.0) Gecko/20100101 Firefox/40.1" 
203.122.2.108 - - [03/Aug/2018:13:02:57 -0700] "GET / HTTP/1.1" 418 732 "-" "Mozilla/5.0 (Windows NT 6.1; WOW64; rv:40.0) Gecko/20100101 Firefox/40.1" 
94.130.65.53 - - [03/Aug/2018:13:02:58 -0700] "GET /robots.txt HTTP/1.1" 301 502 "-" "Mozilla/5.0 (compatible; BLEXBot/1.0; +http://webmeup-crawler.com/)" 
94.130.65.53 - - [03/Aug/2018:13:02:58 -0700] "GET /robots.txt HTTP/1.1" 200 334 "-" "Mozilla/5.0 (compatible; BLEXBot/1.0; +http://webmeup-crawler.com/)" 
178.137.94.200 - - [03/Aug/2018:13:12:38 -0700] "GET /honeypot/ HTTP/1.1" 200 1077 "http://snabs.kz/" "Mozilla/4.0 (compatible; MSIE 6.0; Windows NT 5.1; FREE; .NET CLR 1.1.4322)" 
178.137.94.200 - - [03/Aug/2018:13:12:40 -0700] "GET /honeypot/ HTTP/1.1" 200 1077 "http://snabs.kz/" "Mozilla/4.0 (compatible; MSIE 6.0; Windows NT 5.1; FREE; .NET CLR 1.1.4322)" 
94.130.65.53 - - [03/Aug/2018:13:13:15 -0700] "GET /robots.txt HTTP/1.1" 301 502 "-" "Mozilla/5.0 (compatible; BLEXBot/1.0; +http://webmeup-crawler.com/)" 
94.130.65.53 - - [03/Aug/2018:13:13:15 -0700] "GET /robots.txt HTTP/1.1" 200 334 "-" "Mozilla/5.0 (compatible; BLEXBot/1.0; +http://webmeup-crawler.com/)" 
67.20.61.59 - - [03/Aug/2018:13:16:51 -0700] "GET / HTTP/1.1" 200 38539 "-" "Mozilla/5.0 (Windows NT 6.1; WOW64) AppleWebKit/537.36 (KHTML, like Gecko) Chrome/33.0.1750.154 Safari/537.36" 
23.253.92.35 - - [03/Aug/2018:13:20:10 -0700] "GET /robots.txt HTTP/1.1" 301 446 "-" "Tornado-Async-Client" 
66.249.92.147 - - [03/Aug/2018:13:20:10 -0700] "GET /&amp HTTP/1.1" 404 340 "-" "Mozilla/5.0 (Macintosh; Intel Mac OS X 10_8_4) AppleWebKit/537.36 (KHTML, like Gecko) Chrome/28.0.1500.71 Safari/537.36" 
23.253.92.35 - - [03/Aug/2018:13:20:10 -0700] "GET /robots.txt HTTP/1.1" 304 130 "-" "Tornado-Async-Client" 
23.253.92.35 - - [03/Aug/2018:13:20:10 -0700] "GET /honeypot/BSidesDFW%20-%202014.ipynbIlkay HTTP/1.1" 301 493 "-" "Tornado-Async-Client" 
23.253.92.35 - - [03/Aug/2018:13:20:10 -0700] "GET /honeypot/BSidesDFW%20-%202014.ipynbIlkay HTTP/1.1" 404 284 "-" "Tornado-Async-Client" 
23.253.92.35 - - [03/Aug/2018:13:20:10 -0700] "GET /robots.txt HTTP/1.1" 301 446 "-" "Tornado-Async-Client" 
23.253.92.35 - - [03/Aug/2018:13:20:10 -0700] "GET /robots.txt HTTP/1.1" 304 130 "-" "Tornado-Async-Client" 
23.253.92.35 - - [03/Aug/2018:13:20:10 -0700] "GET /honeypot/BSidesDFW%2520-%25202014.ipynb%26amp HTTP/1.1" 301 503 "-" "Tornado-Async-Client" 
23.253.92.35 - - [03/Aug/2018:13:20:10 -0700] "GET /honeypot/BSidesDFW%20-%202014.ipynb&amp HTTP/1.1" 404 284 "-" "Tornado-Async-Client" 
66.249.92.200 - - [03/Aug/2018:13:20:10 -0700] "GET / HTTP/1.1" 301 483 "-" "Mozilla/5.0 (Macintosh; Intel Mac OS X 10_8_4) AppleWebKit/537.36 (KHTML, like Gecko) Chrome/28.0.1500.71 Safari/537.36" 
162.242.144.71 - - [03/Aug/2018:13:20:11 -0700] "GET /robots.txt HTTP/1.1" 301 446 "-" "Tornado-Async-Client" 
66.249.92.146 - - [03/Aug/2018:13:20:11 -0700] "GET /&amp HTTP/1.1" 404 340 "-" "Mozilla/5.0 (Macintosh; Intel Mac OS X 10_8_4) AppleWebKit/537.36 (KHTML, like Gecko) Chrome/28.0.1500.71 Safari/537.36" 
162.242.144.71 - - [03/Aug/2018:13:20:11 -0700] "GET /robots.txt HTTP/1.1" 304 130 "-" "Tornado-Async-Client" 
162.242.144.71 - - [03/Aug/2018:13:20:11 -0700] "GET /honeypot/BSidesDFW%20-%202014.ipynb HTTP/1.1" 301 484 "-" "Tornado-Async-Client" 
162.242.144.71 - - [03/Aug/2018:13:20:11 -0700] "GET /honeypot/BSidesDFW%20-%202014.ipynb HTTP/1.1" 200 930780 "-" "Tornado-Async-Client" 
66.249.92.146 - - [03/Aug/2018:13:20:11 -0700] "GET / HTTP/1.1" 200 11356 "-" "Mozilla/5.0 (Macintosh; Intel Mac OS X 10_8_4) AppleWebKit/537.36 (KHTML, like Gecko) Chrome/28.0.1500.71 Safari/537.36" 
23.253.92.35 - - [03/Aug/2018:13:20:13 -0700] "GET /robots.txt HTTP/1.1" 301 446 "-" "Tornado-Async-Client" 
23.253.92.35 - - [03/Aug/2018:13:20:13 -0700] "GET /robots.txt HTTP/1.1" 304 130 "-" "Tornado-Async-Client" 
23.253.92.35 - - [03/Aug/2018:13:20:13 -0700] "GET /honeypot/BSidesDFW%20-%202014.ipynb HTTP/1.1" 301 484 "-" "Tornado-Async-Client" 
23.253.92.35 - - [03/Aug/2018:13:20:13 -0700] "GET /honeypot/BSidesDFW%20-%202014.ipynb HTTP/1.1" 200 930780 "-" "Tornado-Async-Client" 
146.196.36.230 - - [03/Aug/2018:13:21:02 -0700] "GET /wp-login.php HTTP/1.1" 418 732 "-" "Mozilla/5.0 (Windows NT 6.1; WOW64; rv:40.0) Gecko/20100101 Firefox/40.1" 
146.196.36.230 - - [03/Aug/2018:13:21:02 -0700] "GET / HTTP/1.1" 418 732 "-" "Mozilla/5.0 (Windows NT 6.1; WOW64; rv:40.0) Gecko/20100101 Firefox/40.1" 
205.155.154.1 - - [03/Aug/2018:13:21:32 -0700] "GET /zeus.html HTTP/1.1" 404 340 "-" "Mozilla/5.0 (Windows NT 10.0; Win64; x64) AppleWebKit/537.36 (KHTML, like Gecko) Chrome/67.0.3396.99 Safari/537.36" 
54.36.148.160 - - [03/Aug/2018:13:22:14 -0700] "GET /self.logs/2015/access.log.2015-04-24.gz HTTP/1.1" 200 3666 "-" "Mozilla/5.0 (compatible; AhrefsBot/5.2; +http://ahrefs.com/robot/)" 
94.130.65.53 - - [03/Aug/2018:13:23:20 -0700] "GET /robots.txt HTTP/1.1" 301 502 "-" "Mozilla/5.0 (compatible; BLEXBot/1.0; +http://webmeup-crawler.com/)" 
94.130.65.53 - - [03/Aug/2018:13:23:20 -0700] "GET /robots.txt HTTP/1.1" 200 334 "-" "Mozilla/5.0 (compatible; BLEXBot/1.0; +http://webmeup-crawler.com/)" 
54.36.148.42 - - [03/Aug/2018:13:24:20 -0700] "GET /self.logs/2015/access.log.2015-12-28.gz HTTP/1.1" 200 9000 "-" "Mozilla/5.0 (compatible; AhrefsBot/5.2; +http://ahrefs.com/robot/)" 
205.155.154.1 - - [03/Aug/2018:13:30:30 -0700] "GET /maccdc2012/ftp.log.gz HTTP/1.1" 200 128116 "-" "Mozilla/5.0 (Windows NT 10.0; Win64; x64) AppleWebKit/537.36 (KHTML, like Gecko) Chrome/67.0.3396.99 Safari/537.36" 
95.216.158.119 - - [03/Aug/2018:13:31:14 -0700] "GET / HTTP/1.0" 200 38584 "-" "Mozilla/5.0 (Windows; U; Windows NT 5.1; en-US; rv:1.8.1.6) Gecko/20070725 Firefox/2.0.0.6" 
66.102.6.94 - - [03/Aug/2018:13:31:45 -0700] "GET / HTTP/1.1" 200 11357 "http://www.google.com/url?sa=t&rct=j&q=&esrc=s&source=web&cd=2&ved=0CEQQFjAD&url=http%3A%2F%2Fwww.secrepo.com%2F&ei=rLtkW-WNEfGWeNeLAQ&usg=AFQjCNHeQikQ6r63vtqWKlBvSenYpdB4dQ" "Mozilla/5.0 (Windows NT 6.1; WOW64; Trident/7.0; rv:11.0) like Gecko" 
66.102.6.94 - - [03/Aug/2018:13:31:45 -0700] "GET /twitter-icon.png HTTP/1.1" 200 27787 "http://www.secrepo.com/" "Mozilla/5.0 (Windows NT 6.1; WOW64; Trident/7.0; rv:11.0) like Gecko" 
66.102.6.65 - - [03/Aug/2018:13:31:45 -0700] "GET /GitHub-Mark.png HTTP/1.1" 200 7428 "http://www.secrepo.com/" "Mozilla/5.0 (Windows NT 6.1; WOW64; Trident/7.0; rv:11.0) like Gecko" 
66.102.6.95 - - [03/Aug/2018:13:31:46 -0700] "GET /bootstrap/img/favicon.ico HTTP/1.1" 200 590 "-" "Mozilla/5.0 (Windows NT 6.1; WOW64; Trident/7.0; rv:11.0) like Gecko" 
66.249.66.84 - - [03/Aug/2018:13:32:09 -0700] "GET / HTTP/1.1" 200 11357 "-" "Mozilla/5.0 (Linux; Android 6.0.1; Nexus 5X Build/MMB29P) AppleWebKit/537.36 (KHTML, like Gecko) Chrome/41.0.2272.96 Mobile Safari/537.36 (compatible; Googlebot/2.1; +http://www.google.com/bot.html)" 
94.130.65.53 - - [03/Aug/2018:13:33:34 -0700] "GET /robots.txt HTTP/1.1" 301 502 "-" "Mozilla/5.0 (compatible; BLEXBot/1.0; +http://webmeup-crawler.com/)" 
94.130.65.53 - - [03/Aug/2018:13:33:35 -0700] "GET /robots.txt HTTP/1.1" 200 334 "-" "Mozilla/5.0 (compatible; BLEXBot/1.0; +http://webmeup-crawler.com/)" 
108.179.200.141 - - [03/Aug/2018:13:34:29 -0700] "GET /wp-admin/ HTTP/1.1" 301 479 "-" "-" 
94.121.173.9 - - [03/Aug/2018:13:35:04 -0700] "GET /wp-login.php HTTP/1.1" 418 732 "-" "Mozilla/5.0 (Windows NT 6.1; WOW64; rv:40.0) Gecko/20100101 Firefox/40.1" 
94.121.173.9 - - [03/Aug/2018:13:35:04 -0700] "GET / HTTP/1.1" 418 732 "-" "Mozilla/5.0 (Windows NT 6.1; WOW64; rv:40.0) Gecko/20100101 Firefox/40.1" 
151.1.182.10 - - [03/Aug/2018:13:40:19 -0700] "GET /test/wp-admin/ HTTP/1.1" 301 489 "-" "-" 
94.130.65.53 - - [03/Aug/2018:13:43:49 -0700] "GET /robots.txt HTTP/1.1" 301 502 "-" "Mozilla/5.0 (compatible; BLEXBot/1.0; +http://webmeup-crawler.com/)" 
94.130.65.53 - - [03/Aug/2018:13:43:49 -0700] "GET /robots.txt HTTP/1.1" 200 334 "-" "Mozilla/5.0 (compatible; BLEXBot/1.0; +http://webmeup-crawler.com/)" 
100.43.85.128 - - [03/Aug/2018:13:44:45 -0700] "GET /robots.txt HTTP/1.1" 200 289 "-" "Mozilla/5.0 (compatible; YandexBot/3.0; +http://yandex.com/bots)" 
100.43.85.128 - - [03/Aug/2018:13:44:49 -0700] "GET /self.logs/2015/?C=S;O=A HTTP/1.1" 200 8283 "-" "Mozilla/5.0 (compatible; YandexBot/3.0; +http://yandex.com/bots)" 
50.63.147.13 - - [03/Aug/2018:13:46:10 -0700] "GET /wordpress/wp-admin/ HTTP/1.1" 301 499 "-" "-" 
178.96.153.99 - - [03/Aug/2018:13:48:58 -0700] "GET / HTTP/1.1" 301 483 "-" "Mozilla/5.0 (Windows NT 6.2; ARM; Trident/7.0; Touch; rv:11.0; WPDesktop; Lumia 625) like Gecko" 
178.96.153.99 - - [03/Aug/2018:13:48:59 -0700] "GET / HTTP/1.1" 200 11357 "-" "Mozilla/5.0 (Windows NT 6.2; ARM; Trident/7.0; Touch; rv:11.0; WPDesktop; Lumia 625) like Gecko" 
178.96.153.99 - - [03/Aug/2018:13:48:59 -0700] "GET /twitter-icon.png HTTP/1.1" 200 27787 "http://www.secrepo.com/" "Mozilla/5.0 (Windows NT 6.2; ARM; Trident/7.0; Touch; rv:11.0; WPDesktop; Lumia 625) like Gecko" 
178.96.153.99 - - [03/Aug/2018:13:48:59 -0700] "GET /GitHub-Mark.png HTTP/1.1" 200 7428 "http://www.secrepo.com/" "Mozilla/5.0 (Windows NT 6.2; ARM; Trident/7.0; Touch; rv:11.0; WPDesktop; Lumia 625) like Gecko" 
66.49.204.85 - - [03/Aug/2018:13:52:12 -0700] "GET /blog/wp-admin/ HTTP/1.1" 301 489 "-" "-" 
157.55.39.95 - - [03/Aug/2018:13:53:07 -0700] "GET /honeypot/Honeypot%20-%20Howto%20-%20BSides%20Austin.pdf HTTP/1.1" 200 2928460 "-" "Mozilla/5.0 (iPhone; CPU iPhone OS 7_0 like Mac OS X) AppleWebKit/537.51.1 (KHTML, like Gecko) Version/7.0 Mobile/11A465 Safari/9537.53 (compatible; bingbot/2.0; +http://www.bing.com/bingbot.htm)" 
157.55.39.69 - - [03/Aug/2018:13:53:19 -0700] "GET /robots.txt HTTP/1.1" 200 334 "-" "Mozilla/5.0 (compatible; bingbot/2.0; +http://www.bing.com/bingbot.htm)" 
157.55.39.95 - - [03/Aug/2018:13:55:02 -0700] "GET /honeypot/honeypot%20-%20howto%20-%20bsides%20austin.pdf HTTP/1.1" 301 558 "-" "Mozilla/5.0 (iPhone; CPU iPhone OS 7_0 like Mac OS X) AppleWebKit/537.51.1 (KHTML, like Gecko) Version/7.0 Mobile/11A465 Safari/9537.53 (compatible; bingbot/2.0; +http://www.bing.com/bingbot.htm)" 
157.55.39.95 - - [03/Aug/2018:13:55:10 -0700] "GET /honeypot/honeypot%20-%20howto%20-%20bsides%20austin.pdf HTTP/1.1" 404 340 "-" "Mozilla/5.0 (iPhone; CPU iPhone OS 7_0 like Mac OS X) AppleWebKit/537.51.1 (KHTML, like Gecko) Version/7.0 Mobile/11A465 Safari/9537.53 (compatible; bingbot/2.0; +http://www.bing.com/bingbot.htm)" 
45.55.37.221 - - [03/Aug/2018:13:55:14 -0700] "HEAD / HTTP/1.1" 301 209 "http://www.netcraft.com/survey/" "Mozilla/4.0 (compatible; Netcraft Web Server Survey)" 
5.248.253.117 - - [03/Aug/2018:13:55:52 -0700] "GET /honeypot/ HTTP/1.1" 200 1077 "https://atleticpharm.org/" "Mozilla/4.0 (compatible; MSIE 6.0; Windows XP)" 
5.248.253.117 - - [03/Aug/2018:13:55:52 -0700] "GET /honeypot/ HTTP/1.1" 200 1077 "https://atleticpharm.org/" "Mozilla/4.0 (compatible; MSIE 6.0; Windows XP)" 
5.248.253.117 - - [03/Aug/2018:13:55:53 -0700] "GET /honeypot/ HTTP/1.1" 200 1077 "https://atleticpharm.org/" "Mozilla/4.0 (compatible; MSIE 6.0; Windows XP)" 
50.87.144.167 - - [03/Aug/2018:13:58:00 -0700] "GET /wp/wp-admin/ HTTP/1.1" 301 485 "-" "-" 
113.171.224.176 - - [03/Aug/2018:13:59:57 -0700] "GET /honeypot/Honeypot%20-%20Howto.pdf HTTP/1.1" 200 46720 "-" "Mozilla/5.0 Gecko/20100115 Firefox/3.6" 
50.87.144.173 - - [03/Aug/2018:14:03:50 -0700] "GET /old/wp-admin/ HTTP/1.1" 301 487 "-" "-" 
66.249.92.95 - - [03/Aug/2018:14:06:20 -0700] "GET / HTTP/1.1" 301 483 "-" "Mozilla/5.0 (Macintosh; Intel Mac OS X 10_8_4) AppleWebKit/537.36 (KHTML, like Gecko) Chrome/28.0.1500.71 Safari/537.36" 
162.242.144.71 - - [03/Aug/2018:14:06:21 -0700] "GET /robots.txt HTTP/1.1" 301 446 "-" "Tornado-Async-Client" 
162.242.144.71 - - [03/Aug/2018:14:06:21 -0700] "GET /robots.txt HTTP/1.1" 304 130 "-" "Tornado-Async-Client" 
162.242.144.71 - - [03/Aug/2018:14:06:21 -0700] "GET /honeypot/BSidesDFW%20-%202014.ipynbIlkay HTTP/1.1" 301 493 "-" "Tornado-Async-Client" 
162.242.144.71 - - [03/Aug/2018:14:06:21 -0700] "GET /honeypot/BSidesDFW%20-%202014.ipynbIlkay HTTP/1.1" 404 284 "-" "Tornado-Async-Client" 
66.249.92.147 - - [03/Aug/2018:14:06:21 -0700] "GET /&amp HTTP/1.1" 404 340 "-" "Mozilla/5.0 (Macintosh; Intel Mac OS X 10_8_4) AppleWebKit/537.36 (KHTML, like Gecko) Chrome/28.0.1500.71 Safari/537.36" 
162.242.144.71 - - [03/Aug/2018:14:06:21 -0700] "GET /robots.txt HTTP/1.1" 301 446 "-" "Tornado-Async-Client" 
162.242.144.71 - - [03/Aug/2018:14:06:21 -0700] "GET /robots.txt HTTP/1.1" 304 130 "-" "Tornado-Async-Client" 
162.242.144.71 - - [03/Aug/2018:14:06:21 -0700] "GET /honeypot/BSidesDFW%2520-%25202014.ipynb%26amp HTTP/1.1" 301 503 "-" "Tornado-Async-Client" 
162.242.144.71 - - [03/Aug/2018:14:06:21 -0700] "GET /honeypot/BSidesDFW%20-%202014.ipynb&amp HTTP/1.1" 404 284 "-" "Tornado-Async-Client" 
66.249.92.146 - - [03/Aug/2018:14:06:21 -0700] "GET / HTTP/1.1" 200 11357 "-" "Mozilla/5.0 (Macintosh; Intel Mac OS X 10_8_4) AppleWebKit/537.36 (KHTML, like Gecko) Chrome/28.0.1500.71 Safari/537.36" 
108.59.8.70 - - [03/Aug/2018:14:06:59 -0700] "GET /robots.txt HTTP/1.1" 200 289 "-" "Mozilla/5.0 (compatible; MJ12bot/v1.4.8; http://mj12bot.com/)" 
108.59.8.70 - - [03/Aug/2018:14:07:01 -0700] "GET / HTTP/1.1" 200 38539 "-" "Mozilla/5.0 (compatible; MJ12bot/v1.4.8; http://mj12bot.com/)" 
173.252.122.140 - - [03/Aug/2018:14:07:54 -0700] "GET /twitter-icon.png HTTP/1.1" 200 27788 "-" "facebookexternalhit/1.1 (+http://www.facebook.com/externalhit_uatext.php)" 
54.36.149.47 - - [03/Aug/2018:14:09:41 -0700] "GET /self.logs/access.log.2016-09-18.gz HTTP/1.1" 404 284 "-" "Mozilla/5.0 (compatible; AhrefsBot/5.2; +http://ahrefs.com/robot/)" 
151.237.188.221 - - [03/Aug/2018:14:12:33 -0700] "GET /honeypot/Honeypot%20-%20Howto.pdf HTTP/1.0" 200 1279381 "http://www.secrepo.com/" "Mozilla/5.0 (Windows NT 6.1; Win64; x64; rv:52.0) Gecko/20100101 Firefox/4FD9" 
41.223.160.173 - - [03/Aug/2018:14:15:42 -0700] "GET /maccdc2012/dns.log.gz HTTP/1.1" 304 154 "-" "Mozilla/5.0 Gecko/20100115 Firefox/3.6" 
188.3.7.170 - - [03/Aug/2018:14:16:02 -0700] "GET /wp-login.php HTTP/1.1" 418 732 "-" "Mozilla/5.0 (Windows NT 6.1; WOW64; rv:40.0) Gecko/20100101 Firefox/40.1" 
188.3.7.170 - - [03/Aug/2018:14:16:03 -0700] "GET / HTTP/1.1" 418 732 "-" "Mozilla/5.0 (Windows NT 6.1; WOW64; rv:40.0) Gecko/20100101 Firefox/40.1" 
54.36.148.52 - - [03/Aug/2018:14:17:39 -0700] "GET /self.logs/access.log.2016-10-04.gz HTTP/1.1" 404 284 "-" "Mozilla/5.0 (compatible; AhrefsBot/5.2; +http://ahrefs.com/robot/)" 
187.220.136.166 - - [03/Aug/2018:14:18:20 -0700] "GET /wp-login.php HTTP/1.1" 418 732 "-" "Mozilla/5.0 (Windows NT 6.1; WOW64; rv:40.0) Gecko/20100101 Firefox/40.1" 
187.220.136.166 - - [03/Aug/2018:14:18:21 -0700] "GET / HTTP/1.1" 418 732 "-" "Mozilla/5.0 (Windows NT 6.1; WOW64; rv:40.0) Gecko/20100101 Firefox/40.1" 
66.249.92.64 - - [03/Aug/2018:14:23:06 -0700] "GET / HTTP/1.1" 301 483 "-" "Mozilla/5.0 (Macintosh; Intel Mac OS X 10_8_4) AppleWebKit/537.36 (KHTML, like Gecko) Chrome/28.0.1500.71 Safari/537.36" 
23.253.92.35 - - [03/Aug/2018:14:23:06 -0700] "GET /robots.txt HTTP/1.1" 301 446 "-" "Tornado-Async-Client" 
23.253.92.35 - - [03/Aug/2018:14:23:06 -0700] "GET /robots.txt HTTP/1.1" 304 130 "-" "Tornado-Async-Client" 
23.253.92.35 - - [03/Aug/2018:14:23:06 -0700] "GET /honeypot/BSidesDFW%20-%202014.ipynb HTTP/1.1" 301 484 "-" "Tornado-Async-Client" 
66.249.92.146 - - [03/Aug/2018:14:23:06 -0700] "GET /&amp HTTP/1.1" 404 340 "-" "Mozilla/5.0 (Macintosh; Intel Mac OS X 10_8_4) AppleWebKit/537.36 (KHTML, like Gecko) Chrome/28.0.1500.71 Safari/537.36" 
23.253.92.35 - - [03/Aug/2018:14:23:06 -0700] "GET /honeypot/BSidesDFW%20-%202014.ipynb HTTP/1.1" 200 930780 "-" "Tornado-Async-Client" 
66.249.92.146 - - [03/Aug/2018:14:23:07 -0700] "GET / HTTP/1.1" 200 11356 "-" "Mozilla/5.0 (Macintosh; Intel Mac OS X 10_8_4) AppleWebKit/537.36 (KHTML, like Gecko) Chrome/28.0.1500.71 Safari/537.36" 
66.249.92.146 - - [03/Aug/2018:14:23:08 -0700] "GET /&amp HTTP/1.1" 404 339 "-" "Mozilla/5.0 (Macintosh; Intel Mac OS X 10_8_4) AppleWebKit/537.36 (KHTML, like Gecko) Chrome/28.0.1500.71 Safari/537.36" 
23.253.92.35 - - [03/Aug/2018:14:23:09 -0700] "GET /robots.txt HTTP/1.1" 301 446 "-" "Tornado-Async-Client" 
23.253.92.35 - - [03/Aug/2018:14:23:09 -0700] "GET /robots.txt HTTP/1.1" 304 130 "-" "Tornado-Async-Client" 
23.253.92.35 - - [03/Aug/2018:14:23:09 -0700] "GET /honeypot/BSidesDFW%20-%202014.ipynbIlkay HTTP/1.1" 301 493 "-" "Tornado-Async-Client" 
23.253.92.35 - - [03/Aug/2018:14:23:09 -0700] "GET /honeypot/BSidesDFW%20-%202014.ipynbIlkay HTTP/1.1" 404 284 "-" "Tornado-Async-Client" 
162.242.144.71 - - [03/Aug/2018:14:23:10 -0700] "GET /robots.txt HTTP/1.1" 301 446 "-" "Tornado-Async-Client" 
162.242.144.71 - - [03/Aug/2018:14:23:10 -0700] "GET /robots.txt HTTP/1.1" 304 130 "-" "Tornado-Async-Client" 
162.242.144.71 - - [03/Aug/2018:14:23:10 -0700] "GET /honeypot/BSidesDFW%20-%202014.ipynb HTTP/1.1" 301 484 "-" "Tornado-Async-Client" 
162.242.144.71 - - [03/Aug/2018:14:23:10 -0700] "GET /honeypot/BSidesDFW%20-%202014.ipynb HTTP/1.1" 200 930780 "-" "Tornado-Async-Client" 
66.249.92.64 - - [03/Aug/2018:14:24:15 -0700] "GET / HTTP/1.1" 301 483 "-" "Mozilla/5.0 (Macintosh; Intel Mac OS X 10_8_4) AppleWebKit/537.36 (KHTML, like Gecko) Chrome/28.0.1500.71 Safari/537.36" 
66.249.92.147 - - [03/Aug/2018:14:24:15 -0700] "GET / HTTP/1.1" 200 11357 "-" "Mozilla/5.0 (Macintosh; Intel Mac OS X 10_8_4) AppleWebKit/537.36 (KHTML, like Gecko) Chrome/28.0.1500.71 Safari/537.36" 
157.55.39.95 - - [03/Aug/2018:14:25:30 -0700] "GET /maccdc2012/dns.log.gz HTTP/1.1" 304 191 "-" "Mozilla/5.0 (compatible; bingbot/2.0; +http://www.bing.com/bingbot.htm)" 
66.249.66.82 - - [03/Aug/2018:14:40:13 -0700] "GET / HTTP/1.1" 200 11357 "-" "Mozilla/5.0 (compatible; Googlebot/2.1; +http://www.google.com/bot.html)" 
66.249.66.82 - - [03/Aug/2018:14:43:49 -0700] "GET / HTTP/1.1" 200 11357 "-" "Mozilla/5.0 (Linux; Android 6.0.1; Nexus 5X Build/MMB29P) AppleWebKit/537.36 (KHTML, like Gecko) Chrome/41.0.2272.96 Mobile Safari/537.36 (compatible; Googlebot/2.1; +http://www.google.com/bot.html)" 
184.22.184.82 - - [03/Aug/2018:14:45:12 -0700] "GET /wp-login.php HTTP/1.1" 418 732 "-" "Mozilla/5.0 (Windows NT 6.1; WOW64; rv:40.0) Gecko/20100101 Firefox/40.1" 
184.22.184.82 - - [03/Aug/2018:14:45:13 -0700] "GET / HTTP/1.1" 418 732 "-" "Mozilla/5.0 (Windows NT 6.1; WOW64; rv:40.0) Gecko/20100101 Firefox/40.1" 
72.143.199.85 - - [03/Aug/2018:14:47:17 -0700] "GET / HTTP/1.1" 200 11357 "https://www.google.ca/" "Mozilla/5.0 (iPhone; CPU iPhone OS 11_4_1 like Mac OS X) AppleWebKit/605.1.15 (KHTML, like Gecko) Version/11.0 Mobile/15E148 Safari/604.1" 
72.143.199.85 - - [03/Aug/2018:14:47:17 -0700] "GET /twitter-icon.png HTTP/1.1" 200 27787 "http://www.secrepo.com/" "Mozilla/5.0 (iPhone; CPU iPhone OS 11_4_1 like Mac OS X) AppleWebKit/605.1.15 (KHTML, like Gecko) Version/11.0 Mobile/15E148 Safari/604.1" 
72.143.199.85 - - [03/Aug/2018:14:47:17 -0700] "GET /GitHub-Mark.png HTTP/1.1" 200 7428 "http://www.secrepo.com/" "Mozilla/5.0 (iPhone; CPU iPhone OS 11_4_1 like Mac OS X) AppleWebKit/605.1.15 (KHTML, like Gecko) Version/11.0 Mobile/15E148 Safari/604.1" 
72.143.199.85 - - [03/Aug/2018:14:47:53 -0700] "GET /honeypot/honeypot.json.zip HTTP/1.1" 200 23085976 "http://www.secrepo.com/" "Mozilla/5.0 (iPhone; CPU iPhone OS 11_4_1 like Mac OS X) AppleWebKit/605.1.15 (KHTML, like Gecko) Version/11.0 Mobile/15E148 Safari/604.1" 
72.143.199.85 - - [03/Aug/2018:14:48:09 -0700] "GET / HTTP/1.1" 200 11357 "-" "Mozilla/5.0 (iPhone; CPU iPhone OS 11_4_1 like Mac OS X) AppleWebKit/605.1.15 (KHTML, like Gecko) Version/11.0 Mobile/15E148 Safari/604.1" 
72.143.199.85 - - [03/Aug/2018:14:48:09 -0700] "GET /apple-touch-icon-120x120-precomposed.png HTTP/1.1" 404 340 "-" "MobileSafari/604.1 CFNetwork/902.2 Darwin/17.7.0" 
72.143.199.85 - - [03/Aug/2018:14:48:09 -0700] "GET /apple-touch-icon-120x120.png HTTP/1.1" 404 339 "-" "MobileSafari/604.1 CFNetwork/902.2 Darwin/17.7.0" 
72.143.199.85 - - [03/Aug/2018:14:48:09 -0700] "GET /apple-touch-icon-precomposed.png HTTP/1.1" 404 339 "-" "MobileSafari/604.1 CFNetwork/902.2 Darwin/17.7.0" 
72.143.199.85 - - [03/Aug/2018:14:48:09 -0700] "GET /apple-touch-icon.png HTTP/1.1" 404 339 "-" "MobileSafari/604.1 CFNetwork/902.2 Darwin/17.7.0" 
72.143.199.85 - - [03/Aug/2018:14:48:09 -0700] "GET /bootstrap/img/favicon.ico HTTP/1.1" 200 589 "-" "MobileSafari/604.1 CFNetwork/902.2 Darwin/17.7.0" 
151.29.133.242 - - [03/Aug/2018:14:50:09 -0700] "GET /wp-login.php HTTP/1.1" 418 732 "-" "Mozilla/5.0 (Windows NT 6.1; WOW64; rv:40.0) Gecko/20100101 Firefox/40.1" 
151.29.133.242 - - [03/Aug/2018:14:50:09 -0700] "GET / HTTP/1.1" 418 732 "-" "Mozilla/5.0 (Windows NT 6.1; WOW64; rv:40.0) Gecko/20100101 Firefox/40.1" 
157.55.39.69 - - [03/Aug/2018:14:52:30 -0700] "GET /self.logs/access.log.2017-05-01.gz HTTP/1.1" 200 14319 "-" "Mozilla/5.0 (compatible; bingbot/2.0; +http://www.bing.com/bingbot.htm)" 
83.10.102.61 - - [03/Aug/2018:14:55:26 -0700] "GET /wp-login.php HTTP/1.1" 418 732 "-" "Mozilla/5.0 (Windows NT 6.1; WOW64; rv:40.0) Gecko/20100101 Firefox/40.1" 
83.10.102.61 - - [03/Aug/2018:14:55:26 -0700] "GET / HTTP/1.1" 418 732 "-" "Mozilla/5.0 (Windows NT 6.1; WOW64; rv:40.0) Gecko/20100101 Firefox/40.1" 
113.171.224.176 - - [03/Aug/2018:15:00:12 -0700] "GET /honeypot/Honeypot%20-%20Howto.pdf HTTP/1.1" 200 46720 "-" "Mozilla/5.0 Gecko/20100115 Firefox/3.6" 
125.162.48.194 - - [03/Aug/2018:15:02:11 -0700] "GET /wp-login.php HTTP/1.1" 418 732 "-" "Mozilla/5.0 (Windows NT 6.1; WOW64; rv:40.0) Gecko/20100101 Firefox/40.1" 
125.162.48.194 - - [03/Aug/2018:15:02:11 -0700] "GET / HTTP/1.1" 418 732 "-" "Mozilla/5.0 (Windows NT 6.1; WOW64; rv:40.0) Gecko/20100101 Firefox/40.1" 
157.55.39.98 - - [03/Aug/2018:15:06:16 -0700] "GET /self.logs/access.log.2017-07-03.gz HTTP/1.1" 304 189 "-" "Mozilla/5.0 (compatible; bingbot/2.0; +http://www.bing.com/bingbot.htm)" 
54.36.149.106 - - [03/Aug/2018:15:07:25 -0700] "GET /self.logs/2015/access.log.2015-05-07.gz HTTP/1.1" 200 6137 "-" "Mozilla/5.0 (compatible; AhrefsBot/5.2; +http://ahrefs.com/robot/)" 
41.223.160.173 - - [03/Aug/2018:15:09:22 -0700] "GET /tg/tg_snort_fast.7z HTTP/1.1" 304 131 "-" "Mozilla/5.0 Gecko/20100115 Firefox/3.6" 
54.36.149.55 - - [03/Aug/2018:15:10:41 -0700] "GET /self.logs/access.log.2018-05-04.gz HTTP/1.1" 200 17771 "-" "Mozilla/5.0 (compatible; AhrefsBot/5.2; +http://ahrefs.com/robot/)" 
54.36.148.39 - - [03/Aug/2018:15:10:48 -0700] "GET /self.logs/error.log.2016-11-01.gz HTTP/1.1" 404 284 "-" "Mozilla/5.0 (compatible; AhrefsBot/5.2; +http://ahrefs.com/robot/)" 
184.149.38.41 - - [03/Aug/2018:15:12:19 -0700] "GET / HTTP/1.1" 200 11357 "-" "Mozilla/5.0 (Macintosh; Intel Mac OS X 10_13_4) AppleWebKit/605.1.15 (KHTML, like Gecko) Version/11.1 Safari/605.1.15" 
184.149.38.41 - - [03/Aug/2018:15:12:19 -0700] "GET /twitter-icon.png HTTP/1.1" 200 27787 "http://www.secrepo.com/" "Mozilla/5.0 (Macintosh; Intel Mac OS X 10_13_4) AppleWebKit/605.1.15 (KHTML, like Gecko) Version/11.1 Safari/605.1.15" 
184.149.38.41 - - [03/Aug/2018:15:12:21 -0700] "GET /GitHub-Mark.png HTTP/1.1" 200 7428 "http://www.secrepo.com/" "Mozilla/5.0 (Macintosh; Intel Mac OS X 10_13_4) AppleWebKit/605.1.15 (KHTML, like Gecko) Version/11.1 Safari/605.1.15" 
184.149.38.41 - - [03/Aug/2018:15:12:22 -0700] "GET /apple-touch-icon-precomposed.png HTTP/1.1" 404 340 "-" "Safari/13605.1.33.1.4 CFNetwork/897.15 Darwin/17.5.0 (x86_64)" 
184.149.38.41 - - [03/Aug/2018:15:12:22 -0700] "GET /bootstrap/img/favicon.ico HTTP/1.1" 200 590 "http://www.secrepo.com/" "Mozilla/5.0 (Macintosh; Intel Mac OS X 10_13_4) AppleWebKit/605.1.15 (KHTML, like Gecko) Version/11.1 Safari/605.1.15" 
184.149.38.41 - - [03/Aug/2018:15:12:23 -0700] "GET /apple-touch-icon.png HTTP/1.1" 404 339 "-" "Safari/13605.1.33.1.4 CFNetwork/897.15 Darwin/17.5.0 (x86_64)" 
184.149.38.41 - - [03/Aug/2018:15:12:32 -0700] "GET / HTTP/1.1" 200 11357 "-" "Mozilla/5.0 (Macintosh; Intel Mac OS X 10_13_4) AppleWebKit/605.1.15 (KHTML, like Gecko)" 
184.149.38.41 - - [03/Aug/2018:15:12:33 -0700] "GET /apple-touch-icon-precomposed.png HTTP/1.1" 404 340 "-" "Safari/13605.1.33.1.4 CFNetwork/897.15 Darwin/17.5.0 (x86_64)" 
184.149.38.41 - - [03/Aug/2018:15:12:33 -0700] "GET /apple-touch-icon.png HTTP/1.1" 404 339 "-" "Safari/13605.1.33.1.4 CFNetwork/897.15 Darwin/17.5.0 (x86_64)" 
184.149.38.41 - - [03/Aug/2018:15:12:33 -0700] "GET /bootstrap/img/favicon.ico HTTP/1.1" 200 589 "-" "Safari/13605.1.33.1.4 CFNetwork/897.15 Darwin/17.5.0 (x86_64)" 
184.149.38.41 - - [03/Aug/2018:15:12:33 -0700] "GET / HTTP/1.1" 200 11356 "-" "\"Mozilla/5.0 (iPhone; CPU iPhone OS 11_0 like Mac OS X) AppleWebKit/604.1.38 (KHTML, like Gecko) Version/11.0 Mobile/15A372 Safari/604.1\"" 
184.149.38.41 - - [03/Aug/2018:15:12:33 -0700] "GET /apple-touch-icon-precomposed.png HTTP/1.1" 404 339 "-" "Safari/13605.1.33.1.4 CFNetwork/897.15 Darwin/17.5.0 (x86_64)" 
184.149.38.41 - - [03/Aug/2018:15:12:33 -0700] "GET /apple-touch-icon.png HTTP/1.1" 404 339 "-" "Safari/13605.1.33.1.4 CFNetwork/897.15 Darwin/17.5.0 (x86_64)" 
184.149.38.41 - - [03/Aug/2018:15:12:33 -0700] "GET /bootstrap/img/favicon.ico HTTP/1.1" 200 589 "-" "Safari/13605.1.33.1.4 CFNetwork/897.15 Darwin/17.5.0 (x86_64)" 
184.149.38.41 - - [03/Aug/2018:15:16:20 -0700] "GET /apple-touch-icon-precomposed.png HTTP/1.1" 404 340 "-" "Safari/13605.1.33.1.4 CFNetwork/897.15 Darwin/17.5.0 (x86_64)" 
184.149.38.41 - - [03/Aug/2018:15:16:20 -0700] "GET /apple-touch-icon.png HTTP/1.1" 404 339 "-" "Safari/13605.1.33.1.4 CFNetwork/897.15 Darwin/17.5.0 (x86_64)" 
123.125.71.69 - - [03/Aug/2018:15:24:19 -0700] "GET /robots.txt HTTP/1.1" 301 465 "-" "Mozilla/5.0 (compatible; Baiduspider/2.0; +http://www.baidu.com/search/spider.html)" 
123.125.71.85 - - [03/Aug/2018:15:24:19 -0700] "GET /robots.txt HTTP/1.1" 200 297 "-" "Mozilla/5.0 (compatible; Baiduspider/2.0; +http://www.baidu.com/search/spider.html)" 
220.181.108.166 - - [03/Aug/2018:15:25:30 -0700] "GET / HTTP/1.1" 301 446 "-" "Mozilla/5.0 (compatible; Baiduspider/2.0; +http://www.baidu.com/search/spider.html)" 
123.125.71.87 - - [03/Aug/2018:15:25:31 -0700] "GET / HTTP/1.1" 304 152 "-" "Mozilla/5.0 (compatible; Baiduspider/2.0; +http://www.baidu.com/search/spider.html)" 
220.181.108.151 - - [03/Aug/2018:15:25:32 -0700] "GET /robots.txt HTTP/1.1" 200 297 "-" "Mozilla/5.0 (compatible; Baiduspider/2.0; +http://www.baidu.com/search/spider.html)" 
123.125.67.219 - - [03/Aug/2018:15:25:34 -0700] "GET /robots.txt HTTP/1.1" 200 297 "-" "Mozilla/5.0 (Windows NT 10.0; WOW64) AppleWebKit/537.36 (KHTML, like Gecko) Chrome/45.0.2454.93 Safari/537.36" 
220.181.108.118 - - [03/Aug/2018:15:25:36 -0700] "GET /robots.txt HTTP/1.1" 200 297 "-" "Mozilla/5.0 (compatible; Baiduspider/2.0; +http://www.baidu.com/search/spider.html)" 
199.188.210.4 - - [03/Aug/2018:15:27:37 -0700] "GET /robots.txt HTTP/1.1" 200 334 "-" "Mozilla/5.0 (Windows NT 10.0; Win64; x64) AppleWebKit/537.36 (KHTML, like Gecko) Chrome/68.0.3440.84 Safari/537.36" 
199.188.210.4 - - [03/Aug/2018:15:27:37 -0700] "GET / HTTP/1.1" 200 11357 "https://www.google.com/" "Mozilla/5.0 (Windows NT 10.0; Win64; x64) AppleWebKit/537.36 (KHTML, like Gecko) Chrome/68.0.3440.84 Safari/537.36" 
199.188.210.4 - - [03/Aug/2018:15:27:37 -0700] "GET /twitter-icon.png HTTP/1.1" 200 27787 "http://www.secrepo.com/" "Mozilla/5.0 (Windows NT 10.0; Win64; x64) AppleWebKit/537.36 (KHTML, like Gecko) Chrome/68.0.3440.84 Safari/537.36" 
199.188.210.4 - - [03/Aug/2018:15:27:37 -0700] "GET /GitHub-Mark.png HTTP/1.1" 200 7427 "http://www.secrepo.com/" "Mozilla/5.0 (Windows NT 10.0; Win64; x64) AppleWebKit/537.36 (KHTML, like Gecko) Chrome/68.0.3440.84 Safari/537.36" 
199.188.210.4 - - [03/Aug/2018:15:27:38 -0700] "GET /bootstrap/img/favicon.ico HTTP/1.1" 200 589 "http://www.secrepo.com/" "Mozilla/5.0 (Windows NT 10.0; Win64; x64) AppleWebKit/537.36 (KHTML, like Gecko) Chrome/68.0.3440.84 Safari/537.36" 
178.206.204.11 - - [03/Aug/2018:15:52:00 -0700] "GET /wp-login.php HTTP/1.1" 418 732 "-" "Mozilla/5.0 (Windows NT 6.1; WOW64; rv:40.0) Gecko/20100101 Firefox/40.1" 
178.206.204.11 - - [03/Aug/2018:15:52:01 -0700] "GET / HTTP/1.1" 418 732 "-" "Mozilla/5.0 (Windows NT 6.1; WOW64; rv:40.0) Gecko/20100101 Firefox/40.1" 
123.125.67.221 - - [03/Aug/2018:15:53:42 -0700] "GET /robots.txt HTTP/1.1" 200 297 "-" "Mozilla/5.0 (Windows NT 10.0; WOW64) AppleWebKit/537.36 (KHTML, like Gecko) Chrome/45.0.2454.93 Safari/537.36" 
123.125.71.70 - - [03/Aug/2018:15:53:43 -0700] "GET /robots.txt HTTP/1.1" 200 297 "-" "Mozilla/5.0 (compatible; Baiduspider/2.0; +http://www.baidu.com/search/spider.html)" 
213.127.29.219 - - [03/Aug/2018:15:57:16 -0700] "GET / HTTP/1.1" 200 11357 "-" "Mozilla/5.0 (Macintosh; Intel Mac OS X 10_12_6) AppleWebKit/537.36 (KHTML, like Gecko) Chrome/67.0.3396.87 Safari/537.36 OPR/54.0.2952.64" 
213.127.29.219 - - [03/Aug/2018:15:57:17 -0700] "GET /twitter-icon.png HTTP/1.1" 200 27787 "http://www.secrepo.com/" "Mozilla/5.0 (Macintosh; Intel Mac OS X 10_12_6) AppleWebKit/537.36 (KHTML, like Gecko) Chrome/67.0.3396.87 Safari/537.36 OPR/54.0.2952.64" 
213.127.29.219 - - [03/Aug/2018:15:57:17 -0700] "GET /GitHub-Mark.png HTTP/1.1" 200 7428 "http://www.secrepo.com/" "Mozilla/5.0 (Macintosh; Intel Mac OS X 10_12_6) AppleWebKit/537.36 (KHTML, like Gecko) Chrome/67.0.3396.87 Safari/537.36 OPR/54.0.2952.64" 
192.16.26.2 - - [03/Aug/2018:15:58:45 -0700] "GET / HTTP/1.1" 200 11357 "-" "Mozilla/5.0 (Macintosh; Intel Mac OS X 10_13_6) AppleWebKit/537.36 (KHTML, like Gecko) Chrome/67.0.3396.99 Safari/537.36" 
192.16.26.2 - - [03/Aug/2018:15:58:45 -0700] "GET /twitter-icon.png HTTP/1.1" 200 27787 "http://www.secrepo.com/" "Mozilla/5.0 (Macintosh; Intel Mac OS X 10_13_6) AppleWebKit/537.36 (KHTML, like Gecko) Chrome/67.0.3396.99 Safari/537.36" 
192.16.26.2 - - [03/Aug/2018:15:58:45 -0700] "GET /GitHub-Mark.png HTTP/1.1" 200 7428 "http://www.secrepo.com/" "Mozilla/5.0 (Macintosh; Intel Mac OS X 10_13_6) AppleWebKit/537.36 (KHTML, like Gecko) Chrome/67.0.3396.99 Safari/537.36" 
113.171.224.176 - - [03/Aug/2018:16:00:15 -0700] "GET /honeypot/Honeypot%20-%20Howto.pdf HTTP/1.1" 200 46720 "-" "Mozilla/5.0 Gecko/20100115 Firefox/3.6" 
46.152.142.64 - - [03/Aug/2018:16:00:42 -0700] "GET /wp-login.php HTTP/1.1" 418 732 "-" "Mozilla/5.0 (Windows NT 6.1; WOW64; rv:40.0) Gecko/20100101 Firefox/40.1" 
46.152.142.64 - - [03/Aug/2018:16:00:42 -0700] "GET / HTTP/1.1" 418 732 "-" "Mozilla/5.0 (Windows NT 6.1; WOW64; rv:40.0) Gecko/20100101 Firefox/40.1" 
199.58.86.211 - - [03/Aug/2018:16:00:51 -0700] "GET /robots.txt HTTP/1.1" 200 289 "-" "Mozilla/5.0 (compatible; MJ12bot/v1.4.8; http://mj12bot.com/)" 
199.58.86.211 - - [03/Aug/2018:16:00:53 -0700] "GET / HTTP/1.1" 200 38539 "-" "Mozilla/5.0 (compatible; MJ12bot/v1.4.8; http://mj12bot.com/)" 
138.197.96.169 - - [03/Aug/2018:16:04:03 -0700] "GET / HTTP/1.1" 200 11357 "-" "Mozilla/5.0 (X11; Datanyze; Linux x86_64) AppleWebKit/537.36 (KHTML, like Gecko) Chrome/65.0.3325.181 Safari/537.36" 
138.197.96.169 - - [03/Aug/2018:16:04:36 -0700] "GET /robots.txt HTTP/1.1" 200 334 "-" "Mozilla/5.0 (compatible; MSIE 9.0; Windows NT 6.1; WOW64; Trident/5.0)" 
138.197.96.169 - - [03/Aug/2018:16:05:16 -0700] "GET /data HTTP/1.1" 404 340 "http://www.secrepo.com" "Mozilla/5.0 (X11; Datanyze; Linux x86_64) AppleWebKit/537.36 (KHTML, like Gecko) Chrome/65.0.3325.181 Safari/537.36" 
138.197.96.169 - - [03/Aug/2018:16:05:16 -0700] "GET / HTTP/1.1" 301 483 "http://secrepo.com" "Mozilla/5.0 (X11; Datanyze; Linux x86_64) AppleWebKit/537.36 (KHTML, like Gecko) Chrome/65.0.3325.181 Safari/537.36" 
138.197.96.169 - - [03/Aug/2018:16:05:17 -0700] "GET / HTTP/1.1" 200 11357 "http://secrepo.com/" "Mozilla/5.0 (X11; Datanyze; Linux x86_64) AppleWebKit/537.36 (KHTML, like Gecko) Chrome/65.0.3325.181 Safari/537.36" 
138.197.96.169 - - [03/Aug/2018:16:05:17 -0700] "GET /maccdc2012/dhcp.log.gz HTTP/1.1" 200 45019 "http://www.secrepo.com" "Mozilla/5.0 (X11; Datanyze; Linux x86_64) AppleWebKit/537.36 (KHTML, like Gecko) Chrome/65.0.3325.181 Safari/537.36" 
138.197.96.169 - - [03/Aug/2018:16:05:17 -0700] "GET /maccdc2012/ftp.log.gz HTTP/1.1" 200 128116 "http://www.secrepo.com" "Mozilla/5.0 (X11; Datanyze; Linux x86_64) AppleWebKit/537.36 (KHTML, like Gecko) Chrome/65.0.3325.181 Safari/537.36" 
138.197.96.169 - - [03/Aug/2018:16:05:18 -0700] "GET /maccdc2012/notice.log.gz HTTP/1.1" 200 20779 "http://www.secrepo.com" "Mozilla/5.0 (X11; Datanyze; Linux x86_64) AppleWebKit/537.36 (KHTML, like Gecko) Chrome/65.0.3325.181 Safari/537.36" 
138.197.96.169 - - [03/Aug/2018:16:05:18 -0700] "GET /maccdc2012/signatures.log.gz HTTP/1.1" 200 605 "http://www.secrepo.com" "Mozilla/5.0 (X11; Datanyze; Linux x86_64) AppleWebKit/537.36 (KHTML, like Gecko) Chrome/65.0.3325.181 Safari/537.36" 
138.197.96.169 - - [03/Aug/2018:16:05:16 -0700] "GET /maccdc2012/maccdc2012_fast_alert.7z HTTP/1.1" 200 9478149 "http://www.secrepo.com" "Mozilla/5.0 (X11; Datanyze; Linux x86_64) AppleWebKit/537.36 (KHTML, like Gecko) Chrome/65.0.3325.181 Safari/537.36" 
138.197.96.169 - - [03/Aug/2018:16:05:18 -0700] "GET /maccdc2012/smtp.log.gz HTTP/1.1" 200 6908 "http://www.secrepo.com" "Mozilla/5.0 (X11; Datanyze; Linux x86_64) AppleWebKit/537.36 (KHTML, like Gecko) Chrome/65.0.3325.181 Safari/537.36" 
138.197.96.169 - - [03/Aug/2018:16:05:17 -0700] "GET /maccdc2012/dns.log.gz HTTP/1.1" 200 6629420 "http://www.secrepo.com" "Mozilla/5.0 (X11; Datanyze; Linux x86_64) AppleWebKit/537.36 (KHTML, like Gecko) Chrome/65.0.3325.181 Safari/537.36" 
138.197.96.169 - - [03/Aug/2018:16:05:19 -0700] "GET /maccdc2012/ssh.log.gz HTTP/1.1" 200 182517 "http://www.secrepo.com" "Mozilla/5.0 (X11; Datanyze; Linux x86_64) AppleWebKit/537.36 (KHTML, like Gecko) Chrome/65.0.3325.181 Safari/537.36" 
138.197.96.169 - - [03/Aug/2018:16:05:17 -0700] "GET /maccdc2012/http.log.gz HTTP/1.1" 200 5575890 "http://www.secrepo.com" "Mozilla/5.0 (X11; Datanyze; Linux x86_64) AppleWebKit/537.36 (KHTML, like Gecko) Chrome/65.0.3325.181 Safari/537.36" 
138.197.96.169 - - [03/Aug/2018:16:05:17 -0700] "GET /maccdc2012/conn.log.gz HTTP/1.1" 200 8234003 "http://www.secrepo.com" "Mozilla/5.0 (X11; Datanyze; Linux x86_64) AppleWebKit/537.36 (KHTML, like Gecko) Chrome/65.0.3325.181 Safari/537.36" 
138.197.96.169 - - [03/Aug/2018:16:05:17 -0700] "GET /maccdc2012/files.log.gz HTTP/1.1" 200 5819010 "http://www.secrepo.com" "Mozilla/5.0 (X11; Datanyze; Linux x86_64) AppleWebKit/537.36 (KHTML, like Gecko) Chrome/65.0.3325.181 Safari/537.36" 
54.36.148.236 - - [03/Aug/2018:16:09:42 -0700] "GET /self.logs/access.log.2016-04-10.gz HTTP/1.1" 404 284 "-" "Mozilla/5.0 (compatible; AhrefsBot/5.2; +http://ahrefs.com/robot/)" 
14.215.176.9 - - [03/Aug/2018:16:31:14 -0700] "GET / HTTP/1.1" 200 11357 "http://www.baidu.com/s?wd=sum7bl" "Mozilla/5.0 (Windows NT 6.1; WOW64; rv:43.0) Gecko/20100101 Firefox/43.0" 
52.38.33.46 - - [03/Aug/2018:16:38:55 -0700] "GET /robots.txt HTTP/1.1" 200 233 "-" "-" 
18.236.73.147 - - [03/Aug/2018:16:38:56 -0700] "GET /self.logs HTTP/1.1" 301 499 "-" "Mozilla/5.0 (X11; Linux x86_64) AppleWebKit/537.36 (KHTML, like Gecko) HeadlessChrome/64.0.3282.119 Safari/537.36" 
18.236.73.147 - - [03/Aug/2018:16:38:56 -0700] "GET /self.logs/ HTTP/1.1" 200 11348 "-" "Mozilla/5.0 (X11; Linux x86_64) AppleWebKit/537.36 (KHTML, like Gecko) HeadlessChrome/64.0.3282.119 Safari/537.36" 
12.127.137.138 - - [03/Aug/2018:16:47:10 -0700] "GET / HTTP/1.1" 200 11357 "-" "Mozilla/5.0 (Macintosh; Intel Mac OS X 10_13_6) AppleWebKit/605.1.15 (KHTML, like Gecko)" 
12.127.137.138 - - [03/Aug/2018:16:47:10 -0700] "GET /apple-touch-icon-precomposed.png HTTP/1.1" 404 340 "-" "Safari/13605.3.8 CFNetwork/902.1 Darwin/17.7.0 (x86_64)" 
12.127.137.138 - - [03/Aug/2018:16:47:10 -0700] "GET /apple-touch-icon.png HTTP/1.1" 404 339 "-" "Safari/13605.3.8 CFNetwork/902.1 Darwin/17.7.0 (x86_64)" 
12.127.137.138 - - [03/Aug/2018:16:47:10 -0700] "GET /bootstrap/img/favicon.ico HTTP/1.1" 200 589 "-" "Safari/13605.3.8 CFNetwork/902.1 Darwin/17.7.0 (x86_64)" 
12.127.137.138 - - [03/Aug/2018:16:47:10 -0700] "GET / HTTP/1.1" 200 11356 "-" "\"Mozilla/5.0 (iPhone; CPU iPhone OS 11_0 like Mac OS X) AppleWebKit/604.1.38 (KHTML, like Gecko) Version/11.0 Mobile/15A372 Safari/604.1\"" 
12.127.137.138 - - [03/Aug/2018:16:47:10 -0700] "GET /apple-touch-icon-precomposed.png HTTP/1.1" 404 339 "-" "Safari/13605.3.8 CFNetwork/902.1 Darwin/17.7.0 (x86_64)" 
12.127.137.138 - - [03/Aug/2018:16:47:10 -0700] "GET /apple-touch-icon.png HTTP/1.1" 404 339 "-" "Safari/13605.3.8 CFNetwork/902.1 Darwin/17.7.0 (x86_64)" 
12.127.137.138 - - [03/Aug/2018:16:47:10 -0700] "GET /bootstrap/img/favicon.ico HTTP/1.1" 200 589 "-" "Safari/13605.3.8 CFNetwork/902.1 Darwin/17.7.0 (x86_64)" 
38.122.182.107 - - [03/Aug/2018:16:47:45 -0700] "GET / HTTP/1.1" 200 11357 "https://www.google.com/" "Mozilla/5.0 (Linux; Android 8.1.0; Pixel Build/OPM4.171019.021.P1) AppleWebKit/537.36 (KHTML, like Gecko) Chrome/68.0.3440.85 Mobile Safari/537.36" 
38.122.182.107 - - [03/Aug/2018:16:47:45 -0700] "GET /GitHub-Mark.png HTTP/1.1" 200 7428 "http://www.secrepo.com/" "Mozilla/5.0 (Linux; Android 8.1.0; Pixel Build/OPM4.171019.021.P1) AppleWebKit/537.36 (KHTML, like Gecko) Chrome/68.0.3440.85 Mobile Safari/537.36" 
38.122.182.107 - - [03/Aug/2018:16:47:45 -0700] "GET /twitter-icon.png HTTP/1.1" 200 27787 "http://www.secrepo.com/" "Mozilla/5.0 (Linux; Android 8.1.0; Pixel Build/OPM4.171019.021.P1) AppleWebKit/537.36 (KHTML, like Gecko) Chrome/68.0.3440.85 Mobile Safari/537.36" 
38.122.182.107 - - [03/Aug/2018:16:47:46 -0700] "GET /bootstrap/img/favicon.ico HTTP/1.1" 200 589 "http://www.secrepo.com/" "Mozilla/5.0 (Linux; Android 8.1.0; Pixel Build/OPM4.171019.021.P1) AppleWebKit/537.36 (KHTML, like Gecko) Chrome/68.0.3440.85 Mobile Safari/537.36" 
157.55.39.97 - - [03/Aug/2018:16:50:38 -0700] "GET /self.logs/error.log.2017-04-27.gz HTTP/1.1" 200 728 "-" "Mozilla/5.0 (compatible; bingbot/2.0; +http://www.bing.com/bingbot.htm)" 
123.125.143.192 - - [03/Aug/2018:16:55:03 -0700] "GET / HTTP/1.1" 301 483 "http://www.baidu.com/s?wd=atriz" "Mozilla/5.0 (Windows NT 6.1; WOW64; rv:43.0) Gecko/20100101 Firefox/43.0" 
123.125.143.65 - - [03/Aug/2018:16:55:03 -0700] "GET / HTTP/1.1" 200 11357 "-" "Mozilla/5.0 (Windows NT 6.1; WOW64; rv:43.0) Gecko/20100101 Firefox/43.0" 
113.171.224.176 - - [03/Aug/2018:17:00:17 -0700] "GET /honeypot/Honeypot%20-%20Howto.pdf HTTP/1.1" 200 46720 "-" "Mozilla/5.0 Gecko/20100115 Firefox/3.6" 
66.102.7.190 - - [03/Aug/2018:17:02:07 -0700] "GET / HTTP/1.1" 200 11357 "-" "Mozilla/5.0 (X11; Linux x86_64) AppleWebKit/537.36 (KHTML, like Gecko) Chrome/49.0.2623.75 Safari/537.36 Google Favicon" 
