203.173.193.73 - - [13/Mar/2018:11:37:26 -0700] "GET /twitter-icon.png HTTP/1.1" 200 27787 "http://www.secrepo.com/" "Mozilla/5.0 (Macintosh; Intel Mac OS X 10_13_3) AppleWebKit/537.36 (KHTML, like Gecko) Chrome/64.0.3282.186 Safari/537.36" 
203.173.193.73 - - [13/Mar/2018:11:37:26 -0700] "GET /GitHub-Mark.png HTTP/1.1" 200 7428 "http://www.secrepo.com/" "Mozilla/5.0 (Macintosh; Intel Mac OS X 10_13_3) AppleWebKit/537.36 (KHTML, like Gecko) Chrome/64.0.3282.186 Safari/537.36" 
54.36.149.47 - - [13/Mar/2018:11:37:54 -0700] "GET /self.logs/2016/access.log.2016-05-08.gz HTTP/1.1" 200 20151 "-" "Mozilla/5.0 (compatible; AhrefsBot/5.2; +http://ahrefs.com/robot/)" 
216.244.66.227 - - [13/Mar/2018:11:43:00 -0700] "GET /robots.txt HTTP/1.1" 200 233 "-" "Mozilla/5.0 (compatible; DotBot/1.1; http://www.opensiteexplorer.org/dotbot, help@moz.com)" 
51.223.109.118 - - [13/Mar/2018:11:48:43 -0700] "GET /maccdc2012/dns.log.gz HTTP/1.1" 200 6629420 "http://www.secrepo.com/" "Mozilla/5.0 (Macintosh; Intel Mac OS X 10_11_1) AppleWebKit/601.2.7 (KHTML, like Gecko) Version/9.0.1 Safari/601.2.7" 
142.203.1.9 - - [13/Mar/2018:11:49:25 -0700] "GET / HTTP/1.1" 200 11005 "https://www.google.ca/" "Mozilla/5.0 (Windows NT 10.0; Win64; x64) AppleWebKit/537.36 (KHTML, like Gecko) Chrome/64.0.3282.186 Safari/537.36" 
142.203.1.9 - - [13/Mar/2018:11:49:25 -0700] "GET /twitter-icon.png HTTP/1.1" 200 27732 "http://www.secrepo.com/" "Mozilla/5.0 (Windows NT 10.0; Win64; x64) AppleWebKit/537.36 (KHTML, like Gecko) Chrome/64.0.3282.186 Safari/537.36" 
142.203.1.9 - - [13/Mar/2018:11:49:25 -0700] "GET /GitHub-Mark.png HTTP/1.1" 200 7372 "http://www.secrepo.com/" "Mozilla/5.0 (Windows NT 10.0; Win64; x64) AppleWebKit/537.36 (KHTML, like Gecko) Chrome/64.0.3282.186 Safari/537.36" 
142.203.1.9 - - [13/Mar/2018:11:49:26 -0700] "GET /bootstrap/img/favicon.ico HTTP/1.1" 200 534 "http://www.secrepo.com/" "Mozilla/5.0 (Windows NT 10.0; Win64; x64) AppleWebKit/537.36 (KHTML, like Gecko) Chrome/64.0.3282.186 Safari/537.36" 
54.36.148.195 - - [13/Mar/2018:11:50:00 -0700] "GET /self.logs/access.log.2016-02-26.gz HTTP/1.1" 404 284 "-" "Mozilla/5.0 (compatible; AhrefsBot/5.2; +http://ahrefs.com/robot/)" 
54.36.149.30 - - [13/Mar/2018:11:50:24 -0700] "GET /self.logs/2016/access.log.2016-07-04.gz HTTP/1.1" 200 10605 "-" "Mozilla/5.0 (compatible; AhrefsBot/5.2; +http://ahrefs.com/robot/)" 
157.55.39.123 - - [13/Mar/2018:11:50:30 -0700] "GET /honeypot/Honeypot%20-%20Howto%20-%20BSides%20Austin.pdf HTTP/1.1" 200 2928460 "-" "Mozilla/5.0 (iPhone; CPU iPhone OS 7_0 like Mac OS X) AppleWebKit/537.51.1 (KHTML, like Gecko) Version/7.0 Mobile/11A465 Safari/9537.53 (compatible; bingbot/2.0; +http://www.bing.com/bingbot.htm)" 
157.55.39.66 - - [13/Mar/2018:11:50:46 -0700] "GET /robots.txt HTTP/1.1" 200 334 "-" "Mozilla/5.0 (compatible; bingbot/2.0; +http://www.bing.com/bingbot.htm)" 
142.203.1.9 - - [13/Mar/2018:11:51:03 -0700] "GET /tg/a.zip HTTP/1.1" 200 66189281 "-" "Mozilla/5.0 (Windows NT 10.0; Win64; x64) AppleWebKit/537.36 (KHTML, like Gecko) Chrome/64.0.3282.186 Safari/537.36" 
102.181.194.40 - - [13/Mar/2018:11:51:46 -0700] "GET /tg/tg_snort_fast.7z HTTP/1.1" 304 131 "-" "Mozilla/5.0 Gecko/20100115 Firefox/3.6" 
111.1.50.106 - - [13/Mar/2018:11:51:51 -0700] "GET /tg/b.zip HTTP/1.1" 304 169 "-" "Java/1.6.0_24" 
113.171.224.176 - - [13/Mar/2018:11:56:58 -0700] "GET /honeypot/Honeypot%20-%20Howto.pdf HTTP/1.1" 200 46720 "-" "Mozilla/5.0 Gecko/20100115 Firefox/3.6" 
162.210.196.130 - - [13/Mar/2018:11:57:20 -0700] "GET /robots.txt HTTP/1.1" 200 289 "-" "Mozilla/5.0 (compatible; MJ12bot/v1.4.8; http://mj12bot.com/)" 
162.210.196.130 - - [13/Mar/2018:11:57:22 -0700] "GET / HTTP/1.1" 200 37359 "-" "Mozilla/5.0 (compatible; MJ12bot/v1.4.8; http://mj12bot.com/)" 
107.23.94.161 - - [13/Mar/2018:11:58:54 -0700] "GET /robots.txt HTTP/1.1" 200 334 "-" "BUbiNG (+http://law.di.unimi.it/BUbiNG.html#wc)" 
107.23.94.161 - - [13/Mar/2018:11:59:24 -0700] "GET /maccdc2012/maccdc2012_full_alert.7z HTTP/1.1" 200 2300960 "-" "BUbiNG (+http://law.di.unimi.it/BUbiNG.html#wc)" 
107.23.94.161 - - [13/Mar/2018:11:59:54 -0700] "GET /tg_snort_fast.7z HTTP/1.1" 404 340 "-" "BUbiNG (+http://law.di.unimi.it/BUbiNG.html#wc)" 
107.23.94.161 - - [13/Mar/2018:12:00:24 -0700] "GET /tg_snort_full.7z HTTP/1.1" 404 340 "-" "BUbiNG (+http://law.di.unimi.it/BUbiNG.html#wc)" 
89.243.220.245 - - [13/Mar/2018:12:00:34 -0700] "GET /wp-login.php HTTP/1.1" 418 732 "-" "Mozilla/5.0 (Windows NT 6.1; WOW64; rv:40.0) Gecko/20100101 Firefox/40.1" 
89.243.220.245 - - [13/Mar/2018:12:00:34 -0700] "GET / HTTP/1.1" 418 732 "-" "Mozilla/5.0 (Windows NT 6.1; WOW64; rv:40.0) Gecko/20100101 Firefox/40.1" 
62.24.181.135 - - [13/Mar/2018:12:01:06 -0700] "GET /robots.txt HTTP/1.0" 200 252 "http://www.secrepo.com/robots.txt" "Mozilla/4.0 (compatible; MSIE 8.0; Windows NT 5.1; Trident/4.0; .NET CLR 2.0.50727; .NET CLR 3.0.04506.648; .NET CLR 3.5.21022; .NET CLR 3.0.4506.2152; .NET CLR 3.5.30729; InfoPath.2)" 
62.24.181.135 - - [13/Mar/2018:12:01:06 -0700] "GET / HTTP/1.0" 200 37404 "http://www.secrepo.com/" "Mozilla/4.0 (compatible; MSIE 8.0; Windows NT 5.1; Trident/4.0; .NET CLR 2.0.50727; .NET CLR 3.0.04506.648; .NET CLR 3.5.21022; .NET CLR 3.0.4506.2152; .NET CLR 3.5.30729; InfoPath.2)" 
107.23.94.161 - - [13/Mar/2018:12:04:01 -0700] "GET /self.logs/ HTTP/1.1" 200 8793 "-" "BUbiNG (+http://law.di.unimi.it/BUbiNG.html#wc)" 
52.165.148.51 - - [13/Mar/2018:12:05:02 -0700] "GET / HTTP/1.1" 301 446 "-" "Mozilla/5.0 (Windows NT 6.1; Win64; x64) AppleWebKit/537.36 (KHTML, like Gecko) Chrome/61.0.3163.100 Safari/537.36" 
107.23.94.161 - - [13/Mar/2018:12:06:17 -0700] "GET /maccdc2012/maccdc2012_fast_alert.7z HTTP/1.1" 200 2347302 "-" "BUbiNG (+http://law.di.unimi.it/BUbiNG.html#wc)" 
51.223.109.118 - - [13/Mar/2018:12:07:44 -0700] "GET /maccdc2012/dhcp.log.gz HTTP/1.1" 200 45019 "http://www.secrepo.com/" "Mozilla/5.0 (Macintosh; Intel Mac OS X 10_11_1) AppleWebKit/601.2.7 (KHTML, like Gecko) Version/9.0.1 Safari/601.2.7" 
107.23.94.161 - - [13/Mar/2018:12:09:22 -0700] "GET /self.logs/?C=N;O=D HTTP/1.1" 200 8852 "-" "BUbiNG (+http://law.di.unimi.it/BUbiNG.html#wc)" 
107.23.94.161 - - [13/Mar/2018:12:10:17 -0700] "GET /self.logs/?C=M;O=A HTTP/1.1" 200 9100 "-" "BUbiNG (+http://law.di.unimi.it/BUbiNG.html#wc)" 
107.23.94.161 - - [13/Mar/2018:12:10:52 -0700] "GET /self.logs/?C=S;O=A HTTP/1.1" 200 9898 "-" "BUbiNG (+http://law.di.unimi.it/BUbiNG.html#wc)" 
107.23.94.161 - - [13/Mar/2018:12:11:22 -0700] "GET /self.logs/?C=D;O=A HTTP/1.1" 200 8793 "-" "BUbiNG (+http://law.di.unimi.it/BUbiNG.html#wc)" 
107.23.94.161 - - [13/Mar/2018:12:11:54 -0700] "GET / HTTP/1.1" 200 11061 "-" "BUbiNG (+http://law.di.unimi.it/BUbiNG.html#wc)" 
107.23.94.161 - - [13/Mar/2018:12:12:26 -0700] "GET /self.logs/2015/ HTTP/1.1" 200 7437 "-" "BUbiNG (+http://law.di.unimi.it/BUbiNG.html#wc)" 
107.23.94.161 - - [13/Mar/2018:12:12:58 -0700] "GET /self.logs/2016/ HTTP/1.1" 200 7741 "-" "BUbiNG (+http://law.di.unimi.it/BUbiNG.html#wc)" 
66.249.69.233 - - [13/Mar/2018:12:13:38 -0700] "GET /robots.txt HTTP/1.1" 301 502 "-" "Mozilla/5.0 (compatible; Googlebot/2.1; +http://www.google.com/bot.html)" 
66.249.69.127 - - [13/Mar/2018:12:13:38 -0700] "GET /robots.txt HTTP/1.1" 200 334 "-" "Mozilla/5.0 (compatible; Googlebot/2.1; +http://www.google.com/bot.html)" 
66.249.69.229 - - [13/Mar/2018:12:13:38 -0700] "GET / HTTP/1.1" 301 483 "-" "Mozilla/5.0 (compatible; Googlebot/2.1; +http://www.google.com/bot.html)" 
66.249.69.127 - - [13/Mar/2018:12:13:39 -0700] "GET / HTTP/1.1" 200 11061 "-" "Mozilla/5.0 (compatible; Googlebot/2.1; +http://www.google.com/bot.html)" 
107.23.94.161 - - [13/Mar/2018:12:14:20 -0700] "GET /self.logs/?C=N;O=A HTTP/1.1" 200 8793 "-" "BUbiNG (+http://law.di.unimi.it/BUbiNG.html#wc)" 
52.91.160.49 - - [13/Mar/2018:12:14:48 -0700] "GET /robots.txt HTTP/1.1" 301 502 "-" "BUbiNG (+http://law.di.unimi.it/BUbiNG.html#wc)" 
52.91.160.49 - - [13/Mar/2018:12:14:48 -0700] "GET /robots.txt HTTP/1.1" 200 334 "-" "BUbiNG (+http://law.di.unimi.it/BUbiNG.html#wc)" 
54.36.149.6 - - [13/Mar/2018:12:15:00 -0700] "GET /self.logs/access.log.2017-05-14.gz HTTP/1.1" 200 35790 "-" "Mozilla/5.0 (compatible; AhrefsBot/5.2; +http://ahrefs.com/robot/)" 
107.23.94.161 - - [13/Mar/2018:12:15:30 -0700] "GET /self.logs/?C=M;O=D HTTP/1.1" 200 9188 "-" "BUbiNG (+http://law.di.unimi.it/BUbiNG.html#wc)" 
52.91.160.49 - - [13/Mar/2018:12:15:39 -0700] "GET / HTTP/1.1" 301 483 "-" "BUbiNG (+http://law.di.unimi.it/BUbiNG.html#wc)" 
107.23.94.161 - - [13/Mar/2018:12:16:34 -0700] "GET /self.logs/?C=S;O=D HTTP/1.1" 200 9844 "-" "BUbiNG (+http://law.di.unimi.it/BUbiNG.html#wc)" 
192.195.5.34 - - [13/Mar/2018:12:17:18 -0700] "GET / HTTP/1.1" 200 11061 "https://www.reddit.com/r/datasets/comments/3tbxap/cyber_security_datasets/?st=jeq1g98u&sh=557461db" "Mozilla/5.0 (Windows NT 10.0; Win64; x64) AppleWebKit/537.36 (KHTML, like Gecko) Chrome/64.0.3282.186 Safari/537.36" 
192.195.5.34 - - [13/Mar/2018:12:17:20 -0700] "GET /twitter-icon.png HTTP/1.1" 200 27787 "http://www.secrepo.com/" "Mozilla/5.0 (Windows NT 10.0; Win64; x64) AppleWebKit/537.36 (KHTML, like Gecko) Chrome/64.0.3282.186 Safari/537.36" 
192.195.5.34 - - [13/Mar/2018:12:17:20 -0700] "GET /GitHub-Mark.png HTTP/1.1" 200 7428 "http://www.secrepo.com/" "Mozilla/5.0 (Windows NT 10.0; Win64; x64) AppleWebKit/537.36 (KHTML, like Gecko) Chrome/64.0.3282.186 Safari/537.36" 
192.195.5.34 - - [13/Mar/2018:12:17:20 -0700] "GET /bootstrap/img/favicon.ico HTTP/1.1" 200 589 "http://www.secrepo.com/" "Mozilla/5.0 (Windows NT 10.0; Win64; x64) AppleWebKit/537.36 (KHTML, like Gecko) Chrome/64.0.3282.186 Safari/537.36" 
41.250.233.57 - - [13/Mar/2018:12:17:30 -0700] "GET /bootstrap/img/favicon.ico HTTP/1.1" 200 590 "-" "Mozilla/5.0 (X11; Ubuntu; Linux x86_64; rv:58.0) Gecko/20100101 Firefox/58.0" 
199.168.41.129 - - [13/Mar/2018:12:19:20 -0700] "GET / HTTP/1.1" 200 11005 "-" "Mozilla/5.0 (Windows NT 6.1; Win64; x64) AppleWebKit/537.36 (KHTML, like Gecko) Chrome/64.0.3282.186 Safari/537.36" 
199.168.41.129 - - [13/Mar/2018:12:19:20 -0700] "GET /GitHub-Mark.png HTTP/1.1" 200 7372 "http://www.secrepo.com/" "Mozilla/5.0 (Windows NT 6.1; Win64; x64) AppleWebKit/537.36 (KHTML, like Gecko) Chrome/64.0.3282.186 Safari/537.36" 
199.168.41.129 - - [13/Mar/2018:12:19:20 -0700] "GET /twitter-icon.png HTTP/1.1" 200 27732 "http://www.secrepo.com/" "Mozilla/5.0 (Windows NT 6.1; Win64; x64) AppleWebKit/537.36 (KHTML, like Gecko) Chrome/64.0.3282.186 Safari/537.36" 
107.23.94.161 - - [13/Mar/2018:12:19:48 -0700] "GET /data HTTP/1.1" 404 340 "-" "BUbiNG (+http://law.di.unimi.it/BUbiNG.html#wc)" 
107.23.94.161 - - [13/Mar/2018:12:20:58 -0700] "GET /tg/tg_snort_fast.7z HTTP/1.1" 200 2279638 "-" "BUbiNG (+http://law.di.unimi.it/BUbiNG.html#wc)" 
107.23.94.161 - - [13/Mar/2018:12:21:40 -0700] "GET /tg/tg_snort_full.7z HTTP/1.1" 200 2343206 "-" "BUbiNG (+http://law.di.unimi.it/BUbiNG.html#wc)" 
107.23.94.161 - - [13/Mar/2018:12:22:15 -0700] "GET /honeypot/BSidesDFW%20-%202014.ipynb HTTP/1.1" 200 930836 "-" "BUbiNG (+http://law.di.unimi.it/BUbiNG.html#wc)" 
54.36.149.29 - - [13/Mar/2018:12:22:49 -0700] "GET /self.logs/error.log.2015-10-18.gz HTTP/1.1" 404 284 "-" "Mozilla/5.0 (compatible; AhrefsBot/5.2; +http://ahrefs.com/robot/)" 
107.23.94.161 - - [13/Mar/2018:12:23:26 -0700] "GET /self.logs/2015/?C=N;O=D HTTP/1.1" 200 7480 "-" "BUbiNG (+http://law.di.unimi.it/BUbiNG.html#wc)" 
95.146.83.161 - - [13/Mar/2018:12:24:13 -0700] "GET / HTTP/1.1" 200 11061 "-" "Mozilla/5.0 (Macintosh; Intel Mac OS X 10_13_3) AppleWebKit/604.5.6 (KHTML, like Gecko)" 
95.146.83.161 - - [13/Mar/2018:12:24:14 -0700] "GET /apple-touch-icon-precomposed.png HTTP/1.1" 404 340 "-" "Safari/13604.5.6 CFNetwork/893.13.1 Darwin/17.4.0 (x86_64)" 
95.146.83.161 - - [13/Mar/2018:12:24:14 -0700] "GET /apple-touch-icon.png HTTP/1.1" 404 339 "-" "Safari/13604.5.6 CFNetwork/893.13.1 Darwin/17.4.0 (x86_64)" 
95.146.83.161 - - [13/Mar/2018:12:24:14 -0700] "GET /bootstrap/img/favicon.ico HTTP/1.1" 200 589 "-" "Safari/13604.5.6 CFNetwork/893.13.1 Darwin/17.4.0 (x86_64)" 
95.146.83.161 - - [13/Mar/2018:12:24:14 -0700] "GET / HTTP/1.1" 200 11060 "-" "\"Mozilla/5.0 (iPhone; CPU iPhone OS 11_0 like Mac OS X) AppleWebKit/604.1.38 (KHTML, like Gecko) Version/11.0 Mobile/15A372 Safari/604.1\"" 
95.146.83.161 - - [13/Mar/2018:12:24:14 -0700] "GET /apple-touch-icon-precomposed.png HTTP/1.1" 404 339 "-" "Safari/13604.5.6 CFNetwork/893.13.1 Darwin/17.4.0 (x86_64)" 
95.146.83.161 - - [13/Mar/2018:12:24:14 -0700] "GET /apple-touch-icon.png HTTP/1.1" 404 339 "-" "Safari/13604.5.6 CFNetwork/893.13.1 Darwin/17.4.0 (x86_64)" 
95.146.83.161 - - [13/Mar/2018:12:24:14 -0700] "GET /bootstrap/img/favicon.ico HTTP/1.1" 200 589 "-" "Safari/13604.5.6 CFNetwork/893.13.1 Darwin/17.4.0 (x86_64)" 
107.23.94.161 - - [13/Mar/2018:12:24:41 -0700] "GET /self.logs/2015/?C=M;O=A HTTP/1.1" 200 7660 "-" "BUbiNG (+http://law.di.unimi.it/BUbiNG.html#wc)" 
52.86.104.4 - - [13/Mar/2018:12:24:46 -0700] "GET /robots.txt HTTP/1.1" 200 334 "-" "BUbiNG (+http://law.di.unimi.it/BUbiNG.html#wc)" 
52.86.104.4 - - [13/Mar/2018:12:25:16 -0700] "GET /maccdc2012/maccdc2012_fast_alert.7z HTTP/1.1" 200 2212134 "-" "BUbiNG (+http://law.di.unimi.it/BUbiNG.html#wc)" 
52.86.104.4 - - [13/Mar/2018:12:25:48 -0700] "GET /maccdc2012/maccdc2012_full_alert.7z HTTP/1.1" 200 2211412 "-" "BUbiNG (+http://law.di.unimi.it/BUbiNG.html#wc)" 
52.86.104.4 - - [13/Mar/2018:12:26:18 -0700] "GET /tg_snort_fast.7z HTTP/1.1" 404 340 "-" "BUbiNG (+http://law.di.unimi.it/BUbiNG.html#wc)" 
52.86.104.4 - - [13/Mar/2018:12:26:48 -0700] "GET /tg_snort_full.7z HTTP/1.1" 404 340 "-" "BUbiNG (+http://law.di.unimi.it/BUbiNG.html#wc)" 
107.23.94.161 - - [13/Mar/2018:12:26:54 -0700] "GET /self.logs/2015/?C=S;O=A HTTP/1.1" 200 8283 "-" "BUbiNG (+http://law.di.unimi.it/BUbiNG.html#wc)" 
107.23.94.161 - - [13/Mar/2018:12:27:27 -0700] "GET /self.logs/2015/?C=D;O=A HTTP/1.1" 200 7437 "-" "BUbiNG (+http://law.di.unimi.it/BUbiNG.html#wc)" 
107.23.94.161 - - [13/Mar/2018:12:27:59 -0700] "GET /self.logs/2016/?C=N;O=D HTTP/1.1" 200 7767 "-" "BUbiNG (+http://law.di.unimi.it/BUbiNG.html#wc)" 
52.86.104.4 - - [13/Mar/2018:12:28:32 -0700] "GET /self.logs/ HTTP/1.1" 200 8793 "-" "BUbiNG (+http://law.di.unimi.it/BUbiNG.html#wc)" 
107.23.94.161 - - [13/Mar/2018:12:29:00 -0700] "GET /self.logs/2016/?C=M;O=A HTTP/1.1" 200 8047 "-" "BUbiNG (+http://law.di.unimi.it/BUbiNG.html#wc)" 
107.23.94.161 - - [13/Mar/2018:12:29:33 -0700] "GET /self.logs/2016/?C=S;O=A HTTP/1.1" 200 8646 "-" "BUbiNG (+http://law.di.unimi.it/BUbiNG.html#wc)" 
107.23.94.161 - - [13/Mar/2018:12:30:06 -0700] "GET /self.logs/2016/?C=D;O=A HTTP/1.1" 200 7741 "-" "BUbiNG (+http://law.di.unimi.it/BUbiNG.html#wc)" 
1.39.28.55 - - [13/Mar/2018:12:31:50 -0700] "GET /wp-login.php HTTP/1.1" 418 732 "-" "Mozilla/5.0 (Windows NT 6.1; WOW64; rv:40.0) Gecko/20100101 Firefox/40.1" 
1.39.28.55 - - [13/Mar/2018:12:31:51 -0700] "GET / HTTP/1.1" 418 732 "-" "Mozilla/5.0 (Windows NT 6.1; WOW64; rv:40.0) Gecko/20100101 Firefox/40.1" 
107.23.94.161 - - [13/Mar/2018:12:32:24 -0700] "GET /self.logs/2016/error.log.2016-01-22 HTTP/1.1" 200 334 "-" "BUbiNG (+http://law.di.unimi.it/BUbiNG.html#wc)" 
192.195.5.33 - - [13/Mar/2018:12:37:34 -0700] "GET / HTTP/1.1" 200 11061 "https://www.google.com/" "Mozilla/5.0 (Windows NT 10.0; Win64; x64) AppleWebKit/537.36 (KHTML, like Gecko) Chrome/64.0.3282.186 Safari/537.36" 
192.195.5.33 - - [13/Mar/2018:12:37:34 -0700] "GET /twitter-icon.png HTTP/1.1" 200 27787 "http://www.secrepo.com/" "Mozilla/5.0 (Windows NT 10.0; Win64; x64) AppleWebKit/537.36 (KHTML, like Gecko) Chrome/64.0.3282.186 Safari/537.36" 
192.195.5.33 - - [13/Mar/2018:12:37:34 -0700] "GET /GitHub-Mark.png HTTP/1.1" 200 7428 "http://www.secrepo.com/" "Mozilla/5.0 (Windows NT 10.0; Win64; x64) AppleWebKit/537.36 (KHTML, like Gecko) Chrome/64.0.3282.186 Safari/537.36" 
192.195.5.33 - - [13/Mar/2018:12:37:35 -0700] "GET /bootstrap/img/favicon.ico HTTP/1.1" 200 589 "http://www.secrepo.com/" "Mozilla/5.0 (Windows NT 10.0; Win64; x64) AppleWebKit/537.36 (KHTML, like Gecko) Chrome/64.0.3282.186 Safari/537.36" 
184.175.219.25 - - [13/Mar/2018:12:38:46 -0700] "GET /honeypot/Honeypot%20-%20Howto%20-%20BSides%20Austin.pdf HTTP/1.1" 200 1855660 "http://www.secrepo.com/" "Mozilla/5.0 (Macintosh; Intel Mac OS X 10_10_5) AppleWebKit/537.36 (KHTML, like Gecko) Chrome/63.0.3239.84 Safari/537.36" 
192.195.5.33 - - [13/Mar/2018:12:37:43 -0700] "GET /pe_static/zeus.zip HTTP/1.1" 200 51367111 "-" "Mozilla/5.0 (Windows NT 10.0; Win64; x64) AppleWebKit/537.36 (KHTML, like Gecko) Chrome/64.0.3282.186 Safari/537.36" 
54.36.149.79 - - [13/Mar/2018:12:39:28 -0700] "GET /self.logs/2016/access.log.2016-04-21.gz HTTP/1.1" 200 23625 "-" "Mozilla/5.0 (compatible; AhrefsBot/5.2; +http://ahrefs.com/robot/)" 
107.23.94.161 - - [13/Mar/2018:12:40:16 -0700] "GET /%22https:/twitter.com/sooshie/%22 HTTP/1.1" 404 340 "-" "BUbiNG (+http://law.di.unimi.it/BUbiNG.html#wc)" 
192.195.5.33 - - [13/Mar/2018:12:38:33 -0700] "GET /honeypot/honeypot.json.zip HTTP/1.1" 200 23085976 "-" "Mozilla/5.0 (Windows NT 10.0; Win64; x64) AppleWebKit/537.36 (KHTML, like Gecko) Chrome/64.0.3282.186 Safari/537.36" 
52.86.104.4 - - [13/Mar/2018:12:41:20 -0700] "GET /self.logs/?C=N;O=D HTTP/1.1" 200 8852 "-" "BUbiNG (+http://law.di.unimi.it/BUbiNG.html#wc)" 
167.1.146.100 - - [13/Mar/2018:12:41:56 -0700] "GET /self.logs/ HTTP/1.1" 200 8793 "http://enigmater.blogspot.fr/2017/03/intrusion-detection-based-on-supervised.html" "Mozilla/5.0 (Windows NT 10.0; WOW64) AppleWebKit/537.36 (KHTML, like Gecko) Chrome/63.0.3239.132 Safari/537.36" 
167.1.146.100 - - [13/Mar/2018:12:41:57 -0700] "GET /favicon.ico HTTP/1.1" 200 267 "http://www.secrepo.com/self.logs/" "Mozilla/5.0 (Windows NT 10.0; WOW64) AppleWebKit/537.36 (KHTML, like Gecko) Chrome/63.0.3239.132 Safari/537.36" 
52.86.104.4 - - [13/Mar/2018:12:42:02 -0700] "GET /self.logs/?C=M;O=A HTTP/1.1" 200 9100 "-" "BUbiNG (+http://law.di.unimi.it/BUbiNG.html#wc)" 
167.1.146.100 - - [13/Mar/2018:12:42:04 -0700] "GET /self.logs/access.log.2017-09-23.gz HTTP/1.1" 200 26049 "http://www.secrepo.com/self.logs/" "Mozilla/5.0 (Windows NT 10.0; WOW64) AppleWebKit/537.36 (KHTML, like Gecko) Chrome/63.0.3239.132 Safari/537.36" 
192.150.10.202 - - [13/Mar/2018:12:42:15 -0700] "GET / HTTP/1.1" 200 11061 "-" "Mozilla/5.0 (Macintosh; Intel Mac OS X 10_13_3) AppleWebKit/537.36 (KHTML, like Gecko) Chrome/65.0.3325.146 Safari/537.36" 
192.150.10.202 - - [13/Mar/2018:12:42:15 -0700] "GET /GitHub-Mark.png HTTP/1.1" 200 7428 "http://www.secrepo.com/" "Mozilla/5.0 (Macintosh; Intel Mac OS X 10_13_3) AppleWebKit/537.36 (KHTML, like Gecko) Chrome/65.0.3325.146 Safari/537.36" 
192.150.10.202 - - [13/Mar/2018:12:42:15 -0700] "GET /twitter-icon.png HTTP/1.1" 200 27787 "http://www.secrepo.com/" "Mozilla/5.0 (Macintosh; Intel Mac OS X 10_13_3) AppleWebKit/537.36 (KHTML, like Gecko) Chrome/65.0.3325.146 Safari/537.36" 
192.150.10.202 - - [13/Mar/2018:12:42:15 -0700] "GET /bootstrap/img/favicon.ico HTTP/1.1" 200 589 "http://www.secrepo.com/" "Mozilla/5.0 (Macintosh; Intel Mac OS X 10_13_3) AppleWebKit/537.36 (KHTML, like Gecko) Chrome/65.0.3325.146 Safari/537.36" 
52.86.104.4 - - [13/Mar/2018:12:42:49 -0700] "GET /self.logs/?C=S;O=A HTTP/1.1" 200 9898 "-" "BUbiNG (+http://law.di.unimi.it/BUbiNG.html#wc)" 
107.23.94.161 - - [13/Mar/2018:12:42:49 -0700] "GET /%22https:/twitter.com/theroxyd/%22 HTTP/1.1" 404 340 "-" "BUbiNG (+http://law.di.unimi.it/BUbiNG.html#wc)" 
52.86.104.4 - - [13/Mar/2018:12:43:42 -0700] "GET /self.logs/?C=D;O=A HTTP/1.1" 200 8793 "-" "BUbiNG (+http://law.di.unimi.it/BUbiNG.html#wc)" 
107.23.94.161 - - [13/Mar/2018:12:43:52 -0700] "GET /%22http:/amunhoney.sourceforge.net/%22 HTTP/1.1" 404 340 "-" "BUbiNG (+http://law.di.unimi.it/BUbiNG.html#wc)" 
52.86.104.4 - - [13/Mar/2018:12:44:47 -0700] "GET / HTTP/1.1" 200 11061 "-" "BUbiNG (+http://law.di.unimi.it/BUbiNG.html#wc)" 
52.86.104.4 - - [13/Mar/2018:12:45:38 -0700] "GET /self.logs/2015/ HTTP/1.1" 200 7437 "-" "BUbiNG (+http://law.di.unimi.it/BUbiNG.html#wc)" 
107.23.94.161 - - [13/Mar/2018:12:45:47 -0700] "GET /%22http:/glastopf.org/%22 HTTP/1.1" 404 340 "-" "BUbiNG (+http://law.di.unimi.it/BUbiNG.html#wc)" 
52.86.104.4 - - [13/Mar/2018:12:46:26 -0700] "GET /self.logs/2016/ HTTP/1.1" 200 7741 "-" "BUbiNG (+http://law.di.unimi.it/BUbiNG.html#wc)" 
107.23.94.161 - - [13/Mar/2018:12:46:45 -0700] "GET /%22http:/www.maxmind.com/%22 HTTP/1.1" 404 340 "-" "BUbiNG (+http://law.di.unimi.it/BUbiNG.html#wc)" 
52.86.104.4 - - [13/Mar/2018:12:47:15 -0700] "GET /self.logs/?C=N;O=A HTTP/1.1" 200 8793 "-" "BUbiNG (+http://law.di.unimi.it/BUbiNG.html#wc)" 
52.86.104.4 - - [13/Mar/2018:12:47:56 -0700] "GET /self.logs/?C=M;O=D HTTP/1.1" 200 9188 "-" "BUbiNG (+http://law.di.unimi.it/BUbiNG.html#wc)" 
54.173.207.55 - - [13/Mar/2018:12:48:46 -0700] "GET /robots.txt HTTP/1.1" 301 502 "-" "BUbiNG (+http://law.di.unimi.it/BUbiNG.html#wc)" 
54.173.207.55 - - [13/Mar/2018:12:48:46 -0700] "GET /robots.txt HTTP/1.1" 200 334 "-" "BUbiNG (+http://law.di.unimi.it/BUbiNG.html#wc)" 
107.23.94.161 - - [13/Mar/2018:12:49:20 -0700] "GET /self.logs/2015/?C=N;O=A HTTP/1.1" 200 7437 "-" "BUbiNG (+http://law.di.unimi.it/BUbiNG.html#wc)" 
54.173.207.55 - - [13/Mar/2018:12:49:33 -0700] "GET / HTTP/1.1" 301 483 "-" "BUbiNG (+http://law.di.unimi.it/BUbiNG.html#wc)" 
82.95.248.142 - - [13/Mar/2018:12:50:11 -0700] "GET /robots.txt HTTP/1.1" 200 334 "-" "Mozilla/5.0 (Windows NT 10.0; Win64; x64; rv:58.0) Gecko/20100101 Firefox/58.0" 
82.95.248.142 - - [13/Mar/2018:12:50:11 -0700] "GET / HTTP/1.1" 200 11061 "https://www.google.nl/" "Mozilla/5.0 (Windows NT 10.0; Win64; x64; rv:58.0) Gecko/20100101 Firefox/58.0" 
82.95.248.142 - - [13/Mar/2018:12:50:12 -0700] "GET /twitter-icon.png HTTP/1.1" 200 27787 "http://www.secrepo.com/" "Mozilla/5.0 (Windows NT 10.0; Win64; x64; rv:58.0) Gecko/20100101 Firefox/58.0" 
82.95.248.142 - - [13/Mar/2018:12:50:12 -0700] "GET /GitHub-Mark.png HTTP/1.1" 200 7427 "http://www.secrepo.com/" "Mozilla/5.0 (Windows NT 10.0; Win64; x64; rv:58.0) Gecko/20100101 Firefox/58.0" 
82.95.248.142 - - [13/Mar/2018:12:50:12 -0700] "GET /bootstrap/img/favicon.ico HTTP/1.1" 200 589 "-" "Mozilla/5.0 (Windows NT 10.0; Win64; x64; rv:58.0) Gecko/20100101 Firefox/58.0" 
52.86.104.4 - - [13/Mar/2018:12:50:31 -0700] "GET /self.logs/?C=S;O=D HTTP/1.1" 200 9844 "-" "BUbiNG (+http://law.di.unimi.it/BUbiNG.html#wc)" 
109.203.102.25 - - [13/Mar/2018:12:51:57 -0700] "GET /wp-admin/ HTTP/1.1" 301 479 "-" "-" 
52.86.104.4 - - [13/Mar/2018:12:52:50 -0700] "GET /data HTTP/1.1" 404 340 "-" "BUbiNG (+http://law.di.unimi.it/BUbiNG.html#wc)" 
82.95.248.142 - - [13/Mar/2018:12:52:57 -0700] "GET /maccdc2012/dns.log.gz HTTP/1.1" 200 6629420 "http://www.secrepo.com/" "Mozilla/5.0 (Windows NT 10.0; Win64; x64; rv:58.0) Gecko/20100101 Firefox/58.0" 
52.86.104.4 - - [13/Mar/2018:12:53:20 -0700] "GET /tg/tg_snort_fast.7z HTTP/1.1" 200 2242560 "-" "BUbiNG (+http://law.di.unimi.it/BUbiNG.html#wc)" 
52.86.104.4 - - [13/Mar/2018:12:53:51 -0700] "GET /tg/tg_snort_full.7z HTTP/1.1" 200 2345870 "-" "BUbiNG (+http://law.di.unimi.it/BUbiNG.html#wc)" 
52.86.104.4 - - [13/Mar/2018:12:56:04 -0700] "GET /honeypot/BSidesDFW%20-%202014.ipynb HTTP/1.1" 200 930836 "-" "BUbiNG (+http://law.di.unimi.it/BUbiNG.html#wc)" 
52.86.104.4 - - [13/Mar/2018:12:56:34 -0700] "GET /self.logs/2015/?C=N;O=D HTTP/1.1" 200 7480 "-" "BUbiNG (+http://law.di.unimi.it/BUbiNG.html#wc)" 
113.171.224.176 - - [13/Mar/2018:12:57:00 -0700] "GET /honeypot/Honeypot%20-%20Howto.pdf HTTP/1.1" 200 46720 "-" "Mozilla/5.0 Gecko/20100115 Firefox/3.6" 
52.86.104.4 - - [13/Mar/2018:12:58:11 -0700] "GET /self.logs/2015/?C=M;O=A HTTP/1.1" 200 7660 "-" "BUbiNG (+http://law.di.unimi.it/BUbiNG.html#wc)" 
194.210.88.167 - - [13/Mar/2018:12:58:30 -0700] "GET / HTTP/1.1" 200 11061 "-" "Mozilla/5.0 (X11; Ubuntu; Linux x86_64; rv:58.0) Gecko/20100101 Firefox/58.0" 
194.210.88.167 - - [13/Mar/2018:12:58:31 -0700] "GET /GitHub-Mark.png HTTP/1.1" 200 7428 "http://www.secrepo.com/" "Mozilla/5.0 (X11; Ubuntu; Linux x86_64; rv:58.0) Gecko/20100101 Firefox/58.0" 
194.210.88.167 - - [13/Mar/2018:12:58:31 -0700] "GET /twitter-icon.png HTTP/1.1" 200 27787 "http://www.secrepo.com/" "Mozilla/5.0 (X11; Ubuntu; Linux x86_64; rv:58.0) Gecko/20100101 Firefox/58.0" 
194.210.88.167 - - [13/Mar/2018:12:58:31 -0700] "GET /bootstrap/img/favicon.ico HTTP/1.1" 200 589 "-" "Mozilla/5.0 (X11; Ubuntu; Linux x86_64; rv:58.0) Gecko/20100101 Firefox/58.0" 
212.227.109.148 - - [13/Mar/2018:13:00:09 -0700] "GET /test/wp-admin/ HTTP/1.1" 301 489 "-" "-" 
208.64.137.231 - - [13/Mar/2018:13:00:36 -0700] "GET /test/wp-admin/ HTTP/1.1" 301 489 "-" "-" 
52.86.104.4 - - [13/Mar/2018:13:00:52 -0700] "GET /self.logs/2015/?C=S;O=A HTTP/1.1" 200 8283 "-" "BUbiNG (+http://law.di.unimi.it/BUbiNG.html#wc)" 
142.137.167.126 - - [13/Mar/2018:13:01:16 -0700] "GET / HTTP/1.1" 200 11061 "-" "Mozilla/5.0 (Macintosh; Intel Mac OS X 10_12_6) AppleWebKit/537.36 (KHTML, like Gecko) Chrome/64.0.3282.186 Safari/537.36" 
142.137.167.126 - - [13/Mar/2018:13:01:16 -0700] "GET /twitter-icon.png HTTP/1.1" 200 27787 "http://www.secrepo.com/" "Mozilla/5.0 (Macintosh; Intel Mac OS X 10_12_6) AppleWebKit/537.36 (KHTML, like Gecko) Chrome/64.0.3282.186 Safari/537.36" 
142.137.167.126 - - [13/Mar/2018:13:01:16 -0700] "GET /GitHub-Mark.png HTTP/1.1" 200 7428 "http://www.secrepo.com/" "Mozilla/5.0 (Macintosh; Intel Mac OS X 10_12_6) AppleWebKit/537.36 (KHTML, like Gecko) Chrome/64.0.3282.186 Safari/537.36" 
142.137.167.126 - - [13/Mar/2018:13:01:16 -0700] "GET /bootstrap/img/favicon.ico HTTP/1.1" 200 589 "http://www.secrepo.com/" "Mozilla/5.0 (Macintosh; Intel Mac OS X 10_12_6) AppleWebKit/537.36 (KHTML, like Gecko) Chrome/64.0.3282.186 Safari/537.36" 
52.86.104.4 - - [13/Mar/2018:13:01:28 -0700] "GET /self.logs/2015/?C=D;O=A HTTP/1.1" 200 7437 "-" "BUbiNG (+http://law.di.unimi.it/BUbiNG.html#wc)" 
52.86.104.4 - - [13/Mar/2018:13:02:17 -0700] "GET /self.logs/2016/?C=N;O=D HTTP/1.1" 200 7767 "-" "BUbiNG (+http://law.di.unimi.it/BUbiNG.html#wc)" 
194.210.88.167 - - [13/Mar/2018:13:02:30 -0700] "GET / HTTP/1.1" 200 11061 "-" "Mozilla/5.0 (X11; Linux x86_64) AppleWebKit/537.36 (KHTML, like Gecko) Chrome/64.0.3282.186 Safari/537.36" 
194.210.88.167 - - [13/Mar/2018:13:02:30 -0700] "GET /GitHub-Mark.png HTTP/1.1" 200 7428 "http://www.secrepo.com/" "Mozilla/5.0 (X11; Linux x86_64) AppleWebKit/537.36 (KHTML, like Gecko) Chrome/64.0.3282.186 Safari/537.36" 
194.210.88.167 - - [13/Mar/2018:13:02:30 -0700] "GET /twitter-icon.png HTTP/1.1" 200 27787 "http://www.secrepo.com/" "Mozilla/5.0 (X11; Linux x86_64) AppleWebKit/537.36 (KHTML, like Gecko) Chrome/64.0.3282.186 Safari/537.36" 
194.210.88.167 - - [13/Mar/2018:13:02:31 -0700] "GET /bootstrap/img/favicon.ico HTTP/1.1" 200 589 "http://www.secrepo.com/" "Mozilla/5.0 (X11; Linux x86_64) AppleWebKit/537.36 (KHTML, like Gecko) Chrome/64.0.3282.186 Safari/537.36" 
52.86.104.4 - - [13/Mar/2018:13:02:47 -0700] "GET /self.logs/2016/?C=M;O=A HTTP/1.1" 200 8047 "-" "BUbiNG (+http://law.di.unimi.it/BUbiNG.html#wc)" 
120.221.1.28 - - [13/Mar/2018:13:03:06 -0700] "GET /maccdc2012/files.log.gz HTTP/1.1" 304 155 "-" "Mozilla/5.0 Gecko/20100115 Firefox/3.6" 
52.86.104.4 - - [13/Mar/2018:13:03:18 -0700] "GET /self.logs/2016/?C=S;O=A HTTP/1.1" 200 8646 "-" "BUbiNG (+http://law.di.unimi.it/BUbiNG.html#wc)" 
52.86.104.4 - - [13/Mar/2018:13:03:48 -0700] "GET /self.logs/2016/?C=D;O=A HTTP/1.1" 200 7741 "-" "BUbiNG (+http://law.di.unimi.it/BUbiNG.html#wc)" 
157.55.39.4 - - [13/Mar/2018:13:03:55 -0700] "GET /auth.log/auth.log.gz HTTP/1.1" 301 515 "-" "Mozilla/5.0 (iPhone; CPU iPhone OS 7_0 like Mac OS X) AppleWebKit/537.51.1 (KHTML, like Gecko) Version/7.0 Mobile/11A465 Safari/9537.53 (compatible; bingbot/2.0; +http://www.bing.com/bingbot.htm)" 
157.55.39.4 - - [13/Mar/2018:13:04:01 -0700] "GET /auth.log/auth.log.gz HTTP/1.1" 200 554524 "-" "Mozilla/5.0 (iPhone; CPU iPhone OS 7_0 like Mac OS X) AppleWebKit/537.51.1 (KHTML, like Gecko) Version/7.0 Mobile/11A465 Safari/9537.53 (compatible; bingbot/2.0; +http://www.bing.com/bingbot.htm)" 
194.210.88.167 - - [13/Mar/2018:13:05:09 -0700] "GET /maccdc2012/dhcp.log.gz HTTP/1.1" 200 45019 "-" "Mozilla/5.0 (X11; Linux x86_64) AppleWebKit/537.36 (KHTML, like Gecko) Chrome/64.0.3282.186 Safari/537.36" 
54.36.148.15 - - [13/Mar/2018:13:05:55 -0700] "GET /self.logs/access.log.2015-07-02.gz HTTP/1.1" 404 284 "-" "Mozilla/5.0 (compatible; AhrefsBot/5.2; +http://ahrefs.com/robot/)" 
54.36.148.52 - - [13/Mar/2018:13:06:08 -0700] "GET /self.logs/2015/error.log.2015-06-20.gz HTTP/1.1" 200 544 "-" "Mozilla/5.0 (compatible; AhrefsBot/5.2; +http://ahrefs.com/robot/)" 
52.86.104.4 - - [13/Mar/2018:13:06:08 -0700] "GET /self.logs/2016/error.log.2016-01-22 HTTP/1.1" 200 334 "-" "BUbiNG (+http://law.di.unimi.it/BUbiNG.html#wc)" 
52.86.104.4 - - [13/Mar/2018:13:06:43 -0700] "GET /%22https:/twitter.com/sooshie/%22 HTTP/1.1" 404 340 "-" "BUbiNG (+http://law.di.unimi.it/BUbiNG.html#wc)" 
54.36.148.183 - - [13/Mar/2018:13:07:42 -0700] "GET /self.logs/error.log.2016-05-17.gz HTTP/1.1" 404 284 "-" "Mozilla/5.0 (compatible; AhrefsBot/5.2; +http://ahrefs.com/robot/)" 
52.86.104.4 - - [13/Mar/2018:13:08:02 -0700] "GET /%22https:/twitter.com/theroxyd/%22 HTTP/1.1" 404 340 "-" "BUbiNG (+http://law.di.unimi.it/BUbiNG.html#wc)" 
74.220.207.85 - - [13/Mar/2018:13:08:20 -0700] "GET /wordpress/wp-admin/ HTTP/1.1" 301 499 "-" "-" 
5.61.27.86 - - [13/Mar/2018:13:09:03 -0700] "GET /wordpress/wp-admin/ HTTP/1.1" 301 499 "-" "-" 
52.86.104.4 - - [13/Mar/2018:13:09:19 -0700] "GET /%22http:/amunhoney.sourceforge.net/%22 HTTP/1.1" 404 340 "-" "BUbiNG (+http://law.di.unimi.it/BUbiNG.html#wc)" 
216.244.66.227 - - [13/Mar/2018:13:09:38 -0700] "GET /robots.txt HTTP/1.1" 200 233 "-" "Mozilla/5.0 (compatible; DotBot/1.1; http://www.opensiteexplorer.org/dotbot, help@moz.com)" 
54.36.149.20 - - [13/Mar/2018:13:11:10 -0700] "GET /self.logs/2016/access.log.2016-09-05.gz HTTP/1.1" 200 10098 "-" "Mozilla/5.0 (compatible; AhrefsBot/5.2; +http://ahrefs.com/robot/)" 
52.86.104.4 - - [13/Mar/2018:13:11:53 -0700] "GET /%22http:/glastopf.org/%22 HTTP/1.1" 404 340 "-" "BUbiNG (+http://law.di.unimi.it/BUbiNG.html#wc)" 
52.86.104.4 - - [13/Mar/2018:13:12:35 -0700] "GET /%22http:/www.maxmind.com/%22 HTTP/1.1" 404 340 "-" "BUbiNG (+http://law.di.unimi.it/BUbiNG.html#wc)" 
52.86.104.4 - - [13/Mar/2018:13:13:43 -0700] "GET /self.logs/2015/?C=N;O=A HTTP/1.1" 200 7437 "-" "BUbiNG (+http://law.di.unimi.it/BUbiNG.html#wc)" 
52.86.104.4 - - [13/Mar/2018:13:14:23 -0700] "GET /self.logs/2015/?C=M;O=D HTTP/1.1" 200 7666 "-" "BUbiNG (+http://law.di.unimi.it/BUbiNG.html#wc)" 
52.86.104.4 - - [13/Mar/2018:13:14:57 -0700] "GET /self.logs/2015/?C=S;O=D HTTP/1.1" 200 8253 "-" "BUbiNG (+http://law.di.unimi.it/BUbiNG.html#wc)" 
94.23.252.225 - - [13/Mar/2018:13:16:20 -0700] "GET /blog/wp-admin/ HTTP/1.1" 301 489 "-" "-" 
52.86.104.4 - - [13/Mar/2018:13:16:47 -0700] "GET /self.logs/2016/?C=N;O=A HTTP/1.1" 200 7741 "-" "BUbiNG (+http://law.di.unimi.it/BUbiNG.html#wc)" 
50.63.194.35 - - [13/Mar/2018:13:17:38 -0700] "GET /blog/wp-admin/ HTTP/1.1" 301 489 "-" "-" 
52.86.104.4 - - [13/Mar/2018:13:17:45 -0700] "GET /self.logs/2016/?C=M;O=D HTTP/1.1" 200 8020 "-" "BUbiNG (+http://law.di.unimi.it/BUbiNG.html#wc)" 
216.244.66.227 - - [13/Mar/2018:13:17:52 -0700] "GET /maccdc2012/signatures.log.gz HTTP/1.1" 200 502 "-" "Mozilla/5.0 (compatible; DotBot/1.1; http://www.opensiteexplorer.org/dotbot, help@moz.com)" 
52.86.104.4 - - [13/Mar/2018:13:21:02 -0700] "GET /self.logs/2016/?C=S;O=D HTTP/1.1" 200 8572 "-" "BUbiNG (+http://law.di.unimi.it/BUbiNG.html#wc)" 
54.161.113.170 - - [13/Mar/2018:13:21:47 -0700] "GET /robots.txt HTTP/1.0" 301 465 "-" "CCBot/2.0 (http://commoncrawl.org/faq/)" 
54.161.113.170 - - [13/Mar/2018:13:21:48 -0700] "GET /robots.txt HTTP/1.0" 200 297 "-" "CCBot/2.0 (http://commoncrawl.org/faq/)" 
54.161.113.170 - - [13/Mar/2018:13:21:48 -0700] "GET / HTTP/1.0" 301 446 "-" "CCBot/2.0 (http://commoncrawl.org/faq/)" 
54.161.113.170 - - [13/Mar/2018:13:21:48 -0700] "GET / HTTP/1.0" 200 11024 "-" "CCBot/2.0 (http://commoncrawl.org/faq/)" 
223.130.24.103 - - [13/Mar/2018:13:24:24 -0700] "GET /wp/wp-admin/ HTTP/1.1" 301 485 "-" "-" 
219.91.240.225 - - [13/Mar/2018:13:25:08 -0700] "GET / HTTP/1.1" 200 11061 "https://www.google.co.in/" "Mozilla/5.0 (Windows NT 10.0; WOW64; rv:56.0) Gecko/20100101 Firefox/56.0" 
219.91.240.225 - - [13/Mar/2018:13:25:09 -0700] "GET /twitter-icon.png HTTP/1.1" 200 27787 "http://www.secrepo.com/" "Mozilla/5.0 (Windows NT 10.0; WOW64; rv:56.0) Gecko/20100101 Firefox/56.0" 
219.91.240.225 - - [13/Mar/2018:13:25:09 -0700] "GET /GitHub-Mark.png HTTP/1.1" 200 7428 "http://www.secrepo.com/" "Mozilla/5.0 (Windows NT 10.0; WOW64; rv:56.0) Gecko/20100101 Firefox/56.0" 
219.91.240.225 - - [13/Mar/2018:13:25:10 -0700] "GET /bootstrap/img/favicon.ico HTTP/1.1" 200 589 "-" "Mozilla/5.0 (Windows NT 10.0; WOW64; rv:56.0) Gecko/20100101 Firefox/56.0" 
50.194.92.44 - - [13/Mar/2018:13:25:22 -0700] "GET /wp/wp-admin/ HTTP/1.1" 301 485 "-" "-" 
54.36.148.128 - - [13/Mar/2018:13:31:12 -0700] "GET /self.logs/2015/error.log.2015-05-31.gz HTTP/1.1" 200 772 "-" "Mozilla/5.0 (compatible; AhrefsBot/5.2; +http://ahrefs.com/robot/)" 
46.163.70.228 - - [13/Mar/2018:13:32:14 -0700] "GET /old/wp-admin/ HTTP/1.1" 301 487 "-" "-" 
80.99.120.210 - - [13/Mar/2018:13:32:51 -0700] "GET / HTTP/1.1" 200 11061 "https://www.google.hu/" "Mozilla/5.0 (Windows NT 6.1; Win64; x64; rv:59.0) Gecko/20100101 Firefox/59.0" 
80.99.120.210 - - [13/Mar/2018:13:32:51 -0700] "GET /twitter-icon.png HTTP/1.1" 200 27787 "http://www.secrepo.com/" "Mozilla/5.0 (Windows NT 6.1; Win64; x64; rv:59.0) Gecko/20100101 Firefox/59.0" 
80.99.120.210 - - [13/Mar/2018:13:32:51 -0700] "GET /GitHub-Mark.png HTTP/1.1" 200 7428 "http://www.secrepo.com/" "Mozilla/5.0 (Windows NT 6.1; Win64; x64; rv:59.0) Gecko/20100101 Firefox/59.0" 
80.99.120.210 - - [13/Mar/2018:13:32:53 -0700] "GET /bootstrap/img/favicon.ico HTTP/1.1" 200 589 "-" "Mozilla/5.0 (Windows NT 6.1; Win64; x64; rv:59.0) Gecko/20100101 Firefox/59.0" 
54.36.148.82 - - [13/Mar/2018:13:32:59 -0700] "GET /self.logs/access.log.2017-05-18.gz HTTP/1.1" 200 25722 "-" "Mozilla/5.0 (compatible; AhrefsBot/5.2; +http://ahrefs.com/robot/)" 
51.223.117.169 - - [13/Mar/2018:13:33:23 -0700] "GET / HTTP/1.1" 200 11061 "https://www.google.com.sa/" "Mozilla/5.0 (Windows NT 10.0; Win64; x64) AppleWebKit/537.36 (KHTML, like Gecko) Chrome/64.0.3282.186 Safari/537.36" 
51.223.117.169 - - [13/Mar/2018:13:33:23 -0700] "GET /GitHub-Mark.png HTTP/1.1" 200 7427 "http://www.secrepo.com/" "Mozilla/5.0 (Windows NT 10.0; Win64; x64) AppleWebKit/537.36 (KHTML, like Gecko) Chrome/64.0.3282.186 Safari/537.36" 
51.223.117.169 - - [13/Mar/2018:13:33:24 -0700] "GET /twitter-icon.png HTTP/1.1" 200 27788 "http://www.secrepo.com/" "Mozilla/5.0 (Windows NT 10.0; Win64; x64) AppleWebKit/537.36 (KHTML, like Gecko) Chrome/64.0.3282.186 Safari/537.36" 
80.80.228.60 - - [13/Mar/2018:13:33:25 -0700] "GET /old/wp-admin/ HTTP/1.1" 301 487 "-" "-" 
51.223.117.169 - - [13/Mar/2018:13:33:27 -0700] "GET /bootstrap/img/favicon.ico HTTP/1.1" 200 590 "http://www.secrepo.com/" "Mozilla/5.0 (Windows NT 10.0; Win64; x64) AppleWebKit/537.36 (KHTML, like Gecko) Chrome/64.0.3282.186 Safari/537.36" 
51.223.117.169 - - [13/Mar/2018:13:34:04 -0700] "GET /maccdc2012/maccdc2012_fast_alert.7z HTTP/1.1" 200 9478149 "-" "Mozilla/5.0 (Windows NT 10.0; Win64; x64) AppleWebKit/537.36 (KHTML, like Gecko) Chrome/64.0.3282.186 Safari/537.36" 
51.223.117.169 - - [13/Mar/2018:13:38:46 -0700] "GET /tg/tg_snort_fast.7z HTTP/1.1" 200 4274093 "-" "Mozilla/5.0 (Windows NT 10.0; Win64; x64) AppleWebKit/537.36 (KHTML, like Gecko) Chrome/64.0.3282.186 Safari/537.36" 
51.223.117.169 - - [13/Mar/2018:13:37:35 -0700] "GET /tg/a.zip HTTP/1.1" 200 66189337 "-" "Mozilla/5.0 (Windows NT 10.0; Win64; x64) AppleWebKit/537.36 (KHTML, like Gecko) Chrome/64.0.3282.186 Safari/537.36" 
17.58.100.204 - - [13/Mar/2018:13:41:57 -0700] "GET / HTTP/1.1" 301 483 "-" "Mozilla/5.0 (Macintosh; Intel Mac OS X 10_10_1) AppleWebKit/600.2.5 (KHTML, like Gecko) Version/8.0.2 Safari/600.2.5 (Applebot/0.1; +http://www.apple.com/go/applebot)" 
17.58.100.204 - - [13/Mar/2018:13:41:57 -0700] "GET / HTTP/1.1" 200 11061 "-" "Mozilla/5.0 (Macintosh; Intel Mac OS X 10_10_1) AppleWebKit/600.2.5 (KHTML, like Gecko) Version/8.0.2 Safari/600.2.5 (Applebot/0.1; +http://www.apple.com/go/applebot)" 
157.55.39.66 - - [13/Mar/2018:13:44:02 -0700] "GET /self.logs/error.log.2018-02-18.gz HTTP/1.1" 200 3464 "-" "Mozilla/5.0 (compatible; bingbot/2.0; +http://www.bing.com/bingbot.htm)" 
51.223.117.169 - - [13/Mar/2018:13:33:45 -0700] "GET /maccdc2012/conn.log.gz HTTP/1.1" 200 350239011 "-" "Mozilla/5.0 (Windows NT 10.0; Win64; x64) AppleWebKit/537.36 (KHTML, like Gecko) Chrome/64.0.3282.186 Safari/537.36" 
51.223.117.169 - - [13/Mar/2018:13:46:53 -0700] "GET /tg/b.zip HTTP/1.1" 200 2744424 "-" "Mozilla/5.0 (Windows NT 10.0; Win64; x64) AppleWebKit/537.36 (KHTML, like Gecko) Chrome/64.0.3282.186 Safari/537.36" 
51.223.117.169 - - [13/Mar/2018:13:47:06 -0700] "GET /tg/tg_snort_full.7z HTTP/1.1" 200 8847794 "-" "Mozilla/5.0 (Windows NT 10.0; Win64; x64) AppleWebKit/537.36 (KHTML, like Gecko) Chrome/64.0.3282.186 Safari/537.36" 
51.223.117.169 - - [13/Mar/2018:13:51:47 -0700] "GET / HTTP/1.1" 200 11061 "-" "WhatsApp/2.18.65 A" 
51.223.117.169 - - [13/Mar/2018:13:51:48 -0700] "GET /bootstrap/img/apple-touch-icon-114x114.png HTTP/1.1" 404 339 "-" "WhatsApp/2.18.65 A" 
66.220.155.215 - - [13/Mar/2018:13:52:21 -0700] "GET /twitter-icon.png HTTP/1.1" 200 27788 "-" "facebookexternalhit/1.1" 
157.55.39.4 - - [13/Mar/2018:13:52:31 -0700] "GET / HTTP/1.1" 200 11061 "-" "Mozilla/5.0 (compatible; bingbot/2.0; +http://www.bing.com/bingbot.htm)" 
54.36.149.12 - - [13/Mar/2018:13:55:40 -0700] "GET /self.logs/error.log.2016-11-05.gz HTTP/1.1" 404 284 "-" "Mozilla/5.0 (compatible; AhrefsBot/5.2; +http://ahrefs.com/robot/)" 
113.171.224.176 - - [13/Mar/2018:13:57:02 -0700] "GET /honeypot/Honeypot%20-%20Howto.pdf HTTP/1.1" 200 46720 "-" "Mozilla/5.0 Gecko/20100115 Firefox/3.6" 
51.223.70.74 - - [13/Mar/2018:14:00:07 -0700] "GET /maccdc2012/http.log.gz HTTP/1.1" 200 54258816 "http://www.secrepo.com/" "Mozilla/5.0 (Windows NT 10.0; Win64; x64) AppleWebKit/537.36 (KHTML, like Gecko) Chrome/64.0.3282.186 Safari/537.36" 
120.221.0.34 - - [13/Mar/2018:14:03:45 -0700] "GET /honeypot/Honeypot%20-%20Howto.pdf HTTP/1.1" 304 131 "-" "Mozilla/5.0 Gecko/20100115 Firefox/3.6" 
103.98.63.101 - - [13/Mar/2018:14:05:44 -0700] "GET / HTTP/1.1" 200 11061 "-" "Mozilla/5.0 (Macintosh; Intel Mac OS X 10_13_0) AppleWebKit/537.36 (KHTML, like Gecko) Chrome/64.0.3282.186 Safari/537.36" 
103.98.63.101 - - [13/Mar/2018:14:05:45 -0700] "GET /twitter-icon.png HTTP/1.1" 200 27787 "http://www.secrepo.com/" "Mozilla/5.0 (Macintosh; Intel Mac OS X 10_13_0) AppleWebKit/537.36 (KHTML, like Gecko) Chrome/64.0.3282.186 Safari/537.36" 
103.98.63.101 - - [13/Mar/2018:14:05:45 -0700] "GET /GitHub-Mark.png HTTP/1.1" 200 7428 "http://www.secrepo.com/" "Mozilla/5.0 (Macintosh; Intel Mac OS X 10_13_0) AppleWebKit/537.36 (KHTML, like Gecko) Chrome/64.0.3282.186 Safari/537.36" 
103.98.63.101 - - [13/Mar/2018:14:05:45 -0700] "GET /bootstrap/img/favicon.ico HTTP/1.1" 200 589 "http://www.secrepo.com/" "Mozilla/5.0 (Macintosh; Intel Mac OS X 10_13_0) AppleWebKit/537.36 (KHTML, like Gecko) Chrome/64.0.3282.186 Safari/537.36" 
54.36.149.5 - - [13/Mar/2018:14:05:58 -0700] "GET /self.logs/2015/error.log.2015-03-16.gz HTTP/1.1" 200 888 "-" "Mozilla/5.0 (compatible; AhrefsBot/5.2; +http://ahrefs.com/robot/)" 
54.36.148.218 - - [13/Mar/2018:14:08:16 -0700] "GET /self.logs/2016/access.log.2016-04-23.gz HTTP/1.1" 200 6378 "-" "Mozilla/5.0 (compatible; AhrefsBot/5.2; +http://ahrefs.com/robot/)" 
130.217.177.25 - - [13/Mar/2018:14:09:43 -0700] "GET / HTTP/1.1" 200 11061 "https://www.google.co.nz/" "Mozilla/5.0 (Windows NT 10.0; Win64; x64) AppleWebKit/537.36 (KHTML, like Gecko) Chrome/64.0.3282.186 Safari/537.36" 
130.217.177.25 - - [13/Mar/2018:14:09:45 -0700] "GET /twitter-icon.png HTTP/1.1" 200 27788 "http://www.secrepo.com/" "Mozilla/5.0 (Windows NT 10.0; Win64; x64) AppleWebKit/537.36 (KHTML, like Gecko) Chrome/64.0.3282.186 Safari/537.36" 
130.217.177.25 - - [13/Mar/2018:14:09:45 -0700] "GET /GitHub-Mark.png HTTP/1.1" 200 7427 "http://www.secrepo.com/" "Mozilla/5.0 (Windows NT 10.0; Win64; x64) AppleWebKit/537.36 (KHTML, like Gecko) Chrome/64.0.3282.186 Safari/537.36" 
130.217.177.25 - - [13/Mar/2018:14:09:47 -0700] "GET /bootstrap/img/favicon.ico HTTP/1.1" 200 590 "http://www.secrepo.com/" "Mozilla/5.0 (Windows NT 10.0; Win64; x64) AppleWebKit/537.36 (KHTML, like Gecko) Chrome/64.0.3282.186 Safari/537.36" 
54.36.148.75 - - [13/Mar/2018:14:10:23 -0700] "GET /self.logs/access.log.2015-03-16.gz HTTP/1.1" 404 284 "-" "Mozilla/5.0 (compatible; AhrefsBot/5.2; +http://ahrefs.com/robot/)" 
52.86.104.4 - - [13/Mar/2018:14:10:55 -0700] "GET /robots.txt HTTP/1.1" 200 334 "-" "BUbiNG (+http://law.di.unimi.it/BUbiNG.html#wc)" 
52.86.104.4 - - [13/Mar/2018:14:11:27 -0700] "GET /maccdc2012/maccdc2012_fast_alert.7z HTTP/1.1" 200 2270182 "-" "BUbiNG (+http://law.di.unimi.it/BUbiNG.html#wc)" 
52.86.104.4 - - [13/Mar/2018:14:11:59 -0700] "GET /maccdc2012/maccdc2012_full_alert.7z HTTP/1.1" 200 2258216 "-" "BUbiNG (+http://law.di.unimi.it/BUbiNG.html#wc)" 
54.36.148.193 - - [13/Mar/2018:14:12:11 -0700] "GET /self.logs/2015/access.log.2015-11-04.gz HTTP/1.1" 200 5869 "-" "Mozilla/5.0 (compatible; AhrefsBot/5.2; +http://ahrefs.com/robot/)" 
93.126.226.104 - - [13/Mar/2018:14:12:46 -0700] "GET / HTTP/1.1" 304 189 "-" "Mozilla/5.0 (Linux; Android 7.0; SAMSUNG SM-G935F Build/NRD90M) AppleWebKit/537.36 (KHTML, like Gecko) SamsungBrowser/6.4 Chrome/56.0.2924.87 Mobile Safari/537.36" 
93.126.226.104 - - [13/Mar/2018:14:12:48 -0700] "GET /GitHub-Mark.png HTTP/1.1" 200 7427 "http://www.secrepo.com/" "Mozilla/5.0 (Linux; Android 7.0; SAMSUNG SM-G935F Build/NRD90M) AppleWebKit/537.36 (KHTML, like Gecko) SamsungBrowser/6.4 Chrome/56.0.2924.87 Mobile Safari/537.36" 
93.126.226.104 - - [13/Mar/2018:14:12:48 -0700] "GET /twitter-icon.png HTTP/1.1" 304 166 "http://www.secrepo.com/" "Mozilla/5.0 (Linux; Android 7.0; SAMSUNG SM-G935F Build/NRD90M) AppleWebKit/537.36 (KHTML, like Gecko) SamsungBrowser/6.4 Chrome/56.0.2924.87 Mobile Safari/537.36" 
93.126.226.104 - - [13/Mar/2018:14:12:52 -0700] "GET /bootstrap/img/favicon.ico HTTP/1.1" 304 165 "http://www.secrepo.com/" "Mozilla/5.0 (Linux; Android 7.0; SAMSUNG SM-G935F Build/NRD90M) AppleWebKit/537.36 (KHTML, like Gecko) SamsungBrowser/6.4 Chrome/56.0.2924.87 Mobile Safari/537.36" 
52.86.104.4 - - [13/Mar/2018:14:13:38 -0700] "GET /tg_snort_fast.7z HTTP/1.1" 404 340 "-" "BUbiNG (+http://law.di.unimi.it/BUbiNG.html#wc)" 
52.86.104.4 - - [13/Mar/2018:14:14:08 -0700] "GET /tg_snort_full.7z HTTP/1.1" 404 340 "-" "BUbiNG (+http://law.di.unimi.it/BUbiNG.html#wc)" 
52.86.104.4 - - [13/Mar/2018:14:14:38 -0700] "GET /self.logs/ HTTP/1.1" 200 8793 "-" "BUbiNG (+http://law.di.unimi.it/BUbiNG.html#wc)" 
206.87.115.54 - - [13/Mar/2018:14:15:27 -0700] "GET / HTTP/1.1" 200 11061 "https://www.google.ca/" "Mozilla/5.0 (Macintosh; Intel Mac OS X 10_13_3) AppleWebKit/537.36 (KHTML, like Gecko) Chrome/64.0.3282.186 Safari/537.36" 
206.87.115.54 - - [13/Mar/2018:14:15:27 -0700] "GET /twitter-icon.png HTTP/1.1" 200 27787 "http://www.secrepo.com/" "Mozilla/5.0 (Macintosh; Intel Mac OS X 10_13_3) AppleWebKit/537.36 (KHTML, like Gecko) Chrome/64.0.3282.186 Safari/537.36" 
206.87.115.54 - - [13/Mar/2018:14:15:27 -0700] "GET /GitHub-Mark.png HTTP/1.1" 200 7428 "http://www.secrepo.com/" "Mozilla/5.0 (Macintosh; Intel Mac OS X 10_13_3) AppleWebKit/537.36 (KHTML, like Gecko) Chrome/64.0.3282.186 Safari/537.36" 
206.87.115.54 - - [13/Mar/2018:14:15:29 -0700] "GET /bootstrap/img/favicon.ico HTTP/1.1" 200 589 "http://www.secrepo.com/" "Mozilla/5.0 (Macintosh; Intel Mac OS X 10_13_3) AppleWebKit/537.36 (KHTML, like Gecko) Chrome/64.0.3282.186 Safari/537.36" 
162.210.196.98 - - [13/Mar/2018:14:15:55 -0700] "GET /robots.txt HTTP/1.1" 200 289 "-" "Mozilla/5.0 (compatible; MJ12bot/v1.4.8; http://mj12bot.com/)" 
162.210.196.98 - - [13/Mar/2018:14:15:57 -0700] "GET / HTTP/1.1" 200 37359 "-" "Mozilla/5.0 (compatible; MJ12bot/v1.4.8; http://mj12bot.com/)" 
139.164.151.98 - - [13/Mar/2018:14:18:11 -0700] "GET /wp-login.php HTTP/1.1" 418 732 "-" "Mozilla/5.0 (Windows NT 6.1; WOW64; rv:40.0) Gecko/20100101 Firefox/40.1" 
139.164.151.98 - - [13/Mar/2018:14:18:11 -0700] "GET / HTTP/1.1" 418 732 "-" "Mozilla/5.0 (Windows NT 6.1; WOW64; rv:40.0) Gecko/20100101 Firefox/40.1" 
45.241.129.84 - - [13/Mar/2018:14:18:46 -0700] "GET /wp-login.php HTTP/1.1" 418 732 "-" "Mozilla/5.0 (Windows NT 6.1; WOW64; rv:40.0) Gecko/20100101 Firefox/40.1" 
201.184.37.54 - - [13/Mar/2018:14:22:52 -0700] "GET / HTTP/1.1" 200 11061 "https://www.google.com.co/" "Mozilla/5.0 (Windows NT 10.0; Win64; x64) AppleWebKit/537.36 (KHTML, like Gecko) Chrome/64.0.3282.186 Safari/537.36" 
201.184.37.54 - - [13/Mar/2018:14:22:53 -0700] "GET /twitter-icon.png HTTP/1.1" 200 27787 "http://www.secrepo.com/" "Mozilla/5.0 (Windows NT 10.0; Win64; x64) AppleWebKit/537.36 (KHTML, like Gecko) Chrome/64.0.3282.186 Safari/537.36" 
201.184.37.54 - - [13/Mar/2018:14:22:53 -0700] "GET /GitHub-Mark.png HTTP/1.1" 200 7428 "http://www.secrepo.com/" "Mozilla/5.0 (Windows NT 10.0; Win64; x64) AppleWebKit/537.36 (KHTML, like Gecko) Chrome/64.0.3282.186 Safari/537.36" 
201.184.37.54 - - [13/Mar/2018:14:22:54 -0700] "GET /bootstrap/img/favicon.ico HTTP/1.1" 200 589 "http://www.secrepo.com/" "Mozilla/5.0 (Windows NT 10.0; Win64; x64) AppleWebKit/537.36 (KHTML, like Gecko) Chrome/64.0.3282.186 Safari/537.36" 
52.86.104.4 - - [13/Mar/2018:14:26:05 -0700] "GET /self.logs/?C=N;O=D HTTP/1.1" 200 8852 "-" "BUbiNG (+http://law.di.unimi.it/BUbiNG.html#wc)" 
52.86.104.4 - - [13/Mar/2018:14:27:03 -0700] "GET /self.logs/?C=M;O=A HTTP/1.1" 200 9100 "-" "BUbiNG (+http://law.di.unimi.it/BUbiNG.html#wc)" 
52.86.104.4 - - [13/Mar/2018:14:28:12 -0700] "GET /self.logs/?C=S;O=A HTTP/1.1" 200 9898 "-" "BUbiNG (+http://law.di.unimi.it/BUbiNG.html#wc)" 
52.86.104.4 - - [13/Mar/2018:14:29:11 -0700] "GET /self.logs/?C=D;O=A HTTP/1.1" 200 8793 "-" "BUbiNG (+http://law.di.unimi.it/BUbiNG.html#wc)" 
96.27.164.190 - - [13/Mar/2018:14:31:23 -0700] "GET / HTTP/1.1" 200 11061 "https://www.google.com/" "Mozilla/5.0 (X11; CrOS x86_64 10176.76.0) AppleWebKit/537.36 (KHTML, like Gecko) Chrome/64.0.3282.190 Safari/537.36" 
96.27.164.190 - - [13/Mar/2018:14:31:24 -0700] "GET /twitter-icon.png HTTP/1.1" 200 27787 "http://www.secrepo.com/" "Mozilla/5.0 (X11; CrOS x86_64 10176.76.0) AppleWebKit/537.36 (KHTML, like Gecko) Chrome/64.0.3282.190 Safari/537.36" 
96.27.164.190 - - [13/Mar/2018:14:31:24 -0700] "GET /GitHub-Mark.png HTTP/1.1" 200 7428 "http://www.secrepo.com/" "Mozilla/5.0 (X11; CrOS x86_64 10176.76.0) AppleWebKit/537.36 (KHTML, like Gecko) Chrome/64.0.3282.190 Safari/537.36" 
54.36.148.130 - - [13/Mar/2018:14:31:41 -0700] "GET /self.logs/access.log.2017-04-16.gz HTTP/1.1" 200 15279 "-" "Mozilla/5.0 (compatible; AhrefsBot/5.2; +http://ahrefs.com/robot/)" 
52.86.104.4 - - [13/Mar/2018:14:31:53 -0700] "GET / HTTP/1.1" 200 11061 "-" "BUbiNG (+http://law.di.unimi.it/BUbiNG.html#wc)" 
52.86.104.4 - - [13/Mar/2018:14:32:53 -0700] "GET /self.logs/2015/ HTTP/1.1" 200 7437 "-" "BUbiNG (+http://law.di.unimi.it/BUbiNG.html#wc)" 
14.215.176.9 - - [13/Mar/2018:14:33:24 -0700] "GET /&wd=test HTTP/1.1" 404 340 "http://www.baidu.com/s?wd=ZM5" "Mozilla/5.0 (Windows NT 6.1; WOW64; rv:43.0) Gecko/20100101 Firefox/43.0" 
52.86.104.4 - - [13/Mar/2018:14:33:34 -0700] "GET /self.logs/2016/ HTTP/1.1" 200 7741 "-" "BUbiNG (+http://law.di.unimi.it/BUbiNG.html#wc)" 
52.86.104.4 - - [13/Mar/2018:14:34:04 -0700] "GET /self.logs/?C=N;O=A HTTP/1.1" 200 8793 "-" "BUbiNG (+http://law.di.unimi.it/BUbiNG.html#wc)" 
52.86.104.4 - - [13/Mar/2018:14:36:08 -0700] "GET /self.logs/?C=M;O=D HTTP/1.1" 200 9188 "-" "BUbiNG (+http://law.di.unimi.it/BUbiNG.html#wc)" 
52.86.104.4 - - [13/Mar/2018:14:36:38 -0700] "GET /self.logs/?C=S;O=D HTTP/1.1" 200 9844 "-" "BUbiNG (+http://law.di.unimi.it/BUbiNG.html#wc)" 
54.173.207.55 - - [13/Mar/2018:14:36:42 -0700] "GET /robots.txt HTTP/1.1" 301 502 "-" "BUbiNG (+http://law.di.unimi.it/BUbiNG.html#wc)" 
54.173.207.55 - - [13/Mar/2018:14:36:43 -0700] "GET /robots.txt HTTP/1.1" 200 334 "-" "BUbiNG (+http://law.di.unimi.it/BUbiNG.html#wc)" 
54.173.207.55 - - [13/Mar/2018:14:37:45 -0700] "GET / HTTP/1.1" 301 483 "-" "BUbiNG (+http://law.di.unimi.it/BUbiNG.html#wc)" 
54.36.148.52 - - [13/Mar/2018:14:40:08 -0700] "GET /self.logs/access.log.2016-02-04.gz HTTP/1.1" 404 284 "-" "Mozilla/5.0 (compatible; AhrefsBot/5.2; +http://ahrefs.com/robot/)" 
115.192.250.255 - - [13/Mar/2018:14:42:34 -0700] "GET / HTTP/1.1" 200 37415 "http://www.secrepo.com/" "Mozilla/4.0 (compatible; MSIE 9.0; Windows NT 6.1)" 
115.192.250.255 - - [13/Mar/2018:14:42:34 -0700] "POST //plus/90sec.php HTTP/1.1" 404 294 "http://www.secrepo.com//plus/90sec.php" "Mozilla/4.0 (compatible; MSIE 9.0; Windows NT 6.1)" 
115.192.250.255 - - [13/Mar/2018:14:42:35 -0700] "POST //plus/spider.php HTTP/1.1" 404 294 "http://www.secrepo.com//plus/spider.php" "Mozilla/4.0 (compatible; MSIE 9.0; Windows NT 6.1)" 
115.192.250.255 - - [13/Mar/2018:14:42:35 -0700] "POST //plus/e7xue.php HTTP/1.1" 404 294 "http://www.secrepo.com//plus/e7xue.php" "Mozilla/4.0 (compatible; MSIE 9.0; Windows NT 6.1)" 
115.192.250.255 - - [13/Mar/2018:14:42:35 -0700] "POST //plus/mycak.php HTTP/1.1" 404 294 "http://www.secrepo.com//plus/mycak.php" "Mozilla/4.0 (compatible; MSIE 9.0; Windows NT 6.1)" 
115.192.250.255 - - [13/Mar/2018:14:42:35 -0700] "POST //sitemap/templates/met/SqlIn.asp HTTP/1.1" 404 294 "http://www.secrepo.com//sitemap/templates/met/SqlIn.asp" "Mozilla/4.0 (compatible; MSIE 9.0; Windows NT 6.1)" 
