172.87.222.87 - - [30/Mar/2018:07:48:28 -0700] "GET //FCKeditor3/editor/filemanager/browser/default/connectors/aspx/connector.aspx HTTP/1.1" 404 239 "-" "Mozilla/5.0 (compatible; MSIE 9.0; Windows NT 6.1; Trident/5.0)" 
172.87.222.87 - - [30/Mar/2018:07:48:28 -0700] "GET //FCKeditor3/editor/filemanager/browser/default/connectors/php/connector.php HTTP/1.1" 404 239 "-" "Mozilla/5.0 (compatible; MSIE 9.0; Windows NT 6.1; Trident/5.0)" 
172.87.222.87 - - [30/Mar/2018:07:48:28 -0700] "GET //FCKeditor3 HTTP/1.1" 404 239 "-" "Mozilla/5.0 (compatible; MSIE 9.0; Windows NT 6.1; Trident/5.0)" 
172.87.222.87 - - [30/Mar/2018:07:48:28 -0700] "GET //Web_fckeditor/editor/filemanager/connectors/asp/connector.asp HTTP/1.1" 404 239 "-" "Mozilla/5.0 (compatible; MSIE 9.0; Windows NT 6.1; Trident/5.0)" 
172.87.222.87 - - [30/Mar/2018:07:48:28 -0700] "GET //Web_fckeditor/editor/filemanager/connectors/aspx/connector.aspx HTTP/1.1" 404 239 "-" "Mozilla/5.0 (compatible; MSIE 9.0; Windows NT 6.1; Trident/5.0)" 
172.87.222.87 - - [30/Mar/2018:07:48:28 -0700] "GET //Web_fckeditor/editor/filemanager/connectors/php/connector.php HTTP/1.1" 404 239 "-" "Mozilla/5.0 (compatible; MSIE 9.0; Windows NT 6.1; Trident/5.0)" 
172.87.222.87 - - [30/Mar/2018:07:48:29 -0700] "GET //Web_fckeditor/editor/filemanager/browser/default/connectors/asp/connector.asp HTTP/1.1" 404 239 "-" "Mozilla/5.0 (compatible; MSIE 9.0; Windows NT 6.1; Trident/5.0)" 
172.87.222.87 - - [30/Mar/2018:07:48:29 -0700] "GET //Web_fckeditor/editor/filemanager/browser/default/connectors/aspx/connector.aspx HTTP/1.1" 404 239 "-" "Mozilla/5.0 (compatible; MSIE 9.0; Windows NT 6.1; Trident/5.0)" 
172.87.222.87 - - [30/Mar/2018:07:48:29 -0700] "GET //Web_fckeditor/editor/filemanager/browser/default/connectors/php/connector.php HTTP/1.1" 404 239 "-" "Mozilla/5.0 (compatible; MSIE 9.0; Windows NT 6.1; Trident/5.0)" 
172.87.222.87 - - [30/Mar/2018:07:48:29 -0700] "GET //Web_fckeditor HTTP/1.1" 404 239 "-" "Mozilla/5.0 (compatible; MSIE 9.0; Windows NT 6.1; Trident/5.0)" 
172.87.222.87 - - [30/Mar/2018:07:48:29 -0700] "GET //admin/FCKeditor/editor/filemanager/connectors/asp/connector.asp HTTP/1.1" 404 239 "-" "Mozilla/5.0 (compatible; MSIE 9.0; Windows NT 6.1; Trident/5.0)" 
172.87.222.87 - - [30/Mar/2018:07:48:29 -0700] "GET //admin/FCKeditor/editor/filemanager/connectors/aspx/connector.aspx HTTP/1.1" 404 239 "-" "Mozilla/5.0 (compatible; MSIE 9.0; Windows NT 6.1; Trident/5.0)" 
172.87.222.87 - - [30/Mar/2018:07:48:29 -0700] "GET //admin/FCKeditor/editor/filemanager/connectors/php/connector.php HTTP/1.1" 404 239 "-" "Mozilla/5.0 (compatible; MSIE 9.0; Windows NT 6.1; Trident/5.0)" 
172.87.222.87 - - [30/Mar/2018:07:48:29 -0700] "GET //admin/FCKeditor/editor/filemanager/browser/default/connectors/asp/connector.asp HTTP/1.1" 404 239 "-" "Mozilla/5.0 (compatible; MSIE 9.0; Windows NT 6.1; Trident/5.0)" 
172.87.222.87 - - [30/Mar/2018:07:48:29 -0700] "GET //admin/FCKeditor/editor/filemanager/browser/default/connectors/aspx/connector.aspx HTTP/1.1" 404 239 "-" "Mozilla/5.0 (compatible; MSIE 9.0; Windows NT 6.1; Trident/5.0)" 
172.87.222.87 - - [30/Mar/2018:07:48:29 -0700] "GET //admin/FCKeditor/editor/filemanager/browser/default/connectors/php/connector.php HTTP/1.1" 404 239 "-" "Mozilla/5.0 (compatible; MSIE 9.0; Windows NT 6.1; Trident/5.0)" 
172.87.222.87 - - [30/Mar/2018:07:48:29 -0700] "GET //admin/FCKeditor HTTP/1.1" 404 239 "-" "Mozilla/5.0 (compatible; MSIE 9.0; Windows NT 6.1; Trident/5.0)" 
172.87.222.87 - - [30/Mar/2018:07:48:29 -0700] "GET //plus/ad_js.php?aid=715 HTTP/1.1" 404 239 "-" "Mozilla/5.0 (compatible; MSIE 9.0; Windows NT 6.1; Trident/5.0)" 
172.87.222.87 - - [30/Mar/2018:07:48:29 -0700] "GET //dcman/BaseManage/TemplatePath_Manage.aspx?action=insert HTTP/1.1" 404 239 "-" "Mozilla/5.0 (compatible; MSIE 9.0; Windows NT 6.1; Trident/5.0)" 
172.87.222.87 - - [30/Mar/2018:07:48:30 -0700] "POST //index.php?c=api&m=data2&auth=50ce0d2401ce4802751739552c8e4467&param=update_avatar HTTP/1.1" 404 239 "-" "Mozilla/5.0 (compatible; MSIE 9.0; Windows NT 6.1; Trident/5.0)" 
172.87.222.87 - - [30/Mar/2018:07:48:30 -0700] "PUT //Rose20180330224820.txt HTTP/1.1" 405 450 "http://www.secrepo.com//Rose20180330224820.txt" "-" 
172.87.222.87 - - [30/Mar/2018:07:48:30 -0700] "GET //Rose20180330224820.txt HTTP/1.1" 404 239 "-" "-" 
172.87.222.87 - - [30/Mar/2018:07:48:30 -0700] "GET //NewsType.asp?SmallClass=%27%20union%20select%200,username%2BCHR(124)%2Bpassword,2,3,4,5,6,7,8,9%20from%20admin%20union%20select%20*%20from%20news%20where%201=2%20and%20%27%27=%27 HTTP/1.1" 404 239 "-" "Mozilla/5.0 (compatible; MSIE 9.0; Windows NT 6.1; Trident/5.0)" 
172.87.222.87 - - [30/Mar/2018:07:48:30 -0700] "GET //index.php?lang=Cn&index=0000 HTTP/1.1" 404 239 "-" "Mozilla/5.0 (compatible; MSIE 9.0; Windows NT 6.1; Trident/5.0)" 
172.87.222.87 - - [30/Mar/2018:07:48:31 -0700] "POST //index.php?m=member&c=index&a=register&siteid=1 HTTP/1.1" 404 239 "-" "Mozilla/5.0 (compatible; MSIE 9.0; Windows NT 6.1; Trident/5.0)" 
172.87.222.87 - - [30/Mar/2018:07:48:31 -0700] "POST //search.php HTTP/1.1" 404 239 "-" "Mozilla/5.0 (compatible; MSIE 9.0; Windows NT 6.1; Trident/5.0)" 
150.242.65.252 - - [30/Mar/2018:08:01:16 -0700] "GET / HTTP/1.1" 200 11061 "https://www.google.co.in/" "Mozilla/5.0 (Windows NT 10.0; Win64; x64) AppleWebKit/537.36 (KHTML, like Gecko) Chrome/65.0.3325.181 Safari/537.36" 
150.242.65.252 - - [30/Mar/2018:08:01:18 -0700] "GET /GitHub-Mark.png HTTP/1.1" 200 7428 "http://www.secrepo.com/" "Mozilla/5.0 (Windows NT 10.0; Win64; x64) AppleWebKit/537.36 (KHTML, like Gecko) Chrome/65.0.3325.181 Safari/537.36" 
150.242.65.252 - - [30/Mar/2018:08:01:18 -0700] "GET /twitter-icon.png HTTP/1.1" 200 27787 "http://www.secrepo.com/" "Mozilla/5.0 (Windows NT 10.0; Win64; x64) AppleWebKit/537.36 (KHTML, like Gecko) Chrome/65.0.3325.181 Safari/537.36" 
107.181.176.99 - - [30/Mar/2018:08:03:29 -0700] "GET /wp-login.php HTTP/1.1" 418 732 "-" "Mozilla/5.0 (Windows NT 6.1; WOW64; rv:40.0) Gecko/20100101 Firefox/40.1" 
107.181.176.99 - - [30/Mar/2018:08:03:29 -0700] "GET / HTTP/1.1" 418 732 "-" "Mozilla/5.0 (Windows NT 6.1; WOW64; rv:40.0) Gecko/20100101 Firefox/40.1" 
137.242.1.129 - - [30/Mar/2018:08:04:00 -0700] "GET / HTTP/1.1" 200 11061 "-" "Mozilla/5.0 (Windows NT 10.0; Win64; x64; Trident/7.0; rv:11.0) like Gecko" 
137.242.1.129 - - [30/Mar/2018:08:04:00 -0700] "GET / HTTP/1.1" 200 11061 "-" "Mozilla/5.0 (Windows NT 10.0; Win64; x64; Trident/7.0; rv:11.0) like Gecko" 
137.242.1.129 - - [30/Mar/2018:08:04:01 -0700] "GET /twitter-icon.png HTTP/1.1" 200 27787 "http://www.secrepo.com/" "Mozilla/5.0 (Windows NT 10.0; Win64; x64; Trident/7.0; rv:11.0) like Gecko" 
137.242.1.129 - - [30/Mar/2018:08:04:01 -0700] "GET /GitHub-Mark.png HTTP/1.1" 200 7428 "http://www.secrepo.com/" "Mozilla/5.0 (Windows NT 10.0; Win64; x64; Trident/7.0; rv:11.0) like Gecko" 
137.242.1.129 - - [30/Mar/2018:08:04:02 -0700] "GET /bootstrap/img/favicon.ico HTTP/1.1" 200 589 "-" "Mozilla/5.0 (Windows NT 10.0; Win64; x64; Trident/7.0; rv:11.0) like Gecko" 
137.242.1.129 - - [30/Mar/2018:08:04:02 -0700] "GET /favicon.ico HTTP/1.1" 200 267 "-" "Mozilla/5.0 (Windows NT 10.0; Win64; x64; Trident/7.0; rv:11.0) like Gecko" 
137.242.1.129 - - [30/Mar/2018:08:08:10 -0700] "GET /bootstrap/img/favicon.ico HTTP/1.1" 200 590 "-" "Mozilla/5.0 (Windows NT 10.0; Win64; x64; Trident/7.0; rv:11.0) like Gecko" 
137.242.1.129 - - [30/Mar/2018:08:08:11 -0700] "GET /favicon.ico HTTP/1.1" 200 268 "-" "Mozilla/5.0 (Windows NT 10.0; Win64; x64; Trident/7.0; rv:11.0) like Gecko" 
157.55.39.227 - - [30/Mar/2018:08:08:52 -0700] "GET /honeypot/bsidesdfw%20-%202014.ipynb HTTP/1.1" 301 539 "-" "Mozilla/5.0 (iPhone; CPU iPhone OS 7_0 like Mac OS X) AppleWebKit/537.51.1 (KHTML, like Gecko) Version/7.0 Mobile/11A465 Safari/9537.53 (compatible; bingbot/2.0; +http://www.bing.com/bingbot.htm)" 
157.55.39.227 - - [30/Mar/2018:08:08:57 -0700] "GET /honeypot/bsidesdfw%20-%202014.ipynb HTTP/1.1" 404 340 "-" "Mozilla/5.0 (iPhone; CPU iPhone OS 7_0 like Mac OS X) AppleWebKit/537.51.1 (KHTML, like Gecko) Version/7.0 Mobile/11A465 Safari/9537.53 (compatible; bingbot/2.0; +http://www.bing.com/bingbot.htm)" 
4.16.146.123 - - [30/Mar/2018:08:11:25 -0700] "GET / HTTP/1.1" 200 11061 "https://www.google.com/" "Mozilla/5.0 (Macintosh; Intel Mac OS X 10_11_6) AppleWebKit/537.36 (KHTML, like Gecko) Chrome/65.0.3325.181 Safari/537.36" 
4.16.146.123 - - [30/Mar/2018:08:11:27 -0700] "GET /twitter-icon.png HTTP/1.1" 200 27788 "http://www.secrepo.com/" "Mozilla/5.0 (Macintosh; Intel Mac OS X 10_11_6) AppleWebKit/537.36 (KHTML, like Gecko) Chrome/65.0.3325.181 Safari/537.36" 
4.16.146.123 - - [30/Mar/2018:08:11:27 -0700] "GET /GitHub-Mark.png HTTP/1.1" 200 7428 "http://www.secrepo.com/" "Mozilla/5.0 (Macintosh; Intel Mac OS X 10_11_6) AppleWebKit/537.36 (KHTML, like Gecko) Chrome/65.0.3325.181 Safari/537.36" 
4.16.146.123 - - [30/Mar/2018:08:11:30 -0700] "GET /bootstrap/img/favicon.ico HTTP/1.1" 200 590 "http://www.secrepo.com/" "Mozilla/5.0 (Macintosh; Intel Mac OS X 10_11_6) AppleWebKit/537.36 (KHTML, like Gecko) Chrome/65.0.3325.181 Safari/537.36" 
113.171.224.176 - - [30/Mar/2018:08:15:26 -0700] "GET /honeypot/Honeypot%20-%20Howto.pdf HTTP/1.1" 200 46720 "-" "Mozilla/5.0 Gecko/20100115 Firefox/3.6" 
78.21.215.168 - - [30/Mar/2018:08:24:53 -0700] "GET /wp-login.php HTTP/1.1" 418 732 "-" "Mozilla/5.0 (Windows NT 6.1; WOW64; rv:40.0) Gecko/20100101 Firefox/40.1" 
78.21.215.168 - - [30/Mar/2018:08:24:53 -0700] "GET / HTTP/1.1" 418 732 "-" "Mozilla/5.0 (Windows NT 6.1; WOW64; rv:40.0) Gecko/20100101 Firefox/40.1" 
54.36.148.152 - - [30/Mar/2018:08:25:07 -0700] "GET /self.logs/2015/access.log.2015-08-31.gz HTTP/1.1" 200 5570 "-" "Mozilla/5.0 (compatible; AhrefsBot/5.2; +http://ahrefs.com/robot/)" 
82.234.165.208 - - [30/Mar/2018:08:25:56 -0700] "GET /wp-login.php HTTP/1.1" 418 732 "-" "Mozilla/5.0 (Windows NT 6.1; WOW64; rv:40.0) Gecko/20100101 Firefox/40.1" 
82.234.165.208 - - [30/Mar/2018:08:25:56 -0700] "GET / HTTP/1.1" 418 732 "-" "Mozilla/5.0 (Windows NT 6.1; WOW64; rv:40.0) Gecko/20100101 Firefox/40.1" 
54.36.148.152 - - [30/Mar/2018:08:29:42 -0700] "GET /self.logs/error.log.2015-05-15.gz HTTP/1.1" 404 284 "-" "Mozilla/5.0 (compatible; AhrefsBot/5.2; +http://ahrefs.com/robot/)" 
37.228.255.57 - - [30/Mar/2018:08:37:30 -0700] "GET /tg/a.zip HTTP/1.1" 200 66189337 "-" "Mozilla/5.0 (X11; Ubuntu; Linux x86_64; rv:58.0) Gecko/20100101 Firefox/58.0" 
46.118.127.172 - - [30/Mar/2018:08:40:04 -0700] "GET /honeypot/ HTTP/1.1" 200 1077 "https://popugaychiki.com/" "Mozilla/4.0 (compatible; MSIE 6.0; Windows NT 5.1; Q312461)" 
46.118.127.172 - - [30/Mar/2018:08:40:06 -0700] "GET /honeypot/ HTTP/1.1" 200 1077 "https://popugaychiki.com/" "Mozilla/4.0 (compatible; MSIE 6.0; Windows NT 5.1; Q312461)" 
54.85.182.120 - - [30/Mar/2018:08:42:42 -0700] "GET /self.logs/ HTTP/1.1" 200 9021 "-" "Mozilla/5.0 (Macintosh; Intel Mac OS X 10_10_1) AppleWebKit/600.1.25 (KHTML, like Gecko) Version/8.0 Safari/600.1.25" 
54.85.182.120 - - [30/Mar/2018:08:42:58 -0700] "GET /self.logs/2016/ HTTP/1.1" 200 7704 "-" "Mozilla/5.0 (Macintosh; Intel Mac OS X 10_10_1) AppleWebKit/600.1.25 (KHTML, like Gecko) Version/8.0 Safari/600.1.25" 
173.252.115.153 - - [30/Mar/2018:08:43:36 -0700] "GET /twitter-icon.png HTTP/1.1" 200 27788 "-" "facebookexternalhit/1.1 (+http://www.facebook.com/externalhit_uatext.php)" 
157.55.39.186 - - [30/Mar/2018:08:47:26 -0700] "GET / HTTP/1.1" 200 11061 "-" "Mozilla/5.0 (compatible; bingbot/2.0; +http://www.bing.com/bingbot.htm)" 
54.36.148.81 - - [30/Mar/2018:08:49:39 -0700] "GET /self.logs/access.log.2016-10-19.gz HTTP/1.1" 404 284 "-" "Mozilla/5.0 (compatible; AhrefsBot/5.2; +http://ahrefs.com/robot/)" 
41.199.182.207 - - [30/Mar/2018:08:51:22 -0700] "GET / HTTP/1.1" 200 11061 "-" "Mozilla/5.0 (Windows NT 6.3; Win64; x64) AppleWebKit/537.36 (KHTML, like Gecko) Chrome/65.0.3325.181 Safari/537.36" 
41.199.182.207 - - [30/Mar/2018:08:51:23 -0700] "GET /twitter-icon.png HTTP/1.1" 200 27787 "http://www.secrepo.com/" "Mozilla/5.0 (Windows NT 6.3; Win64; x64) AppleWebKit/537.36 (KHTML, like Gecko) Chrome/65.0.3325.181 Safari/537.36" 
41.199.182.207 - - [30/Mar/2018:08:51:24 -0700] "GET /GitHub-Mark.png HTTP/1.1" 200 7427 "http://www.secrepo.com/" "Mozilla/5.0 (Windows NT 6.3; Win64; x64) AppleWebKit/537.36 (KHTML, like Gecko) Chrome/65.0.3325.181 Safari/537.36" 
41.199.182.207 - - [30/Mar/2018:08:51:25 -0700] "GET /bootstrap/img/favicon.ico HTTP/1.1" 200 589 "http://www.secrepo.com/" "Mozilla/5.0 (Windows NT 6.3; Win64; x64) AppleWebKit/537.36 (KHTML, like Gecko) Chrome/65.0.3325.181 Safari/537.36" 
157.55.39.227 - - [30/Mar/2018:08:51:28 -0700] "GET /self.logs/access.log.2017-01-22.gz HTTP/1.1" 301 546 "-" "Mozilla/5.0 (compatible; bingbot/2.0; +http://www.bing.com/bingbot.htm)" 
120.221.0.34 - - [30/Mar/2018:08:51:42 -0700] "GET /honeypot/Honeypot%20-%20Howto.pdf HTTP/1.1" 304 131 "-" "Mozilla/5.0 Gecko/20100115 Firefox/3.6" 
54.36.148.200 - - [30/Mar/2018:08:52:25 -0700] "GET /self.logs/access.log.2015-07-11.gz HTTP/1.1" 404 284 "-" "Mozilla/5.0 (compatible; AhrefsBot/5.2; +http://ahrefs.com/robot/)" 
66.249.64.159 - - [30/Mar/2018:08:54:27 -0700] "GET / HTTP/1.1" 200 11061 "-" "Mozilla/5.0 (compatible; Googlebot/2.1; +http://www.google.com/bot.html)" 
130.85.95.120 - - [30/Mar/2018:09:04:00 -0700] "GET / HTTP/1.1" 200 11061 "-" "Mozilla/5.0 (Macintosh; Intel Mac OS X 10_13_3) AppleWebKit/604.5.6 (KHTML, like Gecko) Version/11.0.3 Safari/604.5.6" 
130.85.95.120 - - [30/Mar/2018:09:04:00 -0700] "GET /twitter-icon.png HTTP/1.1" 200 27787 "http://www.secrepo.com/" "Mozilla/5.0 (Macintosh; Intel Mac OS X 10_13_3) AppleWebKit/604.5.6 (KHTML, like Gecko) Version/11.0.3 Safari/604.5.6" 
130.85.95.120 - - [30/Mar/2018:09:04:00 -0700] "GET /GitHub-Mark.png HTTP/1.1" 200 7428 "http://www.secrepo.com/" "Mozilla/5.0 (Macintosh; Intel Mac OS X 10_13_3) AppleWebKit/604.5.6 (KHTML, like Gecko) Version/11.0.3 Safari/604.5.6" 
130.85.95.120 - - [30/Mar/2018:09:04:01 -0700] "GET /bootstrap/img/favicon.ico HTTP/1.1" 200 590 "http://www.secrepo.com/" "Mozilla/5.0 (Macintosh; Intel Mac OS X 10_13_3) AppleWebKit/604.5.6 (KHTML, like Gecko) Version/11.0.3 Safari/604.5.6" 
130.85.95.120 - - [30/Mar/2018:09:04:01 -0700] "GET /apple-touch-icon-precomposed.png HTTP/1.1" 404 340 "-" "Safari/13604.5.6 CFNetwork/893.13.1 Darwin/17.4.0 (x86_64)" 
130.85.95.120 - - [30/Mar/2018:09:04:01 -0700] "GET /apple-touch-icon.png HTTP/1.1" 404 339 "-" "Safari/13604.5.6 CFNetwork/893.13.1 Darwin/17.4.0 (x86_64)" 
129.2.48.173 - - [30/Mar/2018:09:07:13 -0700] "GET / HTTP/1.1" 200 11061 "https://www.reddit.com/r/datasets/comments/3tbxap/cyber_security_datasets/" "Mozilla/5.0 (Windows NT 6.1; Win64; x64) AppleWebKit/537.36 (KHTML, like Gecko) Chrome/65.0.3325.181 Safari/537.36" 
129.2.48.173 - - [30/Mar/2018:09:07:13 -0700] "GET /twitter-icon.png HTTP/1.1" 200 27787 "http://www.secrepo.com/" "Mozilla/5.0 (Windows NT 6.1; Win64; x64) AppleWebKit/537.36 (KHTML, like Gecko) Chrome/65.0.3325.181 Safari/537.36" 
129.2.48.173 - - [30/Mar/2018:09:07:13 -0700] "GET /GitHub-Mark.png HTTP/1.1" 200 7428 "http://www.secrepo.com/" "Mozilla/5.0 (Windows NT 6.1; Win64; x64) AppleWebKit/537.36 (KHTML, like Gecko) Chrome/65.0.3325.181 Safari/537.36" 
129.2.48.173 - - [30/Mar/2018:09:07:13 -0700] "GET /bootstrap/img/favicon.ico HTTP/1.1" 200 589 "http://www.secrepo.com/" "Mozilla/5.0 (Windows NT 6.1; Win64; x64) AppleWebKit/537.36 (KHTML, like Gecko) Chrome/65.0.3325.181 Safari/537.36" 
54.36.148.83 - - [30/Mar/2018:09:08:40 -0700] "GET /self.logs/error.log.2016-05-16.gz HTTP/1.1" 404 284 "-" "Mozilla/5.0 (compatible; AhrefsBot/5.2; +http://ahrefs.com/robot/)" 
52.165.148.51 - - [30/Mar/2018:09:10:14 -0700] "GET / HTTP/1.1" 301 446 "-" "Mozilla/5.0 (Macintosh; Intel Mac OS X 10_13_1) AppleWebKit/537.36 (KHTML, like Gecko) Chrome/62.0.3202.94 Safari/537.36" 
54.36.148.66 - - [30/Mar/2018:09:13:51 -0700] "GET /self.logs/access.log.2015-06-25.gz HTTP/1.1" 404 284 "-" "Mozilla/5.0 (compatible; AhrefsBot/5.2; +http://ahrefs.com/robot/)" 
123.30.175.224 - - [30/Mar/2018:09:14:23 -0700] "GET /robots.txt HTTP/1.1" 200 297 "-" "Mozilla/5.0 (compatible; coccocbot-web/1.0; +http://help.coccoc.com/searchengine)" 
123.30.175.224 - - [30/Mar/2018:09:14:25 -0700] "GET /honeypot/Honeypot%20-%20Howto%20-%20BSides%20Austin.pdf HTTP/1.1" 200 2928423 "-" "Mozilla/5.0 (compatible; coccocbot-web/1.0; +http://help.coccoc.com/searchengine)" 
54.85.182.120 - - [30/Mar/2018:09:15:04 -0700] "GET /maccdc2012/maccdc2012_fast_alert.7z HTTP/1.1" 200 65700 "-" "Mozilla/5.0 (Macintosh; Intel Mac OS X 10_10_1) AppleWebKit/600.1.25 (KHTML, like Gecko) Version/8.0 Safari/600.1.25" 
113.171.224.176 - - [30/Mar/2018:09:16:18 -0700] "GET /honeypot/Honeypot%20-%20Howto.pdf HTTP/1.1" 200 46720 "-" "Mozilla/5.0 Gecko/20100115 Firefox/3.6" 
54.36.148.20 - - [30/Mar/2018:09:18:46 -0700] "GET /self.logs/2015/access.log.2015-12-08.gz HTTP/1.1" 200 9205 "-" "Mozilla/5.0 (compatible; AhrefsBot/5.2; +http://ahrefs.com/robot/)" 
52.87.20.62 - - [30/Mar/2018:09:21:15 -0700] "GET /robots.txt HTTP/1.1" 200 334 "-" "MauiBot (crawler.feedback+wc@gmail.com)" 
54.36.148.229 - - [30/Mar/2018:09:21:26 -0700] "GET /self.logs/error.log.2017-02-26.gz HTTP/1.1" 200 1433 "-" "Mozilla/5.0 (compatible; AhrefsBot/5.2; +http://ahrefs.com/robot/)" 
52.87.20.62 - - [30/Mar/2018:09:21:45 -0700] "GET /maccdc2012/maccdc2012_fast_alert.7z HTTP/1.1" 200 2275690 "-" "MauiBot (crawler.feedback+wc@gmail.com)" 
52.87.20.62 - - [30/Mar/2018:09:22:15 -0700] "GET /maccdc2012/maccdc2012_full_alert.7z HTTP/1.1" 200 2213360 "-" "MauiBot (crawler.feedback+wc@gmail.com)" 
52.87.20.62 - - [30/Mar/2018:09:22:46 -0700] "GET /tg_snort_fast.7z HTTP/1.1" 404 340 "-" "MauiBot (crawler.feedback+wc@gmail.com)" 
52.87.20.62 - - [30/Mar/2018:09:23:18 -0700] "GET /tg_snort_full.7z HTTP/1.1" 404 340 "-" "MauiBot (crawler.feedback+wc@gmail.com)" 
52.87.20.62 - - [30/Mar/2018:09:23:48 -0700] "GET /self.logs/ HTTP/1.1" 200 9058 "-" "MauiBot (crawler.feedback+wc@gmail.com)" 
52.87.20.62 - - [30/Mar/2018:09:24:19 -0700] "GET /self.logs/?C=N;O=D HTTP/1.1" 200 9130 "-" "MauiBot (crawler.feedback+wc@gmail.com)" 
52.87.20.62 - - [30/Mar/2018:09:24:51 -0700] "GET /self.logs/?C=M;O=A HTTP/1.1" 200 9386 "-" "MauiBot (crawler.feedback+wc@gmail.com)" 
52.87.20.62 - - [30/Mar/2018:09:25:23 -0700] "GET /self.logs/?C=S;O=A HTTP/1.1" 200 10236 "-" "MauiBot (crawler.feedback+wc@gmail.com)" 
52.87.20.62 - - [30/Mar/2018:09:25:55 -0700] "GET /self.logs/?C=D;O=A HTTP/1.1" 200 9058 "-" "MauiBot (crawler.feedback+wc@gmail.com)" 
52.87.20.62 - - [30/Mar/2018:09:26:28 -0700] "GET / HTTP/1.1" 200 11061 "-" "MauiBot (crawler.feedback+wc@gmail.com)" 
123.125.67.166 - - [30/Mar/2018:09:26:37 -0700] "GET /robots.txt HTTP/1.1" 200 297 "-" "Mozilla/5.0 (Windows NT 10.0; WOW64) AppleWebKit/537.36 (KHTML, like Gecko) Chrome/45.0.2454.93 Safari/537.36" 
52.87.20.62 - - [30/Mar/2018:09:28:24 -0700] "GET /robots.txt HTTP/1.1" 301 502 "-" "MauiBot (crawler.feedback+wc@gmail.com)" 
52.87.20.62 - - [30/Mar/2018:09:28:24 -0700] "GET /robots.txt HTTP/1.1" 200 334 "-" "MauiBot (crawler.feedback+wc@gmail.com)" 
52.87.20.62 - - [30/Mar/2018:09:30:35 -0700] "GET /self.logs/2015/ HTTP/1.1" 200 7437 "-" "MauiBot (crawler.feedback+wc@gmail.com)" 
52.87.20.62 - - [30/Mar/2018:09:31:10 -0700] "GET / HTTP/1.1" 301 483 "-" "MauiBot (crawler.feedback+wc@gmail.com)" 
52.87.20.62 - - [30/Mar/2018:09:31:46 -0700] "GET /self.logs/2016/ HTTP/1.1" 200 7741 "-" "MauiBot (crawler.feedback+wc@gmail.com)" 
52.87.20.62 - - [30/Mar/2018:09:32:23 -0700] "GET /self.logs/?C=N;O=A HTTP/1.1" 200 9058 "-" "MauiBot (crawler.feedback+wc@gmail.com)" 
52.87.20.62 - - [30/Mar/2018:09:33:01 -0700] "GET /self.logs/?C=M;O=D HTTP/1.1" 200 9492 "-" "MauiBot (crawler.feedback+wc@gmail.com)" 
52.87.20.62 - - [30/Mar/2018:09:33:37 -0700] "GET /self.logs/?C=S;O=D HTTP/1.1" 200 10225 "-" "MauiBot (crawler.feedback+wc@gmail.com)" 
52.87.20.62 - - [30/Mar/2018:09:34:15 -0700] "GET /data HTTP/1.1" 404 340 "-" "MauiBot (crawler.feedback+wc@gmail.com)" 
52.87.20.62 - - [30/Mar/2018:09:34:50 -0700] "GET /tg/tg_snort_fast.7z HTTP/1.1" 200 2048294 "-" "MauiBot (crawler.feedback+wc@gmail.com)" 
52.87.20.62 - - [30/Mar/2018:09:35:29 -0700] "GET /tg/tg_snort_full.7z HTTP/1.1" 200 2236720 "-" "MauiBot (crawler.feedback+wc@gmail.com)" 
52.87.20.62 - - [30/Mar/2018:09:36:05 -0700] "GET /honeypot/BSidesDFW%20-%202014.ipynb HTTP/1.1" 200 930836 "-" "MauiBot (crawler.feedback+wc@gmail.com)" 
52.87.20.62 - - [30/Mar/2018:09:36:44 -0700] "GET /self.logs/2015/?C=N;O=D HTTP/1.1" 200 7480 "-" "MauiBot (crawler.feedback+wc@gmail.com)" 
52.87.20.62 - - [30/Mar/2018:09:39:02 -0700] "GET /self.logs/2015/?C=M;O=A HTTP/1.1" 200 7660 "-" "MauiBot (crawler.feedback+wc@gmail.com)" 
52.87.20.62 - - [30/Mar/2018:09:39:42 -0700] "GET /self.logs/2015/?C=S;O=A HTTP/1.1" 200 8283 "-" "MauiBot (crawler.feedback+wc@gmail.com)" 
52.87.20.62 - - [30/Mar/2018:09:40:21 -0700] "GET /self.logs/2015/?C=D;O=A HTTP/1.1" 200 7437 "-" "MauiBot (crawler.feedback+wc@gmail.com)" 
52.87.20.62 - - [30/Mar/2018:09:41:00 -0700] "GET /self.logs/2016/?C=N;O=D HTTP/1.1" 200 7767 "-" "MauiBot (crawler.feedback+wc@gmail.com)" 
52.87.20.62 - - [30/Mar/2018:09:41:39 -0700] "GET /self.logs/2016/?C=M;O=A HTTP/1.1" 200 8047 "-" "MauiBot (crawler.feedback+wc@gmail.com)" 
52.87.20.62 - - [30/Mar/2018:09:44:05 -0700] "GET /self.logs/2016/?C=S;O=A HTTP/1.1" 200 8646 "-" "MauiBot (crawler.feedback+wc@gmail.com)" 
52.87.20.62 - - [30/Mar/2018:09:44:44 -0700] "GET /self.logs/2016/?C=D;O=A HTTP/1.1" 200 7741 "-" "MauiBot (crawler.feedback+wc@gmail.com)" 
52.87.20.62 - - [30/Mar/2018:09:45:25 -0700] "GET /self.logs/2016/error.log.2016-01-22 HTTP/1.1" 200 334 "-" "MauiBot (crawler.feedback+wc@gmail.com)" 
52.87.20.62 - - [30/Mar/2018:09:46:12 -0700] "GET /%22https:/twitter.com/sooshie/%22 HTTP/1.1" 404 340 "-" "MauiBot (crawler.feedback+wc@gmail.com)" 
195.47.196.146 - - [30/Mar/2018:09:46:16 -0700] "GET /wp-login.php HTTP/1.1" 418 732 "-" "Mozilla/5.0 (Windows NT 6.1; WOW64; rv:40.0) Gecko/20100101 Firefox/40.1" 
195.47.196.146 - - [30/Mar/2018:09:46:17 -0700] "GET / HTTP/1.1" 418 732 "-" "Mozilla/5.0 (Windows NT 6.1; WOW64; rv:40.0) Gecko/20100101 Firefox/40.1" 
52.87.20.62 - - [30/Mar/2018:09:47:21 -0700] "GET /%22https:/twitter.com/theroxyd/%22 HTTP/1.1" 404 340 "-" "MauiBot (crawler.feedback+wc@gmail.com)" 
52.87.20.62 - - [30/Mar/2018:09:48:00 -0700] "GET /%22http:/amunhoney.sourceforge.net/%22 HTTP/1.1" 404 340 "-" "MauiBot (crawler.feedback+wc@gmail.com)" 
52.87.20.62 - - [30/Mar/2018:09:48:40 -0700] "GET /%22http:/glastopf.org/%22 HTTP/1.1" 404 340 "-" "MauiBot (crawler.feedback+wc@gmail.com)" 
52.87.20.62 - - [30/Mar/2018:09:49:21 -0700] "GET /%22http:/www.maxmind.com/%22 HTTP/1.1" 404 340 "-" "MauiBot (crawler.feedback+wc@gmail.com)" 
52.87.20.62 - - [30/Mar/2018:09:50:49 -0700] "GET /self.logs/2015/?C=N;O=A HTTP/1.1" 200 7437 "-" "MauiBot (crawler.feedback+wc@gmail.com)" 
52.87.20.62 - - [30/Mar/2018:09:51:34 -0700] "GET /self.logs/2015/?C=M;O=D HTTP/1.1" 200 7666 "-" "MauiBot (crawler.feedback+wc@gmail.com)" 
54.36.149.92 - - [30/Mar/2018:09:52:11 -0700] "GET /self.logs/2015/access.log.2015-06-17.gz HTTP/1.1" 200 5737 "-" "Mozilla/5.0 (compatible; AhrefsBot/5.2; +http://ahrefs.com/robot/)" 
52.87.20.62 - - [30/Mar/2018:09:52:13 -0700] "GET /self.logs/2015/?C=S;O=D HTTP/1.1" 200 8253 "-" "MauiBot (crawler.feedback+wc@gmail.com)" 
52.87.20.62 - - [30/Mar/2018:09:54:51 -0700] "GET /self.logs/2016/?C=N;O=A HTTP/1.1" 200 7741 "-" "MauiBot (crawler.feedback+wc@gmail.com)" 
52.87.20.62 - - [30/Mar/2018:09:55:33 -0700] "GET /self.logs/2016/?C=M;O=D HTTP/1.1" 200 8020 "-" "MauiBot (crawler.feedback+wc@gmail.com)" 
52.87.20.62 - - [30/Mar/2018:09:56:14 -0700] "GET /robots.txt HTTP/1.1" 200 334 "-" "MauiBot (crawler.feedback+wc@gmail.com)" 
52.87.20.62 - - [30/Mar/2018:09:56:55 -0700] "GET /self.logs/2016/?C=S;O=D HTTP/1.1" 200 8572 "-" "MauiBot (crawler.feedback+wc@gmail.com)" 
69.180.187.27 - - [30/Mar/2018:09:57:42 -0700] "GET / HTTP/1.1" 200 11061 "-" "Mozilla/5.0 (Macintosh; Intel Mac OS X 10_13_3) AppleWebKit/604.5.6 (KHTML, like Gecko)" 
69.180.187.27 - - [30/Mar/2018:09:57:42 -0700] "GET /apple-touch-icon-precomposed.png HTTP/1.1" 404 340 "-" "Safari/13604.5.6 CFNetwork/893.13.1 Darwin/17.4.0 (x86_64)" 
69.180.187.27 - - [30/Mar/2018:09:57:42 -0700] "GET /apple-touch-icon.png HTTP/1.1" 404 339 "-" "Safari/13604.5.6 CFNetwork/893.13.1 Darwin/17.4.0 (x86_64)" 
69.180.187.27 - - [30/Mar/2018:09:57:42 -0700] "GET /bootstrap/img/favicon.ico HTTP/1.1" 200 589 "-" "Safari/13604.5.6 CFNetwork/893.13.1 Darwin/17.4.0 (x86_64)" 
69.180.187.27 - - [30/Mar/2018:09:57:42 -0700] "GET / HTTP/1.1" 200 11060 "-" "\"Mozilla/5.0 (iPhone; CPU iPhone OS 11_0 like Mac OS X) AppleWebKit/604.1.38 (KHTML, like Gecko) Version/11.0 Mobile/15A372 Safari/604.1\"" 
69.180.187.27 - - [30/Mar/2018:09:57:42 -0700] "GET /apple-touch-icon-precomposed.png HTTP/1.1" 404 339 "-" "Safari/13604.5.6 CFNetwork/893.13.1 Darwin/17.4.0 (x86_64)" 
69.180.187.27 - - [30/Mar/2018:09:57:42 -0700] "GET /apple-touch-icon.png HTTP/1.1" 404 339 "-" "Safari/13604.5.6 CFNetwork/893.13.1 Darwin/17.4.0 (x86_64)" 
69.180.187.27 - - [30/Mar/2018:09:57:42 -0700] "GET /bootstrap/img/favicon.ico HTTP/1.1" 200 589 "-" "Safari/13604.5.6 CFNetwork/893.13.1 Darwin/17.4.0 (x86_64)" 
40.77.167.185 - - [30/Mar/2018:09:57:54 -0700] "GET /self.logs/error.log.2017-04-05.gz HTTP/1.1" 200 3818 "-" "Mozilla/5.0 (compatible; bingbot/2.0; +http://www.bing.com/bingbot.htm)" 
162.210.196.130 - - [30/Mar/2018:09:58:11 -0700] "GET /robots.txt HTTP/1.1" 200 289 "-" "Mozilla/5.0 (compatible; MJ12bot/v1.4.8; http://mj12bot.com/)" 
162.210.196.130 - - [30/Mar/2018:09:58:13 -0700] "GET / HTTP/1.1" 200 37359 "-" "Mozilla/5.0 (compatible; MJ12bot/v1.4.8; http://mj12bot.com/)" 
54.36.148.180 - - [30/Mar/2018:10:03:35 -0700] "GET /self.logs/2016/access.log.2016-10-20.gz HTTP/1.1" 200 8458 "-" "Mozilla/5.0 (compatible; AhrefsBot/5.2; +http://ahrefs.com/robot/)" 
66.249.89.94 - - [30/Mar/2018:10:05:24 -0700] "GET /google30776e34d2e57a82.html HTTP/1.1" 404 340 "-" "Mozilla/5.0 (compatible; Google-Site-Verification/1.0)" 
66.249.89.94 - - [30/Mar/2018:10:05:25 -0700] "GET /googleb1a7c9cf768c32be.html HTTP/1.1" 200 383 "-" "Mozilla/5.0 (compatible; Google-Site-Verification/1.0)" 
64.75.214.94 - - [30/Mar/2018:10:08:28 -0700] "GET / HTTP/1.1" 200 11061 "-" "Mozilla/5.0 (Macintosh; Intel Mac OS X 10_13_2) AppleWebKit/604.4.7 (KHTML, like Gecko)" 
64.75.214.94 - - [30/Mar/2018:10:08:28 -0700] "GET /apple-touch-icon-precomposed.png HTTP/1.1" 404 340 "-" "Safari/13604.4.7.1.3 CFNetwork/893.13.1 Darwin/17.3.0 (x86_64)" 
64.75.214.94 - - [30/Mar/2018:10:08:28 -0700] "GET /apple-touch-icon.png HTTP/1.1" 404 339 "-" "Safari/13604.4.7.1.3 CFNetwork/893.13.1 Darwin/17.3.0 (x86_64)" 
64.75.214.94 - - [30/Mar/2018:10:08:28 -0700] "GET /bootstrap/img/favicon.ico HTTP/1.1" 200 589 "-" "Safari/13604.4.7.1.3 CFNetwork/893.13.1 Darwin/17.3.0 (x86_64)" 
64.75.214.94 - - [30/Mar/2018:10:08:28 -0700] "GET / HTTP/1.1" 200 11060 "-" "\"Mozilla/5.0 (iPhone; CPU iPhone OS 11_0 like Mac OS X) AppleWebKit/604.1.38 (KHTML, like Gecko) Version/11.0 Mobile/15A372 Safari/604.1\"" 
64.75.214.94 - - [30/Mar/2018:10:08:28 -0700] "GET /apple-touch-icon-precomposed.png HTTP/1.1" 404 339 "-" "Safari/13604.4.7.1.3 CFNetwork/893.13.1 Darwin/17.3.0 (x86_64)" 
64.75.214.94 - - [30/Mar/2018:10:08:29 -0700] "GET /apple-touch-icon.png HTTP/1.1" 404 339 "-" "Safari/13604.4.7.1.3 CFNetwork/893.13.1 Darwin/17.3.0 (x86_64)" 
64.75.214.94 - - [30/Mar/2018:10:08:29 -0700] "GET /bootstrap/img/favicon.ico HTTP/1.1" 200 589 "-" "Safari/13604.4.7.1.3 CFNetwork/893.13.1 Darwin/17.3.0 (x86_64)" 
120.221.1.28 - - [30/Mar/2018:10:09:30 -0700] "GET /maccdc2012/files.log.gz HTTP/1.1" 304 155 "-" "Mozilla/5.0 Gecko/20100115 Firefox/3.6" 
54.36.148.144 - - [30/Mar/2018:10:11:26 -0700] "GET /self.logs/access.log.2015-04-17.gz HTTP/1.1" 404 284 "-" "Mozilla/5.0 (compatible; AhrefsBot/5.2; +http://ahrefs.com/robot/)" 
111.196.240.150 - - [30/Mar/2018:10:13:16 -0700] "GET / HTTP/1.1" 200 11061 "http://www.lucien116.com/archives/407" "Mozilla/5.0 (Macintosh; Intel Mac OS X 10_13_3) AppleWebKit/537.36 (KHTML, like Gecko) Chrome/65.0.3325.162 Safari/537.36" 
111.196.240.150 - - [30/Mar/2018:10:13:17 -0700] "GET /twitter-icon.png HTTP/1.1" 200 27787 "http://www.secrepo.com/" "Mozilla/5.0 (Macintosh; Intel Mac OS X 10_13_3) AppleWebKit/537.36 (KHTML, like Gecko) Chrome/65.0.3325.162 Safari/537.36" 
111.196.240.150 - - [30/Mar/2018:10:13:17 -0700] "GET /GitHub-Mark.png HTTP/1.1" 200 7428 "http://www.secrepo.com/" "Mozilla/5.0 (Macintosh; Intel Mac OS X 10_13_3) AppleWebKit/537.36 (KHTML, like Gecko) Chrome/65.0.3325.162 Safari/537.36" 
155.201.38.188 - - [30/Mar/2018:10:14:42 -0700] "GET / HTTP/1.1" 200 11061 "-" "Mozilla/5.0 (Windows NT 10.0; Win64; x64) AppleWebKit/537.36 (KHTML, like Gecko) Chrome/65.0.3325.181 Safari/537.36" 
155.201.38.188 - - [30/Mar/2018:10:14:43 -0700] "GET /twitter-icon.png HTTP/1.1" 200 27787 "http://www.secrepo.com/" "Mozilla/5.0 (Windows NT 10.0; Win64; x64) AppleWebKit/537.36 (KHTML, like Gecko) Chrome/65.0.3325.181 Safari/537.36" 
155.201.38.188 - - [30/Mar/2018:10:14:43 -0700] "GET /GitHub-Mark.png HTTP/1.1" 200 7428 "http://www.secrepo.com/" "Mozilla/5.0 (Windows NT 10.0; Win64; x64) AppleWebKit/537.36 (KHTML, like Gecko) Chrome/65.0.3325.181 Safari/537.36" 
155.201.38.188 - - [30/Mar/2018:10:14:44 -0700] "GET /bootstrap/img/favicon.ico HTTP/1.1" 200 589 "http://www.secrepo.com/" "Mozilla/5.0 (Windows NT 10.0; Win64; x64) AppleWebKit/537.36 (KHTML, like Gecko) Chrome/65.0.3325.181 Safari/537.36" 
113.171.224.176 - - [30/Mar/2018:10:16:19 -0700] "GET /honeypot/Honeypot%20-%20Howto.pdf HTTP/1.1" 200 46720 "-" "Mozilla/5.0 Gecko/20100115 Firefox/3.6" 
54.85.182.120 - - [30/Mar/2018:10:18:24 -0700] "GET /tg/tg_snort_fast.7z HTTP/1.1" 200 65700 "-" "Mozilla/5.0 (Macintosh; Intel Mac OS X 10_10_1) AppleWebKit/600.1.25 (KHTML, like Gecko) Version/8.0 Safari/600.1.25" 
54.36.149.1 - - [30/Mar/2018:10:18:33 -0700] "GET /self.logs/error.log.2015-04-12.gz HTTP/1.1" 404 284 "-" "Mozilla/5.0 (compatible; AhrefsBot/5.2; +http://ahrefs.com/robot/)" 
221.7.8.34 - - [30/Mar/2018:10:21:17 -0700] "GET / HTTP/1.1" 200 11061 "-" "Mozilla/5.0 (Windows NT 10.0; WOW64) AppleWebKit/537.36 (KHTML, like Gecko) Chrome/47.0.2526.73 Safari/537.36" 
221.7.8.34 - - [30/Mar/2018:10:21:19 -0700] "GET /twitter-icon.png HTTP/1.1" 200 27788 "http://www.secrepo.com/" "Mozilla/5.0 (Windows NT 10.0; WOW64) AppleWebKit/537.36 (KHTML, like Gecko) Chrome/47.0.2526.73 Safari/537.36" 
221.7.8.34 - - [30/Mar/2018:10:21:19 -0700] "GET /GitHub-Mark.png HTTP/1.1" 200 7428 "http://www.secrepo.com/" "Mozilla/5.0 (Windows NT 10.0; WOW64) AppleWebKit/537.36 (KHTML, like Gecko) Chrome/47.0.2526.73 Safari/537.36" 
47.88.174.12 - - [30/Mar/2018:10:23:02 -0700] "GET /bootstrap/img/favicon.ico HTTP/1.1" 200 590 "http://www.secrepo.com/" "Mozilla/5.0 (Windows NT 10.0; WOW64) AppleWebKit/537.36 (KHTML, like Gecko) Chrome/47.0.2526.73 Safari/537.36" 
47.88.174.12 - - [30/Mar/2018:10:23:02 -0700] "GET / HTTP/1.1" 304 189 "-" "Mozilla/5.0 (Windows NT 10.0; WOW64) AppleWebKit/537.36 (KHTML, like Gecko) Chrome/47.0.2526.73 Safari/537.36" 
86.168.92.144 - - [30/Mar/2018:10:31:32 -0700] "GET / HTTP/1.1" 200 11061 "http://www.kdnuggets.com/2017/01/machine-learning-cyber-security.html" "Mozilla/5.0 (Linux; Android 5.0.2; SAMSUNG SM-T800 Build/LRX22G) AppleWebKit/537.36 (KHTML, like Gecko) SamsungBrowser/3.0 Chrome/38.0.2125.102 Safari/537.36" 
86.168.92.144 - - [30/Mar/2018:10:31:32 -0700] "GET /twitter-icon.png HTTP/1.1" 200 27787 "http://www.secrepo.com/" "Mozilla/5.0 (Linux; Android 5.0.2; SAMSUNG SM-T800 Build/LRX22G) AppleWebKit/537.36 (KHTML, like Gecko) SamsungBrowser/3.0 Chrome/38.0.2125.102 Safari/537.36" 
86.168.92.144 - - [30/Mar/2018:10:31:32 -0700] "GET /GitHub-Mark.png HTTP/1.1" 200 7428 "http://www.secrepo.com/" "Mozilla/5.0 (Linux; Android 5.0.2; SAMSUNG SM-T800 Build/LRX22G) AppleWebKit/537.36 (KHTML, like Gecko) SamsungBrowser/3.0 Chrome/38.0.2125.102 Safari/537.36" 
86.168.92.144 - - [30/Mar/2018:10:31:52 -0700] "GET /bootstrap/img/favicon.ico HTTP/1.1" 200 590 "-" "Mozilla/5.0 (Linux; Android 5.0.2; SAMSUNG SM-T800 Build/LRX22G) AppleWebKit/537.36 (KHTML, like Gecko) SamsungBrowser/3.0 Chrome/38.0.2125.102 Safari/537.36" 
54.162.205.55 - - [30/Mar/2018:10:37:41 -0700] "GET / HTTP/1.1" 200 11005 "-" "Mozilla/5.0 (compatible; Googlebot/2.1; startmebot/1.0; +https://start.me/bot)" 
86.47.83.157 - - [30/Mar/2018:10:39:50 -0700] "GET /tg/a.zip HTTP/1.1" 301 497 "-" "Mozilla/5.0 (Macintosh; Intel Mac OS X 10_13_3) AppleWebKit/537.36 (KHTML, like Gecko) Chrome/65.0.3325.181 Safari/537.36" 
208.80.194.28 - - [30/Mar/2018:10:40:05 -0700] "GET / HTTP/1.0" 200 37404 "-" "Mozilla/5.0 (Windows NT 5.1) AppleWebKit/534.24 (KHTML, like Gecko) Chrome/11.0.696.68 Safari/534.24" 
86.47.83.157 - - [30/Mar/2018:10:39:50 -0700] "GET /tg/a.zip HTTP/1.1" 200 66189337 "-" "Mozilla/5.0 (Macintosh; Intel Mac OS X 10_13_3) AppleWebKit/537.36 (KHTML, like Gecko) Chrome/65.0.3325.181 Safari/537.36" 
216.244.66.227 - - [30/Mar/2018:10:41:19 -0700] "GET /robots.txt HTTP/1.1" 200 233 "-" "Mozilla/5.0 (compatible; DotBot/1.1; http://www.opensiteexplorer.org/dotbot, help@moz.com)" 
123.125.67.225 - - [30/Mar/2018:10:44:50 -0700] "GET /robots.txt HTTP/1.1" 301 465 "-" "Mozilla/5.0 (Windows NT 10.0; WOW64) AppleWebKit/537.36 (KHTML, like Gecko) Chrome/45.0.2454.93 Safari/537.36" 
123.125.67.157 - - [30/Mar/2018:10:44:51 -0700] "GET /robots.txt HTTP/1.1" 200 297 "-" "Mozilla/5.0 (Windows NT 10.0; WOW64) AppleWebKit/537.36 (KHTML, like Gecko) Chrome/45.0.2454.93 Safari/537.36" 
123.125.67.164 - - [30/Mar/2018:10:44:51 -0700] "GET /robots.txt HTTP/1.1" 200 297 "-" "Mozilla/5.0 (Windows NT 10.0; WOW64) AppleWebKit/537.36 (KHTML, like Gecko) Chrome/45.0.2454.93 Safari/537.36" 
157.49.185.3 - - [30/Mar/2018:10:50:18 -0700] "GET / HTTP/1.1" 200 11061 "https://www.google.co.in/" "Mozilla/5.0 (Windows NT 10.0; Win64; x64) AppleWebKit/537.36 (KHTML, like Gecko) Chrome/65.0.3325.181 Safari/537.36" 
157.49.185.3 - - [30/Mar/2018:10:50:34 -0700] "GET /twitter-icon.png HTTP/1.1" 200 27788 "http://www.secrepo.com/" "Mozilla/5.0 (Windows NT 10.0; Win64; x64) AppleWebKit/537.36 (KHTML, like Gecko) Chrome/65.0.3325.181 Safari/537.36" 
157.49.185.3 - - [30/Mar/2018:10:50:34 -0700] "GET /GitHub-Mark.png HTTP/1.1" 200 7428 "http://www.secrepo.com/" "Mozilla/5.0 (Windows NT 10.0; Win64; x64) AppleWebKit/537.36 (KHTML, like Gecko) Chrome/65.0.3325.181 Safari/537.36" 
157.49.185.3 - - [30/Mar/2018:10:50:34 -0700] "GET /bootstrap/img/favicon.ico HTTP/1.1" 200 589 "http://www.secrepo.com/" "Mozilla/5.0 (Windows NT 10.0; Win64; x64) AppleWebKit/537.36 (KHTML, like Gecko) Chrome/65.0.3325.181 Safari/537.36" 
54.36.148.72 - - [30/Mar/2018:10:50:37 -0700] "GET /self.logs/2015/access.log.2015-09-30.gz HTTP/1.1" 200 5030 "-" "Mozilla/5.0 (compatible; AhrefsBot/5.2; +http://ahrefs.com/robot/)" 
54.36.148.115 - - [30/Mar/2018:10:56:36 -0700] "GET /self.logs/access.log.2016-01-26.gz HTTP/1.1" 404 284 "-" "Mozilla/5.0 (compatible; AhrefsBot/5.2; +http://ahrefs.com/robot/)" 
52.87.20.62 - - [30/Mar/2018:10:57:05 -0700] "GET /robots.txt HTTP/1.1" 200 334 "-" "MauiBot (crawler.feedback+wc@gmail.com)" 
52.87.20.62 - - [30/Mar/2018:10:57:35 -0700] "GET /maccdc2012/maccdc2012_fast_alert.7z HTTP/1.1" 200 2182834 "-" "MauiBot (crawler.feedback+wc@gmail.com)" 
52.87.20.62 - - [30/Mar/2018:10:58:06 -0700] "GET /maccdc2012/maccdc2012_full_alert.7z HTTP/1.1" 200 2339112 "-" "MauiBot (crawler.feedback+wc@gmail.com)" 
52.87.20.62 - - [30/Mar/2018:10:58:37 -0700] "GET /tg_snort_fast.7z HTTP/1.1" 404 340 "-" "MauiBot (crawler.feedback+wc@gmail.com)" 
54.36.148.10 - - [30/Mar/2018:10:59:07 -0700] "GET /self.logs/2015/access.log.2015-04-07.gz HTTP/1.1" 200 3396 "-" "Mozilla/5.0 (compatible; AhrefsBot/5.2; +http://ahrefs.com/robot/)" 
52.87.20.62 - - [30/Mar/2018:10:59:10 -0700] "GET /tg_snort_full.7z HTTP/1.1" 404 340 "-" "MauiBot (crawler.feedback+wc@gmail.com)" 
52.87.20.62 - - [30/Mar/2018:10:59:41 -0700] "GET /self.logs/ HTTP/1.1" 200 9058 "-" "MauiBot (crawler.feedback+wc@gmail.com)" 
207.46.13.11 - - [30/Mar/2018:10:59:49 -0700] "GET /maccdc2012/conn.log.gz HTTP/1.1" 200 10921143 "-" "Mozilla/5.0 (compatible; bingbot/2.0; +http://www.bing.com/bingbot.htm)" 
52.87.20.62 - - [30/Mar/2018:11:00:14 -0700] "GET /self.logs/?C=N;O=D HTTP/1.1" 200 9130 "-" "MauiBot (crawler.feedback+wc@gmail.com)" 
52.87.20.62 - - [30/Mar/2018:11:00:49 -0700] "GET /self.logs/?C=M;O=A HTTP/1.1" 200 9386 "-" "MauiBot (crawler.feedback+wc@gmail.com)" 
109.214.176.14 - - [30/Mar/2018:11:00:56 -0700] "GET /wp-login.php HTTP/1.1" 418 732 "-" "Mozilla/5.0 (Windows NT 6.1; WOW64; rv:40.0) Gecko/20100101 Firefox/40.1" 
109.214.176.14 - - [30/Mar/2018:11:00:57 -0700] "GET / HTTP/1.1" 418 732 "-" "Mozilla/5.0 (Windows NT 6.1; WOW64; rv:40.0) Gecko/20100101 Firefox/40.1" 
52.165.148.51 - - [30/Mar/2018:11:00:57 -0700] "GET / HTTP/1.1" 301 446 "-" "Mozilla/5.0 (Macintosh; Intel Mac OS X 10_13_1) AppleWebKit/537.36 (KHTML, like Gecko) Chrome/62.0.3202.94 Safari/537.36" 
52.87.20.62 - - [30/Mar/2018:11:02:47 -0700] "GET /self.logs/?C=S;O=A HTTP/1.1" 200 10236 "-" "MauiBot (crawler.feedback+wc@gmail.com)" 
52.87.20.62 - - [30/Mar/2018:11:05:21 -0700] "GET /self.logs/?C=D;O=A HTTP/1.1" 200 9058 "-" "MauiBot (crawler.feedback+wc@gmail.com)" 
52.87.20.62 - - [30/Mar/2018:11:05:56 -0700] "GET / HTTP/1.1" 200 11061 "-" "MauiBot (crawler.feedback+wc@gmail.com)" 
52.87.20.62 - - [30/Mar/2018:11:06:34 -0700] "GET /robots.txt HTTP/1.1" 301 502 "-" "MauiBot (crawler.feedback+wc@gmail.com)" 
52.87.20.62 - - [30/Mar/2018:11:06:34 -0700] "GET /robots.txt HTTP/1.1" 200 334 "-" "MauiBot (crawler.feedback+wc@gmail.com)" 
52.87.20.62 - - [30/Mar/2018:11:07:11 -0700] "GET /self.logs/2015/ HTTP/1.1" 200 7437 "-" "MauiBot (crawler.feedback+wc@gmail.com)" 
52.87.20.62 - - [30/Mar/2018:11:07:49 -0700] "GET / HTTP/1.1" 301 483 "-" "MauiBot (crawler.feedback+wc@gmail.com)" 
46.229.164.99 - - [30/Mar/2018:11:08:02 -0700] "GET /robots.txt HTTP/1.1" 200 297 "-" "Mozilla/5.0 (compatible; SemrushBot/1.2~bl; +http://www.semrush.com/bot.html)" 
54.36.148.199 - - [30/Mar/2018:11:08:13 -0700] "GET /self.logs/2015/error.log.2015-09-07.gz HTTP/1.1" 200 660 "-" "Mozilla/5.0 (compatible; AhrefsBot/5.2; +http://ahrefs.com/robot/)" 
52.87.20.62 - - [30/Mar/2018:11:08:27 -0700] "GET /self.logs/2016/ HTTP/1.1" 200 7741 "-" "MauiBot (crawler.feedback+wc@gmail.com)" 
52.87.20.62 - - [30/Mar/2018:11:09:07 -0700] "GET /self.logs/?C=N;O=A HTTP/1.1" 200 9058 "-" "MauiBot (crawler.feedback+wc@gmail.com)" 
52.87.20.62 - - [30/Mar/2018:11:09:45 -0700] "GET /self.logs/?C=M;O=D HTTP/1.1" 200 9492 "-" "MauiBot (crawler.feedback+wc@gmail.com)" 
52.87.20.62 - - [30/Mar/2018:11:10:24 -0700] "GET /self.logs/?C=S;O=D HTTP/1.1" 200 10225 "-" "MauiBot (crawler.feedback+wc@gmail.com)" 
52.87.20.62 - - [30/Mar/2018:11:11:01 -0700] "GET /data HTTP/1.1" 404 340 "-" "MauiBot (crawler.feedback+wc@gmail.com)" 
52.87.20.62 - - [30/Mar/2018:11:11:40 -0700] "GET /tg/tg_snort_fast.7z HTTP/1.1" 200 2149120 "-" "MauiBot (crawler.feedback+wc@gmail.com)" 
52.87.20.62 - - [30/Mar/2018:11:12:17 -0700] "GET /tg/tg_snort_full.7z HTTP/1.1" 200 2081062 "-" "MauiBot (crawler.feedback+wc@gmail.com)" 
52.87.20.62 - - [30/Mar/2018:11:12:58 -0700] "GET /honeypot/BSidesDFW%20-%202014.ipynb HTTP/1.1" 200 930836 "-" "MauiBot (crawler.feedback+wc@gmail.com)" 
49.35.206.132 - - [30/Mar/2018:11:13:11 -0700] "GET / HTTP/1.1" 200 11061 "https://www.google.co.in/" "Mozilla/5.0 (Windows NT 6.3; Win64; x64; rv:59.0) Gecko/20100101 Firefox/59.0" 
49.35.206.132 - - [30/Mar/2018:11:13:13 -0700] "GET /twitter-icon.png HTTP/1.1" 200 27788 "http://www.secrepo.com/" "Mozilla/5.0 (Windows NT 6.3; Win64; x64; rv:59.0) Gecko/20100101 Firefox/59.0" 
49.35.206.132 - - [30/Mar/2018:11:13:13 -0700] "GET /GitHub-Mark.png HTTP/1.1" 200 7427 "http://www.secrepo.com/" "Mozilla/5.0 (Windows NT 6.3; Win64; x64; rv:59.0) Gecko/20100101 Firefox/59.0" 
49.35.206.132 - - [30/Mar/2018:11:13:13 -0700] "GET /bootstrap/img/favicon.ico HTTP/1.1" 200 590 "-" "Mozilla/5.0 (Windows NT 6.3; Win64; x64; rv:59.0) Gecko/20100101 Firefox/59.0" 
52.87.20.62 - - [30/Mar/2018:11:13:50 -0700] "GET /self.logs/2015/?C=N;O=D HTTP/1.1" 200 7480 "-" "MauiBot (crawler.feedback+wc@gmail.com)" 
52.87.20.62 - - [30/Mar/2018:11:14:27 -0700] "GET /self.logs/2015/?C=M;O=A HTTP/1.1" 200 7660 "-" "MauiBot (crawler.feedback+wc@gmail.com)" 
52.87.20.62 - - [30/Mar/2018:11:15:46 -0700] "GET /self.logs/2015/?C=S;O=A HTTP/1.1" 200 8283 "-" "MauiBot (crawler.feedback+wc@gmail.com)" 
196.75.8.248 - - [30/Mar/2018:11:15:49 -0700] "GET /wp-login.php HTTP/1.1" 418 732 "-" "Mozilla/5.0 (Windows NT 6.1; WOW64; rv:40.0) Gecko/20100101 Firefox/40.1" 
196.75.8.248 - - [30/Mar/2018:11:15:49 -0700] "GET / HTTP/1.1" 418 732 "-" "Mozilla/5.0 (Windows NT 6.1; WOW64; rv:40.0) Gecko/20100101 Firefox/40.1" 
52.187.144.187 - - [30/Mar/2018:11:16:13 -0700] "GET /honeypot/Honeypot%20-%20Howto.pdf HTTP/1.1" 200 1279381 "http://www.secrepo.com/" "Mozilla/5.0 (Macintosh; Intel Mac OS X 10_12_3) AppleWebKit/537.36 (KHTML, like Gecko) Chrome/58.0.3029.110 Safari/537.36" 
113.171.224.176 - - [30/Mar/2018:11:16:22 -0700] "GET /honeypot/Honeypot%20-%20Howto.pdf HTTP/1.1" 200 46720 "-" "Mozilla/5.0 Gecko/20100115 Firefox/3.6" 
52.87.20.62 - - [30/Mar/2018:11:16:25 -0700] "GET /self.logs/2015/?C=D;O=A HTTP/1.1" 200 7437 "-" "MauiBot (crawler.feedback+wc@gmail.com)" 
52.87.20.62 - - [30/Mar/2018:11:17:08 -0700] "GET /self.logs/2016/?C=N;O=D HTTP/1.1" 200 7767 "-" "MauiBot (crawler.feedback+wc@gmail.com)" 
52.87.20.62 - - [30/Mar/2018:11:17:47 -0700] "GET /self.logs/2016/?C=M;O=A HTTP/1.1" 200 8047 "-" "MauiBot (crawler.feedback+wc@gmail.com)" 
208.95.100.29 - - [30/Mar/2018:11:19:47 -0700] "GET /bootstrap/img/favicon.ico HTTP/1.1" 200 590 "-" "Mozilla/5.0 (Windows NT 6.1; Win64; x64; rv:59.0) Gecko/20100101 Firefox/59.0" 
52.87.20.62 - - [30/Mar/2018:11:20:08 -0700] "GET /self.logs/2016/?C=S;O=A HTTP/1.1" 200 8646 "-" "MauiBot (crawler.feedback+wc@gmail.com)" 
52.87.20.62 - - [30/Mar/2018:11:20:53 -0700] "GET /self.logs/2016/?C=D;O=A HTTP/1.1" 200 7741 "-" "MauiBot (crawler.feedback+wc@gmail.com)" 
54.36.148.252 - - [30/Mar/2018:11:21:08 -0700] "GET /self.logs/access.log.2015-01-24.gz HTTP/1.1" 404 284 "-" "Mozilla/5.0 (compatible; AhrefsBot/5.2; +http://ahrefs.com/robot/)" 
52.87.20.62 - - [30/Mar/2018:11:21:31 -0700] "GET /self.logs/2016/error.log.2016-01-22 HTTP/1.1" 200 334 "-" "MauiBot (crawler.feedback+wc@gmail.com)" 
52.87.20.62 - - [30/Mar/2018:11:22:16 -0700] "GET /%22https:/twitter.com/sooshie/%22 HTTP/1.1" 404 340 "-" "MauiBot (crawler.feedback+wc@gmail.com)" 
52.87.20.62 - - [30/Mar/2018:11:24:43 -0700] "GET /%22https:/twitter.com/theroxyd/%22 HTTP/1.1" 404 340 "-" "MauiBot (crawler.feedback+wc@gmail.com)" 
212.126.108.82 - - [30/Mar/2018:11:24:52 -0700] "GET / HTTP/1.1" 200 11061 "-" "Mozilla/5.0 (Windows NT 10.0; Win64; x64) AppleWebKit/537.36 (KHTML, like Gecko) Chrome/58.0.3029.110 Safari/537.36 Edge/16.16299" 
212.126.108.82 - - [30/Mar/2018:11:24:53 -0700] "GET /GitHub-Mark.png HTTP/1.1" 200 7427 "http://www.secrepo.com/" "Mozilla/5.0 (Windows NT 10.0; Win64; x64) AppleWebKit/537.36 (KHTML, like Gecko) Chrome/58.0.3029.110 Safari/537.36 Edge/16.16299" 
212.126.108.82 - - [30/Mar/2018:11:24:53 -0700] "GET /twitter-icon.png HTTP/1.1" 200 27787 "http://www.secrepo.com/" "Mozilla/5.0 (Windows NT 10.0; Win64; x64) AppleWebKit/537.36 (KHTML, like Gecko) Chrome/58.0.3029.110 Safari/537.36 Edge/16.16299" 
212.126.108.82 - - [30/Mar/2018:11:24:54 -0700] "GET /bootstrap/img/favicon.ico HTTP/1.1" 200 590 "-" "Mozilla/5.0 (Windows NT 10.0; Win64; x64) AppleWebKit/537.36 (KHTML, like Gecko) Chrome/58.0.3029.110 Safari/537.36 Edge/16.16299" 
52.87.20.62 - - [30/Mar/2018:11:27:09 -0700] "GET /%22http:/amunhoney.sourceforge.net/%22 HTTP/1.1" 404 340 "-" "MauiBot (crawler.feedback+wc@gmail.com)" 
52.87.20.62 - - [30/Mar/2018:11:27:50 -0700] "GET /%22http:/glastopf.org/%22 HTTP/1.1" 404 340 "-" "MauiBot (crawler.feedback+wc@gmail.com)" 
52.87.20.62 - - [30/Mar/2018:11:28:29 -0700] "GET /%22http:/www.maxmind.com/%22 HTTP/1.1" 404 340 "-" "MauiBot (crawler.feedback+wc@gmail.com)" 
52.87.20.62 - - [30/Mar/2018:11:29:10 -0700] "GET /self.logs/2015/?C=N;O=A HTTP/1.1" 200 7437 "-" "MauiBot (crawler.feedback+wc@gmail.com)" 
52.87.20.62 - - [30/Mar/2018:11:29:50 -0700] "GET /self.logs/2015/?C=M;O=D HTTP/1.1" 200 7666 "-" "MauiBot (crawler.feedback+wc@gmail.com)" 
41.248.137.116 - - [30/Mar/2018:11:29:59 -0700] "GET /bootstrap/img/favicon.ico HTTP/1.1" 200 590 "-" "Mozilla/5.0 (X11; Ubuntu; Linux x86_64; rv:59.0) Gecko/20100101 Firefox/59.0" 
52.87.20.62 - - [30/Mar/2018:11:30:30 -0700] "GET /self.logs/2015/?C=S;O=D HTTP/1.1" 200 8253 "-" "MauiBot (crawler.feedback+wc@gmail.com)" 
52.87.20.62 - - [30/Mar/2018:11:31:12 -0700] "GET /self.logs/2016/?C=N;O=A HTTP/1.1" 200 7741 "-" "MauiBot (crawler.feedback+wc@gmail.com)" 
52.87.20.62 - - [30/Mar/2018:11:31:52 -0700] "GET /self.logs/2016/?C=M;O=D HTTP/1.1" 200 8020 "-" "MauiBot (crawler.feedback+wc@gmail.com)" 
196.3.50.254 - - [30/Mar/2018:11:33:34 -0700] "GET / HTTP/1.1" 304 189 "-" "Mozilla/4.0 (compatible;)" 
52.87.20.62 - - [30/Mar/2018:11:34:29 -0700] "GET /robots.txt HTTP/1.1" 200 334 "-" "MauiBot (crawler.feedback+wc@gmail.com)" 
52.87.20.62 - - [30/Mar/2018:11:35:07 -0700] "GET /self.logs/2016/?C=S;O=D HTTP/1.1" 200 8572 "-" "MauiBot (crawler.feedback+wc@gmail.com)" 
37.228.225.135 - - [30/Mar/2018:11:36:08 -0700] "GET /wp-login.php HTTP/1.1" 418 732 "-" "Mozilla/5.0 (Windows NT 6.1; WOW64; rv:40.0) Gecko/20100101 Firefox/40.1" 
37.228.225.135 - - [30/Mar/2018:11:36:08 -0700] "GET / HTTP/1.1" 418 732 "-" "Mozilla/5.0 (Windows NT 6.1; WOW64; rv:40.0) Gecko/20100101 Firefox/40.1" 
54.36.148.122 - - [30/Mar/2018:11:46:50 -0700] "GET /self.logs/access.log.2018-01-10.gz HTTP/1.1" 200 21215 "-" "Mozilla/5.0 (compatible; AhrefsBot/5.2; +http://ahrefs.com/robot/)" 
123.125.67.157 - - [30/Mar/2018:11:48:16 -0700] "GET /robots.txt HTTP/1.1" 200 297 "-" "Mozilla/5.0 (Windows NT 10.0; WOW64) AppleWebKit/537.36 (KHTML, like Gecko) Chrome/45.0.2454.93 Safari/537.36" 
120.221.0.34 - - [30/Mar/2018:11:51:48 -0700] "GET /honeypot/Honeypot%20-%20Howto.pdf HTTP/1.1" 304 131 "-" "Mozilla/5.0 Gecko/20100115 Firefox/3.6" 
149.129.219.240 - - [30/Mar/2018:11:53:56 -0700] "GET /robots.txt HTTP/1.1" 301 518 "-" "Mozilla/5.0 (Windows NT 10.0; Win64; x64; rv:48.0) Gecko/20100101 Firefox/48.0" 
149.129.219.240 - - [30/Mar/2018:11:53:56 -0700] "GET /xmlrpc.php?rsd HTTP/1.1" 301 525 "-" "Mozilla/5.0 (Windows NT 10.0; Win64; x64; rv:48.0) Gecko/20100101 Firefox/48.0" 
149.129.219.240 - - [30/Mar/2018:11:53:57 -0700] "GET / HTTP/1.1" 301 497 "-" "Mozilla/5.0 (Windows NT 10.0; Win64; x64; rv:48.0) Gecko/20100101 Firefox/48.0" 
149.129.219.240 - - [30/Mar/2018:11:53:57 -0700] "GET /blog/robots.txt HTTP/1.1" 301 527 "-" "Mozilla/5.0 (Windows NT 10.0; Win64; x64; rv:48.0) Gecko/20100101 Firefox/48.0" 
149.129.219.240 - - [30/Mar/2018:11:53:57 -0700] "GET /blog/ HTTP/1.1" 301 507 "-" "Mozilla/5.0 (Windows NT 10.0; Win64; x64; rv:48.0) Gecko/20100101 Firefox/48.0" 
149.129.219.240 - - [30/Mar/2018:11:53:57 -0700] "GET /wordpress/ HTTP/1.1" 301 517 "-" "Mozilla/5.0 (Windows NT 10.0; Win64; x64; rv:48.0) Gecko/20100101 Firefox/48.0" 
149.129.219.240 - - [30/Mar/2018:11:53:58 -0700] "GET /wp/ HTTP/1.1" 301 503 "-" "Mozilla/5.0 (Windows NT 10.0; Win64; x64; rv:48.0) Gecko/20100101 Firefox/48.0" 
54.36.149.2 - - [30/Mar/2018:12:00:13 -0700] "GET /self.logs/error.log.2016-12-28.gz HTTP/1.1" 404 284 "-" "Mozilla/5.0 (compatible; AhrefsBot/5.2; +http://ahrefs.com/robot/)" 
54.36.148.216 - - [30/Mar/2018:12:00:42 -0700] "GET /self.logs/error.log.2015-07-22.gz HTTP/1.1" 404 284 "-" "Mozilla/5.0 (compatible; AhrefsBot/5.2; +http://ahrefs.com/robot/)" 
50.206.82.181 - - [30/Mar/2018:12:03:04 -0700] "GET / HTTP/1.1" 200 11061 "-" "Mozilla/5.0 (Windows NT 6.1; Win64; x64) AppleWebKit/537.36 (KHTML, like Gecko) Chrome/65.0.3325.181 Safari/537.36" 
50.206.82.181 - - [30/Mar/2018:12:03:06 -0700] "GET /twitter-icon.png HTTP/1.1" 200 27787 "http://www.secrepo.com/" "Mozilla/5.0 (Windows NT 6.1; Win64; x64) AppleWebKit/537.36 (KHTML, like Gecko) Chrome/65.0.3325.181 Safari/537.36" 
50.206.82.181 - - [30/Mar/2018:12:03:06 -0700] "GET /GitHub-Mark.png HTTP/1.1" 200 7428 "http://www.secrepo.com/" "Mozilla/5.0 (Windows NT 6.1; Win64; x64) AppleWebKit/537.36 (KHTML, like Gecko) Chrome/65.0.3325.181 Safari/537.36" 
50.206.82.181 - - [30/Mar/2018:12:03:07 -0700] "GET /bootstrap/img/favicon.ico HTTP/1.1" 200 589 "http://www.secrepo.com/" "Mozilla/5.0 (Windows NT 6.1; Win64; x64) AppleWebKit/537.36 (KHTML, like Gecko) Chrome/65.0.3325.181 Safari/537.36" 
66.249.64.159 - - [30/Mar/2018:12:08:17 -0700] "GET / HTTP/1.1" 200 11061 "-" "Mozilla/5.0 (Linux; Android 6.0.1; Nexus 5X Build/MMB29P) AppleWebKit/537.36 (KHTML, like Gecko) Chrome/41.0.2272.96 Mobile Safari/537.36 (compatible; Googlebot/2.1; +http://www.google.com/bot.html)" 
199.58.86.211 - - [30/Mar/2018:12:15:24 -0700] "GET /robots.txt HTTP/1.1" 200 289 "-" "Mozilla/5.0 (compatible; MJ12bot/v1.4.8; http://mj12bot.com/)" 
199.58.86.211 - - [30/Mar/2018:12:15:26 -0700] "GET / HTTP/1.1" 200 37359 "-" "Mozilla/5.0 (compatible; MJ12bot/v1.4.8; http://mj12bot.com/)" 
113.171.224.176 - - [30/Mar/2018:12:16:23 -0700] "GET /honeypot/Honeypot%20-%20Howto.pdf HTTP/1.1" 200 46720 "-" "Mozilla/5.0 Gecko/20100115 Firefox/3.6" 
172.86.198.209 - - [30/Mar/2018:12:17:58 -0700] "GET /wp-login.php HTTP/1.1" 418 732 "-" "Mozilla/5.0 (Windows NT 6.1; WOW64; rv:40.0) Gecko/20100101 Firefox/40.1" 
