94.138.171.153 - - [29/Aug/2018:02:02:43 -0700] "GET /wp-login.php HTTP/1.1" 418 732 "-" "Mozilla/5.0 (Windows NT 6.1; WOW64; rv:40.0) Gecko/20100101 Firefox/40.1" 
94.138.171.153 - - [29/Aug/2018:02:02:44 -0700] "GET / HTTP/1.1" 418 732 "-" "Mozilla/5.0 (Windows NT 6.1; WOW64; rv:40.0) Gecko/20100101 Firefox/40.1" 
39.155.233.74 - - [29/Aug/2018:02:07:19 -0700] "GET /favicon.ico HTTP/1.1" 200 268 "-" "Mozilla/5.0 (Windows NT 10.0; WOW64) AppleWebKit/537.36 (KHTML, like Gecko) Chrome/55.0.2883.87 Safari/537.36" 
14.139.219.244 - - [29/Aug/2018:02:10:50 -0700] "GET / HTTP/1.1" 200 12359 "https://www.google.co.in/" "Mozilla/5.0 (Windows NT 6.1; Win64; x64) AppleWebKit/537.36 (KHTML, like Gecko) Chrome/68.0.3440.106 Safari/537.36" 
14.139.219.244 - - [29/Aug/2018:02:12:06 -0700] "GET /twitter-icon.png HTTP/1.1" 200 27788 "http://www.secrepo.com/" "Mozilla/5.0 (Windows NT 6.1; Win64; x64) AppleWebKit/537.36 (KHTML, like Gecko) Chrome/68.0.3440.106 Safari/537.36" 
14.139.219.244 - - [29/Aug/2018:02:12:06 -0700] "GET /GitHub-Mark.png HTTP/1.1" 200 7428 "http://www.secrepo.com/" "Mozilla/5.0 (Windows NT 6.1; Win64; x64) AppleWebKit/537.36 (KHTML, like Gecko) Chrome/68.0.3440.106 Safari/537.36" 
14.139.219.244 - - [29/Aug/2018:02:12:08 -0700] "GET /bootstrap/img/favicon.ico HTTP/1.1" 200 589 "http://www.secrepo.com/" "Mozilla/5.0 (Windows NT 6.1; Win64; x64) AppleWebKit/537.36 (KHTML, like Gecko) Chrome/68.0.3440.106 Safari/537.36" 
18.191.64.66 - - [29/Aug/2018:02:21:32 -0700] "GET / HTTP/1.1" 200 12359 "-" "Mozilla/5.0 (X11; Linux x86_64) Trident/5.0 Chrome/51.0.2704.106 Safari/537.36 OPR/38.0.2220.41" 
122.166.20.95 - - [29/Aug/2018:02:26:00 -0700] "GET / HTTP/1.1" 200 12359 "-" "Mozilla/5.0 (Macintosh; Intel Mac OS X 10_13_6) AppleWebKit/605.1.15 (KHTML, like Gecko) Version/11.1.2 Safari/605.1.15" 
207.46.13.17 - - [29/Aug/2018:02:27:18 -0700] "GET /self.logs/error.log.2017-10-09.gz HTTP/1.1" 304 188 "-" "Mozilla/5.0 (compatible; bingbot/2.0; +http://www.bing.com/bingbot.htm)" 
59.115.218.231 - - [29/Aug/2018:02:29:28 -0700] "GET / HTTP/1.1" 200 12359 "-" "Mozilla/5.0 (Windows NT 10.0; Win64; x64) AppleWebKit/537.36 (KHTML, like Gecko) Chrome/68.0.3440.106 Safari/537.36" 
59.115.218.231 - - [29/Aug/2018:02:29:28 -0700] "GET /twitter-icon.png HTTP/1.1" 200 27787 "http://www.secrepo.com/" "Mozilla/5.0 (Windows NT 10.0; Win64; x64) AppleWebKit/537.36 (KHTML, like Gecko) Chrome/68.0.3440.106 Safari/537.36" 
59.115.218.231 - - [29/Aug/2018:02:29:28 -0700] "GET /GitHub-Mark.png HTTP/1.1" 200 7428 "http://www.secrepo.com/" "Mozilla/5.0 (Windows NT 10.0; Win64; x64) AppleWebKit/537.36 (KHTML, like Gecko) Chrome/68.0.3440.106 Safari/537.36" 
59.115.218.231 - - [29/Aug/2018:02:29:29 -0700] "GET /bootstrap/img/favicon.ico HTTP/1.1" 200 589 "http://www.secrepo.com/" "Mozilla/5.0 (Windows NT 10.0; Win64; x64) AppleWebKit/537.36 (KHTML, like Gecko) Chrome/68.0.3440.106 Safari/537.36" 
183.160.163.179 - - [29/Aug/2018:02:30:34 -0700] "GET / HTTP/1.1" 200 12359 "-" "Mozilla/5.0 (Windows NT 10.0; Win64; x64) AppleWebKit/537.36 (KHTML, like Gecko) Chrome/64.0.3282.140 Safari/537.36 Edge/17.17134" 
183.160.163.179 - - [29/Aug/2018:02:30:34 -0700] "GET /twitter-icon.png HTTP/1.1" 200 27787 "http://www.secrepo.com/" "Mozilla/5.0 (Windows NT 10.0; Win64; x64) AppleWebKit/537.36 (KHTML, like Gecko) Chrome/64.0.3282.140 Safari/537.36 Edge/17.17134" 
183.160.163.179 - - [29/Aug/2018:02:30:34 -0700] "GET /GitHub-Mark.png HTTP/1.1" 200 7428 "http://www.secrepo.com/" "Mozilla/5.0 (Windows NT 10.0; Win64; x64) AppleWebKit/537.36 (KHTML, like Gecko) Chrome/64.0.3282.140 Safari/537.36 Edge/17.17134" 
183.160.163.179 - - [29/Aug/2018:02:30:35 -0700] "GET /bootstrap/img/favicon.ico HTTP/1.1" 200 590 "-" "Mozilla/5.0 (Windows NT 10.0; Win64; x64) AppleWebKit/537.36 (KHTML, like Gecko) Chrome/64.0.3282.140 Safari/537.36 Edge/17.17134" 
115.110.208.163 - - [29/Aug/2018:02:37:06 -0700] "GET /self.logs/ HTTP/1.1" 200 11828 "-" "Mozilla/5.0 (Windows NT 6.1; Win64; x64) AppleWebKit/537.36 (KHTML, like Gecko) Chrome/65.0.3325.181 Safari/537.36" 
115.110.208.163 - - [29/Aug/2018:02:37:06 -0700] "GET /favicon.ico HTTP/1.1" 200 267 "http://www.secrepo.com/self.logs/" "Mozilla/5.0 (Windows NT 6.1; Win64; x64) AppleWebKit/537.36 (KHTML, like Gecko) Chrome/65.0.3325.181 Safari/537.36" 
54.36.149.16 - - [29/Aug/2018:02:37:07 -0700] "GET /self.logs/error.log.2018-02-22.gz HTTP/1.1" 200 4247 "-" "Mozilla/5.0 (compatible; AhrefsBot/5.2; +http://ahrefs.com/robot/)" 
54.36.148.21 - - [29/Aug/2018:02:38:11 -0700] "GET /self.logs/error.log.2017-03-24.gz HTTP/1.1" 200 968 "-" "Mozilla/5.0 (compatible; AhrefsBot/5.2; +http://ahrefs.com/robot/)" 
111.204.219.197 - - [29/Aug/2018:02:39:39 -0700] "GET /favicon.ico HTTP/1.1" 200 212 "-" "Mozilla/5.0 (Windows NT 10.0; WOW64) AppleWebKit/537.36 (KHTML, like Gecko) Chrome/49.0.2623.221 Safari/537.36 SE 2.X MetaSr 1.0" 
54.36.149.14 - - [29/Aug/2018:02:42:35 -0700] "GET /self.logs/error.log.2017-11-01.gz HTTP/1.1" 200 2603 "-" "Mozilla/5.0 (compatible; AhrefsBot/5.2; +http://ahrefs.com/robot/)" 
54.36.148.210 - - [29/Aug/2018:02:43:26 -0700] "GET /self.logs/error.log.2018-08-19.gz HTTP/1.1" 200 5170 "-" "Mozilla/5.0 (compatible; AhrefsBot/5.2; +http://ahrefs.com/robot/)" 
122.175.94.254 - - [29/Aug/2018:02:44:24 -0700] "GET /wp-login.php HTTP/1.1" 418 732 "-" "Mozilla/5.0 (Windows NT 6.1; WOW64; rv:40.0) Gecko/20100101 Firefox/40.1" 
122.175.94.254 - - [29/Aug/2018:02:44:25 -0700] "GET / HTTP/1.1" 418 732 "-" "Mozilla/5.0 (Windows NT 6.1; WOW64; rv:40.0) Gecko/20100101 Firefox/40.1" 
40.77.167.80 - - [29/Aug/2018:02:44:37 -0700] "GET /maccdc2012/dns.log.gz HTTP/1.1" 200 6629420 "-" "Mozilla/5.0 (iPhone; CPU iPhone OS 7_0 like Mac OS X) AppleWebKit/537.51.1 (KHTML, like Gecko) Version/7.0 Mobile/11A465 Safari/9537.53 (compatible; bingbot/2.0; +http://www.bing.com/bingbot.htm)" 
216.244.66.245 - - [29/Aug/2018:02:46:05 -0700] "GET /robots.txt HTTP/1.1" 200 233 "-" "Mozilla/5.0 (compatible; DotBot/1.1; http://www.opensiteexplorer.org/dotbot, help@moz.com)" 
125.99.72.226 - - [29/Aug/2018:02:49:56 -0700] "GET / HTTP/1.1" 304 189 "-" "Mozilla/5.0 (Macintosh; Intel Mac OS X 10_12_6) AppleWebKit/605.1.15 (KHTML, like Gecko) Version/11.1.2 Safari/605.1.15" 
216.244.66.245 - - [29/Aug/2018:02:52:04 -0700] "GET /self.logs/error.log.2018-07-18.gz HTTP/1.1" 200 4179 "-" "Mozilla/5.0 (compatible; DotBot/1.1; http://www.opensiteexplorer.org/dotbot, help@moz.com)" 
125.16.236.160 - - [29/Aug/2018:02:55:23 -0700] "GET / HTTP/1.1" 200 12359 "https://www.google.co.in/" "Mozilla/5.0 (Windows NT 6.1; Win64; x64) AppleWebKit/537.36 (KHTML, like Gecko) Chrome/68.0.3440.106 Safari/537.36" 
125.16.236.160 - - [29/Aug/2018:02:55:32 -0700] "GET /bootstrap/img/favicon.ico HTTP/1.1" 200 590 "http://www.secrepo.com/" "Mozilla/5.0 (Windows NT 6.1; Win64; x64) AppleWebKit/537.36 (KHTML, like Gecko) Chrome/68.0.3440.106 Safari/537.36" 
113.171.224.176 - - [29/Aug/2018:02:55:36 -0700] "GET /honeypot/Honeypot%20-%20Howto.pdf HTTP/1.1" 200 46720 "-" "Mozilla/5.0 Gecko/20100115 Firefox/3.6" 
42.236.99.65 - - [29/Aug/2018:03:02:23 -0700] "GET / HTTP/1.1" 200 12359 "http://www.secrepo.com/" "Mozilla/5.0 (Linux; U; Android 4.0.2; en-us; Galaxy Nexus Build/ICL53F) AppleWebKit/534.30 (KHTML, like Gecko) Version/4.0 Mobile Safari/534.30" 
216.244.66.245 - - [29/Aug/2018:03:03:14 -0700] "GET /self.logs/2015/access.log.2015-05-28.gz HTTP/1.1" 200 4316 "-" "Mozilla/5.0 (compatible; DotBot/1.1; http://www.opensiteexplorer.org/dotbot, help@moz.com)" 
216.244.66.245 - - [29/Aug/2018:03:03:15 -0700] "GET /self.logs/2015/error.log.2015-04-07.gz HTTP/1.1" 200 597 "-" "Mozilla/5.0 (compatible; DotBot/1.1; http://www.opensiteexplorer.org/dotbot, help@moz.com)" 
216.244.66.245 - - [29/Aug/2018:03:03:17 -0700] "GET /self.logs/2015/error.log.2015-06-12.gz HTTP/1.1" 200 938 "-" "Mozilla/5.0 (compatible; DotBot/1.1; http://www.opensiteexplorer.org/dotbot, help@moz.com)" 
216.244.66.245 - - [29/Aug/2018:03:03:18 -0700] "GET /self.logs/2016/access.log.2016-01-26.gz HTTP/1.1" 200 5470 "-" "Mozilla/5.0 (compatible; DotBot/1.1; http://www.opensiteexplorer.org/dotbot, help@moz.com)" 
216.244.66.245 - - [29/Aug/2018:03:03:19 -0700] "GET /self.logs/2016/access.log.2016-03-16.gz HTTP/1.1" 200 8107 "-" "Mozilla/5.0 (compatible; DotBot/1.1; http://www.opensiteexplorer.org/dotbot, help@moz.com)" 
216.244.66.245 - - [29/Aug/2018:03:03:20 -0700] "GET /self.logs/2016/access.log.2016-03-28.gz HTTP/1.1" 200 12260 "-" "Mozilla/5.0 (compatible; DotBot/1.1; http://www.opensiteexplorer.org/dotbot, help@moz.com)" 
216.244.66.245 - - [29/Aug/2018:03:03:21 -0700] "GET /self.logs/2016/access.log.2016-07-06.gz HTTP/1.1" 200 12388 "-" "Mozilla/5.0 (compatible; DotBot/1.1; http://www.opensiteexplorer.org/dotbot, help@moz.com)" 
216.244.66.245 - - [29/Aug/2018:03:03:22 -0700] "GET /self.logs/2016/access.log.2016-10-20.gz HTTP/1.1" 200 8396 "-" "Mozilla/5.0 (compatible; DotBot/1.1; http://www.opensiteexplorer.org/dotbot, help@moz.com)" 
216.244.66.245 - - [29/Aug/2018:03:03:23 -0700] "GET /self.logs/2016/access.log.2016-11-16.gz HTTP/1.1" 200 18063 "-" "Mozilla/5.0 (compatible; DotBot/1.1; http://www.opensiteexplorer.org/dotbot, help@moz.com)" 
216.244.66.245 - - [29/Aug/2018:03:03:24 -0700] "GET /self.logs/2016/access.log.2016-11-28.gz HTTP/1.1" 200 21949 "-" "Mozilla/5.0 (compatible; DotBot/1.1; http://www.opensiteexplorer.org/dotbot, help@moz.com)" 
216.244.66.245 - - [29/Aug/2018:03:03:25 -0700] "GET /self.logs/2016/error.log.2016-04-15.gz HTTP/1.1" 200 507 "-" "Mozilla/5.0 (compatible; DotBot/1.1; http://www.opensiteexplorer.org/dotbot, help@moz.com)" 
216.244.66.245 - - [29/Aug/2018:03:03:26 -0700] "GET /self.logs/2016/error.log.2016-06-29.gz HTTP/1.1" 200 1075 "-" "Mozilla/5.0 (compatible; DotBot/1.1; http://www.opensiteexplorer.org/dotbot, help@moz.com)" 
216.244.66.245 - - [29/Aug/2018:03:03:27 -0700] "GET /self.logs/2016/error.log.2016-07-16.gz HTTP/1.1" 200 786 "-" "Mozilla/5.0 (compatible; DotBot/1.1; http://www.opensiteexplorer.org/dotbot, help@moz.com)" 
216.244.66.245 - - [29/Aug/2018:03:03:28 -0700] "GET /self.logs/2016/error.log.2016-08-02.gz HTTP/1.1" 200 993 "-" "Mozilla/5.0 (compatible; DotBot/1.1; http://www.opensiteexplorer.org/dotbot, help@moz.com)" 
216.244.66.245 - - [29/Aug/2018:03:03:29 -0700] "GET /self.logs/2016/error.log.2016-08-16.gz HTTP/1.1" 200 920 "-" "Mozilla/5.0 (compatible; DotBot/1.1; http://www.opensiteexplorer.org/dotbot, help@moz.com)" 
216.244.66.245 - - [29/Aug/2018:03:03:30 -0700] "GET /self.logs/2016/error.log.2016-08-22.gz HTTP/1.1" 200 1073 "-" "Mozilla/5.0 (compatible; DotBot/1.1; http://www.opensiteexplorer.org/dotbot, help@moz.com)" 
216.244.66.245 - - [29/Aug/2018:03:03:31 -0700] "GET /self.logs/2016/error.log.2016-08-23.gz HTTP/1.1" 200 675 "-" "Mozilla/5.0 (compatible; DotBot/1.1; http://www.opensiteexplorer.org/dotbot, help@moz.com)" 
216.244.66.245 - - [29/Aug/2018:03:03:32 -0700] "GET /self.logs/error.log.2018-05-18.gz HTTP/1.1" 200 3551 "-" "Mozilla/5.0 (compatible; DotBot/1.1; http://www.opensiteexplorer.org/dotbot, help@moz.com)" 
157.55.39.230 - - [29/Aug/2018:03:09:05 -0700] "GET /self.logs/?C=S;O=A HTTP/1.1" 200 13311 "-" "Mozilla/5.0 (compatible; bingbot/2.0; +http://www.bing.com/bingbot.htm)" 
66.249.64.157 - - [29/Aug/2018:03:14:58 -0700] "GET /robots.txt HTTP/1.1" 200 334 "-" "Mozilla/5.0 (compatible; Googlebot/2.1; +http://www.google.com/bot.html)" 
66.249.64.157 - - [29/Aug/2018:03:14:58 -0700] "GET /Datasets%20Description/HTML_Bro_log_1 HTTP/1.1" 301 551 "-" "Mozilla/5.0 (Linux; Android 6.0.1; Nexus 5X Build/MMB29P) AppleWebKit/537.36 (KHTML, like Gecko) Chrome/41.0.2272.96 Mobile Safari/537.36 (compatible; Googlebot/2.1; +http://www.google.com/bot.html)" 
66.249.64.129 - - [29/Aug/2018:03:14:59 -0700] "GET /Datasets%20Description/HTML_Bro_log_1/ HTTP/1.1" 200 734 "-" "Mozilla/5.0 (Linux; Android 6.0.1; Nexus 5X Build/MMB29P) AppleWebKit/537.36 (KHTML, like Gecko) Chrome/41.0.2272.96 Mobile Safari/537.36 (compatible; Googlebot/2.1; +http://www.google.com/bot.html)" 
54.36.148.154 - - [29/Aug/2018:03:16:10 -0700] "GET /self.logs/error.log.2016-05-21.gz HTTP/1.1" 404 284 "-" "Mozilla/5.0 (compatible; AhrefsBot/5.2; +http://ahrefs.com/robot/)" 
199.58.86.209 - - [29/Aug/2018:03:18:22 -0700] "GET /robots.txt HTTP/1.1" 200 289 "-" "Mozilla/5.0 (compatible; MJ12bot/v1.4.8; http://mj12bot.com/)" 
199.58.86.209 - - [29/Aug/2018:03:18:25 -0700] "GET / HTTP/1.1" 200 46026 "-" "Mozilla/5.0 (compatible; MJ12bot/v1.4.8; http://mj12bot.com/)" 
41.223.160.173 - - [29/Aug/2018:03:19:43 -0700] "GET /maccdc2012/dns.log.gz HTTP/1.1" 304 154 "-" "Mozilla/5.0 Gecko/20100115 Firefox/3.6" 
195.132.241.46 - - [29/Aug/2018:03:20:06 -0700] "GET /wp-login.php HTTP/1.1" 418 732 "-" "Mozilla/5.0 (Windows NT 6.1; WOW64; rv:40.0) Gecko/20100101 Firefox/40.1" 
195.132.241.46 - - [29/Aug/2018:03:20:06 -0700] "GET / HTTP/1.1" 418 732 "-" "Mozilla/5.0 (Windows NT 6.1; WOW64; rv:40.0) Gecko/20100101 Firefox/40.1" 
2.139.155.201 - - [29/Aug/2018:03:22:51 -0700] "GET / HTTP/1.1" 304 189 "-" "Mozilla/5.0 (Windows NT 10.0; Win64; x64) AppleWebKit/537.36 (KHTML, like Gecko) Chrome/68.0.3440.106 Safari/537.36" 
113.104.230.162 - - [29/Aug/2018:03:25:46 -0700] "GET / HTTP/1.1" 200 46082 "http://www.secrepo.com/" "Mozilla/4.0 (compatible; MSIE 9.0; Windows NT 6.1)" 
113.104.230.162 - - [29/Aug/2018:03:25:47 -0700] "POST //data/cache/asd.php HTTP/1.1" 404 294 "http://www.secrepo.com//data/cache/asd.php" "Mozilla/4.0 (compatible; MSIE 9.0; Windows NT 6.1)" 
40.77.167.80 - - [29/Aug/2018:03:26:39 -0700] "GET /self.logs/access.log.2017-02-19.gz HTTP/1.1" 304 189 "-" "Mozilla/5.0 (compatible; bingbot/2.0; +http://www.bing.com/bingbot.htm)" 
111.223.105.114 - - [29/Aug/2018:03:28:27 -0700] "GET / HTTP/1.1" 200 12359 "https://www.google.com.sg/" "Mozilla/5.0 (Windows NT 6.1; Win64; x64) AppleWebKit/537.36 (KHTML, like Gecko) Chrome/68.0.3440.106 Safari/537.36" 
54.36.148.109 - - [29/Aug/2018:03:29:04 -0700] "GET /self.logs/error.log.2018-08-08.gz HTTP/1.1" 200 7046 "-" "Mozilla/5.0 (compatible; AhrefsBot/5.2; +http://ahrefs.com/robot/)" 
216.244.66.245 - - [29/Aug/2018:03:31:12 -0700] "GET /robots.txt HTTP/1.1" 200 233 "-" "Mozilla/5.0 (compatible; DotBot/1.1; http://www.opensiteexplorer.org/dotbot, help@moz.com)" 
216.244.66.245 - - [29/Aug/2018:03:36:23 -0700] "GET /self.logs/access.log.2018-08-02.gz HTTP/1.1" 200 31379 "-" "Mozilla/5.0 (compatible; DotBot/1.1; http://www.opensiteexplorer.org/dotbot, help@moz.com)" 
216.244.66.245 - - [29/Aug/2018:03:36:26 -0700] "GET /self.logs/error.log.2018-07-12.gz HTTP/1.1" 200 5051 "-" "Mozilla/5.0 (compatible; DotBot/1.1; http://www.opensiteexplorer.org/dotbot, help@moz.com)" 
66.249.64.157 - - [29/Aug/2018:03:36:47 -0700] "GET /Datasets%20Description/HTML_Bro_log_2/ HTTP/1.1" 200 733 "-" "Mozilla/5.0 (Linux; Android 6.0.1; Nexus 5X Build/MMB29P) AppleWebKit/537.36 (KHTML, like Gecko) Chrome/41.0.2272.96 Mobile Safari/537.36 (compatible; Googlebot/2.1; +http://www.google.com/bot.html)" 
159.65.244.3 - - [29/Aug/2018:03:37:22 -0700] "GET / HTTP/1.1" 200 12303 "-" "Go-http-client/1.1" 
14.139.109.130 - - [29/Aug/2018:03:39:54 -0700] "GET / HTTP/1.1" 200 12359 "https://www.google.co.in/" "Mozilla/5.0 (Windows NT 6.1; Win64; x64) AppleWebKit/537.36 (KHTML, like Gecko) Chrome/68.0.3440.106 Safari/537.36" 
14.139.109.130 - - [29/Aug/2018:03:39:54 -0700] "GET /twitter-icon.png HTTP/1.1" 200 27787 "http://www.secrepo.com/" "Mozilla/5.0 (Windows NT 6.1; Win64; x64) AppleWebKit/537.36 (KHTML, like Gecko) Chrome/68.0.3440.106 Safari/537.36" 
14.139.109.130 - - [29/Aug/2018:03:39:58 -0700] "GET /GitHub-Mark.png HTTP/1.1" 200 7428 "http://www.secrepo.com/" "Mozilla/5.0 (Windows NT 6.1; Win64; x64) AppleWebKit/537.36 (KHTML, like Gecko) Chrome/68.0.3440.106 Safari/537.36" 
14.139.109.130 - - [29/Aug/2018:03:39:59 -0700] "GET /bootstrap/img/favicon.ico HTTP/1.1" 200 589 "http://www.secrepo.com/" "Mozilla/5.0 (Windows NT 6.1; Win64; x64) AppleWebKit/537.36 (KHTML, like Gecko) Chrome/68.0.3440.106 Safari/537.36" 
41.223.160.173 - - [29/Aug/2018:03:40:49 -0700] "GET /tg/tg_snort_fast.7z HTTP/1.1" 304 131 "-" "Mozilla/5.0 Gecko/20100115 Firefox/3.6" 
2.139.155.201 - - [29/Aug/2018:03:41:16 -0700] "GET /self.logs/ HTTP/1.1" 200 11828 "http://www.secrepo.com/" "Mozilla/5.0 (Windows NT 10.0; Win64; x64) AppleWebKit/537.36 (KHTML, like Gecko) Chrome/68.0.3440.106 Safari/537.36" 
2.139.155.201 - - [29/Aug/2018:03:41:17 -0700] "GET /favicon.ico HTTP/1.1" 200 267 "http://www.secrepo.com/self.logs/" "Mozilla/5.0 (Windows NT 10.0; Win64; x64) AppleWebKit/537.36 (KHTML, like Gecko) Chrome/68.0.3440.106 Safari/537.36" 
2.139.155.201 - - [29/Aug/2018:03:42:26 -0700] "GET /honeypot/honeypot.json.zip HTTP/1.1" 200 23085976 "-" "Mozilla/5.0 (Windows NT 10.0; Win64; x64) AppleWebKit/537.36 (KHTML, like Gecko) Chrome/68.0.3440.106 Safari/537.36" 
54.36.148.37 - - [29/Aug/2018:03:45:00 -0700] "GET /self.logs/access.log.2017-01-26.gz HTTP/1.1" 200 23899 "-" "Mozilla/5.0 (compatible; AhrefsBot/5.2; +http://ahrefs.com/robot/)" 
216.244.66.245 - - [29/Aug/2018:03:45:02 -0700] "GET /self.logs/2015/access.log.2015-02-25.gz HTTP/1.1" 200 2689 "-" "Mozilla/5.0 (compatible; DotBot/1.1; http://www.opensiteexplorer.org/dotbot, help@moz.com)" 
216.244.66.245 - - [29/Aug/2018:03:45:03 -0700] "GET /self.logs/2015/access.log.2015-03-09.gz HTTP/1.1" 200 6309 "-" "Mozilla/5.0 (compatible; DotBot/1.1; http://www.opensiteexplorer.org/dotbot, help@moz.com)" 
216.244.66.245 - - [29/Aug/2018:03:45:04 -0700] "GET /self.logs/2015/access.log.2015-07-16.gz HTTP/1.1" 200 7172 "-" "Mozilla/5.0 (compatible; DotBot/1.1; http://www.opensiteexplorer.org/dotbot, help@moz.com)" 
216.244.66.245 - - [29/Aug/2018:03:45:05 -0700] "GET /self.logs/2015/access.log.2015-08-09.gz HTTP/1.1" 200 4464 "-" "Mozilla/5.0 (compatible; DotBot/1.1; http://www.opensiteexplorer.org/dotbot, help@moz.com)" 
216.244.66.245 - - [29/Aug/2018:03:45:06 -0700] "GET /self.logs/2015/error.log.2015-02-17.gz HTTP/1.1" 200 4126 "-" "Mozilla/5.0 (compatible; DotBot/1.1; http://www.opensiteexplorer.org/dotbot, help@moz.com)" 
216.244.66.245 - - [29/Aug/2018:03:45:07 -0700] "GET /self.logs/2015/error.log.2015-07-19.gz HTTP/1.1" 200 993 "-" "Mozilla/5.0 (compatible; DotBot/1.1; http://www.opensiteexplorer.org/dotbot, help@moz.com)" 
216.244.66.245 - - [29/Aug/2018:03:45:09 -0700] "GET /self.logs/2015/error.log.2015-07-25.gz HTTP/1.1" 200 519 "-" "Mozilla/5.0 (compatible; DotBot/1.1; http://www.opensiteexplorer.org/dotbot, help@moz.com)" 
216.244.66.245 - - [29/Aug/2018:03:45:10 -0700] "GET /self.logs/2016/error.log.2016-04-24.gz HTTP/1.1" 200 550 "-" "Mozilla/5.0 (compatible; DotBot/1.1; http://www.opensiteexplorer.org/dotbot, help@moz.com)" 
216.244.66.245 - - [29/Aug/2018:03:45:11 -0700] "GET /self.logs/2016/error.log.2016-06-02.gz HTTP/1.1" 200 1102 "-" "Mozilla/5.0 (compatible; DotBot/1.1; http://www.opensiteexplorer.org/dotbot, help@moz.com)" 
216.244.66.245 - - [29/Aug/2018:03:45:12 -0700] "GET /self.logs/2016/error.log.2016-07-20.gz HTTP/1.1" 200 915 "-" "Mozilla/5.0 (compatible; DotBot/1.1; http://www.opensiteexplorer.org/dotbot, help@moz.com)" 
216.244.66.245 - - [29/Aug/2018:03:45:13 -0700] "GET /self.logs/error.log.2018-04-08.gz HTTP/1.1" 200 6918 "-" "Mozilla/5.0 (compatible; DotBot/1.1; http://www.opensiteexplorer.org/dotbot, help@moz.com)" 
216.244.66.245 - - [29/Aug/2018:03:45:14 -0700] "GET /self.logs/error.log.2018-04-17.gz HTTP/1.1" 200 4509 "-" "Mozilla/5.0 (compatible; DotBot/1.1; http://www.opensiteexplorer.org/dotbot, help@moz.com)" 
216.244.66.245 - - [29/Aug/2018:03:45:15 -0700] "GET /self.logs/error.log.2018-05-23.gz HTTP/1.1" 200 4299 "-" "Mozilla/5.0 (compatible; DotBot/1.1; http://www.opensiteexplorer.org/dotbot, help@moz.com)" 
106.202.144.20 - - [29/Aug/2018:03:46:32 -0700] "GET / HTTP/1.1" 200 12359 "-" "Mozilla/5.0 (X11; Linux x86_64) AppleWebKit/537.36 (KHTML, like Gecko) Chrome/68.0.3440.84 Safari/537.36" 
106.202.144.20 - - [29/Aug/2018:03:46:33 -0700] "GET /twitter-icon.png HTTP/1.1" 200 27787 "http://www.secrepo.com/" "Mozilla/5.0 (X11; Linux x86_64) AppleWebKit/537.36 (KHTML, like Gecko) Chrome/68.0.3440.84 Safari/537.36" 
106.202.144.20 - - [29/Aug/2018:03:46:33 -0700] "GET /GitHub-Mark.png HTTP/1.1" 200 7428 "http://www.secrepo.com/" "Mozilla/5.0 (X11; Linux x86_64) AppleWebKit/537.36 (KHTML, like Gecko) Chrome/68.0.3440.84 Safari/537.36" 
54.36.148.70 - - [29/Aug/2018:03:46:45 -0700] "GET /self.logs/2016/error.log.2016-06-17.gz HTTP/1.1" 200 2473 "-" "Mozilla/5.0 (compatible; AhrefsBot/5.2; +http://ahrefs.com/robot/)" 
40.77.192.38 - - [29/Aug/2018:03:47:01 -0700] "GET /maccdc2012/dns.log.gz HTTP/1.1" 200 6629364 "-" "Mozilla/5.0 (iPhone; CPU iPhone OS 7_0 like Mac OS X) AppleWebKit/537.51.1 (KHTML, like Gecko) Version/7.0 Mobile/11A465 Safari/9537.53 BingPreview/1.0b" 
106.202.144.20 - - [29/Aug/2018:03:48:08 -0700] "GET /maccdc2012/weird.log.gz HTTP/1.1" 200 1242777 "http://www.secrepo.com/" "Mozilla/5.0 (X11; Linux x86_64) AppleWebKit/537.36 (KHTML, like Gecko) Chrome/68.0.3440.84 Safari/537.36" 
157.55.39.230 - - [29/Aug/2018:03:49:58 -0700] "GET /self.logs/error.log.2017-05-04.gz HTTP/1.1" 200 892 "-" "Mozilla/5.0 (compatible; bingbot/2.0; +http://www.bing.com/bingbot.htm)" 
39.50.117.86 - - [29/Aug/2018:03:52:16 -0700] "GET /favicon.ico HTTP/1.1" 200 268 "-" "Mozilla/4.0 (compatible; MSIE 7.0; Windows NT 6.3; WOW64; Trident/7.0; .NET4.0E; .NET4.0C; BIDUBrowser 2.x)" 
39.50.117.86 - - [29/Aug/2018:03:52:17 -0700] "GET /honeypot/Honeypot%20-%20Howto.pdf HTTP/1.1" 206 33099 "http://www.secrepo.com/honeypot/Honeypot%20-%20Howto.pdf" "Mozilla/5.0 (Windows NT 6.3; WOW64) AppleWebKit/537.36 (KHTML, like Gecko) Chrome/43.0.2357.124 Safari/537.36" 
39.50.117.86 - - [29/Aug/2018:03:52:14 -0700] "GET /honeypot/Honeypot%20-%20Howto.pdf HTTP/1.1" 200 238128 "-" "Mozilla/5.0 (Windows NT 6.3; WOW64) AppleWebKit/537.36 (KHTML, like Gecko) Chrome/43.0.2357.124 Safari/537.36" 
39.50.117.86 - - [29/Aug/2018:03:52:30 -0700] "GET /honeypot/Honeypot%20-%20Howto.pdf HTTP/1.1" 206 1246707 "http://www.secrepo.com/honeypot/Honeypot%20-%20Howto.pdf" "Mozilla/5.0 (Windows NT 6.3; WOW64) AppleWebKit/537.36 (KHTML, like Gecko) Chrome/43.0.2357.124 Safari/537.36" 
118.127.66.185 - - [29/Aug/2018:03:53:30 -0700] "GET / HTTP/1.1" 200 12359 "-" "Mozilla/5.0 (Windows NT 10.0; Win64; x64) AppleWebKit/537.36 (KHTML, like Gecko) Chrome/68.0.3440.106 Safari/537.36" 
118.127.66.185 - - [29/Aug/2018:03:53:31 -0700] "GET /GitHub-Mark.png HTTP/1.1" 200 7427 "http://www.secrepo.com/" "Mozilla/5.0 (Windows NT 10.0; Win64; x64) AppleWebKit/537.36 (KHTML, like Gecko) Chrome/68.0.3440.106 Safari/537.36" 
118.127.66.185 - - [29/Aug/2018:03:53:32 -0700] "GET /bootstrap/img/favicon.ico HTTP/1.1" 200 589 "http://www.secrepo.com/" "Mozilla/5.0 (Windows NT 10.0; Win64; x64) AppleWebKit/537.36 (KHTML, like Gecko) Chrome/68.0.3440.106 Safari/537.36" 
54.36.149.45 - - [29/Aug/2018:03:53:44 -0700] "GET /self.logs/2015/error.log.2015-10-17.gz HTTP/1.1" 200 775 "-" "Mozilla/5.0 (compatible; AhrefsBot/5.2; +http://ahrefs.com/robot/)" 
113.171.224.176 - - [29/Aug/2018:03:55:43 -0700] "GET /honeypot/Honeypot%20-%20Howto.pdf HTTP/1.1" 200 46720 "-" "Mozilla/5.0 Gecko/20100115 Firefox/3.6" 
54.36.148.222 - - [29/Aug/2018:03:59:10 -0700] "GET /self.logs/2016/access.log.2016-10-08.gz HTTP/1.1" 200 6718 "-" "Mozilla/5.0 (compatible; AhrefsBot/5.2; +http://ahrefs.com/robot/)" 
54.36.148.180 - - [29/Aug/2018:04:01:31 -0700] "GET /self.logs/2016/access.log.2016-01-17.gz HTTP/1.1" 200 4338 "-" "Mozilla/5.0 (compatible; AhrefsBot/5.2; +http://ahrefs.com/robot/)" 
18.191.64.66 - - [29/Aug/2018:04:03:07 -0700] "GET / HTTP/1.1" 200 12359 "-" "Mozilla/5.0 (Windows NT 6.1; Win64; x64; rv:47.0) Trident/5.0 Safari/602.1" 
54.36.148.28 - - [29/Aug/2018:04:14:31 -0700] "GET /self.logs/2016/error.log.2016-10-18.gz HTTP/1.1" 200 752 "-" "Mozilla/5.0 (compatible; AhrefsBot/5.2; +http://ahrefs.com/robot/)" 
105.98.23.81 - - [29/Aug/2018:04:15:33 -0700] "GET /wp-login.php HTTP/1.1" 418 732 "-" "Mozilla/5.0 (Windows NT 6.1; WOW64; rv:40.0) Gecko/20100101 Firefox/40.1" 
105.98.23.81 - - [29/Aug/2018:04:15:34 -0700] "GET / HTTP/1.1" 418 732 "-" "Mozilla/5.0 (Windows NT 6.1; WOW64; rv:40.0) Gecko/20100101 Firefox/40.1" 
216.244.66.245 - - [29/Aug/2018:04:16:06 -0700] "GET /robots.txt HTTP/1.1" 200 233 "-" "Mozilla/5.0 (compatible; DotBot/1.1; http://www.opensiteexplorer.org/dotbot, help@moz.com)" 
101.199.98.240 - - [29/Aug/2018:04:16:58 -0700] "HEAD /%22http:/amunhoney.sourceforge.net/%22 HTTP/1.1" 404 220 "-" "Mozilla/5.0 (Linux; Android 5.1.1; Nexus 4 Build/LMY48T) AppleWebKit/537.36 (KHTML, like Gecko) Chrome/40.0.2214.89 Mobile Safari/537.36" 
91.74.235.62 - - [29/Aug/2018:04:17:05 -0700] "GET / HTTP/1.1" 200 12359 "https://www.google.com/" "Mozilla/5.0 (Macintosh; Intel Mac OS X 10_11_6) AppleWebKit/537.36 (KHTML, like Gecko) Chrome/68.0.3440.84 Safari/537.36" 
91.74.235.62 - - [29/Aug/2018:04:17:06 -0700] "GET /GitHub-Mark.png HTTP/1.1" 200 7428 "http://www.secrepo.com/" "Mozilla/5.0 (Macintosh; Intel Mac OS X 10_11_6) AppleWebKit/537.36 (KHTML, like Gecko) Chrome/68.0.3440.84 Safari/537.36" 
91.74.235.62 - - [29/Aug/2018:04:17:07 -0700] "GET /twitter-icon.png HTTP/1.1" 200 27787 "http://www.secrepo.com/" "Mozilla/5.0 (Macintosh; Intel Mac OS X 10_11_6) AppleWebKit/537.36 (KHTML, like Gecko) Chrome/68.0.3440.84 Safari/537.36" 
91.74.235.62 - - [29/Aug/2018:04:17:13 -0700] "GET /bootstrap/img/favicon.ico HTTP/1.1" 200 590 "http://www.secrepo.com/" "Mozilla/5.0 (Macintosh; Intel Mac OS X 10_11_6) AppleWebKit/537.36 (KHTML, like Gecko) Chrome/68.0.3440.84 Safari/537.36" 
123.125.67.156 - - [29/Aug/2018:04:17:38 -0700] "GET /robots.txt HTTP/1.1" 200 297 "-" "Mozilla/5.0 (Windows NT 10.0; WOW64) AppleWebKit/537.36 (KHTML, like Gecko) Chrome/45.0.2454.93 Safari/537.36" 
123.125.67.156 - - [29/Aug/2018:04:17:40 -0700] "GET /robots.txt HTTP/1.1" 200 297 "-" "Mozilla/5.0 (Windows NT 10.0; WOW64) AppleWebKit/537.36 (KHTML, like Gecko) Chrome/45.0.2454.93 Safari/537.36" 
123.125.71.108 - - [29/Aug/2018:04:17:43 -0700] "GET /robots.txt HTTP/1.1" 200 297 "-" "Mozilla/5.0 (compatible; Baiduspider/2.0; +http://www.baidu.com/search/spider.html)" 
216.244.66.245 - - [29/Aug/2018:04:21:16 -0700] "GET /self.logs/access.log.2018-07-18.gz HTTP/1.1" 200 45742 "-" "Mozilla/5.0 (compatible; DotBot/1.1; http://www.opensiteexplorer.org/dotbot, help@moz.com)" 
216.244.66.245 - - [29/Aug/2018:04:21:19 -0700] "GET /self.logs/access.log.2018-07-25.gz HTTP/1.1" 200 25115 "-" "Mozilla/5.0 (compatible; DotBot/1.1; http://www.opensiteexplorer.org/dotbot, help@moz.com)" 
54.36.148.234 - - [29/Aug/2018:04:22:54 -0700] "GET /self.logs/error.log.2016-12-14.gz HTTP/1.1" 404 284 "-" "Mozilla/5.0 (compatible; AhrefsBot/5.2; +http://ahrefs.com/robot/)" 
220.239.214.125 - - [29/Aug/2018:04:24:37 -0700] "GET / HTTP/1.1" 200 12359 "https://www.google.com.au/" "Mozilla/5.0 (Windows NT 10.0; Win64; x64) AppleWebKit/537.36 (KHTML, like Gecko) Chrome/68.0.3440.106 Safari/537.36" 
220.239.214.125 - - [29/Aug/2018:04:24:37 -0700] "GET /twitter-icon.png HTTP/1.1" 200 27787 "http://www.secrepo.com/" "Mozilla/5.0 (Windows NT 10.0; Win64; x64) AppleWebKit/537.36 (KHTML, like Gecko) Chrome/68.0.3440.106 Safari/537.36" 
220.239.214.125 - - [29/Aug/2018:04:25:41 -0700] "GET /GitHub-Mark.png HTTP/1.1" 200 7428 "http://www.secrepo.com/" "Mozilla/5.0 (Windows NT 10.0; Win64; x64) AppleWebKit/537.36 (KHTML, like Gecko) Chrome/68.0.3440.106 Safari/537.36" 
220.239.214.125 - - [29/Aug/2018:04:25:46 -0700] "GET /bootstrap/img/favicon.ico HTTP/1.1" 200 590 "http://www.secrepo.com/" "Mozilla/5.0 (Windows NT 10.0; Win64; x64) AppleWebKit/537.36 (KHTML, like Gecko) Chrome/68.0.3440.106 Safari/537.36" 
220.239.214.125 - - [29/Aug/2018:04:26:01 -0700] "GET /Security-Data-Analysis/Lab_1/conn.log.zip HTTP/1.1" 200 2196988 "-" "Mozilla/5.0 (Windows NT 10.0; Win64; x64) AppleWebKit/537.36 (KHTML, like Gecko) Chrome/68.0.3440.106 Safari/537.36" 
54.36.148.53 - - [29/Aug/2018:04:28:13 -0700] "GET /self.logs/access.log.2018-08-14.gz HTTP/1.1" 200 27944 "-" "Mozilla/5.0 (compatible; AhrefsBot/5.2; +http://ahrefs.com/robot/)" 
216.244.66.245 - - [29/Aug/2018:04:29:47 -0700] "GET /self.logs/2015/access.log.2015-09-12.gz HTTP/1.1" 200 3983 "-" "Mozilla/5.0 (compatible; DotBot/1.1; http://www.opensiteexplorer.org/dotbot, help@moz.com)" 
216.244.66.245 - - [29/Aug/2018:04:29:48 -0700] "GET /self.logs/2015/access.log.2015-10-25.gz HTTP/1.1" 200 4350 "-" "Mozilla/5.0 (compatible; DotBot/1.1; http://www.opensiteexplorer.org/dotbot, help@moz.com)" 
216.244.66.245 - - [29/Aug/2018:04:29:49 -0700] "GET /self.logs/2015/error.log.2015-04-26.gz HTTP/1.1" 200 777 "-" "Mozilla/5.0 (compatible; DotBot/1.1; http://www.opensiteexplorer.org/dotbot, help@moz.com)" 
216.244.66.245 - - [29/Aug/2018:04:29:51 -0700] "GET /self.logs/2015/error.log.2015-05-18.gz HTTP/1.1" 200 749 "-" "Mozilla/5.0 (compatible; DotBot/1.1; http://www.opensiteexplorer.org/dotbot, help@moz.com)" 
216.244.66.245 - - [29/Aug/2018:04:29:52 -0700] "GET /self.logs/2015/error.log.2015-09-20.gz HTTP/1.1" 200 733 "-" "Mozilla/5.0 (compatible; DotBot/1.1; http://www.opensiteexplorer.org/dotbot, help@moz.com)" 
216.244.66.245 - - [29/Aug/2018:04:29:53 -0700] "GET /self.logs/2015/error.log.2015-11-23.gz HTTP/1.1" 200 498 "-" "Mozilla/5.0 (compatible; DotBot/1.1; http://www.opensiteexplorer.org/dotbot, help@moz.com)" 
216.244.66.245 - - [29/Aug/2018:04:29:54 -0700] "GET /self.logs/2016/access.log.2016-05-13.gz HTTP/1.1" 200 13437 "-" "Mozilla/5.0 (compatible; DotBot/1.1; http://www.opensiteexplorer.org/dotbot, help@moz.com)" 
216.244.66.245 - - [29/Aug/2018:04:29:55 -0700] "GET /self.logs/2016/access.log.2016-06-23.gz HTTP/1.1" 200 6951 "-" "Mozilla/5.0 (compatible; DotBot/1.1; http://www.opensiteexplorer.org/dotbot, help@moz.com)" 
216.244.66.245 - - [29/Aug/2018:04:29:56 -0700] "GET /self.logs/2016/access.log.2016-08-25.gz HTTP/1.1" 200 6143 "-" "Mozilla/5.0 (compatible; DotBot/1.1; http://www.opensiteexplorer.org/dotbot, help@moz.com)" 
216.244.66.245 - - [29/Aug/2018:04:29:57 -0700] "GET /self.logs/2016/error.log.2016-08-03.gz HTTP/1.1" 200 1502 "-" "Mozilla/5.0 (compatible; DotBot/1.1; http://www.opensiteexplorer.org/dotbot, help@moz.com)" 
216.244.66.245 - - [29/Aug/2018:04:29:58 -0700] "GET /self.logs/2016/error.log.2016-12-21.gz HTTP/1.1" 200 1231 "-" "Mozilla/5.0 (compatible; DotBot/1.1; http://www.opensiteexplorer.org/dotbot, help@moz.com)" 
216.244.66.245 - - [29/Aug/2018:04:29:59 -0700] "GET /self.logs/access.log.2018-04-20.gz HTTP/1.1" 200 17487 "-" "Mozilla/5.0 (compatible; DotBot/1.1; http://www.opensiteexplorer.org/dotbot, help@moz.com)" 
41.189.179.238 - - [29/Aug/2018:04:35:07 -0700] "GET /wp-login.php HTTP/1.1" 418 732 "-" "Mozilla/5.0 (Windows NT 6.1; WOW64; rv:40.0) Gecko/20100101 Firefox/40.1" 
54.36.148.175 - - [29/Aug/2018:04:47:29 -0700] "GET /self.logs/2015/access.log.2015-06-26.gz HTTP/1.1" 200 4014 "-" "Mozilla/5.0 (compatible; AhrefsBot/5.2; +http://ahrefs.com/robot/)" 
118.127.66.185 - - [29/Aug/2018:04:53:52 -0700] "GET / HTTP/1.1" 200 12359 "-" "Mozilla/5.0 (Windows NT 10.0; Win64; x64) AppleWebKit/537.36 (KHTML, like Gecko) Chrome/68.0.3440.106 Safari/537.36" 
54.36.148.118 - - [29/Aug/2018:04:54:55 -0700] "GET /self.logs/access.log.2018-08-23.gz HTTP/1.1" 200 22092 "-" "Mozilla/5.0 (compatible; AhrefsBot/5.2; +http://ahrefs.com/robot/)" 
54.36.148.191 - - [29/Aug/2018:04:55:33 -0700] "GET /self.logs/access.log.2016-09-15.gz HTTP/1.1" 404 284 "-" "Mozilla/5.0 (compatible; AhrefsBot/5.2; +http://ahrefs.com/robot/)" 
185.131.112.82 - - [29/Aug/2018:04:56:37 -0700] "GET /honeypot/BSidesDFW%20-%202014.ipynb HTTP/1.1" 200 930836 "http://www.secrepo.com/" "Mozilla/5.0 (Macintosh; Intel Mac OS X 10.11; rv:57.0) Gecko/20100101 Firefox/57.0" 
219.243.212.243 - - [29/Aug/2018:04:57:22 -0700] "GET / HTTP/1.1" 200 12359 "-" "Mozilla/5.0 (Windows NT 10.0; WOW64) AppleWebKit/537.36 (KHTML, like Gecko) Chrome/68.0.3440.84 Safari/537.36" 
219.243.212.243 - - [29/Aug/2018:04:57:23 -0700] "GET /twitter-icon.png HTTP/1.1" 200 27787 "http://www.secrepo.com/" "Mozilla/5.0 (Windows NT 10.0; WOW64) AppleWebKit/537.36 (KHTML, like Gecko) Chrome/68.0.3440.84 Safari/537.36" 
219.243.212.243 - - [29/Aug/2018:04:57:23 -0700] "GET /GitHub-Mark.png HTTP/1.1" 200 7428 "http://www.secrepo.com/" "Mozilla/5.0 (Windows NT 10.0; WOW64) AppleWebKit/537.36 (KHTML, like Gecko) Chrome/68.0.3440.84 Safari/537.36" 
219.243.212.243 - - [29/Aug/2018:04:57:25 -0700] "GET /bootstrap/img/favicon.ico HTTP/1.1" 200 590 "http://www.secrepo.com/" "Mozilla/5.0 (Windows NT 10.0; WOW64) AppleWebKit/537.36 (KHTML, like Gecko) Chrome/68.0.3440.84 Safari/537.36" 
62.138.2.243 - - [29/Aug/2018:04:59:27 -0700] "GET /robots.txt HTTP/1.1" 200 289 "-" "Mozilla/5.0 (compatible; MJ12bot/v1.4.7; http://mj12bot.com/)" 
62.138.2.243 - - [29/Aug/2018:04:59:28 -0700] "GET /Datasets%20Description/?C=D;O=D HTTP/1.1" 200 1020 "-" "Mozilla/5.0 (compatible; MJ12bot/v1.4.7; http://mj12bot.com/)" 
62.138.2.243 - - [29/Aug/2018:04:59:30 -0700] "GET /Datasets%20Description/?C=M;O=D HTTP/1.1" 200 518 "-" "Mozilla/5.0 (compatible; MJ12bot/v1.4.7; http://mj12bot.com/)" 
62.138.2.243 - - [29/Aug/2018:04:59:31 -0700] "GET /Datasets%20Description/?C=N;O=A HTTP/1.1" 200 521 "-" "Mozilla/5.0 (compatible; MJ12bot/v1.4.7; http://mj12bot.com/)" 
62.138.2.243 - - [29/Aug/2018:04:59:33 -0700] "GET /Datasets%20Description/?C=S;O=D HTTP/1.1" 200 518 "-" "Mozilla/5.0 (compatible; MJ12bot/v1.4.7; http://mj12bot.com/)" 
62.138.2.243 - - [29/Aug/2018:04:59:34 -0700] "GET /Datasets%20Description/HTML_Bro_log_3/?C=D;O=A HTTP/1.1" 200 667 "-" "Mozilla/5.0 (compatible; MJ12bot/v1.4.7; http://mj12bot.com/)" 
62.138.2.243 - - [29/Aug/2018:04:59:36 -0700] "GET /Datasets%20Description/HTML_Bro_log_3/?C=M;O=A HTTP/1.1" 200 667 "-" "Mozilla/5.0 (compatible; MJ12bot/v1.4.7; http://mj12bot.com/)" 
62.138.2.243 - - [29/Aug/2018:04:59:38 -0700] "GET /Datasets%20Description/HTML_Bro_log_3/?C=N;O=D HTTP/1.1" 200 667 "-" "Mozilla/5.0 (compatible; MJ12bot/v1.4.7; http://mj12bot.com/)" 
62.138.2.243 - - [29/Aug/2018:04:59:39 -0700] "GET /Datasets%20Description/HTML_Bro_log_3/?C=S;O=A HTTP/1.1" 200 662 "-" "Mozilla/5.0 (compatible; MJ12bot/v1.4.7; http://mj12bot.com/)" 
62.138.2.243 - - [29/Aug/2018:04:59:41 -0700] "GET /Datasets%20Description/HTML_Bro_log_3/app_stats.html HTTP/1.1" 200 1429 "-" "Mozilla/5.0 (compatible; MJ12bot/v1.4.7; http://mj12bot.com/)" 
62.138.2.243 - - [29/Aug/2018:04:59:42 -0700] "GET /Datasets%20Description/HTML_Bro_log_3/conn.html HTTP/1.1" 200 1847 "-" "Mozilla/5.0 (compatible; MJ12bot/v1.4.7; http://mj12bot.com/)" 
62.138.2.243 - - [29/Aug/2018:04:59:44 -0700] "GET /Datasets%20Description/HTML_Bro_log_3/dhcp.html HTTP/1.1" 200 1578 "-" "Mozilla/5.0 (compatible; MJ12bot/v1.4.7; http://mj12bot.com/)" 
62.138.2.243 - - [29/Aug/2018:04:59:45 -0700] "GET /Datasets%20Description/HTML_Bro_log_3/dns.html HTTP/1.1" 200 1668 "-" "Mozilla/5.0 (compatible; MJ12bot/v1.4.7; http://mj12bot.com/)" 
62.138.2.243 - - [29/Aug/2018:04:59:47 -0700] "GET /Datasets%20Description/HTML_Bro_log_3/dpd.html HTTP/1.1" 200 1500 "-" "Mozilla/5.0 (compatible; MJ12bot/v1.4.7; http://mj12bot.com/)" 
62.138.2.243 - - [29/Aug/2018:04:59:49 -0700] "GET /Datasets%20Description/HTML_Bro_log_3/files.html HTTP/1.1" 200 1748 "-" "Mozilla/5.0 (compatible; MJ12bot/v1.4.7; http://mj12bot.com/)" 
62.138.2.243 - - [29/Aug/2018:04:59:50 -0700] "GET /Datasets%20Description/HTML_Bro_log_3/http.html HTTP/1.1" 200 1873 "-" "Mozilla/5.0 (compatible; MJ12bot/v1.4.7; http://mj12bot.com/)" 
62.138.2.243 - - [29/Aug/2018:04:59:52 -0700] "GET /Datasets%20Description/HTML_Bro_log_3/irc.html HTTP/1.1" 200 1622 "-" "Mozilla/5.0 (compatible; MJ12bot/v1.4.7; http://mj12bot.com/)" 
62.138.2.243 - - [29/Aug/2018:04:59:56 -0700] "GET /Datasets%20Description/HTML_Bro_log_3/notice.html HTTP/1.1" 200 1840 "-" "Mozilla/5.0 (compatible; MJ12bot/v1.4.7; http://mj12bot.com/)" 
62.138.2.243 - - [29/Aug/2018:04:59:57 -0700] "GET /Datasets%20Description/HTML_Bro_log_3/packet_filter.html HTTP/1.1" 200 1563 "-" "Mozilla/5.0 (compatible; MJ12bot/v1.4.7; http://mj12bot.com/)" 
62.138.2.243 - - [29/Aug/2018:05:00:00 -0700] "GET /Datasets%20Description/HTML_Bro_log_3/ssl.html HTTP/1.1" 200 1712 "-" "Mozilla/5.0 (compatible; MJ12bot/v1.4.7; http://mj12bot.com/)" 
62.138.2.243 - - [29/Aug/2018:05:00:03 -0700] "GET /Datasets%20Description/HTML_Bro_log_3/weird.html HTTP/1.1" 200 1769 "-" "Mozilla/5.0 (compatible; MJ12bot/v1.4.7; http://mj12bot.com/)" 
62.138.2.243 - - [29/Aug/2018:05:00:07 -0700] "GET /Datasets%20Description/Network/?C=M;O=A HTTP/1.1" 200 612 "-" "Mozilla/5.0 (compatible; MJ12bot/v1.4.7; http://mj12bot.com/)" 
62.138.2.243 - - [29/Aug/2018:05:00:09 -0700] "GET /Datasets%20Description/Network/?C=N;O=D HTTP/1.1" 200 609 "-" "Mozilla/5.0 (compatible; MJ12bot/v1.4.7; http://mj12bot.com/)" 
62.138.2.243 - - [29/Aug/2018:05:00:11 -0700] "GET /Datasets%20Description/Network/?C=S;O=A HTTP/1.1" 200 610 "-" "Mozilla/5.0 (compatible; MJ12bot/v1.4.7; http://mj12bot.com/)" 
62.138.2.243 - - [29/Aug/2018:05:00:16 -0700] "GET /Datasets%20Description/PE_malware/?C=M;O=A HTTP/1.1" 200 530 "-" "Mozilla/5.0 (compatible; MJ12bot/v1.4.7; http://mj12bot.com/)" 
62.138.2.243 - - [29/Aug/2018:05:00:18 -0700] "GET /Datasets%20Description/PE_malware/?C=N;O=D HTTP/1.1" 200 528 "-" "Mozilla/5.0 (compatible; MJ12bot/v1.4.7; http://mj12bot.com/)" 
14.102.67.134 - - [29/Aug/2018:05:00:23 -0700] "GET /wp-login.php HTTP/1.1" 418 732 "-" "Mozilla/5.0 (Windows NT 6.1; WOW64; rv:40.0) Gecko/20100101 Firefox/40.1" 
14.102.67.134 - - [29/Aug/2018:05:00:23 -0700] "GET / HTTP/1.1" 418 732 "-" "Mozilla/5.0 (Windows NT 6.1; WOW64; rv:40.0) Gecko/20100101 Firefox/40.1" 
216.244.66.245 - - [29/Aug/2018:05:00:38 -0700] "GET /robots.txt HTTP/1.1" 200 233 "-" "Mozilla/5.0 (compatible; DotBot/1.1; http://www.opensiteexplorer.org/dotbot, help@moz.com)" 
106.210.56.245 - - [29/Aug/2018:05:02:59 -0700] "GET /tg/tg_snort_full.7z HTTP/1.1" 200 8847794 "http://www.secrepo.com/" "Mozilla/5.0 (X11; Linux x86_64) AppleWebKit/537.36 (KHTML, like Gecko) Chrome/68.0.3440.84 Safari/537.36" 
180.244.234.71 - - [29/Aug/2018:05:04:11 -0700] "GET /wp-login.php HTTP/1.1" 418 732 "-" "Mozilla/5.0 (Windows NT 6.1; WOW64; rv:40.0) Gecko/20100101 Firefox/40.1" 
180.244.234.71 - - [29/Aug/2018:05:04:12 -0700] "GET / HTTP/1.1" 418 732 "-" "Mozilla/5.0 (Windows NT 6.1; WOW64; rv:40.0) Gecko/20100101 Firefox/40.1" 
79.35.80.4 - - [29/Aug/2018:05:05:19 -0700] "GET /wp-login.php HTTP/1.1" 418 732 "-" "Mozilla/5.0 (Windows NT 6.1; WOW64; rv:40.0) Gecko/20100101 Firefox/40.1" 
79.35.80.4 - - [29/Aug/2018:05:05:19 -0700] "GET / HTTP/1.1" 418 732 "-" "Mozilla/5.0 (Windows NT 6.1; WOW64; rv:40.0) Gecko/20100101 Firefox/40.1" 
123.125.67.166 - - [29/Aug/2018:05:07:21 -0700] "GET / HTTP/1.1" 200 12322 "-" "Mozilla/5.0 (Windows NT 10.0; WOW64) AppleWebKit/537.36 (KHTML, like Gecko) Chrome/45.0.2454.93 Safari/537.36" 
106.210.56.245 - - [29/Aug/2018:05:09:48 -0700] "GET /self.logs/ HTTP/1.1" 200 11849 "http://www.secrepo.com/" "Mozilla/5.0 (X11; Linux x86_64) AppleWebKit/537.36 (KHTML, like Gecko) Chrome/68.0.3440.84 Safari/537.36" 
106.210.56.245 - - [29/Aug/2018:05:09:49 -0700] "GET /favicon.ico HTTP/1.1" 200 267 "http://www.secrepo.com/self.logs/" "Mozilla/5.0 (X11; Linux x86_64) AppleWebKit/537.36 (KHTML, like Gecko) Chrome/68.0.3440.84 Safari/537.36" 
71.30.245.169 - - [29/Aug/2018:05:10:02 -0700] "GET /wp-login.php HTTP/1.1" 418 732 "-" "Mozilla/5.0 (Windows NT 6.1; WOW64; rv:40.0) Gecko/20100101 Firefox/40.1" 
71.30.245.169 - - [29/Aug/2018:05:10:02 -0700] "GET / HTTP/1.1" 418 732 "-" "Mozilla/5.0 (Windows NT 6.1; WOW64; rv:40.0) Gecko/20100101 Firefox/40.1" 
106.210.56.245 - - [29/Aug/2018:05:10:44 -0700] "GET /self.logs/access.log.2017-01-04.gz HTTP/1.1" 200 33744 "http://www.secrepo.com/self.logs/" "Mozilla/5.0 (X11; Linux x86_64) AppleWebKit/537.36 (KHTML, like Gecko) Chrome/68.0.3440.84 Safari/537.36" 
106.210.56.245 - - [29/Aug/2018:05:09:54 -0700] "GET /squid/access.log.gz HTTP/1.1" 200 23177322 "http://www.secrepo.com/" "Mozilla/5.0 (X11; Linux x86_64) AppleWebKit/537.36 (KHTML, like Gecko) Chrome/68.0.3440.84 Safari/537.36" 
207.46.13.17 - - [29/Aug/2018:05:11:00 -0700] "GET /self.logs/error.log.2017-10-07.gz HTTP/1.1" 301 544 "-" "Mozilla/5.0 (compatible; bingbot/2.0; +http://www.bing.com/bingbot.htm)" 
106.210.56.245 - - [29/Aug/2018:05:10:06 -0700] "GET /honeypot/honeypot.json.zip HTTP/1.1" 200 23085976 "http://www.secrepo.com/" "Mozilla/5.0 (X11; Linux x86_64) AppleWebKit/537.36 (KHTML, like Gecko) Chrome/68.0.3440.84 Safari/537.36" 
216.244.66.245 - - [29/Aug/2018:05:14:49 -0700] "GET /self.logs/2015/access.log.2015-02-23.gz HTTP/1.1" 200 10492 "-" "Mozilla/5.0 (compatible; DotBot/1.1; http://www.opensiteexplorer.org/dotbot, help@moz.com)" 
216.244.66.245 - - [29/Aug/2018:05:14:50 -0700] "GET /self.logs/2015/access.log.2015-05-07.gz HTTP/1.1" 200 6080 "-" "Mozilla/5.0 (compatible; DotBot/1.1; http://www.opensiteexplorer.org/dotbot, help@moz.com)" 
216.244.66.245 - - [29/Aug/2018:05:14:51 -0700] "GET /self.logs/2015/access.log.2015-05-20.gz HTTP/1.1" 200 4788 "-" "Mozilla/5.0 (compatible; DotBot/1.1; http://www.opensiteexplorer.org/dotbot, help@moz.com)" 
216.244.66.245 - - [29/Aug/2018:05:14:52 -0700] "GET /self.logs/2015/error.log.2015-01-20.gz HTTP/1.1" 200 895 "-" "Mozilla/5.0 (compatible; DotBot/1.1; http://www.opensiteexplorer.org/dotbot, help@moz.com)" 
216.244.66.245 - - [29/Aug/2018:05:14:53 -0700] "GET /self.logs/2015/error.log.2015-06-20.gz HTTP/1.1" 200 497 "-" "Mozilla/5.0 (compatible; DotBot/1.1; http://www.opensiteexplorer.org/dotbot, help@moz.com)" 
216.244.66.245 - - [29/Aug/2018:05:14:54 -0700] "GET /self.logs/2015/error.log.2015-07-07.gz HTTP/1.1" 200 589 "-" "Mozilla/5.0 (compatible; DotBot/1.1; http://www.opensiteexplorer.org/dotbot, help@moz.com)" 
216.244.66.245 - - [29/Aug/2018:05:14:55 -0700] "GET /self.logs/2015/error.log.2015-07-15.gz HTTP/1.1" 200 680 "-" "Mozilla/5.0 (compatible; DotBot/1.1; http://www.opensiteexplorer.org/dotbot, help@moz.com)" 
216.244.66.245 - - [29/Aug/2018:05:14:56 -0700] "GET /self.logs/2015/error.log.2015-12-23.gz HTTP/1.1" 200 694 "-" "Mozilla/5.0 (compatible; DotBot/1.1; http://www.opensiteexplorer.org/dotbot, help@moz.com)" 
216.244.66.245 - - [29/Aug/2018:05:14:57 -0700] "GET /self.logs/2016/access.log.2016-04-30.gz HTTP/1.1" 200 7512 "-" "Mozilla/5.0 (compatible; DotBot/1.1; http://www.opensiteexplorer.org/dotbot, help@moz.com)" 
216.244.66.245 - - [29/Aug/2018:05:14:58 -0700] "GET /self.logs/2016/access.log.2016-06-27.gz HTTP/1.1" 200 8996 "-" "Mozilla/5.0 (compatible; DotBot/1.1; http://www.opensiteexplorer.org/dotbot, help@moz.com)" 
216.244.66.245 - - [29/Aug/2018:05:14:59 -0700] "GET /self.logs/2016/access.log.2016-07-27.gz HTTP/1.1" 200 15147 "-" "Mozilla/5.0 (compatible; DotBot/1.1; http://www.opensiteexplorer.org/dotbot, help@moz.com)" 
216.244.66.245 - - [29/Aug/2018:05:15:00 -0700] "GET /self.logs/2016/access.log.2016-07-29.gz HTTP/1.1" 200 6689 "-" "Mozilla/5.0 (compatible; DotBot/1.1; http://www.opensiteexplorer.org/dotbot, help@moz.com)" 
216.244.66.245 - - [29/Aug/2018:05:15:01 -0700] "GET /self.logs/2016/error.log.2016-02-10.gz HTTP/1.1" 200 636 "-" "Mozilla/5.0 (compatible; DotBot/1.1; http://www.opensiteexplorer.org/dotbot, help@moz.com)" 
216.244.66.245 - - [29/Aug/2018:05:15:02 -0700] "GET /self.logs/2016/error.log.2016-04-19.gz HTTP/1.1" 200 939 "-" "Mozilla/5.0 (compatible; DotBot/1.1; http://www.opensiteexplorer.org/dotbot, help@moz.com)" 
216.244.66.245 - - [29/Aug/2018:05:15:03 -0700] "GET /self.logs/2016/error.log.2016-04-20.gz HTTP/1.1" 200 714 "-" "Mozilla/5.0 (compatible; DotBot/1.1; http://www.opensiteexplorer.org/dotbot, help@moz.com)" 
216.244.66.245 - - [29/Aug/2018:05:15:04 -0700] "GET /self.logs/2016/error.log.2016-12-24.gz HTTP/1.1" 200 915 "-" "Mozilla/5.0 (compatible; DotBot/1.1; http://www.opensiteexplorer.org/dotbot, help@moz.com)" 
216.244.66.245 - - [29/Aug/2018:05:15:05 -0700] "GET /self.logs/access.log.2018-05-15.gz HTTP/1.1" 200 45231 "-" "Mozilla/5.0 (compatible; DotBot/1.1; http://www.opensiteexplorer.org/dotbot, help@moz.com)" 
54.36.149.105 - - [29/Aug/2018:05:15:26 -0700] "GET /self.logs/error.log.2015-07-08.gz HTTP/1.1" 404 284 "-" "Mozilla/5.0 (compatible; AhrefsBot/5.2; +http://ahrefs.com/robot/)" 
54.36.148.234 - - [29/Aug/2018:05:15:36 -0700] "GET /self.logs/access.log.2016-02-08.gz HTTP/1.1" 404 284 "-" "Mozilla/5.0 (compatible; AhrefsBot/5.2; +http://ahrefs.com/robot/)" 
108.44.232.187 - - [29/Aug/2018:05:20:42 -0700] "GET / HTTP/1.1" 200 12359 "https://duckduckgo.com/" "Mozilla/5.0 (X11; Fedora; Linux x86_64; rv:61.0) Gecko/20100101 Firefox/61.0" 
108.44.232.187 - - [29/Aug/2018:05:20:42 -0700] "GET /twitter-icon.png HTTP/1.1" 200 27787 "http://www.secrepo.com/" "Mozilla/5.0 (X11; Fedora; Linux x86_64; rv:61.0) Gecko/20100101 Firefox/61.0" 
108.44.232.187 - - [29/Aug/2018:05:20:42 -0700] "GET /GitHub-Mark.png HTTP/1.1" 200 7428 "http://www.secrepo.com/" "Mozilla/5.0 (X11; Fedora; Linux x86_64; rv:61.0) Gecko/20100101 Firefox/61.0" 
108.44.232.187 - - [29/Aug/2018:05:20:42 -0700] "GET /bootstrap/img/favicon.ico HTTP/1.1" 200 589 "-" "Mozilla/5.0 (X11; Fedora; Linux x86_64; rv:61.0) Gecko/20100101 Firefox/61.0" 
54.36.148.99 - - [29/Aug/2018:05:20:47 -0700] "GET /self.logs/error.log.2016-06-05.gz HTTP/1.1" 404 284 "-" "Mozilla/5.0 (compatible; AhrefsBot/5.2; +http://ahrefs.com/robot/)" 
113.171.224.176 - - [29/Aug/2018:05:22:29 -0700] "GET /honeypot/Honeypot%20-%20Howto.pdf HTTP/1.1" 200 46720 "-" "Mozilla/5.0 Gecko/20100115 Firefox/3.6" 
108.44.232.187 - - [29/Aug/2018:05:21:05 -0700] "GET /maccdc2012/conn.log.gz HTTP/1.1" 200 551041635 "http://www.secrepo.com/" "Mozilla/5.0 (X11; Fedora; Linux x86_64; rv:61.0) Gecko/20100101 Firefox/61.0" 
54.36.148.241 - - [29/Aug/2018:05:23:17 -0700] "GET /self.logs/2016/access.log.2016-01-25.gz HTTP/1.1" 200 6621 "-" "Mozilla/5.0 (compatible; AhrefsBot/5.2; +http://ahrefs.com/robot/)" 
123.125.71.21 - - [29/Aug/2018:05:25:42 -0700] "GET / HTTP/1.1" 200 12322 "-" "Mozilla/5.0 (compatible; Baiduspider/2.0; +http://www.baidu.com/search/spider.html)" 
176.231.68.30 - - [29/Aug/2018:05:25:46 -0700] "GET /bootstrap/img/favicon.ico HTTP/1.1" 200 590 "-" "Mozilla/5.0 (Windows NT 10.0; Win64; x64; rv:61.0) Gecko/20100101 Firefox/61.0" 
54.36.148.52 - - [29/Aug/2018:05:27:53 -0700] "GET /self.logs/error.log.2018-05-31.gz HTTP/1.1" 200 6528 "-" "Mozilla/5.0 (compatible; AhrefsBot/5.2; +http://ahrefs.com/robot/)" 
54.36.148.91 - - [29/Aug/2018:05:30:57 -0700] "GET /self.logs/access.log.2017-03-16.gz HTTP/1.1" 200 30718 "-" "Mozilla/5.0 (compatible; AhrefsBot/5.2; +http://ahrefs.com/robot/)" 
54.36.148.226 - - [29/Aug/2018:05:32:34 -0700] "GET /self.logs/access.log.2018-08-18.gz HTTP/1.1" 200 17975 "-" "Mozilla/5.0 (compatible; AhrefsBot/5.2; +http://ahrefs.com/robot/)" 
66.249.64.129 - - [29/Aug/2018:05:33:13 -0700] "GET / HTTP/1.1" 200 12359 "-" "Mozilla/5.0 (compatible; Googlebot/2.1; +http://www.google.com/bot.html)" 
92.44.62.186 - - [29/Aug/2018:05:33:52 -0700] "GET /wp-login.php HTTP/1.1" 418 732 "-" "Mozilla/5.0 (Windows NT 6.1; WOW64; rv:40.0) Gecko/20100101 Firefox/40.1" 
92.44.62.186 - - [29/Aug/2018:05:33:53 -0700] "GET / HTTP/1.1" 418 732 "-" "Mozilla/5.0 (Windows NT 6.1; WOW64; rv:40.0) Gecko/20100101 Firefox/40.1" 
131.251.253.22 - - [29/Aug/2018:05:36:33 -0700] "GET /twitter-icon.png HTTP/1.1" 200 27788 "http://www.secrepo.com/" "Mozilla/5.0 (X11; Linux x86_64) AppleWebKit/537.36 (KHTML, like Gecko) Chrome/67.0.3396.62 Safari/537.36" 
220.239.214.125 - - [29/Aug/2018:05:36:50 -0700] "GET /GitHub-Mark.png HTTP/1.1" 200 7428 "http://www.secrepo.com/" "Mozilla/5.0 (Windows NT 10.0; Win64; x64) AppleWebKit/537.36 (KHTML, like Gecko) Chrome/68.0.3440.106 Safari/537.36" 
54.36.149.23 - - [29/Aug/2018:05:36:56 -0700] "GET /self.logs/error.log.2015-06-24.gz HTTP/1.1" 404 284 "-" "Mozilla/5.0 (compatible; AhrefsBot/5.2; +http://ahrefs.com/robot/)" 
182.138.163.40 - - [29/Aug/2018:05:37:24 -0700] "GET / HTTP/1.1" 200 12359 "https://www.google.com/" "Mozilla/5.0 (Windows NT 10.0; Win64; x64) AppleWebKit/537.36 (KHTML, like Gecko) Chrome/66.0.3359.170 Safari/537.36" 
182.138.163.40 - - [29/Aug/2018:05:37:25 -0700] "GET /GitHub-Mark.png HTTP/1.1" 200 7428 "http://www.secrepo.com/" "Mozilla/5.0 (Windows NT 10.0; Win64; x64) AppleWebKit/537.36 (KHTML, like Gecko) Chrome/66.0.3359.170 Safari/537.36" 
182.138.163.40 - - [29/Aug/2018:05:37:25 -0700] "GET /twitter-icon.png HTTP/1.1" 200 27787 "http://www.secrepo.com/" "Mozilla/5.0 (Windows NT 10.0; Win64; x64) AppleWebKit/537.36 (KHTML, like Gecko) Chrome/66.0.3359.170 Safari/537.36" 
182.138.163.40 - - [29/Aug/2018:05:37:27 -0700] "GET /bootstrap/img/favicon.ico HTTP/1.1" 200 590 "http://www.secrepo.com/" "Mozilla/5.0 (Windows NT 10.0; Win64; x64) AppleWebKit/537.36 (KHTML, like Gecko) Chrome/66.0.3359.170 Safari/537.36" 
95.181.176.249 - - [29/Aug/2018:05:38:49 -0700] "GET /honeypot/BSidesDFW%2520-%25202014.ipynb HTTP/1.0" 404 284 "http://www.secrepo.com/honeypot/BSidesDFW%2520-%25202014.ipynb" "Mozilla/5.0 (Windows NT 10.0; Win64; x64; rv:57.0) Gecko/20100101 Firefox/57.0" 
199.58.86.209 - - [29/Aug/2018:05:40:07 -0700] "GET /robots.txt HTTP/1.1" 200 289 "-" "Mozilla/5.0 (compatible; MJ12bot/v1.4.8; http://mj12bot.com/)" 
199.58.86.209 - - [29/Aug/2018:05:40:09 -0700] "GET / HTTP/1.1" 200 46026 "-" "Mozilla/5.0 (compatible; MJ12bot/v1.4.8; http://mj12bot.com/)" 
66.249.64.157 - - [29/Aug/2018:05:40:42 -0700] "GET /favicon.ico HTTP/1.1" 200 268 "-" "Googlebot-Image/1.0" 
54.36.149.34 - - [29/Aug/2018:05:41:00 -0700] "GET /self.logs/error.log.2017-12-30.gz HTTP/1.1" 200 1978 "-" "Mozilla/5.0 (compatible; AhrefsBot/5.2; +http://ahrefs.com/robot/)" 
