207.46.13.113 - - [12/Jun/2018:14:42:03 -0700] "GET /honeypot/honeypot%20-%20howto.pdf HTTP/1.1" 301 531 "-" "Mozilla/5.0 (iPhone; CPU iPhone OS 7_0 like Mac OS X) AppleWebKit/537.51.1 (KHTML, like Gecko) Version/7.0 Mobile/11A465 Safari/9537.53 (compatible; bingbot/2.0; +http://www.bing.com/bingbot.htm)" 
207.46.13.113 - - [12/Jun/2018:14:42:08 -0700] "GET /honeypot/honeypot%20-%20howto.pdf HTTP/1.1" 404 340 "-" "Mozilla/5.0 (iPhone; CPU iPhone OS 7_0 like Mac OS X) AppleWebKit/537.51.1 (KHTML, like Gecko) Version/7.0 Mobile/11A465 Safari/9537.53 (compatible; bingbot/2.0; +http://www.bing.com/bingbot.htm)" 
34.207.203.154 - - [12/Jun/2018:14:42:11 -0700] "GET / HTTP/1.1" 200 38539 "-" "Mozilla/4.0 (compatible; MSIE 8.0; Windows NT 5.1; Trident/4.0)" 
216.244.66.245 - - [12/Jun/2018:14:42:59 -0700] "GET /robots.txt HTTP/1.1" 200 233 "-" "Mozilla/5.0 (compatible; DotBot/1.1; http://www.opensiteexplorer.org/dotbot, help@moz.com)" 
209.15.209.89 - - [12/Jun/2018:14:44:54 -0700] "HEAD / HTTP/1.1" 200 239 "-" "-" 
135.23.72.120 - - [12/Jun/2018:14:44:54 -0700] "GET / HTTP/1.1" 200 11355 "https://www.researchgate.net/" "Mozilla/5.0 (Windows NT 10.0; Win64; x64) AppleWebKit/537.36 (KHTML, like Gecko) Chrome/66.0.3359.139 Safari/537.36" 
135.23.72.120 - - [12/Jun/2018:14:44:55 -0700] "GET /twitter-icon.png HTTP/1.1" 200 27787 "http://www.secrepo.com/" "Mozilla/5.0 (Windows NT 10.0; Win64; x64) AppleWebKit/537.36 (KHTML, like Gecko) Chrome/66.0.3359.139 Safari/537.36" 
135.23.72.120 - - [12/Jun/2018:14:44:55 -0700] "GET /GitHub-Mark.png HTTP/1.1" 200 7428 "http://www.secrepo.com/" "Mozilla/5.0 (Windows NT 10.0; Win64; x64) AppleWebKit/537.36 (KHTML, like Gecko) Chrome/66.0.3359.139 Safari/537.36" 
135.23.72.120 - - [12/Jun/2018:14:44:56 -0700] "GET /bootstrap/img/favicon.ico HTTP/1.1" 200 589 "http://www.secrepo.com/" "Mozilla/5.0 (Windows NT 10.0; Win64; x64) AppleWebKit/537.36 (KHTML, like Gecko) Chrome/66.0.3359.139 Safari/537.36" 
216.244.66.245 - - [12/Jun/2018:14:47:30 -0700] "GET /self.logs/2015/?C=D;O=A HTTP/1.1" 200 67417 "-" "Mozilla/5.0 (compatible; DotBot/1.1; http://www.opensiteexplorer.org/dotbot, help@moz.com)" 
216.244.66.245 - - [12/Jun/2018:14:47:43 -0700] "GET /self.logs/access.log.2015-12-22.gz HTTP/1.1" 404 239 "-" "Mozilla/5.0 (compatible; DotBot/1.1; http://www.opensiteexplorer.org/dotbot, help@moz.com)" 
216.244.66.245 - - [12/Jun/2018:14:47:45 -0700] "GET /self.logs/access.log.2016-01-23.gz HTTP/1.1" 404 239 "-" "Mozilla/5.0 (compatible; DotBot/1.1; http://www.opensiteexplorer.org/dotbot, help@moz.com)" 
216.244.66.245 - - [12/Jun/2018:14:47:46 -0700] "GET /self.logs/error.log.2015-01-22.gz HTTP/1.1" 404 239 "-" "Mozilla/5.0 (compatible; DotBot/1.1; http://www.opensiteexplorer.org/dotbot, help@moz.com)" 
216.244.66.245 - - [12/Jun/2018:14:47:47 -0700] "GET /self.logs/error.log.2015-08-05.gz HTTP/1.1" 404 239 "-" "Mozilla/5.0 (compatible; DotBot/1.1; http://www.opensiteexplorer.org/dotbot, help@moz.com)" 
216.244.66.245 - - [12/Jun/2018:14:47:48 -0700] "GET /self.logs/error.log.2015-09-24.gz HTTP/1.1" 404 239 "-" "Mozilla/5.0 (compatible; DotBot/1.1; http://www.opensiteexplorer.org/dotbot, help@moz.com)" 
216.244.66.245 - - [12/Jun/2018:14:47:50 -0700] "GET /self.logs/error.log.2016-02-09.gz HTTP/1.1" 404 239 "-" "Mozilla/5.0 (compatible; DotBot/1.1; http://www.opensiteexplorer.org/dotbot, help@moz.com)" 
216.244.66.245 - - [12/Jun/2018:14:47:51 -0700] "GET /self.logs/error.log.2016-06-05.gz HTTP/1.1" 404 239 "-" "Mozilla/5.0 (compatible; DotBot/1.1; http://www.opensiteexplorer.org/dotbot, help@moz.com)" 
216.244.66.245 - - [12/Jun/2018:14:47:52 -0700] "GET /self.logs/error.log.2016-08-04.gz HTTP/1.1" 404 239 "-" "Mozilla/5.0 (compatible; DotBot/1.1; http://www.opensiteexplorer.org/dotbot, help@moz.com)" 
216.244.66.245 - - [12/Jun/2018:14:47:53 -0700] "GET /self.logs/error.log.2016-10-06.gz HTTP/1.1" 404 239 "-" "Mozilla/5.0 (compatible; DotBot/1.1; http://www.opensiteexplorer.org/dotbot, help@moz.com)" 
216.244.66.245 - - [12/Jun/2018:14:47:54 -0700] "GET /self.logs/error.log.2016-10-08.gz HTTP/1.1" 404 239 "-" "Mozilla/5.0 (compatible; DotBot/1.1; http://www.opensiteexplorer.org/dotbot, help@moz.com)" 
102.181.194.40 - - [12/Jun/2018:14:48:25 -0700] "GET /maccdc2012/dns.log.gz HTTP/1.1" 304 154 "-" "Mozilla/5.0 Gecko/20100115 Firefox/3.6" 
118.136.49.166 - - [12/Jun/2018:14:48:44 -0700] "GET /wp-login.php HTTP/1.1" 418 732 "-" "Mozilla/5.0 (Windows NT 6.1; WOW64; rv:40.0) Gecko/20100101 Firefox/40.1" 
118.136.49.166 - - [12/Jun/2018:14:48:45 -0700] "GET / HTTP/1.1" 418 732 "-" "Mozilla/5.0 (Windows NT 6.1; WOW64; rv:40.0) Gecko/20100101 Firefox/40.1" 
113.171.224.176 - - [12/Jun/2018:14:50:36 -0700] "GET /honeypot/Honeypot%20-%20Howto.pdf HTTP/1.1" 200 46720 "-" "Mozilla/5.0 Gecko/20100115 Firefox/3.6" 
54.36.149.23 - - [12/Jun/2018:14:51:48 -0700] "GET /self.logs/2015/error.log.2015-09-22.gz HTTP/1.1" 200 837 "-" "Mozilla/5.0 (compatible; AhrefsBot/5.2; +http://ahrefs.com/robot/)" 
95.150.133.40 - - [12/Jun/2018:14:57:35 -0700] "GET / HTTP/1.1" 200 11355 "https://www.google.com/" "Mozilla/5.0 (Macintosh; Intel Mac OS X 10.13; rv:61.0) Gecko/20100101 Firefox/61.0" 
95.150.133.40 - - [12/Jun/2018:14:57:35 -0700] "GET /twitter-icon.png HTTP/1.1" 200 27787 "http://www.secrepo.com/" "Mozilla/5.0 (Macintosh; Intel Mac OS X 10.13; rv:61.0) Gecko/20100101 Firefox/61.0" 
95.150.133.40 - - [12/Jun/2018:14:57:36 -0700] "GET /GitHub-Mark.png HTTP/1.1" 200 7428 "http://www.secrepo.com/" "Mozilla/5.0 (Macintosh; Intel Mac OS X 10.13; rv:61.0) Gecko/20100101 Firefox/61.0" 
95.150.133.40 - - [12/Jun/2018:14:57:36 -0700] "GET /bootstrap/img/favicon.ico HTTP/1.1" 200 589 "-" "Mozilla/5.0 (Macintosh; Intel Mac OS X 10.13; rv:61.0) Gecko/20100101 Firefox/61.0" 
54.36.149.74 - - [12/Jun/2018:14:59:14 -0700] "GET /self.logs/access.log.2016-05-16.gz HTTP/1.1" 404 284 "-" "Mozilla/5.0 (compatible; AhrefsBot/5.2; +http://ahrefs.com/robot/)" 
64.111.160.20 - - [12/Jun/2018:15:00:00 -0700] "GET / HTTP/1.1" 200 11355 "-" "Mozilla/5.0 (Windows NT 6.1; WOW64) AppleWebKit/537.36 (KHTML, like Gecko) Chrome/66.0.3359.181 Safari/537.36" 
64.111.160.20 - - [12/Jun/2018:15:00:00 -0700] "GET /twitter-icon.png HTTP/1.1" 200 27787 "http://www.secrepo.com/" "Mozilla/5.0 (Windows NT 6.1; WOW64) AppleWebKit/537.36 (KHTML, like Gecko) Chrome/66.0.3359.181 Safari/537.36" 
64.111.160.20 - - [12/Jun/2018:15:00:00 -0700] "GET /GitHub-Mark.png HTTP/1.1" 200 7427 "http://www.secrepo.com/" "Mozilla/5.0 (Windows NT 6.1; WOW64) AppleWebKit/537.36 (KHTML, like Gecko) Chrome/66.0.3359.181 Safari/537.36" 
64.111.160.20 - - [12/Jun/2018:15:00:00 -0700] "GET /bootstrap/img/favicon.ico HTTP/1.1" 200 589 "http://www.secrepo.com/" "Mozilla/5.0 (Windows NT 6.1; WOW64) AppleWebKit/537.36 (KHTML, like Gecko) Chrome/66.0.3359.181 Safari/537.36" 
54.36.148.199 - - [12/Jun/2018:15:05:31 -0700] "GET /self.logs/access.log.2018-03-16.gz HTTP/1.1" 200 21532 "-" "Mozilla/5.0 (compatible; AhrefsBot/5.2; +http://ahrefs.com/robot/)" 
216.244.66.245 - - [12/Jun/2018:15:06:27 -0700] "GET /robots.txt HTTP/1.1" 200 233 "-" "Mozilla/5.0 (compatible; DotBot/1.1; http://www.opensiteexplorer.org/dotbot, help@moz.com)" 
54.36.148.68 - - [12/Jun/2018:15:07:21 -0700] "GET /self.logs/error.log.2015-07-10.gz HTTP/1.1" 404 284 "-" "Mozilla/5.0 (compatible; AhrefsBot/5.2; +http://ahrefs.com/robot/)" 
216.244.66.245 - - [12/Jun/2018:15:10:24 -0700] "GET /self.logs/error.log.2018-03-07.gz HTTP/1.1" 200 4893 "-" "Mozilla/5.0 (compatible; DotBot/1.1; http://www.opensiteexplorer.org/dotbot, help@moz.com)" 
216.244.66.245 - - [12/Jun/2018:15:11:18 -0700] "GET /self.logs/access.log.2015-03-24.gz HTTP/1.1" 404 239 "-" "Mozilla/5.0 (compatible; DotBot/1.1; http://www.opensiteexplorer.org/dotbot, help@moz.com)" 
216.244.66.245 - - [12/Jun/2018:15:11:19 -0700] "GET /self.logs/access.log.2015-05-15.gz HTTP/1.1" 404 239 "-" "Mozilla/5.0 (compatible; DotBot/1.1; http://www.opensiteexplorer.org/dotbot, help@moz.com)" 
216.244.66.245 - - [12/Jun/2018:15:11:20 -0700] "GET /self.logs/access.log.2015-07-06.gz HTTP/1.1" 404 239 "-" "Mozilla/5.0 (compatible; DotBot/1.1; http://www.opensiteexplorer.org/dotbot, help@moz.com)" 
216.244.66.245 - - [12/Jun/2018:15:11:21 -0700] "GET /self.logs/access.log.2015-12-18.gz HTTP/1.1" 404 239 "-" "Mozilla/5.0 (compatible; DotBot/1.1; http://www.opensiteexplorer.org/dotbot, help@moz.com)" 
216.244.66.245 - - [12/Jun/2018:15:11:22 -0700] "GET /self.logs/access.log.2016-02-04.gz HTTP/1.1" 404 239 "-" "Mozilla/5.0 (compatible; DotBot/1.1; http://www.opensiteexplorer.org/dotbot, help@moz.com)" 
216.244.66.245 - - [12/Jun/2018:15:11:23 -0700] "GET /self.logs/access.log.2016-07-13.gz HTTP/1.1" 404 239 "-" "Mozilla/5.0 (compatible; DotBot/1.1; http://www.opensiteexplorer.org/dotbot, help@moz.com)" 
216.244.66.245 - - [12/Jun/2018:15:11:24 -0700] "GET /self.logs/access.log.2016-08-11.gz HTTP/1.1" 404 239 "-" "Mozilla/5.0 (compatible; DotBot/1.1; http://www.opensiteexplorer.org/dotbot, help@moz.com)" 
216.244.66.245 - - [12/Jun/2018:15:11:25 -0700] "GET /self.logs/access.log.2016-12-01.gz HTTP/1.1" 404 239 "-" "Mozilla/5.0 (compatible; DotBot/1.1; http://www.opensiteexplorer.org/dotbot, help@moz.com)" 
216.244.66.245 - - [12/Jun/2018:15:11:26 -0700] "GET /self.logs/error.log.2015-09-09.gz HTTP/1.1" 404 239 "-" "Mozilla/5.0 (compatible; DotBot/1.1; http://www.opensiteexplorer.org/dotbot, help@moz.com)" 
216.244.66.245 - - [12/Jun/2018:15:11:27 -0700] "GET /self.logs/error.log.2015-09-18.gz HTTP/1.1" 404 239 "-" "Mozilla/5.0 (compatible; DotBot/1.1; http://www.opensiteexplorer.org/dotbot, help@moz.com)" 
216.244.66.245 - - [12/Jun/2018:15:11:28 -0700] "GET /self.logs/error.log.2015-09-30.gz HTTP/1.1" 404 239 "-" "Mozilla/5.0 (compatible; DotBot/1.1; http://www.opensiteexplorer.org/dotbot, help@moz.com)" 
216.244.66.245 - - [12/Jun/2018:15:11:29 -0700] "GET /self.logs/error.log.2015-10-11.gz HTTP/1.1" 404 239 "-" "Mozilla/5.0 (compatible; DotBot/1.1; http://www.opensiteexplorer.org/dotbot, help@moz.com)" 
42.236.99.166 - - [12/Jun/2018:15:11:30 -0700] "GET / HTTP/1.1" 301 483 "http://secrepo.com/" "Mozilla/5.0 (Windows NT 6.1; WOW64) AppleWebKit/537.36 (KHTML, like Gecko) Chrome/50.0.2661.102 Safari/537.36; 360Spider" 
42.236.99.23 - - [12/Jun/2018:15:11:30 -0700] "GET / HTTP/1.1" 200 11355 "http://www.secrepo.com/" "Mozilla/5.0 (Windows NT 6.1; WOW64) AppleWebKit/537.36 (KHTML, like Gecko) Chrome/50.0.2661.102 Safari/537.36; 360Spider" 
42.236.99.166 - - [12/Jun/2018:15:11:30 -0700] "GET / HTTP/1.1" 200 11355 "http://www.secrepo.com/" "Mozilla/5.0 (Windows NT 6.1; WOW64) AppleWebKit/537.36 (KHTML, like Gecko) Chrome/50.0.2661.102 Safari/537.36; 360Spider" 
216.244.66.245 - - [12/Jun/2018:15:11:31 -0700] "GET /self.logs/error.log.2016-06-17.gz HTTP/1.1" 404 239 "-" "Mozilla/5.0 (compatible; DotBot/1.1; http://www.opensiteexplorer.org/dotbot, help@moz.com)" 
216.244.66.245 - - [12/Jun/2018:15:11:32 -0700] "GET /self.logs/error.log.2016-08-15.gz HTTP/1.1" 404 239 "-" "Mozilla/5.0 (compatible; DotBot/1.1; http://www.opensiteexplorer.org/dotbot, help@moz.com)" 
216.244.66.245 - - [12/Jun/2018:15:11:33 -0700] "GET /self.logs/error.log.2016-11-27.gz HTTP/1.1" 404 239 "-" "Mozilla/5.0 (compatible; DotBot/1.1; http://www.opensiteexplorer.org/dotbot, help@moz.com)" 
134.197.29.151 - - [12/Jun/2018:15:15:11 -0700] "GET /maccdc2012/ftp.log.gz HTTP/1.1" 200 128116 "http://www.secrepo.com/" "Mozilla/5.0 (Windows NT 10.0; Win64; x64; rv:60.0) Gecko/20100101 Firefox/60.0" 
134.197.29.151 - - [12/Jun/2018:15:15:05 -0700] "GET /maccdc2012/dns.log.gz HTTP/1.1" 200 6629420 "http://www.secrepo.com/" "Mozilla/5.0 (Windows NT 10.0; Win64; x64; rv:60.0) Gecko/20100101 Firefox/60.0" 
134.197.29.151 - - [12/Jun/2018:15:15:17 -0700] "GET /maccdc2012/notice.log.gz HTTP/1.1" 200 20779 "http://www.secrepo.com/" "Mozilla/5.0 (Windows NT 10.0; Win64; x64; rv:60.0) Gecko/20100101 Firefox/60.0" 
134.197.29.151 - - [12/Jun/2018:15:15:20 -0700] "GET /maccdc2012/signatures.log.gz HTTP/1.1" 200 605 "http://www.secrepo.com/" "Mozilla/5.0 (Windows NT 10.0; Win64; x64; rv:60.0) Gecko/20100101 Firefox/60.0" 
134.197.29.151 - - [12/Jun/2018:15:15:08 -0700] "GET /maccdc2012/files.log.gz HTTP/1.1" 200 51408672 "http://www.secrepo.com/" "Mozilla/5.0 (Windows NT 10.0; Win64; x64; rv:60.0) Gecko/20100101 Firefox/60.0" 
134.197.29.151 - - [12/Jun/2018:15:15:23 -0700] "GET /maccdc2012/smtp.log.gz HTTP/1.1" 200 6908 "http://www.secrepo.com/" "Mozilla/5.0 (Windows NT 10.0; Win64; x64; rv:60.0) Gecko/20100101 Firefox/60.0" 
134.197.29.151 - - [12/Jun/2018:15:15:26 -0700] "GET /maccdc2012/ssh.log.gz HTTP/1.1" 200 182517 "http://www.secrepo.com/" "Mozilla/5.0 (Windows NT 10.0; Win64; x64; rv:60.0) Gecko/20100101 Firefox/60.0" 
134.197.29.151 - - [12/Jun/2018:15:15:14 -0700] "GET /maccdc2012/http.log.gz HTTP/1.1" 200 54258816 "http://www.secrepo.com/" "Mozilla/5.0 (Windows NT 10.0; Win64; x64; rv:60.0) Gecko/20100101 Firefox/60.0" 
134.197.29.151 - - [12/Jun/2018:15:15:29 -0700] "GET /maccdc2012/ssl.log.gz HTTP/1.1" 200 1313675 "http://www.secrepo.com/" "Mozilla/5.0 (Windows NT 10.0; Win64; x64; rv:60.0) Gecko/20100101 Firefox/60.0" 
134.197.29.151 - - [12/Jun/2018:15:15:33 -0700] "GET /maccdc2012/tunnel.log.gz HTTP/1.1" 200 5229 "http://www.secrepo.com/" "Mozilla/5.0 (Windows NT 10.0; Win64; x64; rv:60.0) Gecko/20100101 Firefox/60.0" 
134.197.29.151 - - [12/Jun/2018:15:15:36 -0700] "GET /maccdc2012/weird.log.gz HTTP/1.1" 200 1242777 "http://www.secrepo.com/" "Mozilla/5.0 (Windows NT 10.0; Win64; x64; rv:60.0) Gecko/20100101 Firefox/60.0" 
134.197.29.151 - - [12/Jun/2018:15:15:39 -0700] "GET /maccdc2012/maccdc2012_fast_alert.7z HTTP/1.1" 200 9478148 "http://www.secrepo.com/" "Mozilla/5.0 (Windows NT 10.0; Win64; x64; rv:60.0) Gecko/20100101 Firefox/60.0" 
134.197.29.151 - - [12/Jun/2018:15:15:42 -0700] "GET /maccdc2012/maccdc2012_full_alert.7z HTTP/1.1" 200 24978941 "http://www.secrepo.com/" "Mozilla/5.0 (Windows NT 10.0; Win64; x64; rv:60.0) Gecko/20100101 Firefox/60.0" 
134.197.29.151 - - [12/Jun/2018:15:15:45 -0700] "GET /tg/a.zip HTTP/1.1" 200 66189336 "http://www.secrepo.com/" "Mozilla/5.0 (Windows NT 10.0; Win64; x64; rv:60.0) Gecko/20100101 Firefox/60.0" 
134.197.29.151 - - [12/Jun/2018:15:15:50 -0700] "GET /tg/c.zip HTTP/1.1" 200 63359117 "http://www.secrepo.com/" "Mozilla/5.0 (Windows NT 10.0; Win64; x64; rv:60.0) Gecko/20100101 Firefox/60.0" 
134.197.29.151 - - [12/Jun/2018:15:15:48 -0700] "GET /tg/b.zip HTTP/1.1" 200 42298164 "http://www.secrepo.com/" "Mozilla/5.0 (Windows NT 10.0; Win64; x64; rv:60.0) Gecko/20100101 Firefox/60.0" 
88.234.96.150 - - [12/Jun/2018:15:16:59 -0700] "GET /wp-login.php HTTP/1.1" 418 732 "-" "Mozilla/5.0 (Windows NT 6.1; WOW64; rv:40.0) Gecko/20100101 Firefox/40.1" 
88.234.96.150 - - [12/Jun/2018:15:16:59 -0700] "GET / HTTP/1.1" 418 732 "-" "Mozilla/5.0 (Windows NT 6.1; WOW64; rv:40.0) Gecko/20100101 Firefox/40.1" 
207.46.13.29 - - [12/Jun/2018:15:17:04 -0700] "GET / HTTP/1.1" 301 483 "-" "Mozilla/5.0 (compatible; bingbot/2.0; +http://www.bing.com/bingbot.htm)" 
54.36.149.94 - - [12/Jun/2018:15:17:19 -0700] "GET /self.logs/2016/access.log.2016-06-11.gz HTTP/1.1" 200 7678 "-" "Mozilla/5.0 (compatible; AhrefsBot/5.2; +http://ahrefs.com/robot/)" 
207.46.13.29 - - [12/Jun/2018:15:19:59 -0700] "GET / HTTP/1.1" 200 11355 "-" "Mozilla/5.0 (compatible; bingbot/2.0; +http://www.bing.com/bingbot.htm)" 
77.75.78.160 - - [12/Jun/2018:15:22:18 -0700] "GET /robots.txt HTTP/1.1" 200 334 "-" "Mozilla/5.0 (compatible; SeznamBot/3.2; +http://napoveda.seznam.cz/en/seznambot-intro/)" 
77.75.78.160 - - [12/Jun/2018:15:22:20 -0700] "GET /self.logs/access.log.2018-05-22.gz HTTP/1.1" 200 19564 "-" "Mozilla/5.0 (compatible; SeznamBot/3.2; +http://napoveda.seznam.cz/en/seznambot-intro/)" 
77.75.78.160 - - [12/Jun/2018:15:22:22 -0700] "GET /honeypot/honeypot.json.zip HTTP/1.1" 200 23085975 "-" "Mozilla/5.0 (compatible; SeznamBot/3.2; +http://napoveda.seznam.cz/en/seznambot-intro/)" 
54.36.149.106 - - [12/Jun/2018:15:22:37 -0700] "GET /self.logs/access.log.2015-05-26.gz HTTP/1.1" 404 284 "-" "Mozilla/5.0 (compatible; AhrefsBot/5.2; +http://ahrefs.com/robot/)" 
207.46.13.29 - - [12/Jun/2018:15:23:36 -0700] "GET /self.logs/access.log.2017-10-22.gz HTTP/1.1" 200 22264 "-" "Mozilla/5.0 (compatible; bingbot/2.0; +http://www.bing.com/bingbot.htm)" 
98.210.179.70 - - [12/Jun/2018:15:25:05 -0700] "GET /wp-login.php HTTP/1.1" 418 732 "-" "Mozilla/5.0 (Windows NT 6.1; WOW64; rv:40.0) Gecko/20100101 Firefox/40.1" 
98.210.179.70 - - [12/Jun/2018:15:25:05 -0700] "GET / HTTP/1.1" 418 732 "-" "Mozilla/5.0 (Windows NT 6.1; WOW64; rv:40.0) Gecko/20100101 Firefox/40.1" 
54.36.149.94 - - [12/Jun/2018:15:27:08 -0700] "GET /self.logs/error.log.2017-07-12.gz HTTP/1.1" 200 858 "-" "Mozilla/5.0 (compatible; AhrefsBot/5.2; +http://ahrefs.com/robot/)" 
54.36.148.167 - - [12/Jun/2018:15:28:50 -0700] "GET /self.logs/2016/error.log.2016-11-19.gz HTTP/1.1" 200 571 "-" "Mozilla/5.0 (compatible; AhrefsBot/5.2; +http://ahrefs.com/robot/)" 
216.244.66.245 - - [12/Jun/2018:15:29:32 -0700] "GET /robots.txt HTTP/1.1" 200 233 "-" "Mozilla/5.0 (compatible; DotBot/1.1; http://www.opensiteexplorer.org/dotbot, help@moz.com)" 
54.36.149.82 - - [12/Jun/2018:15:31:33 -0700] "GET /self.logs/access.log.2018-01-31.gz HTTP/1.1" 200 37000 "-" "Mozilla/5.0 (compatible; AhrefsBot/5.2; +http://ahrefs.com/robot/)" 
216.244.66.245 - - [12/Jun/2018:15:33:32 -0700] "GET /self.logs/error.log.2017-12-01.gz HTTP/1.1" 200 1891 "-" "Mozilla/5.0 (compatible; DotBot/1.1; http://www.opensiteexplorer.org/dotbot, help@moz.com)" 
216.244.66.245 - - [12/Jun/2018:15:34:23 -0700] "GET /self.logs/access.log.2015-07-17.gz HTTP/1.1" 404 239 "-" "Mozilla/5.0 (compatible; DotBot/1.1; http://www.opensiteexplorer.org/dotbot, help@moz.com)" 
216.244.66.245 - - [12/Jun/2018:15:34:24 -0700] "GET /self.logs/access.log.2015-08-06.gz HTTP/1.1" 404 239 "-" "Mozilla/5.0 (compatible; DotBot/1.1; http://www.opensiteexplorer.org/dotbot, help@moz.com)" 
216.244.66.245 - - [12/Jun/2018:15:34:25 -0700] "GET /self.logs/access.log.2015-11-07.gz HTTP/1.1" 404 239 "-" "Mozilla/5.0 (compatible; DotBot/1.1; http://www.opensiteexplorer.org/dotbot, help@moz.com)" 
216.244.66.245 - - [12/Jun/2018:15:34:26 -0700] "GET /self.logs/access.log.2016-02-06.gz HTTP/1.1" 404 239 "-" "Mozilla/5.0 (compatible; DotBot/1.1; http://www.opensiteexplorer.org/dotbot, help@moz.com)" 
216.244.66.245 - - [12/Jun/2018:15:34:28 -0700] "GET /self.logs/access.log.2016-09-11.gz HTTP/1.1" 404 239 "-" "Mozilla/5.0 (compatible; DotBot/1.1; http://www.opensiteexplorer.org/dotbot, help@moz.com)" 
216.244.66.245 - - [12/Jun/2018:15:34:29 -0700] "GET /self.logs/error.log.2015-02-05.gz HTTP/1.1" 404 239 "-" "Mozilla/5.0 (compatible; DotBot/1.1; http://www.opensiteexplorer.org/dotbot, help@moz.com)" 
216.244.66.245 - - [12/Jun/2018:15:34:30 -0700] "GET /self.logs/error.log.2015-03-18.gz HTTP/1.1" 404 239 "-" "Mozilla/5.0 (compatible; DotBot/1.1; http://www.opensiteexplorer.org/dotbot, help@moz.com)" 
216.244.66.245 - - [12/Jun/2018:15:34:31 -0700] "GET /self.logs/error.log.2015-03-29.gz HTTP/1.1" 404 239 "-" "Mozilla/5.0 (compatible; DotBot/1.1; http://www.opensiteexplorer.org/dotbot, help@moz.com)" 
216.244.66.245 - - [12/Jun/2018:15:34:32 -0700] "GET /self.logs/error.log.2015-04-16.gz HTTP/1.1" 404 239 "-" "Mozilla/5.0 (compatible; DotBot/1.1; http://www.opensiteexplorer.org/dotbot, help@moz.com)" 
216.244.66.245 - - [12/Jun/2018:15:34:33 -0700] "GET /self.logs/error.log.2015-05-16.gz HTTP/1.1" 404 239 "-" "Mozilla/5.0 (compatible; DotBot/1.1; http://www.opensiteexplorer.org/dotbot, help@moz.com)" 
216.244.66.245 - - [12/Jun/2018:15:34:34 -0700] "GET /self.logs/error.log.2015-06-19.gz HTTP/1.1" 404 239 "-" "Mozilla/5.0 (compatible; DotBot/1.1; http://www.opensiteexplorer.org/dotbot, help@moz.com)" 
216.244.66.245 - - [12/Jun/2018:15:34:35 -0700] "GET /self.logs/error.log.2015-07-18.gz HTTP/1.1" 404 239 "-" "Mozilla/5.0 (compatible; DotBot/1.1; http://www.opensiteexplorer.org/dotbot, help@moz.com)" 
105.159.12.133 - - [12/Jun/2018:15:46:59 -0700] "GET / HTTP/1.1" 200 11355 "https://www.google.com/" "Mozilla/5.0 (Macintosh; Intel Mac OS X 10.13; rv:60.0) Gecko/20100101 Firefox/60.0" 
105.159.12.133 - - [12/Jun/2018:15:46:59 -0700] "GET /twitter-icon.png HTTP/1.1" 200 27787 "http://www.secrepo.com/" "Mozilla/5.0 (Macintosh; Intel Mac OS X 10.13; rv:60.0) Gecko/20100101 Firefox/60.0" 
105.159.12.133 - - [12/Jun/2018:15:47:00 -0700] "GET /GitHub-Mark.png HTTP/1.1" 200 7428 "http://www.secrepo.com/" "Mozilla/5.0 (Macintosh; Intel Mac OS X 10.13; rv:60.0) Gecko/20100101 Firefox/60.0" 
105.159.12.133 - - [12/Jun/2018:15:47:00 -0700] "GET /bootstrap/img/favicon.ico HTTP/1.1" 200 589 "-" "Mozilla/5.0 (Macintosh; Intel Mac OS X 10.13; rv:60.0) Gecko/20100101 Firefox/60.0" 
113.171.224.176 - - [12/Jun/2018:15:51:33 -0700] "GET /honeypot/Honeypot%20-%20Howto.pdf HTTP/1.1" 200 46720 "-" "Mozilla/5.0 Gecko/20100115 Firefox/3.6" 
216.244.66.245 - - [12/Jun/2018:15:52:54 -0700] "GET /robots.txt HTTP/1.1" 200 233 "-" "Mozilla/5.0 (compatible; DotBot/1.1; http://www.opensiteexplorer.org/dotbot, help@moz.com)" 
54.36.149.89 - - [12/Jun/2018:15:56:40 -0700] "GET /self.logs/access.log.2015-10-30.gz HTTP/1.1" 404 284 "-" "Mozilla/5.0 (compatible; AhrefsBot/5.2; +http://ahrefs.com/robot/)" 
216.244.66.245 - - [12/Jun/2018:15:56:49 -0700] "GET /auth.log/auth.log.gz HTTP/1.1" 200 615513 "-" "Mozilla/5.0 (compatible; DotBot/1.1; http://www.opensiteexplorer.org/dotbot, help@moz.com)" 
216.244.66.245 - - [12/Jun/2018:15:57:07 -0700] "GET /squid/access.log.gz HTTP/1.1" 200 2579820 "-" "Mozilla/5.0 (compatible; DotBot/1.1; http://www.opensiteexplorer.org/dotbot, help@moz.com)" 
216.244.66.245 - - [12/Jun/2018:15:57:50 -0700] "GET /self.logs/access.log.2015-07-23.gz HTTP/1.1" 404 239 "-" "Mozilla/5.0 (compatible; DotBot/1.1; http://www.opensiteexplorer.org/dotbot, help@moz.com)" 
216.244.66.245 - - [12/Jun/2018:15:57:52 -0700] "GET /self.logs/access.log.2015-08-26.gz HTTP/1.1" 404 239 "-" "Mozilla/5.0 (compatible; DotBot/1.1; http://www.opensiteexplorer.org/dotbot, help@moz.com)" 
216.244.66.245 - - [12/Jun/2018:15:57:53 -0700] "GET /self.logs/access.log.2016-06-26.gz HTTP/1.1" 404 239 "-" "Mozilla/5.0 (compatible; DotBot/1.1; http://www.opensiteexplorer.org/dotbot, help@moz.com)" 
216.244.66.245 - - [12/Jun/2018:15:57:55 -0700] "GET /self.logs/error.log.2015-06-25.gz HTTP/1.1" 404 239 "-" "Mozilla/5.0 (compatible; DotBot/1.1; http://www.opensiteexplorer.org/dotbot, help@moz.com)" 
216.244.66.245 - - [12/Jun/2018:15:57:56 -0700] "GET /self.logs/error.log.2015-10-01.gz HTTP/1.1" 404 239 "-" "Mozilla/5.0 (compatible; DotBot/1.1; http://www.opensiteexplorer.org/dotbot, help@moz.com)" 
216.244.66.245 - - [12/Jun/2018:15:57:57 -0700] "GET /self.logs/error.log.2016-03-12.gz HTTP/1.1" 404 239 "-" "Mozilla/5.0 (compatible; DotBot/1.1; http://www.opensiteexplorer.org/dotbot, help@moz.com)" 
207.46.13.29 - - [12/Jun/2018:16:00:38 -0700] "GET /self.logs/error.log.2017-08-31.gz HTTP/1.1" 200 1311 "-" "Mozilla/5.0 (compatible; bingbot/2.0; +http://www.bing.com/bingbot.htm)" 
46.185.74.179 - - [12/Jun/2018:16:00:48 -0700] "GET /honeypot/ HTTP/1.1" 200 1077 "http://shnyagi.net/" "Mozilla/4.0 (compatible; MSIE 6.0; Windows XP)" 
46.185.74.179 - - [12/Jun/2018:16:00:49 -0700] "GET /honeypot/ HTTP/1.1" 200 1077 "http://shnyagi.net/" "Mozilla/4.0 (compatible; MSIE 6.0; Windows XP)" 
46.185.74.179 - - [12/Jun/2018:16:00:49 -0700] "GET /honeypot/ HTTP/1.1" 200 1077 "http://shnyagi.net/" "Mozilla/4.0 (compatible; MSIE 6.0; Windows XP)" 
54.36.148.20 - - [12/Jun/2018:16:01:48 -0700] "GET /self.logs/?C=M;O=A HTTP/1.1" 200 10727 "-" "Mozilla/5.0 (compatible; AhrefsBot/5.2; +http://ahrefs.com/robot/)" 
52.165.166.139 - - [12/Jun/2018:16:10:03 -0700] "GET / HTTP/1.1" 301 427 "-" "Mozilla/5.0 (X11; Ubuntu; Linux x86_64; rv:59.0) Gecko/20100101 Firefox/59.0" 
54.36.148.234 - - [12/Jun/2018:16:16:15 -0700] "GET /self.logs/error.log.2017-12-28.gz HTTP/1.1" 200 2073 "-" "Mozilla/5.0 (compatible; AhrefsBot/5.2; +http://ahrefs.com/robot/)" 
216.244.66.245 - - [12/Jun/2018:16:16:56 -0700] "GET /robots.txt HTTP/1.1" 200 233 "-" "Mozilla/5.0 (compatible; DotBot/1.1; http://www.opensiteexplorer.org/dotbot, help@moz.com)" 
193.219.171.1 - - [12/Jun/2018:16:18:12 -0700] "GET /wp-login.php HTTP/1.1" 418 732 "-" "Mozilla/5.0 (Windows NT 6.1; WOW64; rv:40.0) Gecko/20100101 Firefox/40.1" 
193.219.171.1 - - [12/Jun/2018:16:18:13 -0700] "GET / HTTP/1.1" 418 732 "-" "Mozilla/5.0 (Windows NT 6.1; WOW64; rv:40.0) Gecko/20100101 Firefox/40.1" 
54.36.148.166 - - [12/Jun/2018:16:19:27 -0700] "GET /self.logs/access.log.2015-03-15.gz HTTP/1.1" 404 284 "-" "Mozilla/5.0 (compatible; AhrefsBot/5.2; +http://ahrefs.com/robot/)" 
199.58.86.211 - - [12/Jun/2018:16:20:29 -0700] "GET /robots.txt HTTP/1.1" 200 289 "-" "Mozilla/5.0 (compatible; MJ12bot/v1.4.8; http://mj12bot.com/)" 
199.58.86.211 - - [12/Jun/2018:16:20:31 -0700] "GET / HTTP/1.1" 200 38539 "-" "Mozilla/5.0 (compatible; MJ12bot/v1.4.8; http://mj12bot.com/)" 
77.75.78.167 - - [12/Jun/2018:16:21:21 -0700] "GET /robots.txt HTTP/1.1" 200 334 "-" "Mozilla/5.0 (compatible; SeznamBot/3.2; +http://napoveda.seznam.cz/en/seznambot-intro/)" 
77.75.78.167 - - [12/Jun/2018:16:21:22 -0700] "GET /honeypot/Honeypot%20-%20Howto.pdf HTTP/1.1" 304 168 "-" "Mozilla/5.0 (compatible; SeznamBot/3.2; +http://napoveda.seznam.cz/en/seznambot-intro/)" 
77.75.78.167 - - [12/Jun/2018:16:21:23 -0700] "GET /self.logs/?C=M;O=D HTTP/1.1" 200 10894 "-" "Mozilla/5.0 (compatible; SeznamBot/3.2; +http://napoveda.seznam.cz/en/seznambot-intro/)" 
207.46.13.113 - - [12/Jun/2018:16:21:26 -0700] "GET /self.logs/error.log.2017-03-30.gz HTTP/1.1" 301 544 "-" "Mozilla/5.0 (compatible; bingbot/2.0; +http://www.bing.com/bingbot.htm)" 
216.244.66.245 - - [12/Jun/2018:16:21:53 -0700] "GET /self.logs/access.log.2015-03-18.gz HTTP/1.1" 404 239 "-" "Mozilla/5.0 (compatible; DotBot/1.1; http://www.opensiteexplorer.org/dotbot, help@moz.com)" 
216.244.66.245 - - [12/Jun/2018:16:21:54 -0700] "GET /self.logs/access.log.2015-07-09.gz HTTP/1.1" 404 239 "-" "Mozilla/5.0 (compatible; DotBot/1.1; http://www.opensiteexplorer.org/dotbot, help@moz.com)" 
216.244.66.245 - - [12/Jun/2018:16:21:55 -0700] "GET /self.logs/access.log.2016-10-06.gz HTTP/1.1" 404 239 "-" "Mozilla/5.0 (compatible; DotBot/1.1; http://www.opensiteexplorer.org/dotbot, help@moz.com)" 
216.244.66.245 - - [12/Jun/2018:16:21:56 -0700] "GET /self.logs/access.log.2016-12-17.gz HTTP/1.1" 404 239 "-" "Mozilla/5.0 (compatible; DotBot/1.1; http://www.opensiteexplorer.org/dotbot, help@moz.com)" 
216.244.66.245 - - [12/Jun/2018:16:21:58 -0700] "GET /self.logs/error.log.2015-04-05.gz HTTP/1.1" 404 239 "-" "Mozilla/5.0 (compatible; DotBot/1.1; http://www.opensiteexplorer.org/dotbot, help@moz.com)" 
216.244.66.245 - - [12/Jun/2018:16:21:59 -0700] "GET /self.logs/error.log.2015-05-24.gz HTTP/1.1" 404 239 "-" "Mozilla/5.0 (compatible; DotBot/1.1; http://www.opensiteexplorer.org/dotbot, help@moz.com)" 
216.244.66.245 - - [12/Jun/2018:16:22:00 -0700] "GET /self.logs/error.log.2015-07-13.gz HTTP/1.1" 404 239 "-" "Mozilla/5.0 (compatible; DotBot/1.1; http://www.opensiteexplorer.org/dotbot, help@moz.com)" 
216.244.66.245 - - [12/Jun/2018:16:22:02 -0700] "GET /self.logs/error.log.2015-08-13.gz HTTP/1.1" 404 239 "-" "Mozilla/5.0 (compatible; DotBot/1.1; http://www.opensiteexplorer.org/dotbot, help@moz.com)" 
216.244.66.245 - - [12/Jun/2018:16:22:03 -0700] "GET /self.logs/error.log.2016-01-12.gz HTTP/1.1" 404 239 "-" "Mozilla/5.0 (compatible; DotBot/1.1; http://www.opensiteexplorer.org/dotbot, help@moz.com)" 
216.244.66.245 - - [12/Jun/2018:16:22:04 -0700] "GET /self.logs/error.log.2016-09-24.gz HTTP/1.1" 404 239 "-" "Mozilla/5.0 (compatible; DotBot/1.1; http://www.opensiteexplorer.org/dotbot, help@moz.com)" 
54.36.149.15 - - [12/Jun/2018:16:26:53 -0700] "GET /self.logs/error.log.2017-03-13.gz HTTP/1.1" 200 1148 "-" "Mozilla/5.0 (compatible; AhrefsBot/5.2; +http://ahrefs.com/robot/)" 
66.249.93.95 - - [12/Jun/2018:16:27:51 -0700] "GET / HTTP/1.1" 200 11355 "-" "Mozilla/5.0 (X11; Linux x86_64) AppleWebKit/537.36 (KHTML, like Gecko) Chrome/49.0.2623.75 Safari/537.36 Google Favicon" 
66.249.93.95 - - [12/Jun/2018:16:27:52 -0700] "GET /bootstrap/img/favicon.ico HTTP/1.1" 200 589 "-" "Mozilla/5.0 (X11; Linux x86_64) AppleWebKit/537.36 (KHTML, like Gecko) Chrome/49.0.2623.75 Safari/537.36 Google Favicon" 
54.36.148.93 - - [12/Jun/2018:16:29:18 -0700] "GET /self.logs/error.log.2016-09-04.gz HTTP/1.1" 404 284 "-" "Mozilla/5.0 (compatible; AhrefsBot/5.2; +http://ahrefs.com/robot/)" 
54.36.148.114 - - [12/Jun/2018:16:30:11 -0700] "GET /self.logs/access.log.2016-07-10.gz HTTP/1.1" 404 284 "-" "Mozilla/5.0 (compatible; AhrefsBot/5.2; +http://ahrefs.com/robot/)" 
216.244.66.245 - - [12/Jun/2018:16:40:27 -0700] "GET /robots.txt HTTP/1.1" 200 233 "-" "Mozilla/5.0 (compatible; DotBot/1.1; http://www.opensiteexplorer.org/dotbot, help@moz.com)" 
54.36.148.183 - - [12/Jun/2018:16:40:51 -0700] "GET /self.logs/2016/access.log.2016-08-28.gz HTTP/1.1" 200 7261 "-" "Mozilla/5.0 (compatible; AhrefsBot/5.2; +http://ahrefs.com/robot/)" 
41.140.5.164 - - [12/Jun/2018:16:44:17 -0700] "GET /self.logs/ HTTP/1.1" 200 10433 "http://enigmater.blogspot.com/2017/03/intrusion-detection-based-on-supervised.html" "Mozilla/5.0 (Windows NT 10.0; Win64; x64) AppleWebKit/537.36 (KHTML, like Gecko) Chrome/66.0.3359.170 Safari/537.36 OPR/53.0.2907.68" 
41.140.5.164 - - [12/Jun/2018:16:44:18 -0700] "GET /favicon.ico HTTP/1.1" 200 267 "http://www.secrepo.com/self.logs/" "Mozilla/5.0 (Windows NT 10.0; Win64; x64) AppleWebKit/537.36 (KHTML, like Gecko) Chrome/66.0.3359.170 Safari/537.36 OPR/53.0.2907.68" 
216.244.66.245 - - [12/Jun/2018:16:45:33 -0700] "GET /self.logs/access.log.2016-11-16.gz HTTP/1.1" 404 239 "-" "Mozilla/5.0 (compatible; DotBot/1.1; http://www.opensiteexplorer.org/dotbot, help@moz.com)" 
216.244.66.245 - - [12/Jun/2018:16:45:34 -0700] "GET /self.logs/error.log.2015-03-01.gz HTTP/1.1" 404 239 "-" "Mozilla/5.0 (compatible; DotBot/1.1; http://www.opensiteexplorer.org/dotbot, help@moz.com)" 
216.244.66.245 - - [12/Jun/2018:16:45:36 -0700] "GET /self.logs/error.log.2015-10-23.gz HTTP/1.1" 404 239 "-" "Mozilla/5.0 (compatible; DotBot/1.1; http://www.opensiteexplorer.org/dotbot, help@moz.com)" 
216.244.66.245 - - [12/Jun/2018:16:45:37 -0700] "GET /self.logs/error.log.2015-11-16.gz HTTP/1.1" 404 239 "-" "Mozilla/5.0 (compatible; DotBot/1.1; http://www.opensiteexplorer.org/dotbot, help@moz.com)" 
216.244.66.245 - - [12/Jun/2018:16:45:38 -0700] "GET /self.logs/error.log.2016-03-10.gz HTTP/1.1" 404 239 "-" "Mozilla/5.0 (compatible; DotBot/1.1; http://www.opensiteexplorer.org/dotbot, help@moz.com)" 
216.244.66.245 - - [12/Jun/2018:16:45:40 -0700] "GET /self.logs/error.log.2016-05-10.gz HTTP/1.1" 404 239 "-" "Mozilla/5.0 (compatible; DotBot/1.1; http://www.opensiteexplorer.org/dotbot, help@moz.com)" 
216.244.66.245 - - [12/Jun/2018:16:45:41 -0700] "GET /self.logs/error.log.2016-08-20.gz HTTP/1.1" 404 239 "-" "Mozilla/5.0 (compatible; DotBot/1.1; http://www.opensiteexplorer.org/dotbot, help@moz.com)" 
216.244.66.245 - - [12/Jun/2018:16:45:43 -0700] "GET /self.logs/error.log.2016-08-31.gz HTTP/1.1" 404 239 "-" "Mozilla/5.0 (compatible; DotBot/1.1; http://www.opensiteexplorer.org/dotbot, help@moz.com)" 
54.36.148.143 - - [12/Jun/2018:16:49:59 -0700] "GET /self.logs/access.log.2016-03-20.gz HTTP/1.1" 404 284 "-" "Mozilla/5.0 (compatible; AhrefsBot/5.2; +http://ahrefs.com/robot/)" 
54.36.148.164 - - [12/Jun/2018:16:50:05 -0700] "GET /self.logs/access.log.2017-09-28.gz HTTP/1.1" 200 26557 "-" "Mozilla/5.0 (compatible; AhrefsBot/5.2; +http://ahrefs.com/robot/)" 
213.233.217.33 - - [12/Jun/2018:16:51:33 -0700] "GET / HTTP/1.1" 200 11355 "https://www.google.nl/" "Mozilla/5.0 (Windows NT 10.0; Win64; x64) AppleWebKit/537.36 (KHTML, like Gecko) Chrome/66.0.3359.181 Safari/537.36" 
213.233.217.33 - - [12/Jun/2018:16:51:34 -0700] "GET /twitter-icon.png HTTP/1.1" 200 27787 "http://www.secrepo.com/" "Mozilla/5.0 (Windows NT 10.0; Win64; x64) AppleWebKit/537.36 (KHTML, like Gecko) Chrome/66.0.3359.181 Safari/537.36" 
213.233.217.33 - - [12/Jun/2018:16:51:34 -0700] "GET /GitHub-Mark.png HTTP/1.1" 200 7428 "http://www.secrepo.com/" "Mozilla/5.0 (Windows NT 10.0; Win64; x64) AppleWebKit/537.36 (KHTML, like Gecko) Chrome/66.0.3359.181 Safari/537.36" 
213.233.217.33 - - [12/Jun/2018:16:51:34 -0700] "GET /bootstrap/img/favicon.ico HTTP/1.1" 200 589 "http://www.secrepo.com/" "Mozilla/5.0 (Windows NT 10.0; Win64; x64) AppleWebKit/537.36 (KHTML, like Gecko) Chrome/66.0.3359.181 Safari/537.36" 
113.171.224.176 - - [12/Jun/2018:16:51:41 -0700] "GET /honeypot/Honeypot%20-%20Howto.pdf HTTP/1.1" 200 46720 "-" "Mozilla/5.0 Gecko/20100115 Firefox/3.6" 
189.78.172.9 - - [12/Jun/2018:16:52:31 -0700] "GET /wp-login.php HTTP/1.1" 418 732 "-" "Mozilla/5.0 (Windows NT 6.1; WOW64; rv:40.0) Gecko/20100101 Firefox/40.1" 
189.78.172.9 - - [12/Jun/2018:16:52:32 -0700] "GET / HTTP/1.1" 418 732 "-" "Mozilla/5.0 (Windows NT 6.1; WOW64; rv:40.0) Gecko/20100101 Firefox/40.1" 
106.51.27.203 - - [12/Jun/2018:16:53:32 -0700] "GET / HTTP/1.1" 200 11355 "-" "Mozilla/5.0 (Windows NT 10.0; Win64; x64) AppleWebKit/537.36 (KHTML, like Gecko) Chrome/67.0.3396.79 Safari/537.36" 
106.51.27.203 - - [12/Jun/2018:16:53:33 -0700] "GET /twitter-icon.png HTTP/1.1" 200 27787 "http://www.secrepo.com/" "Mozilla/5.0 (Windows NT 10.0; Win64; x64) AppleWebKit/537.36 (KHTML, like Gecko) Chrome/67.0.3396.79 Safari/537.36" 
106.51.27.203 - - [12/Jun/2018:16:53:33 -0700] "GET /GitHub-Mark.png HTTP/1.1" 200 7428 "http://www.secrepo.com/" "Mozilla/5.0 (Windows NT 10.0; Win64; x64) AppleWebKit/537.36 (KHTML, like Gecko) Chrome/67.0.3396.79 Safari/537.36" 
106.51.27.203 - - [12/Jun/2018:16:53:34 -0700] "GET /bootstrap/img/favicon.ico HTTP/1.1" 200 589 "http://www.secrepo.com/" "Mozilla/5.0 (Windows NT 10.0; Win64; x64) AppleWebKit/537.36 (KHTML, like Gecko) Chrome/67.0.3396.79 Safari/537.36" 
112.202.159.223 - - [12/Jun/2018:16:54:36 -0700] "GET / HTTP/1.1" 200 11355 "-" "Mozilla/5.0 (Windows NT 6.1; Win64; x64) AppleWebKit/537.36 (KHTML, like Gecko) Chrome/66.0.3359.181 Safari/537.36" 
112.202.159.223 - - [12/Jun/2018:16:54:37 -0700] "GET /twitter-icon.png HTTP/1.1" 200 27787 "http://www.secrepo.com/" "Mozilla/5.0 (Windows NT 6.1; Win64; x64) AppleWebKit/537.36 (KHTML, like Gecko) Chrome/66.0.3359.181 Safari/537.36" 
112.202.159.223 - - [12/Jun/2018:16:54:37 -0700] "GET /GitHub-Mark.png HTTP/1.1" 200 7428 "http://www.secrepo.com/" "Mozilla/5.0 (Windows NT 6.1; Win64; x64) AppleWebKit/537.36 (KHTML, like Gecko) Chrome/66.0.3359.181 Safari/537.36" 
54.36.149.23 - - [12/Jun/2018:16:55:51 -0700] "GET /self.logs/2016/error.log.2016-10-28.gz HTTP/1.1" 200 600 "-" "Mozilla/5.0 (compatible; AhrefsBot/5.2; +http://ahrefs.com/robot/)" 
190.75.121.159 - - [12/Jun/2018:16:56:43 -0700] "GET /wp-login.php HTTP/1.1" 418 732 "-" "Mozilla/5.0 (Windows NT 6.1; WOW64; rv:40.0) Gecko/20100101 Firefox/40.1" 
190.75.121.159 - - [12/Jun/2018:16:56:47 -0700] "GET / HTTP/1.1" 418 732 "-" "Mozilla/5.0 (Windows NT 6.1; WOW64; rv:40.0) Gecko/20100101 Firefox/40.1" 
216.244.66.245 - - [12/Jun/2018:17:04:17 -0700] "GET /robots.txt HTTP/1.1" 200 233 "-" "Mozilla/5.0 (compatible; DotBot/1.1; http://www.opensiteexplorer.org/dotbot, help@moz.com)" 
52.200.221.20 - - [12/Jun/2018:17:05:34 -0700] "GET / HTTP/1.1" 200 38539 "-" "Mozilla/5.0 (Windows NT 6.1) AppleWebKit/537.2 (KHTML, like Gecko) Chrome/22.0.1216.0 Safari/537.2" 
52.200.221.20 - - [12/Jun/2018:17:05:34 -0700] "GET / HTTP/1.1" 200 38539 "-" "Mozilla/5.0 (Windows NT 6.1) AppleWebKit/537.2 (KHTML, like Gecko) Chrome/22.0.1216.0 Safari/537.2" 
54.36.148.45 - - [12/Jun/2018:17:06:16 -0700] "GET /self.logs/2016/error.log.2016-03-21.gz HTTP/1.1" 200 667 "-" "Mozilla/5.0 (compatible; AhrefsBot/5.2; +http://ahrefs.com/robot/)" 
197.15.238.123 - - [12/Jun/2018:17:08:08 -0700] "GET /wp-login.php HTTP/1.1" 418 732 "-" "Mozilla/5.0 (Windows NT 6.1; WOW64; rv:40.0) Gecko/20100101 Firefox/40.1" 
197.15.238.123 - - [12/Jun/2018:17:08:09 -0700] "GET / HTTP/1.1" 418 732 "-" "Mozilla/5.0 (Windows NT 6.1; WOW64; rv:40.0) Gecko/20100101 Firefox/40.1" 
216.244.66.245 - - [12/Jun/2018:17:08:23 -0700] "GET /self.logs/access.log.2018-03-04.gz HTTP/1.1" 200 25888 "-" "Mozilla/5.0 (compatible; DotBot/1.1; http://www.opensiteexplorer.org/dotbot, help@moz.com)" 
216.244.66.245 - - [12/Jun/2018:17:09:20 -0700] "GET /self.logs/access.log.2015-10-06.gz HTTP/1.1" 404 239 "-" "Mozilla/5.0 (compatible; DotBot/1.1; http://www.opensiteexplorer.org/dotbot, help@moz.com)" 
216.244.66.245 - - [12/Jun/2018:17:09:21 -0700] "GET /self.logs/access.log.2015-10-20.gz HTTP/1.1" 404 239 "-" "Mozilla/5.0 (compatible; DotBot/1.1; http://www.opensiteexplorer.org/dotbot, help@moz.com)" 
216.244.66.245 - - [12/Jun/2018:17:09:23 -0700] "GET /self.logs/access.log.2016-01-09.gz HTTP/1.1" 404 239 "-" "Mozilla/5.0 (compatible; DotBot/1.1; http://www.opensiteexplorer.org/dotbot, help@moz.com)" 
216.244.66.245 - - [12/Jun/2018:17:09:24 -0700] "GET /self.logs/access.log.2016-02-28.gz HTTP/1.1" 404 239 "-" "Mozilla/5.0 (compatible; DotBot/1.1; http://www.opensiteexplorer.org/dotbot, help@moz.com)" 
216.244.66.245 - - [12/Jun/2018:17:09:26 -0700] "GET /self.logs/access.log.2016-08-09.gz HTTP/1.1" 404 239 "-" "Mozilla/5.0 (compatible; DotBot/1.1; http://www.opensiteexplorer.org/dotbot, help@moz.com)" 
216.244.66.245 - - [12/Jun/2018:17:09:27 -0700] "GET /self.logs/error.log.2016-06-12.gz HTTP/1.1" 404 239 "-" "Mozilla/5.0 (compatible; DotBot/1.1; http://www.opensiteexplorer.org/dotbot, help@moz.com)" 
46.23.163.201 - - [12/Jun/2018:17:15:45 -0700] "GET / HTTP/1.1" 200 11355 "-" "Mozilla/5.0 (Macintosh; Intel Mac OS X 10_13_5) AppleWebKit/605.1.15 (KHTML, like Gecko)" 
46.23.163.201 - - [12/Jun/2018:17:15:45 -0700] "GET /apple-touch-icon-precomposed.png HTTP/1.1" 404 340 "-" "Safari/13605.2.8 CFNetwork/901.1 Darwin/17.6.0 (x86_64)" 
46.23.163.201 - - [12/Jun/2018:17:15:46 -0700] "GET /apple-touch-icon.png HTTP/1.1" 404 339 "-" "Safari/13605.2.8 CFNetwork/901.1 Darwin/17.6.0 (x86_64)" 
46.23.163.201 - - [12/Jun/2018:17:15:46 -0700] "GET /bootstrap/img/favicon.ico HTTP/1.1" 200 589 "-" "Safari/13605.2.8 CFNetwork/901.1 Darwin/17.6.0 (x86_64)" 
46.23.163.201 - - [12/Jun/2018:17:15:48 -0700] "GET / HTTP/1.1" 200 11355 "-" "\"Mozilla/5.0 (iPhone; CPU iPhone OS 11_0 like Mac OS X) AppleWebKit/604.1.38 (KHTML, like Gecko) Version/11.0 Mobile/15A372 Safari/604.1\"" 
46.23.163.201 - - [12/Jun/2018:17:15:48 -0700] "GET /apple-touch-icon-precomposed.png HTTP/1.1" 404 340 "-" "Safari/13605.2.8 CFNetwork/901.1 Darwin/17.6.0 (x86_64)" 
46.23.163.201 - - [12/Jun/2018:17:15:48 -0700] "GET /apple-touch-icon.png HTTP/1.1" 404 339 "-" "Safari/13605.2.8 CFNetwork/901.1 Darwin/17.6.0 (x86_64)" 
46.23.163.201 - - [12/Jun/2018:17:15:49 -0700] "GET /bootstrap/img/favicon.ico HTTP/1.1" 200 589 "-" "Safari/13605.2.8 CFNetwork/901.1 Darwin/17.6.0 (x86_64)" 
207.46.13.29 - - [12/Jun/2018:17:18:49 -0700] "GET /self.logs/access.log.2017-05-10.gz HTTP/1.1" 200 16114 "-" "Mozilla/5.0 (compatible; bingbot/2.0; +http://www.bing.com/bingbot.htm)" 
54.36.149.17 - - [12/Jun/2018:17:20:16 -0700] "GET /self.logs/2016/access.log.2016-11-13.gz HTTP/1.1" 200 12385 "-" "Mozilla/5.0 (compatible; AhrefsBot/5.2; +http://ahrefs.com/robot/)" 
54.36.148.235 - - [12/Jun/2018:17:21:39 -0700] "GET /self.logs/2016/error.log.2016-04-03.gz HTTP/1.1" 200 581 "-" "Mozilla/5.0 (compatible; AhrefsBot/5.2; +http://ahrefs.com/robot/)" 
66.249.66.83 - - [12/Jun/2018:17:22:15 -0700] "GET /self.logs/ HTTP/1.1" 200 10433 "-" "Mozilla/5.0 (compatible; Googlebot/2.1; +http://www.google.com/bot.html)" 
216.244.66.245 - - [12/Jun/2018:17:28:09 -0700] "GET /robots.txt HTTP/1.1" 200 233 "-" "Mozilla/5.0 (compatible; DotBot/1.1; http://www.opensiteexplorer.org/dotbot, help@moz.com)" 
54.36.148.23 - - [12/Jun/2018:17:31:50 -0700] "GET /self.logs/error.log.2016-05-08.gz HTTP/1.1" 404 284 "-" "Mozilla/5.0 (compatible; AhrefsBot/5.2; +http://ahrefs.com/robot/)" 
54.36.148.181 - - [12/Jun/2018:17:32:02 -0700] "GET /self.logs/access.log.2016-02-14.gz HTTP/1.1" 404 284 "-" "Mozilla/5.0 (compatible; AhrefsBot/5.2; +http://ahrefs.com/robot/)" 
216.244.66.245 - - [12/Jun/2018:17:32:25 -0700] "GET /maccdc2012/notice.log.gz HTTP/1.1" 200 20631 "-" "Mozilla/5.0 (compatible; DotBot/1.1; http://www.opensiteexplorer.org/dotbot, help@moz.com)" 
216.244.66.245 - - [12/Jun/2018:17:33:10 -0700] "GET /self.logs/access.log.2015-01-31.gz HTTP/1.1" 404 239 "-" "Mozilla/5.0 (compatible; DotBot/1.1; http://www.opensiteexplorer.org/dotbot, help@moz.com)" 
216.244.66.245 - - [12/Jun/2018:17:33:11 -0700] "GET /self.logs/access.log.2016-07-07.gz HTTP/1.1" 404 239 "-" "Mozilla/5.0 (compatible; DotBot/1.1; http://www.opensiteexplorer.org/dotbot, help@moz.com)" 
216.244.66.245 - - [12/Jun/2018:17:33:13 -0700] "GET /self.logs/error.log.2015-07-21.gz HTTP/1.1" 404 239 "-" "Mozilla/5.0 (compatible; DotBot/1.1; http://www.opensiteexplorer.org/dotbot, help@moz.com)" 
216.244.66.245 - - [12/Jun/2018:17:33:15 -0700] "GET /self.logs/error.log.2016-01-07.gz HTTP/1.1" 404 239 "-" "Mozilla/5.0 (compatible; DotBot/1.1; http://www.opensiteexplorer.org/dotbot, help@moz.com)" 
66.249.66.82 - - [12/Jun/2018:17:45:53 -0700] "GET /favicon.ico HTTP/1.1" 200 268 "-" "Googlebot-Image/1.0" 
216.244.66.245 - - [12/Jun/2018:17:51:17 -0700] "GET /robots.txt HTTP/1.1" 200 233 "-" "Mozilla/5.0 (compatible; DotBot/1.1; http://www.opensiteexplorer.org/dotbot, help@moz.com)" 
113.171.224.176 - - [12/Jun/2018:17:52:00 -0700] "GET /honeypot/Honeypot%20-%20Howto.pdf HTTP/1.1" 200 46720 "-" "Mozilla/5.0 Gecko/20100115 Firefox/3.6" 
54.36.148.187 - - [12/Jun/2018:17:53:43 -0700] "GET /self.logs/2015/error.log.2015-09-10.gz HTTP/1.1" 200 605 "-" "Mozilla/5.0 (compatible; AhrefsBot/5.2; +http://ahrefs.com/robot/)" 
216.244.66.245 - - [12/Jun/2018:17:56:12 -0700] "GET /self.logs/access.log.2015-06-17.gz HTTP/1.1" 404 239 "-" "Mozilla/5.0 (compatible; DotBot/1.1; http://www.opensiteexplorer.org/dotbot, help@moz.com)" 
216.244.66.245 - - [12/Jun/2018:17:56:14 -0700] "GET /self.logs/access.log.2015-08-23.gz HTTP/1.1" 404 239 "-" "Mozilla/5.0 (compatible; DotBot/1.1; http://www.opensiteexplorer.org/dotbot, help@moz.com)" 
216.244.66.245 - - [12/Jun/2018:17:56:15 -0700] "GET /self.logs/access.log.2016-06-10.gz HTTP/1.1" 404 239 "-" "Mozilla/5.0 (compatible; DotBot/1.1; http://www.opensiteexplorer.org/dotbot, help@moz.com)" 
216.244.66.245 - - [12/Jun/2018:17:56:16 -0700] "GET /self.logs/access.log.2016-12-27.gz HTTP/1.1" 404 239 "-" "Mozilla/5.0 (compatible; DotBot/1.1; http://www.opensiteexplorer.org/dotbot, help@moz.com)" 
216.244.66.245 - - [12/Jun/2018:17:56:17 -0700] "GET /self.logs/error.log.2015-02-16.gz HTTP/1.1" 404 239 "-" "Mozilla/5.0 (compatible; DotBot/1.1; http://www.opensiteexplorer.org/dotbot, help@moz.com)" 
216.244.66.245 - - [12/Jun/2018:17:56:19 -0700] "GET /self.logs/error.log.2015-03-23.gz HTTP/1.1" 404 239 "-" "Mozilla/5.0 (compatible; DotBot/1.1; http://www.opensiteexplorer.org/dotbot, help@moz.com)" 
216.244.66.245 - - [12/Jun/2018:17:56:20 -0700] "GET /self.logs/error.log.2015-04-06.gz HTTP/1.1" 404 239 "-" "Mozilla/5.0 (compatible; DotBot/1.1; http://www.opensiteexplorer.org/dotbot, help@moz.com)" 
216.244.66.245 - - [12/Jun/2018:17:56:21 -0700] "GET /self.logs/error.log.2015-04-20.gz HTTP/1.1" 404 239 "-" "Mozilla/5.0 (compatible; DotBot/1.1; http://www.opensiteexplorer.org/dotbot, help@moz.com)" 
216.244.66.245 - - [12/Jun/2018:17:56:22 -0700] "GET /self.logs/error.log.2015-05-27.gz HTTP/1.1" 404 239 "-" "Mozilla/5.0 (compatible; DotBot/1.1; http://www.opensiteexplorer.org/dotbot, help@moz.com)" 
216.244.66.245 - - [12/Jun/2018:17:56:23 -0700] "GET /self.logs/error.log.2015-08-03.gz HTTP/1.1" 404 239 "-" "Mozilla/5.0 (compatible; DotBot/1.1; http://www.opensiteexplorer.org/dotbot, help@moz.com)" 
216.244.66.245 - - [12/Jun/2018:17:56:25 -0700] "GET /self.logs/error.log.2015-08-07.gz HTTP/1.1" 404 239 "-" "Mozilla/5.0 (compatible; DotBot/1.1; http://www.opensiteexplorer.org/dotbot, help@moz.com)" 
108.59.8.70 - - [12/Jun/2018:17:57:40 -0700] "GET /robots.txt HTTP/1.1" 200 289 "-" "Mozilla/5.0 (compatible; MJ12bot/v1.4.8; http://mj12bot.com/)" 
108.59.8.70 - - [12/Jun/2018:17:57:42 -0700] "GET / HTTP/1.1" 200 38539 "-" "Mozilla/5.0 (compatible; MJ12bot/v1.4.8; http://mj12bot.com/)" 
52.165.166.139 - - [12/Jun/2018:17:58:33 -0700] "GET / HTTP/1.1" 301 427 "-" "Mozilla/5.0 (Windows NT 10.0; Win64; x64) AppleWebKit/537.36 (KHTML, like Gecko) Chrome/64.0.3282.186 Safari/537.36" 
54.36.148.226 - - [12/Jun/2018:18:01:00 -0700] "GET /self.logs/access.log.2016-03-18.gz HTTP/1.1" 404 284 "-" "Mozilla/5.0 (compatible; AhrefsBot/5.2; +http://ahrefs.com/robot/)" 
54.36.148.93 - - [12/Jun/2018:18:04:24 -0700] "GET /self.logs/error.log.2015-07-03.gz HTTP/1.1" 404 284 "-" "Mozilla/5.0 (compatible; AhrefsBot/5.2; +http://ahrefs.com/robot/)" 
54.36.149.59 - - [12/Jun/2018:18:06:47 -0700] "GET /self.logs/error.log.2017-02-01.gz HTTP/1.1" 200 810 "-" "Mozilla/5.0 (compatible; AhrefsBot/5.2; +http://ahrefs.com/robot/)" 
189.12.56.115 - - [12/Jun/2018:18:07:35 -0700] "GET /wp-login.php HTTP/1.1" 418 732 "-" "Mozilla/5.0 (Windows NT 6.1; WOW64; rv:40.0) Gecko/20100101 Firefox/40.1" 
189.12.56.115 - - [12/Jun/2018:18:07:35 -0700] "GET / HTTP/1.1" 418 732 "-" "Mozilla/5.0 (Windows NT 6.1; WOW64; rv:40.0) Gecko/20100101 Firefox/40.1" 
216.244.66.245 - - [12/Jun/2018:18:14:02 -0700] "GET /robots.txt HTTP/1.1" 200 233 "-" "Mozilla/5.0 (compatible; DotBot/1.1; http://www.opensiteexplorer.org/dotbot, help@moz.com)" 
54.36.148.187 - - [12/Jun/2018:18:14:29 -0700] "GET /self.logs/error.log.2018-01-27.gz HTTP/1.1" 200 1066 "-" "Mozilla/5.0 (compatible; AhrefsBot/5.2; +http://ahrefs.com/robot/)" 
216.244.66.245 - - [12/Jun/2018:18:19:00 -0700] "GET /self.logs/access.log.2015-02-07.gz HTTP/1.1" 404 239 "-" "Mozilla/5.0 (compatible; DotBot/1.1; http://www.opensiteexplorer.org/dotbot, help@moz.com)" 
216.244.66.245 - - [12/Jun/2018:18:19:02 -0700] "GET /self.logs/access.log.2015-05-30.gz HTTP/1.1" 404 239 "-" "Mozilla/5.0 (compatible; DotBot/1.1; http://www.opensiteexplorer.org/dotbot, help@moz.com)" 
216.244.66.245 - - [12/Jun/2018:18:19:05 -0700] "GET /self.logs/access.log.2015-06-18.gz HTTP/1.1" 404 239 "-" "Mozilla/5.0 (compatible; DotBot/1.1; http://www.opensiteexplorer.org/dotbot, help@moz.com)" 
216.244.66.245 - - [12/Jun/2018:18:19:05 -0700] "GET /self.logs/access.log.2016-09-28.gz HTTP/1.1" 404 239 "-" "Mozilla/5.0 (compatible; DotBot/1.1; http://www.opensiteexplorer.org/dotbot, help@moz.com)" 
216.244.66.245 - - [12/Jun/2018:18:19:06 -0700] "GET /self.logs/error.log.2015-05-14.gz HTTP/1.1" 404 239 "-" "Mozilla/5.0 (compatible; DotBot/1.1; http://www.opensiteexplorer.org/dotbot, help@moz.com)" 
216.244.66.245 - - [12/Jun/2018:18:19:07 -0700] "GET /self.logs/error.log.2015-08-23.gz HTTP/1.1" 404 239 "-" "Mozilla/5.0 (compatible; DotBot/1.1; http://www.opensiteexplorer.org/dotbot, help@moz.com)" 
216.244.66.245 - - [12/Jun/2018:18:19:09 -0700] "GET /self.logs/error.log.2015-10-25.gz HTTP/1.1" 404 239 "-" "Mozilla/5.0 (compatible; DotBot/1.1; http://www.opensiteexplorer.org/dotbot, help@moz.com)" 
216.244.66.245 - - [12/Jun/2018:18:19:10 -0700] "GET /self.logs/error.log.2015-11-03.gz HTTP/1.1" 404 239 "-" "Mozilla/5.0 (compatible; DotBot/1.1; http://www.opensiteexplorer.org/dotbot, help@moz.com)" 
216.244.66.245 - - [12/Jun/2018:18:19:11 -0700] "GET /self.logs/error.log.2016-05-04.gz HTTP/1.1" 404 239 "-" "Mozilla/5.0 (compatible; DotBot/1.1; http://www.opensiteexplorer.org/dotbot, help@moz.com)" 
216.244.66.245 - - [12/Jun/2018:18:19:13 -0700] "GET /self.logs/error.log.2016-11-02.gz HTTP/1.1" 404 239 "-" "Mozilla/5.0 (compatible; DotBot/1.1; http://www.opensiteexplorer.org/dotbot, help@moz.com)" 
106.11.222.219 - - [12/Jun/2018:18:19:44 -0700] "GET / HTTP/1.1" 301 446 "-" "Mozilla/5.0 (Linux; U; Android 6.0; zh-cn; x600 Build/ABXCNOP5902303111S) AppleWebKit/534.30 (KHTML, like Gecko) Version/4.0 UCBrowser/1.0.0.100 U3/0.8.0 Mobile Safari/534.30 AliApp(TB/6.6.4) WindVane/8.0.0 1080X1920 GCanvas/1.4.2.21" 
106.11.223.8 - - [12/Jun/2018:18:19:45 -0700] "GET / HTTP/1.1" 200 11318 "-" "Mozilla/5.0 (Linux; Android 5.0.2; SM-A5000 Build/LRX22C ) AppleWebKit/602.4.6 (KHTML, like Gecko) Mobile/14D27 Tx(Tx/6.1.0) WindVane/8.1.0 750x1334" 
106.11.222.230 - - [12/Jun/2018:18:19:55 -0700] "GET / HTTP/1.1" 301 483 "-" "Mozilla/5.0 (Linux; U; Android 6.0; zh-cn; x600 Build/ABXCNOP5902303111S) AppleWebKit/534.30 (KHTML, like Gecko) Version/4.0 UCBrowser/1.0.0.100 U3/0.8.0 Mobile Safari/534.30 AliApp(TB/6.6.4) WindVane/8.0.0 1080X1920 GCanvas/1.4.2.21" 
106.11.223.62 - - [12/Jun/2018:18:19:55 -0700] "GET / HTTP/1.1" 200 11355 "-" "Mozilla/5.0 (Linux; U; Android 6.0; zh-cn; x600 Build/ABXCNOP5902303111S) AppleWebKit/534.30 (KHTML, like Gecko) Version/4.0 UCBrowser/1.0.0.100 U3/0.8.0 Mobile Safari/534.30 AliApp(TB/6.6.4) WindVane/8.0.0 1080X1920 GCanvas/1.4.2.21" 
105.112.28.76 - - [12/Jun/2018:18:21:54 -0700] "GET / HTTP/1.1" 200 11355 "https://www.google.com/" "Mozilla/5.0 (Windows NT 6.1) AppleWebKit/537.36 (KHTML, like Gecko) Chrome/67.0.3396.79 Safari/537.36" 
37.215.70.32 - - [12/Jun/2018:18:22:56 -0700] "GET /honeypot/ HTTP/1.0" 200 1096 "http://www.secrepo.com/honeypot/" "Mozilla/5.0 (Windows NT 5.0; WOW64; rv:37.0) Gecko/20100101 Firefox/37.0" 
37.215.70.32 - - [12/Jun/2018:18:22:56 -0700] "GET / HTTP/1.0" 200 38584 "http://www.secrepo.com/" "Mozilla/5.0 (Windows NT 5.0; WOW64; rv:37.0) Gecko/20100101 Firefox/37.0" 
105.112.28.76 - - [12/Jun/2018:18:23:41 -0700] "GET /favicon.ico HTTP/1.1" 200 268 "http://www.secrepo.com/honeypot/Honeypot%20-%20Howto.pdf" "Mozilla/5.0 (Windows NT 6.1) AppleWebKit/537.36 (KHTML, like Gecko) Chrome/67.0.3396.79 Safari/537.36" 
