114.116.82.250 - - [02/Aug/2018:23:47:36 -0700] "GET /plus/download.php?open=1&arrs1[]=99&arrs1[]=102&arrs1[]=103&arrs1[]=95&arrs1[]=100&arrs1[]=98&arrs1[]=112&arrs1[]=114&arrs1[]=101&arrs1[]=102&arrs1[]=105&arrs1[]=120&arrs2[]=109&arrs2[]=121&arrs2[]=97&arrs2[]=100&arrs2[]=96&arrs2[]=32&arrs2[]=83&arrs2[]=69&arrs2[]=84&arrs2[]=32&arrs2[]=96&arrs2[]=110&arrs2[]=111&arrs2[]=114&arrs2[]=109&arrs2[]=98&arrs2[]=111&arrs2[]=100&arrs2[]=121&arrs2[]=96&arrs2[]=32&arrs2[]=61&arrs2[]=32&arrs2[]=39&arrs2[]=60&arrs2[]=63&arrs2[]=112&arrs2[]=104&arrs2[]=112&arrs2[]=32&arrs2[]=102&arrs2[]=105&arrs2[]=108&arrs2[]=101&arrs2[]=95&arrs2[]=112&arrs2[]=117&arrs2[]=116&arrs2[]=95&arrs2[]=99&arrs2[]=111&arrs2[]=110&arrs2[]=116&arrs2[]=101&arrs2[]=110&arrs2[]=116&arrs2[]=115&arrs2[]=40&arrs2[]=39&arrs2[]=39&arrs2[]=114&arrs2[]=101&arrs2[]=97&arrs2[]=100&arrs2[]=46&arrs2[]=112&arrs2[]=104&arrs2[]=112&arrs2[]=39&arrs2[]=39&arrs2[]=44&arrs2[]=39&arrs2[]=39&arrs2[]=60&arrs2[]=63&arrs2[]=112&arrs2[]=104&arrs2[]=112&arrs2[]=32&arrs2[]=101&arrs2[]=118&arrs2[]=97&arrs2[]=108&arrs2[]=40&arrs2[]=36&arrs2[]=95&arrs2[]=80&arrs2[]=79&arrs2[]=83&arrs2[]=84&arrs2[]=91&arrs2[]=120&arrs2[]=93&arrs2[]=41&arrs2[]=59&arrs2[]=101&arrs2[]=99&arrs2[]=104&arrs2[]=111&arrs2[]=32&arrs2[]=109&arrs2[]=79&arrs2[]=111&arrs2[]=110&arrs2[]=59&arrs2[]=63&arrs2[]=62&arrs2[]=39&arrs2[]=39&arrs2[]=41&arrs2[]=59&arrs2[]=63&arrs2[]=62&arrs2[]=39&arrs2[]=32&arrs2[]=87&arrs2[]=72&arrs2[]=69&arrs2[]=82&arrs2[]=69&arrs2[]=32&arrs2[]=96&arrs2[]=97&arrs2[]=105&arrs2[]=100&arrs2[]=96&arrs2[]=32&arrs2[]=61&arrs2[]=49&arrs2[]=57&arrs2[]=32&arrs2[]=35 HTTP/1.1" 418 584 "-" "Mozilla/5.0 (Macintosh; U; Intel Mac OS X 10_6_8; en-us) AppleWebKit/534.50 (KHTML, like Gecko) Version/5.1 Safari/534.50" 
114.116.82.250 - - [02/Aug/2018:23:47:37 -0700] "GET /plus/ad_js.php?aid=19 HTTP/1.1" 404 340 "-" "Mozilla/5.0 (Macintosh; U; Intel Mac OS X 10_6_8; en-us) AppleWebKit/534.50 (KHTML, like Gecko) Version/5.1 Safari/534.50" 
114.116.82.250 - - [02/Aug/2018:23:47:38 -0700] "GET /plus/read.php HTTP/1.1" 404 340 "-" "Mozilla/5.0 (Macintosh; U; Intel Mac OS X 10_6_8; en-us) AppleWebKit/534.50 (KHTML, like Gecko) Version/5.1 Safari/534.50" 
114.116.82.250 - - [02/Aug/2018:23:47:38 -0700] "POST /include/dialog/select_soft_post.php HTTP/1.1" 404 340 "-" "Mozilla/5.0 (Macintosh; U; Intel Mac OS X 10_6_8; en-us) AppleWebKit/534.50 (KHTML, like Gecko) Version/5.1 Safari/534.50" 
114.116.82.250 - - [02/Aug/2018:23:47:39 -0700] "GET /data/cache/asd.php HTTP/1.1" 404 340 "-" "Mozilla/5.0 (Macintosh; U; Intel Mac OS X 10_6_8; en-us) AppleWebKit/534.50 (KHTML, like Gecko) Version/5.1 Safari/534.50" 
114.116.82.250 - - [02/Aug/2018:23:47:39 -0700] "GET /install/index.php.bak?step=11&insLockfile=a&s_lang=x&install_demo_name=../data/admin/config_update.php HTTP/1.1" 404 340 "-" "Mozilla/5.0 (Macintosh; U; Intel Mac OS X 10_6_8; en-us) AppleWebKit/534.50 (KHTML, like Gecko) Version/5.1 Safari/534.50" 
114.116.82.250 - - [02/Aug/2018:23:47:40 -0700] "POST /vendor/phpunit/phpunit/src/Util/PHP/eval-stdin.php HTTP/1.1" 404 340 "-" "Mozilla/5.0 (Macintosh; U; Intel Mac OS X 10_6_8; en-us) AppleWebKit/534.50 (KHTML, like Gecko) Version/5.1 Safari/534.50" 
114.116.82.250 - - [02/Aug/2018:23:47:40 -0700] "GET /vendor/phpunit/phpunit/src/Util/PHP/asd.php HTTP/1.1" 404 340 "-" "Mozilla/5.0 (Macintosh; U; Intel Mac OS X 10_6_8; en-us) AppleWebKit/534.50 (KHTML, like Gecko) Version/5.1 Safari/534.50" 
114.116.82.250 - - [02/Aug/2018:23:47:41 -0700] "POST /index.php?m=member&c=index&a=register&siteid=1 HTTP/1.1" 404 340 "-" "Mozilla/5.0 (Macintosh; U; Intel Mac OS X 10_6_8; en-us) AppleWebKit/534.50 (KHTML, like Gecko) Version/5.1 Safari/534.50" 
114.116.82.250 - - [02/Aug/2018:23:47:41 -0700] "POST /search.php HTTP/1.1" 404 340 "-" "Mozilla/5.0 (Macintosh; U; Intel Mac OS X 10_6_8; en-us) AppleWebKit/534.50 (KHTML, like Gecko) Version/5.1 Safari/534.50" 
114.116.82.250 - - [02/Aug/2018:23:47:42 -0700] "GET / HTTP/1.1" 200 11357 "-" "Mozilla/5.0 (Macintosh; U; Intel Mac OS X 10_6_8; en-us) AppleWebKit/534.50 (KHTML, like Gecko) Version/5.1 Safari/534.50" 
114.116.82.250 - - [02/Aug/2018:23:47:42 -0700] "POST /index.php?s=/Core/File/uploadPictureBase64.html HTTP/1.1" 404 340 "-" "Mozilla/5.0 (Macintosh; U; Intel Mac OS X 10_6_8; en-us) AppleWebKit/534.50 (KHTML, like Gecko) Version/5.1 Safari/534.50" 
114.116.82.250 - - [02/Aug/2018:23:47:43 -0700] "GET /install.php?finish=1 HTTP/1.1" 404 340 "http://www.secrepo.com/install.php" "Mozilla/5.0 (Macintosh; U; Intel Mac OS X 10_6_8; en-us) AppleWebKit/534.50 (KHTML, like Gecko) Version/5.1 Safari/534.50" 
114.116.82.250 - - [02/Aug/2018:23:47:44 -0700] "POST /da.php HTTP/1.1" 404 340 "http://www.secrepo.com/install.php" "Mozilla/5.0 (Macintosh; U; Intel Mac OS X 10_6_8; en-us) AppleWebKit/534.50 (KHTML, like Gecko) Version/5.1 Safari/534.50" 
114.116.82.250 - - [02/Aug/2018:23:47:44 -0700] "POST /dayrui/libraries/Chart/ofc_upload_image.php?name=shell3446.php HTTP/1.1" 418 584 "-" "Mozilla/5.0 (Macintosh; U; Intel Mac OS X 10_6_8; en-us) AppleWebKit/534.50 (KHTML, like Gecko) Version/5.1 Safari/534.50" 
114.116.82.250 - - [02/Aug/2018:23:47:45 -0700] "GET /dayrui/libraries/tmp-upload-images/shell3446.php HTTP/1.1" 404 340 "-" "Mozilla/5.0 (Macintosh; U; Intel Mac OS X 10_6_8; en-us) AppleWebKit/534.50 (KHTML, like Gecko) Version/5.1 Safari/534.50" 
114.116.82.250 - - [02/Aug/2018:23:47:45 -0700] "GET / HTTP/1.1" 200 11357 "-" "Mozilla/5.0 (Windows NT 6.1) AppleWebKit/537.36 (KHTML, like Gecko) Chrome/41.0.2228.0 Safari/537.36" 
114.116.82.250 - - [02/Aug/2018:23:47:46 -0700] "GET /login.action HTTP/1.1" 404 340 "-" "Mozilla/5.0 (Windows NT 6.1) AppleWebKit/537.36 (KHTML, like Gecko) Chrome/41.0.2228.0 Safari/537.36" 
114.116.82.250 - - [02/Aug/2018:23:47:46 -0700] "GET /index.action HTTP/1.1" 404 340 "-" "Mozilla/5.0 (Windows NT 6.1) AppleWebKit/537.36 (KHTML, like Gecko) Chrome/41.0.2228.0 Safari/537.36" 
114.116.82.250 - - [02/Aug/2018:23:47:47 -0700] "GET /search.action HTTP/1.1" 404 340 "-" "Mozilla/5.0 (Windows NT 6.1) AppleWebKit/537.36 (KHTML, like Gecko) Chrome/41.0.2228.0 Safari/537.36" 
114.116.82.250 - - [02/Aug/2018:23:47:47 -0700] "GET /pages/viewpage.action HTTP/1.1" 404 340 "-" "Mozilla/5.0 (Windows NT 6.1) AppleWebKit/537.36 (KHTML, like Gecko) Chrome/41.0.2228.0 Safari/537.36" 
71.197.231.245 - - [02/Aug/2018:23:47:48 -0700] "GET /self.logs/ HTTP/1.1" 200 11325 "http://www.secrepo.com/" "Mozilla/5.0 (Macintosh; Intel Mac OS X 10_13_2) AppleWebKit/537.36 (KHTML, like Gecko) Chrome/67.0.3396.99 Safari/537.36" 
71.197.231.245 - - [02/Aug/2018:23:47:48 -0700] "GET /favicon.ico HTTP/1.1" 200 267 "http://www.secrepo.com/self.logs/" "Mozilla/5.0 (Macintosh; Intel Mac OS X 10_13_2) AppleWebKit/537.36 (KHTML, like Gecko) Chrome/67.0.3396.99 Safari/537.36" 
71.197.231.245 - - [02/Aug/2018:23:47:51 -0700] "GET /self.logs/access.log.2017-01-01.gz HTTP/1.1" 200 17655 "http://www.secrepo.com/self.logs/" "Mozilla/5.0 (Macintosh; Intel Mac OS X 10_13_2) AppleWebKit/537.36 (KHTML, like Gecko) Chrome/67.0.3396.99 Safari/537.36" 
113.171.224.176 - - [02/Aug/2018:23:48:10 -0700] "GET /honeypot/Honeypot%20-%20Howto.pdf HTTP/1.1" 200 46720 "-" "Mozilla/5.0 Gecko/20100115 Firefox/3.6" 
50.63.164.149 - - [02/Aug/2018:23:48:15 -0700] "GET / HTTP/1.1" 200 38539 "-" "Mozilla/5.0 (Windows NT 6.1; WOW64) AppleWebKit/537.36 (KHTML, like Gecko) Chrome/33.0.1750.154 Safari/537.36" 
106.51.75.86 - - [02/Aug/2018:23:55:35 -0700] "GET / HTTP/1.1" 200 11357 "https://www.google.co.in/" "Mozilla/5.0 (Windows NT 10.0; Win64; x64) AppleWebKit/537.36 (KHTML, like Gecko) Chrome/68.0.3440.84 Safari/537.36" 
106.51.75.86 - - [02/Aug/2018:23:55:36 -0700] "GET /twitter-icon.png HTTP/1.1" 200 27787 "http://www.secrepo.com/" "Mozilla/5.0 (Windows NT 10.0; Win64; x64) AppleWebKit/537.36 (KHTML, like Gecko) Chrome/68.0.3440.84 Safari/537.36" 
106.51.75.86 - - [02/Aug/2018:23:55:37 -0700] "GET /GitHub-Mark.png HTTP/1.1" 200 7428 "http://www.secrepo.com/" "Mozilla/5.0 (Windows NT 10.0; Win64; x64) AppleWebKit/537.36 (KHTML, like Gecko) Chrome/68.0.3440.84 Safari/537.36" 
106.51.75.86 - - [02/Aug/2018:23:55:42 -0700] "GET /bootstrap/img/favicon.ico HTTP/1.1" 200 590 "http://www.secrepo.com/" "Mozilla/5.0 (Windows NT 10.0; Win64; x64) AppleWebKit/537.36 (KHTML, like Gecko) Chrome/68.0.3440.84 Safari/537.36" 
115.133.221.64 - - [02/Aug/2018:23:56:32 -0700] "GET /wp-login.php HTTP/1.1" 418 732 "-" "Mozilla/5.0 (Windows NT 6.1; WOW64; rv:40.0) Gecko/20100101 Firefox/40.1" 
115.133.221.64 - - [02/Aug/2018:23:56:33 -0700] "GET / HTTP/1.1" 418 732 "-" "Mozilla/5.0 (Windows NT 6.1; WOW64; rv:40.0) Gecko/20100101 Firefox/40.1" 
216.244.66.245 - - [02/Aug/2018:23:57:41 -0700] "GET /robots.txt HTTP/1.1" 200 233 "-" "Mozilla/5.0 (compatible; DotBot/1.1; http://www.opensiteexplorer.org/dotbot, help@moz.com)" 
193.248.35.166 - - [02/Aug/2018:23:57:55 -0700] "GET / HTTP/1.1" 200 38595 "-" "Mozilla/5.0 (X11; Ubuntu; Linux x86_64; rv:24.0) Gecko/20100101 Firefox/24.0" 
193.248.35.166 - - [02/Aug/2018:23:57:55 -0700] "GET /bootstrap/img/favicon.ico HTTP/1.1" 304 164 "-" "Mozilla/5.0 (X11; Ubuntu; Linux x86_64; rv:24.0) Gecko/20100101 Firefox/24.0" 
193.248.35.166 - - [02/Aug/2018:23:57:55 -0700] "GET /twitter-icon.png HTTP/1.1" 304 166 "http://www.secrepo.com/" "Mozilla/5.0 (X11; Ubuntu; Linux x86_64; rv:24.0) Gecko/20100101 Firefox/24.0" 
193.248.35.166 - - [02/Aug/2018:23:57:55 -0700] "GET /GitHub-Mark.png HTTP/1.1" 304 166 "http://www.secrepo.com/" "Mozilla/5.0 (X11; Ubuntu; Linux x86_64; rv:24.0) Gecko/20100101 Firefox/24.0" 
94.130.65.53 - - [02/Aug/2018:23:59:30 -0700] "GET /robots.txt HTTP/1.1" 301 502 "-" "Mozilla/5.0 (compatible; BLEXBot/1.0; +http://webmeup-crawler.com/)" 
94.130.65.53 - - [02/Aug/2018:23:59:30 -0700] "GET /robots.txt HTTP/1.1" 200 334 "-" "Mozilla/5.0 (compatible; BLEXBot/1.0; +http://webmeup-crawler.com/)" 
94.130.65.53 - - [02/Aug/2018:23:59:31 -0700] "GET /self.logs/2015/?C=D;O=A HTTP/1.1" 200 7437 "-" "Mozilla/5.0 (compatible; BLEXBot/1.0; +http://webmeup-crawler.com/)" 
94.130.65.53 - - [02/Aug/2018:23:59:35 -0700] "GET /self.logs/2015/?C=M;O=A HTTP/1.1" 200 7660 "-" "Mozilla/5.0 (compatible; BLEXBot/1.0; +http://webmeup-crawler.com/)" 
94.130.65.53 - - [02/Aug/2018:23:59:43 -0700] "GET /self.logs/2015/?C=N;O=D HTTP/1.1" 200 7480 "-" "Mozilla/5.0 (compatible; BLEXBot/1.0; +http://webmeup-crawler.com/)" 
94.130.65.53 - - [02/Aug/2018:23:59:50 -0700] "GET /self.logs/2015/?C=S;O=A HTTP/1.1" 200 8283 "-" "Mozilla/5.0 (compatible; BLEXBot/1.0; +http://webmeup-crawler.com/)" 
66.249.66.82 - - [03/Aug/2018:00:01:44 -0700] "GET /honeypot/Honeypot%20-%20Howto.pdf HTTP/1.1" 304 168 "-" "Mozilla/5.0 (Linux; Android 6.0.1; Nexus 5X Build/MMB29P) AppleWebKit/537.36 (KHTML, like Gecko) Chrome/41.0.2272.96 Mobile Safari/537.36 (compatible; Googlebot/2.1; +http://www.google.com/bot.html)" 
66.249.66.82 - - [03/Aug/2018:00:04:07 -0700] "GET / HTTP/1.1" 200 11357 "-" "Mozilla/5.0 (Linux; Android 6.0.1; Nexus 5X Build/MMB29P) AppleWebKit/537.36 (KHTML, like Gecko) Chrome/41.0.2272.96 Mobile Safari/537.36 (compatible; Googlebot/2.1; +http://www.google.com/bot.html)" 
216.244.66.245 - - [03/Aug/2018:00:04:16 -0700] "GET /self.logs/error.log.2018-01-26.gz HTTP/1.1" 200 2630 "-" "Mozilla/5.0 (compatible; DotBot/1.1; http://www.opensiteexplorer.org/dotbot, help@moz.com)" 
66.249.66.83 - - [03/Aug/2018:00:07:18 -0700] "GET /favicon.ico HTTP/1.1" 200 268 "-" "Googlebot-Image/1.0" 
41.223.160.173 - - [03/Aug/2018:00:08:54 -0700] "GET /tg/tg_snort_fast.7z HTTP/1.1" 304 131 "-" "Mozilla/5.0 Gecko/20100115 Firefox/3.6" 
94.130.65.53 - - [03/Aug/2018:00:09:40 -0700] "GET /robots.txt HTTP/1.1" 301 502 "-" "Mozilla/5.0 (compatible; BLEXBot/1.0; +http://webmeup-crawler.com/)" 
94.130.65.53 - - [03/Aug/2018:00:09:40 -0700] "GET /robots.txt HTTP/1.1" 200 334 "-" "Mozilla/5.0 (compatible; BLEXBot/1.0; +http://webmeup-crawler.com/)" 
111.68.96.239 - - [03/Aug/2018:00:17:09 -0700] "GET /wp-login.php HTTP/1.1" 418 732 "-" "Mozilla/5.0 (Windows NT 6.1; WOW64; rv:40.0) Gecko/20100101 Firefox/40.1" 
54.36.150.82 - - [03/Aug/2018:00:19:38 -0700] "GET /robots.txt HTTP/1.1" 200 304 "-" "Mozilla/5.0 (compatible; AhrefsBot/5.2; +http://ahrefs.com/robot/)" 
54.36.148.84 - - [03/Aug/2018:00:19:39 -0700] "GET /self.logs/error.log.2018-02-23.gz HTTP/1.1" 200 3866 "-" "Mozilla/5.0 (compatible; AhrefsBot/5.2; +http://ahrefs.com/robot/)" 
185.38.184.174 - - [03/Aug/2018:00:20:07 -0700] "GET / HTTP/1.1" 200 11301 "-" "Mozilla/5.0 (Windows NT 6.3; WOW64; Trident/7.0; rv:11.0) like Gecko" 
94.130.65.53 - - [03/Aug/2018:00:20:08 -0700] "GET /robots.txt HTTP/1.1" 301 502 "-" "Mozilla/5.0 (compatible; BLEXBot/1.0; +http://webmeup-crawler.com/)" 
94.130.65.53 - - [03/Aug/2018:00:20:08 -0700] "GET /robots.txt HTTP/1.1" 200 334 "-" "Mozilla/5.0 (compatible; BLEXBot/1.0; +http://webmeup-crawler.com/)" 
157.55.39.69 - - [03/Aug/2018:00:22:03 -0700] "GET /self.logs/access.log.2017-02-13.gz HTTP/1.1" 304 189 "-" "Mozilla/5.0 (compatible; bingbot/2.0; +http://www.bing.com/bingbot.htm)" 
54.36.148.79 - - [03/Aug/2018:00:24:01 -0700] "GET /self.logs/access.log.2017-05-17.gz HTTP/1.1" 200 30272 "-" "Mozilla/5.0 (compatible; AhrefsBot/5.2; +http://ahrefs.com/robot/)" 
52.53.201.78 - - [03/Aug/2018:00:25:20 -0700] "GET / HTTP/1.1" 200 11301 "-" "Mozilla/5.0 (Macintosh; Intel Mac OS X 10_12_6) AppleWebKit/537.36 (KHTML, like Gecko) Chrome/61.0.3163.100 Safari/537.36" 
66.249.66.84 - - [03/Aug/2018:00:25:41 -0700] "GET /self.logs/ HTTP/1.1" 200 11325 "-" "Mozilla/5.0 (compatible; Googlebot/2.1; +http://www.google.com/bot.html)" 
66.249.66.159 - - [03/Aug/2018:00:28:29 -0700] "GET /robots.txt HTTP/1.1" 301 502 "-" "Mozilla/5.0 (compatible; Googlebot/2.1; +http://www.google.com/bot.html)" 
66.249.66.83 - - [03/Aug/2018:00:28:29 -0700] "GET /robots.txt HTTP/1.1" 200 334 "-" "Mozilla/5.0 (compatible; Googlebot/2.1; +http://www.google.com/bot.html)" 
66.249.66.128 - - [03/Aug/2018:00:28:29 -0700] "GET / HTTP/1.1" 301 483 "-" "Mozilla/5.0 (Linux; Android 6.0.1; Nexus 5X Build/MMB29P) AppleWebKit/537.36 (KHTML, like Gecko) Chrome/41.0.2272.96 Mobile Safari/537.36 (compatible; Googlebot/2.1; +http://www.google.com/bot.html)" 
66.249.66.159 - - [03/Aug/2018:00:28:39 -0700] "GET / HTTP/1.1" 301 483 "-" "Mozilla/5.0 (compatible; Googlebot/2.1; +http://www.google.com/bot.html)" 
94.130.65.53 - - [03/Aug/2018:00:30:19 -0700] "GET /robots.txt HTTP/1.1" 301 502 "-" "Mozilla/5.0 (compatible; BLEXBot/1.0; +http://webmeup-crawler.com/)" 
94.130.65.53 - - [03/Aug/2018:00:30:19 -0700] "GET /robots.txt HTTP/1.1" 200 334 "-" "Mozilla/5.0 (compatible; BLEXBot/1.0; +http://webmeup-crawler.com/)" 
77.75.76.160 - - [03/Aug/2018:00:35:01 -0700] "GET /robots.txt HTTP/1.1" 200 334 "-" "Mozilla/5.0 (compatible; SeznamBot/3.2; +http://napoveda.seznam.cz/en/seznambot-intro/)" 
77.75.76.160 - - [03/Aug/2018:00:35:02 -0700] "GET /self.logs/error.log.2018-04-18.gz HTTP/1.1" 200 3691 "-" "Mozilla/5.0 (compatible; SeznamBot/3.2; +http://napoveda.seznam.cz/en/seznambot-intro/)" 
54.36.148.166 - - [03/Aug/2018:00:37:19 -0700] "GET /self.logs/error.log.2017-08-07.gz HTTP/1.1" 200 831 "-" "Mozilla/5.0 (compatible; AhrefsBot/5.2; +http://ahrefs.com/robot/)" 
123.125.143.29 - - [03/Aug/2018:00:38:50 -0700] "GET / HTTP/1.1" 200 11357 "http://www.baidu.com/s?wd=already7b7" "Mozilla/5.0 (Windows NT 6.1; WOW64; rv:43.0) Gecko/20100101 Firefox/43.0" 
46.190.84.53 - - [03/Aug/2018:00:40:11 -0700] "GET /wp-login.php HTTP/1.1" 418 732 "-" "Mozilla/5.0 (Windows NT 6.1; WOW64; rv:40.0) Gecko/20100101 Firefox/40.1" 
46.190.84.53 - - [03/Aug/2018:00:40:12 -0700] "GET / HTTP/1.1" 418 732 "-" "Mozilla/5.0 (Windows NT 6.1; WOW64; rv:40.0) Gecko/20100101 Firefox/40.1" 
94.130.65.53 - - [03/Aug/2018:00:40:36 -0700] "GET /robots.txt HTTP/1.1" 301 502 "-" "Mozilla/5.0 (compatible; BLEXBot/1.0; +http://webmeup-crawler.com/)" 
94.130.65.53 - - [03/Aug/2018:00:40:36 -0700] "GET /robots.txt HTTP/1.1" 200 334 "-" "Mozilla/5.0 (compatible; BLEXBot/1.0; +http://webmeup-crawler.com/)" 
54.224.230.31 - - [03/Aug/2018:00:41:43 -0700] "GET / HTTP/1.1" 200 11301 "-" "Mozilla/5.0 (compatible; Googlebot/2.1; startmebot/1.0; +https://start.me/bot)" 
193.203.196.117 - - [03/Aug/2018:00:41:57 -0700] "GET / HTTP/1.1" 200 11357 "https://www.google.ee/" "Mozilla/5.0 (Windows NT 6.1; WOW64) AppleWebKit/537.36 (KHTML, like Gecko) Chrome/67.0.3396.99 Safari/537.36" 
121.228.237.92 - - [03/Aug/2018:00:48:31 -0700] "HEAD / HTTP/1.1" 200 295 "http://www.cnxiangyi.com/" "Mozilla/5.0 (compatible; Baiduspider/2.0; +http://www.baidu.com/search/spider.html\xa3\xa9" 
121.228.237.92 - - [03/Aug/2018:00:48:31 -0700] "GET //plus/download.php?open=1&arrs1[]=99&arrs1[]=102&arrs1[]=103&arrs1[]=95&arrs1[]=100&arrs1[]=98&arrs1[]=112&arrs1[]=114&arrs1[]=101&arrs1[]=102&arrs1[]=105&arrs1[]=120&arrs2[]=109&arrs2[]=121&arrs2[]=97&arrs2[]=100&arrs2[]=96&arrs2[]=32&arrs2[]=83&arrs2[]=69&arrs2[]=84&arrs2[]=32&arrs2[]=96&arrs2[]=110&arrs2[]=111&arrs2[]=114&arrs2[]=109&arrs2[]=98&arrs2[]=111&arrs2[]=100&arrs2[]=121&arrs2[]=96&arrs2[]=32&arrs2[]=61&arrs2[]=32&arrs2[]=39&arrs2[]=60&arrs2[]=63&arrs2[]=112&arrs2[]=104&arrs2[]=112&arrs2[]=32&arrs2[]=102&arrs2[]=105&arrs2[]=108&arrs2[]=101&arrs2[]=95&arrs2[]=112&arrs2[]=117&arrs2[]=116&arrs2[]=95&arrs2[]=99&arrs2[]=111&arrs2[]=110&arrs2[]=116&arrs2[]=101&arrs2[]=110&arrs2[]=116&arrs2[]=115&arrs2[]=40&arrs2[]=39&arrs2[]=39&arrs2[]=109&arrs2[]=111&arrs2[]=111&arrs2[]=110&arrs2[]=46&arrs2[]=112&arrs2[]=104&arrs2[]=112&arrs2[]=39&arrs2[]=39&arrs2[]=44&arrs2[]=39&arrs2[]=39&arrs2[]=60&arrs2[]=63&arrs2[]=112&arrs2[]=104&arrs2[]=112&arrs2[]=32&arrs2[]=101&arrs2[]=118&arrs2[]=97&arrs2[]=108&arrs2[]=40&arrs2[]=36&arrs2[]=95&arrs2[]=80&arrs2[]=79&arrs2[]=83&arrs2[]=84&arrs2[]=91&arrs2[]=120&arrs2[]=93&arrs2[]=41&arrs2[]=59&arrs2[]=101&arrs2[]=99&arrs2[]=104&arrs2[]=111&arrs2[]=32&arrs2[]=109&arrs2[]=79&arrs2[]=111&arrs2[]=110&arrs2[]=59&arrs2[]=63&arrs2[]=62&arrs2[]=39&arrs2[]=39&arrs2[]=41&arrs2[]=59&arrs2[]=63&arrs2[]=62&arrs2[]=39&arrs2[]=32&arrs2[]=87&arrs2[]=72&arrs2[]=69&arrs2[]=82&arrs2[]=69&arrs2[]=32&arrs2[]=96&arrs2[]=97&arrs2[]=105&arrs2[]=100&arrs2[]=96&arrs2[]=32&arrs2[]=61&arrs2[]=49&arrs2[]=57&arrs2[]=32&arrs2[]=35 HTTP/1.1" 418 731 "http://www.cnxiangyi.com/" "Mozilla/5.0 (compatible; Baiduspider/2.0; +http://www.baidu.com/search/spider.html\xa3\xa9" 
121.228.237.92 - - [03/Aug/2018:00:48:32 -0700] "GET //plus/ad_js.php?aid=19 HTTP/1.1" 404 295 "http://www.cnxiangyi.com/" "Mozilla/5.0 (compatible; Baiduspider/2.0; +http://www.baidu.com/search/spider.html\xa3\xa9" 
121.228.237.92 - - [03/Aug/2018:00:48:32 -0700] "GET //plus/moon.php HTTP/1.1" 404 294 "http://www.cnxiangyi.com/" "Mozilla/5.0 (compatible; Baiduspider/2.0; +http://www.baidu.com/search/spider.html\xa3\xa9" 
113.171.224.176 - - [03/Aug/2018:00:48:32 -0700] "GET /honeypot/Honeypot%20-%20Howto.pdf HTTP/1.1" 200 46720 "-" "Mozilla/5.0 Gecko/20100115 Firefox/3.6" 
54.36.149.107 - - [03/Aug/2018:00:49:37 -0700] "GET /self.logs/2015/access.log.2015-06-01.gz HTTP/1.1" 200 4308 "-" "Mozilla/5.0 (compatible; AhrefsBot/5.2; +http://ahrefs.com/robot/)" 
94.130.65.53 - - [03/Aug/2018:00:50:40 -0700] "GET /robots.txt HTTP/1.1" 301 502 "-" "Mozilla/5.0 (compatible; BLEXBot/1.0; +http://webmeup-crawler.com/)" 
94.130.65.53 - - [03/Aug/2018:00:50:40 -0700] "GET /robots.txt HTTP/1.1" 200 334 "-" "Mozilla/5.0 (compatible; BLEXBot/1.0; +http://webmeup-crawler.com/)" 
115.187.58.47 - - [03/Aug/2018:00:50:48 -0700] "GET /wp-login.php HTTP/1.1" 418 732 "-" "Mozilla/5.0 (Windows NT 6.1; WOW64; rv:40.0) Gecko/20100101 Firefox/40.1" 
115.187.58.47 - - [03/Aug/2018:00:50:49 -0700] "GET / HTTP/1.1" 418 732 "-" "Mozilla/5.0 (Windows NT 6.1; WOW64; rv:40.0) Gecko/20100101 Firefox/40.1" 
58.218.207.205 - - [03/Aug/2018:00:57:09 -0700] "GET //phpmyadmin HTTP/1.1" 404 295 "http://www.secrepo.com//phpmyadmin" "Mozilla/4.0 (compatible; MSIE 9.0; Windows NT 6.1)" 
58.218.207.205 - - [03/Aug/2018:00:57:09 -0700] "GET //phpmyadmin HTTP/1.1" 404 294 "http://www.secrepo.com//phpmyadmin" "Mozilla/4.0 (compatible; MSIE 9.0; Windows NT 6.1)" 
94.130.65.53 - - [03/Aug/2018:01:00:42 -0700] "GET /robots.txt HTTP/1.1" 301 502 "-" "Mozilla/5.0 (compatible; BLEXBot/1.0; +http://webmeup-crawler.com/)" 
94.130.65.53 - - [03/Aug/2018:01:00:42 -0700] "GET /robots.txt HTTP/1.1" 200 334 "-" "Mozilla/5.0 (compatible; BLEXBot/1.0; +http://webmeup-crawler.com/)" 
66.249.66.82 - - [03/Aug/2018:01:05:32 -0700] "GET / HTTP/1.1" 200 11357 "-" "Mozilla/5.0 (compatible; Googlebot/2.1; +http://www.google.com/bot.html)" 
68.235.35.12 - - [03/Aug/2018:01:08:05 -0700] "GET / HTTP/1.1" 200 11357 "-" "Mozilla/5.0 (Windows NT 10.0; Win64; x64) AppleWebKit/537.36 (KHTML, like Gecko) Chrome/68.0.3440.84 Safari/537.36" 
68.235.35.12 - - [03/Aug/2018:01:10:25 -0700] "GET /GitHub-Mark.png HTTP/1.1" 200 7428 "http://www.secrepo.com/" "Mozilla/5.0 (Windows NT 10.0; Win64; x64) AppleWebKit/537.36 (KHTML, like Gecko) Chrome/68.0.3440.84 Safari/537.36" 
91.79.97.230 - - [03/Aug/2018:01:10:25 -0700] "GET /twitter-icon.png HTTP/1.1" 200 27788 "http://www.secrepo.com/" "Mozilla/5.0 (Macintosh; Intel Mac OS X 10.13; rv:61.0) Gecko/20100101 Firefox/61.0" 
91.79.97.230 - - [03/Aug/2018:01:10:25 -0700] "GET /GitHub-Mark.png HTTP/1.1" 200 7428 "http://www.secrepo.com/" "Mozilla/5.0 (Macintosh; Intel Mac OS X 10.13; rv:61.0) Gecko/20100101 Firefox/61.0" 
94.130.65.53 - - [03/Aug/2018:01:10:47 -0700] "GET /robots.txt HTTP/1.1" 301 502 "-" "Mozilla/5.0 (compatible; BLEXBot/1.0; +http://webmeup-crawler.com/)" 
94.130.65.53 - - [03/Aug/2018:01:10:47 -0700] "GET /robots.txt HTTP/1.1" 200 334 "-" "Mozilla/5.0 (compatible; BLEXBot/1.0; +http://webmeup-crawler.com/)" 
117.17.198.53 - - [03/Aug/2018:01:11:21 -0700] "GET / HTTP/1.1" 200 11357 "-" "Mozilla/5.0 (X11; Linux x86_64) AppleWebKit/537.36 (KHTML, like Gecko) Chrome/68.0.3440.84 Safari/537.36" 
117.17.198.53 - - [03/Aug/2018:01:11:21 -0700] "GET /twitter-icon.png HTTP/1.1" 200 27787 "http://www.secrepo.com/" "Mozilla/5.0 (X11; Linux x86_64) AppleWebKit/537.36 (KHTML, like Gecko) Chrome/68.0.3440.84 Safari/537.36" 
23.253.92.35 - - [03/Aug/2018:01:11:21 -0700] "GET /robots.txt HTTP/1.1" 301 446 "-" "Tornado-Async-Client" 
23.253.92.35 - - [03/Aug/2018:01:11:21 -0700] "GET /robots.txt HTTP/1.1" 304 130 "-" "Tornado-Async-Client" 
23.253.92.35 - - [03/Aug/2018:01:11:21 -0700] "GET /honeypot/BSidesDFW%20-%202014.ipynb HTTP/1.1" 301 484 "-" "Tornado-Async-Client" 
23.253.92.35 - - [03/Aug/2018:01:11:21 -0700] "GET /honeypot/BSidesDFW%20-%202014.ipynb HTTP/1.1" 200 930780 "-" "Tornado-Async-Client" 
91.79.97.230 - - [03/Aug/2018:01:13:51 -0700] "GET /maccdc2012/ssh.log.gz HTTP/1.1" 200 182517 "http://www.secrepo.com/" "Mozilla/5.0 (Macintosh; Intel Mac OS X 10.13; rv:61.0) Gecko/20100101 Firefox/61.0" 
91.79.97.230 - - [03/Aug/2018:01:14:16 -0700] "GET /scada/scada_logs.zip HTTP/1.1" 200 364901 "http://www.secrepo.com/" "Mozilla/5.0 (Macintosh; Intel Mac OS X 10.13; rv:61.0) Gecko/20100101 Firefox/61.0" 
107.178.194.2 - - [03/Aug/2018:01:14:20 -0700] "GET /scada/scada_logs.zip HTTP/1.1" 200 364901 "http://www.secrepo.com" "Mozilla/5.0 (Windows; U; MSIE 9.0; Windows NT 9.0; en-US) AppEngine-Google; (+http://code.google.com/appengine; appid: s~virustotalcloud)" 
204.13.201.139 - - [03/Aug/2018:01:14:21 -0700] "GET /scada/scada_logs.zip HTTP/1.1" 200 364901 "http://www.bing.com" "Mozilla/5.0 (compatible; MSIE 8.0; Windows NT 6.1; Trident/4.0; .NET CLR 2.0.50727; .NET CLR 3.5.30729; .NET CLR 3.0.30729; .NET CLR 1.0.3705; .NET CLR 1.1.4322)" 
123.125.71.56 - - [03/Aug/2018:01:14:29 -0700] "GET /robots.txt HTTP/1.1" 200 297 "-" "Mozilla/5.0 (compatible; Baiduspider/2.0; +http://www.baidu.com/search/spider.html)" 
123.125.67.228 - - [03/Aug/2018:01:14:33 -0700] "GET /robots.txt HTTP/1.1" 200 297 "-" "Mozilla/5.0 (Macintosh; Intel Mac OS X 10_13_1) AppleWebKit/537.36 (KHTML, like Gecko) Chrome/61.0.3163.100 Safari/537.36" 
123.125.67.218 - - [03/Aug/2018:01:14:35 -0700] "GET /robots.txt HTTP/1.1" 200 297 "-" "Mozilla/5.0 (Macintosh; Intel Mac OS X 10_13_1) AppleWebKit/537.36 (KHTML, like Gecko) Chrome/61.0.3163.100 Safari/537.36" 
123.125.71.60 - - [03/Aug/2018:01:15:14 -0700] "GET /honeypot/Honeypot%20-%20Howto.pdf HTTP/1.1" 200 1279381 "-" "Mozilla/5.0 (compatible; Baiduspider/2.0; +http://www.baidu.com/search/spider.html)" 
91.79.97.230 - - [03/Aug/2018:01:15:54 -0700] "GET /squid/access.log.gz HTTP/1.1" 200 23177322 "http://www.secrepo.com/" "Mozilla/5.0 (Macintosh; Intel Mac OS X 10.13; rv:61.0) Gecko/20100101 Firefox/61.0" 
91.79.97.230 - - [03/Aug/2018:01:15:58 -0700] "HEAD /squid/access.log.gz HTTP/1.1" 200 300 "-" "Mozilla/5.0 (Macintosh; Intel Mac OS X 10.13; rv:61.0) Gecko/20100101 Firefox/61.0" 
54.36.148.10 - - [03/Aug/2018:01:17:17 -0700] "GET /self.logs/2016/access.log.2016-07-13.gz HTTP/1.1" 200 9767 "-" "Mozilla/5.0 (compatible; AhrefsBot/5.2; +http://ahrefs.com/robot/)" 
157.55.39.95 - - [03/Aug/2018:01:18:00 -0700] "GET /honeypot/Honeypot%20-%20Howto%20-%20BSides%20Austin.pdf HTTP/1.1" 200 2928460 "-" "Mozilla/5.0 (compatible; bingbot/2.0; +http://www.bing.com/bingbot.htm)" 
54.36.148.239 - - [03/Aug/2018:01:19:03 -0700] "GET /self.logs/error.log.2016-06-10.gz HTTP/1.1" 404 284 "-" "Mozilla/5.0 (compatible; AhrefsBot/5.2; +http://ahrefs.com/robot/)" 
123.125.143.13 - - [03/Aug/2018:01:19:29 -0700] "GET / HTTP/1.1" 200 11357 "http://www.baidu.com/s?wd=S1PJ" "Mozilla/5.0 (Windows NT 6.1; WOW64; rv:43.0) Gecko/20100101 Firefox/43.0" 
66.102.6.95 - - [03/Aug/2018:01:19:50 -0700] "GET / HTTP/1.1" 200 11357 "https://www.google.com/" "Mozilla/5.0 (Windows NT 6.1) AppleWebKit/537.36 (KHTML, like Gecko) Chrome/67.0.3396.99 Safari/537.36" 
66.102.6.95 - - [03/Aug/2018:01:19:50 -0700] "GET /twitter-icon.png HTTP/1.1" 200 27787 "http://www.secrepo.com/" "Mozilla/5.0 (Windows NT 6.1) AppleWebKit/537.36 (KHTML, like Gecko) Chrome/67.0.3396.99 Safari/537.36" 
66.102.6.95 - - [03/Aug/2018:01:19:50 -0700] "GET /GitHub-Mark.png HTTP/1.1" 200 7428 "http://www.secrepo.com/" "Mozilla/5.0 (Windows NT 6.1) AppleWebKit/537.36 (KHTML, like Gecko) Chrome/67.0.3396.99 Safari/537.36" 
94.130.65.53 - - [03/Aug/2018:01:20:59 -0700] "GET /robots.txt HTTP/1.1" 301 502 "-" "Mozilla/5.0 (compatible; BLEXBot/1.0; +http://webmeup-crawler.com/)" 
94.130.65.53 - - [03/Aug/2018:01:20:59 -0700] "GET /robots.txt HTTP/1.1" 200 334 "-" "Mozilla/5.0 (compatible; BLEXBot/1.0; +http://webmeup-crawler.com/)" 
103.98.120.86 - - [03/Aug/2018:01:26:14 -0700] "GET / HTTP/1.1" 200 11357 "-" "Mozilla/5.0 (Windows NT 10.0; Win64; x64; rv:61.0) Gecko/20100101 Firefox/61.0" 
103.98.120.86 - - [03/Aug/2018:01:26:15 -0700] "GET /twitter-icon.png HTTP/1.1" 200 27788 "http://www.secrepo.com/" "Mozilla/5.0 (Windows NT 10.0; Win64; x64; rv:61.0) Gecko/20100101 Firefox/61.0" 
103.98.120.86 - - [03/Aug/2018:01:26:15 -0700] "GET /GitHub-Mark.png HTTP/1.1" 200 7428 "http://www.secrepo.com/" "Mozilla/5.0 (Windows NT 10.0; Win64; x64; rv:61.0) Gecko/20100101 Firefox/61.0" 
103.98.120.86 - - [03/Aug/2018:01:26:15 -0700] "GET /bootstrap/img/favicon.ico HTTP/1.1" 200 589 "-" "Mozilla/5.0 (Windows NT 10.0; Win64; x64; rv:61.0) Gecko/20100101 Firefox/61.0" 
62.170.138.237 - - [03/Aug/2018:01:28:10 -0700] "GET /wp-login.php HTTP/1.1" 418 732 "-" "Mozilla/5.0 (Windows NT 6.1; WOW64; rv:40.0) Gecko/20100101 Firefox/40.1" 
62.170.138.237 - - [03/Aug/2018:01:28:10 -0700] "GET / HTTP/1.1" 418 732 "-" "Mozilla/5.0 (Windows NT 6.1; WOW64; rv:40.0) Gecko/20100101 Firefox/40.1" 
91.83.104.113 - - [03/Aug/2018:01:28:54 -0700] "GET /wp-login.php HTTP/1.1" 418 732 "-" "Mozilla/5.0 (Windows NT 6.1; WOW64; rv:40.0) Gecko/20100101 Firefox/40.1" 
91.83.104.113 - - [03/Aug/2018:01:28:55 -0700] "GET / HTTP/1.1" 418 732 "-" "Mozilla/5.0 (Windows NT 6.1; WOW64; rv:40.0) Gecko/20100101 Firefox/40.1" 
66.249.66.82 - - [03/Aug/2018:01:29:08 -0700] "GET /honeypot/Honeypot%20-%20Howto.pdf HTTP/1.1" 304 168 "-" "Mozilla/5.0 (Linux; Android 6.0.1; Nexus 5X Build/MMB29P) AppleWebKit/537.36 (KHTML, like Gecko) Chrome/41.0.2272.96 Mobile Safari/537.36 (compatible; Googlebot/2.1; +http://www.google.com/bot.html)" 
103.98.120.86 - - [03/Aug/2018:01:28:28 -0700] "GET /maccdc2012/http.log.gz HTTP/1.1" 200 54258816 "http://www.secrepo.com/" "Mozilla/5.0 (Windows NT 10.0; Win64; x64; rv:61.0) Gecko/20100101 Firefox/61.0" 
94.130.65.53 - - [03/Aug/2018:01:31:17 -0700] "GET /robots.txt HTTP/1.1" 301 502 "-" "Mozilla/5.0 (compatible; BLEXBot/1.0; +http://webmeup-crawler.com/)" 
94.130.65.53 - - [03/Aug/2018:01:31:17 -0700] "GET /robots.txt HTTP/1.1" 200 334 "-" "Mozilla/5.0 (compatible; BLEXBot/1.0; +http://webmeup-crawler.com/)" 
66.249.66.82 - - [03/Aug/2018:01:32:06 -0700] "GET / HTTP/1.1" 200 11357 "-" "Mozilla/5.0 (Linux; Android 6.0.1; Nexus 5X Build/MMB29P) AppleWebKit/537.36 (KHTML, like Gecko) Chrome/41.0.2272.96 Mobile Safari/537.36 (compatible; Googlebot/2.1; +http://www.google.com/bot.html)" 
88.99.108.214 - - [03/Aug/2018:01:32:07 -0700] "GET / HTTP/1.1" 200 11357 "https://www.google.com/" "Mozilla/5.0 (Windows NT 10.0; Win64; x64; rv:61.0) Gecko/20100101 Firefox/61.0" 
88.99.108.214 - - [03/Aug/2018:01:32:07 -0700] "GET /twitter-icon.png HTTP/1.1" 200 27787 "http://www.secrepo.com/" "Mozilla/5.0 (Windows NT 10.0; Win64; x64; rv:61.0) Gecko/20100101 Firefox/61.0" 
88.99.108.214 - - [03/Aug/2018:01:32:08 -0700] "GET /GitHub-Mark.png HTTP/1.1" 200 7428 "http://www.secrepo.com/" "Mozilla/5.0 (Windows NT 10.0; Win64; x64; rv:61.0) Gecko/20100101 Firefox/61.0" 
88.99.108.214 - - [03/Aug/2018:01:32:08 -0700] "GET /bootstrap/img/favicon.ico HTTP/1.1" 200 590 "-" "Mozilla/5.0 (Windows NT 10.0; Win64; x64; rv:61.0) Gecko/20100101 Firefox/61.0" 
209.141.51.150 - - [03/Aug/2018:01:34:37 -0700] "GET /scada/scada_logs.zip HTTP/1.1" 200 364845 "-" "Mozilla/4.0 (compatible; MSIE 6.0; Windows NT 5.1; SV1; .NET CLR 2.0.50727)" 
94.130.65.53 - - [03/Aug/2018:01:41:22 -0700] "GET /robots.txt HTTP/1.1" 301 502 "-" "Mozilla/5.0 (compatible; BLEXBot/1.0; +http://webmeup-crawler.com/)" 
94.130.65.53 - - [03/Aug/2018:01:41:22 -0700] "GET /robots.txt HTTP/1.1" 200 334 "-" "Mozilla/5.0 (compatible; BLEXBot/1.0; +http://webmeup-crawler.com/)" 
159.65.101.137 - - [03/Aug/2018:01:44:17 -0700] "GET / HTTP/1.1" 301 483 "http://www.freebuf.com/articles/network/131279.html" "Mozilla/5.0 (Windows NT 10.0; Win64; x64) AppleWebKit/537.36 (KHTML, like Gecko) Chrome/68.0.3440.84 Safari/537.36" 
159.65.101.137 - - [03/Aug/2018:01:44:18 -0700] "GET / HTTP/1.1" 200 11357 "http://www.freebuf.com/articles/network/131279.html" "Mozilla/5.0 (Windows NT 10.0; Win64; x64) AppleWebKit/537.36 (KHTML, like Gecko) Chrome/68.0.3440.84 Safari/537.36" 
159.65.101.137 - - [03/Aug/2018:01:44:19 -0700] "GET /twitter-icon.png HTTP/1.1" 200 27787 "http://www.secrepo.com/" "Mozilla/5.0 (Windows NT 10.0; Win64; x64) AppleWebKit/537.36 (KHTML, like Gecko) Chrome/68.0.3440.84 Safari/537.36" 
159.65.101.137 - - [03/Aug/2018:01:44:19 -0700] "GET /GitHub-Mark.png HTTP/1.1" 200 7428 "http://www.secrepo.com/" "Mozilla/5.0 (Windows NT 10.0; Win64; x64) AppleWebKit/537.36 (KHTML, like Gecko) Chrome/68.0.3440.84 Safari/537.36" 
159.65.101.137 - - [03/Aug/2018:01:44:25 -0700] "GET /bootstrap/img/favicon.ico HTTP/1.1" 200 590 "http://www.secrepo.com/" "Mozilla/5.0 (Windows NT 10.0; Win64; x64) AppleWebKit/537.36 (KHTML, like Gecko) Chrome/68.0.3440.84 Safari/537.36" 
54.36.149.48 - - [03/Aug/2018:01:44:29 -0700] "GET /self.logs/error.log.2017-03-19.gz HTTP/1.1" 200 920 "-" "Mozilla/5.0 (compatible; AhrefsBot/5.2; +http://ahrefs.com/robot/)" 
58.218.207.205 - - [03/Aug/2018:01:45:11 -0700] "POST //include/code/mp.php HTTP/1.1" 404 295 "http://www.secrepo.com//include/code/mp.php" "Mozilla/4.0 (compatible; MSIE 9.0; Windows NT 6.1)" 
58.218.207.205 - - [03/Aug/2018:01:45:11 -0700] "POST //plus/laobiao.php HTTP/1.1" 404 294 "http://www.secrepo.com//plus/laobiao.php" "Mozilla/4.0 (compatible; MSIE 9.0; Windows NT 6.1)" 
58.218.207.205 - - [03/Aug/2018:01:45:11 -0700] "POST //plus/mytag_js.php?aid=6022 HTTP/1.1" 404 294 "http://www.secrepo.com//plus/mytag_js.php?aid=6022" "Mozilla/4.0 (compatible; MSIE 9.0; Windows NT 6.1)" 
58.218.207.205 - - [03/Aug/2018:01:45:12 -0700] "POST //plus/mytag_js.php?aid=6022 HTTP/1.1" 404 294 "http://www.secrepo.com//plus/mytag_js.php?aid=6022" "Mozilla/4.0 (compatible; MSIE 9.0; Windows NT 6.1)" 
58.218.207.205 - - [03/Aug/2018:01:45:12 -0700] "POST //plus/mytag_js.php?aid=6022 HTTP/1.1" 404 294 "http://www.secrepo.com//plus/mytag_js.php?aid=6022" "Mozilla/4.0 (compatible; MSIE 9.0; Windows NT 6.1)" 
58.218.207.205 - - [03/Aug/2018:01:45:12 -0700] "POST //book/story_dod_hjkdsafon.php HTTP/1.1" 404 294 "http://www.secrepo.com//book/story_dod_hjkdsafon.php" "Mozilla/4.0 (compatible; MSIE 9.0; Windows NT 6.1)" 
58.218.207.205 - - [03/Aug/2018:01:45:12 -0700] "POST //data/s.asp HTTP/1.1" 404 294 "http://www.secrepo.com//data/s.asp" "Mozilla/4.0 (compatible; MSIE 9.0; Windows NT 6.1)" 
58.218.207.205 - - [03/Aug/2018:01:45:13 -0700] "POST //plus/mytag_js.php?aid=9527 HTTP/1.1" 404 294 "http://www.secrepo.com//plus/mytag_js.php?aid=9527" "Mozilla/4.0 (compatible; MSIE 9.0; Windows NT 6.1)" 
58.218.207.205 - - [03/Aug/2018:01:45:13 -0700] "POST //plus/mytag_js.php?aid=9527 HTTP/1.1" 404 294 "http://www.secrepo.com//plus/mytag_js.php?aid=9527" "Mozilla/4.0 (compatible; MSIE 9.0; Windows NT 6.1)" 
58.218.207.205 - - [03/Aug/2018:01:45:13 -0700] "POST //plus/mytag_js.php?aid=9527 HTTP/1.1" 404 294 "http://www.secrepo.com//plus/mytag_js.php?aid=9527" "Mozilla/4.0 (compatible; MSIE 9.0; Windows NT 6.1)" 
58.218.207.205 - - [03/Aug/2018:01:45:14 -0700] "POST //plus/mytag_js.php?aid=9191 HTTP/1.1" 404 294 "http://www.secrepo.com//plus/mytag_js.php?aid=9191" "Mozilla/4.0 (compatible; MSIE 9.0; Windows NT 6.1)" 
58.218.207.205 - - [03/Aug/2018:01:45:14 -0700] "POST //plus/mytag_js.php?aid=9191 HTTP/1.1" 404 294 "http://www.secrepo.com//plus/mytag_js.php?aid=9191" "Mozilla/4.0 (compatible; MSIE 9.0; Windows NT 6.1)" 
58.218.207.205 - - [03/Aug/2018:01:45:14 -0700] "POST //plus/mytag_js.php?aid=9191 HTTP/1.1" 404 294 "http://www.secrepo.com//plus/mytag_js.php?aid=9191" "Mozilla/4.0 (compatible; MSIE 9.0; Windows NT 6.1)" 
58.218.207.205 - - [03/Aug/2018:01:45:15 -0700] "POST //install/md5.php HTTP/1.1" 404 294 "http://www.secrepo.com//install/md5.php" "Mozilla/4.0 (compatible; MSIE 9.0; Windows NT 6.1)" 
58.218.207.205 - - [03/Aug/2018:01:45:15 -0700] "POST //plus/mytag_js.php?aid=9999 HTTP/1.1" 404 294 "http://www.secrepo.com//plus/mytag_js.php?aid=9999" "Mozilla/4.0 (compatible; MSIE 9.0; Windows NT 6.1)" 
58.218.207.205 - - [03/Aug/2018:01:45:15 -0700] "POST //plus/mytag_js.php?aid=9999 HTTP/1.1" 404 294 "http://www.secrepo.com//plus/mytag_js.php?aid=9999" "Mozilla/4.0 (compatible; MSIE 9.0; Windows NT 6.1)" 
58.218.207.205 - - [03/Aug/2018:01:45:15 -0700] "POST //plus/mytag_js.php?aid=9999 HTTP/1.1" 404 294 "http://www.secrepo.com//plus/mytag_js.php?aid=9999" "Mozilla/4.0 (compatible; MSIE 9.0; Windows NT 6.1)" 
58.218.207.205 - - [03/Aug/2018:01:45:16 -0700] "POST //base/admin/cache.asp HTTP/1.1" 404 294 "http://www.secrepo.com//base/admin/cache.asp" "Mozilla/4.0 (compatible; MSIE 9.0; Windows NT 6.1)" 
58.218.207.205 - - [03/Aug/2018:01:45:16 -0700] "POST //bbs/utility/convert/data/config.inc.php HTTP/1.1" 404 294 "http://www.secrepo.com//bbs/utility/convert/data/config.inc.php" "Mozilla/4.0 (compatible; MSIE 9.0; Windows NT 6.1)" 
58.218.207.205 - - [03/Aug/2018:01:45:17 -0700] "POST //plus/zdqd.php HTTP/1.1" 404 294 "http://www.secrepo.com//plus/zdqd.php" "Mozilla/4.0 (compatible; MSIE 9.0; Windows NT 6.1)" 
58.218.207.205 - - [03/Aug/2018:01:45:17 -0700] "POST //templets/plus/sky.php HTTP/1.1" 404 294 "http://www.secrepo.com//templets/plus/sky.php" "Mozilla/4.0 (compatible; MSIE 9.0; Windows NT 6.1)" 
58.218.207.205 - - [03/Aug/2018:01:45:17 -0700] "POST //plus/90000.php HTTP/1.1" 404 294 "http://www.secrepo.com//plus/90000.php" "Mozilla/4.0 (compatible; MSIE 9.0; Windows NT 6.1)" 
58.218.207.205 - - [03/Aug/2018:01:45:17 -0700] "POST //uploadfile/userfiles/media/confg.inc.php HTTP/1.1" 404 294 "http://www.secrepo.com//uploadfile/userfiles/media/confg.inc.php" "Mozilla/4.0 (compatible; MSIE 9.0; Windows NT 6.1)" 
58.218.207.205 - - [03/Aug/2018:01:45:18 -0700] "POST //images/uploadfile.asp HTTP/1.1" 404 294 "http://www.secrepo.com//images/uploadfile.asp" "Mozilla/4.0 (compatible; MSIE 9.0; Windows NT 6.1)" 
58.218.207.205 - - [03/Aug/2018:01:45:18 -0700] "POST //dxyylc/md5.php HTTP/1.1" 404 294 "http://www.secrepo.com//dxyylc/md5.php" "Mozilla/4.0 (compatible; MSIE 9.0; Windows NT 6.1)" 
58.218.207.205 - - [03/Aug/2018:01:45:18 -0700] "POST //plus/digg.php HTTP/1.1" 404 294 "http://www.secrepo.com//plus/digg.php" "Mozilla/4.0 (compatible; MSIE 9.0; Windows NT 6.1)" 
58.218.207.205 - - [03/Aug/2018:01:45:18 -0700] "POST //plus/qingtian.php HTTP/1.1" 404 294 "http://www.secrepo.com//plus/qingtian.php" "Mozilla/4.0 (compatible; MSIE 9.0; Windows NT 6.1)" 
58.218.207.205 - - [03/Aug/2018:01:45:19 -0700] "POST //plus/backup.php HTTP/1.1" 404 294 "http://www.secrepo.com//plus/backup.php" "Mozilla/4.0 (compatible; MSIE 9.0; Windows NT 6.1)" 
58.218.207.205 - - [03/Aug/2018:01:45:19 -0700] "POST //plus/top.php HTTP/1.1" 404 294 "http://www.secrepo.com//plus/top.php" "Mozilla/4.0 (compatible; MSIE 9.0; Windows NT 6.1)" 
58.218.207.205 - - [03/Aug/2018:01:45:19 -0700] "POST //plus/myjs.php HTTP/1.1" 404 294 "http://www.secrepo.com//plus/myjs.php" "Mozilla/4.0 (compatible; MSIE 9.0; Windows NT 6.1)" 
58.218.207.205 - - [03/Aug/2018:01:45:20 -0700] "POST //xiaolei.php HTTP/1.1" 404 294 "http://www.secrepo.com//xiaolei.php" "Mozilla/4.0 (compatible; MSIE 9.0; Windows NT 6.1)" 
58.218.207.205 - - [03/Aug/2018:01:45:20 -0700] "POST //plus/xsvip.php HTTP/1.1" 404 294 "http://www.secrepo.com//plus/xsvip.php" "Mozilla/4.0 (compatible; MSIE 9.0; Windows NT 6.1)" 
58.218.207.205 - - [03/Aug/2018:01:45:20 -0700] "POST //dxyylc/md5.asp HTTP/1.1" 404 294 "http://www.secrepo.com//dxyylc/md5.asp" "Mozilla/4.0 (compatible; MSIE 9.0; Windows NT 6.1)" 
58.218.207.205 - - [03/Aug/2018:01:45:20 -0700] "POST //dxyylc/md5.aspx HTTP/1.1" 404 294 "http://www.secrepo.com//dxyylc/md5.aspx" "Mozilla/4.0 (compatible; MSIE 9.0; Windows NT 6.1)" 
58.218.207.205 - - [03/Aug/2018:01:45:21 -0700] "POST //dxyylc/md5.aspx HTTP/1.1" 404 294 "http://www.secrepo.com//dxyylc/md5.aspx" "Mozilla/4.0 (compatible; MSIE 9.0; Windows NT 6.1)" 
58.218.207.205 - - [03/Aug/2018:01:45:21 -0700] "POST //dxyylc/md5.aspx HTTP/1.1" 404 294 "http://www.secrepo.com//dxyylc/md5.aspx" "Mozilla/4.0 (compatible; MSIE 9.0; Windows NT 6.1)" 
58.218.207.205 - - [03/Aug/2018:01:45:22 -0700] "POST //plus/bakup.php HTTP/1.1" 404 294 "http://www.secrepo.com//plus/bakup.php" "Mozilla/4.0 (compatible; MSIE 9.0; Windows NT 6.1)" 
58.218.207.205 - - [03/Aug/2018:01:45:22 -0700] "POST //include/ckeditor/plugins/pagebreak/images/inCahe.php HTTP/1.1" 404 294 "http://www.secrepo.com//include/ckeditor/plugins/pagebreak/images/inCahe.php" "Mozilla/4.0 (compatible; MSIE 9.0; Windows NT 6.1)" 
58.218.207.205 - - [03/Aug/2018:01:45:22 -0700] "POST //utility/convert/include/rom2823.php HTTP/1.1" 404 294 "http://www.secrepo.com//utility/convert/include/rom2823.php" "Mozilla/4.0 (compatible; MSIE 9.0; Windows NT 6.1)" 
58.218.207.205 - - [03/Aug/2018:01:45:22 -0700] "POST //admin/Admin_Ta.asp HTTP/1.1" 404 294 "http://www.secrepo.com//admin/Admin_Ta.asp" "Mozilla/4.0 (compatible; MSIE 9.0; Windows NT 6.1)" 
58.218.207.205 - - [03/Aug/2018:01:45:23 -0700] "POST //admin/error.asp HTTP/1.1" 404 294 "http://www.secrepo.com//admin/error.asp" "Mozilla/4.0 (compatible; MSIE 9.0; Windows NT 6.1)" 
58.218.207.205 - - [03/Aug/2018:01:45:23 -0700] "POST //weki.asp HTTP/1.1" 404 294 "http://www.secrepo.com//weki.asp" "Mozilla/4.0 (compatible; MSIE 9.0; Windows NT 6.1)" 
58.218.207.205 - - [03/Aug/2018:01:45:23 -0700] "POST //kdatebase/index_.asp HTTP/1.1" 404 294 "http://www.secrepo.com//kdatebase/index_.asp" "Mozilla/4.0 (compatible; MSIE 9.0; Windows NT 6.1)" 
58.218.207.205 - - [03/Aug/2018:01:45:23 -0700] "POST //Somnus/Somnus.asp HTTP/1.1" 404 294 "http://www.secrepo.com//Somnus/Somnus.asp" "Mozilla/4.0 (compatible; MSIE 9.0; Windows NT 6.1)" 
58.218.207.205 - - [03/Aug/2018:01:45:24 -0700] "POST //images/cache.asp HTTP/1.1" 404 294 "http://www.secrepo.com//images/cache.asp" "Mozilla/4.0 (compatible; MSIE 9.0; Windows NT 6.1)" 
58.218.207.205 - - [03/Aug/2018:01:45:24 -0700] "POST //weki.php HTTP/1.1" 404 294 "http://www.secrepo.com//weki.php" "Mozilla/4.0 (compatible; MSIE 9.0; Windows NT 6.1)" 
58.218.207.205 - - [03/Aug/2018:01:45:24 -0700] "POST //data/data/index.php HTTP/1.1" 404 294 "http://www.secrepo.com//data/data/index.php" "Mozilla/4.0 (compatible; MSIE 9.0; Windows NT 6.1)" 
58.218.207.205 - - [03/Aug/2018:01:45:25 -0700] "POST //data/conn/config.php HTTP/1.1" 404 294 "http://www.secrepo.com//data/conn/config.php" "Mozilla/4.0 (compatible; MSIE 9.0; Windows NT 6.1)" 
58.218.207.205 - - [03/Aug/2018:01:45:25 -0700] "POST //plus/mytag_j.php?aid=6022 HTTP/1.1" 404 294 "http://www.secrepo.com//plus/mytag_j.php?aid=6022" "Mozilla/4.0 (compatible; MSIE 9.0; Windows NT 6.1)" 
58.218.207.205 - - [03/Aug/2018:01:45:26 -0700] "POST //plus/mytag_j.php?aid=6022 HTTP/1.1" 404 294 "http://www.secrepo.com//plus/mytag_j.php?aid=6022" "Mozilla/4.0 (compatible; MSIE 9.0; Windows NT 6.1)" 
58.218.207.205 - - [03/Aug/2018:01:45:26 -0700] "POST //plus/mytag_j.php?aid=6022 HTTP/1.1" 404 294 "http://www.secrepo.com//plus/mytag_j.php?aid=6022" "Mozilla/4.0 (compatible; MSIE 9.0; Windows NT 6.1)" 
58.218.207.205 - - [03/Aug/2018:01:45:26 -0700] "POST //include/helperss/filter.helpear.php HTTP/1.1" 404 294 "http://www.secrepo.com//include/helperss/filter.helpear.php" "Mozilla/4.0 (compatible; MSIE 9.0; Windows NT 6.1)" 
58.218.207.205 - - [03/Aug/2018:01:45:26 -0700] "POST //install/modurnlecscache.php HTTP/1.1" 404 294 "http://www.secrepo.com//install/modurnlecscache.php" "Mozilla/4.0 (compatible; MSIE 9.0; Windows NT 6.1)" 
58.218.207.205 - - [03/Aug/2018:01:45:27 -0700] "POST //data/img/css/xianf.ASP HTTP/1.1" 404 294 "http://www.secrepo.com//data/img/css/xianf.ASP" "Mozilla/4.0 (compatible; MSIE 9.0; Windows NT 6.1)" 
58.218.207.205 - - [03/Aug/2018:01:45:27 -0700] "POST //data/img/css/xianf.ASP HTTP/1.1" 404 294 "http://www.secrepo.com//data/img/css/xianf.ASP" "Mozilla/4.0 (compatible; MSIE 9.0; Windows NT 6.1)" 
58.218.207.205 - - [03/Aug/2018:01:45:27 -0700] "POST //data/img/css/xianf.ASP HTTP/1.1" 404 294 "http://www.secrepo.com//data/img/css/xianf.ASP" "Mozilla/4.0 (compatible; MSIE 9.0; Windows NT 6.1)" 
58.218.207.205 - - [03/Aug/2018:01:45:27 -0700] "POST //include/data/fonts/uddatasql.php HTTP/1.1" 404 294 "http://www.secrepo.com//include/data/fonts/uddatasql.php" "Mozilla/4.0 (compatible; MSIE 9.0; Windows NT 6.1)" 
58.218.207.205 - - [03/Aug/2018:01:45:28 -0700] "POST //install/m7lrv.php HTTP/1.1" 404 294 "http://www.secrepo.com//install/m7lrv.php" "Mozilla/4.0 (compatible; MSIE 9.0; Windows NT 6.1)" 
58.218.207.205 - - [03/Aug/2018:01:45:28 -0700] "POST //bbs/utility/convert/data/config.inc.php HTTP/1.1" 404 294 "http://www.secrepo.com//bbs/utility/convert/data/config.inc.php" "Mozilla/4.0 (compatible; MSIE 9.0; Windows NT 6.1)" 
58.218.207.205 - - [03/Aug/2018:01:45:29 -0700] "POST //utility/convert/data/config.inc.php HTTP/1.1" 404 294 "http://www.secrepo.com//utility/convert/data/config.inc.php" "Mozilla/4.0 (compatible; MSIE 9.0; Windows NT 6.1)" 
58.218.207.205 - - [03/Aug/2018:01:45:29 -0700] "POST //md5.asp HTTP/1.1" 404 294 "http://www.secrepo.com//md5.asp" "Mozilla/4.0 (compatible; MSIE 9.0; Windows NT 6.1)" 
58.218.207.205 - - [03/Aug/2018:01:45:29 -0700] "POST //images/Sql.asp HTTP/1.1" 404 294 "http://www.secrepo.com//images/Sql.asp" "Mozilla/4.0 (compatible; MSIE 9.0; Windows NT 6.1)" 
58.218.207.205 - - [03/Aug/2018:01:45:29 -0700] "POST //manage/Images/Sql.asp HTTP/1.1" 404 294 "http://www.secrepo.com//manage/Images/Sql.asp" "Mozilla/4.0 (compatible; MSIE 9.0; Windows NT 6.1)" 
58.218.207.205 - - [03/Aug/2018:01:45:30 -0700] "POST //admin/images/Sql.asp HTTP/1.1" 404 294 "http://www.secrepo.com//admin/images/Sql.asp" "Mozilla/4.0 (compatible; MSIE 9.0; Windows NT 6.1)" 
58.218.207.205 - - [03/Aug/2018:01:45:30 -0700] "POST //images/css/Thumb.asp HTTP/1.1" 404 294 "http://www.secrepo.com//images/css/Thumb.asp" "Mozilla/4.0 (compatible; MSIE 9.0; Windows NT 6.1)" 
58.218.207.205 - - [03/Aug/2018:01:45:30 -0700] "POST //admin/sdfg.asp HTTP/1.1" 404 294 "http://www.secrepo.com//admin/sdfg.asp" "Mozilla/4.0 (compatible; MSIE 9.0; Windows NT 6.1)" 
58.218.207.205 - - [03/Aug/2018:01:45:31 -0700] "POST //Templates/test.asp HTTP/1.1" 404 294 "http://www.secrepo.com//Templates/test.asp" "Mozilla/4.0 (compatible; MSIE 9.0; Windows NT 6.1)" 
113.171.224.176 - - [03/Aug/2018:01:49:08 -0700] "GET /honeypot/Honeypot%20-%20Howto.pdf HTTP/1.1" 200 46720 "-" "Mozilla/5.0 Gecko/20100115 Firefox/3.6" 
54.36.148.136 - - [03/Aug/2018:01:49:44 -0700] "GET /self.logs/error.log.2015-11-23.gz HTTP/1.1" 404 284 "-" "Mozilla/5.0 (compatible; AhrefsBot/5.2; +http://ahrefs.com/robot/)" 
94.130.65.53 - - [03/Aug/2018:01:51:32 -0700] "GET /robots.txt HTTP/1.1" 301 502 "-" "Mozilla/5.0 (compatible; BLEXBot/1.0; +http://webmeup-crawler.com/)" 
94.130.65.53 - - [03/Aug/2018:01:51:32 -0700] "GET /robots.txt HTTP/1.1" 200 334 "-" "Mozilla/5.0 (compatible; BLEXBot/1.0; +http://webmeup-crawler.com/)" 
95.86.153.6 - - [03/Aug/2018:01:57:19 -0700] "GET /wp-login.php HTTP/1.1" 418 732 "-" "Mozilla/5.0 (Windows NT 6.1; WOW64; rv:40.0) Gecko/20100101 Firefox/40.1" 
95.86.153.6 - - [03/Aug/2018:01:57:20 -0700] "GET / HTTP/1.1" 418 732 "-" "Mozilla/5.0 (Windows NT 6.1; WOW64; rv:40.0) Gecko/20100101 Firefox/40.1" 
41.231.56.82 - - [03/Aug/2018:01:57:59 -0700] "GET /wp-login.php HTTP/1.1" 418 732 "-" "Mozilla/5.0 (Windows NT 6.1; WOW64; rv:40.0) Gecko/20100101 Firefox/40.1" 
106.51.66.68 - - [03/Aug/2018:02:01:14 -0700] "GET / HTTP/1.1" 200 11357 "-" "Mozilla/5.0 (Macintosh; Intel Mac OS X 10_13_6) AppleWebKit/537.36 (KHTML, like Gecko) Chrome/66.0.3359.170 Safari/537.36 OPR/53.0.2907.68" 
106.51.66.68 - - [03/Aug/2018:02:01:14 -0700] "GET /bootstrap/img/favicon.ico HTTP/1.1" 200 589 "-" "Mozilla/5.0 (Macintosh; Intel Mac OS X 10_13_6) AppleWebKit/537.36 (KHTML, like Gecko) Chrome/66.0.3359.170 Safari/537.36 OPR/53.0.2907.68" 
94.130.65.53 - - [03/Aug/2018:02:01:38 -0700] "GET /robots.txt HTTP/1.1" 301 502 "-" "Mozilla/5.0 (compatible; BLEXBot/1.0; +http://webmeup-crawler.com/)" 
94.130.65.53 - - [03/Aug/2018:02:01:38 -0700] "GET /robots.txt HTTP/1.1" 200 334 "-" "Mozilla/5.0 (compatible; BLEXBot/1.0; +http://webmeup-crawler.com/)" 
157.55.39.69 - - [03/Aug/2018:02:02:27 -0700] "GET /self.logs/access.log.2017-02-26.gz HTTP/1.1" 200 39637 "-" "Mozilla/5.0 (compatible; bingbot/2.0; +http://www.bing.com/bingbot.htm)" 
114.70.235.61 - - [03/Aug/2018:02:08:22 -0700] "GET / HTTP/1.1" 200 11357 "https://www.google.co.kr/" "Mozilla/5.0 (Windows NT 10.0; Win64; x64) AppleWebKit/537.36 (KHTML, like Gecko) Chrome/67.0.3396.99 Safari/537.36" 
114.70.235.61 - - [03/Aug/2018:02:08:24 -0700] "GET /GitHub-Mark.png HTTP/1.1" 200 7428 "http://www.secrepo.com/" "Mozilla/5.0 (Windows NT 10.0; Win64; x64) AppleWebKit/537.36 (KHTML, like Gecko) Chrome/67.0.3396.99 Safari/537.36" 
114.70.235.61 - - [03/Aug/2018:02:08:24 -0700] "GET /twitter-icon.png HTTP/1.1" 200 27787 "http://www.secrepo.com/" "Mozilla/5.0 (Windows NT 10.0; Win64; x64) AppleWebKit/537.36 (KHTML, like Gecko) Chrome/67.0.3396.99 Safari/537.36" 
94.130.65.53 - - [03/Aug/2018:02:11:45 -0700] "GET /robots.txt HTTP/1.1" 301 502 "-" "Mozilla/5.0 (compatible; BLEXBot/1.0; +http://webmeup-crawler.com/)" 
94.130.65.53 - - [03/Aug/2018:02:11:45 -0700] "GET /robots.txt HTTP/1.1" 200 334 "-" "Mozilla/5.0 (compatible; BLEXBot/1.0; +http://webmeup-crawler.com/)" 
199.58.86.211 - - [03/Aug/2018:02:12:22 -0700] "GET /robots.txt HTTP/1.1" 200 289 "-" "Mozilla/5.0 (compatible; MJ12bot/v1.4.8; http://mj12bot.com/)" 
199.58.86.211 - - [03/Aug/2018:02:12:25 -0700] "GET / HTTP/1.1" 200 38539 "-" "Mozilla/5.0 (compatible; MJ12bot/v1.4.8; http://mj12bot.com/)" 
190.103.83.147 - - [03/Aug/2018:02:12:44 -0700] "GET /wp-login.php HTTP/1.1" 418 732 "-" "Mozilla/5.0 (Windows NT 6.1; WOW64; rv:40.0) Gecko/20100101 Firefox/40.1" 
190.103.83.147 - - [03/Aug/2018:02:12:45 -0700] "GET / HTTP/1.1" 418 732 "-" "Mozilla/5.0 (Windows NT 6.1; WOW64; rv:40.0) Gecko/20100101 Firefox/40.1" 
41.223.160.173 - - [03/Aug/2018:02:14:48 -0700] "GET /maccdc2012/dns.log.gz HTTP/1.1" 304 154 "-" "Mozilla/5.0 Gecko/20100115 Firefox/3.6" 
54.202.28.165 - - [03/Aug/2018:02:18:19 -0700] "GET /scada/scada_logs.zip HTTP/1.1" 200 364845 "-" "Mozilla/4.0 (compatible; MSIE 8.0; Windows NT 5.1; Trident/4.0)" 
34.217.65.137 - - [03/Aug/2018:02:18:22 -0700] "GET /scada/scada_logs.zip HTTP/1.1" 200 364845 "-" "Mozilla/4.0 (compatible; MSIE 8.0; Windows NT 5.1; Trident/4.0)" 
118.219.252.177 - - [03/Aug/2018:02:18:56 -0700] "GET /scada/scada_logs.zip HTTP/1.1" 200 364845 "-" "Python-urllib/2.7" 
121.244.50.135 - - [03/Aug/2018:02:20:31 -0700] "GET / HTTP/1.1" 200 11357 "https://www.google.co.in/" "Mozilla/5.0 (Windows NT 6.1; Win64; x64) AppleWebKit/537.36 (KHTML, like Gecko) Chrome/67.0.3396.99 Safari/537.36" 
94.130.65.53 - - [03/Aug/2018:02:21:55 -0700] "GET /robots.txt HTTP/1.1" 301 502 "-" "Mozilla/5.0 (compatible; BLEXBot/1.0; +http://webmeup-crawler.com/)" 
94.130.65.53 - - [03/Aug/2018:02:21:56 -0700] "GET /robots.txt HTTP/1.1" 200 334 "-" "Mozilla/5.0 (compatible; BLEXBot/1.0; +http://webmeup-crawler.com/)" 
89.208.29.211 - - [03/Aug/2018:02:21:58 -0700] "GET /scada/scada_logs.zip HTTP/1.1" 200 364845 "-" "Mozilla/4.0 (compatible; MSIE 6.0; Windows NT 5.1; SV1; .NET CLR 2.0.50727)" 
