81.213.44.45 - - [03/Mar/2018:01:54:03 -0800] "GET /tg/tg_snort_fast.7z HTTP/1.1" 206 231710 "-" "Mozilla/5.0 (Windows NT 10.0; Win64; x64) AppleWebKit/537.36 (KHTML, like Gecko) Chrome/64.0.3282.186 Safari/537.36" 
81.213.44.45 - - [03/Mar/2018:01:54:20 -0800] "GET /pe_static/zeus.zip HTTP/1.1" 200 269874 "-" "Mozilla/5.0 (Windows NT 10.0; Win64; x64) AppleWebKit/537.36 (KHTML, like Gecko) Chrome/64.0.3282.186 Safari/537.36" 
81.213.44.45 - - [03/Mar/2018:01:54:26 -0800] "GET /pe_static/zeus.zip HTTP/1.1" 200 342113 "-" "Mozilla/5.0 (Windows NT 10.0; Win64; x64) AppleWebKit/537.36 (KHTML, like Gecko) Chrome/64.0.3282.186 Safari/537.36" 
81.213.44.45 - - [03/Mar/2018:01:54:28 -0800] "GET /pe_static/zeus.zip HTTP/1.1" 206 680137 "-" "Mozilla/5.0 (Windows NT 10.0; Win64; x64) AppleWebKit/537.36 (KHTML, like Gecko) Chrome/64.0.3282.186 Safari/537.36" 
81.213.44.45 - - [03/Mar/2018:01:54:29 -0800] "GET /pe_static/zeus.zip HTTP/1.1" 206 412989 "-" "Mozilla/5.0 (Windows NT 10.0; Win64; x64) AppleWebKit/537.36 (KHTML, like Gecko) Chrome/64.0.3282.186 Safari/537.36" 
81.213.44.45 - - [03/Mar/2018:01:54:29 -0800] "GET /pe_static/zeus.zip HTTP/1.1" 206 594268 "-" "Mozilla/5.0 (Windows NT 10.0; Win64; x64) AppleWebKit/537.36 (KHTML, like Gecko) Chrome/64.0.3282.186 Safari/537.36" 
81.213.44.45 - - [03/Mar/2018:01:54:54 -0800] "GET /pe_static/zeus.zip HTTP/1.1" 206 263059 "-" "Mozilla/5.0 (Windows NT 10.0; Win64; x64) AppleWebKit/537.36 (KHTML, like Gecko) Chrome/64.0.3282.186 Safari/537.36" 
81.213.44.45 - - [03/Mar/2018:01:54:29 -0800] "GET /pe_static/zeus.zip HTTP/1.1" 206 453879 "-" "Mozilla/5.0 (Windows NT 10.0; Win64; x64) AppleWebKit/537.36 (KHTML, like Gecko) Chrome/64.0.3282.186 Safari/537.36" 
81.213.44.45 - - [03/Mar/2018:01:54:29 -0800] "GET /pe_static/zeus.zip HTTP/1.1" 206 475687 "-" "Mozilla/5.0 (Windows NT 10.0; Win64; x64) AppleWebKit/537.36 (KHTML, like Gecko) Chrome/64.0.3282.186 Safari/537.36" 
81.213.44.45 - - [03/Mar/2018:01:54:29 -0800] "GET /pe_static/zeus.zip HTTP/1.1" 206 410263 "-" "Mozilla/5.0 (Windows NT 10.0; Win64; x64) AppleWebKit/537.36 (KHTML, like Gecko) Chrome/64.0.3282.186 Safari/537.36" 
81.213.44.45 - - [03/Mar/2018:01:54:29 -0800] "GET /pe_static/zeus.zip HTTP/1.1" 206 502947 "-" "Mozilla/5.0 (Windows NT 10.0; Win64; x64) AppleWebKit/537.36 (KHTML, like Gecko) Chrome/64.0.3282.186 Safari/537.36" 
81.213.44.45 - - [03/Mar/2018:01:54:46 -0800] "GET /tg/tg_snort_full.7z HTTP/1.1" 206 79054 "-" "Mozilla/5.0 (Windows NT 10.0; Win64; x64) AppleWebKit/537.36 (KHTML, like Gecko) Chrome/64.0.3282.186 Safari/537.36" 
81.213.44.45 - - [03/Mar/2018:01:55:58 -0800] "GET /tg/tg_snort_full.7z HTTP/1.1" 206 102696 "-" "Mozilla/5.0 (Windows NT 10.0; Win64; x64) AppleWebKit/537.36 (KHTML, like Gecko) Chrome/64.0.3282.186 Safari/537.36" 
81.213.44.45 - - [03/Mar/2018:01:56:09 -0800] "GET /tg/tg_snort_full.7z HTTP/1.1" 206 79054 "-" "Mozilla/5.0 (Windows NT 10.0; Win64; x64) AppleWebKit/537.36 (KHTML, like Gecko) Chrome/64.0.3282.186 Safari/537.36" 
81.213.44.45 - - [03/Mar/2018:01:56:09 -0800] "GET /tg/tg_snort_full.7z HTTP/1.1" 206 246549 "-" "Mozilla/5.0 (Windows NT 10.0; Win64; x64) AppleWebKit/537.36 (KHTML, like Gecko) Chrome/64.0.3282.186 Safari/537.36" 
81.213.44.45 - - [03/Mar/2018:01:55:50 -0800] "GET /tg/tg_snort_full.7z HTTP/1.1" 206 337131 "-" "Mozilla/5.0 (Windows NT 10.0; Win64; x64) AppleWebKit/537.36 (KHTML, like Gecko) Chrome/64.0.3282.186 Safari/537.36" 
81.213.44.45 - - [03/Mar/2018:01:55:32 -0800] "GET /tg/tg_snort_full.7z HTTP/1.1" 206 568371 "-" "Mozilla/5.0 (Windows NT 10.0; Win64; x64) AppleWebKit/537.36 (KHTML, like Gecko) Chrome/64.0.3282.186 Safari/537.36" 
81.213.44.45 - - [03/Mar/2018:01:56:33 -0800] "GET /tg/tg_snort_full.7z HTTP/1.1" 206 102696 "-" "Mozilla/5.0 (Windows NT 10.0; Win64; x64) AppleWebKit/537.36 (KHTML, like Gecko) Chrome/64.0.3282.186 Safari/537.36" 
81.213.44.45 - - [03/Mar/2018:01:56:33 -0800] "GET /tg/tg_snort_full.7z HTTP/1.1" 206 85687 "-" "Mozilla/5.0 (Windows NT 10.0; Win64; x64) AppleWebKit/537.36 (KHTML, like Gecko) Chrome/64.0.3282.186 Safari/537.36" 
81.213.44.45 - - [03/Mar/2018:01:56:13 -0800] "GET /tg/tg_snort_full.7z HTTP/1.1" 206 170301 "-" "Mozilla/5.0 (Windows NT 10.0; Win64; x64) AppleWebKit/537.36 (KHTML, like Gecko) Chrome/64.0.3282.186 Safari/537.36" 
81.213.44.45 - - [03/Mar/2018:01:56:41 -0800] "GET /tg/tg_snort_full.7z HTTP/1.1" 206 51528 "-" "Mozilla/5.0 (Windows NT 10.0; Win64; x64) AppleWebKit/537.36 (KHTML, like Gecko) Chrome/64.0.3282.186 Safari/537.36" 
81.213.44.45 - - [03/Mar/2018:01:56:41 -0800] "GET /tg/tg_snort_full.7z HTTP/1.1" 206 51528 "-" "Mozilla/5.0 (Windows NT 10.0; Win64; x64) AppleWebKit/537.36 (KHTML, like Gecko) Chrome/64.0.3282.186 Safari/537.36" 
81.213.44.45 - - [03/Mar/2018:01:56:39 -0800] "GET /tg/tg_snort_full.7z HTTP/1.1" 206 102696 "-" "Mozilla/5.0 (Windows NT 10.0; Win64; x64) AppleWebKit/537.36 (KHTML, like Gecko) Chrome/64.0.3282.186 Safari/537.36" 
81.213.44.45 - - [03/Mar/2018:01:55:51 -0800] "GET /tg/tg_snort_full.7z HTTP/1.1" 206 278052 "-" "Mozilla/5.0 (Windows NT 10.0; Win64; x64) AppleWebKit/537.36 (KHTML, like Gecko) Chrome/64.0.3282.186 Safari/537.36" 
81.213.44.45 - - [03/Mar/2018:01:56:42 -0800] "GET /tg/tg_snort_full.7z HTTP/1.1" 206 25944 "-" "Mozilla/5.0 (Windows NT 10.0; Win64; x64) AppleWebKit/537.36 (KHTML, like Gecko) Chrome/64.0.3282.186 Safari/537.36" 
81.213.44.45 - - [03/Mar/2018:01:56:43 -0800] "GET /tg/tg_snort_full.7z HTTP/1.1" 206 17158 "-" "Mozilla/5.0 (Windows NT 10.0; Win64; x64) AppleWebKit/537.36 (KHTML, like Gecko) Chrome/64.0.3282.186 Safari/537.36" 
81.213.44.45 - - [03/Mar/2018:01:56:43 -0800] "GET /tg/tg_snort_full.7z HTTP/1.1" 206 13152 "-" "Mozilla/5.0 (Windows NT 10.0; Win64; x64) AppleWebKit/537.36 (KHTML, like Gecko) Chrome/64.0.3282.186 Safari/537.36" 
81.213.44.45 - - [03/Mar/2018:01:54:46 -0800] "GET /tg/tg_snort_full.7z HTTP/1.1" 206 729205 "-" "Mozilla/5.0 (Windows NT 10.0; Win64; x64) AppleWebKit/537.36 (KHTML, like Gecko) Chrome/64.0.3282.186 Safari/537.36" 
81.213.44.45 - - [03/Mar/2018:01:56:43 -0800] "GET /tg/tg_snort_full.7z HTTP/1.1" 206 79054 "-" "Mozilla/5.0 (Windows NT 10.0; Win64; x64) AppleWebKit/537.36 (KHTML, like Gecko) Chrome/64.0.3282.186 Safari/537.36" 
81.213.44.45 - - [03/Mar/2018:01:56:42 -0800] "GET /tg/tg_snort_full.7z HTTP/1.1" 206 79054 "-" "Mozilla/5.0 (Windows NT 10.0; Win64; x64) AppleWebKit/537.36 (KHTML, like Gecko) Chrome/64.0.3282.186 Safari/537.36" 
81.213.44.45 - - [03/Mar/2018:01:56:48 -0800] "GET /tg/tg_snort_full.7z HTTP/1.1" 206 566 "-" "Mozilla/5.0 (Windows NT 10.0; Win64; x64) AppleWebKit/537.36 (KHTML, like Gecko) Chrome/64.0.3282.186 Safari/537.36" 
81.213.44.45 - - [03/Mar/2018:01:55:51 -0800] "GET /tg/tg_snort_full.7z HTTP/1.1" 206 451153 "-" "Mozilla/5.0 (Windows NT 10.0; Win64; x64) AppleWebKit/537.36 (KHTML, like Gecko) Chrome/64.0.3282.186 Safari/537.36" 
81.213.44.45 - - [03/Mar/2018:01:56:59 -0800] "GET /pe_static/zeus.zip HTTP/1.1" 206 148567 "-" "Mozilla/5.0 (Windows NT 10.0; Win64; x64) AppleWebKit/537.36 (KHTML, like Gecko) Chrome/64.0.3282.186 Safari/537.36" 
81.213.44.45 - - [03/Mar/2018:01:56:59 -0800] "GET /pe_static/zeus.zip HTTP/1.1" 206 648788 "-" "Mozilla/5.0 (Windows NT 10.0; Win64; x64) AppleWebKit/537.36 (KHTML, like Gecko) Chrome/64.0.3282.186 Safari/537.36" 
81.213.44.45 - - [03/Mar/2018:01:57:48 -0800] "GET /pe_static/zeus.zip HTTP/1.1" 206 79054 "-" "Mozilla/5.0 (Windows NT 10.0; Win64; x64) AppleWebKit/537.36 (KHTML, like Gecko) Chrome/64.0.3282.186 Safari/537.36" 
89.67.176.86 - - [03/Mar/2018:02:01:17 -0800] "GET /bootstrap/img/favicon.ico HTTP/1.1" 200 590 "http://www.secrepo.com/" "Mozilla/5.0 (X11; Linux x86_64) AppleWebKit/537.36 (KHTML, like Gecko) Chrome/64.0.3282.167 Safari/537.36" 
81.213.44.45 - - [03/Mar/2018:01:56:59 -0800] "GET /pe_static/zeus.zip HTTP/1.1" 206 1808701 "-" "Mozilla/5.0 (Windows NT 10.0; Win64; x64) AppleWebKit/537.36 (KHTML, like Gecko) Chrome/64.0.3282.186 Safari/537.36" 
81.213.44.45 - - [03/Mar/2018:01:56:59 -0800] "GET /pe_static/zeus.zip HTTP/1.1" 206 2034959 "-" "Mozilla/5.0 (Windows NT 10.0; Win64; x64) AppleWebKit/537.36 (KHTML, like Gecko) Chrome/64.0.3282.186 Safari/537.36" 
103.18.11.173 - - [03/Mar/2018:02:02:23 -0800] "GET /wp-login.php HTTP/1.1" 418 732 "-" "Mozilla/5.0 (Windows NT 6.1; WOW64; rv:40.0) Gecko/20100101 Firefox/40.1" 
103.18.11.173 - - [03/Mar/2018:02:02:23 -0800] "GET / HTTP/1.1" 418 732 "-" "Mozilla/5.0 (Windows NT 6.1; WOW64; rv:40.0) Gecko/20100101 Firefox/40.1" 
112.207.5.126 - - [03/Mar/2018:02:04:43 -0800] "GET / HTTP/1.1" 200 11061 "https://www.google.com/" "Mozilla/5.0 (Windows NT 10.0; Win64; x64; rv:58.0) Gecko/20100101 Firefox/58.0" 
112.207.5.126 - - [03/Mar/2018:02:04:44 -0800] "GET /GitHub-Mark.png HTTP/1.1" 200 7428 "http://www.secrepo.com/" "Mozilla/5.0 (Windows NT 10.0; Win64; x64; rv:58.0) Gecko/20100101 Firefox/58.0" 
112.207.5.126 - - [03/Mar/2018:02:04:44 -0800] "GET /twitter-icon.png HTTP/1.1" 200 27787 "http://www.secrepo.com/" "Mozilla/5.0 (Windows NT 10.0; Win64; x64; rv:58.0) Gecko/20100101 Firefox/58.0" 
112.207.5.126 - - [03/Mar/2018:02:04:45 -0800] "GET /bootstrap/img/favicon.ico HTTP/1.1" 200 589 "-" "Mozilla/5.0 (Windows NT 10.0; Win64; x64; rv:58.0) Gecko/20100101 Firefox/58.0" 
185.132.75.50 - - [03/Mar/2018:02:06:30 -0800] "GET /domaindata/domainmovement.zip HTTP/1.1" 200 7437725 "http://www.secrepo.com/" "Mozilla/5.0 (X11; Linux x86_64) AppleWebKit/537.36 (KHTML, like Gecko) Chrome/64.0.3282.186 Safari/537.36" 
81.213.44.45 - - [03/Mar/2018:01:56:59 -0800] "GET /pe_static/zeus.zip HTTP/1.1" 206 3858653 "-" "Mozilla/5.0 (Windows NT 10.0; Win64; x64) AppleWebKit/537.36 (KHTML, like Gecko) Chrome/64.0.3282.186 Safari/537.36" 
81.213.44.45 - - [03/Mar/2018:02:01:07 -0800] "GET /pe_static/zeus.zip HTTP/1.1" 206 4169417 "-" "Mozilla/5.0 (Windows NT 10.0; Win64; x64) AppleWebKit/537.36 (KHTML, like Gecko) Chrome/64.0.3282.186 Safari/537.36" 
79.224.205.154 - - [03/Mar/2018:02:08:57 -0800] "GET / HTTP/1.1" 200 11061 "-" "Mozilla/5.0 (Macintosh; Intel Mac OS X 10.13; rv:58.0) Gecko/20100101 Firefox/58.0" 
79.224.205.154 - - [03/Mar/2018:02:08:57 -0800] "GET /twitter-icon.png HTTP/1.1" 200 27787 "http://www.secrepo.com/" "Mozilla/5.0 (Macintosh; Intel Mac OS X 10.13; rv:58.0) Gecko/20100101 Firefox/58.0" 
79.224.205.154 - - [03/Mar/2018:02:08:57 -0800] "GET /GitHub-Mark.png HTTP/1.1" 200 7428 "http://www.secrepo.com/" "Mozilla/5.0 (Macintosh; Intel Mac OS X 10.13; rv:58.0) Gecko/20100101 Firefox/58.0" 
79.224.205.154 - - [03/Mar/2018:02:08:58 -0800] "GET /bootstrap/img/favicon.ico HTTP/1.1" 200 589 "-" "Mozilla/5.0 (Macintosh; Intel Mac OS X 10.13; rv:58.0) Gecko/20100101 Firefox/58.0" 
81.213.44.45 - - [03/Mar/2018:02:07:12 -0800] "GET /pe_static/zeus.zip HTTP/1.1" 206 1298939 "-" "Mozilla/5.0 (Windows NT 10.0; Win64; x64) AppleWebKit/537.36 (KHTML, like Gecko) Chrome/64.0.3282.186 Safari/537.36" 
81.213.44.45 - - [03/Mar/2018:01:58:36 -0800] "GET /pe_static/zeus.zip HTTP/1.1" 206 4725521 "-" "Mozilla/5.0 (Windows NT 10.0; Win64; x64) AppleWebKit/537.36 (KHTML, like Gecko) Chrome/64.0.3282.186 Safari/537.36" 
81.213.44.45 - - [03/Mar/2018:01:56:59 -0800] "GET /pe_static/zeus.zip HTTP/1.1" 206 6016011 "-" "Mozilla/5.0 (Windows NT 10.0; Win64; x64) AppleWebKit/537.36 (KHTML, like Gecko) Chrome/64.0.3282.186 Safari/537.36" 
81.213.44.45 - - [03/Mar/2018:02:07:48 -0800] "GET /pe_static/zeus.zip HTTP/1.1" 206 1048147 "-" "Mozilla/5.0 (Windows NT 10.0; Win64; x64) AppleWebKit/537.36 (KHTML, like Gecko) Chrome/64.0.3282.186 Safari/537.36" 
81.213.44.45 - - [03/Mar/2018:02:09:30 -0800] "GET /pe_static/zeus.zip HTTP/1.1" 206 111766 "-" "Mozilla/5.0 (Windows NT 10.0; Win64; x64) AppleWebKit/537.36 (KHTML, like Gecko) Chrome/64.0.3282.186 Safari/537.36" 
81.213.44.45 - - [03/Mar/2018:02:02:21 -0800] "GET /pe_static/zeus.zip HTTP/1.1" 206 4041295 "-" "Mozilla/5.0 (Windows NT 10.0; Win64; x64) AppleWebKit/537.36 (KHTML, like Gecko) Chrome/64.0.3282.186 Safari/537.36" 
81.213.44.45 - - [03/Mar/2018:01:56:59 -0800] "GET /pe_static/zeus.zip HTTP/1.1" 206 5977621 "-" "Mozilla/5.0 (Windows NT 10.0; Win64; x64) AppleWebKit/537.36 (KHTML, like Gecko) Chrome/64.0.3282.186 Safari/537.36" 
81.213.44.45 - - [03/Mar/2018:02:09:52 -0800] "GET /pe_static/zeus.zip HTTP/1.1" 206 200140 "-" "Mozilla/5.0 (Windows NT 10.0; Win64; x64) AppleWebKit/537.36 (KHTML, like Gecko) Chrome/64.0.3282.186 Safari/537.36" 
81.213.44.45 - - [03/Mar/2018:02:09:49 -0800] "GET /pe_static/zeus.zip HTTP/1.1" 206 225555 "-" "Mozilla/5.0 (Windows NT 10.0; Win64; x64) AppleWebKit/537.36 (KHTML, like Gecko) Chrome/64.0.3282.186 Safari/537.36" 
81.213.44.45 - - [03/Mar/2018:02:09:30 -0800] "GET /pe_static/zeus.zip HTTP/1.1" 206 434797 "-" "Mozilla/5.0 (Windows NT 10.0; Win64; x64) AppleWebKit/537.36 (KHTML, like Gecko) Chrome/64.0.3282.186 Safari/537.36" 
81.213.44.45 - - [03/Mar/2018:01:56:58 -0800] "GET /pe_static/zeus.zip HTTP/1.1" 206 6010830 "-" "Mozilla/5.0 (Windows NT 10.0; Win64; x64) AppleWebKit/537.36 (KHTML, like Gecko) Chrome/64.0.3282.186 Safari/537.36" 
81.213.44.45 - - [03/Mar/2018:02:10:09 -0800] "GET /pe_static/zeus.zip HTTP/1.1" 206 102688 "-" "Mozilla/5.0 (Windows NT 10.0; Win64; x64) AppleWebKit/537.36 (KHTML, like Gecko) Chrome/64.0.3282.186 Safari/537.36" 
81.213.44.45 - - [03/Mar/2018:02:10:10 -0800] "GET /pe_static/zeus.zip HTTP/1.1" 206 102688 "-" "Mozilla/5.0 (Windows NT 10.0; Win64; x64) AppleWebKit/537.36 (KHTML, like Gecko) Chrome/64.0.3282.186 Safari/537.36" 
81.213.44.45 - - [03/Mar/2018:02:10:08 -0800] "GET /pe_static/zeus.zip HTTP/1.1" 206 159471 "-" "Mozilla/5.0 (Windows NT 10.0; Win64; x64) AppleWebKit/537.36 (KHTML, like Gecko) Chrome/64.0.3282.186 Safari/537.36" 
81.213.44.45 - - [03/Mar/2018:02:09:45 -0800] "GET /pe_static/zeus.zip HTTP/1.1" 206 316216 "-" "Mozilla/5.0 (Windows NT 10.0; Win64; x64) AppleWebKit/537.36 (KHTML, like Gecko) Chrome/64.0.3282.186 Safari/537.36" 
81.213.44.45 - - [03/Mar/2018:02:10:13 -0800] "GET /pe_static/zeus.zip HTTP/1.1" 206 51520 "-" "Mozilla/5.0 (Windows NT 10.0; Win64; x64) AppleWebKit/537.36 (KHTML, like Gecko) Chrome/64.0.3282.186 Safari/537.36" 
81.213.44.45 - - [03/Mar/2018:02:10:13 -0800] "GET /pe_static/zeus.zip HTTP/1.1" 206 51520 "-" "Mozilla/5.0 (Windows NT 10.0; Win64; x64) AppleWebKit/537.36 (KHTML, like Gecko) Chrome/64.0.3282.186 Safari/537.36" 
81.213.44.45 - - [03/Mar/2018:02:10:13 -0800] "GET /pe_static/zeus.zip HTTP/1.1" 206 25936 "-" "Mozilla/5.0 (Windows NT 10.0; Win64; x64) AppleWebKit/537.36 (KHTML, like Gecko) Chrome/64.0.3282.186 Safari/537.36" 
81.213.44.45 - - [03/Mar/2018:02:10:13 -0800] "GET /pe_static/zeus.zip HTTP/1.1" 206 13144 "-" "Mozilla/5.0 (Windows NT 10.0; Win64; x64) AppleWebKit/537.36 (KHTML, like Gecko) Chrome/64.0.3282.186 Safari/537.36" 
81.213.44.45 - - [03/Mar/2018:02:10:13 -0800] "GET /pe_static/zeus.zip HTTP/1.1" 206 79054 "-" "Mozilla/5.0 (Windows NT 10.0; Win64; x64) AppleWebKit/537.36 (KHTML, like Gecko) Chrome/64.0.3282.186 Safari/537.36" 
81.213.44.45 - - [03/Mar/2018:02:10:14 -0800] "GET /pe_static/zeus.zip HTTP/1.1" 206 13143 "-" "Mozilla/5.0 (Windows NT 10.0; Win64; x64) AppleWebKit/537.36 (KHTML, like Gecko) Chrome/64.0.3282.186 Safari/537.36" 
81.213.44.45 - - [03/Mar/2018:01:59:16 -0800] "GET /pe_static/zeus.zip HTTP/1.1" 206 5239372 "-" "Mozilla/5.0 (Windows NT 10.0; Win64; x64) AppleWebKit/537.36 (KHTML, like Gecko) Chrome/64.0.3282.186 Safari/537.36" 
81.213.44.45 - - [03/Mar/2018:02:10:13 -0800] "GET /pe_static/zeus.zip HTTP/1.1" 206 79054 "-" "Mozilla/5.0 (Windows NT 10.0; Win64; x64) AppleWebKit/537.36 (KHTML, like Gecko) Chrome/64.0.3282.186 Safari/537.36" 
81.213.44.45 - - [03/Mar/2018:02:10:14 -0800] "GET /pe_static/zeus.zip HTTP/1.1" 206 79054 "-" "Mozilla/5.0 (Windows NT 10.0; Win64; x64) AppleWebKit/537.36 (KHTML, like Gecko) Chrome/64.0.3282.186 Safari/537.36" 
81.213.44.45 - - [03/Mar/2018:02:10:13 -0800] "GET /pe_static/zeus.zip HTTP/1.1" 206 102688 "-" "Mozilla/5.0 (Windows NT 10.0; Win64; x64) AppleWebKit/537.36 (KHTML, like Gecko) Chrome/64.0.3282.186 Safari/537.36" 
81.213.44.45 - - [03/Mar/2018:02:09:45 -0800] "GET /pe_static/zeus.zip HTTP/1.1" 206 259719 "-" "Mozilla/5.0 (Windows NT 10.0; Win64; x64) AppleWebKit/537.36 (KHTML, like Gecko) Chrome/64.0.3282.186 Safari/537.36" 
92.42.49.10 - - [03/Mar/2018:02:13:45 -0800] "GET / HTTP/1.1" 200 11061 "https://www.google.com/" "Mozilla/5.0 (Linux; Android 7.0; SM-G935F Build/NRD90M) AppleWebKit/537.36 (KHTML, like Gecko) Chrome/64.0.3282.137 Mobile Safari/537.36" 
92.42.49.10 - - [03/Mar/2018:02:13:47 -0800] "GET /twitter-icon.png HTTP/1.1" 200 27787 "http://www.secrepo.com/" "Mozilla/5.0 (Linux; Android 7.0; SM-G935F Build/NRD90M) AppleWebKit/537.36 (KHTML, like Gecko) Chrome/64.0.3282.137 Mobile Safari/537.36" 
85.185.36.133 - - [03/Mar/2018:02:13:49 -0800] "GET /GitHub-Mark.png HTTP/1.1" 200 7428 "http://www.secrepo.com/" "Mozilla/5.0 (Linux; Android 7.0; SM-G935F Build/NRD90M) AppleWebKit/537.36 (KHTML, like Gecko) Chrome/64.0.3282.137 Mobile Safari/537.36" 
85.185.36.133 - - [03/Mar/2018:02:13:52 -0800] "GET /bootstrap/img/favicon.ico HTTP/1.1" 200 590 "http://www.secrepo.com/" "Mozilla/5.0 (Linux; Android 7.0; SM-G935F Build/NRD90M) AppleWebKit/537.36 (KHTML, like Gecko) Chrome/64.0.3282.137 Mobile Safari/537.36" 
149.154.167.166 - - [03/Mar/2018:02:14:11 -0800] "GET / HTTP/1.1" 200 11005 "-" "TelegramBot (like TwitterBot)" 
216.244.66.227 - - [03/Mar/2018:02:25:28 -0800] "GET /robots.txt HTTP/1.1" 200 233 "-" "Mozilla/5.0 (compatible; DotBot/1.1; http://www.opensiteexplorer.org/dotbot, help@moz.com)" 
120.221.1.28 - - [03/Mar/2018:02:28:57 -0800] "GET /maccdc2012/files.log.gz HTTP/1.1" 304 155 "-" "Mozilla/5.0 Gecko/20100115 Firefox/3.6" 
149.62.94.5 - - [03/Mar/2018:02:33:07 -0800] "GET / HTTP/1.1" 200 11061 "-" "Mozilla/5.0 (Windows NT 10.0; Win64; x64) AppleWebKit/537.36 (KHTML, like Gecko) Chrome/64.0.3282.186 Safari/537.36" 
149.62.94.5 - - [03/Mar/2018:02:33:08 -0800] "GET /twitter-icon.png HTTP/1.1" 200 27787 "http://www.secrepo.com/" "Mozilla/5.0 (Windows NT 10.0; Win64; x64) AppleWebKit/537.36 (KHTML, like Gecko) Chrome/64.0.3282.186 Safari/537.36" 
149.62.94.5 - - [03/Mar/2018:02:33:08 -0800] "GET /GitHub-Mark.png HTTP/1.1" 200 7428 "http://www.secrepo.com/" "Mozilla/5.0 (Windows NT 10.0; Win64; x64) AppleWebKit/537.36 (KHTML, like Gecko) Chrome/64.0.3282.186 Safari/537.36" 
149.62.94.5 - - [03/Mar/2018:02:33:08 -0800] "GET /bootstrap/img/favicon.ico HTTP/1.1" 200 589 "http://www.secrepo.com/" "Mozilla/5.0 (Windows NT 10.0; Win64; x64) AppleWebKit/537.36 (KHTML, like Gecko) Chrome/64.0.3282.186 Safari/537.36" 
137.74.92.77 - - [03/Mar/2018:02:35:27 -0800] "GET /robots.txt HTTP/1.1" 200 334 "-" "Barkrowler/0.7 (+http://www.exensa.com/crawl)" 
137.74.92.77 - - [03/Mar/2018:02:35:33 -0800] "GET / HTTP/1.1" 200 11061 "-" "Barkrowler/0.7 (+http://www.exensa.com/crawl)" 
122.114.109.87 - - [03/Mar/2018:02:39:30 -0800] "GET //phpmyadmin HTTP/1.1" 404 295 "-" "Mozilla/4.0 (compatible; Win32; WinHttp.WinHttpRequest.5)" 
157.55.39.121 - - [03/Mar/2018:02:42:37 -0800] "GET /self.logs/error.log.2017-05-31.gz HTTP/1.1" 200 975 "-" "Mozilla/5.0 (compatible; bingbot/2.0; +http://www.bing.com/bingbot.htm)" 
197.237.21.11 - - [03/Mar/2018:02:44:49 -0800] "GET /maccdc2012/dhcp.log.gz HTTP/1.1" 200 45019 "http://www.secrepo.com/" "Mozilla/5.0 (Windows NT 10.0; Win64; x64) AppleWebKit/537.36 (KHTML, like Gecko) Chrome/64.0.3282.186 Safari/537.36" 
219.74.190.14 - - [03/Mar/2018:02:45:43 -0800] "GET /maccdc2012/conn.log.gz HTTP/1.1" 200 60947 "http://www.secrepo.com/" "Mozilla/5.0 (Macintosh; Intel Mac OS X 10.12; rv:58.0) Gecko/20100101 Firefox/58.0" 
219.74.190.14 - - [03/Mar/2018:02:45:44 -0800] "GET /maccdc2012/conn.log.gz HTTP/1.1" 200 1063795 "http://www.secrepo.com/" "Mozilla/5.0 (Macintosh; Intel Mac OS X 10.12; rv:58.0) Gecko/20100101 Firefox/58.0" 
113.171.224.176 - - [03/Mar/2018:02:47:45 -0800] "GET /honeypot/Honeypot%20-%20Howto.pdf HTTP/1.1" 200 46720 "-" "Mozilla/5.0 Gecko/20100115 Firefox/3.6" 
78.134.124.41 - - [03/Mar/2018:02:48:09 -0800] "GET /favicon.ico HTTP/1.1" 200 268 "http://www.secrepo.com/honeypot/Honeypot%20-%20Howto%20-%20BSides%20Austin.pdf" "Mozilla/5.0 (Macintosh; Intel Mac OS X 10_13_3) AppleWebKit/537.36 (KHTML, like Gecko) Chrome/64.0.3282.186 Safari/537.36" 
78.134.124.41 - - [03/Mar/2018:02:48:07 -0800] "GET /honeypot/Honeypot%20-%20Howto%20-%20BSides%20Austin.pdf HTTP/1.1" 200 2928460 "https://www.google.it/" "Mozilla/5.0 (Macintosh; Intel Mac OS X 10_13_3) AppleWebKit/537.36 (KHTML, like Gecko) Chrome/64.0.3282.186 Safari/537.36" 
14.192.134.54 - - [03/Mar/2018:02:56:27 -0800] "GET /wp-login.php HTTP/1.1" 418 732 "-" "Mozilla/5.0 (Windows NT 6.1; WOW64; rv:40.0) Gecko/20100101 Firefox/40.1" 
14.192.134.54 - - [03/Mar/2018:02:56:28 -0800] "GET / HTTP/1.1" 418 732 "-" "Mozilla/5.0 (Windows NT 6.1; WOW64; rv:40.0) Gecko/20100101 Firefox/40.1" 
40.77.167.26 - - [03/Mar/2018:02:57:09 -0800] "GET /self.logs/error.log.2017-12-13.gz HTTP/1.1" 200 2018 "-" "Mozilla/5.0 (compatible; bingbot/2.0; +http://www.bing.com/bingbot.htm)" 
137.74.92.77 - - [03/Mar/2018:02:57:46 -0800] "GET /data HTTP/1.1" 404 340 "-" "Barkrowler/0.7 (+http://www.exensa.com/crawl)" 
137.74.92.77 - - [03/Mar/2018:02:57:53 -0800] "GET /maccdc2012/maccdc2012_fast_alert.7z HTTP/1.1" 200 2699558 "-" "Barkrowler/0.7 (+http://www.exensa.com/crawl)" 
137.74.92.77 - - [03/Mar/2018:02:58:01 -0800] "GET /maccdc2012/maccdc2012_full_alert.7z HTTP/1.1" 200 2686400 "-" "Barkrowler/0.7 (+http://www.exensa.com/crawl)" 
137.74.92.77 - - [03/Mar/2018:02:58:09 -0800] "GET /tg/tg_snort_fast.7z HTTP/1.1" 200 2946280 "-" "Barkrowler/0.7 (+http://www.exensa.com/crawl)" 
137.74.92.77 - - [03/Mar/2018:02:58:17 -0800] "GET /tg/tg_snort_full.7z HTTP/1.1" 200 2810500 "-" "Barkrowler/0.7 (+http://www.exensa.com/crawl)" 
137.74.92.77 - - [03/Mar/2018:02:58:24 -0800] "GET /honeypot/BSidesDFW%20-%202014.ipynb HTTP/1.1" 200 930836 "-" "Barkrowler/0.7 (+http://www.exensa.com/crawl)" 
14.215.176.6 - - [03/Mar/2018:03:01:05 -0800] "GET /&wd=test HTTP/1.1" 404 340 "http://www.baidu.com/s?wd=B1Q" "Mozilla/5.0 (Windows NT 6.1; WOW64; rv:43.0) Gecko/20100101 Firefox/43.0" 
92.231.165.24 - - [03/Mar/2018:03:01:12 -0800] "GET / HTTP/1.1" 200 11061 "-" "WhatsApp/2.18.46 A" 
92.231.165.24 - - [03/Mar/2018:03:01:12 -0800] "GET /bootstrap/img/apple-touch-icon-114x114.png HTTP/1.1" 404 339 "-" "WhatsApp/2.18.46 A" 
102.181.194.40 - - [03/Mar/2018:03:01:17 -0800] "GET /tg/tg_snort_fast.7z HTTP/1.1" 304 131 "-" "Mozilla/5.0 Gecko/20100115 Firefox/3.6" 
113.116.158.244 - - [03/Mar/2018:03:04:04 -0800] "GET / HTTP/1.1" 200 11061 "-" "Mozilla/5.0 (Windows NT 10.0; Win64; x64) AppleWebKit/537.36 (KHTML, like Gecko) Chrome/64.0.3282.186 Safari/537.36" 
113.116.158.244 - - [03/Mar/2018:03:04:06 -0800] "GET /twitter-icon.png HTTP/1.1" 200 27787 "http://www.secrepo.com/" "Mozilla/5.0 (Windows NT 10.0; Win64; x64) AppleWebKit/537.36 (KHTML, like Gecko) Chrome/64.0.3282.186 Safari/537.36" 
113.116.158.244 - - [03/Mar/2018:03:04:06 -0800] "GET /GitHub-Mark.png HTTP/1.1" 200 7428 "http://www.secrepo.com/" "Mozilla/5.0 (Windows NT 10.0; Win64; x64) AppleWebKit/537.36 (KHTML, like Gecko) Chrome/64.0.3282.186 Safari/537.36" 
113.116.158.244 - - [03/Mar/2018:03:04:08 -0800] "GET /bootstrap/img/favicon.ico HTTP/1.1" 200 590 "http://www.secrepo.com/" "Mozilla/5.0 (Windows NT 10.0; Win64; x64) AppleWebKit/537.36 (KHTML, like Gecko) Chrome/64.0.3282.186 Safari/537.36" 
51.223.0.249 - - [03/Mar/2018:03:09:09 -0800] "GET / HTTP/1.1" 200 11061 "https://www.google.com/" "Mozilla/5.0 (Macintosh; Intel Mac OS X 10_11_1) AppleWebKit/601.2.7 (KHTML, like Gecko) Version/9.0.1 Safari/601.2.7" 
51.223.0.249 - - [03/Mar/2018:03:09:09 -0800] "GET /twitter-icon.png HTTP/1.1" 200 27787 "http://www.secrepo.com/" "Mozilla/5.0 (Macintosh; Intel Mac OS X 10_11_1) AppleWebKit/601.2.7 (KHTML, like Gecko) Version/9.0.1 Safari/601.2.7" 
51.223.0.249 - - [03/Mar/2018:03:09:09 -0800] "GET /GitHub-Mark.png HTTP/1.1" 200 7428 "http://www.secrepo.com/" "Mozilla/5.0 (Macintosh; Intel Mac OS X 10_11_1) AppleWebKit/601.2.7 (KHTML, like Gecko) Version/9.0.1 Safari/601.2.7" 
51.223.0.249 - - [03/Mar/2018:03:09:10 -0800] "GET /bootstrap/img/favicon.ico HTTP/1.1" 200 590 "http://www.secrepo.com/" "Mozilla/5.0 (Macintosh; Intel Mac OS X 10_11_1) AppleWebKit/601.2.7 (KHTML, like Gecko) Version/9.0.1 Safari/601.2.7" 
78.134.124.41 - - [03/Mar/2018:03:09:38 -0800] "GET / HTTP/1.1" 301 483 "-" "Mozilla/5.0 (Macintosh; Intel Mac OS X 10_13_3) AppleWebKit/537.36 (KHTML, like Gecko) Chrome/64.0.3282.186 Safari/537.36" 
78.134.124.41 - - [03/Mar/2018:03:09:38 -0800] "GET / HTTP/1.1" 200 11061 "-" "Mozilla/5.0 (Macintosh; Intel Mac OS X 10_13_3) AppleWebKit/537.36 (KHTML, like Gecko) Chrome/64.0.3282.186 Safari/537.36" 
78.134.124.41 - - [03/Mar/2018:03:09:39 -0800] "GET /twitter-icon.png HTTP/1.1" 200 27787 "http://www.secrepo.com/" "Mozilla/5.0 (Macintosh; Intel Mac OS X 10_13_3) AppleWebKit/537.36 (KHTML, like Gecko) Chrome/64.0.3282.186 Safari/537.36" 
78.134.124.41 - - [03/Mar/2018:03:09:39 -0800] "GET /GitHub-Mark.png HTTP/1.1" 200 7428 "http://www.secrepo.com/" "Mozilla/5.0 (Macintosh; Intel Mac OS X 10_13_3) AppleWebKit/537.36 (KHTML, like Gecko) Chrome/64.0.3282.186 Safari/537.36" 
51.223.0.249 - - [03/Mar/2018:03:09:14 -0800] "GET /pe_static/zeus.zip HTTP/1.1" 200 51367111 "http://www.secrepo.com/" "Mozilla/5.0 (Macintosh; Intel Mac OS X 10_11_1) AppleWebKit/601.2.7 (KHTML, like Gecko) Version/9.0.1 Safari/601.2.7" 
78.134.124.41 - - [03/Mar/2018:03:09:41 -0800] "GET /bootstrap/img/favicon.ico HTTP/1.1" 200 590 "http://www.secrepo.com/" "Mozilla/5.0 (Macintosh; Intel Mac OS X 10_13_3) AppleWebKit/537.36 (KHTML, like Gecko) Chrome/64.0.3282.186 Safari/537.36" 
78.134.124.41 - - [03/Mar/2018:03:09:47 -0800] "GET /favicon.ico HTTP/1.1" 200 268 "http://www.secrepo.com/honeypot/Honeypot%20-%20Howto%20-%20BSides%20Austin.pdf" "Mozilla/5.0 (Macintosh; Intel Mac OS X 10_13_3) AppleWebKit/537.36 (KHTML, like Gecko) Chrome/64.0.3282.186 Safari/537.36" 
78.134.124.41 - - [03/Mar/2018:03:09:46 -0800] "GET /honeypot/Honeypot%20-%20Howto%20-%20BSides%20Austin.pdf HTTP/1.1" 200 2928460 "https://www.google.it/" "Mozilla/5.0 (Macintosh; Intel Mac OS X 10_13_3) AppleWebKit/537.36 (KHTML, like Gecko) Chrome/64.0.3282.186 Safari/537.36" 
197.237.21.11 - - [03/Mar/2018:03:10:13 -0800] "GET /honeypot/BSidesDFW%20-%202014.ipynb HTTP/1.1" 200 930836 "http://www.secrepo.com/" "Mozilla/5.0 (Windows NT 10.0; Win64; x64) AppleWebKit/537.36 (KHTML, like Gecko) Chrome/64.0.3282.186 Safari/537.36" 
197.237.21.11 - - [03/Mar/2018:03:10:42 -0800] "GET /favicon.ico HTTP/1.1" 200 268 "http://www.secrepo.com/honeypot/BSidesDFW%20-%202014.ipynb" "Mozilla/5.0 (Windows NT 10.0; Win64; x64) AppleWebKit/537.36 (KHTML, like Gecko) Chrome/64.0.3282.186 Safari/537.36" 
197.237.21.11 - - [03/Mar/2018:03:12:42 -0800] "GET /maccdc2012/dhcp.log.gz HTTP/1.1" 200 45019 "http://www.secrepo.com/" "Mozilla/5.0 (Windows NT 10.0; Win64; x64) AppleWebKit/537.36 (KHTML, like Gecko) Chrome/64.0.3282.186 Safari/537.36" 
51.223.0.249 - - [03/Mar/2018:03:12:21 -0800] "GET /pe_static/zeus.zip HTTP/1.1" 200 12852024 "http://www.secrepo.com/" "Mozilla/5.0 (Macintosh; Intel Mac OS X 10_11_1) AppleWebKit/601.2.7 (KHTML, like Gecko) Version/9.0.1 Safari/601.2.7" 
46.161.9.56 - - [03/Mar/2018:03:12:42 -0800] "GET /honeypot/Honeypot%20-%20Howto.pdf HTTP/1.0" 200 1279381 "http://www.secrepo.com/honeypot/Honeypot%20-%20Howto.pdf" "Mozilla/5.0 (Windows NT 6.3; Win64; x64) AppleWebKit/537.36 (KHTML, like Gecko) Chrome/62.0.3202.89 Safari/537.36 OPR/49.0.2725.47" 
199.58.86.209 - - [03/Mar/2018:03:15:33 -0800] "GET /robots.txt HTTP/1.1" 200 289 "-" "Mozilla/5.0 (compatible; MJ12bot/v1.4.8; http://mj12bot.com/)" 
199.58.86.209 - - [03/Mar/2018:03:15:37 -0800] "GET / HTTP/1.1" 200 37359 "-" "Mozilla/5.0 (compatible; MJ12bot/v1.4.8; http://mj12bot.com/)" 
52.165.148.51 - - [03/Mar/2018:03:17:53 -0800] "GET / HTTP/1.1" 301 461 "-" "Mozilla/5.0 (Macintosh; Intel Mac OS X 10_13_1) AppleWebKit/537.36 (KHTML, like Gecko) Chrome/62.0.3202.94 Safari/537.36" 
123.52.155.56 - - [03/Mar/2018:03:20:12 -0800] "GET /favicon.ico HTTP/1.1" 200 268 "-" "Mozilla/5.0 (Windows NT 6.1) AppleWebKit/537.36 (KHTML, like Gecko) Chrome/55.0.2883.87 Safari/537.36" 
197.237.21.11 - - [03/Mar/2018:03:34:45 -0800] "GET /maccdc2012/dhcp.log.gz HTTP/1.1" 200 45019 "http://www.secrepo.com/" "Mozilla/5.0 (Windows NT 10.0; Win64; x64) AppleWebKit/537.36 (KHTML, like Gecko) Chrome/64.0.3282.186 Safari/537.36" 
178.212.79.202 - - [03/Mar/2018:03:42:15 -0800] "GET / HTTP/1.1" 301 498 "-" "Mozilla/5.0 (Windows NT 5.1; rv:32.0) Gecko/20100101 Firefox/32.0" 
178.212.79.202 - - [03/Mar/2018:03:42:16 -0800] "GET / HTTP/1.1" 200 37415 "-" "Mozilla/5.0 (Windows NT 5.1; rv:32.0) Gecko/20100101 Firefox/32.0" 
197.237.21.11 - - [03/Mar/2018:03:41:01 -0800] "GET /maccdc2012/dns.log.gz HTTP/1.1" 200 6629420 "http://www.secrepo.com/" "Mozilla/5.0 (Windows NT 10.0; Win64; x64) AppleWebKit/537.36 (KHTML, like Gecko) Chrome/64.0.3282.186 Safari/537.36" 
175.111.133.149 - - [03/Mar/2018:03:47:23 -0800] "GET / HTTP/1.1" 200 11061 "-" "Mozilla/5.0 (Windows NT 6.1; Win64; x64) AppleWebKit/537.36 (KHTML, like Gecko) Chrome/64.0.3282.186 Safari/537.36" 
175.111.133.149 - - [03/Mar/2018:03:47:24 -0800] "GET /twitter-icon.png HTTP/1.1" 200 27787 "http://www.secrepo.com/" "Mozilla/5.0 (Windows NT 6.1; Win64; x64) AppleWebKit/537.36 (KHTML, like Gecko) Chrome/64.0.3282.186 Safari/537.36" 
175.111.133.149 - - [03/Mar/2018:03:47:24 -0800] "GET /GitHub-Mark.png HTTP/1.1" 200 7428 "http://www.secrepo.com/" "Mozilla/5.0 (Windows NT 6.1; Win64; x64) AppleWebKit/537.36 (KHTML, like Gecko) Chrome/64.0.3282.186 Safari/537.36" 
175.111.133.149 - - [03/Mar/2018:03:47:28 -0800] "GET /bootstrap/img/favicon.ico HTTP/1.1" 200 590 "http://www.secrepo.com/" "Mozilla/5.0 (Windows NT 6.1; Win64; x64) AppleWebKit/537.36 (KHTML, like Gecko) Chrome/64.0.3282.186 Safari/537.36" 
113.171.224.176 - - [03/Mar/2018:03:47:47 -0800] "GET /honeypot/Honeypot%20-%20Howto.pdf HTTP/1.1" 200 46720 "-" "Mozilla/5.0 Gecko/20100115 Firefox/3.6" 
195.251.166.42 - - [03/Mar/2018:03:50:58 -0800] "GET / HTTP/1.1" 200 11061 "https://www.google.gr/" "Mozilla/5.0 (Windows NT 10.0; Win64; x64) AppleWebKit/537.36 (KHTML, like Gecko) Chrome/64.0.3282.186 Safari/537.36" 
195.251.166.42 - - [03/Mar/2018:03:50:58 -0800] "GET /twitter-icon.png HTTP/1.1" 200 27787 "http://www.secrepo.com/" "Mozilla/5.0 (Windows NT 10.0; Win64; x64) AppleWebKit/537.36 (KHTML, like Gecko) Chrome/64.0.3282.186 Safari/537.36" 
195.251.166.42 - - [03/Mar/2018:03:50:58 -0800] "GET /GitHub-Mark.png HTTP/1.1" 200 7428 "http://www.secrepo.com/" "Mozilla/5.0 (Windows NT 10.0; Win64; x64) AppleWebKit/537.36 (KHTML, like Gecko) Chrome/64.0.3282.186 Safari/537.36" 
66.249.81.63 - - [03/Mar/2018:03:51:04 -0800] "GET / HTTP/1.1" 200 11061 "https://translate.googleusercontent.com/translate_p?hl=el&prev=search&sl=en&u=http://www.secrepo.com/&depth=1&rurl=translate.google.gr&sp=nmt4&xid=17259,15700022,15700043,15700105,15700124,15700149,15700168,15700173,15700201&usg=ALkJrhgAAAAAWpqNU0Th_kI4ZvomrDAUJQhyVRIvzK-E" "Mozilla/5.0 (Windows NT 10.0; Win64; x64) AppleWebKit/537.36 (KHTML, like Gecko) Chrome/64.0.3282.186 Safari/537.36,gzip(gfe)" 
83.56.239.114 - - [03/Mar/2018:03:56:54 -0800] "GET / HTTP/1.1" 200 11061 "https://www.google.es/" "Mozilla/5.0 (Windows NT 6.3; Win64; x64) AppleWebKit/537.36 (KHTML, like Gecko) Chrome/64.0.3282.186 Safari/537.36" 
83.56.239.114 - - [03/Mar/2018:03:56:55 -0800] "GET /twitter-icon.png HTTP/1.1" 200 27787 "http://www.secrepo.com/" "Mozilla/5.0 (Windows NT 6.3; Win64; x64) AppleWebKit/537.36 (KHTML, like Gecko) Chrome/64.0.3282.186 Safari/537.36" 
83.56.239.114 - - [03/Mar/2018:03:56:55 -0800] "GET /GitHub-Mark.png HTTP/1.1" 200 7428 "http://www.secrepo.com/" "Mozilla/5.0 (Windows NT 6.3; Win64; x64) AppleWebKit/537.36 (KHTML, like Gecko) Chrome/64.0.3282.186 Safari/537.36" 
78.134.124.41 - - [03/Mar/2018:03:57:46 -0800] "GET /honeypot/Honeypot%20-%20Howto%20-%20BSides%20Austin.pdf HTTP/1.1" 304 168 "-" "Mozilla/5.0 (Macintosh; Intel Mac OS X 10_13_3) AppleWebKit/537.36 (KHTML, like Gecko) Chrome/64.0.3282.186 Safari/537.36" 
120.221.0.34 - - [03/Mar/2018:03:59:54 -0800] "GET /honeypot/Honeypot%20-%20Howto.pdf HTTP/1.1" 304 131 "-" "Mozilla/5.0 Gecko/20100115 Firefox/3.6" 
157.55.39.118 - - [03/Mar/2018:04:00:35 -0800] "GET /robots.txt HTTP/1.1" 301 502 "-" "Mozilla/5.0 (compatible; bingbot/2.0; +http://www.bing.com/bingbot.htm)" 
157.55.39.118 - - [03/Mar/2018:04:00:35 -0800] "GET /robots.txt HTTP/1.1" 200 334 "-" "Mozilla/5.0 (compatible; bingbot/2.0; +http://www.bing.com/bingbot.htm)" 
207.46.13.122 - - [03/Mar/2018:04:00:39 -0800] "GET /honeypot/honeypot%20-%20howto%20-%20bsides%20austin.pdf HTTP/1.1" 301 558 "-" "Mozilla/5.0 (iPhone; CPU iPhone OS 7_0 like Mac OS X) AppleWebKit/537.51.1 (KHTML, like Gecko) Version/7.0 Mobile/11A465 Safari/9537.53 (compatible; bingbot/2.0; +http://www.bing.com/bingbot.htm)" 
207.46.13.122 - - [03/Mar/2018:04:00:44 -0800] "GET /honeypot/honeypot%20-%20howto%20-%20bsides%20austin.pdf HTTP/1.1" 404 340 "-" "Mozilla/5.0 (iPhone; CPU iPhone OS 7_0 like Mac OS X) AppleWebKit/537.51.1 (KHTML, like Gecko) Version/7.0 Mobile/11A465 Safari/9537.53 (compatible; bingbot/2.0; +http://www.bing.com/bingbot.htm)" 
202.115.41.201 - - [03/Mar/2018:04:02:40 -0800] "GET /self.logs/ HTTP/1.1" 200 8591 "http://www.secrepo.com/" "Mozilla/5.0 (Windows NT 10.0; Win64; x64) AppleWebKit/537.36 (KHTML, like Gecko) Chrome/64.0.3282.186 Safari/537.36" 
202.115.41.201 - - [03/Mar/2018:04:02:42 -0800] "GET /favicon.ico HTTP/1.1" 200 267 "http://www.secrepo.com/self.logs/" "Mozilla/5.0 (Windows NT 10.0; Win64; x64) AppleWebKit/537.36 (KHTML, like Gecko) Chrome/64.0.3282.186 Safari/537.36" 
202.115.41.201 - - [03/Mar/2018:04:02:44 -0800] "GET / HTTP/1.1" 200 11060 "http://www.secrepo.com/" "Mozilla/5.0 (Windows NT 10.0; Win64; x64) AppleWebKit/537.36 (KHTML, like Gecko) Chrome/64.0.3282.186 Safari/537.36" 
202.115.41.201 - - [03/Mar/2018:04:02:44 -0800] "GET /twitter-icon.png HTTP/1.1" 200 27787 "http://www.secrepo.com/" "Mozilla/5.0 (Windows NT 10.0; Win64; x64) AppleWebKit/537.36 (KHTML, like Gecko) Chrome/64.0.3282.186 Safari/537.36" 
202.115.41.201 - - [03/Mar/2018:04:02:44 -0800] "GET /GitHub-Mark.png HTTP/1.1" 200 7428 "http://www.secrepo.com/" "Mozilla/5.0 (Windows NT 10.0; Win64; x64) AppleWebKit/537.36 (KHTML, like Gecko) Chrome/64.0.3282.186 Safari/537.36" 
175.140.39.130 - - [03/Mar/2018:04:04:13 -0800] "GET / HTTP/1.1" 200 11061 "-" "Mozilla/5.0 (Windows NT 6.1; Win64; x64) AppleWebKit/537.36 (KHTML, like Gecko) Chrome/64.0.3282.186 Safari/537.36" 
175.140.39.130 - - [03/Mar/2018:04:04:16 -0800] "GET /GitHub-Mark.png HTTP/1.1" 200 7428 "http://www.secrepo.com/" "Mozilla/5.0 (Windows NT 6.1; Win64; x64) AppleWebKit/537.36 (KHTML, like Gecko) Chrome/64.0.3282.186 Safari/537.36" 
175.140.39.130 - - [03/Mar/2018:04:04:16 -0800] "GET /twitter-icon.png HTTP/1.1" 200 27788 "http://www.secrepo.com/" "Mozilla/5.0 (Windows NT 6.1; Win64; x64) AppleWebKit/537.36 (KHTML, like Gecko) Chrome/64.0.3282.186 Safari/537.36" 
175.140.39.130 - - [03/Mar/2018:04:04:21 -0800] "GET /bootstrap/img/favicon.ico HTTP/1.1" 200 590 "http://www.secrepo.com/" "Mozilla/5.0 (Windows NT 6.1; Win64; x64) AppleWebKit/537.36 (KHTML, like Gecko) Chrome/64.0.3282.186 Safari/537.36" 
40.77.167.4 - - [03/Mar/2018:04:06:24 -0800] "GET /self.logs/access.log.2017-11-17.gz HTTP/1.1" 200 19709 "-" "Mozilla/5.0 (compatible; bingbot/2.0; +http://www.bing.com/bingbot.htm)" 
219.74.190.14 - - [03/Mar/2018:04:10:49 -0800] "GET /maccdc2012/conn.log.gz HTTP/1.1" 200 60947 "http://www.secrepo.com/" "Mozilla/5.0 (Macintosh; Intel Mac OS X 10.12; rv:58.0) Gecko/20100101 Firefox/58.0" 
102.181.194.40 - - [03/Mar/2018:04:12:05 -0800] "GET /maccdc2012/dns.log.gz HTTP/1.1" 304 154 "-" "Mozilla/5.0 Gecko/20100115 Firefox/3.6" 
219.74.190.14 - - [03/Mar/2018:04:10:50 -0800] "GET /maccdc2012/conn.log.gz HTTP/1.1" 200 1063647 "http://www.secrepo.com/" "Mozilla/5.0 (Macintosh; Intel Mac OS X 10.12; rv:58.0) Gecko/20100101 Firefox/58.0" 
78.134.124.41 - - [03/Mar/2018:04:12:45 -0800] "GET / HTTP/1.1" 304 189 "-" "Mozilla/5.0 (Macintosh; Intel Mac OS X 10_13_3) AppleWebKit/537.36 (KHTML, like Gecko) Chrome/64.0.3282.186 Safari/537.36" 
192.187.101.178 - - [03/Mar/2018:04:25:59 -0800] "GET / HTTP/1.1" 301 483 "-" "Mozilla/5.0 (Windows NT 6.1; rv:34.0) Gecko/20100101 Firefox/34.0" 
192.187.101.178 - - [03/Mar/2018:04:26:28 -0800] "GET / HTTP/1.1" 200 11061 "-" "Mozilla/5.0 (Windows NT 6.1; rv:34.0) Gecko/20100101 Firefox/34.0" 
165.255.244.18 - - [03/Mar/2018:04:27:53 -0800] "GET / HTTP/1.1" 200 11061 "-" "Mozilla/5.0 (Windows NT 10.0; Win64; x64) AppleWebKit/537.36 (KHTML, like Gecko) Chrome/64.0.3282.186 Safari/537.36" 
165.255.244.18 - - [03/Mar/2018:04:27:55 -0800] "GET /GitHub-Mark.png HTTP/1.1" 200 7428 "http://www.secrepo.com/" "Mozilla/5.0 (Windows NT 10.0; Win64; x64) AppleWebKit/537.36 (KHTML, like Gecko) Chrome/64.0.3282.186 Safari/537.36" 
165.255.244.18 - - [03/Mar/2018:04:27:55 -0800] "GET /twitter-icon.png HTTP/1.1" 200 27787 "http://www.secrepo.com/" "Mozilla/5.0 (Windows NT 10.0; Win64; x64) AppleWebKit/537.36 (KHTML, like Gecko) Chrome/64.0.3282.186 Safari/537.36" 
88.233.166.14 - - [03/Mar/2018:04:28:29 -0800] "GET /wp-login.php HTTP/1.1" 418 732 "-" "Mozilla/5.0 (Windows NT 6.1; WOW64; rv:40.0) Gecko/20100101 Firefox/40.1" 
88.233.166.14 - - [03/Mar/2018:04:28:30 -0800] "GET / HTTP/1.1" 418 732 "-" "Mozilla/5.0 (Windows NT 6.1; WOW64; rv:40.0) Gecko/20100101 Firefox/40.1" 
219.74.190.14 - - [03/Mar/2018:04:40:38 -0800] "GET /maccdc2012/conn.log.gz HTTP/1.1" 200 65115 "http://www.secrepo.com/" "Mozilla/5.0 (Macintosh; Intel Mac OS X 10.12; rv:58.0) Gecko/20100101 Firefox/58.0" 
73.93.143.77 - - [03/Mar/2018:04:41:34 -0800] "GET / HTTP/1.1" 200 11061 "http://www.covert.io/" "Mozilla/5.0 (Macintosh; Intel Mac OS X 10_12_6) AppleWebKit/537.36 (KHTML, like Gecko) Chrome/64.0.3282.186 Safari/537.36" 
73.93.143.77 - - [03/Mar/2018:04:41:34 -0800] "GET /twitter-icon.png HTTP/1.1" 200 27787 "http://www.secrepo.com/" "Mozilla/5.0 (Macintosh; Intel Mac OS X 10_12_6) AppleWebKit/537.36 (KHTML, like Gecko) Chrome/64.0.3282.186 Safari/537.36" 
73.93.143.77 - - [03/Mar/2018:04:41:34 -0800] "GET /GitHub-Mark.png HTTP/1.1" 200 7428 "http://www.secrepo.com/" "Mozilla/5.0 (Macintosh; Intel Mac OS X 10_12_6) AppleWebKit/537.36 (KHTML, like Gecko) Chrome/64.0.3282.186 Safari/537.36" 
219.74.190.14 - - [03/Mar/2018:04:40:37 -0800] "GET /maccdc2012/conn.log.gz HTTP/1.1" 200 822515 "http://www.secrepo.com/" "Mozilla/5.0 (Macintosh; Intel Mac OS X 10.12; rv:58.0) Gecko/20100101 Firefox/58.0" 
113.171.224.176 - - [03/Mar/2018:04:47:49 -0800] "GET /honeypot/Honeypot%20-%20Howto.pdf HTTP/1.1" 200 46720 "-" "Mozilla/5.0 Gecko/20100115 Firefox/3.6" 
41.249.29.31 - - [03/Mar/2018:04:49:29 -0800] "GET /bootstrap/img/favicon.ico HTTP/1.1" 200 590 "-" "Mozilla/5.0 (X11; Ubuntu; Linux x86_64; rv:58.0) Gecko/20100101 Firefox/58.0" 
219.74.190.14 - - [03/Mar/2018:04:50:37 -0800] "GET /maccdc2012/conn.log.gz HTTP/1.1" 200 65115 "http://www.secrepo.com/" "Mozilla/5.0 (Macintosh; Intel Mac OS X 10.12; rv:58.0) Gecko/20100101 Firefox/58.0" 
219.74.190.14 - - [03/Mar/2018:04:50:36 -0800] "GET /maccdc2012/conn.log.gz HTTP/1.1" 200 822811 "http://www.secrepo.com/" "Mozilla/5.0 (Macintosh; Intel Mac OS X 10.12; rv:58.0) Gecko/20100101 Firefox/58.0" 
199.58.86.211 - - [03/Mar/2018:04:54:18 -0800] "GET /robots.txt HTTP/1.1" 200 289 "-" "Mozilla/5.0 (compatible; MJ12bot/v1.4.8; http://mj12bot.com/)" 
199.58.86.211 - - [03/Mar/2018:04:54:21 -0800] "GET / HTTP/1.1" 200 37359 "-" "Mozilla/5.0 (compatible; MJ12bot/v1.4.8; http://mj12bot.com/)" 
173.208.200.154 - - [03/Mar/2018:04:57:39 -0800] "GET /robots.txt HTTP/1.1" 301 518 "-" "Mozilla/5.0 (compatible; MJ12bot/v1.4.8; http://mj12bot.com/)" 
173.208.200.154 - - [03/Mar/2018:04:57:40 -0800] "GET /robots.txt HTTP/1.1" 200 289 "-" "Mozilla/5.0 (compatible; MJ12bot/v1.4.8; http://mj12bot.com/)" 
173.208.200.154 - - [03/Mar/2018:04:57:44 -0800] "GET /%C2%A0%C2%A0 HTTP/1.1" 301 450 "-" "Mozilla/5.0 (compatible; MJ12bot/v1.4.8; http://mj12bot.com/)" 
173.208.200.154 - - [03/Mar/2018:04:57:51 -0800] "GET /%C3%82%C2%A0%C3%82 HTTP/1.1" 404 239 "-" "Mozilla/5.0 (compatible; MJ12bot/v1.4.8; http://mj12bot.com/)" 
173.208.200.154 - - [03/Mar/2018:04:57:57 -0800] "GET /honeypot//%22http://amunhoney.sourceforge.net//%22 HTTP/1.1" 404 284 "-" "Mozilla/5.0 (compatible; MJ12bot/v1.4.8; http://mj12bot.com/)" 
173.208.200.154 - - [03/Mar/2018:04:58:03 -0800] "GET /honeypot//%22http://glastopf.org//%22 HTTP/1.1" 404 284 "-" "Mozilla/5.0 (compatible; MJ12bot/v1.4.8; http://mj12bot.com/)" 
173.208.200.154 - - [03/Mar/2018:04:58:08 -0800] "GET /honeypot//%22http://www.maxmind.com/%22 HTTP/1.1" 404 284 "-" "Mozilla/5.0 (compatible; MJ12bot/v1.4.8; http://mj12bot.com/)" 
173.208.200.154 - - [03/Mar/2018:04:58:13 -0800] "GET /honeypot//%22https://twitter.com/sooshie/%22 HTTP/1.1" 404 284 "-" "Mozilla/5.0 (compatible; MJ12bot/v1.4.8; http://mj12bot.com/)" 
173.208.200.154 - - [03/Mar/2018:04:58:19 -0800] "GET /honeypot//%22https://twitter.com/theroxyd/%22 HTTP/1.1" 404 284 "-" "Mozilla/5.0 (compatible; MJ12bot/v1.4.8; http://mj12bot.com/)" 
173.208.200.154 - - [03/Mar/2018:04:58:24 -0800] "GET / HTTP/1.1" 200 11005 "-" "Mozilla/5.0 (compatible; MJ12bot/v1.4.8; http://mj12bot.com/)" 
37.106.112.87 - - [03/Mar/2018:05:01:25 -0800] "GET / HTTP/1.1" 200 11061 "https://www.google.com.sa/" "Mozilla/5.0 (Windows NT 10.0; Win64; x64) AppleWebKit/537.36 (KHTML, like Gecko) Chrome/64.0.3282.186 Safari/537.36" 
37.106.112.87 - - [03/Mar/2018:05:01:26 -0800] "GET /twitter-icon.png HTTP/1.1" 200 27787 "http://www.secrepo.com/" "Mozilla/5.0 (Windows NT 10.0; Win64; x64) AppleWebKit/537.36 (KHTML, like Gecko) Chrome/64.0.3282.186 Safari/537.36" 
37.106.112.87 - - [03/Mar/2018:05:01:26 -0800] "GET /GitHub-Mark.png HTTP/1.1" 200 7428 "http://www.secrepo.com/" "Mozilla/5.0 (Windows NT 10.0; Win64; x64) AppleWebKit/537.36 (KHTML, like Gecko) Chrome/64.0.3282.186 Safari/537.36" 
37.106.112.87 - - [03/Mar/2018:05:01:39 -0800] "GET /bootstrap/img/favicon.ico HTTP/1.1" 200 590 "http://www.secrepo.com/" "Mozilla/5.0 (Windows NT 10.0; Win64; x64) AppleWebKit/537.36 (KHTML, like Gecko) Chrome/64.0.3282.186 Safari/537.36" 
37.106.112.87 - - [03/Mar/2018:05:05:40 -0800] "GET /tg/tg_snort_fast.7z HTTP/1.1" 200 4274093 "-" "Mozilla/5.0 (Windows NT 10.0; Win64; x64) AppleWebKit/537.36 (KHTML, like Gecko) Chrome/64.0.3282.186 Safari/537.36" 
38.99.62.93 - - [03/Mar/2018:05:08:21 -0800] "GET / HTTP/1.1" 200 11005 "-" "Mozilla/5.0 (compatible; evc-batch/2.0)" 
37.106.112.87 - - [03/Mar/2018:05:08:52 -0800] "GET /maccdc2012/maccdc2012_full_alert.7z HTTP/1.1" 200 24978942 "-" "Mozilla/5.0 (Windows NT 10.0; Win64; x64) AppleWebKit/537.36 (KHTML, like Gecko) Chrome/64.0.3282.186 Safari/537.36" 
52.165.148.51 - - [03/Mar/2018:05:17:54 -0800] "GET / HTTP/1.1" 301 461 "-" "Mozilla/5.0 (Windows NT 10.0; Win64; x64) AppleWebKit/537.36 (KHTML, like Gecko) Chrome/62.0.3202.94 Safari/537.36" 
168.167.95.168 - - [03/Mar/2018:05:22:28 -0800] "GET / HTTP/1.1" 200 11061 "https://www.google.co.bw/" "Mozilla/5.0 (Windows NT 6.1; Win64; x64) AppleWebKit/537.36 (KHTML, like Gecko) Chrome/64.0.3282.186 Safari/537.36" 
168.167.95.168 - - [03/Mar/2018:05:22:29 -0800] "GET /twitter-icon.png HTTP/1.1" 200 27787 "http://www.secrepo.com/" "Mozilla/5.0 (Windows NT 6.1; Win64; x64) AppleWebKit/537.36 (KHTML, like Gecko) Chrome/64.0.3282.186 Safari/537.36" 
168.167.95.168 - - [03/Mar/2018:05:22:29 -0800] "GET /GitHub-Mark.png HTTP/1.1" 200 7428 "http://www.secrepo.com/" "Mozilla/5.0 (Windows NT 6.1; Win64; x64) AppleWebKit/537.36 (KHTML, like Gecko) Chrome/64.0.3282.186 Safari/537.36" 
168.167.95.168 - - [03/Mar/2018:05:22:33 -0800] "GET /bootstrap/img/favicon.ico HTTP/1.1" 200 590 "http://www.secrepo.com/" "Mozilla/5.0 (Windows NT 6.1; Win64; x64) AppleWebKit/537.36 (KHTML, like Gecko) Chrome/64.0.3282.186 Safari/537.36" 
117.151.34.47 - - [03/Mar/2018:05:22:39 -0800] "GET /favicon.ico HTTP/1.1" 200 268 "-" "Mozilla/5.0 (Windows NT 10.0; WOW64) AppleWebKit/537.36 (KHTML, like Gecko) Chrome/55.0.2883.87 Safari/537.36" 
88.119.150.128 - - [03/Mar/2018:05:22:49 -0800] "GET /wp-login.php HTTP/1.1" 418 732 "-" "Mozilla/5.0 (Windows NT 6.1; WOW64; rv:40.0) Gecko/20100101 Firefox/40.1" 
88.119.150.128 - - [03/Mar/2018:05:22:49 -0800] "GET / HTTP/1.1" 418 732 "-" "Mozilla/5.0 (Windows NT 6.1; WOW64; rv:40.0) Gecko/20100101 Firefox/40.1" 
80.101.160.113 - - [03/Mar/2018:05:22:50 -0800] "GET / HTTP/1.1" 200 11061 "-" "Mozilla/5.0 (X11; Ubuntu; Linux x86_64; rv:58.0) Gecko/20100101 Firefox/58.0" 
120.221.1.28 - - [03/Mar/2018:05:28:59 -0800] "GET /maccdc2012/files.log.gz HTTP/1.1" 304 155 "-" "Mozilla/5.0 Gecko/20100115 Firefox/3.6" 
83.52.221.104 - - [03/Mar/2018:05:33:53 -0800] "GET /wp-login.php HTTP/1.1" 418 732 "-" "Mozilla/5.0 (Windows NT 6.1; WOW64; rv:40.0) Gecko/20100101 Firefox/40.1" 
83.52.221.104 - - [03/Mar/2018:05:33:53 -0800] "GET / HTTP/1.1" 418 732 "-" "Mozilla/5.0 (Windows NT 6.1; WOW64; rv:40.0) Gecko/20100101 Firefox/40.1" 
46.184.38.84 - - [03/Mar/2018:05:37:30 -0800] "GET / HTTP/1.1" 200 11061 "https://www.google.com/" "Mozilla/5.0 (Macintosh; Intel Mac OS X 10_10_5) AppleWebKit/603.3.8 (KHTML, like Gecko) Version/10.1.2 Safari/603.3.8" 
46.184.38.84 - - [03/Mar/2018:05:37:30 -0800] "GET /twitter-icon.png HTTP/1.1" 200 27787 "http://www.secrepo.com/" "Mozilla/5.0 (Macintosh; Intel Mac OS X 10_10_5) AppleWebKit/603.3.8 (KHTML, like Gecko) Version/10.1.2 Safari/603.3.8" 
46.184.38.84 - - [03/Mar/2018:05:37:30 -0800] "GET /GitHub-Mark.png HTTP/1.1" 200 7428 "http://www.secrepo.com/" "Mozilla/5.0 (Macintosh; Intel Mac OS X 10_10_5) AppleWebKit/603.3.8 (KHTML, like Gecko) Version/10.1.2 Safari/603.3.8" 
46.184.38.84 - - [03/Mar/2018:05:37:32 -0800] "GET /bootstrap/img/favicon.ico HTTP/1.1" 200 590 "http://www.secrepo.com/" "Mozilla/5.0 (Macintosh; Intel Mac OS X 10_10_5) AppleWebKit/603.3.8 (KHTML, like Gecko) Version/10.1.2 Safari/603.3.8" 
39.182.97.166 - - [03/Mar/2018:05:38:10 -0800] "GET / HTTP/1.1" 200 11061 "-" "Mozilla/5.0 (Windows NT 10.0; WOW64) AppleWebKit/537.36 (KHTML, like Gecko) Chrome/53.0.2785.104 Safari/537.36 Core/1.53.4549.400 QQBrowser/9.7.12900.400" 
39.182.97.166 - - [03/Mar/2018:05:38:11 -0800] "GET /twitter-icon.png HTTP/1.1" 200 27787 "http://www.secrepo.com/" "Mozilla/5.0 (Windows NT 10.0; WOW64) AppleWebKit/537.36 (KHTML, like Gecko) Chrome/53.0.2785.104 Safari/537.36 Core/1.53.4549.400 QQBrowser/9.7.12900.400" 
39.182.97.166 - - [03/Mar/2018:05:38:11 -0800] "GET /GitHub-Mark.png HTTP/1.1" 200 7428 "http://www.secrepo.com/" "Mozilla/5.0 (Windows NT 10.0; WOW64) AppleWebKit/537.36 (KHTML, like Gecko) Chrome/53.0.2785.104 Safari/537.36 Core/1.53.4549.400 QQBrowser/9.7.12900.400" 
46.184.38.84 - - [03/Mar/2018:05:40:36 -0800] "GET /squid/access.log.gz HTTP/1.1" 200 23177322 "http://www.secrepo.com/" "Mozilla/5.0 (Macintosh; Intel Mac OS X 10_10_5) AppleWebKit/603.3.8 (KHTML, like Gecko) Version/10.1.2 Safari/603.3.8" 
106.203.97.104 - - [03/Mar/2018:05:41:38 -0800] "GET / HTTP/1.1" 200 11061 "https://www.google.co.in/" "Mozilla/5.0 (iPhone; CPU iPhone OS 11_2_5 like Mac OS X) AppleWebKit/604.5.6 (KHTML, like Gecko) Version/11.0 Mobile/15D60 Safari/604.1" 
106.203.97.104 - - [03/Mar/2018:05:41:39 -0800] "GET /twitter-icon.png HTTP/1.1" 200 27787 "http://www.secrepo.com/" "Mozilla/5.0 (iPhone; CPU iPhone OS 11_2_5 like Mac OS X) AppleWebKit/604.5.6 (KHTML, like Gecko) Version/11.0 Mobile/15D60 Safari/604.1" 
106.203.97.104 - - [03/Mar/2018:05:41:39 -0800] "GET /GitHub-Mark.png HTTP/1.1" 200 7428 "http://www.secrepo.com/" "Mozilla/5.0 (iPhone; CPU iPhone OS 11_2_5 like Mac OS X) AppleWebKit/604.5.6 (KHTML, like Gecko) Version/11.0 Mobile/15D60 Safari/604.1" 
46.184.38.84 - - [03/Mar/2018:05:39:59 -0800] "GET /Security-Data-Analysis/Lab_1/conn.log.zip HTTP/1.1" 200 549098528 "http://www.secrepo.com/" "Mozilla/5.0 (Macintosh; Intel Mac OS X 10_10_5) AppleWebKit/603.3.8 (KHTML, like Gecko) Version/10.1.2 Safari/603.3.8" 
207.46.13.122 - - [03/Mar/2018:05:44:46 -0800] "GET /self.logs/error.log.2017-07-08.gz HTTP/1.1" 200 681 "-" "Mozilla/5.0 (compatible; bingbot/2.0; +http://www.bing.com/bingbot.htm)" 
105.103.222.181 - - [03/Mar/2018:05:47:30 -0800] "GET /wp-login.php HTTP/1.1" 418 732 "-" "Mozilla/5.0 (Windows NT 6.1; WOW64; rv:40.0) Gecko/20100101 Firefox/40.1" 
105.103.222.181 - - [03/Mar/2018:05:47:30 -0800] "GET / HTTP/1.1" 418 732 "-" "Mozilla/5.0 (Windows NT 6.1; WOW64; rv:40.0) Gecko/20100101 Firefox/40.1" 
113.171.224.176 - - [03/Mar/2018:05:47:51 -0800] "GET /honeypot/Honeypot%20-%20Howto.pdf HTTP/1.1" 200 46965 "-" "Mozilla/5.0 Gecko/20100115 Firefox/3.6" 
108.21.212.52 - - [03/Mar/2018:05:50:19 -0800] "GET /favicon.ico HTTP/1.1" 200 268 "http://www.secrepo.com/honeypot/Honeypot%20-%20Howto.pdf" "Mozilla/5.0 (Macintosh; Intel Mac OS X 10_13_3) AppleWebKit/537.36 (KHTML, like Gecko) Chrome/64.0.3282.167 Safari/537.36" 
108.21.212.52 - - [03/Mar/2018:05:50:19 -0800] "GET /honeypot/Honeypot%20-%20Howto.pdf HTTP/1.1" 200 1279418 "http://www.secrepo.com/" "Mozilla/5.0 (Macintosh; Intel Mac OS X 10_13_3) AppleWebKit/537.36 (KHTML, like Gecko) Chrome/64.0.3282.167 Safari/537.36" 
122.11.160.155 - - [03/Mar/2018:05:50:29 -0800] "GET / HTTP/1.1" 200 11061 "https://www.google.com.sg/" "Mozilla/5.0 (Macintosh; Intel Mac OS X 10_11_6) AppleWebKit/537.36 (KHTML, like Gecko) Chrome/64.0.3282.186 Safari/537.36" 
122.11.160.155 - - [03/Mar/2018:05:50:30 -0800] "GET /GitHub-Mark.png HTTP/1.1" 200 7428 "http://www.secrepo.com/" "Mozilla/5.0 (Macintosh; Intel Mac OS X 10_11_6) AppleWebKit/537.36 (KHTML, like Gecko) Chrome/64.0.3282.186 Safari/537.36" 
