192.3.105.198 - - [28/Jul/2018:01:57:51 -0700] "GET / HTTP/1.1" 301 483 "-" "Mozilla/5.0 (Windows NT 6.3; Win64; x64; rv:57.0) Gecko/20100101 Firefox/57.0" 
192.3.105.198 - - [28/Jul/2018:01:57:52 -0700] "GET / HTTP/1.1" 200 11357 "http://secrepo.com" "Mozilla/5.0 (Windows NT 6.3; Win64; x64; rv:57.0) Gecko/20100101 Firefox/57.0" 
192.3.105.198 - - [28/Jul/2018:01:57:52 -0700] "GET /honeypot/Honeypot%20-%20Howto%20-%20BSides%20Austin.pdf HTTP/1.1" 200 2928460 "http://www.secrepo.com/" "Mozilla/5.0 (Windows NT 6.3; Win64; x64; rv:57.0) Gecko/20100101 Firefox/57.0" 
192.3.105.198 - - [28/Jul/2018:01:57:52 -0700] "GET /honeypot/Honeypot%20-%20Howto.pdf HTTP/1.1" 200 1279418 "http://www.secrepo.com/" "Mozilla/5.0 (Windows NT 6.3; Win64; x64; rv:57.0) Gecko/20100101 Firefox/57.0" 
192.3.105.198 - - [28/Jul/2018:01:57:52 -0700] "GET /ftp://download.iwlab.foi.se/dataset/ HTTP/1.1" 404 340 "http://www.secrepo.com/" "Mozilla/5.0 (Windows NT 6.3; Win64; x64; rv:57.0) Gecko/20100101 Firefox/57.0" 
192.3.105.198 - - [28/Jul/2018:01:57:52 -0700] "GET /ftp://download.iwlab.foi.se/dataset/ HTTP/1.1" 404 294 "http://www.secrepo.com/" "Mozilla/5.0 (Windows NT 6.3; Win64; x64; rv:57.0) Gecko/20100101 Firefox/57.0" 
192.3.105.198 - - [28/Jul/2018:01:57:53 -0700] "GET /Security-Data-Analysis/Lab_1/conn.log.zip HTTP/1.1" 200 2488272 "http://www.secrepo.com/" "Mozilla/5.0 (Windows NT 6.3; Win64; x64; rv:57.0) Gecko/20100101 Firefox/57.0" 
192.3.105.198 - - [28/Jul/2018:01:57:53 -0700] "GET /honeypot/BSidesDFW%20-%202014.ipynb HTTP/1.1" 200 930836 "http://www.secrepo.com/" "Mozilla/5.0 (Windows NT 6.3; Win64; x64; rv:57.0) Gecko/20100101 Firefox/57.0" 
192.3.105.198 - - [28/Jul/2018:01:57:53 -0700] "GET /honeypot/honeypot.json.zip HTTP/1.1" 200 4561040 "http://www.secrepo.com/" "Mozilla/5.0 (Windows NT 6.3; Win64; x64; rv:57.0) Gecko/20100101 Firefox/57.0" 
192.3.105.198 - - [28/Jul/2018:01:57:54 -0700] "GET /auth.log/auth.log.gz HTTP/1.1" 200 554524 "http://www.secrepo.com/" "Mozilla/5.0 (Windows NT 6.3; Win64; x64; rv:57.0) Gecko/20100101 Firefox/57.0" 
192.3.105.198 - - [28/Jul/2018:01:57:54 -0700] "GET /squid/access.log.gz HTTP/1.1" 200 1459058 "http://www.secrepo.com/" "Mozilla/5.0 (Windows NT 6.3; Win64; x64; rv:57.0) Gecko/20100101 Firefox/57.0" 
192.3.105.198 - - [28/Jul/2018:01:57:55 -0700] "GET /self.logs/ HTTP/1.1" 200 11228 "http://www.secrepo.com/" "Mozilla/5.0 (Windows NT 6.3; Win64; x64; rv:57.0) Gecko/20100101 Firefox/57.0" 
192.3.105.198 - - [28/Jul/2018:01:58:02 -0700] "GET /pe_static/op-cleaver.zip HTTP/1.1" 200 710065 "http://www.secrepo.com/" "Mozilla/5.0 (Windows NT 6.3; Win64; x64; rv:57.0) Gecko/20100101 Firefox/57.0" 
192.3.105.198 - - [28/Jul/2018:01:58:02 -0700] "GET /pe_static/apt1.zip HTTP/1.1" 200 1983328 "http://www.secrepo.com/" "Mozilla/5.0 (Windows NT 6.3; Win64; x64; rv:57.0) Gecko/20100101 Firefox/57.0" 
192.3.105.198 - - [28/Jul/2018:01:58:03 -0700] "GET /pe_static/zeus.zip HTTP/1.1" 200 2592960 "http://www.secrepo.com/" "Mozilla/5.0 (Windows NT 6.3; Win64; x64; rv:57.0) Gecko/20100101 Firefox/57.0" 
192.3.105.198 - - [28/Jul/2018:01:58:03 -0700] "GET /scada/scada_logs.zip HTTP/1.1" 200 364901 "http://www.secrepo.com/" "Mozilla/5.0 (Windows NT 6.3; Win64; x64; rv:57.0) Gecko/20100101 Firefox/57.0" 
192.3.105.198 - - [28/Jul/2018:01:58:03 -0700] "GET /domaindata/domainmovement.zip HTTP/1.1" 200 3045560 "http://www.secrepo.com/" "Mozilla/5.0 (Windows NT 6.3; Win64; x64; rv:57.0) Gecko/20100101 Firefox/57.0" 
192.3.105.198 - - [28/Jul/2018:01:58:04 -0700] "GET /misc/zeus_dga_domains.txt.zip HTTP/1.1" 200 594360 "http://www.secrepo.com/" "Mozilla/5.0 (Windows NT 6.3; Win64; x64; rv:57.0) Gecko/20100101 Firefox/57.0" 
192.3.105.198 - - [28/Jul/2018:01:58:04 -0700] "GET /tg/tg_snort_full.7z HTTP/1.1" 200 2960880 "http://www.secrepo.com/" "Mozilla/5.0 (Windows NT 6.3; Win64; x64; rv:57.0) Gecko/20100101 Firefox/57.0" 
192.3.105.198 - - [28/Jul/2018:01:58:04 -0700] "GET /tg/tg_snort_fast.7z HTTP/1.1" 200 3737600 "http://www.secrepo.com/" "Mozilla/5.0 (Windows NT 6.3; Win64; x64; rv:57.0) Gecko/20100101 Firefox/57.0" 
192.3.105.198 - - [28/Jul/2018:01:58:05 -0700] "GET /tg/c.zip HTTP/1.1" 200 2756480 "http://www.secrepo.com/" "Mozilla/5.0 (Windows NT 6.3; Win64; x64; rv:57.0) Gecko/20100101 Firefox/57.0" 
192.3.105.198 - - [28/Jul/2018:01:58:05 -0700] "GET /tg/b.zip HTTP/1.1" 200 2765240 "http://www.secrepo.com/" "Mozilla/5.0 (Windows NT 6.3; Win64; x64; rv:57.0) Gecko/20100101 Firefox/57.0" 
192.3.105.198 - - [28/Jul/2018:01:58:05 -0700] "GET /tg/a.zip HTTP/1.1" 200 3141920 "http://www.secrepo.com/" "Mozilla/5.0 (Windows NT 6.3; Win64; x64; rv:57.0) Gecko/20100101 Firefox/57.0" 
192.3.105.198 - - [28/Jul/2018:01:58:06 -0700] "GET /maccdc2012/maccdc2012_full_alert.7z HTTP/1.1" 200 2464480 "http://www.secrepo.com/" "Mozilla/5.0 (Windows NT 6.3; Win64; x64; rv:57.0) Gecko/20100101 Firefox/57.0" 
192.3.105.198 - - [28/Jul/2018:01:58:06 -0700] "GET /maccdc2012/maccdc2012_fast_alert.7z HTTP/1.1" 200 1535920 "http://www.secrepo.com/" "Mozilla/5.0 (Windows NT 6.3; Win64; x64; rv:57.0) Gecko/20100101 Firefox/57.0" 
192.3.105.198 - - [28/Jul/2018:01:58:06 -0700] "GET /maccdc2012/weird.log.gz HTTP/1.1" 200 1242777 "http://www.secrepo.com/" "Mozilla/5.0 (Windows NT 6.3; Win64; x64; rv:57.0) Gecko/20100101 Firefox/57.0" 
192.3.105.198 - - [28/Jul/2018:01:58:07 -0700] "GET /maccdc2012/tunnel.log.gz HTTP/1.1" 200 5229 "http://www.secrepo.com/" "Mozilla/5.0 (Windows NT 6.3; Win64; x64; rv:57.0) Gecko/20100101 Firefox/57.0" 
192.3.105.198 - - [28/Jul/2018:01:58:07 -0700] "GET /maccdc2012/ssl.log.gz HTTP/1.1" 200 1313675 "http://www.secrepo.com/" "Mozilla/5.0 (Windows NT 6.3; Win64; x64; rv:57.0) Gecko/20100101 Firefox/57.0" 
192.3.105.198 - - [28/Jul/2018:01:58:08 -0700] "GET /maccdc2012/ssh.log.gz HTTP/1.1" 200 182517 "http://www.secrepo.com/" "Mozilla/5.0 (Windows NT 6.3; Win64; x64; rv:57.0) Gecko/20100101 Firefox/57.0" 
192.3.105.198 - - [28/Jul/2018:01:58:08 -0700] "GET /maccdc2012/smtp.log.gz HTTP/1.1" 200 6908 "http://www.secrepo.com/" "Mozilla/5.0 (Windows NT 6.3; Win64; x64; rv:57.0) Gecko/20100101 Firefox/57.0" 
192.3.105.198 - - [28/Jul/2018:01:58:08 -0700] "GET /maccdc2012/signatures.log.gz HTTP/1.1" 200 605 "http://www.secrepo.com/" "Mozilla/5.0 (Windows NT 6.3; Win64; x64; rv:57.0) Gecko/20100101 Firefox/57.0" 
192.3.105.198 - - [28/Jul/2018:01:58:09 -0700] "GET /maccdc2012/notice.log.gz HTTP/1.1" 200 20779 "http://www.secrepo.com/" "Mozilla/5.0 (Windows NT 6.3; Win64; x64; rv:57.0) Gecko/20100101 Firefox/57.0" 
192.3.105.198 - - [28/Jul/2018:01:58:09 -0700] "GET /maccdc2012/http.log.gz HTTP/1.1" 200 1839946 "http://www.secrepo.com/" "Mozilla/5.0 (Windows NT 6.3; Win64; x64; rv:57.0) Gecko/20100101 Firefox/57.0" 
192.3.105.198 - - [28/Jul/2018:01:58:09 -0700] "GET /maccdc2012/ftp.log.gz HTTP/1.1" 200 128116 "http://www.secrepo.com/" "Mozilla/5.0 (Windows NT 6.3; Win64; x64; rv:57.0) Gecko/20100101 Firefox/57.0" 
192.3.105.198 - - [28/Jul/2018:01:58:10 -0700] "GET /maccdc2012/files.log.gz HTTP/1.1" 200 1410434 "http://www.secrepo.com/" "Mozilla/5.0 (Windows NT 6.3; Win64; x64; rv:57.0) Gecko/20100101 Firefox/57.0" 
192.3.105.198 - - [28/Jul/2018:01:58:11 -0700] "GET /maccdc2012/dns.log.gz HTTP/1.1" 200 1531993 "http://www.secrepo.com/" "Mozilla/5.0 (Windows NT 6.3; Win64; x64; rv:57.0) Gecko/20100101 Firefox/57.0" 
192.3.105.198 - - [28/Jul/2018:01:58:11 -0700] "GET /maccdc2012/dhcp.log.gz HTTP/1.1" 200 45019 "http://www.secrepo.com/" "Mozilla/5.0 (Windows NT 6.3; Win64; x64; rv:57.0) Gecko/20100101 Firefox/57.0" 
192.3.105.198 - - [28/Jul/2018:01:58:11 -0700] "GET /maccdc2012/conn.log.gz HTTP/1.1" 200 1483371 "http://www.secrepo.com/" "Mozilla/5.0 (Windows NT 6.3; Win64; x64; rv:57.0) Gecko/20100101 Firefox/57.0" 
192.3.105.198 - - [28/Jul/2018:01:58:12 -0700] "GET / HTTP/1.1" 301 483 "http://www.secrepo.com/" "Mozilla/5.0 (Windows NT 6.3; Win64; x64; rv:57.0) Gecko/20100101 Firefox/57.0" 
192.3.105.198 - - [28/Jul/2018:01:58:12 -0700] "GET / HTTP/1.1" 200 11357 "http://secrepo.com" "Mozilla/5.0 (Windows NT 6.3; Win64; x64; rv:57.0) Gecko/20100101 Firefox/57.0" 
192.3.105.198 - - [28/Jul/2018:01:58:12 -0700] "GET / HTTP/1.1" 200 11357 "http://www.secrepo.com/" "Mozilla/5.0 (Windows NT 6.3; Win64; x64; rv:57.0) Gecko/20100101 Firefox/57.0" 
192.3.105.198 - - [28/Jul/2018:01:58:14 -0700] "GET /data HTTP/1.1" 404 340 "http://www.secrepo.com/" "Mozilla/5.0 (Windows NT 6.3; Win64; x64; rv:57.0) Gecko/20100101 Firefox/57.0" 
192.3.105.198 - - [28/Jul/2018:01:58:14 -0700] "GET /data HTTP/1.1" 404 294 "http://www.secrepo.com/" "Mozilla/5.0 (Windows NT 6.3; Win64; x64; rv:57.0) Gecko/20100101 Firefox/57.0" 
54.36.148.221 - - [28/Jul/2018:02:01:18 -0700] "GET /self.logs/access.log.2017-10-17.gz HTTP/1.1" 200 30680 "-" "Mozilla/5.0 (compatible; AhrefsBot/5.2; +http://ahrefs.com/robot/)" 
147.75.192.163 - - [28/Jul/2018:02:02:21 -0700] "GET / HTTP/1.1" 200 11301 "-" "awesome_bot" 
41.223.160.173 - - [28/Jul/2018:02:03:05 -0700] "GET /maccdc2012/dns.log.gz HTTP/1.1" 304 154 "-" "Mozilla/5.0 Gecko/20100115 Firefox/3.6" 
54.36.148.143 - - [28/Jul/2018:02:04:49 -0700] "GET /self.logs/error.log.2017-07-15.gz HTTP/1.1" 200 796 "-" "Mozilla/5.0 (compatible; AhrefsBot/5.2; +http://ahrefs.com/robot/)" 
54.36.149.14 - - [28/Jul/2018:02:05:34 -0700] "GET /self.logs/access.log.2016-03-26.gz HTTP/1.1" 404 284 "-" "Mozilla/5.0 (compatible; AhrefsBot/5.2; +http://ahrefs.com/robot/)" 
94.130.65.53 - - [28/Jul/2018:02:06:07 -0700] "GET /robots.txt HTTP/1.1" 301 502 "-" "Mozilla/5.0 (compatible; BLEXBot/1.0; +http://webmeup-crawler.com/)" 
94.130.65.53 - - [28/Jul/2018:02:06:07 -0700] "GET /robots.txt HTTP/1.1" 200 334 "-" "Mozilla/5.0 (compatible; BLEXBot/1.0; +http://webmeup-crawler.com/)" 
113.171.224.176 - - [28/Jul/2018:02:06:12 -0700] "GET /honeypot/Honeypot%20-%20Howto.pdf HTTP/1.1" 200 46720 "-" "Mozilla/5.0 Gecko/20100115 Firefox/3.6" 
5.107.240.202 - - [28/Jul/2018:02:11:46 -0700] "GET /wp-login.php HTTP/1.1" 418 732 "-" "Mozilla/5.0 (Windows NT 6.1; WOW64; rv:40.0) Gecko/20100101 Firefox/40.1" 
5.107.240.202 - - [28/Jul/2018:02:11:47 -0700] "GET / HTTP/1.1" 418 732 "-" "Mozilla/5.0 (Windows NT 6.1; WOW64; rv:40.0) Gecko/20100101 Firefox/40.1" 
94.130.65.53 - - [28/Jul/2018:02:16:18 -0700] "GET /robots.txt HTTP/1.1" 301 502 "-" "Mozilla/5.0 (compatible; BLEXBot/1.0; +http://webmeup-crawler.com/)" 
94.130.65.53 - - [28/Jul/2018:02:16:19 -0700] "GET /robots.txt HTTP/1.1" 200 334 "-" "Mozilla/5.0 (compatible; BLEXBot/1.0; +http://webmeup-crawler.com/)" 
94.130.65.53 - - [28/Jul/2018:02:26:28 -0700] "GET /robots.txt HTTP/1.1" 301 502 "-" "Mozilla/5.0 (compatible; BLEXBot/1.0; +http://webmeup-crawler.com/)" 
94.130.65.53 - - [28/Jul/2018:02:26:28 -0700] "GET /robots.txt HTTP/1.1" 200 334 "-" "Mozilla/5.0 (compatible; BLEXBot/1.0; +http://webmeup-crawler.com/)" 
157.55.39.240 - - [28/Jul/2018:02:30:24 -0700] "GET /maccdc2012/dhcp.log.gz HTTP/1.1" 301 524 "-" "Mozilla/5.0 (compatible; bingbot/2.0; +http://www.bing.com/bingbot.htm)" 
178.219.105.224 - - [28/Jul/2018:02:31:15 -0700] "GET /honeypot/Honeypot%20-%20Howto%20-%20BSides%20Austin.pdf HTTP/1.1" 200 2796696 "http://www.secrepo.com/" "Mozilla/5.0 (Macintosh; Intel Mac OS X 10_13_2) AppleWebKit/604.4.7 (KHTML, like Gecko) Version/11.0.2 Safari/604.4.7" 
94.130.65.53 - - [28/Jul/2018:02:36:37 -0700] "GET /robots.txt HTTP/1.1" 301 502 "-" "Mozilla/5.0 (compatible; BLEXBot/1.0; +http://webmeup-crawler.com/)" 
94.130.65.53 - - [28/Jul/2018:02:36:37 -0700] "GET /robots.txt HTTP/1.1" 200 334 "-" "Mozilla/5.0 (compatible; BLEXBot/1.0; +http://webmeup-crawler.com/)" 
54.36.148.110 - - [28/Jul/2018:02:37:32 -0700] "GET /self.logs/error.log.2015-08-14.gz HTTP/1.1" 404 284 "-" "Mozilla/5.0 (compatible; AhrefsBot/5.2; +http://ahrefs.com/robot/)" 
74.220.219.149 - - [28/Jul/2018:02:40:17 -0700] "GET / HTTP/1.1" 200 38539 "-" "Mozilla/5.0 (Windows NT 6.1; WOW64) AppleWebKit/537.36 (KHTML, like Gecko) Chrome/33.0.1750.154 Safari/537.36" 
147.75.198.203 - - [28/Jul/2018:02:41:19 -0700] "GET / HTTP/1.1" 200 11301 "-" "awesome_bot" 
54.36.148.98 - - [28/Jul/2018:02:43:20 -0700] "GET /self.logs/2015/error.log.2015-08-06.gz HTTP/1.1" 200 673 "-" "Mozilla/5.0 (compatible; AhrefsBot/5.2; +http://ahrefs.com/robot/)" 
79.179.116.220 - - [28/Jul/2018:02:43:33 -0700] "GET / HTTP/1.1" 200 11357 "https://www.google.co.il/" "Mozilla/5.0 (Windows NT 10.0; Win64; x64) AppleWebKit/537.36 (KHTML, like Gecko) Chrome/67.0.3396.99 Safari/537.36" 
94.130.65.53 - - [28/Jul/2018:02:46:41 -0700] "GET /robots.txt HTTP/1.1" 301 502 "-" "Mozilla/5.0 (compatible; BLEXBot/1.0; +http://webmeup-crawler.com/)" 
94.130.65.53 - - [28/Jul/2018:02:46:42 -0700] "GET /robots.txt HTTP/1.1" 200 334 "-" "Mozilla/5.0 (compatible; BLEXBot/1.0; +http://webmeup-crawler.com/)" 
147.75.198.203 - - [28/Jul/2018:02:47:20 -0700] "GET / HTTP/1.1" 200 11301 "-" "awesome_bot" 
84.108.101.231 - - [28/Jul/2018:02:53:41 -0700] "GET /wp-login.php HTTP/1.1" 418 732 "-" "Mozilla/5.0 (Windows NT 6.1; WOW64; rv:40.0) Gecko/20100101 Firefox/40.1" 
84.108.101.231 - - [28/Jul/2018:02:53:41 -0700] "GET / HTTP/1.1" 418 732 "-" "Mozilla/5.0 (Windows NT 6.1; WOW64; rv:40.0) Gecko/20100101 Firefox/40.1" 
1.186.44.60 - - [28/Jul/2018:02:55:19 -0700] "GET / HTTP/1.1" 200 11357 "https://www.google.co.in/" "Mozilla/5.0 (Macintosh; Intel Mac OS X 10_13_5) AppleWebKit/537.36 (KHTML, like Gecko) Chrome/67.0.3396.99 Safari/537.36" 
1.186.44.60 - - [28/Jul/2018:02:55:20 -0700] "GET /GitHub-Mark.png HTTP/1.1" 200 7428 "http://www.secrepo.com/" "Mozilla/5.0 (Macintosh; Intel Mac OS X 10_13_5) AppleWebKit/537.36 (KHTML, like Gecko) Chrome/67.0.3396.99 Safari/537.36" 
1.186.44.60 - - [28/Jul/2018:02:55:20 -0700] "GET /twitter-icon.png HTTP/1.1" 200 27787 "http://www.secrepo.com/" "Mozilla/5.0 (Macintosh; Intel Mac OS X 10_13_5) AppleWebKit/537.36 (KHTML, like Gecko) Chrome/67.0.3396.99 Safari/537.36" 
54.36.148.210 - - [28/Jul/2018:02:55:51 -0700] "GET /self.logs/error.log.2016-12-27.gz HTTP/1.1" 404 284 "-" "Mozilla/5.0 (compatible; AhrefsBot/5.2; +http://ahrefs.com/robot/)" 
94.130.65.53 - - [28/Jul/2018:02:56:56 -0700] "GET /robots.txt HTTP/1.1" 301 502 "-" "Mozilla/5.0 (compatible; BLEXBot/1.0; +http://webmeup-crawler.com/)" 
94.130.65.53 - - [28/Jul/2018:02:56:56 -0700] "GET /robots.txt HTTP/1.1" 200 334 "-" "Mozilla/5.0 (compatible; BLEXBot/1.0; +http://webmeup-crawler.com/)" 
83.39.207.77 - - [28/Jul/2018:02:59:34 -0700] "GET / HTTP/1.1" 200 11357 "-" "Mozilla/5.0 (Macintosh; Intel Mac OS X 10_13_6) AppleWebKit/605.1.15 (KHTML, like Gecko)" 
83.39.207.77 - - [28/Jul/2018:02:59:34 -0700] "GET /apple-touch-icon-precomposed.png HTTP/1.1" 404 340 "-" "Safari/13605.3.8 CFNetwork/902.1 Darwin/17.7.0 (x86_64)" 
83.39.207.77 - - [28/Jul/2018:02:59:34 -0700] "GET /apple-touch-icon.png HTTP/1.1" 404 339 "-" "Safari/13605.3.8 CFNetwork/902.1 Darwin/17.7.0 (x86_64)" 
83.39.207.77 - - [28/Jul/2018:02:59:34 -0700] "GET /bootstrap/img/favicon.ico HTTP/1.1" 200 589 "-" "Safari/13605.3.8 CFNetwork/902.1 Darwin/17.7.0 (x86_64)" 
83.39.207.77 - - [28/Jul/2018:02:59:34 -0700] "GET / HTTP/1.1" 200 11356 "-" "\"Mozilla/5.0 (iPhone; CPU iPhone OS 11_0 like Mac OS X) AppleWebKit/604.1.38 (KHTML, like Gecko) Version/11.0 Mobile/15A372 Safari/604.1\"" 
83.39.207.77 - - [28/Jul/2018:02:59:35 -0700] "GET /apple-touch-icon-precomposed.png HTTP/1.1" 404 339 "-" "Safari/13605.3.8 CFNetwork/902.1 Darwin/17.7.0 (x86_64)" 
83.39.207.77 - - [28/Jul/2018:02:59:35 -0700] "GET /apple-touch-icon.png HTTP/1.1" 404 339 "-" "Safari/13605.3.8 CFNetwork/902.1 Darwin/17.7.0 (x86_64)" 
83.39.207.77 - - [28/Jul/2018:02:59:35 -0700] "GET /bootstrap/img/favicon.ico HTTP/1.1" 200 589 "-" "Safari/13605.3.8 CFNetwork/902.1 Darwin/17.7.0 (x86_64)" 
54.36.148.79 - - [28/Jul/2018:03:00:06 -0700] "GET /self.logs/2016/error.log.2016-11-04.gz HTTP/1.1" 200 905 "-" "Mozilla/5.0 (compatible; AhrefsBot/5.2; +http://ahrefs.com/robot/)" 
54.36.149.26 - - [28/Jul/2018:03:03:19 -0700] "GET /self.logs/error.log.2017-09-30.gz HTTP/1.1" 200 2017 "-" "Mozilla/5.0 (compatible; AhrefsBot/5.2; +http://ahrefs.com/robot/)" 
157.55.39.243 - - [28/Jul/2018:03:04:01 -0700] "GET /self.logs/error.log.2018-02-26.gz HTTP/1.1" 200 3578 "-" "Mozilla/5.0 (compatible; bingbot/2.0; +http://www.bing.com/bingbot.htm)" 
41.223.160.173 - - [28/Jul/2018:03:04:16 -0700] "GET /tg/tg_snort_fast.7z HTTP/1.1" 304 131 "-" "Mozilla/5.0 Gecko/20100115 Firefox/3.6" 
113.171.224.176 - - [28/Jul/2018:03:06:14 -0700] "GET /honeypot/Honeypot%20-%20Howto.pdf HTTP/1.1" 200 46720 "-" "Mozilla/5.0 Gecko/20100115 Firefox/3.6" 
94.130.65.53 - - [28/Jul/2018:03:07:04 -0700] "GET /robots.txt HTTP/1.1" 301 502 "-" "Mozilla/5.0 (compatible; BLEXBot/1.0; +http://webmeup-crawler.com/)" 
94.130.65.53 - - [28/Jul/2018:03:07:04 -0700] "GET /robots.txt HTTP/1.1" 200 334 "-" "Mozilla/5.0 (compatible; BLEXBot/1.0; +http://webmeup-crawler.com/)" 
193.26.23.100 - - [28/Jul/2018:03:12:18 -0700] "GET / HTTP/1.1" 200 38539 "-" "Mozilla/5.0 (Windows NT 6.1; WOW64) AppleWebKit/537.36 (KHTML, like Gecko) Chrome/33.0.1750.154 Safari/537.36" 
162.210.196.97 - - [28/Jul/2018:03:15:46 -0700] "GET /robots.txt HTTP/1.1" 200 289 "-" "Mozilla/5.0 (compatible; MJ12bot/v1.4.8; http://mj12bot.com/)" 
162.210.196.97 - - [28/Jul/2018:03:15:48 -0700] "GET / HTTP/1.1" 200 38539 "-" "Mozilla/5.0 (compatible; MJ12bot/v1.4.8; http://mj12bot.com/)" 
162.144.181.154 - - [28/Jul/2018:03:16:48 -0700] "GET / HTTP/1.1" 200 38539 "-" "Mozilla/5.0 (Windows NT 6.1; WOW64) AppleWebKit/537.36 (KHTML, like Gecko) Chrome/33.0.1750.154 Safari/537.36" 
94.130.65.53 - - [28/Jul/2018:03:17:08 -0700] "GET /robots.txt HTTP/1.1" 301 502 "-" "Mozilla/5.0 (compatible; BLEXBot/1.0; +http://webmeup-crawler.com/)" 
94.130.65.53 - - [28/Jul/2018:03:17:08 -0700] "GET /robots.txt HTTP/1.1" 200 334 "-" "Mozilla/5.0 (compatible; BLEXBot/1.0; +http://webmeup-crawler.com/)" 
157.55.39.242 - - [28/Jul/2018:03:18:25 -0700] "GET /self.logs/access.log.2017-10-09.gz HTTP/1.1" 301 545 "-" "Mozilla/5.0 (compatible; bingbot/2.0; +http://www.bing.com/bingbot.htm)" 
139.167.5.74 - - [28/Jul/2018:03:18:40 -0700] "GET /wp-login.php HTTP/1.1" 418 732 "-" "Mozilla/5.0 (Windows NT 6.1; WOW64; rv:40.0) Gecko/20100101 Firefox/40.1" 
139.167.5.74 - - [28/Jul/2018:03:18:42 -0700] "GET / HTTP/1.1" 418 732 "-" "Mozilla/5.0 (Windows NT 6.1; WOW64; rv:40.0) Gecko/20100101 Firefox/40.1" 
94.130.65.53 - - [28/Jul/2018:03:27:09 -0700] "GET /robots.txt HTTP/1.1" 301 502 "-" "Mozilla/5.0 (compatible; BLEXBot/1.0; +http://webmeup-crawler.com/)" 
94.130.65.53 - - [28/Jul/2018:03:27:10 -0700] "GET /robots.txt HTTP/1.1" 200 334 "-" "Mozilla/5.0 (compatible; BLEXBot/1.0; +http://webmeup-crawler.com/)" 
27.32.93.87 - - [28/Jul/2018:03:30:08 -0700] "GET / HTTP/1.1" 200 11357 "-" "Mozilla/5.0 (Macintosh; Intel Mac OS X 10_13_5) AppleWebKit/537.36 (KHTML, like Gecko) Chrome/67.0.3396.99 Safari/537.36" 
27.32.93.87 - - [28/Jul/2018:03:30:08 -0700] "GET /twitter-icon.png HTTP/1.1" 200 27787 "http://www.secrepo.com/" "Mozilla/5.0 (Macintosh; Intel Mac OS X 10_13_5) AppleWebKit/537.36 (KHTML, like Gecko) Chrome/67.0.3396.99 Safari/537.36" 
27.32.93.87 - - [28/Jul/2018:03:30:08 -0700] "GET /GitHub-Mark.png HTTP/1.1" 200 7428 "http://www.secrepo.com/" "Mozilla/5.0 (Macintosh; Intel Mac OS X 10_13_5) AppleWebKit/537.36 (KHTML, like Gecko) Chrome/67.0.3396.99 Safari/537.36" 
27.32.93.87 - - [28/Jul/2018:03:30:10 -0700] "GET /bootstrap/img/favicon.ico HTTP/1.1" 200 589 "http://www.secrepo.com/" "Mozilla/5.0 (Macintosh; Intel Mac OS X 10_13_5) AppleWebKit/537.36 (KHTML, like Gecko) Chrome/67.0.3396.99 Safari/537.36" 
209.15.209.85 - - [28/Jul/2018:03:32:25 -0700] "HEAD / HTTP/1.1" 200 239 "-" "-" 
80.19.55.50 - - [28/Jul/2018:03:32:26 -0700] "GET / HTTP/1.1" 200 11301 "https://www.researchgate.net/" "Mozilla/5.0 (X11; Linux x86_64; rv:52.0) Gecko/20100101 Firefox/52.0" 
80.19.55.50 - - [28/Jul/2018:03:32:26 -0700] "GET /twitter-icon.png HTTP/1.1" 200 27732 "http://www.secrepo.com/" "Mozilla/5.0 (X11; Linux x86_64; rv:52.0) Gecko/20100101 Firefox/52.0" 
80.19.55.50 - - [28/Jul/2018:03:32:26 -0700] "GET /GitHub-Mark.png HTTP/1.1" 200 7372 "http://www.secrepo.com/" "Mozilla/5.0 (X11; Linux x86_64; rv:52.0) Gecko/20100101 Firefox/52.0" 
80.19.55.50 - - [28/Jul/2018:03:32:26 -0700] "GET /robots.txt HTTP/1.1" 200 304 "-" "Mozilla/5.0 (X11; Linux x86_64; rv:52.0) Gecko/20100101 Firefox/52.0" 
80.19.55.50 - - [28/Jul/2018:03:32:27 -0700] "GET /bootstrap/img/favicon.ico HTTP/1.1" 200 534 "-" "Mozilla/5.0 (X11; Linux x86_64; rv:52.0) Gecko/20100101 Firefox/52.0" 
80.19.55.50 - - [28/Jul/2018:03:33:42 -0700] "GET /maccdc2012/dhcp.log.gz HTTP/1.1" 200 44963 "http://www.secrepo.com/" "Mozilla/5.0 (X11; Linux x86_64; rv:52.0) Gecko/20100101 Firefox/52.0" 
134.219.227.33 - - [28/Jul/2018:03:35:47 -0700] "GET / HTTP/1.1" 200 11357 "-" "Mozilla/5.0 (Windows NT 6.1) AppleWebKit/537.36 (KHTML, like Gecko) Chrome/67.0.3396.99 Safari/537.36" 
134.219.227.33 - - [28/Jul/2018:03:35:47 -0700] "GET /twitter-icon.png HTTP/1.1" 200 27787 "http://www.secrepo.com/" "Mozilla/5.0 (Windows NT 6.1) AppleWebKit/537.36 (KHTML, like Gecko) Chrome/67.0.3396.99 Safari/537.36" 
134.219.227.33 - - [28/Jul/2018:03:35:47 -0700] "GET /GitHub-Mark.png HTTP/1.1" 200 7428 "http://www.secrepo.com/" "Mozilla/5.0 (Windows NT 6.1) AppleWebKit/537.36 (KHTML, like Gecko) Chrome/67.0.3396.99 Safari/537.36" 
134.219.227.33 - - [28/Jul/2018:03:35:48 -0700] "GET /bootstrap/img/favicon.ico HTTP/1.1" 200 589 "http://www.secrepo.com/" "Mozilla/5.0 (Windows NT 6.1) AppleWebKit/537.36 (KHTML, like Gecko) Chrome/67.0.3396.99 Safari/537.36" 
157.55.39.240 - - [28/Jul/2018:03:35:50 -0700] "GET /self.logs/access.log.2017-05-23.gz HTTP/1.1" 200 19658 "-" "Mozilla/5.0 (compatible; bingbot/2.0; +http://www.bing.com/bingbot.htm)" 
94.130.65.53 - - [28/Jul/2018:03:37:13 -0700] "GET /robots.txt HTTP/1.1" 301 502 "-" "Mozilla/5.0 (compatible; BLEXBot/1.0; +http://webmeup-crawler.com/)" 
94.130.65.53 - - [28/Jul/2018:03:37:13 -0700] "GET /robots.txt HTTP/1.1" 200 334 "-" "Mozilla/5.0 (compatible; BLEXBot/1.0; +http://webmeup-crawler.com/)" 
42.236.10.76 - - [28/Jul/2018:03:42:38 -0700] "GET /robots.txt HTTP/1.1" 301 502 "http://secrepo.com/robots.txt" "Mozilla/5.0 (Windows NT 6.1; WOW64) AppleWebKit/537.36 (KHTML, like Gecko) Chrome/50.0.2661.102 Safari/537.36; 360Spider" 
42.236.10.82 - - [28/Jul/2018:03:42:38 -0700] "GET /robots.txt HTTP/1.1" 200 334 "http://www.secrepo.com/robots.txt" "Mozilla/5.0 (Windows NT 6.1; WOW64) AppleWebKit/537.36 (KHTML, like Gecko) Chrome/50.0.2661.102 Safari/537.36; 360Spider" 
42.236.10.76 - - [28/Jul/2018:03:42:39 -0700] "GET /robots.txt HTTP/1.1" 200 333 "http://www.secrepo.com/robots.txt" "Mozilla/5.0 (Windows NT 6.1; WOW64) AppleWebKit/537.36 (KHTML, like Gecko) Chrome/50.0.2661.102 Safari/537.36; 360Spider" 
92.59.35.163 - - [28/Jul/2018:03:45:31 -0700] "GET /wp-login.php HTTP/1.1" 418 732 "-" "Mozilla/5.0 (Windows NT 6.1; WOW64; rv:40.0) Gecko/20100101 Firefox/40.1" 
92.59.35.163 - - [28/Jul/2018:03:45:31 -0700] "GET / HTTP/1.1" 418 732 "-" "Mozilla/5.0 (Windows NT 6.1; WOW64; rv:40.0) Gecko/20100101 Firefox/40.1" 
94.130.65.53 - - [28/Jul/2018:03:47:32 -0700] "GET /robots.txt HTTP/1.1" 301 502 "-" "Mozilla/5.0 (compatible; BLEXBot/1.0; +http://webmeup-crawler.com/)" 
94.130.65.53 - - [28/Jul/2018:03:47:32 -0700] "GET /robots.txt HTTP/1.1" 200 334 "-" "Mozilla/5.0 (compatible; BLEXBot/1.0; +http://webmeup-crawler.com/)" 
77.124.58.124 - - [28/Jul/2018:03:52:53 -0700] "GET /wp-login.php HTTP/1.1" 418 732 "-" "Mozilla/5.0 (Windows NT 6.1; WOW64; rv:40.0) Gecko/20100101 Firefox/40.1" 
77.124.58.124 - - [28/Jul/2018:03:52:54 -0700] "GET / HTTP/1.1" 418 732 "-" "Mozilla/5.0 (Windows NT 6.1; WOW64; rv:40.0) Gecko/20100101 Firefox/40.1" 
183.83.71.216 - - [28/Jul/2018:03:54:18 -0700] "GET /wp-login.php HTTP/1.1" 418 732 "-" "Mozilla/5.0 (Windows NT 6.1; WOW64; rv:40.0) Gecko/20100101 Firefox/40.1" 
54.36.148.48 - - [28/Jul/2018:03:54:49 -0700] "GET /self.logs/2015/access.log.2015-11-19.gz HTTP/1.1" 200 11861 "-" "Mozilla/5.0 (compatible; AhrefsBot/5.2; +http://ahrefs.com/robot/)" 
94.130.65.53 - - [28/Jul/2018:03:57:46 -0700] "GET /robots.txt HTTP/1.1" 301 502 "-" "Mozilla/5.0 (compatible; BLEXBot/1.0; +http://webmeup-crawler.com/)" 
94.130.65.53 - - [28/Jul/2018:03:57:46 -0700] "GET /robots.txt HTTP/1.1" 200 334 "-" "Mozilla/5.0 (compatible; BLEXBot/1.0; +http://webmeup-crawler.com/)" 
100.43.85.128 - - [28/Jul/2018:04:00:44 -0700] "GET /robots.txt HTTP/1.1" 301 518 "-" "Mozilla/5.0 (compatible; YandexBot/3.0; +http://yandex.com/bots)" 
100.43.85.128 - - [28/Jul/2018:04:00:44 -0700] "GET /robots.txt HTTP/1.1" 200 289 "-" "Mozilla/5.0 (compatible; YandexBot/3.0; +http://yandex.com/bots)" 
100.43.85.128 - - [28/Jul/2018:04:00:48 -0700] "GET / HTTP/1.1" 301 483 "-" "Mozilla/5.0 (compatible; YandexBot/3.0; +http://yandex.com/bots)" 
100.43.85.128 - - [28/Jul/2018:04:00:48 -0700] "GET / HTTP/1.1" 200 11357 "-" "Mozilla/5.0 (compatible; YandexBot/3.0; +http://yandex.com/bots)" 
54.36.148.84 - - [28/Jul/2018:04:00:56 -0700] "GET /self.logs/error.log.2016-12-30.gz HTTP/1.1" 404 284 "-" "Mozilla/5.0 (compatible; AhrefsBot/5.2; +http://ahrefs.com/robot/)" 
113.171.224.176 - - [28/Jul/2018:04:06:17 -0700] "GET /honeypot/Honeypot%20-%20Howto.pdf HTTP/1.1" 200 46720 "-" "Mozilla/5.0 Gecko/20100115 Firefox/3.6" 
94.130.65.53 - - [28/Jul/2018:04:08:06 -0700] "GET /robots.txt HTTP/1.1" 301 502 "-" "Mozilla/5.0 (compatible; BLEXBot/1.0; +http://webmeup-crawler.com/)" 
94.130.65.53 - - [28/Jul/2018:04:08:06 -0700] "GET /robots.txt HTTP/1.1" 200 334 "-" "Mozilla/5.0 (compatible; BLEXBot/1.0; +http://webmeup-crawler.com/)" 
121.87.88.35 - - [28/Jul/2018:04:10:43 -0700] "GET /wp-login.php HTTP/1.1" 418 732 "-" "Mozilla/5.0 (Windows NT 6.1; WOW64; rv:40.0) Gecko/20100101 Firefox/40.1" 
121.87.88.35 - - [28/Jul/2018:04:10:44 -0700] "GET / HTTP/1.1" 418 732 "-" "Mozilla/5.0 (Windows NT 6.1; WOW64; rv:40.0) Gecko/20100101 Firefox/40.1" 
190.213.185.24 - - [28/Jul/2018:04:12:32 -0700] "GET /wp-login.php HTTP/1.1" 418 732 "-" "Mozilla/5.0 (Windows NT 6.1; WOW64; rv:40.0) Gecko/20100101 Firefox/40.1" 
190.213.185.24 - - [28/Jul/2018:04:12:32 -0700] "GET / HTTP/1.1" 418 732 "-" "Mozilla/5.0 (Windows NT 6.1; WOW64; rv:40.0) Gecko/20100101 Firefox/40.1" 
178.137.95.1 - - [28/Jul/2018:04:16:27 -0700] "GET /honeypot/ HTTP/1.1" 200 1077 "http://ukrainian-poetry.com/" "Mozilla/4.0 (compatible; MSIE 6.0; Windows NT 5.1; SV1; .NET CLR 1.1.4322)" 
157.55.39.241 - - [28/Jul/2018:04:17:37 -0700] "GET /self.logs/error.log.2017-03-06.gz HTTP/1.1" 200 869 "-" "Mozilla/5.0 (compatible; bingbot/2.0; +http://www.bing.com/bingbot.htm)" 
94.130.65.53 - - [28/Jul/2018:04:18:08 -0700] "GET /robots.txt HTTP/1.1" 301 502 "-" "Mozilla/5.0 (compatible; BLEXBot/1.0; +http://webmeup-crawler.com/)" 
94.130.65.53 - - [28/Jul/2018:04:18:09 -0700] "GET /robots.txt HTTP/1.1" 200 334 "-" "Mozilla/5.0 (compatible; BLEXBot/1.0; +http://webmeup-crawler.com/)" 
202.191.60.146 - - [28/Jul/2018:04:18:28 -0700] "GET / HTTP/1.0" 200 38595 "-" "Mozilla/5.0 (Windows NT 6.1; WOW64) AppleWebKit/537.36 (KHTML, like Gecko) Chrome/33.0.1750.154 Safari/537.36" 
199.127.62.34 - - [28/Jul/2018:04:25:37 -0700] "GET /index.php?option=com_jce&task=plugin&plugin=imgmanager&file=imgmanager&version=1576&cid=20 HTTP/1.1" 404 284 "-" "Mozilla/5.0 (X11; U; Linux i686; en-US; rv:0.9.3) Gecko/20010801" 
94.130.65.53 - - [28/Jul/2018:04:28:21 -0700] "GET /robots.txt HTTP/1.1" 301 502 "-" "Mozilla/5.0 (compatible; BLEXBot/1.0; +http://webmeup-crawler.com/)" 
94.130.65.53 - - [28/Jul/2018:04:28:22 -0700] "GET /robots.txt HTTP/1.1" 200 334 "-" "Mozilla/5.0 (compatible; BLEXBot/1.0; +http://webmeup-crawler.com/)" 
93.48.89.113 - - [28/Jul/2018:04:28:28 -0700] "GET /wp-login.php HTTP/1.1" 418 732 "-" "Mozilla/5.0 (Windows NT 6.1; WOW64; rv:40.0) Gecko/20100101 Firefox/40.1" 
93.48.89.113 - - [28/Jul/2018:04:28:29 -0700] "GET / HTTP/1.1" 418 732 "-" "Mozilla/5.0 (Windows NT 6.1; WOW64; rv:40.0) Gecko/20100101 Firefox/40.1" 
94.130.65.53 - - [28/Jul/2018:04:38:30 -0700] "GET /robots.txt HTTP/1.1" 301 502 "-" "Mozilla/5.0 (compatible; BLEXBot/1.0; +http://webmeup-crawler.com/)" 
94.130.65.53 - - [28/Jul/2018:04:38:31 -0700] "GET /robots.txt HTTP/1.1" 200 334 "-" "Mozilla/5.0 (compatible; BLEXBot/1.0; +http://webmeup-crawler.com/)" 
122.164.26.99 - - [28/Jul/2018:04:41:17 -0700] "GET /wp-login.php HTTP/1.1" 418 732 "-" "Mozilla/5.0 (Windows NT 6.1; WOW64; rv:40.0) Gecko/20100101 Firefox/40.1" 
122.164.26.99 - - [28/Jul/2018:04:41:18 -0700] "GET / HTTP/1.1" 418 732 "-" "Mozilla/5.0 (Windows NT 6.1; WOW64; rv:40.0) Gecko/20100101 Firefox/40.1" 
94.130.65.53 - - [28/Jul/2018:04:48:33 -0700] "GET /robots.txt HTTP/1.1" 301 502 "-" "Mozilla/5.0 (compatible; BLEXBot/1.0; +http://webmeup-crawler.com/)" 
94.130.65.53 - - [28/Jul/2018:04:48:33 -0700] "GET /robots.txt HTTP/1.1" 200 334 "-" "Mozilla/5.0 (compatible; BLEXBot/1.0; +http://webmeup-crawler.com/)" 
182.65.26.35 - - [28/Jul/2018:04:48:57 -0700] "GET / HTTP/1.1" 200 11357 "-" "Mozilla/5.0 (Windows NT 6.1; rv:61.0) Gecko/20100101 Firefox/61.0" 
182.65.26.35 - - [28/Jul/2018:04:48:57 -0700] "GET /GitHub-Mark.png HTTP/1.1" 200 7428 "http://www.secrepo.com/" "Mozilla/5.0 (Windows NT 6.1; rv:61.0) Gecko/20100101 Firefox/61.0" 
182.65.26.35 - - [28/Jul/2018:04:48:57 -0700] "GET /twitter-icon.png HTTP/1.1" 200 27788 "http://www.secrepo.com/" "Mozilla/5.0 (Windows NT 6.1; rv:61.0) Gecko/20100101 Firefox/61.0" 
182.65.26.35 - - [28/Jul/2018:04:48:57 -0700] "GET /bootstrap/img/favicon.ico HTTP/1.1" 200 589 "-" "Mozilla/5.0 (Windows NT 6.1; rv:61.0) Gecko/20100101 Firefox/61.0" 
182.65.26.35 - - [28/Jul/2018:04:49:05 -0700] "GET /maccdc2012/weird.log.gz HTTP/1.1" 200 1242777 "http://www.secrepo.com/" "Mozilla/5.0 (Windows NT 6.1; rv:61.0) Gecko/20100101 Firefox/61.0" 
178.137.95.1 - - [28/Jul/2018:04:50:47 -0700] "GET /honeypot/ HTTP/1.1" 200 1077 "http://purchasepillsnorx.com/" "Opera/9.0 (Windows NT 5.1; U; en)" 
178.137.95.1 - - [28/Jul/2018:04:50:49 -0700] "GET /honeypot/ HTTP/1.1" 200 1077 "http://purchasepillsnorx.com/" "Opera/9.0 (Windows NT 5.1; U; en)" 
190.192.246.51 - - [28/Jul/2018:04:52:44 -0700] "GET /wp-login.php HTTP/1.1" 418 732 "-" "Mozilla/5.0 (Windows NT 6.1; WOW64; rv:40.0) Gecko/20100101 Firefox/40.1" 
190.192.246.51 - - [28/Jul/2018:04:52:45 -0700] "GET / HTTP/1.1" 418 732 "-" "Mozilla/5.0 (Windows NT 6.1; WOW64; rv:40.0) Gecko/20100101 Firefox/40.1" 
182.65.26.35 - - [28/Jul/2018:04:55:29 -0700] "GET /maccdc2012/ssl.log.gz HTTP/1.1" 200 1313675 "http://www.secrepo.com/" "Mozilla/5.0 (Windows NT 6.1; rv:61.0) Gecko/20100101 Firefox/61.0" 
54.36.148.164 - - [28/Jul/2018:04:56:40 -0700] "GET /self.logs/2016/access.log.2016-12-19.gz HTTP/1.1" 200 8853 "-" "Mozilla/5.0 (compatible; AhrefsBot/5.2; +http://ahrefs.com/robot/)" 
54.36.148.77 - - [28/Jul/2018:04:57:55 -0700] "GET /self.logs/2015/error.log.2015-05-19.gz HTTP/1.1" 200 943 "-" "Mozilla/5.0 (compatible; AhrefsBot/5.2; +http://ahrefs.com/robot/)" 
94.130.65.53 - - [28/Jul/2018:04:58:53 -0700] "GET /robots.txt HTTP/1.1" 301 502 "-" "Mozilla/5.0 (compatible; BLEXBot/1.0; +http://webmeup-crawler.com/)" 
94.130.65.53 - - [28/Jul/2018:04:58:53 -0700] "GET /robots.txt HTTP/1.1" 200 334 "-" "Mozilla/5.0 (compatible; BLEXBot/1.0; +http://webmeup-crawler.com/)" 
110.39.130.186 - - [28/Jul/2018:05:00:05 -0700] "GET /wp-login.php HTTP/1.1" 418 732 "-" "Mozilla/5.0 (Windows NT 6.1; WOW64; rv:40.0) Gecko/20100101 Firefox/40.1" 
110.39.130.186 - - [28/Jul/2018:05:00:05 -0700] "GET / HTTP/1.1" 418 732 "-" "Mozilla/5.0 (Windows NT 6.1; WOW64; rv:40.0) Gecko/20100101 Firefox/40.1" 
108.59.8.70 - - [28/Jul/2018:05:00:12 -0700] "GET /robots.txt HTTP/1.1" 200 289 "-" "Mozilla/5.0 (compatible; MJ12bot/v1.4.8; http://mj12bot.com/)" 
108.59.8.70 - - [28/Jul/2018:05:00:16 -0700] "GET / HTTP/1.1" 200 38539 "-" "Mozilla/5.0 (compatible; MJ12bot/v1.4.8; http://mj12bot.com/)" 
41.223.160.173 - - [28/Jul/2018:05:03:09 -0700] "GET /maccdc2012/dns.log.gz HTTP/1.1" 304 154 "-" "Mozilla/5.0 Gecko/20100115 Firefox/3.6" 
54.36.148.139 - - [28/Jul/2018:05:06:33 -0700] "GET /self.logs/2015/access.log.2015-10-07.gz HTTP/1.1" 200 6981 "-" "Mozilla/5.0 (compatible; AhrefsBot/5.2; +http://ahrefs.com/robot/)" 
101.199.121.223 - - [28/Jul/2018:05:06:33 -0700] "GET / HTTP/1.1" 200 11357 "-" "Mozilla/5.0 (X11; Linux x86_64) AppleWebKit/537.36 (KHTML, like Gecko) HeadlessChrome/63.0.3239.132 Safari/537.36" 
101.199.121.223 - - [28/Jul/2018:05:06:34 -0700] "GET /GitHub-Mark.png HTTP/1.1" 200 7428 "http://www.secrepo.com/" "Mozilla/5.0 (X11; Linux x86_64) AppleWebKit/537.36 (KHTML, like Gecko) HeadlessChrome/63.0.3239.132 Safari/537.36" 
101.199.121.223 - - [28/Jul/2018:05:06:34 -0700] "GET /twitter-icon.png HTTP/1.1" 200 27787 "http://www.secrepo.com/" "Mozilla/5.0 (X11; Linux x86_64) AppleWebKit/537.36 (KHTML, like Gecko) HeadlessChrome/63.0.3239.132 Safari/537.36" 
113.171.224.176 - - [28/Jul/2018:05:06:42 -0700] "GET /honeypot/Honeypot%20-%20Howto.pdf HTTP/1.1" 200 46720 "-" "Mozilla/5.0 Gecko/20100115 Firefox/3.6" 
27.59.34.14 - - [28/Jul/2018:05:07:16 -0700] "GET / HTTP/1.1" 200 11357 "-" "Mozilla/5.0 (iPhone; CPU iPhone OS 11_4_1 like Mac OS X) AppleWebKit/604.1.34 (KHTML, like Gecko) CriOS/67.0.3396.87 Mobile/15G77 Safari/604.1" 
27.59.34.14 - - [28/Jul/2018:05:07:16 -0700] "GET /twitter-icon.png HTTP/1.1" 200 27787 "http://www.secrepo.com/" "Mozilla/5.0 (iPhone; CPU iPhone OS 11_4_1 like Mac OS X) AppleWebKit/604.1.34 (KHTML, like Gecko) CriOS/67.0.3396.87 Mobile/15G77 Safari/604.1" 
27.59.34.14 - - [28/Jul/2018:05:07:17 -0700] "GET /GitHub-Mark.png HTTP/1.1" 200 7428 "http://www.secrepo.com/" "Mozilla/5.0 (iPhone; CPU iPhone OS 11_4_1 like Mac OS X) AppleWebKit/604.1.34 (KHTML, like Gecko) CriOS/67.0.3396.87 Mobile/15G77 Safari/604.1" 
27.59.34.14 - - [28/Jul/2018:05:07:18 -0700] "GET /bootstrap/img/favicon.ico HTTP/1.1" 200 590 "-" "Mozilla/5.0 (iPhone; CPU iPhone OS 11_4_1 like Mac OS X) AppleWebKit/604.1.34 (KHTML, like Gecko) CriOS/67.0.3396.87 Mobile/15G77 Safari/604.1" 
178.137.94.200 - - [28/Jul/2018:05:08:19 -0700] "GET /honeypot/ HTTP/1.1" 200 1077 "https://impotentik.com/" "Opera/9.01 (Windows NT 5.1; U; en)" 
94.130.65.53 - - [28/Jul/2018:05:08:54 -0700] "GET /robots.txt HTTP/1.1" 301 502 "-" "Mozilla/5.0 (compatible; BLEXBot/1.0; +http://webmeup-crawler.com/)" 
94.130.65.53 - - [28/Jul/2018:05:08:54 -0700] "GET /robots.txt HTTP/1.1" 200 334 "-" "Mozilla/5.0 (compatible; BLEXBot/1.0; +http://webmeup-crawler.com/)" 
146.198.213.62 - - [28/Jul/2018:05:09:07 -0700] "GET / HTTP/1.1" 200 11357 "https://www.google.com.ph/" "Mozilla/5.0 (Windows NT 10.0; Win64; x64; rv:61.0) Gecko/20100101 Firefox/61.0" 
146.198.213.62 - - [28/Jul/2018:05:09:07 -0700] "GET /twitter-icon.png HTTP/1.1" 200 27787 "http://www.secrepo.com/" "Mozilla/5.0 (Windows NT 10.0; Win64; x64; rv:61.0) Gecko/20100101 Firefox/61.0" 
146.198.213.62 - - [28/Jul/2018:05:09:07 -0700] "GET /GitHub-Mark.png HTTP/1.1" 200 7428 "http://www.secrepo.com/" "Mozilla/5.0 (Windows NT 10.0; Win64; x64; rv:61.0) Gecko/20100101 Firefox/61.0" 
146.198.213.62 - - [28/Jul/2018:05:09:07 -0700] "GET /bootstrap/img/favicon.ico HTTP/1.1" 200 589 "-" "Mozilla/5.0 (Windows NT 10.0; Win64; x64; rv:61.0) Gecko/20100101 Firefox/61.0" 
146.198.213.62 - - [28/Jul/2018:05:09:51 -0700] "GET /honeypot/honeypot.json.zip HTTP/1.1" 200 23085976 "http://www.secrepo.com/" "Mozilla/5.0 (Windows NT 10.0; Win64; x64; rv:61.0) Gecko/20100101 Firefox/61.0" 
146.198.213.62 - - [28/Jul/2018:05:10:00 -0700] "GET /tg/a.zip HTTP/1.1" 200 66189337 "http://www.secrepo.com/" "Mozilla/5.0 (Windows NT 10.0; Win64; x64; rv:61.0) Gecko/20100101 Firefox/61.0" 
146.198.213.62 - - [28/Jul/2018:05:11:11 -0700] "GET /honeypot/BSidesDFW%20-%202014.ipynb HTTP/1.1" 200 930836 "http://www.secrepo.com/" "Mozilla/5.0 (Windows NT 10.0; Win64; x64; rv:61.0) Gecko/20100101 Firefox/61.0" 
146.198.213.62 - - [28/Jul/2018:05:11:15 -0700] "GET /favicon.ico HTTP/1.1" 200 267 "-" "Mozilla/5.0 (Windows NT 10.0; Win64; x64; rv:61.0) Gecko/20100101 Firefox/61.0" 
146.198.213.62 - - [28/Jul/2018:05:11:15 -0700] "GET /favicon.ico HTTP/1.1" 200 268 "-" "Mozilla/5.0 (Windows NT 10.0; Win64; x64; rv:61.0) Gecko/20100101 Firefox/61.0" 
146.198.213.62 - - [28/Jul/2018:05:11:47 -0700] "GET /tg/a.zip HTTP/1.1" 200 3560632 "-" "Mozilla/5.0 (Windows NT 10.0; Win64; x64; rv:61.0) Gecko/20100101 Firefox/61.0" 
146.198.213.62 - - [28/Jul/2018:05:12:35 -0700] "GET /maccdc2012/maccdc2012_full_alert.7z HTTP/1.1" 200 24978942 "http://www.secrepo.com/" "Mozilla/5.0 (Windows NT 10.0; Win64; x64; rv:61.0) Gecko/20100101 Firefox/61.0" 
157.55.39.243 - - [28/Jul/2018:05:13:34 -0700] "GET / HTTP/1.1" 301 483 "-" "Mozilla/5.0 (compatible; bingbot/2.0; +http://www.bing.com/bingbot.htm)" 
82.222.140.7 - - [28/Jul/2018:05:17:26 -0700] "GET / HTTP/1.1" 200 11357 "https://www.google.com/" "Mozilla/5.0 (Macintosh; Intel Mac OS X 10_13_5) AppleWebKit/605.1.15 (KHTML, like Gecko) Version/11.1.1 Safari/605.1.15" 
223.204.235.18 - - [28/Jul/2018:05:17:44 -0700] "GET / HTTP/1.1" 200 11357 "-" "Mozilla/5.0 (Windows NT 6.1; Win64; x64) AppleWebKit/537.36 (KHTML, like Gecko) Chrome/67.0.3396.99 Safari/537.36" 
223.204.235.18 - - [28/Jul/2018:05:17:45 -0700] "GET /twitter-icon.png HTTP/1.1" 304 166 "http://www.secrepo.com/" "Mozilla/5.0 (Windows NT 6.1; Win64; x64) AppleWebKit/537.36 (KHTML, like Gecko) Chrome/67.0.3396.99 Safari/537.36" 
223.204.235.18 - - [28/Jul/2018:05:17:45 -0700] "GET /GitHub-Mark.png HTTP/1.1" 304 166 "http://www.secrepo.com/" "Mozilla/5.0 (Windows NT 6.1; Win64; x64) AppleWebKit/537.36 (KHTML, like Gecko) Chrome/67.0.3396.99 Safari/537.36" 
157.55.39.243 - - [28/Jul/2018:05:18:01 -0700] "GET / HTTP/1.1" 200 11357 "-" "Mozilla/5.0 (compatible; bingbot/2.0; +http://www.bing.com/bingbot.htm)" 
94.130.65.53 - - [28/Jul/2018:05:19:10 -0700] "GET /robots.txt HTTP/1.1" 301 502 "-" "Mozilla/5.0 (compatible; BLEXBot/1.0; +http://webmeup-crawler.com/)" 
94.130.65.53 - - [28/Jul/2018:05:19:11 -0700] "GET /robots.txt HTTP/1.1" 200 334 "-" "Mozilla/5.0 (compatible; BLEXBot/1.0; +http://webmeup-crawler.com/)" 
50.62.176.102 - - [28/Jul/2018:05:19:22 -0700] "GET / HTTP/1.1" 200 38539 "-" "Mozilla/5.0 (Windows NT 6.1; WOW64) AppleWebKit/537.36 (KHTML, like Gecko) Chrome/33.0.1750.154 Safari/537.36" 
54.36.148.39 - - [28/Jul/2018:05:19:59 -0700] "GET /self.logs/2015/error.log.2015-02-21.gz HTTP/1.1" 200 6475 "-" "Mozilla/5.0 (compatible; AhrefsBot/5.2; +http://ahrefs.com/robot/)" 
50.87.144.50 - - [28/Jul/2018:05:22:36 -0700] "GET / HTTP/1.1" 200 38539 "-" "Mozilla/5.0 (Windows NT 6.1; WOW64) AppleWebKit/537.36 (KHTML, like Gecko) Chrome/33.0.1750.154 Safari/537.36" 
157.55.39.8 - - [28/Jul/2018:05:25:47 -0700] "GET /robots.txt HTTP/1.1" 200 334 "-" "Mozilla/5.0 (compatible; bingbot/2.0; +http://www.bing.com/bingbot.htm)" 
157.55.39.240 - - [28/Jul/2018:05:25:49 -0700] "GET /self.logs/error.log.2017-03-02.gz HTTP/1.1" 200 1008 "-" "Mozilla/5.0 (compatible; bingbot/2.0; +http://www.bing.com/bingbot.htm)" 
54.36.148.30 - - [28/Jul/2018:05:28:19 -0700] "GET /self.logs/2016/access.log.2016-02-10.gz HTTP/1.1" 200 9214 "-" "Mozilla/5.0 (compatible; AhrefsBot/5.2; +http://ahrefs.com/robot/)" 
94.130.65.53 - - [28/Jul/2018:05:29:36 -0700] "GET /robots.txt HTTP/1.1" 301 502 "-" "Mozilla/5.0 (compatible; BLEXBot/1.0; +http://webmeup-crawler.com/)" 
94.130.65.53 - - [28/Jul/2018:05:29:36 -0700] "GET /robots.txt HTTP/1.1" 200 334 "-" "Mozilla/5.0 (compatible; BLEXBot/1.0; +http://webmeup-crawler.com/)" 
71.220.223.43 - - [28/Jul/2018:05:33:29 -0700] "GET / HTTP/1.1" 200 11357 "https://www.google.com/" "Mozilla/5.0 (Windows NT 10.0; Win64; x64) AppleWebKit/537.36 (KHTML, like Gecko) Chrome/67.0.3396.99 Safari/537.36" 
71.220.223.43 - - [28/Jul/2018:05:33:36 -0700] "GET /twitter-icon.png HTTP/1.1" 200 27788 "http://www.secrepo.com/" "Mozilla/5.0 (Windows NT 10.0; Win64; x64) AppleWebKit/537.36 (KHTML, like Gecko) Chrome/67.0.3396.99 Safari/537.36" 
71.220.223.43 - - [28/Jul/2018:05:33:36 -0700] "GET /GitHub-Mark.png HTTP/1.1" 200 7427 "http://www.secrepo.com/" "Mozilla/5.0 (Windows NT 10.0; Win64; x64) AppleWebKit/537.36 (KHTML, like Gecko) Chrome/67.0.3396.99 Safari/537.36" 
71.220.223.43 - - [28/Jul/2018:05:33:38 -0700] "GET /bootstrap/img/favicon.ico HTTP/1.1" 200 589 "http://www.secrepo.com/" "Mozilla/5.0 (Windows NT 10.0; Win64; x64) AppleWebKit/537.36 (KHTML, like Gecko) Chrome/67.0.3396.99 Safari/537.36" 
94.130.65.53 - - [28/Jul/2018:05:39:53 -0700] "GET /robots.txt HTTP/1.1" 301 502 "-" "Mozilla/5.0 (compatible; BLEXBot/1.0; +http://webmeup-crawler.com/)" 
94.130.65.53 - - [28/Jul/2018:05:39:54 -0700] "GET /robots.txt HTTP/1.1" 200 334 "-" "Mozilla/5.0 (compatible; BLEXBot/1.0; +http://webmeup-crawler.com/)" 
61.150.43.46 - - [28/Jul/2018:05:45:54 -0700] "GET /favicon.ico HTTP/1.1" 200 268 "-" "Mozilla/5.0 (Windows NT 10.0; WOW64) AppleWebKit/537.36 (KHTML, like Gecko) Chrome/49.0.2623.221 Safari/537.36 SE 2.X MetaSr 1.0" 
223.72.73.221 - - [28/Jul/2018:05:46:03 -0700] "GET /favicon.ico HTTP/1.1" 200 212 "-" "Mozilla/5.0 (Windows NT 6.1; WOW64) AppleWebKit/537.36 (KHTML, like Gecko) Chrome/49.0.2623.221 Safari/537.36 SE 2.X MetaSr 1.0" 
94.130.65.53 - - [28/Jul/2018:05:50:12 -0700] "GET /robots.txt HTTP/1.1" 301 502 "-" "Mozilla/5.0 (compatible; BLEXBot/1.0; +http://webmeup-crawler.com/)" 
94.130.65.53 - - [28/Jul/2018:05:50:13 -0700] "GET /robots.txt HTTP/1.1" 200 334 "-" "Mozilla/5.0 (compatible; BLEXBot/1.0; +http://webmeup-crawler.com/)" 
61.150.43.46 - - [28/Jul/2018:05:50:30 -0700] "GET /favicon.ico HTTP/1.1" 200 268 "-" "Mozilla/5.0 (Windows NT 10.0; WOW64) AppleWebKit/537.36 (KHTML, like Gecko) Chrome/49.0.2623.221 Safari/537.36 SE 2.X MetaSr 1.0" 
220.181.132.195 - - [28/Jul/2018:05:56:19 -0700] "GET / HTTP/1.1" 200 11357 "-" "Mozilla/5.0 (Windows NT 6.1) AppleWebKit/537.36 (KHTML, like Gecko) Chrome/36.0.1985.125 Safari/537.36" 
41.223.160.173 - - [28/Jul/2018:06:04:17 -0700] "GET /tg/tg_snort_fast.7z HTTP/1.1" 304 131 "-" "Mozilla/5.0 Gecko/20100115 Firefox/3.6" 
113.171.224.176 - - [28/Jul/2018:06:07:36 -0700] "GET /honeypot/Honeypot%20-%20Howto.pdf HTTP/1.1" 200 46720 "-" "Mozilla/5.0 Gecko/20100115 Firefox/3.6" 
73.19.9.185 - - [28/Jul/2018:06:07:40 -0700] "GET / HTTP/1.1" 200 11357 "-" "Mozilla/5.0 (Macintosh; Intel Mac OS X 10_13_5) AppleWebKit/537.36 (KHTML, like Gecko) Chrome/68.0.3440.75 Safari/537.36" 
73.19.9.185 - - [28/Jul/2018:06:07:41 -0700] "GET /twitter-icon.png HTTP/1.1" 200 27787 "http://www.secrepo.com/" "Mozilla/5.0 (Macintosh; Intel Mac OS X 10_13_5) AppleWebKit/537.36 (KHTML, like Gecko) Chrome/68.0.3440.75 Safari/537.36" 
73.19.9.185 - - [28/Jul/2018:06:07:41 -0700] "GET /GitHub-Mark.png HTTP/1.1" 200 7428 "http://www.secrepo.com/" "Mozilla/5.0 (Macintosh; Intel Mac OS X 10_13_5) AppleWebKit/537.36 (KHTML, like Gecko) Chrome/68.0.3440.75 Safari/537.36" 
73.19.9.185 - - [28/Jul/2018:06:07:46 -0700] "GET /bootstrap/img/favicon.ico HTTP/1.1" 200 590 "http://www.secrepo.com/" "Mozilla/5.0 (Macintosh; Intel Mac OS X 10_13_5) AppleWebKit/537.36 (KHTML, like Gecko) Chrome/68.0.3440.75 Safari/537.36" 
54.36.148.68 - - [28/Jul/2018:06:10:30 -0700] "GET /self.logs/access.log.2016-06-05.gz HTTP/1.1" 404 284 "-" "Mozilla/5.0 (compatible; AhrefsBot/5.2; +http://ahrefs.com/robot/)" 
54.36.149.83 - - [28/Jul/2018:06:13:10 -0700] "GET /self.logs/access.log.2016-11-25.gz HTTP/1.1" 404 284 "-" "Mozilla/5.0 (compatible; AhrefsBot/5.2; +http://ahrefs.com/robot/)" 
108.51.128.31 - - [28/Jul/2018:06:15:49 -0700] "GET / HTTP/1.1" 200 11357 "https://www.google.com/" "Mozilla/5.0 (X11; Linux x86_64) AppleWebKit/537.36 (KHTML, like Gecko) Chrome/69.0.3497.12 Safari/537.36" 
108.51.128.31 - - [28/Jul/2018:06:15:49 -0700] "GET /twitter-icon.png HTTP/1.1" 200 27787 "http://www.secrepo.com/" "Mozilla/5.0 (X11; Linux x86_64) AppleWebKit/537.36 (KHTML, like Gecko) Chrome/69.0.3497.12 Safari/537.36" 
108.51.128.31 - - [28/Jul/2018:06:15:49 -0700] "GET /GitHub-Mark.png HTTP/1.1" 200 7428 "http://www.secrepo.com/" "Mozilla/5.0 (X11; Linux x86_64) AppleWebKit/537.36 (KHTML, like Gecko) Chrome/69.0.3497.12 Safari/537.36" 
218.88.121.6 - - [28/Jul/2018:06:17:02 -0700] "GET /favicon.ico HTTP/1.1" 200 268 "-" "Mozilla/5.0 (Windows NT 6.1; WOW64) AppleWebKit/537.36 (KHTML, like Gecko) Chrome/55.0.2883.87 Safari/537.36" 
54.36.148.94 - - [28/Jul/2018:06:19:27 -0700] "GET /self.logs/error.log.2015-06-19.gz HTTP/1.1" 404 284 "-" "Mozilla/5.0 (compatible; AhrefsBot/5.2; +http://ahrefs.com/robot/)" 
54.36.149.69 - - [28/Jul/2018:06:20:56 -0700] "GET /self.logs/error.log.2017-07-28.gz HTTP/1.1" 200 727 "-" "Mozilla/5.0 (compatible; AhrefsBot/5.2; +http://ahrefs.com/robot/)" 
35.200.98.169 - - [28/Jul/2018:06:23:22 -0700] "GET /bootstrap/img/favicon.ico HTTP/1.1" 200 553 "-" "Mozilla/5.0 (Windows NT 10.0; Win64; x64) AppleWebKit/537.36 (KHTML, like Gecko) Chrome/67.0.3396.99 Safari/537.36" 
85.13.134.19 - - [28/Jul/2018:06:23:35 -0700] "GET / HTTP/1.1" 200 38539 "-" "Mozilla/5.0 (Windows NT 6.1; WOW64) AppleWebKit/537.36 (KHTML, like Gecko) Chrome/33.0.1750.154 Safari/537.36" 
88.173.192.210 - - [28/Jul/2018:06:24:40 -0700] "GET /wp-login.php HTTP/1.1" 418 732 "-" "Mozilla/5.0 (Windows NT 6.1; WOW64; rv:40.0) Gecko/20100101 Firefox/40.1" 
88.173.192.210 - - [28/Jul/2018:06:24:40 -0700] "GET / HTTP/1.1" 418 732 "-" "Mozilla/5.0 (Windows NT 6.1; WOW64; rv:40.0) Gecko/20100101 Firefox/40.1" 
61.16.140.130 - - [28/Jul/2018:06:24:53 -0700] "GET / HTTP/1.1" 200 11357 "https://www.google.co.in/" "Mozilla/5.0 (Windows NT 10.0; Win64; x64) AppleWebKit/537.36 (KHTML, like Gecko) Chrome/67.0.3396.99 Safari/537.36" 
61.16.140.130 - - [28/Jul/2018:06:24:54 -0700] "GET /twitter-icon.png HTTP/1.1" 200 27787 "http://www.secrepo.com/" "Mozilla/5.0 (Windows NT 10.0; Win64; x64) AppleWebKit/537.36 (KHTML, like Gecko) Chrome/67.0.3396.99 Safari/537.36" 
61.16.140.130 - - [28/Jul/2018:06:24:55 -0700] "GET /GitHub-Mark.png HTTP/1.1" 200 7427 "http://www.secrepo.com/" "Mozilla/5.0 (Windows NT 10.0; Win64; x64) AppleWebKit/537.36 (KHTML, like Gecko) Chrome/67.0.3396.99 Safari/537.36" 
61.16.140.130 - - [28/Jul/2018:06:25:19 -0700] "GET /bootstrap/img/favicon.ico HTTP/1.1" 200 590 "http://www.secrepo.com/" "Mozilla/5.0 (Windows NT 10.0; Win64; x64) AppleWebKit/537.36 (KHTML, like Gecko) Chrome/67.0.3396.99 Safari/537.36" 
61.16.140.130 - - [28/Jul/2018:06:25:19 -0700] "GET /maccdc2012/dhcp.log.gz HTTP/1.1" 200 45019 "-" "Mozilla/5.0 (Windows NT 10.0; Win64; x64) AppleWebKit/537.36 (KHTML, like Gecko) Chrome/67.0.3396.99 Safari/537.36" 
87.97.25.147 - - [28/Jul/2018:06:31:03 -0700] "GET /wp-login.php HTTP/1.1" 418 732 "-" "Mozilla/5.0 (Windows NT 6.1; WOW64; rv:40.0) Gecko/20100101 Firefox/40.1" 
87.97.25.147 - - [28/Jul/2018:06:31:03 -0700] "GET / HTTP/1.1" 418 732 "-" "Mozilla/5.0 (Windows NT 6.1; WOW64; rv:40.0) Gecko/20100101 Firefox/40.1" 
157.55.39.241 - - [28/Jul/2018:06:34:07 -0700] "GET /maccdc2012/files.log.gz HTTP/1.1" 200 11064586 "-" "Mozilla/5.0 (compatible; bingbot/2.0; +http://www.bing.com/bingbot.htm)" 
54.165.59.7 - - [28/Jul/2018:06:37:25 -0700] "GET /robots.txt HTTP/1.0" 200 252 "-" "ia_archiver" 
54.165.59.7 - - [28/Jul/2018:06:37:25 -0700] "GET / HTTP/1.0" 200 38584 "-" "ia_archiver" 
54.36.148.25 - - [28/Jul/2018:06:40:21 -0700] "GET /self.logs/access.log.2017-07-27.gz HTTP/1.1" 200 21415 "-" "Mozilla/5.0 (compatible; AhrefsBot/5.2; +http://ahrefs.com/robot/)" 
50.251.77.25 - - [28/Jul/2018:06:43:35 -0700] "GET / HTTP/1.1" 200 11357 "-" "Mozilla/5.0 (Windows NT 10.0; Win64; x64) AppleWebKit/537.36 (KHTML, like Gecko) Chrome/67.0.3396.99 Safari/537.36" 
50.251.77.25 - - [28/Jul/2018:06:43:35 -0700] "GET /twitter-icon.png HTTP/1.1" 200 27787 "http://www.secrepo.com/" "Mozilla/5.0 (Windows NT 10.0; Win64; x64) AppleWebKit/537.36 (KHTML, like Gecko) Chrome/67.0.3396.99 Safari/537.36" 
50.251.77.25 - - [28/Jul/2018:06:43:35 -0700] "GET /GitHub-Mark.png HTTP/1.1" 200 7428 "http://www.secrepo.com/" "Mozilla/5.0 (Windows NT 10.0; Win64; x64) AppleWebKit/537.36 (KHTML, like Gecko) Chrome/67.0.3396.99 Safari/537.36" 
50.251.77.25 - - [28/Jul/2018:06:43:36 -0700] "GET /bootstrap/img/favicon.ico HTTP/1.1" 200 589 "http://www.secrepo.com/" "Mozilla/5.0 (Windows NT 10.0; Win64; x64) AppleWebKit/537.36 (KHTML, like Gecko) Chrome/67.0.3396.99 Safari/537.36" 
50.251.77.25 - - [28/Jul/2018:06:44:02 -0700] "GET /pe_static/zeus.zip HTTP/1.1" 200 51367111 "-" "Mozilla/5.0 (Windows NT 10.0; Win64; x64) AppleWebKit/537.36 (KHTML, like Gecko) Chrome/67.0.3396.99 Safari/537.36" 
157.55.39.240 - - [28/Jul/2018:06:45:27 -0700] "GET /self.logs/error.log.2017-02-21.gz HTTP/1.1" 200 936 "-" "Mozilla/5.0 (compatible; bingbot/2.0; +http://www.bing.com/bingbot.htm)" 
183.156.141.229 - - [28/Jul/2018:06:45:37 -0700] "GET /bootstrap/img/favicon.ico HTTP/1.1" 200 590 "-" "Mozilla/5.0 (Windows NT 10.0; Win64; x64) AppleWebKit/537.36 (KHTML, like Gecko) Chrome/67.0.3396.99 Safari/537.36" 
23.253.92.35 - - [28/Jul/2018:06:48:17 -0700] "GET /robots.txt HTTP/1.1" 301 446 "-" "Tornado-Async-Client" 
23.253.92.35 - - [28/Jul/2018:06:48:17 -0700] "GET /robots.txt HTTP/1.1" 304 130 "-" "Tornado-Async-Client" 
23.253.92.35 - - [28/Jul/2018:06:48:17 -0700] "GET /honeypot/BSidesDFW%20-%202014.ipynb HTTP/1.1" 301 484 "-" "Tornado-Async-Client" 
23.253.92.35 - - [28/Jul/2018:06:48:18 -0700] "GET /honeypot/BSidesDFW%20-%202014.ipynb HTTP/1.1" 200 930780 "-" "Tornado-Async-Client" 
223.204.235.18 - - [28/Jul/2018:06:48:46 -0700] "GET /Security-Data-Analysis/Lab_2/http.log.zip HTTP/1.1" 206 23727 "-" "Mozilla/5.0 (Windows NT 6.1; Win64; x64) AppleWebKit/537.36 (KHTML, like Gecko) Chrome/67.0.3396.99 Safari/537.36" 
223.204.235.18 - - [28/Jul/2018:06:48:47 -0700] "GET /Security-Data-Analysis/Lab_2/http.log.zip HTTP/1.1" 206 579360 "-" "Mozilla/5.0 (Windows NT 6.1; Win64; x64) AppleWebKit/537.36 (KHTML, like Gecko) Chrome/67.0.3396.99 Safari/537.36" 
