96.126.96.31 - - [13/Mar/2018:20:40:55 -0700] "GET /modules/columnadverts/config.xml HTTP/1.1" 301 525 "-" "Mozilla/5.0 (compatible; MSIE 10.0; Windows 98; Trident/5.0)" 
178.80.128.140 - - [13/Mar/2018:20:42:16 -0700] "GET /tg/tg_snort_full.7z HTTP/1.1" 200 8847794 "-" "FDM/5.1.34.6924" 
96.126.96.31 - - [13/Mar/2018:20:42:40 -0700] "GET /modules/pk_vertflexmenu/config.xml HTTP/1.1" 301 529 "-" "Mozilla/5.0 (X11; Linux x86_64) AppleWebKit/5321 (KHTML, like Gecko) Chrome/39.0.883.0 Mobile Safari/5321" 
34.224.17.86 - - [13/Mar/2018:20:42:42 -0700] "GET /self.logs/2016/?C=D;O=A HTTP/1.1" 200 7741 "-" "BUbiNG (+http://law.di.unimi.it/BUbiNG.html#wc)" 
178.80.128.140 - - [13/Mar/2018:20:42:38 -0700] "GET /tg/tg_snort_full.7z HTTP/1.1" 206 8847847 "-" "FDM/5.1.34.6924" 
178.80.128.140 - - [13/Mar/2018:20:43:01 -0700] "GET /tg/tg_snort_full.7z HTTP/1.1" 206 4424102 "-" "FDM/5.1.34.6924" 
96.126.96.31 - - [13/Mar/2018:20:44:23 -0700] "GET /modules/homepageadvertise2/config.xml HTTP/1.1" 301 535 "-" "Mozilla/5.0 (Windows NT 6.2; sl-SI; rv:1.9.1.20) Gecko/20150305 Firefox/35.0" 
96.126.96.31 - - [13/Mar/2018:20:46:07 -0700] "GET /modules/homepageadvertise/config.xml HTTP/1.1" 301 533 "-" "Mozilla/5.0 (X11; Linux x86_64; rv:5.0) Gecko/20130428 Firefox/36.0" 
192.185.4.155 - - [13/Mar/2018:20:48:05 -0700] "GET /wp-admin/ HTTP/1.1" 301 479 "-" "-" 
96.126.96.31 - - [13/Mar/2018:20:49:11 -0700] "GET /modules/attributewizardpro/config.xml HTTP/1.1" 301 535 "-" "Mozilla/5.0 (Macintosh; PPC Mac OS X 10_5_1) AppleWebKit/5342 (KHTML, like Gecko) Chrome/40.0.831.0 Mobile Safari/5342" 
34.224.17.86 - - [13/Mar/2018:20:49:52 -0700] "GET /self.logs/2016/error.log.2016-01-22 HTTP/1.1" 200 334 "-" "BUbiNG (+http://law.di.unimi.it/BUbiNG.html#wc)" 
96.126.96.31 - - [13/Mar/2018:20:52:17 -0700] "GET /modules/fieldvmegamenu/config.xml HTTP/1.1" 301 527 "-" "Mozilla/5.0 (Macintosh; Intel Mac OS X 10_6_6 rv:2.0; sl-SI) AppleWebKit/533.5.5 (KHTML, like Gecko) Version/4.0 Safari/533.5.5" 
81.21.75.95 - - [13/Mar/2018:20:56:35 -0700] "GET /test/wp-admin/ HTTP/1.1" 301 489 "-" "-" 
113.171.224.176 - - [13/Mar/2018:20:57:18 -0700] "GET /honeypot/Honeypot%20-%20Howto.pdf HTTP/1.1" 200 46720 "-" "Mozilla/5.0 Gecko/20100115 Firefox/3.6" 
54.36.149.97 - - [13/Mar/2018:21:00:54 -0700] "GET /self.logs/access.log.2017-04-02.gz HTTP/1.1" 200 22168 "-" "Mozilla/5.0 (compatible; AhrefsBot/5.2; +http://ahrefs.com/robot/)" 
111.206.36.141 - - [13/Mar/2018:21:03:04 -0700] "GET /&wd=test HTTP/1.1" 404 340 "http://www.baidu.com/s?wd=NY6" "Mozilla/5.0 (Windows NT 6.1; WOW64; rv:43.0) Gecko/20100101 Firefox/43.0" 
108.59.8.80 - - [13/Mar/2018:21:04:32 -0700] "GET /robots.txt HTTP/1.1" 200 289 "-" "Mozilla/5.0 (compatible; MJ12bot/v1.4.8; http://mj12bot.com/)" 
108.59.8.80 - - [13/Mar/2018:21:04:34 -0700] "GET / HTTP/1.1" 200 37359 "-" "Mozilla/5.0 (compatible; MJ12bot/v1.4.8; http://mj12bot.com/)" 
98.130.2.8 - - [13/Mar/2018:21:05:07 -0700] "GET /wordpress/wp-admin/ HTTP/1.1" 301 499 "-" "-" 
34.224.17.86 - - [13/Mar/2018:21:07:15 -0700] "GET /%22https:/twitter.com/sooshie/%22 HTTP/1.1" 404 340 "-" "BUbiNG (+http://law.di.unimi.it/BUbiNG.html#wc)" 
203.35.82.174 - - [13/Mar/2018:21:09:03 -0700] "GET / HTTP/1.1" 200 11061 "https://www.google.com.au/" "Mozilla/5.0 (Windows NT 6.1; Win64; x64; rv:59.0) Gecko/20100101 Firefox/59.0" 
203.35.82.165 - - [13/Mar/2018:21:09:04 -0700] "GET /GitHub-Mark.png HTTP/1.1" 200 7428 "http://www.secrepo.com/" "Mozilla/5.0 (Windows NT 6.1; Win64; x64; rv:59.0) Gecko/20100101 Firefox/59.0" 
203.35.82.136 - - [13/Mar/2018:21:09:04 -0700] "GET /twitter-icon.png HTTP/1.1" 200 27788 "http://www.secrepo.com/" "Mozilla/5.0 (Windows NT 6.1; Win64; x64; rv:59.0) Gecko/20100101 Firefox/59.0" 
203.35.82.168 - - [13/Mar/2018:21:09:05 -0700] "GET /bootstrap/img/favicon.ico HTTP/1.1" 200 590 "-" "Mozilla/5.0 (Windows NT 6.1; Win64; x64; rv:59.0) Gecko/20100101 Firefox/59.0" 
203.35.82.165 - - [13/Mar/2018:21:09:05 -0700] "GET /bootstrap/img/favicon.ico HTTP/1.1" 200 589 "-" "Mozilla/5.0 (Windows NT 6.1; Win64; x64; rv:59.0) Gecko/20100101 Firefox/59.0" 
102.181.194.40 - - [13/Mar/2018:21:09:20 -0700] "GET /tg/tg_snort_fast.7z HTTP/1.1" 304 131 "-" "Mozilla/5.0 Gecko/20100115 Firefox/3.6" 
66.96.128.60 - - [13/Mar/2018:21:13:41 -0700] "GET /blog/wp-admin/ HTTP/1.1" 301 489 "-" "-" 
54.36.148.172 - - [13/Mar/2018:21:15:35 -0700] "GET /self.logs/access.log.2016-05-28.gz HTTP/1.1" 404 284 "-" "Mozilla/5.0 (compatible; AhrefsBot/5.2; +http://ahrefs.com/robot/)" 
54.36.148.21 - - [13/Mar/2018:21:20:03 -0700] "GET /self.logs/2016/access.log.2016-11-01.gz HTTP/1.1" 200 29357 "-" "Mozilla/5.0 (compatible; AhrefsBot/5.2; +http://ahrefs.com/robot/)" 
46.161.9.9 - - [13/Mar/2018:21:20:07 -0700] "GET /honeypot/BSidesDFW%20-%202014.ipynb HTTP/1.0" 200 930799 "http://www.secrepo.com/honeypot/BSidesDFW%20-%202014.ipynb" "Mozilla/5.0 (Windows NT 6.1; Win64; rv:38.0) Gecko/20100101 Firefox/38.0" 
220.181.108.167 - - [13/Mar/2018:21:21:36 -0700] "GET /self.logs/ HTTP/1.1" 200 8756 "-" "Mozilla/5.0 (compatible; Baiduspider/2.0; +http://www.baidu.com/search/spider.html)" 
50.87.144.81 - - [13/Mar/2018:21:22:15 -0700] "GET /wp/wp-admin/ HTTP/1.1" 301 485 "-" "-" 
52.4.180.1 - - [13/Mar/2018:21:28:48 -0700] "HEAD / HTTP/1.1" 301 290 "-" "python-requests/2.12.4" 
52.4.180.1 - - [13/Mar/2018:21:28:48 -0700] "HEAD / HTTP/1.1" 200 319 "-" "python-requests/2.12.4" 
52.4.180.1 - - [13/Mar/2018:21:28:48 -0700] "HEAD / HTTP/1.1" 200 319 "-" "python-requests/2.12.4" 
180.43.32.246 - - [13/Mar/2018:21:29:02 -0700] "GET / HTTP/1.1" 200 11061 "-" "Mozilla/5.0 (Windows NT 6.1) AppleWebKit/537.36 (KHTML, like Gecko) Chrome/63.0.3239.132 Safari/537.36" 
180.43.32.246 - - [13/Mar/2018:21:29:03 -0700] "GET /twitter-icon.png HTTP/1.1" 200 27787 "http://www.secrepo.com/" "Mozilla/5.0 (Windows NT 6.1) AppleWebKit/537.36 (KHTML, like Gecko) Chrome/63.0.3239.132 Safari/537.36" 
180.43.32.246 - - [13/Mar/2018:21:29:03 -0700] "GET /GitHub-Mark.png HTTP/1.1" 200 7428 "http://www.secrepo.com/" "Mozilla/5.0 (Windows NT 6.1) AppleWebKit/537.36 (KHTML, like Gecko) Chrome/63.0.3239.132 Safari/537.36" 
180.43.32.246 - - [13/Mar/2018:21:29:03 -0700] "GET /bootstrap/img/favicon.ico HTTP/1.1" 200 589 "http://www.secrepo.com/" "Mozilla/5.0 (Windows NT 6.1) AppleWebKit/537.36 (KHTML, like Gecko) Chrome/63.0.3239.132 Safari/537.36" 
87.236.20.140 - - [13/Mar/2018:21:30:45 -0700] "GET /old/wp-admin/ HTTP/1.1" 301 487 "-" "-" 
54.196.28.8 - - [13/Mar/2018:21:31:34 -0700] "GET / HTTP/1.1" 301 483 "https://t.co/dDstuKG4BZ" "Mozilla/5.0 (compatible, MSIE 11, Windows NT 6.3; Trident/7.0; rv:11.0) like Gecko" 
54.196.28.8 - - [13/Mar/2018:21:31:34 -0700] "GET / HTTP/1.1" 200 11061 "http://SecRepo.com" "Mozilla/5.0 (compatible, MSIE 11, Windows NT 6.3; Trident/7.0; rv:11.0) like Gecko" 
34.224.17.86 - - [13/Mar/2018:21:32:11 -0700] "GET /%22https:/twitter.com/theroxyd/%22 HTTP/1.1" 404 340 "-" "BUbiNG (+http://law.di.unimi.it/BUbiNG.html#wc)" 
54.225.54.201 - - [13/Mar/2018:21:32:18 -0700] "GET / HTTP/1.1" 200 11061 "-" "Mozilla/5.0 (Macintosh; Intel Mac OS X 10_10; rv:33.0) Gecko/20100101 Firefox/33.0" 
66.102.6.252 - - [13/Mar/2018:21:33:23 -0700] "GET / HTTP/1.1" 200 11061 "-" "Mozilla/5.0 (X11; Linux x86_64) AppleWebKit/537.36 (KHTML, like Gecko) Chrome/49.0.2623.75 Safari/537.36 Google Favicon" 
66.102.6.252 - - [13/Mar/2018:21:33:23 -0700] "GET /bootstrap/img/favicon.ico HTTP/1.1" 200 589 "-" "Mozilla/5.0 (X11; Linux x86_64) AppleWebKit/537.36 (KHTML, like Gecko) Chrome/49.0.2623.75 Safari/537.36 Google Favicon" 
42.111.136.94 - - [13/Mar/2018:21:35:51 -0700] "GET /bootstrap/img/favicon.ico HTTP/1.1" 200 590 "http://www.secrepo.com/" "Mozilla/5.0 (Windows NT 10.0; Win64; x64) AppleWebKit/537.36 (KHTML, like Gecko) Chrome/64.0.3282.186 Safari/537.36" 
42.111.136.94 - - [13/Mar/2018:21:37:34 -0700] "GET /squid/access.log.gz HTTP/1.1" 200 23177322 "-" "Mozilla/5.0 (Windows NT 10.0; Win64; x64) AppleWebKit/537.36 (KHTML, like Gecko) Chrome/64.0.3282.186 Safari/537.36" 
172.14.120.161 - - [13/Mar/2018:21:44:19 -0700] "GET / HTTP/1.1" 200 11061 "-" "Mozilla/5.0 (Linux; Android 7.0; SAMSUNG-SM-G935A Build/NRD90M) AppleWebKit/537.36 (KHTML, like Gecko) Chrome/65.0.3325.109 Mobile Safari/537.36" 
172.14.120.161 - - [13/Mar/2018:21:44:20 -0700] "GET /twitter-icon.png HTTP/1.1" 200 27787 "http://www.secrepo.com/" "Mozilla/5.0 (Linux; Android 7.0; SAMSUNG-SM-G935A Build/NRD90M) AppleWebKit/537.36 (KHTML, like Gecko) Chrome/65.0.3325.109 Mobile Safari/537.36" 
172.14.120.161 - - [13/Mar/2018:21:44:20 -0700] "GET /GitHub-Mark.png HTTP/1.1" 200 7428 "http://www.secrepo.com/" "Mozilla/5.0 (Linux; Android 7.0; SAMSUNG-SM-G935A Build/NRD90M) AppleWebKit/537.36 (KHTML, like Gecko) Chrome/65.0.3325.109 Mobile Safari/537.36" 
172.14.120.161 - - [13/Mar/2018:21:44:21 -0700] "GET /bootstrap/img/favicon.ico HTTP/1.1" 200 589 "http://www.secrepo.com/" "Mozilla/5.0 (Linux; Android 7.0; SAMSUNG-SM-G935A Build/NRD90M) AppleWebKit/537.36 (KHTML, like Gecko) Chrome/65.0.3325.109 Mobile Safari/537.36" 
34.224.17.86 - - [13/Mar/2018:21:47:48 -0700] "GET /%22http:/amunhoney.sourceforge.net/%22 HTTP/1.1" 404 340 "-" "BUbiNG (+http://law.di.unimi.it/BUbiNG.html#wc)" 
68.198.42.156 - - [13/Mar/2018:21:48:00 -0700] "GET / HTTP/1.1" 200 11061 "-" "Mozilla/5.0 (Linux; Android 7.0; SAMSUNG-SM-G935A Build/NRD90M) AppleWebKit/537.36 (KHTML, like Gecko) Chrome/65.0.3325.109 Mobile Safari/537.36" 
68.198.42.156 - - [13/Mar/2018:21:48:00 -0700] "GET /twitter-icon.png HTTP/1.1" 200 27787 "http://www.secrepo.com/" "Mozilla/5.0 (Linux; Android 7.0; SAMSUNG-SM-G935A Build/NRD90M) AppleWebKit/537.36 (KHTML, like Gecko) Chrome/65.0.3325.109 Mobile Safari/537.36" 
68.198.42.156 - - [13/Mar/2018:21:48:00 -0700] "GET /GitHub-Mark.png HTTP/1.1" 200 7428 "http://www.secrepo.com/" "Mozilla/5.0 (Linux; Android 7.0; SAMSUNG-SM-G935A Build/NRD90M) AppleWebKit/537.36 (KHTML, like Gecko) Chrome/65.0.3325.109 Mobile Safari/537.36" 
68.198.42.156 - - [13/Mar/2018:21:48:01 -0700] "GET /bootstrap/img/favicon.ico HTTP/1.1" 200 589 "http://www.secrepo.com/" "Mozilla/5.0 (Linux; Android 7.0; SAMSUNG-SM-G935A Build/NRD90M) AppleWebKit/537.36 (KHTML, like Gecko) Chrome/65.0.3325.109 Mobile Safari/537.36" 
113.171.224.176 - - [13/Mar/2018:21:57:20 -0700] "GET /honeypot/Honeypot%20-%20Howto.pdf HTTP/1.1" 200 46720 "-" "Mozilla/5.0 Gecko/20100115 Firefox/3.6" 
120.221.1.28 - - [13/Mar/2018:22:03:13 -0700] "GET /maccdc2012/files.log.gz HTTP/1.1" 304 155 "-" "Mozilla/5.0 Gecko/20100115 Firefox/3.6" 
54.36.148.49 - - [13/Mar/2018:22:03:14 -0700] "GET /self.logs/error.log.2018-02-22.gz HTTP/1.1" 200 4247 "-" "Mozilla/5.0 (compatible; AhrefsBot/5.2; +http://ahrefs.com/robot/)" 
14.139.61.158 - - [13/Mar/2018:22:09:19 -0700] "GET / HTTP/1.1" 200 11061 "https://www.google.co.in/" "Mozilla/5.0 (Windows NT 6.3; WOW64) AppleWebKit/537.36 (KHTML, like Gecko) Chrome/64.0.3282.186 Safari/537.36 OPR/51.0.2830.55" 
14.139.61.158 - - [13/Mar/2018:22:09:20 -0700] "GET /twitter-icon.png HTTP/1.1" 200 27787 "http://www.secrepo.com/" "Mozilla/5.0 (Windows NT 6.3; WOW64) AppleWebKit/537.36 (KHTML, like Gecko) Chrome/64.0.3282.186 Safari/537.36 OPR/51.0.2830.55" 
14.139.61.158 - - [13/Mar/2018:22:09:20 -0700] "GET /GitHub-Mark.png HTTP/1.1" 200 7428 "http://www.secrepo.com/" "Mozilla/5.0 (Windows NT 6.3; WOW64) AppleWebKit/537.36 (KHTML, like Gecko) Chrome/64.0.3282.186 Safari/537.36 OPR/51.0.2830.55" 
14.139.61.158 - - [13/Mar/2018:22:11:05 -0700] "GET /bootstrap/img/favicon.ico HTTP/1.1" 200 590 "http://www.secrepo.com/" "Mozilla/5.0 (Windows NT 6.3; WOW64) AppleWebKit/537.36 (KHTML, like Gecko) Chrome/64.0.3282.186 Safari/537.36 OPR/51.0.2830.55" 
34.224.17.86 - - [13/Mar/2018:22:14:09 -0700] "GET /robots.txt HTTP/1.1" 200 334 "-" "BUbiNG (+http://law.di.unimi.it/BUbiNG.html#wc)" 
14.139.61.158 - - [13/Mar/2018:22:15:19 -0700] "GET /maccdc2012/conn.log.gz HTTP/1.1" 200 1410360 "http://www.secrepo.com/maccdc2012/" "Mozilla/5.0 (Windows NT 6.3; WOW64) AppleWebKit/537.36 (KHTML, like Gecko) Chrome/64.0.3282.186 Safari/537.36 OPR/51.0.2830.55" 
24.5.70.103 - - [13/Mar/2018:22:20:10 -0700] "GET / HTTP/1.1" 200 11061 "https://www.google.com/" "Mozilla/5.0 (Macintosh; Intel Mac OS X 10_12_6) AppleWebKit/603.3.8 (KHTML, like Gecko) Version/10.1.2 Safari/603.3.8" 
24.5.70.103 - - [13/Mar/2018:22:20:11 -0700] "GET /twitter-icon.png HTTP/1.1" 200 27787 "http://www.secrepo.com/" "Mozilla/5.0 (Macintosh; Intel Mac OS X 10_12_6) AppleWebKit/603.3.8 (KHTML, like Gecko) Version/10.1.2 Safari/603.3.8" 
24.5.70.103 - - [13/Mar/2018:22:20:11 -0700] "GET /GitHub-Mark.png HTTP/1.1" 200 7428 "http://www.secrepo.com/" "Mozilla/5.0 (Macintosh; Intel Mac OS X 10_12_6) AppleWebKit/603.3.8 (KHTML, like Gecko) Version/10.1.2 Safari/603.3.8" 
24.5.70.103 - - [13/Mar/2018:22:20:14 -0700] "GET /bootstrap/img/favicon.ico HTTP/1.1" 200 590 "http://www.secrepo.com/" "Mozilla/5.0 (Macintosh; Intel Mac OS X 10_12_6) AppleWebKit/603.3.8 (KHTML, like Gecko) Version/10.1.2 Safari/603.3.8" 
54.36.148.158 - - [13/Mar/2018:22:20:15 -0700] "GET /self.logs/error.log.2015-04-17.gz HTTP/1.1" 404 284 "-" "Mozilla/5.0 (compatible; AhrefsBot/5.2; +http://ahrefs.com/robot/)" 
211.176.87.145 - - [13/Mar/2018:22:22:47 -0700] "GET /wp-login.php HTTP/1.1" 418 732 "-" "Mozilla/5.0 (Windows NT 6.1; WOW64; rv:40.0) Gecko/20100101 Firefox/40.1" 
34.224.17.86 - - [13/Mar/2018:22:25:00 -0700] "GET /%22http:/glastopf.org/%22 HTTP/1.1" 404 340 "-" "BUbiNG (+http://law.di.unimi.it/BUbiNG.html#wc)" 
180.43.8.247 - - [13/Mar/2018:22:28:13 -0700] "GET / HTTP/1.1" 200 11061 "-" "Mozilla/5.0 (Windows NT 6.1; Win64; x64) AppleWebKit/537.36 (KHTML, like Gecko) Chrome/65.0.3325.146 Safari/537.36" 
180.43.8.247 - - [13/Mar/2018:22:28:16 -0700] "GET /twitter-icon.png HTTP/1.1" 200 27788 "http://www.secrepo.com/" "Mozilla/5.0 (Windows NT 6.1; Win64; x64) AppleWebKit/537.36 (KHTML, like Gecko) Chrome/65.0.3325.146 Safari/537.36" 
180.43.8.247 - - [13/Mar/2018:22:28:16 -0700] "GET /GitHub-Mark.png HTTP/1.1" 200 7428 "http://www.secrepo.com/" "Mozilla/5.0 (Windows NT 6.1; Win64; x64) AppleWebKit/537.36 (KHTML, like Gecko) Chrome/65.0.3325.146 Safari/537.36" 
180.43.8.247 - - [13/Mar/2018:22:28:17 -0700] "GET /bootstrap/img/favicon.ico HTTP/1.1" 200 589 "http://www.secrepo.com/" "Mozilla/5.0 (Windows NT 6.1; Win64; x64) AppleWebKit/537.36 (KHTML, like Gecko) Chrome/65.0.3325.146 Safari/537.36" 
91.227.24.101 - - [13/Mar/2018:22:29:02 -0700] "GET / HTTP/1.1" 200 11061 "-" "Mozilla/5.0 (iPhone; CPU iPhone OS 9_3_1 like Mac OS X) AppleWebKit/601.1.46 (KHTML, like Gecko) Version/9.0 Mobile/13E238 Safari/601.1" 
91.227.24.101 - - [13/Mar/2018:22:29:02 -0700] "GET /twitter-icon.png HTTP/1.1" 200 27787 "http://www.secrepo.com/" "Mozilla/5.0 (iPhone; CPU iPhone OS 9_3_1 like Mac OS X) AppleWebKit/601.1.46 (KHTML, like Gecko) Version/9.0 Mobile/13E238 Safari/601.1" 
91.227.24.101 - - [13/Mar/2018:22:29:02 -0700] "GET /GitHub-Mark.png HTTP/1.1" 200 7428 "http://www.secrepo.com/" "Mozilla/5.0 (iPhone; CPU iPhone OS 9_3_1 like Mac OS X) AppleWebKit/601.1.46 (KHTML, like Gecko) Version/9.0 Mobile/13E238 Safari/601.1" 
75.76.129.195 - - [13/Mar/2018:22:29:20 -0700] "GET / HTTP/1.1" 200 11061 "-" "Mozilla/5.0 (Windows NT 10.0; Win64; x64) AppleWebKit/537.36 (KHTML, like Gecko) Chrome/64.0.3282.186 Safari/537.36" 
75.76.129.195 - - [13/Mar/2018:22:29:20 -0700] "GET /twitter-icon.png HTTP/1.1" 200 27787 "http://www.secrepo.com/" "Mozilla/5.0 (Windows NT 10.0; Win64; x64) AppleWebKit/537.36 (KHTML, like Gecko) Chrome/64.0.3282.186 Safari/537.36" 
75.76.129.195 - - [13/Mar/2018:22:29:20 -0700] "GET /GitHub-Mark.png HTTP/1.1" 200 7428 "http://www.secrepo.com/" "Mozilla/5.0 (Windows NT 10.0; Win64; x64) AppleWebKit/537.36 (KHTML, like Gecko) Chrome/64.0.3282.186 Safari/537.36" 
75.76.129.195 - - [13/Mar/2018:22:29:20 -0700] "GET /bootstrap/img/favicon.ico HTTP/1.1" 200 589 "http://www.secrepo.com/" "Mozilla/5.0 (Windows NT 10.0; Win64; x64) AppleWebKit/537.36 (KHTML, like Gecko) Chrome/64.0.3282.186 Safari/537.36" 
91.227.24.101 - - [13/Mar/2018:22:29:28 -0700] "GET /apple-touch-icon-120x120-precomposed.png HTTP/1.1" 404 340 "-" "MobileSafari/601.1 CFNetwork/758.3.15 Darwin/15.4.0" 
91.227.24.101 - - [13/Mar/2018:22:30:05 -0700] "GET /apple-touch-icon-120x120.png HTTP/1.1" 404 340 "-" "MobileSafari/601.1 CFNetwork/758.3.15 Darwin/15.4.0" 
91.227.24.101 - - [13/Mar/2018:22:30:05 -0700] "GET /apple-touch-icon.png HTTP/1.1" 404 339 "-" "MobileSafari/601.1 CFNetwork/758.3.15 Darwin/15.4.0" 
91.227.24.101 - - [13/Mar/2018:22:30:05 -0700] "GET /apple-touch-icon.png HTTP/1.1" 404 339 "-" "MobileSafari/601.1 CFNetwork/758.3.15 Darwin/15.4.0" 
182.73.209.102 - - [13/Mar/2018:22:30:17 -0700] "GET / HTTP/1.1" 200 11061 "https://www.google.co.in/" "Mozilla/5.0 (Windows NT 10.0; Win64; x64) AppleWebKit/537.36 (KHTML, like Gecko) Chrome/64.0.3282.186 Safari/537.36" 
182.73.209.102 - - [13/Mar/2018:22:30:18 -0700] "GET /twitter-icon.png HTTP/1.1" 200 27787 "http://www.secrepo.com/" "Mozilla/5.0 (Windows NT 10.0; Win64; x64) AppleWebKit/537.36 (KHTML, like Gecko) Chrome/64.0.3282.186 Safari/537.36" 
182.73.209.102 - - [13/Mar/2018:22:30:18 -0700] "GET /GitHub-Mark.png HTTP/1.1" 200 7428 "http://www.secrepo.com/" "Mozilla/5.0 (Windows NT 10.0; Win64; x64) AppleWebKit/537.36 (KHTML, like Gecko) Chrome/64.0.3282.186 Safari/537.36" 
182.73.209.102 - - [13/Mar/2018:22:30:21 -0700] "GET /bootstrap/img/favicon.ico HTTP/1.1" 200 590 "http://www.secrepo.com/" "Mozilla/5.0 (Windows NT 10.0; Win64; x64) AppleWebKit/537.36 (KHTML, like Gecko) Chrome/64.0.3282.186 Safari/537.36" 
75.76.129.195 - - [13/Mar/2018:22:30:35 -0700] "GET /maccdc2012/http.log.gz HTTP/1.1" 200 54258816 "-" "Mozilla/5.0 (Windows NT 10.0; Win64; x64) AppleWebKit/537.36 (KHTML, like Gecko) Chrome/64.0.3282.186 Safari/537.36" 
75.76.129.195 - - [13/Mar/2018:22:31:06 -0700] "GET /maccdc2012/ssh.log.gz HTTP/1.1" 200 182517 "-" "Mozilla/5.0 (Windows NT 10.0; Win64; x64) AppleWebKit/537.36 (KHTML, like Gecko) Chrome/64.0.3282.186 Safari/537.36" 
119.226.209.52 - - [13/Mar/2018:22:32:18 -0700] "GET / HTTP/1.1" 200 11061 "-" "Mozilla/5.0 (Windows NT 6.1; WOW64; rv:59.0) Gecko/20100101 Firefox/59.0" 
119.226.209.52 - - [13/Mar/2018:22:32:24 -0700] "GET /GitHub-Mark.png HTTP/1.1" 200 7428 "http://www.secrepo.com/" "Mozilla/5.0 (Windows NT 6.1; WOW64; rv:59.0) Gecko/20100101 Firefox/59.0" 
119.226.209.52 - - [13/Mar/2018:22:32:24 -0700] "GET /twitter-icon.png HTTP/1.1" 200 27788 "http://www.secrepo.com/" "Mozilla/5.0 (Windows NT 6.1; WOW64; rv:59.0) Gecko/20100101 Firefox/59.0" 
119.226.209.52 - - [13/Mar/2018:22:32:25 -0700] "GET /bootstrap/img/favicon.ico HTTP/1.1" 200 589 "-" "Mozilla/5.0 (Windows NT 6.1; WOW64; rv:59.0) Gecko/20100101 Firefox/59.0" 
54.36.148.189 - - [13/Mar/2018:22:35:14 -0700] "GET /self.logs/2015/error.log.2015-04-28.gz HTTP/1.1" 200 1291 "-" "Mozilla/5.0 (compatible; AhrefsBot/5.2; +http://ahrefs.com/robot/)" 
54.87.179.147 - - [13/Mar/2018:22:35:53 -0700] "GET / HTTP/1.1" 206 11110 "-" "Slackbot-LinkExpanding 1.0 (+https://api.slack.com/robots)" 
52.55.195.237 - - [13/Mar/2018:22:35:54 -0700] "GET /bootstrap/img/apple-touch-icon.png HTTP/1.1" 404 340 "https://slack.com" "Slackbot-LinkExpanding 1.0 (+https://api.slack.com/robots)" 
34.228.140.163 - - [13/Mar/2018:22:35:54 -0700] "GET /favicon.ico HTTP/1.1" 200 268 "https://slack.com" "Slackbot-LinkExpanding 1.0 (+https://api.slack.com/robots)" 
98.234.150.190 - - [13/Mar/2018:22:36:03 -0700] "GET / HTTP/1.1" 200 11061 "-" "Mozilla/5.0 (Macintosh; Intel Mac OS X 10_12_6) AppleWebKit/537.36 (KHTML, like Gecko) Chrome/64.0.3282.186 Safari/537.36" 
98.234.150.190 - - [13/Mar/2018:22:36:04 -0700] "GET /twitter-icon.png HTTP/1.1" 200 27787 "http://www.secrepo.com/" "Mozilla/5.0 (Macintosh; Intel Mac OS X 10_12_6) AppleWebKit/537.36 (KHTML, like Gecko) Chrome/64.0.3282.186 Safari/537.36" 
98.234.150.190 - - [13/Mar/2018:22:36:04 -0700] "GET /GitHub-Mark.png HTTP/1.1" 200 7428 "http://www.secrepo.com/" "Mozilla/5.0 (Macintosh; Intel Mac OS X 10_12_6) AppleWebKit/537.36 (KHTML, like Gecko) Chrome/64.0.3282.186 Safari/537.36" 
98.234.150.190 - - [13/Mar/2018:22:36:06 -0700] "GET /bootstrap/img/favicon.ico HTTP/1.1" 200 589 "http://www.secrepo.com/" "Mozilla/5.0 (Macintosh; Intel Mac OS X 10_12_6) AppleWebKit/537.36 (KHTML, like Gecko) Chrome/64.0.3282.186 Safari/537.36" 
91.227.24.100 - - [13/Mar/2018:22:36:16 -0700] "GET / HTTP/1.1" 200 11061 "https://www.google.com/" "Mozilla/5.0 (Macintosh; Intel Mac OS X 10_12_6) AppleWebKit/604.5.6 (KHTML, like Gecko) Version/11.0.3 Safari/604.5.6" 
91.227.24.100 - - [13/Mar/2018:22:36:17 -0700] "GET /twitter-icon.png HTTP/1.1" 200 27787 "http://www.secrepo.com/" "Mozilla/5.0 (Macintosh; Intel Mac OS X 10_12_6) AppleWebKit/604.5.6 (KHTML, like Gecko) Version/11.0.3 Safari/604.5.6" 
91.227.24.100 - - [13/Mar/2018:22:36:17 -0700] "GET /GitHub-Mark.png HTTP/1.1" 200 7428 "http://www.secrepo.com/" "Mozilla/5.0 (Macintosh; Intel Mac OS X 10_12_6) AppleWebKit/604.5.6 (KHTML, like Gecko) Version/11.0.3 Safari/604.5.6" 
91.227.24.100 - - [13/Mar/2018:22:36:19 -0700] "GET /bootstrap/img/favicon.ico HTTP/1.1" 200 590 "http://www.secrepo.com/" "Mozilla/5.0 (Macintosh; Intel Mac OS X 10_12_6) AppleWebKit/604.5.6 (KHTML, like Gecko) Version/11.0.3 Safari/604.5.6" 
91.227.24.100 - - [13/Mar/2018:22:36:38 -0700] "GET /maccdc2012/ssh.log.gz HTTP/1.1" 200 182517 "-" "Mozilla/5.0 (Macintosh; Intel Mac OS X 10_12_6) AppleWebKit/604.5.6 (KHTML, like Gecko) Version/11.0.3 Safari/604.5.6" 
153.156.253.42 - - [13/Mar/2018:22:37:15 -0700] "GET /self.logs/ HTTP/1.1" 200 8793 "http://www.secrepo.com/" "Mozilla/5.0 (Windows NT 6.3; WOW64; Trident/7.0; rv:11.0) like Gecko" 
91.227.24.100 - - [13/Mar/2018:22:37:59 -0700] "GET / HTTP/1.1" 304 189 "-" "Mozilla/5.0 (Macintosh; Intel Mac OS X 10_12_6) AppleWebKit/604.5.6 (KHTML, like Gecko)" 
91.227.24.100 - - [13/Mar/2018:22:38:00 -0700] "GET /apple-touch-icon-precomposed.png HTTP/1.1" 404 340 "-" "Safari/12604.5.6.1.1 CFNetwork/811.7.2 Darwin/16.7.0 (x86_64)" 
91.227.24.100 - - [13/Mar/2018:22:38:00 -0700] "GET /apple-touch-icon.png HTTP/1.1" 404 339 "-" "Safari/12604.5.6.1.1 CFNetwork/811.7.2 Darwin/16.7.0 (x86_64)" 
91.227.24.100 - - [13/Mar/2018:22:38:00 -0700] "GET /bootstrap/img/favicon.ico HTTP/1.1" 304 164 "-" "Safari/12604.5.6.1.1 CFNetwork/811.7.2 Darwin/16.7.0 (x86_64)" 
91.227.24.100 - - [13/Mar/2018:22:38:01 -0700] "GET / HTTP/1.1" 304 188 "-" "\"Mozilla/5.0 (iPhone; CPU iPhone OS 11_0 like Mac OS X) AppleWebKit/604.1.38 (KHTML, like Gecko) Version/11.0 Mobile/15A372 Safari/604.1\"" 
91.227.24.100 - - [13/Mar/2018:22:38:01 -0700] "GET /apple-touch-icon-precomposed.png HTTP/1.1" 404 339 "-" "Safari/12604.5.6.1.1 CFNetwork/811.7.2 Darwin/16.7.0 (x86_64)" 
91.227.24.100 - - [13/Mar/2018:22:38:01 -0700] "GET /apple-touch-icon.png HTTP/1.1" 404 339 "-" "Safari/12604.5.6.1.1 CFNetwork/811.7.2 Darwin/16.7.0 (x86_64)" 
91.227.24.100 - - [13/Mar/2018:22:38:02 -0700] "GET /bootstrap/img/favicon.ico HTTP/1.1" 304 164 "-" "Safari/12604.5.6.1.1 CFNetwork/811.7.2 Darwin/16.7.0 (x86_64)" 
91.227.24.100 - - [13/Mar/2018:22:41:01 -0700] "GET /apple-touch-icon-precomposed.png HTTP/1.1" 404 340 "-" "Safari/12604.5.6.1.1 CFNetwork/811.7.2 Darwin/16.7.0 (x86_64)" 
91.227.24.100 - - [13/Mar/2018:22:41:02 -0700] "GET /apple-touch-icon.png HTTP/1.1" 404 339 "-" "Safari/12604.5.6.1.1 CFNetwork/811.7.2 Darwin/16.7.0 (x86_64)" 
14.195.230.42 - - [13/Mar/2018:22:41:23 -0700] "GET / HTTP/1.1" 200 11061 "https://www.google.co.in/" "Mozilla/5.0 (Windows NT 10.0; Win64; x64) AppleWebKit/537.36 (KHTML, like Gecko) Chrome/64.0.3282.186 Safari/537.36" 
14.195.230.42 - - [13/Mar/2018:22:41:23 -0700] "GET /twitter-icon.png HTTP/1.1" 200 27787 "http://www.secrepo.com/" "Mozilla/5.0 (Windows NT 10.0; Win64; x64) AppleWebKit/537.36 (KHTML, like Gecko) Chrome/64.0.3282.186 Safari/537.36" 
14.195.230.42 - - [13/Mar/2018:22:41:23 -0700] "GET /GitHub-Mark.png HTTP/1.1" 200 7428 "http://www.secrepo.com/" "Mozilla/5.0 (Windows NT 10.0; Win64; x64) AppleWebKit/537.36 (KHTML, like Gecko) Chrome/64.0.3282.186 Safari/537.36" 
14.195.230.42 - - [13/Mar/2018:22:41:24 -0700] "GET /bootstrap/img/favicon.ico HTTP/1.1" 200 589 "http://www.secrepo.com/" "Mozilla/5.0 (Windows NT 10.0; Win64; x64) AppleWebKit/537.36 (KHTML, like Gecko) Chrome/64.0.3282.186 Safari/537.36" 
34.224.17.86 - - [13/Mar/2018:22:41:25 -0700] "GET /%22http:/www.maxmind.com/%22 HTTP/1.1" 404 340 "-" "BUbiNG (+http://law.di.unimi.it/BUbiNG.html#wc)" 
91.227.24.100 - - [13/Mar/2018:22:42:32 -0700] "GET /self.logs/ HTTP/1.1" 200 8793 "http://www.secrepo.com/" "Mozilla/5.0 (Macintosh; Intel Mac OS X 10_12_6) AppleWebKit/604.5.6 (KHTML, like Gecko) Version/11.0.3 Safari/604.5.6" 
91.227.24.100 - - [13/Mar/2018:22:42:33 -0700] "GET /favicon.ico HTTP/1.1" 200 268 "http://www.secrepo.com/self.logs/" "Mozilla/5.0 (Macintosh; Intel Mac OS X 10_12_6) AppleWebKit/604.5.6 (KHTML, like Gecko) Version/11.0.3 Safari/604.5.6" 
91.227.24.100 - - [13/Mar/2018:22:43:06 -0700] "GET /maccdc2012/smtp.log.gz HTTP/1.1" 200 6908 "http://www.secrepo.com/" "Mozilla/5.0 (Macintosh; Intel Mac OS X 10_12_6) AppleWebKit/604.5.6 (KHTML, like Gecko) Version/11.0.3 Safari/604.5.6" 
119.226.209.52 - - [13/Mar/2018:22:44:31 -0700] "GET / HTTP/1.1" 200 11061 "-" "Mozilla/5.0 (Windows NT 6.1; WOW64; rv:59.0) Gecko/20100101 Firefox/59.0" 
119.226.209.52 - - [13/Mar/2018:22:44:32 -0700] "GET /twitter-icon.png HTTP/1.1" 200 27788 "http://www.secrepo.com/" "Mozilla/5.0 (Windows NT 6.1; WOW64; rv:59.0) Gecko/20100101 Firefox/59.0" 
119.226.209.52 - - [13/Mar/2018:22:44:32 -0700] "GET /GitHub-Mark.png HTTP/1.1" 200 7428 "http://www.secrepo.com/" "Mozilla/5.0 (Windows NT 6.1; WOW64; rv:59.0) Gecko/20100101 Firefox/59.0" 
119.226.209.52 - - [13/Mar/2018:22:44:50 -0700] "GET /pe_static/zeus.zip HTTP/1.1" 200 668680 "http://www.secrepo.com/" "Mozilla/5.0 (Windows NT 6.1; WOW64; rv:59.0) Gecko/20100101 Firefox/59.0" 
52.4.180.1 - - [13/Mar/2018:22:47:05 -0700] "HEAD / HTTP/1.1" 301 290 "-" "python-requests/2.12.4" 
52.4.180.1 - - [13/Mar/2018:22:47:05 -0700] "HEAD / HTTP/1.1" 200 319 "-" "python-requests/2.12.4" 
52.4.180.1 - - [13/Mar/2018:22:47:05 -0700] "HEAD / HTTP/1.1" 200 319 "-" "python-requests/2.12.4" 
153.156.253.42 - - [13/Mar/2018:22:47:31 -0700] "GET /honeypot/Honeypot%20-%20Howto%20-%20BSides%20Austin.pdf HTTP/1.1" 200 2928460 "http://www.secrepo.com/" "Mozilla/5.0 (Windows NT 6.3; WOW64; Trident/7.0; rv:11.0) like Gecko" 
54.36.148.239 - - [13/Mar/2018:22:48:53 -0700] "GET /self.logs/error.log.2016-02-10.gz HTTP/1.1" 404 284 "-" "Mozilla/5.0 (compatible; AhrefsBot/5.2; +http://ahrefs.com/robot/)" 
119.226.209.52 - - [13/Mar/2018:22:45:03 -0700] "GET /pe_static/zeus.zip HTTP/1.1" 200 51367111 "http://www.secrepo.com/" "Mozilla/5.0 (Windows NT 6.1; WOW64; rv:59.0) Gecko/20100101 Firefox/59.0" 
34.224.17.86 - - [13/Mar/2018:22:55:52 -0700] "GET /self.logs/2015/?C=N;O=A HTTP/1.1" 200 7437 "-" "BUbiNG (+http://law.di.unimi.it/BUbiNG.html#wc)" 
54.36.148.10 - - [13/Mar/2018:22:55:58 -0700] "GET /self.logs/2015/error.log.2015-08-18.gz HTTP/1.1" 200 694 "-" "Mozilla/5.0 (compatible; AhrefsBot/5.2; +http://ahrefs.com/robot/)" 
91.227.24.100 - - [13/Mar/2018:22:56:48 -0700] "GET /maccdc2012/ssl.log.gz HTTP/1.1" 200 1313675 "http://www.secrepo.com/" "Mozilla/5.0 (Macintosh; Intel Mac OS X 10_12_6) AppleWebKit/604.5.6 (KHTML, like Gecko) Version/11.0.3 Safari/604.5.6" 
113.171.224.176 - - [13/Mar/2018:22:57:21 -0700] "GET /honeypot/Honeypot%20-%20Howto.pdf HTTP/1.1" 200 46720 "-" "Mozilla/5.0 Gecko/20100115 Firefox/3.6" 
192.122.131.36 - - [13/Mar/2018:22:59:35 -0700] "GET / HTTP/1.1" 200 11061 "-" "Mozilla/5.0 (Windows NT 6.1; Win64; x64) AppleWebKit/537.36 (KHTML, like Gecko) Chrome/64.0.3282.186 Safari/537.36" 
192.122.131.36 - - [13/Mar/2018:22:59:36 -0700] "GET /GitHub-Mark.png HTTP/1.1" 200 7428 "http://www.secrepo.com/" "Mozilla/5.0 (Windows NT 6.1; Win64; x64) AppleWebKit/537.36 (KHTML, like Gecko) Chrome/64.0.3282.186 Safari/537.36" 
192.122.131.36 - - [13/Mar/2018:22:59:36 -0700] "GET /twitter-icon.png HTTP/1.1" 200 27787 "http://www.secrepo.com/" "Mozilla/5.0 (Windows NT 6.1; Win64; x64) AppleWebKit/537.36 (KHTML, like Gecko) Chrome/64.0.3282.186 Safari/537.36" 
192.122.131.36 - - [13/Mar/2018:22:59:36 -0700] "GET /bootstrap/img/favicon.ico HTTP/1.1" 200 589 "http://www.secrepo.com/" "Mozilla/5.0 (Windows NT 6.1; Win64; x64) AppleWebKit/537.36 (KHTML, like Gecko) Chrome/64.0.3282.186 Safari/537.36" 
68.4.165.64 - - [13/Mar/2018:22:59:53 -0700] "GET /self.logs/access.log.2015-02-14.gz HTTP/1.1" 404 284 "-" "Python-urllib/3.6" 
68.4.165.64 - - [13/Mar/2018:23:02:17 -0700] "GET /self.logs/access.log.2015-02-14.gz HTTP/1.1" 404 284 "-" "Python-urllib/3.6" 
68.4.165.64 - - [13/Mar/2018:23:02:56 -0700] "GET /self.logs/access.log.2015-02-14.gz HTTP/1.1" 404 284 "-" "Python-urllib/3.6" 
120.221.0.34 - - [13/Mar/2018:23:04:13 -0700] "GET /honeypot/Honeypot%20-%20Howto.pdf HTTP/1.1" 304 131 "-" "Mozilla/5.0 Gecko/20100115 Firefox/3.6" 
54.36.149.78 - - [13/Mar/2018:23:06:30 -0700] "GET /self.logs/2015/access.log.2015-05-29.gz HTTP/1.1" 200 3694 "-" "Mozilla/5.0 (compatible; AhrefsBot/5.2; +http://ahrefs.com/robot/)" 
54.36.148.187 - - [13/Mar/2018:23:07:28 -0700] "GET /self.logs/error.log.2016-06-01.gz HTTP/1.1" 404 284 "-" "Mozilla/5.0 (compatible; AhrefsBot/5.2; +http://ahrefs.com/robot/)" 
162.210.196.98 - - [13/Mar/2018:23:08:36 -0700] "GET /robots.txt HTTP/1.1" 200 289 "-" "Mozilla/5.0 (compatible; MJ12bot/v1.4.8; http://mj12bot.com/)" 
162.210.196.98 - - [13/Mar/2018:23:08:38 -0700] "GET / HTTP/1.1" 200 37359 "-" "Mozilla/5.0 (compatible; MJ12bot/v1.4.8; http://mj12bot.com/)" 
54.36.148.182 - - [13/Mar/2018:23:09:28 -0700] "GET /self.logs/2016/access.log.2016-05-05.gz HTTP/1.1" 200 8644 "-" "Mozilla/5.0 (compatible; AhrefsBot/5.2; +http://ahrefs.com/robot/)" 
157.119.72.84 - - [13/Mar/2018:23:11:56 -0700] "GET / HTTP/1.1" 200 11061 "-" "Mozilla/5.0 (Macintosh; Intel Mac OS X 10_13_1) AppleWebKit/537.36 (KHTML, like Gecko) Chrome/65.0.3325.146 Safari/537.36" 
157.119.72.84 - - [13/Mar/2018:23:11:57 -0700] "GET /twitter-icon.png HTTP/1.1" 200 27787 "http://www.secrepo.com/" "Mozilla/5.0 (Macintosh; Intel Mac OS X 10_13_1) AppleWebKit/537.36 (KHTML, like Gecko) Chrome/65.0.3325.146 Safari/537.36" 
157.119.72.84 - - [13/Mar/2018:23:11:57 -0700] "GET /GitHub-Mark.png HTTP/1.1" 200 7428 "http://www.secrepo.com/" "Mozilla/5.0 (Macintosh; Intel Mac OS X 10_13_1) AppleWebKit/537.36 (KHTML, like Gecko) Chrome/65.0.3325.146 Safari/537.36" 
157.119.72.84 - - [13/Mar/2018:23:11:59 -0700] "GET /bootstrap/img/favicon.ico HTTP/1.1" 200 590 "http://www.secrepo.com/" "Mozilla/5.0 (Macintosh; Intel Mac OS X 10_13_1) AppleWebKit/537.36 (KHTML, like Gecko) Chrome/65.0.3325.146 Safari/537.36" 
54.36.149.97 - - [13/Mar/2018:23:12:47 -0700] "GET /self.logs/error.log.2016-02-29.gz HTTP/1.1" 404 284 "-" "Mozilla/5.0 (compatible; AhrefsBot/5.2; +http://ahrefs.com/robot/)" 
34.224.17.86 - - [13/Mar/2018:23:14:52 -0700] "GET /self.logs/2015/?C=M;O=D HTTP/1.1" 200 7666 "-" "BUbiNG (+http://law.di.unimi.it/BUbiNG.html#wc)" 
153.3.217.142 - - [13/Mar/2018:23:16:19 -0700] "GET / HTTP/1.1" 200 11061 "-" "Mozilla/5.0 (Windows NT 10.0; WOW64) AppleWebKit/537.36 (KHTML, like Gecko) Chrome/48.0.2564.116 Safari/537.36 TheWorld 7" 
153.3.217.142 - - [13/Mar/2018:23:16:20 -0700] "GET /twitter-icon.png HTTP/1.1" 200 27787 "http://www.secrepo.com/" "Mozilla/5.0 (Windows NT 10.0; WOW64) AppleWebKit/537.36 (KHTML, like Gecko) Chrome/48.0.2564.116 Safari/537.36 TheWorld 7" 
153.3.217.142 - - [13/Mar/2018:23:16:20 -0700] "GET /GitHub-Mark.png HTTP/1.1" 200 7428 "http://www.secrepo.com/" "Mozilla/5.0 (Windows NT 10.0; WOW64) AppleWebKit/537.36 (KHTML, like Gecko) Chrome/48.0.2564.116 Safari/537.36 TheWorld 7" 
153.3.217.142 - - [13/Mar/2018:23:17:56 -0700] "GET /maccdc2012/dns.log.gz HTTP/1.1" 200 397120 "-" "Mozilla/5.0 (Windows NT 10.0; WOW64) AppleWebKit/537.36 (KHTML, like Gecko) Chrome/48.0.2564.116 Safari/537.36 TheWorld 7" 
153.3.217.142 - - [13/Mar/2018:23:17:57 -0700] "GET /maccdc2012/dns.log.gz HTTP/1.1" 206 1486280 "-" "Mozilla/5.0 (Windows NT 10.0; WOW64) AppleWebKit/537.36 (KHTML, like Gecko) Chrome/48.0.2564.116 Safari/537.36 TheWorld 7" 
153.3.217.142 - - [13/Mar/2018:23:17:59 -0700] "GET /maccdc2012/dns.log.gz HTTP/1.1" 206 773072 "-" "Mozilla/5.0 (Windows NT 10.0; WOW64) AppleWebKit/537.36 (KHTML, like Gecko) Chrome/48.0.2564.116 Safari/537.36 TheWorld 7" 
153.3.217.142 - - [13/Mar/2018:23:17:58 -0700] "GET /maccdc2012/dns.log.gz HTTP/1.1" 206 1124200 "-" "Mozilla/5.0 (Windows NT 10.0; WOW64) AppleWebKit/537.36 (KHTML, like Gecko) Chrome/48.0.2564.116 Safari/537.36 TheWorld 7" 
153.3.217.142 - - [13/Mar/2018:23:17:59 -0700] "GET /maccdc2012/dns.log.gz HTTP/1.1" 206 757017 "-" "Mozilla/5.0 (Windows NT 10.0; WOW64) AppleWebKit/537.36 (KHTML, like Gecko) Chrome/48.0.2564.116 Safari/537.36 TheWorld 7" 
153.3.217.142 - - [13/Mar/2018:23:17:59 -0700] "GET /maccdc2012/dns.log.gz HTTP/1.1" 206 771273 "-" "Mozilla/5.0 (Windows NT 10.0; WOW64) AppleWebKit/537.36 (KHTML, like Gecko) Chrome/48.0.2564.116 Safari/537.36 TheWorld 7" 
153.3.217.142 - - [13/Mar/2018:23:17:59 -0700] "GET /maccdc2012/dns.log.gz HTTP/1.1" 206 1235160 "-" "Mozilla/5.0 (Windows NT 10.0; WOW64) AppleWebKit/537.36 (KHTML, like Gecko) Chrome/48.0.2564.116 Safari/537.36 TheWorld 7" 
153.3.217.142 - - [13/Mar/2018:23:18:00 -0700] "GET /maccdc2012/dns.log.gz HTTP/1.1" 206 607360 "-" "Mozilla/5.0 (Windows NT 10.0; WOW64) AppleWebKit/537.36 (KHTML, like Gecko) Chrome/48.0.2564.116 Safari/537.36 TheWorld 7" 
153.3.217.142 - - [13/Mar/2018:23:17:58 -0700] "GET /maccdc2012/dns.log.gz HTTP/1.1" 206 1087700 "-" "Mozilla/5.0 (Windows NT 10.0; WOW64) AppleWebKit/537.36 (KHTML, like Gecko) Chrome/48.0.2564.116 Safari/537.36 TheWorld 7" 
153.3.217.142 - - [13/Mar/2018:23:18:02 -0700] "GET /maccdc2012/dns.log.gz HTTP/1.1" 206 235803 "-" "Mozilla/5.0 (Windows NT 10.0; WOW64) AppleWebKit/537.36 (KHTML, like Gecko) Chrome/48.0.2564.116 Safari/537.36 TheWorld 7" 
153.3.217.142 - - [13/Mar/2018:23:18:02 -0700] "GET /maccdc2012/dns.log.gz HTTP/1.1" 206 182535 "-" "Mozilla/5.0 (Windows NT 10.0; WOW64) AppleWebKit/537.36 (KHTML, like Gecko) Chrome/48.0.2564.116 Safari/537.36 TheWorld 7" 
153.3.217.142 - - [13/Mar/2018:23:18:03 -0700] "GET /maccdc2012/dns.log.gz HTTP/1.1" 206 111292 "-" "Mozilla/5.0 (Windows NT 10.0; WOW64) AppleWebKit/537.36 (KHTML, like Gecko) Chrome/48.0.2564.116 Safari/537.36 TheWorld 7" 
124.81.124.94 - - [13/Mar/2018:23:18:47 -0700] "GET /wp-login.php HTTP/1.1" 418 732 "-" "Mozilla/5.0 (Windows NT 6.1; WOW64; rv:40.0) Gecko/20100101 Firefox/40.1" 
124.81.124.94 - - [13/Mar/2018:23:18:55 -0700] "GET / HTTP/1.1" 418 732 "-" "Mozilla/5.0 (Windows NT 6.1; WOW64; rv:40.0) Gecko/20100101 Firefox/40.1" 
153.3.217.142 - - [13/Mar/2018:23:19:30 -0700] "GET /bootstrap/img/favicon.ico HTTP/1.1" 200 590 "http://www.secrepo.com/" "Mozilla/5.0 (Windows NT 10.0; WOW64) AppleWebKit/537.36 (KHTML, like Gecko) Chrome/48.0.2564.116 Safari/537.36 TheWorld 7" 
59.64.129.162 - - [13/Mar/2018:23:23:00 -0700] "GET / HTTP/1.1" 200 11061 "-" "Mozilla/5.0 (Windows NT 10.0; Win64; x64) AppleWebKit/537.36 (KHTML, like Gecko) Chrome/64.0.3282.186 Safari/537.36" 
59.64.129.162 - - [13/Mar/2018:23:23:01 -0700] "GET /GitHub-Mark.png HTTP/1.1" 200 7428 "http://www.secrepo.com/" "Mozilla/5.0 (Windows NT 10.0; Win64; x64) AppleWebKit/537.36 (KHTML, like Gecko) Chrome/64.0.3282.186 Safari/537.36" 
59.64.129.162 - - [13/Mar/2018:23:23:01 -0700] "GET /twitter-icon.png HTTP/1.1" 200 27787 "http://www.secrepo.com/" "Mozilla/5.0 (Windows NT 10.0; Win64; x64) AppleWebKit/537.36 (KHTML, like Gecko) Chrome/64.0.3282.186 Safari/537.36" 
59.64.129.162 - - [13/Mar/2018:23:23:03 -0700] "GET /bootstrap/img/favicon.ico HTTP/1.1" 200 589 "http://www.secrepo.com/" "Mozilla/5.0 (Windows NT 10.0; Win64; x64) AppleWebKit/537.36 (KHTML, like Gecko) Chrome/64.0.3282.186 Safari/537.36" 
211.210.103.43 - - [13/Mar/2018:23:25:51 -0700] "GET /maccdc2012/signatures.log.gz HTTP/1.1" 200 605 "-" "Mozilla/5.0 (Windows NT 10.0; Win64; x64) AppleWebKit/537.36 (KHTML, like Gecko) Chrome/64.0.3282.186 Safari/537.36" 
211.210.103.43 - - [13/Mar/2018:23:26:27 -0700] "GET /maccdc2012/signatures.log.gz HTTP/1.1" 200 605 "-" "Mozilla/5.0 (Windows NT 10.0; Win64; x64) AppleWebKit/537.36 (KHTML, like Gecko) Chrome/64.0.3282.186 Safari/537.36" 
34.224.17.86 - - [13/Mar/2018:23:27:02 -0700] "GET /self.logs/2015/?C=S;O=D HTTP/1.1" 200 8253 "-" "BUbiNG (+http://law.di.unimi.it/BUbiNG.html#wc)" 
211.210.103.43 - - [13/Mar/2018:23:27:12 -0700] "GET /maccdc2012/maccdc2012_fast_alert.7z HTTP/1.1" 200 9478149 "-" "Mozilla/5.0 (Windows NT 10.0; Win64; x64) AppleWebKit/537.36 (KHTML, like Gecko) Chrome/64.0.3282.186 Safari/537.36" 
202.107.201.225 - - [13/Mar/2018:23:29:59 -0700] "GET / HTTP/1.1" 200 11061 "-" "Mozilla/5.0 (Windows NT 6.1; Win64; x64) AppleWebKit/537.36 (KHTML, like Gecko) Chrome/63.0.3239.132 Safari/537.36" 
202.107.201.225 - - [13/Mar/2018:23:30:01 -0700] "GET /twitter-icon.png HTTP/1.1" 200 27787 "http://www.secrepo.com/" "Mozilla/5.0 (Windows NT 6.1; Win64; x64) AppleWebKit/537.36 (KHTML, like Gecko) Chrome/63.0.3239.132 Safari/537.36" 
202.107.201.225 - - [13/Mar/2018:23:30:01 -0700] "GET /GitHub-Mark.png HTTP/1.1" 200 7428 "http://www.secrepo.com/" "Mozilla/5.0 (Windows NT 6.1; Win64; x64) AppleWebKit/537.36 (KHTML, like Gecko) Chrome/63.0.3239.132 Safari/537.36" 
202.107.201.225 - - [13/Mar/2018:23:30:11 -0700] "GET /bootstrap/img/favicon.ico HTTP/1.1" 200 590 "http://www.secrepo.com/" "Mozilla/5.0 (Windows NT 6.1; Win64; x64) AppleWebKit/537.36 (KHTML, like Gecko) Chrome/63.0.3239.132 Safari/537.36" 
73.70.221.77 - - [13/Mar/2018:23:31:55 -0700] "GET / HTTP/1.1" 200 11061 "-" "Mozilla/5.0 (Macintosh; Intel Mac OS X 10_12_6) AppleWebKit/537.36 (KHTML, like Gecko) Chrome/64.0.3282.167 Safari/537.36" 
73.70.221.77 - - [13/Mar/2018:23:31:55 -0700] "GET /twitter-icon.png HTTP/1.1" 200 27787 "http://www.secrepo.com/" "Mozilla/5.0 (Macintosh; Intel Mac OS X 10_12_6) AppleWebKit/537.36 (KHTML, like Gecko) Chrome/64.0.3282.167 Safari/537.36" 
73.70.221.77 - - [13/Mar/2018:23:31:55 -0700] "GET /GitHub-Mark.png HTTP/1.1" 200 7428 "http://www.secrepo.com/" "Mozilla/5.0 (Macintosh; Intel Mac OS X 10_12_6) AppleWebKit/537.36 (KHTML, like Gecko) Chrome/64.0.3282.167 Safari/537.36" 
73.70.221.77 - - [13/Mar/2018:23:31:56 -0700] "GET /bootstrap/img/favicon.ico HTTP/1.1" 200 589 "http://www.secrepo.com/" "Mozilla/5.0 (Macintosh; Intel Mac OS X 10_12_6) AppleWebKit/537.36 (KHTML, like Gecko) Chrome/64.0.3282.167 Safari/537.36" 
103.218.216.127 - - [13/Mar/2018:23:36:03 -0700] "GET / HTTP/1.1" 200 11061 "-" "Mozilla/5.0 (Windows NT 6.1; Win64; x64) AppleWebKit/537.36 (KHTML, like Gecko) Chrome/64.0.3282.186 Safari/537.36" 
103.218.216.127 - - [13/Mar/2018:23:36:06 -0700] "GET /twitter-icon.png HTTP/1.1" 200 27788 "http://www.secrepo.com/" "Mozilla/5.0 (Windows NT 6.1; Win64; x64) AppleWebKit/537.36 (KHTML, like Gecko) Chrome/64.0.3282.186 Safari/537.36" 
103.218.216.127 - - [13/Mar/2018:23:36:06 -0700] "GET /GitHub-Mark.png HTTP/1.1" 200 7427 "http://www.secrepo.com/" "Mozilla/5.0 (Windows NT 6.1; Win64; x64) AppleWebKit/537.36 (KHTML, like Gecko) Chrome/64.0.3282.186 Safari/537.36" 
103.218.216.127 - - [13/Mar/2018:23:36:39 -0700] "GET /bootstrap/img/favicon.ico HTTP/1.1" 200 590 "http://www.secrepo.com/" "Mozilla/5.0 (Windows NT 6.1; Win64; x64) AppleWebKit/537.36 (KHTML, like Gecko) Chrome/64.0.3282.186 Safari/537.36" 
91.227.24.100 - - [13/Mar/2018:23:40:38 -0700] "GET / HTTP/1.1" 304 189 "-" "Mozilla/5.0 (Macintosh; Intel Mac OS X 10_10_5) AppleWebKit/603.3.8 (KHTML, like Gecko) Version/10.1.2 Safari/603.3.8" 
106.39.10.162 - - [13/Mar/2018:23:41:50 -0700] "GET /favicon.ico HTTP/1.1" 301 501 "-" "Mozilla/5.0 (Windows NT 10.0; WOW64) AppleWebKit/537.36 (KHTML, like Gecko) Chrome/55.0.2883.87 Safari/537.36" 
106.39.10.162 - - [13/Mar/2018:23:41:50 -0700] "GET / HTTP/1.1" 301 482 "-" "Mozilla/5.0 (Windows NT 10.0; WOW64) AppleWebKit/537.36 (KHTML, like Gecko) Chrome/55.0.2883.87 Safari/537.36" 
106.39.10.162 - - [13/Mar/2018:23:41:52 -0700] "GET /favicon.ico HTTP/1.1" 200 268 "-" "Mozilla/5.0 (Windows NT 10.0; WOW64) AppleWebKit/537.36 (KHTML, like Gecko) Chrome/55.0.2883.87 Safari/537.36" 
106.39.10.162 - - [13/Mar/2018:23:41:52 -0700] "GET / HTTP/1.1" 200 11061 "-" "Mozilla/5.0 (Windows NT 10.0; WOW64) AppleWebKit/537.36 (KHTML, like Gecko) Chrome/55.0.2883.87 Safari/537.36" 
106.39.10.162 - - [13/Mar/2018:23:41:53 -0700] "GET /favicon.ico HTTP/1.1" 200 267 "-" "Mozilla/5.0 (Windows NT 10.0; WOW64) AppleWebKit/537.36 (KHTML, like Gecko) Chrome/55.0.2883.87 Safari/537.36" 
106.39.10.162 - - [13/Mar/2018:23:41:55 -0700] "GET /GitHub-Mark.png HTTP/1.1" 200 7428 "http://www.secrepo.com/" "Mozilla/5.0 (Windows NT 10.0; WOW64) AppleWebKit/537.36 (KHTML, like Gecko) Chrome/55.0.2883.87 Safari/537.36" 
106.39.10.162 - - [13/Mar/2018:23:41:55 -0700] "GET /twitter-icon.png HTTP/1.1" 200 27787 "http://www.secrepo.com/" "Mozilla/5.0 (Windows NT 10.0; WOW64) AppleWebKit/537.36 (KHTML, like Gecko) Chrome/55.0.2883.87 Safari/537.36" 
106.120.161.68 - - [13/Mar/2018:23:42:24 -0700] "GET / HTTP/1.1" 200 37404 "http://www.secrepo.com/" "Mozilla/4.0 (compatible; MSIE 8.0; Windows NT 6.1; Trident/4.0; SLCC2; .NET CLR 2.0.50727; .NET CLR 3.5.30729; .NET CLR 3.0.30729; Media Center PC 6.0; Tablet PC 2.0)" 
73.70.221.77 - - [13/Mar/2018:23:42:44 -0700] "GET / HTTP/1.1" 200 11061 "-" "Mozilla/5.0 (Macintosh; Intel Mac OS X 10_13_3) AppleWebKit/537.36 (KHTML, like Gecko) Chrome/64.0.3282.167 Safari/537.36" 
101.199.108.51 - - [13/Mar/2018:23:42:55 -0700] "GET / HTTP/1.1" 200 11061 "-" "Mozilla/5.0 (Windows NT 6.1) AppleWebKit/537.36 (KHTML, like Gecko) Chrome/36.0.1985.125 Safari/537.36" 
73.70.221.77 - - [13/Mar/2018:23:43:38 -0700] "GET /twitter-icon.png HTTP/1.1" 200 27788 "http://www.secrepo.com/" "Mozilla/5.0 (Macintosh; Intel Mac OS X 10_13_3) AppleWebKit/537.36 (KHTML, like Gecko) Chrome/64.0.3282.167 Safari/537.36" 
73.70.221.77 - - [13/Mar/2018:23:43:38 -0700] "GET /GitHub-Mark.png HTTP/1.1" 200 7428 "http://www.secrepo.com/" "Mozilla/5.0 (Macintosh; Intel Mac OS X 10_13_3) AppleWebKit/537.36 (KHTML, like Gecko) Chrome/64.0.3282.167 Safari/537.36" 
73.70.221.77 - - [13/Mar/2018:23:43:39 -0700] "GET /bootstrap/img/favicon.ico HTTP/1.1" 200 589 "http://www.secrepo.com/" "Mozilla/5.0 (Macintosh; Intel Mac OS X 10_13_3) AppleWebKit/537.36 (KHTML, like Gecko) Chrome/64.0.3282.167 Safari/537.36" 
34.224.17.86 - - [13/Mar/2018:23:44:04 -0700] "GET /self.logs/2016/?C=N;O=A HTTP/1.1" 200 7741 "-" "BUbiNG (+http://law.di.unimi.it/BUbiNG.html#wc)" 
172.96.236.112 - - [13/Mar/2018:23:44:16 -0700] "GET / HTTP/1.1" 200 11061 "-" "Mozilla/5.0 (Windows NT 10.0; Win64; x64) AppleWebKit/537.36 (KHTML, like Gecko) Chrome/64.0.3282.186 Safari/537.36" 
172.96.236.112 - - [13/Mar/2018:23:44:17 -0700] "GET /twitter-icon.png HTTP/1.1" 200 27787 "http://www.secrepo.com/" "Mozilla/5.0 (Windows NT 10.0; Win64; x64) AppleWebKit/537.36 (KHTML, like Gecko) Chrome/64.0.3282.186 Safari/537.36" 
172.96.236.112 - - [13/Mar/2018:23:44:17 -0700] "GET /GitHub-Mark.png HTTP/1.1" 200 7427 "http://www.secrepo.com/" "Mozilla/5.0 (Windows NT 10.0; Win64; x64) AppleWebKit/537.36 (KHTML, like Gecko) Chrome/64.0.3282.186 Safari/537.36" 
172.96.236.112 - - [13/Mar/2018:23:44:19 -0700] "GET /bootstrap/img/favicon.ico HTTP/1.1" 200 589 "http://www.secrepo.com/" "Mozilla/5.0 (Windows NT 10.0; Win64; x64) AppleWebKit/537.36 (KHTML, like Gecko) Chrome/64.0.3282.186 Safari/537.36" 
106.39.10.162 - - [13/Mar/2018:23:45:05 -0700] "GET /bootstrap/img/favicon.ico HTTP/1.1" 200 590 "http://www.secrepo.com/" "Mozilla/5.0 (Windows NT 10.0; WOW64) AppleWebKit/537.36 (KHTML, like Gecko) Chrome/55.0.2883.87 Safari/537.36" 
54.36.148.117 - - [13/Mar/2018:23:46:09 -0700] "GET /self.logs/access.log.2017-02-02.gz HTTP/1.1" 200 23855 "-" "Mozilla/5.0 (compatible; AhrefsBot/5.2; +http://ahrefs.com/robot/)" 
106.39.10.162 - - [13/Mar/2018:23:47:45 -0700] "GET /pe_static/apt1.zip HTTP/1.1" 200 315360 "-" "Mozilla/5.0 (Windows NT 10.0; WOW64) AppleWebKit/537.36 (KHTML, like Gecko) Chrome/55.0.2883.87 Safari/537.36" 
54.36.148.249 - - [13/Mar/2018:23:56:33 -0700] "GET /self.logs/2016/error.log.2016-02-07.gz HTTP/1.1" 200 676 "-" "Mozilla/5.0 (compatible; AhrefsBot/5.2; +http://ahrefs.com/robot/)" 
113.171.224.176 - - [13/Mar/2018:23:57:24 -0700] "GET /honeypot/Honeypot%20-%20Howto.pdf HTTP/1.1" 200 46720 "-" "Mozilla/5.0 Gecko/20100115 Firefox/3.6" 
73.99.93.3 - - [13/Mar/2018:23:57:28 -0700] "GET /wp-login.php HTTP/1.1" 418 732 "-" "Mozilla/5.0 (Windows NT 6.1; WOW64; rv:40.0) Gecko/20100101 Firefox/40.1" 
73.99.93.3 - - [13/Mar/2018:23:57:28 -0700] "GET / HTTP/1.1" 418 732 "-" "Mozilla/5.0 (Windows NT 6.1; WOW64; rv:40.0) Gecko/20100101 Firefox/40.1" 
176.205.212.39 - - [13/Mar/2018:23:57:30 -0700] "GET /wp-login.php HTTP/1.1" 418 732 "-" "Mozilla/5.0 (Windows NT 6.1; WOW64; rv:40.0) Gecko/20100101 Firefox/40.1" 
176.205.212.39 - - [13/Mar/2018:23:57:30 -0700] "GET / HTTP/1.1" 418 732 "-" "Mozilla/5.0 (Windows NT 6.1; WOW64; rv:40.0) Gecko/20100101 Firefox/40.1" 
202.60.56.221 - - [13/Mar/2018:23:58:21 -0700] "GET / HTTP/1.1" 200 11061 "http://www.secrepo.com/" "Mozilla/5.0 (Windows NT 10.0; Win64; x64) AppleWebKit/537.36 (KHTML, like Gecko) Chrome/64.0.3282.186 Safari/537.36" 
202.60.56.221 - - [13/Mar/2018:23:58:22 -0700] "GET /twitter-icon.png HTTP/1.1" 200 27787 "http://www.secrepo.com/" "Mozilla/5.0 (Windows NT 10.0; Win64; x64) AppleWebKit/537.36 (KHTML, like Gecko) Chrome/64.0.3282.186 Safari/537.36" 
202.60.56.221 - - [13/Mar/2018:23:58:22 -0700] "GET /GitHub-Mark.png HTTP/1.1" 200 7428 "http://www.secrepo.com/" "Mozilla/5.0 (Windows NT 10.0; Win64; x64) AppleWebKit/537.36 (KHTML, like Gecko) Chrome/64.0.3282.186 Safari/537.36" 
202.60.56.221 - - [13/Mar/2018:23:58:22 -0700] "GET /bootstrap/img/favicon.ico HTTP/1.1" 200 589 "http://www.secrepo.com/" "Mozilla/5.0 (Windows NT 10.0; Win64; x64) AppleWebKit/537.36 (KHTML, like Gecko) Chrome/64.0.3282.186 Safari/537.36" 
34.224.17.86 - - [14/Mar/2018:00:00:03 -0700] "GET /self.logs/2016/?C=M;O=D HTTP/1.1" 200 8020 "-" "BUbiNG (+http://law.di.unimi.it/BUbiNG.html#wc)" 
54.36.149.100 - - [14/Mar/2018:00:01:28 -0700] "GET /self.logs/2015/error.log.2015-08-21.gz HTTP/1.1" 200 1034 "-" "Mozilla/5.0 (compatible; AhrefsBot/5.2; +http://ahrefs.com/robot/)" 
125.17.166.115 - - [14/Mar/2018:00:04:38 -0700] "GET / HTTP/1.1" 200 11061 "-" "Mozilla/5.0 (Windows NT 10.0; Win64; x64) AppleWebKit/537.36 (KHTML, like Gecko) Chrome/64.0.3282.186 Safari/537.36" 
185.198.167.29 - - [14/Mar/2018:00:04:42 -0700] "GET / HTTP/1.1" 301 483 "-" "Mozilla/5.0 (X11; Ubuntu; Linux x86_64; rv:42.0) Gecko/20100101 Firefox/42.0" 
185.198.167.29 - - [14/Mar/2018:00:04:47 -0700] "GET / HTTP/1.1" 200 11061 "-" "Mozilla/5.0 (X11; Ubuntu; Linux x86_64; rv:42.0) Gecko/20100101 Firefox/42.0" 
125.17.166.115 - - [14/Mar/2018:00:05:06 -0700] "GET /twitter-icon.png HTTP/1.1" 200 27788 "http://www.secrepo.com/" "Mozilla/5.0 (Windows NT 10.0; Win64; x64) AppleWebKit/537.36 (KHTML, like Gecko) Chrome/64.0.3282.186 Safari/537.36" 
125.17.166.115 - - [14/Mar/2018:00:05:06 -0700] "GET /GitHub-Mark.png HTTP/1.1" 200 7428 "http://www.secrepo.com/" "Mozilla/5.0 (Windows NT 10.0; Win64; x64) AppleWebKit/537.36 (KHTML, like Gecko) Chrome/64.0.3282.186 Safari/537.36" 
54.36.148.105 - - [14/Mar/2018:00:05:46 -0700] "GET /self.logs/error.log.2015-04-04.gz HTTP/1.1" 404 284 "-" "Mozilla/5.0 (compatible; AhrefsBot/5.2; +http://ahrefs.com/robot/)" 
61.0.210.188 - - [14/Mar/2018:00:06:05 -0700] "GET / HTTP/1.1" 200 11061 "-" "Mozilla/5.0 (Macintosh; Intel Mac OS X 10_13_3) AppleWebKit/604.5.6 (KHTML, like Gecko)" 
61.0.210.188 - - [14/Mar/2018:00:06:06 -0700] "GET /apple-touch-icon-precomposed.png HTTP/1.1" 404 340 "-" "Safari/13604.5.6 CFNetwork/893.13.1 Darwin/17.4.0 (x86_64)" 
61.0.210.188 - - [14/Mar/2018:00:06:06 -0700] "GET /apple-touch-icon.png HTTP/1.1" 404 339 "-" "Safari/13604.5.6 CFNetwork/893.13.1 Darwin/17.4.0 (x86_64)" 
61.0.210.188 - - [14/Mar/2018:00:06:06 -0700] "GET /bootstrap/img/favicon.ico HTTP/1.1" 200 589 "-" "Safari/13604.5.6 CFNetwork/893.13.1 Darwin/17.4.0 (x86_64)" 
61.0.210.188 - - [14/Mar/2018:00:06:06 -0700] "GET / HTTP/1.1" 200 11060 "-" "\"Mozilla/5.0 (iPhone; CPU iPhone OS 11_0 like Mac OS X) AppleWebKit/604.1.38 (KHTML, like Gecko) Version/11.0 Mobile/15A372 Safari/604.1\"" 
61.0.210.188 - - [14/Mar/2018:00:06:07 -0700] "GET /apple-touch-icon-precomposed.png HTTP/1.1" 404 339 "-" "Safari/13604.5.6 CFNetwork/893.13.1 Darwin/17.4.0 (x86_64)" 
61.0.210.188 - - [14/Mar/2018:00:06:07 -0700] "GET /apple-touch-icon.png HTTP/1.1" 404 339 "-" "Safari/13604.5.6 CFNetwork/893.13.1 Darwin/17.4.0 (x86_64)" 
61.0.210.188 - - [14/Mar/2018:00:06:08 -0700] "GET /bootstrap/img/favicon.ico HTTP/1.1" 200 589 "-" "Safari/13604.5.6 CFNetwork/893.13.1 Darwin/17.4.0 (x86_64)" 
125.17.166.115 - - [14/Mar/2018:00:06:53 -0700] "GET /bootstrap/img/favicon.ico HTTP/1.1" 200 590 "http://www.secrepo.com/" "Mozilla/5.0 (Windows NT 10.0; Win64; x64) AppleWebKit/537.36 (KHTML, like Gecko) Chrome/64.0.3282.186 Safari/537.36" 
91.122.159.141 - - [14/Mar/2018:00:08:13 -0700] "GET /bootstrap/img/favicon.ico HTTP/1.1" 200 590 "-" "Mozilla/5.0 (Windows NT 6.1; Win64; x64; rv:59.0) Gecko/20100101 Firefox/59.0" 
34.224.17.86 - - [14/Mar/2018:00:12:37 -0700] "GET /self.logs/2016/?C=S;O=D HTTP/1.1" 200 8572 "-" "BUbiNG (+http://law.di.unimi.it/BUbiNG.html#wc)" 
202.115.103.55 - - [14/Mar/2018:00:12:50 -0700] "GET /favicon.ico HTTP/1.1" 200 268 "-" "Mozilla/5.0 (Windows NT 10.0; WOW64) AppleWebKit/537.36 (KHTML, like Gecko) Chrome/55.0.2883.87 Safari/537.36" 
