97.106.223.38 - - [17/Apr/2018:18:09:24 -0700] "GET / HTTP/1.1" 200 11061 "https://www.google.com/" "Mozilla/5.0 (Windows NT 10.0; Win64; x64) AppleWebKit/537.36 (KHTML, like Gecko) Chrome/65.0.3325.181 Safari/537.36" 
97.106.223.38 - - [17/Apr/2018:18:09:24 -0700] "GET /twitter-icon.png HTTP/1.1" 200 27787 "http://www.secrepo.com/" "Mozilla/5.0 (Windows NT 10.0; Win64; x64) AppleWebKit/537.36 (KHTML, like Gecko) Chrome/65.0.3325.181 Safari/537.36" 
97.106.223.38 - - [17/Apr/2018:18:09:24 -0700] "GET /GitHub-Mark.png HTTP/1.1" 200 7428 "http://www.secrepo.com/" "Mozilla/5.0 (Windows NT 10.0; Win64; x64) AppleWebKit/537.36 (KHTML, like Gecko) Chrome/65.0.3325.181 Safari/537.36" 
97.106.223.38 - - [17/Apr/2018:18:09:25 -0700] "GET /bootstrap/img/favicon.ico HTTP/1.1" 200 589 "http://www.secrepo.com/" "Mozilla/5.0 (Windows NT 10.0; Win64; x64) AppleWebKit/537.36 (KHTML, like Gecko) Chrome/65.0.3325.181 Safari/537.36" 
97.106.223.38 - - [17/Apr/2018:18:12:29 -0700] "GET /self.logs/ HTTP/1.1" 200 9410 "http://www.secrepo.com/" "Mozilla/5.0 (Windows NT 10.0; Win64; x64) AppleWebKit/537.36 (KHTML, like Gecko) Chrome/65.0.3325.181 Safari/537.36" 
97.106.223.38 - - [17/Apr/2018:18:12:31 -0700] "GET /favicon.ico HTTP/1.1" 200 267 "http://www.secrepo.com/self.logs/" "Mozilla/5.0 (Windows NT 10.0; Win64; x64) AppleWebKit/537.36 (KHTML, like Gecko) Chrome/65.0.3325.181 Safari/537.36" 
97.106.223.38 - - [17/Apr/2018:18:12:58 -0700] "GET /self.logs/access.log.2017-01-28.gz HTTP/1.1" 200 17566 "http://www.secrepo.com/self.logs/" "Mozilla/5.0 (Windows NT 10.0; Win64; x64) AppleWebKit/537.36 (KHTML, like Gecko) Chrome/65.0.3325.181 Safari/537.36" 
97.106.223.38 - - [17/Apr/2018:18:13:59 -0700] "GET /self.logs/ HTTP/1.1" 200 9410 "http://www.secrepo.com/" "Mozilla/5.0 (Windows NT 10.0; Win64; x64) AppleWebKit/537.36 (KHTML, like Gecko) Chrome/65.0.3325.181 Safari/537.36" 
97.106.223.38 - - [17/Apr/2018:18:14:06 -0700] "GET /self.logs/access.log.2017-01-01.gz HTTP/1.1" 200 17655 "http://www.secrepo.com/self.logs/" "Mozilla/5.0 (Windows NT 10.0; Win64; x64) AppleWebKit/537.36 (KHTML, like Gecko) Chrome/65.0.3325.181 Safari/537.36" 
52.165.148.51 - - [17/Apr/2018:18:16:22 -0700] "GET / HTTP/1.1" 301 446 "-" "Mozilla/5.0 (Windows NT 10.0; Win64; x64) AppleWebKit/537.36 (KHTML, like Gecko) Chrome/61.0.3163.100 Safari/537.36" 
192.71.3.230 - - [17/Apr/2018:18:21:29 -0700] "GET / HTTP/1.1" 200 11005 "-" "Mozilla/5.0 (compatible; Googlebot/2.1; +http://www.google.com/bot.html)" 
111.200.15.223 - - [17/Apr/2018:18:25:58 -0700] "GET /favicon.ico HTTP/1.1" 200 268 "-" "Mozilla/5.0 (Windows NT 6.1; WOW64) AppleWebKit/537.36 (KHTML, like Gecko) Chrome/57.0.2987.98 Safari/537.36 LBBROWSER" 
193.183.102.230 - - [17/Apr/2018:18:35:16 -0700] "GET /robots.txt HTTP/1.1" 200 304 "-" "Mozilla/5.0 (Windows NT 5.1; rv:6.0) Gecko/20100101 Firefox/10.0.2" 
192.71.3.230 - - [17/Apr/2018:18:35:18 -0700] "GET /robots.txt HTTP/1.1" 200 304 "-" "Mozilla/5.0 (Windows NT 5.1; rv:6.0) Gecko/20100101 Firefox/10.0.2" 
118.200.2.218 - - [17/Apr/2018:18:36:12 -0700] "GET / HTTP/1.1" 200 11061 "https://www.google.com.sg/" "Mozilla/5.0 (Macintosh; Intel Mac OS X 10_12_6) AppleWebKit/537.36 (KHTML, like Gecko) Chrome/65.0.3325.181 Safari/537.36" 
118.200.2.218 - - [17/Apr/2018:18:36:13 -0700] "GET /twitter-icon.png HTTP/1.1" 200 27788 "http://www.secrepo.com/" "Mozilla/5.0 (Macintosh; Intel Mac OS X 10_12_6) AppleWebKit/537.36 (KHTML, like Gecko) Chrome/65.0.3325.181 Safari/537.36" 
118.200.2.218 - - [17/Apr/2018:18:36:13 -0700] "GET /GitHub-Mark.png HTTP/1.1" 200 7428 "http://www.secrepo.com/" "Mozilla/5.0 (Macintosh; Intel Mac OS X 10_12_6) AppleWebKit/537.36 (KHTML, like Gecko) Chrome/65.0.3325.181 Safari/537.36" 
5.133.205.11 - - [17/Apr/2018:18:36:31 -0700] "GET / HTTP/1.1" 200 11005 "-" "Mozilla/5.0 (compatible; Googlebot/2.1; +http://www.google.com/bot.html)" 
5.133.205.11 - - [17/Apr/2018:18:36:32 -0700] "GET /robots.txt HTTP/1.1" 200 304 "-" "Mozilla/5.0 (Windows NT 5.1; rv:6.0) Gecko/20100101 Firefox/10.0.2" 
113.171.224.176 - - [17/Apr/2018:18:37:11 -0700] "GET /honeypot/Honeypot%20-%20Howto.pdf HTTP/1.1" 200 46720 "-" "Mozilla/5.0 Gecko/20100115 Firefox/3.6" 
218.199.207.63 - - [17/Apr/2018:18:41:21 -0700] "GET / HTTP/1.1" 200 11061 "-" "Mozilla/5.0 (Windows NT 10.0; WOW64) AppleWebKit/537.36 (KHTML, like Gecko) Chrome/65.0.3325.181 Safari/537.36" 
218.199.207.63 - - [17/Apr/2018:18:41:22 -0700] "GET /twitter-icon.png HTTP/1.1" 200 27787 "http://www.secrepo.com/" "Mozilla/5.0 (Windows NT 10.0; WOW64) AppleWebKit/537.36 (KHTML, like Gecko) Chrome/65.0.3325.181 Safari/537.36" 
218.199.207.63 - - [17/Apr/2018:18:41:22 -0700] "GET /GitHub-Mark.png HTTP/1.1" 200 7428 "http://www.secrepo.com/" "Mozilla/5.0 (Windows NT 10.0; WOW64) AppleWebKit/537.36 (KHTML, like Gecko) Chrome/65.0.3325.181 Safari/537.36" 
120.221.0.34 - - [17/Apr/2018:18:41:33 -0700] "GET /honeypot/Honeypot%20-%20Howto.pdf HTTP/1.1" 304 131 "-" "Mozilla/5.0 Gecko/20100115 Firefox/3.6" 
218.199.207.63 - - [17/Apr/2018:18:42:05 -0700] "GET /bootstrap/img/favicon.ico HTTP/1.1" 200 590 "http://www.secrepo.com/" "Mozilla/5.0 (Windows NT 10.0; WOW64) AppleWebKit/537.36 (KHTML, like Gecko) Chrome/65.0.3325.181 Safari/537.36" 
106.120.161.66 - - [17/Apr/2018:18:46:20 -0700] "GET /bootstrap/img/favicon.ico HTTP/1.1" 200 553 "http://www.secrepo.com/bootstrap/img/favicon.ico" "Mozilla/4.0 (compatible; MSIE 8.0; Windows NT 6.1; Trident/4.0; SLCC2; .NET CLR 2.0.50727; .NET CLR 3.5.30729; .NET CLR 3.0.30729; Media Center PC 6.0; Tablet PC 2.0)" 
210.48.222.13 - - [17/Apr/2018:18:48:55 -0700] "GET / HTTP/1.1" 200 11061 "-" "Mozilla/5.0 (Windows NT 6.1; Win64; x64) AppleWebKit/537.36 (KHTML, like Gecko) Chrome/65.0.3325.181 Safari/537.36" 
210.48.222.13 - - [17/Apr/2018:18:48:56 -0700] "GET /twitter-icon.png HTTP/1.1" 200 27787 "http://www.secrepo.com/" "Mozilla/5.0 (Windows NT 6.1; Win64; x64) AppleWebKit/537.36 (KHTML, like Gecko) Chrome/65.0.3325.181 Safari/537.36" 
210.48.222.13 - - [17/Apr/2018:18:48:56 -0700] "GET /GitHub-Mark.png HTTP/1.1" 200 7428 "http://www.secrepo.com/" "Mozilla/5.0 (Windows NT 6.1; Win64; x64) AppleWebKit/537.36 (KHTML, like Gecko) Chrome/65.0.3325.181 Safari/537.36" 
210.48.222.13 - - [17/Apr/2018:18:48:58 -0700] "GET /bootstrap/img/favicon.ico HTTP/1.1" 200 590 "http://www.secrepo.com/" "Mozilla/5.0 (Windows NT 6.1; Win64; x64) AppleWebKit/537.36 (KHTML, like Gecko) Chrome/65.0.3325.181 Safari/537.36" 
216.244.66.227 - - [17/Apr/2018:18:51:16 -0700] "GET /robots.txt HTTP/1.1" 200 233 "-" "Mozilla/5.0 (compatible; DotBot/1.1; http://www.opensiteexplorer.org/dotbot, help@moz.com)" 
210.48.222.13 - - [17/Apr/2018:18:55:47 -0700] "GET /tg/tg_snort_fast.7z HTTP/1.1" 200 4274093 "http://www.secrepo.com/" "Mozilla/5.0 (Windows NT 6.1; Win64; x64) AppleWebKit/537.36 (KHTML, like Gecko) Chrome/65.0.3325.181 Safari/537.36" 
216.244.66.227 - - [17/Apr/2018:18:56:32 -0700] "GET /self.logs/error.log.2018-01-11.gz HTTP/1.1" 200 1747 "-" "Mozilla/5.0 (compatible; DotBot/1.1; http://www.opensiteexplorer.org/dotbot, help@moz.com)" 
102.181.194.40 - - [17/Apr/2018:18:56:41 -0700] "GET /maccdc2012/dns.log.gz HTTP/1.1" 304 154 "-" "Mozilla/5.0 Gecko/20100115 Firefox/3.6" 
210.48.222.13 - - [17/Apr/2018:18:55:55 -0700] "GET /tg/tg_snort_full.7z HTTP/1.1" 200 8847794 "http://www.secrepo.com/" "Mozilla/5.0 (Windows NT 6.1; Win64; x64) AppleWebKit/537.36 (KHTML, like Gecko) Chrome/65.0.3325.181 Safari/537.36" 
106.120.161.66 - - [17/Apr/2018:18:57:30 -0700] "GET / HTTP/1.1" 200 37404 "http://www.secrepo.com" "Mozilla/4.0 (compatible; MSIE 8.0; Windows NT 6.1; Trident/4.0; SLCC2; .NET CLR 2.0.50727; .NET CLR 3.5.30729; .NET CLR 3.0.30729; Media Center PC 6.0; Tablet PC 2.0)" 
66.249.65.139 - - [17/Apr/2018:19:01:24 -0700] "GET / HTTP/1.1" 200 11061 "-" "Mozilla/5.0 (compatible; Googlebot/2.1; +http://www.google.com/bot.html)" 
108.59.8.70 - - [17/Apr/2018:19:01:42 -0700] "GET /robots.txt HTTP/1.1" 200 289 "-" "Mozilla/5.0 (compatible; MJ12bot/v1.4.8; http://mj12bot.com/)" 
108.59.8.70 - - [17/Apr/2018:19:01:43 -0700] "GET / HTTP/1.1" 200 37359 "-" "Mozilla/5.0 (compatible; MJ12bot/v1.4.8; http://mj12bot.com/)" 
66.249.65.141 - - [17/Apr/2018:19:03:45 -0700] "GET / HTTP/1.1" 200 11061 "-" "Mozilla/5.0 (Linux; Android 6.0.1; Nexus 5X Build/MMB29P) AppleWebKit/537.36 (KHTML, like Gecko) Chrome/41.0.2272.96 Mobile Safari/537.36 (compatible; Googlebot/2.1; +http://www.google.com/bot.html)" 
97.91.135.46 - - [17/Apr/2018:19:09:46 -0700] "GET / HTTP/1.1" 200 11061 "-" "Mozilla/5.0 (Windows NT 10.0; Win64; x64; rv:59.0) Gecko/20100101 Firefox/59.0" 
97.91.135.46 - - [17/Apr/2018:19:09:47 -0700] "GET /GitHub-Mark.png HTTP/1.1" 200 7427 "http://www.secrepo.com/" "Mozilla/5.0 (Windows NT 10.0; Win64; x64; rv:59.0) Gecko/20100101 Firefox/59.0" 
97.91.135.46 - - [17/Apr/2018:19:09:47 -0700] "GET /twitter-icon.png HTTP/1.1" 200 27788 "http://www.secrepo.com/" "Mozilla/5.0 (Windows NT 10.0; Win64; x64; rv:59.0) Gecko/20100101 Firefox/59.0" 
54.85.176.102 - - [17/Apr/2018:19:10:01 -0700] "GET / HTTP/1.1" 206 11110 "-" "Slackbot-LinkExpanding 1.0 (+https://api.slack.com/robots)" 
34.228.6.255 - - [17/Apr/2018:19:10:01 -0700] "GET /bootstrap/img/apple-touch-icon.png HTTP/1.1" 404 340 "https://slack.com" "Slackbot-LinkExpanding 1.0 (+https://api.slack.com/robots)" 
35.174.5.108 - - [17/Apr/2018:19:10:01 -0700] "GET /favicon.ico HTTP/1.1" 200 268 "https://slack.com" "Slackbot-LinkExpanding 1.0 (+https://api.slack.com/robots)" 
1.192.225.143 - - [17/Apr/2018:19:13:38 -0700] "GET /favicon.ico HTTP/1.1" 200 268 "-" "Mozilla/5.0 (Windows NT 10.0; WOW64) AppleWebKit/537.36 (KHTML, like Gecko) Chrome/49.0.2623.221 Safari/537.36 SE 2.X MetaSr 1.0" 
1.192.225.143 - - [17/Apr/2018:19:13:38 -0700] "GET / HTTP/1.1" 200 11061 "-" "Mozilla/5.0 (Windows NT 10.0; WOW64) AppleWebKit/537.36 (KHTML, like Gecko) Chrome/49.0.2623.221 Safari/537.36 SE 2.X MetaSr 1.0" 
1.192.225.143 - - [17/Apr/2018:19:13:38 -0700] "GET /bootstrap/img/favicon.ico HTTP/1.1" 200 589 "-" "Mozilla/5.0 (Windows NT 10.0; WOW64) AppleWebKit/537.36 (KHTML, like Gecko) Chrome/49.0.2623.221 Safari/537.36 SE 2.X MetaSr 1.0" 
1.192.225.143 - - [17/Apr/2018:19:13:38 -0700] "GET /twitter-icon.png HTTP/1.1" 200 27787 "http://www.secrepo.com/" "Mozilla/5.0 (Windows NT 10.0; WOW64) AppleWebKit/537.36 (KHTML, like Gecko) Chrome/49.0.2623.221 Safari/537.36 SE 2.X MetaSr 1.0" 
1.192.225.143 - - [17/Apr/2018:19:13:38 -0700] "GET /GitHub-Mark.png HTTP/1.1" 200 7428 "http://www.secrepo.com/" "Mozilla/5.0 (Windows NT 10.0; WOW64) AppleWebKit/537.36 (KHTML, like Gecko) Chrome/49.0.2623.221 Safari/537.36 SE 2.X MetaSr 1.0" 
120.221.1.28 - - [17/Apr/2018:19:16:49 -0700] "GET /maccdc2012/files.log.gz HTTP/1.1" 304 155 "-" "Mozilla/5.0 Gecko/20100115 Firefox/3.6" 
216.244.66.227 - - [17/Apr/2018:19:17:06 -0700] "GET /robots.txt HTTP/1.1" 200 233 "-" "Mozilla/5.0 (compatible; DotBot/1.1; http://www.opensiteexplorer.org/dotbot, help@moz.com)" 
171.13.14.133 - - [17/Apr/2018:19:17:11 -0700] "GET / HTTP/1.1" 200 37415 "http://www.secrepo.com/" "Mozilla/4.0 (compatible; MSIE 8.0; Windows NT 6.1; Trident/4.0; SLCC2; .NET CLR 2.0.50727; .NET CLR 3.5.30729; .NET CLR 3.0.30729; Media Center PC 6.0; Tablet PC 2.0)" 
47.93.56.10 - - [17/Apr/2018:19:22:01 -0700] "HEAD //phpmyadmin/ HTTP/1.1" 404 276 "-" "-" 
216.244.66.227 - - [17/Apr/2018:19:22:18 -0700] "GET /self.logs/access.log.2017-12-31.gz HTTP/1.1" 200 18604 "-" "Mozilla/5.0 (compatible; DotBot/1.1; http://www.opensiteexplorer.org/dotbot, help@moz.com)" 
73.93.154.231 - - [17/Apr/2018:19:27:23 -0700] "GET /wp-login.php HTTP/1.1" 418 732 "-" "Mozilla/5.0 (Windows NT 6.1; WOW64; rv:40.0) Gecko/20100101 Firefox/40.1" 
73.93.154.231 - - [17/Apr/2018:19:27:24 -0700] "GET / HTTP/1.1" 418 732 "-" "Mozilla/5.0 (Windows NT 6.1; WOW64; rv:40.0) Gecko/20100101 Firefox/40.1" 
120.192.27.118 - - [17/Apr/2018:19:27:44 -0700] "GET /favicon.ico HTTP/1.1" 200 268 "-" "Mozilla/5.0 (Windows NT 10.0) AppleWebKit/537.36 (KHTML, like Gecko) Chrome/53.0.2785.104 Safari/537.36 Core/1.53.4620.400 QQBrowser/9.7.13014.400" 
52.212.146.96 - - [17/Apr/2018:19:30:01 -0700] "GET /self.logs/access.log.2018-04-11.gz HTTP/1.1" 200 21266 "-" "python-requests/2.12.1" 
52.212.146.96 - - [17/Apr/2018:19:30:01 -0700] "GET /self.logs/access.log.2018-04-12.gz HTTP/1.1" 200 21425 "-" "python-requests/2.12.1" 
52.212.146.96 - - [17/Apr/2018:19:30:02 -0700] "GET /self.logs/access.log.2018-04-13.gz HTTP/1.1" 200 26282 "-" "python-requests/2.12.1" 
52.212.146.96 - - [17/Apr/2018:19:30:02 -0700] "GET /self.logs/access.log.2018-04-14.gz HTTP/1.1" 200 15926 "-" "python-requests/2.12.1" 
52.212.146.96 - - [17/Apr/2018:19:30:02 -0700] "GET /self.logs/access.log.2018-04-15.gz HTTP/1.1" 404 340 "-" "python-requests/2.12.1" 
52.212.146.96 - - [17/Apr/2018:19:30:03 -0700] "GET /self.logs/access.log.2018-04-16.gz HTTP/1.1" 404 340 "-" "python-requests/2.12.1" 
52.212.146.96 - - [17/Apr/2018:19:30:03 -0700] "GET /self.logs/access.log.2018-04-17.gz HTTP/1.1" 404 340 "-" "python-requests/2.12.1" 
157.55.39.39 - - [17/Apr/2018:19:30:09 -0700] "GET / HTTP/1.1" 200 11061 "-" "Mozilla/5.0 (compatible; bingbot/2.0; +http://www.bing.com/bingbot.htm)" 
222.209.34.43 - - [17/Apr/2018:19:32:21 -0700] "GET / HTTP/1.1" 200 11061 "-" "Mozilla/5.0 (Windows NT 10.0; Win64; x64; rv:59.0) Gecko/20100101 Firefox/59.0" 
222.209.34.43 - - [17/Apr/2018:19:32:22 -0700] "GET /twitter-icon.png HTTP/1.1" 200 27787 "http://www.secrepo.com/" "Mozilla/5.0 (Windows NT 10.0; Win64; x64; rv:59.0) Gecko/20100101 Firefox/59.0" 
222.209.34.43 - - [17/Apr/2018:19:32:22 -0700] "GET /GitHub-Mark.png HTTP/1.1" 200 7428 "http://www.secrepo.com/" "Mozilla/5.0 (Windows NT 10.0; Win64; x64; rv:59.0) Gecko/20100101 Firefox/59.0" 
222.209.34.43 - - [17/Apr/2018:19:32:24 -0700] "GET /bootstrap/img/favicon.ico HTTP/1.1" 200 589 "-" "Mozilla/5.0 (Windows NT 10.0; Win64; x64; rv:59.0) Gecko/20100101 Firefox/59.0" 
178.208.12.15 - - [17/Apr/2018:19:34:08 -0700] "GET / HTTP/1.1" 301 483 "-" "Mozilla/5.0 (Macintosh; Intel Mac OS X 10_5_8) AppleWebKit/534.24 (KHTML, like Gecko) Chrome/11.0.696.68 Safari/534.24" 
178.208.12.17 - - [17/Apr/2018:19:34:08 -0700] "GET / HTTP/1.1" 200 11061 "-" "Mozilla/5.0 (Macintosh; Intel Mac OS X 10_5_8) AppleWebKit/534.24 (KHTML, like Gecko) Chrome/11.0.696.68 Safari/534.24" 
113.171.224.176 - - [17/Apr/2018:19:37:13 -0700] "GET /honeypot/Honeypot%20-%20Howto.pdf HTTP/1.1" 200 46720 "-" "Mozilla/5.0 Gecko/20100115 Firefox/3.6" 
123.30.190.86 - - [17/Apr/2018:19:39:23 -0700] "GET /robots.txt HTTP/1.1" 301 502 "-" "Mozilla/5.0 (Windows NT 6.1; Win64; x64) AppleWebKit/537.36 (KHTML, like Gecko) Chrome/65.0.3325.181 Safari/537.36" 
123.30.190.86 - - [17/Apr/2018:19:39:23 -0700] "GET / HTTP/1.1" 301 483 "-" "Mozilla/5.0 (Windows NT 6.1; Win64; x64) AppleWebKit/537.36 (KHTML, like Gecko) Chrome/65.0.3325.181 Safari/537.36" 
123.30.190.86 - - [17/Apr/2018:19:39:24 -0700] "GET /robots.txt HTTP/1.1" 200 334 "-" "Mozilla/5.0 (Windows NT 6.1; Win64; x64) AppleWebKit/537.36 (KHTML, like Gecko) Chrome/65.0.3325.181 Safari/537.36" 
123.30.190.86 - - [17/Apr/2018:19:39:24 -0700] "GET / HTTP/1.1" 200 11061 "-" "Mozilla/5.0 (Windows NT 6.1; Win64; x64) AppleWebKit/537.36 (KHTML, like Gecko) Chrome/65.0.3325.181 Safari/537.36" 
193.234.222.81 - - [17/Apr/2018:19:39:24 -0700] "GET / HTTP/1.1" 200 11005 "-" "Mozilla/5.0 (Windows NT 5.1; rv:6.0) Gecko/20100101 Firefox/10.0.2" 
123.30.190.86 - - [17/Apr/2018:19:39:25 -0700] "GET /twitter-icon.png HTTP/1.1" 200 27787 "http://www.secrepo.com/" "Mozilla/5.0 (Windows NT 6.1; Win64; x64) AppleWebKit/537.36 (KHTML, like Gecko) Chrome/65.0.3325.181 Safari/537.36" 
123.30.190.86 - - [17/Apr/2018:19:39:25 -0700] "GET /GitHub-Mark.png HTTP/1.1" 200 7428 "http://www.secrepo.com/" "Mozilla/5.0 (Windows NT 6.1; Win64; x64) AppleWebKit/537.36 (KHTML, like Gecko) Chrome/65.0.3325.181 Safari/537.36" 
123.30.190.86 - - [17/Apr/2018:19:39:26 -0700] "GET /bootstrap/img/favicon.ico HTTP/1.1" 200 589 "http://www.secrepo.com/" "Mozilla/5.0 (Windows NT 6.1; Win64; x64) AppleWebKit/537.36 (KHTML, like Gecko) Chrome/65.0.3325.181 Safari/537.36" 
194.71.209.190 - - [17/Apr/2018:19:39:31 -0700] "GET / HTTP/1.1" 200 11005 "-" "Mozilla/5.0 (compatible; Googlebot/2.1; +http://www.google.com/bot.html)" 
194.71.209.190 - - [17/Apr/2018:19:39:31 -0700] "GET /robots.txt HTTP/1.1" 200 304 "-" "Mozilla/5.0 (Windows NT 5.1; rv:6.0) Gecko/20100101 Firefox/10.0.2" 
52.27.2.86 - - [17/Apr/2018:19:41:35 -0700] "GET / HTTP/1.1" 200 37359 "-" "Mozilla/4.0 (compatible; MSIE 8.0; Windows NT 5.1; Trident/4.0)" 
222.209.34.43 - - [17/Apr/2018:19:43:49 -0700] "GET /bootstrap/img/favicon.ico HTTP/1.1" 200 590 "-" "Mozilla/5.0 (Windows NT 10.0; Win64; x64; rv:59.0) Gecko/20100101 Firefox/59.0" 
157.55.39.37 - - [17/Apr/2018:19:52:38 -0700] "GET /honeypot/Honeypot%20-%20Howto.pdf HTTP/1.1" 200 1279418 "-" "Mozilla/5.0 (compatible; bingbot/2.0; +http://www.bing.com/bingbot.htm)" 
173.66.123.219 - - [17/Apr/2018:19:55:10 -0700] "GET / HTTP/1.1" 200 11061 "http://vizsec.org/data/" "Mozilla/5.0 (Windows NT 10.0; Win64; x64; rv:59.0) Gecko/20100101 Firefox/59.0" 
173.66.123.219 - - [17/Apr/2018:19:55:10 -0700] "GET /twitter-icon.png HTTP/1.1" 200 27787 "http://www.secrepo.com/" "Mozilla/5.0 (Windows NT 10.0; Win64; x64; rv:59.0) Gecko/20100101 Firefox/59.0" 
173.66.123.219 - - [17/Apr/2018:19:55:10 -0700] "GET /GitHub-Mark.png HTTP/1.1" 200 7428 "http://www.secrepo.com/" "Mozilla/5.0 (Windows NT 10.0; Win64; x64; rv:59.0) Gecko/20100101 Firefox/59.0" 
173.66.123.219 - - [17/Apr/2018:19:55:10 -0700] "GET /bootstrap/img/favicon.ico HTTP/1.1" 200 589 "-" "Mozilla/5.0 (Windows NT 10.0; Win64; x64; rv:59.0) Gecko/20100101 Firefox/59.0" 
69.180.187.27 - - [17/Apr/2018:19:58:01 -0700] "GET / HTTP/1.1" 200 11061 "-" "Mozilla/5.0 (Macintosh; Intel Mac OS X 10_13_4) AppleWebKit/605.1.15 (KHTML, like Gecko)" 
69.180.187.27 - - [17/Apr/2018:19:58:02 -0700] "GET /apple-touch-icon-precomposed.png HTTP/1.1" 404 340 "-" "Safari/13605.1.33.1.2 CFNetwork/897.15 Darwin/17.5.0 (x86_64)" 
69.180.187.27 - - [17/Apr/2018:19:58:02 -0700] "GET /apple-touch-icon.png HTTP/1.1" 404 339 "-" "Safari/13605.1.33.1.2 CFNetwork/897.15 Darwin/17.5.0 (x86_64)" 
69.180.187.27 - - [17/Apr/2018:19:58:02 -0700] "GET /bootstrap/img/favicon.ico HTTP/1.1" 200 589 "-" "Safari/13605.1.33.1.2 CFNetwork/897.15 Darwin/17.5.0 (x86_64)" 
69.180.187.27 - - [17/Apr/2018:19:58:02 -0700] "GET / HTTP/1.1" 200 11060 "-" "\"Mozilla/5.0 (iPhone; CPU iPhone OS 11_0 like Mac OS X) AppleWebKit/604.1.38 (KHTML, like Gecko) Version/11.0 Mobile/15A372 Safari/604.1\"" 
69.180.187.27 - - [17/Apr/2018:19:58:02 -0700] "GET /apple-touch-icon-precomposed.png HTTP/1.1" 404 339 "-" "Safari/13605.1.33.1.2 CFNetwork/897.15 Darwin/17.5.0 (x86_64)" 
69.180.187.27 - - [17/Apr/2018:19:58:02 -0700] "GET /apple-touch-icon.png HTTP/1.1" 404 339 "-" "Safari/13605.1.33.1.2 CFNetwork/897.15 Darwin/17.5.0 (x86_64)" 
69.180.187.27 - - [17/Apr/2018:19:58:02 -0700] "GET /bootstrap/img/favicon.ico HTTP/1.1" 200 589 "-" "Safari/13605.1.33.1.2 CFNetwork/897.15 Darwin/17.5.0 (x86_64)" 
54.167.119.51 - - [17/Apr/2018:20:04:39 -0700] "GET / HTTP/1.1" 200 11005 "-" "Mozilla/5.0 (compatible; Googlebot/2.1; startmebot/1.0; +https://start.me/bot)" 
118.112.200.58 - - [17/Apr/2018:20:06:11 -0700] "GET / HTTP/1.1" 200 11061 "-" "Mozilla/5.0 (Windows NT 10.0; Win64; x64) AppleWebKit/537.36 (KHTML, like Gecko) Chrome/65.0.3325.181 Safari/537.36" 
118.112.200.58 - - [17/Apr/2018:20:06:12 -0700] "GET /twitter-icon.png HTTP/1.1" 200 27787 "http://www.secrepo.com/" "Mozilla/5.0 (Windows NT 10.0; Win64; x64) AppleWebKit/537.36 (KHTML, like Gecko) Chrome/65.0.3325.181 Safari/537.36" 
118.112.200.58 - - [17/Apr/2018:20:06:13 -0700] "GET /GitHub-Mark.png HTTP/1.1" 200 7427 "http://www.secrepo.com/" "Mozilla/5.0 (Windows NT 10.0; Win64; x64) AppleWebKit/537.36 (KHTML, like Gecko) Chrome/65.0.3325.181 Safari/537.36" 
52.165.148.51 - - [17/Apr/2018:20:06:23 -0700] "GET / HTTP/1.1" 301 446 "-" "Mozilla/5.0 (Macintosh; Intel Mac OS X 10_13_1) AppleWebKit/604.3.5 (KHTML, like Gecko) Version/11.0.1 Safari/604.3.5" 
103.254.70.162 - - [17/Apr/2018:20:06:48 -0700] "GET / HTTP/1.1" 200 11061 "-" "Mozilla/5.0 (X11; Linux x86_64) AppleWebKit/537.36 (KHTML, like Gecko) Chrome/65.0.3325.181 Safari/537.36" 
103.254.70.162 - - [17/Apr/2018:20:06:49 -0700] "GET /GitHub-Mark.png HTTP/1.1" 200 7428 "http://www.secrepo.com/" "Mozilla/5.0 (X11; Linux x86_64) AppleWebKit/537.36 (KHTML, like Gecko) Chrome/65.0.3325.181 Safari/537.36" 
103.254.70.162 - - [17/Apr/2018:20:06:49 -0700] "GET /twitter-icon.png HTTP/1.1" 200 27787 "http://www.secrepo.com/" "Mozilla/5.0 (X11; Linux x86_64) AppleWebKit/537.36 (KHTML, like Gecko) Chrome/65.0.3325.181 Safari/537.36" 
103.254.70.162 - - [17/Apr/2018:20:06:51 -0700] "GET /bootstrap/img/favicon.ico HTTP/1.1" 200 589 "http://www.secrepo.com/" "Mozilla/5.0 (X11; Linux x86_64) AppleWebKit/537.36 (KHTML, like Gecko) Chrome/65.0.3325.181 Safari/537.36" 
216.244.66.227 - - [17/Apr/2018:20:08:22 -0700] "GET /robots.txt HTTP/1.1" 200 233 "-" "Mozilla/5.0 (compatible; DotBot/1.1; http://www.opensiteexplorer.org/dotbot, help@moz.com)" 
69.180.187.27 - - [17/Apr/2018:20:08:56 -0700] "GET / HTTP/1.1" 200 11061 "-" "Mozilla/5.0 (Macintosh; Intel Mac OS X 10_13_4) AppleWebKit/605.1.15 (KHTML, like Gecko)" 
69.180.187.27 - - [17/Apr/2018:20:08:56 -0700] "GET /apple-touch-icon-precomposed.png HTTP/1.1" 404 340 "-" "Safari/13605.1.33.1.2 CFNetwork/897.15 Darwin/17.5.0 (x86_64)" 
69.180.187.27 - - [17/Apr/2018:20:08:56 -0700] "GET /apple-touch-icon.png HTTP/1.1" 404 339 "-" "Safari/13605.1.33.1.2 CFNetwork/897.15 Darwin/17.5.0 (x86_64)" 
69.180.187.27 - - [17/Apr/2018:20:08:56 -0700] "GET /bootstrap/img/favicon.ico HTTP/1.1" 200 589 "-" "Safari/13605.1.33.1.2 CFNetwork/897.15 Darwin/17.5.0 (x86_64)" 
69.180.187.27 - - [17/Apr/2018:20:08:56 -0700] "GET / HTTP/1.1" 200 11060 "-" "\"Mozilla/5.0 (iPhone; CPU iPhone OS 11_0 like Mac OS X) AppleWebKit/604.1.38 (KHTML, like Gecko) Version/11.0 Mobile/15A372 Safari/604.1\"" 
69.180.187.27 - - [17/Apr/2018:20:08:56 -0700] "GET /apple-touch-icon-precomposed.png HTTP/1.1" 404 339 "-" "Safari/13605.1.33.1.2 CFNetwork/897.15 Darwin/17.5.0 (x86_64)" 
69.180.187.27 - - [17/Apr/2018:20:08:56 -0700] "GET /apple-touch-icon.png HTTP/1.1" 404 339 "-" "Safari/13605.1.33.1.2 CFNetwork/897.15 Darwin/17.5.0 (x86_64)" 
69.180.187.27 - - [17/Apr/2018:20:08:56 -0700] "GET /bootstrap/img/favicon.ico HTTP/1.1" 200 589 "-" "Safari/13605.1.33.1.2 CFNetwork/897.15 Darwin/17.5.0 (x86_64)" 
188.230.241.157 - - [17/Apr/2018:20:09:08 -0700] "GET /wp-login.php HTTP/1.1" 418 732 "-" "Mozilla/5.0 (Windows NT 6.1; WOW64; rv:40.0) Gecko/20100101 Firefox/40.1" 
188.230.241.157 - - [17/Apr/2018:20:09:09 -0700] "GET / HTTP/1.1" 418 732 "-" "Mozilla/5.0 (Windows NT 6.1; WOW64; rv:40.0) Gecko/20100101 Firefox/40.1" 
69.180.187.27 - - [17/Apr/2018:20:09:43 -0700] "GET / HTTP/1.1" 200 11061 "-" "Mozilla/5.0 (Macintosh; Intel Mac OS X 10_13_4) AppleWebKit/605.1.15 (KHTML, like Gecko)" 
69.180.187.27 - - [17/Apr/2018:20:09:43 -0700] "GET /apple-touch-icon-precomposed.png HTTP/1.1" 404 340 "-" "Safari/13605.1.33.1.2 CFNetwork/897.15 Darwin/17.5.0 (x86_64)" 
69.180.187.27 - - [17/Apr/2018:20:09:43 -0700] "GET /apple-touch-icon.png HTTP/1.1" 404 339 "-" "Safari/13605.1.33.1.2 CFNetwork/897.15 Darwin/17.5.0 (x86_64)" 
69.180.187.27 - - [17/Apr/2018:20:09:43 -0700] "GET /bootstrap/img/favicon.ico HTTP/1.1" 200 589 "-" "Safari/13605.1.33.1.2 CFNetwork/897.15 Darwin/17.5.0 (x86_64)" 
69.180.187.27 - - [17/Apr/2018:20:09:43 -0700] "GET / HTTP/1.1" 200 11060 "-" "\"Mozilla/5.0 (iPhone; CPU iPhone OS 11_0 like Mac OS X) AppleWebKit/604.1.38 (KHTML, like Gecko) Version/11.0 Mobile/15A372 Safari/604.1\"" 
69.180.187.27 - - [17/Apr/2018:20:09:43 -0700] "GET /apple-touch-icon-precomposed.png HTTP/1.1" 404 339 "-" "Safari/13605.1.33.1.2 CFNetwork/897.15 Darwin/17.5.0 (x86_64)" 
69.180.187.27 - - [17/Apr/2018:20:09:43 -0700] "GET /apple-touch-icon.png HTTP/1.1" 404 339 "-" "Safari/13605.1.33.1.2 CFNetwork/897.15 Darwin/17.5.0 (x86_64)" 
69.180.187.27 - - [17/Apr/2018:20:09:43 -0700] "GET /bootstrap/img/favicon.ico HTTP/1.1" 200 589 "-" "Safari/13605.1.33.1.2 CFNetwork/897.15 Darwin/17.5.0 (x86_64)" 
113.240.234.218 - - [17/Apr/2018:20:09:57 -0700] "GET /favicon.ico HTTP/1.1" 200 268 "-" "Mozilla/5.0 (Windows NT 10.0; WOW64) AppleWebKit/537.36 (KHTML, like Gecko) Chrome/55.0.2883.87 Safari/537.36" 
216.244.66.227 - - [17/Apr/2018:20:13:36 -0700] "GET /self.logs/access.log.2018-01-02.gz HTTP/1.1" 200 25076 "-" "Mozilla/5.0 (compatible; DotBot/1.1; http://www.opensiteexplorer.org/dotbot, help@moz.com)" 
62.235.52.239 - - [17/Apr/2018:20:13:37 -0700] "GET /wp-login.php HTTP/1.1" 418 732 "-" "Mozilla/5.0 (Windows NT 6.1; WOW64; rv:40.0) Gecko/20100101 Firefox/40.1" 
62.235.52.239 - - [17/Apr/2018:20:13:37 -0700] "GET / HTTP/1.1" 418 732 "-" "Mozilla/5.0 (Windows NT 6.1; WOW64; rv:40.0) Gecko/20100101 Firefox/40.1" 
97.91.135.46 - - [17/Apr/2018:20:15:09 -0700] "GET / HTTP/1.1" 200 11061 "https://www.google.com/" "Mozilla/5.0 (Windows NT 10.0; Win64; x64) AppleWebKit/537.36 (KHTML, like Gecko) Chrome/65.0.3325.181 Safari/537.36" 
97.91.135.46 - - [17/Apr/2018:20:15:09 -0700] "GET /twitter-icon.png HTTP/1.1" 200 27787 "http://www.secrepo.com/" "Mozilla/5.0 (Windows NT 10.0; Win64; x64) AppleWebKit/537.36 (KHTML, like Gecko) Chrome/65.0.3325.181 Safari/537.36" 
97.91.135.46 - - [17/Apr/2018:20:15:09 -0700] "GET /GitHub-Mark.png HTTP/1.1" 200 7428 "http://www.secrepo.com/" "Mozilla/5.0 (Windows NT 10.0; Win64; x64) AppleWebKit/537.36 (KHTML, like Gecko) Chrome/65.0.3325.181 Safari/537.36" 
97.91.135.46 - - [17/Apr/2018:20:15:12 -0700] "GET /bootstrap/img/favicon.ico HTTP/1.1" 200 590 "http://www.secrepo.com/" "Mozilla/5.0 (Windows NT 10.0; Win64; x64) AppleWebKit/537.36 (KHTML, like Gecko) Chrome/65.0.3325.181 Safari/537.36" 
97.91.135.46 - - [17/Apr/2018:20:15:32 -0700] "GET /tg/tg_snort_full.7z HTTP/1.1" 200 8847794 "http://www.secrepo.com/" "Mozilla/5.0 (Windows NT 10.0; Win64; x64) AppleWebKit/537.36 (KHTML, like Gecko) Chrome/65.0.3325.181 Safari/537.36" 
211.103.220.197 - - [17/Apr/2018:20:15:59 -0700] "GET /favicon.ico HTTP/1.1" 200 268 "-" "Mozilla/5.0 (Windows NT 6.1) AppleWebKit/537.36 (KHTML, like Gecko) Chrome/49.0.2623.221 Safari/537.36 SE 2.X MetaSr 1.0" 
97.91.135.46 - - [17/Apr/2018:20:16:01 -0700] "GET /honeypot/honeypot.json.zip HTTP/1.1" 200 23085976 "http://www.secrepo.com/" "Mozilla/5.0 (Windows NT 10.0; Win64; x64) AppleWebKit/537.36 (KHTML, like Gecko) Chrome/65.0.3325.181 Safari/537.36" 
97.91.135.46 - - [17/Apr/2018:20:16:33 -0700] "GET /maccdc2012/dhcp.log.gz HTTP/1.1" 200 45019 "http://www.secrepo.com/" "Mozilla/5.0 (Windows NT 10.0; Win64; x64) AppleWebKit/537.36 (KHTML, like Gecko) Chrome/65.0.3325.181 Safari/537.36" 
97.91.135.46 - - [17/Apr/2018:20:16:31 -0700] "GET /maccdc2012/dns.log.gz HTTP/1.1" 200 6629420 "http://www.secrepo.com/" "Mozilla/5.0 (Windows NT 10.0; Win64; x64) AppleWebKit/537.36 (KHTML, like Gecko) Chrome/65.0.3325.181 Safari/537.36" 
97.91.135.46 - - [17/Apr/2018:20:16:38 -0700] "GET /maccdc2012/smtp.log.gz HTTP/1.1" 200 6908 "http://www.secrepo.com/" "Mozilla/5.0 (Windows NT 10.0; Win64; x64) AppleWebKit/537.36 (KHTML, like Gecko) Chrome/65.0.3325.181 Safari/537.36" 
97.91.135.46 - - [17/Apr/2018:20:16:41 -0700] "GET /maccdc2012/weird.log.gz HTTP/1.1" 200 1242777 "http://www.secrepo.com/" "Mozilla/5.0 (Windows NT 10.0; Win64; x64) AppleWebKit/537.36 (KHTML, like Gecko) Chrome/65.0.3325.181 Safari/537.36" 
97.91.135.46 - - [17/Apr/2018:20:16:36 -0700] "GET /maccdc2012/http.log.gz HTTP/1.1" 200 54258815 "http://www.secrepo.com/" "Mozilla/5.0 (Windows NT 10.0; Win64; x64) AppleWebKit/537.36 (KHTML, like Gecko) Chrome/65.0.3325.181 Safari/537.36" 
97.91.135.46 - - [17/Apr/2018:20:16:43 -0700] "GET /maccdc2012/maccdc2012_full_alert.7z HTTP/1.1" 200 24978941 "http://www.secrepo.com/" "Mozilla/5.0 (Windows NT 10.0; Win64; x64) AppleWebKit/537.36 (KHTML, like Gecko) Chrome/65.0.3325.181 Safari/537.36" 
97.91.135.46 - - [17/Apr/2018:20:16:46 -0700] "GET /tg/a.zip HTTP/1.1" 200 66189336 "http://www.secrepo.com/" "Mozilla/5.0 (Windows NT 10.0; Win64; x64) AppleWebKit/537.36 (KHTML, like Gecko) Chrome/65.0.3325.181 Safari/537.36" 
97.91.135.46 - - [17/Apr/2018:20:16:47 -0700] "GET /tg/b.zip HTTP/1.1" 200 42298164 "http://www.secrepo.com/" "Mozilla/5.0 (Windows NT 10.0; Win64; x64) AppleWebKit/537.36 (KHTML, like Gecko) Chrome/65.0.3325.181 Safari/537.36" 
97.91.135.46 - - [17/Apr/2018:20:16:48 -0700] "GET /tg/c.zip HTTP/1.1" 200 63359118 "http://www.secrepo.com/" "Mozilla/5.0 (Windows NT 10.0; Win64; x64) AppleWebKit/537.36 (KHTML, like Gecko) Chrome/65.0.3325.181 Safari/537.36" 
97.91.135.46 - - [17/Apr/2018:20:16:34 -0700] "GET /maccdc2012/conn.log.gz HTTP/1.1" 200 551041634 "http://www.secrepo.com/" "Mozilla/5.0 (Windows NT 10.0; Win64; x64) AppleWebKit/537.36 (KHTML, like Gecko) Chrome/65.0.3325.181 Safari/537.36" 
102.181.194.40 - - [17/Apr/2018:20:28:58 -0700] "GET /tg/tg_snort_fast.7z HTTP/1.1" 304 131 "-" "Mozilla/5.0 Gecko/20100115 Firefox/3.6" 
75.74.204.17 - - [17/Apr/2018:20:32:00 -0700] "GET / HTTP/1.1" 200 11061 "https://www.reddit.com/r/datasets/comments/3tbxap/cyber_security_datasets/" "Mozilla/5.0 (Windows NT 10.0; Win64; x64) AppleWebKit/537.36 (KHTML, like Gecko) Chrome/52.0.2743.116 Safari/537.36 Edge/15.15063" 
75.74.204.17 - - [17/Apr/2018:20:32:00 -0700] "GET /GitHub-Mark.png HTTP/1.1" 200 7427 "http://www.secrepo.com/" "Mozilla/5.0 (Windows NT 10.0; Win64; x64) AppleWebKit/537.36 (KHTML, like Gecko) Chrome/52.0.2743.116 Safari/537.36 Edge/15.15063" 
75.74.204.17 - - [17/Apr/2018:20:32:00 -0700] "GET /twitter-icon.png HTTP/1.1" 200 27788 "http://www.secrepo.com/" "Mozilla/5.0 (Windows NT 10.0; Win64; x64) AppleWebKit/537.36 (KHTML, like Gecko) Chrome/52.0.2743.116 Safari/537.36 Edge/15.15063" 
75.74.204.17 - - [17/Apr/2018:20:32:02 -0700] "GET /bootstrap/img/favicon.ico HTTP/1.1" 200 590 "-" "Mozilla/5.0 (Windows NT 10.0; Win64; x64) AppleWebKit/537.36 (KHTML, like Gecko) Chrome/52.0.2743.116 Safari/537.36 Edge/15.15063" 
157.55.39.39 - - [17/Apr/2018:20:32:15 -0700] "GET /self.logs/access.log.2017-06-27.gz HTTP/1.1" 200 17939 "-" "Mozilla/5.0 (compatible; bingbot/2.0; +http://www.bing.com/bingbot.htm)" 
75.74.204.17 - - [17/Apr/2018:20:32:26 -0700] "GET /maccdc2012/maccdc2012_fast_alert.7z HTTP/1.1" 200 8787740 "http://www.secrepo.com/" "Mozilla/5.0 (Windows NT 10.0; Win64; x64) AppleWebKit/537.36 (KHTML, like Gecko) Chrome/52.0.2743.116 Safari/537.36 Edge/15.15063" 
202.113.13.138 - - [17/Apr/2018:20:33:42 -0700] "GET / HTTP/1.1" 200 11061 "-" "Mozilla/5.0 (Windows NT 6.3; WOW64) AppleWebKit/537.36 (KHTML, like Gecko) Chrome/65.0.3325.181 Safari/537.36" 
202.113.13.138 - - [17/Apr/2018:20:33:42 -0700] "GET /twitter-icon.png HTTP/1.1" 200 27787 "http://www.secrepo.com/" "Mozilla/5.0 (Windows NT 6.3; WOW64) AppleWebKit/537.36 (KHTML, like Gecko) Chrome/65.0.3325.181 Safari/537.36" 
202.113.13.138 - - [17/Apr/2018:20:33:42 -0700] "GET /GitHub-Mark.png HTTP/1.1" 200 7428 "http://www.secrepo.com/" "Mozilla/5.0 (Windows NT 6.3; WOW64) AppleWebKit/537.36 (KHTML, like Gecko) Chrome/65.0.3325.181 Safari/537.36" 
211.81.63.130 - - [17/Apr/2018:20:33:43 -0700] "HEAD /twitter-icon.png HTTP/1.1" 200 216 "http://www.secrepo.com/" "Mozilla/5.0 (Windows NT 6.3; WOW64) AppleWebKit/537.36 (KHTML, like Gecko) Chrome/65.0.3325.181 Safari/537.36" 
211.81.63.130 - - [17/Apr/2018:20:33:43 -0700] "HEAD /GitHub-Mark.png HTTP/1.1" 200 215 "http://www.secrepo.com/" "Mozilla/5.0 (Windows NT 6.3; WOW64) AppleWebKit/537.36 (KHTML, like Gecko) Chrome/65.0.3325.181 Safari/537.36" 
202.113.13.138 - - [17/Apr/2018:20:33:44 -0700] "GET /bootstrap/img/favicon.ico HTTP/1.1" 200 589 "http://www.secrepo.com/" "Mozilla/5.0 (Windows NT 6.3; WOW64) AppleWebKit/537.36 (KHTML, like Gecko) Chrome/65.0.3325.181 Safari/537.36" 
216.244.66.227 - - [17/Apr/2018:20:34:19 -0700] "GET /robots.txt HTTP/1.1" 200 233 "-" "Mozilla/5.0 (compatible; DotBot/1.1; http://www.opensiteexplorer.org/dotbot, help@moz.com)" 
113.171.224.176 - - [17/Apr/2018:20:37:14 -0700] "GET /honeypot/Honeypot%20-%20Howto.pdf HTTP/1.1" 200 46720 "-" "Mozilla/5.0 Gecko/20100115 Firefox/3.6" 
216.244.66.227 - - [17/Apr/2018:20:39:36 -0700] "GET /self.logs/error.log.2017-12-31.gz HTTP/1.1" 200 2443 "-" "Mozilla/5.0 (compatible; DotBot/1.1; http://www.opensiteexplorer.org/dotbot, help@moz.com)" 
216.244.66.227 - - [17/Apr/2018:20:39:39 -0700] "GET /self.logs/error.log.2018-01-02.gz HTTP/1.1" 200 2977 "-" "Mozilla/5.0 (compatible; DotBot/1.1; http://www.opensiteexplorer.org/dotbot, help@moz.com)" 
73.102.76.133 - - [17/Apr/2018:20:47:28 -0700] "GET / HTTP/1.1" 200 11061 "-" "Mozilla/5.0 (Macintosh; Intel Mac OS X 10_13_3) AppleWebKit/604.5.6 (KHTML, like Gecko) Version/11.0.3 Safari/604.5.6" 
73.102.76.133 - - [17/Apr/2018:20:47:28 -0700] "GET /GitHub-Mark.png HTTP/1.1" 200 7427 "http://www.secrepo.com/" "Mozilla/5.0 (Macintosh; Intel Mac OS X 10_13_3) AppleWebKit/604.5.6 (KHTML, like Gecko) Version/11.0.3 Safari/604.5.6" 
73.102.76.133 - - [17/Apr/2018:20:47:29 -0700] "GET /bootstrap/img/favicon.ico HTTP/1.1" 200 589 "http://www.secrepo.com/" "Mozilla/5.0 (Macintosh; Intel Mac OS X 10_13_3) AppleWebKit/604.5.6 (KHTML, like Gecko) Version/11.0.3 Safari/604.5.6" 
36.78.123.154 - - [17/Apr/2018:20:51:20 -0700] "GET / HTTP/1.1" 200 11061 "https://www.google.com/" "Mozilla/5.0 (Windows NT 10.0; Win64; x64; rv:59.0) Gecko/20100101 Firefox/59.0" 
36.78.123.154 - - [17/Apr/2018:20:51:27 -0700] "GET /twitter-icon.png HTTP/1.1" 200 27788 "http://www.secrepo.com/" "Mozilla/5.0 (Windows NT 10.0; Win64; x64; rv:59.0) Gecko/20100101 Firefox/59.0" 
36.78.123.154 - - [17/Apr/2018:20:51:27 -0700] "GET /GitHub-Mark.png HTTP/1.1" 200 7428 "http://www.secrepo.com/" "Mozilla/5.0 (Windows NT 10.0; Win64; x64; rv:59.0) Gecko/20100101 Firefox/59.0" 
36.78.123.154 - - [17/Apr/2018:20:51:27 -0700] "GET /bootstrap/img/favicon.ico HTTP/1.1" 200 590 "-" "Mozilla/5.0 (Windows NT 10.0; Win64; x64; rv:59.0) Gecko/20100101 Firefox/59.0" 
36.78.123.154 - - [17/Apr/2018:20:52:02 -0700] "GET /maccdc2012/maccdc2012_fast_alert.7z HTTP/1.1" 200 172800 "http://www.secrepo.com/" "Mozilla/5.0 (Windows NT 10.0; Win64; x64; rv:59.0) Gecko/20100101 Firefox/59.0" 
36.78.123.154 - - [17/Apr/2018:20:52:05 -0700] "GET /maccdc2012/maccdc2012_fast_alert.7z HTTP/1.1" 206 1237760 "http://www.secrepo.com/" "Mozilla/5.0 (Windows NT 10.0; Win64; x64; rv:59.0) Gecko/20100101 Firefox/59.0" 
36.78.123.154 - - [17/Apr/2018:20:52:05 -0700] "GET /maccdc2012/maccdc2012_fast_alert.7z HTTP/1.1" 206 581120 "http://www.secrepo.com/" "Mozilla/5.0 (Windows NT 10.0; Win64; x64; rv:59.0) Gecko/20100101 Firefox/59.0" 
36.78.123.154 - - [17/Apr/2018:20:52:04 -0700] "GET /maccdc2012/maccdc2012_fast_alert.7z HTTP/1.1" 206 1227520 "http://www.secrepo.com/" "Mozilla/5.0 (Windows NT 10.0; Win64; x64; rv:59.0) Gecko/20100101 Firefox/59.0" 
36.78.123.154 - - [17/Apr/2018:20:52:04 -0700] "GET /maccdc2012/maccdc2012_fast_alert.7z HTTP/1.1" 206 428800 "http://www.secrepo.com/" "Mozilla/5.0 (Windows NT 10.0; Win64; x64; rv:59.0) Gecko/20100101 Firefox/59.0" 
36.78.123.154 - - [17/Apr/2018:20:53:26 -0700] "GET /maccdc2012/maccdc2012_fast_alert.7z HTTP/1.1" 206 473496 "http://www.secrepo.com/" "Mozilla/5.0 (Windows NT 10.0; Win64; x64; rv:59.0) Gecko/20100101 Firefox/59.0" 
36.78.123.154 - - [17/Apr/2018:20:52:05 -0700] "GET /maccdc2012/maccdc2012_fast_alert.7z HTTP/1.1" 206 1167073 "http://www.secrepo.com/" "Mozilla/5.0 (Windows NT 10.0; Win64; x64; rv:59.0) Gecko/20100101 Firefox/59.0" 
36.78.123.154 - - [17/Apr/2018:20:54:18 -0700] "GET /maccdc2012/maccdc2012_fast_alert.7z HTTP/1.1" 206 186393 "http://www.secrepo.com/" "Mozilla/5.0 (Windows NT 10.0; Win64; x64; rv:59.0) Gecko/20100101 Firefox/59.0" 
36.78.123.154 - - [17/Apr/2018:20:53:25 -0700] "GET /maccdc2012/maccdc2012_fast_alert.7z HTTP/1.1" 206 631284 "http://www.secrepo.com/" "Mozilla/5.0 (Windows NT 10.0; Win64; x64; rv:59.0) Gecko/20100101 Firefox/59.0" 
123.127.54.51 - - [17/Apr/2018:20:54:26 -0700] "GET /favicon.ico HTTP/1.1" 200 268 "-" "Mozilla/5.0 (Windows NT 6.1; WOW64) AppleWebKit/537.36 (KHTML, like Gecko) Chrome/55.0.2883.87 Safari/537.36" 
36.78.123.154 - - [17/Apr/2018:20:54:29 -0700] "GET /maccdc2012/maccdc2012_fast_alert.7z HTTP/1.1" 206 54935 "http://www.secrepo.com/" "Mozilla/5.0 (Windows NT 10.0; Win64; x64; rv:59.0) Gecko/20100101 Firefox/59.0" 
36.78.123.154 - - [17/Apr/2018:20:54:32 -0700] "GET /maccdc2012/maccdc2012_fast_alert.7z HTTP/1.1" 206 39199 "http://www.secrepo.com/" "Mozilla/5.0 (Windows NT 10.0; Win64; x64; rv:59.0) Gecko/20100101 Firefox/59.0" 
36.78.123.154 - - [17/Apr/2018:20:54:33 -0700] "GET /maccdc2012/maccdc2012_fast_alert.7z HTTP/1.1" 206 33991 "http://www.secrepo.com/" "Mozilla/5.0 (Windows NT 10.0; Win64; x64; rv:59.0) Gecko/20100101 Firefox/59.0" 
36.78.123.154 - - [17/Apr/2018:20:52:44 -0700] "GET /maccdc2012/maccdc2012_fast_alert.7z HTTP/1.1" 206 989855 "http://www.secrepo.com/" "Mozilla/5.0 (Windows NT 10.0; Win64; x64; rv:59.0) Gecko/20100101 Firefox/59.0" 
36.78.123.154 - - [17/Apr/2018:20:54:00 -0700] "GET /maccdc2012/maccdc2012_fast_alert.7z HTTP/1.1" 206 244142 "http://www.secrepo.com/" "Mozilla/5.0 (Windows NT 10.0; Win64; x64; rv:59.0) Gecko/20100101 Firefox/59.0" 
36.78.123.154 - - [17/Apr/2018:20:54:35 -0700] "GET /maccdc2012/maccdc2012_fast_alert.7z HTTP/1.1" 206 18496 "http://www.secrepo.com/" "Mozilla/5.0 (Windows NT 10.0; Win64; x64; rv:59.0) Gecko/20100101 Firefox/59.0" 
36.78.123.154 - - [17/Apr/2018:20:54:35 -0700] "GET /maccdc2012/maccdc2012_fast_alert.7z HTTP/1.1" 206 16563 "http://www.secrepo.com/" "Mozilla/5.0 (Windows NT 10.0; Win64; x64; rv:59.0) Gecko/20100101 Firefox/59.0" 
36.78.123.154 - - [17/Apr/2018:20:52:05 -0700] "GET /maccdc2012/maccdc2012_fast_alert.7z HTTP/1.1" 206 976640 "http://www.secrepo.com/" "Mozilla/5.0 (Windows NT 10.0; Win64; x64; rv:59.0) Gecko/20100101 Firefox/59.0" 
36.78.123.154 - - [17/Apr/2018:20:54:36 -0700] "GET /maccdc2012/maccdc2012_fast_alert.7z HTTP/1.1" 206 12843 "http://www.secrepo.com/" "Mozilla/5.0 (Windows NT 10.0; Win64; x64; rv:59.0) Gecko/20100101 Firefox/59.0" 
36.78.123.154 - - [17/Apr/2018:20:53:24 -0700] "GET /maccdc2012/maccdc2012_fast_alert.7z HTTP/1.1" 206 471040 "http://www.secrepo.com/" "Mozilla/5.0 (Windows NT 10.0; Win64; x64; rv:59.0) Gecko/20100101 Firefox/59.0" 
36.78.123.154 - - [17/Apr/2018:20:52:04 -0700] "GET /maccdc2012/maccdc2012_fast_alert.7z HTTP/1.1" 206 1079040 "http://www.secrepo.com/" "Mozilla/5.0 (Windows NT 10.0; Win64; x64; rv:59.0) Gecko/20100101 Firefox/59.0" 
36.78.123.154 - - [17/Apr/2018:20:54:37 -0700] "GET /maccdc2012/maccdc2012_fast_alert.7z HTTP/1.1" 206 19910 "http://www.secrepo.com/" "Mozilla/5.0 (Windows NT 10.0; Win64; x64; rv:59.0) Gecko/20100101 Firefox/59.0" 
36.78.123.154 - - [17/Apr/2018:20:54:37 -0700] "GET /maccdc2012/maccdc2012_fast_alert.7z HTTP/1.1" 206 12842 "http://www.secrepo.com/" "Mozilla/5.0 (Windows NT 10.0; Win64; x64; rv:59.0) Gecko/20100101 Firefox/59.0" 
36.78.123.154 - - [17/Apr/2018:20:54:28 -0700] "GET /maccdc2012/maccdc2012_fast_alert.7z HTTP/1.1" 206 77567 "http://www.secrepo.com/" "Mozilla/5.0 (Windows NT 10.0; Win64; x64; rv:59.0) Gecko/20100101 Firefox/59.0" 
157.55.39.39 - - [17/Apr/2018:20:58:09 -0700] "GET /self.logs/error.log.2017-09-08.gz HTTP/1.1" 200 889 "-" "Mozilla/5.0 (compatible; bingbot/2.0; +http://www.bing.com/bingbot.htm)" 
66.249.65.139 - - [17/Apr/2018:21:01:24 -0700] "GET / HTTP/1.1" 200 11061 "-" "Mozilla/5.0 (compatible; Googlebot/2.1; +http://www.google.com/bot.html)" 
222.90.67.225 - - [17/Apr/2018:21:07:53 -0700] "GET /favicon.ico HTTP/1.1" 200 268 "-" "Mozilla/5.0 (Windows NT 10.0; WOW64) AppleWebKit/537.36 (KHTML, like Gecko) Chrome/49.0.2623.221 Safari/537.36 SE 2.X MetaSr 1.0" 
210.107.235.188 - - [17/Apr/2018:21:09:20 -0700] "GET / HTTP/1.1" 200 11061 "-" "Mozilla/5.0 (Windows NT 10.0; Win64; x64) AppleWebKit/537.36 (KHTML, like Gecko) Chrome/65.0.3325.181 Safari/537.36" 
162.242.144.71 - - [17/Apr/2018:21:09:21 -0700] "GET /robots.txt HTTP/1.1" 301 446 "-" "Tornado-Async-Client" 
162.242.144.71 - - [17/Apr/2018:21:09:21 -0700] "GET /robots.txt HTTP/1.1" 304 130 "-" "Tornado-Async-Client" 
162.242.144.71 - - [17/Apr/2018:21:09:21 -0700] "GET /honeypot/BSidesDFW%20-%202014.ipynb HTTP/1.1" 301 484 "-" "Tornado-Async-Client" 
162.242.144.71 - - [17/Apr/2018:21:09:21 -0700] "GET /honeypot/BSidesDFW%20-%202014.ipynb HTTP/1.1" 200 930780 "-" "Tornado-Async-Client" 
210.107.235.188 - - [17/Apr/2018:21:09:23 -0700] "GET /twitter-icon.png HTTP/1.1" 200 27788 "http://www.secrepo.com/" "Mozilla/5.0 (Windows NT 10.0; Win64; x64) AppleWebKit/537.36 (KHTML, like Gecko) Chrome/65.0.3325.181 Safari/537.36" 
210.107.235.188 - - [17/Apr/2018:21:09:24 -0700] "GET /GitHub-Mark.png HTTP/1.1" 200 7428 "http://www.secrepo.com/" "Mozilla/5.0 (Windows NT 10.0; Win64; x64) AppleWebKit/537.36 (KHTML, like Gecko) Chrome/65.0.3325.181 Safari/537.36" 
210.107.235.188 - - [17/Apr/2018:21:09:28 -0700] "GET /bootstrap/img/favicon.ico HTTP/1.1" 200 590 "http://www.secrepo.com/" "Mozilla/5.0 (Windows NT 10.0; Win64; x64) AppleWebKit/537.36 (KHTML, like Gecko) Chrome/65.0.3325.181 Safari/537.36" 
104.42.198.99 - - [17/Apr/2018:21:16:59 -0700] "GET /tg/tg_snort_full.7z HTTP/1.1" 200 8847783 "-" "Mozilla/4.0 (compatible; MSIE 6.0; Windows NT 5.1; .NET CLR 1.1.4322; .NET CLR 2.0.50727)" 
5.9.144.234 - - [17/Apr/2018:21:17:13 -0700] "GET /robots.txt HTTP/1.1" 301 518 "-" "Mozilla/5.0 (compatible; MJ12bot/v1.4.8; http://mj12bot.com/)" 
5.9.144.234 - - [17/Apr/2018:21:17:14 -0700] "GET /robots.txt HTTP/1.1" 200 289 "-" "Mozilla/5.0 (compatible; MJ12bot/v1.4.8; http://mj12bot.com/)" 
104.42.198.99 - - [17/Apr/2018:21:17:21 -0700] "GET /tg/tg_snort_fast.7z HTTP/1.1" 200 4274082 "-" "Mozilla/4.0 (compatible; MSIE 6.0; Windows NT 5.1; .NET CLR 1.1.4322; .NET CLR 2.0.50727)" 
210.107.235.188 - - [17/Apr/2018:21:17:43 -0700] "GET / HTTP/1.1" 200 11061 "-" "Mozilla/5.0 (Windows NT 10.0; Win64; x64) AppleWebKit/537.36 (KHTML, like Gecko) Chrome/65.0.3325.181 Safari/537.36" 
210.107.235.188 - - [17/Apr/2018:21:17:43 -0700] "GET /twitter-icon.png HTTP/1.1" 200 27787 "http://www.secrepo.com/" "Mozilla/5.0 (Windows NT 10.0; Win64; x64) AppleWebKit/537.36 (KHTML, like Gecko) Chrome/65.0.3325.181 Safari/537.36" 
210.107.235.188 - - [17/Apr/2018:21:17:43 -0700] "GET /GitHub-Mark.png HTTP/1.1" 200 7428 "http://www.secrepo.com/" "Mozilla/5.0 (Windows NT 10.0; Win64; x64) AppleWebKit/537.36 (KHTML, like Gecko) Chrome/65.0.3325.181 Safari/537.36" 
120.188.92.210 - - [17/Apr/2018:21:19:25 -0700] "GET / HTTP/1.1" 200 11061 "-" "Mozilla/5.0 (Windows NT 10.0; Win64; x64; rv:59.0) Gecko/20100101 Firefox/59.0" 
120.188.92.210 - - [17/Apr/2018:21:21:40 -0700] "GET / HTTP/1.1" 301 483 "https://t.co/gXeVd4lRrn" "Mozilla/5.0 (Windows NT 10.0; Win64; x64; rv:59.0) Gecko/20100101 Firefox/59.0" 
120.188.92.210 - - [17/Apr/2018:21:22:35 -0700] "GET / HTTP/1.1" 200 11061 "https://t.co/gXeVd4lRrn" "Mozilla/5.0 (Windows NT 10.0; Win64; x64; rv:59.0) Gecko/20100101 Firefox/59.0" 
123.124.246.124 - - [17/Apr/2018:21:30:30 -0700] "GET / HTTP/1.1" 200 11061 "-" "Mozilla/5.0 (Windows NT 6.3; WOW64) AppleWebKit/537.36 (KHTML, like Gecko) Chrome/63.0.3239.108 Safari/537.36" 
123.124.246.124 - - [17/Apr/2018:21:30:31 -0700] "GET /twitter-icon.png HTTP/1.1" 200 27787 "http://www.secrepo.com/" "Mozilla/5.0 (Windows NT 6.3; WOW64) AppleWebKit/537.36 (KHTML, like Gecko) Chrome/63.0.3239.108 Safari/537.36" 
123.124.246.124 - - [17/Apr/2018:21:30:31 -0700] "GET /GitHub-Mark.png HTTP/1.1" 200 7428 "http://www.secrepo.com/" "Mozilla/5.0 (Windows NT 6.3; WOW64) AppleWebKit/537.36 (KHTML, like Gecko) Chrome/63.0.3239.108 Safari/537.36" 
179.222.16.23 - - [17/Apr/2018:21:33:35 -0700] "GET /wp-login.php HTTP/1.1" 418 732 "-" "Mozilla/5.0 (Windows NT 6.1; WOW64; rv:40.0) Gecko/20100101 Firefox/40.1" 
179.222.16.23 - - [17/Apr/2018:21:33:35 -0700] "GET / HTTP/1.1" 418 732 "-" "Mozilla/5.0 (Windows NT 6.1; WOW64; rv:40.0) Gecko/20100101 Firefox/40.1" 
207.46.13.227 - - [17/Apr/2018:21:34:40 -0700] "GET /maccdc2012/http.log.gz HTTP/1.1" 200 831138 "-" "Mozilla/5.0 (compatible; bingbot/2.0; +http://www.bing.com/bingbot.htm)" 
64.233.173.61 - - [17/Apr/2018:21:36:21 -0700] "GET / HTTP/1.1" 200 11061 "-" "Mozilla/5.0 (Linux; Android 7.0; SM-C701F Build/NRD90M) AppleWebKit/537.36 (KHTML, like Gecko) Chrome/65.0.3325.109 Mobile Safari/537.36" 
64.233.173.63 - - [17/Apr/2018:21:36:22 -0700] "GET /GitHub-Mark.png HTTP/1.1" 200 7428 "http://www.secrepo.com/" "Mozilla/5.0 (Linux; Android 7.0; SM-C701F Build/NRD90M) AppleWebKit/537.36 (KHTML, like Gecko) Chrome/65.0.3325.109 Mobile Safari/537.36" 
64.233.173.63 - - [17/Apr/2018:21:36:22 -0700] "GET /twitter-icon.png HTTP/1.1" 200 27788 "http://www.secrepo.com/" "Mozilla/5.0 (Linux; Android 7.0; SM-C701F Build/NRD90M) AppleWebKit/537.36 (KHTML, like Gecko) Chrome/65.0.3325.109 Mobile Safari/537.36" 
64.233.173.63 - - [17/Apr/2018:21:36:23 -0700] "GET /bootstrap/img/favicon.ico HTTP/1.1" 200 589 "http://www.secrepo.com/" "Mozilla/5.0 (Linux; Android 7.0; SM-C701F Build/NRD90M) AppleWebKit/537.36 (KHTML, like Gecko) Chrome/65.0.3325.109 Mobile Safari/537.36" 
113.171.224.176 - - [17/Apr/2018:21:37:20 -0700] "GET /honeypot/Honeypot%20-%20Howto.pdf HTTP/1.1" 200 46720 "-" "Mozilla/5.0 Gecko/20100115 Firefox/3.6" 
58.16.27.213 - - [17/Apr/2018:21:38:51 -0700] "GET /favicon.ico HTTP/1.1" 304 163 "-" "Mozilla/5.0 (Windows NT 6.1; WOW64) AppleWebKit/537.36 (KHTML, like Gecko) Chrome/57.0.2987.98 Safari/537.36 LBBROWSER" 
207.46.13.227 - - [17/Apr/2018:21:40:00 -0700] "GET /self.logs/ HTTP/1.1" 200 9410 "-" "Mozilla/5.0 (compatible; bingbot/2.0; +http://www.bing.com/bingbot.htm)" 
120.221.0.34 - - [17/Apr/2018:21:41:38 -0700] "GET /honeypot/Honeypot%20-%20Howto.pdf HTTP/1.1" 304 131 "-" "Mozilla/5.0 Gecko/20100115 Firefox/3.6" 
207.46.13.187 - - [17/Apr/2018:21:47:18 -0700] "GET /self.logs/access.log.2018-04-10.gz HTTP/1.1" 200 33950 "-" "Mozilla/5.0 (compatible; bingbot/2.0; +http://www.bing.com/bingbot.htm)" 
207.46.13.195 - - [17/Apr/2018:21:47:19 -0700] "GET /self.logs/access.log.2018-04-13.gz HTTP/1.1" 200 26282 "-" "Mozilla/5.0 (compatible; bingbot/2.0; +http://www.bing.com/bingbot.htm)" 
207.46.13.193 - - [17/Apr/2018:21:47:22 -0700] "GET /self.logs/access.log.2018-04-11.gz HTTP/1.1" 200 21266 "-" "Mozilla/5.0 (compatible; bingbot/2.0; +http://www.bing.com/bingbot.htm)" 
207.46.13.208 - - [17/Apr/2018:21:47:46 -0700] "GET /robots.txt HTTP/1.1" 200 334 "-" "Mozilla/5.0 (compatible; bingbot/2.0; +http://www.bing.com/bingbot.htm)" 
207.46.13.187 - - [17/Apr/2018:21:52:19 -0700] "GET /self.logs/error.log.2018-04-09.gz HTTP/1.1" 200 5524 "-" "Mozilla/5.0 (compatible; bingbot/2.0; +http://www.bing.com/bingbot.htm)" 
207.46.13.187 - - [17/Apr/2018:21:52:19 -0700] "GET /self.logs/error.log.2018-04-13.gz HTTP/1.1" 200 5421 "-" "Mozilla/5.0 (compatible; bingbot/2.0; +http://www.bing.com/bingbot.htm)" 
207.46.13.187 - - [17/Apr/2018:21:52:19 -0700] "GET /self.logs/error.log.2018-04-14.gz HTTP/1.1" 200 4159 "-" "Mozilla/5.0 (compatible; bingbot/2.0; +http://www.bing.com/bingbot.htm)" 
207.46.13.195 - - [17/Apr/2018:21:52:20 -0700] "GET /self.logs/error.log.2018-04-10.gz HTTP/1.1" 200 7333 "-" "Mozilla/5.0 (compatible; bingbot/2.0; +http://www.bing.com/bingbot.htm)" 
207.46.13.195 - - [17/Apr/2018:21:52:20 -0700] "GET /self.logs/access.log.2018-04-09.gz HTTP/1.1" 200 30349 "-" "Mozilla/5.0 (compatible; bingbot/2.0; +http://www.bing.com/bingbot.htm)" 
207.46.13.195 - - [17/Apr/2018:21:52:21 -0700] "GET /self.logs/access.log.2018-04-14.gz HTTP/1.1" 200 15925 "-" "Mozilla/5.0 (compatible; bingbot/2.0; +http://www.bing.com/bingbot.htm)" 
207.46.13.193 - - [17/Apr/2018:21:52:23 -0700] "GET /self.logs/error.log.2018-04-12.gz HTTP/1.1" 200 4251 "-" "Mozilla/5.0 (compatible; bingbot/2.0; +http://www.bing.com/bingbot.htm)" 
157.55.39.108 - - [17/Apr/2018:21:52:27 -0700] "GET /self.logs/access.log.2018-04-12.gz HTTP/1.1" 200 21425 "-" "Mozilla/5.0 (compatible; bingbot/2.0; +http://www.bing.com/bingbot.htm)" 
157.55.39.108 - - [17/Apr/2018:21:52:27 -0700] "GET /self.logs/error.log.2018-04-11.gz HTTP/1.1" 200 4480 "-" "Mozilla/5.0 (compatible; bingbot/2.0; +http://www.bing.com/bingbot.htm)" 
157.55.39.39 - - [17/Apr/2018:21:55:11 -0700] "GET /auth.log/auth.log.gz HTTP/1.1" 200 554524 "-" "Mozilla/5.0 (compatible; bingbot/2.0; +http://www.bing.com/bingbot.htm)" 
52.165.148.51 - - [17/Apr/2018:21:56:24 -0700] "GET / HTTP/1.1" 301 446 "-" "Mozilla/5.0 (Windows NT 10.0; Win64; x64; rv:57.0) Gecko/20100101 Firefox/57.0" 
207.46.13.227 - - [17/Apr/2018:21:57:26 -0700] "GET /honeypot/BSidesDFW%20-%202014.ipynb HTTP/1.1" 200 894600 "-" "Mozilla/5.0 (compatible; bingbot/2.0; +http://www.bing.com/bingbot.htm)" 
219.147.95.147 - - [17/Apr/2018:21:59:41 -0700] "GET /honeypot/honeypot.json.zip HTTP/1.1" 304 169 "-" "Java/1.6.0_24" 
207.46.13.208 - - [17/Apr/2018:22:03:14 -0700] "GET /maccdc2012/files.log.gz HTTP/1.1" 200 817842 "-" "Mozilla/5.0 (compatible; bingbot/2.0; +http://www.bing.com/bingbot.htm)" 
223.25.26.179 - - [17/Apr/2018:22:08:40 -0700] "GET /wp-login.php HTTP/1.1" 418 732 "-" "Mozilla/5.0 (Windows NT 6.1; WOW64; rv:40.0) Gecko/20100101 Firefox/40.1" 
223.25.26.179 - - [17/Apr/2018:22:08:41 -0700] "GET / HTTP/1.1" 418 732 "-" "Mozilla/5.0 (Windows NT 6.1; WOW64; rv:40.0) Gecko/20100101 Firefox/40.1" 
5.31.143.47 - - [17/Apr/2018:22:09:52 -0700] "GET / HTTP/1.1" 200 11061 "-" "Mozilla/5.0 (Windows NT 6.1; Win64; x64) AppleWebKit/537.36 (KHTML, like Gecko) Chrome/65.0.3325.181 Safari/537.36" 
5.31.143.47 - - [17/Apr/2018:22:09:55 -0700] "GET /GitHub-Mark.png HTTP/1.1" 200 7428 "http://www.secrepo.com/" "Mozilla/5.0 (Windows NT 6.1; Win64; x64) AppleWebKit/537.36 (KHTML, like Gecko) Chrome/65.0.3325.181 Safari/537.36" 
