54.36.149.8 - - [11/Oct/2018:02:33:05 -0700] "GET /self.logs/2016/access.log.2016-10-04.gz HTTP/1.1" 200 9568 "-" "Mozilla/5.0 (compatible; AhrefsBot/5.2; +http://ahrefs.com/robot/)" 
41.223.160.173 - - [11/Oct/2018:02:34:01 -0700] "GET /maccdc2012/dns.log.gz HTTP/1.1" 304 154 "-" "Mozilla/5.0 Gecko/20100115 Firefox/3.6" 
216.244.66.245 - - [11/Oct/2018:02:36:45 -0700] "GET /self.logs/error.log.2018-09-21.gz HTTP/1.1" 200 5878 "-" "Mozilla/5.0 (compatible; DotBot/1.1; http://www.opensiteexplorer.org/dotbot, help@moz.com)" 
202.113.11.223 - - [11/Oct/2018:02:39:28 -0700] "GET / HTTP/1.1" 200 12383 "https://cn.bing.com/" "Mozilla/5.0 (Windows NT 6.1; Win64; x64) AppleWebKit/537.36 (KHTML, like Gecko) Chrome/68.0.3440.106 Safari/537.36" 
202.113.11.223 - - [11/Oct/2018:02:39:28 -0700] "GET /twitter-icon.png HTTP/1.1" 200 27787 "http://www.secrepo.com/" "Mozilla/5.0 (Windows NT 6.1; Win64; x64) AppleWebKit/537.36 (KHTML, like Gecko) Chrome/68.0.3440.106 Safari/537.36" 
202.113.11.223 - - [11/Oct/2018:02:39:28 -0700] "GET /GitHub-Mark.png HTTP/1.1" 200 7428 "http://www.secrepo.com/" "Mozilla/5.0 (Windows NT 6.1; Win64; x64) AppleWebKit/537.36 (KHTML, like Gecko) Chrome/68.0.3440.106 Safari/537.36" 
202.113.11.223 - - [11/Oct/2018:02:39:30 -0700] "GET /bootstrap/img/favicon.ico HTTP/1.1" 200 589 "http://www.secrepo.com/" "Mozilla/5.0 (Windows NT 6.1; Win64; x64) AppleWebKit/537.36 (KHTML, like Gecko) Chrome/68.0.3440.106 Safari/537.36" 
216.244.66.245 - - [11/Oct/2018:02:40:56 -0700] "GET /self.logs/access.log.2017-01-22.gz HTTP/1.1" 200 12299 "-" "Mozilla/5.0 (compatible; DotBot/1.1; http://www.opensiteexplorer.org/dotbot, help@moz.com)" 
216.244.66.245 - - [11/Oct/2018:02:40:58 -0700] "GET /self.logs/access.log.2017-10-03.gz HTTP/1.1" 200 31260 "-" "Mozilla/5.0 (compatible; DotBot/1.1; http://www.opensiteexplorer.org/dotbot, help@moz.com)" 
216.244.66.245 - - [11/Oct/2018:02:41:00 -0700] "GET /self.logs/error.log.2017-05-13.gz HTTP/1.1" 200 804 "-" "Mozilla/5.0 (compatible; DotBot/1.1; http://www.opensiteexplorer.org/dotbot, help@moz.com)" 
216.244.66.245 - - [11/Oct/2018:02:41:02 -0700] "GET /self.logs/error.log.2018-06-29.gz HTTP/1.1" 200 5308 "-" "Mozilla/5.0 (compatible; DotBot/1.1; http://www.opensiteexplorer.org/dotbot, help@moz.com)" 
71.185.55.153 - - [11/Oct/2018:02:42:17 -0700] "GET /twitter-icon.png HTTP/1.1" 200 27788 "http://www.secrepo.com/" "Mozilla/5.0 (Macintosh; Intel Mac OS X 10_13_6) AppleWebKit/605.1.15 (KHTML, like Gecko) Version/12.0 Safari/605.1.15" 
54.36.149.33 - - [11/Oct/2018:02:44:47 -0700] "GET /self.logs/access.log.2018-09-15.gz HTTP/1.1" 200 24176 "-" "Mozilla/5.0 (compatible; AhrefsBot/5.2; +http://ahrefs.com/robot/)" 
18.219.142.57 - - [11/Oct/2018:02:45:15 -0700] "GET / HTTP/1.1" 200 12383 "-" "Mozilla/5.0 (X11; Linux x86_64) AppleWebKit/537.36 (KHTML, like Gecko) Chrome/51.0.2704.106 Safari/537.36 OPR/38.0.2220.41" 
216.244.66.245 - - [11/Oct/2018:02:51:13 -0700] "GET /self.logs/access.log.2015-03-13.gz HTTP/1.1" 404 239 "-" "Mozilla/5.0 (compatible; DotBot/1.1; http://www.opensiteexplorer.org/dotbot, help@moz.com)" 
216.244.66.245 - - [11/Oct/2018:02:51:14 -0700] "GET /self.logs/access.log.2015-08-20.gz HTTP/1.1" 404 239 "-" "Mozilla/5.0 (compatible; DotBot/1.1; http://www.opensiteexplorer.org/dotbot, help@moz.com)" 
216.244.66.245 - - [11/Oct/2018:02:51:15 -0700] "GET /self.logs/access.log.2016-04-26.gz HTTP/1.1" 404 239 "-" "Mozilla/5.0 (compatible; DotBot/1.1; http://www.opensiteexplorer.org/dotbot, help@moz.com)" 
216.244.66.245 - - [11/Oct/2018:02:51:16 -0700] "GET /self.logs/access.log.2016-12-07.gz HTTP/1.1" 404 239 "-" "Mozilla/5.0 (compatible; DotBot/1.1; http://www.opensiteexplorer.org/dotbot, help@moz.com)" 
216.244.66.245 - - [11/Oct/2018:02:51:17 -0700] "GET /self.logs/error.log.2015-08-12.gz HTTP/1.1" 404 239 "-" "Mozilla/5.0 (compatible; DotBot/1.1; http://www.opensiteexplorer.org/dotbot, help@moz.com)" 
216.244.66.245 - - [11/Oct/2018:02:51:19 -0700] "GET /self.logs/error.log.2015-12-23.gz HTTP/1.1" 404 239 "-" "Mozilla/5.0 (compatible; DotBot/1.1; http://www.opensiteexplorer.org/dotbot, help@moz.com)" 
216.244.66.245 - - [11/Oct/2018:02:51:20 -0700] "GET /self.logs/error.log.2016-11-12.gz HTTP/1.1" 404 239 "-" "Mozilla/5.0 (compatible; DotBot/1.1; http://www.opensiteexplorer.org/dotbot, help@moz.com)" 
216.244.66.245 - - [11/Oct/2018:02:51:21 -0700] "GET /self.logs/error.log.2016-12-24.gz HTTP/1.1" 404 239 "-" "Mozilla/5.0 (compatible; DotBot/1.1; http://www.opensiteexplorer.org/dotbot, help@moz.com)" 
66.249.66.83 - - [11/Oct/2018:03:03:26 -0700] "GET / HTTP/1.1" 200 12383 "-" "Mozilla/5.0 (Linux; Android 6.0.1; Nexus 5X Build/MMB29P) AppleWebKit/537.36 (KHTML, like Gecko) Chrome/41.0.2272.96 Mobile Safari/537.36 (compatible; Googlebot/2.1; +http://www.google.com/bot.html)" 
145.94.193.210 - - [11/Oct/2018:03:09:26 -0700] "GET /twitter-icon.png HTTP/1.1" 200 27788 "http://www.secrepo.com/" "Mozilla/5.0 (X11; Linux x86_64; rv:62.0) Gecko/20100101 Firefox/62.0" 
145.94.193.210 - - [11/Oct/2018:03:09:26 -0700] "GET /GitHub-Mark.png HTTP/1.1" 200 7428 "http://www.secrepo.com/" "Mozilla/5.0 (X11; Linux x86_64; rv:62.0) Gecko/20100101 Firefox/62.0" 
145.94.193.210 - - [11/Oct/2018:03:09:26 -0700] "GET /bootstrap/img/favicon.ico HTTP/1.1" 200 589 "-" "Mozilla/5.0 (X11; Linux x86_64; rv:62.0) Gecko/20100101 Firefox/62.0" 
145.94.193.210 - - [11/Oct/2018:03:09:26 -0700] "GET /favicon.ico HTTP/1.1" 200 267 "-" "Mozilla/5.0 (X11; Linux x86_64; rv:62.0) Gecko/20100101 Firefox/62.0" 
216.244.66.245 - - [11/Oct/2018:03:09:56 -0700] "GET /robots.txt HTTP/1.1" 200 233 "-" "Mozilla/5.0 (compatible; DotBot/1.1; http://www.opensiteexplorer.org/dotbot, help@moz.com)" 
54.36.148.208 - - [11/Oct/2018:03:12:31 -0700] "GET /self.logs/error.log.2015-03-24.gz HTTP/1.1" 404 284 "-" "Mozilla/5.0 (compatible; AhrefsBot/5.2; +http://ahrefs.com/robot/)" 
18.216.137.18 - - [11/Oct/2018:03:14:19 -0700] "GET / HTTP/1.1" 200 12383 "-" "Mozilla/5.0 (Windows NT 6.1; Win64; x64; rv:47.0) Trident/5.0 Chrome/51.0.2704.106 Safari/537.36 OPR/38.0.2220.41" 
113.171.224.176 - - [11/Oct/2018:03:14:43 -0700] "GET /honeypot/Honeypot%20-%20Howto.pdf HTTP/1.1" 200 61320 "-" "Mozilla/5.0 Gecko/20100115 Firefox/3.6" 
157.40.18.186 - - [11/Oct/2018:03:16:21 -0700] "GET /wp-login.php HTTP/1.1" 418 732 "-" "Mozilla/5.0 (Windows NT 6.1; WOW64; rv:40.0) Gecko/20100101 Firefox/40.1" 
157.40.18.186 - - [11/Oct/2018:03:16:22 -0700] "GET / HTTP/1.1" 418 732 "-" "Mozilla/5.0 (Windows NT 6.1; WOW64; rv:40.0) Gecko/20100101 Firefox/40.1" 
160.178.89.98 - - [11/Oct/2018:03:21:40 -0700] "GET / HTTP/1.1" 200 12383 "-" "Mozilla/5.0 (Macintosh; Intel Mac OS X 10_13_5) AppleWebKit/605.1.15 (KHTML, like Gecko)" 
160.178.89.98 - - [11/Oct/2018:03:21:40 -0700] "GET /apple-touch-icon-precomposed.png HTTP/1.1" 404 340 "-" "Safari/13605.2.8 CFNetwork/901.1 Darwin/17.6.0 (x86_64)" 
160.178.89.98 - - [11/Oct/2018:03:21:41 -0700] "GET /apple-touch-icon.png HTTP/1.1" 404 339 "-" "Safari/13605.2.8 CFNetwork/901.1 Darwin/17.6.0 (x86_64)" 
160.178.89.98 - - [11/Oct/2018:03:21:41 -0700] "GET /bootstrap/img/favicon.ico HTTP/1.1" 200 589 "-" "Safari/13605.2.8 CFNetwork/901.1 Darwin/17.6.0 (x86_64)" 
160.178.89.98 - - [11/Oct/2018:03:21:41 -0700] "GET / HTTP/1.1" 200 12382 "-" "\"Mozilla/5.0 (iPhone; CPU iPhone OS 11_0 like Mac OS X) AppleWebKit/604.1.38 (KHTML, like Gecko) Version/11.0 Mobile/15A372 Safari/604.1\"" 
160.178.89.98 - - [11/Oct/2018:03:21:41 -0700] "GET /apple-touch-icon-precomposed.png HTTP/1.1" 404 339 "-" "Safari/13605.2.8 CFNetwork/901.1 Darwin/17.6.0 (x86_64)" 
160.178.89.98 - - [11/Oct/2018:03:21:41 -0700] "GET /apple-touch-icon.png HTTP/1.1" 404 339 "-" "Safari/13605.2.8 CFNetwork/901.1 Darwin/17.6.0 (x86_64)" 
160.178.89.98 - - [11/Oct/2018:03:21:41 -0700] "GET /bootstrap/img/favicon.ico HTTP/1.1" 200 589 "-" "Safari/13605.2.8 CFNetwork/901.1 Darwin/17.6.0 (x86_64)" 
157.55.39.141 - - [11/Oct/2018:03:22:40 -0700] "GET /self.logs/?C=S;O=A HTTP/1.1" 200 14155 "-" "Mozilla/5.0 (compatible; bingbot/2.0; +http://www.bing.com/bingbot.htm)" 
216.244.66.245 - - [11/Oct/2018:03:24:40 -0700] "GET /self.logs/access.log.2017-10-15.gz HTTP/1.1" 200 78058 "-" "Mozilla/5.0 (compatible; DotBot/1.1; http://www.opensiteexplorer.org/dotbot, help@moz.com)" 
216.244.66.245 - - [11/Oct/2018:03:24:42 -0700] "GET /self.logs/access.log.2017-11-14.gz HTTP/1.1" 200 22835 "-" "Mozilla/5.0 (compatible; DotBot/1.1; http://www.opensiteexplorer.org/dotbot, help@moz.com)" 
216.244.66.245 - - [11/Oct/2018:03:24:44 -0700] "GET /self.logs/error.log.2017-07-24.gz HTTP/1.1" 200 923 "-" "Mozilla/5.0 (compatible; DotBot/1.1; http://www.opensiteexplorer.org/dotbot, help@moz.com)" 
216.244.66.245 - - [11/Oct/2018:03:24:46 -0700] "GET /self.logs/error.log.2017-09-02.gz HTTP/1.1" 200 934 "-" "Mozilla/5.0 (compatible; DotBot/1.1; http://www.opensiteexplorer.org/dotbot, help@moz.com)" 
13.58.201.75 - - [11/Oct/2018:03:27:21 -0700] "GET / HTTP/1.1" 200 12383 "-" "Mozilla/5.0 (Windows NT 6.1; Win64; x64; rv:47.0) Gecko/20100101 Firefox/42.0" 
54.36.148.183 - - [11/Oct/2018:03:27:31 -0700] "GET /self.logs/error.log.2018-07-11.gz HTTP/1.1" 200 6612 "-" "Mozilla/5.0 (compatible; AhrefsBot/5.2; +http://ahrefs.com/robot/)" 
223.73.11.11 - - [11/Oct/2018:03:30:53 -0700] "GET /favicon.ico HTTP/1.1" 200 268 "-" "Mozilla/5.0 (Windows NT 10.0; WOW64) AppleWebKit/537.36 (KHTML, like Gecko) Chrome/63.0.3239.132 Safari/537.36" 
54.36.148.171 - - [11/Oct/2018:03:32:22 -0700] "GET /self.logs/2016/access.log.2016-09-30.gz HTTP/1.1" 200 8470 "-" "Mozilla/5.0 (compatible; AhrefsBot/5.2; +http://ahrefs.com/robot/)" 
123.125.71.58 - - [11/Oct/2018:03:33:59 -0700] "GET /self.logs/ HTTP/1.1" 200 12583 "-" "Mozilla/5.0 (compatible; Baiduspider/2.0; +http://www.baidu.com/search/spider.html)" 
216.244.66.245 - - [11/Oct/2018:03:36:52 -0700] "GET /self.logs/access.log.2015-04-27.gz HTTP/1.1" 404 239 "-" "Mozilla/5.0 (compatible; DotBot/1.1; http://www.opensiteexplorer.org/dotbot, help@moz.com)" 
216.244.66.245 - - [11/Oct/2018:03:36:53 -0700] "GET /self.logs/access.log.2015-08-22.gz HTTP/1.1" 404 239 "-" "Mozilla/5.0 (compatible; DotBot/1.1; http://www.opensiteexplorer.org/dotbot, help@moz.com)" 
216.244.66.245 - - [11/Oct/2018:03:36:54 -0700] "GET /self.logs/access.log.2016-01-31.gz HTTP/1.1" 404 239 "-" "Mozilla/5.0 (compatible; DotBot/1.1; http://www.opensiteexplorer.org/dotbot, help@moz.com)" 
216.244.66.245 - - [11/Oct/2018:03:36:55 -0700] "GET /self.logs/access.log.2016-07-15.gz HTTP/1.1" 404 239 "-" "Mozilla/5.0 (compatible; DotBot/1.1; http://www.opensiteexplorer.org/dotbot, help@moz.com)" 
216.244.66.245 - - [11/Oct/2018:03:36:57 -0700] "GET /self.logs/error.log.2015-04-30.gz HTTP/1.1" 404 239 "-" "Mozilla/5.0 (compatible; DotBot/1.1; http://www.opensiteexplorer.org/dotbot, help@moz.com)" 
216.244.66.245 - - [11/Oct/2018:03:36:58 -0700] "GET /self.logs/error.log.2016-03-24.gz HTTP/1.1" 404 239 "-" "Mozilla/5.0 (compatible; DotBot/1.1; http://www.opensiteexplorer.org/dotbot, help@moz.com)" 
89.64.7.2 - - [11/Oct/2018:03:38:06 -0700] "GET / HTTP/1.1" 304 189 "-" "Mozilla/5.0 (Windows NT 6.0; WOW64) AppleWebKit/537.36 (KHTML, like Gecko) Chrome/49.0.2623.112 Safari/537.36" 
155.245.155.244 - - [11/Oct/2018:03:38:44 -0700] "GET / HTTP/1.1" 200 12383 "-" "Mozilla/5.0 (Macintosh; Intel Mac OS X 10_13_5) AppleWebKit/605.1.15 (KHTML, like Gecko) Version/11.1.1 Safari/605.1.15" 
155.245.155.244 - - [11/Oct/2018:03:38:44 -0700] "GET /twitter-icon.png HTTP/1.1" 200 27787 "http://www.secrepo.com/" "Mozilla/5.0 (Macintosh; Intel Mac OS X 10_13_5) AppleWebKit/605.1.15 (KHTML, like Gecko) Version/11.1.1 Safari/605.1.15" 
155.245.155.244 - - [11/Oct/2018:03:38:44 -0700] "GET /GitHub-Mark.png HTTP/1.1" 200 7428 "http://www.secrepo.com/" "Mozilla/5.0 (Macintosh; Intel Mac OS X 10_13_5) AppleWebKit/605.1.15 (KHTML, like Gecko) Version/11.1.1 Safari/605.1.15" 
155.245.155.244 - - [11/Oct/2018:03:38:45 -0700] "GET /bootstrap/img/favicon.ico HTTP/1.1" 200 589 "http://www.secrepo.com/" "Mozilla/5.0 (Macintosh; Intel Mac OS X 10_13_5) AppleWebKit/605.1.15 (KHTML, like Gecko) Version/11.1.1 Safari/605.1.15" 
54.36.148.196 - - [11/Oct/2018:03:38:57 -0700] "GET /self.logs/2016/access.log.2016-09-28.gz HTTP/1.1" 200 8302 "-" "Mozilla/5.0 (compatible; AhrefsBot/5.2; +http://ahrefs.com/robot/)" 
54.36.148.62 - - [11/Oct/2018:03:39:34 -0700] "GET /self.logs/error.log.2018-06-02.gz HTTP/1.1" 200 4414 "-" "Mozilla/5.0 (compatible; AhrefsBot/5.2; +http://ahrefs.com/robot/)" 
54.36.148.202 - - [11/Oct/2018:03:42:16 -0700] "GET /self.logs/error.log.2017-05-02.gz HTTP/1.1" 200 875 "-" "Mozilla/5.0 (compatible; AhrefsBot/5.2; +http://ahrefs.com/robot/)" 
52.14.175.39 - - [11/Oct/2018:03:45:52 -0700] "GET / HTTP/1.1" 200 12383 "-" "Mozilla/5.0 (X11; Linux x86_64) AppleWebKit/537.36 (KHTML, like Gecko) Safari/602.1" 
54.36.148.16 - - [11/Oct/2018:03:49:23 -0700] "GET /self.logs/2015/access.log.2015-08-26.gz HTTP/1.1" 200 4681 "-" "Mozilla/5.0 (compatible; AhrefsBot/5.2; +http://ahrefs.com/robot/)" 
216.244.66.245 - - [11/Oct/2018:03:53:10 -0700] "GET /robots.txt HTTP/1.1" 200 233 "-" "Mozilla/5.0 (compatible; DotBot/1.1; http://www.opensiteexplorer.org/dotbot, help@moz.com)" 
49.148.241.235 - - [11/Oct/2018:03:55:09 -0700] "GET /wp-login.php HTTP/1.1" 418 732 "-" "Mozilla/5.0 (Windows NT 6.1; WOW64; rv:40.0) Gecko/20100101 Firefox/40.1" 
49.148.241.235 - - [11/Oct/2018:03:55:10 -0700] "GET / HTTP/1.1" 418 732 "-" "Mozilla/5.0 (Windows NT 6.1; WOW64; rv:40.0) Gecko/20100101 Firefox/40.1" 
207.46.13.45 - - [11/Oct/2018:03:58:03 -0700] "GET /self.logs/error.log.2017-08-29.gz HTTP/1.1" 304 188 "-" "Mozilla/5.0 (compatible; bingbot/2.0; +http://www.bing.com/bingbot.htm)" 
122.173.8.137 - - [11/Oct/2018:04:00:54 -0700] "GET /wp-login.php HTTP/1.1" 418 732 "-" "Mozilla/5.0 (Windows NT 6.1; WOW64; rv:40.0) Gecko/20100101 Firefox/40.1" 
122.173.8.137 - - [11/Oct/2018:04:00:55 -0700] "GET / HTTP/1.1" 418 732 "-" "Mozilla/5.0 (Windows NT 6.1; WOW64; rv:40.0) Gecko/20100101 Firefox/40.1" 
95.163.255.35 - - [11/Oct/2018:04:04:21 -0700] "GET /robots.txt HTTP/1.0" 200 252 "-" "Mozilla/5.0 (compatible; Linux x86_64; Mail.RU_Bot/2.0; +http://go.mail.ru/help/robots)" 
95.163.255.39 - - [11/Oct/2018:04:04:24 -0700] "GET /Datasets%20Description/Network/ssl.html HTTP/1.1" 200 1442 "-" "Mozilla/5.0 (compatible; Linux x86_64; Mail.RU_Bot/2.0; +http://go.mail.ru/help/robots)" 
51.255.65.46 - - [11/Oct/2018:04:06:00 -0700] "GET /self.logs/access.log.2015-02-17.gz HTTP/1.1" 404 284 "-" "Mozilla/5.0 (compatible; AhrefsBot/5.2; +http://ahrefs.com/robot/)" 
221.231.6.240 - - [11/Oct/2018:04:06:22 -0700] "GET / HTTP/1.1" 200 12383 "http://www.secrepo.com" "Mozilla/5.0 (Macintosh; Intel Mac OS X 10_14_0) AppleWebKit/537.36 (KHTML, like Gecko) Chrome/65.0.3325.181 Safari/537.36 QQBrowser/4.4.119.400" 
162.210.196.130 - - [11/Oct/2018:04:07:08 -0700] "GET /robots.txt HTTP/1.1" 200 289 "-" "Mozilla/5.0 (compatible; MJ12bot/v1.4.8; http://mj12bot.com/)" 
162.210.196.130 - - [11/Oct/2018:04:07:10 -0700] "GET / HTTP/1.1" 200 46156 "-" "Mozilla/5.0 (compatible; MJ12bot/v1.4.8; http://mj12bot.com/)" 
216.244.66.245 - - [11/Oct/2018:04:07:41 -0700] "GET /self.logs/access.log.2018-06-30.gz HTTP/1.1" 200 20978 "-" "Mozilla/5.0 (compatible; DotBot/1.1; http://www.opensiteexplorer.org/dotbot, help@moz.com)" 
54.36.148.114 - - [11/Oct/2018:04:07:55 -0700] "GET /self.logs/error.log.2016-09-03.gz HTTP/1.1" 404 284 "-" "Mozilla/5.0 (compatible; AhrefsBot/5.2; +http://ahrefs.com/robot/)" 
157.55.39.133 - - [11/Oct/2018:04:10:09 -0700] "GET /self.logs/error.log.2018-03-25.gz HTTP/1.1" 304 188 "-" "Mozilla/5.0 (compatible; bingbot/2.0; +http://www.bing.com/bingbot.htm)" 
18.191.165.71 - - [11/Oct/2018:04:13:24 -0700] "GET / HTTP/1.1" 200 12383 "-" "Mozilla/5.0 (Macintosh; Intel Mac OS X x.y; rv:42.0) Gecko/20100101 Safari/602.1" 
113.171.224.176 - - [11/Oct/2018:04:17:46 -0700] "GET /honeypot/Honeypot%20-%20Howto.pdf HTTP/1.1" 200 61320 "-" "Mozilla/5.0 Gecko/20100115 Firefox/3.6" 
54.36.149.35 - - [11/Oct/2018:04:24:51 -0700] "GET /self.logs/2016/access.log.2016-06-30.gz HTTP/1.1" 200 9179 "-" "Mozilla/5.0 (compatible; AhrefsBot/5.2; +http://ahrefs.com/robot/)" 
18.221.232.130 - - [11/Oct/2018:04:26:16 -0700] "GET / HTTP/1.1" 200 12383 "-" "Mozilla/5.0 (Macintosh; Intel Mac OS X x.y; rv:42.0) Gecko/20100101 Chrome/67.0.3396.79 Safari/537.36" 
216.244.66.245 - - [11/Oct/2018:04:35:53 -0700] "GET /robots.txt HTTP/1.1" 200 233 "-" "Mozilla/5.0 (compatible; DotBot/1.1; http://www.opensiteexplorer.org/dotbot, help@moz.com)" 
139.91.190.202 - - [11/Oct/2018:04:42:37 -0700] "GET / HTTP/1.1" 200 12383 "-" "Mozilla/5.0 (Windows NT 6.3; Win64; x64) AppleWebKit/537.36 (KHTML, like Gecko) Chrome/69.0.3497.100 Safari/537.36" 
139.91.190.202 - - [11/Oct/2018:04:42:37 -0700] "GET /twitter-icon.png HTTP/1.1" 200 27787 "http://www.secrepo.com/" "Mozilla/5.0 (Windows NT 6.3; Win64; x64) AppleWebKit/537.36 (KHTML, like Gecko) Chrome/69.0.3497.100 Safari/537.36" 
139.91.190.202 - - [11/Oct/2018:04:42:37 -0700] "GET /GitHub-Mark.png HTTP/1.1" 200 7428 "http://www.secrepo.com/" "Mozilla/5.0 (Windows NT 6.3; Win64; x64) AppleWebKit/537.36 (KHTML, like Gecko) Chrome/69.0.3497.100 Safari/537.36" 
139.91.190.202 - - [11/Oct/2018:04:42:38 -0700] "GET /bootstrap/img/favicon.ico HTTP/1.1" 200 589 "http://www.secrepo.com/" "Mozilla/5.0 (Windows NT 6.3; Win64; x64) AppleWebKit/537.36 (KHTML, like Gecko) Chrome/69.0.3497.100 Safari/537.36" 
139.91.190.202 - - [11/Oct/2018:04:42:54 -0700] "GET /Datasets%20Description/Network/notice.html HTTP/1.1" 200 1544 "http://www.secrepo.com/" "Mozilla/5.0 (Windows NT 6.3; Win64; x64) AppleWebKit/537.36 (KHTML, like Gecko) Chrome/69.0.3497.100 Safari/537.36" 
139.91.190.202 - - [11/Oct/2018:04:42:54 -0700] "GET /favicon.ico HTTP/1.1" 200 267 "http://www.secrepo.com/Datasets%20Description/Network/notice.html" "Mozilla/5.0 (Windows NT 6.3; Win64; x64) AppleWebKit/537.36 (KHTML, like Gecko) Chrome/69.0.3497.100 Safari/537.36" 
157.55.39.141 - - [11/Oct/2018:04:43:57 -0700] "GET /self.logs/error.log.2017-04-15.gz HTTP/1.1" 304 188 "-" "Mozilla/5.0 (compatible; bingbot/2.0; +http://www.bing.com/bingbot.htm)" 
52.14.175.39 - - [11/Oct/2018:04:45:25 -0700] "GET / HTTP/1.1" 200 12383 "-" "Mozilla/5.0 (Macintosh; Intel Mac OS X x.y; rv:42.0) Trident/5.0 Chrome/51.0.2704.106 Safari/537.36 OPR/38.0.2220.41" 
54.36.148.107 - - [11/Oct/2018:04:47:15 -0700] "GET /self.logs/error.log.2015-06-01.gz HTTP/1.1" 404 284 "-" "Mozilla/5.0 (compatible; AhrefsBot/5.2; +http://ahrefs.com/robot/)" 
54.36.149.99 - - [11/Oct/2018:04:48:06 -0700] "GET /self.logs/2016/error.log.2016-11-25.gz HTTP/1.1" 200 1128 "-" "Mozilla/5.0 (compatible; AhrefsBot/5.2; +http://ahrefs.com/robot/)" 
216.244.66.245 - - [11/Oct/2018:04:50:46 -0700] "GET /self.logs/access.log.2017-06-22.gz HTTP/1.1" 200 28992 "-" "Mozilla/5.0 (compatible; DotBot/1.1; http://www.opensiteexplorer.org/dotbot, help@moz.com)" 
216.244.66.245 - - [11/Oct/2018:04:50:48 -0700] "GET /self.logs/error.log.2017-05-03.gz HTTP/1.1" 200 1920 "-" "Mozilla/5.0 (compatible; DotBot/1.1; http://www.opensiteexplorer.org/dotbot, help@moz.com)" 
216.244.66.245 - - [11/Oct/2018:04:50:50 -0700] "GET /self.logs/error.log.2017-12-05.gz HTTP/1.1" 200 2584 "-" "Mozilla/5.0 (compatible; DotBot/1.1; http://www.opensiteexplorer.org/dotbot, help@moz.com)" 
216.244.66.245 - - [11/Oct/2018:04:50:52 -0700] "GET /self.logs/error.log.2017-12-08.gz HTTP/1.1" 200 4376 "-" "Mozilla/5.0 (compatible; DotBot/1.1; http://www.opensiteexplorer.org/dotbot, help@moz.com)" 
216.244.65.3 - - [11/Oct/2018:04:51:37 -0700] "GET /modules/homepageadvertise/uploadimage.php HTTP/1.1" 301 516 "http://secrepo.com/modules/homepageadvertise/uploadimage.php" "Mozilla/5.0 (Windows NT 6.1; WOW64) AppleWebKit/537.36 (KHTML, like Gecko) Chrome/42.0.2311.152 Safari/537.36" 
1.202.68.192 - - [11/Oct/2018:04:53:48 -0700] "GET / HTTP/1.1" 200 12383 "-" "Mozilla/5.0 (Windows NT 6.1; Win64; x64) AppleWebKit/537.36 (KHTML, like Gecko) Chrome/67.0.3396.40 Safari/537.36" 
1.202.68.192 - - [11/Oct/2018:04:53:48 -0700] "GET /twitter-icon.png HTTP/1.1" 200 27787 "http://www.secrepo.com/" "Mozilla/5.0 (Windows NT 6.1; Win64; x64) AppleWebKit/537.36 (KHTML, like Gecko) Chrome/67.0.3396.40 Safari/537.36" 
1.202.68.192 - - [11/Oct/2018:04:53:48 -0700] "GET /GitHub-Mark.png HTTP/1.1" 200 7428 "http://www.secrepo.com/" "Mozilla/5.0 (Windows NT 6.1; Win64; x64) AppleWebKit/537.36 (KHTML, like Gecko) Chrome/67.0.3396.40 Safari/537.36" 
1.202.68.192 - - [11/Oct/2018:04:53:50 -0700] "GET /bootstrap/img/favicon.ico HTTP/1.1" 200 590 "http://www.secrepo.com/" "Mozilla/5.0 (Windows NT 6.1; Win64; x64) AppleWebKit/537.36 (KHTML, like Gecko) Chrome/67.0.3396.40 Safari/537.36" 
54.36.148.111 - - [11/Oct/2018:04:56:52 -0700] "GET /self.logs/error.log.2015-06-08.gz HTTP/1.1" 404 284 "-" "Mozilla/5.0 (compatible; AhrefsBot/5.2; +http://ahrefs.com/robot/)" 
216.244.66.245 - - [11/Oct/2018:05:04:07 -0700] "GET /self.logs/access.log.2015-04-21.gz HTTP/1.1" 404 239 "-" "Mozilla/5.0 (compatible; DotBot/1.1; http://www.opensiteexplorer.org/dotbot, help@moz.com)" 
216.244.66.245 - - [11/Oct/2018:05:04:09 -0700] "GET /self.logs/access.log.2016-02-21.gz HTTP/1.1" 404 239 "-" "Mozilla/5.0 (compatible; DotBot/1.1; http://www.opensiteexplorer.org/dotbot, help@moz.com)" 
216.244.66.245 - - [11/Oct/2018:05:04:10 -0700] "GET /self.logs/access.log.2016-09-26.gz HTTP/1.1" 404 239 "-" "Mozilla/5.0 (compatible; DotBot/1.1; http://www.opensiteexplorer.org/dotbot, help@moz.com)" 
216.244.66.245 - - [11/Oct/2018:05:04:12 -0700] "GET /self.logs/error.log.2016-04-24.gz HTTP/1.1" 404 239 "-" "Mozilla/5.0 (compatible; DotBot/1.1; http://www.opensiteexplorer.org/dotbot, help@moz.com)" 
54.36.148.16 - - [11/Oct/2018:05:10:23 -0700] "GET /self.logs/2016/access.log.2016-07-06.gz HTTP/1.1" 200 12460 "-" "Mozilla/5.0 (compatible; AhrefsBot/5.2; +http://ahrefs.com/robot/)" 
46.35.89.208 - - [11/Oct/2018:05:12:02 -0700] "GET /wp-login.php HTTP/1.1" 418 732 "-" "Mozilla/5.0 (Windows NT 6.1; WOW64; rv:40.0) Gecko/20100101 Firefox/40.1" 
18.219.142.57 - - [11/Oct/2018:05:14:21 -0700] "GET / HTTP/1.1" 200 12383 "-" "Mozilla/5.0 (Macintosh; Intel Mac OS X x.y; rv:42.0) Trident/5.0 Safari/602.1" 
18.223.125.253 - - [11/Oct/2018:05:14:40 -0700] "GET / HTTP/1.1" 200 12383 "-" "Mozilla/5.0 (Macintosh; Intel Mac OS X x.y; rv:42.0) AppleWebKit/537.36 (KHTML, like Gecko) Chrome/67.0.3396.79 Safari/537.36" 
191.242.65.73 - - [11/Oct/2018:05:16:32 -0700] "GET /wp-login.php HTTP/1.1" 418 732 "-" "Mozilla/5.0 (Windows NT 6.1; WOW64; rv:40.0) Gecko/20100101 Firefox/40.1" 
191.242.65.73 - - [11/Oct/2018:05:16:32 -0700] "GET / HTTP/1.1" 418 732 "-" "Mozilla/5.0 (Windows NT 6.1; WOW64; rv:40.0) Gecko/20100101 Firefox/40.1" 
216.244.66.245 - - [11/Oct/2018:05:18:33 -0700] "GET /robots.txt HTTP/1.1" 200 233 "-" "Mozilla/5.0 (compatible; DotBot/1.1; http://www.opensiteexplorer.org/dotbot, help@moz.com)" 
54.36.148.28 - - [11/Oct/2018:05:19:34 -0700] "GET /self.logs/2015/error.log.2015-02-09.gz HTTP/1.1" 200 1240 "-" "Mozilla/5.0 (compatible; AhrefsBot/5.2; +http://ahrefs.com/robot/)" 
207.46.13.45 - - [11/Oct/2018:05:22:11 -0700] "GET /self.logs/error.log.2017-04-21.gz HTTP/1.1" 200 873 "-" "Mozilla/5.0 (compatible; bingbot/2.0; +http://www.bing.com/bingbot.htm)" 
41.223.160.173 - - [11/Oct/2018:05:24:22 -0700] "GET /tg/tg_snort_fast.7z HTTP/1.1" 304 131 "-" "Mozilla/5.0 Gecko/20100115 Firefox/3.6" 
209.15.209.85 - - [11/Oct/2018:05:25:53 -0700] "HEAD / HTTP/1.1" 200 239 "-" "-" 
196.203.67.195 - - [11/Oct/2018:05:25:54 -0700] "GET / HTTP/1.1" 200 12383 "https://www.researchgate.net/" "Mozilla/5.0 (Windows NT 10.0; Win64; x64) AppleWebKit/537.36 (KHTML, like Gecko) Chrome/69.0.3497.100 Safari/537.36" 
196.203.67.195 - - [11/Oct/2018:05:25:55 -0700] "GET /twitter-icon.png HTTP/1.1" 200 27787 "http://www.secrepo.com/" "Mozilla/5.0 (Windows NT 10.0; Win64; x64) AppleWebKit/537.36 (KHTML, like Gecko) Chrome/69.0.3497.100 Safari/537.36" 
196.203.67.195 - - [11/Oct/2018:05:25:56 -0700] "GET /GitHub-Mark.png HTTP/1.1" 200 7427 "http://www.secrepo.com/" "Mozilla/5.0 (Windows NT 10.0; Win64; x64) AppleWebKit/537.36 (KHTML, like Gecko) Chrome/69.0.3497.100 Safari/537.36" 
196.203.67.195 - - [11/Oct/2018:05:26:24 -0700] "GET /bootstrap/img/favicon.ico HTTP/1.1" 200 590 "http://www.secrepo.com/" "Mozilla/5.0 (Windows NT 10.0; Win64; x64) AppleWebKit/537.36 (KHTML, like Gecko) Chrome/69.0.3497.100 Safari/537.36" 
113.22.5.210 - - [11/Oct/2018:05:28:45 -0700] "GET / HTTP/1.1" 301 483 "-" "python-requests/2.9.1" 
113.22.5.210 - - [11/Oct/2018:05:28:46 -0700] "GET / HTTP/1.1" 200 12383 "-" "python-requests/2.9.1" 
18.221.232.130 - - [11/Oct/2018:05:28:48 -0700] "GET / HTTP/1.1" 200 12383 "-" "Mozilla/5.0 (Macintosh; Intel Mac OS X x.y; rv:42.0) Trident/5.0 Chrome/51.0.2704.106 Safari/537.36 OPR/38.0.2220.41" 
113.171.224.176 - - [11/Oct/2018:05:29:56 -0700] "GET /honeypot/Honeypot%20-%20Howto.pdf HTTP/1.1" 200 61320 "-" "Mozilla/5.0 Gecko/20100115 Firefox/3.6" 
196.203.67.195 - - [11/Oct/2018:05:28:11 -0700] "GET /maccdc2012/http.log.gz HTTP/1.1" 200 5395002 "http://www.secrepo.com/" "Mozilla/5.0 (Windows NT 10.0; Win64; x64) AppleWebKit/537.36 (KHTML, like Gecko) Chrome/69.0.3497.100 Safari/537.36" 
216.244.66.245 - - [11/Oct/2018:05:32:42 -0700] "GET /self.logs/access.log.2017-09-27.gz HTTP/1.1" 200 32091 "-" "Mozilla/5.0 (compatible; DotBot/1.1; http://www.opensiteexplorer.org/dotbot, help@moz.com)" 
216.244.66.245 - - [11/Oct/2018:05:32:44 -0700] "GET /self.logs/access.log.2017-11-03.gz HTTP/1.1" 200 25963 "-" "Mozilla/5.0 (compatible; DotBot/1.1; http://www.opensiteexplorer.org/dotbot, help@moz.com)" 
216.244.66.245 - - [11/Oct/2018:05:32:45 -0700] "GET /self.logs/access.log.2017-11-06.gz HTTP/1.1" 200 28078 "-" "Mozilla/5.0 (compatible; DotBot/1.1; http://www.opensiteexplorer.org/dotbot, help@moz.com)" 
216.244.66.245 - - [11/Oct/2018:05:32:47 -0700] "GET /self.logs/error.log.2017-05-24.gz HTTP/1.1" 200 897 "-" "Mozilla/5.0 (compatible; DotBot/1.1; http://www.opensiteexplorer.org/dotbot, help@moz.com)" 
216.244.66.245 - - [11/Oct/2018:05:32:48 -0700] "GET /self.logs/error.log.2017-06-02.gz HTTP/1.1" 200 758 "-" "Mozilla/5.0 (compatible; DotBot/1.1; http://www.opensiteexplorer.org/dotbot, help@moz.com)" 
216.244.66.245 - - [11/Oct/2018:05:32:50 -0700] "GET /self.logs/error.log.2017-07-19.gz HTTP/1.1" 200 843 "-" "Mozilla/5.0 (compatible; DotBot/1.1; http://www.opensiteexplorer.org/dotbot, help@moz.com)" 
216.244.66.245 - - [11/Oct/2018:05:32:51 -0700] "GET /self.logs/error.log.2017-07-29.gz HTTP/1.1" 200 842 "-" "Mozilla/5.0 (compatible; DotBot/1.1; http://www.opensiteexplorer.org/dotbot, help@moz.com)" 
41.223.160.173 - - [11/Oct/2018:05:34:06 -0700] "GET /maccdc2012/dns.log.gz HTTP/1.1" 304 154 "-" "Mozilla/5.0 Gecko/20100115 Firefox/3.6" 
47.89.46.100 - - [11/Oct/2018:05:37:38 -0700] "GET /favicon.ico HTTP/1.1" 200 268 "-" "Mozilla/5.0 (Windows NT 5.1) AppleWebKit/537.36 (KHTML, like Gecko) Chrome/55.0.2883.87 Safari/537.36" 
120.28.164.81 - - [11/Oct/2018:05:38:41 -0700] "GET /wp-login.php HTTP/1.1" 418 732 "-" "Mozilla/5.0 (Windows NT 6.1; WOW64; rv:40.0) Gecko/20100101 Firefox/40.1" 
120.28.164.81 - - [11/Oct/2018:05:38:42 -0700] "GET / HTTP/1.1" 418 732 "-" "Mozilla/5.0 (Windows NT 6.1; WOW64; rv:40.0) Gecko/20100101 Firefox/40.1" 
196.203.67.195 - - [11/Oct/2018:05:32:15 -0700] "GET /maccdc2012/http.log.gz HTTP/1.1" 206 13830720 "http://www.secrepo.com/" "Mozilla/5.0 (Windows NT 10.0; Win64; x64) AppleWebKit/537.36 (KHTML, like Gecko) Chrome/69.0.3497.100 Safari/537.36" 
216.244.66.245 - - [11/Oct/2018:05:45:12 -0700] "GET /self.logs/access.log.2015-03-21.gz HTTP/1.1" 404 239 "-" "Mozilla/5.0 (compatible; DotBot/1.1; http://www.opensiteexplorer.org/dotbot, help@moz.com)" 
216.244.66.245 - - [11/Oct/2018:05:45:13 -0700] "GET /self.logs/access.log.2016-06-20.gz HTTP/1.1" 404 239 "-" "Mozilla/5.0 (compatible; DotBot/1.1; http://www.opensiteexplorer.org/dotbot, help@moz.com)" 
216.244.66.245 - - [11/Oct/2018:05:45:14 -0700] "GET /self.logs/access.log.2016-09-16.gz HTTP/1.1" 404 239 "-" "Mozilla/5.0 (compatible; DotBot/1.1; http://www.opensiteexplorer.org/dotbot, help@moz.com)" 
216.244.66.245 - - [11/Oct/2018:05:45:15 -0700] "GET /self.logs/access.log.2016-11-17.gz HTTP/1.1" 404 239 "-" "Mozilla/5.0 (compatible; DotBot/1.1; http://www.opensiteexplorer.org/dotbot, help@moz.com)" 
216.244.66.245 - - [11/Oct/2018:05:45:16 -0700] "GET /self.logs/error.log.2015-06-07.gz HTTP/1.1" 404 239 "-" "Mozilla/5.0 (compatible; DotBot/1.1; http://www.opensiteexplorer.org/dotbot, help@moz.com)" 
216.244.66.245 - - [11/Oct/2018:05:45:18 -0700] "GET /self.logs/error.log.2015-06-27.gz HTTP/1.1" 404 239 "-" "Mozilla/5.0 (compatible; DotBot/1.1; http://www.opensiteexplorer.org/dotbot, help@moz.com)" 
216.244.66.245 - - [11/Oct/2018:05:45:19 -0700] "GET /self.logs/error.log.2016-04-01.gz HTTP/1.1" 404 239 "-" "Mozilla/5.0 (compatible; DotBot/1.1; http://www.opensiteexplorer.org/dotbot, help@moz.com)" 
52.14.175.39 - - [11/Oct/2018:05:45:24 -0700] "GET / HTTP/1.1" 200 12383 "-" "Mozilla/5.0 (Macintosh; Intel Mac OS X x.y; rv:42.0) Trident/5.0 Chrome/67.0.3396.79 Safari/537.36" 
54.90.89.180 - - [11/Oct/2018:05:46:15 -0700] "GET /favicon.ico HTTP/1.1" 301 464 "-" "PocketImageCache/1.0" 
54.90.89.180 - - [11/Oct/2018:05:46:15 -0700] "GET /favicon.ico HTTP/1.1" 200 231 "-" "PocketImageCache/1.0" 
54.224.150.24 - - [11/Oct/2018:05:48:36 -0700] "GET /robots.txt HTTP/1.1" 301 502 "-" "CCBot/2.0 (https://commoncrawl.org/faq/)" 
54.224.150.24 - - [11/Oct/2018:05:48:36 -0700] "GET /robots.txt HTTP/1.1" 200 334 "-" "CCBot/2.0 (https://commoncrawl.org/faq/)" 
54.224.150.24 - - [11/Oct/2018:05:48:36 -0700] "GET / HTTP/1.1" 301 483 "-" "CCBot/2.0 (https://commoncrawl.org/faq/)" 
54.224.150.24 - - [11/Oct/2018:05:48:36 -0700] "GET / HTTP/1.1" 200 12382 "-" "CCBot/2.0 (https://commoncrawl.org/faq/)" 
54.36.148.246 - - [11/Oct/2018:05:49:34 -0700] "GET /self.logs/2015/error.log.2015-10-01.gz HTTP/1.1" 200 738 "-" "Mozilla/5.0 (compatible; AhrefsBot/5.2; +http://ahrefs.com/robot/)" 
88.251.85.65 - - [11/Oct/2018:05:51:05 -0700] "GET /wp-login.php HTTP/1.1" 418 732 "-" "Mozilla/5.0 (Windows NT 6.1; WOW64; rv:40.0) Gecko/20100101 Firefox/40.1" 
88.251.85.65 - - [11/Oct/2018:05:51:05 -0700] "GET / HTTP/1.1" 418 732 "-" "Mozilla/5.0 (Windows NT 6.1; WOW64; rv:40.0) Gecko/20100101 Firefox/40.1" 
18.219.34.126 - - [11/Oct/2018:05:54:31 -0700] "GET / HTTP/1.1" 200 12383 "-" "Mozilla/5.0 (Windows NT 6.1; Win64; x64; rv:47.0) Trident/5.0 Chrome/67.0.3396.79 Safari/537.36" 
196.203.67.195 - - [11/Oct/2018:05:54:13 -0700] "GET /maccdc2012/http.log.gz HTTP/1.1" 206 72960 "http://www.secrepo.com/" "Mozilla/5.0 (Windows NT 10.0; Win64; x64) AppleWebKit/537.36 (KHTML, like Gecko) Chrome/69.0.3497.100 Safari/537.36" 
186.72.69.61 - - [11/Oct/2018:05:56:23 -0700] "GET /wp-login.php HTTP/1.1" 418 732 "-" "Mozilla/5.0 (Windows NT 6.1; WOW64; rv:40.0) Gecko/20100101 Firefox/40.1" 
186.72.69.61 - - [11/Oct/2018:05:56:23 -0700] "GET / HTTP/1.1" 418 732 "-" "Mozilla/5.0 (Windows NT 6.1; WOW64; rv:40.0) Gecko/20100101 Firefox/40.1" 
216.244.66.245 - - [11/Oct/2018:06:01:00 -0700] "GET /robots.txt HTTP/1.1" 200 233 "-" "Mozilla/5.0 (compatible; DotBot/1.1; http://www.opensiteexplorer.org/dotbot, help@moz.com)" 
54.36.149.44 - - [11/Oct/2018:06:03:42 -0700] "GET /self.logs/error.log.2015-12-13.gz HTTP/1.1" 404 284 "-" "Mozilla/5.0 (compatible; AhrefsBot/5.2; +http://ahrefs.com/robot/)" 
216.244.66.245 - - [11/Oct/2018:06:11:33 -0700] "GET /self.logs/access.log.2017-04-30.gz HTTP/1.1" 200 11814 "-" "Mozilla/5.0 (compatible; DotBot/1.1; http://www.opensiteexplorer.org/dotbot, help@moz.com)" 
216.244.66.245 - - [11/Oct/2018:06:11:34 -0700] "GET /self.logs/access.log.2017-06-25.gz HTTP/1.1" 200 16341 "-" "Mozilla/5.0 (compatible; DotBot/1.1; http://www.opensiteexplorer.org/dotbot, help@moz.com)" 
216.244.66.245 - - [11/Oct/2018:06:11:36 -0700] "GET /self.logs/access.log.2017-07-17.gz HTTP/1.1" 200 78888 "-" "Mozilla/5.0 (compatible; DotBot/1.1; http://www.opensiteexplorer.org/dotbot, help@moz.com)" 
216.244.66.245 - - [11/Oct/2018:06:11:37 -0700] "GET /self.logs/access.log.2017-07-18.gz HTTP/1.1" 200 20278 "-" "Mozilla/5.0 (compatible; DotBot/1.1; http://www.opensiteexplorer.org/dotbot, help@moz.com)" 
216.244.66.245 - - [11/Oct/2018:06:11:39 -0700] "GET /self.logs/access.log.2017-11-11.gz HTTP/1.1" 200 29691 "-" "Mozilla/5.0 (compatible; DotBot/1.1; http://www.opensiteexplorer.org/dotbot, help@moz.com)" 
216.244.66.245 - - [11/Oct/2018:06:11:40 -0700] "GET /self.logs/error.log.2017-01-19.gz HTTP/1.1" 200 772 "-" "Mozilla/5.0 (compatible; DotBot/1.1; http://www.opensiteexplorer.org/dotbot, help@moz.com)" 
216.244.66.245 - - [11/Oct/2018:06:11:42 -0700] "GET /self.logs/error.log.2017-02-02.gz HTTP/1.1" 200 791 "-" "Mozilla/5.0 (compatible; DotBot/1.1; http://www.opensiteexplorer.org/dotbot, help@moz.com)" 
216.244.66.245 - - [11/Oct/2018:06:11:43 -0700] "GET /self.logs/error.log.2017-06-22.gz HTTP/1.1" 200 1458 "-" "Mozilla/5.0 (compatible; DotBot/1.1; http://www.opensiteexplorer.org/dotbot, help@moz.com)" 
216.244.66.245 - - [11/Oct/2018:06:11:45 -0700] "GET /self.logs/error.log.2017-08-28.gz HTTP/1.1" 200 787 "-" "Mozilla/5.0 (compatible; DotBot/1.1; http://www.opensiteexplorer.org/dotbot, help@moz.com)" 
188.73.196.103 - - [11/Oct/2018:06:12:53 -0700] "GET /twitter-icon.png HTTP/1.1" 200 27788 "http://www.secrepo.com/" "Mozilla/5.0 (Windows NT 10.0; Win64; x64; rv:62.0) Gecko/20100101 Firefox/62.0" 
36.110.199.175 - - [11/Oct/2018:06:13:40 -0700] "GET / HTTP/1.1" 200 12383 "http://www.baidu.com/s?wd=3QF7" "Mozilla/5.0 (Windows NT 6.1; WOW64; rv:43.0) Gecko/20100101 Firefox/43.0" 
216.244.66.245 - - [11/Oct/2018:06:14:38 -0700] "GET /self.logs/access.log.2015-01-25.gz HTTP/1.1" 404 239 "-" "Mozilla/5.0 (compatible; DotBot/1.1; http://www.opensiteexplorer.org/dotbot, help@moz.com)" 
216.244.66.245 - - [11/Oct/2018:06:14:39 -0700] "GET /self.logs/access.log.2015-05-09.gz HTTP/1.1" 404 239 "-" "Mozilla/5.0 (compatible; DotBot/1.1; http://www.opensiteexplorer.org/dotbot, help@moz.com)" 
216.244.66.245 - - [11/Oct/2018:06:14:41 -0700] "GET /self.logs/access.log.2015-06-30.gz HTTP/1.1" 404 239 "-" "Mozilla/5.0 (compatible; DotBot/1.1; http://www.opensiteexplorer.org/dotbot, help@moz.com)" 
216.244.66.245 - - [11/Oct/2018:06:14:42 -0700] "GET /self.logs/access.log.2015-09-16.gz HTTP/1.1" 404 239 "-" "Mozilla/5.0 (compatible; DotBot/1.1; http://www.opensiteexplorer.org/dotbot, help@moz.com)" 
216.244.66.245 - - [11/Oct/2018:06:14:43 -0700] "GET /self.logs/access.log.2016-01-20.gz HTTP/1.1" 404 239 "-" "Mozilla/5.0 (compatible; DotBot/1.1; http://www.opensiteexplorer.org/dotbot, help@moz.com)" 
216.244.66.245 - - [11/Oct/2018:06:14:44 -0700] "GET /self.logs/access.log.2016-03-23.gz HTTP/1.1" 404 239 "-" "Mozilla/5.0 (compatible; DotBot/1.1; http://www.opensiteexplorer.org/dotbot, help@moz.com)" 
216.244.66.245 - - [11/Oct/2018:06:14:45 -0700] "GET /self.logs/access.log.2016-05-02.gz HTTP/1.1" 404 239 "-" "Mozilla/5.0 (compatible; DotBot/1.1; http://www.opensiteexplorer.org/dotbot, help@moz.com)" 
216.244.66.245 - - [11/Oct/2018:06:14:46 -0700] "GET /self.logs/access.log.2016-07-16.gz HTTP/1.1" 404 239 "-" "Mozilla/5.0 (compatible; DotBot/1.1; http://www.opensiteexplorer.org/dotbot, help@moz.com)" 
216.244.66.245 - - [11/Oct/2018:06:14:47 -0700] "GET /self.logs/access.log.2016-11-18.gz HTTP/1.1" 404 239 "-" "Mozilla/5.0 (compatible; DotBot/1.1; http://www.opensiteexplorer.org/dotbot, help@moz.com)" 
216.244.66.245 - - [11/Oct/2018:06:14:48 -0700] "GET /self.logs/error.log.2015-11-29.gz HTTP/1.1" 404 239 "-" "Mozilla/5.0 (compatible; DotBot/1.1; http://www.opensiteexplorer.org/dotbot, help@moz.com)" 
216.244.66.245 - - [11/Oct/2018:06:14:49 -0700] "GET /self.logs/error.log.2016-05-01.gz HTTP/1.1" 404 239 "-" "Mozilla/5.0 (compatible; DotBot/1.1; http://www.opensiteexplorer.org/dotbot, help@moz.com)" 
137.222.114.244 - - [11/Oct/2018:06:15:37 -0700] "GET / HTTP/1.1" 200 12383 "-" "Mozilla/5.0 (Macintosh; Intel Mac OS X 10_13_6) AppleWebKit/537.36 (KHTML, like Gecko) Chrome/69.0.3497.100 Safari/537.36" 
137.222.114.244 - - [11/Oct/2018:06:15:37 -0700] "GET /twitter-icon.png HTTP/1.1" 200 27787 "http://www.secrepo.com/" "Mozilla/5.0 (Macintosh; Intel Mac OS X 10_13_6) AppleWebKit/537.36 (KHTML, like Gecko) Chrome/69.0.3497.100 Safari/537.36" 
137.222.114.244 - - [11/Oct/2018:06:15:37 -0700] "GET /GitHub-Mark.png HTTP/1.1" 200 7428 "http://www.secrepo.com/" "Mozilla/5.0 (Macintosh; Intel Mac OS X 10_13_6) AppleWebKit/537.36 (KHTML, like Gecko) Chrome/69.0.3497.100 Safari/537.36" 
23.253.92.35 - - [11/Oct/2018:06:15:56 -0700] "GET /robots.txt HTTP/1.1" 301 446 "-" "Tornado-Async-Client" 
23.253.92.35 - - [11/Oct/2018:06:15:56 -0700] "GET /robots.txt HTTP/1.1" 304 130 "-" "Tornado-Async-Client" 
23.253.92.35 - - [11/Oct/2018:06:15:56 -0700] "GET /honeypot/BSidesDFW%20-%202014.ipynb HTTP/1.1" 301 484 "-" "Tornado-Async-Client" 
23.253.92.35 - - [11/Oct/2018:06:15:56 -0700] "GET /honeypot/BSidesDFW%20-%202014.ipynb HTTP/1.1" 200 930780 "-" "Tornado-Async-Client" 
18.216.137.18 - - [11/Oct/2018:06:15:58 -0700] "GET / HTTP/1.1" 200 12383 "-" "Mozilla/5.0 (Macintosh; Intel Mac OS X x.y; rv:42.0) Gecko/20100101 Chrome/51.0.2704.106 Safari/537.36 OPR/38.0.2220.41" 
137.222.114.244 - - [11/Oct/2018:06:16:45 -0700] "GET /honeypot/BSidesDFW%20-%202014.ipynb HTTP/1.1" 200 930836 "http://www.secrepo.com/" "Mozilla/5.0 (Macintosh; Intel Mac OS X 10_13_6) AppleWebKit/537.36 (KHTML, like Gecko) Chrome/69.0.3497.100 Safari/537.36" 
137.222.114.244 - - [11/Oct/2018:06:16:47 -0700] "GET /favicon.ico HTTP/1.1" 200 268 "http://www.secrepo.com/honeypot/BSidesDFW%20-%202014.ipynb" "Mozilla/5.0 (Macintosh; Intel Mac OS X 10_13_6) AppleWebKit/537.36 (KHTML, like Gecko) Chrome/69.0.3497.100 Safari/537.36" 
137.222.114.242 - - [11/Oct/2018:06:17:14 -0700] "GET / HTTP/1.1" 200 12383 "-" "Mozilla/5.0 (X11; Ubuntu; Linux x86_64; rv:62.0) Gecko/20100101 Firefox/62.0" 
137.222.114.242 - - [11/Oct/2018:06:17:15 -0700] "GET /twitter-icon.png HTTP/1.1" 200 27787 "http://www.secrepo.com/" "Mozilla/5.0 (X11; Ubuntu; Linux x86_64; rv:62.0) Gecko/20100101 Firefox/62.0" 
137.222.114.242 - - [11/Oct/2018:06:17:15 -0700] "GET /GitHub-Mark.png HTTP/1.1" 200 7428 "http://www.secrepo.com/" "Mozilla/5.0 (X11; Ubuntu; Linux x86_64; rv:62.0) Gecko/20100101 Firefox/62.0" 
137.222.114.242 - - [11/Oct/2018:06:17:15 -0700] "GET /bootstrap/img/favicon.ico HTTP/1.1" 200 589 "-" "Mozilla/5.0 (X11; Ubuntu; Linux x86_64; rv:62.0) Gecko/20100101 Firefox/62.0" 
137.222.114.246 - - [11/Oct/2018:06:17:48 -0700] "GET / HTTP/1.1" 200 12383 "-" "Mozilla/5.0 (Macintosh; Intel Mac OS X 10_11_6) AppleWebKit/605.1.15 (KHTML, like Gecko) Version/11.1.2 Safari/605.1.15" 
137.222.114.246 - - [11/Oct/2018:06:17:49 -0700] "GET /twitter-icon.png HTTP/1.1" 200 27787 "http://www.secrepo.com/" "Mozilla/5.0 (Macintosh; Intel Mac OS X 10_11_6) AppleWebKit/605.1.15 (KHTML, like Gecko) Version/11.1.2 Safari/605.1.15" 
137.222.114.246 - - [11/Oct/2018:06:17:49 -0700] "GET /GitHub-Mark.png HTTP/1.1" 200 7428 "http://www.secrepo.com/" "Mozilla/5.0 (Macintosh; Intel Mac OS X 10_11_6) AppleWebKit/605.1.15 (KHTML, like Gecko) Version/11.1.2 Safari/605.1.15" 
137.222.114.246 - - [11/Oct/2018:06:17:53 -0700] "GET /bootstrap/img/favicon.ico HTTP/1.1" 200 590 "http://www.secrepo.com/" "Mozilla/5.0 (Macintosh; Intel Mac OS X 10_11_6) AppleWebKit/605.1.15 (KHTML, like Gecko) Version/11.1.2 Safari/605.1.15" 
137.222.114.246 - - [11/Oct/2018:06:19:04 -0700] "GET /honeypot/honeypot.json.zip HTTP/1.1" 200 23085976 "http://www.secrepo.com/" "Mozilla/5.0 (Macintosh; Intel Mac OS X 10_11_6) AppleWebKit/605.1.15 (KHTML, like Gecko) Version/11.1.2 Safari/605.1.15" 
54.36.148.11 - - [11/Oct/2018:06:27:16 -0700] "GET /self.logs/error.log.2017-02-19.gz HTTP/1.1" 200 666 "-" "Mozilla/5.0 (compatible; AhrefsBot/5.2; +http://ahrefs.com/robot/)" 
18.224.34.29 - - [11/Oct/2018:06:30:17 -0700] "GET / HTTP/1.1" 200 12383 "-" "Mozilla/5.0 (Macintosh; Intel Mac OS X x.y; rv:42.0) Gecko/20100101 Chrome/67.0.3396.79 Safari/537.36" 
70.42.131.170 - - [11/Oct/2018:06:30:30 -0700] "GET / HTTP/1.1" 301 483 "-" "Mozilla/4.0 (compatible; MSIE 8.0; Windows NT 6.1; WOW64; Trident/4.0; SLCC2; .NET CLR 2.0.50727; .NET CLR 3.5.30729; .NET CLR 3.0.30729; Media Center PC 6.0; .NET4.0C; .NET4.0E; InfoPath.2)" 
70.42.131.170 - - [11/Oct/2018:06:30:31 -0700] "GET / HTTP/1.1" 200 12383 "-" "Mozilla/4.0 (compatible; MSIE 8.0; Windows NT 6.1; WOW64; Trident/4.0; SLCC2; .NET CLR 2.0.50727; .NET CLR 3.5.30729; .NET CLR 3.0.30729; Media Center PC 6.0; .NET4.0C; .NET4.0E; InfoPath.2)" 
70.42.131.170 - - [11/Oct/2018:06:30:31 -0700] "GET /twitter-icon.png HTTP/1.1" 200 27787 "-" "Mozilla/4.0 (compatible; MSIE 8.0; Windows NT 6.1; WOW64; Trident/4.0; SLCC2; .NET CLR 2.0.50727; .NET CLR 3.5.30729; .NET CLR 3.0.30729; Media Center PC 6.0; .NET4.0C; .NET4.0E; InfoPath.2)" 
70.42.131.170 - - [11/Oct/2018:06:30:31 -0700] "GET /GitHub-Mark.png HTTP/1.1" 200 7428 "-" "Mozilla/4.0 (compatible; MSIE 8.0; Windows NT 6.1; WOW64; Trident/4.0; SLCC2; .NET CLR 2.0.50727; .NET CLR 3.5.30729; .NET CLR 3.0.30729; Media Center PC 6.0; .NET4.0C; .NET4.0E; InfoPath.2)" 
40.77.167.4 - - [11/Oct/2018:06:30:38 -0700] "GET /self.logs/access.log.2017-04-27.gz HTTP/1.1" 301 546 "-" "Mozilla/5.0 (compatible; bingbot/2.0; +http://www.bing.com/bingbot.htm)" 
54.36.148.120 - - [11/Oct/2018:06:31:02 -0700] "GET /Datasets%20Description/HTML_Bro_log_2/ssl.html HTTP/1.1" 200 1698 "-" "Mozilla/5.0 (compatible; AhrefsBot/5.2; +http://ahrefs.com/robot/)" 
23.253.92.35 - - [11/Oct/2018:06:32:10 -0700] "GET /robots.txt HTTP/1.1" 301 446 "-" "Tornado-Async-Client" 
23.253.92.35 - - [11/Oct/2018:06:32:10 -0700] "GET /robots.txt HTTP/1.1" 304 130 "-" "Tornado-Async-Client" 
23.253.92.35 - - [11/Oct/2018:06:32:10 -0700] "GET /honeypot/BSidesDFW%20-%202014.ipynb HTTP/1.1" 301 484 "-" "Tornado-Async-Client" 
23.253.92.35 - - [11/Oct/2018:06:32:10 -0700] "GET /honeypot/BSidesDFW%20-%202014.ipynb HTTP/1.1" 200 930780 "-" "Tornado-Async-Client" 
113.171.224.176 - - [11/Oct/2018:06:32:24 -0700] "GET /honeypot/Honeypot%20-%20Howto.pdf HTTP/1.1" 200 61320 "-" "Mozilla/5.0 Gecko/20100115 Firefox/3.6" 
157.55.39.133 - - [11/Oct/2018:06:33:20 -0700] "GET /honeypot/honeypot%20-%20howto%20-%20bsides%20austin.pdf HTTP/1.1" 301 558 "-" "Mozilla/5.0 (iPhone; CPU iPhone OS 7_0 like Mac OS X) AppleWebKit/537.51.1 (KHTML, like Gecko) Version/7.0 Mobile/11A465 Safari/9537.53 (compatible; bingbot/2.0; +http://www.bing.com/bingbot.htm)" 
137.222.114.242 - - [11/Oct/2018:06:34:04 -0700] "GET /maccdc2012/dhcp.log.gz HTTP/1.1" 200 45019 "http://www.secrepo.com/" "Mozilla/5.0 (X11; Ubuntu; Linux x86_64; rv:62.0) Gecko/20100101 Firefox/62.0" 
137.222.114.245 - - [11/Oct/2018:06:37:29 -0700] "GET / HTTP/1.1" 200 12383 "-" "Mozilla/5.0 (X11; Ubuntu; Linux x86_64; rv:62.0) Gecko/20100101 Firefox/62.0" 
137.222.114.245 - - [11/Oct/2018:06:37:29 -0700] "GET /twitter-icon.png HTTP/1.1" 200 27787 "http://www.secrepo.com/" "Mozilla/5.0 (X11; Ubuntu; Linux x86_64; rv:62.0) Gecko/20100101 Firefox/62.0" 
137.222.114.245 - - [11/Oct/2018:06:37:29 -0700] "GET /GitHub-Mark.png HTTP/1.1" 200 7428 "http://www.secrepo.com/" "Mozilla/5.0 (X11; Ubuntu; Linux x86_64; rv:62.0) Gecko/20100101 Firefox/62.0" 
137.222.114.245 - - [11/Oct/2018:06:37:29 -0700] "GET /bootstrap/img/favicon.ico HTTP/1.1" 200 589 "-" "Mozilla/5.0 (X11; Ubuntu; Linux x86_64; rv:62.0) Gecko/20100101 Firefox/62.0" 
137.222.114.242 - - [11/Oct/2018:06:38:35 -0700] "GET /Datasets%20Description/Network/dhcp.html HTTP/1.1" 200 1355 "http://www.secrepo.com/" "Mozilla/5.0 (X11; Ubuntu; Linux x86_64; rv:62.0) Gecko/20100101 Firefox/62.0" 
137.222.114.242 - - [11/Oct/2018:06:38:35 -0700] "GET /favicon.ico HTTP/1.1" 200 267 "-" "Mozilla/5.0 (X11; Ubuntu; Linux x86_64; rv:62.0) Gecko/20100101 Firefox/62.0" 
137.222.114.244 - - [11/Oct/2018:06:39:43 -0700] "GET / HTTP/1.1" 200 12383 "-" "Mozilla/5.0 (Windows NT 10.0; Win64; x64) AppleWebKit/537.36 (KHTML, like Gecko) Chrome/69.0.3497.100 Safari/537.36" 
137.222.114.244 - - [11/Oct/2018:06:39:43 -0700] "GET /twitter-icon.png HTTP/1.1" 200 27787 "http://www.secrepo.com/" "Mozilla/5.0 (Windows NT 10.0; Win64; x64) AppleWebKit/537.36 (KHTML, like Gecko) Chrome/69.0.3497.100 Safari/537.36" 
137.222.114.244 - - [11/Oct/2018:06:39:43 -0700] "GET /GitHub-Mark.png HTTP/1.1" 200 7428 "http://www.secrepo.com/" "Mozilla/5.0 (Windows NT 10.0; Win64; x64) AppleWebKit/537.36 (KHTML, like Gecko) Chrome/69.0.3497.100 Safari/537.36" 
137.222.114.244 - - [11/Oct/2018:06:39:44 -0700] "GET /bootstrap/img/favicon.ico HTTP/1.1" 200 589 "http://www.secrepo.com/" "Mozilla/5.0 (Windows NT 10.0; Win64; x64) AppleWebKit/537.36 (KHTML, like Gecko) Chrome/69.0.3497.100 Safari/537.36" 
137.222.114.242 - - [11/Oct/2018:06:39:45 -0700] "GET /maccdc2012/files.log.gz HTTP/1.1" 200 51408672 "http://www.secrepo.com/" "Mozilla/5.0 (X11; Ubuntu; Linux x86_64; rv:62.0) Gecko/20100101 Firefox/62.0" 
137.222.114.244 - - [11/Oct/2018:06:41:18 -0700] "GET /maccdc2012/weird.log.gz HTTP/1.1" 200 1242777 "-" "Mozilla/5.0 (Windows NT 10.0; Win64; x64) AppleWebKit/537.36 (KHTML, like Gecko) Chrome/69.0.3497.100 Safari/537.36" 
13.58.201.75 - - [11/Oct/2018:06:42:10 -0700] "GET / HTTP/1.1" 200 12383 "-" "Mozilla/5.0 (X11; Linux x86_64) Trident/5.0 Chrome/67.0.3396.79 Safari/537.36" 
216.244.66.245 - - [11/Oct/2018:06:44:13 -0700] "GET /robots.txt HTTP/1.1" 200 233 "-" "Mozilla/5.0 (compatible; DotBot/1.1; http://www.opensiteexplorer.org/dotbot, help@moz.com)" 
18.191.165.71 - - [11/Oct/2018:06:44:25 -0700] "GET / HTTP/1.1" 200 12383 "-" "Mozilla/5.0 (Windows NT 6.1; Win64; x64; rv:47.0) Trident/5.0 Firefox/42.0" 
94.250.249.41 - - [11/Oct/2018:06:44:50 -0700] "HEAD /honeypot/Honeypot%20-%20Howto.pdf HTTP/1.1" 200 282 "-" "Mozilla/5.0 (Windows NT 5.1) AppleWebKit/537.36 (KHTML, like Gecko) Chrome/34.0.1847.116 Safari/537.36" 
94.250.249.41 - - [11/Oct/2018:06:44:50 -0700] "HEAD /honeypot/Honeypot%20-%20Howto.pdf/license.php HTTP/1.1" 404 275 "-" "Mozilla/5.0 (Windows NT 5.1) AppleWebKit/537.36 (KHTML, like Gecko) Chrome/34.0.1847.116 Safari/537.36" 
94.250.249.41 - - [11/Oct/2018:06:44:50 -0700] "GET /honeypot/Honeypot%20-%20Howto.pdf/license.php HTTP/1.1" 404 294 "-" "Mozilla/5.0 (Windows NT 5.1) AppleWebKit/537.36 (KHTML, like Gecko) Chrome/34.0.1847.116 Safari/537.36" 
137.222.114.246 - - [11/Oct/2018:06:48:29 -0700] "GET /Security-Data-Analysis/Lab_2/http.log.zip HTTP/1.1" 200 28579697 "-" "Mozilla/5.0 (Macintosh; Intel Mac OS X 10_11_6) AppleWebKit/605.1.15 (KHTML, like Gecko) Version/11.1.2 Safari/605.1.15" 
137.222.114.242 - - [11/Oct/2018:06:48:59 -0700] "GET /maccdc2012/ssh.log.gz HTTP/1.1" 200 182517 "http://www.secrepo.com/" "Mozilla/5.0 (X11; Ubuntu; Linux x86_64; rv:62.0) Gecko/20100101 Firefox/62.0" 
137.222.114.242 - - [11/Oct/2018:06:33:18 -0700] "GET /maccdc2012/conn.log.gz HTTP/1.1" 200 551041635 "http://www.secrepo.com/" "Mozilla/5.0 (X11; Ubuntu; Linux x86_64; rv:62.0) Gecko/20100101 Firefox/62.0" 
137.222.114.242 - - [11/Oct/2018:06:53:04 -0700] "GET /self.logs/ HTTP/1.1" 200 12642 "http://www.secrepo.com/" "Mozilla/5.0 (X11; Ubuntu; Linux x86_64; rv:62.0) Gecko/20100101 Firefox/62.0" 
162.242.144.71 - - [11/Oct/2018:06:53:10 -0700] "GET /robots.txt HTTP/1.1" 301 446 "-" "Tornado-Async-Client" 
162.242.144.71 - - [11/Oct/2018:06:53:11 -0700] "GET /robots.txt HTTP/1.1" 304 130 "-" "Tornado-Async-Client" 
162.242.144.71 - - [11/Oct/2018:06:53:11 -0700] "GET /honeypot/BSidesDFW%20-%202014.ipynb HTTP/1.1" 301 484 "-" "Tornado-Async-Client" 
162.242.144.71 - - [11/Oct/2018:06:53:11 -0700] "GET /honeypot/BSidesDFW%20-%202014.ipynb HTTP/1.1" 200 930780 "-" "Tornado-Async-Client" 
137.222.114.242 - - [11/Oct/2018:06:53:19 -0700] "GET /self.logs/error.log.2018-10-05.gz HTTP/1.1" 200 4958 "http://www.secrepo.com/self.logs/" "Mozilla/5.0 (X11; Ubuntu; Linux x86_64; rv:62.0) Gecko/20100101 Firefox/62.0" 
185.15.62.38 - - [11/Oct/2018:06:55:34 -0700] "GET /wp-login.php HTTP/1.1" 418 732 "-" "Mozilla/5.0 (Windows NT 6.1; WOW64; rv:40.0) Gecko/20100101 Firefox/40.1" 
216.244.66.245 - - [11/Oct/2018:06:57:52 -0700] "GET /self.logs/access.log.2017-02-19.gz HTTP/1.1" 200 16303 "-" "Mozilla/5.0 (compatible; DotBot/1.1; http://www.opensiteexplorer.org/dotbot, help@moz.com)" 
216.244.66.245 - - [11/Oct/2018:06:57:54 -0700] "GET /self.logs/access.log.2017-08-18.gz HTTP/1.1" 200 15304 "-" "Mozilla/5.0 (compatible; DotBot/1.1; http://www.opensiteexplorer.org/dotbot, help@moz.com)" 
216.244.66.245 - - [11/Oct/2018:06:57:56 -0700] "GET /self.logs/access.log.2018-03-16.gz HTTP/1.1" 200 21435 "-" "Mozilla/5.0 (compatible; DotBot/1.1; http://www.opensiteexplorer.org/dotbot, help@moz.com)" 
216.244.66.245 - - [11/Oct/2018:06:57:57 -0700] "GET /self.logs/error.log.2017-05-31.gz HTTP/1.1" 200 872 "-" "Mozilla/5.0 (compatible; DotBot/1.1; http://www.opensiteexplorer.org/dotbot, help@moz.com)" 
216.244.66.245 - - [11/Oct/2018:06:57:59 -0700] "GET /self.logs/error.log.2017-06-15.gz HTTP/1.1" 200 898 "-" "Mozilla/5.0 (compatible; DotBot/1.1; http://www.opensiteexplorer.org/dotbot, help@moz.com)" 
216.244.66.245 - - [11/Oct/2018:06:58:01 -0700] "GET /self.logs/error.log.2017-07-08.gz HTTP/1.1" 200 578 "-" "Mozilla/5.0 (compatible; DotBot/1.1; http://www.opensiteexplorer.org/dotbot, help@moz.com)" 
123.231.111.4 - - [11/Oct/2018:06:58:13 -0700] "GET /wp-login.php HTTP/1.1" 418 732 "-" "Mozilla/5.0 (Windows NT 6.1; WOW64; rv:40.0) Gecko/20100101 Firefox/40.1" 
123.231.111.4 - - [11/Oct/2018:06:58:18 -0700] "GET / HTTP/1.1" 418 732 "-" "Mozilla/5.0 (Windows NT 6.1; WOW64; rv:40.0) Gecko/20100101 Firefox/40.1" 
