40.77.167.75 - - [05/Oct/2018:14:51:54 -0700] "GET /self.logs/error.log.2017-01-21.gz HTTP/1.1" 200 969 "-" "Mozilla/5.0 (compatible; bingbot/2.0; +http://www.bing.com/bingbot.htm)" 
187.190.191.128 - - [05/Oct/2018:14:55:28 -0700] "GET /wp-login.php HTTP/1.1" 418 732 "-" "Mozilla/5.0 (Windows NT 6.1; WOW64; rv:40.0) Gecko/20100101 Firefox/40.1" 
187.190.191.128 - - [05/Oct/2018:14:55:28 -0700] "GET / HTTP/1.1" 418 732 "-" "Mozilla/5.0 (Windows NT 6.1; WOW64; rv:40.0) Gecko/20100101 Firefox/40.1" 
216.244.66.245 - - [05/Oct/2018:14:57:54 -0700] "GET /Datasets%20Description/PE_malware/?C=S;O=D HTTP/1.1" 200 897 "-" "Mozilla/5.0 (compatible; DotBot/1.1; http://www.opensiteexplorer.org/dotbot, help@moz.com)" 
162.210.196.98 - - [05/Oct/2018:15:03:26 -0700] "GET /robots.txt HTTP/1.1" 200 289 "-" "Mozilla/5.0 (compatible; MJ12bot/v1.4.8; http://mj12bot.com/)" 
162.210.196.98 - - [05/Oct/2018:15:03:28 -0700] "GET / HTTP/1.1" 200 46156 "-" "Mozilla/5.0 (compatible; MJ12bot/v1.4.8; http://mj12bot.com/)" 
181.206.17.158 - - [05/Oct/2018:15:13:19 -0700] "GET /wp-login.php HTTP/1.1" 418 732 "-" "Mozilla/5.0 (Windows NT 6.1; WOW64; rv:40.0) Gecko/20100101 Firefox/40.1" 
168.159.213.212 - - [05/Oct/2018:15:13:25 -0700] "GET / HTTP/1.1" 200 12383 "-" "Mozilla/5.0 (Windows NT 10.0; Win64; x64) AppleWebKit/537.36 (KHTML, like Gecko) Chrome/69.0.3497.100 Safari/537.36" 
168.159.213.212 - - [05/Oct/2018:15:13:25 -0700] "GET /twitter-icon.png HTTP/1.1" 200 27787 "http://www.secrepo.com/" "Mozilla/5.0 (Windows NT 10.0; Win64; x64) AppleWebKit/537.36 (KHTML, like Gecko) Chrome/69.0.3497.100 Safari/537.36" 
168.159.213.212 - - [05/Oct/2018:15:13:25 -0700] "GET /GitHub-Mark.png HTTP/1.1" 200 7427 "http://www.secrepo.com/" "Mozilla/5.0 (Windows NT 10.0; Win64; x64) AppleWebKit/537.36 (KHTML, like Gecko) Chrome/69.0.3497.100 Safari/537.36" 
168.159.213.212 - - [05/Oct/2018:15:13:26 -0700] "GET /bootstrap/img/favicon.ico HTTP/1.1" 200 589 "http://www.secrepo.com/" "Mozilla/5.0 (Windows NT 10.0; Win64; x64) AppleWebKit/537.36 (KHTML, like Gecko) Chrome/69.0.3497.100 Safari/537.36" 
18.219.142.57 - - [05/Oct/2018:15:14:04 -0700] "GET / HTTP/1.1" 200 12383 "-" "Mozilla/5.0 (Windows NT 6.1; Win64; x64; rv:47.0) Gecko/20100101 Safari/602.1" 
5.196.128.131 - - [05/Oct/2018:15:14:18 -0700] "GET /robots.txt HTTP/1.1" 200 289 "-" "Mozilla/5.0 (Windows NT 10.0; Win64; x64; rv:48.0) Gecko/20100101 Firefox/48.0" 
5.196.128.131 - - [05/Oct/2018:15:14:18 -0700] "GET / HTTP/1.1" 200 46211 "-" "Mozilla/5.0 (Windows NT 10.0; Win64; x64; rv:48.0) Gecko/20100101 Firefox/48.0" 
5.196.128.131 - - [05/Oct/2018:15:14:18 -0700] "GET /xmlrpc.php?rsd HTTP/1.1" 404 294 "-" "Mozilla/5.0 (Windows NT 10.0; Win64; x64; rv:48.0) Gecko/20100101 Firefox/48.0" 
5.196.128.131 - - [05/Oct/2018:15:14:18 -0700] "GET /blog/robots.txt HTTP/1.1" 404 294 "-" "Mozilla/5.0 (Windows NT 10.0; Win64; x64; rv:48.0) Gecko/20100101 Firefox/48.0" 
5.196.128.131 - - [05/Oct/2018:15:14:18 -0700] "GET /blog/ HTTP/1.1" 404 294 "-" "Mozilla/5.0 (Windows NT 10.0; Win64; x64; rv:48.0) Gecko/20100101 Firefox/48.0" 
5.196.128.131 - - [05/Oct/2018:15:14:18 -0700] "GET /wordpress/ HTTP/1.1" 404 294 "-" "Mozilla/5.0 (Windows NT 10.0; Win64; x64; rv:48.0) Gecko/20100101 Firefox/48.0" 
5.196.128.131 - - [05/Oct/2018:15:14:19 -0700] "GET /wp/ HTTP/1.1" 404 294 "-" "Mozilla/5.0 (Windows NT 10.0; Win64; x64; rv:48.0) Gecko/20100101 Firefox/48.0" 
5.196.128.131 - - [05/Oct/2018:15:14:19 -0700] "GET / HTTP/1.1" 200 46211 "-" "Mozilla/5.0 (Windows NT 10.0; Win64; x64; rv:48.0) Gecko/20100101 Firefox/48.0" 
5.196.128.131 - - [05/Oct/2018:15:14:19 -0700] "GET / HTTP/1.1" 200 46211 "-" "Mozilla/5.0 (Windows NT 10.0; Win64; x64; rv:48.0) Gecko/20100101 Firefox/48.0" 
5.196.128.131 - - [05/Oct/2018:15:14:19 -0700] "GET /robots.txt HTTP/1.1" 200 288 "-" "Mozilla/5.0 (Windows NT 10.0; Win64; x64; rv:48.0) Gecko/20100101 Firefox/48.0" 
27.32.30.69 - - [05/Oct/2018:15:19:44 -0700] "GET /wp-login.php HTTP/1.1" 418 732 "-" "Mozilla/5.0 (Windows NT 6.1; WOW64; rv:40.0) Gecko/20100101 Firefox/40.1" 
27.32.30.69 - - [05/Oct/2018:15:19:44 -0700] "GET / HTTP/1.1" 418 732 "-" "Mozilla/5.0 (Windows NT 6.1; WOW64; rv:40.0) Gecko/20100101 Firefox/40.1" 
18.221.232.130 - - [05/Oct/2018:15:25:06 -0700] "GET / HTTP/1.1" 200 12383 "-" "Mozilla/5.0 (X11; Linux x86_64) AppleWebKit/537.36 (KHTML, like Gecko) Chrome/51.0.2704.106 Safari/537.36 OPR/38.0.2220.41" 
178.255.215.78 - - [05/Oct/2018:15:31:16 -0700] "GET /self.logs/2015/?C=S;O=D HTTP/1.1" 200 8216 "-" "Mozilla/5.0 (compatible; Exabot/3.0; +http://www.exabot.com/go/robot)" 
178.255.215.78 - - [05/Oct/2018:15:31:18 -0700] "GET /self.logs/2015/?C=D;O=A HTTP/1.1" 200 7400 "-" "Mozilla/5.0 (compatible; Exabot/3.0; +http://www.exabot.com/go/robot)" 
68.225.196.33 - - [05/Oct/2018:15:33:56 -0700] "GET /bootstrap/img/favicon.ico HTTP/1.1" 200 590 "-" "Mozilla/5.0 (Windows NT 6.1; Win64; x64) AppleWebKit/537.36 (KHTML, like Gecko) Chrome/69.0.3497.100 Safari/537.36" 
183.129.76.130 - - [05/Oct/2018:15:35:41 -0700] "GET / HTTP/1.1" 200 46212 "http://www.secrepo.com/" "Mozilla/4.0 (compatible; MSIE 9.0; Windows NT 6.1)" 
183.129.76.130 - - [05/Oct/2018:15:35:42 -0700] "POST //plus/90sec.php HTTP/1.1" 404 294 "http://www.secrepo.com//plus/90sec.php" "Mozilla/4.0 (compatible; MSIE 9.0; Windows NT 6.1)" 
183.129.76.130 - - [05/Oct/2018:15:35:42 -0700] "POST //plus/moon.php HTTP/1.1" 404 294 "http://www.secrepo.com//plus/moon.php" "Mozilla/4.0 (compatible; MSIE 9.0; Windows NT 6.1)" 
183.129.76.130 - - [05/Oct/2018:15:35:43 -0700] "POST //plus/e7xue.php HTTP/1.1" 404 294 "http://www.secrepo.com//plus/e7xue.php" "Mozilla/4.0 (compatible; MSIE 9.0; Windows NT 6.1)" 
183.129.76.130 - - [05/Oct/2018:15:35:43 -0700] "POST //plus/mytag_js.php?aid=511348 HTTP/1.1" 404 294 "http://www.secrepo.com//plus/mytag_js.php?aid=511348" "Mozilla/4.0 (compatible; MSIE 9.0; Windows NT 6.1)" 
183.129.76.130 - - [05/Oct/2018:15:35:44 -0700] "POST //plus/mytag_js.php?aid=511348 HTTP/1.1" 404 294 "http://www.secrepo.com//plus/mytag_js.php?aid=511348" "Mozilla/4.0 (compatible; MSIE 9.0; Windows NT 6.1)" 
183.129.76.130 - - [05/Oct/2018:15:35:44 -0700] "POST //plus/mytag_js.php?aid=511348 HTTP/1.1" 404 294 "http://www.secrepo.com//plus/mytag_js.php?aid=511348" "Mozilla/4.0 (compatible; MSIE 9.0; Windows NT 6.1)" 
183.129.76.130 - - [05/Oct/2018:15:35:44 -0700] "POST //plus/mytag_js.php?aid=8080 HTTP/1.1" 404 294 "http://www.secrepo.com//plus/mytag_js.php?aid=8080" "Mozilla/4.0 (compatible; MSIE 9.0; Windows NT 6.1)" 
183.129.76.130 - - [05/Oct/2018:15:35:45 -0700] "POST //plus/mytag_js.php?aid=8080 HTTP/1.1" 404 294 "http://www.secrepo.com//plus/mytag_js.php?aid=8080" "Mozilla/4.0 (compatible; MSIE 9.0; Windows NT 6.1)" 
183.129.76.130 - - [05/Oct/2018:15:35:45 -0700] "POST //plus/mytag_js.php?aid=8080 HTTP/1.1" 404 294 "http://www.secrepo.com//plus/mytag_js.php?aid=8080" "Mozilla/4.0 (compatible; MSIE 9.0; Windows NT 6.1)" 
183.129.76.130 - - [05/Oct/2018:15:35:46 -0700] "POST //config/AspCms_Config.asp HTTP/1.1" 404 294 "http://www.secrepo.com//config/AspCms_Config.asp" "Mozilla/4.0 (compatible; MSIE 9.0; Windows NT 6.1)" 
183.129.76.130 - - [05/Oct/2018:15:35:46 -0700] "POST //plus/mytag_js.php?aid=9090 HTTP/1.1" 404 294 "http://www.secrepo.com//plus/mytag_js.php?aid=9090" "Mozilla/4.0 (compatible; MSIE 9.0; Windows NT 6.1)" 
183.129.76.130 - - [05/Oct/2018:15:35:46 -0700] "POST //plus/mytag_js.php?aid=9090 HTTP/1.1" 404 294 "http://www.secrepo.com//plus/mytag_js.php?aid=9090" "Mozilla/4.0 (compatible; MSIE 9.0; Windows NT 6.1)" 
183.129.76.130 - - [05/Oct/2018:15:35:47 -0700] "POST //plus/mytag_js.php?aid=9090 HTTP/1.1" 404 294 "http://www.secrepo.com//plus/mytag_js.php?aid=9090" "Mozilla/4.0 (compatible; MSIE 9.0; Windows NT 6.1)" 
183.129.76.130 - - [05/Oct/2018:15:35:47 -0700] "POST //plus/laobiao.php HTTP/1.1" 404 294 "http://www.secrepo.com//plus/laobiao.php" "Mozilla/4.0 (compatible; MSIE 9.0; Windows NT 6.1)" 
183.129.76.130 - - [05/Oct/2018:15:35:48 -0700] "POST //plus/mytag_js.php?aid=6022 HTTP/1.1" 404 294 "http://www.secrepo.com//plus/mytag_js.php?aid=6022" "Mozilla/4.0 (compatible; MSIE 9.0; Windows NT 6.1)" 
183.129.76.130 - - [05/Oct/2018:15:35:49 -0700] "POST //plus/mytag_js.php?aid=6022 HTTP/1.1" 404 294 "http://www.secrepo.com//plus/mytag_js.php?aid=6022" "Mozilla/4.0 (compatible; MSIE 9.0; Windows NT 6.1)" 
183.129.76.130 - - [05/Oct/2018:15:35:49 -0700] "POST //plus/mytag_js.php?aid=6022 HTTP/1.1" 404 294 "http://www.secrepo.com//plus/mytag_js.php?aid=6022" "Mozilla/4.0 (compatible; MSIE 9.0; Windows NT 6.1)" 
183.129.76.130 - - [05/Oct/2018:15:35:49 -0700] "POST //plus/mytag_js.php?aid=9527 HTTP/1.1" 404 294 "http://www.secrepo.com//plus/mytag_js.php?aid=9527" "Mozilla/4.0 (compatible; MSIE 9.0; Windows NT 6.1)" 
183.129.76.130 - - [05/Oct/2018:15:35:49 -0700] "POST //plus/mytag_js.php?aid=9527 HTTP/1.1" 404 294 "http://www.secrepo.com//plus/mytag_js.php?aid=9527" "Mozilla/4.0 (compatible; MSIE 9.0; Windows NT 6.1)" 
183.129.76.130 - - [05/Oct/2018:15:35:50 -0700] "POST //plus/mytag_js.php?aid=9527 HTTP/1.1" 404 294 "http://www.secrepo.com//plus/mytag_js.php?aid=9527" "Mozilla/4.0 (compatible; MSIE 9.0; Windows NT 6.1)" 
183.129.76.130 - - [05/Oct/2018:15:35:50 -0700] "POST //plus/mytag_js.php?aid=9191 HTTP/1.1" 404 294 "http://www.secrepo.com//plus/mytag_js.php?aid=9191" "Mozilla/4.0 (compatible; MSIE 9.0; Windows NT 6.1)" 
183.129.76.130 - - [05/Oct/2018:15:35:50 -0700] "POST //plus/mytag_js.php?aid=9191 HTTP/1.1" 404 294 "http://www.secrepo.com//plus/mytag_js.php?aid=9191" "Mozilla/4.0 (compatible; MSIE 9.0; Windows NT 6.1)" 
183.129.76.130 - - [05/Oct/2018:15:35:51 -0700] "POST //plus/mytag_js.php?aid=9191 HTTP/1.1" 404 294 "http://www.secrepo.com//plus/mytag_js.php?aid=9191" "Mozilla/4.0 (compatible; MSIE 9.0; Windows NT 6.1)" 
183.129.76.130 - - [05/Oct/2018:15:35:51 -0700] "POST //install/m7lrv.php HTTP/1.1" 404 294 "http://www.secrepo.com//install/m7lrv.php" "Mozilla/4.0 (compatible; MSIE 9.0; Windows NT 6.1)" 
31.205.27.219 - - [05/Oct/2018:15:38:14 -0700] "GET / HTTP/1.1" 200 12383 "-" "Mozilla/5.0 (Windows NT 10.0; WOW64) AppleWebKit/537.36 (KHTML, like Gecko) Chrome/63.0.3239.132 Safari/537.36" 
31.205.27.219 - - [05/Oct/2018:15:38:15 -0700] "GET /twitter-icon.png HTTP/1.1" 200 27787 "http://www.secrepo.com/" "Mozilla/5.0 (Windows NT 10.0; WOW64) AppleWebKit/537.36 (KHTML, like Gecko) Chrome/63.0.3239.132 Safari/537.36" 
31.205.27.219 - - [05/Oct/2018:15:38:15 -0700] "GET /GitHub-Mark.png HTTP/1.1" 200 7428 "http://www.secrepo.com/" "Mozilla/5.0 (Windows NT 10.0; WOW64) AppleWebKit/537.36 (KHTML, like Gecko) Chrome/63.0.3239.132 Safari/537.36" 
31.205.27.219 - - [05/Oct/2018:15:38:15 -0700] "GET /bootstrap/img/favicon.ico HTTP/1.1" 200 589 "http://www.secrepo.com/" "Mozilla/5.0 (Windows NT 10.0; WOW64) AppleWebKit/537.36 (KHTML, like Gecko) Chrome/63.0.3239.132 Safari/537.36" 
18.223.172.176 - - [05/Oct/2018:15:43:55 -0700] "GET / HTTP/1.1" 200 12383 "-" "Mozilla/5.0 (X11; Linux x86_64) Trident/5.0 Chrome/67.0.3396.79 Safari/537.36" 
113.171.224.176 - - [05/Oct/2018:15:45:38 -0700] "GET /honeypot/Honeypot%20-%20Howto.pdf HTTP/1.1" 200 46720 "-" "Mozilla/5.0 Gecko/20100115 Firefox/3.6" 
46.229.168.140 - - [05/Oct/2018:16:01:55 -0700] "GET /robots.txt HTTP/1.1" 200 297 "-" "Mozilla/5.0 (compatible; SemrushBot/2~bl; +http://www.semrush.com/bot.html)" 
46.229.168.146 - - [05/Oct/2018:16:01:56 -0700] "GET /Datasets%20Description/PE_malware/OPCleaver.html HTTP/1.1" 200 1315 "-" "Mozilla/5.0 (compatible; SemrushBot/2~bl; +http://www.semrush.com/bot.html)" 
40.77.167.148 - - [05/Oct/2018:16:02:32 -0700] "GET /self.logs/access.log.2016-11-07.gz HTTP/1.1" 404 340 "-" "Mozilla/5.0 (compatible; bingbot/2.0; +http://www.bing.com/bingbot.htm)" 
72.35.208.23 - - [05/Oct/2018:16:02:42 -0700] "GET / HTTP/1.1" 200 12383 "-" "Mozilla/5.0 (Windows NT 10.0; Win64; x64) AppleWebKit/537.36 (KHTML, like Gecko) Chrome/69.0.3497.100 Safari/537.36" 
216.244.66.245 - - [05/Oct/2018:16:06:35 -0700] "GET /robots.txt HTTP/1.1" 200 233 "-" "Mozilla/5.0 (compatible; DotBot/1.1; http://www.opensiteexplorer.org/dotbot, help@moz.com)" 
18.219.142.57 - - [05/Oct/2018:16:13:56 -0700] "GET / HTTP/1.1" 200 12383 "-" "Mozilla/5.0 (Windows NT 6.1; Win64; x64; rv:47.0) Gecko/20100101 Safari/602.1" 
216.244.66.245 - - [05/Oct/2018:16:21:23 -0700] "GET /self.logs/access.log.2017-01-25.gz HTTP/1.1" 200 19013 "-" "Mozilla/5.0 (compatible; DotBot/1.1; http://www.opensiteexplorer.org/dotbot, help@moz.com)" 
216.244.66.245 - - [05/Oct/2018:16:21:24 -0700] "GET /self.logs/access.log.2017-02-23.gz HTTP/1.1" 200 20538 "-" "Mozilla/5.0 (compatible; DotBot/1.1; http://www.opensiteexplorer.org/dotbot, help@moz.com)" 
216.244.66.245 - - [05/Oct/2018:16:21:26 -0700] "GET /self.logs/access.log.2017-04-08.gz HTTP/1.1" 200 16112 "-" "Mozilla/5.0 (compatible; DotBot/1.1; http://www.opensiteexplorer.org/dotbot, help@moz.com)" 
216.244.66.245 - - [05/Oct/2018:16:21:27 -0700] "GET /self.logs/access.log.2017-06-06.gz HTTP/1.1" 200 31550 "-" "Mozilla/5.0 (compatible; DotBot/1.1; http://www.opensiteexplorer.org/dotbot, help@moz.com)" 
216.244.66.245 - - [05/Oct/2018:16:21:28 -0700] "GET /self.logs/access.log.2017-07-05.gz HTTP/1.1" 200 22684 "-" "Mozilla/5.0 (compatible; DotBot/1.1; http://www.opensiteexplorer.org/dotbot, help@moz.com)" 
216.244.66.245 - - [05/Oct/2018:16:21:30 -0700] "GET /self.logs/access.log.2017-12-12.gz HTTP/1.1" 200 38522 "-" "Mozilla/5.0 (compatible; DotBot/1.1; http://www.opensiteexplorer.org/dotbot, help@moz.com)" 
216.244.66.245 - - [05/Oct/2018:16:21:31 -0700] "GET /self.logs/access.log.2017-12-20.gz HTTP/1.1" 200 24696 "-" "Mozilla/5.0 (compatible; DotBot/1.1; http://www.opensiteexplorer.org/dotbot, help@moz.com)" 
216.244.66.245 - - [05/Oct/2018:16:21:32 -0700] "GET /self.logs/error.log.2017-02-23.gz HTTP/1.1" 200 894 "-" "Mozilla/5.0 (compatible; DotBot/1.1; http://www.opensiteexplorer.org/dotbot, help@moz.com)" 
216.244.66.245 - - [05/Oct/2018:16:21:33 -0700] "GET /self.logs/error.log.2017-03-23.gz HTTP/1.1" 200 734 "-" "Mozilla/5.0 (compatible; DotBot/1.1; http://www.opensiteexplorer.org/dotbot, help@moz.com)" 
216.244.66.245 - - [05/Oct/2018:16:21:35 -0700] "GET /self.logs/error.log.2017-05-01.gz HTTP/1.1" 200 677 "-" "Mozilla/5.0 (compatible; DotBot/1.1; http://www.opensiteexplorer.org/dotbot, help@moz.com)" 
216.244.66.245 - - [05/Oct/2018:16:21:36 -0700] "GET /self.logs/error.log.2017-05-10.gz HTTP/1.1" 200 1045 "-" "Mozilla/5.0 (compatible; DotBot/1.1; http://www.opensiteexplorer.org/dotbot, help@moz.com)" 
216.244.66.245 - - [05/Oct/2018:16:21:37 -0700] "GET /self.logs/error.log.2017-10-14.gz HTTP/1.1" 200 1480 "-" "Mozilla/5.0 (compatible; DotBot/1.1; http://www.opensiteexplorer.org/dotbot, help@moz.com)" 
68.225.196.33 - - [05/Oct/2018:16:25:07 -0700] "GET /bootstrap/img/favicon.ico HTTP/1.1" 200 590 "-" "Mozilla/5.0 (Windows NT 6.1; Win64; x64) AppleWebKit/537.36 (KHTML, like Gecko) Chrome/69.0.3497.100 Safari/537.36" 
18.221.232.130 - - [05/Oct/2018:16:26:23 -0700] "GET / HTTP/1.1" 200 12383 "-" "Mozilla/5.0 (X11; Linux x86_64) Trident/5.0 Firefox/42.0" 
68.225.196.33 - - [05/Oct/2018:16:27:06 -0700] "GET /bootstrap/img/favicon.ico HTTP/1.1" 200 590 "-" "Mozilla/5.0 (Windows NT 6.1; Win64; x64) AppleWebKit/537.36 (KHTML, like Gecko) Chrome/69.0.3497.100 Safari/537.36" 
207.46.13.85 - - [05/Oct/2018:16:29:27 -0700] "GET /self.logs/error.log.2018-09-08.gz HTTP/1.1" 200 4789 "-" "Mozilla/5.0 (compatible; bingbot/2.0; +http://www.bing.com/bingbot.htm)" 
216.244.66.245 - - [05/Oct/2018:16:35:51 -0700] "GET /self.logs/access.log.2015-02-14.gz HTTP/1.1" 404 239 "-" "Mozilla/5.0 (compatible; DotBot/1.1; http://www.opensiteexplorer.org/dotbot, help@moz.com)" 
216.244.66.245 - - [05/Oct/2018:16:35:52 -0700] "GET /self.logs/access.log.2015-07-25.gz HTTP/1.1" 404 239 "-" "Mozilla/5.0 (compatible; DotBot/1.1; http://www.opensiteexplorer.org/dotbot, help@moz.com)" 
216.244.66.245 - - [05/Oct/2018:16:35:53 -0700] "GET /self.logs/error.log.2015-02-26.gz HTTP/1.1" 404 239 "-" "Mozilla/5.0 (compatible; DotBot/1.1; http://www.opensiteexplorer.org/dotbot, help@moz.com)" 
216.244.66.245 - - [05/Oct/2018:16:35:54 -0700] "GET /self.logs/error.log.2015-07-22.gz HTTP/1.1" 404 239 "-" "Mozilla/5.0 (compatible; DotBot/1.1; http://www.opensiteexplorer.org/dotbot, help@moz.com)" 
216.244.66.245 - - [05/Oct/2018:16:35:55 -0700] "GET /self.logs/error.log.2015-07-30.gz HTTP/1.1" 404 239 "-" "Mozilla/5.0 (compatible; DotBot/1.1; http://www.opensiteexplorer.org/dotbot, help@moz.com)" 
216.244.66.245 - - [05/Oct/2018:16:35:56 -0700] "GET /self.logs/error.log.2015-11-09.gz HTTP/1.1" 404 239 "-" "Mozilla/5.0 (compatible; DotBot/1.1; http://www.opensiteexplorer.org/dotbot, help@moz.com)" 
216.244.66.245 - - [05/Oct/2018:16:35:57 -0700] "GET /self.logs/error.log.2016-04-29.gz HTTP/1.1" 404 239 "-" "Mozilla/5.0 (compatible; DotBot/1.1; http://www.opensiteexplorer.org/dotbot, help@moz.com)" 
216.244.66.245 - - [05/Oct/2018:16:35:57 -0700] "GET /self.logs/error.log.2016-05-14.gz HTTP/1.1" 404 239 "-" "Mozilla/5.0 (compatible; DotBot/1.1; http://www.opensiteexplorer.org/dotbot, help@moz.com)" 
216.244.66.245 - - [05/Oct/2018:16:35:58 -0700] "GET /self.logs/error.log.2016-06-07.gz HTTP/1.1" 404 239 "-" "Mozilla/5.0 (compatible; DotBot/1.1; http://www.opensiteexplorer.org/dotbot, help@moz.com)" 
216.244.66.245 - - [05/Oct/2018:16:35:59 -0700] "GET /self.logs/error.log.2016-09-30.gz HTTP/1.1" 404 239 "-" "Mozilla/5.0 (compatible; DotBot/1.1; http://www.opensiteexplorer.org/dotbot, help@moz.com)" 
40.77.167.148 - - [05/Oct/2018:16:38:03 -0700] "GET /self.logs/error.log.2017-06-02.gz HTTP/1.1" 200 861 "-" "Mozilla/5.0 (compatible; bingbot/2.0; +http://www.bing.com/bingbot.htm)" 
18.188.94.118 - - [05/Oct/2018:16:44:02 -0700] "GET / HTTP/1.1" 200 12383 "-" "Mozilla/5.0 (X11; Linux x86_64) AppleWebKit/537.36 (KHTML, like Gecko) Firefox/42.0" 
162.210.196.129 - - [05/Oct/2018:16:45:20 -0700] "GET /robots.txt HTTP/1.1" 200 289 "-" "Mozilla/5.0 (compatible; MJ12bot/v1.4.8; http://mj12bot.com/)" 
162.210.196.129 - - [05/Oct/2018:16:45:22 -0700] "GET / HTTP/1.1" 200 46156 "-" "Mozilla/5.0 (compatible; MJ12bot/v1.4.8; http://mj12bot.com/)" 
90.3.135.28 - - [05/Oct/2018:16:47:31 -0700] "GET /wp-login.php HTTP/1.1" 418 732 "-" "Mozilla/5.0 (Windows NT 6.1; WOW64; rv:40.0) Gecko/20100101 Firefox/40.1" 
90.3.135.28 - - [05/Oct/2018:16:47:31 -0700] "GET / HTTP/1.1" 418 732 "-" "Mozilla/5.0 (Windows NT 6.1; WOW64; rv:40.0) Gecko/20100101 Firefox/40.1" 
113.171.224.176 - - [05/Oct/2018:16:47:35 -0700] "GET /honeypot/Honeypot%20-%20Howto.pdf HTTP/1.1" 200 46720 "-" "Mozilla/5.0 Gecko/20100115 Firefox/3.6" 
68.225.196.33 - - [05/Oct/2018:16:49:07 -0700] "GET /bootstrap/img/favicon.ico HTTP/1.1" 200 590 "-" "Mozilla/5.0 (Windows NT 6.1; Win64; x64) AppleWebKit/537.36 (KHTML, like Gecko) Chrome/69.0.3497.100 Safari/537.36" 
216.244.66.245 - - [05/Oct/2018:16:49:31 -0700] "GET /robots.txt HTTP/1.1" 200 233 "-" "Mozilla/5.0 (compatible; DotBot/1.1; http://www.opensiteexplorer.org/dotbot, help@moz.com)" 
201.219.234.146 - - [05/Oct/2018:16:51:37 -0700] "GET / HTTP/1.1" 200 12383 "-" "Mozilla/5.0 (Windows NT 10.0; Win64; x64) AppleWebKit/537.36 (KHTML, like Gecko) Chrome/69.0.3497.100 Safari/537.36" 
201.219.234.146 - - [05/Oct/2018:16:51:41 -0700] "GET /GitHub-Mark.png HTTP/1.1" 200 7428 "http://www.secrepo.com/" "Mozilla/5.0 (Windows NT 10.0; Win64; x64) AppleWebKit/537.36 (KHTML, like Gecko) Chrome/69.0.3497.100 Safari/537.36" 
201.219.234.146 - - [05/Oct/2018:16:51:47 -0700] "GET /twitter-icon.png HTTP/1.1" 200 27788 "http://www.secrepo.com/" "Mozilla/5.0 (Windows NT 10.0; Win64; x64) AppleWebKit/537.36 (KHTML, like Gecko) Chrome/69.0.3497.100 Safari/537.36" 
201.219.234.146 - - [05/Oct/2018:16:52:11 -0700] "GET /bootstrap/img/favicon.ico HTTP/1.1" 200 590 "http://www.secrepo.com/" "Mozilla/5.0 (Windows NT 10.0; Win64; x64) AppleWebKit/537.36 (KHTML, like Gecko) Chrome/69.0.3497.100 Safari/537.36" 
68.225.196.33 - - [05/Oct/2018:17:01:27 -0700] "GET /bootstrap/img/favicon.ico HTTP/1.1" 200 590 "-" "Mozilla/5.0 (Windows NT 6.1; Win64; x64) AppleWebKit/537.36 (KHTML, like Gecko) Chrome/69.0.3497.100 Safari/537.36" 
216.244.66.245 - - [05/Oct/2018:17:04:22 -0700] "GET /self.logs/access.log.2017-04-05.gz HTTP/1.1" 200 52177 "-" "Mozilla/5.0 (compatible; DotBot/1.1; http://www.opensiteexplorer.org/dotbot, help@moz.com)" 
216.244.66.245 - - [05/Oct/2018:17:04:24 -0700] "GET /self.logs/access.log.2017-06-21.gz HTTP/1.1" 200 25041 "-" "Mozilla/5.0 (compatible; DotBot/1.1; http://www.opensiteexplorer.org/dotbot, help@moz.com)" 
216.244.66.245 - - [05/Oct/2018:17:04:25 -0700] "GET /self.logs/access.log.2017-08-30.gz HTTP/1.1" 200 29475 "-" "Mozilla/5.0 (compatible; DotBot/1.1; http://www.opensiteexplorer.org/dotbot, help@moz.com)" 
216.244.66.245 - - [05/Oct/2018:17:04:27 -0700] "GET /self.logs/access.log.2017-09-14.gz HTTP/1.1" 200 24675 "-" "Mozilla/5.0 (compatible; DotBot/1.1; http://www.opensiteexplorer.org/dotbot, help@moz.com)" 
216.244.66.245 - - [05/Oct/2018:17:04:28 -0700] "GET /self.logs/error.log.2017-05-09.gz HTTP/1.1" 200 814 "-" "Mozilla/5.0 (compatible; DotBot/1.1; http://www.opensiteexplorer.org/dotbot, help@moz.com)" 
216.244.66.245 - - [05/Oct/2018:17:04:30 -0700] "GET /self.logs/error.log.2017-06-28.gz HTTP/1.1" 200 801 "-" "Mozilla/5.0 (compatible; DotBot/1.1; http://www.opensiteexplorer.org/dotbot, help@moz.com)" 
216.244.66.245 - - [05/Oct/2018:17:04:31 -0700] "GET /self.logs/error.log.2017-08-01.gz HTTP/1.1" 200 838 "-" "Mozilla/5.0 (compatible; DotBot/1.1; http://www.opensiteexplorer.org/dotbot, help@moz.com)" 
41.223.160.173 - - [05/Oct/2018:17:08:26 -0700] "GET /tg/tg_snort_fast.7z HTTP/1.1" 304 131 "-" "Mozilla/5.0 Gecko/20100115 Firefox/3.6" 
207.46.13.10 - - [05/Oct/2018:17:12:20 -0700] "GET /self.logs/error.log.2015-08-25.gz HTTP/1.1" 404 340 "-" "Mozilla/5.0 (compatible; bingbot/2.0; +http://www.bing.com/bingbot.htm)" 
41.223.160.173 - - [05/Oct/2018:17:12:28 -0700] "GET /maccdc2012/dns.log.gz HTTP/1.1" 304 154 "-" "Mozilla/5.0 Gecko/20100115 Firefox/3.6" 
52.14.175.39 - - [05/Oct/2018:17:13:59 -0700] "GET / HTTP/1.1" 200 12383 "-" "Mozilla/5.0 (Windows NT 6.1; Win64; x64; rv:47.0) Trident/5.0 Chrome/67.0.3396.79 Safari/537.36" 
89.32.134.119 - - [05/Oct/2018:17:14:45 -0700] "GET /honeypot/Honeypot%20-%20Howto.pdf HTTP/1.1" 200 1279362 "http://www.secrepo.com/" "Mozilla/5.0 (Windows NT 6.1; WOW64; Trident/7.0; rv:11.0) like Gecko 4tds562" 
68.225.196.33 - - [05/Oct/2018:17:20:16 -0700] "GET /bootstrap/img/favicon.ico HTTP/1.1" 200 590 "-" "Mozilla/5.0 (Windows NT 6.1; Win64; x64) AppleWebKit/537.36 (KHTML, like Gecko) Chrome/69.0.3497.100 Safari/537.36" 
216.244.66.245 - - [05/Oct/2018:17:20:46 -0700] "GET /self.logs/access.log.2015-12-20.gz HTTP/1.1" 404 239 "-" "Mozilla/5.0 (compatible; DotBot/1.1; http://www.opensiteexplorer.org/dotbot, help@moz.com)" 
216.244.66.245 - - [05/Oct/2018:17:20:47 -0700] "GET /self.logs/access.log.2016-02-19.gz HTTP/1.1" 404 239 "-" "Mozilla/5.0 (compatible; DotBot/1.1; http://www.opensiteexplorer.org/dotbot, help@moz.com)" 
216.244.66.245 - - [05/Oct/2018:17:20:48 -0700] "GET /self.logs/error.log.2015-06-12.gz HTTP/1.1" 404 239 "-" "Mozilla/5.0 (compatible; DotBot/1.1; http://www.opensiteexplorer.org/dotbot, help@moz.com)" 
216.244.66.245 - - [05/Oct/2018:17:20:50 -0700] "GET /self.logs/error.log.2015-07-12.gz HTTP/1.1" 404 239 "-" "Mozilla/5.0 (compatible; DotBot/1.1; http://www.opensiteexplorer.org/dotbot, help@moz.com)" 
216.244.66.245 - - [05/Oct/2018:17:20:51 -0700] "GET /self.logs/error.log.2015-12-18.gz HTTP/1.1" 404 239 "-" "Mozilla/5.0 (compatible; DotBot/1.1; http://www.opensiteexplorer.org/dotbot, help@moz.com)" 
216.244.66.245 - - [05/Oct/2018:17:20:52 -0700] "GET /self.logs/error.log.2016-04-15.gz HTTP/1.1" 404 239 "-" "Mozilla/5.0 (compatible; DotBot/1.1; http://www.opensiteexplorer.org/dotbot, help@moz.com)" 
216.244.66.245 - - [05/Oct/2018:17:20:53 -0700] "GET /self.logs/error.log.2016-05-18.gz HTTP/1.1" 404 239 "-" "Mozilla/5.0 (compatible; DotBot/1.1; http://www.opensiteexplorer.org/dotbot, help@moz.com)" 
37.187.26.42 - - [05/Oct/2018:17:23:12 -0700] "GET / HTTP/1.1" 301 442 "-" "Mozilla/5.0 (compatible; Googlebot/2.1; +http://www.google.com/bot.html)" 
37.187.26.42 - - [05/Oct/2018:17:23:17 -0700] "GET / HTTP/1.1" 200 46156 "-" "Mozilla/5.0 (compatible; Googlebot/2.1; +http://www.google.com/bot.html)" 
68.225.196.33 - - [05/Oct/2018:17:23:34 -0700] "GET /bootstrap/img/favicon.ico HTTP/1.1" 200 590 "-" "Mozilla/5.0 (Windows NT 6.1; Win64; x64) AppleWebKit/537.36 (KHTML, like Gecko) Chrome/69.0.3497.100 Safari/537.36" 
18.221.45.138 - - [05/Oct/2018:17:27:43 -0700] "GET / HTTP/1.1" 200 12383 "-" "Mozilla/5.0 (Windows NT 6.1; Win64; x64; rv:47.0) Gecko/20100101 Chrome/51.0.2704.106 Safari/537.36 OPR/38.0.2220.41" 
68.225.196.33 - - [05/Oct/2018:17:30:28 -0700] "GET /bootstrap/img/favicon.ico HTTP/1.1" 200 590 "-" "Mozilla/5.0 (Windows NT 6.1; Win64; x64) AppleWebKit/537.36 (KHTML, like Gecko) Chrome/69.0.3497.100 Safari/537.36" 
68.225.196.33 - - [05/Oct/2018:17:33:28 -0700] "GET /bootstrap/img/favicon.ico HTTP/1.1" 200 590 "-" "Mozilla/5.0 (Windows NT 6.1; Win64; x64) AppleWebKit/537.36 (KHTML, like Gecko) Chrome/69.0.3497.100 Safari/537.36" 
120.29.114.58 - - [05/Oct/2018:17:36:36 -0700] "GET / HTTP/1.1" 200 12383 "https://www.reddit.com/r/datasets/comments/3tbxap/cyber_security_datasets/" "Mozilla/5.0 (Windows NT 10.0; Win64; x64) AppleWebKit/537.36 (KHTML, like Gecko) Chrome/64.0.3282.140 Safari/537.36 Edge/17.17134" 
120.29.114.58 - - [05/Oct/2018:17:36:37 -0700] "GET /twitter-icon.png HTTP/1.1" 200 27787 "http://www.secrepo.com/" "Mozilla/5.0 (Windows NT 10.0; Win64; x64) AppleWebKit/537.36 (KHTML, like Gecko) Chrome/64.0.3282.140 Safari/537.36 Edge/17.17134" 
120.29.114.58 - - [05/Oct/2018:17:36:37 -0700] "GET /GitHub-Mark.png HTTP/1.1" 200 7428 "http://www.secrepo.com/" "Mozilla/5.0 (Windows NT 10.0; Win64; x64) AppleWebKit/537.36 (KHTML, like Gecko) Chrome/64.0.3282.140 Safari/537.36 Edge/17.17134" 
120.29.114.58 - - [05/Oct/2018:17:36:37 -0700] "GET /bootstrap/img/favicon.ico HTTP/1.1" 200 590 "-" "Mozilla/5.0 (Windows NT 10.0; Win64; x64) AppleWebKit/537.36 (KHTML, like Gecko) Chrome/64.0.3282.140 Safari/537.36 Edge/17.17134" 
52.14.175.39 - - [05/Oct/2018:17:44:16 -0700] "GET / HTTP/1.1" 200 12383 "-" "Mozilla/5.0 (Macintosh; Intel Mac OS X x.y; rv:42.0) AppleWebKit/537.36 (KHTML, like Gecko) Chrome/67.0.3396.79 Safari/537.36" 
66.249.66.84 - - [05/Oct/2018:17:44:54 -0700] "GET /self.logs/ HTTP/1.1" 200 12511 "-" "Mozilla/5.0 (Linux; Android 6.0.1; Nexus 5X Build/MMB29P) AppleWebKit/537.36 (KHTML, like Gecko) Chrome/41.0.2272.96 Mobile Safari/537.36 (compatible; Googlebot/2.1; +http://www.google.com/bot.html)" 
68.225.196.33 - - [05/Oct/2018:17:48:42 -0700] "GET /bootstrap/img/favicon.ico HTTP/1.1" 200 590 "-" "Mozilla/5.0 (Windows NT 6.1; Win64; x64) AppleWebKit/537.36 (KHTML, like Gecko) Chrome/69.0.3497.100 Safari/537.36" 
113.171.224.176 - - [05/Oct/2018:17:50:28 -0700] "GET /honeypot/Honeypot%20-%20Howto.pdf HTTP/1.1" 200 46720 "-" "Mozilla/5.0 Gecko/20100115 Firefox/3.6" 
95.176.179.44 - - [05/Oct/2018:17:56:07 -0700] "GET /wp-login.php HTTP/1.1" 418 732 "-" "Mozilla/5.0 (Windows NT 6.1; WOW64; rv:40.0) Gecko/20100101 Firefox/40.1" 
95.176.179.44 - - [05/Oct/2018:17:56:07 -0700] "GET / HTTP/1.1" 418 732 "-" "Mozilla/5.0 (Windows NT 6.1; WOW64; rv:40.0) Gecko/20100101 Firefox/40.1" 
41.33.22.186 - - [05/Oct/2018:18:09:21 -0700] "GET /honeypot/BSidesDFW%20-%202014.ipynb HTTP/1.1" 200 930780 "http://www.secrepo.com/" "Mozilla/5.0 (Windows NT 6.2) AppleWebKit/537.36 (KHTML, like Gecko) Chrome/65.0.3325.181 Safari/537.36" 
40.77.167.75 - - [05/Oct/2018:18:10:00 -0700] "GET /self.logs/ HTTP/1.1" 200 12511 "-" "Mozilla/5.0 (compatible; bingbot/2.0; +http://www.bing.com/bingbot.htm)" 
18.219.142.57 - - [05/Oct/2018:18:14:13 -0700] "GET / HTTP/1.1" 200 12383 "-" "Mozilla/5.0 (Macintosh; Intel Mac OS X x.y; rv:42.0) Gecko/20100101 Chrome/51.0.2704.106 Safari/537.36 OPR/38.0.2220.41" 
49.148.230.151 - - [05/Oct/2018:18:16:50 -0700] "GET /wp-login.php HTTP/1.1" 418 732 "-" "Mozilla/5.0 (Windows NT 6.1; WOW64; rv:40.0) Gecko/20100101 Firefox/40.1" 
49.148.230.151 - - [05/Oct/2018:18:16:51 -0700] "GET / HTTP/1.1" 418 732 "-" "Mozilla/5.0 (Windows NT 6.1; WOW64; rv:40.0) Gecko/20100101 Firefox/40.1" 
54.163.170.225 - - [05/Oct/2018:18:16:59 -0700] "GET / HTTP/1.1" 200 12327 "-" "Mozilla/5.0 (compatible; Googlebot/2.1; startmebot/1.0; +https://start.me/bot)" 
66.249.66.83 - - [05/Oct/2018:18:17:38 -0700] "GET / HTTP/1.1" 200 12383 "-" "Mozilla/5.0 (Linux; Android 6.0.1; Nexus 5X Build/MMB29P) AppleWebKit/537.36 (KHTML, like Gecko) Chrome/41.0.2272.96 Mobile Safari/537.36 (compatible; Googlebot/2.1; +http://www.google.com/bot.html)" 
207.246.121.216 - - [05/Oct/2018:18:21:15 -0700] "HEAD / HTTP/1.1" 200 284 "https://securityonline.info" "Mozilla/5.0 (compatible; MSIE 9.0; Windows NT 6.1; WOW64; Trident/5.0)" 
68.225.196.33 - - [05/Oct/2018:18:24:49 -0700] "GET /bootstrap/img/favicon.ico HTTP/1.1" 200 590 "-" "Mozilla/5.0 (Windows NT 6.1; Win64; x64) AppleWebKit/537.36 (KHTML, like Gecko) Chrome/69.0.3497.100 Safari/537.36" 
18.221.45.138 - - [05/Oct/2018:18:25:53 -0700] "GET / HTTP/1.1" 200 12383 "-" "Mozilla/5.0 (Macintosh; Intel Mac OS X x.y; rv:42.0) AppleWebKit/537.36 (KHTML, like Gecko) Safari/602.1" 
102.250.67.115 - - [05/Oct/2018:18:32:54 -0700] "GET /wp-login.php HTTP/1.1" 418 732 "-" "Mozilla/5.0 (Windows NT 6.1; WOW64; rv:40.0) Gecko/20100101 Firefox/40.1" 
102.250.67.115 - - [05/Oct/2018:18:32:54 -0700] "GET / HTTP/1.1" 418 732 "-" "Mozilla/5.0 (Windows NT 6.1; WOW64; rv:40.0) Gecko/20100101 Firefox/40.1" 
18.223.172.176 - - [05/Oct/2018:18:44:02 -0700] "GET / HTTP/1.1" 200 12383 "-" "Mozilla/5.0 (Macintosh; Intel Mac OS X x.y; rv:42.0) Gecko/20100101 Chrome/67.0.3396.79 Safari/537.36" 
162.210.196.100 - - [05/Oct/2018:18:45:44 -0700] "GET /robots.txt HTTP/1.1" 200 289 "-" "Mozilla/5.0 (compatible; MJ12bot/v1.4.8; http://mj12bot.com/)" 
162.210.196.100 - - [05/Oct/2018:18:45:46 -0700] "GET / HTTP/1.1" 200 46156 "-" "Mozilla/5.0 (compatible; MJ12bot/v1.4.8; http://mj12bot.com/)" 
68.225.196.33 - - [05/Oct/2018:18:52:08 -0700] "GET /bootstrap/img/favicon.ico HTTP/1.1" 200 590 "-" "Mozilla/5.0 (Windows NT 6.1; Win64; x64) AppleWebKit/537.36 (KHTML, like Gecko) Chrome/69.0.3497.100 Safari/537.36" 
113.171.224.176 - - [05/Oct/2018:18:53:03 -0700] "GET /honeypot/Honeypot%20-%20Howto.pdf HTTP/1.1" 200 46720 "-" "Mozilla/5.0 Gecko/20100115 Firefox/3.6" 
111.206.36.19 - - [05/Oct/2018:18:54:06 -0700] "GET / HTTP/1.1" 200 12383 "http://www.baidu.com/s?wd=relationshipfne" "Mozilla/5.0 (Windows NT 6.1; WOW64; rv:43.0) Gecko/20100101 Firefox/43.0" 
216.244.66.245 - - [05/Oct/2018:18:58:25 -0700] "GET /robots.txt HTTP/1.1" 200 233 "-" "Mozilla/5.0 (compatible; DotBot/1.1; http://www.opensiteexplorer.org/dotbot, help@moz.com)" 
40.77.167.148 - - [05/Oct/2018:19:07:26 -0700] "GET /self.logs/access.log.2017-02-23.gz HTTP/1.1" 200 20686 "-" "Mozilla/5.0 (compatible; bingbot/2.0; +http://www.bing.com/bingbot.htm)" 
60.51.75.20 - - [05/Oct/2018:19:07:46 -0700] "GET /wp-login.php HTTP/1.1" 418 732 "-" "Mozilla/5.0 (Windows NT 6.1; WOW64; rv:40.0) Gecko/20100101 Firefox/40.1" 
60.51.75.20 - - [05/Oct/2018:19:07:47 -0700] "GET / HTTP/1.1" 418 732 "-" "Mozilla/5.0 (Windows NT 6.1; WOW64; rv:40.0) Gecko/20100101 Firefox/40.1" 
67.183.233.162 - - [05/Oct/2018:19:09:52 -0700] "GET /wp-login.php HTTP/1.1" 418 732 "-" "Mozilla/5.0 (Windows NT 6.1; WOW64; rv:40.0) Gecko/20100101 Firefox/40.1" 
67.183.233.162 - - [05/Oct/2018:19:09:53 -0700] "GET / HTTP/1.1" 418 732 "-" "Mozilla/5.0 (Windows NT 6.1; WOW64; rv:40.0) Gecko/20100101 Firefox/40.1" 
216.244.66.245 - - [05/Oct/2018:19:13:14 -0700] "GET /self.logs/access.log.2017-01-03.gz HTTP/1.1" 200 40998 "-" "Mozilla/5.0 (compatible; DotBot/1.1; http://www.opensiteexplorer.org/dotbot, help@moz.com)" 
216.244.66.245 - - [05/Oct/2018:19:13:16 -0700] "GET /self.logs/access.log.2017-06-07.gz HTTP/1.1" 200 20303 "-" "Mozilla/5.0 (compatible; DotBot/1.1; http://www.opensiteexplorer.org/dotbot, help@moz.com)" 
216.244.66.245 - - [05/Oct/2018:19:13:17 -0700] "GET /self.logs/access.log.2017-07-12.gz HTTP/1.1" 200 39127 "-" "Mozilla/5.0 (compatible; DotBot/1.1; http://www.opensiteexplorer.org/dotbot, help@moz.com)" 
216.244.66.245 - - [05/Oct/2018:19:13:19 -0700] "GET /self.logs/access.log.2017-07-24.gz HTTP/1.1" 200 35638 "-" "Mozilla/5.0 (compatible; DotBot/1.1; http://www.opensiteexplorer.org/dotbot, help@moz.com)" 
216.244.66.245 - - [05/Oct/2018:19:13:20 -0700] "GET /self.logs/access.log.2017-07-30.gz HTTP/1.1" 200 15748 "-" "Mozilla/5.0 (compatible; DotBot/1.1; http://www.opensiteexplorer.org/dotbot, help@moz.com)" 
216.244.66.245 - - [05/Oct/2018:19:13:22 -0700] "GET /self.logs/error.log.2017-04-20.gz HTTP/1.1" 200 782 "-" "Mozilla/5.0 (compatible; DotBot/1.1; http://www.opensiteexplorer.org/dotbot, help@moz.com)" 
216.244.66.245 - - [05/Oct/2018:19:13:23 -0700] "GET /self.logs/error.log.2017-06-06.gz HTTP/1.1" 200 932 "-" "Mozilla/5.0 (compatible; DotBot/1.1; http://www.opensiteexplorer.org/dotbot, help@moz.com)" 
216.244.66.245 - - [05/Oct/2018:19:13:25 -0700] "GET /self.logs/error.log.2017-12-04.gz HTTP/1.1" 200 1545 "-" "Mozilla/5.0 (compatible; DotBot/1.1; http://www.opensiteexplorer.org/dotbot, help@moz.com)" 
47.75.150.232 - - [05/Oct/2018:19:14:13 -0700] "GET /status?full HTTP/1.1" 301 464 "-" "Mozilla/5.0 (Windows NT 10.0; Win64; x64; rv:57.0) Gecko/20100101 Firefox/57.0" 
47.75.150.232 - - [05/Oct/2018:19:14:14 -0700] "GET /status?full HTTP/1.1" 404 239 "-" "Mozilla/5.0 (Windows NT 10.0; Win64; x64; rv:57.0) Gecko/20100101 Firefox/57.0" 
47.75.150.232 - - [05/Oct/2018:19:14:14 -0700] "GET /phpMyAdmin/scripts/setup.php HTTP/1.1" 301 498 "-" "Mozilla/5.0 (Windows NT 10.0; Win64; x64; rv:57.0) Gecko/20100101 Firefox/57.0" 
47.75.150.232 - - [05/Oct/2018:19:14:15 -0700] "GET /phpMyAdmin/scripts/setup.php HTTP/1.1" 404 239 "-" "Mozilla/5.0 (Windows NT 10.0; Win64; x64; rv:57.0) Gecko/20100101 Firefox/57.0" 
47.75.150.232 - - [05/Oct/2018:19:14:16 -0700] "GET /phpmyadmin/scripts/setup.php HTTP/1.1" 301 498 "-" "Mozilla/5.0 (Windows NT 10.0; Win64; x64; rv:57.0) Gecko/20100101 Firefox/57.0" 
47.75.150.232 - - [05/Oct/2018:19:14:16 -0700] "GET /phpmyadmin/scripts/setup.php HTTP/1.1" 404 239 "-" "Mozilla/5.0 (Windows NT 10.0; Win64; x64; rv:57.0) Gecko/20100101 Firefox/57.0" 
47.75.150.232 - - [05/Oct/2018:19:14:17 -0700] "GET /_phpMyAdmin/scripts/setup.php HTTP/1.1" 301 500 "-" "Mozilla/5.0 (Windows NT 10.0; Win64; x64; rv:57.0) Gecko/20100101 Firefox/57.0" 
47.75.150.232 - - [05/Oct/2018:19:14:17 -0700] "GET /_phpMyAdmin/scripts/setup.php HTTP/1.1" 404 239 "-" "Mozilla/5.0 (Windows NT 10.0; Win64; x64; rv:57.0) Gecko/20100101 Firefox/57.0" 
47.75.150.232 - - [05/Oct/2018:19:14:18 -0700] "GET /admin/scripts/setup.php HTTP/1.1" 301 488 "-" "Mozilla/5.0 (Windows NT 10.0; Win64; x64; rv:57.0) Gecko/20100101 Firefox/57.0" 
47.75.150.232 - - [05/Oct/2018:19:14:18 -0700] "GET /admin/scripts/setup.php HTTP/1.1" 404 239 "-" "Mozilla/5.0 (Windows NT 10.0; Win64; x64; rv:57.0) Gecko/20100101 Firefox/57.0" 
47.75.150.232 - - [05/Oct/2018:19:14:19 -0700] "GET /scripts/setup.php HTTP/1.1" 301 476 "-" "Mozilla/5.0 (Windows NT 10.0; Win64; x64; rv:57.0) Gecko/20100101 Firefox/57.0" 
47.75.150.232 - - [05/Oct/2018:19:14:19 -0700] "GET /scripts/setup.php HTTP/1.1" 404 239 "-" "Mozilla/5.0 (Windows NT 10.0; Win64; x64; rv:57.0) Gecko/20100101 Firefox/57.0" 
47.75.150.232 - - [05/Oct/2018:19:14:20 -0700] "GET /pma/scripts/setup.php HTTP/1.1" 301 484 "-" "Mozilla/5.0 (Windows NT 10.0; Win64; x64; rv:57.0) Gecko/20100101 Firefox/57.0" 
47.75.150.232 - - [05/Oct/2018:19:14:20 -0700] "GET /pma/scripts/setup.php HTTP/1.1" 404 239 "-" "Mozilla/5.0 (Windows NT 10.0; Win64; x64; rv:57.0) Gecko/20100101 Firefox/57.0" 
18.191.165.71 - - [05/Oct/2018:19:14:21 -0700] "GET / HTTP/1.1" 200 12383 "-" "Mozilla/5.0 (Macintosh; Intel Mac OS X x.y; rv:42.0) Trident/5.0 Safari/602.1" 
185.209.20.197 - - [05/Oct/2018:19:21:51 -0700] "GET /secrepo.rar HTTP/1.1" 301 497 "-" "-" 
185.209.20.197 - - [05/Oct/2018:19:21:51 -0700] "GET /secrepo.rar HTTP/1.1" 404 340 "-" "-" 
185.209.20.197 - - [05/Oct/2018:19:21:51 -0700] "GET /secrepo.tar HTTP/1.1" 301 441 "-" "-" 
185.209.20.197 - - [05/Oct/2018:19:21:51 -0700] "GET /secrepo.tar HTTP/1.1" 404 284 "-" "-" 
185.209.20.197 - - [05/Oct/2018:19:21:51 -0700] "GET /secrepo.tar.gz HTTP/1.1" 301 448 "-" "-" 
185.209.20.197 - - [05/Oct/2018:19:21:52 -0700] "GET /secrepo.tar.gz HTTP/1.1" 404 284 "-" "-" 
185.209.20.197 - - [05/Oct/2018:19:21:52 -0700] "GET /secrepo.tar.bz2 HTTP/1.1" 301 450 "-" "-" 
185.209.20.197 - - [05/Oct/2018:19:21:52 -0700] "GET /secrepo.tar.bz2 HTTP/1.1" 404 284 "-" "-" 
185.209.20.197 - - [05/Oct/2018:19:21:52 -0700] "GET /secrepo.tgz HTTP/1.1" 301 442 "-" "-" 
185.209.20.197 - - [05/Oct/2018:19:21:52 -0700] "GET /secrepo.tgz HTTP/1.1" 404 284 "-" "-" 
185.209.20.197 - - [05/Oct/2018:19:21:52 -0700] "GET /secrepo.zip HTTP/1.1" 301 442 "-" "-" 
185.209.20.197 - - [05/Oct/2018:19:21:52 -0700] "GET /secrepo.zip HTTP/1.1" 404 284 "-" "-" 
185.209.20.197 - - [05/Oct/2018:19:21:52 -0700] "GET /secrepo.7z HTTP/1.1" 301 441 "-" "-" 
185.209.20.197 - - [05/Oct/2018:19:21:52 -0700] "GET /secrepo.7z HTTP/1.1" 404 284 "-" "-" 
185.209.20.197 - - [05/Oct/2018:19:21:52 -0700] "GET /secrepo.sql HTTP/1.1" 301 442 "-" "-" 
185.209.20.197 - - [05/Oct/2018:19:21:52 -0700] "GET /secrepo.sql HTTP/1.1" 404 284 "-" "-" 
18.221.232.130 - - [05/Oct/2018:19:24:20 -0700] "GET / HTTP/1.1" 200 12383 "-" "Mozilla/5.0 (Windows NT 6.1; Win64; x64; rv:47.0) Trident/5.0 Firefox/42.0" 
216.244.66.245 - - [05/Oct/2018:19:29:29 -0700] "GET /self.logs/access.log.2015-04-29.gz HTTP/1.1" 404 239 "-" "Mozilla/5.0 (compatible; DotBot/1.1; http://www.opensiteexplorer.org/dotbot, help@moz.com)" 
216.244.66.245 - - [05/Oct/2018:19:29:30 -0700] "GET /self.logs/access.log.2015-08-25.gz HTTP/1.1" 404 239 "-" "Mozilla/5.0 (compatible; DotBot/1.1; http://www.opensiteexplorer.org/dotbot, help@moz.com)" 
216.244.66.245 - - [05/Oct/2018:19:29:31 -0700] "GET /self.logs/access.log.2015-09-19.gz HTTP/1.1" 404 239 "-" "Mozilla/5.0 (compatible; DotBot/1.1; http://www.opensiteexplorer.org/dotbot, help@moz.com)" 
216.244.66.245 - - [05/Oct/2018:19:29:32 -0700] "GET /self.logs/access.log.2016-06-29.gz HTTP/1.1" 404 239 "-" "Mozilla/5.0 (compatible; DotBot/1.1; http://www.opensiteexplorer.org/dotbot, help@moz.com)" 
216.244.66.245 - - [05/Oct/2018:19:29:33 -0700] "GET /self.logs/access.log.2016-09-01.gz HTTP/1.1" 404 239 "-" "Mozilla/5.0 (compatible; DotBot/1.1; http://www.opensiteexplorer.org/dotbot, help@moz.com)" 
216.244.66.245 - - [05/Oct/2018:19:29:34 -0700] "GET /self.logs/access.log.2016-11-23.gz HTTP/1.1" 404 239 "-" "Mozilla/5.0 (compatible; DotBot/1.1; http://www.opensiteexplorer.org/dotbot, help@moz.com)" 
216.244.66.245 - - [05/Oct/2018:19:29:35 -0700] "GET /self.logs/error.log.2016-06-16.gz HTTP/1.1" 404 239 "-" "Mozilla/5.0 (compatible; DotBot/1.1; http://www.opensiteexplorer.org/dotbot, help@moz.com)" 
216.244.66.245 - - [05/Oct/2018:19:29:36 -0700] "GET /self.logs/error.log.2016-09-13.gz HTTP/1.1" 404 239 "-" "Mozilla/5.0 (compatible; DotBot/1.1; http://www.opensiteexplorer.org/dotbot, help@moz.com)" 
52.212.146.96 - - [05/Oct/2018:19:30:01 -0700] "GET /self.logs/access.log.2018-09-29.gz HTTP/1.1" 200 18078 "-" "python-requests/2.12.1" 
52.212.146.96 - - [05/Oct/2018:19:30:02 -0700] "GET /self.logs/access.log.2018-09-30.gz HTTP/1.1" 200 20852 "-" "python-requests/2.12.1" 
52.212.146.96 - - [05/Oct/2018:19:30:02 -0700] "GET /self.logs/access.log.2018-10-01.gz HTTP/1.1" 200 22057 "-" "python-requests/2.12.1" 
52.212.146.96 - - [05/Oct/2018:19:30:02 -0700] "GET /self.logs/access.log.2018-10-02.gz HTTP/1.1" 200 25382 "-" "python-requests/2.12.1" 
52.212.146.96 - - [05/Oct/2018:19:30:03 -0700] "GET /self.logs/access.log.2018-10-03.gz HTTP/1.1" 404 340 "-" "python-requests/2.12.1" 
52.212.146.96 - - [05/Oct/2018:19:30:03 -0700] "GET /self.logs/access.log.2018-10-04.gz HTTP/1.1" 404 340 "-" "python-requests/2.12.1" 
52.212.146.96 - - [05/Oct/2018:19:30:03 -0700] "GET /self.logs/access.log.2018-10-05.gz HTTP/1.1" 404 340 "-" "python-requests/2.12.1" 
216.244.66.245 - - [05/Oct/2018:19:41:41 -0700] "GET /robots.txt HTTP/1.1" 200 233 "-" "Mozilla/5.0 (compatible; DotBot/1.1; http://www.opensiteexplorer.org/dotbot, help@moz.com)" 
52.14.175.39 - - [05/Oct/2018:19:43:49 -0700] "GET / HTTP/1.1" 200 12383 "-" "Mozilla/5.0 (Macintosh; Intel Mac OS X x.y; rv:42.0) Trident/5.0 Chrome/51.0.2704.106 Safari/537.36 OPR/38.0.2220.41" 
66.249.88.191 - - [05/Oct/2018:19:44:32 -0700] "GET / HTTP/1.1" 200 12383 "-" "Mozilla/5.0 (X11; Linux x86_64) AppleWebKit/537.36 (KHTML, like Gecko) Chrome/49.0.2623.75 Safari/537.36 Google Favicon" 
66.249.88.191 - - [05/Oct/2018:19:44:32 -0700] "GET /bootstrap/img/favicon.ico HTTP/1.1" 200 589 "-" "Mozilla/5.0 (X11; Linux x86_64) AppleWebKit/537.36 (KHTML, like Gecko) Chrome/49.0.2623.75 Safari/537.36 Google Favicon" 
113.171.224.176 - - [05/Oct/2018:19:54:36 -0700] "GET /honeypot/Honeypot%20-%20Howto.pdf HTTP/1.1" 200 46720 "-" "Mozilla/5.0 Gecko/20100115 Firefox/3.6" 
216.244.66.245 - - [05/Oct/2018:19:56:40 -0700] "GET /self.logs/access.log.2017-09-08.gz HTTP/1.1" 200 24158 "-" "Mozilla/5.0 (compatible; DotBot/1.1; http://www.opensiteexplorer.org/dotbot, help@moz.com)" 
216.244.66.245 - - [05/Oct/2018:19:56:42 -0700] "GET /self.logs/access.log.2017-11-15.gz HTTP/1.1" 200 29456 "-" "Mozilla/5.0 (compatible; DotBot/1.1; http://www.opensiteexplorer.org/dotbot, help@moz.com)" 
216.244.66.245 - - [05/Oct/2018:19:56:44 -0700] "GET /self.logs/access.log.2017-12-04.gz HTTP/1.1" 200 24533 "-" "Mozilla/5.0 (compatible; DotBot/1.1; http://www.opensiteexplorer.org/dotbot, help@moz.com)" 
41.223.160.173 - - [05/Oct/2018:20:08:32 -0700] "GET /tg/tg_snort_fast.7z HTTP/1.1" 304 131 "-" "Mozilla/5.0 Gecko/20100115 Firefox/3.6" 
209.17.96.18 - - [05/Oct/2018:20:09:29 -0700] "GET / HTTP/1.1" 301 442 "-" "Mozilla/5.0 (compatible; Nimbostratus-Bot/v1.3.2; http://cloudsystemnetworks.com)" 
216.244.66.245 - - [05/Oct/2018:20:11:31 -0700] "GET /self.logs/access.log.2016-05-09.gz HTTP/1.1" 404 239 "-" "Mozilla/5.0 (compatible; DotBot/1.1; http://www.opensiteexplorer.org/dotbot, help@moz.com)" 
216.244.66.245 - - [05/Oct/2018:20:11:32 -0700] "GET /self.logs/access.log.2016-07-14.gz HTTP/1.1" 404 239 "-" "Mozilla/5.0 (compatible; DotBot/1.1; http://www.opensiteexplorer.org/dotbot, help@moz.com)" 
216.244.66.245 - - [05/Oct/2018:20:11:33 -0700] "GET /self.logs/error.log.2015-10-16.gz HTTP/1.1" 404 239 "-" "Mozilla/5.0 (compatible; DotBot/1.1; http://www.opensiteexplorer.org/dotbot, help@moz.com)" 
216.244.66.245 - - [05/Oct/2018:20:11:35 -0700] "GET /self.logs/error.log.2016-04-20.gz HTTP/1.1" 404 239 "-" "Mozilla/5.0 (compatible; DotBot/1.1; http://www.opensiteexplorer.org/dotbot, help@moz.com)" 
216.244.66.245 - - [05/Oct/2018:20:11:36 -0700] "GET /self.logs/error.log.2016-05-16.gz HTTP/1.1" 404 239 "-" "Mozilla/5.0 (compatible; DotBot/1.1; http://www.opensiteexplorer.org/dotbot, help@moz.com)" 
216.244.66.245 - - [05/Oct/2018:20:11:37 -0700] "GET /self.logs/error.log.2016-05-19.gz HTTP/1.1" 404 239 "-" "Mozilla/5.0 (compatible; DotBot/1.1; http://www.opensiteexplorer.org/dotbot, help@moz.com)" 
41.223.160.173 - - [05/Oct/2018:20:12:29 -0700] "GET /maccdc2012/dns.log.gz HTTP/1.1" 304 154 "-" "Mozilla/5.0 Gecko/20100115 Firefox/3.6" 
18.191.165.71 - - [05/Oct/2018:20:14:15 -0700] "GET / HTTP/1.1" 200 12383 "-" "Mozilla/5.0 (Macintosh; Intel Mac OS X x.y; rv:42.0) Trident/5.0 Safari/602.1" 
105.225.143.147 - - [05/Oct/2018:20:18:00 -0700] "GET /wp-login.php HTTP/1.1" 418 732 "-" "Mozilla/5.0 (Windows NT 6.1; WOW64; rv:40.0) Gecko/20100101 Firefox/40.1" 
105.225.143.147 - - [05/Oct/2018:20:18:01 -0700] "GET / HTTP/1.1" 418 732 "-" "Mozilla/5.0 (Windows NT 6.1; WOW64; rv:40.0) Gecko/20100101 Firefox/40.1" 
207.46.13.85 - - [05/Oct/2018:20:23:33 -0700] "GET /self.logs/error.log.2017-09-13.gz HTTP/1.1" 301 544 "-" "Mozilla/5.0 (compatible; bingbot/2.0; +http://www.bing.com/bingbot.htm)" 
40.77.167.75 - - [05/Oct/2018:20:24:01 -0700] "GET /self.logs/ HTTP/1.1" 200 12511 "-" "Mozilla/5.0 (compatible; bingbot/2.0; +http://www.bing.com/bingbot.htm)" 
18.224.45.232 - - [05/Oct/2018:20:29:19 -0700] "GET / HTTP/1.1" 200 12383 "-" "Mozilla/5.0 (X11; Linux x86_64) Gecko/20100101 Firefox/42.0" 
162.210.196.97 - - [05/Oct/2018:20:32:22 -0700] "GET /robots.txt HTTP/1.1" 200 289 "-" "Mozilla/5.0 (compatible; MJ12bot/v1.4.8; http://mj12bot.com/)" 
162.210.196.97 - - [05/Oct/2018:20:32:24 -0700] "GET / HTTP/1.1" 200 46156 "-" "Mozilla/5.0 (compatible; MJ12bot/v1.4.8; http://mj12bot.com/)" 
157.55.39.118 - - [05/Oct/2018:20:39:05 -0700] "GET /self.logs/access.log.2016-07-12.gz HTTP/1.1" 404 340 "-" "Mozilla/5.0 (compatible; bingbot/2.0; +http://www.bing.com/bingbot.htm)" 
18.191.165.71 - - [05/Oct/2018:20:43:59 -0700] "GET / HTTP/1.1" 200 12383 "-" "Mozilla/5.0 (X11; Linux x86_64) Gecko/20100101 Chrome/67.0.3396.79 Safari/537.36" 
218.88.5.144 - - [05/Oct/2018:20:44:47 -0700] "GET / HTTP/1.1" 304 189 "-" "Mozilla/5.0 (Windows NT 10.0; WOW64) AppleWebKit/537.36 (KHTML, like Gecko) Chrome/58.0.3029.110 Safari/537.36 SE 2.X MetaSr 1.0" 
183.3.205.29 - - [05/Oct/2018:20:47:41 -0700] "GET //dede/login.php HTTP/1.1" 404 295 "-" "Mozilla/4.0 (compatible; Win32; WinHttp.WinHttpRequest.5)" 
113.171.224.176 - - [05/Oct/2018:20:55:43 -0700] "GET /honeypot/Honeypot%20-%20Howto.pdf HTTP/1.1" 200 46720 "-" "Mozilla/5.0 Gecko/20100115 Firefox/3.6" 
187.87.192.42 - - [05/Oct/2018:21:11:37 -0700] "GET /honeypot/Honeypot%20-%20Howto.pdf HTTP/1.1" 200 1279418 "http://www.secrepo.com/" "Mozilla/5.0 (Windows NT 6.2; WOW64) AppleWebKit/537.36 (KHTML, like Gecko) Chrome/63.0.3239.132 YaBrowser/18.1.1.839 Yowser/2.5 Safari/537.36" 
209.90.225.226 - - [05/Oct/2018:21:12:55 -0700] "GET /wp-content/themes/qualifire/style.css HTTP/1.1" 404 303 "http://www.secrepo.com/wp-content/themes/qualifire/style.css" "Mozilla/5.0 (Windows NT 6.1; WOW64) AppleWebKit/537.36 (KHTML, like Gecko) Chrome/42.0.2311.152 Safari/537.36" 
18.222.108.192 - - [05/Oct/2018:21:13:59 -0700] "GET / HTTP/1.1" 200 12383 "-" "Mozilla/5.0 (Macintosh; Intel Mac OS X x.y; rv:42.0) Trident/5.0 Chrome/67.0.3396.79 Safari/537.36" 
154.51.131.142 - - [05/Oct/2018:21:27:09 -0700] "GET / HTTP/1.1" 301 483 "-" "Mozilla/4.0 (compatible; MSIE 7.0; Windows NT 5.1; Trident/4.0; .NET CLR 1.1.4322; .NET CLR 1.0.3705; .NET CLR 2.0.50727; .NET CLR 3.0.04506.648; .NET CLR 3.5.21022; .NET CLR 3.0.4506.2152; .NET CLR 3.5.30729)" 
154.51.131.142 - - [05/Oct/2018:21:27:09 -0700] "GET / HTTP/1.1" 200 12383 "-" "Mozilla/4.0 (compatible; MSIE 7.0; Windows NT 5.1; Trident/4.0; .NET CLR 1.1.4322; .NET CLR 1.0.3705; .NET CLR 2.0.50727; .NET CLR 3.0.04506.648; .NET CLR 3.5.21022; .NET CLR 3.0.4506.2152; .NET CLR 3.5.30729)" 
18.224.45.232 - - [05/Oct/2018:21:28:45 -0700] "GET / HTTP/1.1" 200 12383 "-" "Mozilla/5.0 (X11; Linux x86_64) Gecko/20100101 Chrome/51.0.2704.106 Safari/537.36 OPR/38.0.2220.41" 
85.10.199.185 - - [05/Oct/2018:21:31:30 -0700] "GET /robots.txt HTTP/1.1" 200 289 "-" "Mozilla/5.0 (compatible; MJ12bot/v1.4.8; http://mj12bot.com/)" 
85.10.199.185 - - [05/Oct/2018:21:31:32 -0700] "GET / HTTP/1.1" 200 46156 "-" "Mozilla/5.0 (compatible; MJ12bot/v1.4.8; http://mj12bot.com/)" 
18.219.142.57 - - [05/Oct/2018:21:44:06 -0700] "GET / HTTP/1.1" 200 12383 "-" "Mozilla/5.0 (X11; Linux x86_64) Trident/5.0 Firefox/42.0" 
216.244.66.245 - - [05/Oct/2018:21:50:23 -0700] "GET /robots.txt HTTP/1.1" 200 233 "-" "Mozilla/5.0 (compatible; DotBot/1.1; http://www.opensiteexplorer.org/dotbot, help@moz.com)" 
113.171.224.176 - - [05/Oct/2018:21:57:00 -0700] "GET /honeypot/Honeypot%20-%20Howto.pdf HTTP/1.1" 200 46720 "-" "Mozilla/5.0 Gecko/20100115 Firefox/3.6" 
216.244.66.245 - - [05/Oct/2018:22:04:06 -0700] "GET /self.logs/access.log.2017-05-08.gz HTTP/1.1" 200 18368 "-" "Mozilla/5.0 (compatible; DotBot/1.1; http://www.opensiteexplorer.org/dotbot, help@moz.com)" 
216.244.66.245 - - [05/Oct/2018:22:04:08 -0700] "GET /self.logs/access.log.2017-09-01.gz HTTP/1.1" 200 22608 "-" "Mozilla/5.0 (compatible; DotBot/1.1; http://www.opensiteexplorer.org/dotbot, help@moz.com)" 
216.244.66.245 - - [05/Oct/2018:22:04:09 -0700] "GET /self.logs/access.log.2017-11-22.gz HTTP/1.1" 200 24114 "-" "Mozilla/5.0 (compatible; DotBot/1.1; http://www.opensiteexplorer.org/dotbot, help@moz.com)" 
216.244.66.245 - - [05/Oct/2018:22:04:11 -0700] "GET /self.logs/error.log.2017-03-02.gz HTTP/1.1" 200 905 "-" "Mozilla/5.0 (compatible; DotBot/1.1; http://www.opensiteexplorer.org/dotbot, help@moz.com)" 
216.244.66.245 - - [05/Oct/2018:22:04:13 -0700] "GET /self.logs/error.log.2017-03-16.gz HTTP/1.1" 200 1001 "-" "Mozilla/5.0 (compatible; DotBot/1.1; http://www.opensiteexplorer.org/dotbot, help@moz.com)" 
216.244.66.245 - - [05/Oct/2018:22:04:14 -0700] "GET /self.logs/error.log.2017-05-26.gz HTTP/1.1" 200 773 "-" "Mozilla/5.0 (compatible; DotBot/1.1; http://www.opensiteexplorer.org/dotbot, help@moz.com)" 
199.58.86.211 - - [05/Oct/2018:22:11:17 -0700] "GET /robots.txt HTTP/1.1" 200 289 "-" "Mozilla/5.0 (compatible; MJ12bot/v1.4.8; http://mj12bot.com/)" 
199.58.86.211 - - [05/Oct/2018:22:11:19 -0700] "GET / HTTP/1.1" 200 46156 "-" "Mozilla/5.0 (compatible; MJ12bot/v1.4.8; http://mj12bot.com/)" 
52.14.175.39 - - [05/Oct/2018:22:14:56 -0700] "GET / HTTP/1.1" 200 12383 "-" "Mozilla/5.0 (Windows NT 6.1; Win64; x64; rv:47.0) AppleWebKit/537.36 (KHTML, like Gecko) Chrome/51.0.2704.106 Safari/537.36 OPR/38.0.2220.41" 
