52.173.241.248 - - [28/May/2018:11:16:52 -0700] "GET / HTTP/1.1" 301 427 "-" "Mozilla/5.0 (Macintosh; Intel Mac OS X 10_12_6) AppleWebKit/537.36 (KHTML, like Gecko) Chrome/65.0.3325.181 Safari/537.36" 
113.171.224.176 - - [28/May/2018:11:16:53 -0700] "GET /honeypot/Honeypot%20-%20Howto.pdf HTTP/1.1" 200 46720 "-" "Mozilla/5.0 Gecko/20100115 Firefox/3.6" 
115.198.92.249 - - [28/May/2018:11:17:59 -0700] "GET /pe_static/zeus.zip HTTP/1.1" 200 51367111 "-" "Mozilla/5.0 (Macintosh; Intel Mac OS X 10_12_3) AppleWebKit/537.36 (KHTML, like Gecko) Chrome/66.0.3359.181 Safari/537.36" 
168.243.231.68 - - [28/May/2018:11:19:47 -0700] "GET /bootstrap/img/favicon.ico HTTP/1.1" 304 165 "-" "Mozilla/5.0 (Windows NT 10.0; Win64; x64) AppleWebKit/537.36 (KHTML, like Gecko) Chrome/68.0.3440.4 Safari/537.36" 
216.244.66.245 - - [28/May/2018:11:19:51 -0700] "GET /robots.txt HTTP/1.1" 200 233 "-" "Mozilla/5.0 (compatible; DotBot/1.1; http://www.opensiteexplorer.org/dotbot, help@moz.com)" 
123.125.71.69 - - [28/May/2018:11:23:02 -0700] "GET /robots.txt HTTP/1.1" 200 297 "-" "Mozilla/5.0 (compatible; Baiduspider/2.0; +http://www.baidu.com/search/spider.html)" 
220.181.108.163 - - [28/May/2018:11:23:04 -0700] "GET /robots.txt HTTP/1.1" 200 297 "-" "Mozilla/5.0 (compatible; Baiduspider/2.0; +http://www.baidu.com/search/spider.html)" 
123.125.67.228 - - [28/May/2018:11:23:05 -0700] "GET /robots.txt HTTP/1.1" 200 297 "-" "Mozilla/5.0 (Windows NT 10.0; WOW64) AppleWebKit/537.36 (KHTML, like Gecko) Chrome/45.0.2454.93 Safari/537.36" 
54.36.148.135 - - [28/May/2018:11:24:32 -0700] "GET /self.logs/error.log.2017-05-30.gz HTTP/1.1" 200 786 "-" "Mozilla/5.0 (compatible; AhrefsBot/5.2; +http://ahrefs.com/robot/)" 
216.244.66.245 - - [28/May/2018:11:25:13 -0700] "GET /self.logs/2015/access.log.2015-02-05.gz HTTP/1.1" 200 3446 "-" "Mozilla/5.0 (compatible; DotBot/1.1; http://www.opensiteexplorer.org/dotbot, help@moz.com)" 
216.244.66.245 - - [28/May/2018:11:25:14 -0700] "GET /self.logs/2015/access.log.2015-07-01.gz HTTP/1.1" 200 5530 "-" "Mozilla/5.0 (compatible; DotBot/1.1; http://www.opensiteexplorer.org/dotbot, help@moz.com)" 
216.244.66.245 - - [28/May/2018:11:25:15 -0700] "GET /self.logs/2015/access.log.2015-07-28.gz HTTP/1.1" 200 3608 "-" "Mozilla/5.0 (compatible; DotBot/1.1; http://www.opensiteexplorer.org/dotbot, help@moz.com)" 
216.244.66.245 - - [28/May/2018:11:25:16 -0700] "GET /self.logs/2015/access.log.2015-11-14.gz HTTP/1.1" 200 5229 "-" "Mozilla/5.0 (compatible; DotBot/1.1; http://www.opensiteexplorer.org/dotbot, help@moz.com)" 
216.244.66.245 - - [28/May/2018:11:25:17 -0700] "GET /self.logs/2015/error.log.2015-03-01.gz HTTP/1.1" 200 819 "-" "Mozilla/5.0 (compatible; DotBot/1.1; http://www.opensiteexplorer.org/dotbot, help@moz.com)" 
216.244.66.245 - - [28/May/2018:11:25:18 -0700] "GET /self.logs/2015/error.log.2015-03-30.gz HTTP/1.1" 200 3184 "-" "Mozilla/5.0 (compatible; DotBot/1.1; http://www.opensiteexplorer.org/dotbot, help@moz.com)" 
216.244.66.245 - - [28/May/2018:11:25:19 -0700] "GET /self.logs/2015/error.log.2015-04-12.gz HTTP/1.1" 200 839 "-" "Mozilla/5.0 (compatible; DotBot/1.1; http://www.opensiteexplorer.org/dotbot, help@moz.com)" 
216.244.66.245 - - [28/May/2018:11:25:20 -0700] "GET /self.logs/2015/error.log.2015-04-15.gz HTTP/1.1" 200 791 "-" "Mozilla/5.0 (compatible; DotBot/1.1; http://www.opensiteexplorer.org/dotbot, help@moz.com)" 
100.43.85.128 - - [28/May/2018:11:25:21 -0700] "GET / HTTP/1.1" 200 11353 "-" "Mozilla/5.0 (compatible; YandexBot/3.0; +http://yandex.com/bots)" 
100.43.85.128 - - [28/May/2018:11:25:21 -0700] "GET /robots.txt HTTP/1.1" 301 518 "-" "Mozilla/5.0 (compatible; YandexBot/3.0; +http://yandex.com/bots)" 
216.244.66.245 - - [28/May/2018:11:25:22 -0700] "GET /self.logs/2015/error.log.2015-05-14.gz HTTP/1.1" 200 960 "-" "Mozilla/5.0 (compatible; DotBot/1.1; http://www.opensiteexplorer.org/dotbot, help@moz.com)" 
216.244.66.245 - - [28/May/2018:11:25:23 -0700] "GET /self.logs/2015/error.log.2015-08-29.gz HTTP/1.1" 200 736 "-" "Mozilla/5.0 (compatible; DotBot/1.1; http://www.opensiteexplorer.org/dotbot, help@moz.com)" 
216.244.66.245 - - [28/May/2018:11:25:24 -0700] "GET /self.logs/2016/access.log.2016-11-27.gz HTTP/1.1" 200 18552 "-" "Mozilla/5.0 (compatible; DotBot/1.1; http://www.opensiteexplorer.org/dotbot, help@moz.com)" 
216.244.66.245 - - [28/May/2018:11:25:25 -0700] "GET /self.logs/2016/access.log.2016-12-16.gz HTTP/1.1" 200 7707 "-" "Mozilla/5.0 (compatible; DotBot/1.1; http://www.opensiteexplorer.org/dotbot, help@moz.com)" 
84.201.133.53 - - [28/May/2018:11:25:25 -0700] "GET / HTTP/1.1" 301 483 "-" "Mozilla/5.0 (compatible; YandexBot/3.0; +http://yandex.com/bots)" 
216.244.66.245 - - [28/May/2018:11:25:26 -0700] "GET /self.logs/2016/error.log.2016-04-10.gz HTTP/1.1" 200 639 "-" "Mozilla/5.0 (compatible; DotBot/1.1; http://www.opensiteexplorer.org/dotbot, help@moz.com)" 
216.244.66.245 - - [28/May/2018:11:25:27 -0700] "GET /self.logs/2016/error.log.2016-09-21.gz HTTP/1.1" 200 790 "-" "Mozilla/5.0 (compatible; DotBot/1.1; http://www.opensiteexplorer.org/dotbot, help@moz.com)" 
216.244.66.245 - - [28/May/2018:11:25:28 -0700] "GET /self.logs/2016/error.log.2016-12-11.gz HTTP/1.1" 200 814 "-" "Mozilla/5.0 (compatible; DotBot/1.1; http://www.opensiteexplorer.org/dotbot, help@moz.com)" 
216.244.66.245 - - [28/May/2018:11:25:52 -0700] "GET /honeypot.json.zip HTTP/1.1" 404 239 "-" "Mozilla/5.0 (compatible; DotBot/1.1; http://www.opensiteexplorer.org/dotbot, help@moz.com)" 
157.55.39.103 - - [28/May/2018:11:29:37 -0700] "GET /self.logs/error.log.2018-05-02.gz HTTP/1.1" 200 2889 "-" "Mozilla/5.0 (compatible; bingbot/2.0; +http://www.bing.com/bingbot.htm)" 
69.42.177.106 - - [28/May/2018:11:34:50 -0700] "GET / HTTP/1.1" 200 11353 "https://www.google.ca/" "Mozilla/5.0 (Windows NT 10.0; Win64; x64) AppleWebKit/537.36 (KHTML, like Gecko) Chrome/66.0.3359.181 Safari/537.36" 
69.42.177.106 - - [28/May/2018:11:34:50 -0700] "GET /twitter-icon.png HTTP/1.1" 200 27787 "http://www.secrepo.com/" "Mozilla/5.0 (Windows NT 10.0; Win64; x64) AppleWebKit/537.36 (KHTML, like Gecko) Chrome/66.0.3359.181 Safari/537.36" 
69.42.177.106 - - [28/May/2018:11:34:50 -0700] "GET /GitHub-Mark.png HTTP/1.1" 200 7428 "http://www.secrepo.com/" "Mozilla/5.0 (Windows NT 10.0; Win64; x64) AppleWebKit/537.36 (KHTML, like Gecko) Chrome/66.0.3359.181 Safari/537.36" 
69.42.177.106 - - [28/May/2018:11:34:52 -0700] "GET /bootstrap/img/favicon.ico HTTP/1.1" 200 589 "http://www.secrepo.com/" "Mozilla/5.0 (Windows NT 10.0; Win64; x64) AppleWebKit/537.36 (KHTML, like Gecko) Chrome/66.0.3359.181 Safari/537.36" 
69.42.177.106 - - [28/May/2018:11:37:43 -0700] "GET /squid/access.log.gz HTTP/1.1" 200 23177322 "-" "Mozilla/5.0 (Windows NT 10.0; Win64; x64) AppleWebKit/537.36 (KHTML, like Gecko) Chrome/66.0.3359.181 Safari/537.36" 
199.58.86.211 - - [28/May/2018:11:41:13 -0700] "GET /robots.txt HTTP/1.1" 200 289 "-" "Mozilla/5.0 (compatible; MJ12bot/v1.4.8; http://mj12bot.com/)" 
199.58.86.211 - - [28/May/2018:11:41:17 -0700] "GET / HTTP/1.1" 200 38539 "-" "Mozilla/5.0 (compatible; MJ12bot/v1.4.8; http://mj12bot.com/)" 
216.244.66.245 - - [28/May/2018:11:43:36 -0700] "GET /robots.txt HTTP/1.1" 200 233 "-" "Mozilla/5.0 (compatible; DotBot/1.1; http://www.opensiteexplorer.org/dotbot, help@moz.com)" 
14.139.185.125 - - [28/May/2018:11:43:59 -0700] "GET / HTTP/1.1" 200 11353 "https://www.google.co.in/" "Mozilla/5.0 (Windows NT 10.0; Win64; x64) AppleWebKit/537.36 (KHTML, like Gecko) Chrome/66.0.3359.139 Safari/537.36" 
14.139.185.125 - - [28/May/2018:11:44:00 -0700] "GET /twitter-icon.png HTTP/1.1" 200 27787 "http://www.secrepo.com/" "Mozilla/5.0 (Windows NT 10.0; Win64; x64) AppleWebKit/537.36 (KHTML, like Gecko) Chrome/66.0.3359.139 Safari/537.36" 
14.139.185.125 - - [28/May/2018:11:44:01 -0700] "GET /GitHub-Mark.png HTTP/1.1" 200 7427 "http://www.secrepo.com/" "Mozilla/5.0 (Windows NT 10.0; Win64; x64) AppleWebKit/537.36 (KHTML, like Gecko) Chrome/66.0.3359.139 Safari/537.36" 
14.139.185.125 - - [28/May/2018:11:44:03 -0700] "GET /bootstrap/img/favicon.ico HTTP/1.1" 200 589 "http://www.secrepo.com/" "Mozilla/5.0 (Windows NT 10.0; Win64; x64) AppleWebKit/537.36 (KHTML, like Gecko) Chrome/66.0.3359.139 Safari/537.36" 
5.70.203.127 - - [28/May/2018:11:44:38 -0700] "GET /wp-login.php HTTP/1.1" 418 732 "-" "Mozilla/5.0 (Windows NT 6.1; WOW64; rv:40.0) Gecko/20100101 Firefox/40.1" 
5.70.203.127 - - [28/May/2018:11:44:38 -0700] "GET / HTTP/1.1" 418 732 "-" "Mozilla/5.0 (Windows NT 6.1; WOW64; rv:40.0) Gecko/20100101 Firefox/40.1" 
210.18.156.137 - - [28/May/2018:11:45:27 -0700] "GET /wp-login.php HTTP/1.1" 418 732 "-" "Mozilla/5.0 (Windows NT 6.1; WOW64; rv:40.0) Gecko/20100101 Firefox/40.1" 
210.18.156.137 - - [28/May/2018:11:45:27 -0700] "GET / HTTP/1.1" 418 732 "-" "Mozilla/5.0 (Windows NT 6.1; WOW64; rv:40.0) Gecko/20100101 Firefox/40.1" 
137.97.176.160 - - [28/May/2018:11:46:05 -0700] "GET / HTTP/1.1" 200 11353 "-" "WhatsApp/2.18.142 A" 
137.97.176.160 - - [28/May/2018:11:46:06 -0700] "GET /bootstrap/img/apple-touch-icon-114x114.png HTTP/1.1" 404 339 "-" "WhatsApp/2.18.142 A" 
45.242.83.85 - - [28/May/2018:11:46:58 -0700] "GET /wp-login.php HTTP/1.1" 418 732 "-" "Mozilla/5.0 (Windows NT 6.1; WOW64; rv:40.0) Gecko/20100101 Firefox/40.1" 
45.242.83.85 - - [28/May/2018:11:46:59 -0700] "GET / HTTP/1.1" 418 732 "-" "Mozilla/5.0 (Windows NT 6.1; WOW64; rv:40.0) Gecko/20100101 Firefox/40.1" 
216.244.66.245 - - [28/May/2018:11:48:44 -0700] "GET /self.logs/2015/access.log.2015-04-27.gz HTTP/1.1" 200 7214 "-" "Mozilla/5.0 (compatible; DotBot/1.1; http://www.opensiteexplorer.org/dotbot, help@moz.com)" 
216.244.66.245 - - [28/May/2018:11:48:46 -0700] "GET /self.logs/2015/access.log.2015-10-07.gz HTTP/1.1" 200 6919 "-" "Mozilla/5.0 (compatible; DotBot/1.1; http://www.opensiteexplorer.org/dotbot, help@moz.com)" 
216.244.66.245 - - [28/May/2018:11:48:48 -0700] "GET /self.logs/2015/error.log.2015-04-20.gz HTTP/1.1" 200 861 "-" "Mozilla/5.0 (compatible; DotBot/1.1; http://www.opensiteexplorer.org/dotbot, help@moz.com)" 
216.244.66.245 - - [28/May/2018:11:48:47 -0700] "GET /self.logs/2015/error.log.2015-03-16.gz HTTP/1.1" 200 841 "-" "Mozilla/5.0 (compatible; DotBot/1.1; http://www.opensiteexplorer.org/dotbot, help@moz.com)" 
216.244.66.245 - - [28/May/2018:11:48:50 -0700] "GET /self.logs/2015/error.log.2015-05-01.gz HTTP/1.1" 200 834 "-" "Mozilla/5.0 (compatible; DotBot/1.1; http://www.opensiteexplorer.org/dotbot, help@moz.com)" 
216.244.66.245 - - [28/May/2018:11:48:51 -0700] "GET /self.logs/2015/error.log.2015-11-07.gz HTTP/1.1" 200 723 "-" "Mozilla/5.0 (compatible; DotBot/1.1; http://www.opensiteexplorer.org/dotbot, help@moz.com)" 
216.244.66.245 - - [28/May/2018:11:48:52 -0700] "GET /self.logs/2015/error.log.2015-11-15.gz HTTP/1.1" 200 517 "-" "Mozilla/5.0 (compatible; DotBot/1.1; http://www.opensiteexplorer.org/dotbot, help@moz.com)" 
216.244.66.245 - - [28/May/2018:11:48:53 -0700] "GET /self.logs/2015/error.log.2015-11-16.gz HTTP/1.1" 200 532 "-" "Mozilla/5.0 (compatible; DotBot/1.1; http://www.opensiteexplorer.org/dotbot, help@moz.com)" 
216.244.66.245 - - [28/May/2018:11:48:55 -0700] "GET /self.logs/2015/error.log.2015-12-04.gz HTTP/1.1" 200 580 "-" "Mozilla/5.0 (compatible; DotBot/1.1; http://www.opensiteexplorer.org/dotbot, help@moz.com)" 
216.244.66.245 - - [28/May/2018:11:48:56 -0700] "GET /self.logs/2016/access.log.2016-04-12.gz HTTP/1.1" 200 8693 "-" "Mozilla/5.0 (compatible; DotBot/1.1; http://www.opensiteexplorer.org/dotbot, help@moz.com)" 
216.244.66.245 - - [28/May/2018:11:48:57 -0700] "GET /self.logs/2016/access.log.2016-10-02.gz HTTP/1.1" 200 9302 "-" "Mozilla/5.0 (compatible; DotBot/1.1; http://www.opensiteexplorer.org/dotbot, help@moz.com)" 
216.244.66.245 - - [28/May/2018:11:48:58 -0700] "GET /self.logs/2016/access.log.2016-10-05.gz HTTP/1.1" 200 6220 "-" "Mozilla/5.0 (compatible; DotBot/1.1; http://www.opensiteexplorer.org/dotbot, help@moz.com)" 
216.244.66.245 - - [28/May/2018:11:48:59 -0700] "GET /self.logs/2016/access.log.2016-11-25.gz HTTP/1.1" 200 16653 "-" "Mozilla/5.0 (compatible; DotBot/1.1; http://www.opensiteexplorer.org/dotbot, help@moz.com)" 
216.244.66.245 - - [28/May/2018:11:49:00 -0700] "GET /self.logs/2016/error.log.2016-05-20.gz HTTP/1.1" 200 789 "-" "Mozilla/5.0 (compatible; DotBot/1.1; http://www.opensiteexplorer.org/dotbot, help@moz.com)" 
216.244.66.245 - - [28/May/2018:11:49:01 -0700] "GET /self.logs/2016/error.log.2016-10-20.gz HTTP/1.1" 200 594 "-" "Mozilla/5.0 (compatible; DotBot/1.1; http://www.opensiteexplorer.org/dotbot, help@moz.com)" 
216.244.66.245 - - [28/May/2018:11:49:03 -0700] "GET /self.logs/2016/error.log.2016-12-01.gz HTTP/1.1" 200 677 "-" "Mozilla/5.0 (compatible; DotBot/1.1; http://www.opensiteexplorer.org/dotbot, help@moz.com)" 
157.55.39.103 - - [28/May/2018:11:50:26 -0700] "GET /self.logs/access.log.2017-11-11.gz HTTP/1.1" 301 545 "-" "Mozilla/5.0 (compatible; bingbot/2.0; +http://www.bing.com/bingbot.htm)" 
54.36.149.27 - - [28/May/2018:11:56:19 -0700] "GET /self.logs/2016/error.log.2016-12-06.gz HTTP/1.1" 200 711 "-" "Mozilla/5.0 (compatible; AhrefsBot/5.2; +http://ahrefs.com/robot/)" 
54.36.149.101 - - [28/May/2018:11:59:36 -0700] "GET /self.logs/access.log.2016-12-31.gz HTTP/1.1" 404 284 "-" "Mozilla/5.0 (compatible; AhrefsBot/5.2; +http://ahrefs.com/robot/)" 
157.55.39.103 - - [28/May/2018:12:00:40 -0700] "GET /self.logs/access.log.2017-03-31.gz HTTP/1.1" 200 37607 "-" "Mozilla/5.0 (compatible; bingbot/2.0; +http://www.bing.com/bingbot.htm)" 
54.36.148.95 - - [28/May/2018:12:01:26 -0700] "GET /self.logs/access.log.2016-01-29.gz HTTP/1.1" 404 284 "-" "Mozilla/5.0 (compatible; AhrefsBot/5.2; +http://ahrefs.com/robot/)" 
100.2.60.145 - - [28/May/2018:12:05:05 -0700] "GET / HTTP/1.1" 200 11353 "https://www.google.com/" "Mozilla/5.0 (X11; Linux x86_64) AppleWebKit/537.36 (KHTML, like Gecko) Chrome/66.0.3359.139 Safari/537.36" 
100.2.60.145 - - [28/May/2018:12:05:05 -0700] "GET /twitter-icon.png HTTP/1.1" 200 27787 "http://www.secrepo.com/" "Mozilla/5.0 (X11; Linux x86_64) AppleWebKit/537.36 (KHTML, like Gecko) Chrome/66.0.3359.139 Safari/537.36" 
100.2.60.145 - - [28/May/2018:12:05:05 -0700] "GET /GitHub-Mark.png HTTP/1.1" 200 7427 "http://www.secrepo.com/" "Mozilla/5.0 (X11; Linux x86_64) AppleWebKit/537.36 (KHTML, like Gecko) Chrome/66.0.3359.139 Safari/537.36" 
100.2.60.145 - - [28/May/2018:12:05:07 -0700] "GET /bootstrap/img/favicon.ico HTTP/1.1" 200 589 "http://www.secrepo.com/" "Mozilla/5.0 (X11; Linux x86_64) AppleWebKit/537.36 (KHTML, like Gecko) Chrome/66.0.3359.139 Safari/537.36" 
54.36.148.187 - - [28/May/2018:12:05:50 -0700] "GET /self.logs/access.log.2017-08-27.gz HTTP/1.1" 200 19964 "-" "Mozilla/5.0 (compatible; AhrefsBot/5.2; +http://ahrefs.com/robot/)" 
216.244.66.245 - - [28/May/2018:12:07:19 -0700] "GET /robots.txt HTTP/1.1" 200 233 "-" "Mozilla/5.0 (compatible; DotBot/1.1; http://www.opensiteexplorer.org/dotbot, help@moz.com)" 
54.36.149.65 - - [28/May/2018:12:07:30 -0700] "GET /self.logs/error.log.2016-10-24.gz HTTP/1.1" 404 284 "-" "Mozilla/5.0 (compatible; AhrefsBot/5.2; +http://ahrefs.com/robot/)" 
39.50.216.179 - - [28/May/2018:12:09:55 -0700] "GET /wp-login.php HTTP/1.1" 418 732 "-" "Mozilla/5.0 (Windows NT 6.1; WOW64; rv:40.0) Gecko/20100101 Firefox/40.1" 
39.50.216.179 - - [28/May/2018:12:09:56 -0700] "GET / HTTP/1.1" 418 732 "-" "Mozilla/5.0 (Windows NT 6.1; WOW64; rv:40.0) Gecko/20100101 Firefox/40.1" 
80.102.235.179 - - [28/May/2018:12:12:19 -0700] "GET /wp-login.php HTTP/1.1" 418 732 "-" "Mozilla/5.0 (Windows NT 6.1; WOW64; rv:40.0) Gecko/20100101 Firefox/40.1" 
80.102.235.179 - - [28/May/2018:12:12:19 -0700] "GET / HTTP/1.1" 418 732 "-" "Mozilla/5.0 (Windows NT 6.1; WOW64; rv:40.0) Gecko/20100101 Firefox/40.1" 
216.244.66.245 - - [28/May/2018:12:12:37 -0700] "GET /self.logs/2015/access.log.2015-04-10.gz HTTP/1.1" 200 5833 "-" "Mozilla/5.0 (compatible; DotBot/1.1; http://www.opensiteexplorer.org/dotbot, help@moz.com)" 
216.244.66.245 - - [28/May/2018:12:12:38 -0700] "GET /self.logs/2015/access.log.2015-05-26.gz HTTP/1.1" 200 4321 "-" "Mozilla/5.0 (compatible; DotBot/1.1; http://www.opensiteexplorer.org/dotbot, help@moz.com)" 
216.244.66.245 - - [28/May/2018:12:12:40 -0700] "GET /self.logs/2015/access.log.2015-06-19.gz HTTP/1.1" 200 4157 "-" "Mozilla/5.0 (compatible; DotBot/1.1; http://www.opensiteexplorer.org/dotbot, help@moz.com)" 
216.244.66.245 - - [28/May/2018:12:12:41 -0700] "GET /self.logs/2015/access.log.2015-06-30.gz HTTP/1.1" 200 5245 "-" "Mozilla/5.0 (compatible; DotBot/1.1; http://www.opensiteexplorer.org/dotbot, help@moz.com)" 
216.244.66.245 - - [28/May/2018:12:12:42 -0700] "GET /self.logs/2015/access.log.2015-07-19.gz HTTP/1.1" 200 4155 "-" "Mozilla/5.0 (compatible; DotBot/1.1; http://www.opensiteexplorer.org/dotbot, help@moz.com)" 
216.244.66.245 - - [28/May/2018:12:12:43 -0700] "GET /self.logs/2015/access.log.2015-08-15.gz HTTP/1.1" 200 4141 "-" "Mozilla/5.0 (compatible; DotBot/1.1; http://www.opensiteexplorer.org/dotbot, help@moz.com)" 
216.244.66.245 - - [28/May/2018:12:12:44 -0700] "GET /self.logs/2015/error.log.2015-02-07.gz HTTP/1.1" 200 594 "-" "Mozilla/5.0 (compatible; DotBot/1.1; http://www.opensiteexplorer.org/dotbot, help@moz.com)" 
216.244.66.245 - - [28/May/2018:12:12:45 -0700] "GET /self.logs/2015/error.log.2015-10-06.gz HTTP/1.1" 200 457 "-" "Mozilla/5.0 (compatible; DotBot/1.1; http://www.opensiteexplorer.org/dotbot, help@moz.com)" 
216.244.66.245 - - [28/May/2018:12:12:47 -0700] "GET /self.logs/2015/error.log.2015-10-18.gz HTTP/1.1" 200 608 "-" "Mozilla/5.0 (compatible; DotBot/1.1; http://www.opensiteexplorer.org/dotbot, help@moz.com)" 
216.244.66.245 - - [28/May/2018:12:12:48 -0700] "GET /self.logs/2015/error.log.2015-12-25.gz HTTP/1.1" 200 513 "-" "Mozilla/5.0 (compatible; DotBot/1.1; http://www.opensiteexplorer.org/dotbot, help@moz.com)" 
216.244.66.245 - - [28/May/2018:12:12:49 -0700] "GET /self.logs/2016/access.log.2016-03-15.gz HTTP/1.1" 200 7033 "-" "Mozilla/5.0 (compatible; DotBot/1.1; http://www.opensiteexplorer.org/dotbot, help@moz.com)" 
216.244.66.245 - - [28/May/2018:12:12:50 -0700] "GET /self.logs/2016/access.log.2016-07-18.gz HTTP/1.1" 200 8249 "-" "Mozilla/5.0 (compatible; DotBot/1.1; http://www.opensiteexplorer.org/dotbot, help@moz.com)" 
216.244.66.245 - - [28/May/2018:12:12:51 -0700] "GET /self.logs/2016/access.log.2016-09-21.gz HTTP/1.1" 200 20276 "-" "Mozilla/5.0 (compatible; DotBot/1.1; http://www.opensiteexplorer.org/dotbot, help@moz.com)" 
216.244.66.245 - - [28/May/2018:12:12:52 -0700] "GET /self.logs/2016/access.log.2016-11-10.gz HTTP/1.1" 200 9238 "-" "Mozilla/5.0 (compatible; DotBot/1.1; http://www.opensiteexplorer.org/dotbot, help@moz.com)" 
216.244.66.245 - - [28/May/2018:12:12:53 -0700] "GET /self.logs/2016/error.log.2016-01-27.gz HTTP/1.1" 200 668 "-" "Mozilla/5.0 (compatible; DotBot/1.1; http://www.opensiteexplorer.org/dotbot, help@moz.com)" 
216.244.66.245 - - [28/May/2018:12:12:54 -0700] "GET /self.logs/2016/error.log.2016-03-11.gz HTTP/1.1" 200 788 "-" "Mozilla/5.0 (compatible; DotBot/1.1; http://www.opensiteexplorer.org/dotbot, help@moz.com)" 
72.35.208.24 - - [28/May/2018:12:15:25 -0700] "GET / HTTP/1.1" 200 11353 "https://www.researchgate.net/" "Mozilla/5.0 (Windows NT 10.0; Win64; x64) AppleWebKit/537.36 (KHTML, like Gecko) Chrome/66.0.3359.181 Safari/537.36" 
72.35.208.24 - - [28/May/2018:12:15:53 -0700] "GET /bootstrap/img/favicon.ico HTTP/1.1" 200 590 "http://www.secrepo.com/" "Mozilla/5.0 (Windows NT 10.0; Win64; x64) AppleWebKit/537.36 (KHTML, like Gecko) Chrome/66.0.3359.181 Safari/537.36" 
175.205.110.214 - - [28/May/2018:12:16:03 -0700] "GET /wp-login.php HTTP/1.1" 418 732 "-" "Mozilla/5.0 (Windows NT 6.1; WOW64; rv:40.0) Gecko/20100101 Firefox/40.1" 
175.205.110.214 - - [28/May/2018:12:16:03 -0700] "GET / HTTP/1.1" 418 732 "-" "Mozilla/5.0 (Windows NT 6.1; WOW64; rv:40.0) Gecko/20100101 Firefox/40.1" 
113.171.224.176 - - [28/May/2018:12:17:26 -0700] "GET /honeypot/Honeypot%20-%20Howto.pdf HTTP/1.1" 200 46720 "-" "Mozilla/5.0 Gecko/20100115 Firefox/3.6" 
54.36.148.184 - - [28/May/2018:12:17:35 -0700] "GET /self.logs/2016/access.log.2016-12-04.gz HTTP/1.1" 200 27468 "-" "Mozilla/5.0 (compatible; AhrefsBot/5.2; +http://ahrefs.com/robot/)" 
157.55.39.52 - - [28/May/2018:12:21:00 -0700] "GET /robots.txt HTTP/1.1" 200 334 "-" "Mozilla/5.0 (compatible; bingbot/2.0; +http://www.bing.com/bingbot.htm)" 
157.55.39.120 - - [28/May/2018:12:21:04 -0700] "GET /robots.txt HTTP/1.1" 200 334 "-" "Mozilla/5.0 (compatible; bingbot/2.0; +http://www.bing.com/bingbot.htm)" 
73.19.36.66 - - [28/May/2018:12:27:39 -0700] "GET / HTTP/1.1" 200 11353 "-" "Mozilla/5.0 (Windows NT 10.0; Win64; x64) AppleWebKit/537.36 (KHTML, like Gecko) Chrome/66.0.3359.181 Safari/537.36" 
73.19.36.66 - - [28/May/2018:12:27:40 -0700] "GET /twitter-icon.png HTTP/1.1" 200 27787 "http://www.secrepo.com/" "Mozilla/5.0 (Windows NT 10.0; Win64; x64) AppleWebKit/537.36 (KHTML, like Gecko) Chrome/66.0.3359.181 Safari/537.36" 
73.19.36.66 - - [28/May/2018:12:27:40 -0700] "GET /GitHub-Mark.png HTTP/1.1" 200 7428 "http://www.secrepo.com/" "Mozilla/5.0 (Windows NT 10.0; Win64; x64) AppleWebKit/537.36 (KHTML, like Gecko) Chrome/66.0.3359.181 Safari/537.36" 
73.19.36.66 - - [28/May/2018:12:27:43 -0700] "GET /bootstrap/img/favicon.ico HTTP/1.1" 200 590 "http://www.secrepo.com/" "Mozilla/5.0 (Windows NT 10.0; Win64; x64) AppleWebKit/537.36 (KHTML, like Gecko) Chrome/66.0.3359.181 Safari/537.36" 
216.244.66.245 - - [28/May/2018:12:31:03 -0700] "GET /robots.txt HTTP/1.1" 200 233 "-" "Mozilla/5.0 (compatible; DotBot/1.1; http://www.opensiteexplorer.org/dotbot, help@moz.com)" 
54.36.148.63 - - [28/May/2018:12:32:17 -0700] "GET /self.logs/2015/error.log.2015-02-01.gz HTTP/1.1" 200 745 "-" "Mozilla/5.0 (compatible; AhrefsBot/5.2; +http://ahrefs.com/robot/)" 
66.249.83.82 - - [28/May/2018:12:35:09 -0700] "GET / HTTP/1.1" 200 11353 "-" "Mozilla/5.0 (X11; Linux x86_64) AppleWebKit/537.36 (KHTML, like Gecko) Chrome/49.0.2623.75 Safari/537.36 Google Favicon" 
66.249.83.84 - - [28/May/2018:12:35:09 -0700] "GET /bootstrap/img/favicon.ico HTTP/1.1" 200 590 "-" "Mozilla/5.0 (X11; Linux x86_64) AppleWebKit/537.36 (KHTML, like Gecko) Chrome/49.0.2623.75 Safari/537.36 Google Favicon" 
216.244.66.245 - - [28/May/2018:12:36:18 -0700] "GET /self.logs/2015/access.log.2015-03-29.gz HTTP/1.1" 200 3396 "-" "Mozilla/5.0 (compatible; DotBot/1.1; http://www.opensiteexplorer.org/dotbot, help@moz.com)" 
216.244.66.245 - - [28/May/2018:12:36:19 -0700] "GET /self.logs/2015/error.log.2015-02-05.gz HTTP/1.1" 200 476 "-" "Mozilla/5.0 (compatible; DotBot/1.1; http://www.opensiteexplorer.org/dotbot, help@moz.com)" 
216.244.66.245 - - [28/May/2018:12:36:20 -0700] "GET /self.logs/2015/error.log.2015-05-31.gz HTTP/1.1" 200 725 "-" "Mozilla/5.0 (compatible; DotBot/1.1; http://www.opensiteexplorer.org/dotbot, help@moz.com)" 
216.244.66.245 - - [28/May/2018:12:36:22 -0700] "GET /self.logs/2015/error.log.2015-07-17.gz HTTP/1.1" 200 656 "-" "Mozilla/5.0 (compatible; DotBot/1.1; http://www.opensiteexplorer.org/dotbot, help@moz.com)" 
216.244.66.245 - - [28/May/2018:12:36:23 -0700] "GET /self.logs/2015/error.log.2015-10-23.gz HTTP/1.1" 200 689 "-" "Mozilla/5.0 (compatible; DotBot/1.1; http://www.opensiteexplorer.org/dotbot, help@moz.com)" 
216.244.66.245 - - [28/May/2018:12:36:24 -0700] "GET /self.logs/2016/access.log.2016-02-04.gz HTTP/1.1" 200 7142 "-" "Mozilla/5.0 (compatible; DotBot/1.1; http://www.opensiteexplorer.org/dotbot, help@moz.com)" 
216.244.66.245 - - [28/May/2018:12:36:25 -0700] "GET /self.logs/2016/access.log.2016-03-09.gz HTTP/1.1" 200 8257 "-" "Mozilla/5.0 (compatible; DotBot/1.1; http://www.opensiteexplorer.org/dotbot, help@moz.com)" 
216.244.66.245 - - [28/May/2018:12:36:27 -0700] "GET /self.logs/2016/access.log.2016-04-17.gz HTTP/1.1" 200 8865 "-" "Mozilla/5.0 (compatible; DotBot/1.1; http://www.opensiteexplorer.org/dotbot, help@moz.com)" 
216.244.66.245 - - [28/May/2018:12:36:28 -0700] "GET /self.logs/2016/error.log.2016-02-14.gz HTTP/1.1" 200 577 "-" "Mozilla/5.0 (compatible; DotBot/1.1; http://www.opensiteexplorer.org/dotbot, help@moz.com)" 
216.244.66.245 - - [28/May/2018:12:36:29 -0700] "GET /self.logs/2016/error.log.2016-07-02.gz HTTP/1.1" 200 882 "-" "Mozilla/5.0 (compatible; DotBot/1.1; http://www.opensiteexplorer.org/dotbot, help@moz.com)" 
216.244.66.245 - - [28/May/2018:12:36:30 -0700] "GET /self.logs/2016/error.log.2016-08-06.gz HTTP/1.1" 200 3614 "-" "Mozilla/5.0 (compatible; DotBot/1.1; http://www.opensiteexplorer.org/dotbot, help@moz.com)" 
216.244.66.245 - - [28/May/2018:12:36:32 -0700] "GET /self.logs/2016/error.log.2016-09-03.gz HTTP/1.1" 200 586 "-" "Mozilla/5.0 (compatible; DotBot/1.1; http://www.opensiteexplorer.org/dotbot, help@moz.com)" 
216.244.66.245 - - [28/May/2018:12:42:19 -0700] "GET /self.logs/error.log.2018-04-29.gz HTTP/1.1" 200 3391 "-" "Mozilla/5.0 (compatible; DotBot/1.1; http://www.opensiteexplorer.org/dotbot, help@moz.com)" 
175.100.182.194 - - [28/May/2018:12:43:33 -0700] "GET /wp-login.php HTTP/1.1" 418 732 "-" "Mozilla/5.0 (Windows NT 6.1; WOW64; rv:40.0) Gecko/20100101 Firefox/40.1" 
175.100.182.194 - - [28/May/2018:12:43:33 -0700] "GET / HTTP/1.1" 418 732 "-" "Mozilla/5.0 (Windows NT 6.1; WOW64; rv:40.0) Gecko/20100101 Firefox/40.1" 
51.255.65.46 - - [28/May/2018:12:50:57 -0700] "GET /self.logs/2016/error.log.2016-11-30.gz HTTP/1.1" 200 881 "-" "Mozilla/5.0 (compatible; AhrefsBot/5.2; +http://ahrefs.com/robot/)" 
205.175.97.52 - - [28/May/2018:12:52:34 -0700] "GET /wp-login.php HTTP/1.1" 418 732 "-" "Mozilla/5.0 (Windows NT 6.1; WOW64; rv:40.0) Gecko/20100101 Firefox/40.1" 
205.175.97.52 - - [28/May/2018:12:52:34 -0700] "GET / HTTP/1.1" 418 732 "-" "Mozilla/5.0 (Windows NT 6.1; WOW64; rv:40.0) Gecko/20100101 Firefox/40.1" 
216.244.66.245 - - [28/May/2018:12:54:39 -0700] "GET /robots.txt HTTP/1.1" 200 233 "-" "Mozilla/5.0 (compatible; DotBot/1.1; http://www.opensiteexplorer.org/dotbot, help@moz.com)" 
37.189.68.243 - - [28/May/2018:12:54:54 -0700] "GET /wp-login.php HTTP/1.1" 418 732 "-" "Mozilla/5.0 (Windows NT 6.1; WOW64; rv:40.0) Gecko/20100101 Firefox/40.1" 
37.189.68.243 - - [28/May/2018:12:54:54 -0700] "GET / HTTP/1.1" 418 732 "-" "Mozilla/5.0 (Windows NT 6.1; WOW64; rv:40.0) Gecko/20100101 Firefox/40.1" 
41.101.45.19 - - [28/May/2018:12:58:20 -0700] "GET /wp-login.php HTTP/1.1" 418 732 "-" "Mozilla/5.0 (Windows NT 6.1; WOW64; rv:40.0) Gecko/20100101 Firefox/40.1" 
41.101.45.19 - - [28/May/2018:12:58:20 -0700] "GET / HTTP/1.1" 418 732 "-" "Mozilla/5.0 (Windows NT 6.1; WOW64; rv:40.0) Gecko/20100101 Firefox/40.1" 
216.244.66.245 - - [28/May/2018:12:59:45 -0700] "GET /self.logs/error.log.2018-02-09.gz HTTP/1.1" 200 4048 "-" "Mozilla/5.0 (compatible; DotBot/1.1; http://www.opensiteexplorer.org/dotbot, help@moz.com)" 
216.244.66.245 - - [28/May/2018:12:59:59 -0700] "GET /self.logs/2015/access.log.2015-02-08.gz HTTP/1.1" 200 3291 "-" "Mozilla/5.0 (compatible; DotBot/1.1; http://www.opensiteexplorer.org/dotbot, help@moz.com)" 
216.244.66.245 - - [28/May/2018:13:00:00 -0700] "GET /self.logs/2015/access.log.2015-03-31.gz HTTP/1.1" 200 3977 "-" "Mozilla/5.0 (compatible; DotBot/1.1; http://www.opensiteexplorer.org/dotbot, help@moz.com)" 
216.244.66.245 - - [28/May/2018:13:00:01 -0700] "GET /self.logs/2015/access.log.2015-05-09.gz HTTP/1.1" 200 2748 "-" "Mozilla/5.0 (compatible; DotBot/1.1; http://www.opensiteexplorer.org/dotbot, help@moz.com)" 
216.244.66.245 - - [28/May/2018:13:00:02 -0700] "GET /self.logs/2015/access.log.2015-06-09.gz HTTP/1.1" 200 8094 "-" "Mozilla/5.0 (compatible; DotBot/1.1; http://www.opensiteexplorer.org/dotbot, help@moz.com)" 
216.244.66.245 - - [28/May/2018:13:00:03 -0700] "GET /self.logs/2015/access.log.2015-07-14.gz HTTP/1.1" 200 4441 "-" "Mozilla/5.0 (compatible; DotBot/1.1; http://www.opensiteexplorer.org/dotbot, help@moz.com)" 
216.244.66.245 - - [28/May/2018:13:00:05 -0700] "GET /self.logs/2015/access.log.2015-09-26.gz HTTP/1.1" 200 3541 "-" "Mozilla/5.0 (compatible; DotBot/1.1; http://www.opensiteexplorer.org/dotbot, help@moz.com)" 
216.244.66.245 - - [28/May/2018:13:00:06 -0700] "GET /self.logs/2015/access.log.2015-12-26.gz HTTP/1.1" 200 3715 "-" "Mozilla/5.0 (compatible; DotBot/1.1; http://www.opensiteexplorer.org/dotbot, help@moz.com)" 
216.244.66.245 - - [28/May/2018:13:00:07 -0700] "GET /self.logs/2016/access.log.2016-10-19.gz HTTP/1.1" 200 15700 "-" "Mozilla/5.0 (compatible; DotBot/1.1; http://www.opensiteexplorer.org/dotbot, help@moz.com)" 
216.244.66.245 - - [28/May/2018:13:00:09 -0700] "GET /self.logs/2016/error.log.2016-02-24.gz HTTP/1.1" 200 993 "-" "Mozilla/5.0 (compatible; DotBot/1.1; http://www.opensiteexplorer.org/dotbot, help@moz.com)" 
216.244.66.245 - - [28/May/2018:13:00:10 -0700] "GET /self.logs/2016/error.log.2016-05-03.gz HTTP/1.1" 200 735 "-" "Mozilla/5.0 (compatible; DotBot/1.1; http://www.opensiteexplorer.org/dotbot, help@moz.com)" 
216.244.66.245 - - [28/May/2018:13:00:11 -0700] "GET /self.logs/2016/error.log.2016-06-14.gz HTTP/1.1" 200 1132 "-" "Mozilla/5.0 (compatible; DotBot/1.1; http://www.opensiteexplorer.org/dotbot, help@moz.com)" 
54.36.148.64 - - [28/May/2018:13:06:43 -0700] "GET /self.logs/error.log.2016-04-30.gz HTTP/1.1" 404 284 "-" "Mozilla/5.0 (compatible; AhrefsBot/5.2; +http://ahrefs.com/robot/)" 
52.165.148.51 - - [28/May/2018:13:07:01 -0700] "GET / HTTP/1.1" 301 427 "-" "Mozilla/5.0 (Macintosh; Intel Mac OS X 10_13_3) AppleWebKit/537.36 (KHTML, like Gecko) Chrome/65.0.3325.181 Safari/537.36" 
187.112.172.172 - - [28/May/2018:13:14:58 -0700] "GET /wp-login.php HTTP/1.1" 418 732 "-" "Mozilla/5.0 (Windows NT 6.1; WOW64; rv:40.0) Gecko/20100101 Firefox/40.1" 
54.36.148.173 - - [28/May/2018:13:15:04 -0700] "GET /self.logs/error.log.2017-07-22.gz HTTP/1.1" 200 869 "-" "Mozilla/5.0 (compatible; AhrefsBot/5.2; +http://ahrefs.com/robot/)" 
142.195.25.138 - - [28/May/2018:13:16:48 -0700] "GET / HTTP/1.1" 200 11353 "-" "Mozilla/5.0 (Windows NT 6.1; Win64; x64) AppleWebKit/537.36 (KHTML, like Gecko) Chrome/66.0.3359.139 Safari/537.36" 
142.195.25.138 - - [28/May/2018:13:16:49 -0700] "GET /twitter-icon.png HTTP/1.1" 200 27787 "http://www.secrepo.com/" "Mozilla/5.0 (Windows NT 6.1; Win64; x64) AppleWebKit/537.36 (KHTML, like Gecko) Chrome/66.0.3359.139 Safari/537.36" 
142.195.25.138 - - [28/May/2018:13:16:49 -0700] "GET /GitHub-Mark.png HTTP/1.1" 200 7428 "http://www.secrepo.com/" "Mozilla/5.0 (Windows NT 6.1; Win64; x64) AppleWebKit/537.36 (KHTML, like Gecko) Chrome/66.0.3359.139 Safari/537.36" 
113.171.224.176 - - [28/May/2018:13:18:05 -0700] "GET /honeypot/Honeypot%20-%20Howto.pdf HTTP/1.1" 200 46720 "-" "Mozilla/5.0 Gecko/20100115 Firefox/3.6" 
216.244.66.245 - - [28/May/2018:13:19:15 -0700] "GET /robots.txt HTTP/1.1" 200 233 "-" "Mozilla/5.0 (compatible; DotBot/1.1; http://www.opensiteexplorer.org/dotbot, help@moz.com)" 
168.243.231.68 - - [28/May/2018:13:21:16 -0700] "GET /bootstrap/img/favicon.ico HTTP/1.1" 304 165 "-" "Mozilla/5.0 (Windows NT 10.0; Win64; x64) AppleWebKit/537.36 (KHTML, like Gecko) Chrome/68.0.3440.4 Safari/537.36" 
107.210.212.141 - - [28/May/2018:13:21:23 -0700] "GET /wp-login.php HTTP/1.1" 418 732 "-" "Mozilla/5.0 (Windows NT 6.1; WOW64; rv:40.0) Gecko/20100101 Firefox/40.1" 
107.210.212.141 - - [28/May/2018:13:21:23 -0700] "GET / HTTP/1.1" 418 732 "-" "Mozilla/5.0 (Windows NT 6.1; WOW64; rv:40.0) Gecko/20100101 Firefox/40.1" 
168.243.231.68 - - [28/May/2018:13:21:56 -0700] "GET /bootstrap/img/favicon.ico HTTP/1.1" 304 165 "-" "Mozilla/5.0 (Windows NT 10.0; Win64; x64) AppleWebKit/537.36 (KHTML, like Gecko) Chrome/68.0.3440.4 Safari/537.36" 
211.115.79.122 - - [28/May/2018:13:22:28 -0700] "GET / HTTP/1.1" 301 498 "-" "Mozilla/5.0 (Linux; Android 4.4.2; Nexus 4 Build/KOT49H) AppleWebKit/537.36 (KHTML, like Gecko) Chrome/34.0.1847.114 Mobile Safari/537.36" 
211.115.79.122 - - [28/May/2018:13:22:28 -0700] "GET / HTTP/1.1" 200 38595 "-" "Mozilla/5.0 (Linux; Android 4.4.2; Nexus 4 Build/KOT49H) AppleWebKit/537.36 (KHTML, like Gecko) Chrome/34.0.1847.114 Mobile Safari/537.36" 
211.115.79.122 - - [28/May/2018:13:22:29 -0700] "GET /maccdc2012/ssh.log.gz HTTP/1.1" 200 182456 "-" "Mozilla/5.0 (Linux; Android 4.4.2; Nexus 4 Build/KOT49H) AppleWebKit/537.36 (KHTML, like Gecko) Chrome/34.0.1847.114 Mobile Safari/537.36" 
211.115.79.122 - - [28/May/2018:13:22:29 -0700] "GET /Security-Data-Analysis/Lab_1/conn.log.zip HTTP/1.1" 200 67160 "-" "Mozilla/5.0 (Linux; Android 4.4.2; Nexus 4 Build/KOT49H) AppleWebKit/537.36 (KHTML, like Gecko) Chrome/34.0.1847.114 Mobile Safari/537.36" 
211.115.79.122 - - [28/May/2018:13:23:01 -0700] "GET /tg/c.zip HTTP/1.1" 200 67160 "-" "Mozilla/5.0 (Linux; Android 4.4.2; Nexus 4 Build/KOT49H) AppleWebKit/537.36 (KHTML, like Gecko) Chrome/34.0.1847.114 Mobile Safari/537.36" 
211.115.79.122 - - [28/May/2018:13:23:12 -0700] "GET /maccdc2012/ftp.log.gz HTTP/1.1" 200 127651 "-" "Mozilla/5.0 (Linux; Android 4.4.2; Nexus 4 Build/KOT49H) AppleWebKit/537.36 (KHTML, like Gecko) Chrome/34.0.1847.114 Mobile Safari/537.36" 
211.115.79.122 - - [28/May/2018:13:23:13 -0700] "GET /maccdc2012/signatures.log.gz HTTP/1.1" 200 558 "-" "Mozilla/5.0 (Linux; Android 4.4.2; Nexus 4 Build/KOT49H) AppleWebKit/537.36 (KHTML, like Gecko) Chrome/34.0.1847.114 Mobile Safari/537.36" 
211.115.79.122 - - [28/May/2018:13:23:13 -0700] "GET /tg/a.zip HTTP/1.1" 200 67160 "-" "Mozilla/5.0 (Linux; Android 4.4.2; Nexus 4 Build/KOT49H) AppleWebKit/537.36 (KHTML, like Gecko) Chrome/34.0.1847.114 Mobile Safari/537.36" 
211.115.79.122 - - [28/May/2018:13:23:14 -0700] "GET /maccdc2012/ssl.log.gz HTTP/1.1" 200 70080 "-" "Mozilla/5.0 (Linux; Android 4.4.2; Nexus 4 Build/KOT49H) AppleWebKit/537.36 (KHTML, like Gecko) Chrome/34.0.1847.114 Mobile Safari/537.36" 
211.115.79.122 - - [28/May/2018:13:23:17 -0700] "GET /maccdc2012/tunnel.log.gz HTTP/1.1" 200 5172 "-" "Mozilla/5.0 (Linux; Android 4.4.2; Nexus 4 Build/KOT49H) AppleWebKit/537.36 (KHTML, like Gecko) Chrome/34.0.1847.114 Mobile Safari/537.36" 
211.115.79.122 - - [28/May/2018:13:23:19 -0700] "GET /tg/tg_snort_full.7z HTTP/1.1" 200 65700 "-" "Mozilla/5.0 (Linux; Android 4.4.2; Nexus 4 Build/KOT49H) AppleWebKit/537.36 (KHTML, like Gecko) Chrome/34.0.1847.114 Mobile Safari/537.36" 
211.115.79.122 - - [28/May/2018:13:23:19 -0700] "GET /maccdc2012/files.log.gz HTTP/1.1" 200 70080 "-" "Mozilla/5.0 (Linux; Android 4.4.2; Nexus 4 Build/KOT49H) AppleWebKit/537.36 (KHTML, like Gecko) Chrome/34.0.1847.114 Mobile Safari/537.36" 
211.115.79.122 - - [28/May/2018:13:23:26 -0700] "GET /maccdc2012/http.log.gz HTTP/1.1" 200 70080 "-" "Mozilla/5.0 (Linux; Android 4.4.2; Nexus 4 Build/KOT49H) AppleWebKit/537.36 (KHTML, like Gecko) Chrome/34.0.1847.114 Mobile Safari/537.36" 
211.115.79.122 - - [28/May/2018:13:23:40 -0700] "GET /misc/zeus_dga_domains.txt.zip HTTP/1.1" 200 67160 "-" "Mozilla/5.0 (Linux; Android 4.4.2; Nexus 4 Build/KOT49H) AppleWebKit/537.36 (KHTML, like Gecko) Chrome/34.0.1847.114 Mobile Safari/537.36" 
211.115.79.122 - - [28/May/2018:13:23:47 -0700] "GET /self.logs/ HTTP/1.1" 200 98325 "-" "Mozilla/5.0 (Linux; Android 4.4.2; Nexus 4 Build/KOT49H) AppleWebKit/537.36 (KHTML, like Gecko) Chrome/34.0.1847.114 Mobile Safari/537.36" 
211.115.79.122 - - [28/May/2018:13:23:54 -0700] "GET /ftp://download.iwlab.foi.se/dataset/ HTTP/1.1" 404 294 "-" "Mozilla/5.0 (Linux; Android 4.4.2; Nexus 4 Build/KOT49H) AppleWebKit/537.36 (KHTML, like Gecko) Chrome/34.0.1847.114 Mobile Safari/537.36" 
211.115.79.122 - - [28/May/2018:13:24:00 -0700] "GET /maccdc2012/smtp.log.gz HTTP/1.1" 200 6846 "-" "Mozilla/5.0 (Linux; Android 4.4.2; Nexus 4 Build/KOT49H) AppleWebKit/537.36 (KHTML, like Gecko) Chrome/34.0.1847.114 Mobile Safari/537.36" 
211.115.79.122 - - [28/May/2018:13:24:01 -0700] "GET /auth.log/auth.log.gz HTTP/1.1" 200 70080 "-" "Mozilla/5.0 (Linux; Android 4.4.2; Nexus 4 Build/KOT49H) AppleWebKit/537.36 (KHTML, like Gecko) Chrome/34.0.1847.114 Mobile Safari/537.36" 
216.244.66.245 - - [28/May/2018:13:24:18 -0700] "GET /self.logs/access.log.2018-02-12.gz HTTP/1.1" 200 21480 "-" "Mozilla/5.0 (compatible; DotBot/1.1; http://www.opensiteexplorer.org/dotbot, help@moz.com)" 
211.115.79.122 - - [28/May/2018:13:24:17 -0700] "GET /maccdc2012/dns.log.gz HTTP/1.1" 200 70080 "-" "Mozilla/5.0 (Linux; Android 4.4.2; Nexus 4 Build/KOT49H) AppleWebKit/537.36 (KHTML, like Gecko) Chrome/34.0.1847.114 Mobile Safari/537.36" 
216.244.66.245 - - [28/May/2018:13:24:30 -0700] "GET /self.logs/2015/access.log.2015-01-19.gz HTTP/1.1" 200 2728 "-" "Mozilla/5.0 (compatible; DotBot/1.1; http://www.opensiteexplorer.org/dotbot, help@moz.com)" 
216.244.66.245 - - [28/May/2018:13:24:31 -0700] "GET /self.logs/2015/error.log.2015-12-27.gz HTTP/1.1" 200 532 "-" "Mozilla/5.0 (compatible; DotBot/1.1; http://www.opensiteexplorer.org/dotbot, help@moz.com)" 
216.244.66.245 - - [28/May/2018:13:24:33 -0700] "GET /self.logs/2016/access.log.2016-01-25.gz HTTP/1.1" 200 6559 "-" "Mozilla/5.0 (compatible; DotBot/1.1; http://www.opensiteexplorer.org/dotbot, help@moz.com)" 
216.244.66.245 - - [28/May/2018:13:24:35 -0700] "GET /self.logs/2016/error.log.2016-02-11.gz HTTP/1.1" 200 764 "-" "Mozilla/5.0 (compatible; DotBot/1.1; http://www.opensiteexplorer.org/dotbot, help@moz.com)" 
211.115.79.122 - - [28/May/2018:13:24:52 -0700] "GET /bootstrap/img/apple-touch-icon-72x72.png HTTP/1.1" 404 295 "-" "Mozilla/5.0 (Linux; Android 4.4.2; Nexus 4 Build/KOT49H) AppleWebKit/537.36 (KHTML, like Gecko) Chrome/34.0.1847.114 Mobile Safari/537.36" 
211.115.79.122 - - [28/May/2018:13:25:07 -0700] "GET /maccdc2012/weird.log.gz HTTP/1.1" 200 70080 "-" "Mozilla/5.0 (Linux; Android 4.4.2; Nexus 4 Build/KOT49H) AppleWebKit/537.36 (KHTML, like Gecko) Chrome/34.0.1847.114 Mobile Safari/537.36" 
211.115.79.122 - - [28/May/2018:13:25:08 -0700] "GET /tg/tg_snort_fast.7z HTTP/1.1" 200 67160 "-" "Mozilla/5.0 (Linux; Android 4.4.2; Nexus 4 Build/KOT49H) AppleWebKit/537.36 (KHTML, like Gecko) Chrome/34.0.1847.114 Mobile Safari/537.36" 
211.115.79.122 - - [28/May/2018:13:25:29 -0700] "GET /maccdc2012/conn.log.gz HTTP/1.1" 200 70080 "-" "Mozilla/5.0 (Linux; Android 4.4.2; Nexus 4 Build/KOT49H) AppleWebKit/537.36 (KHTML, like Gecko) Chrome/34.0.1847.114 Mobile Safari/537.36" 
211.115.79.122 - - [28/May/2018:13:25:30 -0700] "GET /tg/b.zip HTTP/1.1" 200 67160 "-" "Mozilla/5.0 (Linux; Android 4.4.2; Nexus 4 Build/KOT49H) AppleWebKit/537.36 (KHTML, like Gecko) Chrome/34.0.1847.114 Mobile Safari/537.36" 
211.115.79.122 - - [28/May/2018:13:25:34 -0700] "GET /maccdc2012/maccdc2012_fast_alert.7z HTTP/1.1" 200 67160 "-" "Mozilla/5.0 (Linux; Android 4.4.2; Nexus 4 Build/KOT49H) AppleWebKit/537.36 (KHTML, like Gecko) Chrome/34.0.1847.114 Mobile Safari/537.36" 
211.115.79.122 - - [28/May/2018:13:25:35 -0700] "GET /maccdc2012/notice.log.gz HTTP/1.1" 200 20687 "-" "Mozilla/5.0 (Linux; Android 4.4.2; Nexus 4 Build/KOT49H) AppleWebKit/537.36 (KHTML, like Gecko) Chrome/34.0.1847.114 Mobile Safari/537.36" 
211.115.79.122 - - [28/May/2018:13:25:51 -0700] "GET /pe_static/apt1.zip HTTP/1.1" 200 67160 "-" "Mozilla/5.0 (Linux; Android 4.4.2; Nexus 4 Build/KOT49H) AppleWebKit/537.36 (KHTML, like Gecko) Chrome/34.0.1847.114 Mobile Safari/537.36" 
211.115.79.122 - - [28/May/2018:13:25:53 -0700] "GET /domaindata/domainmovement.zip HTTP/1.1" 200 67160 "-" "Mozilla/5.0 (Linux; Android 4.4.2; Nexus 4 Build/KOT49H) AppleWebKit/537.36 (KHTML, like Gecko) Chrome/34.0.1847.114 Mobile Safari/537.36" 
211.115.79.122 - - [28/May/2018:13:25:54 -0700] "GET /bootstrap/img/apple-touch-icon-114x114.png HTTP/1.1" 404 295 "-" "Mozilla/5.0 (Linux; Android 4.4.2; Nexus 4 Build/KOT49H) AppleWebKit/537.36 (KHTML, like Gecko) Chrome/34.0.1847.114 Mobile Safari/537.36" 
211.115.79.122 - - [28/May/2018:13:25:59 -0700] "GET /maccdc2012/maccdc2012_full_alert.7z HTTP/1.1" 200 67160 "-" "Mozilla/5.0 (Linux; Android 4.4.2; Nexus 4 Build/KOT49H) AppleWebKit/537.36 (KHTML, like Gecko) Chrome/34.0.1847.114 Mobile Safari/537.36" 
211.115.79.122 - - [28/May/2018:13:26:04 -0700] "GET /pe_static/op-cleaver.zip HTTP/1.1" 200 67160 "-" "Mozilla/5.0 (Linux; Android 4.4.2; Nexus 4 Build/KOT49H) AppleWebKit/537.36 (KHTML, like Gecko) Chrome/34.0.1847.114 Mobile Safari/537.36" 
211.115.79.122 - - [28/May/2018:13:26:05 -0700] "GET /maccdc2012/dhcp.log.gz HTTP/1.1" 200 44867 "-" "Mozilla/5.0 (Linux; Android 4.4.2; Nexus 4 Build/KOT49H) AppleWebKit/537.36 (KHTML, like Gecko) Chrome/34.0.1847.114 Mobile Safari/537.36" 
211.115.79.122 - - [28/May/2018:13:26:08 -0700] "GET /bootstrap/img/apple-touch-icon.png HTTP/1.1" 404 295 "-" "Mozilla/5.0 (Linux; Android 4.4.2; Nexus 4 Build/KOT49H) AppleWebKit/537.36 (KHTML, like Gecko) Chrome/34.0.1847.114 Mobile Safari/537.36" 
211.115.79.122 - - [28/May/2018:13:26:08 -0700] "GET /bootstrap/img/favicon.ico HTTP/1.1" 200 589 "-" "Mozilla/5.0 (Linux; Android 4.4.2; Nexus 4 Build/KOT49H) AppleWebKit/537.36 (KHTML, like Gecko) Chrome/34.0.1847.114 Mobile Safari/537.36" 
162.242.144.71 - - [28/May/2018:13:26:19 -0700] "GET /robots.txt HTTP/1.1" 301 446 "-" "Tornado-Async-Client" 
162.242.144.71 - - [28/May/2018:13:26:19 -0700] "GET /robots.txt HTTP/1.1" 304 130 "-" "Tornado-Async-Client" 
162.242.144.71 - - [28/May/2018:13:26:19 -0700] "GET /honeypot/BSidesDFW%20-%202014.ipynb HTTP/1.1" 301 484 "-" "Tornado-Async-Client" 
162.242.144.71 - - [28/May/2018:13:26:19 -0700] "GET /honeypot/BSidesDFW%20-%202014.ipynb HTTP/1.1" 200 930780 "-" "Tornado-Async-Client" 
211.115.79.122 - - [28/May/2018:13:26:30 -0700] "GET /pe_static/zeus.zip HTTP/1.1" 200 67160 "-" "Mozilla/5.0 (Linux; Android 4.4.2; Nexus 4 Build/KOT49H) AppleWebKit/537.36 (KHTML, like Gecko) Chrome/34.0.1847.114 Mobile Safari/537.36" 
211.115.79.122 - - [28/May/2018:13:26:30 -0700] "GET / HTTP/1.1" 301 498 "-" "Mozilla/5.0 (Linux; Android 4.4.2; Nexus 4 Build/KOT49H) AppleWebKit/537.36 (KHTML, like Gecko) Chrome/34.0.1847.114 Mobile Safari/537.36" 
211.115.79.122 - - [28/May/2018:13:26:31 -0700] "GET / HTTP/1.1" 200 38595 "-" "Mozilla/5.0 (Linux; Android 4.4.2; Nexus 4 Build/KOT49H) AppleWebKit/537.36 (KHTML, like Gecko) Chrome/34.0.1847.114 Mobile Safari/537.36" 
211.115.79.122 - - [28/May/2018:13:26:31 -0700] "GET /honeypot/honeypot.json.zip HTTP/1.1" 200 194180 "-" "Mozilla/5.0 (Linux; Android 4.4.2; Nexus 4 Build/KOT49H) AppleWebKit/537.36 (KHTML, like Gecko) Chrome/34.0.1847.114 Mobile Safari/537.36" 
211.115.79.122 - - [28/May/2018:13:26:42 -0700] "GET /scada/scada_logs.zip HTTP/1.1" 200 67160 "-" "Mozilla/5.0 (Linux; Android 4.4.2; Nexus 4 Build/KOT49H) AppleWebKit/537.36 (KHTML, like Gecko) Chrome/34.0.1847.114 Mobile Safari/537.36" 
216.244.66.245 - - [28/May/2018:13:30:18 -0700] "GET /self.logs/error.log.2018-04-22.gz HTTP/1.1" 200 4170 "-" "Mozilla/5.0 (compatible; DotBot/1.1; http://www.opensiteexplorer.org/dotbot, help@moz.com)" 
54.36.148.50 - - [28/May/2018:13:33:13 -0700] "GET /self.logs/error.log.2015-12-28.gz HTTP/1.1" 404 284 "-" "Mozilla/5.0 (compatible; AhrefsBot/5.2; +http://ahrefs.com/robot/)" 
162.210.196.100 - - [28/May/2018:13:38:15 -0700] "GET /robots.txt HTTP/1.1" 200 289 "-" "Mozilla/5.0 (compatible; MJ12bot/v1.4.8; http://mj12bot.com/)" 
162.210.196.100 - - [28/May/2018:13:38:18 -0700] "GET / HTTP/1.1" 200 38539 "-" "Mozilla/5.0 (compatible; MJ12bot/v1.4.8; http://mj12bot.com/)" 
216.244.66.245 - - [28/May/2018:13:43:55 -0700] "GET /robots.txt HTTP/1.1" 200 233 "-" "Mozilla/5.0 (compatible; DotBot/1.1; http://www.opensiteexplorer.org/dotbot, help@moz.com)" 
54.36.148.174 - - [28/May/2018:13:47:38 -0700] "GET /self.logs/access.log.2018-02-19.gz HTTP/1.1" 200 20179 "-" "Mozilla/5.0 (compatible; AhrefsBot/5.2; +http://ahrefs.com/robot/)" 
54.36.149.100 - - [28/May/2018:13:47:43 -0700] "GET /self.logs/access.log.2015-04-23.gz HTTP/1.1" 404 284 "-" "Mozilla/5.0 (compatible; AhrefsBot/5.2; +http://ahrefs.com/robot/)" 
216.244.66.245 - - [28/May/2018:13:48:56 -0700] "GET /self.logs/access.log.2018-02-09.gz HTTP/1.1" 200 20848 "-" "Mozilla/5.0 (compatible; DotBot/1.1; http://www.opensiteexplorer.org/dotbot, help@moz.com)" 
216.244.66.245 - - [28/May/2018:13:49:10 -0700] "GET /self.logs/2015/access.log.2015-02-12.gz HTTP/1.1" 200 6953 "-" "Mozilla/5.0 (compatible; DotBot/1.1; http://www.opensiteexplorer.org/dotbot, help@moz.com)" 
216.244.66.245 - - [28/May/2018:13:49:11 -0700] "GET /self.logs/2015/access.log.2015-03-26.gz HTTP/1.1" 200 3987 "-" "Mozilla/5.0 (compatible; DotBot/1.1; http://www.opensiteexplorer.org/dotbot, help@moz.com)" 
216.244.66.245 - - [28/May/2018:13:49:12 -0700] "GET /self.logs/2015/access.log.2015-06-05.gz HTTP/1.1" 200 3994 "-" "Mozilla/5.0 (compatible; DotBot/1.1; http://www.opensiteexplorer.org/dotbot, help@moz.com)" 
216.244.66.245 - - [28/May/2018:13:49:13 -0700] "GET /self.logs/2015/access.log.2015-06-18.gz HTTP/1.1" 200 5495 "-" "Mozilla/5.0 (compatible; DotBot/1.1; http://www.opensiteexplorer.org/dotbot, help@moz.com)" 
216.244.66.245 - - [28/May/2018:13:49:14 -0700] "GET /self.logs/2015/access.log.2015-08-11.gz HTTP/1.1" 200 5894 "-" "Mozilla/5.0 (compatible; DotBot/1.1; http://www.opensiteexplorer.org/dotbot, help@moz.com)" 
216.244.66.245 - - [28/May/2018:13:49:15 -0700] "GET /self.logs/2015/access.log.2015-10-20.gz HTTP/1.1" 200 6744 "-" "Mozilla/5.0 (compatible; DotBot/1.1; http://www.opensiteexplorer.org/dotbot, help@moz.com)" 
216.244.66.245 - - [28/May/2018:13:49:16 -0700] "GET /self.logs/2015/access.log.2015-12-08.gz HTTP/1.1" 200 9138 "-" "Mozilla/5.0 (compatible; DotBot/1.1; http://www.opensiteexplorer.org/dotbot, help@moz.com)" 
216.244.66.245 - - [28/May/2018:13:49:17 -0700] "GET /self.logs/2015/error.log.2015-03-19.gz HTTP/1.1" 200 777 "-" "Mozilla/5.0 (compatible; DotBot/1.1; http://www.opensiteexplorer.org/dotbot, help@moz.com)" 
216.244.66.245 - - [28/May/2018:13:49:18 -0700] "GET /self.logs/2015/error.log.2015-06-06.gz HTTP/1.1" 200 653 "-" "Mozilla/5.0 (compatible; DotBot/1.1; http://www.opensiteexplorer.org/dotbot, help@moz.com)" 
216.244.66.245 - - [28/May/2018:13:49:19 -0700] "GET /self.logs/2015/error.log.2015-08-11.gz HTTP/1.1" 200 732 "-" "Mozilla/5.0 (compatible; DotBot/1.1; http://www.opensiteexplorer.org/dotbot, help@moz.com)" 
216.244.66.245 - - [28/May/2018:13:49:20 -0700] "GET /self.logs/2015/error.log.2015-08-25.gz HTTP/1.1" 200 834 "-" "Mozilla/5.0 (compatible; DotBot/1.1; http://www.opensiteexplorer.org/dotbot, help@moz.com)" 
216.244.66.245 - - [28/May/2018:13:49:21 -0700] "GET /self.logs/2015/error.log.2015-12-05.gz HTTP/1.1" 200 691 "-" "Mozilla/5.0 (compatible; DotBot/1.1; http://www.opensiteexplorer.org/dotbot, help@moz.com)" 
216.244.66.245 - - [28/May/2018:13:49:22 -0700] "GET /self.logs/2015/error.log.2015-12-06.gz HTTP/1.1" 200 712 "-" "Mozilla/5.0 (compatible; DotBot/1.1; http://www.opensiteexplorer.org/dotbot, help@moz.com)" 
216.244.66.245 - - [28/May/2018:13:49:23 -0700] "GET /self.logs/2016/access.log.2016-02-14.gz HTTP/1.1" 200 12552 "-" "Mozilla/5.0 (compatible; DotBot/1.1; http://www.opensiteexplorer.org/dotbot, help@moz.com)" 
216.244.66.245 - - [28/May/2018:13:49:24 -0700] "GET /self.logs/2016/access.log.2016-03-20.gz HTTP/1.1" 200 6735 "-" "Mozilla/5.0 (compatible; DotBot/1.1; http://www.opensiteexplorer.org/dotbot, help@moz.com)" 
216.244.66.245 - - [28/May/2018:13:49:24 -0700] "GET /self.logs/2016/access.log.2016-04-23.gz HTTP/1.1" 200 6321 "-" "Mozilla/5.0 (compatible; DotBot/1.1; http://www.opensiteexplorer.org/dotbot, help@moz.com)" 
216.244.66.245 - - [28/May/2018:13:49:25 -0700] "GET /self.logs/2016/access.log.2016-06-05.gz HTTP/1.1" 200 7779 "-" "Mozilla/5.0 (compatible; DotBot/1.1; http://www.opensiteexplorer.org/dotbot, help@moz.com)" 
216.244.66.245 - - [28/May/2018:13:49:26 -0700] "GET /self.logs/2016/access.log.2016-06-21.gz HTTP/1.1" 200 8935 "-" "Mozilla/5.0 (compatible; DotBot/1.1; http://www.opensiteexplorer.org/dotbot, help@moz.com)" 
216.244.66.245 - - [28/May/2018:13:49:27 -0700] "GET /self.logs/2016/access.log.2016-10-13.gz HTTP/1.1" 200 8339 "-" "Mozilla/5.0 (compatible; DotBot/1.1; http://www.opensiteexplorer.org/dotbot, help@moz.com)" 
216.244.66.245 - - [28/May/2018:13:49:28 -0700] "GET /self.logs/2016/access.log.2016-11-01.gz HTTP/1.1" 200 29240 "-" "Mozilla/5.0 (compatible; DotBot/1.1; http://www.opensiteexplorer.org/dotbot, help@moz.com)" 
216.244.66.245 - - [28/May/2018:13:49:29 -0700] "GET /self.logs/2016/error.log.2016-05-23.gz HTTP/1.1" 200 691 "-" "Mozilla/5.0 (compatible; DotBot/1.1; http://www.opensiteexplorer.org/dotbot, help@moz.com)" 
216.244.66.245 - - [28/May/2018:13:49:30 -0700] "GET /self.logs/2016/error.log.2016-06-08.gz HTTP/1.1" 200 900 "-" "Mozilla/5.0 (compatible; DotBot/1.1; http://www.opensiteexplorer.org/dotbot, help@moz.com)" 
216.244.66.245 - - [28/May/2018:13:49:31 -0700] "GET /self.logs/2016/error.log.2016-08-21.gz HTTP/1.1" 200 603 "-" "Mozilla/5.0 (compatible; DotBot/1.1; http://www.opensiteexplorer.org/dotbot, help@moz.com)" 
216.244.66.245 - - [28/May/2018:13:49:32 -0700] "GET /self.logs/2016/error.log.2016-12-02.gz HTTP/1.1" 200 631 "-" "Mozilla/5.0 (compatible; DotBot/1.1; http://www.opensiteexplorer.org/dotbot, help@moz.com)" 
216.244.66.245 - - [28/May/2018:13:55:07 -0700] "GET /self.logs/error.log.2018-04-12.gz HTTP/1.1" 200 4143 "-" "Mozilla/5.0 (compatible; DotBot/1.1; http://www.opensiteexplorer.org/dotbot, help@moz.com)" 
54.36.148.219 - - [28/May/2018:13:56:42 -0700] "GET /self.logs/error.log.2015-09-20.gz HTTP/1.1" 404 284 "-" "Mozilla/5.0 (compatible; AhrefsBot/5.2; +http://ahrefs.com/robot/)" 
75.188.230.139 - - [28/May/2018:13:58:44 -0700] "GET /GitHub-Mark.png HTTP/1.1" 200 7428 "http://www.secrepo.com/" "Mozilla/5.0 (iPad; CPU OS 11_3 like Mac OS X) AppleWebKit/605.1.15 (KHTML, like Gecko) Version/11.0 Mobile/15E148 Safari/604.1" 
128.252.20.193 - - [28/May/2018:13:59:49 -0700] "GET / HTTP/1.1" 200 11353 "https://www.google.com/" "Mozilla/5.0 (Windows NT 6.1; Win64; x64) AppleWebKit/537.36 (KHTML, like Gecko) Chrome/66.0.3359.181 Safari/537.36" 
